
Gurobi 11.0.3 (linux64, Java) logging started seg 22 dez 2025 09:52:23 -03

Set parameter WLSAccessID
Set parameter WLSSecret
Set parameter LicenseID to value 2566693
Academic license 2566693 - for non-commercial use only - registered to ja___@ufv.br
Set parameter NonConvex to value 2
Set parameter TimeLimit to value 3600
Set parameter LogToConsole to value 0
Set parameter MIPGap to value 1.2178160141013063e-07
Set parameter Threads to value 1
Set parameter NodefileDir to value "/home/ps12398/efpe/goalProgrammingMarcos/"
Set parameter NodefileStart to value 0.1
Gurobi Optimizer version 11.0.3 build v11.0.3rc0 (linux64)

CPU model: Intel(R) Xeon(R) CPU           X5650  @ 2.67GHz, instruction set [SSE2]
Thread count: 12 physical cores, 24 logical processors, using up to 1 threads

Academic license 2566693 - for non-commercial use only - registered to ja___@ufv.br
Optimize a model with 18846 rows, 12728 columns and 54800 nonzeros
Model fingerprint: 0xfa2ffad8
Model has 84 quadratic constraints
Variable types: 6326 continuous, 6402 integer (79 binary)
Coefficient statistics:
  Matrix range     [1e-02, 4e+06]
  QMatrix range    [1e-02, 7e+04]
  QLMatrix range   [1e+00, 7e+04]
  Objective range  [2e+00, 2e+07]
  Bounds range     [1e+00, 1e+08]
  RHS range        [1e+00, 2e+06]
  QRHS range       [8e-02, 8e-02]
Presolve removed 18802 rows and 12661 columns
Presolve time: 1.49s
Presolved: 177 rows, 111 columns, 880 nonzeros
Presolved model has 44 bilinear constraint(s)

Solving non-convex MIQCP

Variable types: 89 continuous, 22 integer (0 binary)
Found heuristic solution: objective 2883500.9747

Root relaxation: objective 1.751532e+06, 92 iterations, 0.04 seconds (0.00 work units)

    Nodes    |    Current Node    |     Objective Bounds      |     Work
 Expl Unexpl |  Obj  Depth IntInf | Incumbent    BestBd   Gap | It/Node Time

     0     0 1751532.05    0   65 2883500.97 1751532.05  39.3%     -    1s
H    0     0                    2409287.2473 1751532.05  27.3%     -    1s
     0     0 1848804.69    0   66 2409287.25 1848804.69  23.3%     -    1s
H    0     0                    2251852.0327 1848804.69  17.9%     -    1s
     0     0 1866319.98    0   66 2251852.03 1866319.98  17.1%     -    2s
H    0     0                    2202648.3419 1866319.98  15.3%     -    2s
     0     0 1870417.94    0   66 2202648.34 1870417.94  15.1%     -    2s
     0     0 1872538.89    0   65 2202648.34 1872538.89  15.0%     -    2s
H    0     0                    2168391.4793 1872538.89  13.6%     -    2s
     0     0 1873211.36    0   65 2168391.48 1873211.36  13.6%     -    2s
H    0     0                    2143701.5842 1873211.36  12.6%     -    2s
     0     2 1874591.79    0   65 2143701.58 1874591.79  12.6%     -    4s
H   11    11                    2142523.8848 1875606.65  12.5%   1.2    4s
    52    54 1891876.42   37   60 2142523.88 1875606.65  12.5%   3.0    5s
H   54    54                    2126505.9983 1875606.65  11.8%   2.9    5s
H  235   235                    2112420.3545 1875606.65  11.2%   5.0    5s
   516   509 2028625.63  165   21 2112420.35 1875662.56  11.2%   6.0   10s
   528   519 2026826.49  172   21 2112420.35 1898757.61  10.1%   6.1   15s

Gurobi 11.0.3 (linux64, Java) logging started seg 22 dez 2025 09:57:39 -03

Set parameter WLSAccessID
Set parameter WLSSecret
Set parameter LicenseID to value 2566693
Academic license 2566693 - for non-commercial use only - registered to ja___@ufv.br
Set parameter NonConvex to value 2
Set parameter TimeLimit to value 3600
Set parameter LogToConsole to value 0
Set parameter MIPGap to value 1.2178160141013063e-07
Set parameter Threads to value 1
Set parameter NodefileDir to value "/home/ps12398/efpe/goalProgrammingMarcos/"
Set parameter NodefileStart to value 0.1
Gurobi Optimizer version 11.0.3 build v11.0.3rc0 (linux64)

CPU model: Intel(R) Xeon(R) CPU           X5650  @ 2.67GHz, instruction set [SSE2]
Thread count: 12 physical cores, 24 logical processors, using up to 1 threads

Academic license 2566693 - for non-commercial use only - registered to ja___@ufv.br
Optimize a model with 18846 rows, 12728 columns and 54800 nonzeros
Model fingerprint: 0xfa2ffad8
Model has 84 quadratic constraints
Variable types: 6326 continuous, 6402 integer (79 binary)
Coefficient statistics:
  Matrix range     [1e-02, 4e+06]
  QMatrix range    [1e-02, 7e+04]
  QLMatrix range   [1e+00, 7e+04]
  Objective range  [2e+00, 2e+07]
  Bounds range     [1e+00, 1e+08]
  RHS range        [1e+00, 2e+06]
  QRHS range       [8e-02, 8e-02]
Presolve removed 18802 rows and 12661 columns
Presolve time: 1.54s
Presolved: 177 rows, 111 columns, 880 nonzeros
Presolved model has 44 bilinear constraint(s)

Solving non-convex MIQCP

Variable types: 89 continuous, 22 integer (0 binary)
Found heuristic solution: objective 2883500.9747

Root relaxation: objective 1.751532e+06, 92 iterations, 0.00 seconds (0.00 work units)

    Nodes    |    Current Node    |     Objective Bounds      |     Work
 Expl Unexpl |  Obj  Depth IntInf | Incumbent    BestBd   Gap | It/Node Time

     0     0 1751532.05    0   65 2883500.97 1751532.05  39.3%     -    1s
H    0     0                    2409287.2473 1751532.05  27.3%     -    1s
     0     0 1848804.69    0   66 2409287.25 1848804.69  23.3%     -    1s
H    0     0                    2251852.0327 1848804.69  17.9%     -    1s
     0     0 1866319.98    0   66 2251852.03 1866319.98  17.1%     -    2s
H    0     0                    2202648.3419 1866319.98  15.3%     -    2s
     0     0 1870417.94    0   66 2202648.34 1870417.94  15.1%     -    2s
     0     0 1872538.89    0   65 2202648.34 1872538.89  15.0%     -    2s
H    0     0                    2168391.4793 1872538.89  13.6%     -    2s
     0     0 1873211.36    0   65 2168391.48 1873211.36  13.6%     -    2s
H    0     0                    2143701.5842 1873211.36  12.6%     -    2s
     0     2 1874591.79    0   65 2143701.58 1874591.79  12.6%     -    4s
H   11    11                    2142523.8848 1875606.65  12.5%   1.2    4s
    52    54 1891876.42   37   60 2142523.88 1875606.65  12.5%   3.0    5s
H   54    54                    2126505.9983 1875606.65  11.8%   2.9    5s
H  235   235                    2112420.3545 1875606.65  11.2%   5.0    7s
   476   478 2106011.35  264   26 2112420.35 1875606.65  11.2%   6.3   10s
   526   517 2072560.90  245   21 2112420.35 1897985.57  10.2%   6.1   15s

Gurobi 11.0.3 (linux64, Java) logging started seg 22 dez 2025 11:16:04 -03

Set parameter WLSAccessID
Set parameter WLSSecret
Set parameter LicenseID to value 2566693
Academic license 2566693 - for non-commercial use only - registered to ja___@ufv.br
Set parameter NonConvex to value 2
Set parameter TimeLimit to value 3600
Set parameter LogToConsole to value 0
Set parameter MIPGap to value 1.2178160141013063e-07
Set parameter Threads to value 1
Set parameter NodefileDir to value "/home/ps12398/efpe/goalProgrammingMarcos/"
Set parameter NodefileStart to value 0.1
Gurobi Optimizer version 11.0.3 build v11.0.3rc0 (linux64)

CPU model: Intel(R) Xeon(R) CPU           X5650  @ 2.67GHz, instruction set [SSE2]
Thread count: 12 physical cores, 24 logical processors, using up to 1 threads

Academic license 2566693 - for non-commercial use only - registered to ja___@ufv.br
Optimize a model with 18846 rows, 12728 columns and 54800 nonzeros
Model fingerprint: 0xfa2ffad8
Model has 84 quadratic constraints
Variable types: 6326 continuous, 6402 integer (79 binary)
Coefficient statistics:
  Matrix range     [1e-02, 4e+06]
  QMatrix range    [1e-02, 7e+04]
  QLMatrix range   [1e+00, 7e+04]
  Objective range  [2e+00, 2e+07]
  Bounds range     [1e+00, 1e+08]
  RHS range        [1e+00, 2e+06]
  QRHS range       [8e-02, 8e-02]
Presolve removed 18802 rows and 12661 columns
Presolve time: 1.75s
Presolved: 177 rows, 111 columns, 880 nonzeros
Presolved model has 44 bilinear constraint(s)

Solving non-convex MIQCP

Variable types: 89 continuous, 22 integer (0 binary)
Found heuristic solution: objective 2883500.9747

Root relaxation: objective 1.751532e+06, 92 iterations, 0.05 seconds (0.00 work units)

    Nodes    |    Current Node    |     Objective Bounds      |     Work
 Expl Unexpl |  Obj  Depth IntInf | Incumbent    BestBd   Gap | It/Node Time

     0     0 1751532.05    0   65 2883500.97 1751532.05  39.3%     -    2s
H    0     0                    2409287.2473 1751532.05  27.3%     -    2s
     0     0 1848804.69    0   66 2409287.25 1848804.69  23.3%     -    2s
H    0     0                    2251852.0327 1848804.69  17.9%     -    2s
     0     0 1866319.98    0   66 2251852.03 1866319.98  17.1%     -    2s
H    0     0                    2202648.3419 1866319.98  15.3%     -    2s
     0     0 1870417.94    0   66 2202648.34 1870417.94  15.1%     -    2s
     0     0 1872538.89    0   65 2202648.34 1872538.89  15.0%     -    3s
H    0     0                    2168391.4793 1872538.89  13.6%     -    3s
     0     0 1873211.36    0   65 2168391.48 1873211.36  13.6%     -    3s
H    0     0                    2143701.5842 1873211.36  12.6%     -    3s
     0     2 1874591.79    0   65 2143701.58 1874591.79  12.6%     -    5s
H   11    11                    2142523.8848 1875606.65  12.5%   1.2    6s
H   54    54                    2126505.9983 1875606.65  11.8%   2.9    6s
H  235   235                    2112420.3545 1875606.65  11.2%   5.0   10s

Gurobi 11.0.3 (linux64, Java) logging started seg 22 dez 2025 11:38:42 -03

Set parameter WLSAccessID
Set parameter WLSSecret
Set parameter LicenseID to value 2566693
Academic license 2566693 - for non-commercial use only - registered to ja___@ufv.br
Set parameter NonConvex to value 2
Set parameter TimeLimit to value 3600
Set parameter LogToConsole to value 0
Set parameter MIPGap to value 1.2178160141013063e-07
Set parameter Threads to value 1
Set parameter NodefileDir to value "/home/ps12398/efpe/goalProgrammingMarcos/"
Set parameter NodefileStart to value 0.1
Gurobi Optimizer version 11.0.3 build v11.0.3rc0 (linux64)

CPU model: Intel(R) Xeon(R) CPU           X5650  @ 2.67GHz, instruction set [SSE2]
Thread count: 12 physical cores, 24 logical processors, using up to 1 threads

Academic license 2566693 - for non-commercial use only - registered to ja___@ufv.br
Optimize a model with 18846 rows, 12728 columns and 54800 nonzeros
Model fingerprint: 0xfa2ffad8
Model has 84 quadratic constraints
Variable types: 6326 continuous, 6402 integer (79 binary)
Coefficient statistics:
  Matrix range     [1e-02, 4e+06]
  QMatrix range    [1e-02, 7e+04]
  QLMatrix range   [1e+00, 7e+04]
  Objective range  [2e+00, 2e+07]
  Bounds range     [1e+00, 1e+08]
  RHS range        [1e+00, 2e+06]
  QRHS range       [8e-02, 8e-02]
Presolve removed 18802 rows and 12661 columns
Presolve time: 1.50s
Presolved: 177 rows, 111 columns, 880 nonzeros
Presolved model has 44 bilinear constraint(s)

Solving non-convex MIQCP

Variable types: 89 continuous, 22 integer (0 binary)
Found heuristic solution: objective 2883500.9747

Root relaxation: objective 1.751532e+06, 92 iterations, 0.05 seconds (0.00 work units)

    Nodes    |    Current Node    |     Objective Bounds      |     Work
 Expl Unexpl |  Obj  Depth IntInf | Incumbent    BestBd   Gap | It/Node Time

     0     0 1751532.05    0   65 2883500.97 1751532.05  39.3%     -    1s
H    0     0                    2409287.2473 1751532.05  27.3%     -    1s
     0     0 1848804.69    0   66 2409287.25 1848804.69  23.3%     -    1s
H    0     0                    2251852.0327 1848804.69  17.9%     -    1s
     0     0 1866319.98    0   66 2251852.03 1866319.98  17.1%     -    2s
H    0     0                    2202648.3419 1866319.98  15.3%     -    2s
     0     0 1870417.94    0   66 2202648.34 1870417.94  15.1%     -    2s
     0     0 1872538.89    0   65 2202648.34 1872538.89  15.0%     -    2s
H    0     0                    2168391.4793 1872538.89  13.6%     -    2s
     0     0 1873211.36    0   65 2168391.48 1873211.36  13.6%     -    2s
H    0     0                    2143701.5842 1873211.36  12.6%     -    2s
     0     2 1874591.79    0   65 2143701.58 1874591.79  12.6%     -    4s
H   11    11                    2142523.8848 1875606.65  12.5%   1.2    5s
H   54    54                    2126505.9983 1875606.65  11.8%   2.9    6s
H  235   235                    2112420.3545 1875606.65  11.2%   5.0    8s
   338   340 2035214.50  193   54 2112420.35 1875606.65  11.2%   5.1   10s

Gurobi 11.0.3 (linux64, Java) logging started seg 22 dez 2025 11:56:08 -03

Set parameter WLSAccessID
Set parameter WLSSecret
Set parameter LicenseID to value 2566693
Academic license 2566693 - for non-commercial use only - registered to ja___@ufv.br
Set parameter NonConvex to value 2
Set parameter TimeLimit to value 3600
Set parameter LogToConsole to value 0
Set parameter MIPGap to value 1.2178160141013063e-07
Set parameter Threads to value 1
Set parameter NodefileDir to value "/home/ps12398/efpe/goalProgrammingMarcos/"
Set parameter NodefileStart to value 0.1
Gurobi Optimizer version 11.0.3 build v11.0.3rc0 (linux64)

CPU model: Intel(R) Xeon(R) CPU           X5650  @ 2.67GHz, instruction set [SSE2]
Thread count: 12 physical cores, 24 logical processors, using up to 1 threads

Academic license 2566693 - for non-commercial use only - registered to ja___@ufv.br
Optimize a model with 18846 rows, 12728 columns and 54800 nonzeros
Model fingerprint: 0xfa2ffad8
Model has 84 quadratic constraints
Variable types: 6326 continuous, 6402 integer (79 binary)
Coefficient statistics:
  Matrix range     [1e-02, 4e+06]
  QMatrix range    [1e-02, 7e+04]
  QLMatrix range   [1e+00, 7e+04]
  Objective range  [2e+00, 2e+07]
  Bounds range     [1e+00, 1e+08]
  RHS range        [1e+00, 2e+06]
  QRHS range       [8e-02, 8e-02]
Presolve removed 18802 rows and 12661 columns
Presolve time: 1.71s
Presolved: 177 rows, 111 columns, 880 nonzeros
Presolved model has 44 bilinear constraint(s)

Solving non-convex MIQCP

Variable types: 89 continuous, 22 integer (0 binary)
Found heuristic solution: objective 2883500.9747

Root relaxation: objective 1.751532e+06, 92 iterations, 0.00 seconds (0.00 work units)

    Nodes    |    Current Node    |     Objective Bounds      |     Work
 Expl Unexpl |  Obj  Depth IntInf | Incumbent    BestBd   Gap | It/Node Time

     0     0 1751532.05    0   65 2883500.97 1751532.05  39.3%     -    1s
H    0     0                    2409287.2473 1751532.05  27.3%     -    2s
     0     0 1848804.69    0   66 2409287.25 1848804.69  23.3%     -    2s
H    0     0                    2251852.0327 1848804.69  17.9%     -    2s
     0     0 1866319.98    0   66 2251852.03 1866319.98  17.1%     -    2s
H    0     0                    2202648.3419 1866319.98  15.3%     -    2s
     0     0 1870417.94    0   66 2202648.34 1870417.94  15.1%     -    2s
     0     0 1872538.89    0   65 2202648.34 1872538.89  15.0%     -    2s
H    0     0                    2168391.4793 1872538.89  13.6%     -    3s
     0     0 1873211.36    0   65 2168391.48 1873211.36  13.6%     -    3s
H    0     0                    2143701.5842 1873211.36  12.6%     -    3s
     0     2 1874591.79    0   65 2143701.58 1874591.79  12.6%     -    5s
H   11    11                    2142523.8848 1875606.65  12.5%   1.2    6s
H   54    54                    2126505.9983 1875606.65  11.8%   2.9    6s
H  235   235                    2112420.3545 1875606.65  11.2%   5.0   10s

Gurobi 11.0.3 (linux64, Java) logging started ter 23 dez 2025 21:42:23 -03

Set parameter WLSAccessID
Set parameter WLSSecret
Set parameter LicenseID to value 2566693
Academic license 2566693 - for non-commercial use only - registered to ja___@ufv.br
Set parameter NonConvex to value 2
Set parameter TimeLimit to value 3600
Set parameter LogToConsole to value 0
Set parameter MIPGap to value 1.2178160141013063e-07
Set parameter Threads to value 2
Set parameter Cuts to value 1
Set parameter NodefileDir to value "/home/ps12398/efpe/goalProgrammingMarcos/"
Set parameter NodefileStart to value 0.1
Gurobi Optimizer version 11.0.3 build v11.0.3rc0 (linux64)

CPU model: Intel(R) Xeon(R) CPU           X5650  @ 2.67GHz, instruction set [SSE2]
Thread count: 12 physical cores, 24 logical processors, using up to 2 threads

Academic license 2566693 - for non-commercial use only - registered to ja___@ufv.br
Optimize a model with 18846 rows, 12728 columns and 54800 nonzeros
Model fingerprint: 0xfa2ffad8
Model has 84 quadratic constraints
Variable types: 6326 continuous, 6402 integer (79 binary)
Coefficient statistics:
  Matrix range     [1e-02, 4e+06]
  QMatrix range    [1e-02, 7e+04]
  QLMatrix range   [1e+00, 7e+04]
  Objective range  [2e+00, 2e+07]
  Bounds range     [1e+00, 1e+08]
  RHS range        [1e+00, 2e+06]
  QRHS range       [8e-02, 8e-02]
Presolve removed 18802 rows and 12661 columns
Presolve time: 0.10s
Presolved: 177 rows, 111 columns, 880 nonzeros
Presolved model has 44 bilinear constraint(s)

Solving non-convex MIQCP

Variable types: 89 continuous, 22 integer (0 binary)
Found heuristic solution: objective 2883500.9747

Root relaxation: objective 1.751532e+06, 92 iterations, 0.00 seconds (0.00 work units)

    Nodes    |    Current Node    |     Objective Bounds      |     Work
 Expl Unexpl |  Obj  Depth IntInf | Incumbent    BestBd   Gap | It/Node Time

     0     0 1751532.05    0   65 2883500.97 1751532.05  39.3%     -    0s
H    0     0                    2409287.2473 1751532.05  27.3%     -    0s
     0     0 1848804.69    0   66 2409287.25 1848804.69  23.3%     -    0s
H    0     0                    2251852.0327 1848804.69  17.9%     -    0s
     0     0 1866319.98    0   66 2251852.03 1866319.98  17.1%     -    0s
H    0     0                    2202648.3419 1866319.98  15.3%     -    0s
     0     0 1870417.94    0   66 2202648.34 1870417.94  15.1%     -    0s
     0     0 1872538.89    0   65 2202648.34 1872538.89  15.0%     -    0s
H    0     0                    2168391.4793 1872538.89  13.6%     -    0s
     0     0 1873211.36    0   65 2168391.48 1873211.36  13.6%     -    0s
H    0     0                    2143701.5842 1873211.36  12.6%     -    0s
     0     2 1874585.82    0   65 2143701.58 1874585.82  12.6%     -    0s
H    3     6                    2141150.0160 1875434.56  12.4%   1.3    0s
H   67    80                    2131172.3518 1875790.65  12.0%   1.5    0s
H  433   512                    2111194.1187 1875790.65  11.2%   4.8    0s
H  923   925                    2109777.5318 1875790.65  11.1%   5.7    0s
H 1994  1810                    2109019.9782 2014736.89  4.47%   5.5    2s
H 2000  1739                    2109017.9217 2014736.89  4.47%   5.5    2s
H 2039  1660                    2104215.2828 2014736.89  4.25%   5.6    2s
H 2042  1596                    2104161.7258 2014736.89  4.25%   5.6    2s
H 2045  1536                    2103130.8904 2014736.89  4.20%   5.6    2s
H 2380  1683                    2102111.3274 2014736.89  4.16%   5.8    2s
H 2479  1692                    2100743.0025 2014736.89  4.09%   5.9    2s
H 2689  1778                    2100132.0097 2014736.89  4.07%   6.1    2s
H 2770  1811                    2099132.7964 2014736.89  4.02%   6.3    2s
H 7168  5398                    2098727.7165 2015246.09  3.98%   4.9    4s
  9333  7129 2096466.41   98   52 2098727.72 2015562.83  3.96%   4.7    5s
*11200  8616             163    2098727.4301 2015781.62  3.95%   4.5    5s
*11201  8614             163    2098724.7442 2015781.62  3.95%   4.5    5s
*11202  8614             163    2098724.0875 2015781.62  3.95%   4.5    5s
*11208  8614             164    2098723.4414 2015781.62  3.95%   4.5    5s
H14264 10904                    2097218.8498 2016054.75  3.87%   4.3    7s
 22414 17274     cutoff   90      2097218.85 2016389.82  3.85%   3.7   10s
 35755 27654 2033459.84   87   61 2097218.85 2016779.92  3.84%   3.6   15s
H44236 33795                    2097066.8254 2017011.42  3.82%   3.5   17s
*44401 33776             265    2097032.5195 2017033.48  3.81%   3.5   18s
H44403 33209                    2094845.0902 2017033.48  3.71%   3.5   18s
H45707 34321                    2094844.3270 2017096.16  3.71%   3.5   18s
H46981 35245                    2094844.1585 2017128.62  3.71%   3.5   19s
 49110 36854 2048869.15   87   58 2094844.16 2017208.28  3.71%   3.5   20s
H53289 40012                    2094844.0106 2017342.96  3.70%   3.5   21s
 61908 46447 2068141.39  148   51 2094844.01 2017508.02  3.69%   3.5   25s
H66165 49292                    2094805.6660 2017591.08  3.69%   3.5   26s
 75459 56318 2074302.54  121   56 2094805.67 2017799.63  3.68%   3.5   30s
 88194 65585     cutoff  160      2094805.67 2018015.00  3.67%   3.6   35s
 101069 75049 2054174.64  101   62 2094805.67 2018194.25  3.66%   3.6   40s
 113848 84509 2042367.11   70   58 2094805.67 2018379.78  3.65%   3.6   45s
 126190 93962 2091758.47   84   54 2094805.67 2018519.28  3.64%   3.6   50s
 139288 104145 2027442.78   79   61 2094805.67 2018661.04  3.63%   3.6   55s
 151592 113119 2024640.03   90   63 2094805.67 2018783.42  3.63%   3.7   60s
 163942 122288 2092033.76  160   27 2094805.67 2018916.92  3.62%   3.6   65s
 177235 132625 2060440.85   96   59 2094805.67 2019066.32  3.62%   3.6   70s
Created node file directory '/home/ps12398/efpe/goalProgrammingMarcos//grbnodes6'
 187329 139921 2055802.67  187   61 2094805.67 2019159.30  3.61%   3.6   75s
 198170 146943     cutoff  126      2094805.67 2019190.44  3.61%   3.6   80s
 209367 152978 2068051.51   77   57 2094805.67 2019214.44  3.61%   3.7   85s
 219161 158830 2076680.28  103   57 2094805.67 2019236.00  3.61%   3.6   90s
 230081 164123 2089847.24   84   20 2094805.67 2019267.77  3.61%   3.6   95s
 240429 168627     cutoff  117      2094805.67 2019309.35  3.60%   3.7  100s
 249291 173828 2089381.93   82   30 2094805.67 2019332.75  3.60%   3.7  105s
 259965 178781     cutoff  109      2094805.67 2019369.91  3.60%   3.7  110s
 269141 185301 2075158.44  121   55 2094805.67 2019378.22  3.60%   3.7  115s
 280452 190486 2090538.77   95   57 2094805.67 2019401.42  3.60%   3.7  120s
 292231 198381 2075911.79  186   55 2094805.67 2019447.94  3.60%   3.7  125s
H297792 200892                    2094144.7915 2019455.20  3.57%   3.7  128s
H298538 201189                    2094144.7711 2019466.20  3.57%   3.7  128s
H299490 202077                    2094144.7464 2019467.68  3.57%   3.7  129s
 301206 203503 2090037.79  142   49 2094144.75 2019467.68  3.57%   3.7  130s
H312423 208997                    2094141.6421 2019487.33  3.56%   3.7  134s
 312535 209001 2084714.26  123   52 2094141.64 2019487.33  3.56%   3.7  135s
 320697 213274 2083376.46   79   56 2094141.64 2019528.35  3.56%   3.7  140s
 331589 219257 2087795.94   82   28 2094141.64 2019561.26  3.56%   3.7  145s
 343392 225846 2085860.29  103   53 2094141.64 2019603.06  3.56%   3.7  150s
 353074 230726     cutoff  116      2094141.64 2019632.09  3.56%   3.7  155s
 363068 236589 2082761.74  130   54 2094141.64 2019664.37  3.56%   3.7  160s
 371419 240330 2084360.38   66   31 2094141.64 2019700.44  3.55%   3.7  165s
 381633 246864     cutoff   80      2094141.64 2019719.67  3.55%   3.7  170s
 390851 252531     cutoff  101      2094141.64 2019743.44  3.55%   3.7  175s
 401334 257927 2074023.03   84   55 2094141.64 2019781.58  3.55%   3.7  180s
 411571 263801 2033928.71   85   61 2094141.64 2019805.58  3.55%   3.8  185s
 421701 269635 2059763.60   85   60 2094141.64 2019824.49  3.55%   3.8  190s
 432473 274719 2092944.36   93   53 2094141.64 2019851.16  3.55%   3.8  195s
 442253 279320     cutoff   83      2094141.64 2019872.57  3.55%   3.8  200s
 452746 283180 2079221.99  134   31 2094141.64 2019917.51  3.54%   3.8  205s
 462825 287692 2088541.86  118   50 2094141.64 2019946.60  3.54%   3.8  210s
 472456 293573 2040011.51   78   61 2094141.64 2019965.82  3.54%   3.8  215s
 483286 300068 2091042.97  115   55 2094141.64 2019992.16  3.54%   3.8  220s
 494517 306642 2034130.61  101   61 2094141.64 2020021.16  3.54%   3.8  225s
 504312 311310     cutoff  128      2094141.64 2020057.37  3.54%   3.8  230s
 515747 318510 2071744.40  123   59 2094141.64 2020090.23  3.54%   3.8  235s
 525802 324903     cutoff  121      2094141.64 2020107.42  3.54%   3.8  240s
 536314 330632 2089043.65   70   32 2094141.64 2020134.09  3.53%   3.8  245s
 545188 335325 2052164.12   90   62 2094141.64 2020167.70  3.53%   3.8  250s
 556232 340947     cutoff   89      2094141.64 2020188.83  3.53%   3.8  255s
 565725 345835     cutoff   83      2094141.64 2020216.31  3.53%   3.8  260s
H571407 347911                    2094101.3505 2020228.40  3.53%   3.8  262s
H572447 349100                    2094096.7484 2020228.40  3.53%   3.8  263s
 575508 351002     cutoff  202      2094096.75 2020237.93  3.53%   3.8  265s
 586342 357685     cutoff  113      2094096.75 2020263.34  3.53%   3.8  270s
 595388 361769 2072133.48   90   59 2094096.75 2020289.84  3.52%   3.8  275s
 606178 367621     cutoff   94      2094096.75 2020312.08  3.52%   3.8  280s
 615453 372207 2072163.92   71   58 2094096.75 2020344.67  3.52%   3.8  285s
H616522 372555                    2094073.2316 2020345.54  3.52%   3.8  285s
H617600 373173                    2094072.9800 2020345.54  3.52%   3.8  286s
 624746 377305 2065268.36   63   32 2094072.98 2020368.72  3.52%   3.8  290s
 635104 381910 2093816.61  143   56 2094072.98 2020405.10  3.52%   3.8  295s
 644437 386219 2088840.20  104   55 2094072.98 2020426.23  3.52%   3.8  300s
 654582 390679 2082509.83   85   57 2094072.98 2020442.48  3.52%   3.8  305s
 664385 397343 2086968.42  157   53 2094072.98 2020465.84  3.52%   3.9  310s
 673331 402205 2033466.36   65   63 2094072.98 2020490.51  3.51%   3.9  315s
 683538 407486     cutoff  106      2094072.98 2020514.43  3.51%   3.9  320s
 692812 411185     cutoff   78      2094072.98 2020544.46  3.51%   3.9  325s
 703436 416254 2079491.47  147   51 2094072.98 2020576.93  3.51%   3.9  330s
 713420 421940 2056669.77   71   60 2094072.98 2020591.57  3.51%   3.9  335s
 722982 427800 2082503.81  149   51 2094072.98 2020616.39  3.51%   3.9  340s
 733791 434114 2090017.64   96   27 2094072.98 2020637.28  3.51%   3.9  345s
 742133 438635 2083467.41  154   52 2094072.98 2020654.65  3.51%   3.9  350s
 752540 443210 2082547.51  119   25 2094072.98 2020687.37  3.50%   3.9  355s
 763719 449840 2051463.42   76   61 2094072.98 2020714.81  3.50%   3.8  360s
 772629 454920 2093572.91   78   57 2094072.98 2020730.22  3.50%   3.8  365s
 782149 459309 2077800.45   93   29 2094072.98 2020755.58  3.50%   3.8  370s
 791487 463319 2083611.03  116   53 2094072.98 2020783.21  3.50%   3.8  375s
 801790 469341     cutoff   84      2094072.98 2020797.84  3.50%   3.9  380s
 811926 473658     cutoff   68      2094072.98 2020824.10  3.50%   3.9  385s
 820645 478152     cutoff   90      2094072.98 2020837.85  3.50%   3.8  390s
 831691 484014 2084746.04  109   52 2094072.98 2020863.33  3.50%   3.8  395s
 840824 488635 2061570.90  117   58 2094072.98 2020876.56  3.50%   3.8  400s
 850776 493748     cutoff  123      2094072.98 2020899.67  3.49%   3.9  405s
 861573 500536 2065879.15  120   58 2094072.98 2020917.84  3.49%   3.8  410s
 871832 504784 2084730.13  130   19 2094072.98 2020942.04  3.49%   3.8  415s
 881712 509567 2036558.11  103   60 2094072.98 2020967.73  3.49%   3.8  420s
 889655 514436     cutoff   79      2094072.98 2020989.30  3.49%   3.9  425s
 900092 519468 2092796.96  141   53 2094072.98 2021006.85  3.49%   3.9  430s
 908811 522947 2081042.96   69   30 2094072.98 2021038.91  3.49%   3.9  435s
 917743 526645 2087803.31   69   54 2094072.98 2021063.76  3.49%   3.9  440s
 927711 531201     cutoff  106      2094072.98 2021084.58  3.49%   3.9  445s
 937986 537628 2069015.11   96   60 2094072.98 2021111.51  3.48%   3.9  450s
 946759 541793 2090983.97  125   54 2094072.98 2021133.51  3.48%   3.9  455s
 956583 546361 2091620.89   96   32 2094072.98 2021155.94  3.48%   3.9  460s
 965701 551504 2088055.02  119   54 2094072.98 2021170.33  3.48%   3.9  465s
 976166 556385 2087362.50  118   55 2094072.98 2021193.15  3.48%   3.9  470s
 986492 562478     cutoff   91      2094072.98 2021218.11  3.48%   3.9  475s
 995418 565526 2093463.65   83   20 2094072.98 2021245.05  3.48%   3.9  480s
 1004663 569638 2079185.57   78   33 2094072.98 2021266.73  3.48%   3.9  485s
 1013993 575783 2092592.48  113   28 2094072.98 2021278.26  3.48%   3.9  490s
 1023726 580710 2093734.19   78   23 2094072.98 2021296.08  3.48%   3.9  495s
 1032711 584307 2090383.62  105   56 2094072.98 2021326.19  3.47%   3.9  500s
 1043055 590113 2079337.34  101   32 2094072.98 2021347.42  3.47%   3.9  505s
 1053662 597336 2093887.07  104   29 2094072.98 2021361.11  3.47%   3.9  510s
 1062047 601650     cutoff  159      2094072.98 2021381.79  3.47%   3.9  515s
 1072862 608532 2058247.84  102   56 2094072.98 2021398.87  3.47%   3.9  520s
 1082257 612738     cutoff  137      2094072.98 2021422.57  3.47%   3.9  525s
 1090602 617493 2071282.41   92   57 2094072.98 2021443.28  3.47%   3.9  530s
 1100732 621987     cutoff   65      2094072.98 2021460.59  3.47%   3.9  535s
 1109658 626224 2092859.85  117   52 2094072.98 2021485.30  3.47%   3.9  540s
 1120242 631878     cutoff  111      2094072.98 2021505.94  3.47%   3.9  545s
 1129672 638028 2093045.71  124   52 2094072.98 2021514.94  3.46%   3.9  550s
H1130957 638496                    2094001.5583 2021518.21  3.46%   3.9  551s
H1133401 639260                    2093998.4980 2021524.94  3.46%   3.9  552s
H1134449 639966                    2093998.2808 2021524.94  3.46%   3.9  553s
 1138301 641916     cutoff  144      2093998.28 2021537.01  3.46%   3.9  555s
 1148109 647273 2032611.66  114   62 2093998.28 2021556.36  3.46%   3.9  560s
 1157232 652065 2077566.93  146   59 2093998.28 2021575.42  3.46%   3.9  565s
 1167672 658281 2039256.33   87   60 2093998.28 2021592.65  3.46%   3.9  570s
 1175480 662515 2084305.73   98   24 2093998.28 2021613.44  3.46%   3.9  575s
 1184999 666717 2091189.55  138   52 2093998.28 2021635.36  3.46%   3.9  580s
 1195220 671691 2061186.85   84   34 2093998.28 2021659.03  3.45%   3.9  585s
 1203723 676151     cutoff  181      2093998.28 2021678.42  3.45%   3.9  590s
 1213477 680930 2073405.22   95   54 2093998.28 2021702.10  3.45%   3.9  595s
 1223045 685243 2043537.24  106   59 2093998.28 2021730.25  3.45%   3.9  600s
 1231310 689421 2084406.69   65   30 2093998.28 2021750.73  3.45%   3.9  605s
 1241904 695147     cutoff  141      2093998.28 2021766.32  3.45%   3.9  610s
 1252294 700723 2060728.62  123   35 2093998.28 2021788.18  3.45%   3.9  615s
 1261009 704754 2081018.48   66   57 2093998.28 2021805.71  3.45%   3.9  620s
 1271061 710318 2080477.41  176   57 2093998.28 2021824.50  3.45%   3.9  625s
 1279299 715421 2081986.03   93   30 2093998.28 2021834.03  3.45%   3.9  630s
 1288895 720021     cutoff   86      2093998.28 2021852.81  3.45%   3.9  635s
 1298577 725121 2074521.40  110   54 2093998.28 2021866.01  3.44%   3.9  640s
 1308129 729137 2069226.71  103   59 2093998.28 2021890.83  3.44%   3.9  645s
 1318569 734482     cutoff  130      2093998.28 2021915.40  3.44%   3.9  650s
 1327204 738336 2083412.77   95   52 2093998.28 2021930.29  3.44%   3.9  655s
 1337284 742365     cutoff   83      2093998.28 2021958.41  3.44%   3.9  660s
 1348246 748832     cutoff  116      2093998.28 2021968.77  3.44%   3.9  665s
 1357212 753474 2073174.55  105   29 2093998.28 2021986.36  3.44%   3.9  670s
 1366907 759178 2069554.17  144   54 2093998.28 2022001.18  3.44%   3.9  675s
 1375233 763041 2063177.80   71   60 2093998.28 2022020.51  3.44%   3.9  680s
 1384170 767169 2085607.59   89   55 2093998.28 2022037.22  3.44%   3.9  685s
H1392221 770948                    2093976.0880 2022046.39  3.44%   3.9  689s
H1393635 771635                    2093975.5627 2022050.05  3.43%   3.9  690s
 1402192 776886 2034425.17   60   62 2093975.56 2022062.24  3.43%   3.9  695s
 1411317 780114     cutoff   92      2093975.56 2022089.73  3.43%   3.9  700s
 1420264 785782     cutoff  178      2093975.56 2022104.01  3.43%   3.9  705s
 1429743 790648     cutoff  129      2093975.56 2022120.10  3.43%   3.9  710s
 1439254 794280     cutoff  113      2093975.56 2022142.39  3.43%   3.9  715s
 1447159 798325     cutoff   91      2093975.56 2022155.22  3.43%   3.9  720s
 1456822 802868 2037633.04  133   60 2093975.56 2022180.18  3.43%   3.9  725s
 1466826 808708     cutoff   81      2093975.56 2022198.80  3.43%   3.9  730s
 1475186 812945 2084794.93  136   51 2093975.56 2022206.15  3.43%   3.9  735s
 1484799 818677 2069228.72   96   58 2093975.56 2022216.07  3.43%   3.9  740s
 1493922 822584 2092751.83   90   51 2093975.56 2022233.91  3.43%   3.9  745s
 1503388 828049 2091812.39  111   55 2093975.56 2022246.26  3.43%   3.9  750s
 1513343 833318 2085813.92   87   55 2093975.56 2022261.46  3.42%   3.9  755s
 1521502 838430 2061133.60   81   55 2093975.56 2022272.54  3.42%   3.9  760s
 1531365 843404 2078833.31   62   30 2093975.56 2022288.72  3.42%   3.9  765s
 1541452 849539 2079663.50   75   33 2093975.56 2022303.12  3.42%   3.9  770s
 1550357 853510     cutoff  108      2093975.56 2022316.24  3.42%   3.9  775s
 1559739 858208 2050263.23   86   56 2093975.56 2022334.08  3.42%   3.9  780s
 1568491 862757 2079355.80   83   58 2093975.56 2022348.51  3.42%   3.9  785s
 1578233 867550 2083555.47   70   57 2093975.56 2022364.45  3.42%   3.9  790s
 1587753 872543     cutoff  174      2093975.56 2022381.94  3.42%   3.9  795s
 1595150 876340     cutoff   90      2093975.56 2022393.75  3.42%   3.9  800s
 1604717 880373     cutoff  123      2093975.56 2022408.44  3.42%   3.9  805s
 1614924 886388 2074090.49  114   54 2093975.56 2022419.54  3.42%   3.9  810s
 1622884 890251 2076925.61  106   53 2093975.56 2022434.74  3.42%   3.9  815s
 1632377 894920     cutoff  167      2093975.56 2022454.38  3.42%   3.9  820s
 1640892 899159 2093214.28  120   30 2093975.56 2022466.93  3.41%   3.9  825s
 1650188 902448 2068556.56  159   57 2093975.56 2022481.71  3.41%   3.9  830s
 1659713 906759 2043451.58   81   59 2093975.56 2022496.83  3.41%   3.9  835s
 1668483 911104 2090311.35   97   57 2093975.56 2022511.49  3.41%   3.9  840s
 1678845 916566 2050136.05  151   57 2093975.56 2022530.17  3.41%   3.9  845s
 1688922 922100 2078134.70  117   51 2093975.56 2022542.64  3.41%   3.9  850s
 1698553 927720 2086811.18  151   50 2093975.56 2022558.92  3.41%   3.9  855s
 1708179 931530 2071220.97  111   59 2093975.56 2022574.49  3.41%   3.9  860s
 1716143 934239 2035690.94  111   62 2093975.56 2022588.97  3.41%   3.9  865s
 1726738 939608 2079069.66   74   55 2093975.56 2022600.82  3.41%   3.9  870s
 1735856 943981 2082088.08   72   53 2093975.56 2022617.87  3.41%   3.9  875s
 1743502 946996 2085089.09   82   57 2093975.56 2022633.16  3.41%   3.9  880s
 1753127 952293     cutoff  145      2093975.56 2022644.17  3.41%   3.9  885s
 1763172 956141     cutoff   90      2093975.56 2022664.26  3.41%   3.9  890s
 1772132 961176     cutoff  124      2093975.56 2022677.17  3.40%   3.9  895s
 1781903 966368 2059658.10   87   59 2093975.56 2022690.07  3.40%   3.9  900s
 1791956 971378     cutoff  112      2093975.56 2022705.50  3.40%   3.9  905s
 1800346 974989 2079628.70  116   55 2093975.56 2022716.83  3.40%   3.9  910s
 1809469 979437     cutoff  132      2093975.56 2022729.55  3.40%   3.9  915s
 1818753 983964 2084255.69  124   27 2093975.56 2022741.62  3.40%   3.9  920s
 1827480 988834 2080101.73  108   54 2093975.56 2022748.27  3.40%   3.9  925s
 1836654 994071 2075778.91  119   57 2093975.56 2022762.42  3.40%   3.9  930s
 1845133 997068 2077500.35   68   26 2093975.56 2022780.05  3.40%   3.9  935s
 1854449 1001433 2086469.20   71   34 2093975.56 2022794.43  3.40%   3.9  940s
 1863729 1005989 2080728.21  104   60 2093975.56 2022810.14  3.40%   3.9  945s
 1871438 1009760 2082582.05  119   52 2093975.56 2022824.07  3.40%   3.9  950s
 1881152 1015217 2090325.02   76   54 2093975.56 2022837.31  3.40%   3.9  955s
 1890893 1021141     cutoff  111      2093975.56 2022847.18  3.40%   3.9  960s
 1899545 1025352 2045346.70   79   59 2093975.56 2022861.65  3.40%   3.9  965s
 1908451 1030121 2081233.18  112   52 2093975.56 2022875.58  3.40%   3.9  970s
 1917689 1033752     cutoff   76      2093975.56 2022896.36  3.39%   3.9  975s
 1926139 1039069 2055714.08  124   57 2093975.56 2022907.64  3.39%   3.9  980s
 1935938 1043156 2093378.87   89   22 2093975.56 2022922.87  3.39%   3.9  985s
 1944132 1047375 2083389.56   78   55 2093975.56 2022937.17  3.39%   3.9  990s
 1952698 1051669 2091105.62   80   55 2093975.56 2022951.34  3.39%   3.9  995s
 1962284 1056707 2085335.77   65   56 2093975.56 2022963.43  3.39%   3.9 1000s
 1970461 1062285 2089935.24   93   26 2093975.56 2022974.14  3.39%   4.0 1005s
 1979359 1066126     cutoff  147      2093975.56 2022992.08  3.39%   4.0 1010s
 1986731 1071536     cutoff  145      2093975.56 2023001.90  3.39%   4.0 1015s
 1996365 1076060 2067375.88  100   61 2093975.56 2023015.81  3.39%   4.0 1020s
 2005564 1079797     cutoff  110      2093975.56 2023035.95  3.39%   4.0 1025s
 2014485 1084016 2080999.56  137   52 2093975.56 2023046.41  3.39%   4.0 1030s
 2022663 1086752 2085747.47  118   51 2093975.56 2023063.17  3.39%   4.0 1035s
 2032715 1092557 2063953.08  144   59 2093975.56 2023076.10  3.39%   4.0 1040s
 2041918 1098350     cutoff   91      2093975.56 2023087.97  3.39%   4.0 1045s
 2051841 1103201     cutoff  161      2093975.56 2023100.11  3.38%   4.0 1050s
 2060894 1107333 2068278.60  106   58 2093975.56 2023114.93  3.38%   4.0 1055s
 2068878 1111312 2042707.37   75   59 2093975.56 2023129.55  3.38%   4.0 1060s
 2077923 1116079     cutoff  117      2093975.56 2023136.48  3.38%   4.0 1065s
 2087548 1120006     cutoff   96      2093975.56 2023152.54  3.38%   4.0 1070s
 2095801 1122764     cutoff  132      2093975.56 2023168.18  3.38%   4.0 1075s
 2105688 1128988     cutoff   75      2093975.56 2023175.08  3.38%   4.0 1080s
 2114542 1133250 2092991.63   96   55 2093975.56 2023186.65  3.38%   4.0 1085s
 2123134 1137423 2093067.54  135   30 2093975.56 2023200.81  3.38%   4.0 1090s
 2133464 1143859 2085545.46  113   29 2093975.56 2023212.84  3.38%   4.0 1095s
 2141599 1147896     cutoff   92      2093975.56 2023226.19  3.38%   4.0 1100s
 2150389 1151591     cutoff   95      2093975.56 2023237.59  3.38%   4.0 1105s
 2161427 1159091 2090705.77   91   25 2093975.56 2023252.60  3.38%   4.0 1110s
 2170211 1163692 2040070.92   72   61 2093975.56 2023263.45  3.38%   4.0 1115s
 2179471 1168264 2054858.92   83   59 2093975.56 2023282.41  3.38%   4.0 1120s
 2188594 1172722     cutoff   72      2093975.56 2023296.45  3.38%   4.0 1125s
 2196803 1175405     cutoff  134      2093975.56 2023315.22  3.37%   4.0 1130s
 2206526 1180278 2089030.50  158   51 2093975.56 2023327.23  3.37%   4.0 1135s
 2215185 1184146 infeasible  131      2093975.56 2023341.98  3.37%   4.0 1140s
 2224444 1188536 2071483.83  113   53 2093975.56 2023352.38  3.37%   4.0 1145s
 2234253 1192603     cutoff  227      2093975.56 2023368.73  3.37%   4.0 1150s
 2243323 1197964     cutoff  251      2093975.56 2023380.38  3.37%   4.0 1155s
 2252452 1201019 2092946.39  113   56 2093975.56 2023391.42  3.37%   4.0 1160s
 2261481 1204291 2042326.75  118   60 2093975.56 2023407.61  3.37%   4.0 1165s
 2270194 1208245     cutoff  116      2093975.56 2023417.43  3.37%   4.0 1170s
 2279712 1213073 2047767.18   82   58 2093975.56 2023436.38  3.37%   4.0 1175s
 2288214 1216270 2092866.83   92   53 2093975.56 2023450.59  3.37%   4.0 1180s
 2297616 1221014 2089833.84  123   51 2093975.56 2023463.16  3.37%   4.0 1185s
 2306944 1225127     cutoff  158      2093975.56 2023475.09  3.37%   4.0 1190s
 2316758 1230257     cutoff   87      2093975.56 2023486.30  3.37%   4.0 1195s
 2325402 1234542     cutoff  128      2093975.56 2023498.80  3.37%   4.0 1200s
 2334920 1239354 2079360.19  110   53 2093975.56 2023510.78  3.37%   4.0 1205s
 2344426 1242933 2092342.94  141   24 2093975.56 2023524.58  3.36%   4.0 1210s
 2352883 1246423 2087544.02   74   56 2093975.56 2023537.73  3.36%   4.0 1215s
 2363054 1251832 2086289.91  132   53 2093975.56 2023550.17  3.36%   4.0 1220s
 2372479 1256197     cutoff   85      2093975.56 2023562.89  3.36%   4.0 1225s
 2381554 1260600 2079157.37  103   56 2093975.56 2023576.08  3.36%   4.0 1230s
 2391331 1264346 infeasible  110      2093975.56 2023588.26  3.36%   4.0 1235s
 2400676 1268249 2072523.93   96   58 2093975.56 2023599.20  3.36%   4.0 1240s
 2409941 1272994 2046821.96  125   60 2093975.56 2023610.82  3.36%   4.0 1245s
 2419483 1277651     cutoff  108      2093975.56 2023622.80  3.36%   4.0 1250s
 2428700 1282384 2071244.03   77   35 2093975.56 2023637.08  3.36%   4.0 1255s
 2438325 1288777 2058951.91  101   55 2093975.56 2023642.67  3.36%   4.0 1260s
 2448150 1293027 2082767.73   91   56 2093975.56 2023654.93  3.36%   4.0 1265s
 2457526 1297860 2090579.72   93   22 2093975.56 2023673.15  3.36%   4.0 1270s
 2467004 1302818     cutoff   90      2093975.56 2023686.74  3.36%   4.0 1275s
 2476588 1307262 2092075.01   84   57 2093975.56 2023700.50  3.36%   4.0 1280s
 2486524 1312185 2072692.30   71   60 2093975.56 2023714.18  3.36%   4.0 1285s
 2497345 1317041     cutoff  140      2093975.56 2023732.20  3.35%   4.0 1290s
 2506091 1320772     cutoff   89      2093975.56 2023745.49  3.35%   4.0 1295s
 2516452 1325436 2090832.01  104   53 2093975.56 2023761.56  3.35%   4.0 1300s
 2525873 1330857 2092857.70  144   55 2093975.56 2023771.51  3.35%   4.0 1305s
 2534979 1335230 2088825.66  117   57 2093975.56 2023780.99  3.35%   4.0 1310s
 2545184 1340141 2043959.75   97   59 2093975.56 2023796.28  3.35%   4.0 1315s
 2553967 1344406 2041845.02  119   59 2093975.56 2023808.09  3.35%   4.0 1320s
 2564266 1350655 2032721.31   54   62 2093975.56 2023818.52  3.35%   4.0 1325s
 2573591 1355119     cutoff  115      2093975.56 2023826.50  3.35%   4.0 1330s
 2583481 1359166 2035676.73  124   63 2093975.56 2023839.89  3.35%   4.0 1335s
 2592610 1363622 2088890.42  132   27 2093975.56 2023848.73  3.35%   4.0 1340s
 2601747 1368332     cutoff  184      2093975.56 2023864.54  3.35%   4.0 1345s
 2611688 1373157 2093508.01   76   52 2093975.56 2023875.71  3.35%   4.0 1350s
 2620174 1378865     cutoff  104      2093975.56 2023883.41  3.35%   4.0 1355s
 2630187 1383187     cutoff  102      2093975.56 2023897.98  3.35%   4.0 1360s
 2639849 1387239 2087405.60  135   19 2093975.56 2023909.81  3.35%   4.0 1365s
 2649267 1391652 2092292.67   87   55 2093975.56 2023926.89  3.35%   4.0 1370s
 2658391 1396468 2089343.86  111   31 2093975.56 2023936.28  3.34%   4.0 1375s
 2669133 1399860     cutoff  105      2093975.56 2023951.72  3.34%   4.0 1380s
 2678096 1404362 2091864.17  146   52 2093975.56 2023968.59  3.34%   4.0 1385s
 2688248 1409694 2087730.23   85   53 2093975.56 2023978.85  3.34%   4.0 1390s
 2698456 1415683 2087492.30   99   29 2093975.56 2023987.93  3.34%   4.0 1395s
 2707264 1420340 2085211.88   93   32 2093975.56 2023995.73  3.34%   4.0 1400s
 2717069 1424120     cutoff  163      2093975.56 2024004.72  3.34%   4.0 1405s
 2725831 1428672 2084054.51  140   27 2093975.56 2024015.24  3.34%   4.0 1410s
 2735829 1433493 2064283.56  127   36 2093975.56 2024024.57  3.34%   4.0 1415s
 2746296 1438482 2079540.03   99   50 2093975.56 2024038.31  3.34%   4.0 1420s
 2754703 1442025     cutoff   80      2093975.56 2024052.45  3.34%   4.0 1425s
 2763603 1445870     cutoff   97      2093975.56 2024061.36  3.34%   4.0 1430s
 2773063 1449803 2084097.30   82   31 2093975.56 2024076.70  3.34%   4.0 1435s
 2782274 1452646     cutoff  107      2093975.56 2024096.20  3.34%   4.0 1440s
 2790955 1457106     cutoff   91      2093975.56 2024105.25  3.34%   4.0 1445s
 2800945 1462843     cutoff  122      2093975.56 2024114.34  3.34%   4.0 1450s
 2810058 1467722     cutoff  109      2093975.56 2024122.94  3.34%   4.0 1455s
 2819732 1472665 2062202.48   96   60 2093975.56 2024136.26  3.34%   4.0 1460s
 2828499 1477354 2078981.72  119   54 2093975.56 2024144.26  3.33%   4.0 1465s
 2838237 1481804     cutoff  156      2093975.56 2024152.65  3.33%   4.0 1470s
 2847664 1486396 2053605.59   95   57 2093975.56 2024164.51  3.33%   4.0 1475s
 2856412 1490389 2079858.09  130   58 2093975.56 2024172.62  3.33%   4.0 1480s
 2867222 1496089 2072571.59   87   59 2093975.56 2024186.15  3.33%   4.0 1485s
 2877065 1501180 2085220.56  135   52 2093975.56 2024196.99  3.33%   4.0 1490s
 2886073 1504518 2093827.78  107   54 2093975.56 2024208.66  3.33%   4.0 1495s
 2895834 1508272 2075540.32   94   57 2093975.56 2024221.49  3.33%   4.0 1500s
 2905646 1513791 2049620.29   98   61 2093975.56 2024231.75  3.33%   4.0 1505s
 2914784 1519568 2079357.34  113   25 2093975.56 2024238.52  3.33%   4.0 1510s
 2924451 1523829 2082323.34  104   30 2093975.56 2024254.07  3.33%   4.0 1515s
 2933225 1527632 2078929.14   71   56 2093975.56 2024266.54  3.33%   4.0 1520s
 2942767 1531609 2079836.14   91   31 2093975.56 2024280.46  3.33%   4.0 1525s
 2952689 1536999 2039790.94   96   58 2093975.56 2024293.05  3.33%   4.0 1530s
 2960591 1540848 2046543.13   67   61 2093975.56 2024305.53  3.33%   4.0 1535s
 2970523 1545836 2093649.14  159   53 2093975.56 2024319.70  3.33%   4.0 1540s
 2979513 1549118 2090088.25   67   54 2093975.56 2024328.75  3.33%   4.0 1545s
 2987669 1553637 2050279.39  108   57 2093975.56 2024335.52  3.33%   4.0 1550s
 2997374 1557682 2055956.31   89   54 2093975.56 2024347.75  3.33%   4.0 1555s
 3006550 1562286 2081948.88   94   57 2093975.56 2024356.11  3.32%   4.0 1560s
 3014767 1565386 2091464.97  120   51 2093975.56 2024362.68  3.32%   4.0 1565s
 3024932 1570231 2083391.53   85   57 2093975.56 2024374.24  3.32%   4.0 1570s
 3034113 1574801     cutoff  130      2093975.56 2024382.99  3.32%   4.0 1575s
 3042861 1579132 2078166.69  139   53 2093975.56 2024397.08  3.32%   4.0 1580s
 3053222 1583990     cutoff  145      2093975.56 2024404.22  3.32%   4.0 1585s
 3062814 1587955 2072003.11   69   55 2093975.56 2024415.92  3.32%   4.0 1590s
 3071370 1591969 2053420.36   81   59 2093975.56 2024428.12  3.32%   4.0 1595s
 3081257 1596796 2086937.98  105   30 2093975.56 2024435.72  3.32%   4.0 1600s
 3090734 1600891     cutoff   84      2093975.56 2024445.74  3.32%   4.0 1605s
 3099334 1604767 2091911.08   94   33 2093975.56 2024453.28  3.32%   4.0 1610s
 3109527 1609758 2068720.06  127   58 2093975.56 2024468.47  3.32%   4.0 1615s
 3118909 1613213     cutoff   84      2093975.56 2024478.74  3.32%   4.0 1620s
 3126944 1617346     cutoff  117      2093975.56 2024490.46  3.32%   4.0 1625s
 3136343 1622031     cutoff  136      2093975.56 2024503.40  3.32%   4.0 1630s
 3144963 1626709 2090930.57  148   54 2093975.56 2024511.04  3.32%   4.0 1635s
 3154573 1630848 2039707.44   69   59 2093975.56 2024521.38  3.32%   4.0 1640s
 3163815 1634508     cutoff  157      2093975.56 2024534.51  3.32%   4.0 1645s
 3173456 1637775 2089215.00   92   52 2093975.56 2024545.57  3.32%   4.0 1650s
 3182388 1641820 2088980.73  108   54 2093975.56 2024556.92  3.32%   4.0 1655s
 3191842 1646164 2093230.69   87   53 2093975.56 2024569.20  3.31%   4.0 1660s
 3200941 1649799     cutoff   94      2093975.56 2024579.62  3.31%   4.0 1665s
 3210400 1654196     cutoff   97      2093975.56 2024588.30  3.31%   4.0 1670s
 3219195 1658348 2041609.45   58   60 2093975.56 2024596.27  3.31%   4.0 1675s
 3228689 1663207 2075076.30  105   30 2093975.56 2024610.37  3.31%   4.0 1680s
 3238553 1668561     cutoff   78      2093975.56 2024622.69  3.31%   4.0 1685s
 3248465 1674316     cutoff   76      2093975.56 2024627.76  3.31%   4.0 1690s
 3258034 1678665     cutoff   92      2093975.56 2024637.05  3.31%   4.0 1695s
 3268325 1685589 2090259.72  153   54 2093975.56 2024646.36  3.31%   4.0 1700s
 3277688 1691344 2063728.81   89   53 2093975.56 2024653.19  3.31%   4.0 1705s
 3286471 1695038 2092084.47  105   28 2093975.56 2024661.95  3.31%   4.0 1710s
 3295039 1698800 2091027.58  130   51 2093975.56 2024672.35  3.31%   4.0 1715s
 3304729 1702624 2090807.86  156   55 2093975.56 2024684.32  3.31%   4.0 1720s
 3314781 1708782     cutoff  115      2093975.56 2024693.09  3.31%   4.0 1725s
 3323667 1713746 2063044.56  104   57 2093975.56 2024700.89  3.31%   4.0 1730s
 3333624 1719003 2089994.18  125   53 2093975.56 2024711.53  3.31%   4.0 1735s
 3343043 1722844 2042127.86   87   61 2093975.56 2024720.17  3.31%   4.0 1740s
 3351977 1727775 2093313.24  124   56 2093975.56 2024728.11  3.31%   4.0 1745s
 3361330 1731222 2093713.92  155   54 2093975.56 2024740.30  3.31%   4.0 1750s
 3371392 1735073 2087191.89  106   28 2093975.56 2024756.39  3.31%   4.0 1755s
 3380830 1738946 2093308.57  104   56 2093975.56 2024763.53  3.31%   4.0 1760s
 3390899 1744371 2089613.73  127   55 2093975.56 2024775.99  3.30%   4.0 1765s
 3398816 1748731 2075010.63  101   31 2093975.56 2024784.78  3.30%   4.0 1770s
H3400586 1749209                    2093905.5505 2024786.64  3.30%   4.0 1770s
 3407500 1752556     cutoff   77      2093905.55 2024794.59  3.30%   4.0 1775s
 3417016 1756340 2090547.32  161   54 2093905.55 2024805.33  3.30%   4.0 1780s
 3426917 1760522     cutoff   81      2093905.55 2024814.09  3.30%   4.0 1785s
 3435515 1765127     cutoff   99      2093905.55 2024821.43  3.30%   4.0 1790s
 3444231 1768477     cutoff   84      2093905.55 2024830.12  3.30%   4.0 1795s
 3453873 1774004 2089946.78  160   24 2093905.55 2024836.48  3.30%   4.0 1800s
 3463598 1779478 2085640.78  115   23 2093905.55 2024841.84  3.30%   4.0 1805s
 3474001 1784312     cutoff  128      2093905.55 2024851.75  3.30%   4.0 1810s
 3482584 1787808 2073154.17  114   52 2093905.55 2024858.38  3.30%   4.0 1815s
 3492766 1792879 2088810.81   96   57 2093905.55 2024871.22  3.30%   4.0 1820s
 3501527 1797197 2059858.53   92   58 2093905.55 2024877.32  3.30%   4.0 1825s
H3506341 1800040                    2093900.5612 2024884.92  3.30%   4.0 1827s
H3507638 1800858                    2093900.5339 2024884.92  3.30%   4.0 1828s
H3508163 1800904                    2093900.4725 2024885.28  3.30%   4.0 1828s
H3508523 1800906                    2093894.4112 2024886.16  3.30%   4.0 1829s
 3509905 1802100 2077481.17  104   33 2093894.41 2024887.29  3.30%   4.0 1830s
H3510384 1802366                    2093894.3639 2024887.29  3.30%   4.0 1830s
 3519432 1807428 2077070.36   71   32 2093894.36 2024895.40  3.30%   4.0 1835s
 3527847 1811773 2086288.33  121   53 2093894.36 2024899.01  3.30%   4.0 1840s
 3537409 1815982 2091511.01  129   56 2093894.36 2024907.15  3.29%   4.0 1845s
 3546469 1821555 2074061.78   95   54 2093894.36 2024910.35  3.29%   4.0 1850s
 3555799 1825174     cutoff  103      2093894.36 2024921.50  3.29%   4.0 1855s
 3565440 1828368     cutoff  137      2093894.36 2024936.92  3.29%   4.0 1860s
 3574575 1832909     cutoff   79      2093894.36 2024947.03  3.29%   4.0 1865s
 3583444 1836533 2080405.35  118   53 2093894.36 2024958.91  3.29%   4.0 1870s
 3592500 1840471 2088921.32  133   52 2093894.36 2024968.51  3.29%   4.0 1875s
 3600531 1844545 2091034.25  122   48 2093894.36 2024978.80  3.29%   4.0 1880s
 3610605 1849188     cutoff   81      2093894.36 2024989.48  3.29%   4.0 1885s
 3620949 1855192 2070855.64   85   57 2093894.36 2024998.98  3.29%   4.0 1890s
 3629065 1857977     cutoff  145      2093894.36 2025009.05  3.29%   4.0 1895s
 3639304 1863442     cutoff  125      2093894.36 2025020.06  3.29%   4.1 1900s
 3649670 1867186 2090540.51  111   55 2093894.36 2025033.10  3.29%   4.1 1905s
 3658024 1870836 2070488.76   89   56 2093894.36 2025042.70  3.29%   4.1 1910s
 3668606 1876697 2059618.47   85   54 2093894.36 2025050.72  3.29%   4.1 1915s
 3677933 1881698     cutoff  106      2093894.36 2025057.97  3.29%   4.1 1920s
 3687451 1886101 2085734.11  125   51 2093894.36 2025065.38  3.29%   4.1 1925s
 3698155 1891233 2074932.36   72   34 2093894.36 2025076.20  3.29%   4.1 1930s
 3707551 1896491     cutoff   90      2093894.36 2025086.80  3.29%   4.1 1935s
H3713313 1898630                    2093849.0501 2025093.12  3.28%   4.1 1937s
H3715750 1899668                    2093848.9524 2025096.42  3.28%   4.1 1939s
 3717284 1901066 2086934.11   93   54 2093848.95 2025096.68  3.28%   4.1 1940s
H3720223 1902146                    2093847.3870 2025098.82  3.28%   4.1 1941s
 3727404 1904500     cutoff  107      2093847.39 2025111.12  3.28%   4.1 1945s
 3737479 1909790     cutoff  173      2093847.39 2025121.91  3.28%   4.1 1950s
 3747873 1913776     cutoff  102      2093847.39 2025134.82  3.28%   4.1 1955s
 3757271 1918973     cutoff  195      2093847.39 2025143.47  3.28%   4.1 1960s
 3767850 1924115 2082698.14   76   55 2093847.39 2025157.11  3.28%   4.1 1965s
 3778712 1929339     cutoff  144      2093847.39 2025170.12  3.28%   4.1 1970s
H3779510 1929585                    2093847.3107 2025170.86  3.28%   4.1 1970s
 3787412 1933332 2035685.78   65   63 2093847.31 2025175.11  3.28%   4.1 1975s
 3796634 1935456     cutoff   87      2093847.31 2025184.40  3.28%   4.1 1980s
 3807235 1941458 2073509.22  106   54 2093847.31 2025191.29  3.28%   4.1 1985s
 3815802 1945229     cutoff  119      2093847.31 2025202.27  3.28%   4.1 1990s
 3825486 1949358     cutoff  107      2093847.31 2025210.50  3.28%   4.1 1995s
 3835905 1954697 2056278.62   73   56 2093847.31 2025219.43  3.28%   4.1 2000s
 3844875 1959135 2085598.36  122   53 2093847.31 2025227.99  3.28%   4.1 2005s
H3849153 1960830                    2093836.0611 2025233.91  3.28%   4.1 2007s
 3854125 1963224 2066973.04   70   59 2093836.06 2025238.29  3.28%   4.1 2010s
H3855150 1963816                    2093836.0542 2025239.03  3.28%   4.1 2010s
H3855311 1963816                    2093836.0532 2025239.21  3.28%   4.1 2010s
 3862987 1967216 2074877.87   91   57 2093836.05 2025244.67  3.28%   4.1 2015s
 3872996 1973286 2090916.01   79   56 2093836.05 2025254.21  3.28%   4.1 2020s
 3883594 1977470 2089602.11   82   56 2093836.05 2025265.43  3.27%   4.1 2025s
 3892561 1981472 2060288.41   83   60 2093836.05 2025274.37  3.27%   4.1 2030s
 3902808 1986526 2083956.16  114   53 2093836.05 2025282.04  3.27%   4.1 2035s
 3911421 1991914 2090231.32   89   25 2093836.05 2025289.21  3.27%   4.1 2040s
 3921316 1996744 2090934.50   97   58 2093836.05 2025295.01  3.27%   4.1 2045s
 3931284 2001420 2083587.26  132   55 2093836.05 2025304.60  3.27%   4.1 2050s
 3940566 2006697     cutoff  101      2093836.05 2025308.99  3.27%   4.1 2055s
 3950869 2013361     cutoff  185      2093836.05 2025316.22  3.27%   4.1 2060s
 3959646 2017639 2084590.73  122   52 2093836.05 2025324.88  3.27%   4.1 2065s
 3969526 2021910 2087612.94   90   27 2093836.05 2025335.25  3.27%   4.1 2070s
 3978744 2026361     cutoff  137      2093836.05 2025344.29  3.27%   4.1 2075s
 3987624 2030728 2048346.48   70   59 2093836.05 2025348.95  3.27%   4.1 2080s
 3996903 2034245     cutoff  132      2093836.05 2025357.69  3.27%   4.1 2085s
 4006118 2038352 2042396.95   85   60 2093836.05 2025364.03  3.27%   4.1 2090s
 4014859 2043007 2055215.60  151   57 2093836.05 2025370.40  3.27%   4.1 2095s
 4024348 2047911     cutoff  101      2093836.05 2025378.56  3.27%   4.1 2100s
 4033312 2050746 2093074.02  108   57 2093836.05 2025390.09  3.27%   4.1 2105s
 4042174 2054412     cutoff   71      2093836.05 2025403.64  3.27%   4.1 2110s
 4051409 2057256     cutoff   81      2093836.05 2025417.63  3.27%   4.1 2115s
 4061213 2062835     cutoff  192      2093836.05 2025423.54  3.27%   4.1 2120s
 4070142 2067094     cutoff  132      2093836.05 2025428.77  3.27%   4.1 2125s
 4079930 2071369     cutoff   65      2093836.05 2025434.98  3.27%   4.1 2130s
 4088791 2074540     cutoff   90      2093836.05 2025444.96  3.27%   4.1 2135s
 4098406 2077527     cutoff   85      2093836.05 2025457.67  3.27%   4.1 2140s
 4107327 2081180     cutoff   93      2093836.05 2025467.64  3.27%   4.1 2145s
H4108135 2081271                    2093833.6440 2025468.40  3.27%   4.1 2145s
H4109874 2081861                    2093833.5216 2025469.76  3.27%   4.1 2146s
 4115657 2085301 2066333.59   88   58 2093833.52 2025475.89  3.26%   4.1 2150s
 4124605 2090376 2088392.30  175   29 2093833.52 2025481.94  3.26%   4.1 2155s
 4135755 2096271     cutoff   99      2093833.52 2025491.06  3.26%   4.1 2160s
 4145141 2099868     cutoff   89      2093833.52 2025502.51  3.26%   4.1 2165s
 4154179 2103513 2088218.07   94   30 2093833.52 2025513.87  3.26%   4.1 2170s
 4164058 2108770 2070884.64   96   58 2093833.52 2025524.06  3.26%   4.1 2175s
 4173750 2111371     cutoff  103      2093833.52 2025537.39  3.26%   4.1 2180s
 4183435 2116581 2032332.19   99   59 2093833.52 2025543.46  3.26%   4.1 2185s
 4192784 2120020 2083563.79   81   58 2093833.52 2025551.69  3.26%   4.1 2190s
 4202332 2124255     cutoff  181      2093833.52 2025558.58  3.26%   4.1 2195s
 4210734 2128032 2070931.11  101   55 2093833.52 2025566.12  3.26%   4.1 2200s
 4219837 2132171 2091144.93   92   54 2093833.52 2025574.74  3.26%   4.1 2205s
 4229769 2137685     cutoff  121      2093833.52 2025580.30  3.26%   4.1 2210s
 4238356 2142390 2048506.32   83   60 2093833.52 2025586.01  3.26%   4.1 2215s
 4246933 2146049 2074459.36   77   33 2093833.52 2025595.48  3.26%   4.1 2220s
 4257010 2150922 2083229.24  175   51 2093833.52 2025603.75  3.26%   4.1 2225s
 4265855 2155479 2085773.13  138   21 2093833.52 2025612.79  3.26%   4.1 2230s
 4274782 2159736 2055343.99   74   61 2093833.52 2025622.16  3.26%   4.1 2235s
 4283527 2163356     cutoff   78      2093833.52 2025629.74  3.26%   4.1 2240s
H4293287 2169026                    2093832.0615 2025636.56  3.26%   4.1 2244s
 4293572 2169046     cutoff  105      2093832.06 2025636.56  3.26%   4.1 2245s
H4294462 2169665                    2093831.9859 2025637.79  3.26%   4.1 2245s
 4302323 2174309 2085753.56  140   53 2093831.99 2025642.16  3.26%   4.1 2250s
 4311633 2179108 2049626.38  109   56 2093831.99 2025649.57  3.26%   4.1 2255s
 4321088 2183163     cutoff  152      2093831.99 2025661.15  3.26%   4.1 2260s
 4329697 2187476     cutoff  102      2093831.99 2025668.11  3.26%   4.1 2265s
 4339052 2192354 2090229.51  113   21 2093831.99 2025675.37  3.26%   4.1 2270s
 4348561 2195446 2092273.32  166   52 2093831.99 2025685.54  3.25%   4.1 2275s
 4357629 2198895 2092746.39  108   55 2093831.99 2025693.81  3.25%   4.1 2280s
 4365400 2202697 2056135.70   84   57 2093831.99 2025699.57  3.25%   4.1 2285s
 4374204 2205755 2091380.71   97   54 2093831.99 2025708.73  3.25%   4.1 2290s
 4384643 2212517     cutoff   80      2093831.99 2025714.80  3.25%   4.1 2295s
 4393372 2216233 2075348.24   87   55 2093831.99 2025721.55  3.25%   4.1 2300s
 4402696 2221457 2079228.11  133   35 2093831.99 2025728.41  3.25%   4.1 2305s
 4412341 2223852 2076067.09   94   57 2093831.99 2025740.21  3.25%   4.1 2310s
 4420725 2227187     cutoff   89      2093831.99 2025749.21  3.25%   4.1 2315s
 4429398 2231121 2088522.19  138   54 2093831.99 2025756.80  3.25%   4.1 2320s
 4438372 2234042 2091851.07  105   58 2093831.99 2025765.90  3.25%   4.1 2325s
 4446742 2237494     cutoff  125      2093831.99 2025772.98  3.25%   4.1 2330s
 4456028 2241773     cutoff  101      2093831.99 2025779.22  3.25%   4.1 2335s
 4464792 2245614     cutoff   85      2093831.99 2025787.33  3.25%   4.1 2340s
 4473489 2251178     cutoff  108      2093831.99 2025790.78  3.25%   4.1 2345s
 4482498 2255201 2086139.13   95   48 2093831.99 2025796.70  3.25%   4.1 2350s
 4491465 2259205     cutoff  131      2093831.99 2025804.50  3.25%   4.1 2355s
 4499309 2262357 2092014.10  215   51 2093831.99 2025813.63  3.25%   4.1 2360s
 4509349 2266717 2076373.92  112   56 2093831.99 2025817.70  3.25%   4.1 2365s
 4518334 2270611 2063808.99   94   56 2093831.99 2025825.67  3.25%   4.1 2370s
 4526841 2276566 2091285.26  115   53 2093831.99 2025829.07  3.25%   4.1 2375s
 4535530 2279658 2038122.00   75   61 2093831.99 2025836.10  3.25%   4.1 2380s
 4544541 2284306     cutoff   67      2093831.99 2025843.48  3.25%   4.1 2385s
 4554093 2289960 2090096.38  116   51 2093831.99 2025850.95  3.25%   4.1 2390s
 4563621 2293570 2054399.67   95   58 2093831.99 2025862.91  3.25%   4.2 2395s
 4571347 2297632 2088731.92   83   55 2093831.99 2025868.00  3.25%   4.2 2400s
 4581337 2302330 2052752.19  120   56 2093831.99 2025875.81  3.25%   4.1 2405s
 4590174 2305413 2072826.97  102   58 2093831.99 2025883.33  3.25%   4.2 2410s
 4599287 2310310     cutoff  126      2093831.99 2025889.12  3.24%   4.2 2415s
 4608524 2315450 2073149.65  153   53 2093831.99 2025895.11  3.24%   4.2 2420s
 4618088 2318969 2071028.57  109   53 2093831.99 2025904.09  3.24%   4.2 2425s
 4626558 2322893     cutoff  100      2093831.99 2025910.48  3.24%   4.2 2430s
 4635871 2327964 2041786.85   77   59 2093831.99 2025919.03  3.24%   4.2 2435s
 4646102 2334054 2084724.64  105   54 2093831.99 2025926.51  3.24%   4.2 2440s
 4655219 2338960 2058761.83  128   58 2093831.99 2025933.58  3.24%   4.2 2445s
 4664963 2344105 2084555.12   87   59 2093831.99 2025941.10  3.24%   4.2 2450s
 4673167 2348175     cutoff  129      2093831.99 2025948.44  3.24%   4.2 2455s
 4683122 2354520     cutoff  116      2093831.99 2025954.04  3.24%   4.2 2460s
 4691817 2358492 2086296.04   99   54 2093831.99 2025960.92  3.24%   4.2 2465s
 4701878 2363760 2093203.85  106   19 2093831.99 2025967.98  3.24%   4.2 2470s
 4711692 2368636 2032088.49   80   63 2093831.99 2025974.70  3.24%   4.2 2475s
 4720678 2371850     cutoff  107      2093831.99 2025981.59  3.24%   4.2 2480s
 4729640 2376658 2076531.69   63   31 2093831.99 2025989.75  3.24%   4.2 2485s
 4740155 2381953 2089859.16   97   30 2093831.99 2025998.45  3.24%   4.2 2490s
 4749081 2387577 2065984.04   80   56 2093831.99 2026002.74  3.24%   4.2 2495s
 4758370 2391891 2086591.33  112   55 2093831.99 2026010.62  3.24%   4.2 2500s
 4766474 2395696 2086829.27  143   33 2093831.99 2026015.67  3.24%   4.2 2505s
 4775675 2398902     cutoff   78      2093831.99 2026023.31  3.24%   4.2 2510s
 4785078 2402975 2093310.76  178   54 2093831.99 2026030.30  3.24%   4.2 2515s
 4794741 2406733 2058258.81  118   57 2093831.99 2026040.02  3.24%   4.2 2520s
 4802328 2408996 2076422.65   72   56 2093831.99 2026045.64  3.24%   4.2 2525s
H4806851 2411737                    2093666.3776 2026048.78  3.23%   4.2 2527s
H4807183 2411758                    2093663.9096 2026048.78  3.23%   4.2 2527s
H4808351 2412004                    2093663.8285 2026049.62  3.23%   4.2 2528s
 4811781 2414205 2091144.44   81   32 2093663.83 2026051.43  3.23%   4.2 2530s
 4821912 2418907 2069795.68   90   58 2093663.83 2026060.16  3.23%   4.2 2535s
 4830842 2423136 2085627.42   85   55 2093663.83 2026065.74  3.23%   4.2 2540s
 4840965 2427907 2085568.15   66   55 2093663.83 2026073.75  3.23%   4.2 2545s
 4850251 2432612 2087009.51  112   54 2093663.83 2026078.65  3.23%   4.2 2550s
 4859043 2437226 2058537.46   73   60 2093663.83 2026083.93  3.23%   4.2 2555s
 4869032 2442186     cutoff  108      2093663.83 2026090.03  3.23%   4.2 2560s
 4877987 2446597 2086813.62  107   53 2093663.83 2026093.66  3.23%   4.2 2565s
 4887708 2451880 2092915.36   72   56 2093663.83 2026101.74  3.23%   4.2 2570s
 4897137 2455398     cutoff   94      2093663.83 2026110.05  3.23%   4.2 2575s
 4905961 2459886 2087145.65  175   56 2093663.83 2026114.83  3.23%   4.2 2580s
 4915590 2464176 2055407.83  114   51 2093663.83 2026124.87  3.23%   4.2 2585s
 4925278 2468224 2092132.26  122   55 2093663.83 2026133.93  3.23%   4.2 2590s
 4933852 2472572 2039201.04  120   60 2093663.83 2026141.24  3.23%   4.2 2595s
 4943493 2476705 2085305.23   94   55 2093663.83 2026147.64  3.22%   4.2 2600s
 4951761 2480719     cutoff   95      2093663.83 2026153.06  3.22%   4.2 2605s
 4961577 2485727 2090245.35  140   53 2093663.83 2026158.00  3.22%   4.2 2610s
 4970945 2490921 2085871.12  113   30 2093663.83 2026165.84  3.22%   4.2 2615s
 4979690 2495125     cutoff   96      2093663.83 2026172.30  3.22%   4.2 2620s
 4989634 2500628 2039870.06   95   61 2093663.83 2026178.91  3.22%   4.2 2625s
 4998816 2503797     cutoff   70      2093663.83 2026185.10  3.22%   4.2 2630s
 5007328 2506983 2088949.36   97   54 2093663.83 2026190.56  3.22%   4.2 2635s
 5016239 2511804 2090111.17   76   54 2093663.83 2026196.55  3.22%   4.2 2640s
 5025536 2515430     cutoff  130      2093663.83 2026203.46  3.22%   4.2 2645s
 5034553 2519855 2074946.52   91   33 2093663.83 2026210.08  3.22%   4.2 2650s
 5043702 2524774 2083306.43   75   26 2093663.83 2026214.86  3.22%   4.2 2655s
 5053377 2529628 2048346.27  116   58 2093663.83 2026220.62  3.22%   4.2 2660s
 5061844 2533032 2083026.84   81   53 2093663.83 2026225.88  3.22%   4.2 2665s
 5071491 2536617 2084489.91   86   57 2093663.83 2026234.11  3.22%   4.2 2670s
 5081120 2541171 2085147.44   95   54 2093663.83 2026240.92  3.22%   4.2 2675s
 5090164 2545823 2087775.51  105   53 2093663.83 2026244.73  3.22%   4.2 2680s
 5100647 2550360 2065372.59   85   58 2093663.83 2026252.34  3.22%   4.2 2685s
 5109968 2553904 2085352.67   81   58 2093663.83 2026261.71  3.22%   4.2 2690s
 5118123 2556773 2085783.47  106   30 2093663.83 2026268.10  3.22%   4.2 2695s
 5127576 2561311     cutoff  110      2093663.83 2026276.10  3.22%   4.2 2700s
 5137417 2565454     cutoff  103      2093663.83 2026284.03  3.22%   4.2 2705s
 5145611 2568967 2078609.63  127   59 2093663.83 2026289.31  3.22%   4.2 2710s
 5156131 2573819 2040691.12  118   62 2093663.83 2026294.97  3.22%   4.2 2715s
 5166187 2578273     cutoff   62      2093663.83 2026302.39  3.22%   4.2 2720s
 5174500 2581988 2076989.94  128   28 2093663.83 2026307.17  3.22%   4.2 2725s
 5185038 2587864 2091852.26  161   51 2093663.83 2026312.21  3.22%   4.2 2730s
 5193821 2590998     cutoff   92      2093663.83 2026317.24  3.22%   4.2 2735s
H5195765 2591818                    2093662.2360 2026318.40  3.22%   4.2 2736s
H5195979 2591819                    2093662.1920 2026318.40  3.22%   4.2 2736s
H5197360 2591979                    2093661.9335 2026319.50  3.22%   4.2 2737s
H5198455 2592605                    2093661.7050 2026319.84  3.22%   4.2 2738s
H5199495 2592901                    2093661.3440 2026319.84  3.22%   4.2 2738s
H5201051 2593677                    2093661.3073 2026321.09  3.22%   4.2 2739s
 5202157 2594750 2080123.65  113   53 2093661.31 2026321.09  3.22%   4.2 2740s
H5204738 2595320                    2093661.2717 2026323.55  3.22%   4.2 2741s
H5204952 2595320                    2093661.1308 2026323.70  3.22%   4.2 2741s
 5211745 2598997 2087431.46  113   58 2093661.13 2026328.38  3.22%   4.2 2745s
 5220470 2601837 2084988.33   97   30 2093661.13 2026334.52  3.22%   4.2 2750s
 5229270 2605053 2089387.16   91   53 2093661.13 2026341.53  3.22%   4.2 2755s
 5238738 2608975 2072143.37  120   27 2093661.13 2026347.67  3.22%   4.2 2760s
H5239319 2609312                    2093660.9878 2026347.67  3.22%   4.2 2760s
H5242423 2610503                    2093660.9019 2026349.92  3.21%   4.2 2762s
H5243894 2611128                    2093660.8054 2026350.41  3.21%   4.2 2763s
 5247684 2612854 2092012.96   72   26 2093660.81 2026353.07  3.21%   4.2 2765s
 5256948 2617154 2077062.37   96   56 2093660.81 2026359.07  3.21%   4.2 2770s
 5266371 2620755 2057565.97   68   57 2093660.81 2026367.06  3.21%   4.2 2775s
 5275488 2623457 2093397.01  237   23 2093660.81 2026375.82  3.21%   4.2 2780s
 5284245 2626046 2075141.17   88   60 2093660.81 2026383.81  3.21%   4.2 2785s
H5288955 2628707                    2093651.7682 2026385.42  3.21%   4.2 2788s
H5290690 2629466                    2093651.7342 2026386.32  3.21%   4.2 2789s
 5292293 2630224     cutoff  109      2093651.73 2026387.87  3.21%   4.2 2790s
H5292990 2630534                    2093647.7841 2026388.35  3.21%   4.2 2790s
H5297040 2632070                    2093647.7598 2026389.94  3.21%   4.2 2792s
 5301437 2634525 2069687.21  110   55 2093647.76 2026392.55  3.21%   4.2 2795s
 5310588 2637964 2071585.13   94   58 2093647.76 2026397.82  3.21%   4.2 2800s
 5319570 2641916 2069640.18   70   61 2093647.76 2026402.55  3.21%   4.2 2805s
H5327989 2645224                    2093605.9607 2026407.29  3.21%   4.2 2809s
 5328055 2645382 2069076.28  135   58 2093605.96 2026407.29  3.21%   4.2 2810s
 5336715 2648473     cutoff   93      2093605.96 2026413.26  3.21%   4.2 2815s
H5340882 2650825                    2093605.7379 2026415.39  3.21%   4.2 2817s
 5344844 2653095     cutoff  148      2093605.74 2026417.57  3.21%   4.2 2820s
 5354507 2657265     cutoff  129      2093605.74 2026422.13  3.21%   4.2 2825s
 5364148 2663634     cutoff   89      2093605.74 2026427.25  3.21%   4.2 2830s
 5373234 2667392 2082371.70   97   30 2093605.74 2026431.23  3.21%   4.2 2835s
 5382394 2671673     cutoff   97      2093605.74 2026436.89  3.21%   4.2 2840s
 5391769 2675410 2085572.11   76   56 2093605.74 2026443.03  3.21%   4.2 2845s
 5399604 2678776 2091259.00  118   50 2093605.74 2026447.31  3.21%   4.2 2850s
 5409084 2684140 2085050.82   78   56 2093605.74 2026453.60  3.21%   4.2 2855s
 5417436 2687723 2084187.18  100   55 2093605.74 2026458.37  3.21%   4.2 2860s
 5426504 2692832 2093064.44  123   55 2093605.74 2026462.47  3.21%   4.2 2865s
 5435350 2696974 2068826.25   99   56 2093605.74 2026468.71  3.21%   4.2 2870s
 5444096 2701013 2078656.66   72   58 2093605.74 2026471.90  3.21%   4.2 2875s
 5453476 2705426 2072442.12  101   37 2093605.74 2026479.13  3.21%   4.2 2880s
 5463200 2709386     cutoff  106      2093605.74 2026483.97  3.21%   4.2 2885s
 5472119 2713238 2088651.37  105   52 2093605.74 2026490.18  3.21%   4.2 2890s
 5481228 2716916 2079851.90   83   33 2093605.74 2026497.08  3.21%   4.2 2895s
H5483672 2718301                    2093546.6044 2026497.16  3.20%   4.2 2896s
H5489652 2720587                    2093537.2817 2026503.18  3.20%   4.2 2899s
 5489866 2721033 2067338.13   81   58 2093537.28 2026503.71  3.20%   4.2 2900s
H5490708 2721668                    2093536.4240 2026503.71  3.20%   4.2 2900s
 5498343 2725083     cutoff   74      2093536.42 2026508.46  3.20%   4.2 2905s
 5508013 2729416     cutoff   88      2093536.42 2026514.80  3.20%   4.2 2910s
 5518211 2734733 2043851.66  127   60 2093536.42 2026521.12  3.20%   4.2 2915s
 5526456 2738275     cutoff  118      2093536.42 2026524.92  3.20%   4.2 2920s
 5536459 2742801 2091025.62  171   53 2093536.42 2026531.10  3.20%   4.2 2925s
 5546256 2747675     cutoff   80      2093536.42 2026537.04  3.20%   4.2 2930s
 5555363 2752183     cutoff  113      2093536.42 2026541.56  3.20%   4.2 2935s
 5564206 2756801 2086960.79  123   29 2093536.42 2026548.51  3.20%   4.2 2940s
 5573848 2760869 2089820.07  139   24 2093536.42 2026555.06  3.20%   4.2 2945s
 5582462 2763934 2070898.41   78   58 2093536.42 2026561.14  3.20%   4.2 2950s
 5591867 2768551 2058009.71  117   55 2093536.42 2026565.95  3.20%   4.2 2955s
 5601283 2773004 2075436.77  139   57 2093536.42 2026572.86  3.20%   4.2 2960s
 5609136 2776420 2093251.33  131   52 2093536.42 2026578.82  3.20%   4.2 2965s
 5618766 2780826 2092994.93   82   53 2093536.42 2026586.96  3.20%   4.2 2970s
 5627571 2784756 2078217.36   67   57 2093536.42 2026593.99  3.20%   4.2 2975s
 5636756 2788680 2086037.05  120   53 2093536.42 2026597.75  3.20%   4.2 2980s
H5644618 2792830                    2093423.7189 2026601.35  3.19%   4.2 2983s
 5646321 2793244     cutoff  137      2093423.72 2026602.80  3.19%   4.2 2985s
 5656090 2798439 2090313.84  127   51 2093423.72 2026606.27  3.19%   4.2 2990s
 5666468 2803913 2088283.42   87   56 2093423.72 2026612.28  3.19%   4.2 2995s
 5676286 2807668 2032789.66  110   61 2093423.72 2026617.71  3.19%   4.2 3000s
H5683096 2809894                    2093416.1445 2026622.96  3.19%   4.2 3004s
H5684132 2810357                    2093415.7707 2026623.35  3.19%   4.2 3005s
H5684132 2810357                    2093415.2656 2026623.35  3.19%   4.2 3005s
H5685347 2810949                    2093414.3744 2026623.35  3.19%   4.2 3005s
 5692534 2813328     cutoff  113      2093414.37 2026629.24  3.19%   4.2 3010s
 5701667 2816300     cutoff  128      2093414.37 2026636.45  3.19%   4.2 3015s
 5711474 2821678     cutoff  153      2093414.37 2026642.23  3.19%   4.2 3020s
 5720489 2825557 2086233.12  123   55 2093414.37 2026646.91  3.19%   4.2 3025s
 5730230 2830182     cutoff   89      2093414.37 2026652.22  3.19%   4.2 3030s
 5739497 2834387 2089380.90  113   57 2093414.37 2026656.82  3.19%   4.2 3035s
 5748696 2838734     cutoff  125      2093414.37 2026661.45  3.19%   4.2 3040s
 5757295 2841640 2087048.98  162   56 2093414.37 2026667.48  3.19%   4.2 3045s
 5766967 2845460     cutoff   96      2093414.37 2026672.81  3.19%   4.2 3050s
 5776177 2851344 2067177.47  102   56 2093414.37 2026675.00  3.19%   4.2 3055s
 5784340 2854536 2088244.98  128   55 2093414.37 2026681.91  3.19%   4.2 3060s
 5793294 2857424     cutoff  118      2093414.37 2026686.35  3.19%   4.2 3065s
 5802510 2862351 2088367.30  165   50 2093414.37 2026692.43  3.19%   4.2 3070s
 5811144 2865189 2071728.52   74   54 2093414.37 2026698.37  3.19%   4.2 3075s
 5820522 2868441     cutoff  103      2093414.37 2026704.90  3.19%   4.2 3080s
 5829161 2872361     cutoff   90      2093414.37 2026708.73  3.19%   4.2 3085s
 5838539 2876718 2051188.27  105   60 2093414.37 2026713.01  3.19%   4.3 3090s
 5848237 2880638 2088996.75   98   51 2093414.37 2026718.37  3.19%   4.3 3095s
 5856730 2884580 2093306.09  129   52 2093414.37 2026725.31  3.19%   4.3 3100s
 5866761 2889108 2086207.50  139   53 2093414.37 2026730.31  3.19%   4.3 3105s
 5875629 2892747     cutoff  112      2093414.37 2026736.45  3.19%   4.3 3110s
 5884380 2896156 2089840.48   92   54 2093414.37 2026741.58  3.18%   4.3 3115s
 5893084 2900156     cutoff   73      2093414.37 2026746.41  3.18%   4.3 3120s
 5902154 2903742 2092453.86  107   50 2093414.37 2026751.39  3.18%   4.3 3125s
 5911725 2908368 2078254.74   92   57 2093414.37 2026755.82  3.18%   4.3 3130s
 5919847 2912343 2091977.97  127   23 2093414.37 2026759.21  3.18%   4.3 3135s
 5929094 2916916 2083628.29  108   53 2093414.37 2026761.69  3.18%   4.3 3140s
 5937843 2921870 2090697.81  103   53 2093414.37 2026765.01  3.18%   4.3 3145s
 5947203 2927229 2090805.55   98   55 2093414.37 2026767.80  3.18%   4.3 3150s
 5956102 2931150 2087643.21  218   48 2093414.37 2026772.22  3.18%   4.3 3155s
 5965269 2934957 2090287.81   90   24 2093414.37 2026779.14  3.18%   4.3 3160s
 5974228 2937814 2093268.11  178   58 2093414.37 2026786.84  3.18%   4.3 3165s
 5984009 2942957 2080761.01   75   55 2093414.37 2026792.27  3.18%   4.3 3170s
 5991686 2946945 2089937.05   76   55 2093414.37 2026795.53  3.18%   4.3 3175s
 6001490 2952330 2048710.95  126   57 2093414.37 2026799.17  3.18%   4.3 3180s
 6010791 2956386 2082403.25  181   53 2093414.37 2026805.41  3.18%   4.3 3185s
 6019843 2960589 2053072.86   95   57 2093414.37 2026809.18  3.18%   4.3 3190s
 6028878 2965089 2055389.23   97   62 2093414.37 2026813.65  3.18%   4.3 3195s
 6037236 2969610     cutoff   97      2093414.37 2026816.47  3.18%   4.3 3200s
 6046824 2975282 2087251.81  126   51 2093414.37 2026819.47  3.18%   4.3 3205s
 6056456 2979863     cutoff   87      2093414.37 2026823.73  3.18%   4.3 3210s
 6065167 2984111     cutoff   98      2093414.37 2026829.47  3.18%   4.3 3215s
 6073866 2986897 2041339.56  111   60 2093414.37 2026835.30  3.18%   4.3 3220s
 6083844 2991412 2082605.92  134   54 2093414.37 2026839.29  3.18%   4.3 3225s
 6092225 2995262 2092160.68   99   56 2093414.37 2026841.47  3.18%   4.3 3230s
 6101349 2999067 2075018.27  112   58 2093414.37 2026846.38  3.18%   4.3 3235s
 6110838 3003669 2075227.44   99   55 2093414.37 2026852.47  3.18%   4.3 3240s
 6119103 3006866 2090922.61  104   54 2093414.37 2026857.02  3.18%   4.3 3245s
 6128242 3011574 2087814.40  119   52 2093414.37 2026860.80  3.18%   4.3 3250s
 6138226 3015651 2084872.76  114   54 2093414.37 2026866.41  3.18%   4.3 3255s
 6146326 3019908 2082988.12   65   56 2093414.37 2026869.66  3.18%   4.3 3260s
 6155807 3024308 2079862.33  122   53 2093414.37 2026875.21  3.18%   4.3 3265s
 6165126 3028546 2083667.55   97   32 2093414.37 2026879.40  3.18%   4.3 3270s
 6173123 3031828 2090966.15   63   28 2093414.37 2026883.56  3.18%   4.3 3275s
 6182078 3035407     cutoff  156      2093414.37 2026889.53  3.18%   4.3 3280s
 6190556 3039338 2084121.78  107   55 2093414.37 2026893.80  3.18%   4.3 3285s
 6198851 3042865 2045392.84   83   60 2093414.37 2026897.96  3.18%   4.3 3290s
 6207874 3046609 2058665.14  122   40 2093414.37 2026901.93  3.18%   4.3 3295s
 6217501 3050752 2078325.25  115   53 2093414.37 2026907.94  3.18%   4.3 3300s
 6225114 3053749 2087381.59   75   53 2093414.37 2026913.34  3.18%   4.3 3305s
 6235487 3058855 2045640.81   88   58 2093414.37 2026917.45  3.18%   4.3 3310s
 6244980 3062820 2091558.77  108   32 2093414.37 2026921.74  3.18%   4.3 3315s
 6254189 3066887 2091513.69   99   21 2093414.37 2026926.34  3.18%   4.3 3320s
 6262762 3069943 2088576.00  110   55 2093414.37 2026931.05  3.18%   4.3 3325s
 6272427 3075005     cutoff  132      2093414.37 2026936.05  3.18%   4.3 3330s
 6282247 3079018     cutoff   91      2093414.37 2026940.65  3.18%   4.3 3335s
 6291730 3084326     cutoff  129      2093414.37 2026945.22  3.18%   4.3 3340s
 6301738 3090337     cutoff   88      2093414.37 2026949.99  3.17%   4.3 3345s
 6311396 3095735 2060134.31   89   60 2093414.37 2026954.68  3.17%   4.3 3350s
 6321921 3101522 2074772.86   62   33 2093414.37 2026957.94  3.17%   4.3 3355s
 6330153 3105493 2082534.03  183   50 2093414.37 2026961.10  3.17%   4.3 3360s
 6339088 3110120 2064343.92   59   34 2093414.37 2026965.58  3.17%   4.3 3365s
 6347737 3114850 2071646.75  121   32 2093414.37 2026970.08  3.17%   4.3 3370s
 6357797 3120119 2088755.24   93   54 2093414.37 2026974.87  3.17%   4.3 3375s
 6368074 3125718 2079434.68  115   32 2093414.37 2026980.42  3.17%   4.3 3380s
 6376348 3130294 2083064.17  112   31 2093414.37 2026983.25  3.17%   4.3 3385s
 6386686 3135301     cutoff   88      2093414.37 2026988.55  3.17%   4.3 3390s
 6395505 3138241 2040670.09  119   62 2093414.37 2026993.88  3.17%   4.3 3395s
 6404136 3142188 2039661.59   59   60 2093414.37 2026998.73  3.17%   4.3 3400s
 6413453 3147145 2085484.07   97   29 2093414.37 2027002.54  3.17%   4.3 3405s
 6421659 3151562     cutoff   86      2093414.37 2027007.44  3.17%   4.3 3410s
 6431336 3156871 2065710.57   92   33 2093414.37 2027012.52  3.17%   4.3 3415s
 6441431 3160805 2058002.03   75   59 2093414.37 2027018.77  3.17%   4.3 3420s
 6449157 3164074 2070726.94  116   57 2093414.37 2027022.97  3.17%   4.3 3425s
 6458447 3167898     cutoff  187      2093414.37 2027027.00  3.17%   4.3 3430s
 6468428 3172343 2088792.27  109   25 2093414.37 2027034.70  3.17%   4.3 3435s
 6477523 3175408 2083000.90  118   26 2093414.37 2027041.60  3.17%   4.3 3440s
 6485912 3179397 2076464.11  136   57 2093414.37 2027045.42  3.17%   4.3 3445s
 6495787 3185256 2062273.20   98   56 2093414.37 2027048.86  3.17%   4.3 3450s
 6504373 3189819 2065410.33  119   61 2093414.37 2027054.44  3.17%   4.3 3455s
 6513852 3195013 2071459.89   78   59 2093414.37 2027058.08  3.17%   4.3 3460s
 6523022 3199095     cutoff  141      2093414.37 2027062.50  3.17%   4.3 3465s
 6531839 3204517 2072212.71  112   59 2093414.37 2027067.02  3.17%   4.3 3470s
 6541147 3208889 2084942.48   82   56 2093414.37 2027069.98  3.17%   4.3 3475s
 6550464 3211869     cutoff   88      2093414.37 2027074.28  3.17%   4.3 3480s
 6558876 3215277     cutoff  147      2093414.37 2027079.19  3.17%   4.3 3485s
 6568395 3218525     cutoff  128      2093414.37 2027086.34  3.17%   4.3 3490s
 6578081 3221936 2047365.30   78   59 2093414.37 2027092.70  3.17%   4.3 3495s
 6586692 3225360     cutoff  116      2093414.37 2027095.44  3.17%   4.3 3500s
 6595996 3230317 2088415.14  108   52 2093414.37 2027100.70  3.17%   4.3 3505s
 6605531 3234412 2078676.09   97   35 2093414.37 2027105.08  3.17%   4.3 3510s
 6614458 3238944 2079069.90  105   57 2093414.37 2027108.62  3.17%   4.3 3515s
 6623378 3242667 2042273.14  117   61 2093414.37 2027111.00  3.17%   4.3 3520s
 6633205 3247349     cutoff  112      2093414.37 2027116.54  3.17%   4.3 3525s
 6642042 3251707 2087502.79   89   53 2093414.37 2027120.06  3.17%   4.3 3530s
 6651181 3256689 2030678.54   64   62 2093414.37 2027122.98  3.17%   4.3 3535s
 6659852 3260807     cutoff   90      2093414.37 2027127.42  3.17%   4.3 3540s
 6669121 3263583 2088650.50   95   55 2093414.37 2027131.61  3.17%   4.3 3545s
 6677919 3268491 2062243.57   73   60 2093414.37 2027135.77  3.17%   4.3 3550s
 6687048 3273411     cutoff  104      2093414.37 2027139.45  3.17%   4.3 3555s
 6695933 3277407 2088568.54  112   54 2093414.37 2027144.18  3.17%   4.3 3560s
 6705655 3282589 2086299.93  100   56 2093414.37 2027147.87  3.17%   4.3 3565s
 6714461 3287367 2040398.94  110   62 2093414.37 2027152.39  3.17%   4.3 3570s
 6723443 3291598     cutoff   69      2093414.37 2027156.94  3.17%   4.3 3575s
 6732621 3296074 2076413.82   71   57 2093414.37 2027161.07  3.16%   4.3 3580s
 6740520 3299362 2087333.60  102   30 2093414.37 2027165.43  3.16%   4.3 3585s
 6750668 3303741 2035073.43   82   61 2093414.37 2027169.96  3.16%   4.3 3590s
 6760042 3307099 2052056.93   73   59 2093414.37 2027175.52  3.16%   4.3 3595s
 6769026 3311172 2091433.44  110   25 2093414.37 2027178.81  3.16%   4.3 3600s

Cutting planes:
  RLT: 20

Explored 6769094 nodes (29103352 simplex iterations) in 3600.02 seconds (1505.28 work units)
Thread count was 2 (of 24 available processors)

Solution count 10: 2.09341e+06 2.09342e+06 2.09342e+06 ... 2.09366e+06

Time limit reached
Best objective 2.093414374384e+06, best bound 2.027178805879e+06, gap 3.1640%
