
Gurobi 11.0.3 (linux64, Java) logging started sáb 14 dez 2024 13:55:06 -03

Set parameter Username
Academic license - for non-commercial use only - expires 2025-10-10
Set parameter NonConvex to value 2
Set parameter TimeLimit to value 3600
Set parameter LogToConsole to value 0
Set parameter MIPGap to value 7.6131968797397716e-08
Set parameter Threads to value 2
Set parameter NodefileDir to value "/home/ps12398/experiment_epec/goalProgrammingMarcos/"
Set parameter NodefileStart to value 1
Gurobi Optimizer version 11.0.3 build v11.0.3rc0 (linux64)

CPU model: Intel(R) Xeon(R) CPU           X5650  @ 2.67GHz, instruction set [SSE2]
Thread count: 12 physical cores, 24 logical processors, using up to 2 threads

Optimize a model with 30216 rows, 21123 columns and 217445 nonzeros
Model fingerprint: 0xa565f097
Model has 107 quadratic constraints
Variable types: 10512 continuous, 10611 integer (102 binary)
Coefficient statistics:
  Matrix range     [1e-02, 5e+06]
  QMatrix range    [1e-02, 8e+04]
  QLMatrix range   [1e+00, 8e+04]
  Objective range  [1e+00, 3e+07]
  Bounds range     [1e+00, 1e+08]
  RHS range        [1e+00, 1e+06]
  QRHS range       [5e-02, 5e-02]
Presolve removed 30048 rows and 20782 columns
Presolve time: 0.78s
Presolved: 442 rows, 432 columns, 10839 nonzeros
Presolved model has 91 bilinear constraint(s)

Solving non-convex MIQCP

Variable types: 187 continuous, 245 integer (0 binary)
Found heuristic solution: objective 4961343.4164

Root relaxation: objective 0.000000e+00, 199 iterations, 0.01 seconds (0.01 work units)

    Nodes    |    Current Node    |     Objective Bounds      |     Work
 Expl Unexpl |  Obj  Depth IntInf | Incumbent    BestBd   Gap | It/Node Time

     0     0    0.00000    0  129 4961343.42    0.00000   100%     -    0s
     0     0    0.00000    0  204 4961343.42    0.00000   100%     -    0s
H    0     0                    2275740.5881    0.00000   100%     -    0s
     0     0    0.00000    0  202 2275740.59    0.00000   100%     -    1s
     0     0    0.00000    0  202 2275740.59    0.00000   100%     -    1s
     0     0    0.00000    0  202 2275740.59    0.00000   100%     -    1s
     0     2    0.00000    0  202 2275740.59    0.00000   100%     -    2s
H  515   526                    1209454.4209    0.00000   100%  17.4    3s
H  660   659                    1123997.3414    0.00000   100%  18.0    3s
H  661   661                    930827.99218    0.00000   100%  18.1    3s
  1380  1633    0.00000  440   92 930827.992    0.00000   100%  17.8    5s
H 1629  1633                    615956.77433    0.00000   100%  16.4    5s
H 1653  1912                    481181.83134    0.00000   100%  16.3    5s
H 2526  2758                    458989.84818    0.00000   100%  11.7    6s
  3897  3887 138587.188 1101  111 458989.848    0.00000   100%   9.1   10s
  3916  3901 55464.4474  750   98 458989.848    0.00000   100%   9.2   16s
  3933  3917    0.00000   43  181 458989.848    0.00000   100%  10.3   20s
H 3960  3742                    458989.82335    0.00000   100%  10.3   22s
  3994  3814    0.00000   57  168 458989.823    0.00000   100%  10.3   29s
H 4018  3620                    458989.82214    0.00000   100%  10.3   29s
  4048  3701    0.00000   69  158 458989.822    0.00000   100%  10.3   37s
  4139  3781    0.00000   91  125 458989.822    0.00000   100%  10.4   46s
  4250  3873    0.00000  118  100 458989.822    0.00000   100%  10.5   53s
  4383  3962    0.00000  155   86 458989.822    0.00000   100%  10.6   62s
  4533  4024    0.00000  195   91 458989.822    0.00000   100%  10.7   70s
  4663  4096    0.00000  222   83 458989.822    0.00000   100%  11.1   78s
  4787  4190    0.00000  253   81 458989.822    0.00000   100%  11.4   86s
  4926  4281    0.00000  286   81 458989.822    0.00000   100%  11.9   96s
  5069  4502    0.00000  312   86 458989.822    0.00000   100%  12.2  106s
  5339  4716 3303.88469  357   95 458989.822    0.00000   100%  12.0  116s
  5645  4894 10818.2949  411   98 458989.822    0.00000   100%  11.7  123s
  5925  5093 11581.2318  463  100 458989.822    0.00000   100%  11.4  132s
  6217  5279 4744.05259  516   94 458989.822    0.00000   100%  11.1  141s
  6500  5464 13409.1637  567  100 458989.822    0.00000   100%  10.8  147s
  6780  5705 8888.10029  616   96 458989.822    0.00000   100%  10.6  154s
  7114  6003 15413.1037  679  100 458989.822    0.00000   100%  10.3  162s
  7523  6233 10951.3002  750   96 458989.822    0.00000   100%  10.0  168s
  7890  6460 13595.7076  812   96 458989.822    0.00000   100%   9.7  175s
  8239  6687 13905.7286  866   96 458989.822    0.00000   100%   9.4  182s
  8582  6875 15109.2515  920   94 458989.822    0.00000   100%   9.2  188s
  8885  7083 16301.1784  978   93 458989.822    0.00000   100%   9.0  196s
  9194  7309 19193.9953 1037   93 458989.822    0.00000   100%   8.9  205s
  9523  7548 18653.3643 1099   94 458989.822    0.00000   100%   8.6  215s
  9871  7840 21241.9124 1162   96 458989.822    0.00000   100%   8.5  225s
 10279  8142 22445.1241 1235   98 458989.822    0.00000   100%   8.4  234s
 10717  8501 26074.8453 1308   98 458989.822    0.00000   100%   8.3  243s
 11222  8818 24324.2078 1384   97 458989.822    0.00000   100%   8.2  252s
 11708  9174 26090.2577 1456   97 458989.822    0.00000   100%   8.0  261s
 12226  9664 27921.9038 1549   97 458989.822    0.00000   100%   7.8  269s
 12888 10051 31070.8856 1714   94 458989.822    0.00000   100%   7.5  277s
 13496 10346 36697.2576 1865   93 458989.822    0.00000   100%   7.3  285s
 13994 10542 37505.2419 2010   90 458989.822    0.00000   100%   7.1  293s
 14356 10875 42441.7407 2109   89 458989.822    0.00000   100%   7.0  300s
 14809 11254 40734.1278 2256   85 458989.822    0.00000   100%   6.9  307s
 15239 11708 41514.2355 2398   85 458989.822    0.00000   100%   6.9  316s
 15693 12111 43182.1603 2544   84 458989.822    0.00000   100%   6.8  324s
 16099 12548 45527.2320 2675   80 458989.822    0.00000   100%   6.7  332s
H16380 12548                    458988.84161    0.00000   100%   6.6  332s
 16536 12965 50765.1196 2815   79 458988.842    0.00000   100%   6.6  338s
 16953 13368 48523.3323 2951   80 458988.842    0.00000   100%   6.5  344s
 17356 13828 49853.6211 3074   80 458988.842    0.00000   100%   6.5  351s
 17817 14241 51088.0206 3203   79 458988.842    0.00000   100%   6.4  359s
 18230 14637 51777.1930 3337   77 458988.842    0.00000   100%   6.4  366s
 18628 15034 53403.4688 3465   75 458988.842    0.00000   100%   6.3  371s
 19025 15382 63110.3105 3584   82 458988.842    0.00000   100%   6.3  378s
 19373 15480 57905.3457 3679   79 458988.842    0.00000   100%   6.3  384s
 19471 15801 59120.4864 3679   81 458988.842    0.00000   100%   6.3  390s
 19793 16086 60416.1942 3763   80 458988.842    0.00000   100%   6.2  396s
 20078 16385 61213.8390 3829   80 458988.842    0.00000   100%   6.2  402s
 20377 16670 62432.2938 3897   82 458988.842    0.00000   100%   6.2  409s
 20662 16953 63385.9127 3963   76 458988.842    0.00000   100%   6.1  415s
 20945 17250 64448.3460 4027   77 458988.842    0.00000   100%   6.1  422s
 21244 17525 70555.9683 4100   78 458988.842    0.00000   100%   6.0  430s
 21520 17725 71683.4047 4182   78 458988.842    0.00000   100%   6.0  436s
 21723 17932 95486.3344 4189   82 458988.842    0.00000   100%   6.0  442s
H21943 18169                    455779.96682    0.00000   100%   6.0  450s
 22180 18292 91798.9136 4188   77 455779.967    0.00000   100%   6.0  456s
 22307 18408    0.00000  142   83 455779.967    0.00000   100%   6.0  463s
 22425 18536    0.00000  166   94 455779.967    0.00000   100%   6.1  471s
 22563 18681    0.00000  199  101 455779.967    0.00000   100%   6.2  478s
 22709 18851    0.00000  229   93 455779.967    0.00000   100%   6.3  485s
 22882 19025    0.00000  267   81 455779.967    0.00000   100%   6.5  491s
 23061 19204    0.00000  303   97 455779.967    0.00000   100%   6.8  497s
 23240 19443 9393.37619  343  104 455779.967    0.00000   100%   7.0  505s
H23317 19443                    455768.46780    0.00000   100%   7.0  505s
 23479 19711 4342.13291  381  103 455768.468    0.00000   100%   7.0  510s
 23748 19964 6919.80598  426  101 455768.468    0.00000   100%   6.9  518s
 24001 20232 22770.6042  468   96 455768.468    0.00000   100%   6.9  524s
 24270 20484 44902.0994  513  100 455768.468    0.00000   100%   6.9  530s
 24637 20840 36540.4413  591   93 455768.468    0.00000   100%   6.8  540s
 24882 21080 42231.1489  642   99 455768.468    0.00000   100%   6.8  548s
 25123 21332 50459.2429  693   96 455768.468    0.00000   100%   6.8  554s
 25375 21584 68709.8566  747   94 455768.468    0.00000   100%   6.8  559s
 25627 21860 72076.3113  801   89 455768.468    0.00000   100%   6.8  566s
 25906 22112 67992.4991  860   98 455768.468    0.00000   100%   6.8  574s
 26160 22365 69862.4733  913   98 455768.468    0.00000   100%   6.8  581s
 26422 22641 76848.1072  971   93 455768.468    0.00000   100%   6.8  588s
 26698 22917 72192.0782 1028   97 455768.468    0.00000   100%   6.8  596s
 26979 23177 80344.6523 1088   89 455768.468    0.00000   100%   6.8  603s
 27239 23460 82027.7875 1144   89 455768.468    0.00000   100%   6.8  611s
 27523 23752 70425.4161 1203   91 455768.468    0.00000   100%   6.8  619s
 27817 24034 71795.6505 1267   89 455768.468    0.00000   100%   6.8  625s
 28100 24275 74560.0203 1328   91 455768.468    0.00000   100%   6.8  633s
 28361 24544 82406.4601 1397   87 455768.468    0.00000   100%   6.7  638s
 28644 24809 93220.6140 1466  106 455768.468    0.00000   100%   6.8  646s
 28928 25103 85431.5552 1537   89 455768.468    0.00000   100%   6.8  654s
 29233 25405 97517.5149 1606  101 455768.468    0.00000   100%   6.8  661s
 29540 25667 105329.956 1672  108 455768.468    0.00000   100%   6.8  668s
 29809 25921 107319.198 1730  108 455768.468    0.00000   100%   6.8  675s
 30085 26301 93347.2975 1805   88 455768.468    0.00000   100%   6.8  683s
 30467 26673 104411.955 1868   99 455768.468    0.00000   100%   6.8  691s
 30842 26991 98934.3457 1933   88 455768.468    0.00000   100%   6.8  697s
 31165 27291 101646.395 1997   98 455768.468    0.00000   100%   6.8  703s
 31471 27586 113276.651 2066  100 455768.468    0.00000   100%   6.8  709s
 31769 27895 114137.763 2134  108 455768.468    0.00000   100%   6.8  716s
 32078 28196 114054.380 2198  107 455768.468    0.00000   100%   6.9  723s
 32380 28564 122733.880 2263  104 455768.468    0.00000   100%   6.9  730s
 32749 28892 113596.381 2325   97 455768.468    0.00000   100%   6.9  737s
 33100 29251 115518.075 2400   97 455768.468    0.00000   100%   6.9  744s
 33499 29596 119092.298 2485  102 455768.468    0.00000   100%   6.8  750s
 33881 29854 119571.831 2565   96 455768.468    0.00000   100%   6.8  756s
 34140 30075 139767.276 2624   95 455768.468    0.00000   100%   6.8  761s
 34361 30262 129400.730 2683   83 455768.468    0.00000   100%   6.8  767s
 34548 30496 131556.829 2741   94 455768.468    0.00000   100%   6.8  773s
 34782 30590 134112.429 2800   83 455768.468    0.00000   100%   6.8  777s
 34876 30832 134118.711 2824   92 455768.468    0.00000   100%   6.8  782s
 35118 31063 134885.159 2884   82 455768.468    0.00000   100%   6.8  790s
 35581 31516 140207.460 3009   91 455768.468    0.00000   100%   6.8  800s
 35802 31751 142077.448 3071   86 455768.468    0.00000   100%   6.8  806s
 36040 31920 144254.593 3134   82 455768.468    0.00000   100%   6.8  814s
 36209 32090 152183.358 3178   97 455768.468    0.00000   100%   6.8  821s
 36379 32327 166520.917 3222   92 455768.468    0.00000   100%   6.8  828s
 36616 32574 169858.322 3286   98 455768.468    0.00000   100%   6.7  836s
 36863 32820 170664.729 3355   94 455768.468    0.00000   100%   6.7  841s
 37109 33102 156258.717 3423   97 455768.468    0.00000   100%   6.7  846s
 37391 33358 158477.132 3492   93 455768.468    0.00000   100%   6.7  854s
 37647 33676 159822.318 3568   83 455768.468    0.00000   100%   6.7  860s
 37965 33932 164274.547 3669   93 455768.468    0.00000   100%   6.6  867s
 38226 34171 186366.187 3769   93 455768.468    0.00000   100%   6.7  874s
 38473 34356 179846.731 3863   83 455768.468    0.00000   100%   6.7  881s
 38662 34572 181410.588 3932   82 455768.468    0.00000   100%   6.7  889s
 38879 34807 184763.932 4003   90 455768.468    0.00000   100%   6.7  897s
 39114 35119 197741.831 4071   89 455768.468    0.00000   100%   6.8  905s
 39427 35499 200727.277 4134   86 455768.468    0.00000   100%   6.8  912s
 39807 35776 196772.449 4190   83 455768.468    0.00000   100%   6.8  921s
 40085 36038 231187.192 4189   84 455768.468    0.00000   100%   6.8  929s
 40347 36445 220145.371 4187   87 455768.468    0.00000   100%   6.8  936s
 40754 36714 242990.429 4190   92 455768.468    0.00000   100%   6.8  941s
 41023 36992 231433.393 4191   89 455768.468    0.00000   100%   6.8  947s
 41301 37277 287182.455 4191   92 455768.468    0.00000   100%   6.8  955s
 41586 37571 258977.285 4191   94 455768.468    0.00000   100%   6.7  964s
 41880 37786 286041.682 4191   92 455768.468    0.00000   100%   6.7  970s
 42101 38186    0.00000  320   96 455768.468    0.00000   100%   6.7  976s
 42502 38686    0.00000  374   84 455768.468    0.00000   100%   6.7  985s
 43002 39167 3434.11986  474  100 455768.468    0.00000   100%   6.8  991s
 43483 39656 10689.9594  574  102 455768.468    0.00000   100%   6.7  999s
 43972 40130 15154.1969  676  101 455768.468    0.00000   100%   6.7 1005s
 44446 40603 19875.5722  774  102 455768.468    0.00000   100%   6.7 1012s
 44919 41060 24512.1621  875   99 455768.468    0.00000   100%   6.7 1021s
 45380 41521 35275.2114  987   97 455768.468    0.00000   100%   6.7 1027s
 45841 41976 36819.4297 1087  103 455768.468    0.00000   100%   6.7 1034s
 46296 42394 46659.6065 1185  110 455768.468    0.00000   100%   6.7 1040s
 46714 42727 52474.0788 1283  110 455768.468    0.00000   100%   6.7 1047s
 47047 43079 44684.4479 1373  112 455768.468    0.00000   100%   6.7 1052s
 47399 43487 49319.0178 1465  110 455768.468    0.00000   100%   6.7 1057s
 47807 43926 49855.8492 1561  111 455768.468    0.00000   100%   6.7 1062s
 48246 44382 52889.9360 1650  106 455768.468    0.00000   100%   6.7 1067s
 48702 44822 64608.0987 1745  110 455768.468    0.00000   100%   6.7 1075s
 49142 45264 60661.7714 1836  106 455768.468    0.00000   100%   6.7 1081s
 49584 45699 64347.3030 1930  106 455768.468    0.00000   100%   6.7 1086s
 50019 46127 67715.9240 2022  102 455768.468    0.00000   100%   6.7 1092s
 50447 46170 72389.5984 2117  110 455768.468    0.00000   100%   6.7 1095s
 50490 46557 72249.0987 2119  108 455768.468    0.00000   100%   6.7 1100s
 50877 46895 80992.0184 2213  107 455768.468    0.00000   100%   6.7 1106s
 51215 47300 92425.5297 2294  109 455768.468    0.00000   100%   6.7 1111s
 51621 47687 116343.252 2416  107 455768.468    0.00000   100%   6.7 1116s
 52008 48066 109626.909 2534  107 455768.468    0.00000   100%   6.7 1121s
 52387 48427 111214.943 2650  105 455768.468    0.00000   100%   6.7 1126s
 52748 48807 112555.171 2764   99 455768.468    0.00000   100%   6.7 1130s
 53498 49526 126156.699 2992  111 455768.468    0.00000   100%   6.7 1138s
 53847 49891 146117.207 3099  109 455768.468    0.00000   100%   6.7 1144s
 54212 50251 134648.711 3208  101 455768.468    0.00000   100%   6.7 1148s
 54572 50619 145063.148 3311  110 455768.468    0.00000   100%   6.7 1154s
 54940 50981 145185.608 3419   94 455768.468    0.00000   100%   6.6 1158s
 55302 51266 152702.358 3524  108 455768.468    0.00000   100%   6.6 1163s
 55589 51392 153044.892 3633   97 455768.468    0.00000   100%   6.6 1166s
 55718 51658 154859.626 3690   92 455768.468    0.00000   100%   6.6 1172s
 55988 51982 163615.738 3800  110 455768.468    0.00000   100%   6.6 1176s
 56312 52276 162886.660 3915  100 455768.468    0.00000   100%   6.7 1181s
 56607 52616 171308.510 4026  106 455768.468    0.00000   100%   6.7 1187s
 56959 52947 182587.362 4140  109 455768.468    0.00000   100%   6.7 1191s
 57290 53262 219303.683 4189  109 455768.468    0.00000   100%   6.6 1196s
 57605 53552 265107.245 4190  115 455768.468    0.00000   100%   6.6 1201s
 57895 53852 227215.584 4190  113 455768.468    0.00000   100%   6.6 1205s
 58492 54310    0.00000  220  106 455768.468    0.00000   100%   6.6 1213s
 58654 54513    0.00000  245   88 455768.468    0.00000   100%   6.6 1219s
 58870 54742    0.00000  270   84 455768.468    0.00000   100%   6.6 1223s
 59103 54963    0.00000  291   79 455768.468    0.00000   100%   6.6 1228s
 59324 55243    0.00000  316   85 455768.468    0.00000   100%   6.6 1232s
 59606 55552 14302.2002  372  101 455768.468    0.00000   100%   6.7 1235s
 59915 55858 11247.0431  451   94 455768.468    0.00000   100%   6.6 1241s
 60221 56136 33601.2287  537   94 455768.468    0.00000   100%   6.6 1245s
 60747 56451 27749.9479  659   92 455768.468    0.00000   100%   6.6 1251s
 60814 56672 35345.0265  674  100 455768.468    0.00000   100%   6.6 1255s
 61272 57131 69317.5081  786  100 455768.468    0.00000   100%   6.6 1263s
 61498 57364 51455.6594  847   91 455768.468    0.00000   100%   6.6 1267s
 61731 57608 73177.0688  907   99 455768.468    0.00000   100%   6.6 1272s
 61975 57828 55553.4006  967   88 455768.468    0.00000   100%   6.6 1276s
 62195 58053 59113.9203 1022   90 455768.468    0.00000   100%   6.6 1280s
 62420 58286 85321.5321 1077  100 455768.468    0.00000   100%   6.6 1285s
 62893 58721 85559.7943 1191  104 455768.468    0.00000   100%   6.6 1292s
 63088 58938 75959.9443 1233   86 455768.468    0.00000   100%   6.6 1295s
 63516 59377 80485.3216 1327   89 455768.468    0.00000   100%   6.6 1303s
 63744 59611 94640.5353 1387  100 455768.468    0.00000   100%   6.6 1307s
 63978 59855 102747.001 1450  103 455768.468    0.00000   100%   6.6 1312s
 64222 60105 91669.5286 1512   85 455768.468    0.00000   100%   6.6 1316s
 64472 60375 93098.5362 1573   88 455768.468    0.00000   100%   6.6 1321s
 64742 60630 104361.176 1640   88 455768.468    0.00000   100%   6.6 1325s
 65261 61156 97683.6700 1771   85 455768.468    0.00000   100%   6.6 1333s
 65523 61423 99216.8904 1838   86 455768.468    0.00000   100%   6.6 1336s
 65790 61597 114693.853 1905  104 455768.468    0.00000   100%   6.6 1340s
 66196 62082 117054.103 2010  103 455768.468    0.00000   100%   6.6 1349s
 66449 62330 104331.123 2078   88 455768.468    0.00000   100%   6.6 1352s
 66697 62582 105659.298 2141   86 455768.468    0.00000   100%   6.6 1355s
 67200 63083 132185.203 2266  106 455768.468    0.00000   100%   6.6 1362s
 67450 63324 113091.977 2331   90 455768.468    0.00000   100%   6.6 1367s
 67691 63571 116223.095 2401   86 455768.468    0.00000   100%   6.6 1371s
 67938 63811 121506.829 2472   85 455768.468    0.00000   100%   6.6 1375s
 68178 64057 146176.096 2542  107 455768.468    0.00000   100%   6.6 1380s
 68424 64319 133261.106 2613   89 455768.468    0.00000   100%   6.6 1386s
 68686 64565 127643.712 2686   84 455768.468    0.00000   100%   6.6 1390s
 69179 65077 137692.082 2824  105 455768.468    0.00000   100%   6.6 1396s
 69444 65343 131889.574 2896   83 455768.468    0.00000   100%   6.6 1400s
 69981 65882 134325.291 3038   86 455768.468    0.00000   100%   6.6 1407s
 70249 66145 140902.509 3106   91 455768.468    0.00000   100%   6.6 1412s
 70512 66385 139532.026 3178   83 455768.468    0.00000   100%   6.6 1417s
 70752 66620 167454.208 3234  107 455768.468    0.00000   100%   6.6 1421s
 70987 66716 151926.216 3288   82 455768.468    0.00000   100%   6.7 1425s
 71342 67233 154027.033 3367   92 455768.468    0.00000   100%   6.7 1433s
 71600 67511 155130.291 3417   84 455768.468    0.00000   100%   6.7 1439s
 71878 67797 159119.867 3469   92 455768.468    0.00000   100%   6.7 1445s
 72449 68235 159121.907 3573   93 455768.468    0.00000   100%   6.7 1453s
 72606 68393 160104.889 3632   84 455768.468    0.00000   100%   6.7 1458s
H72772 68560                    455753.20199    0.00000   100%   6.7 1463s
 72942 68730 173088.060 3738   92 455753.202    0.00000   100%   6.7 1468s
 73115 68913 176282.436 3793   92 455753.202    0.00000   100%   6.7 1474s
 73299 69151 186618.045 3849  103 455753.202    0.00000   100%   6.7 1481s
 73544 69379 180059.631 3913   86 455753.202    0.00000   100%   6.7 1487s
H73774 69688                    441498.32879    0.00000   100%   6.7 1492s
 74083 70142 184941.011 4062   85 441498.329    0.00000   100%   6.8 1499s
H74342 70142                    441498.16730    0.00000   100%   6.8 1499s
 74537 70571 212797.301 4190  102 441498.167    0.00000   100%   6.8 1505s
H74795 70571                    441497.91194    0.00000   100%   6.7 1505s
 74966 71027 229019.259 4190  100 441497.912    0.00000   100%   6.7 1511s
 75422 71517 213388.553 4189  100 441497.912    0.00000   100%   6.7 1517s
 75912 71981 291676.103 4190   97 441497.912    0.00000   100%   6.7 1524s
 76376 72303 273465.530 4190   96 441497.912    0.00000   100%   6.7 1532s
 76702 72513    0.00000  205   94 441497.912    0.00000   100%   6.7 1540s
 76922 72750    0.00000  261  101 441497.912    0.00000   100%   6.7 1547s
 77159 73055    0.00000  307   82 441497.912    0.00000   100%   6.7 1554s
 77465 73423 15905.3478  407   95 441497.912    0.00000   100%   6.7 1560s
 77833 73904 22202.0587  535   93 441497.912    0.00000   100%   6.6 1565s
 78314 74375 30548.3270  694  113 441497.912    0.00000   100%   6.6 1572s
 78785 74867 49332.2713  846  115 441497.912    0.00000   100%   6.6 1577s
 79277 75340 54791.1706 1034  112 441497.912    0.00000   100%   6.6 1583s
 79750 75761 58555.5384 1220  110 441497.912    0.00000   100%   6.6 1590s
 80171 76164 63222.2657 1376  112 441497.912    0.00000   100%   6.5 1596s
H80574 76537                    441497.65722    0.00000   100%   6.5 1602s
 80947 76923 74394.2299 1631  116 441497.657    0.00000   100%   6.5 1606s
H81333 77151                    441479.19711    0.00000   100%   6.5 1610s
 81957 77959 89568.1812 1986  112 441479.197    0.00000   100%   6.5 1618s
H82113 77959                    441424.63119    0.00000   100%   6.4 1618s
 82369 78301 90952.6317 2142  112 441424.631    0.00000   100%   6.4 1622s
 82711 78633 93880.6178 2289  117 441424.631    0.00000   100%   6.4 1626s
 83043 78883 94772.2455 2413  113 441424.631    0.00000   100%   6.4 1632s
 83296 79068 96633.8389 2556  117 441424.631    0.00000   100%   6.4 1636s
 83485 79282 98928.1514 2660  111 441424.631    0.00000   100%   6.4 1642s
 83702 79504 103177.091 2790  110 441424.631    0.00000   100%   6.4 1646s
 83924 79734 110509.234 2902  108 441424.631    0.00000   100%   6.4 1651s
 84154 80000 138203.987 3005  108 441424.631    0.00000   100%   6.4 1657s
 84421 80277 160788.434 3140  108 441424.631    0.00000   100%   6.4 1661s
 84698 80555 167994.853 3283  122 441424.631    0.00000   100%   6.4 1665s
 84976 80823 173518.670 3437  115 441424.631    0.00000   100%   6.3 1670s
 85522 81365 191615.713 3712  106 441424.631    0.00000   100%   6.3 1678s
 85789 81628 203137.806 3849  115 441424.631    0.00000   100%   6.3 1683s
 86052 81901 207601.058 3930  103 441424.631    0.00000   100%   6.3 1689s
 86326 82175 220122.740 4035  112 441424.631    0.00000   100%   6.3 1693s
 86600 82310 239290.699 4157  112 441424.631    0.00000   100%   6.3 1698s
 86735 82575 262686.885 4188  111 441424.631    0.00000   100%   6.3 1703s
 87000 82834 281420.202 4190  110 441424.631    0.00000   100%   6.3 1708s
 87259 83095 270820.982 4190  110 441424.631    0.00000   100%   6.2 1713s
 87520 83348 275756.673 4187  110 441424.631    0.00000   100%   6.2 1719s
 87773 83602 280612.685 4187  110 441424.631    0.00000   100%   6.2 1725s
 88027 83840 296168.319 4188  109 441424.631    0.00000   100%   6.2 1732s
 88267 83976    0.00000  156   90 441424.631    0.00000   100%   6.2 1740s
 88403 84115    0.00000  172   95 441424.631    0.00000   100%   6.2 1746s
 88550 84330    0.00000  217   93 441424.631    0.00000   100%   6.2 1752s
 88767 84555    0.00000  302   92 441424.631    0.00000   100%   6.2 1759s
 89006 84793 23534.8637  390  114 441424.631    0.00000   100%   6.2 1765s
 89244 85027 6398.69726  522  110 441424.631    0.00000   100%   6.2 1772s
 89499 85241 26705.8130  581  107 441424.631    0.00000   100%   6.2 1778s
 89765 85463 34250.7042  709  104 441424.631    0.00000   100%   6.2 1783s
 90039 85690 50523.1440  845  101 441424.631    0.00000   100%   6.1 1788s
 90311 85892 67808.9477  975  110 441424.631    0.00000   100%   6.1 1795s
 90550 86085 84730.7446 1085  109 441424.631    0.00000   100%   6.1 1800s
H90682 86085                    441424.21824    0.00000   100%   6.1 1800s
 90794 86283 98087.4999 1204  111 441424.218    0.00000   100%   6.1 1807s
 91039 86497 113009.410 1322  104 441424.218    0.00000   100%   6.1 1813s
 91298 86709 122075.830 1446  102 441424.218    0.00000   100%   6.1 1821s
 91557 86925 142520.140 1558  103 441424.218    0.00000   100%   6.1 1825s
 91830 87186 164633.065 1649  104 441424.218    0.00000   100%   6.1 1835s
 92105 87446 185366.063 1750  107 441424.218    0.00000   100%   6.1 1843s
H92384 87700                    441409.97488    0.00000   100%   6.0 1850s
 92638 87960 246797.188 1899   94 441409.975    0.00000   100%   6.0 1857s
 92898 88219 256333.854 1999   97 441409.975    0.00000   100%   6.0 1863s
H93038 88219                    420046.57510    0.00000   100%   6.0 1863s
 93157 88500 290579.433 2064  113 420046.575    0.00000   100%   6.0 1872s
 93438 88732 298211.618 2162  113 420046.575    0.00000   100%   6.0 1878s
 93720 88915    0.00000  169  130 420046.575    0.00000   100%   6.0 1884s
 93903 89070    0.00000  227   92 420046.575    0.00000   100%   6.0 1891s
 94070 89201    0.00000  281   99 420046.575    0.00000   100%   6.0 1898s
 94202 89364    0.00000  336   84 420046.575    0.00000   100%   6.0 1904s
 94366 89511    0.00000  415   85 420046.575    0.00000   100%   6.0 1911s
 94514 89729    0.00000  455   92 420046.575    0.00000   100%   6.0 1917s
 94732 89970 14590.4831  522  116 420046.575    0.00000   100%   6.0 1925s
 94973 90212 31951.0672  629  114 420046.575    0.00000   100%   6.0 1934s
 95216 90472 52396.8526  756  119 420046.575    0.00000   100%   6.0 1943s
 95476 90743 49571.0008  895  116 420046.575    0.00000   100%   6.0 1950s
 95747 91034 56602.3182 1034  109 420046.575    0.00000   100%   6.0 1956s
 96046 91421 77687.2354 1182  118 420046.575    0.00000   100%   6.0 1963s
 96455 91711 76589.1730 1395  111 420046.575    0.00000   100%   6.0 1969s
 96773 91938 86329.8206 1589  108 420046.575    0.00000   100%   6.0 1974s
 97001 92241 92682.7237 1722  114 420046.575    0.00000   100%   6.0 1981s
 97306 92545 99062.3803 1944  107 420046.575    0.00000   100%   6.0 1988s
 97610 92861 106059.945 2181  115 420046.575    0.00000   100%   6.0 1993s
 97929 93184 106461.634 2441  104 420046.575    0.00000   100%   5.9 1998s
 98254 93556 111632.205 2639  103 420046.575    0.00000   100%   5.9 2004s
 98692 93922 116759.597 2793  109 420046.575    0.00000   100%   5.9 2010s
 99174 94290 120142.951 2915  103 420046.575    0.00000   100%   5.9 2019s
 99668 94659 124383.028 3033   98 420046.575    0.00000   100%   5.9 2026s
 100158 95097 127391.923 3171   94 420046.575    0.00000   100%   5.9 2033s
 100636 95474 131696.578 3343   97 420046.575    0.00000   100%   5.9 2038s
 101013 95891 136317.705 3492   95 420046.575    0.00000   100%   5.9 2044s
 101430 96295 140942.679 3625   94 420046.575    0.00000   100%   5.9 2051s
 101834 96545 145526.943 3728   95 420046.575    0.00000   100%   5.9 2059s
 102084 96959 148016.537 3830   89 420046.575    0.00000   100%   5.9 2065s
 102498 97371 165467.950 3977  122 420046.575    0.00000   100%   5.9 2071s
 102910 97800 157771.133 4140  107 420046.575    0.00000   100%   5.9 2079s
 103339 98286 200071.376 4189  120 420046.575    0.00000   100%   5.9 2085s
 103825 98823 210968.002 4187  121 420046.575    0.00000   100%   5.8 2090s
 104362 99258 211021.825 4190  119 420046.575    0.00000   100%   5.8 2097s
 104797 99511 238948.230 4190  118 420046.575    0.00000   100%   5.8 2103s
 105050 99653    0.00000  163   99 420046.575    0.00000   100%   5.8 2108s
 105201 99885    0.00000  217  101 420046.575    0.00000   100%   5.8 2114s
 105434 100286    0.00000  308   90 420046.575    0.00000   100%   5.8 2119s
 105837 100474 302354.813  500   99 420046.575    0.00000   100%   5.8 2124s
 106042 100724 399440.412  603   86 420046.575    0.00000   100%   5.8 2131s
 106311 100974    0.00000  157   85 420046.575    0.00000   100%   5.8 2136s
 106571 101181    0.00000  186   90 420046.575    0.00000   100%   5.8 2141s
 106780 101338    0.00000  210  114 420046.575    0.00000   100%   5.8 2146s
 106943 101373    0.00000  235   82 420046.575    0.00000   100%   5.8 2152s
 107165 101416    0.00000  259   85 420046.575    0.00000   100%   5.8 2156s
H107212 101547                    420046.42884    0.00000   100%   5.8 2161s
H107358 101744                    420044.47031    0.00000   100%   5.8 2167s
 107561 102045    0.00000  354   95 420044.470    0.00000   100%   5.8 2175s
 107862 102405 35027.7165  435   93 420044.470    0.00000   100%   5.8 2181s
 108224 102794 60761.8745  546   98 420044.470    0.00000   100%   5.8 2186s
 108615 103126 62980.0391  671   97 420044.470    0.00000   100%   5.8 2192s
 108976 103504 76389.6850  783   96 420044.470    0.00000   100%   5.8 2198s
 109354 103867 103854.001  899   95 420044.470    0.00000   100%   5.8 2205s
 109720 104207 107663.205 1014   93 420044.470    0.00000   100%   5.8 2211s
 110072 104467 104459.814 1119   98 420044.470    0.00000   100%   5.8 2218s
 110391 104815 113524.161 1212  102 420044.470    0.00000   100%   5.9 2223s
 110744 105182 123818.062 1318  101 420044.470    0.00000   100%   5.9 2230s
 111112 105514 127512.063 1433  102 420044.470    0.00000   100%   5.8 2235s
 111486 105826 148010.307 1571  103 420044.470    0.00000   100%   5.8 2242s
 111857 106121 175420.639 1716  102 420044.470    0.00000   100%   5.8 2249s
 112218 106274 176206.429 1860  100 420044.470    0.00000   100%   5.8 2253s
 112401 106546 166106.845 1933   98 420044.470    0.00000   100%   5.8 2260s
 112726 106832 170348.758 2046   97 420044.470    0.00000   100%   5.8 2265s
 113012 107124 184101.005 2119  104 420044.470    0.00000   100%   5.8 2272s
 113332 107400 191422.009 2206  102 420044.470    0.00000   100%   5.8 2278s
 113608 107621 196282.396 2308   98 420044.470    0.00000   100%   5.8 2283s
 113835 107816 210738.510 2379   96 420044.470    0.00000   100%   5.8 2288s
 114033 107981 219157.755 2410   96 420044.470    0.00000   100%   5.8 2291s
 114235 108167 244143.895 2446  100 420044.470    0.00000   100%   5.8 2297s
 114438 108413 237205.681 2491   95 420044.470    0.00000   100%   5.8 2303s
 114684 108715 243769.871 2538   93 420044.470    0.00000   100%   5.8 2309s
 114986 109027 259705.846 2590   97 420044.470    0.00000   100%   5.8 2316s
H115298 109350                    420021.17892    0.00000   100%   5.8 2322s
 115621 109665 287378.550 2704   96 420021.179    0.00000   100%   5.8 2326s
 115936 109988 272005.245 2760   95 420021.179    0.00000   100%   5.8 2330s
 116572 110614 277574.480 2874   93 420021.179    0.00000   100%   5.8 2338s
 116885 110936 280568.796 2934   93 420021.179    0.00000   100%   5.8 2343s
 117207 111227 299124.293 2994   99 420021.179    0.00000   100%   5.8 2347s
 117498 111392 303351.771 3058   99 420021.179    0.00000   100%   5.8 2351s
 117663 111634 304488.400 3096   99 420021.179    0.00000   100%   5.8 2356s
 117905 111886 295722.107 3158   95 420021.179    0.00000   100%   5.8 2360s
H118045 111886                    419998.86650    0.00000   100%   5.8 2360s
 118157 112125 298827.469 3228   96 419998.867    0.00000   100%   5.8 2365s
 118396 112366 312661.478 3294  100 419998.867    0.00000   100%   5.8 2370s
 118637 112605 322466.815 3358  100 419998.867    0.00000   100%   5.8 2375s
 119117 113096 337364.099 3485   98 419998.867    0.00000   100%   5.8 2386s
 119367 113361 330016.789 3555  100 419998.867    0.00000   100%   5.8 2390s
 119632 113615 325160.262 3630   91 419998.867    0.00000   100%   5.8 2395s
 119886 113875 328222.069 3700   91 419998.867    0.00000   100%   5.8 2401s
 120146 114124 333388.801 3770   92 419998.867    0.00000   100%   5.8 2406s
 120395 114378 337198.050 3837   89 419998.867    0.00000   100%   5.8 2410s
 120649 114644 355609.610 3905   90 419998.867    0.00000   100%   5.8 2415s
 120915 114911 380064.014 3978   97 419998.867    0.00000   100%   5.8 2420s
 121454 115449 353532.923 4125   96 419998.867    0.00000   100%   5.8 2429s
 121720 115789 377055.205 4190   98 419998.867    0.00000   100%   5.9 2434s
 122064 116154 381168.115 4190   95 419998.867    0.00000   100%   5.9 2439s
 122451 116460 391936.578 4189   97 419998.867    0.00000   100%   5.9 2446s
 122815 116804 367957.996 4190   96 419998.867    0.00000   100%   5.9 2450s
 123561 117455 377933.413 4189   97 419998.867    0.00000   100%   5.9 2458s
 123926 117566    0.00000  145  105 419998.867    0.00000   100%   5.8 2465s
 124044 117680    0.00000  205   90 419998.867    0.00000   100%   5.8 2470s
 124175 117863    0.00000  276   92 419998.867    0.00000   100%   5.8 2476s
 124359 118167    0.00000  413   99 419998.867    0.00000   100%   5.8 2481s
 124705 118458 41877.4773  626   98 419998.867    0.00000   100%   5.8 2486s
 125072 118745 53507.0828  836   98 419998.867    0.00000   100%   5.8 2493s
 125429 119021 74525.3799 1047  101 419998.867    0.00000   100%   5.8 2498s
 125778 119225 114036.783 1249  104 419998.867    0.00000   100%   5.8 2505s
 126053 119434 123725.454 1380  101 419998.867    0.00000   100%   5.8 2513s
 126337 119653 131789.782 1512  104 419998.867    0.00000   100%   5.8 2518s
 126621 119998 141378.689 1644  101 419998.867    0.00000   100%   5.8 2524s
 126972 120424 144042.206 1773  100 419998.867    0.00000   100%   5.8 2531s
 127398 120840 163055.625 1906   92 419998.867    0.00000   100%   5.7 2536s
 127814 121074 200014.413 2045  104 419998.867    0.00000   100%   5.7 2542s
 128048 121380 203547.475 2132   95 419998.867    0.00000   100%   5.7 2547s
 128354 121688 208902.394 2279  104 419998.867    0.00000   100%   5.7 2551s
 128662 121874 212513.502 2425   94 419998.867    0.00000   100%   5.7 2555s
 129101 122280 269549.415 2702  103 419998.867    0.00000   100%   5.7 2563s
 129332 122591 346903.554 2865   95 419998.867    0.00000   100%   5.7 2567s
 129643 122909 364473.366 3096   98 419998.867    0.00000   100%   5.7 2572s
 129989 123222    0.00000  271   91 419998.867    0.00000   100%   5.7 2578s
 130391 123533 184401.845  430  109 419998.867    0.00000   100%   5.7 2583s
 130716 123820    0.00000  348   84 419998.867    0.00000   100%   5.7 2587s
 131005 124017 144286.580  452   98 419998.867    0.00000   100%   5.7 2591s
 131202 124121 365608.005  549   89 419998.867    0.00000   100%   5.7 2598s
 131384 124300    0.00000  266  104 419998.867    0.00000   100%   5.7 2602s
 131565 124568    0.00000  394   93 419998.867    0.00000   100%   5.7 2609s
 131839 124847 2948.21858  595   99 419998.867    0.00000   100%   5.7 2615s
 132129 125177 51271.8717  771   97 419998.867    0.00000   100%   5.7 2621s
 132461 125495 60832.2757  924   98 419998.867    0.00000   100%   5.6 2627s
 132779 125775 70397.7842 1067   99 419998.867    0.00000   100%   5.6 2632s
 133059 125905 112787.062 1210   94 419998.867    0.00000   100%   5.6 2637s
 133189 126196 118261.851 1293   94 419998.867    0.00000   100%   5.6 2643s
 133480 126502 148060.233 1471  103 419998.867    0.00000   100%   5.6 2648s
 133786 126816 160047.176 1662   98 419998.867    0.00000   100%   5.6 2653s
 134100 127135 247895.041 1852   95 419998.867    0.00000   100%   5.6 2658s
 134419 127467 315258.251 2042   97 419998.867    0.00000   100%   5.6 2664s
 134751 127738 360951.508 2253   88 419998.867    0.00000   100%   5.6 2669s
 135038 128139 2935.46132  387   97 419998.867    0.00000   100%   5.6 2674s
 135439 128513 20343.1386  611   98 419998.867    0.00000   100%   5.5 2679s
 135833 128898 31090.3566  888  100 419998.867    0.00000   100%   5.5 2683s
 136222 129277 50947.5033 1161   99 419998.867    0.00000   100%   5.5 2688s
 136605 129615 57905.8157 1433   98 419998.867    0.00000   100%   5.5 2694s
 137000 129986 63129.6774 1643  100 419998.867    0.00000   100%   5.5 2699s
 137371 130291 88739.4177 1841   90 419998.867    0.00000   100%   5.5 2705s
 137744 130744 160800.540 2033   95 419998.867    0.00000   100%   5.5 2711s
 138197 130846 232343.380 2304   84 419998.867    0.00000   100%   5.5 2716s
 138299 131311 232569.147 2321   84 419998.867    0.00000   100%   5.5 2722s
 138764 131764 244155.716 2612   87 419998.867    0.00000   100%   5.4 2728s
 139217 132193 268436.601 2886   89 419998.867    0.00000   100%   5.4 2734s
 139646 132630 277328.067 3144   88 419998.867    0.00000   100%   5.4 2740s
 140083 133007 287158.989 3411   88 419998.867    0.00000   100%   5.4 2746s
 140460 133305 293827.534 3612   87 419998.867    0.00000   100%   5.4 2752s
 140758 133623 298439.219 3739   87 419998.867    0.00000   100%   5.4 2758s
 141076 133921 303235.181 3874   86 419998.867    0.00000   100%   5.4 2763s
 141374 134229 306642.081 4007   86 419998.867    0.00000   100%   5.4 2769s
 141682 134545 310863.069 4141   86 419998.867    0.00000   100%   5.4 2773s
 142002 134848 374935.131 4191   85 419998.867    0.00000   100%   5.4 2778s
 142319 135151 394246.108 4191   90 419998.867    0.00000   100%   5.3 2784s
 142640 135454 351311.676 4191   84 419998.867    0.00000   100%   5.3 2789s
 142967 135756 334844.355 4188   85 419998.867    0.00000   100%   5.3 2794s
 143289 135896 369649.357 4190   85 419998.867    0.00000   100%   5.3 2797s
 143441 136106 373721.253 4191   86 419998.867    0.00000   100%   5.3 2801s
 143947 136598    0.00000  374   95 419998.867    0.00000   100%   5.3 2808s
 144227 136823 12331.6789  410   94 419998.867    0.00000   100%   5.3 2814s
 144504 137064 8891.50430  437   95 419998.867    0.00000   100%   5.3 2818s
 144786 137314 9621.35429  464   95 419998.867    0.00000   100%   5.3 2821s
 145050 137575 228870.480  545  101 419998.867    0.00000   100%   5.3 2827s
 145312 137850 305923.075  698   91 419998.867    0.00000   100%   5.3 2831s
 145587 138173 369795.295  845   86 419998.867    0.00000   100%   5.3 2837s
 145920 138469 379969.999  941   85 419998.867    0.00000   100%   5.3 2841s
 146254 138814    0.00000  335  102 419998.867    0.00000   100%   5.3 2847s
 146599 139212 53783.7713  365  107 419998.867    0.00000   100%   5.3 2851s
 146997 139499 260116.055  408   96 419998.867    0.00000   100%   5.3 2857s
 147284 139808 307531.120  431   96 419998.867    0.00000   100%   5.3 2862s
 147593 140136 341269.267  454   93 419998.867    0.00000   100%   5.3 2868s
 147921 140473 363096.266  474   91 419998.867    0.00000   100%   5.3 2874s
 148292 140713 406725.634  495   82 419998.867    0.00000   100%   5.3 2881s
 148598 141060    0.00000  307   94 419998.867    0.00000   100%   5.3 2887s
 148948 141427    0.00000  458   87 419998.867    0.00000   100%   5.3 2891s
 149698 142163 14604.3558  798   94 419998.867    0.00000   100%   5.3 2897s
 150051 142522 19561.1820  963   94 419998.867    0.00000   100%   5.3 2900s
 150768 143256 26700.2929 1300   94 419998.867    0.00000   100%   5.3 2907s
 151144 143630 30115.2929 1479   94 419998.867    0.00000   100%   5.3 2913s
 151518 143983 33544.3430 1660   94 419998.867    0.00000   100%   5.3 2919s
 151871 144344 36920.5647 1834   91 419998.867    0.00000   100%   5.3 2924s
 152232 144705 40389.5721 2007   91 419998.867    0.00000   100%   5.2 2929s
 152593 145081 43862.1618 2184   89 419998.867    0.00000   100%   5.2 2935s
 152969 145415 47544.0031 2373   89 419998.867    0.00000   100%   5.2 2940s
 153629 145849 61045.9347 2731   88 419998.867    0.00000   100%   5.2 2947s
 153737 146173 63655.6099 2799   88 419998.867    0.00000   100%   5.2 2952s
 154061 146461 70686.4698 2989   88 419998.867    0.00000   100%   5.2 2956s
 154349 146746 78057.7605 3186   86 419998.867    0.00000   100%   5.2 2961s
 154634 147109 110893.804 3383   84 419998.867    0.00000   100%   5.2 2965s
 154997 147496 112876.510 3579   83 419998.867    0.00000   100%   5.2 2971s
 155384 147872 114688.731 3777   83 419998.867    0.00000   100%   5.2 2976s
 155760 148217 116376.558 3961   83 419998.867    0.00000   100%   5.2 2982s
 156105 148523 118154.407 4153   83 419998.867    0.00000   100%   5.2 2987s
H156411 148854                    419998.83401    0.00000   100%   5.2 2991s
 156742 149154 128411.373 4190   86 419998.834    0.00000   100%   5.2 2995s
H156930 149154                    419996.76299    0.00000   100%   5.2 2995s
 157361 149786 168381.013 4189   87 419996.763    0.00000   100%   5.2 3005s
 157946 150204    0.00000  252   80 419996.763    0.00000   100%   5.2 3014s
 158107 150327    0.00000  292   75 419996.763    0.00000   100%   5.2 3019s
H158160 150214                    409436.58303    0.00000   100%   5.2 3019s
 158242 150475    0.00000  342   80 409436.583    0.00000   100%   5.2 3024s
 158510 150716 107206.550  483  102 409436.583    0.00000   100%   5.2 3030s
 158910 151010 377251.894  703   88 409436.583    0.00000   100%   5.2 3040s
H159168 151159                    409387.24964    0.00000   100%   5.2 3044s
 159263 151309    0.00000  230   98 409387.250    0.00000   100%   5.2 3048s
 159418 151483    0.00000  260  106 409387.250    0.00000   100%   5.2 3053s
 159596 151668    0.00000  299  110 409387.250    0.00000   100%   5.2 3056s
 159786 151864    0.00000  337   99 409387.250    0.00000   100%   5.2 3060s
H160141 152398                    408261.66072    0.00000   100%   5.2 3064s
 160572 154144     cutoff  753      408261.661    0.00000   100%   5.2 3068s
H160574 153465                    393398.99071    0.00000   100%   5.2 3068s
H160574 147887                    341567.75493    0.00000   100%   5.2 3068s
 162574 149731 7515.44793  749   95 341567.755    0.00000   100%   5.2 3071s
 164512 151187 37519.4911 1744  110 341567.755    0.00000   100%   5.2 3076s
 167166 153523 92001.8525 3096   99 341567.755    0.00000   100%   5.1 3080s
H169352 154743                    337792.40452    0.00000   100%   5.0 3084s
H169814 154649                    329670.43696    0.00000   100%   5.0 3086s
H171278 151912                    298012.53922    0.00000   100%   5.0 3088s
H171889 152087                    296680.37392    0.00000   100%   5.0 3089s
 172149 152480 257283.754  552  104 296680.374    0.00000   100%   5.0 3090s
 173720 154081 54541.6295 1035   92 296680.374    0.00000   100%   5.0 3095s
 175612 156094 73020.0075 1938   88 296680.374    0.00000   100%   5.0 3100s
 177092 157479 97808.1939 2956   88 296680.374    0.00000   100%   4.9 3105s
 179697 159922 270753.259  407   99 296680.374    0.00000   100%   4.9 3110s
 181417 161439 19204.0473  838   92 296680.374    0.00000   100%   4.9 3115s
 183496 163590 109418.791 2057   91 296680.374    0.00000   100%   4.8 3120s
 185019 165037 131751.323 2867   97 296680.374    0.00000   100%   4.8 3126s
 186913 166925 162228.073 3901   90 296680.374    0.00000   100%   4.8 3130s
 189157 168983     cutoff  413      296680.374    0.00000   100%   4.8 3135s
 190216 169879    0.00000  397   78 296680.374    0.00000   100%   4.8 3140s
H190978 170762                    296680.21869    0.00000   100%   4.8 3142s
H191210 171017                    296680.03703    0.00000   100%   4.8 3143s
 191784 171759 2288.26439  602   87 296680.037    0.00000   100%   4.8 3145s
H193994 173598                    296679.23407    0.00000   100%   4.7 3149s
H194277 173924                    296663.13905    0.00000   100%   4.7 3150s
H195414 174518                    296641.48219    0.00000   100%   4.7 3154s
 195416 174910 9570.75093 1118   86 296641.482    0.00000   100%   4.7 3155s
 197516 176688 28553.0799 1580   95 296641.482    0.00000   100%   4.7 3160s
 199434 178506 57297.2402 1857   91 296641.482    0.00000   100%   4.7 3165s
 200486 179319 64260.9160 1884   93 296641.482    0.00000   100%   4.6 3171s
 202326 180886 88067.1502 2056   86 296641.482    0.00000   100%   4.6 3175s
 204208 183078 80572.4450 2159   85 296641.482    0.00000   100%   4.6 3180s
 205648 183994 100333.534 2406   88 296641.482    0.00000   100%   4.6 3185s
 207277 185669 106089.036 2609   83 296641.482    0.00000   100%   4.6 3190s
 208518 186947 117838.794 2763   83 296641.482    0.00000   100%   4.6 3195s
 210465 188804 122074.685 3000   84 296641.482    0.00000   100%   4.5 3200s
 211140 189487 126213.261 3096   83 296641.482    0.00000   100%   4.5 3205s
 212903 191196 143323.976 3273   84 296641.482    0.00000   100%   4.5 3210s
 214102 192202 134931.569 3363   79 296641.482    0.00000   100%   4.5 3215s
 215442 193650 140396.263 3528   79 296641.482    0.00000   100%   4.5 3220s
 216142 194276 143184.030 3608   79 296641.482    0.00000   100%   4.5 3225s
 217804 195988 156472.471 3783   77 296641.482    0.00000   100%   4.5 3230s
H219694 197781                    296609.10377    0.00000   100%   4.5 3235s
H220020 198129                    296558.60939    0.00000   100%   4.5 3236s
 221072 198820 158815.110 4172   74 296558.609    0.00000   100%   4.5 3240s
 223172 201330 5516.48443  368  118 296558.609    0.00000   100%   4.5 3245s
 225376 203487    0.00000  378   78 296558.609    0.00000   100%   4.5 3250s
 227327 205291 62874.0998 1304   86 296558.609    0.00000   100%   4.4 3255s
 230388 208232 199086.946 2917   97 296558.609    0.00000   100%   4.4 3260s
 231776 209351 infeasible  469      296558.609    0.00000   100%   4.4 3265s
 234073 211670 16437.7198  685  102 296558.609    0.00000   100%   4.4 3270s
 236471 213923 21529.0040 1158  102 296558.609    0.00000   100%   4.3 3276s
 238037 215345 44278.6557 1577  102 296558.609    0.00000   100%   4.3 3280s
 240094 217276 70580.9205 1981  107 296558.609    0.00000   100%   4.3 3285s
 241746 218459 101691.507 2285   92 296558.609    0.00000   100%   4.3 3290s
 243683 220251 144542.401 2697   91 296558.609    0.00000   100%   4.3 3295s
 245507 222016 167237.267 3066  109 296558.609    0.00000   100%   4.3 3300s
 246918 223143 181898.244 3379   88 296558.609    0.00000   100%   4.3 3306s
 248353 224868 204588.542 3779   86 296558.609    0.00000   100%   4.3 3310s
 250358 226782 223252.458 4368   85 296558.609    0.00000   100%   4.4 3315s
 252201 228150 79093.3482  600   96 296558.609    0.00000   100%   4.4 3321s
 254091 230335 169173.133 1538   91 296558.609    0.00000   100%   4.3 3325s
 256106 232306    0.00000  250  105 296558.609    0.00000   100%   4.3 3330s
 258265 234080 174550.593 1036   96 296558.609    0.00000   100%   4.3 3335s
 261209 236803 23852.4757  540   87 296558.609    0.00000   100%   4.3 3340s
 262885 238507 64165.4893 1305   86 296558.609    0.00000   100%   4.2 3345s
 265217 240822 102107.095 2218   79 296558.609    0.00000   100%   4.2 3350s
 267386 242852 137583.555 3323   72 296558.609    0.00000   100%   4.2 3356s
 268904 244246 156174.647 4115   75 296558.609    0.00000   100%   4.2 3360s
 271167 246664 230611.162 4439   85 296558.609    0.00000   100%   4.2 3365s
 272862 248187 64249.4847  551   99 296558.609    0.00000   100%   4.2 3370s
 274575 249612 95360.2746 1071   93 296558.609    0.00000   100%   4.2 3375s
 276699 251709 142943.037 1868   93 296558.609    0.00000   100%   4.1 3380s
 277966 252777 181148.632 2281   89 296558.609    0.00000   100%   4.1 3385s
 280143 255004    0.00000  424  103 296558.609    0.00000   100%   4.1 3390s
 282209 257165 26624.2895  855  112 296558.609    0.00000   100%   4.1 3395s
 283466 258295 25902.5835 1117  109 296558.609    0.00000   100%   4.1 3400s
 285664 260412 120117.203 1697  103 296558.609    0.00000   100%   4.1 3405s
 287803 262524 151442.975 2295   96 296558.609    0.00000   100%   4.1 3410s
 288806 263387 155209.729 2494   97 296558.609    0.00000   100%   4.1 3415s
 291311 266125 188936.300 3054  104 296558.609    0.00000   100%   4.1 3420s
 293258 267645 187722.156 3440   91 296558.609    0.00000   100%   4.1 3426s
 294822 269509 232572.450 3787  101 296558.609    0.00000   100%   4.1 3430s
 297110 271629     cutoff 4190      296558.609    0.00000   100%   4.1 3435s
 298388 272816    0.00000  282  106 296558.609    0.00000   100%   4.1 3440s
 300630 275145 219070.860 1458   83 296558.609    0.00000   100%   4.1 3445s
 302903 276913 246353.156  362  100 296558.609    0.00000   100%   4.1 3450s
 304147 278282 57941.6267  806   99 296558.609    0.00000   100%   4.1 3455s
 306507 280534 103597.764 2026   93 296558.609    0.00000   100%   4.1 3460s
 308509 282244 119994.339  456   99 296558.609    0.00000   100%   4.1 3467s
 309370 283368 257558.824  499  104 296558.609    0.00000   100%   4.0 3470s
 311517 285033 14655.9105  479  103 296558.609    0.00000   100%   4.1 3475s
 313592 286907 10059.2909  924  103 296558.609    0.00000   100%   4.1 3482s
 315032 288540 7243.63720 1219  102 296558.609    0.00000   100%   4.0 3485s
 317318 290875 20449.2196 1665   99 296558.609    0.00000   100%   4.0 3490s
 318813 292002 23679.2042 1982  100 296558.609    0.00000   100%   4.0 3495s
 320408 293786 22957.7473 2351   96 296558.609    0.00000   100%   4.0 3500s
 322849 295790 37951.7253 2831   99 296558.609    0.00000   100%   4.0 3505s
 324186 297148 40169.5747 3088   96 296558.609    0.00000   100%   4.0 3510s
 326440 299307 43681.7349 3495  100 296558.609    0.00000   100%   4.0 3515s
 328516 301391 60604.1016 3921   96 296558.609    0.00000   100%   4.0 3520s
 330514 303385 91636.1948 4190  102 296558.609    0.00000   100%   4.0 3525s
 333104 305816    0.00000  344   91 296558.609    0.00000   100%   4.0 3530s
 334292 307087 19244.8675  642   95 296558.609    0.00000   100%   4.0 3535s
 336986 309654 37736.3534 1931   94 296558.609    0.00000   100%   4.0 3540s
 339982 312691 65899.2376 3281   85 296558.609    0.00000   100%   4.0 3545s
 342692 315391 117298.657 4190   82 296558.609    0.00000   100%   3.9 3550s
 344554 316946    0.00000  354   90 296558.609    0.00000   100%   3.9 3555s
 346533 319131 215171.411 1128   82 296558.609    0.00000   100%   3.9 3560s
 348743 321141    0.00000  332   97 296558.609    0.00000   100%   3.9 3565s
 350062 322093 infeasible  424      296558.609    0.00000   100%   3.9 3570s
 352455 324531 21738.2248  655   99 296558.609    0.00000   100%   3.9 3575s
 354748 326526 51874.9416 1425   92 296558.609    0.00000   100%   3.9 3580s
 355690 327623 63118.8897 1819   92 296558.609    0.00000   100%   3.9 3585s
 358276 330179 130669.273 2892   96 296558.609    0.00000   100%   3.9 3590s
 360164 331743 195078.825 3538   93 296558.609    0.00000   100%   3.9 3595s
 362012 332958    0.00000  253  118 296558.609    0.00000   100%   3.9 3600s

Cutting planes:
  RLT: 66

Explored 362015 nodes (1404882 simplex iterations) in 3600.08 seconds (1638.76 work units)
Thread count was 2 (of 24 available processors)

Solution count 10: 296559 296609 296641 ... 341568

Time limit reached
Best objective 2.965586093855e+05, best bound 0.000000000000e+00, gap 100.0000%
