
Gurobi 11.0.3 (linux64, Java) logging started dom 15 dez 2024 04:57:58 -03

Set parameter Username
Academic license - for non-commercial use only - expires 2025-10-10
Set parameter NonConvex to value 2
Set parameter TimeLimit to value 3600
Set parameter LogToConsole to value 0
Set parameter MIPGap to value 7.6131968797397716e-08
Set parameter Threads to value 2
Set parameter NodefileDir to value "/home/ps12398/experiment_epec/goalProgrammingMarcos/"
Set parameter NodefileStart to value 1
Gurobi Optimizer version 11.0.3 build v11.0.3rc0 (linux64)

CPU model: Intel(R) Xeon(R) CPU           X5650  @ 2.67GHz, instruction set [SSE2]
Thread count: 12 physical cores, 24 logical processors, using up to 2 threads

Optimize a model with 30216 rows, 21123 columns and 217445 nonzeros
Model fingerprint: 0x3b8a935f
Model has 107 quadratic constraints
Variable types: 10512 continuous, 10611 integer (102 binary)
Coefficient statistics:
  Matrix range     [1e-02, 5e+06]
  QMatrix range    [1e-02, 8e+04]
  QLMatrix range   [1e+00, 8e+04]
  Objective range  [1e+00, 3e+07]
  Bounds range     [1e+00, 1e+08]
  RHS range        [1e+00, 2e+06]
Presolve removed 30050 rows and 20785 columns
Presolve time: 0.81s
Presolved: 437 rows, 428 columns, 10827 nonzeros
Presolved model has 90 bilinear constraint(s)

Solving non-convex MIQCP

Variable types: 183 continuous, 245 integer (0 binary)
Found heuristic solution: objective 4551096.9724

Root relaxation: objective 0.000000e+00, 179 iterations, 0.01 seconds (0.00 work units)

    Nodes    |    Current Node    |     Objective Bounds      |     Work
 Expl Unexpl |  Obj  Depth IntInf | Incumbent    BestBd   Gap | It/Node Time

     0     0    0.00000    0  165 4551096.97    0.00000   100%     -    0s
     0     0    0.00000    0  159 4551096.97    0.00000   100%     -    1s
H    0     0                    1653685.7065    0.00000   100%     -    1s
     0     0    0.00000    0  161 1653685.71    0.00000   100%     -    1s
H    0     0                    1576992.9929    0.00000   100%     -    1s
     0     0    0.00000    0  163 1576992.99    0.00000   100%     -    1s
     0     0    0.00000    0  165 1576992.99    0.00000   100%     -    1s
H    0     0                    1391982.8639    0.00000   100%     -    1s
     0     0    0.00000    0  166 1391982.86    0.00000   100%     -    1s
     0     0    0.00000    0  166 1391982.86    0.00000   100%     -    1s
     0     0    0.00000    0  166 1391982.86    0.00000   100%     -    1s
     0     2    0.00000    0  166 1391982.86    0.00000   100%     -    1s
  1815  2050  226.35369  642   94 1391982.86    0.00000   100%   5.5    5s
H 3691  3500                    1232198.0825    0.00000   100%   5.1    7s
H 3692  3326                    1077839.8053    0.00000   100%   5.1    7s
H 3701  3166                    905268.51305    0.00000   100%   5.3    9s
H 3703  3009                    800904.38676    0.00000   100%   5.3    9s
  3708  3012 1152.99726  383   65 800904.387    0.00000   100%   5.3   11s
H 3739  2884                    800865.51121    0.00000   100%   5.6   11s
H 4175  3045                    668836.90324    0.00000   100%   5.3   12s
H 5436  3797                    667414.27770    0.00000   100%   5.4   14s
  6011  4314 95753.2849  622  117 667414.278    0.00000   100%   5.5   15s
H 8028  5356                    645995.65149    0.00000   100%   5.3   17s
H 9547  6365                    636445.37474    0.00000   100%   5.1   19s
 10126  6995 96772.6771 1669  117 636445.375    0.00000   100%   5.0   20s
H13133  9672                    622381.14115    0.00000   100%   5.1   24s
 13389  9916 106146.534 2440  109 622381.141    0.00000   100%   5.2   25s
H14242 10638                    622381.07068    0.00000   100%   5.3   27s
 16043 12543 137831.297 3129   99 622381.071    0.00000   100%   5.8   30s
 18756 15324 155863.640 3811  117 622381.071    0.00000   100%   6.3   35s
 21295 17845 220263.276 4166  123 622381.071    0.00000   100%   6.6   40s
 24551 20836 94763.5757  438   89 622381.071    0.00000   100%   6.9   45s
 29086 25844 101467.457 1933   91 622381.071    0.00000   100%   6.6   50s
 33623 30278 103685.071 3038   89 622381.071    0.00000   100%   6.4   55s
 37559 34064 105937.527 3714   88 622381.071    0.00000   100%   6.4   60s
H39883 36310                    603158.55171    0.00000   100%   6.5   64s
H40447 37038                    578903.32269    0.00000   100%   6.4   65s
H41282 37712                    578903.32263    0.00000   100%   6.4   66s
 44479 40950 102598.465  898   92 578903.323    0.00000   100%   7.0   70s
 46807 43359 104236.016 1397   89 578903.323    0.00000   100%   7.5   75s
 49823 46342 106273.183 1968   88 578903.323    0.00000   100%   7.7   80s
 51567 48114 108467.986 2525   88 578903.323    0.00000   100%   7.9   85s
 54583 51140 111430.253 3349   88 578903.323    0.00000   100%   7.9   90s
 57407 54224 113504.367 4057  105 578903.323    0.00000   100%   7.9   95s
H59041 55421                    572998.98764    0.00000   100%   7.7   97s
H60124 56507                    572998.98757    0.00000   100%   7.7   99s
 60232 56535 107430.001  295  137 572998.988    0.00000   100%   7.8  100s
H60244 56535                    531147.45855    0.00000   100%   7.8  100s
H60664 57150                    531145.56984    0.00000   100%   7.8  101s
 62821 59296 105178.018  955   96 531145.570    0.00000   100%   8.1  105s
 64858 61380 112672.090 1480  138 531145.570    0.00000   100%   8.3  110s
 67294 63871 108836.037 2082   97 531145.570    0.00000   100%   8.4  115s
 71475 68027 112766.691 3191   97 531145.570    0.00000   100%   8.4  120s
 74843 71461 122369.525 3961  138 531145.570    0.00000   100%   8.5  125s
 78811 75647 148321.409 4166  130 531145.570    0.00000   100%   8.2  130s
 83068 79733 122274.327 2085  114 531145.570    0.00000   100%   7.9  135s
 86369 83273 132211.085 3385  104 531145.570    0.00000   100%   7.7  140s
 90581 87332 115410.954   90   86 531145.570    0.00000   100%   7.4  145s
 94167 90794 120034.788 1052  110 531145.570    0.00000   100%   7.3  150s
 97747 94421 122917.633 2098   95 531145.570    0.00000   100%   7.1  155s
 103945 100570 156034.619 4167  134 531145.570    0.00000   100%   6.8  160s
 108917 105396 124449.865 2752  129 531145.570    0.00000   100%   6.6  165s
 112713 109293 152115.238 4167  135 531145.570    0.00000   100%   6.4  170s
 117395 113920 173214.428 1032   89 531145.570    0.00000   100%   6.2  175s
 120457 116999 254990.140 2708   97 531145.570    0.00000   100%   6.1  180s
 124553 121012 328166.755 4166  124 531145.570    0.00000   100%   6.0  185s
 127788 124220 145748.136 2055   90 531145.570    0.00000   100%   5.9  190s
 132142 128515 169978.939 4165  129 531145.570    0.00000   100%   6.0  195s
 134694 131116 115980.610  720   95 531145.570    0.00000   100%   6.0  200s
 138110 134268 125894.969 3067   92 531145.570    0.00000   100%   6.0  205s
 142647 139084 133361.423  265   97 531145.570    0.00000   100%   5.9  210s
 147125 143560 155924.248 3257  120 531145.570    0.00000   100%   5.9  215s
 150817 147109 194396.799  186  123 531145.570    0.00000   100%   5.9  221s
 153319 149428     cutoff  689      531145.570    0.00000   100%   5.9  225s
 158989 155005 185150.149 3220   92 531145.570    0.00000   100%   5.8  230s
 162592 158669 114328.327  775  122 531145.570    0.00000   100%   5.7  235s
 165979 161938 125397.574 2786  131 531145.570    0.00000   100%   5.6  241s
 169477 165544 163188.723 4165  132 531145.570    0.00000   100%   5.6  245s
 175801 171595 134620.750 2460  129 531145.570    0.00000   100%   5.5  250s
 181069 176976 190708.429  141  122 531145.570    0.00000   100%   5.4  255s
 183930 179731 155395.891 1604   90 531145.570    0.00000   100%   5.4  260s
 186884 182789 171600.119 3424  118 531145.570    0.00000   100%   5.4  265s
 189264 185081 275228.797 4167  126 531145.570    0.00000   100%   5.4  270s
 196909 192583 272642.351 3731   95 531145.570    0.00000   100%   5.3  275s
 200785 196378 96208.7303  934  105 531145.570    0.00000   100%   5.3  280s
 203454 199086 105712.945 2686   96 531145.570    0.00000   100%   5.3  285s
 207372 203194 147830.322 4166  132 531145.570    0.00000   100%   5.2  290s
 210718 206229 127021.967 1962   86 531145.570    0.00000   100%   5.2  295s
 216529 211960 280937.248 4167  123 531145.570    0.00000   100%   5.1  300s
 222057 217162 487298.487  674  109 531145.570    0.00000   100%   5.0  305s
 225872 221259 106844.828 1341   88 531145.570    0.00000   100%   5.0  310s
 231015 226067 145639.530 3856  131 531145.570    0.00000   100%   5.0  315s
 236078 231118     cutoff 1245      531145.570    0.00000   100%   4.9  320s
 240618 235574 111211.311 1547  107 531145.570    0.00000   100%   4.9  325s
 246306 241187 156294.183 4166  133 531145.570    0.00000   100%   4.8  330s
 250568 245259 103217.151  834   88 531145.570    0.00000   100%   4.8  335s
 255125 249891 124511.764 2908  121 531145.570    0.00000   100%   4.7  340s
 259835 254540 280612.473 4166  129 531145.570    0.00000   100%   4.7  345s
 264607 259299 136902.942 1510   85 531145.570    0.00000   100%   4.6  350s
 268958 263559 174283.768 4166  126 531145.570    0.00000   100%   4.6  355s
 273206 267512 229838.449  266  118 531145.570    0.00000   100%   4.5  360s
 277698 272277 175169.623 1910   98 531145.570    0.00000   100%   4.5  365s
H279184 271754                    505906.19616    0.00000   100%   4.5  366s
H279593 272548                    505906.14159    0.00000   100%   4.5  367s
 282550 275332 213047.395 4167  119 505906.142    0.00000   100%   4.5  370s
H284324 276561                    497203.14430    0.00000   100%   4.4  372s
H285386 277720                    497201.75936    0.00000   100%   4.5  375s
H287694 279825                    497190.74734    0.00000   100%   4.5  377s
 289217 281591 198789.745 1473   95 497190.747    0.00000   100%   4.5  380s
 293856 286240 250931.125 4167  120 497190.747    0.00000   100%   4.5  385s
 297869 289979 85440.2428   75   96 497190.747    0.00000   100%   4.5  390s
 301373 293472 120701.313 1842   88 497190.747    0.00000   100%   4.5  395s
 304842 296675 158614.118 4107  110 497190.747    0.00000   100%   4.5  400s
 308662 300754 111373.440 1088  123 497190.747    0.00000   100%   4.5  405s
 313217 305261 126019.107 3417   94 497190.747    0.00000   100%   4.5  410s
 316556 308402 140062.168 4164  133 497190.747    0.00000   100%   4.4  415s
 320222 312185 128832.976 1844   85 497190.747    0.00000   100%   4.4  420s
 324857 316825 168990.442 4167   81 497190.747    0.00000   100%   4.4  425s
 328761 320710 167796.632  905   90 497190.747    0.00000   100%   4.3  430s
 333381 325304 190843.395 3209   87 497190.747    0.00000   100%   4.3  435s
 337812 329784 119739.077  664   83 497190.747    0.00000   100%   4.3  440s
 342933 334768 157840.608 4167   83 497190.747    0.00000   100%   4.3  445s
 346942 338656 379398.338  856  116 497190.747    0.00000   100%   4.3  450s
 350684 342423 96820.3296 2654   86 497190.747    0.00000   100%   4.3  455s
 353902 345637 108581.271  275   92 497190.747    0.00000   100%   4.3  460s
 359275 351005 165194.539 4124   87 497190.747    0.00000   100%   4.3  465s
 363682 355395 130632.140  988   90 497190.747    0.00000   100%   4.3  470s
 368381 359855 166081.549 4013   86 497190.747    0.00000   100%   4.3  475s
 372611 364008 147112.907  341  118 497190.747    0.00000   100%   4.3  480s
 378213 369613 185337.987 3538   96 497190.747    0.00000   100%   4.2  485s
 381701 373208 77697.4163  266   87 497190.747    0.00000   100%   4.2  490s
 387497 378642 87715.4730 3615   88 497190.747    0.00000   100%   4.2  495s
 390297 381461 95293.2968  137   91 497190.747    0.00000   100%   4.2  500s
 394512 385604 102535.945 2396   88 497190.747    0.00000   100%   4.2  505s
 397934 389021 128385.167 4167   88 497190.747    0.00000   100%   4.2  510s
 401430 392589 123563.738 1764   88 497190.747    0.00000   100%   4.2  515s
 404918 395764 134598.293 4165   92 497190.747    0.00000   100%   4.3  520s
 407582 398700 96240.1802  162   95 497190.747    0.00000   100%   4.3  525s
 410787 401885 124601.566 2427   88 497190.747    0.00000   100%   4.3  530s
 414576 405514 154135.837 4166   89 497190.747    0.00000   100%   4.3  535s
 419744 410929 82501.6741 2450   89 497190.747    0.00000   100%   4.3  540s
 425837 416734 96213.3321 4167  128 497190.747    0.00000   100%   4.3  545s
 430728 421614 293138.972  902   92 497190.747    0.00000   100%   4.2  550s
 434759 424784 479643.514 2216   77 497190.747    0.00000   100%   4.2  555s
 441180 430945 123002.605 2591   87 497190.747    0.00000   100%   4.2  560s
 447767 437177 76351.0598  207   91 497190.747    0.00000   100%   4.2  565s
H448791 436921                    487395.41274    0.00000   100%   4.2  566s
 453338 441637 82585.5591 3143   87 487395.413    0.00000   100%   4.1  570s
 458366 446609 160643.913  273  119 487395.413    0.00000   100%   4.1  575s
 461879 450141 400907.216  316   80 487395.413    0.00000   100%   4.1  580s
 466039 454247 369894.521  963  111 487395.413    0.00000   100%   4.1  585s
 471880 460076 98638.3812 2434   88 487395.413    0.00000   100%   4.1  590s
 476264 464416 136067.787 4166   87 487395.413    0.00000   100%   4.1  595s
 481359 469526 117156.386 2430   88 487395.413    0.00000   100%   4.0  600s
 485201 473266 137824.333 4163   89 487395.413    0.00000   100%   4.0  605s
 489086 477207 69435.6477   46  120 487395.413    0.00000   100%   4.0  610s
 492699 480755 113358.656 2338   87 487395.413    0.00000   100%   4.0  615s
 497940 485736 144249.606 4166   90 487395.413    0.00000   100%   4.0  620s
 501622 489579 81787.4117  391  102 487395.413    0.00000   100%   4.0  625s
 504755 492458 81357.9145 1007   89 487395.413    0.00000   100%   4.0  630s
 511575 499444 90900.8118 2417  104 487395.413    0.00000   100%   4.0  635s
 516411 504211 97014.0297 3542  104 487395.413    0.00000   100%   4.0  640s
 521579 508673 310842.558  439  100 487395.413    0.00000   100%   4.0  645s
 529091 516151 128765.718 4003   87 487395.413    0.00000   100%   4.0  650s
 534824 521116 114477.257 2363   88 487395.413    0.00000   100%   4.0  655s
 539982 525825 131940.209 4179   86 487395.413    0.00000   100%   4.0  660s
 545329 531086 77540.1082 2460   90 487395.413    0.00000   100%   3.9  665s
 549187 534890 85103.1974 4171   89 487395.413    0.00000   100%   3.9  670s
 554061 539810 316726.255  363  108 487395.413    0.00000   100%   3.9  675s
 556894 542702 79105.5280   71   88 487395.413    0.00000   100%   3.9  680s
 563267 548889 96818.6240 1416   89 487395.413    0.00000   100%   3.9  685s
 568212 553756 113461.362 2226  126 487395.413    0.00000   100%   3.9  690s
 572645 558271 115047.051 2878   94 487395.413    0.00000   100%   4.0  695s
H575203 553675                    431326.78307    0.00000   100%   3.9  698s
 575956 554592 175127.347 3424  122 431326.783    0.00000   100%   3.9  700s
 579915 558541 240973.271 4102  126 431326.783    0.00000   100%   3.9  705s
 582000 560676 274541.434 4175  136 431326.783    0.00000   100%   4.0  710s
H586991 564458                    431325.13636    0.00000   100%   4.0  714s
 587276 564761 84436.3857 1893   90 431325.136    0.00000   100%   4.0  715s
H589881 566401                    429554.09431    0.00000   100%   3.9  719s
H590117 566412                    429080.62282    0.00000   100%   3.9  719s
 590401 566697 87819.7923 3819   92 429080.623    0.00000   100%   4.0  720s
H594179 570158                    429024.17499    0.00000   100%   3.9  724s
 594866 570885 400017.722  510   80 429024.175    0.00000   100%   3.9  725s
 599266 575388 154158.185 1884   92 429024.175    0.00000   100%   3.9  730s
 604539 580568 183192.876 4169   95 429024.175    0.00000   100%   3.9  735s
 609532 585233 96344.7580 1053  109 429024.175    0.00000   100%   3.9  740s
 618027 593474 87726.4137  107  116 429024.175    0.00000   100%   3.9  745s
 624211 599844 98881.2603 3358   92 429024.175    0.00000   100%   3.8  750s
 629133 604616 147456.096  195   83 429024.175    0.00000   100%   3.8  755s
 632193 607560 92369.3946  103  103 429024.175    0.00000   100%   3.8  760s
 637246 612646 133675.556 3382   84 429024.175    0.00000   100%   3.8  765s
 640610 615732 99215.4611  110  132 429024.175    0.00000   100%   3.8  770s
 646602 621765 145061.975 3406   90 429024.175    0.00000   100%   3.8  775s
 651357 626302 154706.668  229  127 429024.175    0.00000   100%   3.8  780s
H654342 629045                    429015.40134    0.00000   100%   3.8  782s
 656310 631302 109950.751 1386   88 429015.401    0.00000   100%   3.8  785s
H657107 631857                    428984.98402    0.00000   100%   3.8  785s
 660683 635570 134384.778 3946   85 428984.984    0.00000   100%   3.8  790s
 665370 640020 129022.419 1424  102 428984.984    0.00000   100%   3.8  795s
H670635 642331                    407585.83022    0.00000   100%   3.7  799s
 670637 642370 154833.689 3614   89 407585.830    0.00000   100%   3.7  800s
H670688 642368                    407548.39642    0.00000   100%   3.7  800s
 675574 646953 403959.150  647  105 407548.396    0.00000   100%   3.7  805s
 680294 650871     cutoff  656      407548.396    0.00000   100%   3.7  810s
H681050 650986                    405830.41974    0.00000   100%   3.7  811s
H682209 652424                    405729.22991    0.00000   100%   3.7  812s
 687680 657465 112951.368 3094   87 405729.230    0.00000   100%   3.7  815s
 693338 662726 119579.648  311  107 405729.230    0.00000   100%   3.7  820s
H696341 664794                    402159.19241    0.00000   100%   3.7  823s
 697432 666069 118339.037 1792   87 402159.192    0.00000   100%   3.7  825s
 702376 670226 99272.8850  123  106 402159.192    0.00000   100%   3.7  830s
 706654 673939 125302.880 2812   88 402159.192    0.00000   100%   3.6  835s
 711859 678385 300866.599  544  101 402159.192    0.00000   100%   3.6  840s
H712693 678391                    398726.21133    0.00000   100%   3.6  840s
 716757 682386 109989.670 2171   89 398726.211    0.00000   100%   3.6  845s
 720580 686491 120589.237 3756   89 398726.211    0.00000   100%   3.6  850s
 724559 690353 179284.957  355  108 398726.211    0.00000   100%   3.6  855s
 728642 694270    0.00000   40  146 398726.211    0.00000   100%   3.6  860s
 732962 698646 71211.6497  893   86 398726.211    0.00000   100%   3.6  865s
 737426 703045 79601.7165 1812   89 398726.211    0.00000   100%   3.6  870s
 742513 707972 81825.4270 2739   88 398726.211    0.00000   100%   3.6  875s
 747402 713025 86480.2476 3786   87 398726.211    0.00000   100%   3.6  880s
 752111 717623 127727.081  386  114 398726.211    0.00000   100%   3.6  885s
 755460 720753 392849.278  305  104 398726.211    0.00000   100%   3.6  890s
 759656 724926 106852.193 1567   88 398726.211    0.00000   100%   3.6  895s
 763130 727796 118650.677 3747   85 398726.211    0.00000   100%   3.6  900s
 766520 731504 101088.032  341   86 398726.211    0.00000   100%   3.6  905s
 771094 735902 108963.430 2207   92 398726.211    0.00000   100%   3.5  910s
 775275 739864 120330.293 4112   92 398726.211    0.00000   100%   3.5  915s
 779480 744052 117502.305  333  128 398726.211    0.00000   100%   3.5  920s
 783714 747854 320218.901  321  107 398726.211    0.00000   100%   3.5  926s
H784153 747813                    396088.48929    0.00000   100%   3.5  927s
 787296 751174 107031.768 1365   88 396088.489    0.00000   100%   3.5  930s
 791759 755404 116895.697 3704   84 396088.489    0.00000   100%   3.5  935s
 796709 760314 100689.843  164   90 396088.489    0.00000   100%   3.5  940s
 800433 763890 107194.317 1823   87 396088.489    0.00000   100%   3.5  945s
 804933 768324 118858.907 3788   89 396088.489    0.00000   100%   3.5  950s
 810193 773618 186460.882  564  110 396088.489    0.00000   100%   3.5  955s
 815051 778448 107181.186 1849   86 396088.489    0.00000   100%   3.5  960s
 819777 782924 120958.013 4170   85 396088.489    0.00000   100%   3.5  965s
 824149 787243 106029.746  931   94 396088.489    0.00000   100%   3.5  970s
 828801 791859 113988.406 2996   96 396088.489    0.00000   100%   3.4  975s
 832511 795458 139531.870 4170  128 396088.489    0.00000   100%   3.4  980s
 836758 799463 312031.846  636   99 396088.489    0.00000   100%   3.4  985s
 842742 805547 125330.798 2589   91 396088.489    0.00000   100%   3.4  990s
 846715 809418 143101.363 4170  116 396088.489    0.00000   100%   3.4  995s
 850761 813230 106992.890 1478   95 396088.489    0.00000   100%   3.4 1000s
 857772 820369 145784.691 4169  117 396088.489    0.00000   100%   3.4 1005s
H860902 822393                    392648.52418    0.00000   100%   3.4 1008s
H863079 824024                    392087.19669    0.00000   100%   3.4 1009s
 863443 824541 107470.645 1560   90 392087.197    0.00000   100%   3.4 1010s
 868985 829631 104290.466  335   95 392087.197    0.00000   100%   3.4 1015s
H871314 831849                    392074.19770    0.00000   100%   3.4 1018s
 872892 833743 116670.132 2358   88 392074.198    0.00000   100%   3.4 1020s
 878696 839340 141765.366 4169   86 392074.198    0.00000   100%   3.4 1025s
H882279 842723                    392070.40034    0.00000   100%   3.4 1030s
 886547 846959 83596.7197 1396   97 392070.400    0.00000   100%   3.4 1035s
 891007 851416 84938.3773 2058   95 392070.400    0.00000   100%   3.4 1040s
 895111 855307 98313.8322 2636  126 392070.400    0.00000   100%   3.4 1045s
H899793 859416                    386313.17736    0.00000   100%   3.4 1048s
 900802 860470 112120.180 3511  128 386313.177    0.00000   100%   3.4 1050s
H900906 860469                    386301.72865    0.00000   100%   3.4 1050s
 904536 863955 137507.359 4170  132 386301.729    0.00000   100%   3.4 1055s
 911011 870185     cutoff  727      386301.729    0.00000   100%   3.4 1060s
 915717 875047 111271.686 2312   90 386301.729    0.00000   100%   3.4 1065s
 920987 879829 143864.404 4170   88 386301.729    0.00000   100%   3.4 1070s
 925280 884264 117887.316 2351   85 386301.729    0.00000   100%   3.4 1075s
 929118 887941 162868.106 4170  124 386301.729    0.00000   100%   3.4 1080s
 933038 891764 88899.6493  367   93 386301.729    0.00000   100%   3.4 1085s
 937384 896101 129891.016 3118   85 386301.729    0.00000   100%   3.4 1090s
 941714 900382 86693.8786  151   95 386301.729    0.00000   100%   3.4 1095s
 943666 902412 99616.3684 1340   90 386301.729    0.00000   100%   3.4 1100s
 948233 906534 156650.490  291  114 386301.729    0.00000   100%   3.4 1106s
 950984 909059 91851.0656  807   81 386301.729    0.00000   100%   3.4 1110s
 954878 912613 120635.627 2909   85 386301.729    0.00000   100%   3.4 1115s
 958719 916098 306200.584  610   89 386301.729    0.00000   100%   3.4 1120s
 963407 920288 91724.4604  336   83 386301.729    0.00000   100%   3.4 1125s
 968357 925407 120869.584 2867   81 386301.729    0.00000   100%   3.4 1130s
 972743 929876 97776.7241  401  101 386301.729    0.00000   100%   3.4 1135s
 978315 935490 126354.451 3120   93 386301.729    0.00000   100%   3.4 1140s
 983129 940040 99164.5631  246  103 386301.729    0.00000   100%   3.4 1145s
 987205 944298 119428.861 2315   85 386301.729    0.00000   100%   3.4 1150s
 992026 949066 147238.519 4168   79 386301.729    0.00000   100%   3.4 1155s
 995544 952104 100184.613  528   84 386301.729    0.00000   100%   3.4 1160s
 999473 955555 129347.080 3015   80 386301.729    0.00000   100%   3.4 1165s
 1003124 959304 101363.573  336   89 386301.729    0.00000   100%   3.4 1170s
 1007327 963583 105234.450 2207   87 386301.729    0.00000   100%   3.4 1175s
 1012833 968228 114199.842 4169   88 386301.729    0.00000   100%   3.4 1180s
 1016016 971406 95576.4697  175  125 386301.729    0.00000   100%   3.4 1185s
 1019889 974912 259876.413  282  126 386301.729    0.00000   100%   3.4 1190s
 1023053 978106 111883.140 1349   79 386301.729    0.00000   100%   3.4 1195s
 1027216 982255 148253.538 4167   77 386301.729    0.00000   100%   3.4 1200s
 1030152 984992 91312.3751  387   88 386301.729    0.00000   100%   3.4 1205s
 1034534 989482 93148.4286 1013   89 386301.729    0.00000   100%   3.4 1210s
 1040192 994401 94724.3553 1625   88 386301.729    0.00000   100%   3.4 1215s
 1045196 999423 96649.7394 2278   87 386301.729    0.00000   100%   3.4 1220s
 1048641 1002623 97133.9875 2620   96 386301.729    0.00000   100%   3.4 1225s
 1051760 1005661 97654.2112 2895   91 386301.729    0.00000   100%   3.5 1230s
 1054655 1008331 100095.069 3203   87 386301.729    0.00000   100%   3.5 1235s
 1057313 1011041 104093.475 3558   96 386301.729    0.00000   100%   3.5 1240s
 1060610 1014258 117770.219 4034  110 386301.729    0.00000   100%   3.5 1245s
 1064433 1018265 123807.480 4164  110 386301.729    0.00000   100%   3.5 1250s
 1068741 1021700 109175.710  958   80 386301.729    0.00000   100%   3.5 1255s
 1072211 1025176 134048.573 3034   79 386301.729    0.00000   100%   3.5 1260s
 1078414 1031143 95752.5483  749   92 386301.729    0.00000   100%   3.5 1265s
 1083099 1035610 114628.552 3729   81 386301.729    0.00000   100%   3.5 1270s
 1086802 1039444 106827.599 1267   87 386301.729    0.00000   100%   3.5 1275s
Created node file directory '/home/ps12398/experiment_epec/goalProgrammingMarcos//grbnodes4'
 1089469 1042020 126800.713 3089   86 386301.729    0.00000   100%   3.5 1286s
 1093338 1046022 89364.4940  689   89 386301.729    0.00000   100%   3.5 1290s
 1096720 1049345 95447.1295 2719   86 386301.729    0.00000   100%   3.5 1295s
H1099533 1051861                    386245.81698    0.00000   100%   3.5 1299s
 1100200 1052723 121568.698 4168  126 386245.817    0.00000   100%   3.5 1300s
H1101771 1054078                    386245.62786    0.00000   100%   3.5 1303s
 1102414 1054890 87130.1469  145  130 386245.628    0.00000   100%   3.5 1305s
 1102930 1055464 256219.987  475   95 386245.628    0.00000   100%   3.5 1319s
H1103799 1056037                    386230.35020    0.00000   100%   3.5 1319s
 1103836 1056367 98455.6842  441   90 386230.350    0.00000   100%   3.5 1320s
H1106052 1058621                    384714.66501    0.00000   100%   3.5 1322s
 1107535 1060338 124391.621 2715   85 384714.665    0.00000   100%   3.5 1325s
 1111811 1064243 145806.079 4167   79 384714.665    0.00000   100%   3.5 1330s
 1115372 1067944 113023.477 1567   78 384714.665    0.00000   100%   3.5 1345s
 1119837 1072218 155812.257 4170   75 384714.665    0.00000   100%   3.5 1350s
 1124043 1076432 126233.410 2088   91 384714.665    0.00000   100%   3.5 1355s
 1130309 1081563 147911.572 4166  118 384714.665    0.00000   100%   3.5 1360s
 1130845 1082037 153872.211 4169  116 384714.665    0.00000   100%   3.5 1380s
 1133941 1085099 365680.626  337   81 384714.665    0.00000   100%   3.5 1385s
 1138158 1089040 227510.981  429   89 384714.665    0.00000   100%   3.5 1390s
 1142580 1093398 90035.4144 1061   85 384714.665    0.00000   100%   3.5 1395s
 1146461 1096549 99768.6460 1765   85 384714.665    0.00000   100%   3.5 1417s
 1148357 1097845 104619.188 2116   85 384714.665    0.00000   100%   3.5 1420s
 1153241 1102517 127662.573 3403   82 384714.665    0.00000   100%   3.4 1425s
 1158274 1107628 140055.294 4248   80 384714.665    0.00000   100%   3.4 1430s
 1160880 1110483 99422.7549  653   90 384714.665    0.00000   100%   3.4 1450s
H1163577 1112931                    384672.02340    0.00000   100%   3.4 1454s
 1164718 1114365 120335.342 2693   84 384672.023    0.00000   100%   3.4 1455s
 1169315 1118727 143369.906 4247   80 384672.023    0.00000   100%   3.4 1460s
 1174263 1123665 289075.670  368   90 384672.023    0.00000   100%   3.4 1465s
 1176273 1125672 140103.421  491   99 384672.023    0.00000   100%   3.4 1481s
 1179921 1128773     cutoff  717      384672.023    0.00000   100%   3.4 1485s
 1185897 1134016 124428.183 3114   90 384672.023    0.00000   100%   3.4 1490s
 1189728 1137110 195934.114  472   93 384672.023    0.00000   100%   3.4 1495s
 1191460 1138773 306020.851  562  112 384672.023    0.00000   100%   3.4 1516s
 1195831 1143095 128930.625 2058   80 384672.023    0.00000   100%   3.4 1520s
 1200231 1147372 158180.071 4371   78 384672.023    0.00000   100%   3.4 1525s
 1205117 1152294 102192.866  592  101 384672.023    0.00000   100%   3.4 1530s
 1206191 1153344 105325.063 1032   90 384672.023    0.00000   100%   3.4 1547s
H1207980 1154847                    384655.34286    0.00000   100%   3.4 1550s
 1212399 1159241 139666.234 4247   85 384655.343    0.00000   100%   3.4 1555s
 1215762 1162314 103458.481  787   92 384655.343    0.00000   100%   3.4 1560s
 1219975 1165646 118632.428 2546   85 384655.343    0.00000   100%   3.4 1579s
 1220286 1165919 120979.070 2747   84 384655.343    0.00000   100%   3.4 1580s
 1226206 1171485 121429.363  329  116 384655.343    0.00000   100%   3.4 1585s
H1228704 1172935                    384648.84337    0.00000   100%   3.4 1587s
 1230827 1175302 122522.827 1980   85 384648.843    0.00000   100%   3.3 1590s
 1235017 1178475 145305.626 4246  122 384648.843    0.00000   100%   3.3 1611s
H1237921 1181356                    384641.77228    0.00000   100%   3.3 1614s
 1238138 1181648 219080.277  527   91 384641.772    0.00000   100%   3.3 1615s
 1241263 1184593 104128.954 1338   89 384641.772    0.00000   100%   3.3 1620s
 1246763 1189566 128935.444  371   72 384641.772    0.00000   100%   3.3 1625s
 1247197 1190043 308764.338  636   97 384641.772    0.00000   100%   3.3 1637s
 1250807 1193415 118299.010 1015   91 384641.772    0.00000   100%   3.3 1640s
 1256989 1199863 149904.011 4088   82 384641.772    0.00000   100%   3.3 1645s
 1259726 1202579 123863.216  243   79 384641.772    0.00000   100%   3.3 1661s
 1262660 1205284 109383.266  598   86 384641.772    0.00000   100%   3.3 1665s
 1266641 1209380 128040.924 2720   85 384641.772    0.00000   100%   3.3 1670s
 1271332 1213395 115895.707  335   80 384641.772    0.00000   100%   3.3 1675s
 1272261 1214120 118419.376  762   82 384641.772    0.00000   100%   3.3 1691s
 1275598 1217683 137239.372 2475   82 384641.772    0.00000   100%   3.3 1695s
 1280550 1222708 185782.041 4245  108 384641.772    0.00000   100%   3.3 1700s
 1283267 1225250     cutoff  795      384641.772    0.00000   100%   3.3 1717s
 1286512 1228513 127007.434  966   80 384641.772    0.00000   100%   3.3 1720s
 1292512 1234292 163874.033 4165   78 384641.772    0.00000   100%   3.3 1725s
 1293843 1235768 178501.026 4248  107 384641.772    0.00000   100%   3.3 1737s
 1296594 1238564 126425.113 1567   81 384641.772    0.00000   100%   3.3 1740s
 1301798 1243641 169455.532 4248  117 384641.772    0.00000   100%   3.3 1745s
 1303773 1245760 109491.956 1059   89 384641.772    0.00000   100%   3.3 1760s
 1309616 1251364 158644.550 4244  113 384641.772    0.00000   100%   3.3 1765s
 1313571 1255144 331945.925  757   78 384641.772    0.00000   100%   3.3 1781s
 1316160 1257913 123049.312 1363   78 384641.772    0.00000   100%   3.3 1785s
 1321107 1262614 171604.946 4066   85 384641.772    0.00000   100%   3.3 1790s
 1324720 1266246 125817.409 1195   82 384641.772    0.00000   100%   3.3 1811s
 1330894 1272373 168670.060 4248   79 384641.772    0.00000   100%   3.3 1815s
 1334797 1276172 130403.398 1603   78 384641.772    0.00000   100%   3.3 1820s
 1336964 1278371 146269.791 2922   77 384641.772    0.00000   100%   3.3 1837s
 1340360 1281841 168122.278 4248   75 384641.772    0.00000   100%   3.3 1840s
 1345076 1286440 125602.001  888  111 384641.772    0.00000   100%   3.3 1845s
 1347638 1289016 125155.353 1583   86 384641.772    0.00000   100%   3.3 1860s
 1350550 1291308     cutoff  714      384641.772    0.00000   100%   3.3 1865s
 1355174 1295737 145071.588 2960   79 384641.772    0.00000   100%   3.3 1870s
 1356525 1297357 164359.112 3831   98 384641.772    0.00000   100%   3.3 1885s
 1360647 1301461 115332.637  599   93 384641.772    0.00000   100%   3.3 1890s
 1364877 1305775 140103.764 3236   86 384641.772    0.00000   100%   3.3 1909s
 1365766 1306681 146741.136 3773   85 384641.772    0.00000   100%   3.3 1910s
 1371098 1311988     cutoff  670      384641.772    0.00000   100%   3.3 1915s
 1374298 1315011 127215.258 1701   85 384641.772    0.00000   100%   3.3 1935s
 1383031 1323716 322991.797  629   79 384641.772    0.00000   100%   3.3 1941s
 1386762 1327228 232316.392  603  103 384641.772    0.00000   100%   3.3 1957s
 1391123 1331478 105949.707  980   90 384641.772    0.00000   100%   3.3 1960s
 1396525 1336822 134312.719 3730   88 384641.772    0.00000   100%   3.3 1965s
 1397762 1338062 139018.768 4248   86 384641.772    0.00000   100%   3.3 1981s
 1401435 1341911 121182.468 1017   85 384641.772    0.00000   100%   3.3 1985s
 1405503 1345766 147134.058 3406   86 384641.772    0.00000   100%   3.3 1990s
 1408753 1349095 92716.6036  406   93 384641.772    0.00000   100%   3.3 2010s
 1412244 1352584 97802.3435 1188   93 384641.772    0.00000   100%   3.3 2015s
 1418044 1356934 126682.066 2087  121 384641.772    0.00000   100%   3.3 2033s
 1419044 1358152 112041.711 2288   91 384641.772    0.00000   100%   3.3 2035s
 1423741 1362780 129664.545 3122  121 384641.772    0.00000   100%   3.3 2040s
 1427003 1365970 137516.861 3821   86 384641.772    0.00000   100%   3.3 2058s
 1427945 1366929 156281.305 4088  118 384641.772    0.00000   100%   3.3 2060s
 1431516 1370165 110798.532  252   81 384641.772    0.00000   100%   3.3 2065s
 1438064 1375447 124667.939 2469   90 384641.772    0.00000   100%   3.3 2083s
 1440290 1377688 143076.084 3632   90 384641.772    0.00000   100%   3.3 2085s
 1445795 1381958 375150.014  628  115 384641.772    0.00000   100%   3.3 2090s
 1449888 1386107 136008.826 2201   85 384641.772    0.00000   100%   3.3 2095s
 1450595 1386799 140194.284 2556   85 384641.772    0.00000   100%   3.3 2108s
 1451875 1387985 146218.182 3205   81 384641.772    0.00000   100%   3.3 2110s
 1456030 1392212 100677.408  335   95 384641.772    0.00000   100%   3.3 2115s
 1461099 1397309 152437.618 3376   76 384641.772    0.00000   100%   3.3 2120s
 1461985 1398182 161028.094 3891   76 384641.772    0.00000   100%   3.3 2134s
 1462640 1398628 166900.657 4245   75 384641.772    0.00000   100%   3.3 2135s
 1468702 1404993 108704.963 1193   91 384641.772    0.00000   100%   3.3 2140s
 1471925 1408046 127918.897 2816   90 384641.772    0.00000   100%   3.3 2145s
 1472563 1408585 131922.360 3144   90 384641.772    0.00000   100%   3.3 2158s
 1474067 1410141 140783.684 3870   90 384641.772    0.00000   100%   3.3 2160s
H1477249 1413160                    383602.82247    0.00000   100%   3.3 2163s
 1478274 1414182 351651.658  708   85 383602.822    0.00000   100%   3.3 2165s
 1482504 1418481 141685.725  985   86 383602.822    0.00000   100%   3.3 2180s
 1488241 1424294 183457.087 3472   94 383602.822    0.00000   100%   3.3 2185s
 1491769 1427652 219387.820 4246  118 383602.822    0.00000   100%   3.3 2199s
 1492059 1427845 222102.504 4245  117 383602.822    0.00000   100%   3.3 2201s
 1495238 1431091 108878.625  606   80 383602.822    0.00000   100%   3.3 2205s
 1500778 1436533 126778.799 1878   81 383602.822    0.00000   100%   3.3 2210s
 1501151 1436868 129228.231 2085   81 383602.822    0.00000   100%   3.3 2224s
 1501644 1437338 132388.098 2353   81 383602.822    0.00000   100%   3.3 2225s
 1507248 1442164 100953.523  279   97 383602.822    0.00000   100%   3.3 2230s
 1513496 1447896 133893.052 3680   87 383602.822    0.00000   100%   3.3 2235s
 1514080 1448477 136851.404 4020   87 383602.822    0.00000   100%   3.3 2255s
 1517399 1451671 370571.028  809   73 383602.822    0.00000   100%   3.3 2260s
 1524076 1456931 137813.554 2811   81 383602.822    0.00000   100%   3.3 2265s
 1524435 1457260 139702.989 2972   81 383602.822    0.00000   100%   3.3 2281s
 1527637 1460370 158402.860 4246   84 383602.822    0.00000   100%   3.3 2285s
 1532454 1464641 325263.027  658   84 383602.822    0.00000   100%   3.3 2290s
 1533753 1466002 102735.893  689   91 383602.822    0.00000   100%   3.3 2302s
 1537495 1469729 116053.085 2320   88 383602.822    0.00000   100%   3.3 2305s
 1541509 1473604 153846.724 4247  118 383602.822    0.00000   100%   3.3 2310s
 1544414 1476448 354907.157  796   94 383602.822    0.00000   100%   3.3 2328s
 1545878 1478120 111752.369  857   84 383602.822    0.00000   100%   3.3 2330s
 1550009 1481922 127499.297 3013   82 383602.822    0.00000   100%   3.3 2335s
 1554130 1486240 138737.408  368  110 383602.822    0.00000   100%   3.3 2340s
 1554713 1486790 321757.961  630   74 383602.822    0.00000   100%   3.3 2355s
 1557737 1489511 231156.385  282   97 383602.822    0.00000   100%   3.3 2360s
 1564532 1496372 169561.735 4248   76 383602.822    0.00000   100%   3.3 2365s
 1565249 1497080 169160.639 4247   79 383602.822    0.00000   100%   3.3 2377s
 1567606 1499251 266738.516  566   86 383602.822    0.00000   100%   3.2 2380s
 1575005 1506763 137229.594 3491   81 383602.822    0.00000   100%   3.2 2385s
 1576542 1508322 146351.230 4174   81 383602.822    0.00000   100%   3.2 2400s
 1581361 1512469 113504.611 1428   88 383602.822    0.00000   100%   3.2 2405s
 1589110 1519205 163889.727 4248   78 383602.822    0.00000   100%   3.2 2424s
 1590166 1520063 318635.185  549   88 383602.822    0.00000   100%   3.2 2425s
 1593908 1523636 130882.805 1581   85 383602.822    0.00000   100%   3.2 2430s
 1599900 1528773 181659.177 4248  112 383602.822    0.00000   100%   3.2 2445s
 1604702 1533527 96587.4775  848   87 383602.822    0.00000   100%   3.2 2450s
 1609471 1538436 123331.586 3383   88 383602.822    0.00000   100%   3.2 2467s
 1613136 1542194 101157.052  321   87 383602.822    0.00000   100%   3.2 2470s
 1617875 1546857 127754.871 3041   82 383602.822    0.00000   100%   3.2 2475s
 1618858 1547851 138163.567 3542   79 383602.822    0.00000   100%   3.2 2490s
 1622872 1551692 202066.857  465  104 383602.822    0.00000   100%   3.2 2496s
 1626658 1555625 147654.952 1918   76 383602.822    0.00000   100%   3.2 2500s
 1628228 1557095 156787.692 2800   75 383602.822    0.00000   100%   3.2 2514s
 1629164 1558001 156931.515 3336   75 383602.822    0.00000   100%   3.2 2515s
 1632861 1561602 230283.441 4248   94 383602.822    0.00000   100%   3.2 2520s
 1636374 1565283 106722.853 1216   87 383602.822    0.00000   100%   3.2 2538s
 1638431 1567345 114815.287 2194   87 383602.822    0.00000   100%   3.2 2540s
 1643059 1571561 147809.159 4248  104 383602.822    0.00000   100%   3.2 2545s
 1647295 1576095 123860.775 2047   87 383602.822    0.00000   100%   3.2 2563s
 1650039 1578857 142236.716 3580   88 383602.822    0.00000   100%   3.2 2565s
 1654661 1582920 111284.080  735   83 383602.822    0.00000   100%   3.2 2570s
 1658922 1587471 144437.607 3106   83 383602.822    0.00000   100%   3.2 2586s
 1662888 1591293 164959.302 4248  111 383602.822    0.00000   100%   3.2 2590s
 1666109 1594546 182286.990  449  105 383602.822    0.00000   100%   3.2 2595s
 1667625 1595893 247983.635  598   88 383602.822    0.00000   100%   3.2 2610s
 1671458 1599873 116740.553 1737   91 383602.822    0.00000   100%   3.2 2615s
 1674848 1603123 137380.192 3780   88 383602.822    0.00000   100%   3.2 2620s
 1676837 1605056 145179.519  277   74 383602.822    0.00000   100%   3.2 2638s
 1678755 1606694 382963.395  545  105 383602.822    0.00000   100%   3.2 2640s
 1682721 1610696 127074.685 1808   80 383602.822    0.00000   100%   3.2 2645s
 1685430 1613420 144366.475 3573   78 383602.822    0.00000   100%   3.2 2660s
 1689033 1617019 106970.692  601   92 383602.822    0.00000   100%   3.2 2665s
 1692467 1620367 129972.982 2601   92 383602.822    0.00000   100%   3.2 2670s
 1695439 1623269 147328.573 4023   91 383602.822    0.00000   100%   3.2 2683s
 1698570 1625506 160084.274 4242   85 383602.822    0.00000   100%   3.2 2685s
 1703304 1630161 107579.031 1217   89 383602.822    0.00000   100%   3.2 2690s
 1706703 1633595 113572.496 2682   88 383602.822    0.00000   100%   3.2 2702s
 1708558 1635479 117159.572 3425   87 383602.822    0.00000   100%   3.2 2705s
 1711712 1638559 172196.386 4242  133 383602.822    0.00000   100%   3.2 2710s
 1714492 1641283 223083.450  324  107 383602.822    0.00000   100%   3.2 2726s
 1717388 1643753 108282.107 1488  104 383602.822    0.00000   100%   3.2 2730s
 1721960 1648159 142748.392 3927   86 383602.822    0.00000   100%   3.2 2735s
 1723865 1649617 155908.391 4248  122 383602.822    0.00000   100%   3.2 2751s
 1726451 1651674 101796.980  483   94 383602.822    0.00000   100%   3.2 2755s
 1731425 1656342 139214.668 3408   90 383602.822    0.00000   100%   3.2 2760s
 1735184 1660275 137065.392  585   85 383602.822    0.00000   100%   3.2 2765s
 1735554 1660624 138194.852  765   86 383602.822    0.00000   100%   3.2 2777s
 1738506 1663165 153714.759 2414   75 383602.822    0.00000   100%   3.2 2780s
 1744053 1669110 184377.198 4248  108 383602.822    0.00000   100%   3.2 2785s
 1745811 1670765 215871.184  685  108 383602.822    0.00000   100%   3.2 2798s
 1747571 1672589 110989.829  943   80 383602.822    0.00000   100%   3.2 2800s
 1751718 1676421 138558.327 3247   78 383602.822    0.00000   100%   3.1 2805s
 1756301 1681237 109046.549  253   79 383602.822    0.00000   100%   3.1 2822s
 1758254 1682726     cutoff  406      383602.822    0.00000   100%   3.1 2825s
 1761590 1686174 111073.683  232   86 383602.822    0.00000   100%   3.1 2830s
 1763649 1688136 113509.008  902   90 383602.822    0.00000   100%   3.1 2841s
 1767025 1691619 159366.537 2556   83 383602.822    0.00000   100%   3.1 2845s
 1771610 1696096 184943.839 4247  107 383602.822    0.00000   100%   3.1 2850s
 1775633 1699764 103212.822  502   82 383602.822    0.00000   100%   3.1 2855s
 1776111 1700516 104036.672  572   85 383602.822    0.00000   100%   3.1 2867s
 1778963 1703228 110402.942 1105   89 383602.822    0.00000   100%   3.1 2870s
 1784402 1708538 125049.396 2179   80 383602.822    0.00000   100%   3.2 2875s
 1785458 1709550 127816.391 2364   82 383602.822    0.00000   100%   3.2 2888s
 1787361 1711381 133147.610 2693   83 383602.822    0.00000   100%   3.2 2890s
 1791385 1715378 146808.319 3756   99 383602.822    0.00000   100%   3.2 2895s
 1794334 1718344 179581.372 4248  124 383602.822    0.00000   100%   3.2 2907s
 1796776 1720739 92574.5573  177  120 383602.822    0.00000   100%   3.2 2910s
 1800375 1724270 132657.626 1469   81 383602.822    0.00000   100%   3.2 2915s
 1804871 1728578 166859.587 3960   80 383602.822    0.00000   100%   3.2 2930s
 1809058 1732475 366362.059  805   73 383602.822    0.00000   100%   3.2 2935s
 1813047 1736638 154262.957 2481   79 383602.822    0.00000   100%   3.2 2940s
 1814329 1738034 157703.046 3068   81 383602.822    0.00000   100%   3.2 2950s
 1820612 1743243 252233.084  530   96 383602.822    0.00000   100%   3.2 2955s
 1824231 1746757     cutoff  558      383602.822    0.00000   100%   3.2 2966s
H1824539 1746868                    383587.48827    0.00000   100%   3.2 2967s
 1825536 1747946 123865.814  274  126 383587.488    0.00000   100%   3.2 2970s
 1830381 1752591 116528.346  929   85 383587.488    0.00000   100%   3.2 2975s
 1834096 1756379 142328.364 2920   81 383587.488    0.00000   100%   3.1 2987s
 1836221 1758373 152929.187 4144   83 383587.488    0.00000   100%   3.1 2990s
 1840841 1762920 181631.166  388  108 383587.488    0.00000   100%   3.1 2995s
 1843629 1765559 143008.133  524   75 383587.488    0.00000   100%   3.1 3006s
 1845995 1767990 158005.709 1796   75 383587.488    0.00000   100%   3.1 3010s
 1851714 1773624 175110.548 4247   75 383587.488    0.00000   100%   3.1 3015s
 1853318 1775161 194177.228 4247  100 383587.488    0.00000   100%   3.1 3025s
 1860862 1782582 142775.956 3631   90 383587.488    0.00000   100%   3.1 3030s
 1861451 1783252 148134.091 3977   88 383587.488    0.00000   100%   3.1 3044s
 1861792 1783471 150539.362 4181   88 383587.488    0.00000   100%   3.1 3045s
 1864899 1786652 129931.316  215  107 383587.488    0.00000   100%   3.1 3050s
 1870855 1792590 180473.346 4248   79 383587.488    0.00000   100%   3.1 3055s
 1872568 1794359 110606.539  229   90 383587.488    0.00000   100%   3.1 3067s
 1874136 1795725 119338.273  221   79 383587.488    0.00000   100%   3.1 3070s
 1878628 1800135 109929.249  458   80 383587.488    0.00000   100%   3.1 3075s
 1881723 1803174 114808.162 1253   82 383587.488    0.00000   100%   3.1 3089s
 1882635 1804109 116925.714 1454   82 383587.488    0.00000   100%   3.1 3090s
 1887708 1809132 127044.116 2519   82 383587.488    0.00000   100%   3.1 3095s
 1890645 1811797 134382.480 3206   80 383587.488    0.00000   100%   3.1 3107s
 1892764 1814363 140100.524 3650   82 383587.488    0.00000   100%   3.1 3110s
 1898325 1819674 154126.421 4358   78 383587.488    0.00000   100%   3.1 3127s
 1900157 1821455 197714.773  542  109 383587.488    0.00000   100%   3.1 3130s
 1903568 1824783 104577.921  429   84 383587.488    0.00000   100%   3.1 3135s
 1908766 1829780 126605.769 3079   80 383587.488    0.00000   100%   3.1 3140s
 1909034 1830075 127715.956 3247   84 383587.488    0.00000   100%   3.1 3149s
 1909824 1830572 134442.921 3756   79 383587.488    0.00000   100%   3.1 3150s
 1913228 1833960 120940.524  253   76 383587.488    0.00000   100%   3.1 3155s
 1919571 1838784 125147.179 2108   80 383587.488    0.00000   100%   3.1 3169s
 1920399 1839525 130527.298 2528   80 383587.488    0.00000   100%   3.1 3170s
 1923418 1842481 142552.567 4248  123 383587.488    0.00000   100%   3.1 3175s
 1928288 1847218 118505.166  444   84 383587.488    0.00000   100%   3.1 3180s
 1931740 1850137 142838.896 2029   74 383587.488    0.00000   100%   3.1 3191s
 1934170 1852631 152566.400 3172   75 383587.488    0.00000   100%   3.1 3195s
 1939963 1858255 296894.528  568   99 383587.488    0.00000   100%   3.1 3200s
 1941208 1859520 116015.928  781   82 383587.488    0.00000   100%   3.1 3209s
 1941493 1859793 119085.147  965   82 383587.488    0.00000   100%   3.1 3210s
 1945604 1864074 132261.175 2811   81 383587.488    0.00000   100%   3.1 3215s
 1951469 1868896 107010.882  278   95 383587.488    0.00000   100%   3.1 3232s
 1953616 1870918 107502.548 1086   93 383587.488    0.00000   100%   3.1 3235s
 1959037 1876330 134251.101 4181   95 383587.488    0.00000   100%   3.1 3240s
 1963024 1879982 102253.479  579   92 383587.488    0.00000   100%   3.1 3250s
 1967560 1884464 131064.930 3049   89 383587.488    0.00000   100%   3.1 3255s
 1973541 1888786 162032.540 4337   88 383587.488    0.00000   100%   3.1 3269s
 1974507 1889697 307464.305  586   84 383587.488    0.00000   100%   3.1 3270s
 1978668 1893628 123173.750 1158   80 383587.488    0.00000   100%   3.1 3275s
 1981929 1897120 133757.714 2026   79 383587.488    0.00000   100%   3.1 3292s
 1984325 1899527 146089.169 2639   86 383587.488    0.00000   100%   3.1 3295s
 1988979 1904165 162169.491 3984   86 383587.488    0.00000   100%   3.1 3300s
 1989955 1905089 160608.793 4266   79 383587.488    0.00000   100%   3.1 3309s
 1990183 1905393 161283.242 4321   79 383587.488    0.00000   100%   3.1 3310s
 1994660 1909855 122612.028  327   84 383587.488    0.00000   100%   3.1 3315s
 1997378 1912247 136141.825 1941   80 383587.488    0.00000   100%   3.1 3327s
 1999125 1913358 145149.315 3021   80 383587.488    0.00000   100%   3.1 3330s
 2005498 1918991 287455.227  568   92 383587.488    0.00000   100%   3.1 3335s
 2009433 1922634 144378.445 2119   78 383587.488    0.00000   100%   3.1 3340s
 2012093 1924519 159407.609 3921   78 383587.488    0.00000   100%   3.1 3350s
 2017002 1929407 112840.432 1291   82 383587.488    0.00000   100%   3.1 3355s
 2019405 1931706 129274.979 2695   82 383587.488    0.00000   100%   3.1 3368s
 2020282 1932268 132688.003 3169   79 383587.488    0.00000   100%   3.1 3370s
 2025881 1938101 133598.105 1097   81 383587.488    0.00000   100%   3.1 3376s
 2030593 1942883 166665.504 3691   75 383587.488    0.00000   100%   3.1 3380s
 2030938 1943067 166711.656 3863   75 383587.488    0.00000   100%   3.1 3389s
 2031699 1943624 167308.288 4307   75 383587.488    0.00000   100%   3.1 3391s
 2034179 1945650 281020.780  785  100 383587.488    0.00000   100%   3.1 3395s
 2037487 1948572 108583.367  556   92 383587.488    0.00000   100%   3.1 3409s
 2038055 1949291 109337.359  850   91 383587.488    0.00000   100%   3.1 3410s
 2042097 1953262 117158.765 2763   91 383587.488    0.00000   100%   3.1 3415s
 2046540 1957561 136036.680 4324  123 383587.488    0.00000   100%   3.1 3420s
 2047323 1958356 153705.010 4329  130 383587.488    0.00000   100%   3.1 3435s
 2052806 1964093 150246.039 2614   79 383587.488    0.00000   100%   3.1 3440s
 2056751 1967916 186790.727 4285  120 383587.488    0.00000   100%   3.1 3454s
 2057465 1968476 195199.405 4285  122 383587.488    0.00000   100%   3.1 3455s
 2062406 1973175 130638.329 2105   79 383587.488    0.00000   100%   3.1 3460s
 2065325 1976369 138517.352 3836   82 383587.488    0.00000   100%   3.1 3476s
 2068662 1979516 234097.466  472  106 383587.488    0.00000   100%   3.1 3480s
 2072086 1982712 96090.0197  768   91 383587.488    0.00000   100%   3.0 3485s
 2073655 1984342 98667.1757 1416   92 383587.488    0.00000   100%   3.0 3495s
 2078594 1989292 107886.736 3466   87 383587.488    0.00000   100%   3.0 3500s
 2082977 1993603 131066.223 4338  122 383587.488    0.00000   100%   3.0 3505s
 2084932 1995523 255810.764  579  101 383587.488    0.00000   100%   3.0 3516s
 2089038 1999774 147070.453 2213   77 383587.488    0.00000   100%   3.0 3520s
 2093336 2003802 156314.024 4335   79 383587.488    0.00000   100%   3.0 3525s
 2093538 2004012 162852.197 4371   75 383587.488    0.00000   100%   3.0 3531s
 2096984 2007035 125184.314 1257   81 383587.488    0.00000   100%   3.0 3535s
 2101174 2010639 165024.600 4064   80 383587.488    0.00000   100%   3.0 3549s
 2101897 2011393 101303.740  210  119 383587.488    0.00000   100%   3.0 3550s
 2105774 2015344 115096.811 1717   92 383587.488    0.00000   100%   3.0 3555s
 2111132 2020653 158595.223 4352   73 383587.488    0.00000   100%   3.0 3560s
 2113415 2022548 250315.179  570   89 383587.488    0.00000   100%   3.0 3569s
 2114024 2022901 365089.801  765   74 383587.488    0.00000   100%   3.0 3570s
 2119371 2028012 149844.605 2998  113 383587.488    0.00000   100%   3.0 3575s
 2122260 2030848 175527.748 4388  117 383587.488    0.00000   100%   3.0 3586s
 2126629 2035007 380381.605  655   81 383587.488    0.00000   100%   3.0 3590s
H2127443 2035680                    381941.76100    0.00000   100%   3.0 3590s
H2127672 2035746                    381843.99249    0.00000   100%   3.0 3591s

Cutting planes:
  RLT: 40

Explored 2130903 nodes (6452868 simplex iterations) in 3600.51 seconds (1386.83 work units)
Thread count was 2 (of 24 available processors)

Solution count 10: 381844 381942 383587 ... 386230

Time limit reached
Best objective 3.818439924896e+05, best bound 0.000000000000e+00, gap 100.0000%
