
Gurobi 11.0.3 (linux64, Java) logging started sáb 14 dez 2024 13:15:38 -03

Set parameter Username
Academic license - for non-commercial use only - expires 2025-10-10
Set parameter NonConvex to value 2
Set parameter TimeLimit to value 3600
Set parameter LogToConsole to value 0
Set parameter MIPGap to value 7.6131968797397716e-08
Set parameter Threads to value 2
Set parameter NodefileDir to value "/home/ps12398/experiment_epec/goalProgrammingMarcos/"
Set parameter NodefileStart to value 1
Gurobi Optimizer version 11.0.3 build v11.0.3rc0 (linux64)

CPU model: Intel(R) Xeon(R) CPU           X5650  @ 2.67GHz, instruction set [SSE2]
Thread count: 12 physical cores, 24 logical processors, using up to 2 threads

Optimize a model with 30216 rows, 21123 columns and 217445 nonzeros
Model fingerprint: 0x0dc5e7ec
Model has 107 quadratic constraints
Variable types: 10512 continuous, 10611 integer (102 binary)
Coefficient statistics:
  Matrix range     [1e-02, 5e+06]
  QMatrix range    [1e-02, 8e+04]
  QLMatrix range   [1e+00, 8e+04]
  Objective range  [1e+00, 3e+07]
  Bounds range     [1e+00, 1e+08]
  RHS range        [1e+00, 1e+06]
  QRHS range       [3e-03, 3e-03]
Presolve removed 30048 rows and 20782 columns
Presolve time: 0.55s
Presolved: 442 rows, 432 columns, 10839 nonzeros
Presolved model has 91 bilinear constraint(s)

Solving non-convex MIQCP

Variable types: 187 continuous, 245 integer (0 binary)
Found heuristic solution: objective 6177555.2273

Root relaxation: objective 0.000000e+00, 286 iterations, 0.02 seconds (0.02 work units)

    Nodes    |    Current Node    |     Objective Bounds      |     Work
 Expl Unexpl |  Obj  Depth IntInf | Incumbent    BestBd   Gap | It/Node Time

     0     0    0.00000    0  203 6177555.23    0.00000   100%     -    0s
H    0     0                    5159876.0026    0.00000   100%     -    0s
     0     0 473315.673    0  195 5159876.00 473315.673  90.8%     -    0s
H    0     0                    2264652.4074 473315.673  79.1%     -    0s
     0     0 550335.244    0  197 2264652.41 550335.244  75.7%     -    0s
H    0     0                    2081016.6626 550335.244  73.6%     -    0s
H    0     0                    2081007.2075 550335.244  73.6%     -    0s
     0     0 550816.987    0  197 2081007.21 550816.987  73.5%     -    0s
     0     0 551835.157    0  198 2081007.21 551835.157  73.5%     -    1s
H    0     0                    1926043.5394 551835.157  71.3%     -    1s
     0     0 552124.972    0  198 1926043.54 552124.972  71.3%     -    1s
H    0     0                    1910535.2383 552124.972  71.1%     -    1s
H    0     0                    1910534.8730 552124.972  71.1%     -    1s
     0     0 552136.094    0  198 1910534.87 552136.094  71.1%     -    1s
     0     0 552148.868    0  198 1910534.87 552148.868  71.1%     -    1s
     0     2 552155.239    0  198 1910534.87 552155.239  71.1%     -    1s
H  488   507                    1880443.0234 552174.636  70.6%   1.0    2s
H 3572  3715                    1845564.5702 552174.636  70.1%   1.2    4s
  3716  3717 554333.021 1170  107 1845564.57 552174.636  70.1%   1.2    5s
H 3717  3531                    1749936.4789 666251.869  61.9%   1.2    5s
H 3718  3355                    1665116.5966 667294.188  59.9%   1.2    6s
H 3719  3188                    1653349.4480 667322.313  59.6%   1.2    6s
H 3720  3029                    1593308.9672 667341.513  58.1%   1.2    6s
H 3726  2882                    1587921.8704 667731.558  57.9%   1.3    7s
H 3728  2739                    1561631.4752 668174.712  57.2%   1.3    8s
H 3728  2602                    1561272.6456 668174.712  57.2%   1.3    8s
  3737  2609 668281.241  499  120 1561272.65 668281.241  57.2%   1.5   10s
  3751  2621 670113.305  504  120 1561272.65 670113.305  57.1%   1.8   16s
H 3751  2489                    1521718.5744 670113.305  56.0%   1.8   16s
H 3751  2365                    1521718.5741 670113.305  56.0%   1.8   16s
H 3994  2413                    1511352.6560 670218.095  55.7%   1.9   19s
  4050  2469 670496.551  123  110 1511352.66 670218.095  55.7%   1.9   20s
H 4325  2519                    1435761.3059 670218.095  53.3%   1.8   23s
  4374  2577 670548.586  201   99 1435761.31 670218.095  53.3%   1.8   25s
  4731  2829 670548.889  294  100 1435761.31 670218.095  53.3%   1.7   30s
  4974  2995 670589.107  355   99 1435761.31 670218.095  53.3%   1.7   35s
  5167  3139 670601.738  403   99 1435761.31 670218.095  53.3%   1.7   40s
H 5377  3145                    1435693.7172 670218.095  53.3%   1.7   44s
H 5410  3094                    1435684.5032 670218.095  53.3%   1.7   45s
  5603  3237 670605.725  510  100 1435684.50 670218.095  53.3%   1.6   50s
  5837  3398 670621.638  567   99 1435684.50 670218.095  53.3%   1.6   55s
H 5875  3289                    1426309.6698 670218.095  53.0%   1.6   55s
H 5997  3240                    1426307.8674 670218.095  53.0%   1.6   56s
  6093  3381 670662.382  630   98 1426307.87 670218.095  53.0%   1.6   60s
H 6174  3351                    1426280.3689 670218.095  53.0%   1.6   62s
  6363  3494 670656.019  698   99 1426280.37 670218.095  53.0%   1.6   67s
  6556  3640 670692.379  744   98 1426280.37 670218.095  53.0%   1.5   70s
  6797  3807 670708.167  804   98 1426280.37 670218.095  53.0%   1.5   75s
H 6980  3786                    1426278.6523 670218.095  53.0%   1.5   77s
  7044  3894 670724.061  863   98 1426278.65 670218.095  53.0%   1.5   80s
H 7113  3792                    1425629.2513 670218.095  53.0%   1.5   80s
  7288  4002 670715.486  924   99 1425629.25 670218.095  53.0%   1.5   86s
  7574  4197 670734.431  996   99 1425629.25 670218.095  53.0%   1.5   93s
  7732  4310 670768.793 1033   98 1425629.25 670218.095  53.0%   1.5   96s
  8063  4547 670790.263 1116   98 1425629.25 670218.095  53.0%   1.4  103s
  8245  4669 670778.111 1162   99 1425629.25 670218.095  53.0%   1.4  107s
H 8331  4669                    1425526.7459 670218.095  53.0%   1.4  107s
  8420  4865 670789.513 1205   99 1425526.75 670218.095  53.0%   1.4  111s
H 8519  4865                    1425517.7108 670218.095  53.0%   1.4  111s
H 8519  4865                    1423761.2723 670218.095  52.9%   1.4  111s
  8813  5244 670848.438 1306   92 1423761.27 670218.095  52.9%   1.4  118s
  8995  5447 670860.244 1350   92 1423761.27 670218.095  52.9%   1.4  121s
  9198  5656 670874.197 1402   92 1423761.27 670218.095  52.9%   1.4  125s
H 9305  5656                    1423750.9714 670218.095  52.9%   1.4  125s
  9407  5870 671009.188 1455   91 1423750.97 670218.095  52.9%   1.4  130s
  9836  6286 670917.382 1563   92 1423750.97 670218.095  52.9%   1.4  138s
 10037  6475 670933.635 1614   91 1423750.97 670218.095  52.9%   1.4  141s
 10439  6899 670957.379 1712   92 1423750.97 670218.095  52.9%   1.3  147s
H10547  6899                    1423481.1228 670218.095  52.9%   1.3  147s
 10650  7114 670971.868 1766   92 1423481.12 670218.095  52.9%   1.3  151s
 11059  7508 671022.206 1868   91 1423481.12 670218.095  52.9%   1.3  157s
 11259  7698 671090.553 1916   89 1423481.12 670218.095  52.9%   1.3  160s
 11654  8114 671152.577 2014   89 1423481.12 670218.095  52.9%   1.3  165s
H11865  8318                    1423465.9883 670218.095  52.9%   1.3  170s
H12069  8536                    1419337.7952 670218.095  52.8%   1.3  175s
H12489  8949                    1414009.8004 670218.095  52.6%   1.3  183s
 12700  9147 671280.426 2276   91 1414009.80 670218.095  52.6%   1.3  185s
H13102  9565                    1413985.3891 670218.095  52.6%   1.3  191s
 13316  9782 671415.860 2430   89 1413985.39 670218.095  52.6%   1.3  195s
 13728 10186 671447.089 2533   88 1413985.39 670218.095  52.6%   1.3  202s
 13937 10373 671480.002 2585   88 1413985.39 670218.095  52.6%   1.3  206s
H14033 10373                    1413954.0615 670218.095  52.6%   1.3  206s
 14124 10580 671510.383 2633   88 1413954.06 670218.095  52.6%   1.3  211s
 14466 10919 671565.943 2720   87 1413954.06 670218.095  52.6%   1.3  218s
 14670 11120 671597.730 2771   88 1413954.06 670218.095  52.6%   1.4  221s
 14871 11315 671690.434 2821   85 1413954.06 670218.095  52.6%   1.4  225s
H15066 11515                    1408239.9472 670218.095  52.4%   1.4  230s
H15463 11914                    1408239.9464 670218.095  52.4%   1.4  237s
 15665 12118 671721.493 3020   87 1408239.95 670218.095  52.4%   1.4  240s
 16071 12492 708278.949 3123   84 1408239.95 670218.095  52.4%   1.5  247s
 16295 12667 933462.639 3180   79 1408239.95 670218.095  52.4%   1.6  251s
 16512 12936 965513.644 3232  115 1408239.95 670218.095  52.4%   1.7  255s
 17091 13490 986402.129 3371  120 1408239.95 670218.095  52.4%   1.9  261s
 17593 13973 1001030.42 3472  131 1408239.95 670218.095  52.4%   2.2  268s
 17830 14191 998323.384 3519  103 1408239.95 670218.095  52.4%   2.3  272s
 18051 14458 1006457.67 3568  119 1408239.95 670218.095  52.4%   2.4  275s
 18576 14975 1018437.68 3713   99 1408239.95 670218.095  52.4%   2.7  281s
 19102 15483 1041199.93 3849  115 1408239.95 670218.095  52.4%   3.0  288s
 19375 15716 1066904.60 3919  115 1408239.95 670218.095  52.4%   3.1  292s
 19645 15946 1068603.54 4000  115 1408239.95 670218.095  52.4%   3.2  295s
 20156 16407 1084537.99 4157  100 1408239.95 670218.095  52.4%   3.4  301s
 20677 16909 1122781.01 4211   95 1408239.95 670218.095  52.4%   3.4  306s
 21143 17329 782503.358   89  192 1408239.95 670246.386  52.4%   3.4  312s
 21353 17560 782759.264  135  132 1408239.95 670246.386  52.4%   3.4  315s
 21796 17960 783802.475  233  111 1408239.95 670246.386  52.4%   3.3  322s
 21984 18158 784470.581  279  110 1408239.95 670246.386  52.4%   3.3  327s
 22182 18351 784951.052  329  111 1408239.95 670246.386  52.4%   3.3  330s
 22562 18728 786072.869  422  111 1408239.95 670246.386  52.4%   3.3  338s
 22752 18922 786617.618  467  111 1408239.95 670246.386  52.4%   3.3  342s
 22946 19114 787298.250  513  110 1408239.95 670246.386  52.4%   3.2  346s
 23138 19305 787799.141  560  110 1408239.95 670246.386  52.4%   3.2  351s
 23329 19501 788410.171  605  110 1408239.95 670246.386  52.4%   3.2  355s
 23714 19894 789436.437  699  111 1408239.95 670246.386  52.4%   3.2  362s
 24091 20269 790730.485  794  110 1408239.95 670246.386  52.4%   3.1  368s
 24293 20476 791016.225  844  100 1408239.95 670246.386  52.4%   3.1  373s
 24500 20663 791651.598  896   98 1408239.95 670246.386  52.4%   3.1  376s
 24687 20745 791797.914  943   99 1408239.95 670246.386  52.4%   3.1  380s
 24967 21146 792042.967 1012   99 1408239.95 670246.386  52.4%   3.1  387s
 25170 21343 792263.310 1065   98 1408239.95 670246.386  52.4%   3.1  391s
 25565 21743 792934.651 1170   97 1408239.95 670246.386  52.4%   3.0  398s
 25767 21952 792886.231 1223   97 1408239.95 670246.386  52.4%   3.0  403s
 25976 22209 793122.331 1278   97 1408239.95 670246.386  52.4%   3.0  406s
 26522 22748 793705.234 1454   97 1408239.95 670246.386  52.4%   3.0  412s
 26772 22952 795323.717 1533   96 1408239.95 670246.386  52.4%   2.9  416s
 26976 23153 794901.755 1588   95 1408239.95 670246.386  52.4%   2.9  420s
 27378 23553 795846.699 1689   95 1408239.95 670246.386  52.4%   2.9  426s
 27777 23946 796443.003 1793   94 1408239.95 670246.386  52.4%   2.9  431s
 28169 24277 796525.364 1890   94 1408239.95 670246.386  52.4%   2.9  438s
 28301 24401 796745.284 1923   94 1408239.95 670246.386  52.4%   2.9  442s
 28425 24640 796845.279 1952   92 1408239.95 670246.386  52.4%   2.8  446s
 28668 24895 796841.986 2002   92 1408239.95 670246.386  52.4%   2.9  450s
 29186 25395 796947.116 2100   92 1408239.95 670246.386  52.4%   2.8  456s
 29653 25854 797202.667 2202   91 1408239.95 670246.386  52.4%   2.8  461s
H29949 25940                    1390545.6929 670246.386  51.8%   2.8  463s
H29952 25940                    1387493.4193 670246.386  51.7%   2.8  463s
H29968 26121                    1384222.3739 670246.386  51.6%   2.8  466s
H30059 26121                    1383062.1317 670246.386  51.5%   2.8  466s
H30149 26309                    1383057.2299 670246.386  51.5%   2.8  468s
 30343 26510 797144.337 2364   92 1383057.23 670246.386  51.5%   2.8  471s
 30729 26892 802465.304 2459   91 1383057.23 670246.386  51.5%   2.8  477s
H30826 26892                    1382915.5531 670246.386  51.5%   2.8  477s
 30928 27081 803751.112 2508   92 1382915.55 670246.386  51.5%   2.8  481s
 31308 27465 803832.436 2604   92 1382915.55 670246.386  51.5%   2.8  486s
 31696 27852 804587.124 2700   89 1382915.55 670246.386  51.5%   2.8  492s
 31888 28022 804280.584 2748   89 1382915.55 670246.386  51.5%   2.9  496s
H31976 28022                    1382677.9716 670246.386  51.5%   2.9  496s
H31995 28022                    1380695.1913 670246.386  51.5%   2.9  496s
H32060 28210                    1380142.4890 670246.386  51.4%   2.9  499s
 32248 28396 807972.073 2838   90 1380142.49 670246.386  51.4%   2.9  502s
 32434 28594 807854.102 2885   91 1380142.49 670246.386  51.4%   3.0  507s
 32834 28976 820427.523 2990   86 1380142.49 670246.386  51.4%   3.1  512s
 33014 29182 820190.785 3039   87 1380142.49 670246.386  51.4%   3.1  516s
H33220 29382                    1380101.3348 670246.386  51.4%   3.1  519s
 33420 29577 820364.338 3147   87 1380101.33 670246.386  51.4%   3.1  522s
 33615 29772 820644.206 3201   86 1380101.33 670246.386  51.4%   3.2  526s
 33812 29953 893388.551 3256   98 1380101.33 670246.386  51.4%   3.2  530s
 34186 30350 894172.863 3350   92 1380101.33 670246.386  51.4%   3.3  538s
H34390 30578                    1380038.5924 670246.386  51.4%   3.4  542s
 34618 30807 937456.792 3446   98 1380038.59 670246.386  51.4%   3.5  546s
H34719 30807                    1379764.8365 670246.386  51.4%   3.5  546s
 34847 31025 930444.975 3497   88 1379764.84 670246.386  51.4%   3.6  550s
H34901 31025                    1378790.7444 670246.386  51.4%   3.6  550s
H34978 31025                    1353304.4639 670246.386  50.5%   3.6  550s
H34981 31025                    1350277.2983 670246.386  50.4%   3.6  550s
H34984 31025                    1347620.0600 670246.386  50.3%   3.6  550s
 35178 31348 931290.938 3569   87 1347620.06 670246.386  50.3%   3.7  558s
 35388 31533 932085.098 3620  104 1347620.06 670246.386  50.3%   3.8  560s
H35473 31533                    1347614.5552 670246.386  50.3%   3.8  560s
 35769 31926 933934.241 3706  124 1347614.56 670246.386  50.3%   3.9  567s
 35966 32117 943896.138 3755  130 1347614.56 670246.386  50.3%   4.0  570s
 36344 32505 935282.971 3849   91 1347614.56 670246.386  50.3%   4.1  575s
 36740 32902 937296.330 3948   85 1347614.56 670246.386  50.3%   4.2  580s
 37147 33301 948951.479 4049  118 1347614.56 670246.386  50.3%   4.3  585s
 37543 33703 954431.611 4144  105 1347614.56 670246.386  50.3%   4.4  593s
 37747 33899 958634.653 4192  109 1347614.56 670246.386  50.3%   4.4  596s
H37843 33899                    1347587.5805 670246.386  50.3%   4.4  596s
H38030 34083                    1347584.2061 670246.386  50.3%   4.4  598s
 38128 34262 963956.803 4210  130 1347584.21 670246.386  50.3%   4.5  601s
 38307 34452 964199.001 4209  134 1347584.21 670246.386  50.3%   4.5  605s
 38683 34813 966490.601 4211  131 1347584.21 670246.386  50.3%   4.4  611s
 38858 34986 961302.734 4209  127 1347584.21 670246.386  50.3%   4.4  615s
H39124 35157                    1343183.7899 670246.386  50.1%   4.4  617s
 39202 35330 985562.030 4211  129 1343183.79 670246.386  50.1%   4.4  620s
 39375 35517 974061.280 4211  129 1343183.79 670246.386  50.1%   4.4  625s
H39562 35704                    1335809.0766 670246.386  49.8%   4.4  629s
 39749 35911 977138.047 4211  129 1335809.08 670246.386  49.8%   4.4  632s
 39958 36131 772528.407   96  192 1335809.08 670259.159  49.8%   4.4  637s
 40180 36266 782389.488  155  135 1335809.08 670259.159  49.8%   4.3  641s
H40315 36481                    1330735.2192 670259.159  49.6%   4.3  645s
H40769 36936                    1330726.1841 670259.159  49.6%   4.3  651s
 41209 37386 783846.225  424   94 1330726.18 670259.159  49.6%   4.3  657s
H41327 37386                    1330717.1489 670259.159  49.6%   4.3  657s
 41435 37605 784009.227  483   94 1330717.15 670259.159  49.6%   4.3  661s
 41654 37810 784158.844  537   94 1330717.15 670259.159  49.6%   4.3  666s
 41859 38016 784300.857  586   95 1330717.15 670259.159  49.6%   4.3  670s
 42284 38461 784684.998  699   95 1330717.15 670259.159  49.6%   4.3  679s
H42510 38692                    1330713.8371 670259.159  49.6%   4.2  682s
H42627 38692                    1319754.7858 670259.159  49.2%   4.2  682s
 42741 38918 785011.940  817   95 1319754.79 670259.159  49.2%   4.2  686s
 42967 39134 785089.797  878   94 1319754.79 670259.159  49.2%   4.2  690s
H43295 39358                    1315162.8824 670259.159  49.0%   4.3  694s
 43407 39571 785187.169  989   91 1315162.88 670259.159  49.0%   4.3  698s
 43620 39802 785308.080 1042   92 1315162.88 670259.159  49.0%   4.3  703s
 43851 40000 785240.716 1099   91 1315162.88 670259.159  49.0%   4.3  707s
H44049 40218                    1305723.7594 670259.159  48.7%   4.3  711s
 44267 40430 785362.424 1205   91 1305723.76 670259.159  48.7%   4.4  716s
 44479 40649 785389.197 1253   91 1305723.76 670259.159  48.7%   4.4  720s
 44698 40862 786304.045 1306  107 1305723.76 670259.159  48.7%   4.4  725s
H44802 40862                    1305633.9712 670259.159  48.7%   4.4  725s
H44911 41068                    1305191.0930 670259.159  48.6%   4.4  728s
 45117 41273 793827.626 1408   93 1305191.09 670259.159  48.6%   4.4  731s
 45401 41567 871078.090 1472   87 1305191.09 670259.159  48.6%   4.5  739s
 45616 41787 872358.961 1525   87 1305191.09 670259.159  48.6%   4.5  743s
 45836 41993 874097.574 1578  123 1305191.09 670259.159  48.6%   4.5  747s
 46042 42209 878745.488 1628  116 1305191.09 670259.159  48.6%   4.6  751s
 46258 42421 887085.824 1680   97 1305191.09 670259.159  48.6%   4.6  755s
 46674 42847 891233.115 1780   92 1305191.09 670259.159  48.6%   4.7  762s
H46777 42847                    1305144.7679 670259.159  48.6%   4.7  762s
H46898 43059                    1305144.7340 670259.159  48.6%   4.7  766s
 47110 43265 895488.427 1883  134 1305144.73 670259.159  48.6%   4.7  770s
 47320 43482 923029.265 1931  127 1305144.73 670259.159  48.6%   4.8  775s
 47742 43887 928591.936 2037  121 1305144.73 670259.159  48.6%   4.8  783s
 47944 44091 928031.865 2089  105 1305144.73 670259.159  48.6%   4.9  788s
 48148 44302 930941.854 2141   99 1305144.73 670259.159  48.6%   4.9  792s
 48359 44509 935117.432 2193  127 1305144.73 670259.159  48.6%   5.0  796s
 48774 44911 939888.089 2293  127 1305144.73 670259.159  48.6%   5.1  803s
 48968 45123 940486.661 2340  121 1305144.73 670259.159  48.6%   5.1  807s
 49180 45332 941338.499 2390   92 1305144.73 670259.159  48.6%   5.2  810s
 49607 45767 942958.842 2494   94 1305144.73 670259.159  48.6%   5.2  816s
 49826 45972 943493.514 2548   94 1305144.73 670259.159  48.6%   5.3  820s
 50239 46372 949716.672 2648  129 1305144.73 670259.159  48.6%   5.3  827s
 50448 46440 951384.981 2698  125 1305144.73 670259.159  48.6%   5.3  830s
 50526 46654 945445.219 2715   92 1305144.73 670259.159  48.6%   5.4  835s
 50953 47057 952094.303 2820   97 1305144.73 670259.159  48.6%   5.4  843s
 51166 47260 958528.169 2872  126 1305144.73 670259.159  48.6%   5.5  847s
 51381 47475 953526.012 2928   94 1305144.73 670259.159  48.6%   5.5  850s
 51812 47892 959882.593 3034  124 1305144.73 670259.159  48.6%   5.5  858s
 52014 48116 955787.370 3083   91 1305144.73 670259.159  48.6%   5.6  863s
 52238 48327 958926.787 3135  124 1305144.73 670259.159  48.6%   5.6  866s
 52449 48540 963450.465 3186  106 1305144.73 670259.159  48.6%   5.6  870s
 52871 48964 963543.465 3287   91 1305144.73 670259.159  48.6%   5.6  878s
 53086 49175 970187.683 3338  123 1305144.73 670259.159  48.6%   5.7  881s
 53297 49387 971391.350 3390   94 1305144.73 670259.159  48.6%   5.7  886s
 53509 49601 983764.545 3439   92 1305144.73 670259.159  48.6%   5.7  891s
 53723 49814 979163.714 3491   99 1305144.73 670259.159  48.6%   5.7  895s
 53936 50018 988626.594 3544  131 1305144.73 670259.159  48.6%   5.8  900s
 54348 50421 997630.596 3645  131 1305144.73 670259.159  48.6%   5.8  908s
 54543 50628 993673.167 3694   88 1305144.73 670259.159  48.6%   5.9  912s
 54750 50832 997665.762 3744   84 1305144.73 670259.159  48.6%   5.9  916s
 54954 51045 1000986.42 3796   89 1305144.73 670259.159  48.6%   5.9  921s
 55372 51466 1010051.65 3898   84 1305144.73 670259.159  48.6%   6.0  928s
 55588 51521 1009152.40 3949   86 1305144.73 670259.159  48.6%   6.0  931s
 55643 51727 1016526.95 3970  131 1305144.73 670259.159  48.6%   6.0  935s
 56059 52141 1017727.40 4068  123 1305144.73 670259.159  48.6%   6.1  942s
 56264 52360 1011601.29 4118   82 1305144.73 670259.159  48.6%   6.1  945s
 56689 52779 1016541.39 4211  128 1305144.73 670259.159  48.6%   6.2  953s
 56902 52998 1040594.86 4211  130 1305144.73 670259.159  48.6%   6.2  958s
 57123 53204 1029831.82 4211  129 1305144.73 670259.159  48.6%   6.2  962s
 57345 53410 1031947.27 4211  129 1305144.73 670259.159  48.6%   6.2  966s
 57781 53824 1027746.07 4210  132 1305144.73 670259.159  48.6%   6.2  973s
 57987 54037 1037576.14 4211  129 1305144.73 670259.159  48.6%   6.1  978s
 58204 54261 1052105.36 4211  135 1305144.73 670259.159  48.6%   6.1  983s
 58428 54471 1043706.40 4211  131 1305144.73 670259.159  48.6%   6.1  986s
 58642 54692 1040446.15 4210  127 1305144.73 670259.159  48.6%   6.1  990s
 58867 54924 773816.796   90  179 1305144.73 670268.731  48.6%   6.1  995s
 59342 55387 807770.773  208  109 1305144.73 670268.731  48.6%   6.1 1003s
 59566 55539 808136.167  263  103 1305144.73 670268.731  48.6%   6.1 1008s
 59718 55688 808444.594  300  117 1305144.73 670268.731  48.6%   6.0 1012s
 59867 55917 808523.557  336  117 1305144.73 670268.731  48.6%   6.0 1016s
 60320 56373 809137.149  445   98 1305144.73 670268.731  48.6%   6.1 1022s
 60552 56608 809689.904  503   98 1305144.73 670268.731  48.6%   6.1 1025s
 60887 56942 812621.133  585  100 1305144.73 670268.731  48.6%   6.1 1032s
 61121 57171 819974.328  644  127 1305144.73 670268.731  48.6%   6.1 1036s
 61350 57393 880413.709  696   98 1305144.73 670268.731  48.6%   6.1 1041s
 61572 57618 887007.146  749  156 1305144.73 670268.731  48.6%   6.2 1045s
 61797 57828 883908.651  802  100 1305144.73 670268.731  48.6%   6.2 1050s
 62007 58063 886025.819  851   93 1305144.73 670268.731  48.6%   6.2 1055s
 62473 58520 891044.864  963   92 1305144.73 670268.731  48.6%   6.2 1064s
 62699 58748 892313.152 1017   92 1305144.73 670268.731  48.6%   6.2 1068s
 62927 58975 898952.055 1072  112 1305144.73 670268.731  48.6%   6.2 1073s
 63154 59190 900590.781 1125   93 1305144.73 670268.731  48.6%   6.3 1077s
H63369 59411                    1304726.4601 670268.731  48.6%   6.3 1082s
 63590 59623 909897.984 1226  109 1304726.46 670268.731  48.6%   6.3 1086s
 63802 59833 904910.162 1275   90 1304726.46 670268.731  48.6%   6.3 1091s
 64238 60277 927559.930 1378  125 1304726.46 670268.731  48.6%   6.4 1097s
 64456 60491 929773.980 1430  124 1304726.46 670268.731  48.6%   6.4 1101s
H64551 60491                    1304725.0967 670268.731  48.6%   6.4 1101s
 64892 60933 927102.797 1529  102 1304725.10 670268.731  48.6%   6.4 1109s
 65112 61151 933886.530 1580  118 1304725.10 670268.731  48.6%   6.4 1114s
 65330 61374 930359.904 1632  101 1304725.10 670268.731  48.6%   6.4 1118s
 65553 61600 932615.447 1685  105 1304725.10 670268.731  48.6%   6.5 1123s
 65779 61811 933915.973 1738  102 1304725.10 670268.731  48.6%   6.5 1127s
 65990 61882 940063.040 1790  118 1304725.10 670268.731  48.6%   6.5 1131s
 66061 62094 937409.211 1814   94 1304725.10 670268.731  48.6%   6.5 1135s
 66493 62533 951015.460 1914  108 1304725.10 670268.731  48.6%   6.5 1143s
 66712 62740 953684.781 1964  101 1304725.10 670268.731  48.6%   6.5 1147s
 66919 62951 954594.330 2013  103 1304725.10 670268.731  48.6%   6.5 1150s
 67130 63167 958849.871 2061  116 1304725.10 670268.731  48.6%   6.5 1155s
 67557 63589 957261.919 2156  102 1304725.10 670268.731  48.6%   6.5 1163s
 67768 63798 964560.981 2204  119 1304725.10 670268.731  48.6%   6.5 1167s
 67977 64014 965493.697 2253  119 1304725.10 670268.731  48.6%   6.5 1171s
 68205 64226 962791.797 2306  117 1304725.10 670268.731  48.6%   6.6 1175s
H68425 64430                    1304652.8155 670268.731  48.6%   6.6 1179s
 68633 64646 1033791.47 2409  119 1304652.82 670268.731  48.6%   6.6 1183s
 68849 64865 1059278.52 2462  100 1304652.82 670268.731  48.6%   6.6 1187s
 69069 65083 1075929.96 2518  101 1304652.82 670268.731  48.6%   6.6 1192s
 69287 65285 1075655.32 2574   92 1304652.82 670268.731  48.6%   6.6 1195s
 69697 65693 1081461.43 2679  103 1304652.82 670268.731  48.6%   6.7 1203s
 69897 65917 1082330.05 2729   90 1304652.82 670268.731  48.6%   6.7 1208s
 70122 66140 1084908.35 2785  110 1304652.82 670268.731  48.6%   6.7 1212s
 70345 66364 1088482.97 2839  107 1304652.82 670268.731  48.6%   6.7 1217s
 70569 66601 1089278.06 2892  106 1304652.82 670268.731  48.6%   6.7 1220s
 71072 66963 1090963.88 2993  101 1304652.82 670268.731  48.6%   6.8 1227s
 71168 67250 1090106.12 3023   86 1304652.82 670268.731  48.6%   6.8 1231s
 71455 67548 1100506.36 3074   88 1304652.82 670268.731  48.6%   6.8 1235s
 72036 68099 1107103.65 3179  113 1304652.82 670268.731  48.6%   6.8 1244s
 72308 68394 1104631.85 3228  104 1304652.82 670268.731  48.6%   6.9 1249s
 72603 68667 1105784.56 3281   93 1304652.82 670268.731  48.6%   6.9 1253s
 72876 68948 1106740.02 3333   92 1304652.82 670268.731  48.6%   6.9 1257s
 73157 69222 1109956.88 3381  112 1304652.82 670268.731  48.6%   6.9 1261s
 73710 69713 1119892.43 3480  113 1304652.82 670268.731  48.6%   7.0 1267s
 73938 69923 1121220.65 3526  107 1304652.82 670268.731  48.6%   7.0 1272s
 74148 70130 1119320.63 3576  111 1304652.82 670268.731  48.6%   7.0 1276s
 74355 70332 1119071.95 3628   99 1304652.82 670268.731  48.6%   7.0 1280s
 74762 70739 1131030.76 3731   90 1304652.82 670268.731  48.6%   6.9 1288s
 74973 70944 1131768.66 3783   86 1304652.82 670268.731  48.6%   6.9 1291s
 75378 71344 1145373.40 3880   99 1304652.82 670268.731  48.6%   6.9 1298s
 75578 71551 1142376.50 3928   98 1304652.82 670268.731  48.6%   6.9 1303s
 75785 71762 1143464.81 3978   86 1304652.82 670268.731  48.6%   6.9 1305s
 76206 72047 1151119.74 4078   98 1304652.82 670268.731  48.6%   6.9 1311s
 76284 72253 1147146.26 4095   95 1304652.82 670268.731  48.6%   6.9 1315s
 76696 72662 1153055.44 4193   98 1304652.82 670268.731  48.6%   6.9 1323s
 76913 72874 1168544.47 4211  105 1304652.82 670268.731  48.6%   6.9 1328s
 77133 73071 1177145.91 4211   88 1304652.82 670268.731  48.6%   6.9 1332s
 77352 73288 1162103.91 4207  100 1304652.82 670268.731  48.6%   6.9 1336s
 77569 73504 1188778.26 4211   97 1304652.82 670268.731  48.6%   6.9 1340s
 77994 73912 1192949.78 4211   97 1304652.82 670268.731  48.6%   6.8 1346s
 78432 74345 847960.417  119  158 1304652.82 670289.569  48.6%   6.8 1352s
 78867 74784 875551.245  240  108 1304652.82 670289.569  48.6%   6.8 1357s
 79090 74991 875840.114  341  107 1304652.82 670289.569  48.6%   6.8 1360s
 79508 75413 875988.053  516   96 1304652.82 670289.569  48.6%   6.7 1369s
 79719 75620 889374.487  606   88 1304652.82 670289.569  48.6%   6.7 1373s
 79928 75838 885112.247  650   85 1304652.82 670289.569  48.6%   6.7 1376s
 80364 76273 885244.580  828   87 1304652.82 670289.569  48.6%   6.7 1383s
 80589 76482 885307.546  927   85 1304652.82 670289.569  48.6%   6.7 1386s
 81017 76827 885493.785 1087   83 1304652.82 670289.569  48.6%   6.7 1392s
 81168 76976 885498.438 1151   86 1304652.82 670289.569  48.6%   6.7 1396s
 81476 77265 888998.873 1243   83 1304652.82 670289.569  48.6%   6.7 1404s
 81699 77466 942823.845 1291   79 1304652.82 670289.569  48.6%   6.7 1409s
 81906 77665 944615.483 1395   79 1304652.82 670289.569  48.6%   6.7 1414s
 82111 77874 946338.211 1495   79 1304652.82 670289.569  48.6%   6.7 1419s
 82320 78085 948331.097 1596   80 1304652.82 670289.569  48.6%   6.7 1423s
 82531 78273 950022.792 1695   79 1304652.82 670289.569  48.6%   6.7 1428s
 82759 78483 951814.430 1799   79 1304652.82 670289.569  48.6%   6.6 1433s
 82977 78696 953727.772 1905   79 1304652.82 670289.569  48.6%   6.6 1438s
 83190 78905 955652.214 2009   79 1304652.82 670289.569  48.6%   6.6 1442s
 83400 79080 973631.893 2018  116 1304652.82 670289.569  48.6%   6.6 1447s
 83625 79237 989083.066 2029  113 1304652.82 670289.569  48.6%   6.6 1451s
 83844 79394 1007763.83 2056  111 1304652.82 670289.569  48.6%   6.6 1456s
 84050 79605 1012376.87 2106  106 1304652.82 670289.569  48.6%   6.6 1461s
 84264 79803 1026578.41 2147  102 1304652.82 670289.569  48.6%   6.6 1465s
 84678 80172 1034514.65 2308  100 1304652.82 670289.569  48.6%   6.6 1474s
 84876 80364 1035701.26 2378   98 1304652.82 670289.569  48.6%   6.6 1477s
 85084 80536 1038380.38 2450  104 1304652.82 670289.569  48.6%   6.6 1482s
 85284 80709 1039976.66 2527   97 1304652.82 670289.569  48.6%   6.6 1487s
 85493 80875 1042477.69 2615  102 1304652.82 670289.569  48.6%   6.6 1492s
 85720 81039 1044427.42 2716   96 1304652.82 670289.569  48.6%   6.6 1496s
 85915 81206 1046549.81 2794  104 1304652.82 670289.569  48.6%   6.6 1501s
 86122 81379 1048443.48 2888   98 1304652.82 670289.569  48.6%   6.5 1505s
 86331 81551 1051365.48 2985   97 1304652.82 670289.569  48.6%   6.5 1510s
 86636 81840 1060721.81 3114  106 1304652.82 670289.569  48.6%   6.5 1518s
 86845 82044 1058173.39 3189  100 1304652.82 670289.569  48.6%   6.5 1522s
 87049 82259 1060872.59 3279  100 1304652.82 670289.569  48.6%   6.5 1527s
 87268 82462 1063366.22 3362  102 1304652.82 670289.569  48.6%   6.5 1532s
 87482 82678 1066333.00 3452  105 1304652.82 670289.569  48.6%   6.5 1536s
 87704 82877 1071593.02 3550   98 1304652.82 670289.569  48.6%   6.5 1541s
 87913 83080 1102726.49 3609   96 1304652.82 670289.569  48.6%   6.5 1546s
 88130 83294 1113172.35 3665   87 1304652.82 670289.569  48.6%   6.5 1550s
 88344 83497 1124492.76 3730   91 1304652.82 670289.569  48.6%   6.5 1555s
H88556 83710                    1304642.6892 670289.569  48.6%   6.4 1560s
 88998 84114 1184414.79 3828   82 1304642.69 670289.569  48.6%   6.4 1568s
 89217 84366 1198487.22 3879   98 1304642.69 670289.569  48.6%   6.4 1572s
 89472 84613 1215605.23 3924   99 1304642.69 670289.569  48.6%   6.4 1576s
 89721 84871 1233114.55 3958   93 1304642.69 670289.569  48.6%   6.4 1580s
 90262 85417 1249323.94 4118   81 1304642.69 670289.569  48.6%   6.4 1588s
 90538 85668 1258989.94 4204   75 1304642.69 670289.569  48.6%   6.4 1593s
 90823 85915 1268027.93 4211   82 1304642.69 670289.569  48.6%   6.3 1598s
 91086 86146 1266452.21 4209   81 1304642.69 670289.569  48.6%   6.3 1601s
 91606 86484 766034.768   69  192 1304642.69 670305.181  48.6%   6.3 1606s
 91714 86702 854937.994   93  177 1304642.69 670305.181  48.6%   6.3 1610s
 91934 86923 899237.196  132  156 1304642.69 670305.181  48.6%   6.3 1615s
 92369 87349 919062.302  286  112 1304642.69 670305.181  48.6%   6.3 1623s
 92582 87556 920549.031  388  112 1304642.69 670305.181  48.6%   6.3 1626s
 93028 88063 927817.554  585  106 1304642.69 670305.181  48.6%   6.3 1634s
 93316 88342 937715.202  737   99 1304642.69 670305.181  48.6%   6.2 1639s
 93599 88599 940380.203  913   99 1304642.69 670305.181  48.6%   6.2 1643s
 93856 88831 942376.975 1054   97 1304642.69 670305.181  48.6%   6.2 1647s
 94088 89068 944141.256 1171   94 1304642.69 670305.181  48.6%   6.2 1651s
 94566 89510 946434.624 1413   85 1304642.69 670305.181  48.6%   6.2 1658s
 94767 89711 946665.906 1498   75 1304642.69 670305.181  48.6%   6.2 1663s
 94968 89900 946852.038 1591   74 1304642.69 670305.181  48.6%   6.2 1668s
 95165 90098 946888.428 1672   73 1304642.69 670305.181  48.6%   6.2 1670s
 95363 90350 946913.162 1766   73 1304642.69 670305.181  48.6%   6.2 1675s
 95880 90925 947103.688 1966   86 1304642.69 670305.181  48.6%   6.2 1683s
 96204 91234 963977.245 2032   89 1304642.69 670305.181  48.6%   6.2 1687s
 96515 91541 989009.103 2083   90 1304642.69 670305.181  48.6%   6.2 1690s
 96923 91940 1003937.81 2221   92 1304642.69 670305.181  48.6%   6.2 1697s
 97225 92226 1004120.10 2306   85 1304642.69 670305.181  48.6%   6.2 1701s
 97801 92808 1016426.93 2492   83 1304642.69 670305.181  48.6%   6.2 1708s
 98093 93073 1020798.86 2607   84 1304642.69 670305.181  48.6%   6.2 1711s
 98358 93326 1025052.96 2712   92 1304642.69 670305.181  48.6%   6.2 1715s
 98867 93837 1031298.76 2933   78 1304642.69 670305.181  48.6%   6.2 1721s
 99122 94084 1034961.65 3041   84 1304642.69 670305.181  48.6%   6.1 1725s
H99442 94695                    1303073.9020 670305.181  48.6%   6.1 1728s
H99700 94689                    1301077.2861 670305.181  48.5%   6.1 1728s
H99703 94689                    1300620.5989 670305.181  48.5%   6.1 1728s
H99720 94687                    1297390.6743 670305.181  48.3%   6.1 1728s
 99998 96188 1057373.37 3526   84 1297390.67 670305.181  48.3%   6.1 1731s
H100205 96188                    1296881.1273 670305.181  48.3%   6.1 1731s
H100302 96182                    1292316.7959 670305.181  48.1%   6.1 1731s
H100399 96176                    1290802.5612 670305.181  48.1%   6.1 1731s
H101683 97221                    1290787.4229 670305.181  48.1%   6.1 1733s
H101697 97191                    1288877.1004 670305.181  48.0%   6.1 1733s
H101757 96932                    1275411.8691 670305.181  47.4%   6.1 1733s
H102048 96821                    1272536.9847 670305.181  47.3%   6.1 1733s
H102145 96813                    1272450.4422 670305.181  47.3%   6.1 1733s
 102803 97688 1158853.67 4211   92 1272450.44 670305.181  47.3%   6.1 1735s
H105234 98863                    1250366.2622 670309.567  46.4%   6.0 1738s
 106391 100270 800207.784 1507  130 1250366.26 670309.567  46.4%   5.9 1740s
 108424 102222 810510.905 2477  119 1250366.26 670309.567  46.4%   5.8 1745s
H108701 101969                    1245875.9503 670309.567  46.2%   5.8 1745s
 112234 105468 826266.392 4027  114 1245875.95 670309.567  46.2%   5.7 1750s
H112852 105482                    1239435.6269 670309.567  45.9%   5.7 1752s
 113983 106844 827286.158 4211  111 1239435.63 670309.567  45.9%   5.6 1755s
H114396 107079                    1239417.9980 670310.416  45.9%   5.6 1755s
H115201 107892                    1239390.4996 670310.416  45.9%   5.6 1757s
 116199 108981 923743.180  825  113 1239390.50 670310.416  45.9%   5.6 1760s
H116744 109699                    1239353.7118 670310.416  45.9%   5.5 1761s
H118007 110174                    1235218.4661 670310.416  45.7%   5.5 1764s
 118009 110535 930087.636 1720  111 1235218.47 670310.416  45.7%   5.5 1765s
 121187 113660 940988.826 3337  108 1235218.47 670310.416  45.7%   5.4 1770s
H121298 113660                    1235205.2848 670310.416  45.7%   5.4 1770s
 123145 115230 949047.074 4210  103 1235205.28 670310.416  45.7%   5.4 1775s
H123172 115373                    1235204.4047 670310.416  45.7%   5.4 1776s
H123173 115353                    1235001.4874 670310.416  45.7%   5.4 1776s
 126203 118408 931094.821  396   93 1235001.49 670319.839  45.7%   5.3 1780s
 128768 120960 946959.206 1040   92 1235001.49 670319.839  45.7%   5.2 1785s
 131324 123495 955642.010 1507  107 1235001.49 670319.839  45.7%   5.2 1790s
 133167 125369 981522.585 1882   95 1235001.49 670319.839  45.7%   5.3 1795s
 134724 127064 1007064.13 2321   84 1235001.49 670319.839  45.7%   5.2 1800s
 136232 128372 1014811.00 2713   84 1235001.49 670319.839  45.7%   5.2 1805s
 138564 130530 1039414.18 3275   82 1235001.49 670319.839  45.7%   5.1 1811s
 140256 132365 1042554.23 3671   81 1235001.49 670319.839  45.7%   5.1 1815s
 142223 134238 1048971.32 4037   84 1235001.49 670319.839  45.7%   5.1 1820s
 143888 136008 1067757.81 4208   97 1235001.49 670319.839  45.7%   5.1 1825s
H145435 137317                    1234011.5432 670319.839  45.7%   5.1 1828s
 146242 138239 1218164.91  410   92 1234011.54 670319.839  45.7%   5.1 1830s
H146652 138584                    1234010.2774 670329.003  45.7%   5.1 1831s
H147856 139699                    1233995.1391 670329.003  45.7%   5.1 1833s
H148288 140115                    1233977.5102 670329.003  45.7%   5.1 1834s
 148420 140376 1170502.12  776  111 1233977.51 670329.003  45.7%   5.1 1835s
 150031 142065 1177300.22 1809  110 1233977.51 670329.003  45.7%   5.0 1840s
 152498 144198 1187562.65 2962   95 1233977.51 670329.003  45.7%   5.0 1845s
H153086 144683                    1233962.3720 670329.003  45.7%   5.0 1846s
 153842 145354 1194318.27 3772   95 1233962.37 670329.003  45.7%   4.9 1850s
H153886 145597                    1233961.8353 670329.003  45.7%   4.9 1850s
 155781 147152 1129381.18  179  132 1233961.84 670329.003  45.7%   4.9 1855s
H156030 147380                    1233946.9595 670329.003  45.7%   4.9 1856s
 157545 148872 1114999.87  415  111 1233946.96 670341.483  45.7%   4.9 1860s
 159601 150880 1121843.89 1456  111 1233946.96 670341.483  45.7%   4.9 1865s
H160954 151936                    1233944.2065 670341.483  45.7%   4.8 1867s
H162321 153253                    1233921.1303 670341.483  45.7%   4.8 1869s
 162734 153802 1160277.84 3198  108 1233921.13 670341.483  45.7%   4.8 1870s
H163160 154124                    1233903.5015 670341.483  45.7%   4.8 1871s
H164360 155297                    1233888.6256 670341.483  45.7%   4.7 1874s
 164442 155550 1171214.68 3993  108 1233888.63 670341.483  45.7%   4.7 1875s
H165384 156312                    1233885.8726 670344.229  45.7%   4.7 1876s
H166272 157231                    1233870.7343 670344.229  45.7%   4.7 1879s
 166670 157775 926743.675  433   99 1233870.73 670344.229  45.7%   4.7 1880s
 168888 160034 937186.886 1865   97 1233870.73 670344.229  45.7%   4.7 1885s
 170744 161970 944323.612 2950   90 1233870.73 670344.229  45.7%   4.6 1890s
 173436 164396 953319.412 4211   85 1233870.73 670344.229  45.7%   4.6 1895s
H173795 164716                    1233855.5961 670344.229  45.7%   4.6 1895s
H174107 165014                    1233840.4578 670344.229  45.7%   4.6 1896s
 174539 165713 953309.133 4211   85 1233840.46 670344.229  45.7%   4.6 1900s
 177009 168068 986289.855  553   71 1233840.46 670344.229  45.7%   4.5 1905s
 179441 170264 1043585.48 1754   67 1233840.46 670344.229  45.7%   4.5 1911s
 180371 171167     cutoff 2168      1233840.46 670344.229  45.7%   4.5 1915s
 182335 173118 1102280.20  866   88 1233840.46 670346.385  45.7%   4.5 1920s
 184408 175136 1123794.38 1951   86 1233840.46 670346.385  45.7%   4.4 1926s
 186185 176870 1139491.99 3092   86 1233840.46 670346.385  45.7%   4.4 1930s
 187511 178425 1149641.98 3830   80 1233840.46 670346.385  45.7%   4.4 1935s
 189517 180204 1161629.01 4211   76 1233840.46 670346.385  45.7%   4.3 1941s
 190719 181493 764221.512   78  189 1233840.46 670349.838  45.7%   4.3 1945s
 192698 183285 1216074.28  250  113 1233840.46 670349.838  45.7%   4.3 1950s
 194854 185122 1001994.18  456   76 1233840.46 670353.325  45.7%   4.3 1956s
 196687 187156 889410.735  223   99 1233840.46 670358.476  45.7%   4.3 1960s
 199511 189950 898677.833 1632   99 1233840.46 670358.476  45.7%   4.3 1965s
 201403 191623 911410.188 2778   98 1233840.46 670358.476  45.7%   4.3 1970s
 203983 194441 920102.876 4090   95 1233840.46 670358.476  45.7%   4.2 1975s
 205828 196290 921071.672 4207   93 1233840.46 670358.476  45.7%   4.2 1980s
 208524 198551 infeasible  701      1233840.46 670359.710  45.7%   4.2 1985s
 210100 199920 1121848.61  736   87 1233840.46 670359.710  45.7%   4.1 1990s
 212472 202320 1144900.83 2605   81 1233840.46 670359.710  45.7%   4.1 1995s
 215191 204773 1156878.14 4194   76 1233840.46 670359.710  45.7%   4.1 2001s
 216443 206257 1157295.65 4207   88 1233840.46 670359.710  45.7%   4.1 2005s
 218523 208245 1218703.00  513   98 1233840.46 670366.218  45.7%   4.1 2010s
 220369 209748     cutoff  341      1233840.46 670366.218  45.7%   4.0 2015s
 222472 212069 858083.318  465  104 1233840.46 670373.977  45.7%   4.0 2020s
 224923 214402 865746.442 1630  104 1233840.46 670373.977  45.7%   4.0 2025s
 227268 216534 880713.361 2818  101 1233840.46 670373.977  45.7%   4.0 2030s
 230191 219395 899245.955 4211   96 1233840.46 670373.977  45.7%   4.0 2035s
 232251 221401 1088863.39  132  149 1233840.46 670375.593  45.7%   3.9 2040s
 234640 223911 1167237.56 1403   90 1233840.46 670375.593  45.7%   3.9 2045s
 236623 225964 1200716.59 2746  104 1233840.46 670375.593  45.7%   3.9 2050s
 238944 228033 1210625.96  361   95 1233840.46 670378.033  45.7%   3.9 2055s
 240785 229911 1180474.40  474  103 1233840.46 670378.033  45.7%   3.9 2060s
 243903 232803 1192227.66 2261  103 1233840.46 670378.033  45.7%   3.8 2065s
 245821 234529 766231.206   88  178 1233840.46 670383.735  45.7%   3.8 2070s
 247545 236485 1029536.43  622   82 1233840.46 670383.735  45.7%   3.8 2075s
 250229 238642 1020119.61  927   88 1233840.46 670383.735  45.7%   3.8 2080s
 251880 240288 1040617.79 1929   87 1233840.46 670383.735  45.7%   3.8 2085s
 254760 243093 1088153.31 3419   80 1233840.46 670383.735  45.7%   3.8 2090s
 256745 244835 1116910.57 4212  118 1233840.46 670383.735  45.7%   3.8 2095s
 258936 247267 1119992.79 4212   93 1233840.46 670383.735  45.7%   3.7 2100s
 261023 249220 759952.077   84  187 1233840.46 670394.280  45.7%   3.7 2105s
 263006 251267 927670.156  478  120 1233840.46 670394.280  45.7%   3.7 2110s
 265453 253490 1218413.86  886   67 1233840.46 670396.338  45.7%   3.7 2115s
 266681 254626 1120688.01  161  132 1233840.46 670396.338  45.7%   3.7 2120s
 269248 256977 1230895.15 1571  129 1233840.46 670398.379  45.7%   3.7 2125s
 271323 258958 1116487.11 1284   94 1233840.46 670398.379  45.7%   3.7 2130s
 273932 261797 1139480.20 2739  103 1233840.46 670398.379  45.7%   3.6 2135s
 276557 264401 1149387.99 4160   97 1233840.46 670398.379  45.7%   3.6 2140s
 278935 266721 767288.243   92  180 1233840.46 670399.380  45.7%   3.6 2145s
 281601 269170 850882.730 1295  114 1233840.46 670399.380  45.7%   3.6 2151s
 283296 271154 863678.648 2200  110 1233840.46 670399.380  45.7%   3.6 2155s
 285965 273869 946166.845 3448   96 1233840.46 670399.380  45.7%   3.6 2160s
 287828 275577 956798.153 4210   98 1233840.46 670399.380  45.7%   3.6 2165s
 290476 277901     cutoff  182      1233840.46 670403.734  45.7%   3.6 2170s
 291923 279172 910686.656  203  160 1233840.46 670403.785  45.7%   3.6 2175s
 294591 282062 1071480.61  703  102 1233840.46 670403.785  45.7%   3.6 2180s
 296921 284181 1099275.99 2013  101 1233840.46 670403.785  45.7%   3.5 2185s
 299563 286976 1112237.00 3443   99 1233840.46 670403.785  45.7%   3.5 2190s
 302116 289274 1129689.54 4222  104 1233840.46 670403.785  45.7%   3.5 2196s
 303908 291280 849188.691  517  111 1233840.46 670404.582  45.7%   3.5 2200s
 306862 294161 860506.023 1812  102 1233840.46 670404.582  45.7%   3.5 2205s
 309092 296467 866772.285 2903  101 1233840.46 670404.582  45.7%   3.5 2210s
 312180 299463 876057.739 4211  116 1233840.46 670404.582  45.7%   3.4 2215s
 313743 300999 931526.412 4211  110 1233840.46 670407.320  45.7%   3.4 2220s
 316028 302921 1146937.95 1019   96 1233840.46 670407.320  45.7%   3.4 2225s
 317799 304258 1170098.83 2297   81 1233840.46 670407.320  45.7%   3.5 2230s
 321115 307311 1203889.66 4210   73 1233840.46 670407.320  45.7%   3.4 2235s
 322894 309051 1209071.94 4210  125 1233840.46 670407.320  45.7%   3.4 2240s
 325072 311327 838722.422  327  121 1233840.46 670414.006  45.7%   3.4 2245s
 327824 313782 878341.938  917   90 1233840.46 670414.006  45.7%   3.4 2251s
 329951 316116 879761.131 1413   88 1233840.46 670414.006  45.7%   3.4 2255s
 332731 319019 889856.445 2000   89 1233840.46 670414.006  45.7%   3.4 2261s
 334784 321082 911033.151 2436   87 1233840.46 670414.006  45.7%   3.4 2265s
 337230 323369 983044.693 2920  120 1233840.46 670414.006  45.7%   3.4 2270s
 338721 324845 1017505.35 3211  129 1233840.46 670414.006  45.7%   3.4 2275s
 341000 327096 1034395.45 3648  103 1233840.46 670414.006  45.7%   3.4 2280s
 343062 329182 1076451.51 3992  104 1233840.46 670414.006  45.7%   3.4 2285s
 345762 331874 1118478.97 4211   96 1233840.46 670414.006  45.7%   3.4 2290s
 348162 334201 1110873.96  243  105 1233840.46 670422.295  45.7%   3.4 2295s
 349888 335776 1162020.56  260   71 1233840.46 670422.367  45.7%   3.4 2300s
 352618 338324     cutoff 1020      1233840.46 670422.367  45.7%   3.4 2305s
 354439 339664 1174044.81  166  134 1233840.46 670423.145  45.7%   3.4 2310s
 357097 342342 1099787.53  317   96 1233840.46 670423.169  45.7%   3.4 2315s
 359060 344295 899624.431  486  107 1233840.46 670423.336  45.7%   3.3 2320s
 362903 348079 919993.416 1887   96 1233840.46 670423.336  45.7%   3.3 2325s
 364535 349718 923876.503 2628   94 1233840.46 670423.336  45.7%   3.3 2330s
 367996 352990 947107.449 4212   88 1233840.46 670423.336  45.7%   3.3 2335s
 369445 354350     cutoff  374      1233840.46 670433.694  45.7%   3.3 2340s
 371884 356640 818018.206   93  155 1233840.46 670434.588  45.7%   3.3 2345s
 374144 358883 1167126.08  814   53 1233840.46 670434.588  45.7%   3.3 2350s
 376578 361242 803522.436  294  119 1233840.46 670435.108  45.7%   3.3 2355s
 379320 363849 815012.618 1721  112 1233840.46 670435.108  45.7%   3.3 2360s
 382755 367157 845073.172 3396  102 1233840.46 670435.108  45.7%   3.3 2365s
 384968 369272 894731.269 4210  108 1233840.46 670435.108  45.7%   3.3 2370s
 388724 373038 992251.444  621   90 1233840.46 670435.391  45.7%   3.2 2375s
 391057 374703     cutoff  367      1233840.46 670435.650  45.7%   3.2 2380s
 394387 377952 963067.804 1335  113 1233840.46 670435.650  45.7%   3.2 2385s
 396678 380217 998191.127 2720   98 1233840.46 670435.650  45.7%   3.2 2390s
 399737 382879 1017837.01 4212   88 1233840.46 670435.650  45.7%   3.2 2396s
 402322 385827 1002760.10  575   93 1233840.46 670441.616  45.7%   3.2 2400s
 406029 389416 1173945.97 1129  110 1233840.46 670441.616  45.7%   3.2 2405s
 409506 392804 975694.830 1076  112 1233840.46 670442.713  45.7%   3.2 2410s
 411700 394487 998699.182 2153  100 1233840.46 670442.713  45.7%   3.2 2415s
 415275 398002 1011397.68 4209   97 1233840.46 670442.713  45.7%   3.2 2420s
 418029 400570 865251.657  204  156 1233840.46 670445.332  45.7%   3.2 2425s
 420354 402952 964303.752  580  113 1233840.46 670445.332  45.7%   3.2 2430s
 425981 408517 1007652.15 3185  108 1233840.46 670445.332  45.7%   3.2 2435s
 431253 413702 1217423.61  443   98 1233840.46 670445.332  45.7%   3.1 2440s
 436371 418785 1178484.07 2404   97 1233840.46 670447.032  45.7%   3.1 2445s
 441373 423516 1223162.41 4211  109 1233840.46 670450.301  45.7%   3.1 2450s
 445935 427933 954867.511 2172   63 1233840.46 670450.301  45.7%   3.1 2456s
 448430 430446 801556.366  131  147 1233840.46 670452.612  45.7%   3.1 2460s
 451417 433417 923306.365  430  107 1233840.46 670452.612  45.7%   3.1 2465s
 456069 438114 929315.336 1956   97 1233840.46 670452.612  45.7%   3.1 2471s
 460436 442526 953517.933 4209   82 1233840.46 670452.612  45.7%   3.1 2475s
 463517 445462 1220871.14  615   89 1233840.46 670452.666  45.7%   3.1 2480s
 467117 448870 1084226.43 1034   97 1233840.46 670452.666  45.7%   3.1 2485s
 471687 453434 1115911.25 3492   95 1233840.46 670452.666  45.7%   3.0 2490s
 474942 456759 1165420.40 4210   92 1233840.46 670453.257  45.7%   3.0 2495s
 477806 459740 1161959.56 1738   97 1233840.46 670453.257  45.7%   3.0 2500s
 481959 463587 1195855.86 4132   98 1233840.46 670453.257  45.7%   3.0 2505s
 485924 467456 1133907.66  950  107 1233840.46 670454.764  45.7%   3.0 2510s
 490502 471753 1213118.70 3449   96 1233840.46 670454.764  45.7%   3.0 2515s
 494039 475448 919483.861 1750   81 1233840.46 670454.764  45.7%   3.0 2520s
 497059 478096 848175.024  234  142 1233840.46 670455.600  45.7%   3.0 2525s
 498812 479913 941538.959  261  103 1233840.46 670455.600  45.7%   3.0 2530s
 502149 483292 962628.309 2457  101 1233840.46 670455.600  45.7%   3.0 2535s
 506423 487507 1012449.77 4211  121 1233840.46 670455.600  45.7%   3.0 2540s
 510962 492012 1135713.54 1978  107 1233840.46 670457.148  45.7%   3.0 2545s
 512996 493743 798255.611  104  145 1233840.46 670458.184  45.7%   3.0 2550s
 516317 496968 938582.166  619   73 1233840.46 670458.184  45.7%   3.0 2555s
 520752 501243 1009121.51 3124   79 1233840.46 670458.184  45.7%   3.0 2560s
 524208 504769 1136402.13 4304   73 1233840.46 670458.184  45.7%   3.0 2565s
 528238 508328 804377.943  695  180 1233840.46 670459.707  45.7%   3.0 2570s
 530712 510560     cutoff  403      1233840.46 670464.204  45.7%   3.0 2575s
 533428 513311 830955.242 1519  119 1233840.46 670464.305  45.7%   3.0 2580s
 538336 518196 861056.939 4191  105 1233840.46 670464.305  45.7%   3.0 2586s
 541706 521631 918541.264 4240  115 1233840.46 670464.305  45.7%   3.0 2590s
 545169 525183 1105125.54  841  105 1233840.46 670468.143  45.7%   3.0 2595s
 548569 528376 1120177.76  246  104 1233840.46 670469.544  45.7%   3.0 2600s
 551712 531442 1008740.29  250   97 1233840.46 670472.199  45.7%   3.0 2605s
 554079 533488 824784.978  129  130 1233840.46 670479.114  45.7%   3.0 2610s
 558818 537682 942650.761 2816   77 1233840.46 670479.114  45.7%   3.0 2615s
 562926 540975     cutoff  385      1233840.46 670480.323  45.7%   3.0 2620s
 564890 543020 1085892.29 1180  105 1233840.46 670480.695  45.7%   3.0 2625s
H566492 543695                    1226967.2042 670480.695  45.4%   3.0 2625s
*566804 544029             838    1226966.9460 670480.695  45.4%   3.0 2626s
*566808 544029             840    1226959.8584 670480.695  45.4%   3.0 2626s
*566810 544029             840    1226949.6996 670480.695  45.4%   3.0 2626s
H569492 546667                    1226915.2452 670480.695  45.4%   3.0 2629s
 569537 547051 1100008.33 3877  101 1226915.25 670480.695  45.4%   3.0 2630s
 573880 551217 infeasible  447      1226915.25 670481.633  45.4%   3.0 2635s
H573884 551215                    1226884.8001 670481.633  45.4%   3.0 2635s
 576605 553701 795835.534  109  187 1226884.80 670482.723  45.4%   3.0 2640s
 579662 556541 854290.706 1969  102 1226884.80 670482.723  45.4%   3.0 2645s
H579692 556633                    1226529.6960 670482.723  45.3%   3.0 2645s
H579789 553331                    1215065.7423 670482.723  44.8%   3.0 2645s
H580140 541452                    1196253.1957 670482.723  44.0%   3.0 2646s
*580451 541743             946    1196252.7479 670482.723  44.0%   3.0 2646s
*580461 541743             945    1196251.5443 670482.723  44.0%   3.0 2646s
*580472 541742             945    1196248.7986 670482.723  44.0%   3.0 2646s
 583190 544693 888882.119 4245  106 1196248.80 670482.723  44.0%   3.0 2650s
H584707 545830                    1196224.3877 670482.723  44.0%   3.0 2651s
H584762 545964                    1195941.4148 670482.723  43.9%   3.0 2653s
 585842 547112 1153188.55  331  104 1195941.41 670482.723  43.9%   3.0 2655s
H588412 549129                    1195813.1359 670487.009  43.9%   3.0 2658s
 589383 550335 816038.621  156  170 1195813.14 670487.277  43.9%   3.0 2660s
 592858 553981 879476.829 1641   98 1195813.14 670487.277  43.9%   3.0 2665s
 595838 556906 902143.151 3133   95 1195813.14 670487.277  43.9%   3.0 2670s
 599975 560752 1040303.48 4262  105 1195813.14 670487.277  43.9%   3.0 2675s
 604636 565119 1112011.62  215  125 1195813.14 670488.635  43.9%   3.0 2680s
 607068 567280 810753.680  285  119 1195813.14 670490.761  43.9%   3.0 2685s
 610091 570444 818830.237  960  113 1195813.14 670490.761  43.9%   3.0 2690s
H612667 573012                    1195794.8420 670490.761  43.9%   3.0 2694s
H613622 573818                    1195794.7225 670490.761  43.9%   3.0 2694s
 613820 574218 831772.153 1614  106 1195794.72 670490.761  43.9%   3.0 2695s
 616757 577066 839023.122 2387  106 1195794.72 670490.761  43.9%   3.0 2700s
 620439 580731 845653.341 3320  105 1195794.72 670490.761  43.9%   3.0 2707s
 622790 583220 850089.079 3872  105 1195794.72 670490.761  43.9%   3.0 2710s
 625963 586027 889121.062 4243  127 1195794.72 670490.761  43.9%   3.0 2715s
 630044 590049 1069525.97 1818   99 1195794.72 670492.504  43.9%   3.0 2720s
H630874 590344                    1195488.1683 670492.504  43.9%   3.0 2721s
H631381 590761                    1195483.8728 670492.504  43.9%   3.0 2722s
 633585 593174 1133367.65 4264  100 1195483.87 670492.504  43.9%   3.0 2725s
H634163 593398                    1195479.3048 670492.504  43.9%   3.0 2725s
H635658 594920                    1195471.6255 670493.621  43.9%   3.0 2727s
H636341 595638                    1195471.6252 670494.633  43.9%   3.0 2729s
 636502 595929 810867.487  249  129 1195471.63 670494.633  43.9%   3.0 2730s
 640940 600342 922477.526 2559   95 1195471.63 670494.633  43.9%   3.0 2736s
H642077 601271                    1195466.5620 670494.633  43.9%   3.0 2737s
 644016 603320 944553.162 4227   90 1195466.56 670494.633  43.9%   3.0 2740s
 647362 606518 1115773.92  387  118 1195466.56 670496.193  43.9%   3.0 2745s
 650734 609669 829716.244  247  124 1195466.56 670499.167  43.9%   3.0 2750s
 654533 613687 857743.003 1698  104 1195466.56 670499.167  43.9%   2.9 2755s
 657484 616592 888344.896 3009  104 1195466.56 670499.167  43.9%   2.9 2760s
H657897 616909                    1195464.9832 670499.167  43.9%   2.9 2760s
H659007 617894                    1195314.8584 670499.167  43.9%   2.9 2762s
H660140 618798                    1195276.3736 670499.167  43.9%   2.9 2763s
 660953 619661 927669.428 4266  102 1195276.37 670499.167  43.9%   2.9 2765s
 663139 621874 1148019.69  261  116 1195276.37 670505.668  43.9%   2.9 2770s
 665567 624092 1181918.53  378  111 1195276.37 670506.761  43.9%   2.9 2775s
H666836 624996                    1195254.9938 670507.237  43.9%   2.9 2776s
 668054 626365 1040258.30  614  111 1195254.99 670507.237  43.9%   2.9 2780s
H668528 617195                    1186533.5947 670507.237  43.5%   2.9 2780s
*668912 616210            1169    1185021.4860 670507.237  43.4%   2.9 2781s
H670120 617264                    1185020.9493 670508.283  43.4%   2.9 2783s
 670723 617775 805373.309  158  147 1185020.95 670510.792  43.4%   2.9 2785s
 672450 619582 934712.651 1061  137 1185020.95 670510.792  43.4%   2.9 2790s
H675889 622701                    1184996.7962 670510.792  43.4%   2.9 2793s
 676787 623802 949018.093 3962   97 1184996.80 670510.792  43.4%   2.9 2795s
H678716 625341                    1184973.2151 670510.792  43.4%   2.9 2799s
H678785 625341                    1184972.6431 670510.792  43.4%   2.9 2799s
 679059 625880 1116836.47  214  133 1184972.64 670510.792  43.4%   2.9 2800s
 682521 628974 876253.391 1401  105 1184972.64 670515.597  43.4%   2.9 2805s
H682523 629235                    1184945.1447 670515.597  43.4%   2.9 2805s
 687179 634038 895715.652 3681  100 1184945.14 670515.597  43.4%   2.9 2810s
 690259 636844 929659.954 4250  127 1184945.14 670515.597  43.4%   2.9 2815s
 692984 639673 1061211.92  476   72 1184945.14 670517.511  43.4%   2.9 2820s
 696314 642508 1119048.86  246  119 1184945.14 670522.592  43.4%   2.9 2825s
H698020 644063                    1184920.9915 670523.286  43.4%   2.9 2829s
 698086 644331 825873.283  439  109 1184920.99 670523.286  43.4%   2.9 2830s
 701852 648215 833608.740 1348  109 1184920.99 670523.286  43.4%   2.9 2835s
 704607 650822 839570.445 2032  108 1184920.99 670523.286  43.4%   2.9 2840s
 707946 654316 854593.920 2880  103 1184920.99 670523.286  43.4%   2.9 2845s
 711683 658067 860988.450 3755  103 1184920.99 670523.286  43.4%   2.9 2850s
 714654 660906 942016.375 4250  115 1184920.99 670523.286  43.4%   2.9 2855s
 717441 663372 992191.643  430  127 1184920.99 670525.038  43.4%   2.9 2860s
 719607 665375 1163491.36 1284   91 1184920.99 670525.038  43.4%   2.9 2865s
 723485 669112 896474.419 1339  102 1184920.99 670528.061  43.4%   3.0 2870s
H723788 669174                    1184920.9887 670528.061  43.4%   3.0 2871s
 727041 672674 947552.213 3111  107 1184920.99 670528.061  43.4%   2.9 2875s
 729893 675546 983089.153 4287   94 1184920.99 670528.061  43.4%   2.9 2880s
 734565 680207 976709.219  354   89 1184920.99 670528.754  43.4%   2.9 2885s
 738060 683375 1153833.31  401  112 1184920.99 670529.274  43.4%   2.9 2890s
 739583 684598 818740.297  341  131 1184920.99 670529.535  43.4%   2.9 2895s
 743323 688227 818142.184 1450  111 1184920.99 670529.535  43.4%   3.0 2900s
 746526 691531 824943.270 2250  108 1184920.99 670529.535  43.4%   2.9 2905s
 749760 694718 829414.884 2994  110 1184920.99 670529.535  43.4%   2.9 2910s
 753311 698221 840402.153 3877  105 1184920.99 670529.535  43.4%   3.0 2915s
 755352 699957 875536.972 4227  115 1184920.99 670529.535  43.4%   3.0 2920s
 758384 703065 1167620.80  356   92 1184920.99 670532.237  43.4%   3.0 2925s
 761205 705766 851746.980  901  105 1184920.99 670532.387  43.4%   3.0 2930s
 764666 708962 877534.951 3500   99 1184920.99 670532.387  43.4%   3.0 2935s
 767855 712208 981951.406 4264   93 1184920.99 670533.020  43.4%   3.0 2940s
 770193 714389 1132870.98  274   56 1184920.99 670533.439  43.4%   3.0 2945s
 773381 717500 941465.734  225  104 1184920.99 670534.134  43.4%   3.0 2950s
 775830 719813 799132.360  136  165 1184920.99 670534.348  43.4%   3.0 2955s
 778743 722744 843916.349  691  108 1184920.99 670534.348  43.4%   3.0 2960s
 781559 725577 859430.045 2149  103 1184920.99 670534.348  43.4%   3.0 2965s
 785432 729003 891908.404 4260  104 1184920.99 670534.348  43.4%   3.0 2970s
 787874 731487 817538.978  158  139 1184920.99 670535.544  43.4%   3.0 2975s
 791489 735088 858972.525  916  103 1184920.99 670535.544  43.4%   3.0 2980s
 793614 736991 894156.613 2019   96 1184920.99 670535.544  43.4%   3.0 2985s
 796857 740357 994022.810 3346   88 1184920.99 670535.544  43.4%   3.0 2990s
 799333 742884 1019019.12 4349   95 1184920.99 670535.544  43.4%   3.0 2995s
 803598 746982 1176567.38  345  119 1184920.99 670536.085  43.4%   3.0 3000s
H804212 747350                    1184903.2677 670536.177  43.4%   3.0 3001s
 805485 748444     cutoff  358      1184903.27 670536.177  43.4%   3.0 3005s
 808617 750863     cutoff  554      1184903.27 670536.177  43.4%   3.0 3010s
 810898 752519 1172100.30  718   90 1184903.27 670536.177  43.4%   3.0 3015s
 814691 755864 855519.435  400  152 1184903.27 670537.086  43.4%   3.0 3020s
 817090 758272 1101941.08  263  128 1184903.27 670537.613  43.4%   3.0 3025s
H818393 754113                    1178143.8012 670537.613  43.1%   3.0 3027s
 820359 755590     cutoff  273      1178143.80 670537.756  43.1%   3.0 3030s
 822567 757957 890770.469  416  117 1178143.80 670538.032  43.1%   3.0 3035s
H822866 758130                    1178120.2201 670538.032  43.1%   3.0 3036s
H824879 760036                    1178112.4397 670538.032  43.1%   3.1 3039s
 825334 760764 909222.477 1044  104 1178112.44 670538.032  43.1%   3.1 3040s
 829076 764600 938139.571 1906  103 1178112.44 670538.032  43.1%   3.1 3045s
H829724 764748                    1178107.9179 670538.032  43.1%   3.1 3047s
H831135 766383                    1178041.6097 670538.032  43.1%   3.1 3049s
 831426 766831 957913.264 2445   99 1178041.61 670538.032  43.1%   3.1 3050s
 835393 770687 971078.298 3536   93 1178041.61 670538.032  43.1%   3.1 3055s
H838373 769503                    1173717.5671 670538.032  42.9%   3.1 3059s
H838868 769790                    1173713.1802 670538.032  42.9%   3.1 3059s
 838891 770081 992872.793 4312  110 1173713.18 670538.032  42.9%   3.1 3060s
 841186 772260 1050614.12  231  117 1173713.18 670538.702  42.9%   3.1 3065s
 844841 775436     cutoff  319      1173713.18 670539.168  42.9%   3.1 3070s
 847794 778745 1125897.16 1385   98 1173713.18 670539.178  42.9%   3.1 3075s
 852810 783340 915208.296  206  120 1173713.18 670539.199  42.9%   3.1 3080s
 855862 785984 871543.603  319  122 1173713.18 670539.335  42.9%   3.1 3085s
 858621 788942 938000.960  958   99 1173713.18 670539.335  42.9%   3.1 3090s
 861357 791407 955118.541 1742   93 1173713.18 670539.335  42.9%   3.1 3095s
 864656 795080 971966.622 2588   91 1173713.18 670539.335  42.9%   3.1 3100s
 868654 799052 979641.073 3517   93 1173713.18 670539.335  42.9%   3.1 3105s
 870974 801234 981811.678 4090   86 1173713.18 670539.335  42.9%   3.1 3110s
 874138 804511 878003.322  167  104 1173713.18 670540.281  42.9%   3.1 3115s
 877050 806986 1137279.19  267   88 1173713.18 670540.807  42.9%   3.1 3120s
H877138 805503                    1172426.6104 670540.807  42.8%   3.1 3120s
H877740 806007                    1172426.0842 670541.296  42.8%   3.1 3122s
H877857 805965                    1172403.0293 670541.296  42.8%   3.1 3122s
 879548 807841 863327.736  700  116 1172403.03 670541.296  42.8%   3.1 3125s
 883028 811346 938596.836 1848   93 1172403.03 670541.296  42.8%   3.1 3130s
H885273 813045                    1172390.7272 670541.296  42.8%   3.1 3133s
 885609 813650 971956.832 3283   92 1172390.73 670541.296  42.8%   3.1 3135s
 888918 816704     cutoff 4320      1172390.73 670541.296  42.8%   3.2 3140s
 890608 818252 995106.062  229  108 1172390.73 670542.769  42.8%   3.2 3145s
 893540 821078 905662.594  217  119 1172390.73 670543.019  42.8%   3.2 3150s
H895196 822278                    1172383.9626 670543.075  42.8%   3.2 3153s
 896897 824169 835867.140  115  137 1172383.96 670543.295  42.8%   3.2 3155s
 900389 827554 865986.918  621  115 1172383.96 670543.545  42.8%   3.2 3160s
 904011 831006 1026206.86 2056   93 1172383.96 670543.545  42.8%   3.2 3165s
 905902 832715 1095106.82 2700  104 1172383.96 670543.545  42.8%   3.2 3170s
 908736 835204 1172252.56 1018   41 1172383.96 670544.980  42.8%   3.2 3175s
 911095 837484 859186.783  656  124 1172383.96 670544.980  42.8%   3.2 3180s
H913241 839432                    1172380.7502 670544.980  42.8%   3.2 3183s
 914638 841165 896962.276 1917  106 1172380.75 670544.980  42.8%   3.2 3185s
H915683 840700                    1171874.9322 670544.980  42.8%   3.2 3187s
 917885 843242 1132795.02 2732   91 1171874.93 670544.980  42.8%   3.2 3190s
 920778 845655 854986.774  735  100 1171874.93 670546.033  42.8%   3.2 3195s
 924829 849823 954530.727 1847   98 1171874.93 670546.033  42.8%   3.2 3200s
 928621 853507 959960.816 2861   89 1171874.93 670546.033  42.8%   3.2 3205s
 932118 856705 982238.529 3668   89 1171874.93 670546.033  42.8%   3.2 3210s
 934320 859046 1025849.55 4259   90 1171874.93 670546.033  42.8%   3.2 3215s
 937478 862290     cutoff  313      1171874.93 670547.085  42.8%   3.2 3220s
H940171 832567                    1153379.2115 670547.159  41.9%   3.2 3225s
 943651 835822 1000463.83  246  126 1153379.21 670547.755  41.9%   3.2 3230s
 945976 837687 1070551.72  657  100 1153379.21 670548.138  41.9%   3.2 3235s
 948488 839809 1139262.36  407   77 1153379.21 670548.629  41.9%   3.2 3240s
H951867 842200                    1153296.1507 670548.664  41.9%   3.2 3245s
H953103 843081                    1153010.4272 670548.664  41.8%   3.2 3247s
H954382 839324                    1150392.8691 670548.664  41.7%   3.2 3249s
 954541 839797 1081257.73 1782   73 1150392.87 670548.664  41.7%   3.2 3250s
 958168 842880     cutoff 3799      1150392.87 670548.664  41.7%   3.2 3255s
 960818 845634 896919.551  765  103 1150392.87 670548.930  41.7%   3.2 3260s
 965068 849742 1020295.13 2857   90 1150392.87 670548.930  41.7%   3.2 3265s
H967174 850652                    1150044.9152 670549.334  41.7%   3.2 3270s
H969556 853017                    1150044.3889 670549.610  41.7%   3.2 3274s
*969952 853199            1270    1150044.2525 670549.610  41.7%   3.2 3274s
*969962 853153            1270    1150019.4211 670549.610  41.7%   3.2 3274s
 969968 853355 1119323.23  368  112 1150019.42 670549.610  41.7%   3.2 3275s
 972446 855675 833195.219  415  131 1150019.42 670549.993  41.7%   3.2 3280s
 975914 859076 905312.320 1926  107 1150019.42 670549.993  41.7%   3.3 3285s
 978417 861552 975103.181 2836  112 1150019.42 670549.993  41.7%   3.3 3290s
 982547 865560 1050047.28 4360  107 1150019.42 670549.993  41.7%   3.3 3295s
 985027 867943 882223.559  225  143 1150019.42 670550.280  41.7%   3.3 3300s
H988784 863563                    1145953.3145 670550.806  41.5%   3.3 3304s
 989542 864352 843576.363  234  139 1145953.31 670551.189  41.5%   3.3 3305s
H990050 864693                    1145952.3093 670551.189  41.5%   3.3 3306s
H990627 865230                    1145952.3083 670551.295  41.5%   3.3 3308s
 991229 865776 838479.502  524  130 1145952.31 670551.295  41.5%   3.3 3310s
 995281 869750 929777.480 2756   94 1145952.31 670551.295  41.5%   3.3 3315s
 997642 872054 955599.346 3856   99 1145952.31 670551.295  41.5%   3.3 3320s
H998567 872575                    1145951.7716 670551.295  41.5%   3.3 3320s
H999396 871274                    1144848.3027 670551.295  41.4%   3.3 3321s
H999824 871032                    1144502.9538 670551.295  41.4%   3.3 3322s
 1001269 872601 896451.366  114  169 1144502.95 670552.353  41.4%   3.3 3325s
 1003896 875130 917987.201 1174  104 1144502.95 670552.385  41.4%   3.3 3330s
H1005825 876720                    1144493.9187 670552.385  41.4%   3.3 3332s
 1008095 879281 939450.341 3876  101 1144493.92 670552.385  41.4%   3.3 3335s
H1008941 879876                    1144493.3924 670552.385  41.4%   3.3 3337s
H1009410 880212                    1144492.8662 670552.385  41.4%   3.3 3337s
H1009484 880192                    1144484.3573 670552.385  41.4%   3.3 3338s
 1010777 881521 1121876.32  350  108 1144484.36 670553.400  41.4%   3.3 3340s
 1013598 883805 971665.391  422  129 1144484.36 670554.070  41.4%   3.3 3345s
H1014244 884173                    1144470.9720 670554.453  41.4%   3.3 3347s
 1015717 885769 849429.596  532  123 1144470.97 670554.453  41.4%   3.3 3350s
H1018538 888428                    1144467.7596 670554.453  41.4%   3.3 3355s
 1021090 891184 971242.010 1921   97 1144467.76 670554.453  41.4%   3.3 3360s
H1023030 892983                    1144463.1916 670554.453  41.4%   3.3 3362s
H1024158 894039                    1144427.4893 670554.453  41.4%   3.3 3364s
H1024234 893799                    1144300.8135 670554.453  41.4%   3.3 3364s
 1024444 893983 978130.659 2621   95 1144300.81 670554.453  41.4%   3.3 3366s
H1025066 894441                    1144205.2547 670554.453  41.4%   3.3 3366s
 1027669 896759 999038.290 3386   98 1144205.25 670554.453  41.4%   3.3 3370s
 1030432 899280 1013113.23 4214   98 1144205.25 670554.453  41.4%   3.3 3375s
 1033193 901963 1133071.23  501  113 1144205.25 670556.032  41.4%   3.3 3380s
 1036051 904938 914783.575 1380  107 1144205.25 670556.175  41.4%   3.3 3385s
 1039398 908306 962403.260 2727   96 1144205.25 670556.175  41.4%   3.3 3390s
 1043720 912315 1039336.58 4375  101 1144205.25 670556.175  41.4%   3.3 3395s
H1044717 912850                    1144110.2968 670556.451  41.4%   3.3 3396s
 1048005 915939     cutoff  355      1144110.30 670557.084  41.4%   3.3 3400s
 1050636 918657 849235.286  534  102 1144110.30 670557.610  41.4%   3.3 3405s
 1056256 923525 935823.141 3624   92 1144110.30 670557.610  41.4%   3.3 3410s
 1058960 926427 1027063.21 4382  105 1144110.30 670557.610  41.4%   3.3 3415s
 1061953 929055 861865.237  326  150 1144110.30 670558.633  41.4%   3.3 3420s
 1064931 932196 922747.212 2239  100 1144110.30 670558.633  41.4%   3.3 3425s
 1068886 935979 974158.669 4259  102 1144110.30 670558.633  41.4%   3.3 3430s
 1071834 939096 1018015.26  294  124 1144110.30 670559.082  41.4%   3.3 3435s
 1073850 940758 825423.577  260  142 1144110.30 670559.609  41.4%   3.3 3440s
 1077615 944568     cutoff  769      1144110.30 670559.752  41.4%   3.4 3445s
 1081492 948569 874942.137 1750  102 1144110.30 670559.752  41.4%   3.4 3450s
 1085625 952574 948572.020 3989   94 1144110.30 670559.752  41.4%   3.4 3455s
 1089764 956348 1132304.02  579  109 1144110.30 670560.768  41.4%   3.4 3460s
 1093936 960247 940866.037 1241  108 1144110.30 670560.911  41.4%   3.4 3465s
 1098401 964786 983700.078 2237  111 1144110.30 670560.911  41.4%   3.4 3470s
 1101631 967910 978445.653 2999   96 1144110.30 670560.911  41.4%   3.4 3475s
 1104816 970563 986555.805 3976   95 1144110.30 670560.911  41.4%   3.4 3481s
 1107219 973206 1032620.67 4393  112 1144110.30 670560.911  41.4%   3.4 3485s
 1109853 975420     cutoff  395      1144110.30 670562.347  41.4%   3.4 3490s
 1112971 978380 953964.304  272   95 1144110.30 670562.910  41.4%   3.4 3495s
 1116076 981173 829462.812  318  120 1144110.30 670563.399  41.4%   3.4 3500s
 1119587 984609 905156.794 1025   98 1144110.30 670563.399  41.4%   3.4 3505s
 1123130 987851 936100.270 1921   96 1144110.30 670563.399  41.4%   3.4 3510s
 1126052 991198 950773.673 2745   95 1144110.30 670563.399  41.4%   3.4 3515s
 1130733 995450 970642.969 3805   95 1144110.30 670563.399  41.4%   3.4 3520s
 1134227 999108 1001700.91 4403  113 1144110.30 670563.399  41.4%   3.4 3525s
 1136743 1001056     cutoff  432      1144110.30 670564.345  41.4%   3.4 3530s
 1139341 1003285     cutoff  949      1144110.30 670565.015  41.4%   3.4 3535s
 1141457 1004178 849572.918  648  127 1144110.30 670565.398  41.4%   3.4 3540s
 1144722 1007352 866986.561 2297   96 1144110.30 670565.398  41.4%   3.4 3545s
 1148047 1010416 934439.820 4126   92 1144110.30 670565.398  41.4%   3.4 3550s
 1151255 1013391 1029246.23  336  131 1144110.30 670566.030  41.4%   3.4 3555s
 1153304 1015045     cutoff  522      1144110.30 670566.174  41.4%   3.4 3560s
 1156107 1017872 819826.286  372  142 1144110.30 670566.557  41.4%   3.4 3565s
 1159606 1021450 948436.636 1994  101 1144110.30 670566.557  41.4%   3.5 3570s
H1160778 1022316                    1144086.7157 670566.557  41.4%   3.4 3571s
 1162456 1024169 1000790.89 3198   95 1144086.72 670566.557  41.4%   3.5 3575s
 1166527 1028008 1122041.62 4416   97 1144086.72 670567.083  41.4%   3.5 3580s
 1168993 1030078     cutoff  973      1144086.72 670567.573  41.4%   3.4 3585s
 1171765 1032560     cutoff  406      1144086.72 670567.951  41.4%   3.5 3590s
 1174036 1034920     cutoff  586      1144086.72 670568.012  41.4%   3.5 3595s
 1177468 1037951     cutoff 1346      1144086.72 670568.029  41.4%   3.4 3600s

Cutting planes:
  RLT: 83

Explored 1177526 nodes (4064702 simplex iterations) in 3600.05 seconds (1571.19 work units)
Thread count was 2 (of 24 available processors)

Solution count 10: 1.14409e+06 1.14411e+06 1.14421e+06 ... 1.14449e+06

Time limit reached
Best objective 1.144086715704e+06, best bound 6.705680288187e+05, gap 41.3884%
