
Gurobi 11.0.3 (linux64, Java) logging started sáb 14 dez 2024 04:23:18 -03

Set parameter Username
Academic license - for non-commercial use only - expires 2025-10-10
Set parameter NonConvex to value 2
Set parameter TimeLimit to value 3600
Set parameter LogToConsole to value 0
Set parameter MIPGap to value 7.6131968797397716e-08
Set parameter Threads to value 2
Set parameter NodefileDir to value "/home/ps12398/experiment_epec/goalProgrammingMarcos/"
Set parameter NodefileStart to value 1
Gurobi Optimizer version 11.0.3 build v11.0.3rc0 (linux64)

CPU model: Intel(R) Xeon(R) CPU           X5650  @ 2.67GHz, instruction set [SSE2]
Thread count: 12 physical cores, 24 logical processors, using up to 2 threads

Optimize a model with 30216 rows, 21123 columns and 217445 nonzeros
Model fingerprint: 0xfea02bef
Model has 107 quadratic constraints
Variable types: 10512 continuous, 10611 integer (102 binary)
Coefficient statistics:
  Matrix range     [1e-02, 5e+06]
  QMatrix range    [1e-02, 8e+04]
  QLMatrix range   [1e+00, 8e+04]
  Objective range  [1e+00, 3e+07]
  Bounds range     [1e+00, 1e+08]
  RHS range        [1e+00, 3e+06]
  QRHS range       [1e-02, 1e-02]
Presolve removed 30048 rows and 20782 columns
Presolve time: 0.83s
Presolved: 442 rows, 432 columns, 10839 nonzeros
Presolved model has 91 bilinear constraint(s)

Solving non-convex MIQCP

Variable types: 187 continuous, 245 integer (0 binary)
Found heuristic solution: objective 7072691.3209

Root relaxation: objective 0.000000e+00, 210 iterations, 0.01 seconds (0.01 work units)

    Nodes    |    Current Node    |     Objective Bounds      |     Work
 Expl Unexpl |  Obj  Depth IntInf | Incumbent    BestBd   Gap | It/Node Time

     0     0    0.00000    0  132 7072691.32    0.00000   100%     -    0s
     0     0    0.00000    0  135 7072691.32    0.00000   100%     -    1s
H    0     0                    1527272.3093    0.00000   100%     -    1s
     0     0    0.00000    0  137 1527272.31    0.00000   100%     -    1s
H    0     0                    982042.87545    0.00000   100%     -    1s
     0     0    0.00000    0  137 982042.875    0.00000   100%     -    1s
     0     0    0.00000    0  137 982042.875    0.00000   100%     -    1s
     0     2    0.00000    0  137 982042.875    0.00000   100%     -    2s
H   67   112                    913194.08509    0.00000   100%   3.2    2s
H  279   422                    765457.85762    0.00000   100%  14.7    2s
H  642   781                    719703.10420    0.00000   100%  12.0    3s
H  707   781                    695118.30463    0.00000   100%  12.8    3s
H 1027  1109                    683474.82355    0.00000   100%  12.5    3s
H 1434  1457                    683410.34036    0.00000   100%  11.6    4s
H 1925  1954                    679670.29830    0.00000   100%  11.5    4s
  1958  2130 11055.5469  547   93 679670.298    0.00000   100%  11.3    5s
H 2750  2816                    673670.21067    0.00000   100%  10.5    6s
  3717  3711 26847.2479  927   59 673670.211    0.00000   100%  10.0   10s
H 3751  3562                    649996.35484    0.00000   100%  10.4   14s
H 3780  3439                    645726.42224    0.00000   100%  10.3   14s
H 3806  3262                    637617.01417    0.00000   100%  10.2   14s
  3827  3620    0.00000   42  122 637617.014    0.00000   100%  10.4   15s
H 3983  3408                    637356.93169    0.00000   100%  10.2   15s
H 4754  3537                    542388.98733    0.00000   100%   9.2   16s
H 4993  3578                    535731.33009    0.00000   100%   8.9   16s
H 5174  3620                    500434.76304    0.00000   100%   8.7   17s
H 5266  3684                    500434.73626    0.00000   100%   8.6   17s
  7721  5417 14622.0021  946   86 500434.736    0.00000   100%   6.7   20s
H 8016  5196                    500191.99799    0.00000   100%   6.6   20s
H 8501  5502                    485351.87742    0.00000   100%   6.5   21s
H 8501  5390                    484268.92062    0.00000   100%   6.5   21s
H 9180  5720                    484108.24838    0.00000   100%   6.4   22s
H10031  6410                    483897.55947    0.00000   100%   6.3   23s
H10650  7121                    483897.55942    0.00000   100%   6.2   24s
 11177  7732 20800.3847 1770   89 483897.559    0.00000   100%   6.1   25s
H14930 11288                    403656.67196    0.00000   100%   5.9   29s
 15050 11492 122242.753 2656   81 403656.672    0.00000   100%   5.9   30s
H18303 14659                    403652.54152    0.00000   100%   5.7   34s
 18745 15314 238625.860 3534   88 403652.542    0.00000   100%   5.7   35s
H20035 16326                    403340.47296    0.00000   100%   5.6   37s
H20093 16684                    403340.33252    0.00000   100%   5.6   38s
H20633 17070                    403339.93539    0.00000   100%   5.5   38s
H20837 17396                    403335.65193    0.00000   100%   5.6   39s
 21359 18003 253749.295 4116   88 403335.652    0.00000   100%   5.6   40s
 25269 21789 5549.58123  553   82 403335.652    0.00000   100%   5.2   45s
 29087 25615 9748.06379 1548   82 403335.652    0.00000   100%   5.0   50s
 32727 29288 17521.1908 2536   83 403335.652    0.00000   100%   4.7   55s
H33885 30093                    398504.12172    0.00000   100%   4.6   56s
 35688 32254 31593.2383 3290   88 398504.122    0.00000   100%   4.6   60s
 40723 36911 106947.175 4175   78 398504.122    0.00000   100%   4.5   65s
 44521 40900 4277.46766  954   80 398504.122    0.00000   100%   4.4   70s
 47768 44295 11322.8214 1728   81 398504.122    0.00000   100%   4.4   75s
 51682 48148 13874.5585 2609   81 398504.122    0.00000   100%   4.3   80s
 56104 52400 15957.9553 3771   80 398504.122    0.00000   100%   4.3   85s
 60141 56409 28320.4394  235   80 398504.122    0.00000   100%   4.2   90s
 63130 59392 36344.9525  972   80 398504.122    0.00000   100%   4.2   95s
 66629 62876 74344.8943 1857   80 398504.122    0.00000   100%   4.2  100s
 70755 67018 115680.100 2928   83 398504.122    0.00000   100%   4.2  105s
 73564 69791 192987.125 3573   79 398504.122    0.00000   100%   4.2  110s
 77487 73687 287432.580 4173   81 398504.122    0.00000   100%   4.1  115s
 80929 77144 31011.5816 1371   74 398504.122    0.00000   100%   4.1  120s
 84141 80366 46375.2754 2769   74 398504.122    0.00000   100%   4.0  125s
 87998 83880 186123.862 4174   74 398504.122    0.00000   100%   4.0  130s
H88679 84089                    349232.04948    0.00000   100%   3.9  130s
H90059 85442                    344505.05434    0.00000   100%   3.9  132s
H90835 85943                    343648.03572    0.00000   100%   3.9  133s
H90934 86185                    343648.03315    0.00000   100%   3.9  133s
H91844 86759                    343056.21293    0.00000   100%   3.9  133s
H91989 86712                    300840.32531    0.00000   100%   3.9  134s
 92125 86951 3323.27016 1105   70 300840.325    0.00000   100%   3.9  135s
H93978 88495                    299954.46796    0.00000   100%   3.8  136s
H94140 88663                    297068.20207    0.00000   100%   3.8  137s
H95452 89824                    297067.80035    0.00000   100%   3.8  138s
 96593 91031 22864.6417 3235   64 297067.800    0.00000   100%   3.8  140s
 100538 94826    0.00000  152   88 297067.800    0.00000   100%   3.8  145s
H101447 95805                    297067.65675    0.00000   100%   3.8  145s
H102213 96344                    297067.47301    0.00000   100%   3.7  147s
 105158 99580 17136.8632 2262   75 297067.473    0.00000   100%   3.7  150s
 108151 102217 35441.1882 3674   76 297067.473    0.00000   100%   3.7  155s
 112312 106545 86438.1903  499   87 297067.473    0.00000   100%   3.6  160s
 116109 110039 110699.283 2230   78 297067.473    0.00000   100%   3.6  165s
H116110 104048                    190127.00482    0.00000   100%   3.6  165s
 119529 107505 137471.503  742   78 190127.005    0.00000   100%   3.6  170s
 122021 109382 144566.752 1430   77 190127.005    0.00000   100%   3.6  175s
 125976 111623 160420.767 2512   80 190127.005    0.00000   100%   3.7  180s
 128381 114088 164818.115 2932   81 190127.005    0.00000   100%   3.8  185s
H128889 114548                    190106.48841    0.00000   100%   3.8  186s
 131432 116692 infeasible  180      190106.488    0.00000   100%   3.9  191s
 134048 119064    0.00000  380   82 190106.488    0.00000   100%   3.9  195s
 137022 121115 8839.71658 1620   77 190106.488    0.00000   100%   3.9  200s
 141232 123186 160140.759 3365   78 190106.488    0.00000   100%   4.0  205s
H141529 123223                    190060.27424    0.00000   100%   4.0  205s
H141663 121719                    178669.28153    0.00000   100%   4.0  207s
 142991 122890 144037.614  406   82 178669.282    0.00000   100%   4.0  210s
 146671 126390 148127.922 1336   77 178669.282    0.00000   100%   4.0  215s
 148828 127668 156732.028 1983   77 178669.282    0.00000   100%   4.1  220s
 151811 130298 46117.5921 1459   75 178669.282    0.00000   100%   4.1  225s
 155052 133336 81264.4020 3060   74 178669.282    0.00000   100%   4.1  230s
 157910 135819 115498.830 4280   73 178669.282    0.00000   100%   4.1  235s
 162019 139782 88734.6799 1583   78 178669.282    0.00000   100%   4.1  240s
 164925 142458 107173.149 3078   80 178669.282    0.00000   100%   4.1  245s
H165688 142963                    178645.73827    0.00000   100%   4.1  246s
 167280 143916 19674.3454  314   82 178645.738    0.00000   100%   4.1  250s
 170044 146950 53437.5508 1213   72 178645.738    0.00000   100%   4.1  255s
 172584 149457 59884.4315 1812   72 178645.738    0.00000   100%   4.2  260s
H174665 151422                    178349.78715    0.00000   100%   4.2  262s
H175649 152255                    178349.65104    0.00000   100%   4.2  264s
 176112 152929 156908.697 2594   72 178349.651    0.00000   100%   4.2  265s
H176451 153225                    178346.55585    0.00000   100%   4.2  265s
 178590 155037 156908.697 3094   72 178346.556    0.00000   100%   4.2  270s
 181801 157787 165376.851  707   82 178346.556    0.00000   100%   4.2  275s
H182533 153835                    163210.17809    0.00000   100%   4.2  275s
 184188 155370    0.00000  146   91 163210.178    0.00000   100%   4.2  280s
 187643 158337 41210.4641 1070   77 163210.178    0.00000   100%   4.3  286s
 190558 161153 108657.017 1997   77 163210.178    0.00000   100%   4.3  290s
 192859 162597 139610.092  696   75 163210.178    0.00000   100%   4.4  295s
 194873 164337 160582.258  169  170 163210.178    0.00000   100%   4.4  300s
 197904 167049 100517.529 1273   78 163210.178    0.00000   100%   4.4  305s
 201360 170823 111965.197 2844   80 163210.178    0.00000   100%   4.4  310s
 204574 173783 132471.006  208   70 163210.178    0.00000   100%   4.4  315s
 208061 176388 160917.269  223  138 163210.178    0.00000   100%   4.5  320s
 210110 178056 163043.049  201  162 163210.178    0.00000   100%   4.5  325s
 212656 180170 52201.7614  335   90 163210.178    0.00000   100%   4.5  330s
 213814 181120 106430.163  943   71 163210.178    0.00000   100%   4.6  335s
 216944 184270 118665.917 2926   70 163210.178    0.00000   100%   4.6  340s
 219168 185987 125465.745 4275   72 163210.178    0.00000   100%   4.6  345s
 222044 188497 60093.0853  913   66 163210.178    0.00000   100%   4.6  350s
 224306 190454 73733.2191 2174   68 163210.178    0.00000   100%   4.6  355s
 228139 194008 148899.269 3909   65 163210.178    0.00000   100%   4.6  360s
 229634 194950 148846.253  161  163 163210.178    0.00000   100%   4.6  365s
 231839 197010    0.00000  158  114 163210.178    0.00000   100%   4.7  370s
 234563 199414 104161.493 1291   79 163210.178    0.00000   100%   4.7  375s
 237469 201679 124088.603 3058   83 163210.178    0.00000   100%   4.8  380s
 240097 202820 infeasible 4163      163210.178    0.00000   100%   4.8  385s
 242762 205549 11874.0467 1956   83 163210.178    0.00000   100%   4.9  390s
 245234 207446 35333.4774 3271   87 163210.178    0.00000   100%   4.8  395s
H246970 208766                    163199.51054    0.00000   100%   4.8  398s
 248140 209594    0.00000  110  114 163199.511    0.00000   100%   4.8  400s
H248637 205800                    158951.03041    0.00000   100%   4.8  400s
 249517 206455 157121.171  409  131 158951.030    0.00000   100%   4.8  405s
H251752 208241                    158930.43858    0.00000   100%   4.9  408s
 252684 209392 5959.63225  197   94 158930.439    0.00000   100%   4.9  410s
 255510 212125 8931.69343 1500   82 158930.439    0.00000   100%   4.9  415s
H257246 213672                    158915.58490    0.00000   100%   4.9  417s
 259370 215617 31786.6560 3657   82 158915.585    0.00000   100%   4.8  421s
H259754 216245                    158880.32898    0.00000   100%   4.8  422s
 261765 218323 5913.34418  142  101 158880.329    0.00000   100%   4.8  425s
H262354 218442                    158880.19852    0.00000   100%   4.8  425s
H262854 218846                    158877.06678    0.00000   100%   4.8  427s
H264263 219740                    158802.59765    0.00000   100%   4.9  429s
 264271 220096 78814.3684  279  105 158802.598    0.00000   100%   4.9  430s
 266110 221252 114435.753  982   65 158802.598    0.00000   100%   4.9  435s
 269117 224264 141729.076 2558   64 158802.598    0.00000   100%   4.9  440s
 273067 227540 155188.540 1670   73 158802.598    0.00000   100%   4.9  445s
 275178 229755 158634.678  247  156 158802.598    0.00000   100%   4.9  450s
H277231 231339                    158764.05084    0.00000   100%   4.9  452s
H277232 219347                    149168.11839    0.00000   100%   4.9  453s
H277240 219346                    149165.04011    0.00000   100%   4.9  453s
 278072 220300 135316.094  226  102 149165.040    0.00000   100%   4.9  455s
H279715 221929                    149146.67196    0.00000   100%   4.9  457s
 280600 222873 145489.734  781   56 149146.672    0.00000   100%   4.8  460s
 283725 225710 43013.8228  317   86 149146.672    0.00000   100%   4.8  465s
 285659 227516 66125.2261 1133   82 149146.672    0.00000   100%   4.8  470s
 288899 230661 71791.5888 3467   82 149146.672    0.00000   100%   4.8  475s
 291056 232508 116678.839 4303   87 149146.672    0.00000   100%   4.8  480s
 295272 236153 infeasible  491      149146.672    0.00000   100%   4.8  485s
 298157 238534 126314.780  501   59 149146.672    0.00000   100%   4.8  490s
H299335 239108                    149090.24697    0.00000   100%   4.9  492s
 300453 240147 67669.3635  235  107 149090.247    0.00000   100%   4.9  495s
H300641 240371                    149090.05098    0.00000   100%   4.9  496s
H300890 240874                    149086.73605    0.00000   100%   4.9  496s
 303721 243296     cutoff  278      149086.736    0.00000   100%   4.8  500s
 306503 246080 27315.3668  817   81 149086.736    0.00000   100%   4.9  505s
 310066 249556 69797.5629 2263   82 149086.736    0.00000   100%   4.9  510s
 312530 251771 93371.0724 4225   82 149086.736    0.00000   100%   4.9  515s
H313135 249119                    146236.81824    0.00000   100%   4.9  515s
H313954 249917                    146236.76053    0.00000   100%   4.9  516s
H315072 251198                    146236.65077    0.00000   100%   4.9  518s
 316019 251587 34754.4989  892   83 146236.651    0.00000   100%   4.9  520s
 318395 254154 60328.8986 2279   83 146236.651    0.00000   100%   4.9  525s
 322500 257835 84390.2985  337   89 146236.651    0.00000   100%   4.9  530s
H327089 261930                    146216.94615    0.00000   100%   4.9  534s
 327203 262094 83605.9394 1305   78 146216.946    0.00000   100%   4.9  535s
H327824 262393                    146152.39396    0.00000   100%   4.9  535s
 330665 265314 48527.9059  712   82 146152.394    0.00000   100%   4.9  540s
 333398 268106 64755.6404 1662   79 146152.394    0.00000   100%   4.9  545s
 336581 270513 109188.399 2604   75 146152.394    0.00000   100%   4.9  550s
 339973 273696    0.00000  590  100 146152.394    0.00000   100%   4.9  555s
H340438 259077                    134339.51122    0.00000   100%   4.9  555s
H340442 259077                    134339.50605    0.00000   100%   4.9  555s
H340474 240424                    117949.76081    0.00000   100%   4.9  556s
H341653 183932                    83493.351383    0.00000   100%   4.9  558s
 342707 184921 80270.6041 1796   80 83493.3514    0.00000   100%   4.9  560s
 345718 186637    0.00000  444   84 83493.3514    0.00000   100%   4.9  565s
H346623 186976                    83357.183807    0.00000   100%   4.9  566s
 348996 188965 78240.1043  750   63 83357.1838    0.00000   100%   4.9  570s
 352491 189921 infeasible 1512      83357.1838    0.00000   100%   4.9  575s
 355075 191149    0.00000  423   82 83357.1838    0.00000   100%   4.9  580s
 357990 192568 infeasible 1539      83357.1838    0.00000   100%   4.9  585s
 363084 196277 infeasible 2279      83357.1838    0.00000   100%   4.9  590s
 367852 199161 59944.4637 3160   40 83357.1838    0.00000   100%   4.9  595s
H372396 144524                    58164.533524    0.00000   100%   4.8  598s
 373682 145257 infeasible  979      58164.5335    0.00000   100%   4.8  600s
H376655 123431                    46767.044681    0.00000   100%   4.8  602s
*376897 123535            1616    46757.680387    0.00000   100%   4.8  602s
H377651 123883                    46757.380775    0.00000   100%   4.8  603s
H378188 84108                    29244.042400    0.00000   100%   4.8  604s
H378925 84729                    29243.711025    0.00000   100%   4.8  604s
 379107 84998    0.00000  738   57 29243.7110    0.00000   100%   4.8  605s
H380195 85815                    29243.443964    0.00000   100%   4.8  606s
 383440 88851 1187.54745 2670   44 29243.4440    0.00000   100%   4.8  610s
H383583 79163                    24214.185796    0.00000   100%   4.8  610s
 387101 81843 1519.19852 2226   66 24214.1858    0.00000   100%   4.8  615s
 391403 85008     cutoff  858      24214.1858    0.00000   100%   4.8  620s
H394613 84416                    22553.334031    0.00000   100%   4.8  623s
 396220 85703 1895.44920 3271   52 22553.3340    0.00000   100%   4.8  625s
H397851 86704                    22551.023002    0.00000   100%   4.8  626s
 400197 88365  179.21394 1405   63 22551.0230    0.00000   100%   4.8  630s
 404384 91195 2315.37465 3768   42 22551.0230    0.00000   100%   4.7  636s
 408145 94954 3993.42486 1593   52 22551.0230    0.00000   100%   4.7  640s
H409717 94423                    21550.084484    0.00000   100%   4.7  641s
H410765 95417                    21549.970852    0.00000   100%   4.7  642s
 413578 98092 7640.20881 4230   38 21549.9709    0.00000   100%   4.7  645s
 417560 102133 7658.58780 2487   48 21549.9709    0.00000   100%   4.6  650s
 421417 105759 9041.01970 4231   35 21549.9709    0.00000   100%   4.6  655s
H423523 99791                    17521.711261    0.00000   100%   4.6  657s
 426324 102802 9425.43056 2117   47 17521.7113    0.00000   100%   4.6  660s
H430184 21805                     649.5012907    0.00000   100%   4.6  664s
 430320 21574     cutoff 1415       649.50129    0.00000   100%   4.6  665s
H431314 22377                     649.1737354    0.00000   100%   4.6  665s
H433851 24004                     649.1632758    0.00000   100%   4.6  668s
 435038 25133    0.00000  666   77  649.16328    0.00000   100%   4.6  670s
H435291 25125                     619.8885011    0.00000   100%   4.6  670s
H435359 25029                     318.2681457    0.00000   100%   4.6  670s
H436248 25451                     317.9476250    0.00000   100%   4.6  672s
 438001 26592    0.00000  614   90  317.94762    0.00000   100%   4.7  675s
 440165 28081    0.00000  829   79  317.94762    0.00000   100%   4.7  680s
 442191 29569    0.00000  462  110  317.94762    0.00000   100%   4.7  685s
H442566 29772                     237.5779712    0.00000   100%   4.8  686s
H444310 31315                     237.5410481    0.00000   100%   4.8  690s
 446243 33030    0.00000  686   86  237.54105    0.00000   100%   4.8  695s
 450184 36725    0.00000  839   78  237.54105    0.00000   100%   4.8  700s
 454921 40358    0.00000  569  124  237.54105    0.00000   100%   4.9  705s
 456553 41762 infeasible  480       237.54105    0.00000   100%   4.9  710s
 460103 44372 infeasible  527       237.54105    0.00000   100%   4.9  715s
H461732 44195                     190.9249303    0.00000   100%   5.0  719s
 461800 44634    0.00000 1176   83  190.92493    0.00000   100%   5.0  720s
 465450 47448    0.00000  498  108  190.92493    0.00000   100%   5.0  725s
 466998 48614    0.00000  532  110  190.92493    0.00000   100%   5.1  730s
H467915   171                       0.0000000    0.00000  0.00%   5.1  732s

Cutting planes:
  RLT: 25

Explored 468084 nodes (2387033 simplex iterations) in 732.35 seconds (360.99 work units)
Thread count was 2 (of 24 available processors)

Solution count 10: 0 190.925 237.541 ... 17521.7

Optimal solution found (tolerance 7.61e-08)
Best objective 0.000000000000e+00, best bound 0.000000000000e+00, gap 0.0000%
