
Gurobi 11.0.3 (linux64, Java) logging started dom 15 dez 2024 08:38:30 -03

Set parameter Username
Academic license - for non-commercial use only - expires 2025-10-10
Set parameter NonConvex to value 2
Set parameter TimeLimit to value 3600
Set parameter LogToConsole to value 0
Set parameter MIPGap to value 7.6131968797397716e-08
Set parameter Threads to value 2
Set parameter NodefileDir to value "/home/ps12398/experiment_epec/goalProgrammingMarcos/"
Set parameter NodefileStart to value 1
Gurobi Optimizer version 11.0.3 build v11.0.3rc0 (linux64)

CPU model: Intel(R) Xeon(R) CPU           X5650  @ 2.67GHz, instruction set [SSE2]
Thread count: 12 physical cores, 24 logical processors, using up to 2 threads

Optimize a model with 30216 rows, 21123 columns and 217445 nonzeros
Model fingerprint: 0xf44317da
Model has 107 quadratic constraints
Variable types: 10512 continuous, 10611 integer (102 binary)
Coefficient statistics:
  Matrix range     [1e-02, 5e+06]
  QMatrix range    [1e-02, 8e+04]
  QLMatrix range   [1e+00, 8e+04]
  Objective range  [1e+00, 3e+07]
  Bounds range     [1e+00, 1e+08]
  RHS range        [1e+00, 1e+06]
Presolve removed 30051 rows and 20788 columns
Presolve time: 0.58s
Presolved: 436 rows, 425 columns, 10823 nonzeros
Presolved model has 90 bilinear constraint(s)

Solving non-convex MIQCP

Variable types: 183 continuous, 242 integer (0 binary)
Found heuristic solution: objective 3981936.3859

Root relaxation: objective 0.000000e+00, 170 iterations, 0.01 seconds (0.00 work units)

    Nodes    |    Current Node    |     Objective Bounds      |     Work
 Expl Unexpl |  Obj  Depth IntInf | Incumbent    BestBd   Gap | It/Node Time

     0     0    0.00000    0  159 3981936.39    0.00000   100%     -    0s
     0     0 293874.738    0  146 3981936.39 293874.738  92.6%     -    0s
H    0     0                    1962224.2624 293874.738  85.0%     -    0s
H    0     0                    1962221.5094 293874.738  85.0%     -    0s
     0     0 356367.111    0  151 1962221.51 356367.111  81.8%     -    0s
H    0     0                    1727765.6128 356367.111  79.4%     -    0s
H    0     0                    1727762.8598 356367.111  79.4%     -    0s
     0     0 356790.834    0  151 1727762.86 356790.834  79.3%     -    0s
     0     0 360347.578    0  155 1727762.86 360347.578  79.1%     -    0s
H    0     0                    1590308.9007 360347.578  77.3%     -    0s
     0     0 360772.751    0  155 1590308.90 360772.751  77.3%     -    0s
     0     0 360790.549    0  156 1590308.90 360790.549  77.3%     -    1s
H    0     0                    1539224.9914 360790.549  76.6%     -    1s
     0     0 360811.429    0  156 1539224.99 360811.429  76.6%     -    1s
H    0     0                    1539203.4986 360811.429  76.6%     -    1s
     0     2 360811.429    0  156 1539203.50 360811.429  76.6%     -    1s
H  133   135                    1539200.7459 360840.955  76.6%   1.0    2s
H  620   627                    1539108.0914 360840.955  76.6%   1.0    2s
H  625   627                    1539003.6791 360840.955  76.6%   1.0    2s
H  666   669                    1539000.9261 360840.955  76.6%   1.0    2s
H 1734  1762                    1527090.0575 360840.955  76.4%   1.0    3s
H 1958  1980                    1527011.1191 360840.955  76.4%   1.0    4s
H 2050  2096                    1525415.6635 360840.955  76.3%   1.0    4s
  2702  2797 361476.574 1347   94 1525415.66 360840.955  76.3%   1.0    5s
H 2956  2998                    1494107.8181 360840.955  75.8%   1.3    5s
H 3371  3363                    1481447.3615 360840.955  75.6%   1.6    6s
H 3736  3540                    1480588.5852 360840.955  75.6%   2.0    6s
H 3738  3364                    1366250.6851 450561.301  67.0%   2.0    7s
H 3738  3196                    1366246.1171 450561.301  67.0%   2.0    7s
H 3739  3037                    1336631.6585 450570.947  66.3%   2.0    7s
H 3740  2885                    1329486.8624 450789.903  66.1%   2.0    8s
H 3746  2745                    1314710.1285 451454.905  65.7%   2.1    9s
H 3746  2608                    1314701.1771 451454.905  65.7%   2.1    9s
  3748  2610 451839.040  831  113 1314701.18 451839.040  65.6%   2.1   10s
H 3748  2479                    1280960.7468 451999.126  64.7%   2.1   10s
H 3753  2359                    1280957.9026 451999.126  64.7%   2.3   10s
H 3756  2243                    1273431.9330 452295.534  64.5%   2.3   11s
H 3764  2137                    1273147.2718 452337.594  64.5%   2.4   12s
H 3772  2036                    1263223.1005 454218.482  64.0%   2.5   14s
  3780  2043 454240.151  970  114 1263223.10 454240.151  64.0%   2.7   15s
H 3780  1940                    1263131.3873 454269.279  64.0%   2.7   15s
H 3786  1847                    1238154.0669 457497.797  63.1%   2.9   18s
H 3786  1755                    1238145.1954 457497.797  63.0%   2.9   18s
  3796  1763 529281.376 1586  119 1238145.20 457909.164  63.0%   3.0   22s
H 3796  1674                    1218026.7026 457909.164  62.4%   3.0   22s
H 3826  1613                    1218017.6128 457940.696  62.4%   3.1   22s
H 4869  2252                    1217447.9940 457940.696  62.4%   2.7   23s
H 4908  2191                    1217446.7282 457940.696  62.4%   2.6   23s
  5606  2757 458763.835  553   99 1217446.73 457940.696  62.4%   2.4   25s
H 5919  2870                    1211062.5703 457940.696  62.2%   2.4   25s
H 6948  3515                    1205699.7203 457940.696  62.0%   2.2   26s
H 7066  3412                    1205675.3090 457940.696  62.0%   2.1   26s
H 8637  5028                    1200816.0499 457940.696  61.9%   1.9   28s
H 9283  5703                    1200694.4848 457940.696  61.9%   1.9   28s
H 9582  5871                    1199981.0123 457940.696  61.8%   1.8   28s
H 9970  6276                    1197355.3900 457940.696  61.8%   1.8   29s
H10062  6276                    1194998.6924 457940.696  61.7%   1.8   29s
H11028  7434                    1194774.2283 457940.696  61.7%   1.7   29s
 11230  7655 459122.873 1917   98 1194774.23 457940.696  61.7%   1.7   30s
H12062  8372                    1181859.6226 457940.696  61.3%   1.7   30s
H12888  9127                    1181789.7411 457940.696  61.3%   2.1   31s
H13293  9534                    1180647.6360 457940.696  61.2%   2.7   32s
H13445  9685                    1180593.5511 457940.696  61.2%   2.9   32s
H13555  9774                    1179472.2739 457940.696  61.2%   3.1   32s
H14022 10290                    1160598.8958 457940.696  60.5%   3.6   33s
 14625 10841 710955.892 2778   72 1160598.90 457940.696  60.5%   4.2   35s
H14654 10841                    1156339.7299 457940.696  60.4%   4.2   35s
H16203 12557                    1146904.8164 457940.696  60.1%   4.8   36s
H16688 13006                    1139684.0535 457940.696  59.8%   4.9   37s
H17756 14024                    1138777.8561 457940.696  59.8%   5.2   38s
H17946 14174                    1109901.0647 457940.696  58.7%   5.3   38s
H18018 14174                    1079062.3990 457940.696  57.6%   5.3   38s
H18901 15240                    1077383.7835 457940.696  57.5%   5.6   40s
H20102 16330                    1077299.0893 457940.696  57.5%   6.1   42s
H21305 17615                    1073121.4085 457940.696  57.3%   6.0   44s
 22004 18280 779303.799 4226  116 1073121.41 457940.696  57.3%   5.8   45s
H22454 18686                    1073120.8823 457940.696  57.3%   5.7   45s
H22487 18686                    1071757.2435 457940.696  57.3%   5.7   45s
H23606 20000                    1071362.7745 458010.677  57.2%   5.5   47s
H23742 20000                    1066372.0055 458010.677  57.0%   5.5   47s
 24815 21061 496214.122  614   90 1066372.01 458010.677  57.0%   5.4   50s
 29953 26360 595675.853 1848   81 1066372.01 458010.677  57.0%   4.8   55s
 32860 29119 687771.702 2491  119 1066372.01 458010.677  57.0%   4.8   60s
H34303 30404                    1058152.0514 458010.677  56.7%   4.9   61s
H35460 31685                    1058122.1856 458010.677  56.7%   5.2   63s
H36392 32501                    1057796.9595 458010.677  56.7%   5.4   64s
 36405 32676 722961.417 3338  121 1057796.96 458010.677  56.7%   5.4   65s
 39180 35491 779571.933 4015   98 1057796.96 458010.677  56.7%   5.5   70s
H39988 36097                    1057774.1972 458010.677  56.7%   5.5   70s
H41200 37490                    1057349.0803 458010.677  56.7%   5.4   72s
H41718 37893                    1057329.4695 458010.677  56.7%   5.3   72s
H42776 39116                    1055400.5018 458010.677  56.6%   5.2   74s
H42881 39116                    1052538.9064 458020.488  56.5%   5.2   74s
 43581 39802 553806.183  269  118 1052538.91 458020.488  56.5%   5.2   75s
H45849 41985                    1051905.0460 458020.488  56.5%   5.0   77s
 47723 44084 557397.423 1215  119 1051905.05 458020.488  56.5%   4.8   80s
H48076 44261                    1050407.3519 458020.488  56.4%   4.8   81s
H49162 45496                    1050394.6612 458020.488  56.4%   4.7   83s
 50663 47015 560046.447 1913  118 1050394.66 458020.488  56.4%   4.6   85s
H51502 47682                    1050371.0801 458020.488  56.4%   4.6   86s
H52644 48818                    1049332.1168 458020.488  56.4%   4.5   87s
H53434 49516                    1049310.1661 458020.488  56.4%   4.5   88s
H54575 50702                    1046840.1535 458020.488  56.2%   4.5   89s
 54805 51085 575558.888 2991  106 1046840.15 458020.488  56.2%   4.5   90s
H55675 51933                    1046666.2992 458020.488  56.2%   4.5   90s
H56856 52988                    1044555.8367 458020.488  56.2%   4.4   91s
 58999 55148 584588.513 4226  102 1044555.84 458020.488  56.2%   4.4   95s
H61228 57405                    1044538.9586 458020.488  56.2%   4.3   97s
 63142 59457 534202.054  633  109 1044538.96 458020.488  56.2%   4.2  100s
H63259 59457                    1044526.1504 458020.488  56.2%   4.2  100s
H64308 60394                    1044429.3140 458020.488  56.1%   4.2  101s
H64349 60530                    1044405.7329 458020.488  56.1%   4.2  101s
H64380 60530                    1044390.5509 458020.488  56.1%   4.2  101s
H65520 61707                    1044378.0320 458020.488  56.1%   4.2  102s
H65848 62155                    1044360.1795 458020.488  56.1%   4.2  102s
H66080 62346                    1044334.3211 458020.488  56.1%   4.2  102s
 67259 63336 539437.527 1613  110 1044334.32 458020.488  56.1%   4.1  105s
 71231 67565 547961.675 2562  103 1044334.32 458020.488  56.1%   4.0  110s
 76092 72476 561489.522 3744   94 1044334.32 458020.488  56.1%   3.9  115s
H76850 72920                    1044310.7401 458020.488  56.1%   3.9  116s
H78033 74229                    1044018.4519 458020.488  56.1%   3.9  118s
H79892 75960                    1043800.7789 458020.488  56.1%   3.8  119s
 79893 76221 578085.305 4258   91 1043800.78 458020.488  56.1%   3.8  120s
H80971 77197                    1043775.9030 458049.885  56.1%   3.8  121s
H81985 78217                    1043351.4432 458049.885  56.1%   3.8  122s
 85807 81874 572024.548 2641  110 1043351.44 458049.885  56.1%   3.7  125s
H85959 82099                    1041781.7934 458049.885  56.0%   3.7  126s
H87049 83357                    1037146.0620 458049.885  55.8%   3.7  127s
H88230 84410                    1036035.6431 458049.885  55.8%   3.7  128s
 90131 86363 617848.008 4226   98 1036035.64 458049.885  55.8%   3.7  130s
H93849 89909                    1036022.3801 458062.725  55.8%   3.6  134s
 94200 90131 575754.692 1360  104 1036022.38 458062.725  55.8%   3.6  136s
H94202 90319                    1035996.6256 458062.725  55.8%   3.6  136s
 97951 94174 600014.349 3338  101 1035996.63 458062.725  55.8%   3.5  140s
 102910 99086 599315.753  360  112 1035996.63 458065.819  55.8%   3.3  145s
H103186 99285                    1034048.6059 458065.819  55.7%   3.3  145s
 106185 102228 614040.741 2047  107 1034048.61 458065.819  55.7%   3.3  150s
 113347 108197 639108.485 4226   87 1034048.61 458065.819  55.7%   3.2  155s
H113601 108351                    1032249.7276 458065.819  55.6%   3.2  155s
H114622 109418                    1032244.2177 458065.819  55.6%   3.2  157s
H115786 110537                    1032103.6547 458089.676  55.6%   3.2  158s
H116969 111721                    1032103.2749 458089.676  55.6%   3.1  159s
 117735 112723 570447.981 1590  106 1032103.27 458089.676  55.6%   3.1  160s
H122658 117397                    1032058.8206 458089.676  55.6%   3.0  162s
H123836 118542                    1032045.6541 458089.676  55.6%   3.0  164s
 123937 118766 598415.222 4224   94 1032045.65 458089.676  55.6%   3.0  165s
H124900 119476                    1023858.4644 458089.676  55.3%   3.0  165s
H126107 120728                    1023123.5078 458089.676  55.2%   3.0  166s
H127255 121972                    1022206.6206 458089.676  55.2%   3.0  167s
H128418 123145                    1021452.7480 458089.676  55.2%   3.0  168s
H129551 124195                    1021439.8782 458089.676  55.2%   3.0  169s
 130080 124842 808884.324 2733  100 1021439.88 458089.676  55.2%   3.0  170s
H130791 125566                    1021400.8988 458089.676  55.2%   3.0  170s
 134494 129237 841284.146 4227  109 1021400.90 458089.676  55.2%   2.9  175s
 138938 133492 748912.666 1720  118 1021400.90 458090.468  55.2%   2.9  180s
H138940 133574                    1021396.6033 458090.468  55.2%   2.9  180s
H140203 134888                    1021392.0353 458090.468  55.2%   2.9  182s
H140272 134888                    1021387.5135 458090.468  55.2%   2.9  182s
 142277 136988 754633.352 2959  118 1021387.51 458090.468  55.2%   2.9  185s
 145130 139907 911791.903 4225  121 1021387.51 458090.468  55.2%   2.9  190s
 149000 143598 560525.111  732  113 1021387.51 458099.605  55.1%   2.8  195s
 152709 147070 584749.846 3242  101 1021387.51 458099.605  55.1%   2.8  200s
 157359 151932 683951.495  268   98 1021387.51 458099.605  55.1%   2.8  205s
 160340 154604 1000802.55  371   89 1021387.51 458102.004  55.1%   2.8  210s
 164847 159000 531589.721  106  195 1021387.51 458106.933  55.1%   2.7  215s
 168702 162652 785971.956 1684  113 1021387.51 458106.933  55.1%   2.7  221s
H169730 163935                    1021387.4391 458106.933  55.1%   2.7  222s
H170993 165013                    1021314.3109 458106.933  55.1%   2.7  224s
H172126 166303                    1021313.1248 458106.933  55.1%   2.7  225s
H173206 167350                    1015152.8366 458106.933  54.9%   2.6  225s
 177050 171154 764876.337  492  119 1015152.84 458116.191  54.9%   2.6  230s
 181064 175218 837626.150 2311   94 1015152.84 458116.191  54.9%   2.6  235s
H185810 179726                    1015151.7496 458116.191  54.9%   2.6  239s
 185834 179728 864008.171 4226  112 1015151.75 458116.191  54.9%   2.6  240s
 190594 184691 557918.807  541  126 1015151.75 458119.866  54.9%   2.5  245s
 195142 189081 643124.930 1534   92 1015151.75 458119.866  54.9%   2.6  250s
H197013 190884                    1015132.3758 458119.866  54.9%   2.6  251s
H198322 192276                    1015106.5175 458119.866  54.9%   2.6  252s
H199411 193379                    1015077.2655 458119.866  54.9%   2.6  253s
H199507 193379                    1015065.2916 458119.866  54.9%   2.6  253s
H200755 194697                    1014797.6506 458119.866  54.9%   2.6  254s
 200988 194903 664359.170 2735   90 1014797.65 458119.866  54.9%   2.6  255s
H201614 195472                    1011382.2575 458119.866  54.7%   2.6  256s
H202695 196517                    1009022.4600 458119.866  54.6%   2.7  258s
H203064 196667                    1005749.9974 458119.866  54.4%   2.7  259s
 203099 196736 669821.534 3094   90 1005750.00 458119.866  54.4%   2.7  260s
H203388 196687                    999988.51221 458119.866  54.2%   2.7  260s
H204109 197326                    999986.98181 458119.866  54.2%   2.7  261s
H204776 198081                    999979.58886 458119.866  54.2%   2.7  261s
 207821 201079 698710.746 3929   91 999979.589 458119.866  54.2%   2.7  265s
 211817 205129 904752.477  489   96 999979.589 458132.705  54.2%   2.8  270s
 214811 208095 818191.008 1510   95 999979.589 458132.705  54.2%   2.8  275s
 219403 212618 865634.543 4217   95 999979.589 458132.705  54.2%   2.7  280s
 224117 217370 713396.234 1047  119 999979.589 458135.799  54.2%   2.7  285s
 228913 221849 980671.525  298   99 999979.589 458137.177  54.2%   2.7  290s
 233266 225884 711451.053  990  110 999979.589 458139.428  54.2%   2.7  295s
 239103 231723 733572.969 4196   97 999979.589 458139.428  54.2%   2.7  300s
 243927 236502 713333.902 1339   97 999979.589 458155.256  54.2%   2.7  305s
 248088 240598 543725.089  921  112 999979.589 458158.815  54.2%   2.7  310s
 253209 245796 554939.683 2109   97 999979.589 458158.815  54.2%   2.7  315s
 258705 251184 562806.878 3496   95 999979.589 458158.815  54.2%   2.6  320s
 264783 257178     cutoff  666      999979.589 458164.496  54.2%   2.6  325s
 269630 262100 789982.872 2449   92 999979.589 458164.496  54.2%   2.6  330s
 275493 267739 663153.993  344  106 999979.589 458165.163  54.2%   2.6  335s
 279857 271684 724242.665 2793   97 999979.589 458165.163  54.2%   2.6  340s
 285737 277343 990842.805  579   94 999979.589 458170.866  54.2%   2.5  346s
 288867 280628 682056.278 1295  116 999979.589 458170.866  54.2%   2.5  350s
 293754 285550 698969.888 3761  106 999979.589 458170.866  54.2%   2.5  355s
H296849 288031                    999156.52659 458171.984  54.1%   2.5  359s
 296940 288091 757928.004  234  124 999156.527 458171.984  54.1%   2.5  360s
H300487 291504                    999125.93728 458171.984  54.1%   2.5  363s
 302203 293375 698955.182 2465  104 999125.937 458171.984  54.1%   2.5  365s
H303776 294610                    996053.98741 458171.984  54.0%   2.5  366s
 307411 298352 707955.032 4263  107 996053.987 458171.984  54.0%   2.5  370s
 313995 304923 809320.487 3796   97 996053.987 458171.984  54.0%   2.5  375s
H315639 306314                    991422.65089 458171.984  53.8%   2.5  377s
H316713 307545                    990717.11916 458171.984  53.8%   2.5  378s
 318741 309570 565804.001  885  112 990717.119 458176.914  53.8%   2.5  380s
 324047 314827 599360.529 3987  104 990717.119 458176.914  53.8%   2.5  385s
 327047 317841 797703.541  254   85 990717.119 458176.914  53.8%   2.5  390s
 330502 321164 659310.591  229  115 990717.119 458179.069  53.8%   2.5  395s
 336129 326682 679585.154 2938   99 990717.119 458179.069  53.8%   2.4  400s
 339374 329911 687661.711 4226   96 990717.119 458179.069  53.8%   2.4  405s
 343946 334084 716031.408 1246  111 990717.119 458188.602  53.8%   2.4  410s
H344781 334536                    988913.04632 458188.602  53.7%   2.4  412s
 347378 336699 747289.072 3865  105 988913.046 458188.602  53.7%   2.4  415s
 351749 340742 969511.327 1015   83 988913.046 458192.107  53.7%   2.4  420s
 354749 343845 738823.951 1485   97 988913.046 458192.107  53.7%   2.4  425s
 359147 348263 756656.710 3635   92 988913.046 458192.107  53.7%   2.4  430s
 363384 351841 678202.326  805  114 988913.046 458193.390  53.7%   2.4  435s
 365654 353303 689370.307 2205  109 988913.046 458193.390  53.7%   2.4  440s
 369831 356894 741553.739 4226  109 988913.046 458193.390  53.7%   2.4  445s
 372360 359458 550917.098  352  135 988913.046 458199.717  53.7%   2.4  450s
 377528 364654 564033.919 1464  112 988913.046 458199.717  53.7%   2.4  455s
 382136 369320 581212.706 2779  104 988913.046 458199.717  53.7%   2.4  460s
 389054 375945 735539.801 4222  104 988913.046 458199.717  53.7%   2.4  465s
H389897 376895                    988848.13745 458199.717  53.7%   2.4  466s
H390062 377059                    988823.52331 458199.717  53.7%   2.4  467s
 392858 379738 555103.425 1218  119 988823.523 458208.683  53.7%   2.4  470s
 397600 384489 572644.200 3788  112 988823.523 458208.683  53.7%   2.4  475s
 400000 386555 678453.089 1045  110 988823.523 458209.624  53.7%   2.4  480s
H402686 388609                    986893.03751 458209.624  53.6%   2.4  483s
 403759 389729 727418.113 3424  117 986893.038 458209.624  53.6%   2.4  485s
 407080 393047 744953.584 4225  106 986893.038 458209.624  53.6%   2.4  490s
 413256 399057 873337.083  919   80 986893.038 458210.557  53.6%   2.4  495s
 418295 404087 877478.614 1306   80 986893.038 458210.557  53.6%   2.4  500s
 424352 410140 881439.582 1836   79 986893.038 458210.557  53.6%   2.4  505s
 428371 413289     cutoff 2741      986893.038 458210.557  53.6%   2.4  510s
 432683 416717 588837.909  894  135 986893.038 458213.746  53.6%   2.4  515s
 436710 420923 616967.754 2941  131 986893.038 458213.746  53.6%   2.4  520s
 440944 425076 543138.272  113  191 986893.038 458213.746  53.6%   2.4  525s
 445472 429654 892452.978 1427   76 986893.038 458223.860  53.6%   2.4  530s
 449805 433640 816632.124  276  104 986893.038 458226.862  53.6%   2.4  535s
 454570 438549 773233.266 1599  127 986893.038 458226.862  53.6%   2.4  540s
 459097 442937 798612.248 3210  109 986893.038 458226.862  53.6%   2.4  545s
 462484 446359 810461.355 4227   97 986893.038 458226.862  53.6%   2.4  550s
H466410 449967                    986150.99458 458229.690  53.5%   2.3  554s
 466999 450899 698498.420 2282  131 986150.995 458229.690  53.5%   2.3  555s
 474105 457933 795579.454  610  115 986150.995 458229.690  53.5%   2.3  560s
 479624 463242 855521.914 3662  101 986150.995 458229.690  53.5%   2.3  565s
 483303 466795 748857.685  590  105 986150.995 458237.926  53.5%   2.3  570s
 488533 472042 709173.649 1081  128 986150.995 458240.631  53.5%   2.3  575s
 493736 476944 742061.050 4085  116 986150.995 458240.631  53.5%   2.3  580s
 498618 481960 616355.889  136  170 986150.995 458243.892  53.5%   2.3  585s
 503967 487210 882618.943 2834  105 986150.995 458243.892  53.5%   2.3  590s
 508284 491542 939283.384 4225   95 986150.995 458243.892  53.5%   2.3  595s
 513607 496607 infeasible 1260      986150.995 458252.073  53.5%   2.3  600s
 518331 501183 562796.800 1483  122 986150.995 458259.786  53.5%   2.3  605s
H522211 504712                    984910.63007 458259.786  53.5%   2.3  607s
 524405 506938 600682.067 4226  107 984910.630 458259.786  53.5%   2.3  610s
 527897 510362 698450.353  426   85 984910.630 458259.954  53.5%   2.3  615s
 531370 513467 709373.778 1176  126 984910.630 458264.742  53.5%   2.3  620s
 534152 516229 726194.367 2399  126 984910.630 458264.742  53.5%   2.3  625s
 538376 520551 751995.945 4227  108 984910.630 458264.742  53.5%   2.3  630s
 540979 523132 913577.272  433   82 984910.630 458264.742  53.5%   2.3  635s
 544938 527175 573752.439 1607  124 984910.630 458271.557  53.5%   2.3  640s
 549592 531665 633567.748 4222  106 984910.630 458271.557  53.5%   2.3  645s
 552217 534111 697321.944  200  114 984910.630 458282.476  53.5%   2.3  650s
 557661 539468 759800.229 2441  109 984910.630 458283.526  53.5%   2.2  655s
 561867 543678 794854.975 4227   83 984910.630 458283.526  53.5%   2.2  660s
 567717 549460 844729.498 2255   90 984910.630 458283.526  53.5%   2.2  665s
 572666 554355 887021.792 4224   95 984910.630 458283.526  53.5%   2.2  670s
 578434 560142 594947.159 2248  115 984910.630 458286.024  53.5%   2.2  675s
 583101 564827 630714.535 4227  109 984910.630 458286.024  53.5%   2.2  680s
 589021 570261 530795.069  152  160 984910.630 458295.179  53.5%   2.2  685s
 594065 575467 554977.215 1272  103 984910.630 458295.179  53.5%   2.2  690s
 598932 580362 568662.788 2334  106 984910.630 458295.179  53.5%   2.2  695s
 601958 583412 605228.754 2898  106 984910.630 458295.179  53.5%   2.2  700s
 606162 587363 656888.645 3754   89 984910.630 458295.179  53.5%   2.2  705s
 609430 590468 676823.938 4226  127 984910.630 458295.179  53.5%   2.3  710s
 615520 596642 769271.204 1925  110 984910.630 458300.392  53.5%   2.3  715s
 622303 603201 546322.683  199  156 984910.630 458300.392  53.5%   2.2  720s
 626760 607017 919687.594 1957   68 984910.630 458300.392  53.5%   2.2  725s
 631022 610895 721658.648 1125  109 984910.630 458301.043  53.5%   2.2  730s
 633892 613084 730760.635 1787  109 984910.630 458301.043  53.5%   2.2  735s
H634504 613516                    983762.68099 458301.043  53.4%   2.2  735s
 638424 617214 833906.909  357  100 983762.681 458301.043  53.4%   2.2  740s
 643162 622011 765703.794 2268  114 983762.681 458306.914  53.4%   2.2  745s
 646929 625787 781391.334 4055  102 983762.681 458306.914  53.4%   2.2  750s
H647204 625896                    983761.33685 458306.914  53.4%   2.2  750s
 650533 629241 686065.108  368  124 983761.337 458310.099  53.4%   2.2  755s
H652482 631125                    982819.36493 458310.612  53.4%   2.2  759s
 652883 631547 550585.799  526  125 982819.365 458310.612  53.4%   2.2  760s
H653682 632205                    982812.81768 458310.612  53.4%   2.2  761s
 657643 636083 569140.653 1569   94 982812.818 458310.612  53.4%   2.2  766s
 660983 639665 581085.797 2314   94 982812.818 458310.612  53.4%   2.2  770s
 666071 644724 585947.584 3689   91 982812.818 458310.612  53.4%   2.3  775s
 669101 647641 678388.248 4252  132 982812.818 458310.612  53.4%   2.3  780s
 673286 651832 716916.562  868  100 982812.818 458313.734  53.4%   2.3  785s
 675937 654456 843637.415 1857   72 982812.818 458313.734  53.4%   2.3  790s
 681881 660200 760617.854  661  114 982812.818 458317.326  53.4%   2.3  795s
H685100 663132                    982808.43086 458317.326  53.4%   2.3  799s
 685234 663384 783529.209 2327  114 982808.431 458317.326  53.4%   2.3  800s
 689998 668057 842043.991 4262  108 982808.431 458317.326  53.4%   2.2  805s
 694028 671915 668194.490  421   89 982808.431 458317.326  53.4%   2.2  810s
 698354 676314 920122.318 1501   60 982808.431 458317.326  53.4%   2.2  815s
 701662 679434 921619.093 2155   62 982808.431 458317.326  53.4%   2.2  820s
 706287 683644 582199.575 1402  112 982808.431 458322.806  53.4%   2.2  825s
 709459 686661 599853.867 3506  104 982808.431 458322.806  53.4%   2.2  830s
 713124 690366 715980.710  168  147 982808.431 458322.806  53.4%   2.2  835s
 717254 694211 825456.024 1776  105 982808.431 458325.493  53.4%   2.2  840s
 721583 698708 876532.529 4183   81 982808.431 458325.493  53.4%   2.2  845s
 724815 701595 966763.809  454   97 982808.431 458325.493  53.4%   2.2  850s
 729142 705991 611900.392 2369  115 982808.431 458331.081  53.4%   2.2  855s
 732850 709385 634974.729 4270  105 982808.431 458331.081  53.4%   2.2  860s
 737552 714125 969778.063  849   82 982808.431 458336.033  53.4%   2.2  865s
 742071 718447 628162.734  606   97 982808.431 458336.033  53.4%   2.2  870s
 746769 723217 644860.049 1729  101 982808.431 458336.033  53.4%   2.2  875s
 750401 726597 656727.499 2589  118 982808.431 458336.033  53.4%   2.3  880s
 754412 730764 665460.739 3502  118 982808.431 458336.033  53.4%   2.3  885s
 758110 734316 678638.078 4308  111 982808.431 458336.033  53.4%   2.3  890s
 760350 736321 946428.042  426   80 982808.431 458347.823  53.4%   2.3  895s
 764030 739872 765466.743 1316  103 982808.431 458348.468  53.4%   2.3  900s
 768368 744307 818465.567 3681   99 982808.431 458348.468  53.4%   2.3  905s
 772943 748084 950934.336  645   65 982808.431 458348.468  53.4%   2.3  910s
 776400 751094 734419.150  686  111 982808.431 458353.574  53.4%   2.3  915s
 780761 755424 769498.915 2683  107 982808.431 458353.574  53.4%   2.3  920s
 784464 758594 861900.080 4270   95 982808.431 458353.574  53.4%   2.3  925s
 787571 761752 939344.030  340   77 982808.431 458353.574  53.4%   2.3  930s
 792584 766767 850964.672 2378   95 982808.431 458357.377  53.4%   2.3  935s
 795622 769728 861857.943 3932   92 982808.431 458357.377  53.4%   2.2  940s
 800126 774308 687932.295  422  104 982808.431 458361.047  53.4%   2.2  945s
 804586 778614 613957.316 2174  104 982808.431 458362.246  53.4%   2.2  950s
 809058 783113 632408.209 4115  117 982808.431 458362.246  53.4%   2.2  955s
 813486 787478 761947.114  392  108 982808.431 458362.402  53.4%   2.2  960s
 816999 790825 786901.458 2196  108 982808.431 458362.402  53.4%   2.2  965s
 821836 795780 821225.295 4265  103 982808.431 458362.402  53.4%   2.2  970s
 824509 798265 902402.763  579   96 982808.431 458366.532  53.4%   2.2  975s
 828237 801594 863031.696 1497   86 982808.431 458369.148  53.4%   2.2  980s
 831724 805142 886614.719 3384   81 982808.431 458369.148  53.4%   2.2  985s
 835962 809360 918410.604  385   76 982808.431 458370.743  53.4%   2.2  990s
 841058 813231 927749.406  641   73 982808.431 458370.838  53.4%   2.2  996s
 844454 816910 721183.568 1411   93 982808.431 458371.744  53.4%   2.2 1000s
 850017 822314 803241.946 4180  102 982808.431 458371.744  53.4%   2.2 1005s
 856085 828096 763854.398 2555  109 982808.431 458373.753  53.4%   2.2 1010s
 858963 830503 807919.104 4032  109 982808.431 458373.753  53.4%   2.2 1015s
 865547 837183 810907.691 1780  101 982808.431 458374.694  53.4%   2.2 1020s
H867733 837825                    969727.28638 458374.694  52.7%   2.2 1022s
H867735 837872                    969725.60307 458374.694  52.7%   2.2 1022s
H867770 837870                    969717.03954 458374.694  52.7%   2.2 1022s
 869500 839812 849188.576 4284   96 969717.040 458374.694  52.7%   2.2 1025s
 872814 842856 933700.595  517   83 969717.040 458374.694  52.7%   2.2 1030s
H872838 842950                    969714.28653 458374.694  52.7%   2.2 1030s
H875720 842750                    963042.64720 458377.282  52.4%   2.2 1035s
 879774 846808 856911.922 1776  100 963042.647 458378.267  52.4%   2.2 1040s
H881042 846564                    960985.65305 458378.267  52.3%   2.2 1042s
 882782 848668 865395.898 3222  100 960985.653 458378.267  52.3%   2.2 1045s
 886858 852641 902906.096 4291   77 960985.653 458378.267  52.3%   2.2 1050s
 890662 856444 576039.939 1057  106 960985.653 458381.451  52.3%   2.2 1055s
H894144 858858                    959452.11673 458381.451  52.2%   2.2 1059s
 894559 859602 586938.457 1836  106 959452.117 458381.451  52.2%   2.2 1060s
 899831 864837 605291.427 3147  105 959452.117 458381.451  52.2%   2.2 1065s
 906140 870709 648713.570 4263  109 959452.117 458381.451  52.2%   2.2 1070s
H909301 873966                    959420.13119 458385.010  52.2%   2.2 1073s
 911870 876624 786502.633 1830  114 959420.131 458385.010  52.2%   2.2 1075s
H914623 879300                    959375.55761 458385.010  52.2%   2.2 1078s
 915933 880772 928433.755 4132   80 959375.558 458385.010  52.2%   2.2 1080s
 919588 883671 796404.179 1044  111 959375.558 458385.088  52.2%   2.2 1085s
H921239 885086                    959330.35214 458385.088  52.2%   2.2 1087s
 921500 885646 874569.632 2422   82 959330.352 458385.088  52.2%   2.2 1090s
 926023 890057 929650.141 4262   76 959330.352 458385.088  52.2%   2.2 1095s
 930705 894369 802586.289  864  108 959330.352 458388.258  52.2%   2.2 1100s
 934534 898530 884416.481 2815   83 959330.352 458388.258  52.2%   2.2 1105s
 938878 902685 910394.537 4256   79 959330.352 458388.258  52.2%   2.2 1110s
 942694 906616 736009.393  996  100 959330.352 458389.444  52.2%   2.2 1115s
 947791 911341 771728.304 3560   93 959330.352 458389.444  52.2%   2.2 1120s
H947946 911576                    959328.29146 458389.444  52.2%   2.2 1120s
 953697 917507 626136.440 1355  103 959328.291 458389.762  52.2%   2.2 1125s
 959293 922996 672324.555 3966   93 959328.291 458389.762  52.2%   2.2 1130s
 964391 928028 735471.537  435   87 959328.291 458390.487  52.2%   2.2 1135s
H964834 927742                    958262.79774 458390.487  52.2%   2.2 1136s
 967527 930404 621380.867 1512   97 958262.798 458390.487  52.2%   2.2 1140s
 971727 934300 933856.450  488   94 958262.798 458390.789  52.2%   2.2 1145s
 977016 939525 612950.835  765   98 958262.798 458391.164  52.2%   2.2 1150s
H977753 939305                    957091.81034 458391.164  52.1%   2.2 1150s
 982800 944029 698419.683 3147   94 957091.810 458391.164  52.1%   2.2 1155s
 987979 949359 816062.827 4313   98 957091.810 458391.164  52.1%   2.2 1160s
 991490 952707 902873.716  375  103 957091.810 458393.321  52.1%   2.2 1165s
 995645 956501 604782.053  724  101 957091.810 458394.159  52.1%   2.2 1170s
 1001172 961826 633084.132 3833   98 957091.810 458394.159  52.1%   2.3 1175s
 1007011 967596 733336.503  204  126 957091.810 458394.587  52.1%   2.3 1180s
 1010986 971579 830886.450 2296  106 957091.810 458394.587  52.1%   2.3 1185s
 1015420 975533 954909.766 4268   98 957091.810 458394.587  52.1%   2.3 1190s
H1015662 975726                    957079.15247 458394.587  52.1%   2.3 1192s
 1017854 978165 623136.243  471  104 957079.152 458395.863  52.1%   2.3 1195s
 1024421 983550 620492.217 1672   95 957079.152 458395.863  52.1%   2.3 1200s
 1027989 986845 626221.914 2689   94 957079.152 458395.863  52.1%   2.3 1205s
 1032354 991276 747094.951 3703   88 957079.152 458395.863  52.1%   2.3 1210s
 1035891 994753 753442.762 4249   86 957079.152 458395.863  52.1%   2.3 1215s
 1041223 999643 605059.418  578  116 957079.152 458399.650  52.1%   2.3 1220s
 1045351 1003602 922173.104 1443   79 957079.152 458401.883  52.1%   2.3 1225s
 1049958 1007828 906110.002 1741   95 957079.152 458402.181  52.1%   2.3 1230s
 1052792 1010591 601409.611  394   95 957079.152 458403.759  52.1%   2.3 1235s
 1056578 1014504 601561.436 1313   93 957079.152 458403.759  52.1%   2.3 1240s
 1060043 1017883 603724.984 2067  102 957079.152 458403.759  52.1%   2.3 1245s
 1064074 1021951 647696.046 3116   97 957079.152 458403.759  52.1%   2.3 1250s
 1069066 1026974 686496.222 4146   94 957079.152 458403.759  52.1%   2.3 1255s
 1073851 1031354     cutoff  392      957079.152 458405.979  52.1%   2.3 1260s
 1078351 1035791 810244.848  921   92 957079.152 458406.324  52.1%   2.3 1265s
 1082348 1039919 935986.726 3056   87 957079.152 458406.324  52.1%   2.3 1270s
 1086426 1043585 937918.200  403   83 957079.152 458409.495  52.1%   2.3 1275s
 1089201 1046030 606525.544  457   98 957079.152 458410.174  52.1%   2.3 1280s
 1093718 1050602 609793.508 1645   99 957079.152 458410.174  52.1%   2.4 1285s
 1096307 1053091 614543.086 2320   99 957079.152 458410.174  52.1%   2.4 1290s
 1100816 1057461 629776.399 3288   97 957079.152 458410.174  52.1%   2.4 1295s
 1104694 1061240 643299.619 4035   95 957079.152 458410.174  52.1%   2.4 1300s
 1109622 1066134 838905.011  881  104 957079.152 458412.064  52.1%   2.4 1305s
 1113435 1069633 940668.584 3426   91 957079.152 458413.573  52.1%   2.4 1310s
 1118237 1074091 780677.848 1197  104 957079.152 458414.839  52.1%   2.4 1315s
 1124124 1080182 836953.982 4287  100 957079.152 458414.839  52.1%   2.4 1320s
Created node file directory '/home/ps12398/experiment_epec/goalProgrammingMarcos//grbnodes3'
 1127489 1083114 915211.763  847   89 957079.152 458417.029  52.1%   2.4 1333s
 1128609 1084111 938353.372  339   82 957079.152 458417.044  52.1%   2.4 1335s
 1131438 1085502 858869.432  489   76 957079.152 458417.227  52.1%   2.4 1340s
 1134719 1089294 621631.577 1724  102 957079.152 458417.741  52.1%   2.4 1345s
 1139489 1093919 646248.842 3867  102 957079.152 458417.741  52.1%   2.4 1350s
 1139940 1094246 648616.351 4075  101 957079.152 458417.741  52.1%   2.4 1357s
 1141151 1095386 657429.954 4290  101 957079.152 458417.741  52.1%   2.4 1360s
 1144649 1098716 762974.108  778  104 957079.152 458418.309  52.1%   2.4 1365s
 1148039 1101792 808797.068 3013  101 957079.152 458418.309  52.1%   2.4 1370s
 1150152 1103907 847319.879 4279   97 957079.152 458418.309  52.1%   2.4 1380s
 1153395 1107083 946190.529  430   88 957079.152 458419.575  52.1%   2.4 1385s
 1155848 1109290 931546.299  732   82 957079.152 458419.575  52.1%   2.4 1390s
 1159730 1113136 773981.751  513   80 957079.152 458419.807  52.1%   2.4 1395s
 1163676 1116545 820836.246 3030   88 957079.152 458419.807  52.1%   2.4 1405s
 1167029 1119149 854195.300 1555   94 957079.152 458420.841  52.1%   2.4 1410s
 1170672 1122072 747706.716  220  113 957079.152 458420.841  52.1%   2.4 1415s
 1175450 1126891 884541.845 1394   85 957079.152 458421.444  52.1%   2.4 1420s
 1176709 1128057 904876.459 1955   85 957079.152 458421.444  52.1%   2.4 1430s
 1179602 1130522 870013.781  405   70 957079.152 458422.107  52.1%   2.4 1435s
 1183201 1134415 819449.369 1638   78 957079.152 458422.434  52.1%   2.4 1440s
 1186534 1137786 858896.747  697   94 957079.152 458423.700  52.1%   2.4 1445s
 1187651 1138798 869906.297 1328   92 957079.152 458423.700  52.1%   2.4 1456s
 1191181 1142066     cutoff 3198      957079.152 458423.700  52.1%   2.4 1460s
 1194931 1144918 852600.208 2035   59 957079.152 458423.700  52.1%   2.4 1465s
 1197507 1147639 687378.217 1282   89 957079.152 458423.715  52.1%   2.4 1480s
 1201786 1151841 723935.344 3976   86 957079.152 458423.715  52.1%   2.4 1485s
 1204632 1154631 769936.776 4364   99 957079.152 458423.715  52.1%   2.4 1490s
 1206914 1156723 816383.147  812   96 957079.152 458424.799  52.1%   2.4 1502s
 1209544 1159542 832958.646 2288   98 957079.152 458424.799  52.1%   2.4 1505s
 1213121 1162910 881687.701 4299   79 957079.152 458424.799  52.1%   2.4 1510s
 1217149 1166775 814468.726  679   93 957079.152 458425.904  52.1%   2.4 1515s
 1218041 1167823 822248.860 1216   93 957079.152 458425.904  52.1%   2.4 1525s
 1222164 1171504 816857.741  634  108 957079.152 458426.648  52.1%   2.4 1530s
 1227073 1176438 928011.348  650   64 957079.152 458426.796  52.1%   2.4 1542s
 1228790 1178240 631170.339  557   98 957079.152 458426.796  52.1%   2.4 1545s
 1231695 1181128 633074.133 1281   97 957079.152 458426.796  52.1%   2.4 1550s
 1235632 1184839 653910.972 2281   93 957079.152 458426.796  52.1%   2.5 1561s
 1238862 1188094 662609.197 2945   93 957079.152 458426.796  52.1%   2.5 1565s
 1243183 1192359 698790.706 3617   99 957079.152 458426.796  52.1%   2.5 1579s
 1243955 1193041 700543.749 3772   98 957079.152 458426.796  52.1%   2.5 1580s
 1245685 1194675 713963.724 4212  100 957079.152 458426.796  52.1%   2.5 1585s
 1248857 1197645 690607.222  613   88 957079.152 458426.796  52.1%   2.5 1590s
 1252038 1200786 792334.682 1817  105 957079.152 458430.690  52.1%   2.5 1602s
 1255003 1203841 826333.524 3232   99 957079.152 458430.690  52.1%   2.5 1605s
 1257877 1206486 913911.093 4275   69 957079.152 458430.690  52.1%   2.5 1610s
 1261646 1210273 736236.112 1452   98 957079.152 458430.690  52.1%   2.5 1626s
 1264833 1213531 762329.544 3697   96 957079.152 458430.690  52.1%   2.5 1630s
 1267808 1216418 626852.929  210  144 957079.152 458431.294  52.1%   2.5 1635s
 1270965 1219654 777911.919  768   76 957079.152 458432.233  52.1%   2.5 1649s
 1272162 1220671 789567.937 1533   76 957079.152 458432.233  52.1%   2.5 1650s
 1274760 1223350 833977.587 3146   74 957079.152 458432.233  52.1%   2.5 1655s
 1278494 1226829 915799.974  319   63 957079.152 458432.560  52.1%   2.5 1660s
 1278753 1227137 574120.840  212  159 957079.152 458432.560  52.1%   2.5 1671s
 1282532 1230158 875965.942 2803   54 957079.152 458432.560  52.1%   2.5 1675s
 1286444 1233765 656125.725 1191   93 957079.152 458433.351  52.1%   2.5 1680s
 1287669 1234836 662745.453 1732   92 957079.152 458433.351  52.1%   2.5 1689s
 1288761 1236022 663919.180 2409   96 957079.152 458433.351  52.1%   2.5 1690s
 1293245 1240101 724003.918 4379  113 957079.152 458433.351  52.1%   2.5 1695s
 1295710 1242820 877008.140  709   85 957079.152 458433.351  52.1%   2.5 1706s
 1297778 1244394 588514.368  145  170 957079.152 458434.765  52.1%   2.5 1710s
 1303361 1250050 795089.451  280  106 957079.152 458436.029  52.1%   2.5 1715s
 1305619 1251923 826850.819 1279   85 957079.152 458436.029  52.1%   2.5 1724s
 1305621 1252096 826852.403 1280   85 957079.152 458436.029  52.1%   2.5 1725s
 1309508 1255929 922576.211 3537   82 957079.152 458436.029  52.1%   2.5 1730s
 1312924 1258894 794628.874 2205   80 957079.152 458436.030  52.1%   2.5 1735s
 1316225 1262318 815594.714 4292   75 957079.152 458436.030  52.1%   2.5 1749s
 1316718 1262892 817264.870 4291   75 957079.152 458436.030  52.1%   2.5 1750s
 1320185 1266035     cutoff  395      957079.152 458437.623  52.1%   2.5 1755s
 1323481 1269300 788219.250  597   81 957079.152 458438.063  52.1%   2.5 1760s
 1324598 1270468 803430.298 1192   79 957079.152 458438.063  52.1%   2.5 1772s
 1327124 1272772 816021.094 2817   77 957079.152 458438.063  52.1%   2.5 1775s
 1329671 1275296 846923.748 4294   86 957079.152 458438.063  52.1%   2.5 1780s
 1333650 1279285 848668.741 1644   99 957079.152 458439.258  52.1%   2.5 1797s
 1335781 1281283 905466.758 2930  101 957079.152 458439.258  52.1%   2.5 1800s
 1338788 1284116     cutoff 4289      957079.152 458439.258  52.1%   2.5 1805s
 1342247 1287575 832020.967 1823  100 957079.152 458439.828  52.1%   2.5 1810s
 1343327 1288820 841475.199 2533  100 957079.152 458439.828  52.1%   2.5 1822s
 1345318 1290720 860560.898 3730  100 957079.152 458439.828  52.1%   2.5 1825s
 1348685 1294031 625017.528  332  123 957079.152 458440.155  52.1%   2.5 1830s
 1350227 1295634 637196.365 1076  101 957079.152 458440.155  52.1%   2.5 1844s
 1351405 1296771 653534.421 1719   98 957079.152 458440.155  52.1%   2.5 1845s
 1356061 1300999 713237.662 4349   95 957079.152 458440.155  52.1%   2.5 1850s
H1356062 1300999                    957046.55039 458440.155  52.1%   2.5 1851s
H1356172 1301114                    957001.34877 458440.155  52.1%   2.5 1851s
H1356276 1301265                    956955.65248 458440.155  52.1%   2.5 1852s
 1358327 1303695 881455.633  557   84 956955.652 458440.155  52.1%   2.5 1855s
 1358847 1303911 940409.479  768   90 956955.652 458440.155  52.1%   2.5 1864s
 1359091 1304064     cutoff  878      956955.652 458442.096  52.1%   2.5 1865s
 1363647 1308137 830062.341  533   96 956955.652 458442.892  52.1%   2.5 1870s
 1367664 1312124 615162.847 1219  104 956955.652 458443.625  52.1%   2.5 1875s
 1368712 1313326 625639.857 1777  102 956955.652 458443.625  52.1%   2.5 1882s
 1370726 1315235 649875.159 2766  121 956955.652 458443.625  52.1%   2.5 1885s
 1374987 1319351 695026.796 4305  118 956955.652 458443.625  52.1%   2.6 1890s
 1377970 1322139 617204.457  579  104 956955.652 458446.047  52.1%   2.6 1901s
 1379975 1324114 636160.500 1394  101 956955.652 458446.047  52.1%   2.6 1905s
 1384484 1328596 821093.867 2632   94 956955.652 458446.047  52.1%   2.6 1910s
 1387257 1331112 875521.725 3886   84 956955.652 458446.047  52.1%   2.6 1926s
 1389579 1333453 892817.315 4397   91 956955.652 458446.047  52.1%   2.6 1930s
 1393483 1337342 640898.008 2574  100 956955.652 458446.047  52.1%   2.6 1935s
 1397031 1340813 647945.069 4256   95 956955.652 458446.047  52.1%   2.5 1951s
 1398716 1342313 758074.318  294  104 956955.652 458447.423  52.1%   2.5 1955s
 1402256 1345852 785570.563 2423  105 956955.652 458447.423  52.1%   2.5 1960s
 1406266 1349889 831753.713 4187  104 956955.652 458447.423  52.1%   2.5 1965s
 1408465 1351954 843295.034 4259  100 956955.652 458447.423  52.1%   2.5 1979s
 1408961 1352448 903648.690 4259   91 956955.652 458447.423  52.1%   2.5 1980s
 1412399 1355693     cutoff  409      956955.652 458448.999  52.1%   2.5 1985s
 1414869 1358077 613746.646  490  130 956955.652 458449.015  52.1%   2.5 1990s
 1418953 1361134 655802.226  802  111 956955.652 458450.281  52.1%   2.5 2003s
 1420610 1362826 674999.313 1716   96 956955.652 458450.281  52.1%   2.5 2005s
 1423792 1366106 739113.335 3571   93 956955.652 458450.281  52.1%   2.5 2010s
 1426854 1369085 826334.467 4362  107 956955.652 458450.281  52.1%   2.6 2024s
 1427493 1369712 793993.659  322  102 956955.652 458450.281  52.1%   2.6 2025s
 1430667 1372810 856958.768  444  109 956955.652 458451.547  52.1%   2.6 2030s
 1435039 1376958 879761.019 1261   93 956955.652 458451.698  52.1%   2.6 2035s
 1436455 1378129 941512.711  584   82 956955.652 458452.486  52.1%   2.6 2045s
 1439033 1380703 669340.314  524  108 956955.652 458452.813  52.1%   2.6 2050s
 1443948 1384985 704890.602 3673   90 956955.652 458452.813  52.1%   2.6 2055s
 1445382 1386371 736800.135 4367  111 956955.652 458452.813  52.1%   2.6 2063s
 1446503 1387528 779280.712 4368  115 956955.652 458452.813  52.1%   2.6 2065s
 1449496 1390177 852189.248  363   86 956955.652 458454.977  52.1%   2.6 2070s
 1452701 1393715 863355.190 1591  102 956955.652 458455.017  52.1%   2.6 2075s
 1454703 1395626 878337.464 2850   99 956955.652 458455.017  52.1%   2.6 2084s
 1455467 1396439 883751.061 3409   99 956955.652 458455.017  52.1%   2.6 2085s
 1458628 1399350 849918.975  439   87 956955.652 458455.017  52.1%   2.6 2090s
 1462614 1403387 681332.244 1842   97 956955.652 458455.344  52.1%   2.6 2103s
 1463960 1404734 700398.849 2507   96 956955.652 458455.344  52.1%   2.6 2105s
 1468522 1409073 743237.881 4373  109 956955.652 458455.344  52.1%   2.6 2110s
 1469952 1410733 778185.944 4373  100 956955.652 458455.344  52.1%   2.6 2119s
 1470966 1411631 883321.791  466   78 956955.652 458456.179  52.1%   2.6 2120s
 1474431 1414609     cutoff  342      956955.652 458456.610  52.1%   2.6 2125s
 1477383 1417552     cutoff  504      956955.652 458457.876  52.1%   2.6 2130s
 1479894 1420271 684499.123  666   97 956955.652 458457.876  52.1%   2.6 2139s
 1480770 1421077 684744.487  854   96 956955.652 458457.876  52.1%   2.6 2140s
 1484372 1424045 697913.369 1658   97 956955.652 458457.876  52.1%   2.6 2145s
 1488251 1427931 708253.810 2329   94 956955.652 458457.876  52.1%   2.6 2158s
 1489588 1429347 712728.609 2608   93 956955.652 458457.876  52.1%   2.6 2160s
 1493824 1433266 738085.040 3725  103 956955.652 458457.876  52.1%   2.6 2165s
 1495910 1435241 748868.869 4377   96 956955.652 458457.876  52.1%   2.6 2178s
 1497146 1436371 763788.064 4376  107 956955.652 458457.876  52.1%   2.6 2181s
 1500659 1439961 936382.107 1251   87 956955.652 458460.080  52.1%   2.6 2185s
 1504225 1443607 849172.433  767  109 956955.652 458460.230  52.1%   2.6 2198s
 1505192 1444217 927952.389 1194  108 956955.652 458460.230  52.1%   2.6 2201s
H1507820 1446757                    956040.03333 458460.407  52.0%   2.6 2204s
H1508239 1447354                    956039.14575 458460.407  52.0%   2.6 2205s
 1513021 1452051 859239.105 3812  101 956039.146 458460.407  52.0%   2.6 2210s
 1513783 1452455 863445.358 4272  102 956039.146 458460.407  52.0%   2.6 2222s
 1515268 1454200 912284.730 4285  108 956039.146 458460.407  52.0%   2.6 2225s
 1517934 1456590     cutoff  403      956039.146 458461.840  52.0%   2.6 2230s
 1521148 1459685 787257.568  899   92 956039.146 458461.971  52.0%   2.6 2246s
 1526290 1464980 822174.292 3935   78 956039.146 458461.971  52.0%   2.6 2250s
 1530194 1468799 866139.533  573   99 956039.146 458462.612  52.0%   2.6 2255s
 1530574 1468977 949134.962  736   57 956039.146 458462.612  52.0%   2.6 2273s
 1531437 1470023 630062.237  410  117 956039.146 458462.939  52.0%   2.6 2275s
 1535959 1474366 705952.071 2618   93 956039.146 458462.939  52.0%   2.6 2280s
 1539561 1477788 819747.562 4383  100 956039.146 458462.939  52.0%   2.6 2296s
 1543424 1481163 752375.344  853   93 956039.146 458464.614  52.0%   2.6 2300s
 1548438 1486250 903539.613 4037   76 956039.146 458464.614  52.0%   2.6 2305s
 1549165 1486898 931625.901 4300   79 956039.146 458464.614  52.0%   2.6 2319s
 1549880 1487608 921748.848 4300   81 956039.146 458464.614  52.0%   2.6 2320s
 1552193 1489987 656030.354  472  113 956039.146 458464.673  52.0%   2.6 2325s
 1556017 1493815 685168.573 2807   98 956039.146 458464.673  52.0%   2.6 2338s
 1557158 1494876 691609.605 3425  100 956039.146 458464.673  52.0%   2.6 2340s
 1560241 1497870 732453.711 4300  113 956039.146 458464.673  52.0%   2.6 2345s
 1562918 1500211 715548.902  230  134 956039.146 458465.144  52.0%   2.6 2350s
 1563368 1500892 858099.264  508  114 956039.146 458465.144  52.0%   2.6 2364s
 1564148 1501558 954676.409 1067  152 956039.146 458465.144  52.0%   2.6 2365s
 1567649 1504734 889651.283 2119   81 956039.146 458465.939  52.0%   2.6 2370s
 1572033 1509003 650621.152 1569  102 956039.146 458466.814  52.0%   2.6 2375s
 1573947 1510852 678424.596 2532   99 956039.146 458466.814  52.0%   2.6 2385s
 1577292 1514143 790231.640 3845   93 956039.146 458466.814  52.0%   2.6 2390s
 1581404 1518199 839071.646  896   84 956039.146 458466.814  52.0%   2.6 2412s
 1582968 1519771 893929.967 2005   80 956039.146 458466.814  52.0%   2.6 2415s
 1585469 1522295 756939.154  891  119 956039.146 458466.919  52.0%   2.6 2420s
 1589486 1526236 815071.757 3186  102 956039.146 458466.919  52.0%   2.6 2425s
 1590742 1527331 823405.375 3809  101 956039.146 458466.919  52.0%   2.6 2436s
 1593284 1529783 881329.619 4284   80 956039.146 458466.919  52.0%   2.6 2440s
 1596890 1532889     cutoff  540      956039.146 458468.135  52.0%   2.6 2445s
 1599518 1535542     cutoff 1368      956039.146 458468.135  52.0%   2.6 2458s
 1600638 1536563 645479.522  199  142 956039.146 458468.471  52.0%   2.6 2460s
 1603368 1539492 801851.832  745  109 956039.146 458468.707  52.0%   2.6 2465s
 1608003 1543958 804249.015 1701   98 956039.146 458468.941  52.0%   2.6 2470s
 1610190 1546081 826846.271 2826   96 956039.146 458468.941  52.0%   2.6 2483s
 1611632 1547603 837736.655 3720   96 956039.146 458468.941  52.0%   2.6 2485s
 1614682 1550399 591138.798  286  141 956039.146 458469.736  52.0%   2.6 2490s
 1618279 1554163 743979.289 1031  101 956039.146 458469.736  52.0%   2.6 2508s
 1619616 1555606 754431.654 1324   83 956039.146 458469.736  52.0%   2.6 2510s
 1622723 1558449 768295.028 2036   98 956039.146 458469.736  52.0%   2.6 2515s
 1625224 1560973 782209.215 2778  107 956039.146 458469.736  52.0%   2.6 2532s
 1627101 1562769 789827.141 3349  100 956039.146 458469.736  52.0%   2.6 2535s
 1630296 1565784 807206.308 4285   98 956039.146 458469.736  52.0%   2.7 2540s
 1632329 1567646 599099.346  238  131 956039.146 458472.268  52.0%   2.7 2560s
 1633908 1569351 632274.333 1188  105 956039.146 458472.268  52.0%   2.7 2565s
 1637929 1573265 750544.559 2771  113 956039.146 458472.268  52.0%   2.7 2570s
 1641683 1577225 844948.983 4325   94 956039.146 458472.268  52.0%   2.7 2575s
 1642135 1577528 845067.845 4325   94 956039.146 458472.268  52.0%   2.7 2591s
 1644231 1579514 880926.194  383  114 956039.146 458472.502  52.0%   2.7 2595s
 1648168 1582840 843366.635 1202   93 956039.146 458472.502  52.0%   2.7 2600s
 1650455 1584860 853062.271 2566   89 956039.146 458472.502  52.0%   2.7 2613s
 1651606 1585826 864059.939 3206   90 956039.146 458472.502  52.0%   2.7 2615s
 1655628 1589802 944875.588 4270   86 956039.146 458473.607  52.0%   2.7 2620s
 1658638 1592912 674944.286 1362  109 956039.146 458473.607  52.0%   2.7 2625s
 1660575 1594854 690073.712 2377  105 956039.146 458473.607  52.0%   2.7 2638s
 1662085 1596431 702761.159 3181  101 956039.146 458473.607  52.0%   2.7 2640s
 1665045 1599289 716051.186 4267  100 956039.146 458473.607  52.0%   2.7 2645s
 1670048 1604191 787154.792 1529  105 956039.146 458474.004  52.0%   2.7 2658s
 1671483 1605608 801481.387 2338  112 956039.146 458474.004  52.0%   2.7 2661s
 1674655 1608525 842947.781 4162  102 956039.146 458474.004  52.0%   2.7 2665s
 1678239 1611990 709515.876  327   81 956039.146 458475.506  52.0%   2.7 2670s
 1680159 1613710 803195.120  244  130 956039.146 458476.065  52.0%   2.7 2681s
 1683106 1616717 868121.438 1864   88 956039.146 458476.065  52.0%   2.7 2685s
 1686706 1620280 908095.661 3326   78 956039.146 458476.065  52.0%   2.7 2690s
 1689338 1622786 916110.150 4288   75 956039.146 458476.065  52.0%   2.7 2704s
 1690415 1623633 815254.820  282   87 956039.146 458476.065  52.0%   2.7 2705s
 1694748 1627714 918493.369 2434   73 956039.146 458476.536  52.0%   2.7 2710s
 1696149 1629258 626686.550  208  107 956039.146 458477.331  52.0%   2.7 2720s
 1699751 1632675 635577.509 1559  102 956039.146 458477.677  52.0%   2.7 2725s
 1703488 1636733 666123.768 3952  101 956039.146 458477.677  52.0%   2.7 2730s
 1705724 1638884 715830.320 4302  113 956039.146 458477.677  52.0%   2.7 2744s
 1706433 1639587 725401.816 4302  114 956039.146 458477.677  52.0%   2.7 2745s
 1710894 1643855 805986.202  709  111 956039.146 458478.128  52.0%   2.7 2750s
 1713625 1646113 828314.006  508  110 956039.146 458478.597  52.0%   2.7 2766s
 1716134 1648805 938022.399  525   82 956039.146 458479.394  52.0%   2.7 2770s
 1720316 1652459 infeasible 2757      956039.146 458479.394  52.0%   2.7 2775s
 1722860 1654885 830146.216  747   51 956039.146 458480.333  52.0%   2.7 2780s
 1723987 1655649 infeasible 1233      956039.146 458480.333  52.0%   2.7 2789s
 1724393 1655946 infeasible 1377      956039.146 458480.333  52.0%   2.7 2790s
 1729466 1660740 728088.823  915   85 956039.146 458480.848  52.0%   2.7 2795s
 1732685 1663813 742988.634 3065   85 956039.146 458480.848  52.0%   2.7 2814s
 1733728 1664801 753281.116 3814   85 956039.146 458480.848  52.0%   2.7 2815s
 1738027 1669261 756394.316  462   77 956039.146 458481.599  52.0%   2.7 2820s
 1741008 1671906 936297.155  609   93 956039.146 458481.926  52.0%   2.7 2825s
 1744293 1674821 586244.545  201  150 956039.146 458482.645  52.0%   2.7 2839s
 1744585 1674823 620910.183  230  144 956039.146 458482.645  52.0%   2.7 2840s
 1748693 1679372 681100.255 1712  103 956039.146 458482.645  52.0%   2.7 2845s
 1752331 1682847 690436.747 3769  101 956039.146 458482.645  52.0%   2.7 2850s
 1753980 1684465 733896.171 4292  110 956039.146 458482.645  52.0%   2.7 2860s
 1757763 1688243 837394.584  894   82 956039.146 458483.073  52.0%   2.7 2865s
 1761040 1691471 845797.918 2814   80 956039.146 458483.073  52.0%   2.7 2870s
 1762679 1693240 883383.745 3688   78 956039.146 458483.073  52.0%   2.7 2883s
 1763636 1693963 913381.109 4173   79 956039.146 458483.073  52.0%   2.7 2885s
 1767174 1697312 891278.301  422  112 956039.146 458483.416  52.0%   2.7 2890s
 1769945 1700062 787086.035 1580   93 956039.146 458483.416  52.0%   2.7 2895s
 1770261 1700423 787640.173 1780   93 956039.146 458483.416  52.0%   2.7 2905s
 1774795 1704887 827577.111  704  111 956039.146 458485.226  52.0%   2.7 2910s
 1779210 1708852 754474.164  374  119 956039.146 458485.396  52.0%   2.7 2915s
 1782375 1711906 801019.238 1769  112 956039.146 458485.396  52.0%   2.7 2925s
 1784729 1714017 868722.361 3028  103 956039.146 458485.396  52.0%   2.7 2930s
 1787716 1716633 643174.591  626   97 956039.146 458485.865  52.0%   2.7 2935s
 1791492 1720709 652411.829 1442   96 956039.146 458485.865  52.0%   2.7 2948s
 1791844 1720711 660538.422 1512  100 956039.146 458485.865  52.0%   2.7 2950s
 1795116 1724222 667424.742 2295   94 956039.146 458485.865  52.0%   2.7 2955s
 1798214 1727447 682624.554 3175  113 956039.146 458485.865  52.0%   2.7 2972s
 1800484 1729560 698352.086 3748   93 956039.146 458485.865  52.0%   2.7 2976s
 1803088 1731645 712819.487 4362  123 956039.146 458485.865  52.0%   2.7 2980s
 1807377 1734144     cutoff  736      956039.146 458486.989  52.0%   2.7 2985s
 1809201 1736100 873253.601 1148  103 956039.146 458486.989  52.0%   2.7 3000s
 1812309 1738412     cutoff  328      956039.146 458488.255  52.0%   2.7 3005s
 1815826 1741504 938945.698  659   86 956039.146 458488.381  52.0%   2.7 3010s
 1818920 1744475 849256.852  253  120 956039.146 458488.396  52.0%   2.7 3026s
 1820186 1745517 909331.720  537   62 956039.146 458488.396  52.0%   2.7 3030s
 1823094 1748302 795635.879 1118  103 956039.146 458488.723  52.0%   2.7 3035s
 1825775 1750573 841718.443 2899   99 956039.146 458488.723  52.0%   2.7 3040s
 1829291 1753751 938956.649  370   75 956039.146 458489.989  52.0%   2.7 3054s
 1829954 1754403 870596.606  401  110 956039.146 458490.459  52.0%   2.7 3056s
 1832843 1757238 914536.557 1629  118 956039.146 458491.160  52.0%   2.7 3060s
H1833442 1757481                    955318.61052 458491.160  52.0%   2.7 3061s
 1835215 1759216     cutoff  925      955318.611 458491.160  52.0%   2.7 3065s
 1838249 1762383 905166.205 1684   93 955318.611 458491.255  52.0%   2.8 3070s
 1838967 1763088 928598.525 2110   90 955318.611 458491.255  52.0%   2.8 3077s
 1840262 1764101 941194.443  580   65 955318.611 458491.313  52.0%   2.8 3080s
 1843918 1767645 845840.566  640  102 955318.611 458491.725  52.0%   2.8 3085s
 1845509 1769159 881434.358 1569   96 955318.611 458491.725  52.0%   2.8 3096s
 1848027 1771664 629581.992  432  126 955318.611 458492.194  52.0%   2.8 3100s
 1851348 1774977 665178.253 2251  100 955318.611 458492.194  52.0%   2.8 3105s
 1853682 1777279 684292.997 3578  100 955318.611 458492.194  52.0%   2.8 3122s
 1855014 1778442 807625.027 3700  115 955318.611 458492.194  52.0%   2.8 3125s
 1857503 1780686 839445.264 4431  100 955318.611 458492.194  52.0%   2.8 3130s
 1861231 1784273 662982.964 1964   97 955318.611 458493.844  52.0%   2.8 3135s
 1863667 1786221 818709.525 3034  110 955318.611 458493.844  52.0%   2.8 3150s
 1868088 1790807 768260.963  380  139 955318.611 458495.110  52.0%   2.8 3155s
H1871445 1793529                    955243.97111 458495.522  52.0%   2.8 3160s
 1874340 1796750 709205.299 1400  102 955243.971 458495.522  52.0%   2.8 3173s
 1875688 1798017 728128.316 2354   97 955243.971 458495.522  52.0%   2.8 3175s
 1879865 1802200 775475.951 4478   97 955243.971 458495.522  52.0%   2.8 3180s
 1882896 1805140 852809.417  405  124 955243.971 458496.151  52.0%   2.8 3185s
 1884244 1806304 865410.922 1056  108 955243.971 458496.151  52.0%   2.8 3196s
 1886785 1808617 724539.991  726   72 955243.971 458496.318  52.0%   2.8 3200s
 1889410 1810910 649278.397 1217  100 955243.971 458497.257  52.0%   2.8 3205s
 1892095 1813648 692648.814 2676  111 955243.971 458497.257  52.0%   2.8 3217s
 1894820 1816413 816689.295 3813   91 955243.971 458497.257  52.0%   2.8 3220s
 1897826 1819312 861256.599  811  104 955243.971 458498.054  52.0%   2.8 3225s
 1901098 1821893 670153.498 1088   96 955243.971 458498.522  52.0%   2.8 3230s
 1904235 1825199 733084.824 2445   92 955243.971 458498.522  52.0%   2.8 3241s
 1905790 1826635 745431.349 3369   93 955243.971 458498.522  52.0%   2.8 3245s
 1909842 1830563 804971.612 4440  107 955243.971 458498.522  52.0%   2.8 3250s
 1912062 1832566 892293.723  453  101 955243.971 458499.320  52.0%   2.8 3265s
 1914217 1834532     cutoff  442      955243.971 458500.115  52.0%   2.8 3270s
 1918228 1838653 656779.360 1816   99 955243.971 458500.173  52.0%   2.8 3275s
 1920457 1840924 823219.437 2370   95 955243.971 458500.173  52.0%   2.8 3290s
 1924980 1845377 901867.475 4373   74 955243.971 458500.173  52.0%   2.8 3295s
 1928093 1848090 943324.030  522   74 955243.971 458500.586  52.0%   2.8 3300s
 1928668 1848858 866652.997  392  120 955243.971 458501.054  52.0%   2.8 3318s
 1929363 1849343 949090.631  447  124 955243.971 458501.054  52.0%   2.8 3320s
 1932462 1851975 673793.473  434  135 955243.971 458501.851  52.0%   2.8 3325s
 1935008 1854639 698090.688 1408   94 955243.971 458501.851  52.0%   2.8 3330s
 1939059 1858563 751474.599 4038   89 955243.971 458501.851  52.0%   2.8 3335s
 1939303 1858954 758785.014 4208   93 955243.971 458501.851  52.0%   2.8 3344s
 1940279 1859776 802311.764 4488  101 955243.971 458501.851  52.0%   2.8 3345s
 1942607 1862122 910820.631  547   94 955243.971 458501.851  52.0%   2.8 3350s
 1945857 1865305 935183.650  284  105 955243.971 458502.320  52.0%   2.8 3355s
 1946945 1866292 936645.076  613   92 955243.971 458502.647  52.0%   2.8 3373s
 1948640 1868069 920709.904  696   86 955243.971 458502.647  52.0%   2.8 3375s
 1952608 1871981 650413.150 1901  106 955243.971 458503.117  52.0%   2.8 3380s
 1955733 1875129 675800.508 3570   97 955243.971 458503.117  52.0%   2.8 3397s
 1956663 1875674 797729.432 3843  109 955243.971 458503.117  52.0%   2.8 3400s
 1959546 1878530 873225.175 4490   80 955243.971 458503.117  52.0%   2.8 3405s
 1962410 1880499 648647.176  376  135 955243.971 458504.703  52.0%   2.8 3410s
 1965689 1884067 645269.488 1150  105 955243.971 458504.703  52.0%   2.8 3425s
 1969763 1888269 655055.499 2042   97 955243.971 458504.703  52.0%   2.8 3430s
 1972073 1890484 669064.714 2587  112 955243.971 458504.703  52.0%   2.8 3435s
 1973628 1892017 682495.056 2961  106 955243.971 458504.703  52.0%   2.8 3455s
*1976306 1894301             919    955036.46367 458504.703  52.0%   2.8 3460s
 1978650 1896869 710649.008 4080   97 955036.464 458504.703  52.0%   2.8 3465s
 1982656 1900811 844117.150 4451   99 955036.464 458504.703  52.0%   2.8 3470s
H1983302 1901102                    955018.22964 458504.703  52.0%   2.8 3471s
 1983303 1901275 824443.539 4446  102 955018.230 458504.703  52.0%   2.8 3481s
 1986269 1904231 861022.821 1498  104 955018.230 458505.817  52.0%   2.8 3485s
 1991660 1909307 935267.140 4240   98 955018.230 458506.502  52.0%   2.8 3490s
 1992418 1910228 895825.681  537   99 955018.230 458506.502  52.0%   2.8 3501s
 1995980 1913543 933704.691  773   85 955018.230 458506.915  52.0%   2.8 3505s
 1998978 1916511 854111.512  636  102 955018.230 458507.383  52.0%   2.8 3510s
 2002366 1919355 591217.168  339  149 955018.230 458508.649  52.0%   2.8 3515s
 2002601 1919869 608600.637  364  145 955018.230 458508.649  52.0%   2.8 3524s
 2002882 1920294 628781.525  384  133 955018.230 458508.649  52.0%   2.8 3525s
 2008346 1925364 860313.205  361  100 955018.230 458508.976  52.0%   2.8 3530s
 2011375 1928357 906570.390 1179   73 955018.230 458509.034  52.0%   2.8 3548s
 2012886 1929420 638926.675  451  128 955018.230 458509.416  52.0%   2.8 3550s
 2015890 1931925 711402.134 2183   93 955018.230 458509.416  52.0%   2.8 3555s
 2019270 1935390 764078.429 4288   93 955018.230 458509.416  52.0%   2.8 3560s
 2020788 1936812 821220.470 4497  106 955018.230 458509.416  52.0%   2.8 3577s
 2021704 1937790 847841.953 4501  100 955018.230 458509.416  52.0%   2.8 3580s
 2025098 1940910 821456.995  976  102 955018.230 458510.712  52.0%   2.8 3585s
H2026043 1941658                    954994.07652 458510.712  52.0%   2.9 3587s
 2027021 1942454 884025.414 1022   46 954994.077 458510.712  52.0%   2.9 3590s

Cutting planes:
  RLT: 84

Explored 2029819 nodes (5806381 simplex iterations) in 3603.99 seconds (1474.66 work units)
Thread count was 2 (of 24 available processors)

Solution count 10: 954994 955018 955036 ... 957079

Time limit reached
Best objective 9.549940765152e+05, best bound 4.585107119132e+05, gap 51.9881%
