
Gurobi 11.0.3 (linux64, Java) logging started sáb 14 dez 2024 19:02:04 -03

Set parameter Username
Academic license - for non-commercial use only - expires 2025-10-10
Set parameter NonConvex to value 2
Set parameter TimeLimit to value 3600
Set parameter LogToConsole to value 0
Set parameter MIPGap to value 7.6131968797397716e-08
Set parameter Threads to value 2
Set parameter NodefileDir to value "/home/ps12398/experiment_epec/goalProgrammingMarcos/"
Set parameter NodefileStart to value 1
Gurobi Optimizer version 11.0.3 build v11.0.3rc0 (linux64)

CPU model: Intel(R) Xeon(R) CPU           X5650  @ 2.67GHz, instruction set [SSE2]
Thread count: 12 physical cores, 24 logical processors, using up to 2 threads

Optimize a model with 30216 rows, 21123 columns and 217445 nonzeros
Model fingerprint: 0x697e2543
Model has 107 quadratic constraints
Variable types: 10512 continuous, 10611 integer (102 binary)
Coefficient statistics:
  Matrix range     [1e-02, 5e+06]
  QMatrix range    [1e-02, 8e+04]
  QLMatrix range   [1e+00, 8e+04]
  Objective range  [1e+00, 3e+07]
  Bounds range     [1e+00, 1e+08]
  RHS range        [1e+00, 2e+06]
  QRHS range       [3e-03, 3e-03]
Presolve removed 30048 rows and 20782 columns
Presolve time: 0.82s
Presolved: 442 rows, 432 columns, 10839 nonzeros
Presolved model has 91 bilinear constraint(s)

Solving non-convex MIQCP

Variable types: 187 continuous, 245 integer (0 binary)
Found heuristic solution: objective 5608394.6408

Root relaxation: objective 0.000000e+00, 203 iterations, 0.01 seconds (0.00 work units)

    Nodes    |    Current Node    |     Objective Bounds      |     Work
 Expl Unexpl |  Obj  Depth IntInf | Incumbent    BestBd   Gap | It/Node Time

     0     0    0.00000    0  210 5608394.64    0.00000   100%     -    0s
     0     0    0.00000    0  196 5608394.64    0.00000   100%     -    1s
H    0     0                    1891196.3954    0.00000   100%     -    1s
     0     0    0.00000    0  189 1891196.40    0.00000   100%     -    1s
H    0     0                    1659647.7440    0.00000   100%     -    1s
     0     0    0.00000    0  189 1659647.74    0.00000   100%     -    1s
     0     0    0.00000    0  178 1659647.74    0.00000   100%     -    1s
     0     0    0.00000    0  174 1659647.74    0.00000   100%     -    1s
     0     0    0.00000    0  173 1659647.74    0.00000   100%     -    1s
     0     0    0.00000    0  171 1659647.74    0.00000   100%     -    1s
     0     0    0.00000    0  156 1659647.74    0.00000   100%     -    1s
     0     0    0.00000    0  156 1659647.74    0.00000   100%     -    1s
     0     2    0.00000    0  156 1659647.74    0.00000   100%     -    2s
H  100   174                    1302079.5907    0.00000   100%   1.4    2s
   999  1245 8596.29799  237  155 1302079.59    0.00000   100%  19.1    5s
H 1213  1245                    1036535.2277    0.00000   100%  17.2    5s
H 1266  1346                    1026824.8991    0.00000   100%  17.0    5s
H 1474  1612                    1022524.1826    0.00000   100%  15.8    5s
H 3749  3562                    1022498.0369    0.00000   100%  12.6   10s
H 3752  3386                    998920.59048 39566.8907  96.0%  12.6   10s
H 3752  3216                    998705.33446 39566.8907  96.0%  12.6   10s
H 3758  3059                    998705.33436 39680.1073  96.0%  12.9   11s
H 3761  2908                    878066.07114 48881.8403  94.4%  12.9   11s
H 3761  2763                    877310.19628 48881.8403  94.4%  12.9   11s
H 3769  2631                    874527.64997 61696.1680  92.9%  13.1   12s
H 3777  2506                    874199.94537 61835.7439  92.9%  13.3   14s
  3784  2512 61835.7439  585  107 874199.945 61835.7439  92.9%  13.5   15s
H 3785  2387                    874127.05748 62010.6824  92.9%  13.5   15s
H 3793  2274                    874069.93718 62010.6824  92.9%  13.6   16s
H 3801  2166                    863525.83643 62508.5310  92.8%  13.8   19s
  3807  2171 62508.5310 1302   92 863525.836 62508.5310  92.8%  14.0   20s
H 3809  2064                    862560.60631 63537.3527  92.6%  14.0   21s
H 3817  1967                    862551.79833 63569.9497  92.6%  14.3   22s
  3821  1971 63594.7109  173   65 862551.798 63594.7109  92.6%  14.6   25s
H 3825  1875                    807625.00425 67963.9401  91.6%  14.6   26s
  3835  1882 72732.7594  602  120 807625.004 72732.7594  91.0%  14.8   30s
H 3835  1787                    796363.40504 72732.7594  90.9%  14.8   30s
H 3981  1800                    794477.75146 72787.0861  90.8%  14.6   31s
H 4175  1848                    792962.06553 72787.0861  90.8%  13.9   32s
H 5205  2490                    786352.64601 72787.0861  90.7%  11.5   33s
H 5225  2406                    783815.61786 72787.0861  90.7%  11.5   33s
H 6068  2942                    783810.11185 72787.0861  90.7%  10.1   34s
  6138  3063 74076.8716  696  103 783810.112 72787.0861  90.7%  10.0   35s
H 7144  3641                    781053.06952 72787.0861  90.7%   8.8   35s
H 7588  3895                    777667.65818 72787.0861  90.6%   8.4   36s
H 8840  5050                    777385.59645 72787.0861  90.6%   7.4   37s
H 9972  6375                    777366.34297 72787.0861  90.6%   6.7   38s
 11473  7909 74985.1286 2003   92 777366.343 72787.0861  90.6%   6.0   40s
H15383 11746                    777365.07708 72787.0861  90.6%   5.1   45s
H17010 13327                    772550.43269 72787.0861  90.6%   4.7   47s
H17162 13483                    772550.36696 72787.0861  90.6%   4.7   47s
H17599 13981                    742703.63894 72787.0861  90.2%   4.6   48s
H18840 15187                    742630.72771 72787.0861  90.2%   4.4   49s
 19022 15443 77601.7449 3914   87 742630.728 72787.0861  90.2%   4.4   50s
H19284 15609                    735689.20016 72787.0861  90.1%   4.4   50s
H19728 15876                    729396.06430 72787.0861  90.0%   4.4   51s
H19730 15951                    685927.15834 72787.0861  89.4%   4.4   52s
H20737 16991                    685895.19899 72787.0861  89.4%   4.4   53s
 21666 17927 234182.935 4262  162 685895.199 72787.0861  89.4%   4.3   55s
 24882 21112 171491.708  471  112 685895.199 72825.7437  89.4%   4.0   60s
 28769 25065 172580.239 1554   96 685895.199 72825.7437  89.4%   3.8   65s
 33010 29426 184368.648 3300   86 685895.199 72825.7437  89.4%   3.9   70s
H33485 29621                    685864.76534 72825.7437  89.4%   3.9   71s
H33494 29689                    677422.16852 72825.7437  89.2%   3.9   71s
H34555 30742                    677343.26320 72825.7437  89.2%   3.9   72s
H35571 31806                    677316.25639 72825.7437  89.2%   4.3   73s
 36478 32755 231703.372 4262  127 677316.256 72825.7437  89.2%   4.3   75s
 39308 35431 179491.699  788   97 677316.256 72828.1313  89.2%   4.5   80s
 42093 38301 180852.972 1364   89 677316.256 72828.1313  89.2%   4.7   85s
 44697 41027 182029.286 1890  128 677316.256 72828.1313  89.2%   5.1   90s
 46932 43282 192804.409 2214   95 677316.256 72828.1313  89.2%   5.2   95s
H48167 44410                    677291.09195 72828.1313  89.2%   5.2   97s
 50133 46531 199613.433 2670   93 677291.092 72828.1313  89.2%   5.3  100s
 53502 50008 205365.042 3561   88 677291.092 72828.1313  89.2%   5.1  105s
 57707 54024 183141.964  232  112 677291.092 72841.4028  89.2%   5.2  110s
H58968 55121                    677276.59642 72841.4028  89.2%   5.2  113s
 60131 56406 183359.307 1058  112 677276.596 72841.4028  89.2%   5.2  115s
 65124 61560 184948.285 2719   86 677276.596 72841.4028  89.2%   4.9  120s
 68144 64505 200804.438 3459  113 677276.596 72841.4028  89.2%   4.9  125s
H71610 67728                    676797.60639 72841.4028  89.2%   5.0  129s
 72016 68564 183691.058  187  136 676797.606 72842.1747  89.2%   5.0  130s
 76646 72963 184693.342 1931  102 676797.606 72842.1747  89.2%   5.0  135s
 81187 77385 186061.392 2573   98 676797.606 72842.1747  89.2%   4.9  140s
 85859 82027 188477.488 4203   84 676797.606 72842.1747  89.2%   4.7  146s
 88941 85165 176540.791  201  124 676797.606 72854.4912  89.2%   4.6  150s
H93537 89630                    653595.55191 72854.4912  88.9%   4.5  154s
 94365 90638 182479.471 2446   92 653595.552 72854.4912  88.9%   4.4  155s
H94639 90861                    648347.25289 72854.4912  88.8%   4.4  155s
H95832 91970                    648211.63496 72854.4912  88.8%   4.4  156s
H96968 93008                    647879.70061 72854.4912  88.8%   4.4  156s
 100885 96369 289282.889 4262  136 647879.701 72854.4912  88.8%   4.3  160s
 105541 100751 205542.935 1108  111 647879.701 72874.9424  88.8%   4.2  165s
H109627 104671                    647554.04159 72874.9424  88.7%   4.1  167s
H110848 105898                    647504.54021 72874.9424  88.7%   4.1  168s
 111062 106056 219666.894 4262   92 647504.540 72874.9424  88.7%   4.1  170s
 116285 110978 195826.584 2725   94 647504.540 72883.2661  88.7%   3.9  175s
 121288 115169 206792.600 3864   81 647504.540 72883.2661  88.7%   3.9  180s
 124235 118037 311468.289 4262  121 647504.540 72883.2661  88.7%   3.9  185s
 128779 122059 199955.930 2450   85 647504.540 72884.0313  88.7%   3.8  190s
 132986 125673 211154.569 4262   88 647504.540 72884.0313  88.7%   3.7  195s
H133017 125763                    647469.11557 72884.0313  88.7%   3.7  195s
 137227 129958 192884.656  596  101 647469.116 72886.2499  88.7%   3.7  200s
 140503 133172 192982.179 1104   97 647469.116 72886.2499  88.7%   3.7  205s
 143822 135777 233730.700 1666  120 647469.116 72886.2499  88.7%   3.7  210s
H145748 137604                    647447.76769 72886.2499  88.7%   3.7  213s
 147403 139504 249620.245 2235  119 647447.768 72886.2499  88.7%   3.8  215s
 150570 142522 266111.708 2821  104 647447.768 72886.2499  88.7%   3.8  220s
H151219 143029                    647430.10392 72886.2499  88.7%   3.8  221s
H152416 144141                    644672.19134 72886.2499  88.7%   3.9  223s
H153534 145322                    638750.17312 72886.2499  88.6%   3.9  224s
 153853 145666 294001.827 3362  132 638750.173 72886.2499  88.6%   3.9  225s
H154538 146372                    638513.61843 72886.2499  88.6%   3.9  225s
H155532 147206                    633469.54377 72886.2499  88.5%   3.9  228s
H155535 147205                    632757.95913 72886.2499  88.5%   3.9  228s
H156529 147973                    592668.76587 72886.2499  87.7%   3.9  229s
 156860 148304 293341.363 3898  114 592668.766 72886.2499  87.7%   3.9  230s
H157800 149168                    592660.59426 72886.2499  87.7%   3.9  231s
 160939 152269 313237.375 4262  118 592660.594 72886.2499  87.7%   3.9  235s
 163603 154706 431195.431  392   89 592660.594 72891.8053  87.7%   3.9  240s
 167992 158953 439736.692 1518   99 592660.594 72893.1568  87.7%   3.8  245s
H170577 161062                    586940.16004 72893.1568  87.6%   3.8  247s
H170580 161048                    581388.45227 72893.1568  87.5%   3.8  247s
H171726 162310                    581345.68095 72893.1568  87.5%   3.8  248s
 171920 162312 485326.871 3736   95 581345.681 72893.1568  87.5%   3.8  250s
H171921 162312                    581341.11296 72893.1568  87.5%   3.8  250s
H171947 162431                    581336.59116 72893.1568  87.5%   3.8  250s
H173117 163641                    581256.28015 72900.8826  87.5%   3.8  251s
H174288 164661                    581181.86408 72900.8826  87.5%   3.8  253s
 175870 166416 236124.111 1446  126 581181.864 72900.8826  87.5%   3.7  255s
 181110 171657 266661.597 3830  106 581181.864 72900.8826  87.5%   3.7  260s
 184531 175100 217085.658  238  156 581181.864 72900.8826  87.5%   3.6  265s
H189124 179448                    578028.31775 72900.8826  87.4%   3.6  268s
H190187 180432                    574957.05364 72900.8826  87.3%   3.5  269s
 190560 180685 457208.035 2279   78 574957.054 72900.8826  87.3%   3.5  270s
H191334 181527                    574925.99254 72900.8826  87.3%   3.5  270s
H191421 181524                    574895.28931 72900.8826  87.3%   3.5  270s
 194429 184680 483189.335 3415   77 574895.289 72900.8826  87.3%   3.6  275s
 198414 188613 209079.987  564   90 574895.289 72920.7160  87.3%   3.5  280s
H198895 188061                    548565.97242 72920.7160  86.7%   3.5  282s
 200603 189933 238466.585 1151  122 548565.972 72920.7160  86.7%   3.5  285s
 205164 194466 254975.200 2364  106 548565.972 72920.7160  86.7%   3.6  290s
 210030 199254 291877.165 3149  135 548565.972 72920.7160  86.7%   3.6  295s
H211527 200607                    546882.43335 72920.7160  86.7%   3.6  297s
H211536 200533                    539098.27912 72920.7160  86.5%   3.6  297s
H211538 200532                    539074.25907 72920.7160  86.5%   3.6  297s
 211741 200918 301662.759 3464  135 539074.259 72920.7160  86.5%   3.6  300s
H212679 201790                    539066.27397 72920.7160  86.5%   3.6  301s
H212717 201790                    539062.91423 72920.7160  86.5%   3.6  301s
H213123 202200                    539053.82443 72920.7160  86.5%   3.6  302s
H214136 203109                    538842.79368 72920.7160  86.5%   3.6  303s
 214808 203883 322059.857 3961  116 538842.794 72920.7160  86.5%   3.6  305s
H215237 204257                    538793.07780 72920.7160  86.5%   3.7  305s
H216257 205117                    537142.20695 72920.7160  86.4%   3.7  307s
 217618 206583 457075.532 4261  114 537142.207 72920.7160  86.4%   3.6  310s
 222785 211826 288108.978 1408  104 537142.207 72935.8490  86.4%   3.6  315s
 227866 216696 335451.622 4262  103 537142.207 72935.8490  86.4%   3.6  320s
H229964 218798                    537142.10286 72935.8490  86.4%   3.5  322s
 231689 220506 493672.377  832  109 537142.103 72937.8214  86.4%   3.5  325s
 236462 225163 449925.475 2447   88 537142.103 72937.8214  86.4%   3.5  330s
 241645 230281 419656.416  302  131 537142.103 72941.1306  86.4%   3.5  335s
 246112 234656 466343.347 2854   83 537142.103 72941.1306  86.4%   3.4  340s
H246310 234708                    537103.60976 72941.1306  86.4%   3.4  340s
H247268 235878                    537101.31447 72941.1306  86.4%   3.4  340s
 252212 240816 243496.399  539   92 537101.314 72941.1306  86.4%   3.4  345s
 256366 244737 424377.959  892   92 537101.314 72949.4680  86.4%   3.4  350s
 260351 248647 451047.214 3561   88 537101.314 72949.4680  86.4%   3.4  355s
 265195 253434 434552.997  682  119 537101.314 72950.0069  86.4%   3.3  360s
 268638 256859 469211.034 2910   88 537101.314 72950.0069  86.4%   3.3  365s
 273324 261388 519159.600  707   92 537101.314 72950.0069  86.4%   3.4  370s
 276044 264085 383399.507 1173   96 537101.314 72950.1344  86.4%   3.4  375s
 279997 267245 462083.435 3385   85 537101.314 72950.1344  86.4%   3.4  380s
 282932 269067 226873.481  189  178 537101.314 72950.1344  86.4%   3.4  385s
 285835 271780 258062.509 1882  110 537101.314 72950.1344  86.4%   3.4  390s
 290912 276822 323986.194 4261  144 537101.314 72950.1344  86.4%   3.4  395s
 294426 280274 411235.533  643  124 537101.314 72953.6738  86.4%   3.4  400s
 299248 285054 450051.763 3507  100 537101.314 72953.6738  86.4%   3.4  405s
 303666 289224 489434.225  806  104 537101.314 72962.5304  86.4%   3.3  410s
 306360 291900 500049.553 2111   79 537101.314 72962.5304  86.4%   3.3  415s
 310628 295984 339329.327  501   98 537101.314 72967.1833  86.4%   3.3  420s
 314801 299437 351058.825 1459   99 537101.314 72967.1833  86.4%   3.3  425s
 319020 303723 367695.087 2305  112 537101.314 72967.1833  86.4%   3.3  430s
 322595 307140 377782.026 3255   93 537101.314 72967.1833  86.4%   3.4  436s
 325997 310531 385324.637 3973  114 537101.314 72967.1833  86.4%   3.4  440s
 328652 312611 329333.049  493  133 537101.314 72978.8238  86.4%   3.4  446s
 331886 315718 387792.604 2048  104 537101.314 72978.8238  86.4%   3.4  450s
H332624 316048                    536006.32005 72978.8238  86.4%   3.3  450s
H333380 316971                    536001.06178 72978.8238  86.4%   3.3  451s
 337308 320808 499467.534 4257   69 536001.062 72978.8238  86.4%   3.3  455s
H338514 321828                    535896.80106 72978.8238  86.4%   3.3  457s
 342018 325087 217396.192  222  131 535896.801 72986.3839  86.4%   3.3  460s
 347766 330861 489134.330 1502   78 535896.801 72986.7578  86.4%   3.3  465s
H351053 333142                    523945.62808 72986.7578  86.1%   3.3  469s
 351512 333759     cutoff  579      523945.628 72986.7578  86.1%   3.3  470s
 354335 336263 294118.787  748  127 523945.628 72986.7671  86.1%   3.3  475s
*356333 337806            1215    522884.47875 72986.7671  86.0%   3.3  478s
 356851 338444 301997.135 1213  101 522884.479 72986.7671  86.0%   3.3  480s
H357409 338748                    522566.05652 72986.7671  86.0%   3.3  480s
 359869 341448 305052.429 1824  100 522566.057 72986.7671  86.0%   3.3  485s
 363553 345064 317937.678 2424   97 522566.057 72986.7671  86.0%   3.3  490s
H366524 347790                    522541.32249 72986.7671  86.0%   3.4  495s
 370621 352182 335220.452 3552  110 522541.322 72986.7671  86.0%   3.4  500s
 373928 355069 341877.055 4162  101 522541.322 72986.7671  86.0%   3.4  505s
 376760 357868 372249.904 4260  120 522541.322 73001.9132  86.0%   3.4  510s
 380175 361011 340998.287  187  163 522541.322 73005.4466  86.0%   3.4  515s
 385661 366035 266038.451 2196  104 522541.322 73006.0147  86.0%   3.4  520s
 390829 371017 443230.174  521   93 522541.322 73013.4580  86.0%   3.3  525s
 393367 373504 236062.165  805   90 522541.322 73018.1081  86.0%   3.3  530s
 400958 380976 239303.791 2718   86 522541.322 73018.1081  86.0%   3.3  535s
 406479 386393 353688.097 4166   99 522541.322 73018.1081  86.0%   3.3  540s
 411799 391698 450425.458 1004   73 522541.322 73018.1081  86.0%   3.3  545s
 417649 397196 515706.718 2811   89 522541.322 73025.0027  86.0%   3.3  550s
 420894 400239     cutoff  365      522541.322 73030.7696  86.0%   3.3  555s
 424806 403758 188900.553  245  155 522541.322 73038.9830  86.0%   3.3  561s
 426832 405612 268792.925 1299  112 522541.322 73038.9830  86.0%   3.3  565s
 431245 409671 292016.292 2384  105 522541.322 73038.9830  86.0%   3.3  570s
 434183 412521 375867.845 3360  104 522541.322 73038.9830  86.0%   3.3  575s
 438061 416232 485699.657 4262   89 522541.322 73038.9830  86.0%   3.3  580s
 442099 420078 374849.626  795  116 522541.322 73051.1839  86.0%   3.3  585s
 447595 425066 433603.010 4263  102 522541.322 73051.1839  86.0%   3.3  590s
 451813 429260 354032.611 1409  102 522541.322 73051.1839  86.0%   3.3  595s
 454709 432297 386099.599 2720   92 522541.322 73051.1839  86.0%   3.3  600s
 459287 436566 206230.432  178  191 522541.322 73059.1311  86.0%   3.3  605s
 464809 441915 160514.281  152  191 522541.322 73063.2871  86.0%   3.3  610s
 468733 445675 314189.170  963   98 522541.322 73063.2871  86.0%   3.3  615s
H471634 448431                    522516.80656 73063.2871  86.0%   3.3  619s
 471778 448675 328563.298 1491  101 522516.807 73063.2871  86.0%   3.3  620s
H472692 448169                    519835.77676 73063.2871  85.9%   3.4  621s
H473809 449215                    519372.03765 73063.2871  85.9%   3.4  623s
 474558 449990 331111.319 2002  125 519372.038 73063.2871  85.9%   3.4  625s
 477351 452875 338555.026 2519   95 519372.038 73063.2871  85.9%   3.4  630s
 479420 454692 347992.198 2887  124 519372.038 73063.2871  85.9%   3.4  635s
 481934 457050 350921.602 3369   99 519372.038 73063.2871  85.9%   3.4  640s
 483846 458710 358382.704 3796  107 519372.038 73063.2871  85.9%   3.5  645s
H486453 461096                    519313.92078 73063.2871  85.9%   3.5  648s
 487736 462251 408625.472 4262  128 519313.921 73063.2871  85.9%   3.5  650s
 490410 464851 236366.260  219  168 519313.921 73076.4846  85.9%   3.5  655s
 494086 467802 502815.992 1485   79 519313.921 73076.4846  85.9%   3.4  660s
 497814 471780 289054.161  880  101 519313.921 73080.6645  85.9%   3.5  665s
 500201 474061 292019.165 1230   98 519313.921 73080.6645  85.9%   3.5  670s
 502794 476583 318442.249 1677  112 519313.921 73080.6645  85.9%   3.5  675s
H503035 476724                    519303.89245 73080.6645  85.9%   3.5  675s
H504157 477699                    518399.13100 73080.6645  85.9%   3.5  677s
H504502 477818                    517954.29272 73080.6645  85.9%   3.5  678s
H504564 478079                    517953.95886 73080.6645  85.9%   3.5  678s
 506356 479713 348489.671 2381  107 517953.959 73080.6645  85.9%   3.5  680s
 512352 485555 367823.238 3421   97 517953.959 73080.6645  85.9%   3.5  685s
 516441 489666 384795.484 4212   92 517953.959 73080.6645  85.9%   3.5  690s
 520168 493177 393199.469 4309  109 517953.959 73080.6645  85.9%   3.5  695s
 523951 496734 253924.699  183  159 517953.959 73099.1811  85.9%   3.5  700s
 527673 500362 250354.495  761  104 517953.959 73105.2566  85.9%   3.5  705s
H528050 500593                    517952.80284 73105.2566  85.9%   3.5  705s
 530757 503220 256911.870 1411   99 517952.803 73105.2566  85.9%   3.5  710s
 534451 507072 281456.515 3624   98 517952.803 73105.2566  85.9%   3.5  715s
 538299 510715 268838.933  308  112 517952.803 73110.2712  85.9%   3.5  720s
 540239 512650 309880.900  804  124 517952.803 73110.2712  85.9%   3.5  725s
H541899 514227                    517951.52471 73110.2712  85.9%   3.5  728s
 542689 515116 312244.801 1320   96 517951.525 73110.2712  85.9%   3.5  730s
 545137 517474 321113.377 1861  125 517951.525 73110.2712  85.9%   3.5  735s
 547737 520144 356373.639 2492  123 517951.525 73110.2712  85.9%   3.6  740s
H547948 520247                    517926.46041 73110.2712  85.9%   3.6  740s
H549202 521689                    517771.73378 73110.2712  85.9%   3.6  742s
 550192 522580 366453.106 3287   99 517771.734 73110.2712  85.9%   3.6  745s
H550264 522580                    517771.60656 73110.2712  85.9%   3.6  745s
H551317 523781                    517767.37410 73110.2712  85.9%   3.6  747s
H551454 520818                    508927.42806 73110.2712  85.6%   3.6  747s
H551676 521035                    508926.39856 73110.2712  85.6%   3.6  747s
 553408 522903 389610.625 4282  121 508926.399 73110.2712  85.6%   3.7  750s
 556007 525420 469435.477  499   81 508926.399 73114.9514  85.6%   3.7  755s
H557818 527014                    508918.02521 73114.9514  85.6%   3.7  758s
 558879 528067 486321.844  362   78 508918.025 73116.0770  85.6%   3.7  760s
 563892 532232 292362.489 2625   97 508918.025 73118.5975  85.6%   3.7  765s
 568651 536101 495528.499  423   78 508918.025 73121.7140  85.6%   3.6  770s
H570707 537807                    508793.83992 73122.7950  85.6%   3.6  771s
H571805 538358                    507662.85385 73122.7950  85.6%   3.6  773s
 572438 538849     cutoff  355      507662.854 73123.7882  85.6%   3.6  775s
 575131 541308 282055.544  319  127 507662.854 73133.9300  85.6%   3.6  780s
 579143 545187 466824.027 1069   95 507662.854 73135.3545  85.6%   3.6  785s
H584325 550024                    507413.70147 73135.3545  85.6%   3.6  789s
 585314 551090 456727.056  338  110 507413.701 73137.5592  85.6%   3.6  790s
 589824 555074     cutoff 1201      507413.701 73144.5630  85.6%   3.6  795s
 594158 558947 270471.656  602  119 507413.701 73150.8353  85.6%   3.6  800s
 600046 564111 295384.304 4308   89 507413.701 73150.8353  85.6%   3.6  805s
H603098 567055                    507398.06704 73153.8759  85.6%   3.6  808s
 603936 567816 291850.749  959   89 507398.067 73153.8759  85.6%   3.6  810s
H604272 567949                    506923.68387 73153.8759  85.6%   3.6  810s
H604384 567409                    505596.57809 73153.8759  85.5%   3.6  810s
 608651 571678 323863.972  661   97 505596.578 73159.7624  85.5%   3.6  815s
H609552 571737                    504715.59955 73159.7624  85.5%   3.6  817s
 611176 573398 330204.602 1265  117 504715.600 73159.7624  85.5%   3.6  820s
 615157 577446 334328.235 1993  100 504715.600 73159.7624  85.5%   3.6  825s
 617635 579910 336761.030 2481   94 504715.600 73159.7624  85.5%   3.6  830s
 621023 583284 342159.965 3027   99 504715.600 73159.7624  85.5%   3.6  835s
 623503 585602 345330.934 3460   93 504715.600 73159.7624  85.5%   3.7  840s
H625688 587751                    504714.52446 73159.7624  85.5%   3.7  842s
 628259 590239 357286.048 4262   98 504714.524 73159.7624  85.5%   3.7  846s
H628477 590292                    504617.63919 73159.7624  85.5%   3.7  846s
H628911 590841                    504604.18390 73159.7624  85.5%   3.7  847s
H630020 591737                    504572.85628 73159.7624  85.5%   3.7  849s
 630347 592248 369932.702 4297  120 504572.856 73159.7624  85.5%   3.7  850s
H631054 592857                    504535.51849 73174.7370  85.5%   3.7  851s
H631447 593255                    504526.42870 73175.0567  85.5%   3.7  851s
 633906 595795 266287.704  847   95 504526.429 73175.0567  85.5%   3.7  855s
 636519 598321 278840.539 1765   97 504526.429 73175.0567  85.5%   3.7  860s
 639478 600922 317127.836 2805  120 504526.429 73175.0567  85.5%   3.7  865s
 642999 604501 329843.896 3944  112 504526.429 73175.0567  85.5%   3.7  870s
 648952 610035 185391.838  154  189 504526.429 73186.5086  85.5%   3.7  875s
 650933 611048 272052.057  202  165 504526.429 73190.0603  85.5%   3.7  880s
 654191 613452 463352.645  448  103 504526.429 73196.6857  85.5%   3.7  885s
 657032 616070 431817.950  404   97 504526.429 73198.5931  85.5%   3.7  890s
 662693 621663 446874.012 2600   73 504526.429 73198.5931  85.5%   3.7  895s
 667237 626186 476371.469 1261   54 504526.429 73205.3083  85.5%   3.6  900s
 671361 629908     cutoff  333      504526.429 73206.4601  85.5%   3.6  905s
 673120 631663 437594.856  938   92 504526.429 73206.8122  85.5%   3.6  910s
 677507 635754 454011.571 3008   76 504526.429 73206.8122  85.5%   3.6  915s
 681501 639195 474785.535 4326   78 504526.429 73206.8122  85.5%   3.6  920s
H682467 640270                    504522.41430 73206.8122  85.5%   3.6  923s
 683121 640913 481574.612 4331   84 504522.414 73212.1262  85.5%   3.6  925s
 686011 643273 474628.609  665   82 504522.414 73215.9538  85.5%   3.6  930s
 690022 647046 469377.757  691   77 504522.414 73217.6941  85.5%   3.6  935s
 693118 650066 226592.228  231  154 504522.414 73220.0462  85.5%   3.6  940s
 696877 653660 281076.280 1903   94 504522.414 73220.0462  85.5%   3.6  945s
 699561 656071 299320.457 3523   83 504522.414 73220.0462  85.5%   3.6  950s
 702588 659128 310371.086 4322   78 504522.414 73220.0462  85.5%   3.6  955s
 705392 661665 454649.448  808   95 504522.414 73230.2638  85.5%   3.6  961s
 707877 664073     cutoff 2465      504522.414 73230.2638  85.5%   3.6  965s
 712040 668220 276041.308 1044   98 504522.414 73233.2803  85.5%   3.6  970s
 716210 672170 282398.503 1977   97 504522.414 73233.2803  85.5%   3.6  975s
 720952 676696 292880.552 3002   95 504522.414 73233.2803  85.5%   3.6  980s
 725365 680936 316232.636 4134   85 504522.414 73233.2803  85.5%   3.6  985s
 728580 684294 274069.661  220  165 504522.414 73239.3227  85.5%   3.6  990s
 733194 688493 211270.945  326  160 504522.414 73252.2594  85.5%   3.5  995s
 736727 691901 459713.069  939   85 504522.414 73257.3386  85.5%   3.5 1000s
 741760 696797 452113.394  338   76 504522.414 73258.6537  85.5%   3.5 1005s
 745722 700753 475060.095 2283   75 504522.414 73261.6149  85.5%   3.5 1011s
H746081 695944                    497711.15819 73261.6149  85.3%   3.5 1011s
H747208 696945                    497636.68019 73263.5534  85.3%   3.5 1013s
H747711 697440                    497636.17356 73267.4491  85.3%   3.5 1014s
 748135 697878 400749.877  386  114 497636.174 73267.4491  85.3%   3.5 1015s
 751388 701150 268419.162  615   92 497636.174 73270.1341  85.3%   3.5 1020s
 755888 705533 278669.001 3293  123 497636.174 73270.1341  85.3%   3.5 1025s
 759602 709254 337884.486 4381  108 497636.174 73270.1341  85.3%   3.5 1030s
H759843 709387                    497630.63171 73270.1341  85.3%   3.5 1030s
H762962 712347                    497509.68151 73271.6240  85.3%   3.5 1034s
H763005 712450                    497498.59874 73271.6240  85.3%   3.5 1035s
H764110 713450                    497485.29103 73271.8998  85.3%   3.5 1036s
H764260 713579                    497476.20124 73271.8998  85.3%   3.6 1037s
 766127 715329 480449.814  531   68 497476.201 73274.4647  85.3%   3.6 1040s
 769753 719167 466983.232 2510   71 497476.201 73274.4647  85.3%   3.6 1045s
 772953 722037 220951.106  222  156 497476.201 73280.5547  85.3%   3.6 1050s
 780349 728789 306247.686 3509   86 497476.201 73280.5547  85.3%   3.5 1055s
 783735 732070 351236.124 4321  107 497476.201 73281.3055  85.3%   3.5 1060s
 789447 737693 228901.448  251  143 497476.201 73283.3681  85.3%   3.5 1065s
 792984 741345 325114.886 1031   90 497476.201 73283.3681  85.3%   3.5 1070s
 799102 747136 330955.196 2650   80 497476.201 73283.3681  85.3%   3.5 1075s
 803309 751249 333500.629 3914   80 497476.201 73283.3681  85.3%   3.5 1080s
 809208 756848 320669.464  682   84 497476.201 73288.4778  85.3%   3.5 1085s
 812677 760234 435752.488  334  102 497476.201 73290.8500  85.3%   3.5 1090s
 816366 763921 341653.900  740   79 497476.201 73292.6193  85.3%   3.5 1095s
 818922 766109     cutoff  601      497476.201 73294.5215  85.3%   3.5 1100s
 823732 770774 301047.414 1553   78 497476.201 73298.8346  85.3%   3.5 1105s
 828870 775241 248313.785  246  163 497476.201 73299.6236  85.3%   3.5 1110s
 832893 779301 452891.401 1773   73 497476.201 73299.7082  85.3%   3.5 1115s
 837988 784045 490110.737  712  107 497476.201 73302.4871  85.3%   3.5 1120s
 842646 788862 457256.335 2827   74 497476.201 73305.5340  85.3%   3.5 1125s
 847793 793383 278711.427  861   91 497476.201 73306.0493  85.3%   3.4 1130s
 852268 797551 288471.304 3454   86 497476.201 73306.0493  85.3%   3.4 1135s
 858793 803979 477403.976 1924   70 497476.201 73309.8363  85.3%   3.4 1140s
 862554 807456 248946.373  333  117 497476.201 73312.4751  85.3%   3.4 1145s
 866950 811833 259528.850 1307   99 497476.201 73312.4751  85.3%   3.4 1151s
 869722 814641 266739.062 1759  133 497476.201 73312.4751  85.3%   3.4 1155s
 873820 818805 281337.163 2425   97 497476.201 73312.4751  85.3%   3.4 1160s
 876387 821354 289750.206 2750  103 497476.201 73312.4751  85.3%   3.5 1165s
 879722 824545 299764.112 3360  120 497476.201 73312.4751  85.3%   3.5 1170s
 885381 830151 329070.386 4329  123 497476.201 73312.4751  85.3%   3.5 1175s
 890070 834684     cutoff  508      497476.201 73320.1634  85.3%   3.5 1180s
 895649 840030 453568.818 2118   78 497476.201 73320.8836  85.3%   3.5 1185s
 901229 845556 383904.630 1189   77 497476.201 73323.0703  85.3%   3.5 1190s
 906920 850912 385742.656  314  123 497476.201 73323.6803  85.3%   3.4 1196s
 909290 852761 319210.605  692  106 497476.201 73325.3027  85.3%   3.4 1200s
 914127 857336 324097.030 1655  106 497476.201 73325.3027  85.3%   3.4 1205s
 917736 860953 328310.266 2326  101 497476.201 73325.3027  85.3%   3.4 1210s
 922655 865783 340677.136 3223  100 497476.201 73325.3027  85.3%   3.4 1215s
 925885 868774 352865.577 4006   97 497476.201 73325.3027  85.3%   3.4 1220s
 931088 874247 256549.984  185  173 497476.201 73331.8598  85.3%   3.4 1225s
 935829 878806 458588.003 2649   78 497476.201 73331.8598  85.3%   3.4 1230s
 940746 883085 268157.931  593  100 497476.201 73336.0650  85.3%   3.4 1235s
 944585 886903 271262.205 1795  100 497476.201 73336.0650  85.3%   3.4 1240s
 949901 892236 287977.238 4325   94 497476.201 73336.0650  85.3%   3.4 1245s
 955018 897130 244000.424  229  150 497476.201 73339.0470  85.3%   3.4 1250s
 961338 903129 386102.499 2754   80 497476.201 73339.2747  85.3%   3.4 1255s
 967182 909028 316779.057  728   87 497476.201 73342.4844  85.3%   3.4 1260s
 971869 913520 479965.556  583   71 497476.201 73342.9614  85.3%   3.4 1265s
 974168 915469 481740.509  325  117 497476.201 73347.0682  85.3%   3.4 1270s
 976946 917739     cutoff  559      497476.201 73348.7266  85.3%   3.4 1275s
 979710 920299 344174.967  952   76 497476.201 73348.7266  85.3%   3.4 1280s
 983979 924285 367068.360 3148   69 497476.201 73348.7266  85.3%   3.4 1285s
 990425 930327 430731.610 1092   70 497476.201 73355.3233  85.3%   3.3 1290s
 994707 934089     cutoff  865      497476.201 73358.0869  85.3%   3.3 1295s
 998792 938175 430117.743 1928   77 497476.201 73358.5330  85.3%   3.3 1300s
 1000770 939998 399865.591  443   96 497476.201 73360.7984  85.3%   3.3 1305s
 1005466 944651     cutoff 2766      497476.201 73360.7984  85.3%   3.3 1310s
 1009524 948637 462864.501 1541   80 497476.201 73361.7427  85.3%   3.3 1315s
 1012696 951563 333155.736  572   87 497476.201 73362.9958  85.3%   3.3 1320s
 1016114 954680 253403.368  468  100 497476.201 73364.8003  85.3%   3.3 1325s
 1018827 957229 276326.619  958  101 497476.201 73364.8003  85.3%   3.3 1330s
 1022163 960685 278656.812 1456  104 497476.201 73364.8003  85.3%   3.3 1335s
 1026844 965221 285202.201 2226  111 497476.201 73364.8003  85.3%   3.3 1340s
 1029435 967928 285171.923 2726  102 497476.201 73364.8003  85.3%   3.3 1345s
 1035162 973414 291672.784 3535  102 497476.201 73364.8003  85.3%   3.3 1350s
 1038578 976604 303112.739 4295  104 497476.201 73364.8003  85.3%   3.3 1355s
 1044032 982116 435668.204  530   71 497476.201 73371.3718  85.3%   3.3 1360s
 1049765 987475 213770.777  224  169 497476.201 73374.5815  85.3%   3.3 1365s
 1053490 991018 277668.551 1435  119 497476.201 73374.5815  85.3%   3.3 1370s
 1057134 994825 295637.822 2404  106 497476.201 73374.5815  85.3%   3.3 1375s
 1060498 998134 373813.427 3658  104 497476.201 73374.5815  85.3%   3.3 1380s
 1064449 1002046 420103.605 4339  116 497476.201 73374.5815  85.3%   3.3 1385s
 1068165 1005775 279673.412  556   96 497476.201 73377.3452  85.3%   3.3 1390s
 1072192 1009516 293090.924 1500   87 497476.201 73377.3452  85.3%   3.3 1395s
 1075984 1013423 318071.208 2251   91 497476.201 73377.3452  85.3%   3.3 1400s
 1079107 1016365 332156.583 3042   90 497476.201 73377.3452  85.3%   3.3 1405s
 1083370 1020630 341282.738 3794   81 497476.201 73377.3452  85.3%   3.3 1410s
 1088311 1025144 218812.312  261  162 497476.201 73382.9213  85.2%   3.3 1415s
 1094706 1031580 403141.467  533   73 497476.201 73387.4204  85.2%   3.3 1420s
 1099401 1036120 289380.608  324  129 497476.201 73389.2406  85.2%   3.3 1425s
 1106680 1042931 333539.516 4325   74 497476.201 73389.2406  85.2%   3.3 1430s
 1109958 1046202 252623.995  377  126 497476.201 73390.1840  85.2%   3.3 1435s
 1113876 1050126 260325.927 1119  112 497476.201 73390.1840  85.2%   3.3 1440s
 1116793 1052890 267931.865 1920  111 497476.201 73390.1840  85.2%   3.3 1445s
 1120636 1056701 281345.730 2929   98 497476.201 73390.1840  85.2%   3.3 1450s
 1124881 1060826 305445.596 3749  105 497476.201 73390.1840  85.2%   3.3 1455s
 1127874 1063703 290952.138 4252   82 497476.201 73390.1840  85.2%   3.3 1460s
 1131945 1067911 385139.011  389  116 497476.201 73396.6035  85.2%   3.3 1465s
 1135174 1071025 376238.535 1137   54 497476.201 73397.0495  85.2%   3.3 1470s
 1139594 1075379 408890.589 1053   79 497476.201 73400.6637  85.2%   3.3 1475s
 1142759 1078365 484848.541 2655   68 497476.201 73400.6637  85.2%   3.3 1480s
 1146629 1082076 480623.877 1320   81 497476.201 73401.2008  85.2%   3.3 1485s
 1149062 1084409 410800.491  496   82 497476.201 73404.0082  85.2%   3.3 1490s
 1153625 1088606 310575.489  554   84 497476.201 73406.6786  85.2%   3.3 1495s
 1157918 1092947 331630.931 2920   82 497476.201 73406.6786  85.2%   3.3 1500s
 1161524 1096534 344493.445 4367   92 497476.201 73406.6786  85.2%   3.3 1505s
 1164940 1099812 388599.117  403  120 497476.201 73412.6520  85.2%   3.3 1510s
 1169197 1103742 446481.032  586   61 497476.201 73412.6520  85.2%   3.3 1515s
 1174124 1108435 323808.065 2650   79 497476.201 73416.7517  85.2%   3.3 1520s
 1179773 1113701 315520.269  284  148 497476.201 73422.2812  85.2%   3.3 1525s
 1184811 1118695 408139.038  582   78 497476.201 73422.7272  85.2%   3.3 1530s
 1189723 1123237 274849.407  348  122 497476.201 73425.9369  85.2%   3.3 1535s
 1194821 1128477 377972.032 3278   75 497476.201 73425.9369  85.2%   3.3 1540s
 1197261 1130606 334054.843  470  116 497476.201 73427.1318  85.2%   3.3 1545s
 1200284 1133168 476162.282  365   90 497476.201 73429.1466  85.2%   3.3 1550s
 1202675 1135312 377001.372  336  130 497476.201 73431.9103  85.2%   3.3 1555s
 1208283 1140895     cutoff  544      497476.201 73435.5661  85.2%   3.3 1560s
 1212196 1144625 338826.153 1808   80 497476.201 73435.5661  85.2%   3.3 1566s
 1215454 1147575 357397.721 3556   78 497476.201 73435.5661  85.2%   3.3 1570s
 1218982 1150923 268836.512  315  141 497476.201 73439.7125  85.2%   3.3 1575s
 1221692 1153321 359820.175  326  157 497476.201 73441.5394  85.2%   3.3 1581s
H1221802 1153305                    497454.34844 73441.5394  85.2%   3.3 1581s
 1224076 1155589 228154.843  295  145 497454.348 73443.5136  85.2%   3.3 1585s
 1231642 1162667 331619.156 4372   72 497454.348 73443.5136  85.2%   3.3 1590s
H1234427 1144153                    485447.01763 73444.7491  84.9%   3.3 1594s
 1235399 1145428 398496.250  600   82 485447.018 73445.1952  84.9%   3.3 1595s
H1235866 1143352                    484844.14296 73445.1952  84.9%   3.3 1595s
H1236958 1144259                    484800.43738 73445.1952  84.9%   3.3 1596s
 1240234 1147527 413765.893  392  116 484800.437 73446.7233  84.9%   3.3 1600s
H1241109 1148205                    484797.17360 73447.9589  84.8%   3.3 1602s
 1242622 1149850 449366.782 1271   70 484797.174 73447.9589  84.8%   3.3 1605s
 1247427 1154326 459296.595 2151   70 484797.174 73451.1686  84.8%   3.3 1610s
 1250844 1157740 280820.486  539  133 484797.174 73453.6000  84.8%   3.3 1615s
 1255079 1162008 282044.498 1024  135 484797.174 73453.6000  84.8%   3.3 1620s
 1259181 1165495 301840.431 1596  105 484797.174 73453.6000  84.8%   3.3 1625s
H1261979 1168010                    484749.65684 73453.6000  84.8%   3.3 1628s
 1263549 1169565 304957.015 2285  121 484749.657 73453.6000  84.8%   3.3 1630s
 1268035 1173869 311797.516 3095  120 484749.657 73453.6000  84.8%   3.3 1635s
 1270717 1176484 324637.790 3720  124 484749.657 73453.6000  84.8%   3.3 1640s
H1274447 1179966                    484742.57532 73453.6000  84.8%   3.3 1646s
H1274593 1180167                    484736.03644 73453.6000  84.8%   3.3 1647s
 1276212 1181715 363442.722 4454  127 484736.036 73453.6000  84.8%   3.3 1650s
H1280091 1184874                    484733.23581 73460.7977  84.8%   3.4 1654s
 1280356 1185185 314269.359 2991   95 484733.236 73460.7977  84.8%   3.4 1655s
 1284114 1188926 331517.018 4351   92 484733.236 73460.7977  84.8%   3.3 1660s
 1288424 1193074 462727.701  856   64 484733.236 73465.9815  84.8%   3.3 1665s
 1292406 1196510 481363.860  627   88 484733.236 73469.1913  84.8%   3.3 1670s
H1292665 1196572                    484716.81366 73470.4268  84.8%   3.3 1671s
H1292986 1196707                    484689.63505 73470.4268  84.8%   3.3 1671s
H1293523 1197168                    484662.50423 73470.4268  84.8%   3.3 1672s
 1294203 1198031 323668.711 1140   80 484662.504 73470.4268  84.8%   3.3 1675s
 1299734 1203327 359063.280 4403   84 484662.504 73470.4268  84.8%   3.3 1680s
H1301702 1205070                    484656.93980 73470.4268  84.8%   3.3 1682s
 1303633 1206700 355300.462  491   88 484656.940 73478.8204  84.8%   3.3 1686s
 1306022 1208894 310161.515 1104   82 484656.940 73480.0560  84.8%   3.3 1690s
 1310987 1213951 331818.082 4256   75 484656.940 73480.0560  84.8%   3.3 1695s
 1313565 1216098 393733.068  411  124 484656.940 73486.4754  84.8%   3.3 1700s
H1314442 1216633                    484606.89440 73486.4754  84.8%   3.3 1701s
H1314456 1215907                    484453.72815 73486.4754  84.8%   3.3 1701s
 1316511 1218093 457303.923 2349   83 484453.728 73486.4754  84.8%   3.3 1705s
 1320147 1221375     cutoff  439      484453.728 73488.7939  84.8%   3.4 1710s
 1323042 1224425 304367.919 1886   94 484453.728 73489.6851  84.8%   3.4 1715s
 1327869 1229133 333463.337 4350   81 484453.728 73489.6851  84.8%   3.4 1720s
 1331680 1233017 431494.215 1451   74 484453.728 73491.6592  84.8%   3.4 1725s
 1334987 1235908 475712.740  450   73 484453.728 73493.3022  84.8%   3.4 1730s
 1339014 1239586 383707.270 2195  101 484453.728 73494.8690  84.8%   3.4 1735s
 1342985 1243229 473854.381 4358  116 484453.728 73494.8690  84.8%   3.4 1740s
 1346157 1246609 319367.614 1330   82 484453.728 73499.3143  84.8%   3.3 1745s
 1351798 1251911 404950.172  433  106 484453.728 73501.2884  84.8%   3.3 1750s
 1354570 1254564 404864.237  763   74 484453.728 73502.9700  84.8%   3.3 1755s
 1357930 1257889 401087.828  442  111 484453.728 73504.4981  84.8%   3.3 1760s
H1359770 1259303                    484424.41012 73505.7337  84.8%   3.3 1764s
 1359914 1259577 406206.773  714   81 484424.410 73505.7337  84.8%   3.3 1765s
 1363706 1263317 302974.367  384  138 484424.410 73506.1797  84.8%   3.3 1770s
 1367607 1267118 448715.856 2062   84 484424.410 73506.5362  84.8%   3.3 1775s
 1370932 1270416 314900.170 1671   77 484424.410 73508.9434  84.8%   3.3 1781s
 1373950 1273497 326682.859 3531   74 484424.410 73508.9434  84.8%   3.3 1785s
 1378982 1278210 299308.415  416  138 484424.410 73514.1272  84.8%   3.3 1790s
 1381705 1280506     cutoff  848      484424.410 73514.1272  84.8%   3.3 1795s
Created node file directory '/home/ps12398/experiment_epec/goalProgrammingMarcos//grbnodes24'
 1385689 1284336 305157.984  974   98 484424.410 73517.3369  84.8%   3.3 1804s
 1386808 1285367 318987.744 1362  109 484424.410 73517.3369  84.8%   3.3 1805s
 1389847 1288413 339355.356 2261  103 484424.410 73517.3369  84.8%   3.3 1810s
 1393567 1291921 366032.778 3469  116 484424.410 73517.3369  84.8%   3.3 1815s
 1394243 1292660 370442.029 3650   96 484424.410 73517.3369  84.8%   3.3 1821s
 1396079 1294456 386694.696 4138   92 484424.410 73517.3369  84.8%   3.3 1825s
 1402514 1300646 242618.413  238  175 484424.410 73523.7564  84.8%   3.3 1830s
 1403198 1301261 261568.553  307  146 484424.410 73524.9920  84.8%   3.3 1837s
 1404979 1303032 310322.541 1086   78 484424.410 73524.9920  84.8%   3.3 1840s
 1411025 1308921 366135.906 4439   88 484424.410 73524.9920  84.8%   3.3 1845s
 1411648 1309526 367103.411 4438   87 484424.410 73524.9920  84.8%   3.3 1850s
 1415140 1312882 288530.399  551   78 484424.410 73530.1758  84.8%   3.3 1855s
H1419850 1317302                    484065.00717 73530.1758  84.8%   3.3 1860s
H1420564 1318047                    483960.11486 73530.1758  84.8%   3.3 1860s
 1420944 1318689 318539.056 1777   74 483960.115 73530.1758  84.8%   3.3 1867s
H1423353 1320866                    483856.11336 73530.1758  84.8%   3.3 1869s
 1423850 1321501 328877.557 2207   78 483856.113 73530.1758  84.8%   3.3 1870s
 1428280 1325738 343569.771 2974   79 483856.113 73530.1758  84.8%   3.3 1875s
 1429477 1327000 372037.637 3284   81 483856.113 73530.1758  84.8%   3.3 1883s
 1430517 1327864 385145.577 3505   84 483856.113 73530.1758  84.8%   3.3 1885s
 1433765 1330730     cutoff 4376      483856.113 73536.7177  84.8%   3.3 1890s
H1436040 1332565                    483850.02286 73539.8049  84.8%   3.3 1895s
H1437113 1333626                    483786.08767 73541.4866  84.8%   3.3 1897s
 1438644 1335119 388931.940  485  106 483786.088 73541.4866  84.8%   3.4 1900s
 1438748 1335185 447832.662  499   74 483786.088 73541.4866  84.8%   3.4 1905s
 1441837 1338401 348163.914  764   74 483786.088 73542.4113  84.8%   3.4 1910s
 1444537 1340821 386888.234  368  129 483786.088 73544.2502  84.8%   3.4 1915s
 1447405 1343312 361981.977 1529  108 483786.088 73544.2502  84.8%   3.4 1920s
 1448001 1344002 367490.040 1977  104 483786.088 73544.2502  84.8%   3.4 1926s
H1450265 1346129                    483783.42265 73544.2502  84.8%   3.3 1928s
H1450428 1346129                    482668.25416 73544.2502  84.8%   3.3 1928s
 1450870 1346557 412278.795 3511   99 482668.254 73544.2502  84.8%   3.3 1930s
H1450872 1346773                    482668.05468 73544.2502  84.8%   3.3 1931s
 1455211 1351092 441618.391 4368  104 482668.055 73544.2502  84.8%   3.3 1935s
 1456486 1352388 373981.922  756   70 482668.055 73546.2384  84.8%   3.3 1942s
 1458152 1353563     cutoff  488      482668.055 73547.4599  84.8%   3.3 1945s
 1459875 1355182 333891.067  378  138 482668.055 73550.6697  84.8%   3.3 1950s
 1463052 1358120 277921.049  493  124 482668.055 73553.8794  84.8%   3.3 1955s
H1463596 1358617                    482664.92413 73553.8794  84.8%   3.3 1956s
H1463653 1349519                    480264.16582 73553.8794  84.7%   3.3 1956s
 1465971 1351922 280139.323  950  105 480264.166 73553.8794  84.7%   3.3 1960s
 1466396 1352225 283387.498 1003  142 480264.166 73553.8794  84.7%   3.3 1966s
 1468406 1354347 284600.376 1238  105 480264.166 73553.8794  84.7%   3.4 1970s
 1470879 1356575 289732.034 1669  102 480264.166 73553.8794  84.7%   3.4 1976s
 1472587 1357957 294068.363 2140  100 480264.166 73553.8794  84.7%   3.4 1980s
 1474480 1359703 301823.561 2562  108 480264.166 73553.8794  84.7%   3.4 1990s
 1477692 1362414 306644.107 2963  104 480264.166 73553.8794  84.7%   3.4 1995s
 1481008 1365674 314023.538 3409  120 480264.166 73553.8794  84.7%   3.4 2000s
 1482952 1367373 318821.286 3863  130 480264.166 73553.8794  84.7%   3.4 2005s
 1484016 1368351 320745.785 4081  104 480264.166 73553.8794  84.7%   3.4 2012s
 1486190 1370545 324764.201 4386  104 480264.166 73553.8794  84.7%   3.4 2015s
 1488983 1372929 311049.491  443  123 480264.166 73565.4826  84.7%   3.4 2020s
 1492676 1376526 369039.253  808   73 480264.166 73568.1982  84.7%   3.4 2025s
 1493794 1377407 284277.451  278  163 480264.166 73568.6923  84.7%   3.4 2032s
 1495341 1378794     cutoff  487      480264.166 73569.9279  84.7%   3.4 2035s
 1497254 1380541 465440.863  596  105 480264.166 73571.9021  84.7%   3.4 2040s
 1501447 1384401 344664.870  275  166 480264.166 73575.6782  84.7%   3.4 2045s
 1503590 1386514 419908.120  452   67 480264.166 73576.3474  84.7%   3.4 2054s
 1503915 1386714 433545.793  612   62 480264.166 73576.3474  84.7%   3.4 2055s
 1506763 1389234 294757.202  912  104 480264.166 73576.4199  84.7%   3.4 2060s
 1510394 1392982 332590.222 1780  108 480264.166 73576.4199  84.7%   3.4 2065s
 1512416 1395043 347083.659 2126  107 480264.166 73576.4199  84.7%   3.4 2074s
 1512776 1395367 351039.466 2197  102 480264.166 73576.4199  84.7%   3.4 2075s
 1517643 1400093 391560.881 3340   98 480264.166 73576.4199  84.7%   3.4 2080s
 1520301 1402513 403933.394 4045   95 480264.166 73576.4199  84.7%   3.4 2086s
 1522214 1404057 417422.322 4534   92 480264.166 73576.4199  84.7%   3.4 2090s
 1524581 1406314 304841.441  367  134 480264.166 73586.4225  84.7%   3.4 2095s
 1528678 1409811 331222.354 2115   74 480264.166 73586.6329  84.7%   3.4 2100s
 1530552 1411417 345333.401 3378   73 480264.166 73586.6329  84.7%   3.4 2105s
 1533141 1413884 383345.043 4534   70 480264.166 73586.6329  84.7%   3.4 2110s
 1537094 1417322 332651.202 1312   84 480264.166 73593.0523  84.7%   3.4 2115s
 1540541 1420460 377123.540 3676   65 480264.166 73593.0523  84.7%   3.4 2123s
 1541574 1421424 384568.298 4218   72 480264.166 73593.0523  84.7%   3.4 2125s
 1543588 1423004 463452.624 4537  114 480264.166 73593.0523  84.7%   3.4 2130s
 1547196 1426800 308944.617  543   84 480264.166 73600.9508  84.7%   3.4 2135s
 1549907 1429388 311599.527 1131   85 480264.166 73600.9508  84.7%   3.4 2145s
 1553409 1432540 400325.633 1837   98 480264.166 73600.9508  84.7%   3.4 2150s
 1557284 1435825 236172.927  280  146 480264.166 73607.2089  84.7%   3.4 2155s
 1559756 1438268 337590.823 1618   84 480264.166 73607.2089  84.7%   3.4 2165s
 1563079 1441207 369786.576 3856   84 480264.166 73607.2089  84.7%   3.4 2170s
 1565925 1443510 458686.454  422  102 480264.166 73612.1002  84.7%   3.4 2175s
 1569452 1447285 343030.811 2052   76 480264.166 73613.6283  84.7%   3.4 2184s
 1569903 1447626 345938.766 2351   76 480264.166 73613.6283  84.7%   3.4 2185s
 1573109 1450652 384791.771 4080   70 480264.166 73613.6283  84.7%   3.4 2190s
 1576184 1453677 469939.579  506  135 480264.166 73614.1848  84.7%   3.4 2195s
 1577311 1454758 280538.048  555  139 480264.166 73614.8639  84.7%   3.4 2202s
 1578484 1455853 342000.695 1107   52 480264.166 73614.8639  84.7%   3.4 2205s
 1582626 1459260 452328.813  698   58 480264.166 73615.2626  84.7%   3.4 2210s
 1584563 1460765 278322.707  362  145 480264.166 73618.0736  84.7%   3.4 2215s
 1587309 1463260     cutoff 2131      480264.166 73618.0736  84.7%   3.4 2224s
 1587798 1463568     cutoff 2194      480264.166 73618.0736  84.7%   3.4 2225s
H1588532 1464052                    480234.41445 73621.2833  84.7%   3.4 2226s
H1589757 1456459                    479209.17775 73621.2833  84.6%   3.4 2229s
H1590142 1456717                    478800.13756 73621.2833  84.6%   3.4 2229s
 1590635 1457221     cutoff  540      478800.138 73621.2833  84.6%   3.4 2230s
 1594692 1460227     cutoff  468      478800.138 73623.2575  84.6%   3.4 2235s
 1597525 1462760 350298.636  564  113 478800.138 73628.3592  84.6%   3.4 2240s
 1599400 1464209 233585.659  294  163 478800.138 73628.4967  84.6%   3.4 2247s
 1600755 1465599 431235.199  418  111 478800.138 73628.4967  84.6%   3.4 2250s
H1602735 1467248                    478584.70097 73629.6769  84.6%   3.4 2252s
H1603912 1468349                    478172.32520 73631.3585  84.6%   3.4 2254s
 1604489 1468982     cutoff  710      478172.325 73631.5689  84.6%   3.4 2255s
H1604957 1469408                    478156.20811 73634.1222  84.6%   3.4 2255s
H1605062 1469408                    478136.33101 73634.1222  84.6%   3.4 2255s
H1605306 1469552                    478136.33094 73634.1222  84.6%   3.4 2256s
 1606048 1469993 298177.371  505  131 478136.331 73634.5682  84.6%   3.4 2260s
 1609583 1473433 337612.280 2511   79 478136.331 73634.5682  84.6%   3.4 2269s
 1610577 1474471 346731.190 2983   77 478136.331 73634.5682  84.6%   3.4 2270s
 1614085 1477925 276419.742  435  150 478136.331 73637.6637  84.6%   3.4 2275s
 1617220 1480846 476168.457  547  137 478136.331 73637.9883  84.6%   3.5 2285s
H1617882 1481293                    478001.81924 73637.9883  84.6%   3.5 2286s
H1617887 1463099                    474451.10518 73637.9883  84.5%   3.5 2286s
 1618575 1463841 394110.857  394  127 474451.105 73639.3060  84.5%   3.5 2290s
H1618920 1464059                    474421.67857 73639.3060  84.5%   3.5 2290s
 1621059 1466092 309062.450  492  121 474421.679 73641.1980  84.5%   3.5 2295s
 1624210 1469343 360174.649 2252   77 474421.679 73641.1980  84.5%   3.5 2300s
 1626187 1471334 373085.260 3565   70 474421.679 73641.1980  84.5%   3.5 2308s
 1627525 1472487 381564.614 4428   70 474421.679 73641.1980  84.5%   3.5 2310s
 1629806 1474538 455055.628  535  122 474421.679 73641.7308  84.5%   3.5 2315s
 1631635 1476124 328597.139  445  138 474421.679 73646.9610  84.5%   3.5 2320s
 1634359 1477820     cutoff  612      474421.679 73650.6168  84.5%   3.5 2325s
 1636267 1479412 306882.656  490  138 474421.679 73650.8271  84.5%   3.5 2332s
 1637878 1480869 396897.782  589   96 474421.679 73650.8977  84.5%   3.5 2335s
 1640030 1482474 282068.706  384  166 474421.679 73653.8265  84.5%   3.5 2340s
 1643645 1485546 446557.781  394  114 474421.679 73658.5643  84.5%   3.5 2345s
 1647604 1489348 324456.394  545  138 474421.679 73660.4563  84.5%   3.5 2356s
 1650369 1491974 314564.712  789   94 474421.679 73660.4563  84.5%   3.5 2360s
 1652682 1494144 317642.571 1550   91 474421.679 73660.4563  84.5%   3.5 2365s
 1657146 1498706 330235.663 2599   88 474421.679 73660.4563  84.5%   3.5 2376s
 1660584 1501920 342443.239 3256   81 474421.679 73660.4563  84.5%   3.5 2380s
 1662455 1503795 347914.798 3910   81 474421.679 73660.4563  84.5%   3.5 2385s
 1665217 1506289 356216.920 4622   87 474421.679 73660.4563  84.5%   3.5 2390s
 1666242 1507056 437779.526  441  123 474421.679 73667.1211  84.5%   3.5 2397s
 1667049 1507716 237362.121  383  163 474421.679 73669.8751  84.5%   3.5 2400s
 1670632 1511288 349911.032 2446   81 474421.679 73669.8751  84.5%   3.5 2405s
 1675116 1515517 311523.338  513  141 474421.679 73673.2951  84.5%   3.5 2410s
 1676294 1516715 463906.116 1138   36 474421.679 73673.2951  84.5%   3.5 2417s
 1677621 1517802 394873.825  452  122 474421.679 73675.8484  84.5%   3.5 2420s
 1680244 1520108 294251.426  406  125 474421.679 73677.3659  84.5%   3.5 2425s
 1685360 1525476 349530.618 3951   68 474421.679 73677.3659  84.5%   3.5 2430s
 1685719 1525800 350296.375 4182   67 474421.679 73677.3659  84.5%   3.5 2435s
 1689340 1529237 470138.424  718   67 474421.679 73679.5042  84.5%   3.5 2440s
 1692132 1531860 415910.886  420  120 474421.679 73680.3552  84.5%   3.5 2445s
 1694059 1533347 437909.206  588  126 474421.679 73684.2420  84.5%   3.5 2450s
 1694780 1533929 300504.756  499  129 474421.679 73685.8675  84.5%   3.5 2456s
 1698211 1537475 382282.451 1889   95 474421.679 73685.8675  84.5%   3.5 2460s
 1701845 1541204 409826.392 3874   94 474421.679 73685.8675  84.5%   3.5 2465s
 1703747 1543018 456309.233 4540   62 474421.679 73685.8675  84.5%   3.5 2474s
 1704007 1543200 448730.045 4540   64 474421.679 73685.8675  84.5%   3.5 2475s
 1706661 1545504 269452.589  704  122 474421.679 73685.8675  84.5%   3.5 2480s
 1710796 1549289 287357.281 1873  121 474421.679 73685.8675  84.5%   3.5 2485s
 1712679 1551161 295430.971 2418  110 474421.679 73685.8675  84.5%   3.5 2490s
 1713412 1551950 297726.035 2627  111 474421.679 73685.8675  84.5%   3.5 2499s
 1714258 1552819 299808.682 2821  109 474421.679 73685.8675  84.5%   3.5 2500s
 1716925 1555299 305818.576 3326   98 474421.679 73685.8675  84.5%   3.5 2505s
 1720689 1558997 317915.678 4352   98 474421.679 73685.8675  84.5%   3.5 2510s
 1723060 1561020 373729.778  330  148 474421.679 73695.1067  84.5%   3.5 2515s
 1723675 1561523 469992.207  580  116 474421.679 73697.0808  84.5%   3.5 2522s
 1725611 1563583 316627.342  744   85 474421.679 73698.3164  84.5%   3.5 2525s
 1731035 1568860 328524.721 2002   80 474421.679 73698.3164  84.5%   3.5 2530s
 1733673 1571476 333409.190 2643   76 474421.679 73698.3164  84.5%   3.5 2542s
 1735486 1573096 343224.500 3086   84 474421.679 73698.3164  84.5%   3.5 2545s
 1739328 1576852 387089.336 4265   77 474421.679 73698.3164  84.5%   3.5 2550s
 1742361 1579258 456828.805  448  147 474421.679 73703.8340  84.5%   3.5 2555s
 1743362 1580457 282663.681  544  105 474421.679 73704.7359  84.5%   3.5 2562s
 1745648 1582583 303364.657 2281   98 474421.679 73704.7359  84.5%   3.5 2565s
 1749674 1586160 326458.361 4384  109 474421.679 73704.7359  84.5%   3.5 2570s
 1752898 1588657 335363.674  643   85 474421.679 73712.3357  84.5%   3.5 2575s
 1754934 1590622 352550.490 1725   80 474421.679 73712.3357  84.5%   3.5 2585s
 1758152 1593308 362204.705 3398   71 474421.679 73712.3357  84.5%   3.5 2590s
 1760372 1595314 395677.661 4612   70 474421.679 73712.3357  84.5%   3.5 2595s
 1763569 1598252 332860.669  842   86 474421.679 73719.5488  84.5%   3.5 2600s
 1765960 1600327 350522.525 2634   84 474421.679 73719.5488  84.5%   3.5 2608s
 1766875 1601268 363365.616 3136   77 474421.679 73719.5488  84.5%   3.5 2610s
 1769058 1603457 386402.089 4511   69 474421.679 73719.5488  84.5%   3.5 2615s
 1772301 1606521 449094.455 1022   48 474421.679 73723.9941  84.5%   3.5 2620s
 1774928 1608991 317839.135  489  136 474421.679 73727.2038  84.5%   3.5 2625s
 1775452 1609487 237826.501  485  157 474421.679 73727.8602  84.5%   3.5 2633s
 1776925 1610970 316688.310  817   90 474421.679 73727.8602  84.5%   3.5 2635s
 1780248 1614320 336807.875 2977   80 474421.679 73727.8602  84.5%   3.5 2640s
 1784431 1618346 395964.573 4628   87 474421.679 73727.8602  84.5%   3.5 2651s
 1786008 1619861 389713.257  624   66 474421.679 73729.1780  84.5%   3.5 2655s
 1788984 1622501 463235.143  599  131 474421.679 73731.0700  84.5%   3.5 2660s
 1791191 1624408 451765.182  678   74 474421.679 73734.0693  84.5%   3.5 2665s
 1794469 1627568 316536.264 1139   94 474421.679 73735.5974  84.5%   3.5 2675s
 1797967 1631213 326156.271 1800   94 474421.679 73735.5974  84.5%   3.5 2680s
 1801706 1634448 345670.721 2783   83 474421.679 73735.5974  84.5%   3.5 2685s
 1804084 1636520 353128.196 3683   81 474421.679 73735.5974  84.5%   3.5 2690s
 1804542 1637024 355174.660 3856   82 474421.679 73735.5974  84.5%   3.5 2697s
 1805990 1638400 360053.219 4268   88 474421.679 73735.5974  84.5%   3.5 2700s
 1808757 1640905 424402.345 4626  136 474421.679 73740.6991  84.5%   3.5 2705s
 1811102 1643295 334944.027  906  104 474421.679 73743.2524  84.5%   3.5 2710s
 1814502 1646708 349303.046 2429  100 474421.679 73743.2524  84.5%   3.5 2721s
 1816321 1648523 362848.883 2954   93 474421.679 73743.2524  84.5%   3.5 2725s
 1820092 1652192 438492.164 3950   92 474421.679 73743.2524  84.5%   3.5 2730s
 1822172 1654140 214379.750  271  174 474421.679 73747.1185  84.5%   3.5 2735s
 1824573 1655464 327645.577  761  113 474421.679 73749.6718  84.5%   3.5 2740s
 1825287 1656030 339363.095 1157   98 474421.679 73749.6718  84.5%   3.5 2749s
 1825940 1656316 347210.764 1673   98 474421.679 73749.6718  84.5%   3.5 2750s
 1828695 1658063 376473.072 3803   94 474421.679 73749.6718  84.5%   3.5 2755s
 1832013 1660940 460415.064  632  115 474421.679 73753.3276  84.5%   3.5 2760s
 1833773 1662362 362425.248 1088  112 474421.679 73755.6181  84.5%   3.5 2765s
 1836550 1664883 299972.917 1266   93 474421.679 73756.7477  84.5%   3.5 2770s
 1837571 1665637 310333.288 2069   92 474421.679 73756.7477  84.5%   3.5 2779s
 1838145 1666171 317484.732 2484   92 474421.679 73756.7477  84.5%   3.5 2780s
 1840974 1668579 332688.075 4384   89 474421.679 73756.7477  84.5%   3.5 2785s
 1843770 1671146 305786.855  512  127 474421.679 73761.2751  84.5%   3.5 2790s
 1845998 1672810     cutoff  584      474421.679 73762.5107  84.5%   3.5 2795s
 1848562 1675110 471895.218  672  124 474421.679 73763.1671  84.5%   3.5 2800s
 1849053 1675618 465109.645  666  106 474421.679 73764.4848  84.5%   3.5 2806s
 1850058 1676640 296411.832  445  127 474421.679 73764.4848  84.5%   3.5 2810s
H1850433 1676640                    474337.75380 73764.4848  84.4%   3.5 2810s
 1853625 1680053 324598.375  526  109 474337.754 73764.4848  84.4%   3.5 2815s
 1856315 1682595 352175.868 1879   82 474337.754 73764.4848  84.4%   3.5 2820s
 1857230 1683607 354374.541 1937   80 474337.754 73764.4848  84.4%   3.5 2829s
 1857449 1683815 354743.521 1947   82 474337.754 73764.4848  84.4%   3.5 2830s
 1861357 1687392 383835.555 3014   73 474337.754 73764.4848  84.4%   3.5 2835s
H1863284 1688774                    473280.99834 73764.4848  84.4%   3.5 2838s
H1863726 1689279                    473088.68001 73764.4848  84.4%   3.5 2839s
 1864113 1689804 421352.929 4523   74 473088.680 73764.4848  84.4%   3.5 2840s
H1864943 1681496                    471208.33993 73764.4848  84.3%   3.5 2850s
H1865111 1654205                    465677.27116 73764.4848  84.2%   3.5 2850s
H1865351 1654352                    465482.71170 73764.4848  84.2%   3.5 2850s
 1867814 1656253 446504.757  677  124 465482.712 73766.3768  84.2%   3.5 2856s
 1869468 1657025 437117.211  489  128 465482.712 73769.3762  84.2%   3.5 2860s
 1872322 1659228 297540.853  598  121 465482.712 73770.0043  84.2%   3.5 2865s
 1875814 1662489 338468.464 2836   83 465482.712 73770.0043  84.2%   3.5 2870s
 1878067 1664386 351259.022 4323   76 465482.712 73770.0043  84.2%   3.5 2880s
H1879473 1647843                    462500.47663 73770.0043  84.0%   3.5 2884s
 1880165 1648464 372045.922 4648   70 462500.477 73770.0043  84.0%   3.5 2885s
 1883050 1651353 298375.443  272  156 462500.477 73772.9936  84.0%   3.5 2890s
 1885029 1653210 443612.129  319  112 462500.477 73772.9936  84.0%   3.5 2895s
 1887344 1655088 451034.443  592  142 462500.477 73774.1139  84.0%   3.5 2908s
 1887970 1655712 285533.853  540  136 462500.477 73775.3495  84.0%   3.5 2910s
 1890169 1657511     cutoff  749      462500.477 73775.7956  84.0%   3.6 2915s
 1892737 1659836     cutoff  574      462500.477 73777.3236  84.0%   3.6 2920s
 1894518 1661067 457532.748  627  112 462500.477 73778.5592  84.0%   3.6 2925s
 1896025 1662650 318417.552  571  117 462500.477 73779.0053  84.0%   3.6 2937s
 1897536 1664270 335845.508  882   84 462500.477 73779.0053  84.0%   3.6 2940s
 1900898 1667549 354428.803 2567   76 462500.477 73779.0053  84.0%   3.6 2945s
 1906550 1672760 399426.493 4595   70 462500.477 73779.0053  84.0%   3.5 2959s
 1907080 1673299 405349.409 4598   71 462500.477 73779.0053  84.0%   3.5 2960s
 1909406 1675543 401553.779 4599   73 462500.477 73779.2156  84.0%   3.5 2965s
 1912238 1677802 452107.619  585  117 462500.477 73782.2150  84.0%   3.5 2970s
 1914505 1679878 387926.071  537  110 462500.477 73782.2150  84.0%   3.5 2975s
 1916607 1681506 447279.312  586  111 462500.477 73782.2150  84.0%   3.6 2988s
 1917137 1681748 454982.482  598  116 462500.477 73782.2150  84.0%   3.6 2990s
 1919465 1683511     cutoff  521      462500.477 73786.9528  84.0%   3.6 2996s
 1922053 1686169     cutoff  696      462500.477 73788.6344  84.0%   3.6 3000s
 1925440 1689167 402827.589  502  120 462500.477 73790.1625  84.0%   3.6 3005s
 1926792 1690229     cutoff  670      462500.477 73791.2424  84.0%   3.6 3010s
 1929058 1692070     cutoff  391      462500.477 73791.8441  84.0%   3.6 3015s
 1929796 1692775 278644.822  592  125 462500.477 73792.0545  84.0%   3.6 3024s
 1929984 1692913 291669.899  596  121 462500.477 73792.0545  84.0%   3.6 3025s
 1933034 1696060 338979.836 2305   79 462500.477 73792.0545  84.0%   3.6 3030s
 1937235 1699798 376284.445 4660   70 462500.477 73792.0545  84.0%   3.6 3035s
 1939598 1701668 421812.531  553  127 462500.477 73795.2642  84.0%   3.6 3040s
 1941250 1702787 329865.153  523  130 462500.477 73798.2636  84.0%   3.6 3045s
 1942534 1703563 255784.418  523  151 462500.477 73799.7916  84.0%   3.6 3056s
 1944974 1705167 413673.348  600  126 462500.477 73801.0272  84.0%   3.6 3060s
 1946974 1706579 400449.740 1043  103 462500.477 73801.6836  84.0%   3.6 3065s
 1949505 1707792     cutoff  694      462500.477 73804.8933  84.0%   3.6 3070s
 1952069 1710302 377741.003  464  121 462500.477 73807.4467  84.0%   3.6 3075s
 1955153 1713450 435939.737  513  127 462500.477 73807.4467  84.0%   3.6 3085s
 1956845 1714902 416678.183  534  118 462500.477 73807.4467  84.0%   3.6 3090s
 1960163 1717680     cutoff  556      462500.477 73807.4467  84.0%   3.6 3095s
 1961768 1719098 318153.293  598   89 462500.477 73809.4208  84.0%   3.6 3100s
 1964935 1722068 318984.808 1611   87 462500.477 73809.4208  84.0%   3.6 3105s
 1966620 1723508 320911.398 2246   87 462500.477 73809.4208  84.0%   3.6 3116s
 1968139 1724753 343900.087 2788   83 462500.477 73809.4208  84.0%   3.6 3120s
 1971858 1728274 370717.658 3857   76 462500.477 73809.4208  84.0%   3.6 3126s
 1974776 1731436 383936.911 4536   79 462500.477 73809.4208  84.0%   3.6 3130s
 1976625 1733037 398909.365 4551   78 462500.477 73809.4208  84.0%   3.6 3142s
 1978712 1735163 398066.594 4555   77 462500.477 73809.4208  84.0%   3.6 3145s
 1981512 1737142 380697.766  705  107 462500.477 73817.7105  84.0%   3.6 3150s
 1983992 1738850 450819.085  958  105 462500.477 73820.7316  84.0%   3.6 3155s
 1987583 1742132 269228.801  328  155 462500.477 73822.2596  84.0%   3.6 3160s
 1988226 1742718 301178.741  440  116 462500.477 73822.2596  84.0%   3.6 3170s
 1992147 1746357 330584.092 1163  100 462500.477 73822.2596  84.0%   3.6 3176s
 1994670 1749049 339167.966 1857  112 462500.477 73822.2596  84.0%   3.6 3180s
 1997401 1751344 369020.574 2752  104 462500.477 73822.2596  84.0%   3.6 3185s
 1997926 1751730 370023.821 2929  105 462500.477 73822.2596  84.0%   3.6 3195s
H2000228 1753994                    462017.42465 73822.2596  84.0%   3.6 3199s
 2000362 1754166 374562.863 3468  102 462017.425 73822.2596  84.0%   3.6 3200s
H2001324 1754956                    462011.57131 73822.2596  84.0%   3.6 3202s
 2002320 1755806 389165.391 4104  109 462011.571 73822.2596  84.0%   3.6 3205s
 2004411 1757732 435653.094 4396  107 462011.571 73822.2596  84.0%   3.6 3210s
H2004809 1758028                    461976.15088 73822.2596  84.0%   3.6 3211s
 2006589 1759394 418185.036  644  126 461976.151 73828.6790  84.0%   3.6 3215s
 2007535 1760211     cutoff  690      461976.151 73828.6790  84.0%   3.6 3229s
 2007990 1760517 447352.332  703  121 461976.151 73828.6790  84.0%   3.6 3230s
 2011213 1763534     cutoff  527      461976.151 73830.5929  84.0%   3.6 3235s
 2013907 1765981 192444.158  255  185 461976.151 73830.9446  84.0%   3.6 3240s
 2017758 1769156 324263.114  299  160 461976.151 73831.4423  84.0%   3.6 3246s
H2017765 1760080                    461399.31716 73831.4423  84.0%   3.6 3247s
 2019043 1761207 434765.277  346  113 461399.317 73831.4423  84.0%   3.6 3250s
 2019683 1761585 444663.642  373   99 461399.317 73831.4423  84.0%   3.6 3263s
 2020590 1762257 460873.951  389  104 461399.317 73831.4423  84.0%   3.6 3265s
 2022744 1763578 266605.221  515  109 461399.317 73833.4417  84.0%   3.6 3271s
 2024977 1765899 273361.690  947  107 461399.317 73833.4417  84.0%   3.6 3275s
 2028469 1769413 290032.247 1484  115 461399.317 73833.4417  84.0%   3.6 3280s
 2030779 1771625 289330.281 1967  110 461399.317 73833.4417  84.0%   3.6 3293s
 2031799 1772597 294259.423 2282  106 461399.317 73833.4417  84.0%   3.6 3295s
 2034506 1774773 303586.529 3191  103 461399.317 73833.4417  84.0%   3.6 3300s
 2037215 1777167 310936.767 4141   90 461399.317 73833.4417  84.0%   3.6 3305s
 2039216 1778790 332351.490 4398  110 461399.317 73833.4417  84.0%   3.6 3310s
 2041125 1780367 406129.202 4398  137 461399.317 73833.4417  84.0%   3.6 3323s
 2041974 1781176 276339.210  287  163 461399.317 73840.2002  84.0%   3.6 3325s
 2043642 1782301 449082.680  347  100 461399.317 73840.2002  84.0%   3.6 3330s
 2046734 1785294 439057.394  691  110 461399.317 73843.4099  84.0%   3.6 3335s
 2049746 1787604 415652.185  548  122 461399.317 73844.1786  84.0%   3.6 3340s
 2052032 1788920 461074.844  432  140 461399.317 73844.6763  84.0%   3.6 3345s
 2053966 1790482 269049.313  767  113 461399.317 73846.4093  84.0%   3.6 3356s
 2055447 1791743 276081.202 1215  113 461399.317 73846.4093  84.0%   3.6 3360s
 2058175 1794507 285510.815 1817  113 461399.317 73846.4093  84.0%   3.6 3365s
 2062937 1798346 296001.428 2506  113 461399.317 73846.4093  84.0%   3.6 3370s
 2064025 1799528 298643.088 2712  121 461399.317 73846.4093  84.0%   3.6 3382s
 2065640 1801043 303706.989 3066  109 461399.317 73846.4093  84.0%   3.6 3385s
H2067792 1794152                    459382.25940 73846.4093  83.9%   3.6 3388s
 2068820 1795028 306617.230 3957  105 459382.259 73846.4093  83.9%   3.6 3391s
 2070527 1796445 343743.330 4398  114 459382.259 73846.4093  83.9%   3.6 3395s
 2073367 1798737 383248.856  966  107 459382.259 73852.3826  83.9%   3.6 3400s
 2074701 1799224 367400.824  702  128 459382.259 73852.8287  83.9%   3.6 3415s
 2077333 1801156     cutoff  735      459382.259 73857.4127  83.9%   3.6 3420s
 2080058 1803963 322056.256  332  158 459382.259 73857.5665  83.9%   3.6 3425s
H2080722 1804246                    458974.29211 73857.5665  83.9%   3.6 3426s
H2080744 1795149                    456605.67428 73857.5665  83.8%   3.6 3426s
 2082738 1797513 391364.712  393  123 456605.674 73857.5665  83.8%   3.6 3430s
 2085405 1799719 434091.729  447  104 456605.674 73857.5665  83.8%   3.6 3445s
 2087237 1801219     cutoff  398      456605.674 73859.2481  83.8%   3.7 3450s
 2089278 1802948 398891.105  777   61 456605.674 73860.7762  83.8%   3.7 3455s
 2091457 1804552 infeasible  621      456605.674 73861.4906  83.8%   3.7 3460s
 2094629 1807313 271369.672  611  148 456605.674 73862.6682  83.8%   3.7 3465s
 2095465 1808268 299139.761  649  136 456605.674 73862.6682  83.8%   3.7 3478s
 2096702 1809512 323346.016  708  109 456605.674 73862.6682  83.8%   3.7 3480s
 2099781 1812295 359189.319 2397   87 456605.674 73862.6682  83.8%   3.7 3485s
 2102498 1815304 375132.887 3898   70 456605.674 73862.6682  83.8%   3.7 3490s
 2104432 1817043 394051.117 4704   80 456605.674 73862.6682  83.8%   3.7 3504s
 2104879 1817325 440818.130 4704  125 456605.674 73862.6682  83.8%   3.7 3506s
 2106397 1818746 412362.778 4706  107 456605.674 73862.6682  83.8%   3.7 3510s
 2108573 1820390 444683.189 4706  122 456605.674 73865.8459  83.8%   3.7 3515s
 2109945 1821060 451167.843  537  133 456605.674 73865.8459  83.8%   3.7 3520s
 2111643 1821923 448828.146  803  100 456605.674 73868.8772  83.8%   3.7 3525s
 2113863 1824117 290484.324  602  122 456605.674 73871.6409  83.8%   3.7 3530s
 2116161 1826543 318929.576  875  113 456605.674 73871.6409  83.8%   3.7 3535s
 2117003 1827284 328033.504 1167  104 456605.674 73871.6409  83.8%   3.7 3545s
 2120672 1830865 359283.550 3068   97 456605.674 73871.6409  83.8%   3.7 3550s
 2124585 1834636 392223.724 4593   95 456605.674 73871.6409  83.8%   3.7 3555s
 2126357 1836199 388889.712 4591   99 456605.674 73871.6409  83.8%   3.7 3560s
 2128496 1837564 454098.541  687  134 456605.674 73874.8506  83.8%   3.7 3565s
 2129949 1838241     cutoff  833      456605.674 73876.8247  83.8%   3.7 3581s
 2131249 1838868 450995.953  719  108 456605.674 73878.7167  83.8%   3.7 3585s
 2133447 1839668 453824.626  592  143 456605.674 73883.0262  83.8%   3.7 3590s
 2136156 1842165     cutoff 1306      456605.674 73884.9258  83.8%   3.7 3595s
 2140403 1845875 456108.394  636  116 456605.674 73888.1355  83.8%   3.7 3600s

Cutting planes:
  RLT: 85

Explored 2140550 nodes (7879696 simplex iterations) in 3600.03 seconds (1767.25 work units)
Thread count was 2 (of 24 available processors)

Solution count 10: 456606 458974 459382 ... 465677

Time limit reached
Best objective 4.566056742764e+05, best bound 7.388813551860e+04, gap 83.8180%
