
Gurobi 11.0.3 (linux64, Java) logging started ter 17 dez 2024 10:07:35 -03

Set parameter Username
Academic license - for non-commercial use only - expires 2025-10-10
Set parameter NonConvex to value 2
Set parameter TimeLimit to value 3600
Set parameter LogToConsole to value 0
Set parameter MIPGap to value 4.4613657861950539e-09
Set parameter Threads to value 2
Set parameter NodefileDir to value "/home/ps12398/experiment_epec/goalProgrammingMarcos/"
Set parameter NodefileStart to value 1
Gurobi Optimizer version 11.0.3 build v11.0.3rc0 (linux64)

CPU model: Intel(R) Xeon(R) CPU           X5650  @ 2.67GHz, instruction set [SSE2]
Thread count: 12 physical cores, 24 logical processors, using up to 2 threads

Optimize a model with 1240340 rows, 833994 columns and 9386876 nonzeros
Model fingerprint: 0x3e43b6b5
Model has 650 quadratic constraints
Variable types: 416676 continuous, 417318 integer (645 binary)
Coefficient statistics:
  Matrix range     [2e-03, 6e+07]
  QMatrix range    [2e-03, 1e+06]
  QLMatrix range   [1e+00, 1e+06]
  Objective range  [1e+00, 4e+08]
  Bounds range     [1e+00, 2e+08]
  RHS range        [1e+00, 4e+07]
  QRHS range       [2e-01, 2e-01]
Presolve removed 822726 rows and 408952 columns (presolve time = 5s) ...
Presolve removed 1236139 rows and 828700 columns
Presolve time: 8.55s
Presolved: 6789 rows, 6090 columns, 1765074 nonzeros
Presolved model has 2 SOS constraint(s)
Presolved model has 645 bilinear constraint(s)

Solving non-convex MIQCP

Variable types: 2100 continuous, 3990 integer (647 binary)
Found heuristic solution: objective 7778302.0333

Root simplex log...

Iteration    Objective       Primal Inf.    Dual Inf.      Time
       0    0.0000000e+00   1.674550e+04   0.000000e+00     16s
     377    0.0000000e+00   0.000000e+00   0.000000e+00     16s

Root relaxation: objective 0.000000e+00, 377 iterations, 0.61 seconds (0.09 work units)

    Nodes    |    Current Node    |     Objective Bounds      |     Work
 Expl Unexpl |  Obj  Depth IntInf | Incumbent    BestBd   Gap | It/Node Time

     0     0    0.00000    0  645 7778302.03    0.00000   100%     -   16s
H    0     0                       0.0000000    0.00000  0.00%     -   16s
     0     0    0.00000    0  645    0.00000    0.00000  0.00%     -   16s

Explored 1 nodes (377 simplex iterations) in 17.16 seconds (4.35 work units)
Thread count was 2 (of 24 available processors)

Solution count 2: 0 7.7783e+06 

Optimal solution found (tolerance 4.46e-09)
Best objective 0.000000000000e+00, best bound 0.000000000000e+00, gap 0.0000%
