
Gurobi 11.0.3 (linux64, Java) logging started seg 16 dez 2024 21:41:17 -03

Set parameter Username
Academic license - for non-commercial use only - expires 2025-10-10
Set parameter NonConvex to value 2
Set parameter TimeLimit to value 3600
Set parameter LogToConsole to value 0
Set parameter MIPGap to value 4.4613657861950539e-09
Set parameter Threads to value 2
Set parameter NodefileDir to value "/home/ps12398/experiment_epec/goalProgrammingMarcos/"
Set parameter NodefileStart to value 1
Gurobi Optimizer version 11.0.3 build v11.0.3rc0 (linux64)

CPU model: Intel(R) Xeon(R) CPU           X5650  @ 2.67GHz, instruction set [SSE2]
Thread count: 12 physical cores, 24 logical processors, using up to 2 threads

Optimize a model with 1240340 rows, 833994 columns and 9386876 nonzeros
Model fingerprint: 0xa109f338
Model has 650 quadratic constraints
Variable types: 416676 continuous, 417318 integer (645 binary)
Coefficient statistics:
  Matrix range     [2e-03, 6e+07]
  QMatrix range    [2e-03, 1e+06]
  QLMatrix range   [1e+00, 1e+06]
  Objective range  [1e+00, 4e+08]
  Bounds range     [1e+00, 2e+08]
  RHS range        [1e+00, 3e+06]
  QRHS range       [2e-01, 2e-01]
Presolve removed 2 rows and 3 columns (presolve time = 5s) ...
Presolve removed 1236142 rows and 828702 columns (presolve time = 10s) ...
Presolve removed 1236139 rows and 828700 columns
Presolve time: 10.39s
Presolved: 6789 rows, 6090 columns, 1765074 nonzeros
Presolved model has 2 SOS constraint(s)
Presolved model has 645 bilinear constraint(s)

Solving non-convex MIQCP

Variable types: 2100 continuous, 3990 integer (647 binary)
Found heuristic solution: objective 1.555666e+07

Root simplex log...

Iteration    Objective       Primal Inf.    Dual Inf.      Time
       0    0.0000000e+00   3.340720e+04   0.000000e+00     15s
     703    4.3548711e+06   0.000000e+00   0.000000e+00     15s

Root relaxation: objective 4.354871e+06, 703 iterations, 0.41 seconds (0.16 work units)

    Nodes    |    Current Node    |     Objective Bounds      |     Work
 Expl Unexpl |  Obj  Depth IntInf | Incumbent    BestBd   Gap | It/Node Time

     0     0 4354871.06    0  645 1.5557e+07 4354871.06  72.0%     -   15s
     0     0 4358387.14    0  691 1.5557e+07 4358387.14  72.0%     -   18s
     0     0 4359388.60    0  692 1.5557e+07 4359388.60  72.0%     -   32s
     0     0 4359552.19    0  693 1.5557e+07 4359552.19  72.0%     -   37s
     0     0 4359599.93    0  692 1.5557e+07 4359599.93  72.0%     -   38s
     0     0 4359640.01    0  693 1.5557e+07 4359640.01  72.0%     -   39s
     0     0 4359680.20    0  693 1.5557e+07 4359680.20  72.0%     -   40s
     0     0 4359720.36    0  693 1.5557e+07 4359720.36  72.0%     -   41s
     0     0 4359760.48    0  693 1.5557e+07 4359760.48  72.0%     -   42s
     0     0 4359800.57    0  693 1.5557e+07 4359800.57  72.0%     -   43s
     0     0 4359840.62    0  693 1.5557e+07 4359840.62  72.0%     -   44s
     0     0 4359880.84    0  694 1.5557e+07 4359880.84  72.0%     -   44s
     0     0 4359927.49    0  693 1.5557e+07 4359927.49  72.0%     -   45s
     0     0 4359968.33    0  694 1.5557e+07 4359968.33  72.0%     -   46s
     0     0 4360014.74    0  694 1.5557e+07 4360014.74  72.0%     -   47s
     0     0 4360067.77    0  695 1.5557e+07 4360067.77  72.0%     -   48s
     0     0 4360155.76    0  694 1.5557e+07 4360155.76  72.0%     -   48s
     0     0 4360197.46    0  694 1.5557e+07 4360197.46  72.0%     -   49s
     0     0 4360239.33    0  695 1.5557e+07 4360239.33  72.0%     -   50s
     0     0 4360281.18    0  695 1.5557e+07 4360281.18  72.0%     -   51s
     0     0 4360322.99    0  695 1.5557e+07 4360322.99  72.0%     -   51s
     0     0 4360364.76    0  695 1.5557e+07 4360364.76  72.0%     -   52s
     0     0 4360406.50    0  695 1.5557e+07 4360406.50  72.0%     -   53s
     0     0 4360448.20    0  695 1.5557e+07 4360448.20  72.0%     -   54s
     0     0 4360490.51    0  696 1.5557e+07 4360490.51  72.0%     -   55s
     0     0 4360540.23    0  696 1.5557e+07 4360540.23  72.0%     -   56s
     0     0 4360583.45    0  696 1.5557e+07 4360583.45  72.0%     -   57s
     0     0 4360626.62    0  696 1.5557e+07 4360626.62  72.0%     -   58s
     0     0 4360669.77    0  696 1.5557e+07 4360669.77  72.0%     -   59s
     0     0 4360712.87    0  696 1.5557e+07 4360712.87  72.0%     -   59s
     0     0 4360755.96    0  697 1.5557e+07 4360755.96  72.0%     -   60s
     0     0 4360799.36    0  697 1.5557e+07 4360799.36  72.0%     -   60s
     0     0 4360842.69    0  697 1.5557e+07 4360842.69  72.0%     -   61s
     0     0 4360885.93    0  697 1.5557e+07 4360885.93  72.0%     -   61s
     0     0 4360929.12    0  698 1.5557e+07 4360929.12  72.0%     -   61s
     0     0 4360972.35    0  698 1.5557e+07 4360972.35  72.0%     -   62s
     0     0 4361015.55    0  698 1.5557e+07 4361015.55  72.0%     -   62s
     0     0 4361024.24    0  700 1.5557e+07 4361024.24  72.0%     -   63s
     0     0 4361024.25    0  700 1.5557e+07 4361024.25  72.0%     -   67s
     0     2 4361024.25    0  700 1.5557e+07 4361024.25  72.0%     -   73s
     5     8 4361027.49    3  698 1.5557e+07 4361026.79  72.0%   1.2   75s
    33    58 4361036.69   15  682 1.5557e+07 4361026.79  72.0%   1.6   82s
    57   106 4361039.34   24  677 1.5557e+07 4361026.79  72.0%   1.5   88s
H   84   106                    1.555662e+07 4361026.79  72.0%   1.4   89s
   105   248 4361042.22   47  669 1.5557e+07 4361026.79  72.0%   1.4   99s
H  247   274                    1.555662e+07 4361026.79  72.0%   1.4  120s
   273   453 4361044.84  139  663 1.5557e+07 4361026.79  72.0%   1.5  133s
   452   578 4361047.06  209  661 1.5557e+07 4361026.79  72.0%   1.5  145s
H  511   578                    1.555660e+07 4361026.79  72.0%   1.6  145s
   577   742 4361049.52  257  661 1.5557e+07 4361026.79  72.0%   1.6  152s
H  698   742                    1.555657e+07 4361026.79  72.0%   1.5  153s
H  741   778                    1.555650e+07 4361026.79  72.0%   1.5  163s
   777   912 4361051.62  378  660 1.5557e+07 4361026.79  72.0%   1.6  172s
   911  1146 4361052.40  473  661 1.5557e+07 4361026.79  72.0%   1.6  181s
  1145  1284 4361054.67  643  661 1.5557e+07 4361026.79  72.0%   1.7  192s
  1283  1382 4361062.91  725  652 1.5557e+07 4361026.79  72.0%   1.8  486s
  1381  1407 4361067.50  786  653 1.5557e+07 4361026.79  72.0%   1.9  496s
  1406  1524 4361069.18  805  647 1.5557e+07 4361026.79  72.0%   1.9  513s
  1523  1625 4361079.92  854  647 1.5557e+07 4361026.79  72.0%   2.1  524s
  1624  1754 4361111.18  903  647 1.5557e+07 4361026.79  72.0%   2.5  545s
  1755  1756 4361160.03  967  647 1.5557e+07 4361026.79  72.0%   2.8  559s
  1757  1922 4361159.96  967  647 1.5557e+07 4361026.79  72.0%   2.9  592s
  1923  2032 4361239.07 1012  645 1.5557e+07 4361026.79  72.0%   3.0  626s
H 2032  2032                    1.406605e+07 4361026.79  69.0%   3.3  626s
  2033  2111 4361531.84 1040  648 1.4066e+07 4361026.79  69.0%   3.3  643s
  2116  2214 4361640.29 1063  647 1.4066e+07 4361026.79  69.0%   3.7  664s
H 2179  2214                    1.225353e+07 4361026.79  64.4%   4.0  664s
  2221  2327 4362101.20 1108  644 1.2254e+07 4361026.79  64.4%   4.2  682s
  2336  2431 4362443.02 1143  644 1.2254e+07 4361026.79  64.4%   4.5  705s
H 2440  2616                    9396203.9765 4361026.79  53.6%   5.7  748s
H 2625  2775                    8659104.0636 4361026.79  49.6%   8.9  767s
H 2690  2775                    7388827.5468 4361026.79  41.0%   9.5  767s
  2786  3010 4362998.35 1286  646 7388827.55 4361026.79  41.0%   9.4  795s
  3023  3218 4363809.92 1369  645 7388827.55 4361026.79  41.0%   9.1  812s
  3231  3513 4363946.84 1472  644 7388827.55 4361026.79  41.0%   8.9  837s
H 3526  3657                    6815410.8897 4361026.79  36.0%   8.5  860s
  3671  3658 4361934.63 1093  871 6815410.89 4361026.79  36.0%   8.6  908s
H 3672  3476                    6693823.9705 4361026.79  34.8%   8.6  919s
  3673  3476 4364754.88 1126   33 6693823.97 4361026.79  34.8%   8.6  921s
  3674  3477 4364277.92 1593   57 6693823.97 4361403.22  34.8%   8.6  925s
  3676  3478 4361622.36  265   60 6693823.97 4361622.36  34.8%   8.6  933s
  3677  3479 4379137.16 1169   60 6693823.97 4361679.33  34.8%   8.6  938s
  3678  3480 4363855.17 1389   61 6693823.97 4361731.57  34.8%   8.6  940s
  3680  3481 4364604.17 1233   61 6693823.97 4361784.01  34.8%   8.6  947s
  3681  3482 4363848.41 1381   62 6693823.97 4361835.83  34.8%   8.6  950s
  3682  3482 4363961.26  868   62 6693823.97 4361922.91  34.8%   8.6  955s
  3684  3484 4362025.27  833   63 6693823.97 4362025.27  34.8%   8.5  962s
H 3684  3309                    6619673.8932 4362076.47  34.1%   8.5  964s
  3685  3309 4362076.47   75   63 6619673.89 4362076.47  34.1%   8.5  965s
  3687  3311 4362179.55  524   64 6619673.89 4362179.55  34.1%   8.5  972s
  3688  3311 4362231.62  210   64 6619673.89 4362231.62  34.1%   8.5  975s
  3690  3313 4363729.77  824   64 6619673.89 4362335.87  34.1%   8.5  983s
  3691  3313 4363509.12  773   64 6619673.89 4362387.71  34.1%   8.5  988s
  3692  3314 4362441.12  293   65 6619673.89 4362441.12  34.1%   8.5  992s
  3693  3315 4362494.64  513   65 6619673.89 4362494.64  34.1%   8.5  997s
  3694  3315 4362547.42   57   65 6619673.89 4362547.42  34.1%   8.5 1000s
  3696  3317 4362652.50  491   66 6619673.89 4362652.50  34.1%   8.5 1005s
  3701  3320 4364279.25 1594   68 6619673.89 4362810.24  34.1%   8.5 1011s
  3703  3321 4363842.88 1375   68 6619673.89 4362970.81  34.1%   8.5 1017s
  3704  3322 4363025.46  328   69 6619673.89 4363025.46  34.1%   8.5 1020s
  3707  3324 4364342.09 1223   69 6619673.89 4363187.09  34.1%   8.5 1027s
  3709  3325 4377084.51  548   70 6619673.89 4363300.22  34.1%   8.5 1031s
  3711  3327 4363412.83  350   71 6619673.89 4363412.83  34.1%   8.5 1035s
  3713  3328 4363735.12  846   73 6619673.89 4363569.84  34.1%   8.5 1040s
  3716  3330 4363727.22  285   75 6619673.89 4363727.22  34.1%   8.5 1046s
  3719  3332 4363836.15 1035   75 6619673.89 4363836.15  34.1%   8.5 1051s
  3720  3333 4363870.87  579   77 6619673.89 4363870.87  34.1%   8.5 1055s
  3723  3335 4363979.89  614   78 6619673.89 4363979.89  34.1%   8.5 1061s
  3724  3335 4363987.42  524   80 6619673.89 4363987.42  34.1%   8.5 1065s
  3726  3337 4364095.06  734   80 6619673.89 4364095.06  34.1%   8.4 1073s
  3728  3338 4364109.27   18   84 6619673.89 4364109.27  34.1%   8.4 1075s
  3729  3339 4364164.12  617   84 6619673.89 4364164.12  34.1%   8.4 1080s
  3731  3340 4364271.34   55   83 6619673.89 4364271.34  34.1%   8.4 1089s
  3732  3341 4364326.57  481   85 6619673.89 4364326.57  34.1%   8.4 1093s
  3733  3341 4364844.60 1264   83 6619673.89 4364381.45  34.1%   8.4 1102s
  3734  3342 4364435.85  162   83 6619673.89 4364435.85  34.1%   8.4 1105s
  3736  3343 4364897.16 1343   85 6619673.89 4364501.11  34.1%   8.4 1111s
  3737  3344 4364557.15  115   87 6619673.89 4364557.15  34.1%   8.4 1117s
  3738  3345 4364613.11  470   86 6619673.89 4364613.11  34.1%   8.4 1124s
  3739  3345 4364665.98  597   86 6619673.89 4364665.98  34.1%   8.4 1130s
  3740  3346 4364721.80   65   88 6619673.89 4364721.80  34.1%   8.4 1137s
  3741  3347 4364777.20  253   86 6619673.89 4364777.20  34.1%   8.4 1146s
  3743  3348 4364897.54  623   88 6619673.89 4364897.54  34.1%   8.4 1155s
  3745  3349 4365070.27  172   89 6619673.89 4365070.27  34.1%   8.4 1165s
  3747  3351 4365174.37  137   90 6619673.89 4365174.37  34.1%   8.4 1172s
  3749  3352 4365241.59 1472   89 6619673.89 4365241.59  34.1%   8.4 1178s
  3750  3353 4365292.50 1344   89 6619673.89 4365292.50  34.1%   8.4 1184s
  3751  3353 4365409.30   10   88 6619673.89 4365409.30  34.1%   8.4 1187s
  3752  3354 4365462.62  195   90 6619673.89 4365462.62  34.1%   8.4 1191s
  3754  3355 4365576.31  860   89 6619673.89 4365576.31  34.1%   8.4 1195s
  3758  3358 4365742.14 1286   89 6619673.89 4365742.14  34.0%   8.4 1201s
  3760  3359 4365798.22 1156   91 6619673.89 4365798.22  34.0%   8.4 1205s
  3762  3361 4365907.46 1379   90 6619673.89 4365907.46  34.0%   8.4 1210s
  3765  3363 4366043.70  592   91 6619673.89 4366043.70  34.0%   8.4 1218s
  3766  3363 4366099.55 1386   91 6619673.89 4366099.55  34.0%   8.4 1221s
  3768  3365 4366151.51  659   92 6619673.89 4366151.51  34.0%   8.4 1225s
  3770  3366 4366260.29 1591   92 6619673.89 4366260.29  34.0%   8.4 1230s
  3773  3368 4366369.27 1126   94 6619673.89 4366369.27  34.0%   8.3 1236s
H 3774  3199                    6619673.8914 4366425.93  34.0%   8.3 1243s
  3779  3203 4366425.94 1298  871 6619673.89 4366425.94  34.0%   8.7 1253s
  3781  3204 4366425.94 1381   35 6619673.89 4366425.94  34.0%   8.7 1264s
  3782  3205 4366425.94  868   89 6619673.89 4366425.94  34.0%   8.7 1274s
  3783  3206 4366426.39  580   94 6619673.89 4366426.39  34.0%   8.7 1281s
  3784  3206 4366431.22  833   96 6619673.89 4366431.22  34.0%   8.7 1290s
  3785  3207 4366434.25   75   98 6619673.89 4366434.25  34.0%   8.7 1300s
  3786  3208 4366485.37   59   94 6619673.89 4366485.37  34.0%   8.7 1308s
  3787  3208 4366486.42  524   97 6619673.89 4366486.42  34.0%   8.7 1313s
  3788  3209 4366486.42  210   99 6619673.89 4366486.42  34.0%   8.7 1319s
  3789  3210 4366542.37  818   96 6619673.89 4366542.37  34.0%   8.7 1322s
  3791  3211 4366595.62  773   95 6619673.89 4366595.62  34.0%   8.7 1327s
  3793  3212 4366648.66  513   97 6619673.89 4366648.66  34.0%   8.7 1331s
  3795  3214 4366694.96  994   97 6619673.89 4366694.96  34.0%   8.7 1335s
  3798  3216 4366748.39  317   97 6619673.89 4366748.39  34.0%   8.7 1341s
  3799  3216 4366748.63 1577   99 6619673.89 4366748.63  34.0%   8.7 1345s
  3801  3218 4366799.81 1594   99 6619673.89 4366799.81  34.0%   8.6 1352s
  3803  3219 4366849.98 1375   99 6619673.89 4366849.98  34.0%   8.6 1356s
  3805  3220 4366900.77  840   99 6619673.89 4366900.77  34.0%   8.6 1360s
  3808  3222 4367001.05 1201   96 6619673.89 4367001.05  34.0%   8.6 1367s
  3811  3224 4367051.95  350   99 6619673.89 4367051.95  34.0%   8.6 1370s
  3814  3226 4367151.49  330   97 6619673.89 4367151.49  34.0%   8.6 1376s
  3816  3228 4367201.64  285   97 6619673.89 4367201.64  34.0%   8.6 1380s
  3820  3230 4367302.11  579   99 6619673.89 4367302.11  34.0%   8.6 1385s
  3824  3233 4367401.54  524   97 6619673.89 4367401.54  34.0%   8.6 1391s
  3828  3236 4367502.97   18   99 6619673.89 4367502.97  34.0%   8.6 1397s
  3831  3238 4367553.22   55  100 6619673.89 4367553.22  34.0%   8.6 1400s
  3834  3240 4367656.25  162   99 6619673.89 4367656.25  34.0%   8.6 1405s
  3839  3243 4367759.64  597   98 6619673.89 4367759.64  34.0%   8.6 1410s
  3843  3246 4367861.76  623   99 6619673.89 4367861.76  34.0%   8.6 1416s
  3847  3248 4367964.92  137   99 6619673.89 4367964.92  34.0%   8.5 1420s
  3851  3251 4368068.46   10   99 6619673.89 4368068.46  34.0%   8.5 1426s
  3855  3254 4368170.76  642   99 6619673.89 4368170.76  34.0%   8.5 1431s
  3858  3256 4368222.94 1286  102 6619673.89 4368222.94  34.0%   8.5 1435s
  3860  3257 4368273.46 1156  103 6619673.89 4368273.46  34.0%   8.5 1441s
  3862  3258 4368325.70 1379  102 6619673.89 4368325.70  34.0%   8.5 1445s
  3863  3259 4368376.44  569  100 6619673.89 4368376.44  34.0%   8.5 1450s
  3867  3262 4368479.29  403  100 6619673.89 4368479.29  34.0%   8.5 1455s
  3871  3264 4368582.58 1093  101 6619673.89 4368582.58  34.0%   8.5 1460s
  3875  3267 4368684.66 1226  101 6619673.89 4368684.66  34.0%   8.5 1465s
  3879  3270 4368786.51 1298  101 6619673.89 4368786.51  34.0%   8.5 1470s
  3883  3272 4368888.06  580  101 6619673.89 4368888.06  34.0%   8.5 1477s
  3886  3274 4368939.23   59  104 6619673.89 4368939.23  34.0%   8.5 1480s
  3891  3278 4369092.01  773  102 6619673.89 4369092.01  34.0%   8.4 1485s
  3895  3280 4369193.36  994  102 6619673.89 4369193.36  34.0%   8.4 1490s
  3899  3283 4369294.75 1577  102 6619673.89 4369294.75  34.0%   8.4 1495s
  3903  3286 4369396.95 1375  103 6619673.89 4369396.95  34.0%   8.4 1500s
  3907  3288 4369501.64 1223  105 6619673.89 4369501.64  34.0%   8.4 1506s
  3911  3291 4369604.67  350  104 6619673.89 4369604.67  34.0%   8.4 1513s
  3913  3292 4369657.24  846  105 6619673.89 4369657.24  34.0%   8.4 1515s
  3919  3296 4369808.05 1035  100 6619673.89 4369808.05  34.0%   8.4 1521s
  3921  3298 4381262.81  546  106 6619673.89 4369808.31  34.0%   8.4 1525s
  3925  3300 4369909.42  444  106 6619673.89 4369909.42  34.0%   8.4 1530s
  3929  3303 4370010.00  617  101 6619673.89 4370010.00  34.0%   8.4 1536s
  3931  3304 4370061.39   55  101 6619673.89 4370061.39  34.0%   8.4 1540s
  3934  3306 4370111.95  162  106 6619673.89 4370111.95  34.0%   8.4 1545s
  3935  3307 4370162.21 1355  101 6619673.89 4370162.21  34.0%   8.4 1550s
  3937  3308 4370213.26  115  103 6619673.89 4370213.26  34.0%   8.3 1556s
  3939  3310 4370264.53  597  101 6619673.89 4370264.53  34.0%   8.3 1564s
  3940  3310 4370264.62   65  107 6619673.89 4370264.62  34.0%   8.3 1565s
  3941  3311 4370314.08  253  102 6619673.89 4370314.08  34.0%   8.3 1570s
  3944  3313 4370365.67 1106  109 6619673.89 4370365.67  34.0%   8.3 1575s
  3947  3315 4370467.76  137  106 6619673.89 4370467.76  34.0%   8.3 1583s
  3949  3316 4370517.45 1472  105 6619673.89 4370517.45  34.0%   8.3 1586s
  3952  3318 4370568.76  195  108 6619673.89 4370568.76  34.0%   8.3 1590s
  3956  3321 4370671.07  478  104 6619673.89 4370671.07  34.0%   8.3 1597s
  3959  3323 4370720.21  599  111 6619673.89 4370720.21  34.0%   8.3 1600s
  3962  3325 4370822.08 1379  107 6619673.89 4370822.08  34.0%   8.3 1605s
  3968  3329 4370975.73  659  107 6619673.89 4370975.73  34.0%   8.3 1611s
  3972  3333 4371027.80  120  871 6619673.89 4371027.80  34.0%   8.8 1625s
  3974  3334 4371027.80 1593   35 6619673.89 4371027.80  34.0%   8.8 1636s
  3975  3335 4371027.80 1226   86 6619673.89 4371027.80  34.0%   8.8 1644s
  3976  3336 4371027.80  265  104 6619673.89 4371027.80  34.0%   8.8 1651s
  3977  3336 4379137.16 1169  106 6619673.89 4371106.07  34.0%   8.8 1655s
  3978  3337 4371106.35 1389  106 6619673.89 4371106.35  34.0%   8.8 1660s
  3979  3338 4371107.28 1298  108 6619673.89 4371107.28  34.0%   8.8 1667s
  3980  3338 4371107.28 1233  110 6619673.89 4371107.28  34.0%   8.8 1671s
  3982  3340 4371158.98  868  107 6619673.89 4371158.98  34.0%   8.8 1676s
  3983  3340 4371158.98  580  107 6619673.89 4371158.98  34.0%   8.8 1680s
  3985  3342 4371158.98   75  111 6619673.89 4371158.98  34.0%   8.8 1686s
  3987  3343 4371207.90  524  109 6619673.89 4371207.90  34.0%   8.8 1690s
  3988  3344 4371208.03  210  111 6619673.89 4371208.03  34.0%   8.8 1696s
  3989  3344 4371259.30  818  105 6619673.89 4371259.30  34.0%   8.8 1700s
  3991  3346 4371259.88  773  111 6619673.89 4371259.88  34.0%   8.8 1710s
  3994  3348 4371360.70   57  105 6619673.89 4371360.70  34.0%   8.8 1718s
  3995  3348 4371360.73  994  111 6619673.89 4371360.73  34.0%   8.8 1721s
  3996  3349 4371410.82  491  106 6619673.89 4371410.82  34.0%   8.8 1727s
  3998  3350 4371462.72  317  106 6619673.89 4371462.72  34.0%   8.8 1735s
  4000  3352 4371511.11  873  109 6619673.89 4371511.11  34.0%   8.8 1741s
  4002  3353 4371563.07  857  107 6619673.89 4371563.07  34.0%   8.8 1747s
  4005  3355 4371612.96  840  113 6619673.89 4371612.96  34.0%   8.8 1750s
  4008  3357 4371713.95 1201  107 6619673.89 4371713.95  34.0%   8.8 1755s
  4011  3359 4371765.91  350  109 6619673.89 4371765.91  34.0%   8.8 1761s
  4014  3361 4371817.99  330  115 6619673.89 4371817.99  34.0%   8.8 1765s
  4018  3364 4371913.21   78  115 6619673.89 4371913.21  34.0%   8.7 1770s
  4021  3366 4381262.81  546  111 6619673.89 4372013.54  34.0%   8.7 1776s
  4024  3368 4372063.93  524  117 6619673.89 4372063.93  34.0%   8.7 1780s
H 4024  3198                    5218383.1318 4372114.31  16.2%   8.7 1786s
  4027  3200 4372165.41  769  113 5218383.13 4372165.41  16.2%   8.7 1790s
  4030  3202 4372217.14  505  119 5218383.13 4372217.14  16.2%   8.7 1795s
  4033  3204 4372317.89 1264  118 5218383.13 4372317.89  16.2%   8.7 1800s
  4036  3206 4372436.99 1343  118 5218383.13 4372436.99  16.2%   8.7 1805s
  4040  3208 4372494.33   65  118 5218383.13 4372494.33  16.2%   8.7 1812s
  4042  3210 4372544.66 1373  116 5218383.13 4372544.66  16.2%   8.7 1816s
  4044  3211 4372608.48 1106  120 5218383.13 4372608.48  16.2%   8.7 1822s
  4045  3212 4372666.81  172  116 5218383.13 4372666.81  16.2%   8.7 1825s
  4048  3214 4372723.15 1133  118 5218383.13 4372723.15  16.2%   8.7 1831s
  4050  3215 4372725.02 1344  118 5218383.13 4372725.02  16.2%   8.7 1835s
  4051  3216 4372779.84   10  114 5218383.13 4372779.84  16.2%   8.7 1841s
  4053  3217 4372831.42 1322  113 5218383.13 4372831.42  16.2%   8.7 1845s
  4056  3219 4372898.99  478  120 5218383.13 4372898.99  16.2%   8.7 1850s
  4059  3221 4373007.86  599  114 5218383.13 4373007.86  16.2%   8.7 1857s
  4061  3222 4373062.49 1657  116 5218383.13 4373062.49  16.2%   8.7 1860s
  4063  3224 4373129.99  569  118 5218383.13 4373129.99  16.2%   8.7 1868s
  4065  3225 4373191.73  592  117 5218383.13 4373191.73  16.2%   8.6 1872s
  4067  3226 4373194.07  403  121 5218383.13 4373194.07  16.2%   8.6 1878s
  4068  3227 4373254.45  659  117 5218383.13 4373254.45  16.2%   8.6 1881s
  4072  3230 4373379.28  120  115 5218383.13 4373379.28  16.2%   8.6 1886s
  4076  3232 4373440.01  265  119 5218383.13 4373440.01  16.2%   8.6 1893s
  4081  3237 4373440.19 1381  871 5218383.13 4373440.19  16.2%   9.1 1903s
  4083  3238 4373440.19  580   34 5218383.13 4373440.19  16.2%   9.1 1912s
  4084  3239 4373440.19  833   79 5218383.13 4373440.19  16.2%   9.1 1917s
  4085  3240 4373440.19   75  113 5218383.13 4373440.19  16.2%   9.1 1921s
  4087  3241 4373502.63  524  117 5218383.13 4373502.63  16.2%   9.1 1925s
  4088  3242 4373503.77  210  119 5218383.13 4373503.77  16.2%   9.1 1931s
  4090  3243 4373563.21  824  119 5218383.13 4373563.21  16.2%   9.1 1936s
  4091  3244 4373563.79  773  121 5218383.13 4373563.79  16.2%   9.1 1941s
  4093  3245 4373624.65  513  115 5218383.13 4373624.65  16.2%   9.1 1946s
  4094  3246 4373624.89   57  119 5218383.13 4373624.89  16.2%   9.1 1950s
  4096  3247 4373682.95  491  119 5218383.13 4373682.95  16.2%   9.1 1958s
  4097  3248 4373683.95 1008  117 5218383.13 4373683.95  16.2%   9.1 1960s
  4099  3249 4373743.98 1577  114 5218383.13 4373743.98  16.2%   9.1 1966s
  4101  3250 4373799.04 1594  115 5218383.13 4373799.04  16.2%   9.1 1970s
  4103  3252 4373859.48 1375  116 5218383.13 4373859.48  16.2%   9.1 1975s
  4106  3254 4373921.23  375  119 5218383.13 4373921.23  16.2%   9.1 1981s
  4107  3254 4373921.58 1223  121 5218383.13 4373921.58  16.2%   9.1 1986s
  4109  3256 4377084.51  548  119 5218383.13 4373981.56  16.2%   9.1 1991s
  4110  3256 4373982.37  536  119 5218383.13 4373982.37  16.2%   9.1 1995s
  4114  3259 4374039.68  330  121 5218383.13 4374039.68  16.2%   9.1 2003s
  4115  3260 4374096.01  600  116 5218383.13 4374096.01  16.2%   9.1 2005s
  4118  3262 4374155.36   78  117 5218383.13 4374155.36  16.2%   9.0 2012s
  4121  3264 4381262.81  546  123 5218383.13 4374213.18  16.2%   9.0 2015s
  4124  3266 4374333.86  524  118 5218383.13 4374333.86  16.2%   9.0 2020s
  4128  3268 4374393.09   18  122 5218383.13 4374393.09  16.2%   9.0 2028s
  4129  3269 4374453.61  617  116 5218383.13 4374453.61  16.2%   9.0 2030s
  4132  3271 4374513.06  481  120 5218383.13 4374513.06  16.2%   9.0 2035s
  4136  3274 4374634.49 1343  125 5218383.13 4374634.49  16.2%   9.0 2041s
  4139  3276 4374695.13  597  123 5218383.13 4374695.13  16.2%   9.0 2046s
  4142  3278 4374755.25 1373  119 5218383.13 4374755.25  16.2%   9.0 2052s
  4144  3279 4374812.46 1106  123 5218383.13 4374812.46  16.2%   9.0 2060s
  4148  3282 4374872.11 1133  123 5218383.13 4374872.11  16.2%   9.0 2070s
  4152  3284 4374995.13  195  124 5218383.13 4374995.13  16.2%   9.0 2078s
  4154  3286 4375054.21  860  121 5218383.13 4375054.21  16.2%   9.0 2081s
  4157  3288 4375057.72 1044  129 5218383.13 4375057.72  16.2%   9.0 2085s
  4160  3290 4375109.63 1156  125 5218383.13 4375109.63  16.2%   9.0 2090s
  4163  3292 4375154.90  569  129 5218383.13 4375154.90  16.2%   9.0 2095s
  4166  3294 4375218.53 1386  124 5218383.13 4375218.53  16.2%   8.9 2102s
  4168  3295 4375224.32  659  128 5218383.13 4375224.32  16.2%   8.9 2107s
  4170  3296 4375234.33 1591  127 5218383.13 4375234.33  16.2%   8.9 2110s
  4177  3302 4379137.16 1169  871 5218383.13 4375236.34  16.2%   9.5 2124s
  4178  3303 4375236.34 1389  871 5218383.13 4375236.34  16.2%   9.5 2125s
H 4178  3137                    5116699.8807 4375236.34  14.5%   9.5 2130s
  4180  3138 4375236.34 1233   78 5116699.88 4375236.34  14.5%   9.5 2136s
  4181  3139 4375236.34 1381  122 5116699.88 4375236.34  14.5%   9.5 2140s
  4183  3140 4375270.26  580  130 5116699.88 4375270.26  14.5%   9.5 2145s
  4185  3141 4375270.95   75  130 5116699.88 4375270.95  14.5%   9.5 2152s
  4186  3142 4375270.95   59  130 5116699.88 4375270.95  14.5%   9.5 2157s
  4187  3143 4375271.04  524  132 5116699.88 4375271.04  14.5%   9.5 2166s
  4188  3143 4375271.52  210  132 5116699.88 4375271.52  14.5%   9.5 2175s
  4190  3145 4375280.90  824  128 5116699.88 4375280.90  14.5%   9.5 2183s
  4191  3145 4375281.14  773  128 5116699.88 4375281.14  14.5%   9.5 2188s
  4192  3146 4375281.18  293  126 5116699.88 4375281.18  14.5%   9.5 2193s
  4193  3147 4375281.18  513  126 5116699.88 4375281.18  14.5%   9.5 2195s
  4194  3147 4375281.40   57  128 5116699.88 4375281.40  14.5%   9.5 2200s
  4197  3149 4375283.34 1008  130 5116699.88 4375283.34  14.5%   9.5 2215s
  4198  3150 4375283.35  317  130 5116699.88 4375283.35  14.5%   9.5 2245s
  4199  3154 4375284.36   58  773 5116699.88 4375283.73  14.5%   9.8 2256s
  4203  3156 4375284.36   59  771 5116699.88 4375283.73  14.5%   9.8 2261s
  4207  3159 4375285.52   60  770 5116699.88 4375283.76  14.5%   9.8 2269s
  4209  3160 4375284.50   61  769 5116699.88 4375283.92  14.5%   9.8 2274s
  4211  3162 4375285.35   61  769 5116699.88 4375283.92  14.5%   9.8 2278s
  4213  3163 4375284.78   62  767 5116699.88 4375283.92  14.5%   9.8 2282s
  4217  3166 4375284.98   63  765 5116699.88 4375283.92  14.5%   9.8 2289s
  4219  3172 4375285.57   63  764 5116699.88 4375283.92  14.5%   9.8 2304s
  4226  3181 4375288.75   65  762 5116699.88 4375283.92  14.5%   9.8 2326s
  4237  3201 4375289.24   68  759 5116699.88 4375283.92  14.5%   9.8 2368s
  4261  3236 4375291.03   74  754 5116699.88 4375283.92  14.5%   9.7 2460s
  4304  3320 4375294.43   85  742 5116699.88 4375283.92  14.5%   9.7 2601s
  4402  3391 4375302.33  108  716 5116699.88 4375283.92  14.5%   9.6 2770s
  4506  3491 4375308.69  134  691 5116699.88 4375283.92  14.5%   9.4 2921s
  4641  3574 4375318.65  165  668 5116699.88 4375283.92  14.5%   9.3 3092s
  4769  3675 4375323.41  194  656 5116699.88 4375283.92  14.5%   9.1 3290s
  4912  3748 4375323.10  225  660 5116699.88 4375283.92  14.5%   8.9 3529s
  5033  3753 4375323.79  254  658 5116699.88 4375283.92  14.5%   8.8 3600s

Cutting planes:
  RLT: 374

Explored 5078 nodes (45599 simplex iterations) in 3600.79 seconds (1435.74 work units)
Thread count was 2 (of 24 available processors)

Solution count 10: 5.1167e+06 5.21838e+06 6.61967e+06 ... 1.40661e+07

Time limit reached
Best objective 5.116699880684e+06, best bound 4.375283924277e+06, gap 14.4901%
