
Gurobi 11.0.3 (linux64, Java) logging started seg 16 dez 2024 00:31:41 -03

Set parameter Username
Academic license - for non-commercial use only - expires 2025-10-10
Set parameter NonConvex to value 2
Set parameter TimeLimit to value 3600
Set parameter LogToConsole to value 0
Set parameter MIPGap to value 4.4613657861950539e-09
Set parameter Threads to value 2
Set parameter NodefileDir to value "/home/ps12398/experiment_epec/goalProgrammingMarcos/"
Set parameter NodefileStart to value 1
Gurobi Optimizer version 11.0.3 build v11.0.3rc0 (linux64)

CPU model: Intel(R) Xeon(R) CPU           X5650  @ 2.67GHz, instruction set [SSE2]
Thread count: 12 physical cores, 24 logical processors, using up to 2 threads

Optimize a model with 1240340 rows, 833994 columns and 9386876 nonzeros
Model fingerprint: 0xd937c7f4
Model has 650 quadratic constraints
Variable types: 416676 continuous, 417318 integer (645 binary)
Coefficient statistics:
  Matrix range     [2e-03, 6e+07]
  QMatrix range    [2e-03, 1e+06]
  QLMatrix range   [1e+00, 1e+06]
  Objective range  [1e+00, 4e+08]
  Bounds range     [1e+00, 2e+08]
  RHS range        [1e+00, 6e+07]
  QRHS range       [3e-03, 3e-03]
Presolve removed 819187 rows and 405413 columns (presolve time = 5s) ...
Presolve removed 1236139 rows and 828700 columns
Presolve time: 9.29s
Presolved: 6789 rows, 6090 columns, 1765074 nonzeros
Presolved model has 2 SOS constraint(s)
Presolved model has 645 bilinear constraint(s)

Solving non-convex MIQCP

Variable types: 2100 continuous, 3990 integer (647 binary)
Found heuristic solution: objective 1.321903e+08

Root simplex log...

Iteration    Objective       Primal Inf.    Dual Inf.      Time
       0    2.2205754e+05   1.000538e+05   0.000000e+00     15s
     174    2.2205882e+05   2.069259e+05   0.000000e+00     15s
    1468    1.8420399e+07   0.000000e+00   0.000000e+00     18s

Root relaxation: objective 1.842040e+07, 1468 iterations, 3.01 seconds (1.42 work units)
Total elapsed time = 17.67s (DegenMoves)

    Nodes    |    Current Node    |     Objective Bounds      |     Work
 Expl Unexpl |  Obj  Depth IntInf | Incumbent    BestBd   Gap | It/Node Time

     0     0 1.8420e+07    0 1055 1.3219e+08 1.8420e+07  86.1%     -   19s
H    0     0                    9.282292e+07 1.8420e+07  80.2%     -   20s
     0     0 2.3788e+07    0 1026 9.2823e+07 2.3788e+07  74.4%     -   28s
H    0     0                    4.192017e+07 2.3788e+07  43.3%     -   29s
     0     0 2.3956e+07    0 1027 4.1920e+07 2.3956e+07  42.9%     -   35s
     0     0 2.3956e+07    0 1027 4.1920e+07 2.3956e+07  42.9%     -   36s
     0     0 2.3956e+07    0 1020 4.1920e+07 2.3956e+07  42.9%     -   39s
     0     0 2.3956e+07    0 1018 4.1920e+07 2.3956e+07  42.9%     -   42s
     0     0 2.3956e+07    0 1018 4.1920e+07 2.3956e+07  42.9%     -   49s
H    0     0                    4.173188e+07 2.3956e+07  42.6%     -   52s
H    0     0                    4.173099e+07 2.3956e+07  42.6%     -   53s
     0     2 2.3956e+07    0 1016 4.1731e+07 2.3956e+07  42.6%     -   58s
     5     8 2.3956e+07    2 1016 4.1731e+07 2.3956e+07  42.6%  17.8   60s
    25    30 2.3956e+07    7 1016 4.1731e+07 2.3956e+07  42.6%   4.4   66s
    29    32 2.3956e+07    8 1014 4.1731e+07 2.3956e+07  42.6%   4.2   70s
    31    71 2.3956e+07    9 1014 4.1731e+07 2.3956e+07  42.6%   4.0   75s
    70   120 2.3956e+07   23 1014 4.1731e+07 2.3956e+07  42.6%   2.3   84s
   119   253 2.3956e+07   42 1014 4.1731e+07 2.3956e+07  42.6%   1.8   98s
   252   397 2.3956e+07  104 1013 4.1731e+07 2.3956e+07  42.6%   1.4  114s
   396   401 2.3958e+07  181 1013 4.1731e+07 2.3956e+07  42.6%   1.2  121s
   400   512 2.3958e+07  183 1013 4.1731e+07 2.3956e+07  42.6%   1.2  136s
   511   619 2.3959e+07  251 1013 4.1731e+07 2.3956e+07  42.6%   1.2  150s
   618   713 2.3960e+07  309 1011 4.1731e+07 2.3956e+07  42.6%   1.1  165s
   712   820 2.3960e+07  359 1011 4.1731e+07 2.3956e+07  42.6%   1.1  183s
   819   928 2.3960e+07  415 1011 4.1731e+07 2.3956e+07  42.6%   1.1  202s
   927  1056 2.3960e+07  468 1010 4.1731e+07 2.3956e+07  42.6%   1.1  224s
  1055  1174 2.3960e+07  532 1010 4.1731e+07 2.3956e+07  42.6%   1.1  246s
  1173  1303 2.3960e+07  591 1010 4.1731e+07 2.3956e+07  42.6%   1.1  273s
  1302  1433 2.3960e+07  654 1005 4.1731e+07 2.3956e+07  42.6%   1.1  296s
  1432  1601 2.3960e+07  720 1005 4.1731e+07 2.3956e+07  42.6%   1.1  321s
  1600  1820 2.3960e+07  788 1004 4.1731e+07 2.3956e+07  42.6%   1.1  344s
  1819  2037 2.3960e+07  896 1004 4.1731e+07 2.3956e+07  42.6%   1.1  371s
  2036  2244 2.3960e+07 1003 1003 4.1731e+07 2.3956e+07  42.6%   1.1  400s
H 2140  2244                    4.173093e+07 2.3956e+07  42.6%   1.1  400s
  2243  2422 2.3960e+07 1107 1003 4.1731e+07 2.3956e+07  42.6%   1.1  426s
H 2421  2593                    4.173011e+07 2.3956e+07  42.6%   1.0  454s
  2592  2767 2.3960e+07 1296 1001 4.1730e+07 2.3956e+07  42.6%   1.0  482s
  2766  2944 2.3960e+07 1380 1001 4.1730e+07 2.3956e+07  42.6%   1.0  514s
H 2817  2944                    4.170934e+07 2.3956e+07  42.6%   1.0  514s
  2943  3122 2.3960e+07 1463 1000 4.1709e+07 2.3956e+07  42.6%   1.0  547s
  3121  3317 2.3960e+07 1552 1000 4.1709e+07 2.3956e+07  42.6%   1.0  579s
H 3225  3317                    4.165547e+07 2.3956e+07  42.5%   1.0  579s
  3316  3531 2.3960e+07 1656  999 4.1655e+07 2.3956e+07  42.5%   1.0  604s
H 3425  3531                    4.159442e+07 2.3956e+07  42.4%   1.0  604s
H 3530  3831                    4.159442e+07 2.3956e+07  42.4%   1.0  635s
H 3673  3831                    4.159307e+07 2.3956e+07  42.4%   1.0  635s
  3831  3832 2.3956e+07   17  533 4.1593e+07 2.3956e+07  42.4%   1.0  679s
  3833  3833 2.3960e+07 1771  366 4.1593e+07 2.3956e+07  42.4%   1.0  687s
H 3833  3641                    3.642692e+07 2.5145e+07  31.0%   1.0  690s
H 3833  3459                    3.642487e+07 2.5145e+07  31.0%   1.0  691s
H 3834  3287                    3.642359e+07 2.5220e+07  30.8%   1.0  697s
  3836  3288 2.5220e+07 1070  375 3.6424e+07 2.5220e+07  30.8%   1.0  702s
H 3836  3123                    3.642200e+07 2.5220e+07  30.8%   1.0  707s
  3837  3124 2.5220e+07  526  376 3.6422e+07 2.5220e+07  30.8%   1.0  710s
  3838  3125 2.5220e+07 1639  375 3.6422e+07 2.5220e+07  30.8%   1.0  716s
  3840  3126 2.5220e+07  877  376 3.6422e+07 2.5220e+07  30.8%   1.0  721s
  3841  3127 2.5220e+07  207  373 3.6422e+07 2.5220e+07  30.8%   1.0  725s
H 3842  2971                    3.642095e+07 2.5220e+07  30.8%   1.0  729s
  3843  2972 2.5220e+07 1092  373 3.6421e+07 2.5220e+07  30.8%   1.0  730s
H 3844  2824                    3.642087e+07 2.5220e+07  30.8%   1.0  734s
  3846  2825 2.5220e+07  446  374 3.6421e+07 2.5220e+07  30.8%   1.0  736s
  3850  2829 2.5220e+07 1770  345 3.6421e+07 2.5220e+07  30.8%   1.7  742s
  3852  2830 2.5248e+07  928  400 3.6421e+07 2.5248e+07  30.7%   1.7  754s
  3853  2831 2.6106e+07 1665  384 3.6421e+07 2.6106e+07  28.3%   1.7  763s
  3854  2832 2.6106e+07 1213  386 3.6421e+07 2.6106e+07  28.3%   1.7  767s
  3855  2832 2.6107e+07 1063  384 3.6421e+07 2.6107e+07  28.3%   1.7  774s
  3856  2833 2.6107e+07  378  385 3.6421e+07 2.6107e+07  28.3%   1.7  780s
  3857  2834 2.6107e+07 1231  386 3.6421e+07 2.6107e+07  28.3%   1.7  787s
  3858  2834 2.6107e+07 1448  387 3.6421e+07 2.6107e+07  28.3%   1.7  791s
  3860  2836 2.6107e+07  956  386 3.6421e+07 2.6107e+07  28.3%   1.7  805s
  3861  2836 2.6107e+07  371  385 3.6421e+07 2.6107e+07  28.3%   1.7  810s
  3864  2838 2.6107e+07  565  387 3.6421e+07 2.6107e+07  28.3%   1.7  815s
  3867  2840 2.6107e+07  507  385 3.6421e+07 2.6107e+07  28.3%   1.7  820s
  3872  2845 2.6107e+07  500  400 3.6421e+07 2.6107e+07  28.3%   2.2  828s
  3873  2846 2.6107e+07 1065  384 3.6421e+07 2.6107e+07  28.3%   2.2  833s
  3874  2847 2.6107e+07  882  386 3.6421e+07 2.6107e+07  28.3%   2.2  835s
  3876  2848 2.6107e+07  526  385 3.6421e+07 2.6107e+07  28.3%   2.2  843s
  3877  2849 2.6107e+07  333  386 3.6421e+07 2.6107e+07  28.3%   2.2  847s
  3879  2850 2.6107e+07  492  387 3.6421e+07 2.6107e+07  28.3%   2.2  851s
  3882  2852 2.6107e+07   50  384 3.6421e+07 2.6107e+07  28.3%   2.2  855s
  3886  2855 2.6108e+07 1512  388 3.6421e+07 2.6108e+07  28.3%   2.2  860s
  3887  2855 2.6108e+07  558  388 3.6421e+07 2.6108e+07  28.3%   2.2  868s
  3888  2856 2.6108e+07  779  388 3.6421e+07 2.6108e+07  28.3%   2.2  873s
  3889  2860 2.6112e+07   35 1032 3.6421e+07 2.6110e+07  28.3%   2.7  881s
  3895  2864 2.6112e+07   37 1030 3.6421e+07 2.6111e+07  28.3%   2.7  885s
  3903  2869 2.6112e+07   39 1028 3.6421e+07 2.6111e+07  28.3%   2.7  890s
  3909  2878 2.6113e+07   40 1027 3.6421e+07 2.6111e+07  28.3%   2.7  895s
  3916  2878 2.6112e+07   42 1025 3.6421e+07 2.6111e+07  28.3%   2.7  903s
  3918  2895 2.6112e+07   43 1024 3.6421e+07 2.6111e+07  28.3%   2.7  912s
  3936  2917 2.6113e+07   47 1020 3.6421e+07 2.6111e+07  28.3%   2.7  929s
  3964  2952 2.6114e+07   54 1012 3.6421e+07 2.6111e+07  28.3%   2.7  966s
  4008  3081 2.6114e+07   65 1000 3.6421e+07 2.6111e+07  28.3%   2.7 1019s
  4152  3167 2.6114e+07  101  963 3.6421e+07 2.6111e+07  28.3%   2.7 1092s
  4286  3249 2.6115e+07  135  928 3.6421e+07 2.6111e+07  28.3%   2.8 1156s
  4413  3311 2.6115e+07  166  895 3.6421e+07 2.6111e+07  28.3%   3.0 1228s
  4517  3427 2.6115e+07  192  869 3.6421e+07 2.6111e+07  28.3%   3.0 1307s
  4668  3534 2.6116e+07  230  831 3.6421e+07 2.6111e+07  28.3%   3.0 1397s
  4825  3636 2.6117e+07  269  792 3.6421e+07 2.6111e+07  28.3%   2.9 1465s
  4979  3699 2.6117e+07  308  753 3.6421e+07 2.6111e+07  28.3%   2.9 1544s
  5094  3838 2.6117e+07  331  730 3.6421e+07 2.6111e+07  28.3%   2.9 1635s
  5271  3937 2.6117e+07  376  705 3.6421e+07 2.6111e+07  28.3%   2.8 1726s
  5429  4056 2.6117e+07  419  706 3.6421e+07 2.6111e+07  28.3%   2.8 1835s
  5601  4196 2.6117e+07  466  705 3.6421e+07 2.6111e+07  28.3%   2.8 1939s
  5798  4314 2.6118e+07  515  705 3.6421e+07 2.6111e+07  28.3%   2.8 2044s
  5982  4439 2.6118e+07  557  706 3.6421e+07 2.6111e+07  28.3%   2.8 2128s
  6168  4598 2.6118e+07  603  705 3.6421e+07 2.6111e+07  28.3%   2.8 2221s
  6389  4737 2.6118e+07  659  706 3.6421e+07 2.6111e+07  28.3%   2.8 2313s
  6602  4877 2.6118e+07  712  705 3.6421e+07 2.6111e+07  28.3%   2.8 2434s
  6813  5029 2.6118e+07  770  698 3.6421e+07 2.6111e+07  28.3%   2.8 2560s
  7035  5208 2.6118e+07  826  689 3.6421e+07 2.6111e+07  28.3%   2.8 2660s
  7288  5335 2.6118e+07  890  689 3.6421e+07 2.6111e+07  28.3%   2.8 2753s
  7499  5494 2.6118e+07  941  689 3.6421e+07 2.6111e+07  28.3%   2.8 2864s
  7729  5657 2.6118e+07  996  689 3.6421e+07 2.6111e+07  28.3%   2.9 2980s
  7968  5862 2.6118e+07 1052  691 3.6421e+07 2.6111e+07  28.3%   2.9 3104s
  8253  6017 2.6118e+07 1124  689 3.6421e+07 2.6111e+07  28.3%   2.9 3231s
  8503  6257 2.6118e+07 1186  691 3.6421e+07 2.6111e+07  28.3%   2.9 3369s
  8826  6456 2.6118e+07 1267  688 3.6421e+07 2.6111e+07  28.3%   3.0 3528s
  9133  6537 2.6118e+07 1344  689 3.6421e+07 2.6111e+07  28.3%   3.0 3600s

Cutting planes:
  RLT: 547

Explored 9316 nodes (30493 simplex iterations) in 3600.26 seconds (1463.16 work units)
Thread count was 2 (of 24 available processors)

Solution count 10: 3.64209e+07 3.6421e+07 3.6422e+07 ... 4.17093e+07

Time limit reached
Best objective 3.642086916155e+07, best bound 2.611128693961e+07, gap 28.3068%
