
Gurobi 11.0.3 (linux64, Java) logging started dom 15 dez 2024 18:31:13 -03

Set parameter Username
Academic license - for non-commercial use only - expires 2025-10-10
Set parameter NonConvex to value 2
Set parameter TimeLimit to value 3600
Set parameter LogToConsole to value 0
Set parameter MIPGap to value 4.4613657861950539e-09
Set parameter Threads to value 2
Set parameter NodefileDir to value "/home/ps12398/experiment_epec/goalProgrammingMarcos/"
Set parameter NodefileStart to value 1
Gurobi Optimizer version 11.0.3 build v11.0.3rc0 (linux64)

CPU model: Intel(R) Xeon(R) CPU           X5650  @ 2.67GHz, instruction set [SSE2]
Thread count: 12 physical cores, 24 logical processors, using up to 2 threads

Optimize a model with 1240340 rows, 833994 columns and 9386876 nonzeros
Model fingerprint: 0x9abd07e1
Model has 650 quadratic constraints
Variable types: 416676 continuous, 417318 integer (645 binary)
Coefficient statistics:
  Matrix range     [2e-03, 6e+07]
  QMatrix range    [2e-03, 1e+06]
  QLMatrix range   [1e+00, 1e+06]
  Objective range  [1e+00, 4e+08]
  Bounds range     [1e+00, 2e+08]
  RHS range        [1e+00, 5e+07]
  QRHS range       [3e-03, 3e-03]
Presolve removed 822726 rows and 408952 columns (presolve time = 5s) ...
Presolve removed 1236139 rows and 828700 columns
Presolve time: 8.26s
Presolved: 6789 rows, 6090 columns, 1765074 nonzeros
Presolved model has 2 SOS constraint(s)
Presolved model has 645 bilinear constraint(s)

Solving non-convex MIQCP

Variable types: 2100 continuous, 3990 integer (647 binary)
Found heuristic solution: objective 1.399686e+08

Root simplex log...

Iteration    Objective       Primal Inf.    Dual Inf.      Time
       0    2.2205754e+05   1.167154e+05   0.000000e+00     12s
    1514    2.6198701e+07   0.000000e+00   0.000000e+00     14s

Root relaxation: objective 2.619870e+07, 1514 iterations, 1.88 seconds (1.40 work units)
Total elapsed time = 13.87s (DegenMoves)
Total elapsed time = 15.99s (DegenMoves)

    Nodes    |    Current Node    |     Objective Bounds      |     Work
 Expl Unexpl |  Obj  Depth IntInf | Incumbent    BestBd   Gap | It/Node Time

     0     0 2.6199e+07    0 1051 1.3997e+08 2.6199e+07  81.3%     -   18s
H    0     0                    1.399686e+08 2.6199e+07  81.3%     -   20s
     0     0 3.1567e+07    0 1016 1.3997e+08 3.1567e+07  77.4%     -   27s
H    0     0                    4.969940e+07 3.1567e+07  36.5%     -   29s
     0     0 3.1734e+07    0 1015 4.9699e+07 3.1734e+07  36.1%     -   35s
     0     0 3.1734e+07    0 1015 4.9699e+07 3.1734e+07  36.1%     -   37s
     0     0 3.1734e+07    0 1008 4.9699e+07 3.1734e+07  36.1%     -   40s
     0     0 3.1734e+07    0 1006 4.9699e+07 3.1734e+07  36.1%     -   41s
     0     0 3.1734e+07    0 1004 4.9699e+07 3.1734e+07  36.1%     -   49s
H    0     0                    4.951302e+07 3.1734e+07  35.9%     -   52s
     0     2 3.1734e+07    0 1004 4.9513e+07 3.1734e+07  35.9%     -   58s
     5     8 3.1734e+07    2 1004 4.9513e+07 3.1734e+07  35.9%  21.0   60s
    21    31 3.1734e+07    6 1003 4.9513e+07 3.1734e+07  35.9%   5.8   67s
    30    33 3.1734e+07    8 1004 4.9513e+07 3.1734e+07  35.9%   4.3   73s
    32    59 3.1734e+07    9 1004 4.9513e+07 3.1734e+07  35.9%   4.1   78s
    58    92 3.1734e+07   20 1003 4.9513e+07 3.1734e+07  35.9%   2.8   88s
    91   202 3.1734e+07   34 1003 4.9513e+07 3.1734e+07  35.9%   2.2  109s
H  134   202                    4.949926e+07 3.1734e+07  35.9%   1.8  109s
   201   358 3.1734e+07   77 1003 4.9499e+07 3.1734e+07  35.9%   1.5  132s
H  324   358                    4.948702e+07 3.1734e+07  35.9%   1.3  132s
   357   496 3.1735e+07  155 1002 4.9487e+07 3.1734e+07  35.9%   1.3  155s
   495   536 3.1737e+07  243 1002 4.9487e+07 3.1734e+07  35.9%   1.2  175s
H  500   536                    4.948633e+07 3.1734e+07  35.9%   1.2  175s
   535   629 3.1737e+07  244 1002 4.9486e+07 3.1734e+07  35.9%   1.2  196s
H  554   629                    4.948605e+07 3.1734e+07  35.9%   1.2  196s
H  597   629                    4.948491e+07 3.1734e+07  35.9%   1.2  196s
   628   763 3.1738e+07  297  999 4.9485e+07 3.1734e+07  35.9%   1.2  221s
   762   903 3.1738e+07  365 1000 4.9485e+07 3.1734e+07  35.9%   1.2  249s
   902  1046 3.1738e+07  435 1000 4.9485e+07 3.1734e+07  35.9%   1.1  273s
  1045  1189 3.1738e+07  506  998 4.9485e+07 3.1734e+07  35.9%   1.1  302s
  1188  1339 3.1738e+07  577  998 4.9485e+07 3.1734e+07  35.9%   1.1  329s
  1338  1498 3.1738e+07  655  993 4.9485e+07 3.1734e+07  35.9%   1.1  350s
  1497  1689 3.1738e+07  725  993 4.9485e+07 3.1734e+07  35.9%   1.1  376s
  1688  1911 3.1738e+07  803  992 4.9485e+07 3.1734e+07  35.9%   1.1  409s
  1910  2125 3.1738e+07  924  993 4.9485e+07 3.1734e+07  35.9%   1.1  443s
  2124  2290 3.1738e+07 1021  992 4.9485e+07 3.1734e+07  35.9%   1.1  479s
  2289  2462 3.1738e+07 1102  992 4.9485e+07 3.1734e+07  35.9%   1.1  515s
  2461  2694 3.1738e+07 1190  991 4.9485e+07 3.1734e+07  35.9%   1.1  553s
  2693  2902 3.1738e+07 1327  991 4.9485e+07 3.1734e+07  35.9%   1.1  587s
  2901  3086 3.1738e+07 1440  989 4.9485e+07 3.1734e+07  35.9%   1.1  625s
  3085  3302 3.1738e+07 1532  989 4.9485e+07 3.1734e+07  35.9%   1.0  666s
  3301  3535 3.1738e+07 1640  987 4.9485e+07 3.1734e+07  35.9%   1.0  707s
  3534  3826 3.1738e+07 1750  987 4.9485e+07 3.1734e+07  35.9%   1.0  753s
  3826  3827 3.1739e+07 1145  533 4.9485e+07 3.1734e+07  35.9%   1.0  784s
  3828  3828 3.1739e+07 1397  360 4.9485e+07 3.1734e+07  35.9%   1.0  796s
H 3828  3636                    4.420328e+07 3.2923e+07  25.5%   1.0  804s
  3829  3637 3.2923e+07 1818  372 4.4203e+07 3.2923e+07  25.5%   1.0  811s
H 3829  3455                    4.416776e+07 3.2999e+07  25.3%   1.0  814s
  3830  3456 3.2999e+07  976  377 4.4168e+07 3.2999e+07  25.3%   1.0  815s
  3831  3456 3.2999e+07  813  378 4.4168e+07 3.2999e+07  25.3%   1.0  820s
  3832  3457 3.2999e+07 1512  374 4.4168e+07 3.2999e+07  25.3%   1.0  828s
  3833  3458 3.2999e+07  390  372 4.4168e+07 3.2999e+07  25.3%   1.0  838s
  3834  3458 3.2999e+07  697  372 4.4168e+07 3.2999e+07  25.3%   1.0  846s
  3835  3459 3.2999e+07  459  372 4.4168e+07 3.2999e+07  25.3%   1.0  853s
  3836  3460 3.2999e+07  161  371 4.4168e+07 3.2999e+07  25.3%   1.0  859s
  3837  3460 3.2999e+07 1529  368 4.4168e+07 3.2999e+07  25.3%   1.0  863s
  3838  3461 3.2999e+07  108  369 4.4168e+07 3.2999e+07  25.3%   1.0  865s
  3842  3465 3.2999e+07 1256  533 4.4168e+07 3.2999e+07  25.3%   1.8  871s
  3844  3466 3.2999e+07 1427  363 4.4168e+07 3.2999e+07  25.3%   1.8  886s
  3845  3467 3.3007e+07 1844  375 4.4168e+07 3.3007e+07  25.3%   1.8  892s
  3846  3468 3.3009e+07   42  377 4.4168e+07 3.3009e+07  25.3%   1.8  895s
  3848  3469 3.3009e+07  312  376 4.4168e+07 3.3009e+07  25.3%   1.8  904s
  3849  3470 3.3009e+07  798  377 4.4168e+07 3.3009e+07  25.3%   1.7  910s
  3850  3470 3.3009e+07 1407  376 4.4168e+07 3.3009e+07  25.3%   1.7  915s
  3851  3471 3.3009e+07 1859  376 4.4168e+07 3.3009e+07  25.3%   1.7  920s
  3852  3472 3.3009e+07 1336  375 4.4168e+07 3.3009e+07  25.3%   1.7  928s
  3853  3472 3.3009e+07  584  376 4.4168e+07 3.3009e+07  25.3%   1.7  931s
  3854  3473 3.3009e+07  176  375 4.4168e+07 3.3009e+07  25.3%   1.7  937s
  3855  3474 3.3009e+07  801  375 4.4168e+07 3.3009e+07  25.3%   1.7  944s
  3856  3474 3.3009e+07   64  375 4.4168e+07 3.3009e+07  25.3%   1.7  948s
  3859  3478 3.3009e+07 1819  533 4.4168e+07 3.3009e+07  25.3%   2.5  953s
  3861  3479 3.3009e+07 1213  363 4.4168e+07 3.3009e+07  25.3%   2.5  971s
  3862  3480 3.3009e+07 1405  376 4.4168e+07 3.3009e+07  25.3%   2.5  980s
  3864  3481 3.3009e+07 1649  376 4.4168e+07 3.3009e+07  25.3%   2.4  991s
  3865  3482 3.3009e+07   82  376 4.4168e+07 3.3009e+07  25.3%   2.4 1000s
  3866  3483 3.3009e+07 1144  375 4.4168e+07 3.3009e+07  25.3%   2.4 1010s
  3867  3483 3.3009e+07 1111  375 4.4168e+07 3.3009e+07  25.3%   2.4 1015s
  3868  3484 3.3009e+07 1409  377 4.4168e+07 3.3009e+07  25.3%   2.4 1020s
  3869  3485 3.3009e+07 1503  376 4.4168e+07 3.3009e+07  25.3%   2.4 1029s
  3870  3485 3.3009e+07 1384  375 4.4168e+07 3.3009e+07  25.3%   2.4 1038s
  3871  3486 3.3009e+07 1811  374 4.4168e+07 3.3009e+07  25.3%   2.4 1044s
  3872  3487 3.3009e+07  561  375 4.4168e+07 3.3009e+07  25.3%   2.4 1046s
  3873  3487 3.3009e+07  675  374 4.4168e+07 3.3009e+07  25.3%   2.4 1051s
  3874  3488 3.3009e+07 1564  374 4.4168e+07 3.3009e+07  25.3%   2.4 1065s
  3875  3489 3.3009e+07 1046  374 4.4168e+07 3.3009e+07  25.3%   2.4 1072s
  3876  3492 3.3012e+07   35 1016 4.4168e+07 3.3009e+07  25.3%   3.2 1080s
  3888  3500 3.3013e+07   38 1013 4.4168e+07 3.3009e+07  25.3%   3.2 1085s
  3900  3510 3.3013e+07   41 1010 4.4168e+07 3.3009e+07  25.3%   3.2 1092s
H 3903  3334                    4.416776e+07 3.3009e+07  25.3%   3.2 1092s
  3904  3338 3.3013e+07   42 1009 4.4168e+07 3.3009e+07  25.3%   3.2 1096s
  3908  3349 3.3013e+07   43 1008 4.4168e+07 3.3009e+07  25.3%   3.2 1103s
  3920  3363 3.3013e+07   46 1005 4.4168e+07 3.3009e+07  25.3%   3.2 1114s
  3938  3373 3.3013e+07   51  998 4.4168e+07 3.3010e+07  25.3%   3.2 1123s
  3954  3409 3.3013e+07   55  994 4.4168e+07 3.3010e+07  25.3%   3.2 1150s
  3996  3462 3.3013e+07   66  984 4.4168e+07 3.3010e+07  25.3%   3.2 1191s
  4063  3713 3.3014e+07   82  966 4.4168e+07 3.3010e+07  25.3%   3.2 1259s
H 4079  3542                    4.416089e+07 3.3010e+07  25.3%   3.2 1259s
H 4335  3298                    4.414970e+07 3.3010e+07  25.2%   3.3 1259s
  4336  3694 3.3014e+07  114  934 4.4150e+07 3.3010e+07  25.2%   3.3 1314s
H 4534  3478                    4.414637e+07 3.3010e+07  25.2%   3.4 1314s
  4732  3747 3.3016e+07  196  852 4.4146e+07 3.3010e+07  25.2%   3.3 1358s
H 5067  3825                    4.411953e+07 3.3010e+07  25.2%   3.3 1400s
  5399  3971 3.3016e+07  359  814 4.4120e+07 3.3010e+07  25.2%   3.2 1427s
  5655  4183 3.3016e+07  425  814 4.4120e+07 3.3010e+07  25.2%   3.2 1460s
  5953  4325 3.3016e+07  500  813 4.4120e+07 3.3010e+07  25.2%   3.2 1496s
H 6194  4411                    4.408727e+07 3.3010e+07  25.1%   3.2 1529s
  6495  4605 3.3017e+07  627  814 4.4087e+07 3.3010e+07  25.1%   3.1 1567s
H 6790  4660                    4.407785e+07 3.3010e+07  25.1%   3.1 1604s
  7072  4882 3.3017e+07  767  812 4.4078e+07 3.3010e+07  25.1%   3.0 1644s
H 7208  4715                    4.404679e+07 3.3010e+07  25.1%   3.0 1644s
H 7388  4900                    4.403929e+07 3.3010e+07  25.0%   2.9 1680s
  7748  5176 3.3017e+07  929  804 4.4039e+07 3.3010e+07  25.0%   2.8 1720s
H 7980  4987                    4.403767e+07 3.3010e+07  25.0%   2.8 1720s
  8144  5203 3.3017e+07 1028  806 4.4038e+07 3.3010e+07  25.0%   2.8 1757s
  8414  5417 3.3017e+07 1114  806 4.4038e+07 3.3010e+07  25.0%   2.7 1788s
H 8718  5483                    4.403653e+07 3.3010e+07  25.0%   2.7 1820s
  8990  5638 3.3018e+07 1279  794 4.4037e+07 3.3010e+07  25.0%   2.8 1863s
H 9091  5505                    4.302719e+07 3.3010e+07  23.3%   2.9 1863s
  9235  5673 3.3018e+07 1329  788 4.3027e+07 3.3010e+07  23.3%   2.9 1897s
H 9265  5577                    4.302178e+07 3.3010e+07  23.3%   2.9 1897s
  9451  5776 3.3018e+07 1381  794 4.3022e+07 3.3010e+07  23.3%   3.0 1923s
H 9554  5776                    4.302178e+07 3.3010e+07  23.3%   3.1 1923s
  9650  6012 3.3018e+07 1433  794 4.3022e+07 3.3010e+07  23.3%   3.2 1959s
  9886  6210 3.3018e+07 1494  787 4.3022e+07 3.3010e+07  23.3%   3.4 1986s
 10084  6498 3.3018e+07 1550  788 4.3022e+07 3.3010e+07  23.3%   3.5 2022s
H10224  6498                    4.302178e+07 3.3010e+07  23.3%   3.6 2022s
 10372  6800 3.3018e+07 1622  788 4.3022e+07 3.3010e+07  23.3%   3.6 2053s
 10674  7115 3.3018e+07 1699  787 4.3022e+07 3.3010e+07  23.3%   3.6 2091s
 10989  7415 3.3020e+07 1781  786 4.3022e+07 3.3010e+07  23.3%   3.7 2137s
 11289  7724 3.3018e+07 1852  785 4.3022e+07 3.3010e+07  23.3%   3.6 2177s
 11598  8072 3.3018e+07 1934  784 4.3022e+07 3.3010e+07  23.3%   3.6 2222s
 11946  8371 3.3018e+07 2020  784 4.3022e+07 3.3010e+07  23.3%   3.6 2265s
 12245  8710 3.3018e+07 2104  784 4.3022e+07 3.3010e+07  23.3%   3.6 2305s
 12584  9027 3.3018e+07 2183  784 4.3022e+07 3.3010e+07  23.3%   3.6 2347s
 12901  9340 3.3018e+07 2260  781 4.3022e+07 3.3010e+07  23.3%   3.6 2382s
 13214  9689 3.3018e+07 2339  782 4.3022e+07 3.3010e+07  23.3%   3.6 2424s
 13563 10005 3.3018e+07 2425  780 4.3022e+07 3.3010e+07  23.3%   3.6 2460s
 13879 10297 3.3018e+07 2503  783 4.3022e+07 3.3010e+07  23.3%   3.6 2501s
 14171 10592 3.3018e+07 2562  781 4.3022e+07 3.3010e+07  23.3%   3.5 2541s
 14466 10901 3.3018e+07 2630  781 4.3022e+07 3.3010e+07  23.3%   3.5 2583s
 14775 11191 3.3018e+07 2704  781 4.3022e+07 3.3010e+07  23.3%   3.5 2622s
 15065 11470 3.3018e+07 2771  782 4.3022e+07 3.3010e+07  23.3%   3.5 2660s
 15344 11799 3.3018e+07 2835  779 4.3022e+07 3.3010e+07  23.3%   3.5 2700s
 15673 12039 3.3018e+07 2911  782 4.3022e+07 3.3010e+07  23.3%   3.5 2739s
 15913 12384 3.3018e+07 2966  781 4.3022e+07 3.3010e+07  23.3%   3.5 2790s
 16258 12709 3.3018e+07 3045  782 4.3022e+07 3.3010e+07  23.3%   3.5 2836s
 16583 13045 3.3018e+07 3117  782 4.3022e+07 3.3010e+07  23.3%   3.5 2875s
 16919 13303 3.3018e+07 3194  781 4.3022e+07 3.3010e+07  23.3%   3.4 2915s
 17177 13622 3.3018e+07 3253  782 4.3022e+07 3.3010e+07  23.3%   3.4 2955s
 17496 13932 3.3018e+07 3330  780 4.3022e+07 3.3010e+07  23.3%   3.4 2993s
 17806 14186 3.3018e+07 3405  779 4.3022e+07 3.3010e+07  23.3%   3.4 3029s
 18060 14496 3.3018e+07 3469  779 4.3022e+07 3.3010e+07  23.3%   3.4 3072s
 18370 14790 3.3018e+07 3546  781 4.3022e+07 3.3010e+07  23.3%   3.4 3116s
 18664 15085 3.3018e+07 3612  781 4.3022e+07 3.3010e+07  23.3%   3.4 3148s
 18959 15406 3.3018e+07 3678  781 4.3022e+07 3.3010e+07  23.3%   3.3 3182s
 19280 15720 3.3018e+07 3742  774 4.3022e+07 3.3010e+07  23.3%   3.3 3210s
 19594 15984 3.3018e+07 3813  781 4.3022e+07 3.3010e+07  23.3%   3.4 3247s
 19858 15986 3.3018e+07 3866  781 4.3022e+07 3.3010e+07  23.3%   3.4 3272s
 19860 16316 3.3018e+07 3866  778 4.3022e+07 3.3010e+07  23.3%   3.4 3308s
 20190 16633 3.3018e+07 3936  780 4.3022e+07 3.3010e+07  23.3%   3.4 3345s
 20507 16925 3.3018e+07 4012  781 4.3022e+07 3.3010e+07  23.3%   3.4 3383s
 20799 17237 3.3018e+07 4085  781 4.3022e+07 3.3010e+07  23.3%   3.4 3419s
 21111 17568 3.3018e+07 4154  780 4.3022e+07 3.3010e+07  23.3%   3.4 3454s
 21442 17872 3.3018e+07 4234  781 4.3022e+07 3.3010e+07  23.3%   3.4 3488s
 21746 18214 3.3018e+07 4303  781 4.3022e+07 3.3010e+07  23.3%   3.4 3528s
 22088 18527 3.3018e+07 4382  781 4.3022e+07 3.3010e+07  23.3%   3.4 3562s
 22401 18821 3.3018e+07 4457  781 4.3022e+07 3.3010e+07  23.3%   3.4 3600s

Cutting planes:
  RLT: 520

Explored 22695 nodes (79500 simplex iterations) in 3600.59 seconds (1171.59 work units)
Thread count was 2 (of 24 available processors)

Solution count 10: 4.30218e+07 4.30272e+07 4.40365e+07 ... 4.41464e+07

Time limit reached
Best objective 4.302177539764e+07, best bound 3.300958507608e+07, gap 23.2724%
