
Gurobi 11.0.3 (linux64, Java) logging started seg 16 dez 2024 07:08:20 -03

Set parameter Username
Academic license - for non-commercial use only - expires 2025-10-10
Set parameter NonConvex to value 2
Set parameter TimeLimit to value 3600
Set parameter LogToConsole to value 0
Set parameter MIPGap to value 4.4613657861950539e-09
Set parameter Threads to value 2
Set parameter NodefileDir to value "/home/ps12398/experiment_epec/goalProgrammingMarcos/"
Set parameter NodefileStart to value 1
Gurobi Optimizer version 11.0.3 build v11.0.3rc0 (linux64)

CPU model: Intel(R) Xeon(R) CPU           X5650  @ 2.67GHz, instruction set [SSE2]
Thread count: 12 physical cores, 24 logical processors, using up to 2 threads

Optimize a model with 1240340 rows, 833994 columns and 9386876 nonzeros
Model fingerprint: 0xe7517b1d
Model has 650 quadratic constraints
Variable types: 416676 continuous, 417318 integer (645 binary)
Coefficient statistics:
  Matrix range     [2e-03, 6e+07]
  QMatrix range    [2e-03, 1e+06]
  QLMatrix range   [1e+00, 1e+06]
  Objective range  [1e+00, 4e+08]
  Bounds range     [1e+00, 2e+08]
  RHS range        [1e+00, 3e+06]
  QRHS range       [5e-02, 5e-02]
Presolve removed 819187 rows and 405413 columns (presolve time = 5s) ...
Presolve removed 1236139 rows and 828700 columns
Presolve time: 8.29s
Presolved: 6789 rows, 6090 columns, 1765074 nonzeros
Presolved model has 2 SOS constraint(s)
Presolved model has 645 bilinear constraint(s)

Solving non-convex MIQCP

Variable types: 2100 continuous, 3990 integer (647 binary)
Found heuristic solution: objective 9.587930e+07

Root simplex log...

Iteration    Objective       Primal Inf.    Dual Inf.      Time
       0    0.0000000e+00   6.673043e+04   0.000000e+00     13s
     697    1.3951725e+07   0.000000e+00   0.000000e+00     14s

Root relaxation: objective 1.395172e+07, 697 iterations, 0.88 seconds (0.42 work units)
Total elapsed time = 13.55s (DegenMoves)

    Nodes    |    Current Node    |     Objective Bounds      |     Work
 Expl Unexpl |  Obj  Depth IntInf | Incumbent    BestBd   Gap | It/Node Time

     0     0 1.3952e+07    0  715 9.5879e+07 1.3952e+07  85.4%     -   13s
     0     0 1.4004e+07    0  742 9.5879e+07 1.4004e+07  85.4%     -   15s
     0     0 1.4017e+07    0  758 9.5879e+07 1.4017e+07  85.4%     -   21s
     0     0 1.4018e+07    0  760 9.5879e+07 1.4018e+07  85.4%     -   22s
     0     0 1.4018e+07    0  762 9.5879e+07 1.4018e+07  85.4%     -   22s
     0     0 1.4018e+07    0  762 9.5879e+07 1.4018e+07  85.4%     -   22s
     0     0 1.4018e+07    0  762 9.5879e+07 1.4018e+07  85.4%     -   23s
     0     0 1.4018e+07    0  764 9.5879e+07 1.4018e+07  85.4%     -   23s
     0     0 1.4018e+07    0  764 9.5879e+07 1.4018e+07  85.4%     -   24s
     0     0 1.4018e+07    0  765 9.5879e+07 1.4018e+07  85.4%     -   24s
     0     0 1.4018e+07    0  765 9.5879e+07 1.4018e+07  85.4%     -   24s
     0     0 1.4018e+07    0  764 9.5879e+07 1.4018e+07  85.4%     -   25s
     0     0 1.4018e+07    0  764 9.5879e+07 1.4018e+07  85.4%     -   28s
     0     2 1.4018e+07    0  764 9.5879e+07 1.4018e+07  85.4%     -   30s
    36    85 1.4018e+07   17  765 9.5879e+07 1.4018e+07  85.4%   1.8   36s
    84    87 1.4018e+07   41  765 9.5879e+07 1.4018e+07  85.4%   1.6   43s
    86   206 1.4018e+07   42  765 9.5879e+07 1.4018e+07  85.4%   1.6   50s
   205   300 1.4018e+07  100  765 9.5879e+07 1.4018e+07  85.4%   1.6   56s
   299   423 1.4018e+07  149  765 9.5879e+07 1.4018e+07  85.4%   1.6   65s
   422   539 1.4019e+07  213  765 9.5879e+07 1.4018e+07  85.4%   1.6   74s
   538   666 1.4019e+07  276  760 9.5879e+07 1.4018e+07  85.4%   1.5   81s
   665   834 1.4019e+07  342  760 9.5879e+07 1.4018e+07  85.4%   1.4   92s
   833   999 1.4019e+07  420  756 9.5879e+07 1.4018e+07  85.4%   1.3  103s
   998  1001 1.4019e+07  497  757 9.5879e+07 1.4018e+07  85.4%   1.3  114s
H 1000  1108                    2.366846e+07 1.4018e+07  40.8%   1.3  123s
H 1051  1108                    2.358678e+07 1.4018e+07  40.6%   1.3  123s
  1107  1264 1.4019e+07  548  752 2.3587e+07 1.4018e+07  40.6%   1.2  135s
  1263  1426 1.4019e+07  625  747 2.3587e+07 1.4018e+07  40.6%   1.2  144s
  1425  1583 1.4019e+07  711  747 2.3587e+07 1.4018e+07  40.6%   1.2  155s
  1582  1755 1.4019e+07  787  745 2.3587e+07 1.4018e+07  40.6%   1.2  165s
  1754  1921 1.4019e+07  870  743 2.3587e+07 1.4018e+07  40.6%   1.2  178s
  1920  2057 1.4019e+07  955  742 2.3587e+07 1.4018e+07  40.6%   1.1  190s
H 2024  2057                    2.356333e+07 1.4018e+07  40.5%   1.1  190s
  2056  2230 1.4019e+07 1034  736 2.3563e+07 1.4018e+07  40.5%   1.1  204s
  2229  2470 1.4019e+07 1133  736 2.3563e+07 1.4018e+07  40.5%   1.1  217s
  2469  2640 1.4019e+07 1234  727 2.3563e+07 1.4018e+07  40.5%   1.1  231s
  2639  2956 1.4019e+07 1327  722 2.3563e+07 1.4018e+07  40.5%   1.1  240s
  2955  2964 1.4019e+07 1482  721 2.3563e+07 1.4018e+07  40.5%   1.1  257s
  2963  3248 1.4019e+07 1486  721 2.3563e+07 1.4018e+07  40.5%   1.1  270s
  3247  3527 1.4019e+07 1635  721 2.3563e+07 1.4018e+07  40.5%   1.1  285s
  3526  3703 1.4019e+07 1772  721 2.3563e+07 1.4018e+07  40.5%   1.1  305s
H 3624  3703                    2.353114e+07 1.4018e+07  40.4%   1.1  305s
H 3702  3703                    2.189464e+07 1.4018e+07  36.0%   1.1  327s
  3703  3704 1.4018e+07  108  871 2.1895e+07 1.4018e+07  36.0%   1.1  337s
  3705  3705 1.4019e+07  539  114 2.1895e+07 1.4018e+07  36.0%   1.1  347s
  3706  3706 1.4030e+07 1105  124 2.1895e+07 1.4030e+07  35.9%   1.1  354s
  3707  3707 1.4030e+07 1242  125 2.1895e+07 1.4030e+07  35.9%   1.1  358s
  3708  3707 1.4031e+07 1486  129 2.1895e+07 1.4031e+07  35.9%   1.1  364s
  3709  3708 1.4031e+07  823  128 2.1895e+07 1.4031e+07  35.9%   1.1  369s
  3710  3709 1.4031e+07  496  131 2.1895e+07 1.4031e+07  35.9%   1.1  374s
  3711  3709 1.4031e+07 1346  133 2.1895e+07 1.4031e+07  35.9%   1.1  379s
  3712  3710 1.4031e+07 1300  134 2.1895e+07 1.4031e+07  35.9%   1.1  383s
  3713  3711 1.4031e+07  803  133 2.1895e+07 1.4031e+07  35.9%   1.1  385s
H 3714  3525                    2.121383e+07 1.4031e+07  33.9%   1.1  391s
  3717  3527 1.4031e+07  869  132 2.1214e+07 1.4031e+07  33.9%   1.1  395s
  3719  3529 1.4031e+07 1489  132 2.1214e+07 1.4031e+07  33.9%   1.1  401s
  3722  3531 1.4031e+07  501  134 2.1214e+07 1.4031e+07  33.9%   1.1  406s
  3725  3533 1.4031e+07 1457  136 2.1214e+07 1.4031e+07  33.9%   1.1  411s
  3729  3537 1.4031e+07  706  871 2.1214e+07 1.4031e+07  33.9%   1.4  423s
  3731  3538 1.4031e+07  605  114 2.1214e+07 1.4031e+07  33.9%   1.4  434s
  3732  3539 1.4031e+07  461  130 2.1214e+07 1.4031e+07  33.9%   1.4  440s
  3734  3540 1.4031e+07  727  135 2.1214e+07 1.4031e+07  33.9%   1.4  448s
  3735  3541 1.4031e+07  936  134 2.1214e+07 1.4031e+07  33.9%   1.4  452s
  3736  3542 1.4031e+07 1000  133 2.1214e+07 1.4031e+07  33.9%   1.4  455s
  3739  3544 1.4031e+07 1128  138 2.1214e+07 1.4031e+07  33.9%   1.4  460s
H 3739  3366                    2.119037e+07 1.4031e+07  33.8%   1.4  463s
  3741  3367 1.4031e+07   71  139 2.1190e+07 1.4031e+07  33.8%   1.4  465s
  3745  3370 1.4031e+07  518  138 2.1190e+07 1.4031e+07  33.8%   1.4  470s
  3748  3372 1.4031e+07 1320  142 2.1190e+07 1.4031e+07  33.8%   1.4  475s
  3751  3374 1.4031e+07 1385  143 2.1190e+07 1.4031e+07  33.8%   1.4  482s
  3753  3378 1.4031e+07   22  785 2.1190e+07 1.4031e+07  33.8%   1.7  493s
  3755  3379 1.4031e+07   23  783 2.1190e+07 1.4031e+07  33.8%   1.7  495s
  3761  3383 1.4031e+07   24  785 2.1190e+07 1.4031e+07  33.8%   1.7  500s
  3767  3387 1.4031e+07   26  783 2.1190e+07 1.4031e+07  33.8%   1.7  505s
  3773  3396 1.4031e+07   27  782 2.1190e+07 1.4031e+07  33.8%   1.7  515s
H 3780  3237                    2.118598e+07 1.4031e+07  33.8%   1.7  529s
  3792  3262 1.4031e+07   32  776 2.1186e+07 1.4031e+07  33.8%   1.7  554s
H 3821  3152                    2.118598e+07 1.4031e+07  33.8%   1.8  604s
  3882  3251 1.4031e+07   55  771 2.1186e+07 1.4031e+07  33.8%   1.8  695s
H 3941  3079                    2.105803e+07 1.4031e+07  33.4%   1.8  695s
  4001  3179 1.4031e+07   85  765 2.1058e+07 1.4031e+07  33.4%   1.8  779s
  4121  3256 1.4031e+07  114  756 2.1058e+07 1.4031e+07  33.4%   1.9  869s
  4238  3339 1.4031e+07  143  754 2.1058e+07 1.4031e+07  33.4%   1.9  953s
  4360  3425 1.4031e+07  173  741 2.1058e+07 1.4031e+07  33.4%   1.9 1048s
  4486  3450 1.4031e+07  205  740 2.1058e+07 1.4031e+07  33.4%   1.9 1143s
  4553  3570 1.4031e+07  238  737 2.1058e+07 1.4031e+07  33.4%   2.0 1245s
  4696  3675 1.4031e+07  274  735 2.1058e+07 1.4031e+07  33.4%   2.0 1352s
  4848  3777 1.4031e+07  313  732 2.1058e+07 1.4031e+07  33.4%   2.0 1451s
H 4924  3607                    2.105802e+07 1.4031e+07  33.4%   2.0 1451s
  5001  3741 1.4031e+07  351  731 2.1058e+07 1.4031e+07  33.4%   2.0 1557s
  5161  3853 1.4031e+07  393  730 2.1058e+07 1.4031e+07  33.4%   2.0 1662s
  5326  3971 1.4031e+07  436  730 2.1058e+07 1.4031e+07  33.4%   2.0 1759s
  5499  4081 1.4031e+07  480  727 2.1058e+07 1.4031e+07  33.4%   2.0 1879s
H 5584  3915                    2.105758e+07 1.4031e+07  33.4%   2.0 1879s
  5667  4072 1.4031e+07  523  711 2.1058e+07 1.4031e+07  33.4%   2.0 1983s
  5852  4192 1.4031e+07  571  713 2.1058e+07 1.4031e+07  33.4%   2.0 2102s
H 5907  4043                    2.105753e+07 1.4031e+07  33.4%   2.0 2103s
  6034  4193 1.4031e+07  618  703 2.1058e+07 1.4031e+07  33.4%   2.0 2195s
  6226  4335 1.4031e+07  669  704 2.1058e+07 1.4031e+07  33.4%   2.0 2312s
  6432  4482 1.4031e+07  722  702 2.1058e+07 1.4031e+07  33.4%   2.0 2452s
  6648  4635 1.4031e+07  777  697 2.1058e+07 1.4031e+07  33.4%   2.0 2604s
  6873  4790 1.4032e+07  834  690 2.1058e+07 1.4031e+07  33.4%   2.0 2748s
  7103  4958 1.4032e+07  894  690 2.1058e+07 1.4031e+07  33.4%   2.0 2899s
  7348  5143 1.4032e+07  955  690 2.1058e+07 1.4031e+07  33.4%   2.0 3045s
  7614  5332 1.4032e+07 1026  688 2.1058e+07 1.4031e+07  33.4%   1.9 3191s
  7892  5519 1.4032e+07 1100  685 2.1058e+07 1.4031e+07  33.4%   1.9 3341s
  8172  5711 1.4032e+07 1177  690 2.1058e+07 1.4031e+07  33.4%   1.9 3502s
  8457  5841 1.4032e+07 1254  688 2.1058e+07 1.4031e+07  33.4%   1.9 3600s

Cutting planes:
  RLT: 109

Explored 8682 nodes (17277 simplex iterations) in 3600.25 seconds (1719.97 work units)
Thread count was 2 (of 24 available processors)

Solution count 10: 2.10575e+07 2.1058e+07 2.1186e+07 ... 2.36685e+07

Time limit reached
Best objective 2.105753167714e+07, best bound 1.403102608358e+07, gap 33.3681%
