
Gurobi 11.0.3 (linux64, Java) logging started seg 16 dez 2024 15:53:36 -03

Set parameter Username
Academic license - for non-commercial use only - expires 2025-10-10
Set parameter NonConvex to value 2
Set parameter TimeLimit to value 3600
Set parameter LogToConsole to value 0
Set parameter MIPGap to value 4.4613657861950539e-09
Set parameter Threads to value 2
Set parameter NodefileDir to value "/home/ps12398/experiment_epec/goalProgrammingMarcos/"
Set parameter NodefileStart to value 1
Gurobi Optimizer version 11.0.3 build v11.0.3rc0 (linux64)

CPU model: Intel(R) Xeon(R) CPU           X5650  @ 2.67GHz, instruction set [SSE2]
Thread count: 12 physical cores, 24 logical processors, using up to 2 threads

Optimize a model with 1240340 rows, 833994 columns and 9386876 nonzeros
Model fingerprint: 0xb8a04811
Model has 650 quadratic constraints
Variable types: 416676 continuous, 417318 integer (645 binary)
Coefficient statistics:
  Matrix range     [2e-03, 6e+07]
  QMatrix range    [2e-03, 1e+06]
  QLMatrix range   [1e+00, 1e+06]
  Objective range  [1e+00, 4e+08]
  Bounds range     [1e+00, 2e+08]
  RHS range        [1e+00, 2e+07]
  QRHS range       [3e-02, 3e-02]
Presolve removed 819187 rows and 405413 columns (presolve time = 6s) ...
Presolve removed 1236142 rows and 828702 columns (presolve time = 11s) ...
Presolve removed 1236139 rows and 828700 columns
Presolve time: 10.64s
Presolved: 6789 rows, 6090 columns, 1765074 nonzeros
Presolved model has 2 SOS constraint(s)
Presolved model has 645 bilinear constraint(s)

Solving non-convex MIQCP

Variable types: 2100 continuous, 3990 integer (647 binary)
Found heuristic solution: objective 9.778629e+07

Root simplex log...

Iteration    Objective       Primal Inf.    Dual Inf.      Time
       0    0.0000000e+00   5.006866e+04   0.000000e+00     16s
    1216    2.1376990e-01   0.000000e+00   0.000000e+00     20s

Root relaxation: objective 0.000000e+00, 1216 iterations, 4.46 seconds (2.11 work units)
Total elapsed time = 20.48s (DegenMoves)
Total elapsed time = 25.66s (DegenMoves)

    Nodes    |    Current Node    |     Objective Bounds      |     Work
 Expl Unexpl |  Obj  Depth IntInf | Incumbent    BestBd   Gap | It/Node Time

     0     0    0.00000    0  840 9.7786e+07    0.00000   100%     -   27s
     0     0 1111576.97    0  820 9.7786e+07 1111576.97  98.9%     -   34s
H    0     0                    2.358498e+07 1111654.74  95.3%     -   36s
     0     0 1328507.07    0  836 2.3585e+07 1328507.07  94.4%     -   38s
     0     0 1328584.84    0  836 2.3585e+07 1328584.84  94.4%     -   40s
     0     0 1328584.84    0  852 2.3585e+07 1328584.84  94.4%     -   41s
     0     0 1328584.84    0  854 2.3585e+07 1328584.84  94.4%     -   43s
     0     0 1328584.84    0  858 2.3585e+07 1328584.84  94.4%     -   45s
     0     0 1328584.84    0  858 2.3585e+07 1328584.84  94.4%     -   51s
H    0     0                    1.869038e+07 1328590.99  92.9%     -   53s
     0     2 1328590.99    0  858 1.8690e+07 1328590.99  92.9%     -   57s
    13    16 1328590.99    7  852 1.8690e+07 1328590.99  92.9%   2.7   60s
    29    32 1328668.75   14  846 1.8690e+07 1328590.99  92.9%   2.0   65s
    45    67 1328668.75   19  840 1.8690e+07 1328590.99  92.9%   1.6   71s
    66    92 1328668.75   28  835 1.8690e+07 1328590.99  92.9%   1.4   75s
    91   117 1328668.75   38  828 1.8690e+07 1328590.99  92.9%   1.3   82s
H  106   117                    1.840691e+07 1328590.99  92.8%   1.3   82s
   116   164 1328668.75   51  816 1.8407e+07 1328590.99  92.8%   1.2   90s
   163   277 1328668.75   69  803 1.8407e+07 1328590.99  92.8%   1.2  103s
   276   358 1328754.55  114  772 1.8407e+07 1328590.99  92.8%   1.1  113s
   357   451 1328754.63  149  747 1.8407e+07 1328590.99  92.8%   1.1  124s
   450   573 1328754.63  187  728 1.8407e+07 1328590.99  92.8%   1.1  137s
   572   693 1328754.63  241  715 1.8407e+07 1328590.99  92.8%   1.1  149s
   692   854 1328754.63  301  715 1.8407e+07 1328590.99  92.8%   1.2  162s
   853   977 1328754.63  381  715 1.8407e+07 1328590.99  92.8%   1.2  174s
   976  1109 1328754.63  442  715 1.8407e+07 1328590.99  92.8%   1.3  188s
  1108  1254 1328754.63  509  715 1.8407e+07 1328590.99  92.8%   1.3  201s
  1253  1388 1328754.63  582  715 1.8407e+07 1328590.99  92.8%   1.3  213s
  1387  1537 1328754.63  649  715 1.8407e+07 1328590.99  92.8%   1.3  226s
  1536  1717 1328754.63  723  715 1.8407e+07 1328590.99  92.8%   1.4  241s
  1716  1866 1328754.63  812  715 1.8407e+07 1328590.99  92.8%   1.4  254s
H 1804  1866                    1.840563e+07 1328590.99  92.8%   1.4  254s
  1865  2033 1328754.63  885  715 1.8406e+07 1328590.99  92.8%   1.4  266s
  2032  2204 1328754.63  972  715 1.8406e+07 1328590.99  92.8%   1.4  280s
  2203  2399 1328754.63 1056  715 1.8406e+07 1328590.99  92.8%   1.4  295s
  2398  2550 1328754.63 1152  715 1.8406e+07 1328590.99  92.8%   1.4  313s
  2549  2703 1328754.63 1213  716 1.8406e+07 1328590.99  92.8%   1.4  335s
  2702  2843 1328761.65 1288  715 1.8406e+07 1328590.99  92.8%   1.4  354s
  2842  2964 1328761.65 1355  714 1.8406e+07 1328590.99  92.8%   1.4  375s
  2963  3107 1328761.65 1428  715 1.8406e+07 1328590.99  92.8%   1.4  400s
H 3063  3107                    1.835496e+07 1328590.99  92.8%   1.3  400s
  3106  3283 1328761.65 1500  715 1.8355e+07 1328590.99  92.8%   1.3  425s
  3282  3473 1328761.65 1587  714 1.8355e+07 1328590.99  92.8%   1.3  449s
  3472  3653 1328761.65 1681  714 1.8355e+07 1328590.99  92.8%   1.3  476s
  3653  3654 1328754.63  936  533 1.8355e+07 1328590.99  92.8%   1.3  514s
  3655  3655 1328754.63 1024  149 1.8355e+07 1328590.99  92.8%   1.3  530s
H 3655  3472                    1.665075e+07 3009444.64  81.9%   1.3  534s
  3656  3473 3009444.64   84  243 1.6651e+07 3009444.64  81.9%   1.3  538s
  3657  3474 3014301.22 1337  243 1.6651e+07 3014301.22  81.9%   1.3  542s
  3658  3474 3022531.75 1338  235 1.6651e+07 3022531.75  81.8%   1.3  548s
  3659  3475 3022531.75  264  235 1.6651e+07 3022531.75  81.8%   1.3  553s
  3660  3476 3022573.41 1425  237 1.6651e+07 3022573.41  81.8%   1.3  557s
  3662  3477 3022573.41 1058  147 1.6651e+07 3022573.41  81.8%   1.3  565s
  3664  3478 3022573.41 1142  163 1.6651e+07 3022573.41  81.8%   1.3  571s
  3666  3480 3022573.41  990  154 1.6651e+07 3022573.41  81.8%   1.3  579s
  3667  3480 3022573.41 1251  159 1.6651e+07 3022573.41  81.8%   1.3  580s
  3670  3482 3022573.41  263  162 1.6651e+07 3022573.41  81.8%   1.3  588s
  3672  3484 3022573.41 1026  175 1.6651e+07 3022573.41  81.8%   1.3  594s
  3673  3484 3022573.41 1726  179 1.6651e+07 3022573.41  81.8%   1.3  596s
  3677  3488 3022573.41 1760  533 1.6651e+07 3022573.41  81.8%   2.8  601s
  3679  3489 3022573.41  472  151 1.6651e+07 3022573.41  81.8%   2.8  621s
  3680  3490 3022573.41 1203  245 1.6651e+07 3022573.41  81.8%   2.8  628s
  3681  3491 3024107.76  301  244 1.6651e+07 3024107.76  81.8%   2.8  632s
  3682  3491 3024107.76  701  241 1.6651e+07 3024107.76  81.8%   2.8  639s
  3683  3492 3024149.43 1205  238 1.6651e+07 3024149.43  81.8%   2.8  646s
  3684  3493 3024149.43  264  229 1.6651e+07 3024149.43  81.8%   2.8  652s
  3686  3494 3024149.43  520  153 1.6651e+07 3024149.43  81.8%   2.8  661s
  3688  3495 3024149.43 1549  160 1.6651e+07 3024149.43  81.8%   2.8  672s
  3690  3497 3024149.43  969  160 1.6651e+07 3024149.43  81.8%   2.8  677s
  3692  3498 3024149.43 1487  160 1.6651e+07 3024149.43  81.8%   2.8  682s
  3694  3499 3024149.43  505  172 1.6651e+07 3024149.43  81.8%   2.8  687s
  3696  3501 3024149.43 1100  169 1.6651e+07 3024149.43  81.8%   2.8  693s
  3699  3504 3024149.43 1458  533 1.6651e+07 3024149.43  81.8%   4.5  698s
  3701  3505 3024149.43  927  153 1.6651e+07 3024149.43  81.8%   4.5  710s
  3703  3507 3024149.43 1334  250 1.6651e+07 3024149.43  81.8%   4.5  716s
  3705  3508 3024149.43 1754  245 1.6651e+07 3024149.43  81.8%   4.5  722s
  3707  3509 3024149.43  350  249 1.6651e+07 3024149.43  81.8%   4.5  725s
  3709  3511 3024149.43 1064  246 1.6651e+07 3024149.43  81.8%   4.5  730s
  3711  3512 3024149.43   88  231 1.6651e+07 3024149.43  81.8%   4.5  735s
  3713  3513 3024149.43  699  162 1.6651e+07 3024149.43  81.8%   4.5  740s
  3716  3515 3024149.43 1191  171 1.6651e+07 3024149.43  81.8%   4.5  747s
  3718  3517 3024149.43 1459  175 1.6651e+07 3024149.43  81.8%   4.5  752s
  3720  3518 3024149.43 1013  179 1.6651e+07 3024149.43  81.8%   4.5  755s
  3721  3519 3024149.43 1363  178 1.6651e+07 3024149.43  81.8%   4.5  770s
H 3721  3342                    1.488109e+07 3024149.43  79.7%   4.5  771s
  3723  3346 3024474.06   45  823 1.4881e+07 3024149.43  79.7%   5.8  777s
  3735  3354 3026501.62   48  818 1.4881e+07 3024179.21  79.7%   5.8  780s
  3749  3363 3024482.29   52  813 1.4881e+07 3024179.21  79.7%   5.8  786s
  3769  3379 3024482.29   57  808 1.4881e+07 3024179.21  79.7%   5.8  790s
  3777  3382 3025709.48   59  806 1.4881e+07 3024179.21  79.7%   6.1  797s
  3787  3394 3024482.29   62  803 1.4881e+07 3024179.21  79.7%   6.5  800s
  3806  3403 3024482.29   66  799 1.4881e+07 3024179.21  79.7%   6.5  805s
  3826  3430 3024899.97   70  795 1.4881e+07 3024179.21  79.7%   6.5  812s
  3843  3447 3024482.29   74  791 1.4881e+07 3024179.21  79.7%   6.5  816s
  3866  3461 3024482.29   80  785 1.4881e+07 3024179.21  79.7%   6.5  821s
  3888  3468 3024791.62   85  785 1.4881e+07 3024179.21  79.7%   6.5  827s
  3902  3507 3025103.14   89  782 1.4881e+07 3024179.21  79.7%   6.5  835s
  3946  3561 3024693.58  100  764 1.4881e+07 3024179.21  79.7%   6.5  848s
  4014  3677 3024677.41  118  749 1.4881e+07 3024179.21  79.7%   6.4  868s
  4153  3803 3024625.10  157  737 1.4881e+07 3024179.21  79.7%   6.3  896s
  4325  3920 3024625.10  213  737 1.4881e+07 3024179.21  79.7%   6.1  924s
H 4335  3750                    1.488109e+07 3024179.21  79.7%   6.1  924s
  4500  3888 3024492.56  270  736 1.4881e+07 3024179.21  79.7%   6.0  953s
  4693  3969 3024482.29  328  737 1.4881e+07 3024179.21  79.7%   5.8  973s
  4838  4084 3024625.10  365  737 1.4881e+07 3024179.21  79.7%   5.7 1000s
  5002  4187 3024492.56  418  736 1.4881e+07 3024179.21  79.7%   5.6 1022s
  5159  4343 3024625.10  465  737 1.4881e+07 3024179.21  79.7%   5.5 1049s
  5368  4471 3024482.29  528  737 1.4881e+07 3024179.21  79.7%   5.4 1078s
  5565  4602 3024482.29  592  737 1.4881e+07 3024179.21  79.7%   5.3 1098s
  5762  4752 3024492.56  654  736 1.4881e+07 3024179.21  79.7%   5.2 1126s
  5978  4847 3024482.29  718  737 1.4881e+07 3024179.21  79.7%   5.1 1151s
  6145  5010 3024482.29  769  737 1.4881e+07 3024179.21  79.7%   5.0 1175s
  6363  5176 3024625.10  829  737 1.4881e+07 3024179.21  79.7%   4.9 1201s
  6602  5345 3024482.29  903  737 1.4881e+07 3024179.21  79.7%   4.8 1226s
  6851  5526 3024625.10  979  737 1.4881e+07 3024179.21  79.7%   4.7 1266s
  7115  5686 3024482.29 1056  737 1.4881e+07 3024179.21  79.7%   4.6 1294s
  7363  5860 3024625.10 1133  737 1.4881e+07 3024179.21  79.7%   4.5 1328s
  7619  6043 3024625.10 1207  737 1.4881e+07 3024179.21  79.7%   4.5 1370s
  7888  6256 3024482.29 1288  737 1.4881e+07 3024179.21  79.7%   4.4 1404s
  8190  6482 3024506.82 1372  724 1.4881e+07 3024179.21  79.7%   4.4 1439s
  8517  6627 3024492.56 1466  725 1.4881e+07 3024179.21  79.7%   4.4 1475s
  8771  6894 3024506.82 1538  724 1.4881e+07 3024179.21  79.7%   4.3 1511s
  9123  7093 3024506.82 1638  724 1.4881e+07 3024179.21  79.7%   4.3 1558s
  9439  7266 3024492.56 1733  724 1.4881e+07 3024179.21  79.7%   4.3 1600s
  9717  7483 3024497.67 1815  744 1.4881e+07 3024179.21  79.7%   4.3 1640s
 10027  7683 3024497.67 1901  744 1.4881e+07 3024179.21  79.7%   4.3 1676s
 10330  7871 3024492.56 1993  725 1.4881e+07 3024179.21  79.7%   4.3 1719s
 10619  8051 3024497.67 2078  745 1.4881e+07 3024179.21  79.7%   4.3 1755s
 10896  8293 3024492.56 2159  725 1.4881e+07 3024179.21  79.7%   4.3 1792s
 11230  8486 3024492.56 2256  725 1.4881e+07 3024179.21  79.7%   4.3 1838s
 11534  8718 3024492.56 2346  725 1.4881e+07 3024179.21  79.7%   4.3 1869s
 11868  8889 3024506.82 2443  724 1.4881e+07 3024179.21  79.7%   4.3 1905s
 12150  9093 3024506.82 2533  724 1.4881e+07 3024179.21  79.7%   4.3 1948s
 12448  9329 3024497.67 2620  745 1.4881e+07 3024179.21  79.7%   4.3 1998s
 12783  9504 3024492.56 2718  725 1.4881e+07 3024179.21  79.7%   4.3 2038s
 13070  9699 3024492.56 2802  725 1.4881e+07 3024179.21  79.7%   4.3 2075s
 13361  9895 3024497.67 2888  745 1.4881e+07 3024179.21  79.7%   4.3 2123s
 13616 10225 3024492.56 2967  725 1.4881e+07 3024179.21  79.7%   4.3 2181s
 13946 10505 3024492.56 3063  725 1.4881e+07 3024179.21  79.7%   4.3 2229s
 14226 10790 3024492.56 3141  725 1.4881e+07 3024179.21  79.7%   4.3 2286s
 14511 11059 3024492.56 3220  725 1.4881e+07 3024179.21  79.7%   4.3 2320s
 14780 11379 3024506.82 3297  724 1.4881e+07 3024179.21  79.7%   4.3 2357s
 15100 11711 3024492.56 3387  725 1.4881e+07 3024179.21  79.7%   4.3 2398s
 15432 11973 3024497.67 3484  745 1.4881e+07 3024179.21  79.7%   4.3 2432s
 15694 12301 3024506.82 3561  724 1.4881e+07 3024179.21  79.7%   4.3 2476s
 16022 12585 3024506.82 3655  724 1.4881e+07 3024179.21  79.7%   4.3 2508s
 16306 12880 3024492.56 3736  725 1.4881e+07 3024179.21  79.7%   4.3 2545s
 16601 13175 3024492.56 3823  725 1.4881e+07 3024179.21  79.7%   4.3 2582s
 16896 13391 3024497.67 3910  745 1.4881e+07 3024179.21  79.7%   4.3 2618s
 17112 13551 3024506.82 3969  724 1.4881e+07 3024179.21  79.7%   4.3 2649s
 17272 13898 3024492.56 4016  725 1.4881e+07 3024179.21  79.7%   4.3 2708s
 17619 14190 3024506.82 4117  724 1.4881e+07 3024179.21  79.7%   4.3 2755s
 17911 14508 3024492.56 4201  725 1.4881e+07 3024179.21  79.7%   4.3 2801s
 18229 14825 3024492.56 4296  725 1.4881e+07 3024179.21  79.7%   4.3 2841s
 18546 15149 3024506.82 4387  724 1.4881e+07 3024179.21  79.7%   4.3 2874s
 18870 15431 3024492.56 4486  725 1.4881e+07 3024179.21  79.7%   4.3 2909s
 19152 15714 3024492.56 4565  725 1.4881e+07 3024179.21  79.7%   4.3 2947s
 19435 15764 3024492.56 4653  725 1.4881e+07 3024179.21  79.7%   4.3 2986s
 19485 16000 3024492.56 4668  725 1.4881e+07 3024179.21  79.7%   4.3 3020s
 19721 16314 3024506.82 4733  724 1.4881e+07 3024179.21  79.7%   4.3 3057s
 20035 16662 3024506.82 4825  724 1.4881e+07 3024179.21  79.7%   4.3 3100s
 20383 16967 3024497.67 4928  745 1.4881e+07 3024179.21  79.7%   4.3 3127s
 20688 17303 3024506.82 5015  718 1.4881e+07 3024179.21  79.7%   4.3 3157s
 21024 17586 3024506.82 5105  718 1.4881e+07 3024179.21  79.7%   4.2 3185s
 21307 17911 3024567.29 5189  719 1.4881e+07 3024179.21  79.7%   4.2 3214s
 21632 18263 3024509.93 5276  717 1.4881e+07 3024179.21  79.7%   4.2 3242s
 21984 18542 3024567.29 5375  719 1.4881e+07 3024179.21  79.7%   4.1 3271s
 22263 18854 3024509.93 5446  717 1.4881e+07 3024179.21  79.7%   4.1 3307s
 22575 19207 3024506.82 5534  719 1.4881e+07 3024179.21  79.7%   4.1 3347s
 22928 19486 3024506.82 5633  718 1.4881e+07 3024179.21  79.7%   4.1 3386s
 23207 19825 3024506.82 5723  718 1.4881e+07 3024179.21  79.7%   4.0 3431s
 23546 20158 3024567.29 5821  719 1.4881e+07 3024179.21  79.7%   4.0 3472s
 23879 20480 3024506.82 5920  719 1.4881e+07 3024179.21  79.7%   4.0 3504s
 24201 20802 3024506.82 6013  718 1.4881e+07 3024179.21  79.7%   4.0 3540s
 24523 20888 3024509.93 6102  717 1.4881e+07 3024179.21  79.7%   3.9 3589s
 24609 20963 3024506.82 6129  718 1.4881e+07 3024179.21  79.7%   3.9 3600s

Cutting planes:
  MIR: 6
  RLT: 256

Explored 24684 nodes (100921 simplex iterations) in 3600.48 seconds (1113.54 work units)
Thread count was 2 (of 24 available processors)

Solution count 8: 1.48811e+07 1.66508e+07 1.8355e+07 ... 9.77863e+07

Time limit reached
Best objective 1.488109246499e+07, best bound 3.024179205134e+06, gap 79.6777%
