
Gurobi 11.0.3 (linux64, Java) logging started seg 16 dez 2024 13:47:52 -03

Set parameter Username
Academic license - for non-commercial use only - expires 2025-10-10
Set parameter NonConvex to value 2
Set parameter TimeLimit to value 3600
Set parameter LogToConsole to value 0
Set parameter MIPGap to value 4.4613657861950539e-09
Set parameter Threads to value 2
Set parameter NodefileDir to value "/home/ps12398/experiment_epec/goalProgrammingMarcos/"
Set parameter NodefileStart to value 1
Gurobi Optimizer version 11.0.3 build v11.0.3rc0 (linux64)

CPU model: Intel(R) Xeon(R) CPU           X5650  @ 2.67GHz, instruction set [SSE2]
Thread count: 12 physical cores, 24 logical processors, using up to 2 threads

Optimize a model with 1240340 rows, 833994 columns and 9386876 nonzeros
Model fingerprint: 0xe61fb780
Model has 650 quadratic constraints
Variable types: 416676 continuous, 417318 integer (645 binary)
Coefficient statistics:
  Matrix range     [2e-03, 6e+07]
  QMatrix range    [2e-03, 1e+06]
  QLMatrix range   [1e+00, 1e+06]
  Objective range  [1e+00, 4e+08]
  Bounds range     [1e+00, 2e+08]
  RHS range        [1e+00, 3e+06]
  QRHS range       [1e-01, 1e-01]
Presolve removed 819187 rows and 405413 columns (presolve time = 6s) ...
Presolve removed 1236139 rows and 828700 columns
Presolve time: 9.41s
Presolved: 6789 rows, 6090 columns, 1765074 nonzeros
Presolved model has 2 SOS constraint(s)
Presolved model has 645 bilinear constraint(s)

Solving non-convex MIQCP

Variable types: 2100 continuous, 3990 integer (647 binary)
Found heuristic solution: objective 6.042852e+07

Root simplex log...

Iteration    Objective       Primal Inf.    Dual Inf.      Time
       0    0.0000000e+00   5.006874e+04   0.000000e+00     14s
     511    8.1925629e+06   0.000000e+00   0.000000e+00     15s

Root relaxation: objective 8.192563e+06, 511 iterations, 0.68 seconds (0.22 work units)
Total elapsed time = 14.59s (DegenMoves)

    Nodes    |    Current Node    |     Objective Bounds      |     Work
 Expl Unexpl |  Obj  Depth IntInf | Incumbent    BestBd   Gap | It/Node Time

     0     0 8192562.91    0  656 6.0429e+07 8192562.91  86.4%     -   14s
H    0     0                    4.447023e+07 8192562.91  81.6%     -   15s
     0     0 8203397.90    0  703 4.4470e+07 8203397.90  81.6%     -   18s
     0     0 8211511.35    0  712 4.4470e+07 8211511.35  81.5%     -   21s
     0     0 8211534.49    0  713 4.4470e+07 8211534.49  81.5%     -   21s
     0     0 8215861.82    0  721 4.4470e+07 8215861.82  81.5%     -   23s
     0     0 8215908.61    0  723 4.4470e+07 8215908.61  81.5%     -   24s
     0     0 8219081.17    0  733 4.4470e+07 8219081.17  81.5%     -   24s
     0     0 8219134.27    0  735 4.4470e+07 8219134.27  81.5%     -   25s
     0     0 8220099.01    0  735 4.4470e+07 8220099.01  81.5%     -   25s
     0     0 8220298.09    0  739 4.4470e+07 8220298.09  81.5%     -   27s
     0     0 8220394.87    0  739 4.4470e+07 8220394.87  81.5%     -   27s
     0     0 8220742.44    0  736 4.4470e+07 8220742.44  81.5%     -   28s
     0     0 8220827.94    0  736 4.4470e+07 8220827.94  81.5%     -   30s
     0     0 8220927.56    0  736 4.4470e+07 8220927.56  81.5%     -   30s
     0     0 8220929.72    0  737 4.4470e+07 8220929.72  81.5%     -   31s
     0     0 8221193.70    0  737 4.4470e+07 8221193.70  81.5%     -   32s
     0     0 8221521.54    0  737 4.4470e+07 8221521.54  81.5%     -   33s
     0     0 8221694.82    0  737 4.4470e+07 8221694.82  81.5%     -   34s
     0     0 8221978.78    0  736 4.4470e+07 8221978.78  81.5%     -   35s
     0     0 8221979.77    0  738 4.4470e+07 8221979.77  81.5%     -   36s
     0     0 8222157.69    0  738 4.4470e+07 8222157.69  81.5%     -   36s
     0     0 8222324.30    0  738 4.4470e+07 8222324.30  81.5%     -   37s
     0     0 8222494.63    0  738 4.4470e+07 8222494.63  81.5%     -   38s
     0     0 8222775.50    0  738 4.4470e+07 8222775.50  81.5%     -   41s
     0     0 8222775.67    0  738 4.4470e+07 8222775.67  81.5%     -   43s
     0     0 8223022.14    0  736 4.4470e+07 8223022.14  81.5%     -   43s
     0     0 8223022.64    0  739 4.4470e+07 8223022.64  81.5%     -   44s
     0     0 8223024.07    0  739 4.4470e+07 8223024.07  81.5%     -   44s
     0     0 8223240.70    0  739 4.4470e+07 8223240.70  81.5%     -   45s
     0     0 8223241.89    0  740 4.4470e+07 8223241.89  81.5%     -   46s
     0     0 8223472.06    0  741 4.4470e+07 8223472.06  81.5%     -   47s
     0     0 8223710.40    0  739 4.4470e+07 8223710.40  81.5%     -   48s
     0     0 8223711.38    0  740 4.4470e+07 8223711.38  81.5%     -   49s
     0     0 8223886.24    0  740 4.4470e+07 8223886.24  81.5%     -   50s
     0     0 8223888.34    0  742 4.4470e+07 8223888.34  81.5%     -   50s
     0     0 8224137.58    0  740 4.4470e+07 8224137.58  81.5%     -   51s
     0     0 8224139.02    0  741 4.4470e+07 8224139.02  81.5%     -   52s
     0     0 8224139.25    0  741 4.4470e+07 8224139.25  81.5%     -   52s
     0     0 8224389.08    0  738 4.4470e+07 8224389.08  81.5%     -   53s
     0     0 8224389.97    0  739 4.4470e+07 8224389.97  81.5%     -   53s
     0     0 8224390.38    0  740 4.4470e+07 8224390.38  81.5%     -   54s
     0     0 8224606.00    0  738 4.4470e+07 8224606.00  81.5%     -   55s
     0     0 8224615.04    0  741 4.4470e+07 8224615.04  81.5%     -   55s
     0     0 8224615.31    0  741 4.4470e+07 8224615.31  81.5%     -   56s
     0     0 8224615.91    0  741 4.4470e+07 8224615.91  81.5%     -   58s
     0     0 8224874.33    0  734 4.4470e+07 8224874.33  81.5%     -   59s
     0     0 8224875.02    0  741 4.4470e+07 8224875.02  81.5%     -   59s
     0     0 8225072.41    0  739 4.4470e+07 8225072.41  81.5%     -   60s
     0     0 8225078.51    0  741 4.4470e+07 8225078.51  81.5%     -   61s
     0     0 8225303.11    0  734 4.4470e+07 8225303.11  81.5%     -   61s
     0     0 8225304.20    0  739 4.4470e+07 8225304.20  81.5%     -   62s
     0     0 8225445.47    0  744 4.4470e+07 8225445.47  81.5%     -   62s
     0     0 8225449.79    0  745 4.4470e+07 8225449.79  81.5%     -   63s
     0     0 8225532.38    0  738 4.4470e+07 8225532.38  81.5%     -   64s
     0     0 8225532.38    0  738 4.4470e+07 8225532.38  81.5%     -   69s
     0     2 8225532.38    0  738 4.4470e+07 8225532.38  81.5%     -   76s
    17    35 8225547.38    7  738 4.4470e+07 8225535.09  81.5%   4.1   80s
    36    91 8225547.39   16  738 4.4470e+07 8225535.09  81.5%   2.5   86s
    90   204 8225547.43   43  738 4.4470e+07 8225535.09  81.5%   1.6   91s
   203   326 8225547.52   99  738 4.4470e+07 8225535.09  81.5%   1.3   98s
   325   432 8225547.62  160  738 4.4470e+07 8225535.09  81.5%   1.2  104s
   431   504 8225547.71  213  738 4.4470e+07 8225535.09  81.5%   1.1  112s
   503   550 8225547.82  278  738 4.4470e+07 8225535.09  81.5%   1.1  120s
   549   662 8225547.86  303  738 4.4470e+07 8225535.09  81.5%   1.1  129s
   661   742 8225610.94  331  734 4.4470e+07 8225535.09  81.5%   1.2  138s
   741   831 8225699.96  360  735 4.4470e+07 8225535.09  81.5%   1.4  147s
   830   907 8225799.86  390  734 4.4470e+07 8225535.09  81.5%   1.5  156s
   906  1008 8225897.59  420  733 4.4470e+07 8225535.09  81.5%   1.6  171s
  1007  1112 8226010.83  455  733 4.4470e+07 8225535.09  81.5%   1.7  185s
  1111  1203 8226124.07  490  733 4.4470e+07 8225535.09  81.5%   1.8  194s
  1202  1328 8226149.66  531  708 4.4470e+07 8225535.09  81.5%   1.9  210s
  1327  1411 8226152.00  582  692 4.4470e+07 8225535.09  81.5%   1.9  227s
  1410  1535 8226153.98  617  692 4.4470e+07 8225535.09  81.5%   1.9  238s
  1534  1662 8226155.58  667  687 4.4470e+07 8225535.09  81.5%   1.9  258s
  1661  1788 8226156.55  711  684 4.4470e+07 8225535.09  81.5%   1.9  276s
  1787  1921 8226158.41  764  681 4.4470e+07 8225535.09  81.5%   1.9  295s
H 1847  1921                    3.302911e+07 8225535.09  75.1%   1.8  295s
  1920  2109 8226159.01  830  683 3.3029e+07 8225535.09  75.1%   1.8  314s
  2108  2271 8226159.74  909  680 3.3029e+07 8225535.09  75.1%   1.8  335s
  2270  2550 8226160.76  971  680 3.3029e+07 8225535.09  75.1%   1.8  358s
  2549  2800 8226166.88 1123  681 3.3029e+07 8225535.09  75.1%   1.7  375s
  2799  2983 8226171.96 1291  681 3.3029e+07 8225535.09  75.1%   1.7  401s
H 2937  2983                    3.290026e+07 8225535.09  75.0%   1.7  401s
  2982  3278 8226218.19 1403  681 3.2900e+07 8225535.09  75.0%   1.7  430s
  3277  3478 8226291.34 1595  678 3.2900e+07 8225535.09  75.0%   1.7  451s
H 3420  3478                    3.289389e+07 8225535.09  75.0%   1.6  451s
  3477  3715 8226310.38 1702  668 3.2894e+07 8225535.09  75.0%   1.6  470s
  3715  3716 8225548.20    5  871 3.2894e+07 8225535.09  75.0%   1.7  493s
  3717  3717 8225750.88  385   29 3.2894e+07 8225535.09  75.0%   1.7  500s
H 3717  3531                    3.216493e+07 8229049.19  74.4%   1.7  506s
H 3717  3354                    3.020319e+07 8229049.19  72.8%   1.7  507s
  3719  3356 8229072.96  321  101 3.0203e+07 8229072.96  72.8%   1.7  511s
  3720  3356 8230004.27 1336  107 3.0203e+07 8230004.27  72.8%   1.7  517s
  3721  3357 8230222.76  649  108 3.0203e+07 8230222.76  72.8%   1.7  520s
  3723  3358 8230600.15  539  108 3.0203e+07 8230600.15  72.7%   1.7  527s
  3725  3360 8230888.08 1461  111 3.0203e+07 8230888.08  72.7%   1.7  533s
  3726  3360 8231177.15 1086  110 3.0203e+07 8231177.15  72.7%   1.7  536s
  3728  3362 8231376.48 1043  113 3.0203e+07 8231376.48  72.7%   1.7  541s
  3730  3363 8231594.25 1193  114 3.0203e+07 8231594.25  72.7%   1.7  546s
H 3730  3195                    2.763620e+07 8231784.59  70.2%   1.7  551s
  3732  3196 8231787.15  695  109 2.7636e+07 8231787.15  70.2%   1.7  555s
  3734  3198 8231955.82  828  113 2.7636e+07 8231955.82  70.2%   1.7  562s
  3735  3198 8232172.44 1021  111 2.7636e+07 8232172.44  70.2%   1.7  568s
  3737  3200 8232358.02 1016  115 2.7636e+07 8232358.02  70.2%   1.7  572s
  3739  3201 8232518.24  438  116 2.7636e+07 8232518.24  70.2%   1.7  576s
H 3739  3040                    2.762217e+07 8232664.92  70.2%   1.7  577s
  3740  3041 8232664.92  581  118 2.7622e+07 8232664.92  70.2%   1.7  580s
H 3740  2889                    2.732032e+07 8232870.68  69.9%   1.7  583s
  3742  2890 8232873.41 1448  112 2.7320e+07 8232873.41  69.9%   1.7  586s
  3744  2891 8233066.49 1108  112 2.7320e+07 8233066.49  69.9%   1.7  590s
  3748  2894 8233385.14  480  117 2.7320e+07 8233385.14  69.9%   1.7  596s
  3751  2896 8233701.82   57  120 2.7320e+07 8233701.82  69.9%   1.7  601s
H 3752  2751                    2.658843e+07 8233858.59  69.0%   1.7  605s
  3758  2755 8234208.85  944  116 2.6588e+07 8234208.85  69.0%   1.7  610s
  3763  2758 8234637.30  346  115 2.6588e+07 8234637.30  69.0%   1.7  615s
  3768  2761 8234900.05  117  124 2.6588e+07 8234900.05  69.0%   1.7  620s
  3772  2764 8235117.96  873  123 2.6588e+07 8235117.96  69.0%   1.7  625s
  3779  2769 8235623.35  448  125 2.6588e+07 8235623.35  69.0%   1.7  630s
  3785  2773 8235930.80  825  125 2.6588e+07 8235930.80  69.0%   1.6  635s
  3791  2777 8236318.33  607  126 2.6588e+07 8236318.33  69.0%   1.6  640s
  3796  2780 8236604.42  697  127 2.6588e+07 8236604.42  69.0%   1.6  645s
  3801  2783 8236876.64 1255  127 2.6588e+07 8236876.64  69.0%   1.6  650s
  3807  2787 8237249.73 1349  126 2.6588e+07 8237249.73  69.0%   1.6  655s
  3811  2790 8237445.51  461  133 2.6588e+07 8237445.51  69.0%   1.6  660s
  3816  2793 8237661.05  315  137 2.6588e+07 8237661.05  69.0%   1.6  665s
  3822  2797 8237981.88 1451  138 2.6588e+07 8237981.88  69.0%   1.6  670s
  3828  2801 8238336.28 1043  139 2.6588e+07 8238336.28  69.0%   1.6  675s
  3833  2805 8238650.96 1333  135 2.6588e+07 8238650.96  69.0%   1.6  680s
  3840  2809 8239048.05  581  135 2.6588e+07 8239048.05  69.0%   1.6  685s
H 3846  2670                    2.658634e+07 8239515.26  69.0%   1.6  690s
  3853  2675 8239814.92  370  144 2.6586e+07 8239814.92  69.0%   1.6  695s
  3857  2678 8240108.56 1273  147 2.6586e+07 8240108.56  69.0%   1.6  700s
  3861  2680 8240406.70  982  145 2.6586e+07 8240406.70  69.0%   1.6  705s
  3864  2682 8240452.58  432  150 2.6586e+07 8240452.58  69.0%   1.6  710s
  3869  2686 8240857.15  997  152 2.6586e+07 8240857.15  69.0%   1.6  715s
  3876  2690 8241183.68  915  155 2.6586e+07 8241183.68  69.0%   1.6  720s
  3881  2694 8241489.78   42  149 2.6586e+07 8241489.78  69.0%   1.6  725s
  3887  2698 8241791.23 1520  147 2.6586e+07 8241791.23  69.0%   1.6  732s
  3891  2700 8242074.78  607  154 2.6586e+07 8242074.78  69.0%   1.6  735s
  3898  2705 8242143.76  410  162 2.6586e+07 8242143.76  69.0%   1.6  740s
  3904  2709 8242305.88  158  161 2.6586e+07 8242305.88  69.0%   1.6  745s
  3913  2716 8242384.89 1133  871 2.6586e+07 8242384.89  69.0%   3.1  758s
  3915  2717 8242384.89    5   32 2.6586e+07 8242384.89  69.0%   3.1  767s
  3916  2718 8242384.89  315   66 2.6586e+07 8242384.89  69.0%   3.1  771s
  3917  2719 8242384.89  385  133 2.6586e+07 8242384.89  69.0%   3.1  777s
  3918  2719 8242384.89 1366  163 2.6586e+07 8242384.89  69.0%   3.1  782s
  3919  2720 8242402.58  321  162 2.6586e+07 8242402.58  69.0%   3.1  786s
  3920  2721 8242411.38 1336  160 2.6586e+07 8242411.38  69.0%   3.1  790s
  3922  2722 8242430.57 1451  158 2.6586e+07 8242430.57  69.0%   3.1  797s
  3924  2723 8242434.50 1537  164 2.6586e+07 8242434.50  69.0%   3.1  803s
  3926  2725 8242445.94 1086  168 2.6586e+07 8242445.94  69.0%   3.1  809s
  3927  2725 8242455.38  930  155 2.6586e+07 8242455.38  69.0%   3.1  812s
  3928  2726 8242458.48 1043  162 2.6586e+07 8242458.48  69.0%   3.1  817s
  3930  2727 8242465.25 1193  168 2.6586e+07 8242465.25  69.0%   3.1  824s
  3931  2728 8242466.38 1382  168 2.6586e+07 8242466.38  69.0%   3.1  832s
  3933  2729 8242468.43 1333  172 2.6586e+07 8242468.43  69.0%   3.1  843s
  3934  2730 8242468.43  828  172 2.6586e+07 8242468.43  69.0%   3.1  845s
  3935  2734 8242473.98   25  813 2.6586e+07 8242468.43  69.0%   3.6  855s
H 3941  2601                    2.658630e+07 8242469.64  69.0%   3.6  879s
  3943  2602 8242479.04   27  814 2.6586e+07 8242469.64  69.0%   3.6  881s
  3947  2605 8242481.34   28  813 2.6586e+07 8242471.71  69.0%   3.6  885s
  3953  2609 8242481.87   30  809 2.6586e+07 8242472.23  69.0%   3.6  891s
  3955  2617 8242480.68   30  808 2.6586e+07 8242472.64  69.0%   3.6  900s
H 3964  2500                    2.270141e+07 8242473.03  63.7%   3.6  918s
H 3971  2374                    2.166712e+07 8242473.03  62.0%   3.6  918s
  3980  2400 8242493.06   36  803 2.1667e+07 8242473.03  62.0%   3.6  948s
  4009  2450 8242506.59   43  796 2.1667e+07 8242473.03  62.0%   3.6 1024s
H 4038  2323                    2.133540e+07 8242473.03  61.4%   3.6 1024s
H 4069  2311                    2.109291e+07 8242473.03  60.9%   3.6 1122s
H 4179  2285                    2.102703e+07 8242473.03  60.8%   3.5 1250s
H 4237  2166                    2.084464e+07 8242473.03  60.5%   3.5 1250s
H 4296  2164                    2.072523e+07 8242473.03  60.2%   3.5 1361s
H 4355  2054                    2.066274e+07 8242473.03  60.1%   3.5 1361s
H 4410  2064                    2.051022e+07 8242473.03  59.8%   3.5 1475s
H 4525  2069                    2.050910e+07 8242473.03  59.8%   3.5 1615s
  4650  2157 8242535.40  204  738 2.0509e+07 8242473.03  59.8%   3.4 1752s
  4780  2269 8242537.71  236  735 2.0509e+07 8242473.03  59.8%   3.4 1914s
  4935  2356 8242539.93  276  733 2.0509e+07 8242473.03  59.8%   3.4 2088s
  5074  2460 8242541.98  311  734 2.0509e+07 8242473.03  59.8%   3.4 2220s
  5224  2564 8242543.97  347  738 2.0509e+07 8242473.03  59.8%   3.4 2385s
H 5378  2588                    1.863530e+07 8242473.03  55.8%   3.3 2522s
H 5531  2631                    1.863479e+07 8242473.03  55.8%   3.3 2682s
  5698  2737 8242554.54  469  731 1.8635e+07 8242473.03  55.8%   3.3 2862s
H 5787  2636                    1.857429e+07 8242473.03  55.6%   3.3 2863s
  5860  2771 8242558.13  513  725 1.8574e+07 8242473.03  55.6%   3.3 3050s
H 5907  2689                    1.857428e+07 8242473.03  55.6%   3.3 3050s
H 5938  2615                    1.857193e+07 8242473.03  55.6%   3.3 3050s
  6019  2770 8242560.55  552  724 1.8572e+07 8242473.03  55.6%   3.3 3241s
  6201  2897 8242561.95  599  724 1.8572e+07 8242473.03  55.6%   3.3 3427s
  6389  3038 8242564.69  646  724 1.8572e+07 8242473.03  55.6%   3.2 3596s
  6592  2972 8242567.85  697  722 1.8572e+07 8242473.03  55.6%   3.2 3600s

Cutting planes:
  MIR: 1
  RLT: 624

Explored 6594 nodes (22584 simplex iterations) in 3600.80 seconds (2059.83 work units)
Thread count was 2 (of 24 available processors)

Solution count 10: 1.85719e+07 1.85743e+07 1.85743e+07 ... 2.08446e+07

Time limit reached
Best objective 1.857192586154e+07, best bound 8.242473025912e+06, gap 55.6186%
