
Gurobi 11.0.3 (linux64, Java) logging started ter 26 nov 2024 05:41:51 -03

Set parameter Username
Academic license - for non-commercial use only - expires 2025-10-10
Set parameter NonConvex to value 2
Set parameter TimeLimit to value 3600
Set parameter LogToConsole to value 0
Set parameter MIPGap to value 5.52890488975657e-08
Set parameter Threads to value 2
Set parameter NodefileDir to value "/home/ps12398/experiment_hosp/goalProgrammingMarcos/"
Set parameter NodefileStart to value 1
Gurobi Optimizer version 11.0.3 build v11.0.3rc0 (linux64)

CPU model: Intel(R) Xeon(R) CPU           X5650  @ 2.67GHz, instruction set [SSE2]
Thread count: 12 physical cores, 24 logical processors, using up to 2 threads

Optimize a model with 17920 rows, 12411 columns and 85319 nonzeros
Model fingerprint: 0x514ca025
Model has 83 quadratic constraints
Variable types: 6168 continuous, 6243 integer (78 binary)
Coefficient statistics:
  Matrix range     [1e-02, 2e+06]
  QMatrix range    [1e-02, 4e+04]
  QLMatrix range   [1e+00, 4e+04]
  Objective range  [1e+00, 4e+07]
  Bounds range     [1e+00, 1e+08]
  RHS range        [1e+00, 5e+05]
  QRHS range       [8e-02, 8e-02]
Presolve removed 17176 rows and 11668 columns
Presolve time: 0.28s
Presolved: 1364 rows, 931 columns, 14258 nonzeros
Presolved model has 78 bilinear constraint(s)

Solving non-convex MIQCP

Variable types: 272 continuous, 659 integer (55 binary)
Found heuristic solution: objective 1.359426e+07

Root relaxation: objective 0.000000e+00, 274 iterations, 0.01 seconds (0.01 work units)

    Nodes    |    Current Node    |     Objective Bounds      |     Work
 Expl Unexpl |  Obj  Depth IntInf | Incumbent    BestBd   Gap | It/Node Time

     0     0    0.00000    0  126 1.3594e+07    0.00000   100%     -    0s
H    0     0                    5267355.2799    0.00000   100%     -    0s
     0     0    0.00000    0  257 5267355.28    0.00000   100%     -    0s
     0     0    0.00000    0  219 5267355.28    0.00000   100%     -    0s
H    0     0                    5091615.3118    0.00000   100%     -    0s
     0     0    0.00000    0  145 5091615.31    0.00000   100%     -    0s
     0     0    0.00000    0  103 5091615.31    0.00000   100%     -    0s
     0     0    0.00000    0  226 5091615.31    0.00000   100%     -    0s
     0     0    0.00000    0  118 5091615.31    0.00000   100%     -    0s
     0     0    0.00000    0  126 5091615.31    0.00000   100%     -    0s
     0     0    0.00000    0  120 5091615.31    0.00000   100%     -    1s
     0     0    0.00000    0  120 5091615.31    0.00000   100%     -    1s
     0     0    0.00000    0  117 5091615.31    0.00000   100%     -    1s
H    0     0                    5034135.7880    0.00000   100%     -    1s
     0     0    0.00000    0  186 5034135.79    0.00000   100%     -    1s
H    0     0                    4862174.3622    0.00000   100%     -    1s
     0     0    0.00000    0  141 4862174.36    0.00000   100%     -    2s
     0     0    0.00000    0  111 4862174.36    0.00000   100%     -    2s
     0     0    0.00000    0  105 4862174.36    0.00000   100%     -    2s
     0     0    0.00000    0  119 4862174.36    0.00000   100%     -    2s
     0     0    0.00000    0  119 4862174.36    0.00000   100%     -    2s
     0     0    0.00000    0  113 4862174.36    0.00000   100%     -    2s
     0     0    0.00000    0  113 4862174.36    0.00000   100%     -    2s
     0     0    0.00000    0  100 4862174.36    0.00000   100%     -    2s
     0     0    0.00000    0   99 4862174.36    0.00000   100%     -    2s
     0     0    0.00000    0   97 4862174.36    0.00000   100%     -    2s
H    0     0                    1791464.1305    0.00000   100%     -    2s
     0     0    0.00000    0  100 1791464.13    0.00000   100%     -    2s
     0     0    0.00000    0   97 1791464.13    0.00000   100%     -    2s
     0     0    0.00000    0   97 1791464.13    0.00000   100%     -    2s
     0     2    0.00000    0   97 1791464.13    0.00000   100%     -    3s
   703   854    0.00000  194   78 1791464.13    0.00000   100%   6.3    5s
H 1173  1262                    397358.61772    0.00000   100%   7.0    6s
H 1405  1565                    374015.49860    0.00000   100%   6.9    7s
H 1589  1740                    373107.53692    0.00000   100%   7.0    7s
H 1842   289                       0.0000000    0.00000  0.00%   7.4    8s

Cutting planes:
  Gomory: 4
  Implied bound: 4
  MIR: 62
  StrongCG: 1
  Flow cover: 43
  RLT: 2
  Relax-and-lift: 2

Explored 1963 nodes (18977 simplex iterations) in 8.14 seconds (3.48 work units)
Thread count was 2 (of 24 available processors)

Solution count 10: 0 373108 374015 ... 1.35943e+07

Optimal solution found (tolerance 5.53e-08)
Best objective 0.000000000000e+00, best bound 0.000000000000e+00, gap 0.0000%
