
Gurobi 11.0.3 (linux64, Java) logging started ter 26 nov 2024 12:29:10 -03

Set parameter Username
Academic license - for non-commercial use only - expires 2025-10-10
Set parameter NonConvex to value 2
Set parameter TimeLimit to value 3600
Set parameter LogToConsole to value 0
Set parameter MIPGap to value 5.52890488975657e-08
Set parameter Threads to value 2
Set parameter NodefileDir to value "/home/ps12398/experiment_hosp/goalProgrammingMarcos/"
Set parameter NodefileStart to value 1
Gurobi Optimizer version 11.0.3 build v11.0.3rc0 (linux64)

CPU model: Intel(R) Xeon(R) CPU           X5650  @ 2.67GHz, instruction set [SSE2]
Thread count: 12 physical cores, 24 logical processors, using up to 2 threads

Optimize a model with 17920 rows, 12411 columns and 85319 nonzeros
Model fingerprint: 0x5f767ecc
Model has 83 quadratic constraints
Variable types: 6168 continuous, 6243 integer (78 binary)
Coefficient statistics:
  Matrix range     [1e-02, 2e+06]
  QMatrix range    [1e-02, 4e+04]
  QLMatrix range   [1e+00, 4e+04]
  Objective range  [1e+00, 4e+07]
  Bounds range     [1e+00, 1e+08]
  RHS range        [1e+00, 2e+06]
  QRHS range       [2e-01, 2e-01]
Presolve removed 17176 rows and 11668 columns
Presolve time: 0.32s
Presolved: 1364 rows, 931 columns, 14258 nonzeros
Presolved model has 78 bilinear constraint(s)

Solving non-convex MIQCP

Variable types: 272 continuous, 659 integer (55 binary)
Found heuristic solution: objective 9929673.8643

Root relaxation: objective 0.000000e+00, 50 iterations, 0.01 seconds (0.00 work units)

    Nodes    |    Current Node    |     Objective Bounds      |     Work
 Expl Unexpl |  Obj  Depth IntInf | Incumbent    BestBd   Gap | It/Node Time

     0     0    0.00000    0   89 9929673.86    0.00000   100%     -    0s
H    0     0                    373118.06675    0.00000   100%     -    0s
     0     0    0.00000    0   84 373118.067    0.00000   100%     -    0s
H    0     0                       0.0000000    0.00000  0.00%     -    0s
     0     0    0.00000    0   84    0.00000    0.00000  0.00%     -    0s

Cutting planes:
  Gomory: 2
  MIR: 23
  RLT: 54

Explored 1 nodes (133 simplex iterations) in 0.50 seconds (0.16 work units)
Thread count was 2 (of 24 available processors)

Solution count 3: 0 373118 9.92967e+06 

Optimal solution found (tolerance 5.53e-08)
Best objective 0.000000000000e+00, best bound 0.000000000000e+00, gap 0.0000%
