
Gurobi 11.0.3 (linux64, Java) logging started ter 26 nov 2024 04:17:53 -03

Set parameter Username
Academic license - for non-commercial use only - expires 2025-10-10
Set parameter NonConvex to value 2
Set parameter TimeLimit to value 3600
Set parameter LogToConsole to value 0
Set parameter MIPGap to value 5.52890488975657e-08
Set parameter Threads to value 2
Set parameter NodefileDir to value "/home/ps12398/experiment_hosp/goalProgrammingMarcos/"
Set parameter NodefileStart to value 1
Gurobi Optimizer version 11.0.3 build v11.0.3rc0 (linux64)

CPU model: Intel(R) Xeon(R) CPU           X5650  @ 2.67GHz, instruction set [SSE2]
Thread count: 12 physical cores, 24 logical processors, using up to 2 threads

Optimize a model with 17920 rows, 12411 columns and 85319 nonzeros
Model fingerprint: 0xb6af254c
Model has 83 quadratic constraints
Variable types: 6168 continuous, 6243 integer (78 binary)
Coefficient statistics:
  Matrix range     [1e-02, 2e+06]
  QMatrix range    [1e-02, 4e+04]
  QLMatrix range   [1e+00, 4e+04]
  Objective range  [1e+00, 4e+07]
  Bounds range     [1e+00, 1e+08]
  RHS range        [1e+00, 4e+06]
  QRHS range       [3e-02, 3e-02]
Presolve removed 17176 rows and 11668 columns
Presolve time: 0.24s
Presolved: 1364 rows, 931 columns, 14258 nonzeros
Presolved model has 78 bilinear constraint(s)

Solving non-convex MIQCP

Variable types: 272 continuous, 659 integer (55 binary)
Found heuristic solution: objective 1.451039e+07

Root relaxation: objective 0.000000e+00, 339 iterations, 0.01 seconds (0.01 work units)

    Nodes    |    Current Node    |     Objective Bounds      |     Work
 Expl Unexpl |  Obj  Depth IntInf | Incumbent    BestBd   Gap | It/Node Time

     0     0    0.00000    0  188 1.4510e+07    0.00000   100%     -    0s
     0     0    0.00000    0  183 1.4510e+07    0.00000   100%     -    0s
H    0     0                    8499915.5615    0.00000   100%     -    0s
     0     0    0.00000    0  307 8499915.56    0.00000   100%     -    0s
     0     0    0.00000    0  288 8499915.56    0.00000   100%     -    0s
H    0     0                    4540005.3308    0.00000   100%     -    0s
     0     0    0.00000    0  176 4540005.33    0.00000   100%     -    0s
     0     0    0.00000    0  164 4540005.33    0.00000   100%     -    0s
     0     0    0.00000    0  150 4540005.33    0.00000   100%     -    0s
     0     0    0.00000    0  134 4540005.33    0.00000   100%     -    0s
H    0     0                    1991606.5673    0.00000   100%     -    0s
     0     0    0.00000    0  131 1991606.57    0.00000   100%     -    0s
     0     0    0.00000    0  127 1991606.57    0.00000   100%     -    0s
H    0     0                    1819909.8292    0.00000   100%     -    0s
     0     0    0.00000    0  123 1819909.83    0.00000   100%     -    0s
     0     0    0.00000    0  102 1819909.83    0.00000   100%     -    0s
     0     0    0.00000    0  102 1819909.83    0.00000   100%     -    0s
     0     0    0.00000    0  114 1819909.83    0.00000   100%     -    0s
     0     0    0.00000    0  118 1819909.83    0.00000   100%     -    1s
     0     0    0.00000    0  114 1819909.83    0.00000   100%     -    1s
     0     0    0.00000    0  113 1819909.83    0.00000   100%     -    1s
     0     0    0.00000    0  110 1819909.83    0.00000   100%     -    1s
     0     0    0.00000    0  109 1819909.83    0.00000   100%     -    1s
     0     0    0.00000    0  165 1819909.83    0.00000   100%     -    1s
     0     0    0.00000    0  205 1819909.83    0.00000   100%     -    1s
     0     0    0.00000    0  117 1819909.83    0.00000   100%     -    2s
     0     0    0.00000    0   93 1819909.83    0.00000   100%     -    2s
H    0     0                    999681.99844    0.00000   100%     -    2s
     0     0    0.00000    0   90 999681.998    0.00000   100%     -    2s
     0     0    0.00000    0   92 999681.998    0.00000   100%     -    2s
     0     0    0.00000    0   90 999681.998    0.00000   100%     -    2s
     0     0    0.00000    0   91 999681.998    0.00000   100%     -    2s
H    0     0                    999677.90118    0.00000   100%     -    2s
     0     0    0.00000    0   90 999677.901    0.00000   100%     -    2s
     0     0    0.00000    0   86 999677.901    0.00000   100%     -    2s
H    0     0                    20083.254879    0.00000   100%     -    2s
     0     0    0.00000    0   86 20083.2549    0.00000   100%     -    2s
     0     2    0.00000    0   86 20083.2549    0.00000   100%     -    2s
H   26    37                    20080.529903    0.00000   100%   5.2    2s
H   55   122                    7461.8046466    0.00000   100%   5.0    3s
H  121   290                    7457.2214021    0.00000   100%  12.7    3s
   756   836    0.00000  104   70 7457.22140    0.00000   100%   9.3    5s
H 1083   256                       0.0000000    0.00000  0.00%  11.1    5s

Cutting planes:
  Gomory: 2
  Implied bound: 3
  MIR: 57
  StrongCG: 1
  RLT: 2
  Relax-and-lift: 1

Explored 1224 nodes (16187 simplex iterations) in 5.89 seconds (2.78 work units)
Thread count was 2 (of 24 available processors)

Solution count 10: 0 7457.22 7461.8 ... 4.54001e+06

Optimal solution found (tolerance 5.53e-08)
Best objective 0.000000000000e+00, best bound 0.000000000000e+00, gap 0.0000%
