
Gurobi 11.0.3 (linux64, Java) logging started ter 26 nov 2024 07:08:48 -03

Set parameter Username
Academic license - for non-commercial use only - expires 2025-10-10
Set parameter NonConvex to value 2
Set parameter TimeLimit to value 3600
Set parameter LogToConsole to value 0
Set parameter MIPGap to value 5.52890488975657e-08
Set parameter Threads to value 2
Set parameter NodefileDir to value "/home/ps12398/experiment_hosp/goalProgrammingMarcos/"
Set parameter NodefileStart to value 1
Gurobi Optimizer version 11.0.3 build v11.0.3rc0 (linux64)

CPU model: Intel(R) Xeon(R) CPU           X5650  @ 2.67GHz, instruction set [SSE2]
Thread count: 12 physical cores, 24 logical processors, using up to 2 threads

Optimize a model with 17920 rows, 12411 columns and 85319 nonzeros
Model fingerprint: 0xc5c5cd5c
Model has 83 quadratic constraints
Variable types: 6168 continuous, 6243 integer (78 binary)
Coefficient statistics:
  Matrix range     [1e-02, 2e+06]
  QMatrix range    [1e-02, 4e+04]
  QLMatrix range   [1e+00, 4e+04]
  Objective range  [1e+00, 4e+07]
  Bounds range     [1e+00, 1e+08]
  RHS range        [1e+00, 5e+05]
  QRHS range       [1e-02, 1e-02]
Presolve removed 17176 rows and 11668 columns
Presolve time: 0.29s
Presolved: 1364 rows, 931 columns, 14258 nonzeros
Presolved model has 78 bilinear constraint(s)

Solving non-convex MIQCP

Variable types: 272 continuous, 659 integer (55 binary)
Found heuristic solution: objective 1.268936e+07

Root relaxation: objective 0.000000e+00, 269 iterations, 0.01 seconds (0.01 work units)

    Nodes    |    Current Node    |     Objective Bounds      |     Work
 Expl Unexpl |  Obj  Depth IntInf | Incumbent    BestBd   Gap | It/Node Time

     0     0    0.00000    0  152 1.2689e+07    0.00000   100%     -    0s
H    0     0                    7886818.3085    0.00000   100%     -    0s
H    0     0                    6765050.8019    0.00000   100%     -    0s
     0     0    0.00000    0  290 6765050.80    0.00000   100%     -    0s
     0     0    0.00000    0  266 6765050.80    0.00000   100%     -    0s
     0     0    0.00000    0  212 6765050.80    0.00000   100%     -    0s
     0     0    0.00000    0  154 6765050.80    0.00000   100%     -    0s
H    0     0                    5838054.3511    0.00000   100%     -    0s
     0     0    0.00000    0  154 5838054.35    0.00000   100%     -    0s
     0     0    0.00000    0  126 5838054.35    0.00000   100%     -    0s
H    0     0                    1651366.6138    0.00000   100%     -    0s
     0     0    0.00000    0  150 1651366.61    0.00000   100%     -    1s
     0     0    0.00000    0  151 1651366.61    0.00000   100%     -    1s
     0     0    0.00000    0  151 1651366.61    0.00000   100%     -    1s
H    0     0                    1274423.1600    0.00000   100%     -    1s
     0     0    0.00000    0  171 1274423.16    0.00000   100%     -    2s
     0     0    0.00000    0  186 1274423.16    0.00000   100%     -    2s
     0     0    0.00000    0  154 1274423.16    0.00000   100%     -    2s
     0     0    0.00000    0  143 1274423.16    0.00000   100%     -    2s
     0     0    0.00000    0  145 1274423.16    0.00000   100%     -    2s
     0     0    0.00000    0  153 1274423.16    0.00000   100%     -    2s
     0     0    0.00000    0  188 1274423.16    0.00000   100%     -    3s
     0     0    0.00000    0  125 1274423.16    0.00000   100%     -    3s
     0     0    0.00000    0  140 1274423.16    0.00000   100%     -    3s
     0     0    0.00000    0  156 1274423.16    0.00000   100%     -    3s
     0     0    0.00000    0  191 1274423.16    0.00000   100%     -    3s
     0     0    0.00000    0  185 1274423.16    0.00000   100%     -    3s
     0     0    0.00000    0  170 1274423.16    0.00000   100%     -    3s
H    0     0                    1249159.1665    0.00000   100%     -    4s
     0     2    0.00000    0  141 1249159.17    0.00000   100%     -    4s
     3     6    0.00000    2  142 1249159.17    0.00000   100%  91.3    5s
    37    70    0.00000   14  135 1249159.17    0.00000   100%  71.8   11s
    69   134    0.00000   25  161 1249159.17    0.00000   100%  69.9   16s
   133   284    0.00000   52  133 1249159.17    0.00000   100%  65.2   24s
   283   435 6350.92446  104  126 1249159.17    0.00000   100%  40.4   31s
   434   585 27226.8001  172  134 1249159.17    0.00000   100%  32.6   38s
   584   742 150556.942  237  129 1249159.17    0.00000   100%  25.7   44s
   741   917 218252.732  317  129 1249159.17    0.00000   100%  22.2   51s
   916  1091 238834.623  398  119 1249159.17    0.00000   100%  19.4   57s
H 1006  1091                    1228143.8139    0.00000   100%  19.0   57s
  1090  1310 257346.379  484  114 1228143.81    0.00000   100%  18.1   64s
  1309  1499 298228.187  590  112 1228143.81    0.00000   100%  16.5   70s
  1498  1739 374564.375  705  107 1228143.81    0.00000   100%  15.4   77s
  1738  2001 462881.628  845   86 1228143.81    0.00000   100%  14.2   82s
  2000  2319 503479.739  984   85 1228143.81    0.00000   100%  14.2   88s
H 2318  2646                    922005.45387    0.00000   100%  13.6   92s
H 2645  2932                    892987.16793    0.00000   100%  13.6   99s
  2931  3219 529244.584 1385   87 892987.168    0.00000   100%  13.6  106s
  3218  3506 637255.199 1492  104 892987.168    0.00000   100%  13.5  113s
  3535  3884 427219.580   85  129 892987.168    0.00000   100%  14.3  121s
  3925  3892    0.00000   23   76 892987.168    0.00000   100%  13.8  125s
  3957  3927    0.00000   21  184 892987.168    0.00000   100%  15.0  130s
  3995  4005    0.00000   28  178 892987.168    0.00000   100%  15.2  139s
  4060  4122    0.00000   38  145 892987.168    0.00000   100%  15.3  148s
  4199  4253    0.00000   58  128 892987.168    0.00000   100%  15.9  156s
  4376  4399 86681.1120   76  138 892987.168    0.00000   100%  16.5  165s
  4581  4525    0.00000   94  122 892987.168    0.00000   100%  16.5  173s
  4775  4639 154157.684  112  117 892987.168    0.00000   100%  16.5  181s
H 4809  4433                    889420.54002    0.00000   100%  16.5  181s
  4954  4557 255042.189  129  111 889420.540    0.00000   100%  16.2  188s
  5127  4678 224110.643  145  108 889420.540    0.00000   100%  15.8  196s
  5305  4823 248556.871  164  119 889420.540    0.00000   100%  15.5  205s
  5510  4965 256517.127  187  111 889420.540    0.00000   100%  15.5  211s
  5720  5141 311880.857  209  117 889420.540    0.00000   100%  15.1  216s
  5966  5288 288595.098  232  115 889420.540    0.00000   100%  14.8  221s
H 6012  5087                    889170.17978    0.00000   100%  14.7  221s
  6195  5236 296447.220  255  119 889170.180    0.00000   100%  14.6  228s
  6405  5379 298311.063  286  111 889170.180    0.00000   100%  14.5  236s
  6618  5526 383084.647  317  118 889170.180    0.00000   100%  14.5  244s
  6836  5686 383706.290  345  118 889170.180    0.00000   100%  14.4  252s
  7069  5852 341201.434  376  117 889170.180    0.00000   100%  14.4  261s
  7313  6030 301000.199  404  111 889170.180    0.00000   100%  14.2  272s
  7572  6201 301631.622  433  109 889170.180    0.00000   100%  13.9  280s
  7829  6381 302279.328  461  109 889170.180    0.00000   100%  13.6  289s
  8095  6607 387187.287  490  114 889170.180    0.00000   100%  13.6  296s
  8411  6814 373433.588  541  114 889170.180    0.00000   100%  13.6  307s
  8765  6980 376598.313  615  103 889170.180    0.00000   100%  13.5  317s
  9049  7115 383419.288  711  107 889170.180    0.00000   100%  13.5  325s
  9279  7313 387020.007  784  103 889170.180    0.00000   100%  13.3  335s
  9553  7465 391335.186  875  103 889170.180    0.00000   100%  13.1  347s
  9797  7627 394717.049  952  103 889170.180    0.00000   100%  12.9  356s
 10040  7762 428036.724 1026  109 889170.180    0.00000   100%  12.7  364s
 10256  7948 401063.857 1087  106 889170.180    0.00000   100%  12.6  376s
 10514  8172 462810.605 1165  107 889170.180    0.00000   100%  12.5  389s
 10824  8418 494368.526 1270   99 889170.180    0.00000   100%  12.3  402s
 11173  8623 483803.533 1393  102 889170.180    0.00000   100%  12.2  412s
 11495  8867 570658.274 1505   94 889170.180    0.00000   100%  12.0  423s
 11846  9101 563854.736 1632  105 889170.180    0.00000   100%  11.9  434s
 12197  9321 563383.685 1760  105 889170.180    0.00000   100%  11.8  444s
 12572  9561 499193.050 1890   95 889170.180    0.00000   100%  11.7  454s
 12937  9793 509510.814 2027   91 889170.180    0.00000   100%  11.8  466s
 13291 10002 514540.532 2158   98 889170.180    0.00000   100%  11.8  475s
 13618 10205 518617.875 2276   91 889170.180    0.00000   100%  11.8  486s
 13930 10425 560877.668 2386  102 889170.180    0.00000   100%  11.8  494s
 14254 10640 526336.483 2503   94 889170.180    0.00000   100%  11.8  504s
 14577 10840 530877.325 2619   95 889170.180    0.00000   100%  11.8  512s
 14849 11159 534555.073 2716   99 889170.180    0.00000   100%  11.7  524s
 15168 11560 539251.011 2834   91 889170.180    0.00000   100%  11.6  534s
 15569 11995 734031.925 2985   97 889170.180    0.00000   100%  11.5  545s
 16004 12430 781645.982 3143   97 889170.180    0.00000   100%  11.5  558s
 16466 12876 757907.996 3295   89 889170.180    0.00000   100%  11.6  568s
 16917 13361 762172.529 3436   95 889170.180    0.00000   100%  11.7  579s
 17402 13792 781366.280 3578   96 889170.180    0.00000   100%  11.8  587s
 17850 14178 770443.848 3711   95 889170.180    0.00000   100%  11.8  597s
 18311 14535 777669.462 3846   97 889170.180    0.00000   100%  11.9  606s
 18733 14891 818154.273 3972  130 889170.180    0.00000   100%  12.0  616s
 19162 15122    0.00000  111   97 889170.180    0.00000   100%  12.1  625s
H19289 15119                    888713.17417    0.00000   100%  12.1  625s
 19393 15408 14493.8992  162  100 888713.174    0.00000   100%  12.0  635s
H19412 15405                    888236.82651    0.00000   100%  12.0  635s
H19431 15316                    872719.52893    0.00000   100%  12.0  635s
H19556 15316                    872696.94623    0.00000   100%  12.0  635s
H19566 15316                    871135.00573    0.00000   100%  12.0  635s
H19682 15539                    865481.00948    0.00000   100%  12.0  642s
H19796 15537                    865458.97592    0.00000   100%  11.9  642s
 19957 15892 26580.1717  277  102 865458.976    0.00000   100%  11.9  652s
 20343 16162 78829.8734  360   95 865458.976    0.00000   100%  11.8  664s
 20613 16477 100121.510  451   98 865458.976    0.00000   100%  11.8  675s
 20956 16809 108149.887  552   94 865458.976    0.00000   100%  11.8  686s
 21288 17182 114575.667  646   92 865458.976    0.00000   100%  11.8  695s
 21661 17476 166602.695  741  110 865458.976    0.00000   100%  11.8  704s
 21999 17800 64944.6595  144  114 865458.976    0.00000   100%  11.8  715s
 22323 18062 114783.258  220  109 865458.976    0.00000   100%  11.8  725s
 22585 18442 199557.842  271  100 865458.976    0.00000   100%  11.8  735s
 22965 18764 505596.349  364   98 865458.976    0.00000   100%  11.7  744s
 23319 18927 8019.32097  136  104 865458.976    0.00000   100%  11.7  752s
 23548 19135 23687.2813  225   96 865458.976    0.00000   100%  11.8  762s
 23756 19355 47339.2046  310   98 865458.976    0.00000   100%  11.7  769s
 23976 19559 67309.0067  389   90 865458.976    0.00000   100%  11.7  777s
 24200 19819 467718.164  420  114 865458.976    0.00000   100%  11.7  787s
 24460 20106 451336.582  548  105 865458.976    0.00000   100%  11.6  796s
 24747 20421 485245.502  674  102 865458.976    0.00000   100%  11.5  807s
 25062 20682 499374.383  811  100 865458.976    0.00000   100%  11.4  816s
 25323 20987 538425.851  918   94 865458.976    0.00000   100%  11.3  826s
 25628 21274 548925.679 1054   96 865458.976    0.00000   100%  11.2  835s
 25939 21515 556202.249 1196   94 865458.976    0.00000   100%  11.2  845s
 26180 21719 639189.213 1341  102 865458.976    0.00000   100%  11.1  854s
 26419 22005 30151.1523  194  106 865458.976    0.00000   100%  11.1  864s
 26705 22324 43444.8403  314   96 865458.976    0.00000   100%  11.0  874s
 27024 22611 50324.5214  423   95 865458.976    0.00000   100%  10.9  882s
 27313 22871 56384.9953  535   91 865458.976    0.00000   100%  10.9  890s
 27652 23159 80372.6391  644  100 865458.976    0.00000   100%  10.9  898s
 27970 23514 90451.4027  770   98 865458.976    0.00000   100%  11.0  908s
 28325 23837 98969.9931  894   92 865458.976    0.00000   100%  10.9  919s
 28648 24185 108784.314 1024   96 865458.976    0.00000   100%  10.8  930s
 29000 24465 118373.321 1155   96 865458.976    0.00000   100%  10.7  941s
 29302 24716 128245.247 1285  100 865458.976    0.00000   100%  10.7  950s
 29579 24977 141012.843 1416   98 865458.976    0.00000   100%  10.6  959s
 29840 25198 210202.752 1527  100 865458.976    0.00000   100%  10.6  969s
 30103 25485 444302.468 1636  104 865458.976    0.00000   100%  10.6  979s
 30390 25797 484521.663 1777   97 865458.976    0.00000   100%  10.6  990s
 30702 26105 494172.661 1938   95 865458.976    0.00000   100%  10.5 1000s
 31010 26437 523884.824 2100   99 865458.976    0.00000   100%  10.5 1009s
 31342 26711 547472.799 2239   96 865458.976    0.00000   100%  10.4 1019s
 31676 26968    0.00000  122  102 865458.976    0.00000   100%  10.5 1030s
 31961 27277 74201.8323  176  112 865458.976    0.00000   100%  10.5 1039s
 32270 27620 209422.518  290  102 865458.976    0.00000   100%  10.5 1047s
 32613 27878 293301.372  446   98 865458.976    0.00000   100%  10.5 1058s
H32748 27838                    864874.97190    0.00000   100%  10.4 1058s
 32871 28181 440082.244  556  105 864874.972    0.00000   100%  10.5 1068s
 33226 28410 474429.253  715  103 864874.972    0.00000   100%  10.4 1080s
 33591 28623 176256.429  124  143 864874.972    0.00000   100%  10.5 1088s
 33892 28822 304878.923  141  103 864874.972    0.00000   100%  10.5 1098s
 34281 28959    0.00000  118  100 864874.972    0.00000   100%  10.5 1107s
H34378 28955                    864456.33278    0.00000   100%  10.6 1107s
 34598 29137 659588.384  153  111 864456.333    0.00000   100%  10.5 1116s
 34939 29420 212655.956  150  119 864456.333    0.00000   100%  10.6 1127s
 35310 29503 561830.765  333  106 864456.333    0.00000   100%  10.5 1135s
H35643 29722                    864229.08952    0.00000   100%  10.6 1145s
 35946 30000 371864.754  172  109 864229.090    0.00000   100%  10.6 1154s
 36224 30289 556857.924  225  107 864229.090    0.00000   100%  10.5 1165s
 36530 30570    0.00000  126  105 864229.090    0.00000   100%  10.5 1175s
 36829 30867 68743.3306  174  120 864229.090    0.00000   100%  10.5 1186s
 37162 31154 163538.692  327  110 864229.090    0.00000   100%  10.4 1196s
 37465 31504 198391.952  470  110 864229.090    0.00000   100%  10.4 1203s
H37639 31503                    864183.60423    0.00000   100%  10.4 1203s
 37815 31818 256318.763  644  107 864183.604    0.00000   100%  10.4 1211s
 38130 32148 274133.138  798  105 864183.604    0.00000   100%  10.4 1220s
 38461 32468 312846.801  961  103 864183.604    0.00000   100%  10.5 1230s
 38782 32769 347790.734 1124   94 864183.604    0.00000   100%  10.5 1237s
 39121 33049 40638.9793  134  106 864183.604    0.00000   100%  10.6 1247s
 39457 33261     cutoff  181      864183.604    0.00000   100%  10.8 1256s
 39835 33581 47908.3498  144  105 864183.604    0.00000   100%  11.0 1263s
 40155 33930 104426.761  306  103 864183.604    0.00000   100%  11.1 1273s
 40505 34228 147232.838  493   99 864183.604    0.00000   100%  11.1 1281s
 40803 34638 181391.883  657  103 864183.604    0.00000   100%  11.1 1289s
 41213 35072 230254.129  903  101 864183.604    0.00000   100%  11.2 1298s
 41647 35507 318498.357 1177   90 864183.604    0.00000   100%  11.1 1305s
 42082 35837 335400.687 1451   91 864183.604    0.00000   100%  11.1 1311s
 42466 35997 43265.8724  162  100 864183.604    0.00000   100%  11.2 1320s
 42770 36196 272714.442  123  114 864183.604    0.00000   100%  11.3 1329s
 43020 36503 603093.368  164  106 864183.604    0.00000   100%  11.4 1339s
 43363 36822 131510.134  260  102 864183.604    0.00000   100%  11.3 1348s
 43682 37150 140160.336  425   97 864183.604    0.00000   100%  11.3 1356s
 44010 37507 175615.889  603  100 864183.604    0.00000   100%  11.2 1363s
 44367 37868 238513.590  784   97 864183.604    0.00000   100%  11.1 1369s
 44732 38103 274669.175  969   91 864183.604    0.00000   100%  11.0 1374s
 45047 38355 290879.697 1146   94 864183.604    0.00000   100%  11.1 1384s
 45346 38599 567728.818 1331   91 864183.604    0.00000   100%  11.1 1393s
 45628 38836 581604.417 1516   89 864183.604    0.00000   100%  11.1 1402s
H45929 36565                    737424.79919    0.00000   100%  11.1 1411s
 46180 36806 82959.7046  149  117 737424.799    0.00000   100%  11.1 1420s
H46331 36806                    737424.77638    0.00000   100%  11.1 1420s
 46421 37056 157650.458  296  113 737424.776    0.00000   100%  11.1 1427s
 46671 37286 173973.904  453  111 737424.776    0.00000   100%  11.0 1436s
 46901 37543 230395.788  601  106 737424.776    0.00000   100%  11.0 1445s
 47158 37821 248476.084  752  104 737424.776    0.00000   100%  10.9 1454s
 47436 38019 374695.832  889  103 737424.776    0.00000   100%  10.9 1463s
 47688 38318 43824.0310  151  100 737424.776    0.00000   100%  11.0 1469s
 47987 38606 60033.0159  238  102 737424.776    0.00000   100%  10.9 1477s
 48275 38909 80336.3298  319   94 737424.776    0.00000   100%  10.9 1487s
 48578 39203 95378.5132  407   92 737424.776    0.00000   100%  10.9 1496s
 48872 39492 110197.968  492   92 737424.776    0.00000   100%  10.8 1506s
 49161 39771 200568.044  572  107 737424.776    0.00000   100%  10.8 1516s
 49440 40079 125631.319  650   90 737424.776    0.00000   100%  10.8 1523s
 49748 40382 133994.745  738   92 737424.776    0.00000   100%  10.7 1532s
 50051 40703 178078.158  825   95 737424.776    0.00000   100%  10.7 1540s
 50374 40920 621877.902  917  113 737424.776    0.00000   100%  10.7 1548s
 50631 41205 224269.754  168  100 737424.776    0.00000   100%  10.7 1557s
 50916 41429 274468.544  308  101 737424.776    0.00000   100%  10.6 1567s
 51140 41749 293074.667  409   99 737424.776    0.00000   100%  10.6 1576s
 51460 42056 361834.537  573   99 737424.776    0.00000   100%  10.5 1586s
 51767 42357 400444.526  733   97 737424.776    0.00000   100%  10.5 1595s
 52078 42621 414395.954  884   98 737424.776    0.00000   100%  10.4 1602s
 52386 42822 349877.514  126  127 737424.776    0.00000   100%  10.4 1609s
 52686 43097 588490.693  130  114 737424.776    0.00000   100%  10.5 1618s
 53001 43431 206105.069  222   96 737424.776    0.00000   100%  10.5 1628s
 53335 43763 450147.218  387  100 737424.776    0.00000   100%  10.4 1637s
 53667 44040 468779.426  553  100 737424.776    0.00000   100%  10.4 1646s
 54000 44315 638864.387  145  114 737424.776    0.00000   100%  10.4 1651s
 54281 44563 36327.1081  219  111 737424.776    0.00000   100%  10.4 1660s
 54587 44772 69640.9839  344  107 737424.776    0.00000   100%  10.3 1668s
 54898 45027 91373.8724  462  105 737424.776    0.00000   100%  10.4 1677s
 55210 45296 103698.368  594  105 737424.776    0.00000   100%  10.3 1684s
 55523 45473 154725.884  732  103 737424.776    0.00000   100%  10.3 1693s
 55807 45759 177631.949  874  101 737424.776    0.00000   100%  10.3 1702s
 56123 46004 244209.297  993   94 737424.776    0.00000   100%  10.3 1709s
 56404 46305 253609.789 1130   90 737424.776    0.00000   100%  10.3 1716s
 56705 46515 430823.094 1279  110 737424.776    0.00000   100%  10.3 1725s
 57007 46806 12625.0274  140  107 737424.776    0.00000   100%  10.3 1734s
 57298 47126 93667.6674  206  105 737424.776    0.00000   100%  10.3 1744s
 57618 47405 79130.2359  275  105 737424.776    0.00000   100%  10.3 1753s
 57897 47691 152785.947  338  116 737424.776    0.00000   100%  10.2 1762s
 58183 48060 148393.394  408  107 737424.776    0.00000   100%  10.2 1767s
 58552 48426 110541.954  478  103 737424.776    0.00000   100%  10.2 1776s
 58918 48754 118719.729  551  101 737424.776    0.00000   100%  10.1 1784s
 59246 48969 125575.760  622  103 737424.776    0.00000   100%  10.1 1793s
H59255 48796                    731842.30251    0.00000   100%  10.1 1793s
H59342 48588                    718091.58303    0.00000   100%  10.1 1793s
 59461 48956 157056.825  672  105 718091.583    0.00000   100%  10.1 1800s
H59466 48777                    712421.38098    0.00000   100%  10.1 1800s
 59829 49165 177348.582  739  103 712421.381    0.00000   100%  10.1 1809s
 60217 49520 181593.356  814  105 712421.381    0.00000   100%  10.0 1818s
 60572 49910 184660.838  881  105 712421.381    0.00000   100%  10.0 1827s
 60962 50059 161681.250  951  105 712421.381    0.00000   100%   9.9 1836s
 61282 50267 191860.883 1019  101 712421.381    0.00000   100%  10.0 1846s
 61490 50506 171725.398 1078   96 712421.381    0.00000   100%  10.0 1853s
 61729 50769 326190.260 1144   99 712421.381    0.00000   100%  10.0 1858s
 61992 51019 179818.630 1213   92 712421.381    0.00000   100%  10.0 1867s
 62242 51289 305896.888 1281  107 712421.381    0.00000   100%  10.0 1873s
 62512 51556 305759.737 1352  107 712421.381    0.00000   100%  10.0 1883s
 62779 51819 306044.504 1423  110 712421.381    0.00000   100%  10.0 1891s
 63042 52082 196025.585 1495   85 712421.381    0.00000   100%   9.9 1900s
 63305 52351 341889.244 1566   98 712421.381    0.00000   100%   9.9 1907s
 63574 52570 344703.645 1639   98 712421.381    0.00000   100%   9.9 1914s
 63793 52833 306139.757 1712   99 712421.381    0.00000   100%   9.9 1923s
 64056 53101 212516.260 1786   89 712421.381    0.00000   100%   9.9 1931s
 64324 53380 217709.276 1861   87 712421.381    0.00000   100%   9.9 1941s
 64603 53637 312464.994 1936  106 712421.381    0.00000   100%   9.9 1951s
 64860 53864 318773.254 2005  104 712421.381    0.00000   100%   9.9 1961s
 65131 54085    0.00000  117  100 712421.381    0.00000   100%   9.9 1970s
 65394 54269 569475.944  148  123 712421.381    0.00000   100%   9.9 1979s
 65638 54500 363718.857  180   99 712421.381    0.00000   100%   9.9 1989s
 65953 54785 14284.7236  216  111 712421.381    0.00000   100%  10.0 1999s
 66238 55157 16872.0498  325  111 712421.381    0.00000   100%   9.9 2007s
 66610 55528 42313.2321  516  108 712421.381    0.00000   100%   9.9 2016s
 66981 55958 103932.198  722   98 712421.381    0.00000   100%   9.8 2026s
 67411 56367 127822.941  959   98 712421.381    0.00000   100%   9.8 2036s
 67820 56746 449189.672 1180   96 712421.381    0.00000   100%   9.7 2046s
 68199 57121 546559.505 1371   88 712421.381    0.00000   100%   9.7 2055s
 68574 57482 557404.383 1554   84 712421.381    0.00000   100%   9.6 2064s
 68935 57780 573299.938 1727   88 712421.381    0.00000   100%   9.6 2069s
 69278 58115 26358.6853  209  114 712421.381    0.00000   100%   9.6 2077s
 69613 58453 29772.7862  355  112 712421.381    0.00000   100%   9.5 2086s
 69951 58822 40647.3114  507  112 712421.381    0.00000   100%   9.5 2094s
 70320 59197 56048.3345  687  108 712421.381    0.00000   100%   9.5 2104s
 70725 59538 70993.6114  895  104 712421.381    0.00000   100%   9.4 2113s
 71102 59770 124265.672 1076   91 712421.381    0.00000   100%   9.4 2120s
 71380 60062 155826.183 1254   93 712421.381    0.00000   100%   9.4 2127s
 71680 60319 181122.755 1484   87 712421.381    0.00000   100%   9.4 2136s
 71979 60607 472876.187 1669   97 712421.381    0.00000   100%   9.4 2144s
 72267 60828 485266.820 1824   93 712421.381    0.00000   100%   9.3 2152s
 72497 61137 494235.454 1944   96 712421.381    0.00000   100%   9.3 2160s
 72822 61461 508558.048 2112   93 712421.381    0.00000   100%   9.3 2170s
 73146 61725 522353.549 2298   95 712421.381    0.00000   100%   9.3 2177s
 73442 61969 70358.2465  158   96 712421.381    0.00000   100%   9.2 2185s
 73740 62313 94884.7063  171  110 712421.381    0.00000   100%   9.3 2191s
 74176 62622 144053.098  420  102 712421.381    0.00000   100%   9.3 2196s
 74540 62922 161690.705  605   99 712421.381    0.00000   100%   9.2 2205s
 74886 63175 204310.360  784  100 712421.381    0.00000   100%   9.2 2214s
 75200 63442 222598.500  968  100 712421.381    0.00000   100%   9.2 2223s
H75386 63309                    704621.18430    0.00000   100%   9.2 2223s
 75467 63595 244236.363 1141   92 704621.184    0.00000   100%   9.2 2230s
 75753 63879 262435.869 1317   90 704621.184    0.00000   100%   9.2 2238s
 76037 64153 313563.981 1480   98 704621.184    0.00000   100%   9.2 2247s
 76311 64421 349543.566 1626   84 704621.184    0.00000   100%   9.1 2255s
 76579 64701 359824.746 1794   86 704621.184    0.00000   100%   9.1 2262s
 76860 65038 370152.694 1968   81 704621.184    0.00000   100%   9.1 2271s
 77197 65353 409520.476 2190   85 704621.184    0.00000   100%   9.1 2279s
 77512 65665 426453.675 2391   83 704621.184    0.00000   100%   9.0 2289s
 77824 65963 437233.069 2576   83 704621.184    0.00000   100%   9.0 2296s
 78125 66104 447204.071 2710   85 704621.184    0.00000   100%   9.0 2303s
 78373 66226 344788.485  139  111 704621.184    0.00000   100%   9.0 2311s
 78557 66413 217547.174  155   98 704621.184    0.00000   100%   9.1 2316s
 78771 66603 366147.524  273   92 704621.184    0.00000   100%   9.1 2320s
 78989 66794 377125.628  389   87 704621.184    0.00000   100%   9.1 2329s
 79232 66979 384183.339  501   92 704621.184    0.00000   100%   9.1 2335s
H79353 66978                    704603.78884    0.00000   100%   9.1 2335s
 79445 67151 391819.299  615   88 704603.789    0.00000   100%   9.1 2342s
 79638 67354 405702.301  738   96 704603.789    0.00000   100%   9.1 2351s
 79841 67590 414850.731  857   90 704603.789    0.00000   100%   9.1 2358s
 80103 67845 142839.300  181  123 704603.789    0.00000   100%   9.1 2366s
 80358 68138 175304.038  320  113 704603.789    0.00000   100%   9.0 2375s
 80651 68431 198879.187  479  112 704603.789    0.00000   100%   9.0 2384s
 80944 68746 205926.300  627  115 704603.789    0.00000   100%   9.0 2391s
 81259 69076 258298.182  798  107 704603.789    0.00000   100%   9.0 2400s
 81589 69422 302655.388  986  109 704603.789    0.00000   100%   8.9 2409s
 81935 69773 323820.679 1178  106 704603.789    0.00000   100%   8.9 2416s
 82286 70137 406828.708 1374   97 704603.789    0.00000   100%   8.9 2423s
 82650 70327 452384.407 1575   94 704603.789    0.00000   100%   8.8 2430s
 82892 70577 269502.122  143  118 704603.789    0.00000   100%   8.8 2439s
 83168 70887 30515.2318  156  111 704603.789    0.00000   100%   8.8 2449s
 83478 71205 65374.4810  297  105 704603.789    0.00000   100%   8.8 2459s
 83796 71525 68904.6543  439  107 704603.789    0.00000   100%   8.8 2466s
 84116 71850 72068.3167  581  105 704603.789    0.00000   100%   8.8 2475s
 84441 72171 80834.6616  726  108 704603.789    0.00000   100%   8.7 2484s
 84762 72505 91701.5780  870  109 704603.789    0.00000   100%   8.7 2493s
 85096 72838 98764.6349 1022  108 704603.789    0.00000   100%   8.7 2501s
 85429 73184 107507.065 1173  107 704603.789    0.00000   100%   8.6 2511s
 85775 73521 138032.987 1336  102 704603.789    0.00000   100%   8.6 2519s
 86112 73863 143767.677 1491  102 704603.789    0.00000   100%   8.6 2528s
 86454 74207 149496.079 1656  100 704603.789    0.00000   100%   8.6 2535s
 86798 74554 154162.447 1823   97 704603.789    0.00000   100%   8.5 2545s
 87145 74898 161620.205 1991   87 704603.789    0.00000   100%   8.5 2553s
 87489 75128 320607.762 2164   91 704603.789    0.00000   100%   8.5 2560s
 87805 75237 65163.7900  127  113 704603.789    0.00000   100%   8.5 2568s
 87946 75308 infeasible  182      704603.789    0.00000   100%   8.5 2576s
 88141 75511 409594.472  136  111 704603.789    0.00000   100%   8.6 2585s
 88368 75757 250732.756  149   97 704603.789    0.00000   100%   8.6 2594s
 88614 76004 304400.210  237   98 704603.789    0.00000   100%   8.6 2603s
 88861 76260 352100.553  332   93 704603.789    0.00000   100%   8.6 2610s
 89117 76431 331425.356  435   92 704603.789    0.00000   100%   8.5 2618s
 89326 76550 377236.130  514   89 704603.789    0.00000   100%   8.5 2627s
 89562 76750 382602.670  607   86 704603.789    0.00000   100%   8.6 2635s
 89782 76979 389409.745  696   88 704603.789    0.00000   100%   8.6 2645s
 90011 77189 396773.424  796   90 704603.789    0.00000   100%   8.6 2653s
 90247 77391 403941.615  893   87 704603.789    0.00000   100%   8.6 2662s
 90471 77567 411319.074  992   92 704603.789    0.00000   100%   8.6 2670s
 90699 77730 418164.194 1088   87 704603.789    0.00000   100%   8.7 2679s
 90958 77917 425005.525 1181   86 704603.789    0.00000   100%   8.7 2688s
 91198 78158 432547.233 1281   90 704603.789    0.00000   100%   8.7 2696s
 91440 78413 439776.838 1378   84 704603.789    0.00000   100%   8.7 2703s
 91695 78648 445469.717 1478   86 704603.789    0.00000   100%   8.7 2710s
 91963 78840 450455.758 1565   85 704603.789    0.00000   100%   8.7 2717s
 92213 79062 168006.990  143  100 704603.789    0.00000   100%   8.7 2724s
 92435 79361 268283.854  255  100 704603.789    0.00000   100%   8.7 2733s
 92734 79586 283350.923  414   96 704603.789    0.00000   100%   8.7 2742s
 93009 79774 546678.949  175  106 704603.789    0.00000   100%   8.7 2749s
 93217 79961 436352.730  150  109 704603.789    0.00000   100%   8.7 2758s
 93489 80127     cutoff  162      704603.789    0.00000   100%   8.7 2767s
 93705 80337 412228.791  189  103 704603.789    0.00000   100%   8.7 2774s
 93925 80509 538783.908  305  102 704603.789    0.00000   100%   8.7 2783s
 94182 80647 100500.419  125  114 704603.789    0.00000   100%   8.7 2790s
 94432 80875 94217.9180  142  105 704603.789    0.00000   100%   8.8 2800s
 94660 81107 109249.640  276  103 704603.789    0.00000   100%   8.8 2809s
 94892 81368 121929.801  414  101 704603.789    0.00000   100%   8.7 2820s
 95153 81639 157883.214  566   99 704603.789    0.00000   100%   8.7 2830s
 95424 81904 172729.589  727  105 704603.789    0.00000   100%   8.7 2839s
 95689 82171 189261.708  877   97 704603.789    0.00000   100%   8.7 2847s
 95956 82448 231180.576 1009   89 704603.789    0.00000   100%   8.7 2853s
 96233 82741 285899.564 1113   87 704603.789    0.00000   100%   8.7 2863s
 96526 83023 285643.811 1185   96 704603.789    0.00000   100%   8.6 2873s
 96808 83313 284143.769 1261   86 704603.789    0.00000   100%   8.6 2883s
 97098 83545 290792.825 1318   93 704603.789    0.00000   100%   8.6 2892s
 97389 83649 682477.213 1393  117 704603.789    0.00000   100%   8.6 2899s
 97626 83761 487840.544  123  137 704603.789    0.00000   100%   8.7 2905s
 97834 83942 326921.147  158  101 704603.789    0.00000   100%   8.7 2914s
 98136 84090 486257.777  164  122 704603.789    0.00000   100%   8.8 2923s
 98370 84256 infeasible  130      704603.789    0.00000   100%   8.8 2931s
 98589 84528 498697.820  171  118 704603.789    0.00000   100%   8.8 2941s
 98881 84867 26092.6359  158  104 704603.789    0.00000   100%   8.8 2950s
 99220 85236 42006.7054  234  102 704603.789    0.00000   100%   8.8 2960s
 99589 85582 58771.5815  321  102 704603.789    0.00000   100%   8.8 2969s
 99935 85881 62839.3239  402  102 704603.789    0.00000   100%   8.8 2978s
 100260 86186 68060.4297  486  100 704603.789    0.00000   100%   8.8 2987s
 100589 86485 72572.8856  568  102 704603.789    0.00000   100%   8.9 2997s
 100888 86791 88092.5813  651  100 704603.789    0.00000   100%   8.9 3006s
 101194 87105 139224.590  734  109 704603.789    0.00000   100%   8.9 3012s
 101508 87416 103879.816  820  100 704603.789    0.00000   100%   8.8 3020s
 101819 87730 127272.798  903  100 704603.789    0.00000   100%   8.8 3030s
 102133 88033 135259.505  987   99 704603.789    0.00000   100%   8.8 3039s
 102436 88362 157086.094 1070  105 704603.789    0.00000   100%   8.8 3046s
 102765 88696 141843.719 1156  101 704603.789    0.00000   100%   8.8 3055s
 103099 89032 178368.883 1240  102 704603.789    0.00000   100%   8.8 3065s
 103435 89297 150877.297 1328   97 704603.789    0.00000   100%   8.8 3074s
 103700 89621 156058.892 1397   98 704603.789    0.00000   100%   8.8 3083s
 104024 89949 241623.743 1482  106 704603.789    0.00000   100%   8.7 3093s
 104352 90295 173474.210 1571   97 704603.789    0.00000   100%   8.7 3101s
 104698 90658 274900.121 1662  105 704603.789    0.00000   100%   8.7 3111s
 105061 91020 188529.002 1752   95 704603.789    0.00000   100%   8.7 3121s
 105423 91363 283084.487 1843  109 704603.789    0.00000   100%   8.7 3131s
 105766 91719 204759.975 1931   99 704603.789    0.00000   100%   8.7 3139s
 106122 92004 273343.542 2027   88 704603.789    0.00000   100%   8.7 3147s
 106467 92229 351810.977  124  109 704603.789    0.00000   100%   8.7 3156s
 106720 92488    0.00000  112  116 704603.789    0.00000   100%   8.7 3165s
 106996 92734     cutoff  143      704603.789    0.00000   100%   8.7 3174s
 107246 92990 22393.3705  174  114 704603.789    0.00000   100%   8.7 3182s
 107520 93282 43715.2355  153  112 704603.789    0.00000   100%   8.7 3190s
 107812 93583 182841.361  265  106 704603.789    0.00000   100%   8.7 3196s
 108113 93896 224221.961  381  103 704603.789    0.00000   100%   8.6 3203s
 108426 94204 237253.658  506  104 704603.789    0.00000   100%   8.6 3211s
 108734 94456 265629.783  625  101 704603.789    0.00000   100%   8.6 3218s
 109002 94613 276023.237  717  101 704603.789    0.00000   100%   8.6 3226s
 109301 94761 16980.2740  139  114 704603.789    0.00000   100%   8.6 3235s
 109449 94976 25933.6392  184  110 704603.789    0.00000   100%   8.6 3244s
 109668 95211 446537.848  247  121 704603.789    0.00000   100%   8.6 3253s
 109919 95484 222009.026  200  107 704603.789    0.00000   100%   8.6 3261s
 110192 95751 310332.639  321  107 704603.789    0.00000   100%   8.6 3267s
 110459 96079 353122.686  426  104 704603.789    0.00000   100%   8.6 3277s
 110787 96405 368770.742  572  106 704603.789    0.00000   100%   8.6 3285s
 111113 96739 393846.219  720  109 704603.789    0.00000   100%   8.5 3291s
 111447 97087 437797.935  867  107 704603.789    0.00000   100%   8.5 3301s
 111795 97376 503586.291 1026  110 704603.789    0.00000   100%   8.5 3308s
 112140 97660 148115.451  184  111 704603.789    0.00000   100%   8.5 3316s
 112455 98043 201381.068  165  108 704603.789    0.00000   100%   8.5 3325s
 112838 98423 359571.839  348  108 704603.789    0.00000   100%   8.5 3335s
 113218 98706 417890.498  530  106 704603.789    0.00000   100%   8.4 3343s
 113537 99008 508606.742  722  107 704603.789    0.00000   100%   8.4 3351s
 113839 99236 562550.920  917  100 704603.789    0.00000   100%   8.4 3358s
 114095 99511 26551.6305  147  114 704603.789    0.00000   100%   8.4 3364s
 114370 99804 68024.1325  262  110 704603.789    0.00000   100%   8.4 3372s
 114663 100114 75501.2207  390  110 704603.789    0.00000   100%   8.4 3380s
 114973 100436 133919.827  533  108 704603.789    0.00000   100%   8.3 3388s
 115295 100745 149525.020  681  110 704603.789    0.00000   100%   8.3 3397s
 115604 101049 176887.337  825  108 704603.789    0.00000   100%   8.3 3407s
 115908 101351 190278.754  965  112 704603.789    0.00000   100%   8.3 3416s
 116210 101692 210927.401 1104  108 704603.789    0.00000   100%   8.3 3422s
 116551 102031 222880.079 1270  106 704603.789    0.00000   100%   8.2 3431s
 116890 102392 233496.940 1439  106 704603.789    0.00000   100%   8.2 3441s
 117251 102747 259425.309 1606  104 704603.789    0.00000   100%   8.2 3450s
H117427 102620                    698821.27632    0.00000   100%   8.2 3450s
 117606 102978 283436.696 1781   99 698821.276    0.00000   100%   8.2 3458s
 117964 103338 304429.153 1953   98 698821.276    0.00000   100%   8.2 3467s
 118324 103699 325692.888 2128   93 698821.276    0.00000   100%   8.1 3475s
 118685 103982 348620.862 2301   97 698821.276    0.00000   100%   8.1 3483s
 119022 104092 359839.443 2465   94 698821.276    0.00000   100%   8.1 3492s
 119202 104161 34858.1627  127  106 698821.276    0.00000   100%   8.2 3500s
 119513 104347     cutoff  168      698821.276    0.00000   100%   8.2 3508s
 119758 104584 16205.4389  166  108 698821.276    0.00000   100%   8.2 3514s
 119995 104827 58047.2452  237  104 698821.276    0.00000   100%   8.2 3522s
 120238 105071 19768.9170  308  108 698821.276    0.00000   100%   8.2 3529s
 120482 105313 146615.953  380  129 698821.276    0.00000   100%   8.3 3537s
 120724 105576 24193.7521  454  103 698821.276    0.00000   100%   8.3 3545s
 120987 105859 32664.5772  539  104 698821.276    0.00000   100%   8.3 3554s
 121270 106159 40616.1645  622  102 698821.276    0.00000   100%   8.3 3561s
 121570 106440 231693.819  709  120 698821.276    0.00000   100%   8.3 3571s
 121851 106721 173036.472  783  101 698821.276    0.00000   100%   8.3 3580s
 122132 107013 130464.301  858   99 698821.276    0.00000   100%   8.3 3588s
 122424 107367 193490.625  936  110 698821.276    0.00000   100%   8.3 3597s
 122803 107411     cutoff 1039      698821.276    0.00000   100%   8.3 3600s

Cutting planes:
  Gomory: 1
  Implied bound: 4
  MIR: 70
  Flow cover: 61
  RLT: 13
  Relax-and-lift: 2

Explored 122903 nodes (1022912 simplex iterations) in 3600.07 seconds (1469.84 work units)
Thread count was 2 (of 24 available processors)

Solution count 10: 698821 704604 712421 ... 864875

Time limit reached
Best objective 6.988212763193e+05, best bound 0.000000000000e+00, gap 100.0000%
