
Gurobi 11.0.3 (linux64, Java) logging started qua 17 dez 2025 21:14:15 -03

Set parameter WLSAccessID
Set parameter WLSSecret
Set parameter LicenseID to value 2566693
Academic license 2566693 - for non-commercial use only - registered to ja___@ufv.br
Set parameter NonConvex to value 2
Set parameter TimeLimit to value 3600
Set parameter LogToConsole to value 0
Set parameter MIPGap to value 4.7478399160473358e-08
Set parameter Threads to value 2
Set parameter NodefileDir to value "/home/ps12398/gp-momulap/goalProgrammingMarcos/"
Set parameter NodefileStart to value 1
Gurobi Optimizer version 11.0.3 build v11.0.3rc0 (linux64)

CPU model: Intel(R) Xeon(R) CPU           X5650  @ 2.67GHz, instruction set [SSE2]
Thread count: 12 physical cores, 24 logical processors, using up to 2 threads

Academic license 2566693 - for non-commercial use only - registered to ja___@ufv.br
Optimize a model with 62101 rows, 41913 columns and 208058 nonzeros
Model fingerprint: 0x5e2852d7
Model has 149 quadratic constraints
Variable types: 20886 continuous, 21027 integer (144 binary)
Coefficient statistics:
  Matrix range     [7e-03, 6e+06]
  QMatrix range    [7e-03, 1e+05]
  QLMatrix range   [1e+00, 1e+05]
  Objective range  [1e+00, 4e+07]
  Bounds range     [1e+00, 1e+08]
  RHS range        [1e+00, 7e+06]
  QRHS range       [2e-01, 2e-01]
Presolve removed 61160 rows and 40894 columns
Presolve time: 0.17s
Presolved: 2243 rows, 1411 columns, 69462 nonzeros
Presolved model has 2 SOS constraint(s)
Presolved model has 144 bilinear constraint(s)

Solving non-convex MIQCP

Variable types: 561 continuous, 850 integer (146 binary)
Found heuristic solution: objective 1.893106e+07

Root relaxation: objective 0.000000e+00, 587 iterations, 0.03 seconds (0.01 work units)

    Nodes    |    Current Node    |     Objective Bounds      |     Work
 Expl Unexpl |  Obj  Depth IntInf | Incumbent    BestBd   Gap | It/Node Time

     0     0    0.00000    0  216 1.8931e+07    0.00000   100%     -    1s
     0     0    0.00000    0  203 1.8931e+07    0.00000   100%     -    1s
     0     0    0.00000    0  197 1.8931e+07    0.00000   100%     -    1s
     0     0    0.00000    0  174 1.8931e+07    0.00000   100%     -    1s
H    0     0                    1.420202e+07    0.00000   100%     -    1s
     0     0    0.00000    0  179 1.4202e+07    0.00000   100%     -    1s
     0     0    0.00000    0  159 1.4202e+07    0.00000   100%     -    1s
     0     0    0.00000    0  166 1.4202e+07    0.00000   100%     -    1s
     0     0    0.00000    0  156 1.4202e+07    0.00000   100%     -    1s
     0     0    0.00000    0  155 1.4202e+07    0.00000   100%     -    1s
     0     0    0.00000    0  155 1.4202e+07    0.00000   100%     -    1s
     0     0    0.00000    0  157 1.4202e+07    0.00000   100%     -    2s
     0     0    0.00000    0  149 1.4202e+07    0.00000   100%     -    2s
     0     0    0.00000    0  149 1.4202e+07    0.00000   100%     -    2s
     0     0    0.00000    0  149 1.4202e+07    0.00000   100%     -    2s
     0     0    0.00000    0  149 1.4202e+07    0.00000   100%     -    2s
     0     2    0.00000    0  149 1.4202e+07    0.00000   100%     -    3s
H   29    32                    1590835.6761    0.00000   100%  32.5    4s
    31    71    0.00000   12  142 1590835.68    0.00000   100%  30.7    5s
H   70   134                    1590835.6746    0.00000   100%  29.7    5s
H  412   445                    1335960.7261    0.00000   100%  29.0    8s
H  415   445                    1037788.1156    0.00000   100%  28.8    8s
H  445   506                    1036952.1554    0.00000   100%  29.5    9s
H  482   506                    625440.89014    0.00000   100%  32.3    9s
   525   578    0.00000  133  156 625440.890    0.00000   100%  35.8   10s
H  952   997                    542097.14398    0.00000   100%  36.0   11s
H 1108  1126                    537361.38760    0.00000   100%  35.0   14s
H 1120  1056                    4229.3763037    0.00000   100%  36.5   14s
  1152  1273    0.00000  229  182 4229.37630    0.00000   100%  36.1   15s
H 1875  1612                    4164.6417402    0.00000   100%  32.9   18s
  1886  1619    0.00000  115   11 4164.64174    0.00000   100%  32.7   20s
H 1892  1543                       0.0000000    0.00000  0.00%  34.3   22s

Explored 1892 nodes (68909 simplex iterations) in 22.81 seconds (6.04 work units)
Thread count was 2 (of 24 available processors)

Solution count 10: 0 4164.64 4229.38 ... 1.59084e+06

Optimal solution found (tolerance 4.75e-08)
Best objective 0.000000000000e+00, best bound 0.000000000000e+00, gap 0.0000%
