
Gurobi 11.0.3 (linux64, Java) logging started qui 18 dez 2025 08:50:39 -03

Set parameter WLSAccessID
Set parameter WLSSecret
Set parameter LicenseID to value 2566693
Academic license 2566693 - for non-commercial use only - registered to ja___@ufv.br
Set parameter NonConvex to value 2
Set parameter TimeLimit to value 3600
Set parameter LogToConsole to value 0
Set parameter MIPGap to value 4.7478399160473358e-08
Set parameter Threads to value 2
Set parameter NodefileDir to value "/home/ps12398/gp-momulap/goalProgrammingMarcos/"
Set parameter NodefileStart to value 1
Gurobi Optimizer version 11.0.3 build v11.0.3rc0 (linux64)

CPU model: Intel(R) Xeon(R) CPU           X5650  @ 2.67GHz, instruction set [SSE2]
Thread count: 12 physical cores, 24 logical processors, using up to 2 threads

Academic license 2566693 - for non-commercial use only - registered to ja___@ufv.br
Optimize a model with 62101 rows, 41913 columns and 208058 nonzeros
Model fingerprint: 0x8191ef6c
Model has 149 quadratic constraints
Variable types: 20886 continuous, 21027 integer (144 binary)
Coefficient statistics:
  Matrix range     [7e-03, 6e+06]
  QMatrix range    [7e-03, 1e+05]
  QLMatrix range   [1e+00, 1e+05]
  Objective range  [1e+00, 4e+07]
  Bounds range     [1e+00, 1e+08]
  RHS range        [1e+00, 4e+06]
  QRHS range       [1e-02, 1e-02]
Presolve removed 61160 rows and 40894 columns
Presolve time: 0.28s
Presolved: 2243 rows, 1411 columns, 69462 nonzeros
Presolved model has 2 SOS constraint(s)
Presolved model has 144 bilinear constraint(s)

Solving non-convex MIQCP

Variable types: 561 continuous, 850 integer (146 binary)
Found heuristic solution: objective 1.612212e+07

Root relaxation: objective 0.000000e+00, 424 iterations, 0.03 seconds (0.01 work units)

    Nodes    |    Current Node    |     Objective Bounds      |     Work
 Expl Unexpl |  Obj  Depth IntInf | Incumbent    BestBd   Gap | It/Node Time

     0     0    0.00000    0  220 1.6122e+07    0.00000   100%     -    1s
H    0     0                    1.465035e+07    0.00000   100%     -    1s
     0     0    0.00000    0  392 1.4650e+07    0.00000   100%     -    1s
H    0     0                    8150621.8083    0.00000   100%     -    1s
     0     0    0.00000    0  375 8150621.81    0.00000   100%     -    2s
     0     0    0.00000    0  358 8150621.81    0.00000   100%     -    2s
     0     0    0.00000    0  329 8150621.81    0.00000   100%     -    2s
     0     0    0.00000    0  312 8150621.81    0.00000   100%     -    3s
     0     2    0.00000    0  268 8150621.81    0.00000   100%     -    4s
    18    32    0.00000    6  288 8150621.81    0.00000   100%   141    5s
H   67    79                    7351285.1972    0.00000   100%  86.7    7s
H   74    79                    7121691.4427    0.00000   100%  94.1    7s
H  167   320                    7121691.4223    0.00000   100%  86.2    9s
   319   662 601379.724   85  249 7121691.42    0.00000   100%  79.2   11s
H  470   662                    7121691.4037    0.00000   100%  60.7   11s
H  777   867                    6974553.0432    0.00000   100%  43.5   12s
  1247  1417 2471134.33  459  155 6974553.04    0.00000   100%  36.5   16s
H 1265  1417                    4693182.6922    0.00000   100%  36.1   16s
H 1416  1601                    4392469.7962    0.00000   100%  34.9   17s
H 1719  1771                    4049257.3489    0.00000   100%  32.5   18s
  1770  1940 2496639.36  719  145 4049257.35    0.00000   100%  32.4   20s
H 2126  2245                    4047055.0051    0.00000   100%  28.7   21s
H 2498  2557                    4025664.8841    0.00000   100%  25.7   22s
  3264  3532 3194332.84 1500  174 4025664.88    0.00000   100%  21.1   25s
H 3390  3532                    3886285.1068    0.00000   100%  20.4   25s
  3934  3933 2521061.15  504  226 3886285.11    0.00000   100%  18.2   30s
  3942  3939 3294277.72 1557  228 3886285.11    0.00000   100%  18.2   35s
H 3943  3741                    3886223.9681    0.00000   100%  18.2   40s
H 3973  3576                    3842422.0190    0.00000   100%  22.1   42s
  4022  3644 254181.259   36  346 3842422.02    0.00000   100%  24.2   45s
H 4057  3454                    3794438.8678    0.00000   100%  24.4   45s
H 4091  3342                    3662613.9179    0.00000   100%  24.7   47s
  4214  3491 424772.997   88  306 3662613.92    0.00000   100%  26.8   50s
H 4231  3324                    3652373.0708    0.00000   100%  26.8   50s
H 4316  3189                    3652373.0634    0.00000   100%  27.5   52s
H 4362  3098                    3603146.0439    0.00000   100%  28.7   54s
  4431  3147 1299137.44  123  282 3603146.04    0.00000   100%  28.8   56s
H 4459  3000                    3599753.0344    0.00000   100%  30.3   56s
H 4556  3037                    3599752.9902    0.00000   100%  32.0   57s
H 4703  3127                    3597029.7020    0.00000   100%  31.4   59s
  4966  3213 2204196.81  192  230 3597029.70    0.00000   100%  30.6   61s
H 5009  3080                    3550421.1810    0.00000   100%  30.7   61s
H 5417  3155                    3523132.9185    0.00000   100%  29.5   64s
  5702  3661 2702238.38  290  173 3523132.92    0.00000   100%  29.7   66s
H 6136  3641                    3474483.2486    0.00000   100%  28.1   67s
  6952  4244 984540.679   91  223 3474483.25    0.00000   100%  26.7   70s
H 7287  4286                    3456283.9833    0.00000   100%  25.8   72s
H 7381  4156                    3449117.7200    0.00000   100%  25.7   72s
  7877  4779 1282580.33  229  186 3449117.72    0.00000   100%  24.4   75s
H 8566  4736                    3380340.5319    0.00000   100%  23.4   78s
H 8666  4842                    3356090.1835    0.00000   100%  23.6   80s
H 8855  4772                    3348411.3897    0.00000   100%  23.2   80s
H 8894  5012                    3340725.0872    0.00000   100%  23.7   83s
H 9107  5000                    3322191.8510    0.00000   100%  23.2   83s
H 9134  5331                    3319166.2903    0.00000   100%  23.6   84s
H 9390  5331                    3319051.2498    0.00000   100%  23.0   84s
H 9469  5702                    3295862.8694    0.00000   100%  23.3   87s
H 9853  6086                    3295861.8663    0.00000   100%  22.7   88s
 10243  6702 1706865.52 1082  163 3295861.87    0.00000   100%  22.1   90s
H10859  7072                    3292812.9855    0.00000   100%  20.9   92s
 11776  8210 1759430.24 1461  161 3292812.99    0.00000   100%  19.5   96s
H12367  8533                    3292812.9618    0.00000   100%  18.7   98s
H12539  8533                    3292173.9103    0.00000   100%  18.4   98s
 12690  8884 1758533.90 1694  158 3292173.91    0.00000   100%  18.3  100s
H12882  8884                    3292172.2898    0.00000   100%  18.0  100s
H13706  9672                    3292146.4812    0.00000   100%  17.2  103s
H13826  9672                    3288150.4828    0.00000   100%  17.1  103s
 14173 10331 1777269.97 2131  168 3288150.48    0.00000   100%  17.0  105s
H14655 10572                    3288150.0675    0.00000   100%  16.7  106s
H14656 10572                    3098281.5304    0.00000   100%  16.7  106s
H14800 10723                    3074799.1473    0.00000   100%  16.8  107s
H14886 10725                    3054736.1188    0.00000   100%  16.8  111s
H14913 10943                    3043564.1837    0.00000   100%  16.8  112s
H15000 10943                    3018584.6961    0.00000   100%  16.8  112s
H15106 11058                    3013653.8856    0.00000   100%  16.7  114s
 15223 11135 2490457.34 2445  166 3013653.89    0.00000   100%  16.7  117s
H15248 11128                    2978240.8296    0.00000   100%  16.7  117s
 15620 11575 2763413.85 2528  181 2978240.83    0.00000   100%  16.6  120s
H16038 12020                    2971614.2032    0.00000   100%  16.5  123s
 16280 12241 2841032.53 2709  165 2971614.20    0.00000   100%  16.3  125s
H16809 12489                    2960503.0302    0.00000   100%  16.3  128s
 17144 13083 1275173.81  107  217 2960503.03    0.00000   100%  16.5  130s
H17469 13327                    2951181.5085    0.00000   100%  16.6  132s
 17892 13711 2347923.74  148  191 2951181.51    0.00000   100%  16.3  135s
H18675 14492                    2940945.5950    0.00000   100%  16.5  139s
 18871 14774 976757.785   86  256 2940945.59    0.00000   100%  16.3  141s
 19734 15472 2647610.35  158  189 2940945.59    0.00000   100%  16.2  145s
H19785 15467                    2922711.0288    0.00000   100%  16.3  145s
H19903 15549                    2921976.9606    0.00000   100%  16.2  147s
H19986 15638                    2920762.6176    0.00000   100%  16.3  149s
H20018 15636                    2904690.3234    0.00000   100%  16.5  149s
 20077 15770 985675.033   98  233 2904690.32    0.00000   100%  16.5  150s
H20384 16009                    2903611.1987    0.00000   100%  16.6  152s
 20570 16241 2383052.43  164  195 2903611.20    0.00000   100%  16.7  155s
H20704 16334                    2882811.1004    0.00000   100%  16.7  156s
 20959 16628 2668395.18  210  193 2882811.10    0.00000   100%  16.8  160s
H21215 16864                    2882811.0635    0.00000   100%  16.9  162s
H21319 16864                    2882743.3762    0.00000   100%  16.8  162s
 21640 17296     cutoff  367      2882743.38    0.00000   100%  16.7  165s
H22346 17796                    2882705.9976    0.00000   100%  17.0  169s
H22473 17794                    2882173.0233    0.00000   100%  16.9  169s
 22499 17948 2684138.60  504  150 2882173.02    0.00000   100%  16.9  170s
H22742 18106                    2882171.6993    0.00000   100%  17.0  172s
 23050 18424 2689010.97  594  149 2882171.70    0.00000   100%  16.9  175s
H23467 18761                    2881456.4851    0.00000   100%  17.2  177s
 23813 19182 1103732.86  105  239 2881456.49    0.00000   100%  17.3  180s
H24043 19416                    2870325.4635    0.00000   100%  17.5  182s
 24593 20149 2078669.97  256  168 2870325.46    0.00000   100%  17.4  185s
H25021 20143                    2863885.4087    0.00000   100%  17.3  185s
H25057 20213                    2862804.4543    0.00000   100%  17.2  189s
 25092 20519 2095333.59  380  166 2862804.45    0.00000   100%  17.2  191s
H25131 20519                    2862628.5378    0.00000   100%  17.2  191s
H26083 21583                    2859328.8186    0.00000   100%  16.7  194s
 26496 22000 2091088.10  774  166 2859328.82    0.00000   100%  16.5  196s
H26920 21998                    2856558.1277    0.00000   100%  16.4  196s
 27707 23126 2142178.54 1086  162 2856558.13    0.00000   100%  16.2  200s
H28049 23232                    2853661.7132    0.00000   100%  16.1  201s
H28079 23224                    2851485.5546    0.00000   100%  16.2  201s
H28584 23956                    2849599.8156    0.00000   100%  16.0  204s
H28933 24162                    2837944.6596    0.00000   100%  15.9  206s
H29202 24276                    2796036.8656    0.00000   100%  15.8  207s
H29338 24175                    2769510.8398    0.00000   100%  15.7  207s
H29805 24481                    2716588.7391    0.00000   100%  15.6  209s
 29963 24587 2168399.13 1759  158 2716588.74    0.00000   100%  15.6  210s
 30180 24629     cutoff 1804      2716588.74    0.00000   100%  15.7  216s
H30181 24619                    2705566.2344    0.00000   100%  15.7  216s
H30785 24779                    2678056.9429    0.00000   100%  16.1  220s
H31371 25057                    2674572.8630    0.00000   100%  16.6  224s
 31462 25119 2176433.77 2013  157 2674572.86    0.00000   100%  16.6  226s
H31585 25107                    2672352.3466    0.00000   100%  16.7  226s
H32130 25399                    2664941.6221    0.00000   100%  17.1  231s
 32814 25730     cutoff 2198      2664941.62    0.00000   100%  17.5  235s
H32815 25720                    2663536.0923    0.00000   100%  17.5  235s
 33410 25897 2177997.77 2286  157 2663536.09    0.00000   100%  17.9  240s
H33514 25879                    2657323.6434    0.00000   100%  18.1  241s
H33659 25965                    2657323.3968    0.00000   100%  18.3  244s
 33679 26115 2178705.44 2367  157 2657323.40    0.00000   100%  18.4  245s
H34198 26644                    2657321.6557    0.00000   100%  18.6  247s
H34504 26998                    2656568.1936    0.00000   100%  18.5  249s
 34870 27417 2179110.40 2479  157 2656568.19    0.00000   100%  18.4  253s
 35327 27728 2179331.56 2517  157 2656568.19    0.00000   100%  18.3  255s
H35974 28152                    2642871.5487    0.00000   100%  18.3  258s
H36236 28419                    2642820.2477    0.00000   100%  18.2  259s
H36542 28542                    2642780.7606    0.00000   100%  18.2  260s
H36747 28685                    2642206.5367    0.00000   100%  18.3  262s
H36896 28838                    2639058.7260    0.00000   100%  18.2  263s
 37416 29163     cutoff 2686      2639058.73    0.00000   100%  18.2  266s
H37455 29163                    2638385.9387    0.00000   100%  18.3  266s
H37860 29649                    2638376.4894    0.00000   100%  18.3  269s
 38066 29812 2180881.82 2730  157 2638376.49    0.00000   100%  18.2  270s
H38600 30342                    2636628.6039    0.00000   100%  18.1  274s
 38856 30565 2192142.72 2772  155 2636628.60    0.00000   100%  18.0  275s
H39324 30675                    2636540.3072    0.00000   100%  18.3  279s
 39377 30778 2218863.37 2866  158 2636540.31    0.00000   100%  18.4  281s
H39666 30982                    2627043.8956    0.00000   100%  18.5  284s
H39841 31100                    2622610.8951    0.00000   100%  18.6  285s
 40441 31603     cutoff 3007      2622610.90    0.00000   100%  18.5  291s
H40442 31600                    2619614.9450    0.00000   100%  18.5  291s
H40490 31599                    2618656.0673    0.00000   100%  18.5  291s
H41238 32308                    2610024.4528    0.00000   100%  18.4  296s
 41858 32708 2250376.78 3206  156 2610024.45    0.00000   100%  18.9  301s
H41897 32708                    2608581.7500    0.00000   100%  19.0  301s
 42799 33804 1390288.58  146  193 2608581.75    0.00000   100%  18.9  306s
H43181 34368                    2593328.3610    0.00000   100%  18.8  307s
H44208 35207                    2593319.4263    0.00000   100%  18.5  311s
H44789 35739                    2587360.4996    0.00000   100%  18.3  312s
 45686 36212     cutoff 1061      2587360.50    0.00000   100%  18.0  321s
H45792 36491                    2586991.7059    0.00000   100%  18.1  324s
 45980 36827 709762.268   69  269 2586991.71    0.00000   100%  18.1  325s
 47409 38431 2095953.38  359  184 2586991.71    0.00000   100%  17.8  331s
H47628 38427                    2586598.5016    0.00000   100%  17.8  331s
H48620 39234                    2586591.5626    0.00000   100%  17.5  334s
H48647 39234                    2586487.7283    0.00000   100%  17.6  334s
 48819 39472     cutoff  590      2586487.73    0.00000   100%  17.5  335s
 49811 40472 1756990.77  112  224 2586487.73    0.00000   100%  17.5  341s
H50284 40893                    2585351.0675    0.00000   100%  17.4  342s
H50736 41360                    2584503.5579    0.00000   100%  17.2  344s
 50953 41362 2175435.85  639  183 2584503.56    0.00000   100%  17.2  348s
H50978 41498                    2583688.4814    0.00000   100%  17.2  349s
H51039 41498                    2583064.1746    0.00000   100%  17.2  349s
 51091 41925 2192685.81  663  189 2583064.17    0.00000   100%  17.1  351s
H51518 42300                    2582026.4902    0.00000   100%  17.0  352s
H51706 42298                    2580772.1047    0.00000   100%  17.0  352s
 52385 43378 2292426.29 1181  169 2580772.10    0.00000   100%  16.8  355s
H53140 43643                    2580618.0380    0.00000   100%  16.5  356s
H54009 44363                    2579422.8888    0.00000   100%  16.5  359s
 54010 44590 2320309.28 2356  162 2579422.89    0.00000   100%  16.5  360s
H54609 44992                    2578603.4175    0.00000   100%  16.4  363s
 54905 45645 2336602.79 3083  157 2578603.42    0.00000   100%  16.4  365s
 56045 46384 2371767.04 3586  154 2578603.42    0.00000   100%  16.2  371s
H56046 46383                    2578489.9194    0.00000   100%  16.2  371s
H56131 46478                    2575386.6172    0.00000   100%  16.1  372s
H56458 46972                    2574623.3255    0.00000   100%  16.1  374s
H56565 46971                    2574270.1984    0.00000   100%  16.1  374s
 56689 47083 2372287.95 3960  159 2574270.20    0.00000   100%  16.1  375s
H56870 47087                    2574250.6344    0.00000   100%  16.1  377s
H56896 47103                    2574237.6188    0.00000   100%  16.4  378s
H56999 47206                    2573850.7580    0.00000   100%  16.6  379s
 57011 47269 1351455.79  100  243 2573850.76    0.00000   100%  16.7  380s
H57229 47468                    2571572.7585    0.00000   100%  16.9  382s
H57812 48097                    2570640.0719    0.00000   100%  16.8  386s
 58780 49175     cutoff  154      2570640.07    0.00000   100%  16.8  390s
 59772 50135 1099315.44  104  225 2570640.07    0.00000   100%  16.7  395s
H60016 50250                    2570211.8146    0.00000   100%  16.8  397s
 60811 51063     cutoff  154      2570211.81    0.00000   100%  16.7  400s
H61018 51177                    2567633.0519    0.00000   100%  16.7  403s
 61285 51518 1598541.27   99  284 2567633.05    0.00000   100%  16.7  405s
H61839 51906                    2567611.9410    0.00000   100%  16.9  407s
H61870 51904                    2565011.3344    0.00000   100%  16.9  407s
 62072 52030 510053.937   78  308 2565011.33    0.00000   100%  17.1  410s
 62849 53119 2121944.26  394  179 2565011.33    0.00000   100%  17.3  415s
H63104 53119                    2564968.6080    0.00000   100%  17.2  415s
H64016 53918                    2563933.8176    0.00000   100%  17.0  418s
 64544 54895 2334325.00 1073  159 2563933.82    0.00000   100%  16.9  420s
 66151 56169 2343877.05 1637  155 2563933.82    0.00000   100%  16.5  429s
H66269 56332                    2562948.7271    0.00000   100%  16.5  430s
H66667 56612                    2562368.0832    0.00000   100%  16.4  432s
 67380 57509 186792.701   73  301 2562368.08    0.00000   100%  16.3  435s
H68118 58074                    2560172.2485    0.00000   100%  16.3  438s
 68487 58547 infeasible  121      2560172.25    0.00000   100%  16.3  440s
 69108 58910 2396050.55  118  218 2560172.25    0.00000   100%  16.5  445s
H69469 59191                    2560167.3942    0.00000   100%  16.7  448s
 69653 59346 1533262.21   99  227 2560167.39    0.00000   100%  16.8  450s
H69669 59346                    2560140.1095    0.00000   100%  16.8  450s
H69692 59346                    2559924.9007    0.00000   100%  16.9  450s
H69739 59367                    2559919.2826    0.00000   100%  17.0  452s
H69782 59413                    2559441.5092    0.00000   100%  17.1  453s
 69874 59546 infeasible  108      2559441.51    0.00000   100%  17.3  455s
H70123 59821                    2557002.9781    0.00000   100%  17.5  458s
 70553 60289 2457879.24  121  208 2557002.98    0.00000   100%  17.4  461s
H70674 60288                    2556177.1052    0.00000   100%  17.5  461s
 71247 60868 1301447.70   94  248 2556177.11    0.00000   100%  17.4  467s
H71618 61333                    2556125.4821    0.00000   100%  17.4  470s
H71646 61333                    2556070.1001    0.00000   100%  17.5  470s
H72477 61930                    2556069.0315    0.00000   100%  17.4  472s
 72779 62527 1393481.84   98  248 2556069.03    0.00000   100%  17.4  475s
H73632 63044                    2555381.8004    0.00000   100%  17.4  478s
 73730 63184 1626234.19  115  184 2555381.80    0.00000   100%  17.5  480s
H73837 63200                    2554917.4696    0.00000   100%  17.6  481s
H74032 63315                    2554804.5113    0.00000   100%  17.9  484s
 74050 63394 315387.841   72  292 2554804.51    0.00000   100%  17.9  485s
H74129 63463                    2554332.7865    0.00000   100%  18.0  487s
H74285 63558                    2554289.5612    0.00000   100%  18.2  489s
 74347 63588 1473486.61   98  235 2554289.56    0.00000   100%  18.3  490s
H74393 63616                    2553925.5225    0.00000   100%  18.4  491s
 74542 63703 981227.526   73  258 2553925.52    0.00000   100%  18.7  495s
H74543 63703                    2553218.6826    0.00000   100%  18.7  495s
 74807 63910 611438.550   75  302 2553218.68    0.00000   100%  19.1  500s
H74992 64010                    2553218.6460    0.00000   100%  19.4  502s
H75019 64044                    2553217.0872    0.00000   100%  19.5  504s
 75068 64081 15298.1023   71  318 2553217.09    0.00000   100%  19.5  505s
H75098 64081                    2553115.6797    0.00000   100%  19.6  505s
 75398 64511 1688883.85  129  167 2553115.68    0.00000   100%  20.1  510s
H75632 64509                    2552949.2490    0.00000   100%  20.1  510s
H75804 64687                    2552693.5279    0.00000   100%  20.1  512s
 76038 65071 2147447.33  414  156 2552693.53    0.00000   100%  20.1  516s
 76221 65342 2170989.99  481  176 2552693.53    0.00000   100%  20.2  520s
H76504 65567                    2552545.4919    0.00000   100%  20.2  522s
 76995 66142 2234096.40  807  160 2552545.49    0.00000   100%  20.2  526s
H77323 66142                    2552474.9088    0.00000   100%  20.2  526s
 77620 66638 2181532.06 1097  155 2552474.91    0.00000   100%  20.2  530s
H78437 67382                    2552473.4435    0.00000   100%  20.3  534s
 78618 67550 2210122.46 1517  167 2552473.44    0.00000   100%  20.3  536s
H78757 67550                    2552265.7401    0.00000   100%  20.3  536s
 79204 68123 2195921.81 1773  153 2552265.74    0.00000   100%  20.5  540s
 79812 68693 2202343.12 2030  155 2552265.74    0.00000   100%  20.7  545s
H79981 68693                    2552258.0118    0.00000   100%  20.7  545s
H80007 68927                    2552060.1241    0.00000   100%  20.7  546s
H80453 69130                    2551996.4938    0.00000   100%  20.8  548s
 80471 69354 2212363.76 2299  151 2551996.49    0.00000   100%  20.8  550s
 81184 70046 2239145.67 2589  159 2551996.49    0.00000   100%  21.0  556s
 81450 70107 2264632.16 2693  144 2551996.49    0.00000   100%  21.0  561s
H81543 70223                    2551721.7629    0.00000   100%  21.1  562s
 81800 70311 2487998.61 2804  158 2551721.76    0.00000   100%  21.2  565s
H81880 70372                    2551395.3315    0.00000   100%  21.4  567s
 82091 70508 230406.195   82  268 2551395.33    0.00000   100%  21.7  570s
 82336 71120 1586429.78  143  180 2551395.33    0.00000   100%  22.0  575s
 83508 72238 1914569.81  452  153 2551395.33    0.00000   100%  21.9  581s
H84171 72617                    2551390.5420    0.00000   100%  21.8  582s
H84497 73002                    2551257.4687    0.00000   100%  21.8  584s
 84635 73241 1854621.90  709  155 2551257.47    0.00000   100%  21.8  586s
 85785 74651 1914595.35  976  154 2551257.47    0.00000   100%  21.7  591s
 86584 74957 1978586.64 1183  175 2551257.47    0.00000   100%  21.6  595s
H86717 75228                    2551216.9439    0.00000   100%  21.5  597s
H86973 75515                    2551101.4530    0.00000   100%  21.5  598s
 87150 75818 1995516.44 1304  156 2551101.45    0.00000   100%  21.5  600s
 88296 77150 2064347.93 1564  158 2551101.45    0.00000   100%  21.4  605s
H88785 77620                    2551096.8838    0.00000   100%  21.3  607s
H89876 78495                    2550949.0010    0.00000   100%  21.1  611s
 90832 79476 2356625.67 2070  158 2550949.00    0.00000   100%  21.0  615s
H91111 79676                    2550948.8518    0.00000   100%  20.9  616s
H91311 79992                    2550936.7500    0.00000   100%  20.9  617s
H91627 80060                    2550848.2232    0.00000   100%  20.9  621s
 91894 80537 2305457.93 2209  158 2550848.22    0.00000   100%  20.8  625s
 93297 81978 2309522.91 2427  159 2550848.22    0.00000   100%  20.7  630s
H93691 82350                    2550835.7191    0.00000   100%  20.6  631s
 94466 82871 2314671.55 2629  159 2550835.72    0.00000   100%  20.7  635s
 94886 83292 2318311.46 2789  158 2550835.72    0.00000   100%  20.9  640s
 95195 83613 2324128.51 2904  161 2550835.72    0.00000   100%  21.0  645s
 95730 83954     cutoff 3107      2550835.72    0.00000   100%  21.2  650s
 96042 84148 14893.2576   68  319 2550835.72    0.00000   100%  21.5  655s
H96102 84191                    2550824.3538    0.00000   100%  21.6  656s
H96360 84387                    2550599.7214    0.00000   100%  21.7  658s
 96432 84454 616729.854   76  291 2550599.72    0.00000   100%  21.9  661s
H96440 84449                    2550240.3798    0.00000   100%  21.9  661s
 96749 84671 503150.093   73  294 2550240.38    0.00000   100%  22.2  671s
 96894 84827 1235493.11  100  274 2550240.38    0.00000   100%  22.3  675s
 97137 84998 1984358.75  110  245 2550240.38    0.00000   100%  22.8  681s
H97264 85107                    2550216.6984    0.00000   100%  23.0  684s
 97331 85139     cutoff  104      2550216.70    0.00000   100%  23.1  686s
H97453 85183                    2550191.1466    0.00000   100%  23.3  687s
 97522 85226 322832.357   72  314 2550191.15    0.00000   100%  23.5  690s
H97619 85254                    2550118.4780    0.00000   100%  23.6  691s
 97892 85426 2469971.52  106  204 2550118.48    0.00000   100%  23.9  696s
 98245 86138 2188068.29  160  163 2550118.48    0.00000   100%  24.2  701s
 98959 86806 2238357.78  663  153 2550118.48    0.00000   100%  24.1  705s
 100136 87765 2236266.31 1525  154 2550118.48    0.00000   100%  24.0  711s
 101060 88796 2260966.41 2247  148 2550118.48    0.00000   100%  23.9  716s
H101178 88795                    2550069.7805    0.00000   100%  23.9  716s
H101957 89258                    2549389.8941    0.00000   100%  23.8  723s
 101959 89724 2267558.04 2711  148 2549389.89    0.00000   100%  23.8  725s
H102690 90210                    2549199.3715    0.00000   100%  23.7  728s
H103170 90614                    2548725.0925    0.00000   100%  23.6  729s
H103406 90854                    2548723.5338    0.00000   100%  23.5  731s
H103635 90834                    2548300.3472    0.00000   100%  23.5  731s
 103832 90990 2365510.65 3603  145 2548300.35    0.00000   100%  23.6  735s
 104132 91221 1341000.16   98  254 2548300.35    0.00000   100%  24.0  740s
H104391 91376                    2548016.8581    0.00000   100%  24.4  744s
 104482 91440     cutoff  141      2548016.86    0.00000   100%  24.5  745s
H104660 91552                    2547683.5200    0.00000   100%  24.7  749s
 104719 91579 infeasible  119      2547683.52    0.00000   100%  24.8  750s
 104898 91712 171339.421   71  292 2547683.52    0.00000   100%  25.1  755s
H104942 91711                    2547604.9152    0.00000   100%  25.1  755s
H104986 91760                    2547382.3363    0.00000   100%  25.2  756s
 105181 91912 2171349.24   96  259 2547382.34    0.00000   100%  25.5  761s
H105243 91963                    2547003.0830    0.00000   100%  25.6  762s
H105372 92067                    2546901.5463    0.00000   100%  25.8  764s
 105410 92139 1985112.66  106  198 2546901.55    0.00000   100%  25.8  766s
H105506 92132                    2546721.8509    0.00000   100%  25.8  766s
 105668 92321 2507787.47  124  204 2546721.85    0.00000   100%  26.1  770s
 106035 92534 6491.60716   66  301 2546721.85    0.00000   100%  26.3  775s
H106126 92530                    2546580.6021    0.00000   100%  26.4  775s
H106282 92626                    2546546.5125    0.00000   100%  26.5  778s
 106312 92667 25214.8618   66  322 2546546.51    0.00000   100%  26.6  780s
H106362 92667                    2546390.5065    0.00000   100%  26.6  780s
H106649 92915                    2546390.4822    0.00000   100%  27.0  786s
H106791 92980                    2546316.0502    0.00000   100%  27.1  788s
H106825 93039                    2546298.8832    0.00000   100%  27.1  790s
H106871 93039                    2546287.2542    0.00000   100%  27.2  790s
 107053 93168 1256437.17   87  237 2546287.25    0.00000   100%  27.5  798s
 107065 93232 1297112.23   88  229 2546287.25    0.00000   100%  27.5  800s
H107104 93232                    2545226.1513    0.00000   100%  27.6  800s
H107306 93584                    2544220.8885    0.00000   100%  27.6  802s
 107493 94055 2074961.09  241  169 2544220.89    0.00000   100%  27.6  805s
H107869 94055                    2544151.3360    0.00000   100%  27.5  805s
H108406 94474                    2544148.2112    0.00000   100%  27.5  808s
 108473 94849 2226916.96  914  162 2544148.21    0.00000   100%  27.5  810s
H108846 94849                    2544145.0813    0.00000   100%  27.4  810s
H109227 95255                    2543607.0137    0.00000   100%  27.4  813s
H109680 95819                    2543585.2996    0.00000   100%  27.4  816s
 110050 95944 1138907.11   92  275 2543585.30    0.00000   100%  27.5  820s
H110168 95954                    2541870.2083    0.00000   100%  27.7  822s
H110285 96041                    2540995.5101    0.00000   100%  27.9  826s
 110469 96186 2420488.00   91  216 2540995.51    0.00000   100%  28.0  831s
 110699 96363 1232292.16   81  282 2540995.51    0.00000   100%  28.4  836s
H110759 96362                    2540613.3774    0.00000   100%  28.4  836s
 110957 96535 1899642.84   99  259 2540613.38    0.00000   100%  28.7  841s
H111146 96700                    2540280.9647    0.00000   100%  29.0  845s
H111254 96786                    2540125.1607    0.00000   100%  29.1  847s
H111440 96862                    2540053.0326    0.00000   100%  29.2  849s
 111496 96902 907778.377   78  289 2540053.03    0.00000   100%  29.3  852s
 111637 97030 316112.048   73  288 2540053.03    0.00000   100%  29.5  856s
H111798 97070                    2539313.5984    0.00000   100%  29.7  857s
 111894 97204 406037.673   71  296 2539313.60    0.00000   100%  29.9  861s
H112098 97346                    2539307.8458    0.00000   100%  30.1  867s
 112156 97374 2106820.76  104  250 2539307.85    0.00000   100%  30.2  870s
H112218 97481                    2539117.8202    0.00000   100%  30.3  872s
H112334 97539                    2539018.1680    0.00000   100%  30.4  874s
 112442 97622 998615.669   76  268 2539018.17    0.00000   100%  30.5  875s
 112761 97833 1887.20400   69  298 2539018.17    0.00000   100%  30.8  881s
 112964 97962 169236.323   76  278 2539018.17    0.00000   100%  31.1  886s
 113194 98101 183786.315   66  297 2539018.17    0.00000   100%  31.3  890s
H113383 98241                    2538989.9868    0.00000   100%  31.6  895s
 113646 98415    0.00000   61  282 2538989.99    0.00000   100%  32.0  901s
 113892 98573 2477970.23  110  230 2538989.99    0.00000   100%  32.3  905s
H114102 98676                    2538769.2271    0.00000   100%  32.5  907s
 114156 99052 1229554.42   85  252 2538769.23    0.00000   100%  32.6  910s
H114225 99052                    2538767.5024    0.00000   100%  32.7  910s
H114596 99290                    2538702.7160    0.00000   100%  32.7  912s
H114847 99369                    2538698.6755    0.00000   100%  32.6  914s
H114917 99368                    2538634.2739    0.00000   100%  32.7  914s
 114973 99517 935344.135   81  284 2538634.27    0.00000   100%  32.8  916s
H115088 99517                    2538617.4573    0.00000   100%  32.8  916s
 115300 99861 701765.461   77  287 2538617.46    0.00000   100%  33.1  922s
 115579 100251 111601.810   69  318 2538617.46    0.00000   100%  33.2  925s
H115980 100641                    2538615.1849    0.00000   100%  33.2  928s
 116370 101098 1430708.06   94  261 2538615.18    0.00000   100%  33.2  931s
H116419 101096                    2538411.1477    0.00000   100%  33.3  931s
 116842 101517 2254842.03  109  225 2538411.15    0.00000   100%  33.2  937s
 117299 102159 infeasible   94      2538411.15    0.00000   100%  33.2  940s
H118033 102783                    2538402.0615    0.00000   100%  33.2  944s
 118600 103340 infeasible  106      2538402.06    0.00000   100%  33.0  947s
H118655 103339                    2538232.4865    0.00000   100%  33.1  947s
 119181 103844 2412978.47  117  234 2538232.49    0.00000   100%  32.9  950s
H119767 104341                    2538230.0974    0.00000   100%  32.9  953s
 120235 104758 175943.824   72  286 2538230.10    0.00000   100%  32.8  956s
H120652 104867                    2538178.2876    0.00000   100%  32.7  958s
 120860 104864 2384615.74  108  234 2538178.29    0.00000   100%  32.8  961s
H121008 104935                    2538176.7257    0.00000   100%  33.0  964s
H121082 104963                    2538162.9639    0.00000   100%  33.1  967s
 121239 105145 1104421.48   84  279 2538162.96    0.00000   100%  33.4  970s
H121561 105377                    2536499.7999    0.00000   100%  33.7  975s
H121693 105450                    2536047.1180    0.00000   100%  33.8  977s
 121945 105607 750048.234   73  306 2536047.12    0.00000   100%  34.0  980s
H122055 105701                    2536023.6301    0.00000   100%  34.2  982s
 122337 105833 1094453.92   94  271 2536023.63    0.00000   100%  34.4  989s
H122405 105884                    2536016.3998    0.00000   100%  34.5  991s
H122439 105884                    2536007.3248    0.00000   100%  34.5  991s
 122742 106194 1816241.82  128  218 2536007.32    0.00000   100%  34.8  996s
 123018 106374 63333.0920   74  309 2536007.32    0.00000   100%  35.0 1000s
 123414 106645 2088526.69  101  209 2536007.32    0.00000   100%  35.4 1005s
H123488 106644                    2535988.0934    0.00000   100%  35.5 1005s
 123658 106836 2528418.07  106  256 2535988.09    0.00000   100%  35.7 1010s
H123868 106897                    2535981.8860    0.00000   100%  35.8 1012s
H124007 107019                    2535929.6585    0.00000   100%  35.9 1014s
H124098 107111                    2535926.8134    0.00000   100%  36.0 1017s
H124159 107106                    2535688.5436    0.00000   100%  36.0 1017s
H124324 107227                    2535549.8241    0.00000   100%  36.1 1019s
 124385 107315 2127000.75  115  235 2535549.82    0.00000   100%  36.2 1021s
H124624 107429                    2535549.7704    0.00000   100%  36.4 1023s
 124686 107513 2358527.95   97  222 2535549.77    0.00000   100%  36.4 1025s
 124914 107674 547688.269   76  292 2535549.77    0.00000   100%  36.7 1031s
H124950 107674                    2535546.8324    0.00000   100%  36.8 1031s
H125121 107839                    2535452.4087    0.00000   100%  37.0 1037s
 125615 108952 2220488.04  204  182 2535452.41    0.00000   100%  37.2 1043s
 126376 109640 2450207.01  410  155 2535452.41    0.00000   100%  37.0 1046s
 127064 110023 2459881.95  617  154 2535452.41    0.00000   100%  36.8 1050s
 127479 110204 2495819.17  741  177 2535452.41    0.00000   100%  36.8 1057s
H127502 110202                    2535405.5159    0.00000   100%  36.8 1057s
 127791 110305 infeasible  111      2535405.52    0.00000   100%  36.9 1061s
H127792 110295                    2534740.1624    0.00000   100%  36.9 1061s
H127880 110367                    2534656.3957    0.00000   100%  37.0 1063s
H128006 110419                    2534601.2819    0.00000   100%  37.1 1065s
H128116 110542                    2534599.7215    0.00000   100%  37.2 1067s
H128192 110540                    2534558.4306    0.00000   100%  37.3 1067s
 128336 110656 infeasible  117      2534558.43    0.00000   100%  37.5 1072s
H128452 110783                    2534529.2774    0.00000   100%  37.6 1074s
 128612 110860     cutoff  107      2534529.28    0.00000   100%  37.7 1076s
 128806 110997 1710625.92  105  253 2534529.28    0.00000   100%  38.0 1081s
 128983 111131     cutoff  103      2534529.28    0.00000   100%  38.2 1085s
H129231 111493                    2534472.4852    0.00000   100%  38.5 1090s
 130159 112413 2367095.77  388  144 2534472.49    0.00000   100%  38.5 1096s
 130788 112861 497033.335   74  303 2534472.49    0.00000   100%  38.5 1101s
H131038 113056                    2534470.4353    0.00000   100%  38.6 1103s
H131083 113056                    2534467.3509    0.00000   100%  38.6 1103s
 131491 113448    0.00000   63  325 2534467.35    0.00000   100%  38.7 1106s
 131899 113829 2384031.67  114  252 2534467.35    0.00000   100%  38.8 1111s
 132363 114249 2270210.98  117  158 2534467.35    0.00000   100%  39.0 1118s
 132612 114346 323026.274   73  307 2534467.35    0.00000   100%  39.0 1121s
 133050 114422 2474594.62   98  205 2534467.35    0.00000   100%  39.3 1125s
H133093 114420                    2534394.1457    0.00000   100%  39.3 1125s
 133523 114475 infeasible   98      2534394.15    0.00000   100%  39.4 1132s
 133992 114579 infeasible  125      2534394.15    0.00000   100%  39.6 1136s
H134053 114573                    2534057.6509    0.00000   100%  39.7 1136s
 134452 114645 infeasible  104      2534057.65    0.00000   100%  39.8 1141s
H134453 114643                    2533937.9471    0.00000   100%  39.8 1141s
 134852 114721 534313.903   89  265 2533937.95    0.00000   100%  40.0 1145s
H134890 114721                    2533924.5113    0.00000   100%  40.1 1145s
H135031 114819                    2533846.2179    0.00000   100%  40.1 1148s
 135292 114880 618761.547   80  289 2533846.22    0.00000   100%  40.2 1150s
 135718 114982 2446232.01   99  207 2533846.22    0.00000   100%  40.4 1155s
 136275 115124 infeasible  109      2533846.22    0.00000   100%  40.5 1160s
H136307 115121                    2533697.6560    0.00000   100%  40.6 1160s
 136755 115201 2412133.07  114  235 2533697.66    0.00000   100%  40.7 1165s
 137306 115354 659687.223   76  292 2533697.66    0.00000   100%  40.9 1170s
 137575 115600 infeasible   97      2533697.66    0.00000   100%  41.2 1181s
H137746 115600                    2533693.0278    0.00000   100%  41.3 1181s
 138227 116546 1685095.33   98  257 2533693.03    0.00000   100%  41.2 1188s
H138278 116546                    2533692.0932    0.00000   100%  41.3 1188s
H138755 116556                    2533657.1188    0.00000   100%  41.2 1190s
H138858 116642                    2533529.7880    0.00000   100%  41.3 1192s
 139023 116822 infeasible  111      2533529.79    0.00000   100%  41.6 1196s
 139306 117047 950633.226   85  280 2533529.79    0.00000   100%  41.8 1200s
 139556 117190 2191096.89  113  223 2533529.79    0.00000   100%  42.2 1205s
 139790 117390 2469356.76   96  256 2533529.79    0.00000   100%  42.4 1210s
 140061 117589 812291.423   88  249 2533529.79    0.00000   100%  42.7 1216s
H140388 117848                    2533527.6367    0.00000   100%  42.9 1220s
 140761 118096     cutoff  103      2533527.64    0.00000   100%  43.1 1226s
 141012 118252 2421616.64  102  175 2533527.64    0.00000   100%  43.4 1231s
 141271 118445 2271940.15  123  213 2533527.64    0.00000   100%  43.7 1236s
H141431 118543                    2533329.9489    0.00000   100%  43.8 1239s
 141574 118634 2242991.47  102  195 2533329.95    0.00000   100%  44.0 1241s
 141715 118712 386982.100   77  274 2533329.95    0.00000   100%  44.1 1245s
 142031 118947 1514728.58   89  265 2533329.95    0.00000   100%  44.4 1251s
H142261 119072                    2533325.1382    0.00000   100%  44.7 1254s
 142353 119166     cutoff  101      2533325.14    0.00000   100%  44.8 1257s
 142657 119360 1224494.29   88  247 2533325.14    0.00000   100%  45.0 1262s
H142738 119360                    2533280.4451    0.00000   100%  45.1 1262s
 142852 119362 infeasible  108      2533280.45    0.00000   100%  45.2 1269s
H142865 119362                    2533278.0240    0.00000   100%  45.2 1269s
 142866 119452 infeasible  110      2533278.02    0.00000   100%  45.3 1271s
H143149 119714                    2533213.6601    0.00000   100%  45.6 1277s
 143332 119851 1712561.71  104  247 2533213.66    0.00000   100%  45.7 1281s
H143441 119851                    2533210.0502    0.00000   100%  45.8 1281s
 143723 120066 23653.9418   71  319 2533210.05    0.00000   100%  46.0 1286s
 144045 120266 1000227.57   76  276 2533210.05    0.00000   100%  46.3 1291s
 144388 120511 7061.32079   56  304 2533210.05    0.00000   100%  46.6 1297s
 144563 120642 303145.005   70  302 2533210.05    0.00000   100%  46.7 1300s
 145114 120967 396072.308   76  289 2533210.05    0.00000   100%  47.2 1307s
 145270 121140     cutoff  109      2533210.05    0.00000   100%  47.4 1310s
 145630 121333 2385729.19   94  218 2533210.05    0.00000   100%  47.6 1316s
H145725 121333                    2533206.2967    0.00000   100%  47.7 1316s
 145984 121784 460995.019   94  258 2533206.30    0.00000   100%  47.9 1322s
 146362 121923 2308990.04  108  195 2533206.30    0.00000   100%  48.0 1325s
H146559 122083                    2533184.0901    0.00000   100%  48.2 1328s
 146782 122187 2270670.10  108  237 2533184.09    0.00000   100%  48.4 1331s
 147310 122505 4610.38608   57  299 2533184.09    0.00000   100%  48.7 1337s
 147499 122705    0.00000   59  301 2533184.09    0.00000   100%  48.9 1341s
 147723 122887 803338.468   87  278 2533184.09    0.00000   100%  49.1 1345s
 148038 122889 149576.931   69  287 2533184.09    0.00000   100%  49.2 1350s
 148287 123277 infeasible  120      2533184.09    0.00000   100%  49.4 1358s
 148529 123549 infeasible  106      2533184.09    0.00000   100%  49.6 1361s
H148530 123543                    2532772.9748    0.00000   100%  49.6 1361s
 148869 123727 1764364.94  105  235 2532772.97    0.00000   100%  49.7 1365s
H149008 123727                    2532771.4718    0.00000   100%  49.8 1365s
H149128 123886                    2532620.1560    0.00000   100%  49.8 1368s
H149411 124056                    2532610.8513    0.00000   100%  50.0 1373s
 149648 124169 infeasible  121      2532610.85    0.00000   100%  50.2 1377s
H149649 124169                    2532582.1241    0.00000   100%  50.2 1377s
 149835 124279 1191224.00   81  293 2532582.12    0.00000   100%  50.4 1381s
H149989 124460                    2532558.6114    0.00000   100%  50.5 1384s
 150220 124667 617544.777   76  297 2532558.61    0.00000   100%  50.8 1388s
 150518 124791     cutoff  124      2532558.61    0.00000   100%  50.9 1392s
 150704 124930 2406880.09  103  195 2532558.61    0.00000   100%  51.1 1396s
 151106 125290 infeasible  138      2532558.61    0.00000   100%  51.6 1404s
 151354 125467 1051545.04   78  293 2532558.61    0.00000   100%  51.7 1407s
 151607 125628 14854.2475   63  284 2532558.61    0.00000   100%  52.0 1412s
 151846 125878 1684599.23   96  201 2532558.61    0.00000   100%  52.2 1416s
 152354 126112 2508668.45  115  230 2532558.61    0.00000   100%  52.6 1423s
 152600 126298 301263.784   72  286 2532558.61    0.00000   100%  52.8 1427s
 152867 126473 472212.473   76  312 2532558.61    0.00000   100%  53.0 1431s
 153086 126523 878493.447   90  262 2532558.61    0.00000   100%  53.2 1438s
H153110 126523                    2532557.7055    0.00000   100%  53.3 1438s
 153136 126893 1264118.54   98  246 2532557.71    0.00000   100%  53.3 1442s
 153592 127024 infeasible  134      2532557.71    0.00000   100%  53.4 1446s
H153853 127146                    2532536.5899    0.00000   100%  53.6 1451s
 154079 127344    0.00000   68  304 2532536.59    0.00000   100%  53.8 1456s
H154305 127621                    2532528.1195    0.00000   100%  54.0 1460s
 154947 128019 390943.887   74  318 2532528.12    0.00000   100%  54.3 1469s
 155183 128231 1448946.26   91  269 2532528.12    0.00000   100%  54.5 1473s
 155534 128423 172769.211   78  275 2532528.12    0.00000   100%  54.7 1478s
 155796 128706 1944787.11   87  202 2532528.12    0.00000   100%  54.8 1482s
 156168 128869 2101162.44  142  220 2532528.12    0.00000   100%  55.0 1485s
 156710 129237 783578.261   90  265 2532528.12    0.00000   100%  55.3 1493s
 156937 129373 2231162.26  126  216 2532528.12    0.00000   100%  55.6 1496s
 157201 129540 450552.145   80  291 2532528.12    0.00000   100%  55.8 1501s
 157474 129703 2334793.19  158  201 2532528.12    0.00000   100%  55.9 1505s
H157817 129888                    2532514.3883    0.00000   100%  56.2 1509s
 157921 130123 334437.325   73  298 2532514.39    0.00000   100%  56.4 1514s
 158206 130139 infeasible  111      2532514.39    0.00000   100%  56.5 1519s
 158226 130289 2422550.68  111  248 2532514.39    0.00000   100%  56.6 1522s
 158455 130463 1101471.59   94  273 2532514.39    0.00000   100%  56.7 1527s
H158701 130651                    2532333.5011    0.00000   100%  57.0 1531s
H159069 130887                    2532319.1007    0.00000   100%  57.3 1534s
H159180 131056                    2532312.6935    0.00000   100%  57.4 1539s
H159472 131245                    2532251.1009    0.00000   100%  57.6 1544s
 159731 131354 2226223.18  100  232 2532251.10    0.00000   100%  57.7 1547s
 159874 131509 296857.095   73  304 2532251.10    0.00000   100%  57.9 1551s
 160093 131655 1926205.25  106  241 2532251.10    0.00000   100%  58.2 1555s
 160337 131876    0.00000   56  333 2532251.10    0.00000   100%  58.4 1560s
H160762 132094                    2532251.0651    0.00000   100%  58.7 1564s
 160911 132306 1109248.36   89  266 2532251.07    0.00000   100%  58.8 1568s
 161186 132482 163361.490   80  290 2532251.07    0.00000   100%  59.0 1572s
 161445 132663 2329458.24  110  248 2532251.07    0.00000   100%  59.2 1576s
H161739 132915                    2532246.8046    0.00000   100%  59.4 1580s
 162309 133280 1295635.83   89  272 2532246.80    0.00000   100%  59.7 1589s
H162647 133478                    2532232.5356    0.00000   100%  59.9 1593s
 162859 133692 1743074.17   89  236 2532232.54    0.00000   100%  60.1 1598s
H163054 133691                    2532104.0927    0.00000   100%  60.2 1598s
 163191 133810 infeasible  117      2532104.09    0.00000   100%  60.3 1608s
 163383 134029 594511.015   86  284 2532104.09    0.00000   100%  60.5 1612s
 163606 134302 1827355.04  112  239 2532104.09    0.00000   100%  60.7 1617s
 163969 134522 infeasible  116      2532104.09    0.00000   100%  61.0 1622s
H164278 134668                    2530718.1026    0.00000   100%  61.1 1627s
 164487 134850 1306846.74   99  244 2530718.10    0.00000   100%  61.4 1631s
H164661 134850                    2530682.5442    0.00000   100%  61.4 1631s
 164765 135061     cutoff  107      2530682.54    0.00000   100%  61.6 1635s
H164920 135061                    2530679.6257    0.00000   100%  61.7 1635s
 165050 135275 1415674.26  101  272 2530679.63    0.00000   100%  61.8 1640s
 165577 136030 144054.403   73  303 2530679.63    0.00000   100%  62.2 1648s
 166276 136231     cutoff  110      2530679.63    0.00000   100%  62.1 1653s
H166278 136231                    2530676.5221    0.00000   100%  62.1 1654s
H166510 136371                    2530672.8322    0.00000   100%  62.3 1658s
H166711 136542                    2530638.1726    0.00000   100%  62.5 1662s
 166943 136717 1739414.64  107  230 2530638.17    0.00000   100%  62.7 1667s
 167266 136950 2362781.04  135  211 2530638.17    0.00000   100%  62.8 1672s
 167581 137132 1657347.17  104  251 2530638.17    0.00000   100%  63.0 1676s
 167833 137338     cutoff  110      2530638.17    0.00000   100%  63.2 1681s
 168139 137596 2368672.49  114  192 2530638.17    0.00000   100%  63.4 1686s
 168518 137639 992025.144   89  222 2530638.17    0.00000   100%  63.5 1692s
H168520 137637                    2530515.9494    0.00000   100%  63.5 1692s
 168594 137817 664737.869   88  272 2530515.95    0.00000   100%  63.5 1696s
H168750 137816                    2530391.2167    0.00000   100%  63.5 1696s
 168860 137956 176178.508   75  293 2530391.22    0.00000   100%  63.6 1701s
 169137 138191     cutoff  110      2530391.22    0.00000   100%  63.9 1705s
H169623 138349                    2529947.1469    0.00000   100%  64.1 1709s
 169796 138500 infeasible  121      2529947.15    0.00000   100%  64.2 1713s
H169798 138499                    2529927.4572    0.00000   100%  64.2 1713s
 169999 138789 2238677.66  107  239 2529927.46    0.00000   100%  64.4 1716s
 170347 139888 2529156.57  103  204 2529927.46    0.00000   100%  64.6 1722s
 171486 140787     cutoff  102      2529927.46    0.00000   100%  64.3 1729s
H171489 140786                    2529915.5650    0.00000   100%  64.3 1729s
 172432 141186 167342.294   83  286 2529915.56    0.00000   100%  64.0 1733s
 172967 141304 1377282.49   91  236 2529915.56    0.00000   100%  64.0 1735s
 173364 141595 1827998.79  126  223 2529915.56    0.00000   100%  64.2 1742s
 173601 141597    0.00000   70  300 2529915.56    0.00000   100%  64.4 1748s
H173602 141595                    2529838.1027    0.00000   100%  64.4 1748s
 173603 141728    0.00000   71  293 2529838.10    0.00000   100%  64.4 1752s
H173725 141728                    2529822.1194    0.00000   100%  64.4 1752s
 173776 141893 10132.9138   73  310 2529822.12    0.00000   100%  64.5 1755s
 174506 142448 2462312.73  382  186 2529822.12    0.00000   100%  64.7 1763s
 174705 142610 2172244.40   99  215 2529822.12    0.00000   100%  64.8 1767s
H174970 142671                    2529704.5209    0.00000   100%  64.9 1770s
 175170 143078 202236.574   74  292 2529704.52    0.00000   100%  65.0 1775s
 175862 143341 2338661.55   94  221 2529704.52    0.00000   100%  65.1 1782s
 176086 143537 426853.033   74  287 2529704.52    0.00000   100%  65.3 1785s
H176371 143654                    2529679.3904    0.00000   100%  65.4 1789s
 176503 143822 12320.3395   80  297 2529679.39    0.00000   100%  65.5 1791s
H176853 143962                    2529610.4838    0.00000   100%  65.7 1794s
 176943 144183 656670.491   95  266 2529610.48    0.00000   100%  65.8 1798s
 177178 144316     cutoff  115      2529610.48    0.00000   100%  65.9 1802s
 177432 144481 12001.8237   68  286 2529610.48    0.00000   100%  66.0 1806s
 177648 144579 infeasible  111      2529610.48    0.00000   100%  66.2 1810s
 177819 144772 183816.942   80  285 2529610.48    0.00000   100%  66.3 1815s
 178302 145093    0.00000   72  301 2529610.48    0.00000   100%  66.6 1823s
 178507 145234     cutoff  116      2529610.48    0.00000   100%  66.7 1826s
H178631 145234                    2529608.2154    0.00000   100%  66.8 1826s
 178728 145278 2224581.06  123  224 2529608.22    0.00000   100%  66.9 1830s
 178846 145509 645774.724   89  257 2529608.22    0.00000   100%  67.0 1835s
H179010 145509                    2529569.7170    0.00000   100%  67.0 1835s
 179429 145778 2242071.39  106  218 2529569.72    0.00000   100%  67.2 1842s
H179590 145975                    2529557.3983    0.00000   100%  67.3 1847s
 179850 146140 1169399.01   88  276 2529557.40    0.00000   100%  67.5 1851s
H180200 146235                    2529545.3233    0.00000   100%  67.7 1854s
 180292 146397 1800173.26  122  228 2529545.32    0.00000   100%  67.8 1859s
 180560 146535 1770003.13   87  215 2529545.32    0.00000   100%  68.0 1863s
 180762 146737 859634.439   74  304 2529545.32    0.00000   100%  68.1 1866s
 180984 146932 infeasible  113      2529545.32    0.00000   100%  68.3 1871s
 181269 147092 170940.673   79  293 2529545.32    0.00000   100%  68.5 1876s
H181878 148111                    2529544.9549    0.00000   100%  68.7 1885s
H182829 148327                    2529255.2361    0.00000   100%  68.6 1890s
 183222 148677 infeasible  118      2529255.24    0.00000   100%  68.8 1897s
H183350 148677                    2529255.2311    0.00000   100%  68.8 1897s
 183472 148824 infeasible  123      2529255.23    0.00000   100%  68.9 1900s
 183894 148972 infeasible  119      2529255.23    0.00000   100%  69.2 1909s
H183896 148972                    2529238.0573    0.00000   100%  69.2 1909s
 183897 149142 144054.403   73  283 2529238.06    0.00000   100%  69.2 1913s
H183922 149140                    2529105.9357    0.00000   100%  69.3 1913s
 184100 149408 144054.403   73  285 2529105.94    0.00000   100%  69.4 1917s
H184236 149406                    2529011.5355    0.00000   100%  69.4 1917s
H184519 149653                    2529000.1826    0.00000   100%  69.4 1920s
H184858 149828                    2528829.4178    0.00000   100%  69.6 1924s
H185092 149974                    2528822.1213    0.00000   100%  69.7 1927s
 185319 150111     cutoff  116      2528822.12    0.00000   100%  69.8 1930s
H185405 150111                    2528822.0151    0.00000   100%  69.9 1930s
 185710 150469 infeasible  139      2528822.02    0.00000   100%  70.2 1938s
 185953 150627 2085464.60  150  188 2528822.02    0.00000   100%  70.3 1942s
H186131 150627                    2528817.6963    0.00000   100%  70.3 1942s
 186191 150970 459670.945   76  291 2528817.70    0.00000   100%  70.4 1946s
 186599 151556 1520160.65  102  256 2528817.70    0.00000   100%  70.5 1951s
 187279 151776 1296.69979   71  312 2528817.70    0.00000   100%  70.4 1956s
 187515 151838 infeasible  120      2528817.70    0.00000   100%  70.5 1960s
 187812 152214 1545722.00  107  242 2528817.70    0.00000   100%  70.6 1967s
 188051 152506 471299.126   82  284 2528817.70    0.00000   100%  70.6 1972s
H188129 152506                    2528809.2192    0.00000   100%  70.7 1972s
H188349 152766                    2528707.9890    0.00000   100%  70.7 1976s
 188631 153022 446627.537   76  290 2528707.99    0.00000   100%  70.7 1981s
 188911 153094 1474141.28   86  246 2528707.99    0.00000   100%  70.8 1990s
 189025 153363 infeasible  103      2528707.99    0.00000   100%  70.8 1995s
 189717 154083 910304.658   87  283 2528707.99    0.00000   100%  70.9 2003s
 190149 154506     cutoff  107      2528707.99    0.00000   100%  70.9 2008s
 190588 154994 345675.702   86  282 2528707.99    0.00000   100%  70.9 2013s
 191101 155216 1122999.52   93  257 2528707.99    0.00000   100%  70.9 2017s
 191441 155364     cutoff  124      2528707.99    0.00000   100%  71.0 2021s
 191672 155504 1137986.67   92  295 2528707.99    0.00000   100%  71.1 2025s
 192140 155842 1248110.33   97  253 2528707.99    0.00000   100%  71.3 2031s
 192569 156096 1940906.64  114  231 2528707.99    0.00000   100%  71.6 2037s
 192794 156262 733342.591   88  261 2528707.99    0.00000   100%  71.7 2040s
 193163 156575 67379.1056   79  268 2528707.99    0.00000   100%  72.0 2046s
 193472 156754 2270256.57  128  228 2528707.99    0.00000   100%  72.1 2050s
 193971 157052 infeasible  109      2528707.99    0.00000   100%  72.4 2060s
 194420 157397     cutoff  101      2528707.99    0.00000   100%  72.6 2068s
H194600 157397                    2528700.8281    0.00000   100%  72.6 2068s
 194759 157587 162161.082   77  288 2528700.83    0.00000   100%  72.7 2072s
 195038 157775 43810.5824   73  297 2528700.83    0.00000   100%  72.8 2076s
 195260 158387 1432869.61  107  197 2528700.83    0.00000   100%  72.9 2081s
 195965 158562     cutoff  359      2528700.83    0.00000   100%  72.8 2085s
 196456 158963     cutoff  116      2528700.83    0.00000   100%  73.0 2093s
H196680 159324                    2528617.2482    0.00000   100%  73.2 2098s
H197187 159486                    2528611.3538    0.00000   100%  73.2 2102s
 197430 159708 1585019.10  110  249 2528611.35    0.00000   100%  73.3 2105s
H197734 159817                    2528609.1372    0.00000   100%  73.4 2110s
 198199 160181 603341.297   94  257 2528609.14    0.00000   100%  73.6 2117s
 198446 160359 infeasible  115      2528609.14    0.00000   100%  73.7 2120s
H198819 160516                    2528491.8856    0.00000   100%  73.9 2124s
 198956 160732     cutoff  117      2528491.89    0.00000   100%  73.9 2127s
H198958 160732                    2528488.2230    0.00000   100%  73.9 2127s
 199252 160733 1754527.62  106  254 2528488.22    0.00000   100%  74.0 2133s
 199255 160830 1639819.81  106  263 2528488.22    0.00000   100%  74.0 2136s
 199429 161032 1519369.74   96  224 2528488.22    0.00000   100%  74.1 2140s
 199733 161328 601546.862   78  291 2528488.22    0.00000   100%  74.2 2145s
H200123 161488                    2528358.6117    0.00000   100%  74.3 2149s
H200320 161619                    2528353.0743    0.00000   100%  74.4 2152s
 200548 161827 159716.669   77  287 2528353.07    0.00000   100%  74.5 2157s
 200844 162011 174337.255   82  272 2528353.07    0.00000   100%  74.6 2161s
 201262 162234 652666.247   90  276 2528353.07    0.00000   100%  74.8 2168s
H201494 162372                    2528197.4199    0.00000   100%  75.0 2172s
 201705 162555 1233199.16   94  290 2528197.42    0.00000   100%  75.1 2176s
 201993 162700 148658.806   70  316 2528197.42    0.00000   100%  75.2 2180s
H202083 162693                    2527817.1339    0.00000   100%  75.3 2180s
H202281 162847                    2527724.3364    0.00000   100%  75.4 2184s
 202378 162958 1029569.27   95  267 2527724.34    0.00000   100%  75.5 2188s
 202537 163124 924809.156   90  244 2527724.34    0.00000   100%  75.6 2191s
 202796 163270 infeasible  114      2527724.34    0.00000   100%  75.8 2195s
 203030 163432 2039868.43  110  197 2527724.34    0.00000   100%  75.9 2200s
 203301 163594 2017924.56  106  215 2527724.34    0.00000   100%  76.0 2205s
 203756 163956 infeasible  146      2527724.34    0.00000   100%  76.3 2213s
 204051 164140 2070299.40  103  194 2527724.34    0.00000   100%  76.4 2217s
 204337 164185 2065295.97   92  215 2527724.34    0.00000   100%  76.5 2222s
H204413 164185                    2527717.7089    0.00000   100%  76.5 2222s
 204414 164370 infeasible  111      2527717.71    0.00000   100%  76.5 2226s
 204684 164572 604140.436   82  294 2527717.71    0.00000   100%  76.6 2230s
H205124 164904                    2527711.0291    0.00000   100%  76.8 2234s
 205344 165143    0.00000   71  306 2527711.03    0.00000   100%  76.8 2238s
 205697 165275 2254685.21  109  239 2527711.03    0.00000   100%  76.8 2242s
H205916 165433                    2527666.0573    0.00000   100%  76.9 2245s
 206293 165766 1669195.64  114  251 2527666.06    0.00000   100%  77.3 2252s
H206426 165766                    2527612.5907    0.00000   100%  77.4 2252s
H206513 165923                    2527612.2925    0.00000   100%  77.5 2256s
 206777 166141     cutoff  117      2527612.29    0.00000   100%  77.6 2261s
 207050 166313 1668936.60   99  259 2527612.29    0.00000   100%  77.7 2266s
 207264 166606 298760.478   82  260 2527612.29    0.00000   100%  77.8 2270s
H207775 166767                    2527585.7949    0.00000   100%  78.0 2274s
 207887 166950 876589.870   90  274 2527585.79    0.00000   100%  78.0 2278s
 208181 167164 2389979.81  126  217 2527585.79    0.00000   100%  78.1 2282s
 208486 167450    0.00000   70  305 2527585.79    0.00000   100%  78.2 2287s
H208820 167615                    2527539.6214    0.00000   100%  78.4 2293s
 209079 167828 2458336.84  113  180 2527539.62    0.00000   100%  78.5 2297s
 209398 167950 infeasible  109      2527539.62    0.00000   100%  78.6 2303s
H209512 167950                    2527470.9181    0.00000   100%  78.6 2303s
 209607 168170     cutoff  111      2527470.92    0.00000   100%  78.6 2308s
 209860 168338 769895.727   74  283 2527470.92    0.00000   100%  78.8 2311s
 210089 168468 2054577.99   94  228 2527470.92    0.00000   100%  79.0 2315s
 210313 168647 2382868.43  102  234 2527470.92    0.00000   100%  79.2 2320s
 210810 168998 194988.458   75  315 2527470.92    0.00000   100%  79.4 2328s
 211072 169193 15592.8433   72  293 2527470.92    0.00000   100%  79.5 2333s
H211377 169392                    2527468.4735    0.00000   100%  79.6 2337s
 211680 169583 333346.727   82  275 2527468.47    0.00000   100%  79.8 2341s
 211901 169781 infeasible  115      2527468.47    0.00000   100%  80.0 2345s
 212188 169905 691296.095   92  266 2527468.47    0.00000   100%  80.1 2350s
 212731 170372    0.00000   74  293 2527468.47    0.00000   100%  80.3 2358s
 213036 170478 2056301.03  108  255 2527468.47    0.00000   100%  80.5 2362s
 213245 170722 14299.9708   70  307 2527468.47    0.00000   100%  80.6 2366s
 213511 170860 1075878.39  100  254 2527468.47    0.00000   100%  80.8 2370s
 213742 171024 885919.881   89  273 2527468.47    0.00000   100%  81.0 2375s
 214051 171242    0.00000   68  299 2527468.47    0.00000   100%  81.1 2380s
 214773 171617 2239444.52  109  195 2527468.47    0.00000   100%  81.3 2388s
 214867 171817 308479.459   81  296 2527468.47    0.00000   100%  81.3 2392s
 215113 171955 1530608.79  115  238 2527468.47    0.00000   100%  81.5 2397s
 215397 172033 2262436.09  105  195 2527468.47    0.00000   100%  81.7 2401s
H215482 172030                    2527307.0496    0.00000   100%  81.7 2401s
 215655 172244 311656.751   75  294 2527307.05    0.00000   100%  81.7 2405s
 216127 172610 301263.784   79  297 2527307.05    0.00000   100%  82.1 2413s
 216388 172793 2405664.94  120  219 2527307.05    0.00000   100%  82.3 2418s
 216655 172976     cutoff  106      2527307.05    0.00000   100%  82.4 2422s
 216923 173147 2253298.51  112  194 2527307.05    0.00000   100%  82.5 2426s
H217045 173128                    2527018.3389    0.00000   100%  82.6 2426s
 217443 173475 348081.660   71  276 2527018.34    0.00000   100%  82.8 2434s
H217561 173475                    2527005.7456    0.00000   100%  82.9 2434s
H217682 173706                    2527003.9807    0.00000   100%  83.0 2439s
H217828 173706                    2526990.0990    0.00000   100%  83.0 2439s
 217995 173915  341.01222   59  303 2526990.10    0.00000   100%  83.1 2444s
 218266 174089 1822403.47  102  252 2526990.10    0.00000   100%  83.2 2449s
 218516 174225 144054.403   70  304 2526990.10    0.00000   100%  83.4 2453s
 218750 174436 1262881.45   74  243 2526990.10    0.00000   100%  83.5 2457s
 219044 174657 2452785.89  108  191 2526990.10    0.00000   100%  83.6 2462s
 219398 174838 482003.149   75  268 2526990.10    0.00000   100%  83.7 2468s
 219630 175094 1977448.81  108  233 2526990.10    0.00000   100%  83.9 2473s
 220025 175131 7061.32079   62  297 2526990.10    0.00000   100%  84.0 2481s
 220075 175336 156818.145   78  284 2526990.10    0.00000   100%  84.0 2487s
 220363 175590 1046753.28   94  270 2526990.10    0.00000   100%  84.1 2492s
 220773 175784 2307079.68  102  203 2526990.10    0.00000   100%  84.2 2497s
H220873 175782                    2526766.5598    0.00000   100%  84.3 2497s
 221003 175985 1314887.33   93  262 2526766.56    0.00000   100%  84.4 2501s
 221307 176149 2385233.26  107  188 2526766.56    0.00000   100%  84.5 2505s
H221586 176355                    2526764.9508    0.00000   100%  84.7 2509s
 221858 176522 2182402.18   94  252 2526764.95    0.00000   100%  84.8 2514s
 222103 176687 417720.786   69  329 2526764.95    0.00000   100%  85.0 2519s
 222387 176889 2408682.64  113  180 2526764.95    0.00000   100%  85.1 2524s
 222694 177084 2381933.59  115  213 2526764.95    0.00000   100%  85.2 2528s
 222995 177347 340183.955   76  272 2526764.95    0.00000   100%  85.3 2533s
 223364 177631 367875.726   76  301 2526764.95    0.00000   100%  85.4 2537s
 223710 177763 2372472.98  115  227 2526764.95    0.00000   100%  85.6 2541s
H223799 177763                    2526750.2631    0.00000   100%  85.7 2541s
 223937 177916 infeasible  114      2526750.26    0.00000   100%  85.7 2545s
 224445 178319 2171202.90  102  220 2526750.26    0.00000   100%  86.0 2554s
 224731 178496 infeasible  114      2526750.26    0.00000   100%  86.1 2559s
 225032 178668 8125.81535   72  289 2526750.26    0.00000   100%  86.3 2566s
 225285 178867 1993655.10  106  197 2526750.26    0.00000   100%  86.3 2570s
 225510 179134 1913864.62   93  228 2526750.26    0.00000   100%  86.5 2575s
 225824 179291 1767782.96  114  214 2526750.26    0.00000   100%  86.6 2580s
 226174 179583 2362813.50  144  200 2526750.26    0.00000   100%  86.7 2586s
 226589 179740 1583622.21   87  211 2526750.26    0.00000   100%  86.7 2591s
 226857 179926 1628905.80   81  220 2526750.26    0.00000   100%  86.8 2595s
 227352 180291 2115793.78   96  265 2526750.26    0.00000   100%  87.1 2604s
 227654 180523 2116592.64   93  199 2526750.26    0.00000   100%  87.3 2608s
H227835 180522                    2526730.0570    0.00000   100%  87.3 2608s
 227995 180727 146659.831   62  298 2526730.06    0.00000   100%  87.3 2613s
 228272 180901 1782271.94  105  222 2526730.06    0.00000   100%  87.5 2618s
 228547 181175 826586.432   78  303 2526730.06    0.00000   100%  87.6 2622s
 228877 181399     cutoff  111      2526730.06    0.00000   100%  87.7 2628s
H228879 181396                    2526682.7099    0.00000   100%  87.7 2628s
 229151 181606 2201926.84   95  252 2526682.71    0.00000   100%  87.9 2633s
 229447 181790 2399379.48  125  215 2526682.71    0.00000   100%  88.0 2639s
 229646 181991 2087698.22   92  271 2526682.71    0.00000   100%  88.2 2643s
 229967 182166 infeasible   99      2526682.71    0.00000   100%  88.3 2648s
H230236 182326                    2526681.3694    0.00000   100%  88.5 2656s
H230353 182326                    2526621.9804    0.00000   100%  88.5 2656s
 230470 182496 699085.241   98  237 2526621.98    0.00000   100%  88.5 2661s
H230595 182496                    2526614.3150    0.00000   100%  88.6 2661s
 230672 182699 2325893.92  113  230 2526614.31    0.00000   100%  88.7 2665s
H230839 182699                    2526604.1895    0.00000   100%  88.8 2665s
H231430 183119                    2526602.9676    0.00000   100%  88.9 2674s
 231650 183216 2470879.84  105  224 2526602.97    0.00000   100%  89.1 2679s
 231852 183463 2200382.97  113  233 2526602.97    0.00000   100%  89.2 2684s
 232213 183672 2523465.55  104  209 2526602.97    0.00000   100%  89.3 2688s
 232454 183864     cutoff  106      2526602.97    0.00000   100%  89.4 2693s
H232600 183864                    2526596.0479    0.00000   100%  89.5 2693s
 232782 184061 1852595.42   99  218 2526596.05    0.00000   100%  89.5 2698s
H232942 184061                    2526590.5899    0.00000   100%  89.6 2698s
 233096 184409 783105.511   95  260 2526590.59    0.00000   100%  89.6 2702s
 233525 184603 infeasible  125      2526590.59    0.00000   100%  89.7 2706s
H233526 184600                    2526530.6956    0.00000   100%  89.7 2706s
H233823 184798                    2526487.7980    0.00000   100%  89.8 2711s
 234065 185010 2106705.26   95  237 2526487.80    0.00000   100%  90.0 2717s
 234354 185317 477436.309   86  259 2526487.80    0.00000   100%  90.1 2721s
 234689 185447 2148931.80  113  230 2526487.80    0.00000   100%  90.2 2726s
 234924 185625 infeasible   96      2526487.80    0.00000   100%  90.4 2731s
H234926 185625                    2526476.2959    0.00000   100%  90.4 2731s
 235128 185801     cutoff   98      2526476.30    0.00000   100%  90.5 2735s
H235129 185801                    2526445.9127    0.00000   100%  90.5 2735s
 235412 185968 infeasible  127      2526445.91    0.00000   100%  90.6 2742s
 235670 186087 1434900.71   81  239 2526445.91    0.00000   100%  90.7 2747s
 235889 186249 1312443.47   83  250 2526445.91    0.00000   100%  90.9 2753s
 236157 186445 1236868.45   82  279 2526445.91    0.00000   100%  91.1 2758s
 236435 186802 infeasible  107      2526445.91    0.00000   100%  91.2 2762s
 236813 187022 2157774.66   95  241 2526445.91    0.00000   100%  91.3 2767s
 237148 187290 2390898.27  129  219 2526445.91    0.00000   100%  91.4 2772s
 237483 187571 1657405.19  112  238 2526445.91    0.00000   100%  91.4 2777s
 237881 187775 2503678.01  114  238 2526445.91    0.00000   100%  91.5 2782s
 238182 187915 1441361.74   89  283 2526445.91    0.00000   100%  91.6 2788s
 238415 188321 infeasible  112      2526445.91    0.00000   100%  91.7 2792s
 238913 188531 450060.964   79  312 2526445.91    0.00000   100%  91.7 2797s
 239171 188687    0.00000   69  298 2526445.91    0.00000   100%  91.9 2802s
 239446 188871 1131509.68   89  286 2526445.91    0.00000   100%  92.0 2806s
 239728 189141    0.00000   75  301 2526445.91    0.00000   100%  92.1 2810s
 240327 189493 infeasible  120      2526445.91    0.00000   100%  92.4 2820s
 240605 189620 152182.359   64  302 2526445.91    0.00000   100%  92.5 2829s
H240849 189618                    2526435.2799    0.00000   100%  92.6 2829s
H240850 189773                    2526428.5800    0.00000   100%  92.6 2835s
 241452 190169 747357.259   86  284 2526428.58    0.00000   100%  92.8 2843s
 241680 190340 2320961.44   90  196 2526428.58    0.00000   100%  92.9 2848s
 241891 190504 1150716.36   88  269 2526428.58    0.00000   100%  93.1 2853s
H241980 190504                    2526415.5757    0.00000   100%  93.1 2853s
 242113 190657 1958712.21  115  227 2526415.58    0.00000   100%  93.2 2857s
 242355 190838 791750.200   69  283 2526415.58    0.00000   100%  93.3 2861s
 242583 191040 1009956.65   85  266 2526415.58    0.00000   100%  93.4 2866s
 242869 191289 1878439.35   83  231 2526415.58    0.00000   100%  93.5 2870s
 243245 191451 1285411.38   90  298 2526415.58    0.00000   100%  93.6 2876s
 243825 191830 1125837.47   83  282 2526415.58    0.00000   100%  93.8 2884s
 244073 192066 688022.208   93  251 2526415.58    0.00000   100%  94.0 2890s
 244716 192474 1807274.91   87  205 2526415.58    0.00000   100%  94.2 2899s
 244987 193185 1423859.28   98  215 2526415.58    0.00000   100%  94.3 2905s
 245724 193487 2068172.37  557  156 2526415.58    0.00000   100%  94.2 2912s
 246073 194575 2069457.79  766  154 2526415.58    0.00000   100%  94.2 2918s
 247191 195634 2151543.94 1735  151 2526415.58    0.00000   100%  93.9 2925s
 248607 195959 778811.040   86  254 2526415.58    0.00000   100%  93.6 2931s
 248761 196236 1380719.24   94  219 2526415.58    0.00000   100%  93.7 2935s
 249314 196479     cutoff  113      2526415.58    0.00000   100%  93.8 2941s
 249653 196720     cutoff  105      2526415.58    0.00000   100%  94.0 2948s
 249843 196873 2369798.47  124  219 2526415.58    0.00000   100%  94.1 2952s
 250061 197088 1722292.09  105  215 2526415.58    0.00000   100%  94.2 2956s
 250350 197261 706752.417   90  259 2526415.58    0.00000   100%  94.2 2960s
 250579 197434 149576.931   71  319 2526415.58    0.00000   100%  94.3 2965s
 251077 197595 302851.765   83  280 2526415.58    0.00000   100%  94.4 2977s
 251079 197743 478752.380   84  300 2526415.58    0.00000   100%  94.4 2981s
 251546 198126 2326209.63  129  208 2526415.58    0.00000   100%  94.6 2988s
 251796 198231 745932.454   78  256 2526415.58    0.00000   100%  94.7 2992s
 251953 198483 157550.393   71  309 2526415.58    0.00000   100%  94.7 2996s
 252250 198566 890867.072  108  206 2526415.58    0.00000   100%  94.8 3000s
 252624 198875 2407247.79  100  247 2526415.58    0.00000   100%  95.0 3007s
H252754 198875                    2526413.2072    0.00000   100%  95.0 3007s
 252832 199037 1729970.38   91  220 2526413.21    0.00000   100%  95.1 3010s
 253312 199372 2390803.73  124  224 2526413.21    0.00000   100%  95.3 3017s
H253398 199372                    2526401.5839    0.00000   100%  95.4 3017s
 253517 199638 2387768.50  120  225 2526401.58    0.00000   100%  95.4 3021s
 253997 199936 2085201.16  106  217 2526401.58    0.00000   100%  95.6 3029s
 254198 200153 1641352.31   99  243 2526401.58    0.00000   100%  95.8 3033s
 254517 200271 infeasible  126      2526401.58    0.00000   100%  95.8 3037s
 254738 200471 5049.28943   77  307 2526401.58    0.00000   100%  95.9 3041s
 255032 200631 405043.614   81  297 2526401.58    0.00000   100%  96.0 3045s
 255558 201011 2477476.05  108  200 2526401.58    0.00000   100%  96.2 3052s
 255789 201240 2478299.53  105  226 2526401.58    0.00000   100%  96.3 3056s
 256079 201347 2413306.20  112  172 2526401.58    0.00000   100%  96.3 3062s
 256208 201444 507821.352   79  290 2526401.58    0.00000   100%  96.4 3067s
 256391 201735 456756.045   73  288 2526401.58    0.00000   100%  96.5 3071s
 256719 201882 2346387.03  175  165 2526401.58    0.00000   100%  96.6 3076s
 257239 202166 2338961.26  114  213 2526401.58    0.00000   100%  96.7 3082s
 257467 202359 1665234.64   79  248 2526401.58    0.00000   100%  96.8 3086s
 257711 202587 978407.270   81  271 2526401.58    0.00000   100%  96.9 3090s
 258344 202938    0.00000   67  324 2526401.58    0.00000   100%  97.0 3098s
 258602 203122     cutoff   97      2526401.58    0.00000   100%  97.1 3101s
 258844 203274 997253.588   78  331 2526401.58    0.00000   100%  97.2 3106s
 259080 203457 1827854.60   97  261 2526401.58    0.00000   100%  97.3 3110s
 259329 203652 150015.834   66  290 2526401.58    0.00000   100%  97.4 3115s
 259580 203781 1773130.92   91  211 2526401.58    0.00000   100%  97.5 3120s
 260101 204166 1554761.16   83  237 2526401.58    0.00000   100%  97.7 3129s
 260419 204334 1250934.71   75  253 2526401.58    0.00000   100%  97.8 3134s
 260683 204504 319469.932   72  314 2526401.58    0.00000   100%  97.9 3137s
 260916 205103 1361534.17   95  196 2526401.58    0.00000   100%  98.0 3146s
 261526 206449 2502453.00  248  162 2526401.58    0.00000   100%  97.9 3153s
 262872 207308 2500922.93  718  160 2526401.58    0.00000   100%  97.4 3161s
 263803 207547 2485724.33 1096  157 2526401.58    0.00000   100%  97.1 3165s
 264108 207748     cutoff   94      2526401.58    0.00000   100%  97.1 3170s
 264606 207979     cutoff  133      2526401.58    0.00000   100%  97.2 3177s
 264835 208131 3412.60520   66  331 2526401.58    0.00000   100%  97.2 3181s
 265059 208308    0.00000   19  379 2526401.58    0.00000   100%  97.3 3185s
H265283 208435                    2526396.0857    0.00000   100%  97.3 3189s
 265461 208605 2356193.13   94  221 2526396.09    0.00000   100%  97.4 3193s
H265700 208881                    2526382.8738    0.00000   100%  97.4 3196s
 265976 209544 1536698.89  104  189 2526382.87    0.00000   100%  97.5 3203s
 266688 210290 1842994.24  652  161 2526382.87    0.00000   100%  97.3 3209s
H267462 210437                    2526375.8449    0.00000   100%  97.1 3214s
 267769 210570 594768.663   68  316 2526375.84    0.00000   100%  97.1 3218s
 268002 210656 155099.458   66  302 2526375.84    0.00000   100%  97.2 3222s
 268127 211027 524995.385   76  304 2526375.84    0.00000   100%  97.3 3225s
H268500 211811                    2526372.4075    0.00000   100%  97.3 3230s
H269896 212810                    2526276.7927    0.00000   100%  96.9 3236s
 270971 213834     cutoff   95      2526276.79    0.00000   100%  96.7 3244s
 271454 214101 174885.814   72  273 2526276.79    0.00000   100%  96.6 3250s
 272158 214893 784375.969   92  272 2526276.79    0.00000   100%  96.5 3257s
 272607 214975 974087.123   79  270 2526276.79    0.00000   100%  96.4 3260s
 272833 215241 1856793.08   95  213 2526276.79    0.00000   100%  96.6 3267s
H272881 215241                    2526275.7000    0.00000   100%  96.6 3267s
 273030 215347     cutoff  105      2526275.70    0.00000   100%  96.6 3270s
H273301 215497                    2526275.3430    0.00000   100%  96.7 3273s
 273390 215613 2505426.87  130  204 2526275.34    0.00000   100%  96.7 3276s
 273704 215767 infeasible  113      2526275.34    0.00000   100%  96.8 3281s
 273970 215944    0.00000   65  335 2526275.34    0.00000   100%  97.0 3287s
H274117 216035                    2526275.3424    0.00000   100%  97.0 3290s
H274201 216035                    2526270.7935    0.00000   100%  97.0 3291s
 274412 216250 316309.870   73  288 2526270.79    0.00000   100%  97.1 3298s
 274567 216412 2350082.00  110  231 2526270.79    0.00000   100%  97.2 3301s
 274771 216629 2099992.60  116  202 2526270.79    0.00000   100%  97.2 3305s
 275222 216847     cutoff  107      2526270.79    0.00000   100%  97.3 3310s
H275226 216847                    2526268.2519    0.00000   100%  97.3 3310s
H275324 216932                    2526264.2672    0.00000   100%  97.4 3313s
H275501 217092                    2526254.4792    0.00000   100%  97.5 3316s
 275713 217196     cutoff  114      2526254.48    0.00000   100%  97.5 3320s
H276051 217424                    2526253.6506    0.00000   100%  97.7 3326s
 276354 217650 1234159.54   95  265 2526253.65    0.00000   100%  97.8 3332s
 276526 217760 301279.271   77  297 2526253.65    0.00000   100%  97.9 3336s
 276861 217971 2398028.40  112  185 2526253.65    0.00000   100%  98.0 3343s
 276961 218052     cutoff  103      2526253.65    0.00000   100%  98.0 3346s
 277317 218301 2211956.96   93  195 2526253.65    0.00000   100%  98.1 3352s
 277444 218602 1144347.03   75  252 2526253.65    0.00000   100%  98.2 3356s
 277988 218832 1034201.62   81  291 2526253.65    0.00000   100%  98.3 3364s
H278108 218959                    2526250.5576    0.00000   100%  98.4 3368s
 278310 219110 595639.190   77  288 2526250.56    0.00000   100%  98.4 3372s
 278498 219236 1978835.87   86  215 2526250.56    0.00000   100%  98.5 3376s
 278636 219402 1840403.14   98  253 2526250.56    0.00000   100%  98.6 3380s
H278718 219401                    2526234.2669    0.00000   100%  98.6 3380s
 279151 219724 978809.404   81  303 2526234.27    0.00000   100%  98.7 3387s
 279313 219865 1262898.42   82  210 2526234.27    0.00000   100%  98.8 3391s
 279510 220108 1007015.06   72  240 2526234.27    0.00000   100%  98.9 3395s
H279796 220339                    2526232.0589    0.00000   100%  98.9 3399s
 280073 220471 2347949.31  112  234 2526232.06    0.00000   100%  98.9 3403s
 280255 220619 2077514.62   91  222 2526232.06    0.00000   100%  99.0 3406s
 280694 220900 1766020.00   86  237 2526232.06    0.00000   100%  99.1 3413s
H280929 221069                    2526232.0582    0.00000   100%  99.2 3419s
 281142 221210 1707519.44  105  214 2526232.06    0.00000   100%  99.3 3422s
 281311 221355 136617.992   80  299 2526232.06    0.00000   100%  99.3 3426s
 281558 221505 1448204.84   97  233 2526232.06    0.00000   100%  99.4 3430s
 281783 221695 155099.458   81  300 2526232.06    0.00000   100%  99.4 3435s
 282003 221701 2059396.99  108  199 2526232.06    0.00000   100%   100 3442s
 282009 221918 1812317.40  107  218 2526232.06    0.00000   100%   100 3446s
 282271 222110 1347147.95   98  231 2526232.06    0.00000   100%   100 3451s
 282565 222240 78033.9140   78  329 2526232.06    0.00000   100%   100 3456s
 282772 222364 2259198.64  107  208 2526232.06    0.00000   100%   100 3460s
 283234 222684 1194433.39   95  271 2526232.06    0.00000   100%   100 3469s
 283465 222947 880161.258   92  302 2526232.06    0.00000   100%   100 3472s
 283800 223111 2028017.18   84  223 2526232.06    0.00000   100%   100 3477s
 284042 223278 21457.6255   59  306 2526232.06    0.00000   100%   100 3480s
 284262 224337 1256123.91   83  234 2526232.06    0.00000   100%   100 3488s
 285334 225224 infeasible  102      2526232.06    0.00000   100%   100 3494s
 286271 226094 238981.509   70  289 2526232.06    0.00000   100%   100 3504s
H287179 226094                    2526231.7205    0.00000   100%  99.3 3504s
 287180 226713 300345.659   57  313 2526231.72    0.00000   100%  99.3 3508s
 287857 226901 infeasible  118      2526231.72    0.00000   100%  99.2 3511s
 288373 227135     cutoff  101      2526231.72    0.00000   100%  99.2 3517s
H288427 227134                    2526179.5256    0.00000   100%  99.2 3517s
 288484 227669 936551.233   74  249 2526179.53    0.00000   100%  99.3 3522s
 289019 228538 1898597.37  438  164 2526179.53    0.00000   100%  99.2 3527s
 289905 229209 1905176.62 1254  165 2526179.53    0.00000   100%  98.9 3532s
 290604 229888 1910374.56 1901  163 2526179.53    0.00000   100%  98.7 3535s
 291964 230848 1966253.68 3088  162 2526179.53    0.00000   100%  98.4 3547s
 292315 231369 1979822.33 3375  160 2526179.53    0.00000   100%  98.3 3550s
 293395 232170 2159459.78 4216  152 2526179.53    0.00000   100%  98.1 3556s
 293943 232551 2433259.55 4468  176 2526179.53    0.00000   100%  98.0 3561s
 294367 233026 2398308.37 4623  175 2526179.53    0.00000   100%  98.0 3566s
 294980 233769 2438372.54 4949  178 2526179.53    0.00000   100%  97.9 3572s
 295374 234155 2508530.89 5256  173 2526179.53    0.00000   100%  97.9 3575s
 296158 234568     cutoff 5904      2526179.53    0.00000   100%  97.7 3582s
 296306 234695 1964030.35  100  221 2526179.53    0.00000   100%  97.8 3586s
 296621 234875 infeasible  110      2526179.53    0.00000   100%  97.9 3591s
H296826 234993                    2526178.9921    0.00000   100%  97.9 3593s
 296910 235089 1789648.30   95  201 2526178.99    0.00000   100%  97.9 3596s
 297155 235229 1651694.50   92  233 2526178.99    0.00000   100%  98.0 3600s

Cutting planes:
  Implied bound: 22
  MIR: 63
  Flow cover: 4
  RLT: 28

Explored 297234 nodes (29123900 simplex iterations) in 3600.17 seconds (1236.36 work units)
Thread count was 2 (of 24 available processors)

Solution count 10: 2.52618e+06 2.52618e+06 2.52623e+06 ... 2.52627e+06

Time limit reached
Best objective 2.526178992063e+06, best bound 0.000000000000e+00, gap 100.0000%
