
Gurobi 11.0.3 (linux64, Java) logging started qui 18 dez 2025 02:40:07 -03

Set parameter WLSAccessID
Set parameter WLSSecret
Set parameter LicenseID to value 2566693
Academic license 2566693 - for non-commercial use only - registered to ja___@ufv.br
Set parameter NonConvex to value 2
Set parameter TimeLimit to value 3600
Set parameter LogToConsole to value 0
Set parameter MIPGap to value 4.7478399160473358e-08
Set parameter Threads to value 2
Set parameter NodefileDir to value "/home/ps12398/gp-momulap/goalProgrammingMarcos/"
Set parameter NodefileStart to value 1
Gurobi Optimizer version 11.0.3 build v11.0.3rc0 (linux64)

CPU model: Intel(R) Xeon(R) CPU           X5650  @ 2.67GHz, instruction set [SSE2]
Thread count: 12 physical cores, 24 logical processors, using up to 2 threads

Academic license 2566693 - for non-commercial use only - registered to ja___@ufv.br
Optimize a model with 62101 rows, 41913 columns and 208058 nonzeros
Model fingerprint: 0xe9068f41
Model has 149 quadratic constraints
Variable types: 20886 continuous, 21027 integer (144 binary)
Coefficient statistics:
  Matrix range     [7e-03, 6e+06]
  QMatrix range    [7e-03, 1e+05]
  QLMatrix range   [1e+00, 1e+05]
  Objective range  [1e+00, 4e+07]
  Bounds range     [1e+00, 1e+08]
  RHS range        [1e+00, 4e+06]
  QRHS range       [2e-01, 2e-01]
Presolve removed 61160 rows and 40894 columns
Presolve time: 0.22s
Presolved: 2243 rows, 1411 columns, 69462 nonzeros
Presolved model has 2 SOS constraint(s)
Presolved model has 144 bilinear constraint(s)

Solving non-convex MIQCP

Variable types: 561 continuous, 850 integer (146 binary)
Found heuristic solution: objective 1.752659e+07

Root relaxation: objective 0.000000e+00, 459 iterations, 0.03 seconds (0.01 work units)

    Nodes    |    Current Node    |     Objective Bounds      |     Work
 Expl Unexpl |  Obj  Depth IntInf | Incumbent    BestBd   Gap | It/Node Time

     0     0    0.00000    0  196 1.7527e+07    0.00000   100%     -    1s
H    0     0                    1.752448e+07    0.00000   100%     -    1s
     0     0    0.00000    0  210 1.7524e+07    0.00000   100%     -    1s
H    0     0                    1.734757e+07    0.00000   100%     -    1s
     0     0    0.00000    0  201 1.7348e+07    0.00000   100%     -    1s
     0     0    0.00000    0  221 1.7348e+07    0.00000   100%     -    1s
H    0     0                    1.679241e+07    0.00000   100%     -    1s
     0     0    0.00000    0  208 1.6792e+07    0.00000   100%     -    1s
     0     0    0.00000    0  176 1.6792e+07    0.00000   100%     -    2s
     0     0    0.00000    0  182 1.6792e+07    0.00000   100%     -    2s
     0     0    0.00000    0  198 1.6792e+07    0.00000   100%     -    2s
     0     0    0.00000    0  193 1.6792e+07    0.00000   100%     -    3s
H    0     2                    1.632860e+07    0.00000   100%     -    4s
     0     2    0.00000    0  184 1.6329e+07    0.00000   100%     -    4s
H   31    36                    1.258318e+07    0.00000   100%  64.9    4s
    35    69    0.00000   11  175 1.2583e+07    0.00000   100%  66.4    5s
H   68   165                    1.258314e+07    0.00000   100%  62.0    6s
H  117   165                    1.216004e+07    0.00000   100%  57.1    6s
H  164   271                    1.155607e+07    0.00000   100%  51.6    8s
   270   525    0.00000  107  158 1.1556e+07    0.00000   100%  46.4   10s
H  279   525                    2052026.9418    0.00000   100%  45.2   10s
H  433   525                    1317622.4881    0.00000   100%  36.2   10s
H  524   876                    1316111.8223    0.00000   100%  39.5   12s
H  524   876                    902979.17491    0.00000   100%  39.5   12s
H  779   876                    755514.70214    0.00000   100%  26.9   12s
H 1084  1138                    482037.78882    0.00000   100%  22.0   14s
  1137  1376 398416.389  712  196 482037.789    0.00000   100%  22.3   16s
H 1314   824                    373229.69585    0.00000   100%  19.6   16s
H 2506  2013                    373193.97871    0.00000   100%  12.2   21s
H 3265   951                    8651.4658666    0.00000   100%   9.7   23s
  3550   881    0.00000  164  174 8651.46587    0.00000   100%  10.2   25s
  3644   885    0.00000   50   82 8651.46587    0.00000   100%  11.1   30s
H 3647   842                     185.4743448    0.00000   100%  11.1   32s
  3653   846    0.00000  123   85  185.47434    0.00000   100%  11.1   36s
H 3685   836                     175.5525602    0.00000   100%  13.4   39s
H 3689   794                       0.0000000    0.00000  0.00%  13.5   39s

Cutting planes:
  Gomory: 2
  Implied bound: 11
  MIR: 105
  StrongCG: 1
  Flow cover: 9
  Zero half: 1
  RLT: 1

Explored 3695 nodes (52192 simplex iterations) in 39.09 seconds (10.08 work units)
Thread count was 2 (of 24 available processors)

Solution count 10: 0 175.553 185.474 ... 1.31611e+06

Optimal solution found (tolerance 4.75e-08)
Best objective 0.000000000000e+00, best bound 0.000000000000e+00, gap 0.0000%
