
Gurobi 11.0.3 (linux64, Java) logging started qui 18 dez 2025 06:34:24 -03

Set parameter WLSAccessID
Set parameter WLSSecret
Set parameter LicenseID to value 2566693
Academic license 2566693 - for non-commercial use only - registered to ja___@ufv.br
Set parameter NonConvex to value 2
Set parameter TimeLimit to value 3600
Set parameter LogToConsole to value 0
Set parameter MIPGap to value 4.7478399160473358e-08
Set parameter Threads to value 2
Set parameter NodefileDir to value "/home/ps12398/gp-momulap/goalProgrammingMarcos/"
Set parameter NodefileStart to value 1
Gurobi Optimizer version 11.0.3 build v11.0.3rc0 (linux64)

CPU model: Intel(R) Xeon(R) CPU           X5650  @ 2.67GHz, instruction set [SSE2]
Thread count: 12 physical cores, 24 logical processors, using up to 2 threads

Academic license 2566693 - for non-commercial use only - registered to ja___@ufv.br
Optimize a model with 62101 rows, 41913 columns and 208058 nonzeros
Model fingerprint: 0xfd47e59f
Model has 149 quadratic constraints
Variable types: 20886 continuous, 21027 integer (144 binary)
Coefficient statistics:
  Matrix range     [7e-03, 6e+06]
  QMatrix range    [7e-03, 1e+05]
  QLMatrix range   [1e+00, 1e+05]
  Objective range  [1e+00, 4e+07]
  Bounds range     [1e+00, 1e+08]
  RHS range        [1e+00, 6e+06]
  QRHS range       [2e-01, 2e-01]
Presolve removed 61160 rows and 40894 columns
Presolve time: 0.43s
Presolved: 2243 rows, 1411 columns, 69462 nonzeros
Presolved model has 2 SOS constraint(s)
Presolved model has 144 bilinear constraint(s)

Solving non-convex MIQCP

Variable types: 561 continuous, 850 integer (146 binary)
Found heuristic solution: objective 1.682436e+07

Root relaxation: objective 0.000000e+00, 412 iterations, 0.03 seconds (0.01 work units)

    Nodes    |    Current Node    |     Objective Bounds      |     Work
 Expl Unexpl |  Obj  Depth IntInf | Incumbent    BestBd   Gap | It/Node Time

     0     0    0.00000    0  189 1.6824e+07    0.00000   100%     -    1s
     0     0    0.00000    0  198 1.6824e+07    0.00000   100%     -    1s
     0     0    0.00000    0  192 1.6824e+07    0.00000   100%     -    2s
     0     0    0.00000    0  184 1.6824e+07    0.00000   100%     -    2s
     0     0    0.00000    0  190 1.6824e+07    0.00000   100%     -    2s
     0     0    0.00000    0  211 1.6824e+07    0.00000   100%     -    2s
     0     0    0.00000    0  192 1.6824e+07    0.00000   100%     -    4s
H    0     0                    1.452841e+07    0.00000   100%     -    4s
     0     2    0.00000    0  192 1.4528e+07    0.00000   100%     -    4s
    26    38    0.00000   12  199 1.4528e+07    0.00000   100%  45.2    5s
H   27    38                    9547192.1199    0.00000   100%  43.5    5s
H   57    68                    4093797.8444    0.00000   100%  30.6    5s
H   67   138                    3921906.5905    0.00000   100%  32.0    7s
H  137   318                    3900391.5726    0.00000   100%  34.4   10s
H  180   318                    3630354.0011    0.00000   100%  41.0   10s
H  284   318                    2582312.0147    0.00000   100%  38.1   10s
H  334   615                    2352819.4527    0.00000   100%  37.3   12s
H  345   615                    2241180.5158    0.00000   100%  37.0   12s
H  602   615                    1497544.4829    0.00000   100%  33.6   12s
H  671   770                    1360282.5208    0.00000   100%  35.5   13s
   772  1215 infeasible  235      1360282.52    0.00000   100%  33.1   15s
H  776  1215                    1226471.5312    0.00000   100%  33.1   15s
H 1227  1298                    709044.08055    0.00000   100%  21.5   16s
H 1640  1393                    213501.67460    0.00000   100%  17.4   17s
H 1945   985                    53347.597992    0.00000   100%  17.5   19s
H 1980   967                    26758.270881    0.00000   100%  17.9   20s
H 1985   920                    13791.560732    0.00000   100%  17.8   23s
  1991   924    0.00000  201   82 13791.5607    0.00000   100%  17.8   25s
H 2025   902                    9669.8785307    0.00000   100%  20.2   28s
H 2052   903                       0.0000000    0.00000  0.00%  20.4   29s

Cutting planes:
  Implied bound: 10
  MIR: 71
  StrongCG: 1
  Flow cover: 5
  RLT: 1

Explored 2081 nodes (45909 simplex iterations) in 29.47 seconds (7.39 work units)
Thread count was 2 (of 24 available processors)

Solution count 10: 0 9669.88 13791.6 ... 1.49754e+06

Optimal solution found (tolerance 4.75e-08)
Best objective 0.000000000000e+00, best bound 0.000000000000e+00, gap 0.0000%
