
Gurobi 11.0.3 (linux64, Java) logging started qui 05 dez 2024 21:28:36 -03

Set parameter Username
Academic license - for non-commercial use only - expires 2025-10-10
Set parameter NonConvex to value 2
Set parameter TimeLimit to value 3600
Set parameter LogToConsole to value 0
Set parameter MIPGap to value 7.7716481645149384e-08
Set parameter Threads to value 2
Set parameter NodefileDir to value "/home/ps12398/experiment_hosp/goalProgrammingMarcos/"
Set parameter NodefileStart to value 1
Gurobi Optimizer version 11.0.3 build v11.0.3rc0 (linux64)

CPU model: Intel(R) Xeon(R) CPU           X5650  @ 2.67GHz, instruction set [SSE2]
Thread count: 12 physical cores, 24 logical processors, using up to 2 threads

Optimize a model with 149791 rows, 101033 columns and 647494 nonzeros
Model fingerprint: 0x769d5a7a
Model has 229 quadratic constraints
Variable types: 50406 continuous, 50627 integer (224 binary)
Coefficient statistics:
  Matrix range     [4e-03, 4e+06]
  QMatrix range    [4e-03, 7e+04]
  QLMatrix range   [1e+00, 7e+04]
  Objective range  [1e+00, 3e+07]
  Bounds range     [1e+00, 1e+08]
  RHS range        [1e+00, 3e+06]
  QRHS range       [1e-01, 1e-01]
Presolve removed 148315 rows and 99311 columns
Presolve time: 0.50s
Presolved: 2990 rows, 2186 columns, 193518 nonzeros
Presolved model has 2 SOS constraint(s)
Presolved model has 224 bilinear constraint(s)

Solving non-convex MIQCP

Variable types: 796 continuous, 1390 integer (226 binary)
Found heuristic solution: objective 1.181230e+07

Root relaxation: objective 0.000000e+00, 362 iterations, 0.09 seconds (0.04 work units)

    Nodes    |    Current Node    |     Objective Bounds      |     Work
 Expl Unexpl |  Obj  Depth IntInf | Incumbent    BestBd   Gap | It/Node Time

     0     0    0.00000    0  343 1.1812e+07    0.00000   100%     -    1s
H    0     0                    1.179612e+07    0.00000   100%     -    1s
     0     0    0.00000    0  344 1.1796e+07    0.00000   100%     -    2s
     0     0    0.00000    0  295 1.1796e+07    0.00000   100%     -    2s
     0     0    0.00000    0  263 1.1796e+07    0.00000   100%     -    3s
H    0     0                    1.177532e+07    0.00000   100%     -    3s
     0     0    0.00000    0  264 1.1775e+07    0.00000   100%     -    3s
     0     0    0.00000    0  255 1.1775e+07    0.00000   100%     -    4s
     0     0    0.00000    0  264 1.1775e+07    0.00000   100%     -    5s
     0     0    0.00000    0  264 1.1775e+07    0.00000   100%     -    6s
     0     0    0.00000    0  252 1.1775e+07    0.00000   100%     -    6s
     0     0    0.00000    0  245 1.1775e+07    0.00000   100%     -    7s
     0     0    0.00000    0  250 1.1775e+07    0.00000   100%     -    7s
     0     0    0.00000    0  244 1.1775e+07    0.00000   100%     -    9s
H    0     0                    1.172824e+07    0.00000   100%     -    9s
     0     0    0.00000    0  250 1.1728e+07    0.00000   100%     -    9s
     0     0    0.00000    0  241 1.1728e+07    0.00000   100%     -   10s
H    0     0                    1.167706e+07    0.00000   100%     -   10s
     0     0    0.00000    0  252 1.1677e+07    0.00000   100%     -   10s
     0     0    0.00000    0  247 1.1677e+07    0.00000   100%     -   10s
     0     0    0.00000    0  246 1.1677e+07    0.00000   100%     -   12s
H    0     2                    1.150624e+07    0.00000   100%     -   14s
     0     2    0.00000    0  245 1.1506e+07    0.00000   100%     -   14s
     9    12    0.00000    5  253 1.1506e+07    0.00000   100%   174   15s
    85   143    0.00000   37  234 1.1506e+07    0.00000   100%   134   39s
H  138   143                    1.147650e+07    0.00000   100%   116   39s
   142   641    0.00000   71  227 1.1477e+07    0.00000   100%   121   46s
H  147   641                    1704734.3453    0.00000   100%   118   46s
H  180   641                    1700169.4777    0.00000   100%  97.9   46s
H  188   641                    1570671.1694    0.00000   100%  94.3   46s
H  268   641                    1504569.2863    0.00000   100%  74.1   46s
H  424   641                    1095980.3071    0.00000   100%  54.7   46s
H  435   641                    1083877.6980    0.00000   100%  53.4   46s
H  523   641                    1061922.0596    0.00000   100%  44.9   46s
H  600   641                    1058124.3530    0.00000   100%  42.4   46s
   652  1134 421766.039  297  228 1058124.35    0.00000   100%  42.6   51s
H 1506  1706                    1058120.5897    0.00000   100%  19.3   57s
  1805  1993 457743.303  796  224 1058120.59    0.00000   100%  16.3   60s
  2358  2474 475235.379 1061  224 1058120.59    0.00000   100%  12.7   66s
H 2463  2474                    776293.01967    0.00000   100%  12.2   66s
  2848  2972 486006.300 1300  225 776293.020    0.00000   100%  10.8   72s
H 2928  2972                    757767.25970    0.00000   100%  10.5   72s
  3072  3269 490195.380 1380  226 757767.260    0.00000   100%  10.1   76s
H 3607  3126                    688385.41744    0.00000   100%   8.9   83s
  3608  3116 452079.650  712  472 688385.417    0.00000   100%   8.9   86s
H 3612  2963                    660125.24320    0.00000   100%   8.9   88s
  3621  2969 462471.238  853   17 660125.243    0.00000   100%   8.9   90s
  3640  2984    0.00000   15  243 660125.243    0.00000   100%  12.0   95s
  3670  3039    0.00000   23  247 660125.243    0.00000   100%  12.8  101s
H 3702  2880                    536623.66466    0.00000   100%  13.2  101s
  3707  2958    0.00000   29  242 536623.665    0.00000   100%  13.4  108s
H 3753  2801                    446875.36947    0.00000   100%  14.6  108s
  3787  2883    0.00000   42  247 446875.369    0.00000   100%  15.7  115s
H 3881  2837                    446425.87420    0.00000   100%  17.9  125s
  4000  3014    0.00000   82  239 446425.874    0.00000   100%  19.6  135s
H 4185  2825                    398836.30382    0.00000   100%  19.8  135s
H 4223  2891                    378392.75293    0.00000   100%  19.9  146s
H 4423  2794                    378250.98335    0.00000   100%  19.4  156s
H 4484  2664                    361106.55327    0.00000   100%  19.4  156s
  4508  2735 283005.170  290  242 361106.553    0.00000   100%  19.4  167s
H 4562  2614                    342728.41809    0.00000   100%  19.6  167s
  4588  2675 314348.901  316  241 342728.418    0.00000   100%  19.6  176s
H 4669  2608                    342721.43251    0.00000   100%  19.4  186s
H 4746  2528                    314695.96452    0.00000   100%  19.2  198s
  4824  2572 176264.222  386  226 314695.965    0.00000   100%  19.0  212s
H 4934  2618                    272141.94250    0.00000   100%  20.8  224s
H 5111  2426                    207846.55757    0.00000   100%  21.4  224s
  5172  2727 120861.140  176  299 207846.558    0.00000   100%  22.0  237s
  5541  2788 171972.916  293  300 207846.558    0.00000   100%  24.6  248s
H 5734  2643                    207445.58854    0.00000   100%  24.3  248s
  5778  2721    0.00000   79  240 207445.589    0.00000   100%  25.1  259s
H 5886  2372                    142759.23985    0.00000   100%  27.0  272s
H 6050  2375                    142000.79454    0.00000   100%  28.5  287s
H 6088  2204                    132775.75638    0.00000   100%  28.9  287s
  6291  2167    0.00000   98  258 132775.756    0.00000   100%  29.3  302s
H 6340  1782                    102734.50544    0.00000   100%  29.5  302s
  6380  1848    0.00000  122  226 102734.505    0.00000   100%  30.0  323s
H 6459  1598                    84663.297281    0.00000   100%  30.6  341s
  6553  1657    0.00000  173  232 84663.2973    0.00000   100%  31.0  361s
H 6607  1580                    84639.182886    0.00000   100%  31.3  361s
H 6661  1601                    84638.642909    0.00000   100%  31.6  380s
  6791  1674    0.00000  132  228 84638.6429    0.00000   100%  32.4  398s
  6934  1764    0.00000  167  237 84638.6429    0.00000   100%  33.0  419s
H 6975  1361                    14673.861264    0.00000   100%  33.2  419s
  7036  1432 infeasible  182      14673.8613    0.00000   100%  33.2  444s
  7216  1537 infeasible  197      14673.8613    0.00000   100%  35.0  466s
H 7282  1513                    13983.646965    0.00000   100%  35.2  466s
  7350  1627    0.00000  148  230 13983.6470    0.00000   100%  35.5  493s
H 7468  1728                    13983.630958    0.00000   100%  35.9  520s
  7574  1840 3087.37293  198  265 13983.6310    0.00000   100%  36.1  543s
H 7656  1821                    10163.976265    0.00000   100%  36.7  543s
H 7734  1852                    2324.1134512    0.00000   100%  36.8  570s
  7860  1925    0.00000  153  229 2324.11345    0.00000   100%  37.3  598s
  8023  1996    0.00000  130  231 2324.11345    0.00000   100%  38.3  619s
  8212  2038    0.00000  141  234 2324.11345    0.00000   100%  40.1  646s
H 8330   151                       0.0000000    0.00000  0.00%  41.5  646s

Cutting planes:
  Gomory: 9
  Implied bound: 12
  MIR: 131
  StrongCG: 17
  Flow cover: 8
  Zero half: 1
  RLT: 1

Explored 8431 nodes (375416 simplex iterations) in 646.66 seconds (304.84 work units)
Thread count was 2 (of 24 available processors)

Solution count 10: 0 2324.11 10164 ... 132776

Optimal solution found (tolerance 7.77e-08)
Best objective 0.000000000000e+00, best bound 0.000000000000e+00, gap 0.0000%
