
Gurobi 11.0.3 (linux64, Java) logging started qui 12 dez 2024 11:10:07 -03

Set parameter Username
Academic license - for non-commercial use only - expires 2025-10-10
Set parameter NonConvex to value 2
Set parameter TimeLimit to value 3600
Set parameter LogToConsole to value 0
Set parameter MIPGap to value 2.7413914365596508e-08
Set parameter Threads to value 2
Set parameter NodefileDir to value "/home/ps12398/experiment_epec/goalProgrammingMarcos/"
Set parameter NodefileStart to value 1
Gurobi Optimizer version 11.0.3 build v11.0.3rc0 (linux64)

CPU model: Intel(R) Xeon(R) CPU           X5650  @ 2.67GHz, instruction set [SSE2]
Thread count: 12 physical cores, 24 logical processors, using up to 2 threads

Optimize a model with 100781 rows, 68273 columns and 492664 nonzeros
Model fingerprint: 0x2a6a6ff9
Model has 189 quadratic constraints
Variable types: 34046 continuous, 34227 integer (184 binary)
Coefficient statistics:
  Matrix range     [5e-03, 1e+07]
  QMatrix range    [5e-03, 2e+05]
  QLMatrix range   [1e+00, 2e+05]
  Objective range  [1e+00, 7e+07]
  Bounds range     [1e+00, 1e+08]
  RHS range        [1e+00, 2e+07]
  QRHS range       [3e-03, 3e-03]
Presolve removed 100241 rows and 67283 columns
Presolve time: 0.28s
Presolved: 1202 rows, 1200 columns, 48325 nonzeros
Presolved model has 2 SOS constraint(s)
Presolved model has 184 bilinear constraint(s)

Solving non-convex MIQCP

Variable types: 583 continuous, 617 integer (186 binary)
Found heuristic solution: objective 2.012415e+07

Root relaxation: objective 7.311259e+06, 300 iterations, 0.04 seconds (0.02 work units)

    Nodes    |    Current Node    |     Objective Bounds      |     Work
 Expl Unexpl |  Obj  Depth IntInf | Incumbent    BestBd   Gap | It/Node Time

     0     0 7311258.61    0  276 2.0124e+07 7311258.61  63.7%     -    0s
H    0     0                    1.698617e+07 7311258.61  57.0%     -    0s
     0     0 9147609.03    0  278 1.6986e+07 9147609.03  46.1%     -    1s
H    0     0                    1.319817e+07 9147609.03  30.7%     -    1s
     0     0 9245135.02    0  277 1.3198e+07 9245135.02  30.0%     -    1s
H    0     0                    1.259682e+07 9245135.02  26.6%     -    1s
     0     0 9248000.05    0  277 1.2597e+07 9248000.05  26.6%     -    1s
H    0     0                    1.248898e+07 9248000.05  26.0%     -    1s
     0     0 9248054.36    0  277 1.2489e+07 9248054.36  26.0%     -    1s
H    0     0                    1.240156e+07 9248066.87  25.4%     -    1s
H    0     2                    1.240153e+07 9248066.87  25.4%     -    2s
     0     2 9248066.87    0  277 1.2402e+07 9248066.87  25.4%     -    2s
   921   996 9249722.34  325  274 1.2402e+07 9248186.01  25.4%   1.0    5s
  2582  2587 9252293.12  951  271 1.2402e+07 9248186.01  25.4%   1.0   10s
H 3717  3531                    1.218497e+07 9426852.52  22.6%   1.2   14s
H 3717  3354                    1.218388e+07 9426852.52  22.6%   1.2   14s
H 3719  3188                    1.210997e+07 9442716.47  22.0%   1.2   14s
H 3720  3029                    1.204440e+07 9448670.91  21.6%   1.2   14s
H 3720  2877                    1.204297e+07 9448670.91  21.5%   1.2   14s
H 3721  2734                    1.203201e+07 9448672.62  21.5%   1.2   14s
  3727  2739 9448672.62  655  117 1.2032e+07 9448672.62  21.5%   1.3   15s
H 3729  2603                    1.200029e+07 9451398.37  21.2%   1.3   15s
H 3729  2473                    1.199843e+07 9451398.37  21.2%   1.3   15s
H 3737  2355                    1.199144e+07 9451402.12  21.2%   1.5   16s
H 3737  2238                    1.198912e+07 9451402.12  21.2%   1.5   16s
  4347  2773 9452459.90  229  188 1.1989e+07 9451548.29  21.2%   2.1   20s
H 4369  2653                    1.198759e+07 9451548.29  21.2%   2.1   20s
H 4854  2884                    1.198754e+07 9451548.29  21.2%   2.1   21s
H 5533  3332                    1.198413e+07 9451548.29  21.1%   2.2   23s
  6240  3860 9452604.27  702  186 1.1984e+07 9451548.29  21.1%   2.3   25s
  8595  5459 9461026.79 1335  186 1.1984e+07 9451548.29  21.1%   2.8   30s
 11379  8001 9461026.79 2013  186 1.1984e+07 9451548.29  21.1%   3.1   35s
 13633 10267 9461145.53 2547  186 1.1984e+07 9451548.29  21.1%   3.2   40s
H14712 10974                    1.189462e+07 9451548.29  20.5%   3.2   43s
 15174 11811 9461202.65 2906  186 1.1895e+07 9451548.29  20.5%   3.2   45s
H15924 12502                    1.189461e+07 9451548.29  20.5%   3.2   46s
H17359 13789                    1.189461e+07 9451548.29  20.5%   3.3   48s
 18427 15039 9461414.80 3671  185 1.1895e+07 9451548.29  20.5%   3.3   50s
 21109 17627 9461414.80 4283  185 1.1895e+07 9451548.29  20.5%   3.3   55s
 23049 19589 9461630.21 4763  184 1.1895e+07 9451548.29  20.5%   3.3   60s
H23217 19589                    1.186394e+07 9451548.29  20.3%   3.3   60s
 25140 21601 9452173.83   71  248 1.1864e+07 9451554.72  20.3%   3.5   65s
H25268 21601                    1.186393e+07 9451554.72  20.3%   3.5   65s
H25632 21976                    1.186392e+07 9451554.72  20.3%   3.5   66s
 27357 23801 9452676.36  669  214 1.1864e+07 9451554.72  20.3%   3.4   70s
 28932 25420 9452673.53 1045  214 1.1864e+07 9451554.72  20.3%   3.3   75s
 30650 27132 9452680.27 1464  213 1.1864e+07 9451554.72  20.3%   3.2   80s
 32470 28955 9452673.53 1899  214 1.1864e+07 9451554.72  20.3%   3.1   85s
 34541 31058 9452677.44 2404  212 1.1864e+07 9451554.72  20.3%   3.0   90s
 36389 32942 9452677.44 2842  212 1.1864e+07 9451554.72  20.3%   3.0   95s
 37938 34505 9452690.57 3193  211 1.1864e+07 9451554.72  20.3%   2.9  100s
 39395 35885 9452677.44 3522  212 1.1864e+07 9451554.72  20.3%   2.8  105s
 40808 37300 9452677.44 3844  212 1.1864e+07 9451554.72  20.3%   2.8  110s
 43052 39684 9452693.68 4390  210 1.1864e+07 9451554.72  20.3%   2.8  115s
 44501 41114 9452680.55 4672  211 1.1864e+07 9451554.72  20.3%   2.8  120s
 46355 42843 9452946.58 4813  202 1.1864e+07 9451554.72  20.3%   2.8  125s
 48214 44761 9452502.57  343  212 1.1864e+07 9451555.90  20.3%   2.7  130s
 49744 46296 9452503.20  710  211 1.1864e+07 9451555.90  20.3%   2.7  135s
 51381 47926 9452509.93 1093  210 1.1864e+07 9451555.90  20.3%   2.7  140s
 53373 49899 9452516.33 1534  210 1.1864e+07 9451555.90  20.3%   2.6  145s
 55246 51811 9452516.33 1946  210 1.1864e+07 9451555.90  20.3%   2.6  150s
 57029 53560 9452503.20 2357  211 1.1864e+07 9451555.90  20.3%   2.6  155s
 58710 55277 9452516.33 2756  210 1.1864e+07 9451555.90  20.3%   2.6  160s
 60427 56997 9452503.20 3160  211 1.1864e+07 9451555.90  20.3%   2.5  165s
 62337 58875 9452509.44 3605  209 1.1864e+07 9451555.90  20.3%   2.5  170s
 64010 60650 9452516.35 3967  207 1.1864e+07 9451555.90  20.3%   2.5  175s
 65594 62156 9452516.35 4275  207 1.1864e+07 9451555.90  20.3%   2.5  180s
 67547 64049 9452516.84 4710  206 1.1864e+07 9451555.90  20.3%   2.5  185s
 69706 66329 9452579.83 4812  202 1.1864e+07 9451555.90  20.3%   2.5  190s
 71599 68187 9452526.12  425  205 1.1864e+07 9451557.79  20.3%   2.5  195s
 74036 70565 9452521.86 1019  205 1.1864e+07 9451557.79  20.3%   2.5  200s
 75460 72058 9452521.86 1365  205 1.1864e+07 9451557.79  20.3%   2.5  205s
 77578 74104 9452521.86 1902  205 1.1864e+07 9451557.79  20.3%   2.5  210s
 79351 75902 9452521.86 2332  205 1.1864e+07 9451557.79  20.3%   2.5  215s
 81507 78049 9452530.86 2877  203 1.1864e+07 9451557.79  20.3%   2.5  220s
 82977 79540 9452524.13 3239  204 1.1864e+07 9451557.79  20.3%   2.5  225s
 84694 81294 9452526.04 3675  203 1.1864e+07 9451557.79  20.3%   2.5  230s
 88459 85036 9452536.22 4470  200 1.1864e+07 9451557.79  20.3%   2.4  235s
 92252 88667 9462228.59 4813  194 1.1864e+07 9451557.79  20.3%   2.4  240s
 94153 90676 9451563.00  854  272 1.1864e+07 9451557.79  20.3%   2.5  245s
 95808 92584 9452533.73 1630  227 1.1864e+07 9451557.79  20.3%   2.5  250s
 97761 94261 9452641.78 2761  213 1.1864e+07 9451557.79  20.3%   2.5  255s
 99860 96332 9452662.67 3533  208 1.1864e+07 9451557.79  20.3%   2.4  260s
 101927 98408 9456179.28 4385  206 1.1864e+07 9451557.79  20.3%   2.4  265s
 103846 100453 9463264.01 4812  199 1.1864e+07 9451557.79  20.3%   2.4  270s
 106044 102684 9451563.00  280  272 1.1864e+07 9451558.79  20.3%   2.4  275s
 107791 104369 9452143.72 1095  247 1.1864e+07 9451558.79  20.3%   2.4  280s
 110068 106590 9452571.01 2108  221 1.1864e+07 9451558.79  20.3%   2.4  285s
 112360 108883 9459452.69 2907  216 1.1864e+07 9451558.79  20.3%   2.4  290s
 115247 112028 9473202.07 3819  194 1.1864e+07 9451558.79  20.3%   2.4  295s
 117597 114137 9474987.79 4810  186 1.1864e+07 9451558.79  20.3%   2.4  300s
 119943 116379 9451697.59  368  265 1.1864e+07 9451558.97  20.3%   2.4  305s
 121890 118298 9452599.95 1135  214 1.1864e+07 9451558.97  20.3%   2.4  310s
 125290 121807 9462220.12 2584  190 1.1864e+07 9451558.97  20.3%   2.4  315s
 127558 124304 9474998.94 3443  178 1.1864e+07 9451558.97  20.3%   2.4  320s
 130206 126785 9478482.27 4813  174 1.1864e+07 9451558.97  20.3%   2.4  325s
 131285 127852 9452009.94   73  252 1.1864e+07 9451559.86  20.3%   2.4  330s
 133017 129502 1.1564e+07  702  189 1.1864e+07 9451559.86  20.3%   2.4  335s
 135341 131983 9452719.60  772  252 1.1864e+07 9451559.91  20.3%   2.4  340s
 137512 133990 9453121.24 1414  237 1.1864e+07 9451559.91  20.3%   2.4  345s
H139672 136019                    1.184610e+07 9451559.91  20.2%   2.4  350s
 141359 137818 9477802.73 3631  184 1.1846e+07 9451559.91  20.2%   2.4  355s
H141617 137932                    1.184610e+07 9451559.91  20.2%   2.4  356s
 143755 140271 9492600.81 4813  175 1.1846e+07 9451559.91  20.2%   2.4  360s
 145185 141641 9452157.79  232  251 1.1846e+07 9451560.04  20.2%   2.4  365s
 147063 143442 9461154.44 1567  207 1.1846e+07 9451560.04  20.2%   2.5  370s
 148331 144793 9477593.93 2520  181 1.1846e+07 9451560.04  20.2%   2.5  375s
 149742 146231 9486795.66 3612  175 1.1846e+07 9451560.04  20.2%   2.6  380s
 151636 148268 9501134.00 4672  170 1.1846e+07 9451560.04  20.2%   2.6  385s
 153383 149780 9681858.10 4809  230 1.1846e+07 9451560.04  20.2%   2.6  390s
H154754 151001                    1.184571e+07 9451560.31  20.2%   2.6  393s
H154769 151001                    1.184531e+07 9451560.31  20.2%   2.6  393s
 154941 151372 9452058.72  298  253 1.1845e+07 9451560.31  20.2%   2.6  396s
 156073 152548 9452060.15 1181  252 1.1845e+07 9451560.31  20.2%   2.7  400s
 158162 154606 9452207.15 2655  243 1.1845e+07 9451560.31  20.2%   2.8  405s
 159824 156210 1.0943e+07 3256  215 1.1845e+07 9451560.31  20.2%   2.8  410s
 160744 157163 1.1160e+07 3311  200 1.1845e+07 9451560.31  20.2%   2.9  415s
 162655 158966     cutoff 3661      1.1845e+07 9451560.31  20.2%   2.9  420s
 163940 159596 1.1844e+07 3898  169 1.1845e+07 9451560.31  20.2%   2.9  425s
H164362 159806                    1.184341e+07 9451560.31  20.2%   3.0  427s
 165234 160391     cutoff 4077      1.1843e+07 9451560.31  20.2%   3.0  432s
H165424 160487                    1.183976e+07 9451560.31  20.2%   3.0  433s
 166205 161025 1.1804e+07 4232  167 1.1840e+07 9451560.31  20.2%   3.0  435s
 167381 161767 infeasible 4413      1.1840e+07 9451560.31  20.2%   3.0  440s
 168916 162889     cutoff 4578      1.1840e+07 9451560.31  20.2%   3.0  445s
 170539 164188 1.0240e+07  441  232 1.1840e+07 9451560.42  20.2%   3.0  451s
 171191 165256 1.0805e+07  572  222 1.1840e+07 9451560.42  20.2%   3.0  455s
 173954 167739 9456956.95  852  189 1.1840e+07 9451560.42  20.2%   3.0  460s
 175482 169308 9458179.73 1915  190 1.1840e+07 9451560.42  20.2%   3.0  466s
 176621 170623 9474927.07 2694  191 1.1840e+07 9451560.42  20.2%   3.0  470s
H178014 171772                    1.183976e+07 9451560.42  20.2%   3.0  472s
H178197 171883                    1.183958e+07 9451560.42  20.2%   3.0  473s
 178747 172701 9530463.04 4150  179 1.1840e+07 9451560.42  20.2%   3.0  475s
 180465 174234 9830430.87 4813  227 1.1840e+07 9451560.42  20.2%   3.0  480s
 180765 174426 9837348.64 4813  226 1.1840e+07 9451560.42  20.2%   3.1  485s
 182073 175791 1.0223e+07  474  186 1.1840e+07 9451560.73  20.2%   3.1  490s
 183045 176781 9451618.00   44  270 1.1840e+07 9451560.73  20.2%   3.1  495s
 184385 178036 1.0805e+07  557  215 1.1840e+07 9451560.73  20.2%   3.2  500s
 185791 179096 1.1795e+07  970  166 1.1840e+07 9451560.73  20.2%   3.2  506s
 186283 179664 1.1797e+07 1117  165 1.1840e+07 9451560.73  20.2%   3.2  510s
 188293 181355 1.1798e+07 1557  165 1.1840e+07 9451560.73  20.2%   3.2  515s
 189788 182300     cutoff 1894      1.1840e+07 9451560.73  20.2%   3.2  520s
 190787 183034 1.1799e+07 2143  165 1.1840e+07 9451560.73  20.2%   3.2  530s
H191028 183196                    1.183957e+07 9451560.73  20.2%   3.2  531s
 192505 184511 1.1802e+07 2483  165 1.1840e+07 9451560.73  20.2%   3.2  535s
 193941 185747 1.1803e+07 2760  165 1.1840e+07 9451560.73  20.2%   3.2  540s
 195592 186736 1.1803e+07 3122  165 1.1840e+07 9451560.73  20.2%   3.2  545s
 196152 186836     cutoff 3268      1.1840e+07 9451560.73  20.2%   3.2  550s
 197441 187036 1.1806e+07 3517  165 1.1840e+07 9451560.73  20.2%   3.2  555s
 198445 187057 1.1806e+07 3669  165 1.1840e+07 9451560.73  20.2%   3.2  560s
 200027 187088 1.1807e+07 3905  165 1.1840e+07 9451560.73  20.2%   3.2  565s
 201164 187103 1.1807e+07 4148  165 1.1840e+07 9451560.73  20.2%   3.3  572s
 201785 187111 1.1808e+07 4307  165 1.1840e+07 9451560.73  20.2%   3.3  575s
 203338 187129     cutoff 4686      1.1840e+07 9451560.73  20.2%   3.3  580s
H203964 187266                    1.183956e+07 9451560.94  20.2%   3.3  583s
 204683 187652 9452876.62  412  215 1.1840e+07 9451560.94  20.2%   3.3  586s
H204804 187254                    1.183038e+07 9451560.94  20.1%   3.3  586s
 206371 188119 9452876.62 1143  216 1.1830e+07 9451560.94  20.1%   3.3  592s
H206373 187502                    1.182384e+07 9451560.94  20.1%   3.3  593s
H207435 188539                    1.182384e+07 9451560.94  20.1%   3.3  595s
 209478 190683 9457577.50 2715  187 1.1824e+07 9451560.94  20.1%   3.2  600s
 211513 192299 9588154.26 3919  174 1.1824e+07 9451560.94  20.1%   3.2  606s
 212888 194038 1.0519e+07 4638  211 1.1824e+07 9451560.94  20.1%   3.2  610s
 214764 195909 1.0726e+07 4813  209 1.1824e+07 9451560.94  20.1%   3.2  615s
 216217 197249 1.0725e+07 4807  210 1.1824e+07 9451560.94  20.1%   3.3  620s
 216617 197659 1.0801e+07 4813  214 1.1824e+07 9451560.94  20.1%   3.3  625s
 217831 199040 9452798.20  122  211 1.1824e+07 9451560.94  20.1%   3.3  630s
 219667 200725 1.0438e+07  506  217 1.1824e+07 9451560.94  20.1%   3.3  635s
H220228 201382                    1.182383e+07 9451560.94  20.1%   3.4  637s
 221356 202524 1.1713e+07  887  173 1.1824e+07 9451560.94  20.1%   3.4  640s
H221568 202524                    1.182380e+07 9451560.94  20.1%   3.4  640s
 221996 203073 1.1004e+07  127  151 1.1824e+07 9451560.94  20.1%   3.4  645s
H222977 203957                    1.182379e+07 9451560.94  20.1%   3.4  647s
 224004 205122 1.1004e+07 1198  133 1.1824e+07 9451560.94  20.1%   3.3  650s
 225878 206999 1.1132e+07 2221  141 1.1824e+07 9451560.94  20.1%   3.3  655s
 227119 208221 1.1201e+07 2868  132 1.1824e+07 9451560.94  20.1%   3.3  660s
 230791 211859 1.1252e+07 4809  126 1.1824e+07 9451560.94  20.1%   3.3  665s
 232099 212846 1.0728e+07   79  251 1.1824e+07 9451561.05  20.1%   3.3  670s
 234408 215294 1.1385e+07  311  210 1.1824e+07 9451561.05  20.1%   3.3  675s
H235791 216621                    1.182378e+07 9451561.05  20.1%   3.3  678s
 236594 217638 1.0734e+07  323  183 1.1824e+07 9451561.05  20.1%   3.3  680s
 237935 218513 1.0745e+07  869  145 1.1824e+07 9451561.05  20.1%   3.3  685s
 239850 220857 1.0747e+07 1913  142 1.1824e+07 9451561.05  20.1%   3.3  690s
 242111 223126 1.0784e+07 3228  133 1.1824e+07 9451561.05  20.1%   3.2  695s
 244559 225588 1.0794e+07 4672  133 1.1824e+07 9451561.05  20.1%   3.2  700s
 247197 227947 1.0733e+07  147  161 1.1824e+07 9451561.05  20.1%   3.2  705s
 247833 228369 1.0734e+07  453  155 1.1824e+07 9451561.05  20.1%   3.2  710s
H248485 229049                    1.182377e+07 9451561.05  20.1%   3.2  713s
H248486 229049                    1.182377e+07 9451561.05  20.1%   3.2  713s
 249008 229739 1.0810e+07 1120  245 1.1824e+07 9451561.05  20.1%   3.2  715s
 251192 231864 1.1340e+07 1442  207 1.1824e+07 9451561.05  20.1%   3.2  720s
 253503 234241 1.0915e+07  369  225 1.1824e+07 9451561.45  20.1%   3.2  725s
 255924 236343 1.1786e+07 1120  168 1.1824e+07 9451561.45  20.1%   3.2  730s
 258825 239112 1.0732e+07  694  147 1.1824e+07 9451561.45  20.1%   3.2  735s
 260870 241049 1.0772e+07 1845  139 1.1824e+07 9451561.45  20.1%   3.2  740s
H261189 241276                    1.182377e+07 9451561.45  20.1%   3.2  741s
 262053 241915 1.0783e+07 2593  138 1.1824e+07 9451561.45  20.1%   3.2  746s
H262400 241762                    1.182179e+07 9451561.45  20.0%   3.2  747s
 263600 243118 1.0804e+07 3537  127 1.1822e+07 9451561.45  20.0%   3.2  750s
H263824 243118                    1.182179e+07 9451561.45  20.0%   3.2  750s
 265869 245325 1.0809e+07 4812  123 1.1822e+07 9451561.45  20.0%   3.2  755s
 267811 247291 1.0743e+07  127  245 1.1822e+07 9451561.63  20.0%   3.2  760s
 270426 249941 1.0822e+07  942  189 1.1822e+07 9451561.63  20.0%   3.2  765s
 273477 252889 1.1700e+07 1685  202 1.1822e+07 9451561.63  20.0%   3.1  770s
 275828 255121 1.0782e+07  136  209 1.1822e+07 9451561.68  20.0%   3.1  775s
 276903 256145 1.1063e+07  241  230 1.1822e+07 9451561.68  20.0%   3.1  780s
 278768 258198 1.1558e+07  363  205 1.1822e+07 9451561.68  20.0%   3.1  785s
 281072 260313 1.0849e+07  256  182 1.1822e+07 9451561.79  20.0%   3.1  790s
 284012 263202 1.0755e+07  886  143 1.1822e+07 9451561.79  20.0%   3.1  795s
 286754 266063 1.0772e+07 2198  134 1.1822e+07 9451561.79  20.0%   3.1  800s
 287601 266820 1.0780e+07 2600  133 1.1822e+07 9451561.79  20.0%   3.1  805s
 290278 269509 1.0832e+07 4122  121 1.1822e+07 9451561.79  20.0%   3.1  810s
 292777 271909 1.0845e+07 4813  120 1.1822e+07 9451561.79  20.0%   3.1  815s
 295059 274046 1.0821e+07  696  195 1.1822e+07 9451562.26  20.0%   3.1  820s
H296518 273733                    1.178841e+07 9451562.26  19.8%   3.1  824s
 296738 274194 1.0850e+07 1350  186 1.1788e+07 9451562.26  19.8%   3.1  825s
 298923 276330 1.0908e+07 2460  187 1.1788e+07 9451562.26  19.8%   3.1  830s
 300920 278353 1.1430e+07 2958  216 1.1788e+07 9451562.26  19.8%   3.1  835s
 303031 280541 1.0732e+07   74  199 1.1788e+07 9451562.26  19.8%   3.1  840s
 305518 282818 1.0744e+07 1246  155 1.1788e+07 9451562.26  19.8%   3.1  847s
 306296 283835 1.0745e+07 1656  145 1.1788e+07 9451562.26  19.8%   3.1  850s
 308594 286106 1.0775e+07 2921  143 1.1788e+07 9451562.26  19.8%   3.1  855s
H309381 286614                    1.178831e+07 9451562.26  19.8%   3.1  856s
H309384 285901                    1.178115e+07 9451562.26  19.8%   3.1  856s
H310675 287164                    1.177942e+07 9451562.26  19.8%   3.1  859s
 310890 287604 1.0783e+07 4261  132 1.1779e+07 9451562.26  19.8%   3.1  860s
H311677 288227                    1.177659e+07 9451562.26  19.7%   3.1  861s
 313991 290481 1.0754e+07  276  172 1.1777e+07 9451562.58  19.7%   3.1  865s
 316308 292709 1.0739e+07  497  187 1.1777e+07 9451562.58  19.7%   3.1  870s
 318593 294720 1.0744e+07 1756  147 1.1777e+07 9451562.58  19.7%   3.1  876s
 319461 295926 1.0744e+07 2250  147 1.1777e+07 9451562.58  19.7%   3.1  880s
 323628 300063 1.0795e+07 4536  131 1.1777e+07 9451562.58  19.7%   3.0  885s
 327185 303547 1.0758e+07  471  201 1.1777e+07 9451562.58  19.7%   3.0  890s
 330577 306661 1.0771e+07 1840  186 1.1777e+07 9451562.58  19.7%   3.0  896s
 332006 308419 1.0776e+07 2230  184 1.1777e+07 9451562.58  19.7%   3.0  900s
H332161 308419                    1.177659e+07 9451562.58  19.7%   3.0  900s
 334053 310417 1.0801e+07 2922  190 1.1777e+07 9451562.58  19.7%   3.0  905s
 336156 312442 1.1259e+07 3302  208 1.1777e+07 9451562.58  19.7%   3.0  910s
 338589 314915 1.1358e+07 3469  204 1.1777e+07 9451562.58  19.7%   3.0  915s
 339605 315950 1.1440e+07 3563  209 1.1777e+07 9451562.58  19.7%   3.0  920s
 341943 318222 1.1514e+07 3732  191 1.1777e+07 9451562.58  19.7%   3.0  925s
 343901 320127 1.1627e+07 3974  189 1.1777e+07 9451562.58  19.7%   3.1  930s
H344913 321091                    1.177656e+07 9451562.58  19.7%   3.1  933s
 345069 321093 1.1668e+07 4109  188 1.1777e+07 9451562.58  19.7%   3.1  935s
 346335 322813 1.0798e+07  560  143 1.1777e+07 9451562.58  19.7%   3.1  940s
 348779 325108 1.0760e+07  813  193 1.1777e+07 9451562.79  19.7%   3.1  945s
H350187 326310                    1.177613e+07 9451562.79  19.7%   3.1  948s
 350885 327044 1.0786e+07 1759  177 1.1776e+07 9451562.79  19.7%   3.0  950s
H351531 327830                    1.177608e+07 9451562.79  19.7%   3.0  951s
 353149 329384 1.0888e+07 2986  206 1.1776e+07 9451562.79  19.7%   3.0  955s
 354822 330791 1.1132e+07 3608  202 1.1776e+07 9451562.79  19.7%   3.0  961s
 355817 332027 1.1294e+07 4019  189 1.1776e+07 9451562.79  19.7%   3.0  965s
 358793 334905 1.1719e+07  791  171 1.1776e+07 9451563.04  19.7%   3.0  970s
 360942 336975 1.0740e+07 1392  181 1.1776e+07 9451563.04  19.7%   3.0  975s
 362901 338724 1.0766e+07 2873  173 1.1776e+07 9451563.04  19.7%   3.0  981s
 363901 340040 1.0777e+07 3701  170 1.1776e+07 9451563.04  19.7%   3.1  985s
H364219 340159                    1.177603e+07 9451563.04  19.7%   3.1  986s
H364317 340129                    1.177523e+07 9451563.04  19.7%   3.1  986s
H365625 341785                    1.177479e+07 9451563.04  19.7%   3.1  990s
H366648 342744                    1.177347e+07 9451563.04  19.7%   3.1  992s
H367779 343532                    1.177342e+07 9451563.11  19.7%   3.1  994s
 367852 343712 1.1450e+07  608  155 1.1773e+07 9451563.11  19.7%   3.1  995s
H368824 344574                    1.177319e+07 9451563.11  19.7%   3.1  997s
 370145 345944 1.0745e+07 1139  145 1.1773e+07 9451563.11  19.7%   3.1 1000s
 372628 348530 1.0786e+07 2888  133 1.1773e+07 9451563.11  19.7%   3.0 1005s
H375146 350986                    1.177311e+07 9451563.11  19.7%   3.0 1010s
H376365 352163                    1.176948e+07 9451563.11  19.7%   3.0 1014s
 376731 352446 1.0827e+07 4813  119 1.1769e+07 9451563.44  19.7%   3.0 1015s
H377777 353378                    1.176930e+07 9451563.44  19.7%   3.0 1017s
 378966 354734 1.0726e+07  470  185 1.1769e+07 9451563.44  19.7%   3.0 1020s
 380438 356023 1.0734e+07  747  185 1.1769e+07 9451563.44  19.7%   3.0 1025s
 382584 358360 1.0730e+07 1228  183 1.1769e+07 9451563.44  19.7%   3.0 1030s
 385244 361049 1.0732e+07 1844  180 1.1769e+07 9451563.44  19.7%   3.0 1035s
 387745 363458 1.0733e+07 2445  179 1.1769e+07 9451563.44  19.7%   3.0 1040s
 389640 365311 1.0733e+07 2925  179 1.1769e+07 9451563.44  19.7%   3.0 1046s
H390640 366088                    1.176913e+07 9451563.44  19.7%   3.0 1049s
 391018 366844 1.0735e+07 3243  179 1.1769e+07 9451563.44  19.7%   3.0 1050s
 393284 368939 1.0772e+07 3791  176 1.1769e+07 9451563.44  19.7%   3.0 1055s
 395677 371306 1.0772e+07 4471  175 1.1769e+07 9451563.44  19.7%   3.0 1060s
 397651 373199 1.1246e+07  481  209 1.1769e+07 9451563.69  19.7%   3.0 1065s
 399868 375426 1.0841e+07  454  179 1.1769e+07 9451563.96  19.7%   3.0 1070s
 400818 376396 1.0846e+07 1109  176 1.1769e+07 9451563.96  19.7%   3.0 1075s
 404035 379632 1.0928e+07 3207  169 1.1769e+07 9451563.96  19.7%   3.0 1080s
H406273 381618                    1.176895e+07 9451563.96  19.7%   2.9 1083s
 406782 382141 1.1762e+07 4688  173 1.1769e+07 9451563.96  19.7%   2.9 1085s
 409049 384392 1.0723e+07  273  202 1.1769e+07 9451564.05  19.7%   2.9 1090s
 410333 385741 1.0724e+07  470  188 1.1769e+07 9451564.05  19.7%   2.9 1095s
 413164 388529 1.0729e+07 1870  182 1.1769e+07 9451564.05  19.7%   2.9 1100s
 414877 390102 1.0740e+07 2640  174 1.1769e+07 9451564.05  19.7%   2.9 1105s
 416677 392127 1.1501e+07 2963  193 1.1769e+07 9451564.05  19.7%   2.9 1110s
 418772 393799     cutoff 3257      1.1769e+07 9451564.05  19.7%   2.9 1115s
H419037 393919                    1.176878e+07 9451564.62  19.7%   2.9 1116s
H420243 395305                    1.176877e+07 9451564.62  19.7%   2.9 1119s
 420596 395501 1.1657e+07  673  169 1.1769e+07 9451564.65  19.7%   2.9 1120s
H421741 396540                    1.176640e+07 9451564.65  19.7%   2.9 1122s
 423481 398256 1.0766e+07 1461  179 1.1766e+07 9451564.65  19.7%   2.9 1125s
 426921 401538 1.0780e+07 3306  171 1.1766e+07 9451564.65  19.7%   2.9 1132s
 427723 402704 1.0780e+07 3678  171 1.1766e+07 9451564.65  19.7%   2.9 1135s
 430453 405289 1.0798e+07 4812  193 1.1766e+07 9451564.65  19.7%   2.9 1140s
 432588 407544 1.0831e+07 4813  229 1.1766e+07 9451564.65  19.7%   2.9 1145s
H433961 408603                    1.176637e+07 9451564.65  19.7%   2.9 1147s
 434675 409635 1.0761e+07  658  134 1.1766e+07 9451564.65  19.7%   2.9 1150s
 436932 411865 1.0761e+07 1774  134 1.1766e+07 9451564.65  19.7%   2.9 1157s
H437254 412033                    1.176557e+07 9451564.65  19.7%   2.9 1157s
 438238 413195 1.1366e+07 2272  158 1.1766e+07 9451564.65  19.7%   2.9 1160s
 440977 415874 1.1086e+07  380  174 1.1766e+07 9451565.29  19.7%   2.9 1165s
 443438 418195 1.0828e+07  683  135 1.1766e+07 9451565.29  19.7%   2.9 1170s
 445986 420750 1.0828e+07 2132  126 1.1766e+07 9451565.29  19.7%   2.9 1175s
H447147 421668                    1.176550e+07 9451565.29  19.7%   2.8 1176s
H448284 422962                    1.176550e+07 9451565.29  19.7%   2.8 1179s
 448514 423246 1.0829e+07 3785  127 1.1765e+07 9451565.29  19.7%   2.8 1180s
H449440 423977                    1.176528e+07 9451565.29  19.7%   2.8 1181s
H449450 423866                    1.176083e+07 9451565.29  19.6%   2.8 1181s
 449535 424086 1.0829e+07 4345  125 1.1761e+07 9451565.29  19.6%   2.8 1185s
H449683 424086                    1.176083e+07 9451565.29  19.6%   2.8 1185s
H450900 425373                    1.176082e+07 9451565.29  19.6%   2.8 1188s
 451357 425955 1.0833e+07 4812  128 1.1761e+07 9451565.29  19.6%   2.8 1190s
 453782 428418 1.0772e+07  759  189 1.1761e+07 9451565.38  19.6%   2.8 1195s
 455922 430611 1.1279e+07 1661  144 1.1761e+07 9451565.38  19.6%   2.8 1200s
 458473 432966     cutoff  619      1.1761e+07 9451566.30  19.6%   2.8 1205s
 461059 435673 1.1035e+07  712  142 1.1761e+07 9451566.30  19.6%   2.8 1210s
 463421 438020 1.1455e+07 1642  145 1.1761e+07 9451566.30  19.6%   2.8 1215s
 464125 438403 1.1693e+07 1949  125 1.1761e+07 9451566.30  19.6%   2.8 1221s
H464354 438701                    1.176081e+07 9451566.30  19.6%   2.8 1222s
H464669 438865                    1.176081e+07 9451566.30  19.6%   2.8 1223s
H464994 439205                    1.176081e+07 9451566.64  19.6%   2.8 1224s
 465123 439363 1.0721e+07  200  217 1.1761e+07 9451566.64  19.6%   2.8 1225s
H466065 440337                    1.176081e+07 9451566.64  19.6%   2.8 1228s
 466608 440891 1.0721e+07  645  213 1.1761e+07 9451566.64  19.6%   2.8 1230s
 469469 443829 1.0727e+07 1946  177 1.1761e+07 9451566.64  19.6%   2.8 1235s
 471816 446320 1.0733e+07 3026  179 1.1761e+07 9451566.64  19.6%   2.8 1240s
 474554 448779 1.0746e+07 4268  172 1.1761e+07 9451566.64  19.6%   2.8 1245s
 476912 451269 1.1380e+07  510  164 1.1761e+07 9451567.03  19.6%   2.8 1250s
H478866 452884                    1.175991e+07 9451567.03  19.6%   2.8 1252s
 479705 453954 1.0758e+07 1382  176 1.1760e+07 9451567.03  19.6%   2.8 1255s
H479955 454199                    1.175961e+07 9451567.03  19.6%   2.8 1255s
H481301 455309                    1.175954e+07 9451567.03  19.6%   2.8 1258s
 482044 456219 1.0758e+07 2860  175 1.1760e+07 9451567.03  19.6%   2.8 1260s
 484566 458547 1.0780e+07 4737  174 1.1760e+07 9451567.03  19.6%   2.8 1268s
 484910 459080 1.0796e+07 4810  174 1.1760e+07 9451567.03  19.6%   2.8 1270s
 487136 461321 1.0788e+07  459  154 1.1760e+07 9451567.48  19.6%   2.8 1275s
 490409 464625 1.0788e+07 1710  154 1.1760e+07 9451567.48  19.6%   2.8 1280s
 493344 467069 1.0832e+07 3175  132 1.1760e+07 9451567.48  19.6%   2.8 1285s
H494159 467763                    1.175948e+07 9451567.48  19.6%   2.8 1286s
 494633 468099 1.0832e+07 3921  126 1.1759e+07 9451567.48  19.6%   2.8 1290s
 496626 470375 1.0832e+07 4813  119 1.1759e+07 9451567.48  19.6%   2.8 1295s
 498999 472630 infeasible  523      1.1759e+07 9451567.74  19.6%   2.8 1300s
 501199 474853 1.0748e+07  606  213 1.1759e+07 9451568.17  19.6%   2.8 1305s
 504155 477734 1.0749e+07 1784  186 1.1759e+07 9451568.17  19.6%   2.8 1310s
 505534 479044 1.0749e+07 2493  181 1.1759e+07 9451568.17  19.6%   2.8 1315s
 508127 481742 1.0752e+07 3903  173 1.1759e+07 9451568.17  19.6%   2.8 1320s
 510960 484149 1.0820e+07 4813  245 1.1759e+07 9451568.17  19.6%   2.8 1327s
H511184 484449                    1.175941e+07 9451568.17  19.6%   2.8 1328s
 512098 485376 1.0750e+07  234  188 1.1759e+07 9451569.43  19.6%   2.8 1330s
 515317 488671 1.0750e+07 1074  176 1.1759e+07 9451569.43  19.6%   2.8 1335s
 518671 492048 1.0752e+07 1967  173 1.1759e+07 9451569.43  19.6%   2.8 1340s
 521226 494562 1.0756e+07 2591  176 1.1759e+07 9451569.43  19.6%   2.8 1345s
 523339 496632 1.0756e+07 3036  171 1.1759e+07 9451569.43  19.6%   2.8 1350s
H523995 497143                    1.175934e+07 9451569.43  19.6%   2.8 1351s
H525257 498378                    1.175931e+07 9451569.43  19.6%   2.8 1353s
 525652 498844 1.0758e+07 3560  170 1.1759e+07 9451569.43  19.6%   2.8 1357s
 526744 499951 1.0762e+07 3831  170 1.1759e+07 9451569.43  19.6%   2.8 1360s
 528298 501055 1.0777e+07 4292  170 1.1759e+07 9451569.43  19.6%   2.8 1365s
 530436 502752 1.0791e+07 4701  178 1.1759e+07 9451569.43  19.6%   2.8 1370s
 532237 504583 1.0809e+07 4807  240 1.1759e+07 9451569.43  19.6%   2.8 1377s
 533392 505935 1.0814e+07 4811  237 1.1759e+07 9451569.43  19.6%   2.8 1380s
 535438 508025 1.0771e+07  406  183 1.1759e+07 9451569.73  19.6%   2.8 1385s
H537825 510251                    1.175927e+07 9451569.73  19.6%   2.8 1390s
 539769 512298 1.0719e+07  116  246 1.1759e+07 9451569.73  19.6%   2.8 1395s
 542098 514384 1.0730e+07  868  199 1.1759e+07 9451569.73  19.6%   2.8 1400s
 544307 516413 1.0732e+07 2106  189 1.1759e+07 9451569.73  19.6%   2.8 1407s
 545105 517461 1.0734e+07 2377  185 1.1759e+07 9451569.73  19.6%   2.8 1410s
 547774 520238 1.0736e+07 3571  186 1.1759e+07 9451569.73  19.6%   2.8 1415s
 550288 522698 1.0752e+07 4813  175 1.1759e+07 9451569.73  19.6%   2.8 1420s
H550768 522948                    1.175925e+07 9451569.73  19.6%   2.8 1421s
H550769 522948                    1.175918e+07 9451569.73  19.6%   2.8 1421s
H551776 524099                    1.175852e+07 9451569.73  19.6%   2.8 1424s
 552281 524670 1.0882e+07  296  178 1.1759e+07 9451569.73  19.6%   2.8 1425s
 554103 526528 1.0826e+07  380  139 1.1759e+07 9451569.73  19.6%   2.8 1430s
 555316 527524 1.0826e+07 1085  139 1.1759e+07 9451569.73  19.6%   2.8 1435s
 557559 529939 1.0826e+07 2111  139 1.1759e+07 9451569.73  19.6%   2.8 1440s
 559967 532430 1.0827e+07 3293  147 1.1759e+07 9451569.73  19.6%   2.8 1445s
 562675 535031 1.0865e+07 4813  136 1.1759e+07 9451569.73  19.6%   2.8 1450s
H564441 536587                    1.175837e+07 9451569.73  19.6%   2.7 1454s
 564601 536909 1.0903e+07 4813  134 1.1758e+07 9451569.73  19.6%   2.7 1455s
 565381 537692 1.0920e+07  395  231 1.1758e+07 9451569.73  19.6%   2.7 1460s
 568327 540378     cutoff  864      1.1758e+07 9451569.73  19.6%   2.8 1465s
 570663 542619 1.1234e+07  434  211 1.1758e+07 9451569.73  19.6%   2.7 1470s
 572049 544020 1.1517e+07  533  204 1.1758e+07 9451569.73  19.6%   2.7 1475s
 574540 546399 1.0720e+07  285  221 1.1758e+07 9451569.73  19.6%   2.7 1480s
H576843 548542                    1.175835e+07 9451569.73  19.6%   2.7 1484s
 576918 548881 1.0723e+07 1099  189 1.1758e+07 9451569.73  19.6%   2.7 1485s
 577789 549756 1.0724e+07 1550  189 1.1758e+07 9451569.73  19.6%   2.7 1490s
H578133 550139                    1.175835e+07 9451569.73  19.6%   2.7 1491s
 580181 552211 1.0728e+07 2666  182 1.1758e+07 9451569.73  19.6%   2.7 1495s
 582928 554764 1.0732e+07 3977  179 1.1758e+07 9451569.73  19.6%   2.7 1500s
 586747 558280 1.0743e+07 4912  179 1.1758e+07 9451569.73  19.6%   2.7 1507s
 587721 559493 1.0743e+07 4912  177 1.1758e+07 9451569.73  19.6%   2.7 1510s
 590743 562411 1.0778e+07  754  154 1.1758e+07 9451569.73  19.6%   2.7 1515s
H590973 562472                    1.175685e+07 9451569.73  19.6%   2.7 1516s
H592252 564005                    1.175606e+07 9451569.73  19.6%   2.7 1519s
 592599 564391 1.0778e+07 1876  154 1.1756e+07 9451569.73  19.6%   2.7 1520s
H593779 565341                    1.175601e+07 9451569.73  19.6%   2.7 1522s
H594861 566620                    1.175582e+07 9451569.73  19.6%   2.7 1525s
H595063 566618                    1.175559e+07 9451569.73  19.6%   2.7 1525s
H596469 567891                    1.175298e+07 9451569.73  19.6%   2.7 1527s
 596602 567893 1.0784e+07 4184  154 1.1753e+07 9451569.73  19.6%   2.7 1530s
 598523 570129 1.0784e+07 4992  150 1.1753e+07 9451569.73  19.6%   2.7 1535s
 600665 572065 1.1275e+07  635  115 1.1753e+07 9451569.73  19.6%   2.7 1540s
 602712 573804 1.1510e+07  826  114 1.1753e+07 9451569.73  19.6%   2.7 1545s
 604656 575822 1.0904e+07 1305  135 1.1753e+07 9451569.73  19.6%   2.7 1550s
 605458 576615 1.0904e+07 1848  136 1.1753e+07 9451569.73  19.6%   2.7 1555s
 607211 578486 1.0904e+07 2897  132 1.1753e+07 9451569.73  19.6%   2.7 1560s
 609475 580744 1.0904e+07 4189  131 1.1753e+07 9451569.73  19.6%   2.7 1565s
 611962 583221 1.0916e+07 4811  127 1.1753e+07 9451569.73  19.6%   2.7 1570s
 613629 584719 1.0903e+07  405  133 1.1753e+07 9451569.73  19.6%   2.7 1576s
 614900 586037 1.0903e+07 1119  133 1.1753e+07 9451569.73  19.6%   2.7 1580s
 616716 587763 1.0903e+07 2206  133 1.1753e+07 9451569.73  19.6%   2.7 1585s
H618543 589442                    1.175297e+07 9451569.73  19.6%   2.7 1589s
 618616 589791 1.0904e+07 3615  130 1.1753e+07 9451569.73  19.6%   2.7 1590s
H620133 590954                    1.175080e+07 9451569.73  19.6%   2.7 1593s
 620179 591238 1.0905e+07 4854  130 1.1751e+07 9451569.73  19.6%   2.7 1596s
H621423 592382                    1.175080e+07 9451569.73  19.6%   2.7 1600s
 623539 594158 1.0916e+07 1332  136 1.1751e+07 9451569.73  19.6%   2.7 1605s
 625379 596020 1.0916e+07 2333  136 1.1751e+07 9451569.73  19.6%   2.7 1610s
 628103 598607 1.0916e+07 3865  130 1.1751e+07 9451569.73  19.6%   2.7 1615s
 630177 600652 1.0919e+07 4813  127 1.1751e+07 9451569.73  19.6%   2.7 1620s
 631976 601998 1.1411e+07  652  108 1.1751e+07 9451569.73  19.6%   2.7 1625s
 633366 603270 1.0768e+07  686  194 1.1751e+07 9451569.73  19.6%   2.7 1630s
 635408 605185 1.0773e+07 1870  177 1.1751e+07 9451569.73  19.6%   2.7 1635s
 636605 606190 1.0854e+07 2604  206 1.1751e+07 9451569.73  19.6%   2.7 1640s
 638897 608345 1.1679e+07 3996  124 1.1751e+07 9451569.73  19.6%   2.7 1645s
 641172 610519 1.0810e+07  380  202 1.1751e+07 9451569.73  19.6%   2.7 1650s
 642696 612026 1.0722e+07  257  205 1.1751e+07 9451569.73  19.6%   2.7 1655s
 644084 613317 1.0752e+07  615  196 1.1751e+07 9451569.73  19.6%   2.7 1660s
 646043 615463 1.0763e+07 1489  180 1.1751e+07 9451569.73  19.6%   2.7 1665s
 648356 617816 1.0799e+07 2257  171 1.1751e+07 9451569.73  19.6%   2.7 1670s
H650704 619921                    1.175078e+07 9451569.73  19.6%   2.7 1674s
 650878 620301 1.0810e+07 3227  171 1.1751e+07 9451569.73  19.6%   2.7 1675s
 653448 622731 1.0825e+07 4285  170 1.1751e+07 9451569.73  19.6%   2.7 1680s
 654790 623937 1.0847e+07 4918  167 1.1751e+07 9451569.73  19.6%   2.7 1685s
 656246 625468 1.1149e+07  669  166 1.1751e+07 9451569.73  19.6%   2.7 1690s
 657895 627014 1.1078e+07  411  196 1.1751e+07 9451569.73  19.6%   2.7 1695s
 659169 628155 1.1702e+07  526  189 1.1751e+07 9451569.73  19.6%   2.7 1700s
 661227 630199 1.0880e+07  985  135 1.1751e+07 9451569.73  19.6%   2.7 1705s
 663464 632405 1.0880e+07 2227  135 1.1751e+07 9451569.73  19.6%   2.7 1710s
H663485 632405                    1.175078e+07 9451569.73  19.6%   2.7 1710s
H663800 632621                    1.175058e+07 9451569.73  19.6%   2.7 1711s
 664399 633006 1.0881e+07 2716  131 1.1751e+07 9451569.73  19.6%   2.7 1715s
H665433 634205                    1.174995e+07 9451569.73  19.6%   2.7 1718s
 666465 635555 1.0893e+07 3931  127 1.1750e+07 9451569.73  19.6%   2.7 1720s
 668666 637606 1.0896e+07 4839  127 1.1750e+07 9451569.73  19.6%   2.7 1725s
 671506 640350 1.0894e+07  300  194 1.1750e+07 9451569.73  19.6%   2.7 1730s
 674702 643600 1.1232e+07 1074  171 1.1750e+07 9451569.73  19.6%   2.7 1735s
 675515 644161 1.1335e+07 1302  165 1.1750e+07 9451569.73  19.6%   2.7 1740s
 679003 647118 1.1354e+07 1991  165 1.1750e+07 9451569.73  19.6%   2.7 1745s
H682220 649395                    1.174983e+07 9451569.73  19.6%   2.8 1750s
 684378 651065 1.1387e+07 3184  165 1.1750e+07 9451569.73  19.6%   2.8 1755s
 686500 652632 1.1407e+07 3886  160 1.1750e+07 9451569.73  19.6%   2.8 1762s
 687838 654134 1.0719e+07  100  276 1.1750e+07 9451569.73  19.6%   2.8 1765s
 689886 656157 1.0723e+07  827  204 1.1750e+07 9451569.73  19.6%   2.8 1770s
 692594 658973 1.0759e+07 1848  203 1.1750e+07 9451569.73  19.6%   2.8 1775s
H694966 661079                    1.174979e+07 9451569.73  19.6%   2.8 1780s
H696131 662275                    1.174978e+07 9451569.73  19.6%   2.8 1784s
 696579 662719 1.0805e+07 3226  197 1.1750e+07 9451569.73  19.6%   2.8 1788s
 697118 663330 1.0808e+07 3430  194 1.1750e+07 9451569.73  19.6%   2.8 1790s
H697486 663591                    1.174972e+07 9451569.73  19.6%   2.8 1791s
H698516 664754                    1.174972e+07 9451569.73  19.6%   2.8 1794s
 699140 665542 1.0810e+07 4397  185 1.1750e+07 9451569.73  19.6%   2.8 1795s
 701839 668047 1.0856e+07 4813  180 1.1750e+07 9451569.73  19.6%   2.8 1800s
 704277 670397 1.0733e+07  190  268 1.1750e+07 9451569.73  19.6%   2.8 1805s
 706774 672885 1.1098e+07  429  207 1.1750e+07 9451569.73  19.6%   2.8 1810s
 707398 673543 1.1458e+07  466  143 1.1750e+07 9451569.73  19.6%   2.8 1815s
 709220 675348 1.0880e+07  693  135 1.1750e+07 9451569.73  19.6%   2.8 1820s
H711372 677327                    1.174965e+07 9451569.73  19.6%   2.8 1824s
 711585 677666 1.0880e+07 1847  135 1.1750e+07 9451569.73  19.6%   2.8 1825s
H712404 678400                    1.174907e+07 9451569.73  19.6%   2.8 1828s
 713627 679478 1.0893e+07 3076  133 1.1749e+07 9451569.73  19.6%   2.8 1830s
 715587 681634 1.0893e+07 4358  129 1.1749e+07 9451569.73  19.6%   2.8 1835s
 716358 682202 1.0893e+07 4902  129 1.1749e+07 9451569.73  19.6%   2.8 1840s
 718264 684261 1.0924e+07  394  132 1.1749e+07 9451569.73  19.6%   2.8 1845s
 721041 687069 1.0960e+07 2259  125 1.1749e+07 9451569.73  19.6%   2.8 1850s
 724585 690606 1.1169e+07 4595  123 1.1749e+07 9451569.73  19.6%   2.8 1855s
H725195 691145                    1.174907e+07 9451569.73  19.6%   2.8 1856s
Created node file directory '/home/ps12398/experiment_epec/goalProgrammingMarcos//grbnodes23'
 725883 691884 1.1240e+07 5046  119 1.1749e+07 9451569.73  19.6%   2.8 1873s
 726592 692247 1.1255e+07 5045  122 1.1749e+07 9451569.73  19.6%   2.8 1878s
 727002 692954 1.0737e+07  136  230 1.1749e+07 9451569.73  19.6%   2.8 1880s
 728921 694853 1.0924e+07  757  132 1.1749e+07 9451569.73  19.6%   2.8 1885s
 731352 697162 1.0924e+07 1996  132 1.1749e+07 9451569.73  19.6%   2.8 1890s
 733268 699048 1.0924e+07 2960  131 1.1749e+07 9451569.73  19.6%   2.8 1895s
 735300 701241 1.0960e+07 4147  124 1.1749e+07 9451569.73  19.6%   2.8 1900s
 735648 701663 1.1073e+07 4368  121 1.1749e+07 9451569.73  19.6%   2.8 1916s
 736437 702032 1.1099e+07 4880  114 1.1749e+07 9451569.73  19.6%   2.8 1920s
H736917 702724                    1.174900e+07 9451569.73  19.6%   2.8 1922s
 738247 704158 1.1128e+07 5048  118 1.1749e+07 9451569.73  19.6%   2.8 1925s
 740390 706286 1.0722e+07  880  198 1.1749e+07 9451569.73  19.6%   2.8 1930s
 742885 708864 1.0741e+07 1902  198 1.1749e+07 9451569.73  19.6%   2.8 1935s
 745951 711506 1.0819e+07 2772  198 1.1749e+07 9451569.73  19.6%   2.8 1942s
 746807 712630 1.0829e+07 3049  184 1.1749e+07 9451569.73  19.6%   2.8 1945s
 747077 712888 1.0831e+07 3082  180 1.1749e+07 9451569.73  19.6%   2.8 1960s
 748963 714798 1.0859e+07 3298  183 1.1749e+07 9451569.73  19.6%   2.8 1965s
H749826 715400                    1.174899e+07 9451569.73  19.6%   2.8 1967s
H749827 715400                    1.174897e+07 9451569.73  19.6%   2.8 1967s
H749832 715400                    1.174690e+07 9451569.73  19.5%   2.8 1967s
 750613 716323 1.0875e+07 3492  179 1.1747e+07 9451569.73  19.5%   2.8 1970s
 752663 718548 1.0884e+07 4173  172 1.1747e+07 9451569.73  19.5%   2.8 1975s
 754563 720147 1.0915e+07 4812  194 1.1747e+07 9451569.73  19.5%   2.8 1980s
 755237 721121 1.0929e+07 4938  221 1.1747e+07 9451569.73  19.5%   2.8 1992s
 756732 722596 1.0937e+07 4938  221 1.1747e+07 9451569.73  19.5%   2.8 1995s
 759196 724994 1.0929e+07  245  134 1.1747e+07 9451569.73  19.5%   2.8 2000s
 761307 726990 1.0942e+07 1488  132 1.1747e+07 9451569.73  19.5%   2.8 2005s
 763772 729799 1.0942e+07 2672  131 1.1747e+07 9451569.73  19.5%   2.8 2010s
 764337 729801 1.0942e+07 2842  131 1.1747e+07 9451569.73  19.5%   2.8 2032s
 765492 731435 1.0942e+07 3280  131 1.1747e+07 9451569.73  19.5%   2.8 2035s
 770142 735828 1.0942e+07 4765  127 1.1747e+07 9451569.73  19.5%   2.8 2040s
H770927 736413                    1.174681e+07 9451569.73  19.5%   2.8 2041s
H771980 737527                    1.174662e+07 9451569.73  19.5%   2.8 2045s
H773229 738715                    1.174640e+07 9451569.73  19.5%   2.8 2048s
 774058 739532 1.0989e+07  791  171 1.1746e+07 9451569.73  19.5%   2.8 2050s
H774580 739885                    1.174632e+07 9451569.73  19.5%   2.8 2050s
 776231 741568 1.0997e+07 2354  167 1.1746e+07 9451569.73  19.5%   2.8 2055s
 777589 743130 1.1061e+07 3191  172 1.1746e+07 9451569.73  19.5%   2.8 2070s
 780284 745785 1.1107e+07 4827  166 1.1746e+07 9451569.73  19.5%   2.8 2075s
 782845 748194 1.0722e+07  262  216 1.1746e+07 9451569.73  19.5%   2.8 2080s
 784911 750463 1.0723e+07  896  191 1.1746e+07 9451569.73  19.5%   2.8 2085s
 786814 752153 1.0752e+07 1543  188 1.1746e+07 9451569.73  19.5%   2.8 2111s
H787202 752361                    1.174624e+07 9451569.73  19.5%   2.8 2112s
H787210 752608                    1.174617e+07 9451569.73  19.5%   2.8 2113s
 787738 753178 1.0753e+07 1969  188 1.1746e+07 9451569.73  19.5%   2.8 2115s
 790635 756050 1.0771e+07 3091  185 1.1746e+07 9451569.73  19.5%   2.8 2120s
 793772 759233 1.0787e+07 4354  188 1.1746e+07 9451569.73  19.5%   2.8 2125s
 796382 761652 1.0810e+07 4903  207 1.1746e+07 9451569.73  19.5%   2.8 2130s
 798338 763403 1.0829e+07 4904  173 1.1746e+07 9451569.73  19.5%   2.8 2151s
 799445 764746 1.0722e+07  384  218 1.1746e+07 9451569.73  19.5%   2.8 2155s
 801591 766948 1.0756e+07  750  203 1.1746e+07 9451569.73  19.5%   2.8 2160s
 804247 769514 1.0756e+07 1376  202 1.1746e+07 9451569.73  19.5%   2.8 2165s
 805620 770716 1.0756e+07 1685  202 1.1746e+07 9451569.73  19.5%   2.8 2170s
 807245 772592 1.0757e+07 2039  196 1.1746e+07 9451569.73  19.5%   2.8 2191s
 808710 774078 1.0767e+07 2314  178 1.1746e+07 9451569.73  19.5%   2.8 2195s
 810970 776355 1.0769e+07 2788  179 1.1746e+07 9451569.73  19.5%   2.8 2200s
 813331 778189 1.0777e+07 3266  202 1.1746e+07 9451569.73  19.5%   2.8 2205s
 814480 779228 1.0799e+07 3523  207 1.1746e+07 9451569.73  19.5%   2.8 2230s
 815202 780224 1.0835e+07 3651  197 1.1746e+07 9451569.73  19.5%   2.8 2235s
 817859 782817 1.0884e+07 4223  186 1.1746e+07 9451569.73  19.5%   2.8 2240s
 820179 785178 1.0910e+07 4710  179 1.1746e+07 9451569.73  19.5%   2.9 2245s
 822840 787809 1.0939e+07 4992  184 1.1746e+07 9451569.73  19.5%   2.9 2250s
 823862 788762 1.0958e+07 4994  189 1.1746e+07 9451569.73  19.5%   2.9 2255s
 825756 790732 1.0874e+07  375  179 1.1746e+07 9451569.73  19.5%   2.9 2260s
 826398 791268 1.1061e+07  434  231 1.1746e+07 9451569.73  19.5%   2.9 2280s
 828294 793226 1.0883e+07  276  196 1.1746e+07 9451569.73  19.5%   2.9 2285s
H829362 794110                    1.174397e+07 9451569.73  19.5%   2.9 2287s
 830564 795457 1.0883e+07  777  142 1.1744e+07 9451569.73  19.5%   2.9 2290s
 832530 797065 1.0884e+07 1143  140 1.1744e+07 9451569.73  19.5%   2.8 2297s
 833552 798308 1.0884e+07 1323  141 1.1744e+07 9451569.73  19.5%   2.8 2300s
 835566 800297 1.0884e+07 1711  142 1.1744e+07 9451569.73  19.5%   2.8 2305s
 836188 800936 1.0884e+07 1827  142 1.1744e+07 9451569.73  19.5%   2.8 2321s
 837839 802477 1.0884e+07 2216  140 1.1744e+07 9451569.73  19.5%   2.8 2325s
 840737 805138 1.0884e+07 2928  136 1.1744e+07 9451569.73  19.5%   2.8 2331s
 841975 806797 1.0884e+07 3309  136 1.1744e+07 9451569.73  19.5%   2.8 2335s
H842414 806912                    1.174396e+07 9451569.73  19.5%   2.8 2336s
 843717 808346 1.0884e+07 3805  135 1.1744e+07 9451569.73  19.5%   2.8 2360s
 845829 810384 1.0884e+07 4452  134 1.1744e+07 9451569.73  19.5%   2.8 2365s
 847745 812230 1.0952e+07 4996  138 1.1744e+07 9451569.73  19.5%   2.8 2372s
 848277 812846 1.1028e+07 5001  138 1.1744e+07 9451569.73  19.5%   2.8 2375s
 850291 814802     cutoff  853      1.1744e+07 9451569.73  19.5%   2.9 2380s
 852695 817226 1.1088e+07  789  131 1.1744e+07 9451569.73  19.5%   2.8 2385s
 853565 818304 1.1155e+07 1081  124 1.1744e+07 9451569.73  19.5%   2.8 2402s
 854746 819333 1.1156e+07 1543  123 1.1744e+07 9451569.73  19.5%   2.8 2405s
 857245 821813 1.1158e+07 2590  121 1.1744e+07 9451569.73  19.5%   2.8 2410s
H857971 822475                    1.174394e+07 9451569.73  19.5%   2.8 2411s
H859130 823494                    1.173910e+07 9451569.73  19.5%   2.8 2414s
 859764 824090 1.1162e+07 3847  116 1.1739e+07 9451569.73  19.5%   2.8 2418s
 860305 824882 1.1356e+07 4202  122 1.1739e+07 9451569.73  19.5%   2.8 2438s
H861592 825840                    1.173903e+07 9451569.73  19.5%   2.8 2439s
 861666 826170 1.1438e+07 4988  118 1.1739e+07 9451569.73  19.5%   2.8 2440s
H862747 827242                    1.173694e+07 9451569.73  19.5%   2.8 2442s
H863943 828169                    1.173682e+07 9451569.73  19.5%   2.8 2444s
 863999 828401 1.1079e+07  247  146 1.1737e+07 9451569.73  19.5%   2.8 2445s
 865570 830077 1.1105e+07  796  128 1.1737e+07 9451569.73  19.5%   2.8 2471s
 867222 831739 1.1108e+07 1571  124 1.1737e+07 9451569.73  19.5%   2.8 2475s
 869773 834287 1.1110e+07 2703  121 1.1737e+07 9451569.73  19.5%   2.8 2480s
 871665 836041 1.1111e+07 3615  121 1.1737e+07 9451569.73  19.5%   2.8 2486s
H872762 837086                    1.173423e+07 9451569.73  19.5%   2.8 2489s
 872916 837488 1.1111e+07 4202  121 1.1734e+07 9451569.73  19.5%   2.8 2490s
H873970 838456                    1.173423e+07 9451569.73  19.5%   2.8 2492s
H874981 839452                    1.173423e+07 9451569.73  19.5%   2.8 2494s
 875292 839748 1.1172e+07 4842  118 1.1734e+07 9451569.73  19.5%   2.8 2495s
 875588 840067 1.1154e+07 4844  132 1.1734e+07 9451569.73  19.5%   2.8 2517s
 876650 841161 1.0924e+07  318  132 1.1734e+07 9451569.73  19.5%   2.8 2520s
 879288 843741 1.0970e+07 2105  126 1.1734e+07 9451569.73  19.5%   2.8 2525s
 880694 844921 1.0974e+07 2933  124 1.1734e+07 9451569.73  19.5%   2.8 2530s
 882524 846885 1.0982e+07 4121  122 1.1734e+07 9451569.73  19.5%   2.8 2535s
 883536 847826 1.0982e+07 4678  123 1.1734e+07 9451569.73  19.5%   2.8 2548s
 884424 848726 1.0997e+07 4900  133 1.1734e+07 9451569.73  19.5%   2.8 2550s
H886617 850772                    1.173421e+07 9451569.73  19.5%   2.8 2555s
 888927 853186 1.0917e+07  716  188 1.1734e+07 9451569.73  19.5%   2.8 2560s
 890810 855021 1.0933e+07 1334  181 1.1734e+07 9451569.73  19.5%   2.8 2565s
 891575 855527 1.0935e+07 1768  187 1.1734e+07 9451569.73  19.5%   2.8 2588s
 891659 855915 1.0939e+07 1809  183 1.1734e+07 9451569.73  19.5%   2.8 2590s
H892354 856433                    1.173421e+07 9451569.73  19.5%   2.8 2591s
H893442 857430                    1.173420e+07 9451569.73  19.5%   2.8 2594s
 893741 858011 1.1248e+07 2567  165 1.1734e+07 9451569.73  19.5%   2.8 2595s
H894817 858862                    1.173315e+07 9451569.73  19.4%   2.8 2597s
 895712 859749 1.0923e+07  155  221 1.1733e+07 9451569.73  19.4%   2.8 2600s
H896880 860970                    1.173113e+07 9451569.73  19.4%   2.8 2603s
 898110 862172 1.1484e+07  505  137 1.1731e+07 9451569.73  19.4%   2.8 2605s
H898264 862172                    1.173113e+07 9451569.73  19.4%   2.8 2605s
 899515 863435 1.0924e+07  671  133 1.1731e+07 9451569.73  19.4%   2.8 2610s
 901640 865810 1.0991e+07 1585  125 1.1731e+07 9451569.73  19.4%   2.8 2629s
 902097 866251 1.0991e+07 1763  125 1.1731e+07 9451569.73  19.4%   2.8 2630s
 905630 869740 1.1003e+07 3451  122 1.1731e+07 9451569.73  19.4%   2.8 2635s
 909821 873675 1.0938e+07  405  185 1.1731e+07 9451569.73  19.4%   2.8 2640s
H910244 873985                    1.173106e+07 9451569.73  19.4%   2.8 2645s
H911484 875335                    1.173105e+07 9451569.73  19.4%   2.8 2648s
 911998 875835 1.1131e+07 1262  177 1.1731e+07 9451569.73  19.4%   2.8 2668s
 912846 876864 1.1133e+07 1629  177 1.1731e+07 9451569.73  19.4%   2.8 2670s
 915002 878971 1.1239e+07 2723  172 1.1731e+07 9451569.73  19.4%   2.8 2675s
 917460 880658 1.1081e+07  489  150 1.1731e+07 9451569.73  19.4%   2.8 2680s
 919118 882375 1.1081e+07 1183  150 1.1731e+07 9451569.73  19.4%   2.8 2685s
 921596 884283 1.1084e+07 1864  146 1.1731e+07 9451569.73  19.4%   2.8 2700s
 923156 885294 1.1131e+07 2269  144 1.1731e+07 9451569.73  19.4%   2.8 2705s
H924331 885973                    1.173105e+07 9451569.73  19.4%   2.8 2707s
H924333 885973                    1.172984e+07 9451569.73  19.4%   2.8 2707s
H924362 886183                    1.172984e+07 9451569.73  19.4%   2.8 2707s
H924363 886183                    1.172984e+07 9451569.73  19.4%   2.8 2707s
H924447 886183                    1.172978e+07 9451569.73  19.4%   2.8 2707s
 925833 887769 1.1297e+07 3509  127 1.1730e+07 9451569.73  19.4%   2.8 2710s
 927988 889948 1.1360e+07 4588  120 1.1730e+07 9451569.73  19.4%   2.8 2715s
 929722 891482 1.1470e+07 4813  119 1.1730e+07 9451569.73  19.4%   2.8 2739s
 930236 891884 1.1579e+07 4813  115 1.1730e+07 9451569.73  19.4%   2.8 2740s
 931785 893291 1.1335e+07  337  131 1.1730e+07 9451569.73  19.4%   2.8 2746s
 932727 894469 1.1632e+07  408  202 1.1730e+07 9451569.73  19.4%   2.8 2750s
 935088 896874 1.0928e+07  337  249 1.1730e+07 9451569.73  19.4%   2.8 2755s
 935465 897244 1.0918e+07  341  251 1.1730e+07 9451569.73  19.4%   2.8 2765s
 937378 899154 1.0977e+07  435  198 1.1730e+07 9451569.73  19.4%   2.8 2770s
 939584 901190 1.1084e+07  628  169 1.1730e+07 9451569.73  19.4%   2.8 2775s
H940085 901622                    1.172976e+07 9451569.73  19.4%   2.8 2777s
 941430 903176 1.1244e+07 1212  156 1.1730e+07 9451569.73  19.4%   2.8 2780s
 944095 905664 1.0719e+07   70  276 1.1730e+07 9451569.73  19.4%   2.8 2785s
 945284 906764 1.0803e+07  419  180 1.1730e+07 9451569.73  19.4%   2.8 2805s
 946630 907931 1.0856e+07  596  194 1.1730e+07 9451569.73  19.4%   2.8 2810s
 947891 909380 1.0870e+07  734  218 1.1730e+07 9451569.73  19.4%   2.8 2815s
 949740 911304 1.0894e+07  909  214 1.1730e+07 9451569.73  19.4%   2.8 2820s
 952144 913649 1.0936e+07 1159  235 1.1730e+07 9451569.73  19.4%   2.8 2825s
H952942 914356                    1.172976e+07 9451569.73  19.4%   2.8 2827s
 954123 915740 1.0965e+07 1330  213 1.1730e+07 9451569.73  19.4%   2.8 2832s
H954168 915740                    1.172800e+07 9451569.73  19.4%   2.8 2832s
H955346 916876                    1.172798e+07 9451569.73  19.4%   2.8 2846s
H956537 918177                    1.172766e+07 9451569.73  19.4%   2.8 2850s
 958324 919807 1.1012e+07 1713  203 1.1728e+07 9451569.73  19.4%   2.8 2855s
 959866 921567 1.1097e+07 1997  189 1.1728e+07 9451569.73  19.4%   2.8 2860s
 962081 923668 1.1121e+07 2334  170 1.1728e+07 9451569.73  19.4%   2.8 2881s
H963121 924634                    1.172754e+07 9451569.73  19.4%   2.8 2884s
 963365 924917 1.1126e+07 2522  163 1.1728e+07 9451569.73  19.4%   2.8 2885s
 964018 925475 1.1126e+07 2631  163 1.1728e+07 9451569.73  19.4%   2.8 2890s
H964319 925686                    1.172754e+07 9451569.73  19.4%   2.8 2891s
 966548 928221 1.1128e+07 3057  168 1.1728e+07 9451569.73  19.4%   2.8 2895s
 968674 930318 1.1156e+07 3386  166 1.1728e+07 9451569.73  19.4%   2.8 2900s
 971457 933139 1.1160e+07 3856  193 1.1728e+07 9451569.73  19.4%   2.8 2905s
 971870 933534 1.1159e+07 3920  165 1.1728e+07 9451569.73  19.4%   2.8 2917s
 973306 934829 1.1171e+07 4162  180 1.1728e+07 9451569.73  19.4%   2.8 2920s
 974121 935531 1.1161e+07 4309  165 1.1728e+07 9451569.73  19.4%   2.8 2925s
 975587 937141 1.1163e+07 4570  166 1.1728e+07 9451569.73  19.4%   2.8 2930s
H977180 938522                    1.172740e+07 9451569.73  19.4%   2.8 2934s
 977452 938922 1.1210e+07 4847  219 1.1727e+07 9451569.73  19.4%   2.8 2935s
 977884 939429 1.1194e+07 4846  221 1.1727e+07 9451569.73  19.4%   2.8 2954s
 978221 939702 1.1212e+07 4848  176 1.1727e+07 9451569.73  19.4%   2.8 2955s
 980620 941730 1.0949e+07  638  136 1.1727e+07 9451569.73  19.4%   2.8 2960s
 982017 943471 1.1049e+07 1556  122 1.1727e+07 9451569.73  19.4%   2.8 2965s
 984400 945664 1.1051e+07 2871  119 1.1727e+07 9451569.73  19.4%   2.8 2970s
 986603 948035 1.1051e+07 4061  118 1.1727e+07 9451569.73  19.4%   2.8 2975s
 987504 948950 1.1051e+07 4571  118 1.1727e+07 9451569.73  19.4%   2.8 2987s
H988722 949670                    1.172331e+07 9451569.73  19.4%   2.8 2989s
 989094 949911 1.1088e+07 4812  124 1.1723e+07 9451569.73  19.4%   2.8 2990s
 989925 950249 1.1185e+07 4810  127 1.1723e+07 9451569.73  19.4%   2.8 2995s
H991921 951381                    1.172331e+07 9451569.73  19.4%   2.8 2999s
 992007 951493     cutoff  683      1.1723e+07 9451569.73  19.4%   2.8 3000s
 993768 952849 1.1068e+07 1159  188 1.1723e+07 9451569.73  19.4%   2.8 3005s
 996029 955394 1.1106e+07 2025  174 1.1723e+07 9451569.73  19.4%   2.8 3010s
 997776 957157 1.1115e+07 2729  169 1.1723e+07 9451569.73  19.4%   2.8 3026s
 998204 957506 1.1115e+07 2921  167 1.1723e+07 9451569.73  19.4%   2.8 3030s
 1002275 961599 1.1143e+07 4858  158 1.1723e+07 9451569.73  19.4%   2.8 3035s
H1003408 962481                    1.172328e+07 9451569.73  19.4%   2.8 3037s
H1004574 963626                    1.172308e+07 9451569.73  19.4%   2.8 3039s
 1004671 963842 1.1114e+07  522  126 1.1723e+07 9451569.73  19.4%   2.8 3040s
H1005907 964931                    1.170719e+07 9451569.73  19.3%   2.8 3042s
H1006938 966070                    1.170719e+07 9451569.73  19.3%   2.8 3044s
H1007138 966070                    1.170280e+07 9451569.73  19.2%   2.8 3044s
 1007231 966393 1.0935e+07 1643  135 1.1703e+07 9451569.73  19.2%   2.8 3045s
 1008124 966965 1.1054e+07 2287  128 1.1703e+07 9451569.73  19.2%   2.8 3050s
 1008791 967900 1.1061e+07 2664  121 1.1703e+07 9451569.73  19.2%   2.8 3072s
 1010679 968972 1.1061e+07 3718  121 1.1703e+07 9451569.73  19.2%   2.8 3075s
H1010745 968972                    1.170280e+07 9451569.73  19.2%   2.8 3075s
 1012693 970551 1.1139e+07 4934  132 1.1703e+07 9451569.73  19.2%   2.8 3080s
 1015046 972976 1.1111e+07  195  257 1.1703e+07 9451569.73  19.2%   2.8 3085s
 1017313 975270 1.1307e+07  373  177 1.1703e+07 9451569.73  19.2%   2.8 3090s
 1018058 975848 1.1556e+07  412  191 1.1703e+07 9451569.73  19.2%   2.8 3106s
 1020666 978275 1.0930e+07  460  170 1.1703e+07 9451569.73  19.2%   2.8 3110s
 1022234 979786 1.0995e+07  961  167 1.1703e+07 9451569.73  19.2%   2.8 3115s
H1023502 980850                    1.170279e+07 9451569.73  19.2%   2.8 3119s
H1023504 980850                    1.170261e+07 9451569.73  19.2%   2.8 3119s
H1023511 980849                    1.170212e+07 9451569.73  19.2%   2.8 3119s
H1023525 980849                    1.170212e+07 9451569.73  19.2%   2.8 3119s
 1023526 981142 1.1050e+07 1656  126 1.1702e+07 9451569.73  19.2%   2.8 3120s
 1024487 982096 1.1051e+07 2093  123 1.1702e+07 9451569.73  19.2%   2.8 3125s
 1027159 984820 1.1055e+07 3598  120 1.1702e+07 9451569.73  19.2%   2.8 3147s
 1028714 986457 1.1065e+07 4536  119 1.1702e+07 9451569.73  19.2%   2.8 3150s
 1031169 988867 1.1164e+07 4973  131 1.1702e+07 9451569.73  19.2%   2.8 3155s
 1033783 991289 1.1136e+07  481  149 1.1702e+07 9451569.73  19.2%   2.8 3160s
 1034074 991628 1.1329e+07  537  133 1.1702e+07 9451569.73  19.2%   2.8 3179s
 1034460 991866 1.1365e+07  645  122 1.1702e+07 9451569.73  19.2%   2.8 3180s
 1037302 993988 1.0955e+07  688  155 1.1702e+07 9451569.73  19.2%   2.8 3185s
H1037821 994333                    1.170211e+07 9451569.73  19.2%   2.8 3185s
 1038726 995195 1.1089e+07 1274  122 1.1702e+07 9451569.73  19.2%   2.8 3190s
H1038925 995563                    1.170207e+07 9451569.73  19.2%   2.8 3192s
 1040133 996939 1.1103e+07 2184  119 1.1702e+07 9451569.73  19.2%   2.8 3195s
H1040404 996939                    1.170155e+07 9451569.73  19.2%   2.8 3195s
H1041827 998488                    1.170067e+07 9451569.73  19.2%   2.8 3198s
 1042374 999087 1.1103e+07 3675  118 1.1701e+07 9451569.73  19.2%   2.8 3200s
H1043012 999559                    1.169958e+07 9451569.73  19.2%   2.8 3201s
H1044169 1000884                    1.169924e+07 9451569.73  19.2%   2.8 3204s
 1044463 1001182 1.1104e+07 5143  114 1.1699e+07 9451569.73  19.2%   2.8 3205s
 1045304 1001886 1.1221e+07 5202  120 1.1699e+07 9451569.73  19.2%   2.8 3220s
 1046909 1003565 1.1228e+07 5201  120 1.1699e+07 9451569.73  19.2%   2.8 3225s
 1049309 1005944 1.1074e+07  340  138 1.1699e+07 9451569.73  19.2%   2.8 3230s
 1051317 1008005 1.1075e+07 1471  137 1.1699e+07 9451569.73  19.2%   2.8 3252s
 1052202 1008557 1.1075e+07 1956  137 1.1699e+07 9451569.73  19.2%   2.8 3257s
H1052418 1008845                    1.169921e+07 9451569.73  19.2%   2.8 3258s
 1052793 1009239 1.1076e+07 2265  137 1.1699e+07 9451569.73  19.2%   2.8 3260s
 1054916 1011657 1.1226e+07 3447  120 1.1699e+07 9451569.73  19.2%   2.8 3265s
 1056964 1013661 1.1228e+07 4711  119 1.1699e+07 9451569.73  19.2%   2.8 3270s
 1059153 1015574 1.1251e+07 4968  129 1.1699e+07 9451569.73  19.2%   2.8 3290s
 1061357 1017805 1.1279e+07  336  167 1.1699e+07 9451569.73  19.2%   2.8 3295s
 1063206 1019665 1.0750e+07  744  259 1.1699e+07 9451569.73  19.2%   2.8 3300s
H1065355 1021538                    1.169828e+07 9451569.73  19.2%   2.7 3305s
 1067139 1023643 1.0777e+07 1800  192 1.1698e+07 9451569.73  19.2%   2.7 3310s
 1068488 1024836 1.0793e+07 1941  189 1.1698e+07 9451569.73  19.2%   2.7 3322s
 1069903 1026309 1.0813e+07 2166  188 1.1698e+07 9451569.73  19.2%   2.7 3325s
 1072921 1029438 1.0849e+07 2759  184 1.1698e+07 9451569.73  19.2%   2.7 3330s
 1074144 1030533 1.0887e+07 2912  184 1.1698e+07 9451569.73  19.2%   2.7 3335s
 1075394 1031783 1.0888e+07 3035  185 1.1698e+07 9451569.73  19.2%   2.7 3347s
 1076805 1033281 1.0891e+07 3292  183 1.1698e+07 9451569.73  19.2%   2.7 3350s
 1078524 1035073 1.0894e+07 4300  174 1.1698e+07 9451569.73  19.2%   2.7 3355s
 1080807 1037001 1.1013e+07 4958  195 1.1698e+07 9451569.73  19.2%   2.7 3360s
 1081229 1037552 infeasible 4958      1.1698e+07 9451569.73  19.2%   2.7 3365s
 1083269 1039579 1.0901e+07  411  223 1.1698e+07 9451569.73  19.2%   2.7 3370s
 1085468 1041733 1.1013e+07 1234  188 1.1698e+07 9451569.73  19.2%   2.7 3375s
 1086760 1043255 1.1501e+07 1900  143 1.1698e+07 9451569.73  19.2%   2.7 3388s
H1087325 1043791                    1.169828e+07 9451569.73  19.2%   2.7 3389s
 1087861 1044212 1.1515e+07 2557  143 1.1698e+07 9451569.73  19.2%   2.7 3390s
 1090579 1046863 1.1529e+07 4120  141 1.1698e+07 9451569.73  19.2%   2.7 3395s
 1092861 1048990 1.1553e+07 4856  140 1.1698e+07 9451569.73  19.2%   2.7 3400s
 1093084 1049149 1.1559e+07 4858  137 1.1698e+07 9451569.73  19.2%   2.7 3418s
 1093651 1049761 1.0952e+07  239  179 1.1698e+07 9451569.73  19.2%   2.7 3420s
 1095813 1052174 1.1541e+07  797  150 1.1698e+07 9451569.73  19.2%   2.7 3425s
 1097932 1054043 1.0949e+07  253  174 1.1698e+07 9451569.73  19.2%   2.7 3430s
 1100314 1056352 1.1089e+07 1294  137 1.1698e+07 9451569.73  19.2%   2.7 3435s
 1103562 1059720 1.1122e+07 3334  135 1.1698e+07 9451569.73  19.2%   2.7 3453s
 1104834 1061000 1.1145e+07 4155  131 1.1698e+07 9451569.73  19.2%   2.7 3455s
 1107579 1063327 1.1227e+07 4878  125 1.1698e+07 9451569.73  19.2%   2.7 3461s
 1109053 1064952 1.0949e+07  800  163 1.1698e+07 9451569.73  19.2%   2.7 3465s
 1110299 1066415 1.1097e+07 1287  122 1.1698e+07 9451569.73  19.2%   2.7 3476s
H1111970 1068001                    1.169826e+07 9451569.73  19.2%   2.7 3479s
 1112255 1068373 1.1108e+07 2340  119 1.1698e+07 9451569.73  19.2%   2.7 3480s
 1114826 1070820 1.1108e+07 3781  119 1.1698e+07 9451569.73  19.2%   2.7 3485s
 1117680 1073830 1.1112e+07 5080  123 1.1698e+07 9451569.73  19.2%   2.7 3490s
 1118882 1074873 1.1178e+07 5080  126 1.1698e+07 9451569.73  19.2%   2.7 3505s
 1120754 1076604 1.1073e+07  416  154 1.1698e+07 9451569.73  19.2%   2.7 3510s
 1122965 1078553 1.1056e+07  273  203 1.1698e+07 9451569.73  19.2%   2.7 3517s
 1123775 1079769 1.1152e+07  488  159 1.1698e+07 9451569.73  19.2%   2.7 3520s
H1124909 1080640                    1.169826e+07 9451569.73  19.2%   2.7 3527s
H1125019 1080640                    1.169622e+07 9451569.73  19.2%   2.7 3527s
H1126226 1081904                    1.169616e+07 9451569.73  19.2%   2.7 3529s
 1126447 1082230 1.0959e+07  148  247 1.1696e+07 9451569.73  19.2%   2.7 3530s
 1129115 1084776 1.0991e+07 1134  211 1.1696e+07 9451569.73  19.2%   2.7 3535s
 1131230 1086938 1.1063e+07 2109  179 1.1696e+07 9451569.73  19.2%   2.7 3540s
 1133830 1089473 1.1104e+07 4026  166 1.1696e+07 9451569.73  19.2%   2.7 3545s
 1134070 1089665 1.1300e+07 4198  175 1.1696e+07 9451569.73  19.2%   2.7 3561s
 1136071 1091877 1.1406e+07 4877  159 1.1696e+07 9451569.73  19.2%   2.7 3565s
 1138255 1093971 1.0753e+07  498  214 1.1696e+07 9451569.73  19.2%   2.7 3570s
H1139152 1094735                    1.169609e+07 9451569.73  19.2%   2.7 3572s
 1140297 1096093 1.0870e+07  817  197 1.1696e+07 9451569.73  19.2%   2.7 3575s
 1141444 1097025 1.0872e+07  925  194 1.1696e+07 9451569.73  19.2%   2.7 3580s
 1142006 1097613 1.0875e+07  980  197 1.1696e+07 9451569.73  19.2%   2.7 3599s
 1142214 1097747 1.0891e+07 1006  225 1.1696e+07 9451569.73  19.2%   2.7 3600s

Cutting planes:
  RLT: 153

Explored 1142348 nodes (3078984 simplex iterations) in 3600.13 seconds (1623.95 work units)
Thread count was 2 (of 24 available processors)

Solution count 10: 1.16961e+07 1.16962e+07 1.16962e+07 ... 1.16996e+07

Time limit reached
Best objective 1.169609395320e+07, best bound 9.451569725916e+06, gap 19.1904%
