
Gurobi 11.0.3 (linux64, Java) logging started sáb 14 dez 2024 04:40:59 -03

Set parameter Username
Academic license - for non-commercial use only - expires 2025-10-10
Set parameter NonConvex to value 2
Set parameter TimeLimit to value 3600
Set parameter LogToConsole to value 0
Set parameter MIPGap to value 2.7413914365596508e-08
Set parameter Threads to value 2
Set parameter NodefileDir to value "/home/ps12398/experiment_epec/goalProgrammingMarcos/"
Set parameter NodefileStart to value 1
Gurobi Optimizer version 11.0.3 build v11.0.3rc0 (linux64)

CPU model: Intel(R) Xeon(R) CPU           X5650  @ 2.67GHz, instruction set [SSE2]
Thread count: 12 physical cores, 24 logical processors, using up to 2 threads

Optimize a model with 100781 rows, 68273 columns and 492664 nonzeros
Model fingerprint: 0x6fcb79ff
Model has 189 quadratic constraints
Variable types: 34046 continuous, 34227 integer (184 binary)
Coefficient statistics:
  Matrix range     [5e-03, 1e+07]
  QMatrix range    [5e-03, 2e+05]
  QLMatrix range   [1e+00, 2e+05]
  Objective range  [1e+00, 7e+07]
  Bounds range     [1e+00, 1e+08]
  RHS range        [1e+00, 1e+07]
  QRHS range       [3e-03, 3e-03]
Presolve removed 100241 rows and 67283 columns
Presolve time: 0.28s
Presolved: 1202 rows, 1200 columns, 48325 nonzeros
Presolved model has 2 SOS constraint(s)
Presolved model has 184 bilinear constraint(s)

Solving non-convex MIQCP

Variable types: 583 continuous, 617 integer (186 binary)
Found heuristic solution: objective 9160353.1580

Root relaxation: objective 3.857671e+06, 286 iterations, 0.03 seconds (0.01 work units)

    Nodes    |    Current Node    |     Objective Bounds      |     Work
 Expl Unexpl |  Obj  Depth IntInf | Incumbent    BestBd   Gap | It/Node Time

     0     0 3857671.19    0  271 9160353.16 3857671.19  57.9%     -    0s
     0     0 5053212.87    0  272 9160353.16 5053212.87  44.8%     -    0s
     0     0 5068094.54    0  272 9160353.16 5068094.54  44.7%     -    1s
H    0     0                    8458993.2048 5068094.54  40.1%     -    1s
     0     0 5068094.54    0  272 8458993.20 5068094.54  40.1%     -    1s
     0     0 5068094.54    0  272 8458993.20 5068094.54  40.1%     -    1s
     0     0 5068094.54    0  272 8458993.20 5068094.54  40.1%     -    1s
     0     0 5068094.54    0  272 8458993.20 5068094.54  40.1%     -    1s
     0     2 5068506.00    0  270 8458993.20 5068506.00  40.1%     -    1s
H  380   390                    8430814.2570 5068693.52  39.9%   2.7    3s
   869   922 5085270.70  380  186 8430814.26 5068693.52  39.9%   2.0    5s
H 1447  1517                    8430812.2389 5068693.52  39.9%   1.8    6s
H 2512  2631                    8416307.5294 5068693.52  39.8%   1.5   10s
H 3585  3742                    8401681.9750 5068693.52  39.7%   1.3   13s
H 3657  3742                    8401673.1747 5068693.52  39.7%   1.3   13s
H 3744  3556                    7822807.8546 5409190.21  30.9%   1.2   14s
  3745  3557 5409190.21  633  111 7822807.85 5409190.21  30.9%   1.2   15s
H 3746  3380                    7604669.5773 5409190.21  28.9%   1.2   15s
H 3748  3212                    7576268.2373 5409190.21  28.6%   1.2   16s
H 3755  3057                    7566274.2484 5587229.88  26.2%   1.4   17s
H 3755  2904                    7566246.8354 5587229.88  26.2%   1.4   17s
H 3757  2760                    7478518.8883 5587229.88  25.3%   1.4   18s
  3764  2766 5660789.90 1158  114 7478518.89 5660789.90  24.3%   1.5   20s
H 3765  2628                    7442124.7946 5660789.90  23.9%   1.5   20s
H 3774  2503                    7426955.6553 5694054.87  23.3%   1.6   22s
H 3782  2384                    7410867.0617 5703690.70  23.0%   1.8   23s
H 3790  2271                    7391572.7481 5714239.05  22.7%   1.9   24s
  3796  2276 5714239.05 1087  113 7391572.75 5714239.05  22.7%   2.0   25s
H 3798  2164                    7388050.1391 5723282.25  22.5%   2.0   25s
H 3814  2069                    7370333.9338 5731624.92  22.2%   2.3   28s
  3829  2081 5733533.00 1037  113 7370333.93 5733533.00  22.2%   2.6   30s
  3909  2195 5738349.66  158  261 7370333.93 5738064.99  22.1%   2.7   35s
  4080  2376 5738091.74  203  213 7370333.93 5738064.99  22.1%   2.8   40s
  4311  2525 5738091.74  265  165 7370333.93 5738064.99  22.1%   2.8   46s
H 4322  2416                    7368968.3490 5738064.99  22.1%   2.8   46s
H 4330  2314                    7367787.5954 5738064.99  22.1%   2.8   46s
H 4334  2219                    7367607.4837 5738064.99  22.1%   2.8   46s
H 4338  2128                    7367428.6070 5738064.99  22.1%   2.8   46s
H 4342  2041                    7367250.9653 5738064.99  22.1%   2.8   46s
H 4346  1960                    7367133.4290 5738064.99  22.1%   2.8   46s
H 4350  1882                    7366957.9145 5738064.99  22.1%   2.8   46s
H 4354  1807                    7366783.6350 5738064.99  22.1%   2.9   46s
H 4358  1737                    7366610.5905 5738064.99  22.1%   2.9   46s
H 4362  1670                    7366552.7489 5738064.99  22.1%   2.9   46s
H 4366  1606                    7366325.5331 5738064.99  22.1%   2.9   46s
H 4370  1545                    7366155.8507 5738064.99  22.1%   2.9   46s
H 4432  1610                    7365987.4035 5738064.99  22.1%   3.0   48s
H 4436  1555                    7365820.1912 5738064.99  22.1%   3.0   48s
H 4440  1503                    7365763.8935 5738064.99  22.1%   3.0   48s
H 4444  1453                    7365545.2543 5738064.99  22.1%   3.0   48s
H 4448  1406                    7365381.4042 5738064.99  22.1%   3.0   48s
H 4452  1361                    7365218.7891 5738064.99  22.1%   3.0   48s
H 4456  1318                    7365057.4091 5738064.99  22.1%   3.1   48s
H 4460  1278                    7364951.8456 5738064.99  22.1%   3.1   48s
H 4464  1239                    7364792.5927 5738064.99  22.1%   3.1   48s
H 4468  1202                    7364634.5748 5738064.99  22.1%   3.1   48s
H 4472  1167                    7364477.7920 5738064.99  22.1%   3.1   48s
H 4476  1134                    7364424.2392 5738064.99  22.1%   3.1   48s
H 4480  1101                    7364220.9689 5738064.99  22.1%   3.1   48s
H 4484  1071                    7364067.5483 5738064.99  22.1%   3.1   48s
H 4488  1043                    7363915.3626 5738064.99  22.1%   3.1   48s
H 4492  1015                    7363764.4120 5738064.99  22.1%   3.1   48s
H 4496   989                    7363712.4031 5738064.99  22.1%   3.1   48s
H 4500   964                    7363517.7095 5738064.99  22.1%   3.2   48s
H 4504   940                    7363370.1210 5738064.99  22.1%   3.2   48s
H 4508   918                    7363223.7676 5738064.99  22.1%   3.2   48s
  4574  1013 5738091.74  335  160 7363223.77 5738064.99  22.1%   3.3   51s
H 4576   992                    7363078.6492 5738064.99  22.1%   3.3   51s
H 4580   971                    7363028.1842 5738064.99  22.1%   3.3   51s
H 4584   952                    7362842.0672 5738064.99  22.1%   3.3   51s
H 4588   933                    7362700.3109 5738064.99  22.1%   3.3   51s
H 4592   915                    7362559.7897 5738064.99  22.1%   3.4   51s
H 4596   899                    7362420.5035 5738064.99  22.1%   3.4   51s
H 4600   882                    7362331.2011 5738064.99  22.1%   3.4   51s
H 4604   867                    7362194.0421 5738064.99  22.1%   3.4   51s
H 4608   858                    7362058.1181 5738064.99  22.1%   3.4   51s
H 4612   858                    7361923.4291 5738064.99  22.1%   3.4   51s
H 4616   858                    7361875.7090 5738064.99  22.1%   3.4   51s
H 4620   858                    7361704.9610 5738064.99  22.1%   3.4   51s
H 4624   858                    7361573.6342 5738064.99  22.1%   3.4   51s
H 4628   858                    7361443.5424 5738064.99  22.1%   3.4   51s
H 4632   858                    7361314.6856 5738064.99  22.1%   3.4   51s
H 4636   858                    7361268.5094 5738064.99  22.1%   3.4   51s
H 4640   858                    7361106.3380 5738064.99  22.0%   3.5   51s
  4691   977 5738091.74  370  160 7361106.34 5738064.99  22.0%   3.5   55s
H 4692   977                    7360980.8434 5738064.99  22.0%   3.5   55s
H 4696   977                    7360856.5838 5738064.99  22.0%   3.5   55s
H 4700   977                    7360733.5593 5738064.99  22.0%   3.6   55s
H 4704   977                    7360688.9270 5738064.99  22.0%   3.6   55s
H 4708   977                    7360535.3322 5738064.99  22.0%   3.6   55s
H 4712   977                    7360415.6698 5738064.99  22.0%   3.6   55s
H 4716   977                    7360297.2425 5738064.99  22.0%   3.6   55s
H 4720   977                    7360180.0501 5738064.99  22.0%   3.6   55s
H 4724   977                    7360107.0088 5738064.99  22.0%   3.6   55s
H 4728   977                    7359991.9436 5738064.99  22.0%   3.6   55s
H 4732   977                    7359878.1134 5738064.99  22.0%   3.6   55s
H 4736   977                    7359765.5183 5738064.99  22.0%   3.6   55s
H 4740   977                    7359723.6310 5738064.99  22.0%   3.6   55s
H 4744   977                    7359585.4052 5738064.99  22.0%   3.6   55s
H 4748   977                    7359476.1722 5738064.99  22.0%   3.7   55s
H 4752   977                    7359368.1742 5738064.99  22.0%   3.7   55s
H 4756   977                    7359261.4113 5738064.99  22.0%   3.7   55s
H 4810  1125                    7359221.0679 5738064.99  22.0%   3.8   58s
H 4814  1125                    7359091.4187 5738064.99  22.0%   3.8   58s
H 4818  1125                    7358988.0179 5738064.99  22.0%   3.8   58s
H 4822  1125                    7358885.8522 5738064.99  22.0%   3.8   58s
H 4826  1125                    7358784.9215 5738064.99  22.0%   3.8   58s
H 4830  1125                    7358723.8530 5738064.99  22.0%   3.8   58s
H 4834  1125                    7358625.0494 5738064.99  22.0%   3.8   58s
H 4838  1125                    7358527.4809 5738064.99  22.0%   3.8   58s
H 4842  1125                    7358431.1473 5738064.99  22.0%   3.8   58s
H 4846  1125                    7358336.0488 5738064.99  22.0%   3.8   58s
H 4850  1125                    7358279.2687 5738064.99  22.0%   3.9   58s
H 4854  1125                    7358186.2973 5738064.99  22.0%   3.9   58s
H 4858  1125                    7358094.5610 5738064.99  22.0%   3.9   58s
H 4862  1125                    7358004.0597 5738064.99  22.0%   3.9   58s
H 4866  1125                    7357968.0051 5738064.99  22.0%   3.9   58s
H 4870  1125                    7357862.3015 5738064.99  22.0%   3.9   58s
H 4874  1125                    7357775.1624 5738064.99  22.0%   3.9   58s
H 4878  1125                    7357689.2582 5738064.99  22.0%   3.9   58s
H 4882  1125                    7357604.5892 5738064.99  22.0%   3.9   58s
H 4886  1125                    7357570.0785 5738064.99  22.0%   3.9   58s
H 4890  1125                    7357472.9515 5738064.99  22.0%   3.9   58s
  4958  1258 5738091.74  447  160 7357472.95 5738064.99  22.0%   4.0   62s
H 4972  1258                    7354443.8892 5738064.99  22.0%   4.0   62s
H 4976  1258                    7352797.5464 5738064.99  22.0%   4.0   62s
H 4980  1258                    7352687.5225 5738064.99  22.0%   4.1   62s
H 4991  1258                    7221967.0317 5738064.99  20.5%   4.1   62s
  5091  1340 6347854.86  482  207 7221967.03 5738064.99  20.5%   4.2   65s
  5173  1460 6347854.86  500  201 7221967.03 5738064.99  20.5%   4.3   70s
  5293  1567 6347854.86  532  193 7221967.03 5738064.99  20.5%   4.3   75s
  5400  1697 6347913.53  556  207 7221967.03 5738064.99  20.5%   4.4   80s
  5530  1861 6347854.86  582  176 7221967.03 5738064.99  20.5%   4.4   85s
H 5694  2031                    7220259.2402 5738064.99  20.5%   4.5   91s
H 5822  2031                    7201065.2212 5738064.99  20.3%   4.6   91s
H 5828  2031                    7200925.1348 5738064.99  20.3%   4.6   91s
H 5834  2031                    7200826.4403 5738064.99  20.3%   4.6   91s
H 5840  2031                    7200361.1234 5738064.99  20.3%   4.6   91s
H 5846  2031                    7200135.7743 5738064.99  20.3%   4.6   91s
H 5852  2031                    7200081.7279 5738064.99  20.3%   4.6   91s
H 5858  2031                    7199645.6997 5738064.99  20.3%   4.6   91s
  5864  2184 6347854.86  644  164 7199645.70 5738064.99  20.3%   4.6   97s
H 5920  2184                    7199434.9950 5738064.99  20.3%   4.6   97s
H 5920  2184                    7115235.0818 5738064.99  19.4%   4.6   97s
  6017  2317 6347854.86  672  163 7115235.08 5738064.99  19.4%   4.6  103s
H 6082  2317                    7100124.6364 5738064.99  19.2%   4.7  103s
  6150  2467 6347970.76  704  224 7100124.64 5738064.99  19.2%   4.7  108s
  6300  2614 6347854.86  739  214 7100124.64 5738064.99  19.2%   4.9  116s
H 6364  2614                    7072211.9014 5738064.99  18.9%   5.1  116s
  6447  2773 6347997.62  771  223 7072211.90 5738064.99  18.9%   5.1  122s
  6606  2933 6348033.20  806  220 7072211.90 5738064.99  18.9%   5.3  128s
  6766  3108 6376461.74  842  229 7072211.90 5738064.99  18.9%   5.6  134s
H 6844  3108                    7072202.0784 5738064.99  18.9%   6.0  134s
  6941  3291 6348002.44  881  217 7072202.08 5738064.99  18.9%   6.0  143s
  7124  3476 6347893.24  922  205 7072202.08 5738064.99  18.9%   6.1  153s
H 7203  3476                    7035916.5533 5738064.99  18.4%   6.1  153s
  7309  3673 6347960.55  962  207 7035916.55 5738064.99  18.4%   6.1  161s
H 7395  3673                    7035512.5739 5738064.99  18.4%   6.1  161s
  7506  3886 6347960.55 1005  186 7035512.57 5738064.99  18.4%   6.0  171s
H 7719  4107                    7035508.5031 5738064.99  18.4%   6.1  182s
  7940  4328 6349706.86 1107  206 7035508.50 5738064.99  18.4%   6.2  190s
H 8161  4570                    7035507.2803 5738064.99  18.4%   6.4  199s
  8403  4816 6348003.05 1216  163 7035507.28 5738064.99  18.4%   6.6  210s
H 8517  4816                    7028514.4929 5738064.99  18.4%   6.8  210s
H 8585  4816                    7014799.7768 5738064.99  18.2%   6.8  210s
H 8649  5079                    7014799.7339 5738064.99  18.2%   6.7  222s
  8912  5380 6350375.75 1335  201 7014799.73 5738064.99  18.2%   6.8  235s
  9213  5779 6348688.76 1401  203 7014799.73 5738064.99  18.2%   6.8  247s
  9612  6150 6352520.00 1468  200 7014799.73 5738064.99  18.2%   6.6  259s
H 9748  6150                    7004723.3257 5738064.99  18.1%   6.6  259s
H 9748  6150                    6998416.8945 5738064.99  18.0%   6.6  259s
  9983  6523 6353336.93 1536  199 6998416.89 5738064.99  18.0%   6.5  269s
H10110  6523                    6998307.1691 5738064.99  18.0%   6.7  269s
 10356  6885 6352147.54 1600  164 6998307.17 5738064.99  18.0%   6.6  281s
H10482  6885                    6992368.7175 5738064.99  17.9%   6.7  281s
 10718  7237 6352630.05 1663  192 6992368.72 5738064.99  17.9%   6.6  292s
H10834  7237                    6974634.6075 5738064.99  17.7%   6.7  292s
 11070  7488 6352756.55 1721  169 6974634.61 5738064.99  17.7%   6.6  302s
H11196  7488                    6964279.0942 5738064.99  17.6%   6.7  302s
 11321  7742 6352857.11 1784  159 6964279.09 5738064.99  17.6%   6.7  313s
H11575  8000                    6964053.5796 5738064.99  17.6%   6.8  325s
 11833  8256 6353137.76 1910  159 6964053.58 5738064.99  17.6%   6.9  336s
 12089  8513 6353245.81 1973  158 6964053.58 5738064.99  17.6%   7.0  347s
 12346  8781 6353475.81 2036  158 6964053.58 5738064.99  17.6%   7.1  357s
 12614  9033 6365004.13 2099  173 6964053.58 5738064.99  17.6%   7.2  368s
 12866  9303 6363292.95 2161  171 6964053.58 5738064.99  17.6%   7.3  378s
H12999  9303                    6959558.8710 5738064.99  17.6%   7.4  378s
 13136  9571 6354481.35 2228  158 6959558.87 5738064.99  17.6%   7.3  390s
 13404  9839 6365528.59 2294  171 6959558.87 5738064.99  17.6%   7.4  401s
 13672 10089 6430975.45 2358  205 6959558.87 5738064.99  17.6%   7.5  410s
H13794 10089                    6956966.5573 5738064.99  17.5%   7.5  410s
 13922 10352 6365785.45 2419  171 6956966.56 5738064.99  17.5%   7.5  421s
 14185 10629 6366265.32 2483  172 6956966.56 5738064.99  17.5%   7.6  434s
 14462 10906 6356336.51 2551  158 6956966.56 5738064.99  17.5%   7.6  447s
 14739 11160 6356673.60 2619  158 6956966.56 5738064.99  17.5%   7.7  458s
H14943 11160                    6951311.6780 5738064.99  17.5%   7.7  458s
 14993 11435 6356994.86 2681  160 6951311.68 5738064.99  17.5%   7.7  471s
 15268 11697 6357396.90 2749  158 6951311.68 5738064.99  17.5%   7.8  483s
 15530 11966 6357755.33 2814  159 6951311.68 5738064.99  17.5%   7.9  495s
H15799 12231                    6951311.6677 5738064.99  17.5%   8.0  507s
 16064 12501 6366660.37 2944  176 6951311.67 5738064.99  17.5%   8.2  519s
 16334 12763 6373123.95 3011  204 6951311.67 5738064.99  17.5%   8.3  529s
 16596 13023 6363487.64 3074  204 6951311.67 5738064.99  17.5%   8.3  540s
H16856 13274                    6951311.6537 5738064.99  17.5%   8.3  550s
 17107 13543 6372142.60 3196  206 6951311.65 5738064.99  17.5%   8.4  561s
 17376 13802 6379787.62 3262  208 6951311.65 5738064.99  17.5%   8.7  571s
 17635 14068 6384712.57 3322  200 6951311.65 5738064.99  17.5%   8.8  585s
H17760 14068                    6942484.4817 5738064.99  17.3%   8.9  585s
H17901 14337                    6942473.4137 5738064.99  17.3%   8.9  596s
H18170 14602                    6942288.0540 5738064.99  17.3%   9.0  607s
 18435 14872 6412908.81 3508  204 6942288.05 5738064.99  17.3%   9.2  620s
 18705 15147 6417010.80 3572  201 6942288.05 5738064.99  17.3%   9.2  631s
 18980 15418 6426852.91 3636  207 6942288.05 5738064.99  17.3%   9.3  641s
 19251 15688 6428029.98 3700  208 6942288.05 5738064.99  17.3%   9.3  652s
 19521 15965 6433271.47 3764  203 6942288.05 5738064.99  17.3%   9.3  664s
 19798 16269 6438514.66 3828  177 6942288.05 5738064.99  17.3%   9.5  675s
 20102 16545 6443440.27 3907  200 6942288.05 5738064.99  17.3%   9.7  687s
H20239 16545                    6931082.9360 5738064.99  17.2%   9.7  687s
 20378 16876 6444441.75 3976  172 6931082.94 5738064.99  17.2%   9.7  700s
H20709 17218                    6931082.8609 5738064.99  17.2%   9.8  712s
 21051 17504 6477910.31 4166  192 6931082.86 5738064.99  17.2%   9.8  724s
H21193 17504                    6930970.5842 5738064.99  17.2%   9.8  724s
 21337 17789 6486483.00 4237  183 6930970.58 5738064.99  17.2%   9.8  735s
 21622 18055 6496182.03 4306  197 6930970.58 5738064.99  17.2%   9.8  746s
 21888 18425 6493444.45 4373  188 6930970.58 5738064.99  17.2%   9.8  758s
 22258 18792 6500425.44 4487  171 6930970.58 5738064.99  17.2%   9.7  768s
 22625 19106 6512618.24 4602  178 6930970.58 5738064.99  17.2%   9.7  776s
 22939 19374 6539741.18 4690  173 6930970.58 5738064.99  17.2%   9.7  785s
 23207 19646 6548410.42 4755  193 6930970.58 5738064.99  17.2%   9.7  795s
 23479 19995 6546546.19 4822  183 6930970.58 5738064.99  17.2%   9.6  804s
 23828 20370 6551773.75 4897  189 6930970.58 5738064.99  17.2%   9.5  813s
 24203 20719 6551507.91 4896  189 6930970.58 5738064.99  17.2%   9.5  823s
 24552 21083 6549980.08 4896  184 6930970.58 5738064.99  17.2%   9.5  833s
 24916 21423 6573130.17 4897  189 6930970.58 5738064.99  17.2%   9.4  842s
 25256 21615 6556550.17 4898  187 6930970.58 5738064.99  17.2%   9.5  852s
 25448 21897 6333367.86  157  257 6930970.58 5738072.41  17.2%   9.5  864s
 25730 22183 6333613.65  229  199 6930970.58 5738072.41  17.2%   9.4  876s
 26016 22474 6338647.76  301  180 6930970.58 5738072.41  17.2%   9.5  889s
 26307 22766 6339326.85  375  161 6930970.58 5738072.41  17.2%   9.5  900s
 26599 23040 6339412.25  451  160 6930970.58 5738072.41  17.2%   9.5  908s
 26873 23312 6339492.53  521  160 6930970.58 5738072.41  17.2%   9.6  919s
H27145 23586                    6930970.4901 5738072.41  17.2%   9.7  932s
 27419 23853 6339657.89  661  160 6930970.49 5738072.41  17.2%   9.8  943s
 27686 24122 6339985.02  727  179 6930970.49 5738072.41  17.2%  10.0  950s
 27955 24397 6339936.79  795  161 6930970.49 5738072.41  17.2%  10.2  960s
 28230 24665 6340105.26  864  160 6930970.49 5738072.41  17.2%  10.5  970s
 28498 24931 6340259.83  931  160 6930970.49 5738072.41  17.2%  10.7  982s
 28764 25200 6340402.65  996  160 6930970.49 5738072.41  17.2%  10.9  991s
 29033 25481 6340540.98 1061  165 6930970.49 5738072.41  17.2%  11.1 1003s
 29314 25764 6340694.59 1128  160 6930970.49 5738072.41  17.2%  11.2 1013s
 29597 26059 6344120.14 1196  201 6930970.49 5738072.41  17.2%  11.2 1025s
 29892 26334 6341700.26 1269  163 6930970.49 5738072.41  17.2%  11.3 1038s
 30167 26633 6341209.60 1340  162 6930970.49 5738072.41  17.2%  11.3 1050s
 30466 26749 6342092.65 1414  162 6930970.49 5738072.41  17.2%  11.3 1057s
 30582 27048 6341931.58 1438  162 6930970.49 5738072.41  17.2%  11.3 1069s
 30881 27336 6341778.58 1513  160 6930970.49 5738072.41  17.2%  11.3 1082s
 31169 27627 6342017.98 1585  162 6930970.49 5738072.41  17.2%  11.3 1095s
 31460 27912 6342269.87 1657  160 6930970.49 5738072.41  17.2%  11.3 1103s
 31745 28204 6343341.58 1728  166 6930970.49 5738072.41  17.2%  11.3 1116s
 32037 28493 6342848.94 1802  163 6930970.49 5738072.41  17.2%  11.4 1128s
 32326 28773 6344292.96 1875  165 6930970.49 5738072.41  17.2%  11.4 1138s
 32606 29056 6343785.50 1945  163 6930970.49 5738072.41  17.2%  11.4 1150s
 32889 29337 6343955.12 2016  166 6930970.49 5738072.41  17.2%  11.4 1159s
 33170 29617 6352774.88 2084  203 6930970.49 5738072.41  17.2%  11.4 1168s
 33450 29904 6344348.95 2154  164 6930970.49 5738072.41  17.2%  11.4 1181s
 33737 30187 6344805.01 2227  164 6930970.49 5738072.41  17.2%  11.4 1194s
 34020 30479 6352439.49 2295  203 6930970.49 5738072.41  17.2%  11.5 1206s
 34312 30766 6346173.15 2368  168 6930970.49 5738072.41  17.2%  11.5 1216s
 34599 31054 6345410.23 2438  164 6930970.49 5738072.41  17.2%  11.5 1227s
 34887 31327 6352711.82 2508  203 6930970.49 5738072.41  17.2%  11.5 1238s
 35160 31600 6347206.43 2576  168 6930970.49 5738072.41  17.2%  11.5 1250s
 35433 31895 6345948.81 2644  162 6930970.49 5738072.41  17.2%  11.5 1263s
 35728 32039 6353541.81 2718  203 6930970.49 5738072.41  17.2%  11.5 1269s
 35872 32326 6346232.33 2749  162 6930970.49 5738072.41  17.2%  11.5 1279s
 36159 32626 6347967.37 2821  164 6930970.49 5738072.41  17.2%  11.5 1291s
 36459 32926 6353260.44 2896  201 6930970.49 5738072.41  17.2%  11.5 1303s
 36759 33204 6346993.77 2971  165 6930970.49 5738072.41  17.2%  11.5 1315s
 37037 33499 6347226.98 3040  166 6930970.49 5738072.41  17.2%  11.5 1328s
 37332 33784 6354106.66 3114  200 6930970.49 5738072.41  17.2%  11.5 1342s
 37617 34078 6347770.90 3186  162 6930970.49 5738072.41  17.2%  11.6 1355s
 37911 34378 6349301.58 3258  164 6930970.49 5738072.41  17.2%  11.6 1369s
 38211 34670 6349130.56 3333  165 6930970.49 5738072.41  17.2%  11.6 1383s
 38503 34968 6348954.00 3406  163 6930970.49 5738072.41  17.2%  11.6 1394s
 38801 35256 6349703.96 3481  165 6930970.49 5738072.41  17.2%  11.6 1404s
 39089 35555 6349965.66 3556  165 6930970.49 5738072.41  17.2%  11.6 1417s
 39388 35847 6349549.39 3633  162 6930970.49 5738072.41  17.2%  11.6 1430s
 39680 36153 6349759.96 3707  163 6930970.49 5738072.41  17.2%  11.6 1441s
 39986 36367 6350901.06 3785  163 6930970.49 5738072.41  17.2%  11.5 1454s
 40200 36589 6351047.54 3839  162 6930970.49 5738072.41  17.2%  11.5 1468s
 40422 36824 6358181.82 3895  200 6930970.49 5738072.41  17.2%  11.6 1481s
 40657 37121 6351388.96 3957  160 6930970.49 5738072.41  17.2%  11.6 1491s
 40954 37370 6355143.10 4033  201 6930970.49 5738072.41  17.2%  11.7 1499s
 41203 37682 6354379.92 4112  162 6930970.49 5738072.41  17.2%  11.7 1513s
 41515 37988 6361318.71 4191  201 6930970.49 5738072.41  17.2%  11.7 1525s
 41821 38285 6355604.49 4267  205 6930970.49 5738072.41  17.2%  11.8 1533s
 42118 38594 6354446.23 4342  162 6930970.49 5738072.41  17.2%  11.8 1542s
 42427 38909 6354725.93 4419  163 6930970.49 5738072.41  17.2%  11.8 1551s
 42742 39203 6356408.55 4498  161 6930970.49 5738072.41  17.2%  11.8 1563s
 43036 39501 6356868.12 4571  162 6930970.49 5738072.41  17.2%  11.8 1572s
 43334 39803 6357959.75 4646  162 6930970.49 5738072.41  17.2%  11.8 1581s
 43636 40108 6357723.50 4725  161 6930970.49 5738072.41  17.2%  11.8 1594s
 43941 40414 6359559.23 4804  205 6930970.49 5738072.41  17.2%  11.8 1602s
 44247 40687 6360239.35 4883  163 6930970.49 5738072.41  17.2%  11.8 1613s
 44520 40959 6368899.55 4898  213 6930970.49 5738072.41  17.2%  11.8 1621s
 44792 41222 6389596.51 4897  209 6930970.49 5738072.41  17.2%  11.9 1631s
 45055 41514 6374350.47 4898  214 6930970.49 5738072.41  17.2%  11.9 1642s
 45347 41792 6364083.76 4898  203 6930970.49 5738072.41  17.2%  12.0 1652s
 45625 42077 6366871.19 4898  203 6930970.49 5738072.41  17.2%  12.1 1663s
 45910 42352 6368500.61 4898  206 6930970.49 5738072.41  17.2%  12.1 1674s
 46185 42519 6367141.96 4897  204 6930970.49 5738072.41  17.2%  12.2 1682s
 46352 42823 6376652.13 4898  219 6930970.49 5738072.41  17.2%  12.2 1697s
 46656 43133 6333740.61  193  233 6930970.49 5738077.38  17.2%  12.2 1710s
 46966 43450 6333451.60  268  193 6930970.49 5738077.38  17.2%  12.2 1721s
 47283 43774 6335032.28  347  176 6930970.49 5738077.38  17.2%  12.2 1734s
 47607 44093 6335477.88  427  160 6930970.49 5738077.38  17.2%  12.1 1748s
 47926 44388 6336634.65  508  164 6930970.49 5738077.38  17.2%  12.0 1758s
 48221 44711 6351879.26  586  164 6930970.49 5738077.38  17.2%  12.1 1768s
 48544 45024 6350483.08  671  160 6930970.49 5738077.38  17.2%  12.0 1776s
 48857 45334 6351259.86  754  160 6930970.49 5738077.38  17.2%  12.0 1790s
 49167 45631 6352383.30  836  160 6930970.49 5738077.38  17.2%  12.0 1800s
 49464 45938 6353526.24  913  164 6930970.49 5738077.38  17.2%  12.0 1812s
 49771 46233 6354771.83  992  165 6930970.49 5738077.38  17.2%  12.0 1824s
 50066 46537 6353076.62 1066  162 6930970.49 5738077.38  17.2%  12.0 1836s
 50370 46834 6357078.84 1143  168 6930970.49 5738077.38  17.2%  12.0 1847s
 50667 47138 6353895.35 1218  163 6930970.49 5738077.38  17.2%  11.9 1861s
 50971 47439 6355799.04 1294  164 6930970.49 5738077.38  17.2%  11.9 1874s
 51272 47633 6354713.55 1370  161 6930970.49 5738077.38  17.2%  11.9 1882s
 51466 47931 6355035.47 1418  162 6930970.49 5738077.38  17.2%  11.9 1894s
 51764 48227 6357141.74 1495  166 6930970.49 5738077.38  17.2%  11.9 1907s
 52060 48529 6358863.13 1570  168 6930970.49 5738077.38  17.2%  11.9 1921s
 52362 48829 6357289.14 1650  164 6930970.49 5738077.38  17.2%  11.9 1934s
 52662 49119 6359047.78 1726  167 6930970.49 5738077.38  17.2%  11.8 1944s
 52952 49413 6359209.84 1802  167 6930970.49 5738077.38  17.2%  11.8 1956s
 53246 49723 6359309.53 1879  167 6930970.49 5738077.38  17.2%  11.8 1969s
 53556 50042 6358313.22 1960  161 6930970.49 5738077.38  17.2%  11.8 1981s
 53875 50349 6358772.53 2042  163 6930970.49 5738077.38  17.2%  11.8 1995s
 54182 50660 6365555.28 2121  165 6930970.49 5738077.38  17.2%  11.8 2007s
 54493 50966 6360546.44 2201  166 6930970.49 5738077.38  17.2%  11.7 2020s
 54799 51258 6360055.87 2281  163 6930970.49 5738077.38  17.2%  11.7 2032s
 55091 51567 6366308.52 2355  161 6930970.49 5738077.38  17.2%  11.7 2042s
 55400 51876 6365362.93 2436  204 6930970.49 5738077.38  17.2%  11.7 2054s
 55709 52187 6361765.92 2516  161 6930970.49 5738077.38  17.2%  11.7 2065s
 56020 52483 6362355.33 2596  160 6930970.49 5738077.38  17.2%  11.7 2077s
 56316 52783 6363560.27 2670  161 6930970.49 5738077.38  17.2%  11.7 2090s
 56616 52999 6367310.51 2749  203 6930970.49 5738077.38  17.2%  11.7 2104s
H56697 52999                    6872548.2599 5738077.38  16.5%  11.7 2104s
 56832 53302 6363489.49 2790  162 6872548.26 5738077.38  16.5%  11.7 2117s
 57135 53601 6368023.76 2869  203 6872548.26 5738077.38  16.5%  11.7 2129s
 57434 53913 6368188.90 2946  203 6872548.26 5738077.38  16.5%  11.8 2141s
 57746 54215 6366417.76 3025  161 6872548.26 5738077.38  16.5%  11.8 2154s
 58048 54531 6370548.24 3102  204 6872548.26 5738077.38  16.5%  11.8 2167s
 58364 54842 6368638.64 3183  162 6872548.26 5738077.38  16.5%  11.8 2181s
H58675 55157                    6872548.2257 5738077.38  16.5%  11.7 2195s
 58990 55472 6368659.98 3342  161 6872548.23 5738077.38  16.5%  11.7 2205s
 59305 55786 6373316.34 3423  203 6872548.23 5738077.38  16.5%  11.7 2220s
 59619 56095 6369902.08 3504  161 6872548.23 5738077.38  16.5%  11.7 2230s
 59928 56390 6373907.19 3581  203 6872548.23 5738077.38  16.5%  11.7 2239s
H60079 56390                    6872547.9713 5738077.38  16.5%  11.7 2239s
 60223 56697 6370901.24 3657  160 6872547.97 5738077.38  16.5%  11.7 2251s
 60530 57003 6371402.80 3734  160 6872547.97 5738077.38  16.5%  11.7 2263s
H60836 57308                    6866482.9213 5738077.38  16.4%  11.7 2277s
 61141 57612 6372488.12 3890  160 6866482.92 5738077.38  16.4%  11.7 2290s
 61445 57912 6375365.60 3965  160 6866482.92 5738077.38  16.4%  11.7 2298s
 61745 58078 6375622.86 4041  160 6866482.92 5738077.38  16.4%  11.7 2305s
 61911 58386 6373469.08 4085  160 6866482.92 5738077.38  16.4%  11.7 2319s
 62219 58696 6376018.90 4163  160 6866482.92 5738077.38  16.4%  11.7 2330s
 62529 59005 6376343.43 4242  160 6866482.92 5738077.38  16.4%  11.7 2342s
 62838 59301 6376859.07 4318  160 6866482.92 5738077.38  16.4%  11.6 2354s
 63134 59608 6375818.93 4393  162 6866482.92 5738077.38  16.4%  11.6 2366s
 63441 59913 6380205.89 4468  201 6866482.92 5738077.38  16.4%  11.6 2378s
 63746 60216 6377675.27 4545  160 6866482.92 5738077.38  16.4%  11.6 2392s
 64049 60529 6381286.96 4619  200 6866482.92 5738077.38  16.4%  11.6 2404s
 64362 60823 6382101.48 4698  161 6866482.92 5738077.38  16.4%  11.6 2415s
 64656 61123 6380663.15 4773  160 6866482.92 5738077.38  16.4%  11.6 2429s
 64956 61424 6386016.66 4848  200 6866482.92 5738077.38  16.4%  11.6 2441s
 65257 61722 6407756.67 4898  202 6866482.92 5738077.38  16.4%  11.6 2456s
 65555 62010 6407809.29 4898  202 6866482.92 5738077.38  16.4%  11.5 2469s
 65843 62294 6410835.11 4898  202 6866482.92 5738077.38  16.4%  11.5 2480s
 66127 62579 6407464.81 4898  212 6866482.92 5738077.38  16.4%  11.5 2492s
 66412 62860 6410830.29 4898  212 6866482.92 5738077.38  16.4%  11.5 2501s
 66693 63138 6397582.80 4894  201 6866482.92 5738077.38  16.4%  11.5 2513s
 66971 63324 6397604.29 4898  201 6866482.92 5738077.38  16.4%  11.5 2522s
 67157 63636 6422524.45 4898  176 6866482.92 5738085.41  16.4%  11.5 2534s
 67469 63958 6349334.96  204  165 6866482.92 5738085.41  16.4%  11.4 2545s
 67791 64265 6349338.21  284  136 6866482.92 5738085.41  16.4%  11.4 2557s
 68098 64597 6351299.01  362  118 6866482.92 5738085.41  16.4%  11.4 2569s
 68432 64919 6349341.08  446  115 6866482.92 5738085.41  16.4%  11.4 2581s
 68754 65216 6349341.08  529  116 6866482.92 5738085.41  16.4%  11.4 2592s
 69051 65528 6349731.47  603  118 6866482.92 5738085.41  16.4%  11.4 2605s
 69363 65846 6349482.53  683  116 6866482.92 5738085.41  16.4%  11.4 2619s
 69681 66150 6349818.33  762  119 6866482.92 5738085.41  16.4%  11.4 2631s
 69985 66452 6349712.00  838  116 6866482.92 5738085.41  16.4%  11.4 2641s
 70287 66741 6349839.20  915  115 6866482.92 5738085.41  16.4%  11.4 2654s
 70576 67033 6356182.62  989  149 6866482.92 5738085.41  16.4%  11.5 2666s
 70868 67325 6354802.39 1064  157 6866482.92 5738085.41  16.4%  11.6 2676s
 71160 67604 6350190.11 1138  115 6866482.92 5738085.41  16.4%  11.6 2689s
 71439 67901 6350372.52 1210  117 6866482.92 5738085.41  16.4%  11.7 2702s
 71736 68184 6356245.49 1287  143 6866482.92 5738085.41  16.4%  11.7 2715s
 72019 68398 6352821.97 1361  157 6866482.92 5738085.41  16.4%  11.8 2724s
 72233 68683 6352428.39 1415  117 6866482.92 5738085.41  16.4%  11.8 2736s
 72518 68980 6352801.46 1489  157 6866482.92 5738085.41  16.4%  11.9 2747s
 72815 69280 6356444.04 1568  134 6866482.92 5738085.41  16.4%  11.9 2756s
 73115 69576 6352646.21 1646  115 6866482.92 5738085.41  16.4%  12.0 2764s
 73411 69873 6357409.08 1724  130 6866482.92 5738085.41  16.4%  12.0 2776s
 73708 70094 6357420.34 1799  126 6866482.92 5738085.41  16.4%  12.0 2784s
 73929 70363 6354434.53 1857  115 6866482.92 5738085.41  16.4%  12.0 2794s
 74198 70670 6360064.48 1925  156 6866482.92 5738085.41  16.4%  12.1 2809s
 74505 70975 6354614.27 2005  116 6866482.92 5738085.41  16.4%  12.1 2819s
 74810 71268 6356341.51 2082  117 6866482.92 5738085.41  16.4%  12.1 2828s
 75103 71572 6357454.71 2156  157 6866482.92 5738085.41  16.4%  12.1 2838s
 75407 71876 6359088.49 2235  115 6866482.92 5738085.41  16.4%  12.2 2852s
 75711 72167 6357600.59 2311  157 6866482.92 5738085.41  16.4%  12.2 2864s
 76002 72472 6356834.73 2386  115 6866482.92 5738085.41  16.4%  12.2 2875s
 76307 72767 6358315.11 2465  117 6866482.92 5738085.41  16.4%  12.3 2886s
 76602 73075 6358335.19 2541  115 6866482.92 5738085.41  16.4%  12.3 2899s
 76910 73376 6358360.30 2621  115 6866482.92 5738085.41  16.4%  12.4 2910s
 77211 73562 6358382.94 2698  116 6866482.92 5738085.41  16.4%  12.4 2921s
 77397 73867 6360758.64 2744  115 6866482.92 5738085.41  16.4%  12.4 2931s
 77702 74179 6359930.44 2821  116 6866482.92 5738085.41  16.4%  12.4 2943s
 78014 74481 6359951.15 2903  115 6866482.92 5738085.41  16.4%  12.4 2954s
 78316 74779 6360535.18 2981  156 6866482.92 5738085.41  16.4%  12.4 2966s
 78614 75076 6361378.74 3062  116 6866482.92 5738085.41  16.4%  12.5 2979s
 78911 75384 6361520.51 3138  115 6866482.92 5738085.41  16.4%  12.5 2992s
 79219 75685 6365052.34 3217  116 6866482.92 5738085.41  16.4%  12.5 3004s
 79520 75990 6365589.82 3293  116 6866482.92 5738085.41  16.4%  12.5 3015s
 79825 76299 6366144.60 3372  116 6866482.92 5738085.41  16.4%  12.5 3027s
 80134 76608 6363892.70 3451  156 6866482.92 5738085.41  16.4%  12.6 3038s
 80443 76909 6364254.39 3530  115 6866482.92 5738085.41  16.4%  12.6 3047s
 80744 77208 6364814.51 3607  115 6866482.92 5738085.41  16.4%  12.6 3060s
 81055 77505 6424877.15 3688  109 6866482.92 5738085.41  16.4%  12.6 3072s
 81353 77808 6425132.20 3762  109 6866482.92 5738085.41  16.4%  12.6 3081s
 81656 78113 6425406.10 3840  109 6866482.92 5738085.41  16.4%  12.6 3089s
 81961 78413 6427624.52 3916  112 6866482.92 5738085.41  16.4%  12.6 3099s
 82261 78716 6425971.85 3992  109 6866482.92 5738085.41  16.4%  12.6 3112s
 82564 78895 6426455.16 4066  110 6866482.92 5738085.41  16.4%  12.6 3123s
 82743 79192 6428196.73 4112  154 6866482.92 5738085.41  16.4%  12.6 3136s
 83040 79506 6427885.94 4185  149 6866482.92 5738085.41  16.4%  12.6 3150s
 83354 79804 6427711.72 4262  109 6866482.92 5738085.41  16.4%  12.6 3162s
 83652 80096 6429434.59 4336  149 6866482.92 5738085.41  16.4%  12.6 3175s
 83944 80391 6430525.98 4412  148 6866482.92 5738085.41  16.4%  12.6 3188s
 84239 80694 6428925.95 4488  110 6866482.92 5738085.41  16.4%  12.6 3200s
 84542 80995 6431280.20 4562  119 6866482.92 5738085.41  16.4%  12.6 3210s
 84845 81291 6429319.46 4640  109 6866482.92 5738085.41  16.4%  12.6 3223s
 85141 81599 6429647.73 4714  110 6866482.92 5738085.41  16.4%  12.6 3235s
 85449 81907 6432907.01 4789  124 6866482.92 5738085.41  16.4%  12.6 3247s
 85757 82203 6432321.51 4866  119 6866482.92 5738085.41  16.4%  12.6 3259s
 86053 82507 6433076.06 4895  155 6866482.92 5738085.41  16.4%  12.6 3268s
 86357 82824 6451590.74 4898  156 6866482.92 5738085.41  16.4%  12.5 3279s
 86674 83122 6452404.14 4897  160 6866482.92 5738085.41  16.4%  12.5 3291s
 86972 83444 6449450.17 4895  126 6866482.92 5738085.41  16.4%  12.5 3305s
 87294 83760 6473255.26 4898  125 6866482.92 5738085.41  16.4%  12.5 3317s
 87610 83996 6470006.87 4898  131 6866482.92 5738085.41  16.4%  12.4 3328s
 87846 84314 6470147.06 4898  130 6866482.92 5738086.32  16.4%  12.4 3341s
 88164 84637 6333858.02  232  200 6866482.92 5738086.32  16.4%  12.4 3351s
 88487 84955 6338255.58  348  172 6866482.92 5738086.32  16.4%  12.3 3366s
 88805 85266 6342315.68  425  164 6866482.92 5738086.32  16.4%  12.3 3377s
 89128 85581 6362225.92  512  160 6866482.92 5738086.32  16.4%  12.3 3390s
 89443 85899 6362648.32  657  160 6866482.92 5738086.32  16.4%  12.3 3402s
 89761 86226 6363014.84  797  160 6866482.92 5738086.32  16.4%  12.3 3411s
 90088 86539 6363570.17  928  160 6866482.92 5738086.32  16.4%  12.3 3422s
 90401 86854 6363769.14  999  162 6866482.92 5738086.32  16.4%  12.2 3435s
 90716 87167 6365303.98 1081  192 6866482.92 5738086.32  16.4%  12.2 3448s
 91029 87484 6373589.00 1212  198 6866482.92 5738086.32  16.4%  12.2 3457s
 91346 87790 6372844.92 1316  194 6866482.92 5738086.32  16.4%  12.2 3467s
 91652 88088 6373267.73 1408  159 6866482.92 5738086.32  16.4%  12.2 3478s
 91950 88392 6374606.43 1486  196 6866482.92 5738086.32  16.4%  12.2 3489s
 92254 88706 6378990.18 1587  199 6866482.92 5738086.32  16.4%  12.2 3501s
 92568 89009 6379435.29 1710  159 6866482.92 5738086.32  16.4%  12.2 3514s
 92871 89303 6381625.22 1814  175 6866482.92 5738086.32  16.4%  12.2 3527s
H93055 89303                    6777372.0891 5738086.32  15.3%  12.2 3527s
 93165 89609 6382377.09 1912  159 6777372.09 5738086.32  15.3%  12.2 3538s
 93471 89927 6382989.16 2039  162 6777372.09 5738086.32  15.3%  12.2 3548s
 93789 90236 6383590.41 2184  163 6777372.09 5738086.32  15.3%  12.2 3561s
 94098 90555 6384278.18 2326  161 6777372.09 5738086.32  15.3%  12.2 3574s
 94417 90863 6384969.69 2466  160 6777372.09 5738086.32  15.3%  12.1 3583s
 94725 91172 6385676.81 2607  160 6777372.09 5738086.32  15.3%  12.1 3595s
H94872 91172                    6775908.7689 5738086.32  15.3%  12.1 3595s
 95034 91311 6386354.60 2733  160 6775908.77 5738086.32  15.3%  12.1 3600s

Cutting planes:
  RLT: 165

Explored 95173 nodes (1154699 simplex iterations) in 3600.18 seconds (1347.19 work units)
Thread count was 2 (of 24 available processors)

Solution count 10: 6.77591e+06 6.77737e+06 6.86648e+06 ... 6.94247e+06

Time limit reached
Best objective 6.775908768940e+06, best bound 5.738086319562e+06, gap 15.3164%
