
Gurobi 11.0.3 (linux64, Java) logging started qui 12 dez 2024 09:02:08 -03

Set parameter Username
Academic license - for non-commercial use only - expires 2025-10-10
Set parameter NonConvex to value 2
Set parameter TimeLimit to value 3600
Set parameter LogToConsole to value 0
Set parameter MIPGap to value 2.7413914365596508e-08
Set parameter Threads to value 2
Set parameter NodefileDir to value "/home/ps12398/experiment_epec/goalProgrammingMarcos/"
Set parameter NodefileStart to value 1
Gurobi Optimizer version 11.0.3 build v11.0.3rc0 (linux64)

CPU model: Intel(R) Xeon(R) CPU           X5650  @ 2.67GHz, instruction set [SSE2]
Thread count: 12 physical cores, 24 logical processors, using up to 2 threads

Optimize a model with 100781 rows, 68273 columns and 492664 nonzeros
Model fingerprint: 0xc994d1b0
Model has 189 quadratic constraints
Variable types: 34046 continuous, 34227 integer (184 binary)
Coefficient statistics:
  Matrix range     [5e-03, 1e+07]
  QMatrix range    [5e-03, 2e+05]
  QLMatrix range   [1e+00, 2e+05]
  Objective range  [1e+00, 7e+07]
  Bounds range     [1e+00, 1e+08]
  RHS range        [1e+00, 1e+07]
  QRHS range       [3e-02, 3e-02]
Presolve removed 100241 rows and 67283 columns
Presolve time: 0.29s
Presolved: 1202 rows, 1200 columns, 48325 nonzeros
Presolved model has 2 SOS constraint(s)
Presolved model has 184 bilinear constraint(s)

Solving non-convex MIQCP

Variable types: 583 continuous, 617 integer (186 binary)
Found heuristic solution: objective 1.832277e+07

Root relaxation: objective 5.509884e+06, 401 iterations, 0.05 seconds (0.02 work units)

    Nodes    |    Current Node    |     Objective Bounds      |     Work
 Expl Unexpl |  Obj  Depth IntInf | Incumbent    BestBd   Gap | It/Node Time

     0     0 5509884.43    0  277 1.8323e+07 5509884.43  69.9%     -    0s
     0     0 7346234.85    0  278 1.8323e+07 7346234.85  59.9%     -    1s
     0     0 7443760.85    0  277 1.8323e+07 7443760.85  59.4%     -    1s
H    0     0                    1.079520e+07 7443781.00  31.0%     -    1s
     0     0 7446625.87    0  278 1.0795e+07 7446625.87  31.0%     -    1s
     0     0 7446680.19    0  278 1.0795e+07 7446680.19  31.0%     -    1s
     0     0 7446689.29    0  277 1.0795e+07 7446689.29  31.0%     -    2s
     0     2 7446689.29    0  277 1.0795e+07 7446689.29  31.0%     -    2s
   514   652 7446864.37  290  271 1.0795e+07 7446811.17  31.0%   1.0    5s
H  730   860                    1.059925e+07 7446811.17  29.7%   1.0    6s
  1533  1715 7446941.97  842  264 1.0599e+07 7446811.17  29.7%   1.0   10s
  2775  2903 7447770.03 1474  262 1.0599e+07 7446811.17  29.7%   1.0   15s
  3769  3770 7447726.59 1440   80 1.0599e+07 7446811.17  29.7%   1.0   21s
H 3771  3582                    1.038086e+07 7624168.23  26.6%   1.0   22s
H 3773  3405                    1.030845e+07 7639898.59  25.9%   1.0   22s
H 3781  3240                    1.029121e+07 7645816.27  25.7%   1.2   23s
H 3783  3080                    1.019642e+07 7648634.39  25.0%   1.2   24s
  3789  3085 7648634.39  482  117 1.0196e+07 7648634.39  25.0%   1.4   25s
H 3791  2932                    1.018752e+07 7648770.08  24.9%   1.4   25s
  4149  3399 7649899.57  132  187 1.0188e+07 7648903.30  24.9%   1.6   30s
H 4175  3244                    1.018536e+07 7648903.30  24.9%   1.6   30s
H 4272  3072                    1.018442e+07 7648903.30  24.9%   1.6   30s
H 4601  3223                    1.010794e+07 7648903.30  24.3%   1.5   31s
H 4770  3188                    1.010771e+07 7648903.30  24.3%   1.5   32s
H 4855  3041                    1.010762e+07 7648903.30  24.3%   1.5   32s
H 4918  2920                    1.007009e+07 7648903.30  24.0%   1.5   33s
H 5149  3079                    1.006910e+07 7648903.30  24.0%   1.5   34s
H 5232  2948                    1.006742e+07 7648903.30  24.0%   1.5   34s
  5276  3163 7649917.68  452  185 1.0067e+07 7648903.30  24.0%   1.5   35s
H 5927  3418                    1.005518e+07 7648903.30  23.9%   1.5   37s
H 6074  3478                    1.005224e+07 7648903.30  23.9%   1.5   37s
H 6488  3727                    1.004759e+07 7648903.30  23.9%   1.5   39s
  6751  3882 7649938.55  840  185 1.0048e+07 7648903.30  23.9%   1.5   40s
H 6757  3797                    1.004696e+07 7648903.30  23.9%   1.5   40s
H 7161  3895                    1.004364e+07 7648903.30  23.8%   1.5   41s
H 7332  3961                    1.004348e+07 7648903.30  23.8%   1.5   42s
H 8361  4860                    1.003651e+07 7648903.30  23.8%   1.4   45s
H 8520  4860                    1.003470e+07 7648903.30  23.8%   1.4   45s
H 8857  5243                    1.003464e+07 7648903.30  23.8%   1.4   46s
H 9748  6160                    1.003285e+07 7648903.30  23.8%   1.4   49s
 10321  6877 7649988.19 1763  185 1.0033e+07 7648903.30  23.8%   1.3   50s
H10496  6877                    1.001592e+07 7648903.30  23.6%   1.3   50s
H10844  7212                    1.001584e+07 7648903.30  23.6%   1.3   52s
H11210  7582                    1.001397e+07 7648903.30  23.6%   1.3   52s
H11588  7952                    1.001396e+07 7648903.30  23.6%   1.3   53s
H11746  8245                    1.001396e+07 7648903.30  23.6%   1.3   54s
H11913  8245                    1.001155e+07 7648903.30  23.6%   1.3   54s
 12039  8628 7650015.74 2228  182 1.0012e+07 7648903.30  23.6%   1.3   55s
H12561  8871                    1.001066e+07 7648903.30  23.6%   1.3   56s
H12874  9232                    1.000751e+07 7648903.30  23.6%   1.3   57s
H13240  9612                    1.000746e+07 7648903.30  23.6%   1.3   58s
 13684 10285 7650041.66 2710  182 1.0007e+07 7648903.30  23.6%   1.3   60s
H14443 10865                    1.000745e+07 7648903.30  23.6%   1.3   62s
H14547 10865                    1.000694e+07 7648903.30  23.6%   1.3   62s
H14874 11234                    1.000629e+07 7648903.30  23.6%   1.2   63s
H15225 11570                    1.000311e+07 7648903.30  23.5%   1.2   63s
H15502 11795                    1.000196e+07 7648903.30  23.5%   1.2   64s
 15589 12129 7650069.16 3242  183 1.0002e+07 7648903.30  23.5%   1.2   65s
H15786 12129                    1.000191e+07 7648903.30  23.5%   1.2   65s
H16128 12493                    1.000130e+07 7648903.30  23.5%   1.2   65s
H16468 12814                    1.000123e+07 7648903.30  23.5%   1.2   66s
H16823 13194                    1.000092e+07 7648903.30  23.5%   1.2   67s
 17555 14139 7650106.40 3787  180 1.0001e+07 7648903.30  23.5%   1.2   70s
H17766 14139                    1.000091e+07 7648903.30  23.5%   1.2   70s
H17933 14325                    1.000074e+07 7648903.30  23.5%   1.2   71s
 19179 15611 7650116.11 4101  178 1.0001e+07 7648903.30  23.5%   1.6   75s
H19540 16025                    1.000066e+07 7648903.30  23.5%   1.8   76s
H20156 16443                    1.000019e+07 7648903.30  23.5%   1.9   78s
 20514 16970 7650116.11 4405  178 1.0000e+07 7648903.30  23.5%   2.0   80s
 22409 18864 7670826.54 4818  179 1.0000e+07 7648903.30  23.5%   2.3   85s
H23048 19436                    1.000009e+07 7648903.30  23.5%   2.4   86s
H23518 19853                    9999886.0627 7648903.30  23.5%   2.4   88s
 23839 20318 7883377.27 4823  224 9999886.06 7648903.30  23.5%   2.4   90s
H23960 20318                    9999768.8166 7648903.30  23.5%   2.5   90s
H24161 20409                    9998817.3624 7648903.30  23.5%   2.5   91s
 25157 21569 7649550.79   61  255 9998817.36 7648906.07  23.5%   2.7   95s
H25609 22070                    9998815.8459 7648906.07  23.5%   2.7   96s
 26953 23390 7652712.18  486  184 9998815.85 7648906.07  23.5%   2.8  100s
H27070 23390                    9995602.6117 7648906.07  23.5%   2.8  100s
H28212 24684                    9995492.4770 7648906.07  23.5%   2.7  103s
H28212 24684                    9993935.9784 7648906.07  23.5%   2.7  103s
 28810 25397 7653407.92  900  184 9993935.98 7648906.07  23.5%   2.7  105s
H29353 25756                    9993768.2731 7648906.07  23.5%   2.7  106s
H30548 26932                    9993555.5320 7648906.07  23.5%   2.7  110s
 32016 28619 7657879.54 1710  180 9993555.53 7648906.07  23.5%   2.8  115s
 34295 30863 7659435.49 2318  177 9993555.53 7648906.07  23.5%   2.8  120s
 36088 32714 7662791.99 2771  175 9993555.53 7648906.07  23.5%   2.8  125s
 37790 34108 7665838.99 3198  173 9993555.53 7648906.07  23.5%   3.2  130s
H37974 34204                    9993544.5484 7648906.07  23.5%   3.3  130s
H38197 34550                    9993544.3876 7648906.07  23.5%   3.5  132s
 39044 35494 7665869.52 3356  173 9993544.39 7648906.07  23.5%   3.6  135s
 40220 36493 7665906.82 3552  173 9993544.39 7648906.07  23.5%   4.1  140s
 41432 37762 7665937.32 3726  173 9993544.39 7648906.07  23.5%   4.5  145s
 42588 38986 7668491.00 3980  172 9993544.39 7648906.07  23.5%   5.1  150s
 43635 40058 7668491.00 4236  172 9993544.39 7648906.07  23.5%   5.5  155s
 45030 41665 7668491.00 4500  172 9993544.39 7648906.07  23.5%   5.8  160s
 46834 43226 7678213.68 4823  198 9993544.39 7648906.07  23.5%   5.7  165s
H47570 44005                    9993544.2382 7648906.07  23.5%   5.7  167s
 48040 44471 7895682.60 4823  222 9993544.24 7648906.07  23.5%   5.7  170s
H48723 45054                    9986498.8221 7648906.07  23.4%   5.7  172s
H48883 45379                    9986496.2663 7648906.07  23.4%   5.7  173s
 49631 46083 7653149.14  361  188 9986496.27 7648906.07  23.4%   5.6  175s
H50731 46951                    9984481.8920 7648906.07  23.4%   5.8  181s
 51569 48093 7729051.41  666  240 9984481.89 7648906.07  23.4%   5.9  186s
H52694 49142                    9984481.8808 7648906.07  23.4%   6.0  189s
 52936 49547 7654133.00  860  182 9984481.88 7648906.07  23.4%   6.0  190s
 54470 51108 7657289.43 1130  180 9984481.88 7648906.07  23.4%   6.0  196s
 55771 52067 7758197.56 1367  241 9984481.88 7648906.07  23.4%   6.1  200s
 57319 53876 7655641.67 1612  181 9984481.88 7648906.07  23.4%   6.2  205s
H57571 53876                    9984175.6716 7648906.07  23.4%   6.2  205s
 59135 55712 7656138.88 1903  181 9984175.67 7648906.07  23.4%   6.3  211s
 60352 56828 7671177.16 2086  235 9984175.67 7648906.07  23.4%   6.4  215s
H60622 57100                    9984175.5800 7648906.07  23.4%   6.4  216s
 61399 57877 7659253.62 2247  181 9984175.58 7648906.07  23.4%   6.5  221s
 62482 59027 7659536.58 2440  180 9984175.58 7648906.07  23.4%   6.7  226s
H63151 59639                    9984103.6660 7648906.07  23.4%   6.7  228s
 63804 60349 7676164.07 2640  222 9984103.67 7648906.07  23.4%   6.7  230s
H64518 60922                    9984038.8810 7648906.07  23.4%   6.7  233s
 65051 61578 7676272.26 2789  216 9984038.88 7648906.07  23.4%   6.6  235s
 66488 63017 7676520.63 3016  206 9984038.88 7648906.07  23.4%   6.5  240s
 68200 64729 7688949.70 3385  183 9984038.88 7648906.07  23.4%   6.5  245s
 69884 66439 7689304.21 3921  181 9984038.88 7648906.07  23.4%   6.5  250s
 71071 67567 7684117.84 4253  181 9984038.88 7648906.07  23.4%   6.5  256s
 72146 68652 7689395.36 4594  180 9984038.88 7648906.07  23.4%   6.5  260s
 73827 70299 7696868.56 4823  178 9984038.88 7648906.07  23.4%   6.6  265s
 74858 71330 7649536.58  285  232 9984038.88 7648906.07  23.4%   6.6  270s
 76296 72769 7649536.58  703  232 9984038.88 7648906.07  23.4%   6.5  277s
 77268 73842 7649548.38  960  231 9984038.88 7648906.07  23.4%   6.4  281s
 77791 74342 7649536.58 1070  232 9984038.88 7648906.07  23.4%   6.4  285s
 79332 75822 7649809.58 1402  211 9984038.88 7648906.07  23.4%   6.3  290s
 80917 77407 7649813.46 1697  210 9984038.88 7648906.07  23.4%   6.2  295s
 81861 78282 7649813.46 1917  210 9984038.88 7648906.07  23.4%   6.1  300s
 83371 79820 7649821.33 2282  210 9984038.88 7648906.07  23.4%   6.1  305s
 84992 81452 7649821.33 2670  210 9984038.88 7648906.07  23.4%   6.0  310s
 86390 83034 7652392.35 3043  180 9984038.88 7648906.07  23.4%   5.9  316s
H86632 83034                    9983991.1424 7648906.07  23.4%   5.9  316s
 87687 84436 7653462.91 3335  178 9983991.14 7648906.07  23.4%   5.9  320s
H89458 85835                    9983991.1330 7648906.07  23.4%   5.8  324s
 89629 86376 7652458.08 3897  179 9983991.13 7648906.07  23.4%   5.8  326s
 90935 87596 7653047.97 4268  180 9983991.13 7648906.07  23.4%   5.8  330s
H91787 88415                    9983987.7263 7648906.07  23.4%   5.8  333s
 92625 89164 7652538.29 4722  179 9983987.73 7648906.07  23.4%   5.7  335s
 94111 90586 7653302.62 4822  177 9983987.73 7648906.07  23.4%   5.8  340s
 95733 92465 7700431.51 4821  230 9983987.73 7648906.07  23.4%   5.8  346s
 97013 93653 7649194.02  485  249 9983987.73 7648906.07  23.4%   5.7  350s
 99004 95710 7649502.14 1338  234 9983987.73 7648906.07  23.4%   5.7  355s
 101236 97846 7649582.87 2293  234 9983987.73 7648906.07  23.4%   5.6  360s
 102110 98582 7649644.44 2711  230 9983987.73 7648906.07  23.4%   5.5  365s
 103652 100267 7649727.64 3534  225 9983987.73 7648906.07  23.4%   5.5  370s
 105641 102143 7650215.09 4662  225 9983987.73 7648906.07  23.4%   5.4  375s
 106819 103269 7650600.70 4821  221 9983987.73 7648906.07  23.4%   5.4  380s
 107467 103744 7650395.25 4823  222 9983987.73 7648906.07  23.4%   5.3  385s
 109046 105421 7649733.87  444  226 9983987.73 7648906.07  23.4%   5.3  390s
 110654 107090 7650084.20 1092  211 9983987.73 7648906.07  23.4%   5.2  395s
 112420 108628 7650885.04 1869  204 9983987.73 7648906.07  23.4%   5.2  401s
 113213 109724 7650914.79 2173  204 9983987.73 7648906.07  23.4%   5.1  405s
 114950 111625 7653576.34 3019  202 9983987.73 7648906.07  23.4%   5.1  410s
 117264 113739 7656504.63 3900  194 9983987.73 7648906.07  23.4%   5.0  415s
 118056 114582 7656678.02 4396  195 9983987.73 7648906.07  23.4%   5.0  420s
 120046 116700 7661994.78 4823  188 9983987.73 7648906.07  23.4%   4.9  425s
 122413 118898 7649769.59  760  220 9983987.73 7648906.07  23.4%   4.9  430s
 122972 119442 7650435.31  956  190 9983987.73 7648906.07  23.4%   4.8  435s
 124742 121360 7650743.07 1927  184 9983987.73 7648906.07  23.4%   4.8  440s
 126774 123396 7651425.64 3066  181 9983987.73 7648906.07  23.4%   4.7  445s
 128316 124782 7651915.23 3854  180 9983987.73 7648906.07  23.4%   4.7  450s
 129785 126155 7698751.50 4823  238 9983987.73 7648906.07  23.4%   4.7  455s
H130010 126392                    9983986.6157 7648906.07  23.4%   4.7  455s
 131156 127536 7649704.09  115  220 9983986.62 7648906.07  23.4%   4.7  460s
 132647 129041 7649240.07   78  255 9983986.62 7648906.07  23.4%   4.7  465s
 133895 130464 7650550.33  486  208 9983986.62 7648906.07  23.4%   4.7  470s
 136781 133373 7650839.21 1625  195 9983986.62 7648906.07  23.4%   4.6  475s
 138610 134957 7651004.29 2344  191 9983986.62 7648906.07  23.4%   4.5  480s
 141222 137641 7651059.41 3766  191 9983986.62 7648906.07  23.4%   4.5  485s
 142799 139192 7651222.39 4729  187 9983986.62 7648906.07  23.4%   4.5  490s
 143377 139734 7658043.75 4822  185 9983986.62 7648906.07  23.4%   4.5  495s
 144976 141387 7660397.15 4822  183 9983986.62 7648906.07  23.4%   4.5  500s
 146789 143327 7652596.67  863  189 9983986.62 7648906.07  23.4%   4.5  505s
 148080 144458 7657513.62 1610  180 9983986.62 7648906.07  23.4%   4.5  510s
 150181 146643 7658574.17 2800  179 9983986.62 7648906.07  23.4%   4.5  515s
 152079 148633 7669573.94 3927  179 9983986.62 7648906.07  23.4%   4.5  520s
 153487 149765 7674474.83 4739  179 9983986.62 7648906.07  23.4%   4.5  525s
 155445 151895 7677456.13 4820  175 9983986.62 7648906.07  23.4%   4.5  530s
 156879 153172 8261044.47  243  214 9983986.62 7648906.11  23.4%   4.5  535s
 158288 154642 8774785.00  445  210 9983986.62 7648906.11  23.4%   4.5  540s
 159074 155421 9211009.65  524  194 9983986.62 7648906.11  23.4%   4.5  545s
 160785 157129 7650283.76  285  202 9983986.62 7648907.19  23.4%   4.6  550s
 162428 158932 7651029.95 1254  184 9983986.62 7648907.19  23.4%   4.6  555s
 163557 159830 7651174.71 1899  183 9983986.62 7648907.19  23.4%   4.6  560s
 164857 161188 7652177.42 2705  180 9983986.62 7648907.19  23.4%   4.6  565s
 167083 163605 7652487.09 4104  179 9983986.62 7648907.19  23.4%   4.5  570s
 168792 164730 7657738.32 4823  177 9983986.62 7648907.19  23.4%   4.5  575s
H168819 164990                    9983921.4887 7648907.19  23.4%   4.5  576s
H169054 165252                    9983919.7720 7648907.19  23.4%   4.5  577s
H169105 165252                    9983836.8047 7648907.19  23.4%   4.5  577s
H170542 166736                    9983834.2425 7648907.19  23.4%   4.5  579s
 170800 167193 7933233.15 4822  232 9983834.24 7648907.19  23.4%   4.5  580s
 173877 169815 9505852.07  670  193 9983834.24 7648907.87  23.4%   4.5  587s
 174577 170752 7650721.85   96  226 9983834.24 7648912.30  23.4%   4.5  590s
 175949 172119 8831998.31  278  225 9983834.24 7648912.30  23.4%   4.5  595s
 177739 173756 9403195.37  413  209 9983834.24 7648912.30  23.4%   4.5  600s
 178977 174759 8649143.43  479  214 9983834.24 7648912.30  23.4%   4.6  606s
 179979 175931     cutoff  811      9983834.24 7648912.30  23.4%   4.6  610s
 181304 176759 7648989.62  708  270 9983834.24 7648912.30  23.4%   4.6  616s
 182592 177671 7649542.57 1403  241 9983834.24 7648912.30  23.4%   4.6  620s
H183402 178011                    9983553.9127 7648912.30  23.4%   4.6  622s
 184177 178442 7651160.49 2364  191 9983553.91 7648912.30  23.4%   4.5  626s
 184959 179040 7651273.51 2761  190 9983553.91 7648912.30  23.4%   4.5  630s
 187257 180861 7656951.23 4459  177 9983553.91 7648912.30  23.4%   4.5  635s
 189314 181949 infeasible  729      9983553.91 7648912.30  23.4%   4.5  642s
 189517 182238 7649437.07  154  248 9983553.91 7648912.30  23.4%   4.5  645s
 191034 183171 7649437.07 1024  248 9983553.91 7648912.30  23.4%   4.5  650s
 192477 184110 7656589.67 1894  181 9983553.91 7648912.30  23.4%   4.5  655s
 194154 185304 7661308.91 2984  175 9983553.91 7648912.30  23.4%   4.5  660s
 196005 186602 7663646.78 4364  175 9983553.91 7648912.30  23.4%   4.5  666s
H196520 187062                    9983553.8741 7648912.30  23.4%   4.5  667s
 197189 187747 8036631.77 4823  233 9983553.87 7648912.30  23.4%   4.5  670s
 199354 189923 7649752.08   88  238 9983553.87 7648912.30  23.4%   4.5  675s
 201341 191552 7649752.08 1075  238 9983553.87 7648912.30  23.4%   4.5  680s
 202783 193417 7651860.10 1579  188 9983553.87 7648912.30  23.4%   4.5  685s
 204967 195641 7657187.07 2619  175 9983553.87 7648912.30  23.4%   4.4  690s
 206750 197290 7661899.79 3526  173 9983553.87 7648912.30  23.4%   4.4  695s
 207408 197950 7667355.06 3989  173 9983553.87 7648912.30  23.4%   4.4  700s
 208812 199271 7677649.21 4822  175 9983553.87 7648912.30  23.4%   4.4  705s
 209961 200339 7977720.49 4823  227 9983553.87 7648912.30  23.4%   4.5  710s
 211176 201750 7651019.24  788  186 9983553.87 7648912.30  23.4%   4.5  715s
 212748 202782 7651230.10 1628  188 9983553.87 7648912.30  23.4%   4.5  720s
 214600 204645 7654535.29 2858  178 9983553.87 7648912.30  23.4%   4.5  725s
 216370 206177 7670960.70 4066  179 9983553.87 7648912.30  23.4%   4.5  730s
 217616 207455 7677153.44 4759  178 9983553.87 7648912.30  23.4%   4.5  735s
 219017 208828 7704789.91 4821  187 9983553.87 7648912.30  23.4%   4.5  740s
 220237 210011 8370329.90  211  238 9983553.87 7648912.56  23.4%   4.5  745s
 221544 211247 9302310.78  378  221 9983553.87 7648912.56  23.4%   4.6  750s
 222566 212372 9590158.43  467  203 9983553.87 7648912.56  23.4%   4.7  756s
 223378 213259 9946647.69  538  179 9983553.87 7648912.56  23.4%   4.7  760s
 225216 215048 7650165.21  860  225 9983553.87 7648912.56  23.4%   4.7  765s
 227218 217049 7653430.12 1844  185 9983553.87 7648912.56  23.4%   4.7  770s
 228169 218067 7655050.84 2367  182 9983553.87 7648912.56  23.4%   4.7  775s
 229956 219766 7671295.62 3310  217 9983553.87 7648912.56  23.4%   4.7  780s
 231473 221388 7729764.89 3923  181 9983553.87 7648912.56  23.4%   4.7  785s
 233138 222898 8899900.52 4756  207 9983553.87 7648912.56  23.4%   4.7  790s
 234414 224214 8985447.80 4822  210 9983553.87 7648912.56  23.4%   4.7  795s
 235725 225500 9018043.66 4822  210 9983553.87 7648912.56  23.4%   4.7  800s
 237077 226780 8494615.59  340  230 9983553.87 7648912.56  23.4%   4.7  805s
 238087 227739 7650274.21  118  221 9983553.87 7648912.94  23.4%   4.8  813s
 238356 227990 7895293.78  286  217 9983553.87 7648912.94  23.4%   4.8  815s
 240124 229386 9922907.49 1044  170 9983553.87 7648912.94  23.4%   4.8  820s
 241947 230095 7650059.14  234  220 9983553.87 7648912.94  23.4%   4.9  825s
 243415 230601 7650927.41  772  184 9983553.87 7648912.94  23.4%   4.9  831s
 244415 231565 7651193.93 1305  181 9983553.87 7648912.94  23.4%   4.9  835s
 246277 232744 7653966.60 2470  174 9983553.87 7648912.94  23.4%   4.8  840s
 248203 234111 7655410.50 3611  173 9983553.87 7648912.94  23.4%   4.8  847s
 249130 234665 7656430.33 4015  174 9983553.87 7648912.94  23.4%   4.8  850s
 251012 236467 7702171.87 4728  172 9983553.87 7648912.94  23.4%   4.8  855s
 252315 237580 8009885.44 4823  216 9983553.87 7648912.94  23.4%   4.9  860s
 253667 239067 8056591.24  332  178 9983553.87 7648912.94  23.4%   4.9  865s
H253952 239241                    9983544.7031 7648912.94  23.4%   4.9  866s
 255744 241247 7650369.57  329  200 9983544.70 7648913.20  23.4%   4.9  870s
 257878 243449 7651211.45 1114  184 9983544.70 7648913.20  23.4%   4.9  876s
 258794 244166 7651211.45 1513  184 9983544.70 7648913.20  23.4%   4.8  880s
 261162 246583 7653883.93 2972  181 9983544.70 7648913.20  23.4%   4.8  885s
 263668 249104 7654634.93 4821  179 9983544.70 7648913.20  23.4%   4.8  892s
 264705 250104 7733177.15 4822  234 9983544.70 7648913.20  23.4%   4.8  895s
 266066 251447 7649327.72  342  250 9983544.70 7648913.20  23.4%   4.8  900s
 267117 252427 7649327.72  917  250 9983544.70 7648913.20  23.4%   4.8  905s
 268843 253898 7650326.74 1899  204 9983544.70 7648913.20  23.4%   4.8  911s
 269938 255120 7650350.56 2453  200 9983544.70 7648913.20  23.4%   4.8  915s
 272112 257273 7663956.16 3923  181 9983544.70 7648913.20  23.4%   4.8  920s
 273629 258757 7666628.47 4835  179 9983544.70 7648913.20  23.4%   4.8  925s
 274506 259538 7671926.04 4836  231 9983544.70 7648913.20  23.4%   4.8  930s
 275643 260678 8817905.10  525  230 9983544.70 7648914.36  23.4%   4.9  935s
 277152 262087 7650248.90  281  210 9983544.70 7648914.41  23.4%   4.9  940s
 278807 263888 7650419.01 1009  197 9983544.70 7648914.41  23.4%   4.8  945s
 279944 264971 7650423.40 1399  195 9983544.70 7648914.41  23.4%   4.8  951s
 281660 266757 7656732.74 2097  174 9983544.70 7648914.41  23.4%   4.8  955s
 283550 268592 7687911.67 2606  173 9983544.70 7648914.41  23.4%   4.8  960s
 284351 269407 7700339.61 2840  173 9983544.70 7648914.41  23.4%   4.8  965s
 285862 270725 7713732.70 3475  203 9983544.70 7648914.41  23.4%   4.8  970s
 287529 272600 7725732.15 4072  170 9983544.70 7648914.41  23.4%   4.8  975s
 289211 273967 8148011.12 4822  214 9983544.70 7648914.41  23.4%   4.8  980s
 290052 274746 8119479.34 4823  178 9983544.70 7648914.41  23.4%   4.9  985s
 291013 275813 7655527.00  261  189 9983544.70 7648915.60  23.4%   4.9  990s
 292601 277411 7656701.23  576  189 9983544.70 7648915.60  23.4%   5.0  995s
 293835 278406 7964398.70  799  207 9983544.70 7648915.60  23.4%   5.0 1000s
 294396 278914 7682289.14  875  175 9983544.70 7648915.60  23.4%   5.0 1006s
 295512 280185 7682595.95 1004  175 9983544.70 7648915.60  23.4%   5.1 1010s
 297235 281936 7682990.27 1162  175 9983544.70 7648915.60  23.4%   5.1 1015s
 298935 283725 7694175.87 1362  170 9983544.70 7648915.60  23.4%   5.1 1020s
H299781 284281                    9983504.2258 7648915.60  23.4%   5.2 1024s
 299908 284517 7702933.89 1553  172 9983504.23 7648915.60  23.4%   5.2 1025s
 301127 285734 7703510.27 1785  171 9983504.23 7648915.60  23.4%   5.2 1030s
 302442 287013 7712375.54 2096  171 9983504.23 7648915.60  23.4%   5.3 1035s
 303877 288569 7713028.00 2392  171 9983504.23 7648915.60  23.4%   5.3 1040s
 304837 289484 7713476.24 2581  171 9983504.23 7648915.60  23.4%   5.3 1045s
 306613 291429 7726776.21 2853  170 9983504.23 7648915.60  23.4%   5.3 1051s
 308620 293338 7726776.21 3159  170 9983504.23 7648915.60  23.4%   5.3 1055s
 310028 294672 7715266.55 3387  171 9983504.23 7648915.60  23.4%   5.4 1060s
 311591 296237 7715875.91 3649  171 9983504.23 7648915.60  23.4%   5.4 1065s
 312922 297494 7734822.16 4009  169 9983504.23 7648915.60  23.4%   5.4 1070s
 314528 299161 7725841.79 4494  170 9983504.23 7648915.60  23.4%   5.4 1075s
 315252 299780 7726343.65 4703  170 9983504.23 7648915.60  23.4%   5.4 1080s
 316540 301140 8105648.42 4823  217 9983504.23 7648915.60  23.4%   5.4 1085s
 318139 302649 8129715.64 4823  214 9983504.23 7648915.60  23.4%   5.4 1090s
 319775 304319 7650170.52  418  207 9983504.23 7648915.60  23.4%   5.4 1095s
 320394 304826 8370164.38  610  236 9983504.23 7648915.60  23.4%   5.4 1100s
 321725 306197 8819753.00  743  214 9983504.23 7648915.60  23.4%   5.5 1105s
 323426 307900     cutoff 1011      9983504.23 7648915.60  23.4%   5.5 1110s
 324782 309386 7940243.60  133  243 9983504.23 7648916.24  23.4%   5.5 1115s
 325950 310409 8389067.17  233  199 9983504.23 7648916.24  23.4%   5.5 1120s
 327761 312250 8904913.92  348  206 9983504.23 7648916.24  23.4%   5.4 1125s
 329642 314184 7650336.28  133  204 9983504.23 7648916.24  23.4%   5.4 1130s
 330802 315170 7650555.56  658  199 9983504.23 7648916.24  23.4%   5.4 1135s
 332458 316899 7651335.04 1472  199 9983504.23 7648916.24  23.4%   5.4 1140s
 334233 318602 7651335.04 2503  199 9983504.23 7648916.24  23.4%   5.4 1145s
 335874 319881 7651465.16 3348  197 9983504.23 7648916.24  23.4%   5.4 1151s
 336844 321238 7652235.01 3844  197 9983504.23 7648916.24  23.4%   5.4 1155s
 339341 323634 7654435.62 4822  192 9983504.23 7648916.24  23.4%   5.3 1160s
 340966 324973 7652226.37  239  181 9983504.23 7648916.40  23.4%   5.3 1165s
 342430 326606 9804801.48  822  188 9983504.23 7648916.40  23.4%   5.3 1170s
 344164 328193 8371042.69  473  232 9983504.23 7648916.40  23.4%   5.3 1175s
 345525 329734 8754104.88  589  224 9983504.23 7648916.40  23.4%   5.3 1180s
 346376 330475 9037861.03  730  209 9983504.23 7648916.40  23.4%   5.4 1185s
 348476 332651 8180284.53  333  202 9983504.23 7648916.40  23.4%   5.3 1190s
 350480 334531 7649987.37  168  221 9983504.23 7648917.38  23.4%   5.3 1195s
 351651 335565 7649987.37  502  221 9983504.23 7648917.38  23.4%   5.3 1200s
 353037 337069 7649987.37  945  221 9983504.23 7648917.38  23.4%   5.3 1205s
 354861 338836 7651138.07 1635  194 9983504.23 7648917.38  23.4%   5.3 1210s
H356439 339741                    9948764.8105 7648917.38  23.1%   5.3 1217s
 357004 340748 7651744.91 2496  194 9948764.81 7648917.38  23.1%   5.3 1221s
 359025 342743 7651751.16 3259  194 9948764.81 7648917.38  23.1%   5.3 1225s
 360529 344104 7651940.17 4180  193 9948764.81 7648917.38  23.1%   5.3 1230s
 361527 344829 7653455.41 4792  188 9948764.81 7648917.38  23.1%   5.3 1238s
H361528 344828                    9948752.5475 7648917.38  23.1%   5.3 1238s
 361860 345330 7655242.75 4823  183 9948752.55 7648917.38  23.1%   5.3 1240s
 363318 347018 7762616.94 4819  243 9948752.55 7648917.38  23.1%   5.3 1245s
 365585 349341 7649866.64 1052  236 9948752.55 7648917.38  23.1%   5.3 1250s
 366813 350359 7650960.57 1629  183 9948752.55 7648917.38  23.1%   5.3 1255s
 369098 352918 7651958.70 2777  174 9948752.55 7648917.38  23.1%   5.3 1260s
 371099 354797 7652071.30 3882  174 9948752.55 7648917.38  23.1%   5.2 1265s
 371903 355503 7652709.77 4330  174 9948752.55 7648917.38  23.1%   5.2 1270s
 373158 356674 7690369.74 4821  233 9948752.55 7648917.38  23.1%   5.3 1275s
 374591 358119 7650488.24  156  202 9948752.55 7648917.38  23.1%   5.3 1280s
H375605 359033                    9948720.1415 7648917.38  23.1%   5.3 1283s
H375734 359203                    9948717.2630 7648917.38  23.1%   5.3 1284s
 375904 359365 9644282.80  914  190 9948717.26 7648917.38  23.1%   5.3 1285s
 376795 360364 7649693.21  514  238 9948717.26 7648917.38  23.1%   5.3 1290s
 378319 361826 7649753.88 1385  236 9948717.26 7648917.38  23.1%   5.3 1295s
 379397 362845 7649753.88 1968  236 9948717.26 7648917.38  23.1%   5.3 1300s
 381223 364783 7653126.18 3143  174 9948717.26 7648917.38  23.1%   5.3 1305s
 382111 365588 7653184.23 3748  174 9948717.26 7648917.38  23.1%   5.2 1310s
 383713 367373 7653801.40 4700  175 9948717.26 7648917.38  23.1%   5.2 1315s
 385991 369581 7737170.26 4823  229 9948717.26 7648917.38  23.1%   5.2 1320s
 387353 370733 8163956.60  393  177 9948717.26 7648917.38  23.1%   5.2 1325s
 388812 372316     cutoff  903      9948717.26 7648917.38  23.1%   5.2 1330s
 390875 374240 7654669.30  773  193 9948717.26 7648917.40  23.1%   5.2 1335s
 392339 375652 9473483.41 1202  217 9948717.26 7648917.40  23.1%   5.2 1341s
 393842 377474 9700687.11 1309  192 9948717.26 7648917.40  23.1%   5.2 1345s
 396350 379787 9512277.24  710  200 9948717.26 7648918.02  23.1%   5.2 1350s
 397722 380962 7650420.22  456  191 9948717.26 7648918.02  23.1%   5.2 1355s
 399908 383386 7650464.77 1595  190 9948717.26 7648918.02  23.1%   5.1 1360s
 402320 385795 7650769.63 2861  186 9948717.26 7648918.02  23.1%   5.1 1365s
 403256 386640 7650893.23 3383  182 9948717.26 7648918.02  23.1%   5.1 1370s
 405583 388992 7652264.49 4559  179 9948717.26 7648918.02  23.1%   5.1 1375s
 407814 391071 7862198.20 4823  228 9948717.26 7648918.02  23.1%   5.1 1380s
 410382 393704 8785896.71  445  235 9948717.26 7648918.02  23.1%   5.1 1385s
 412372 395687 9906922.93  721  178 9948717.26 7648918.02  23.1%   5.1 1390s
 413497 396737 7650903.12  451  187 9948717.26 7648918.04  23.1%   5.1 1395s
 415403 398712 7651031.83 1585  188 9948717.26 7648918.04  23.1%   5.1 1400s
 417141 400302 7651040.10 2617  188 9948717.26 7648918.04  23.1%   5.1 1405s
 418288 401427 7651044.73 3193  188 9948717.26 7648918.04  23.1%   5.0 1410s
 420150 403502 7651051.50 4020  188 9948717.26 7648918.04  23.1%   5.0 1415s
 422736 405691 7651212.20 4822  190 9948717.26 7648918.04  23.1%   5.0 1421s
 423685 407081 7655581.51 4820  180 9948717.26 7648918.04  23.1%   5.0 1425s
 425677 408830 7651274.17  308  193 9948717.26 7648919.18  23.1%   5.0 1430s
 427240 410414 7664816.17  657  179 9948717.26 7648919.18  23.1%   5.0 1435s
 428216 411471 7702552.13  832  223 9948717.26 7648919.18  23.1%   5.0 1440s
 429324 412491 7674747.42 1073  176 9948717.26 7648919.18  23.1%   5.0 1445s
 430961 414324 7680512.01 1370  176 9948717.26 7648919.18  23.1%   5.0 1450s
 433177 416609 7694131.82 1776  172 9948717.26 7648919.18  23.1%   5.0 1455s
 435342 418515 7697215.52 2248  172 9948717.26 7648919.18  23.1%   5.0 1460s
 436152 419095 7707572.08 2439  170 9948717.26 7648919.18  23.1%   5.0 1465s
 437525 420654 7709531.36 2696  171 9948717.26 7648919.18  23.1%   5.0 1470s
 439397 422565 8029983.29 2980  220 9948717.26 7648919.18  23.1%   5.1 1475s
 440826 423893 7735544.66 3318  168 9948717.26 7648919.18  23.1%   5.1 1480s
 442479 425454 7737671.64 3581  165 9948717.26 7648919.18  23.1%   5.1 1486s
 443456 426517 8262346.35 3687  216 9948717.26 7648919.18  23.1%   5.1 1490s
 445098 428199 7749437.29 3899  165 9948717.26 7648919.18  23.1%   5.2 1495s
 447595 430630 7750650.77 4225  165 9948717.26 7648919.18  23.1%   5.2 1500s
 449784 432867 7751671.03 4490  165 9948717.26 7648919.18  23.1%   5.2 1505s
 451089 434230 7763620.63 4671  165 9948717.26 7648919.18  23.1%   5.2 1511s
 452573 435703 7777660.23 4822  167 9948717.26 7648919.18  23.1%   5.2 1515s
 454220 437253 8389502.13 4823  239 9948717.26 7648919.18  23.1%   5.2 1520s
 455753 438916 8046686.57  392  173 9948717.26 7648919.18  23.1%   5.2 1525s
 456593 439767 9400722.44  755  179 9948717.26 7648919.18  23.1%   5.2 1531s
 458402 441321 8959492.52  417  212 9948717.26 7648920.01  23.1%   5.2 1535s
 460190 443192 8227024.34  168  217 9948717.26 7648920.21  23.1%   5.2 1540s
 461157 444065 8712463.21  229  239 9948717.26 7648920.21  23.1%   5.2 1547s
 461753 444702 9065264.77  285  221 9948717.26 7648920.21  23.1%   5.2 1550s
 463581 446593 9696759.05  380  218 9948717.26 7648920.21  23.1%   5.2 1555s
 465239 448141 7884760.37  202  212 9948717.26 7648920.21  23.1%   5.2 1560s
 466764 449691 9417347.75  515  207 9948717.26 7648920.21  23.1%   5.2 1566s
 467758 450483 7650078.55  132  216 9948717.26 7648922.09  23.1%   5.2 1571s
 469039 451994 9320930.87  761  197 9948717.26 7648922.09  23.1%   5.2 1575s
 471115 454074 7650005.45  654  223 9948717.26 7648922.09  23.1%   5.2 1581s
 472975 455923 7650465.71 1483  189 9948717.26 7648922.09  23.1%   5.2 1585s
 474648 457165 7651717.56 2441  188 9948717.26 7648922.09  23.1%   5.2 1591s
 475546 458250 7654623.51 2846  187 9948717.26 7648922.09  23.1%   5.2 1595s
 477606 460312 7655222.83 4185  186 9948717.26 7648922.09  23.1%   5.1 1600s
 479537 462209 7883065.06 4823  236 9948717.26 7648922.09  23.1%   5.1 1605s
 480979 463639 7649192.19   57  264 9948717.26 7648922.97  23.1%   5.2 1611s
 481517 464014 8154089.46  239  222 9948717.26 7648922.97  23.1%   5.2 1617s
 481802 464480 8664699.80  366  224 9948717.26 7648922.97  23.1%   5.2 1620s
 483218 466141 9809627.86  646  188 9948717.26 7648922.97  23.1%   5.2 1626s
 484362 467101 9915045.29  750  178 9948717.26 7648922.97  23.1%   5.2 1630s
 486685 469215 7806165.98  380  171 9948717.26 7648923.18  23.1%   5.2 1635s
 488100 470501 7649755.62   90  228 9948717.26 7648924.48  23.1%   5.2 1640s
 488943 471255 7654792.91  388  174 9948717.26 7648924.48  23.1%   5.2 1645s
 490222 472640 7656456.65  678  172 9948717.26 7648924.48  23.1%   5.3 1650s
 491682 473747 7656716.29  888  172 9948717.26 7648924.48  23.1%   5.3 1656s
 492231 474621 7788693.01  940  213 9948717.26 7648924.48  23.1%   5.3 1660s
 494128 476437 7656959.11 1086  171 9948717.26 7648924.48  23.1%   5.3 1665s
 495373 477737 7657075.38 1179  172 9948717.26 7648924.48  23.1%   5.4 1670s
 497264 479459 7800989.12 1409  162 9948717.26 7648924.48  23.1%   5.4 1677s
 497864 480019 7814609.15 1540  170 9948717.26 7648924.48  23.1%   5.4 1680s
H498923 481078                    9948663.0131 7648924.48  23.1%   5.5 1684s
 499015 481309 7803479.85 1810  168 9948663.01 7648924.48  23.1%   5.5 1685s
 500185 482455 7811623.09 2128  168 9948663.01 7648924.48  23.1%   5.5 1690s
 501665 484133 7834987.69 2551  168 9948663.01 7648924.48  23.1%   5.5 1696s
 502408 484431 7843902.07 2708  168 9948663.01 7648924.48  23.1%   5.5 1701s
 503351 484980 7855474.84 2939  168 9948663.01 7648924.48  23.1%   5.5 1705s
 504397 485446 7862748.14 3168  168 9948663.01 7648924.48  23.1%   5.6 1710s
 505284 486191 7869071.34 3377  168 9948663.01 7648924.48  23.1%   5.6 1715s
 507112 488245 7891664.25 3737  169 9948663.01 7648924.48  23.1%   5.6 1720s
 508396 489358 7901448.23 3991  167 9948663.01 7648924.48  23.1%   5.6 1725s
 510378 491416 7910964.81 4436  167 9948663.01 7648924.48  23.1%   5.6 1730s
H512000 492652                    9948614.0133 7648924.48  23.1%   5.6 1733s
 512479 493548 7928003.23 4823  166 9948614.01 7648924.48  23.1%   5.6 1735s
 514487 495262 7665006.49  128  236 9948614.01 7648925.12  23.1%   5.6 1740s
 514850 495650 7873852.99  219  221 9948614.01 7648925.12  23.1%   5.6 1745s
 516261 497112 9264002.56  508  217 9948614.01 7648925.12  23.1%   5.6 1750s
 518177 499117 7650251.54  139  217 9948614.01 7648925.39  23.1%   5.6 1755s
H518369 499117                    9948600.4947 7648925.39  23.1%   5.6 1755s
 520366 501408 7650586.45 1178  190 9948600.49 7648925.39  23.1%   5.6 1760s
 523053 503965 7650651.66 2356  190 9948600.49 7648925.39  23.1%   5.6 1765s
 525127 505706 7650713.26 3462  190 9948600.49 7648925.39  23.1%   5.6 1770s
 526150 507043 7650748.19 4079  190 9948600.49 7648925.39  23.1%   5.6 1775s
 528454 509321 7660099.21 4823  185 9948600.49 7648925.39  23.1%   5.5 1780s
 530275 511119 9167306.24  356  213 9948600.49 7648925.97  23.1%   5.5 1785s
 532719 513525 7652317.76  401  197 9948600.49 7648925.97  23.1%   5.5 1790s
 534828 515629 7653985.87 1358  198 9948600.49 7648925.97  23.1%   5.5 1795s
 535372 516054 7659597.39 1699  184 9948600.49 7648925.97  23.1%   5.5 1800s
 537040 517789 7659597.48 2890  183 9948600.49 7648925.97  23.1%   5.5 1805s
 539099 520055 7659597.48 4262  183 9948600.49 7648925.97  23.1%   5.5 1810s
 540430 520903 7661764.60 4819  181 9948600.49 7648925.97  23.1%   5.5 1815s
 541602 522263 7661859.86 4823  181 9948600.49 7648925.97  23.1%   5.5 1820s
 543009 523668 8316427.36  539  178 9948600.49 7648926.17  23.1%   5.5 1825s
 545188 525956 7651694.11  144  199 9948600.49 7648926.81  23.1%   5.5 1830s
 546088 526763 8344276.17  221  212 9948600.49 7648926.81  23.1%   5.5 1835s
 547808 528537 9022539.52  322  227 9948600.49 7648926.81  23.1%   5.5 1840s
H548685 529272                    9948592.1452 7648926.81  23.1%   5.5 1844s
 548869 529561 9406505.24  363  223 9948592.15 7648926.81  23.1%   5.5 1845s
 550547 531108 9668436.85  464  201 9948592.15 7648926.81  23.1%   5.5 1853s
H550625 529909                    9923069.3022 7648926.81  22.9%   5.5 1853s
H550705 530013                    9923004.7942 7648926.81  22.9%   5.5 1854s
H550798 529916                    9921554.6529 7648926.81  22.9%   5.5 1854s
 550864 530102     cutoff  494      9921554.65 7648926.81  22.9%   5.5 1855s
H551159 530194                    9921554.2436 7648926.81  22.9%   5.5 1856s
 552070 531340 7650572.04  653  202 9921554.24 7648926.81  22.9%   5.5 1860s
 554353 533939 7650694.91 1936  187 9921554.24 7648926.81  22.9%   5.5 1865s
 556591 536129 7651207.30 3152  183 9921554.24 7648926.81  22.9%   5.4 1870s
 559067 538531 7651314.41 4644  182 9921554.24 7648926.81  22.9%   5.4 1875s
 560866 540230 7657634.70 4823  179 9921554.24 7648926.81  22.9%   5.4 1880s
H561211 538305                    9897352.3287 7648926.81  22.7%   5.4 1880s
H561399 538544                    9897352.2581 7648926.81  22.7%   5.4 1881s
 562811 540209 7650520.58  625  198 9897352.26 7648926.81  22.7%   5.4 1885s
H563187 540438                    9897309.0855 7648926.81  22.7%   5.4 1886s
 564349 541728 7650557.46 1392  195 9897309.09 7648926.81  22.7%   5.4 1890s
 566422 543761 7651899.24 2835  178 9897309.09 7648926.81  22.7%   5.4 1895s
 568454 545889 7654179.27 4101  176 9897309.09 7648926.81  22.7%   5.4 1900s
H571069 548333                    9897300.3368 7648926.81  22.7%   5.4 1905s
 572950 550324 7967078.45 4822  230 9897300.34 7648926.81  22.7%   5.4 1910s
 574661 551893 7897386.06  105  270 9897300.34 7648926.81  22.7%   5.4 1916s
 575545 552858 8722903.66  440  237 9897300.34 7648926.81  22.7%   5.4 1920s
H575927 553193                    9897297.4148 7648926.81  22.7%   5.4 1921s
 576733 553759 9848983.54 1024  217 9897297.41 7648926.81  22.7%   5.4 1925s
H576758 553864                    9897296.9276 7648926.89  22.7%   5.4 1926s
 577247 554423 7649176.25  151  269 9897296.93 7648926.89  22.7%   5.4 1930s
 578462 555658 7796753.16  518  224 9897296.93 7648926.89  22.7%   5.4 1935s
 579991 557073 9080464.06  889  210 9897296.93 7648926.89  22.7%   5.4 1940s
 581534 558768     cutoff 1115      9897296.93 7648926.89  22.7%   5.4 1945s
 583596 560889 7650437.61  846  200 9897296.93 7648927.53  22.7%   5.4 1950s
 586075 563441 7650896.46 1958  183 9897296.93 7648927.53  22.7%   5.3 1955s
 588397 565509 7651144.02 3295  183 9897296.93 7648927.53  22.7%   5.3 1960s
H589919 566799                    9896793.4410 7648927.53  22.7%   5.3 1964s
 590293 567559 7651558.53 4497  181 9896793.44 7648927.53  22.7%   5.3 1965s
 592207 569354 7652525.94 4823  181 9896793.44 7648927.53  22.7%   5.3 1970s
 594389 571586 7844980.30  202  229 9896793.44 7648927.55  22.7%   5.3 1975s
 596206 573265 7650305.96  125  213 9896793.44 7648927.55  22.7%   5.3 1980s
 597793 574956 7655366.27  935  182 9896793.44 7648927.55  22.7%   5.3 1985s
 600354 577433 7658046.87 2435  176 9896793.44 7648927.55  22.7%   5.3 1990s
 602527 579319 7659617.47 3943  175 9896793.44 7648927.55  22.7%   5.3 1996s
 603228 580295 7660002.40 4497  175 9896793.44 7648927.55  22.7%   5.3 2000s
 605099 581923 7664693.89 4823  172 9896793.44 7648927.55  22.7%   5.3 2005s
 606622 583094 7651164.35  950  186 9896793.44 7648928.68  22.7%   5.3 2010s
H607628 583582                    9895071.8514 7648928.68  22.7%   5.3 2014s
 607662 583836 7651170.32 1673  185 9895071.85 7648928.68  22.7%   5.3 2015s
H608651 584794                    9895070.0132 7648928.68  22.7%   5.3 2018s
 609625 585751 7651216.11 2946  184 9895070.01 7648928.68  22.7%   5.3 2020s
 611439 587583 7651216.11 3948  184 9895070.01 7648928.68  22.7%   5.3 2025s
 612818 588771 7651218.52 4691  185 9895070.01 7648928.68  22.7%   5.3 2030s
 614191 590427 7656640.31 4822  180 9895070.01 7648928.68  22.7%   5.2 2035s
 616292 592361 9398452.90  720  201 9895070.01 7648930.95  22.7%   5.2 2040s
 617992 593840 7655820.80  233  192 9895070.01 7648933.37  22.7%   5.2 2048s
 618233 594097 7650479.27  309  192 9895070.01 7648933.37  22.7%   5.2 2050s
 619816 595834 7651378.59  726  190 9895070.01 7648933.37  22.7%   5.2 2055s
 621380 597287 7661689.96 1063  184 9895070.01 7648933.37  22.7%   5.2 2060s
 622983 598730 7662210.86 1274  184 9895070.01 7648933.37  22.7%   5.2 2065s
 625033 600878 7662861.55 1544  184 9895070.01 7648933.37  22.7%   5.2 2070s
 626596 602288 7663381.73 1756  184 9895070.01 7648933.37  22.7%   5.2 2075s
 628212 603882 7663988.22 2006  184 9895070.01 7648933.37  22.7%   5.3 2080s
H628295 603669                    9888081.9229 7648933.37  22.6%   5.3 2080s
 629118 604660 7664464.45 2214  184 9888081.92 7648933.37  22.6%   5.3 2085s
H629468 604791                    9888080.0847 7648933.37  22.6%   5.3 2086s
 630462 605855 7666084.54 2540  183 9888080.08 7648933.37  22.6%   5.3 2090s
 631804 607258 7679409.64 2903  183 9888080.08 7648933.37  22.6%   5.3 2095s
 632947 608347 7666882.86 3208  184 9888080.08 7648933.37  22.6%   5.3 2100s
 633517 608937 7668067.22 3398  183 9888080.08 7648933.37  22.6%   5.3 2105s
 634488 609993 7679409.64 3667  183 9888080.08 7648933.37  22.6%   5.4 2110s
 635851 611203 7669215.42 4006  184 9888080.08 7648933.37  22.6%   5.4 2115s
 637493 612930 7669997.52 4353  184 9888080.08 7648933.37  22.6%   5.4 2120s
 638871 614375 7687458.88 4559  209 9888080.08 7648933.37  22.6%   5.4 2125s
 640334 615793 7695584.83 4739  209 9888080.08 7648933.37  22.6%   5.4 2130s
 642319 617622 7725867.96 4822  170 9888080.08 7648933.37  22.6%   5.4 2135s
 643818 618990 8029938.66 4823  216 9888080.08 7648933.37  22.6%   5.4 2141s
H644622 619942                    9888035.9551 7648933.37  22.6%   5.4 2145s
H644849 620144                    9888035.7432 7648933.37  22.6%   5.4 2146s
 645829 621410 7650978.25  456  184 9888035.74 7648936.67  22.6%   5.4 2150s
 647837 623295 7651228.89 1985  181 9888035.74 7648936.67  22.6%   5.4 2155s
H648890 623877                    9885419.2658 7648936.67  22.6%   5.4 2158s
H648975 624151                    9885419.2066 7648936.67  22.6%   5.4 2159s
 649249 624575 7651365.37 3073  180 9885419.21 7648936.67  22.6%   5.4 2160s
 651288 626498 7651371.57 4605  181 9885419.21 7648936.67  22.6%   5.4 2165s
H652944 628166                    9885391.5911 7648936.67  22.6%   5.4 2170s
H654050 628899                    9884003.3758 7648936.67  22.6%   5.4 2175s
H654181 629137                    9883995.5935 7648936.67  22.6%   5.4 2175s
 655535 630611 7650814.22 1216  195 9883995.59 7648936.67  22.6%   5.4 2180s
H657273 632043                    9883991.3693 7648936.67  22.6%   5.4 2184s
 657733 632630 7650860.25 2615  193 9883991.37 7648936.67  22.6%   5.4 2185s
 660069 634972 7651348.81 4067  189 9883991.37 7648936.67  22.6%   5.4 2190s
 662863 637625 7841610.27 4823  234 9883991.37 7648936.67  22.6%   5.4 2195s
 664430 639350 7649750.54  306  240 9883991.37 7648937.03  22.6%   5.4 2201s
 666461 641436 7650449.75 1166  203 9883991.37 7648937.03  22.6%   5.3 2205s
 668873 643951 7651167.21 2469  183 9883991.37 7648937.03  22.6%   5.3 2210s
 670403 645142 7651228.45 3475  183 9883991.37 7648937.03  22.6%   5.3 2215s
 672472 647474 7654701.27 4792  184 9883991.37 7648937.03  22.6%   5.3 2220s
 674459 649149 7741276.21 4823  234 9883991.37 7648937.03  22.6%   5.3 2225s
 675562 650426 8420052.60  359  215 9883991.37 7648937.31  22.6%   5.3 2230s
 676864 651655 9846267.47  744  196 9883991.37 7648937.31  22.6%   5.3 2235s
 678360 653128 7650331.95  208  212 9883991.37 7648937.31  22.6%   5.3 2240s
 679461 654199 7650333.14  558  212 9883991.37 7648937.31  22.6%   5.3 2247s
 680023 654815 7650333.14  728  212 9883991.37 7648937.31  22.6%   5.3 2250s
 681166 655969 7650397.66 1243  207 9883991.37 7648937.31  22.6%   5.3 2255s
H681747 656390                    9883989.5308 7648937.31  22.6%   5.3 2257s
 682299 657043 7650544.35 1927  203 9883989.53 7648937.31  22.6%   5.3 2260s
 683240 657996 8148003.66 2315  217 9883989.53 7648937.31  22.6%   5.3 2265s
 684318 659122 9526493.81 2678  212 9883989.53 7648937.31  22.6%   5.3 2270s
 684797 659544 9771955.26 2817  178 9883989.53 7648937.31  22.6%   5.3 2275s
 686499 661343 7650466.04  411  193 9883989.53 7648937.67  22.6%   5.3 2281s
 688013 662870 7656547.48  744  186 9883989.53 7648937.67  22.6%   5.3 2285s
 689666 664377 7658575.74 1115  184 9883989.53 7648937.67  22.6%   5.3 2290s
 691702 666543 7662611.82 1338  183 9883989.53 7648937.67  22.6%   5.3 2295s
 693310 667975 7670416.55 1584  175 9883989.53 7648937.67  22.6%   5.3 2300s
 694342 668920 7683782.48 1740  211 9883989.53 7648937.67  22.6%   5.4 2305s
 695379 670066 7697905.01 1925  171 9883989.53 7648937.67  22.6%   5.4 2310s
 696949 671696 7707071.27 2205  172 9883989.53 7648937.67  22.6%   5.4 2315s
 698399 673274 7723717.05 2414  171 9883989.53 7648937.67  22.6%   5.4 2320s
 700014 674659 7726722.94 2683  172 9883989.53 7648937.67  22.6%   5.4 2325s
H700191 674371                    9878863.0436 7648937.67  22.6%   5.4 2325s
H701251 675651                    9878716.4437 7648937.67  22.6%   5.4 2330s
 702314 676724 7762458.24 3081  170 9878716.44 7648937.67  22.6%   5.5 2335s
 703452 677893 7753163.61 3353  174 9878716.44 7648937.67  22.6%   5.5 2340s
 704715 679061 7787591.77 3584  175 9878716.44 7648937.67  22.6%   5.5 2345s
 705621 680019 7775227.65 3789  175 9878716.44 7648937.67  22.6%   5.5 2350s
 706564 681027 7780134.59 4037  176 9878716.44 7648937.67  22.6%   5.5 2355s
 708031 682498 7790747.98 4334  174 9878716.44 7648937.67  22.6%   5.5 2360s
 709366 683849 7796377.14 4578  175 9878716.44 7648937.67  22.6%   5.5 2365s
 711021 685526 8252841.55 4823  253 9878716.44 7648937.67  22.6%   5.5 2370s
 712249 686616 7864746.98 4822  227 9878716.44 7648937.67  22.6%   5.6 2375s
 713303 687692 8240256.63 4821  213 9878716.44 7648937.67  22.6%   5.6 2380s
H713938 688230                    9878704.9610 7648938.35  22.6%   5.6 2382s
H714097 688320                    9878704.5161 7648938.35  22.6%   5.6 2384s
 714187 688685 7650204.83  107  215 9878704.52 7648938.35  22.6%   5.6 2385s
H715199 689721                    9877879.9940 7648938.35  22.6%   5.6 2390s
H715605 689721                    9877827.0865 7648938.35  22.6%   5.6 2392s
 716166 691112 7651691.99 1317  183 9877827.09 7648938.35  22.6%   5.6 2396s
 718058 692511 7651810.41 1916  180 9877827.09 7648938.35  22.6%   5.6 2401s
 719483 693956 7651807.86 2382  180 9877827.09 7648938.35  22.6%   5.6 2405s
 721483 696093 7651863.65 3195  180 9877827.09 7648938.35  22.6%   5.6 2411s
 723992 698385 7651912.34 4765  179 9877827.09 7648938.35  22.6%   5.5 2415s
H724258 698385                    9877827.0848 7648938.35  22.6%   5.5 2415s
H724753 698930                    9877821.9519 7648938.35  22.6%   5.5 2416s
 725635 699936 7677240.28 4821  231 9877821.95 7648938.35  22.6%   5.5 2420s
 726670 700979 7650317.02  126  209 9877821.95 7648938.98  22.6%   5.5 2425s
 728679 703018 7648951.27   40  271 9877821.95 7648939.11  22.6%   5.5 2431s
 730060 704308 7649676.95  763  235 9877821.95 7648939.11  22.6%   5.5 2435s
 731268 705631 7651293.93 1311  194 9877821.95 7648939.11  22.6%   5.5 2440s
 732501 706766 7651293.93 1936  194 9877821.95 7648939.11  22.6%   5.5 2445s
 733965 708324 7651293.93 2759  194 9877821.95 7648939.11  22.6%   5.5 2451s
 735590 709837 7651293.93 3578  194 9877821.95 7648939.11  22.6%   5.5 2455s
 736302 710330 7651293.93 3966  194 9877821.95 7648939.11  22.6%   5.5 2461s
 737206 711474 7651293.93 4466  194 9877821.95 7648939.11  22.6%   5.5 2465s
 738856 713020 7651307.68 4818  193 9877821.95 7648939.11  22.6%   5.5 2470s
 740085 714203 8457824.02  502  199 9877821.95 7648940.48  22.6%   5.5 2475s
 741420 715374 9849586.79  918  185 9877821.95 7648940.48  22.6%   5.5 2481s
 742531 716735 7938456.63  383  176 9877821.95 7648940.64  22.6%   5.5 2485s
 744688 718869 7650500.80  237  204 9877821.95 7648940.64  22.6%   5.5 2490s
 746498 720414 7654907.07  886  191 9877821.95 7648940.64  22.6%   5.5 2495s
 748226 722191 7656299.81 1735  190 9877821.95 7648940.64  22.6%   5.5 2500s
 749976 724079 7656299.81 2865  190 9877821.95 7648940.64  22.6%   5.5 2505s
 751999 726162 7656450.28 4110  188 9877821.95 7648940.64  22.6%   5.5 2510s
 754180 728469 7659250.94 4823  230 9877821.95 7648940.64  22.6%   5.5 2515s
 756157 730199 7650432.62  284  206 9877821.95 7648940.64  22.6%   5.4 2520s
 757958 732019 7650509.74  737  204 9877821.95 7648940.64  22.6%   5.4 2525s
 759530 733620 7656247.32 1580  189 9877821.95 7648940.64  22.6%   5.4 2530s
 760944 734794 7656326.21 2285  189 9877821.95 7648940.64  22.6%   5.4 2535s
 761989 735835 7656381.73 2857  189 9877821.95 7648940.64  22.6%   5.4 2540s
 763165 737170 7683357.46 3684  185 9877821.95 7648940.64  22.6%   5.4 2545s
 764932 738627 8085996.03 4821  219 9877821.95 7648940.64  22.6%   5.4 2550s
 765949 739197 8119819.55 4821  215 9877821.95 7648940.64  22.6%   5.4 2555s
H766693 739694                    9875900.3769 7648940.64  22.5%   5.4 2558s
 766850 739980 8140607.04 4821  186 9875900.38 7648940.64  22.5%   5.4 2560s
 767420 740532 9455493.81  448  211 9875900.38 7648941.28  22.5%   5.5 2565s
 768409 741739 7656341.23  624  193 9875900.38 7648942.22  22.5%   5.5 2571s
 770239 743706 7700221.48 1557  182 9875900.38 7648942.22  22.5%   5.5 2576s
 772094 745350 7702457.45 2487  180 9875900.38 7648942.22  22.5%   5.5 2583s
 772721 745963 7716639.90 2832  180 9875900.38 7648942.22  22.5%   5.5 2585s
 774067 747326 7716644.35 4028  180 9875900.38 7648942.22  22.5%   5.5 2590s
 775480 748560 7977773.38 4822  221 9875900.38 7648942.22  22.5%   5.5 2595s
Created node file directory '/home/ps12398/experiment_epec/goalProgrammingMarcos//grbnodes23'
 776356 749449 7764605.77 4822  172 9875900.38 7648942.28  22.5%   5.5 2610s
 777363 750331     cutoff  705      9875900.38 7648942.44  22.5%   5.6 2615s
 778187 751233 7649412.61  583  249 9875900.38 7648943.16  22.5%   5.6 2620s
 779472 752475 7652399.17 1446  189 9875900.38 7648943.16  22.5%   5.6 2625s
H779478 752475                    9875900.3475 7648943.16  22.5%   5.6 2625s
 780686 753926 7663924.16 2341  187 9875900.35 7648943.16  22.5%   5.6 2630s
 782264 755447 7665214.71 3558  187 9875900.35 7648943.16  22.5%   5.6 2635s
 783899 756956 8028448.52 4823  239 9875900.35 7648943.16  22.5%   5.6 2640s
 785326 758506 8103712.43 4823  236 9875900.35 7648943.16  22.5%   5.6 2646s
 786868 760199 8292216.02  202  218 9875900.35 7648943.21  22.5%   5.6 2650s
 787911 760999 8593669.20  283  228 9875900.35 7648943.21  22.5%   5.6 2667s
 788547 761628 9017666.88  329  210 9875900.35 7648943.21  22.5%   5.6 2670s
 790270 763389 9527540.58  400  189 9875900.35 7648943.21  22.5%   5.6 2675s
 791641 764612 7649808.85  161  238 9875900.35 7648943.52  22.5%   5.6 2680s
 792865 765839 8210880.32  557  208 9875900.35 7648943.52  22.5%   5.7 2689s
 793099 766088 8222979.61  635  210 9875900.35 7648943.52  22.5%   5.6 2690s
 794252 767059 8999481.44 1000  216 9875900.35 7648943.52  22.5%   5.7 2695s
 795450 768469     cutoff 1273      9875900.35 7648943.52  22.5%   5.7 2701s
 796958 769813 9370646.19  664  210 9875900.35 7648943.52  22.5%   5.7 2714s
 797215 770160 9675577.99  762  204 9875900.35 7648943.52  22.5%   5.7 2715s
 799069 772047 7650710.90  529  196 9875900.35 7648943.52  22.5%   5.7 2720s
 801279 774215 7654017.57 1487  190 9875900.35 7648943.52  22.5%   5.6 2725s
 803328 776002 7654441.14 2600  189 9875900.35 7648943.52  22.5%   5.6 2730s
 805365 778174 7654956.90 3823  186 9875900.35 7648943.52  22.5%   5.6 2735s
 806925 779539 7661996.70 4822  235 9875900.35 7648943.52  22.5%   5.6 2740s
 808145 780727 7648944.16   48  269 9875900.35 7648943.52  22.5%   5.6 2745s
 809076 781940 8357887.42  361  234 9875900.35 7648943.52  22.5%   5.6 2750s
 809880 782617 8820898.01  636  226 9875900.35 7648943.52  22.5%   5.6 2761s
 811102 784047 9835569.99  986  177 9875900.35 7648943.52  22.5%   5.6 2765s
 812734 785360 7649322.98  331  251 9875900.35 7648943.52  22.5%   5.6 2770s
 814694 787290 7655063.97 1192  187 9875900.35 7648943.52  22.5%   5.6 2775s
 816691 789244 7981826.62 2187  181 9875900.35 7648943.52  22.5%   5.6 2780s
 817951 790591 8254272.83 2782  180 9875900.35 7648943.52  22.5%   5.6 2785s
 818806 791092 8874282.98 3267  196 9875900.35 7648943.52  22.5%   5.6 2790s
 820136 792886 9426473.46 4199  182 9875900.35 7648943.52  22.5%   5.6 2795s
 822548 795083 8746191.74  471  222 9875900.35 7648943.68  22.5%   5.6 2813s
 823263 795814 9608106.22  743  184 9875900.35 7648943.68  22.5%   5.6 2815s
 823832 796056     cutoff  900      9875900.35 7648943.68  22.5%   5.6 2820s
 824914 797175 7652421.73  134  203 9875900.35 7648943.72  22.5%   5.6 2825s
 826266 798573 8515935.03  264  227 9875900.35 7648943.72  22.5%   5.6 2830s
 828011 800167 9128851.30  355  209 9875900.35 7648943.72  22.5%   5.6 2835s
 828945 801015 9398753.53  415  212 9875900.35 7648943.72  22.5%   5.6 2840s
 829919 802036     cutoff  492      9875900.35 7648943.72  22.5%   5.6 2845s
 831237 803444 7650022.41  358  221 9875900.35 7648944.01  22.5%   5.6 2851s
 832916 805127 8758379.13  736  230 9875900.35 7648944.01  22.5%   5.6 2855s
 833231 805440 9135679.58  825  214 9875900.35 7648944.01  22.5%   5.6 2867s
 834198 806239 9626248.30 1004  188 9875900.35 7648944.01  22.5%   5.6 2871s
 835402 807320     cutoff 1081      9875900.35 7648944.01  22.5%   5.6 2875s
 837074 809097 9004473.98  481  215 9875900.35 7648944.01  22.5%   5.6 2880s
 838410 810557 7650108.20  357  222 9875900.35 7648944.01  22.5%   5.6 2886s
 839346 811161 7650568.88  752  200 9875900.35 7648944.01  22.5%   5.6 2891s
 840217 812163 7650568.88 1279  200 9875900.35 7648944.01  22.5%   5.6 2895s
 841934 813974 7650810.79 2223  184 9875900.35 7648944.01  22.5%   5.6 2900s
 843778 815943 7650810.79 3075  184 9875900.35 7648944.01  22.5%   5.6 2905s
 845148 817249 7650823.19 3666  182 9875900.35 7648944.01  22.5%   5.6 2910s
 846870 819157 7651143.68 4520  181 9875900.35 7648944.01  22.5%   5.6 2921s
 848715 820875 7651284.10 4820  179 9875900.35 7648944.01  22.5%   5.6 2925s
 849668 821486 7652181.21 4819  177 9875900.35 7648944.01  22.5%   5.6 2930s
 850582 822557 7649844.02  434  231 9875900.35 7648944.45  22.5%   5.6 2935s
 852243 824101 7650006.18 1353  224 9875900.35 7648944.45  22.5%   5.6 2940s
 853453 825261 7650863.03 1958  191 9875900.35 7648944.45  22.5%   5.6 2945s
 854630 826464 7650863.03 2576  191 9875900.35 7648944.45  22.5%   5.6 2950s
 855547 827511 7650863.03 3087  191 9875900.35 7648944.45  22.5%   5.5 2955s
 857036 828979 7650879.98 3889  186 9875900.35 7648944.45  22.5%   5.5 2960s
 858894 830765 7658882.02 4823  177 9875900.35 7648944.45  22.5%   5.5 2965s
 860057 831666 8229951.78  199  217 9875900.35 7648945.09  22.5%   5.5 2971s
 860840 832733 9609631.09  481  201 9875900.35 7648945.09  22.5%   5.5 2975s
 861394 833153     cutoff  564      9875900.35 7648945.09  22.5%   5.5 2982s
 862309 834213 7650401.89  166  204 9875900.35 7648945.39  22.5%   5.5 2985s
 864278 836112 7650497.81  822  190 9875900.35 7648945.39  22.5%   5.5 2990s
 865271 836885 7650612.23 1284  193 9875900.35 7648945.39  22.5%   5.5 2996s
 866379 838229 7650933.71 2001  183 9875900.35 7648945.39  22.5%   5.5 3000s
 868013 839889 7651317.91 3155  179 9875900.35 7648945.39  22.5%   5.5 3005s
 869354 841062 7652420.97 4152  178 9875900.35 7648945.39  22.5%   5.5 3010s
 870434 841978 7661370.33 4822  175 9875900.35 7648945.39  22.5%   5.5 3017s
 871045 842893 7727461.32 4823  229 9875900.35 7648945.39  22.5%   5.5 3020s
 872460 844307 7673848.60  232  220 9875900.35 7648946.11  22.5%   5.5 3025s
 873304 845105 9115375.28  525  210 9875900.35 7648946.11  22.5%   5.5 3032s
 874366 846137 7667128.44  147  199 9875900.35 7648947.29  22.5%   5.5 3035s
 876261 848085 8160342.12  510  183 9875900.35 7648947.29  22.5%   5.5 3040s
 878105 849801 9619752.18  964  190 9875900.35 7648947.29  22.5%   5.5 3045s
 879769 851285 9485602.35  464  209 9875900.35 7648947.29  22.5%   5.5 3050s
 880792 852176 7649729.43  295  236 9875900.35 7648947.29  22.5%   5.5 3056s
 882003 853600 7650045.05  926  222 9875900.35 7648947.29  22.5%   5.5 3060s
 883665 855419 7651258.54 2004  189 9875900.35 7648947.29  22.5%   5.5 3065s
 885900 857243 7651350.29 3279  188 9875900.35 7648947.29  22.5%   5.5 3070s
H885923 857243                    9875579.0017 7648947.29  22.5%   5.5 3070s
 887117 858603 7651481.21 4086  186 9875579.00 7648947.29  22.5%   5.5 3075s
 887840 859454 7651803.53 4547  182 9875579.00 7648947.29  22.5%   5.5 3088s
 888358 859817 7900306.93 4832  232 9875579.00 7648947.29  22.5%   5.5 3090s
 889526 860990 7652664.73 4832  179 9875579.00 7648947.29  22.5%   5.5 3095s
 890598 862053 9049080.88  435  209 9875579.00 7648947.36  22.5%   5.5 3100s
H891040 862513                    9875428.3092 7648947.39  22.5%   5.5 3104s
 891221 862722 7650627.40  217  192 9875428.31 7648947.39  22.5%   5.5 3105s
H891791 863343                    9875423.6968 7648947.39  22.5%   5.5 3107s
H892244 863614                    9875416.3392 7648947.39  22.5%   5.5 3108s
 892624 864227 7661636.49 1248  191 9875416.34 7648947.39  22.5%   5.5 3110s
 894365 865967 7668219.21 2440  185 9875416.34 7648947.39  22.5%   5.6 3115s
 896195 867489 8056426.95 3645  182 9875416.34 7648947.39  22.5%   5.6 3122s
 896492 868169 8062939.98 3831  183 9875416.34 7648947.39  22.5%   5.6 3125s
 896877 868516 8071751.80 4084  181 9875416.34 7648947.39  22.5%   5.6 3139s
 897224 868782 8084972.76 4300  177 9875416.34 7648947.39  22.5%   5.6 3140s
 898618 870203 8445400.28 4839  223 9875416.34 7648947.39  22.5%   5.6 3145s
 900172 871754 7649151.70  139  258 9875416.34 7648947.75  22.5%   5.6 3151s
 901314 872608 7649155.48  786  257 9875416.34 7648947.75  22.5%   5.6 3156s
 902216 873787 7649339.83 1384  247 9875416.34 7648947.75  22.5%   5.6 3160s
 903349 874887 7650232.10 2028  205 9875416.34 7648947.75  22.5%   5.6 3165s
 904899 876588 7651375.51 3034  191 9875416.34 7648947.75  22.5%   5.6 3170s
H905304 876650                    9875101.2782 7648947.75  22.5%   5.6 3171s
 906359 877776 7652690.33 4045  187 9875101.28 7648947.75  22.5%   5.6 3177s
 907062 878801 7653066.21 4540  187 9875101.28 7648947.75  22.5%   5.6 3181s
 908396 880017 7848094.24 4838  233 9875101.28 7648947.75  22.5%   5.7 3203s
 909007 880587 7649704.11  177  235 9875101.28 7648947.75  22.5%   5.7 3205s
 910557 882095 7651917.04 1204  187 9875101.28 7648947.75  22.5%   5.7 3210s
 911575 882922 7666285.67 1998  179 9875101.28 7648947.75  22.5%   5.7 3215s
 912661 884298 7667315.59 2734  179 9875101.28 7648947.75  22.5%   5.7 3220s
 914300 886094 7736203.22 3933  173 9875101.28 7648947.75  22.5%   5.7 3226s
 916050 887503 7805825.62 4822  180 9875101.28 7648947.75  22.5%   5.7 3230s
 916977 888502 8283012.89 4822  225 9875101.28 7648947.75  22.5%   5.7 3235s
 918130 889645 8989491.43  451  214 9875101.28 7648948.34  22.5%   5.7 3240s
 918634 890068 9763365.99  747  188 9875101.28 7648948.34  22.5%   5.7 3260s
 919581 890917 7650760.43  197  197 9875101.28 7648948.34  22.5%   5.7 3265s
 921370 892684 7651433.57 1275  193 9875101.28 7648948.34  22.5%   5.7 3270s
 923301 894529 7651612.11 2388  192 9875101.28 7648948.34  22.5%   5.7 3275s
 925148 896380 7651719.16 3549  189 9875101.28 7648948.34  22.5%   5.7 3280s
 926581 897516 7653101.89 4616  188 9875101.28 7648948.34  22.5%   5.7 3285s
 927044 897707 7906805.88 4840  234 9875101.28 7648948.34  22.5%   5.7 3290s
 927689 898402 7955677.17 4839  233 9875101.28 7648948.34  22.5%   5.7 3295s
 929187 899675 7650020.23  411  224 9875101.28 7648948.64  22.5%   5.7 3300s
 930594 901317 7651134.31 1252  193 9875101.28 7648948.64  22.5%   5.7 3305s
 930937 901555 7651134.31 1499  193 9875101.28 7648948.64  22.5%   5.7 3323s
 931938 902641 7651134.31 2168  193 9875101.28 7648948.64  22.5%   5.7 3325s
 933997 904738 7651440.60 3360  186 9875101.28 7648948.64  22.5%   5.7 3330s
 935942 906718 7654301.89 4532  184 9875101.28 7648948.64  22.5%   5.7 3335s
 937867 908624 7655553.51 4842  183 9875101.28 7648948.64  22.5%   5.7 3340s
 939533 910150 8429183.16  400  204 9875101.28 7648949.34  22.5%   5.7 3345s
 941396 911887     cutoff  844      9875101.28 7648949.34  22.5%   5.7 3351s
 942326 912829 7654045.00  635  188 9875101.28 7648949.34  22.5%   5.7 3355s
 943251 913982 7654586.27 1157  188 9875101.28 7648949.34  22.5%   5.7 3360s
 945108 915734 7655743.35 2373  188 9875101.28 7648949.34  22.5%   5.7 3365s
 945436 916158 7655899.83 2606  187 9875101.28 7648949.34  22.5%   5.7 3379s
 945860 916488 7656009.51 2873  187 9875101.28 7648949.34  22.5%   5.7 3380s
 947551 918114 7656624.38 4118  185 9875101.28 7648949.34  22.5%   5.7 3385s
 949037 919518 8101522.53 4836  229 9875101.28 7648949.34  22.5%   5.7 3390s
 950192 920670 7935242.92 4836  230 9875101.28 7648949.34  22.5%   5.7 3395s
 951317 921847 8096014.71  173  218 9875101.28 7648949.34  22.5%   5.7 3400s
 952799 923149 8924204.41  290  213 9875101.28 7648949.34  22.5%   5.7 3405s
 954353 924894 9658375.45  376  208 9875101.28 7648949.34  22.5%   5.7 3410s
 955559 926070 9851797.27  461  182 9875101.28 7648949.34  22.5%   5.7 3415s
 957205 927682 7650845.85  736  190 9875101.28 7648949.34  22.5%   5.7 3420s
 958129 928619 7650858.47 1267  190 9875101.28 7648949.34  22.5%   5.7 3425s
 958751 929344 7650870.65 1691  188 9875101.28 7648949.34  22.5%   5.7 3439s
 959447 930014 7650884.34 2157  189 9875101.28 7648949.34  22.5%   5.7 3440s
 961142 931635 7650961.64 3456  186 9875101.28 7648949.34  22.5%   5.7 3445s
 962603 933173 7651427.84 4411  181 9875101.28 7648949.34  22.5%   5.7 3450s
 963291 933735 7653042.23 4841  177 9875101.28 7648949.34  22.5%   5.7 3455s
 964880 935392 7887087.84 4840  235 9875101.28 7648949.34  22.5%   5.7 3460s
 966463 936999 8442401.62  398  230 9875101.28 7648949.96  22.5%   5.7 3465s
 968162 938708 7649648.61  176  235 9875101.28 7648950.09  22.5%   5.6 3473s
H968561 938708                    9851495.5356 7648950.09  22.4%   5.6 3473s
 968993 939441 7649649.07  421  234 9851495.54 7648950.09  22.4%   5.6 3475s
 971158 941726 7667792.94  803  185 9851495.54 7648950.09  22.4%   5.6 3480s
 972403 942907 8904642.39 1374  224 9851495.54 7648950.09  22.4%   5.7 3485s
 972761 943167 9313407.90 1478  203 9851495.54 7648950.09  22.4%   5.7 3496s
 973503 943908 9636957.30 1629  180 9851495.54 7648950.09  22.4%   5.7 3501s
 974646 944803 9823441.96 1897  173 9851495.54 7648950.09  22.4%   5.7 3505s
 976141 946172 7650490.81  540  204 9851495.54 7648950.14  22.4%   5.7 3510s
 977533 947577 7650817.61 1064  198 9851495.54 7648950.14  22.4%   5.6 3515s
 979173 949318 7651249.17 1763  191 9851495.54 7648950.14  22.4%   5.6 3520s
 980951 951138 7651271.54 2606  191 9851495.54 7648950.14  22.4%   5.6 3525s
H981343 951138                    9851481.8904 7648950.14  22.4%   5.6 3525s
H981387 951280                    9850748.2476 7648950.14  22.4%   5.6 3526s
 982513 952678 7651652.30 3366  187 9850748.25 7648950.14  22.4%   5.6 3530s
 983851 953733 7652233.05 4071  187 9850748.25 7648950.14  22.4%   5.6 3535s
 985530 955546 7654573.80 4822  182 9850748.25 7648950.14  22.4%   5.6 3540s
 986930 956791 8462848.82  341  223 9850748.25 7648950.80  22.4%   5.6 3545s
 987631 957438     cutoff  768      9850748.25 7648950.80  22.4%   5.6 3562s
 988237 958167 7650070.36  360  224 9850748.25 7648950.80  22.4%   5.6 3565s
 989468 959426 7651227.60 1150  194 9850748.25 7648950.80  22.4%   5.6 3571s
 990527 960680 7651301.95 1863  193 9850748.25 7648950.80  22.4%   5.6 3575s
 992895 962868 7651326.32 3040  193 9850748.25 7648950.80  22.4%   5.6 3580s
 995241 965334 7651336.03 4236  194 9850748.25 7648950.80  22.4%   5.6 3585s
 997077 967086 7652088.65 4836  187 9850748.25 7648950.80  22.4%   5.6 3590s
 998774 968665 7770600.92  192  221 9850748.25 7648950.80  22.4%   5.6 3595s
 999486 969178 8499710.30  474  222 9850748.25 7648950.80  22.4%   5.6 3600s

Cutting planes:
  RLT: 154

Explored 999488 nodes (5583162 simplex iterations) in 3600.17 seconds (2078.85 work units)
Thread count was 2 (of 24 available processors)

Solution count 10: 9.85075e+06 9.85148e+06 9.8751e+06 ... 9.87783e+06

Time limit reached
Best objective 9.850748247623e+06, best bound 7.648950800912e+06, gap 22.3516%
