
Gurobi 11.0.3 (linux64, Java) logging started qui 12 dez 2024 11:49:10 -03

Set parameter Username
Academic license - for non-commercial use only - expires 2025-10-10
Set parameter NonConvex to value 2
Set parameter TimeLimit to value 3600
Set parameter LogToConsole to value 0
Set parameter MIPGap to value 1.0622098813775087e-07
Set parameter Threads to value 2
Set parameter NodefileDir to value "/home/ps12398/experiment_epec/goalProgrammingMarcos/"
Set parameter NodefileStart to value 1
Gurobi Optimizer version 11.0.3 build v11.0.3rc0 (linux64)

CPU model: Intel(R) Xeon(R) CPU           X5650  @ 2.67GHz, instruction set [SSE2]
Thread count: 12 physical cores, 24 logical processors, using up to 2 threads

Optimize a model with 15850 rows, 11484 columns and 142736 nonzeros
Model fingerprint: 0x1d1b3d41
Model has 80 quadratic constraints
Variable types: 5706 continuous, 5778 integer (75 binary)
Coefficient statistics:
  Matrix range     [1e-02, 3e+06]
  QMatrix range    [1e-02, 5e+04]
  QLMatrix range   [1e+00, 5e+04]
  Objective range  [1e+00, 2e+07]
  Bounds range     [1e+00, 1e+08]
  RHS range        [1e+00, 9e+05]
  QRHS range       [3e-02, 3e-02]
Presolve removed 15725 rows and 11191 columns
Presolve time: 0.18s
Presolved: 315 rows, 356 columns, 5664 nonzeros
Presolved model has 63 bilinear constraint(s)

Solving non-convex MIQCP

Variable types: 131 continuous, 225 integer (0 binary)
Found heuristic solution: objective 3693094.4529

Root relaxation: objective 0.000000e+00, 221 iterations, 0.01 seconds (0.01 work units)

    Nodes    |    Current Node    |     Objective Bounds      |     Work
 Expl Unexpl |  Obj  Depth IntInf | Incumbent    BestBd   Gap | It/Node Time

     0     0    0.00000    0  148 3693094.45    0.00000   100%     -    0s
H    0     0                    3475611.9647    0.00000   100%     -    0s
     0     0    0.00000    0  143 3475611.96    0.00000   100%     -    0s
H    0     0                    1329414.6357    0.00000   100%     -    0s
     0     0    0.00000    0  141 1329414.64    0.00000   100%     -    0s
     0     0    0.00000    0  142 1329414.64    0.00000   100%     -    0s
     0     0 3449.03875    0  142 1329414.64 3449.03875   100%     -    0s
H    0     0                    1016578.4313 3449.03875   100%     -    0s
     0     0 3478.14855    0  142 1016578.43 3478.14855   100%     -    0s
     0     0 3930.72667    0  143 1016578.43 3930.72667   100%     -    0s
     0     0 3961.66298    0  143 1016578.43 3961.66298   100%     -    0s
     0     2 3961.66298    0  143 1016578.43 3961.66298   100%     -    0s
H   29    32                    1016462.5269 4022.88628   100%   1.1    0s
H  105   121                    1016462.5268 4023.79955   100%   1.0    0s
H  818   866                    963459.99352 4023.79955   100%   1.0    1s
H 1014  1050                    943792.14058 4023.79955   100%   1.4    1s
H 1230  1263                    943386.69005 4023.79955   100%   1.8    1s
H 1300  1329                    942821.53989 4023.79955   100%   1.9    1s
H 1658  1692                    936526.20191 4023.79955   100%   2.3    2s
H 2008  2055                    866093.78508 4023.79955   100%   2.6    2s
H 2854  2958                    856343.42296 4023.79955   100%   2.7    3s
H 3667  3483                    780474.52924 45310.0754  94.2%   2.7    4s
H 3667  3309                    778907.84521 45310.0754  94.2%   2.7    4s
H 3668  3144                    710408.23009 46130.1946  93.5%   2.7    4s
H 3676  2993                    688815.80161 46794.4211  93.2%   2.8    4s
  3681  2998 113054.645 1445   80 688815.802 46794.4211  93.2%   2.9    5s
H 3703  2865                    622550.15665 53950.5493  91.3%   3.3    7s
H 3705  2723                    615870.17326 53956.8329  91.2%   3.3    7s
H 3884  2716                    614381.03281 54092.1074  91.2%   3.4    9s
H 4272  2857                    613643.24374 54092.1074  91.2%   3.3    9s
  4361  2964 54466.4148  288   66 613643.244 54092.1074  91.2%   3.2   10s
H 5242  3366                    595896.10466 54092.1074  90.9%   3.1   10s
H 5339  3323                    591757.66274 54092.1074  90.9%   3.1   10s
H 5362  3211                    591548.96342 54092.1074  90.9%   3.1   10s
H 5966  3542                    549558.34401 54092.1074  90.2%   3.1   11s
H 7170  4384                    549558.34358 54092.1074  90.2%   3.0   12s
H 9142  5694                    548893.96808 54092.1074  90.1%   3.2   14s
 10517  6918 148801.359 1992   72 548893.968 54092.1074  90.1%   3.3   15s
 15469 11881 204963.376 3251   82 548893.968 54092.1074  90.1%   4.0   20s
H15602 11881                    545552.28483 54092.1074  90.1%   4.1   20s
H15794 12119                    544579.72887 54092.1074  90.1%   4.2   20s
H15835 12119                    538987.87514 54092.1074  90.0%   4.2   20s
H15855 12119                    532303.21093 54092.1074  89.8%   4.2   20s
H15995 12267                    527655.08951 54092.1074  89.7%   4.2   20s
H16283 12583                    523301.62795 54092.1074  89.7%   4.3   20s
H16972 13388                    522365.09258 54092.1074  89.6%   4.4   21s
H17021 13388                    499069.17042 54092.1074  89.2%   4.4   21s
H17446 13720                    493505.85234 54092.1074  89.0%   4.5   21s
H17612 13851                    492569.31698 54092.1074  89.0%   4.6   21s
H17684 13964                    488636.70817 54092.1074  88.9%   4.6   22s
H18860 15227                    474613.01923 54093.6484  88.6%   4.7   23s
 20307 16501 155877.583  734   66 474613.019 54093.6484  88.6%   4.6   25s
H21067 16998                    464507.83411 54093.6484  88.4%   4.5   25s
 25448 21366 179366.870 2097   67 464507.834 54093.6484  88.4%   4.3   30s
H31158 26909                    464449.88190 54093.6484  88.4%   4.4   34s
H31306 27017                    464442.11926 54093.6484  88.4%   4.4   34s
 31574 27446 252436.046 3402   72 464442.119 54093.6484  88.4%   4.4   35s
H32528 28275                    460253.59968 54093.6484  88.2%   4.5   35s
H33671 29364                    459153.88723 54093.6484  88.2%   4.5   36s
H35434 31195                    459151.44184 54128.7313  88.2%   4.5   39s
H36280 31872                    456653.18348 54128.7313  88.1%   4.5   39s
 36307 31991 162874.188  536   74 456653.183 54128.7313  88.1%   4.5   40s
H38109 33564                    417158.70767 54128.7313  87.0%   4.7   41s
H39071 34451                    391325.67701 54128.7313  86.2%   4.8   42s
H40222 35700                    391279.27956 54128.7313  86.2%   4.9   44s
H40297 35700                    386472.23498 54128.7313  86.0%   4.9   44s
 41065 36666 191169.765 1657   84 386472.235 54128.7313  86.0%   5.0   45s
H42962 38506                    386425.83753 54128.7313  86.0%   5.3   46s
 45632 41162 208161.561 2758   89 386425.838 54128.7313  86.0%   5.7   50s
 50440 45790 261134.642 3633  100 386425.838 54128.7313  86.0%   6.0   55s
 55405 50870 216850.274 1296   63 386425.838 54166.6350  86.0%   6.1   60s
H57628 52921                    386424.48127 54166.6350  86.0%   6.2   62s
 58817 54271 262652.789 2165   96 386424.481 54166.6350  86.0%   6.3   65s
 63537 58894 145077.996  618   77 386424.481 54170.1086  86.0%   6.5   70s
 72320 67471 207631.768 3633   83 386424.481 54170.1086  86.0%   5.9   75s
H77570 72307                    385403.78373 54184.7880  85.9%   5.6   79s
 78059 73032 193317.272 1965   71 385403.784 54184.7880  85.9%   5.6   80s
 86035 80539 180284.171 1655   75 385403.784 54220.7520  85.9%   5.2   85s
H86939 81533                    385402.70337 54220.7520  85.9%   5.2   85s
 91402 85916 238362.487 3631   92 385402.703 54220.7520  85.9%   5.0   90s
 96461 90525 169352.887 1409   75 385402.703 54224.6666  85.9%   4.8   95s
H96584 90525                    385351.31336 54224.6666  85.9%   4.8   95s
 102968 96709 238799.861 3631   72 385351.313 54224.6666  85.9%   4.7  100s
 109935 103038 239566.927 1221   61 385351.313 54228.3141  85.9%   4.6  105s
 115707 108988 264836.701 2468   71 385351.313 54228.3141  85.9%   4.7  110s
 120141 113386 327999.365 3468   60 385351.313 54228.3141  85.9%   4.9  115s
 126092 119259 164372.598 2621   67 385351.313 54247.6364  85.9%   4.8  120s
H126217 119259                    380114.57442 54247.6364  85.7%   4.8  120s
H127382 120528                    379538.29183 54247.6364  85.7%   4.8  120s
H128549 121595                    372085.86003 54247.6364  85.4%   4.7  121s
H128847 121910                    367054.95254 54247.6364  85.2%   4.7  121s
H129450 122105                    357424.63236 54247.6364  84.8%   4.7  121s
H130707 123293                    357376.00755 54247.6364  84.8%   4.7  122s
 134871 126968 181781.035  791   69 357376.008 54258.5942  84.8%   4.6  125s
 143069 134628 181289.482 1609   74 357376.008 54259.7495  84.8%   4.5  130s
H143230 134637                    357345.44530 54259.7495  84.8%   4.5  130s
H143231 134349                    351938.77944 54259.7495  84.6%   4.5  130s
H143310 134393                    350236.29689 54259.7495  84.5%   4.5  130s
H147654 138807                    347153.80306 54259.7495  84.4%   4.4  132s
H147941 139004                    347153.76454 54259.7495  84.4%   4.4  132s
 151216 142367 232533.447  427   81 347153.765 54273.1150  84.4%   4.4  135s
 156007 146950 246989.558 1588   69 347153.765 54273.1150  84.4%   4.4  140s
H159985 150817                    347107.44425 54273.1150  84.4%   4.4  142s
H161154 151685                    347107.43917 54273.1150  84.4%   4.4  143s
 162125 152591 279608.952 2974   76 347107.439 54273.1150  84.4%   4.4  145s
 168363 158620 147224.400  115  138 347107.439 54273.1150  84.4%   4.4  150s
H172375 162336                    345253.39732 54277.3911  84.3%   4.3  151s
 176975 166701 185713.629  447   69 345253.397 54284.1334  84.3%   4.2  155s
 183233 172236 121183.429  134  137 345253.397 54287.9629  84.3%   4.2  160s
 187951 176923 218859.470 1770   69 345253.397 54287.9629  84.3%   4.1  165s
 192516 181316 304254.789 3630   78 345253.397 54287.9629  84.3%   4.1  170s
H197817 186102                    345251.57504 54287.9629  84.3%   4.1  174s
 198274 186813 206161.034 2337   70 345251.575 54287.9629  84.3%   4.1  175s
 206600 194947 185777.609 3091   66 345251.575 54293.7958  84.3%   4.0  180s
H210315 197887                    341865.80349 54293.9870  84.1%   4.0  183s
 214452 202086 247114.141 3633   68 341865.803 54293.9870  84.1%   4.0  185s
 220634 208025 233538.703 1706   65 341865.803 54297.6531  84.1%   3.9  190s
 227719 214971 151921.561  171  103 341865.803 54300.7304  84.1%   3.9  195s
 232745 219989 215170.038 2429   58 341865.803 54304.0461  84.1%   3.8  200s
 238264 225305 245447.102  708   74 341865.803 54304.6128  84.1%   3.8  205s
 248191 234597 267878.870 3003   73 341865.803 54304.6128  84.1%   3.7  211s
 253668 240171 195154.271  950   77 341865.803 54317.2615  84.1%   3.7  215s
 259633 245815 193866.534  382   69 341865.803 54320.5643  84.1%   3.6  220s
 265129 250752 263222.987 3632   90 341865.803 54320.5643  84.1%   3.6  225s
 270980 256602 186652.328 1594   70 341865.803 54323.4438  84.1%   3.6  230s
 278144 263678 194070.092  532   72 341865.803 54326.6105  84.1%   3.5  235s
 285439 270572 175554.450  136  130 341865.803 54326.8915  84.1%   3.5  240s
 290056 275161 216388.963 1690   69 341865.803 54328.3358  84.1%   3.6  245s
 295188 280113     cutoff  973      341865.803 54330.7039  84.1%   3.6  250s
 301003 285820 221133.855 1278   66 341865.803 54334.9521  84.1%   3.5  255s
 305529 290100 312230.741 3633   99 341865.803 54334.9521  84.1%   3.5  260s
 310190 294716 244282.774  499   90 341865.803 54335.8748  84.1%   3.5  265s
 316912 301410 236773.128 2637   65 341865.803 54340.3500  84.1%   3.5  270s
 323664 307926 188868.870  509   78 341865.803 54345.8113  84.1%   3.5  275s
 330750 314993 302839.139 3634   69 341865.803 54348.0389  84.1%   3.4  280s
 337047 321160 228547.247 3194   66 341865.803 54348.0389  84.1%   3.4  285s
 342073 326098 192010.901  770   70 341865.803 54352.7519  84.1%   3.4  290s
 346796 330457 341158.158 3228  128 341865.803 54352.7519  84.1%   3.4  295s
 353135 336541 218149.880 1500   73 341865.803 54354.7995  84.1%   3.3  300s
 357048 339905 135244.800  187   75 341865.803 54361.2267  84.1%   3.3  305s
 363157 345973 218474.458  183   87 341865.803 54361.4365  84.1%   3.3  310s
 367754 350250 254309.261  816   72 341865.803 54361.6463  84.1%   3.3  315s
H370439 350943                    328443.62318 54361.6463  83.4%   3.3  318s
H371177 351047                    325481.39364 54361.6463  83.3%   3.3  318s
H371914 351518                    324837.32789 54361.6463  83.3%   3.4  319s
H372175 351610                    324375.43203 54361.6463  83.2%   3.4  319s
H372528 351104                    322134.58937 54361.6463  83.1%   3.4  320s
H374280 352383                    321675.06375 54361.8043  83.1%   3.4  322s
H375621 353345                    320840.71252 54362.1708  83.1%   3.4  324s
 375870 353673 189498.161  474   71 320840.713 54362.1708  83.1%   3.4  325s
H376686 354111                    320085.16697 54362.1708  83.0%   3.4  325s
H377722 354675                    319590.08599 54362.1708  83.0%   3.4  326s
 381646 358567 153738.864  243   82 319590.086 54362.6953  83.0%   3.4  330s
 386302 363193 232765.749 2474   75 319590.086 54362.6953  83.0%   3.4  335s
H388078 364687                    319541.46118 54362.6953  83.0%   3.4  336s
 389700 366013 128920.960  203   75 319541.461 54363.3247  83.0%   3.4  340s
H394735 370339                    319376.18751 54363.3247  83.0%   3.4  343s
H395584 371011                    319170.46000 54363.3247  83.0%   3.4  344s
 396167 371764 317444.586 3335   82 319170.460 54363.5345  83.0%   3.4  345s
 399765 375049 141758.033  241   71 319170.460 54363.8492  83.0%   3.5  350s
 405878 380307 297567.303  319   87 319170.460 54364.5834  83.0%   3.4  355s
 411386 385900 187567.501 1684   69 319170.460 54364.6042  83.0%   3.5  360s
 415323 389022 316758.971  285  122 319170.460 54365.3177  83.0%   3.5  365s
 419865 393608 235325.535 1031   79 319170.460 54365.6324  83.0%   3.5  370s
 425360 398361 299808.342 2790   69 319170.460 54365.6324  83.0%   3.5  375s
 428158 400317     cutoff  383      319170.460 54366.8912  83.0%   3.5  380s
 432923 405238 206616.041 2493   70 319170.460 54366.9510  83.0%   3.5  385s
 438788 410753 315218.749  394   98 319170.460 54367.2684  83.0%   3.5  390s
H439486 411271                    319166.75634 54367.2684  83.0%   3.5  390s
 442694 414230 193225.934 1211   86 319166.756 54367.4495  83.0%   3.5  395s
 446676 417773 174209.973  486   72 319166.756 54367.9482  83.0%   3.5  400s
H447644 418520                    319164.25470 54367.9482  83.0%   3.5  400s
 451700 422526 227413.693 2670   68 319164.255 54367.9482  83.0%   3.5  405s
 457043 427742 231494.082 1016   92 319164.255 54368.4582  83.0%   3.5  410s
 461255 431206     cutoff  572      319164.255 54369.2001  83.0%   3.6  415s
 464864 434406 278055.846 1160   67 319164.255 54369.4277  83.0%   3.6  420s
 469588 438636     cutoff  529      319164.255 54369.9268  83.0%   3.6  425s
 474214 443177 211298.012  719   58 319164.255 54370.3188  83.0%   3.6  430s
 479461 447815 233425.479  911   81 319164.255 54370.5659  83.0%   3.6  435s
 483383 451172 188390.577  847   66 319164.255 54371.0807  83.0%   3.6  440s
H484889 452300                    319163.12593 54371.0807  83.0%   3.6  441s
 488028 455323     cutoff  487      319163.126 54371.2905  83.0%   3.6  445s
 492844 460115 227991.726 1026   83 319163.126 54371.8178  83.0%   3.6  450s
H497421 464132                    318936.15474 54372.0454  83.0%   3.6  454s
 497790 464547 224338.590  402   75 318936.155 54372.1297  83.0%   3.6  455s
 503165 469862 222272.390 1291   69 318936.155 54372.2346  83.0%   3.6  460s
 507934 474405 306902.587 2471   73 318936.155 54372.2346  83.0%   3.6  465s
 511534 477144 196711.180  782   75 318936.155 54372.8640  83.0%   3.6  470s
 516423 481636 268709.753  498   77 318936.155 54373.1933  83.0%   3.7  475s
 520824 486177 302576.390 2115   55 318936.155 54373.3885  83.0%   3.7  480s
 523994 488331 171773.663  448   89 318936.155 54374.0941  83.0%   3.7  485s
 528873 493090 209687.538  419   75 318936.155 54374.2079  83.0%   3.7  490s
 532520 495803 242555.141  460   82 318936.155 54374.8571  83.0%   3.7  495s
 536956 499517 226670.999  488   90 318936.155 54375.3460  83.0%   3.7  500s
H537068 499517                    318935.12360 54375.3460  83.0%   3.7  500s
 540538 502567 69086.3195  522   85 318935.124 54375.6874  83.0%   3.7  505s
 546070 507427 230225.773 1883  104 318935.124 54375.8012  83.0%   3.7  510s
 549748 510764 220985.193  894   79 318935.124 54376.3703  83.0%   3.8  515s
H551061 511716                    318672.20078 54376.3703  82.9%   3.8  517s
H551255 511398                    317881.78907 54376.3703  82.9%   3.8  517s
H552455 512047                    316942.34113 54376.5354  82.8%   3.8  519s
 552457 512250 310231.080  503  112 316942.341 54376.6403  82.8%   3.8  520s
 557813 516983 248927.844 1213   72 316942.341 54376.9394  82.8%   3.8  525s
 561518 520415     cutoff  568      316942.341 54377.5844  82.8%   3.8  530s
 564814 523521 184778.611  835   82 316942.341 54378.1089  82.8%   3.8  535s
 569967 528227 262477.954  875   68 316942.341 54378.1913  82.8%   3.8  540s
H571308 528811                    316064.12263 54378.1913  82.8%   3.8  541s
H571841 529221                    316064.07407 54378.4236  82.8%   3.8  542s
 574304 531864 220483.790 1121   58 316064.074 54378.6466  82.8%   3.8  545s
 578327 534936     cutoff  698      316064.074 54379.2156  82.8%   3.8  550s
 583264 539679 296773.762 2906   31 316064.074 54379.2628  82.8%   3.8  555s
H584513 540526                    316063.94646 54379.5571  82.8%   3.8  556s
 586951 542968 187687.752  617  114 316063.946 54379.7143  82.8%   3.8  560s
 591863 547639 275431.427 3030   65 316063.946 54379.7143  82.8%   3.8  565s
 595449 550833 183301.050  582   82 316063.946 54380.2004  82.8%   3.8  570s
H598688 551782                    312568.42178 54380.2004  82.6%   3.8  574s
H598979 549472                    310068.42827 54380.2004  82.5%   3.8  574s
H599197 546289                    307236.69584 54380.2004  82.3%   3.8  574s
 599263 546757 268909.349 2785   73 307236.696 54380.2004  82.3%   3.8  575s
H599753 544583                    305292.73373 54380.2004  82.2%   3.8  575s
H600053 544153                    304715.69221 54380.2004  82.2%   3.8  575s
H600543 544327                    304702.15219 54380.2004  82.2%   3.8  576s
 605100 548823 208434.360  968   77 304702.152 54380.7386  82.2%   3.8  580s
 609239 552363 294147.601  564  115 304702.152 54381.1445  82.2%   3.8  585s
 613504 556706 223277.797 1092   75 304702.152 54381.3543  82.2%   3.8  590s
H615570 557835                    304363.55437 54381.3543  82.1%   3.8  592s
H616584 556908                    303327.69038 54381.7739  82.1%   3.8  593s
 617583 558063 183544.035  736   89 303327.690 54381.9905  82.1%   3.8  595s
 621906 562331 233500.690 1988   57 303327.690 54381.9905  82.1%   3.8  600s
 626731 566293 228714.729  567   81 303327.690 54382.4033  82.1%   3.9  605s
 629929 568755 181343.676  624   87 303327.690 54383.0148  82.1%   3.9  610s
 633634 571878     cutoff  641      303327.690 54384.4076  82.1%   3.9  615s
 637008 574588 210035.637  503   86 303327.690 54389.7637  82.1%   3.9  620s
 641360 579035     cutoff 1336      303327.690 54389.7637  82.1%   3.9  625s
 646068 583497 277433.192 3051   51 303327.690 54392.9604  82.1%   3.9  630s
 650497 587412 281903.549 2108   98 303327.690 54399.8822  82.1%   3.9  635s
 654526 591153 258126.688  655   63 303327.690 54401.7027  82.1%   3.9  640s
 658721 595384 269132.997 1892   64 303327.690 54401.7027  82.1%   3.9  645s
 664177 600292     cutoff 3158      303327.690 54401.7027  82.1%   3.9  650s
 669487 605414 130886.328  125  127 303327.690 54423.1048  82.1%   3.9  655s
 674820 610598 241107.578 1732   72 303327.690 54431.4967  82.1%   3.8  660s
 679540 614768 246885.913  346  101 303327.690 54454.3386  82.0%   3.8  665s
 683051 617759 269111.745  563   90 303327.690 54460.6355  82.0%   3.9  670s
 686878 621301 227181.326  399  102 303327.690 54461.1098  82.0%   3.9  675s
 689990 623754 173446.297  256   86 303327.690 54462.1646  82.0%   3.9  680s
 693466 626578     cutoff  301      303327.690 54463.1967  82.0%   3.9  685s
 696878 629529 280343.147  279   89 303327.690 54463.7658  82.0%   3.9  690s
 700719 633020 294203.171 1461   59 303327.690 54463.9142  82.0%   3.9  695s
 703572 635504 262800.648  663   71 303327.690 54464.4240  82.0%   4.0  700s
H703836 632546                    301487.59892 54464.4240  81.9%   4.0  700s
H704127 632335                    301381.17884 54464.4240  81.9%   4.0  700s
 707734 635249 283927.202  325  103 301381.179 54465.6572  81.9%   4.0  705s
H707814 635246                    301378.90202 54465.6572  81.9%   4.0  705s
 710899 638092 188699.511  346   94 301378.902 54466.1314  81.9%   4.0  710s
 715515 641878 236478.491  314  116 301378.902 54466.6294  81.9%   4.0  715s
 718840 644655 225398.694  366   80 301378.902 54466.9852  81.9%   4.0  720s
 722749 648307 257780.326  374  102 301378.902 54467.3646  81.9%   4.0  725s
 726240 651265 287660.852  950   70 301378.902 54467.8389  81.9%   4.0  730s
 730090 654329 236212.075  371   76 301378.902 54468.6878  81.9%   4.0  735s
H730343 654461                    301378.75326 54468.7907  81.9%   4.0  735s
 734201 657746 270432.833  862   55 301378.753 54469.3053  81.9%   4.1  740s
 737701 660888 206456.394  625  120 301378.753 54469.9228  81.9%   4.1  745s
 742025 664613 173360.078  427   90 301378.753 54470.4374  81.9%   4.1  750s
 745349 667587 178614.851  572  105 301378.753 54470.7795  81.9%   4.1  755s
H745944 668052                    301374.74395 54470.7795  81.9%   4.1  755s
H747062 652469                    292914.24744 54470.9520  81.4%   4.1  757s
 748474 653845     cutoff  425      292914.247 54471.2538  81.4%   4.1  760s
 751965 656827 287493.925  426  117 292914.247 54471.6332  81.4%   4.1  765s
H753000 656883                    292724.31873 54472.2024  81.4%   4.1  767s
H753060 656732                    292605.09558 54472.2900  81.4%   4.1  767s
H754062 657587                    292601.21426 54472.4958  81.4%   4.1  769s
 754695 658062 264121.159  690   84 292601.214 54472.4958  81.4%   4.1  770s
 757735 660538 287187.751 1368   55 292601.214 54473.0104  81.4%   4.2  775s
 761979 664764 264769.647 1190   70 292601.214 54473.4221  81.4%   4.2  780s
H762618 659474                    290209.24420 54473.4221  81.2%   4.2  781s
H764849 638489                    282401.25558 54473.9367  80.7%   4.2  784s
 764979 638673 271428.263  771   64 282401.256 54473.9367  80.7%   4.2  785s
H765043 634470                    281203.88544 54473.9367  80.6%   4.2  785s
H765237 622697                    278711.61913 54473.9367  80.5%   4.2  786s
 768626 625027 267767.629  463  116 278711.619 54475.2109  80.5%   4.2  790s
H769432 624858                    278613.19789 54475.4217  80.4%   4.2  791s
 771481 626395 175150.243  522   98 278613.198 54476.2401  80.4%   4.2  795s
 774113 628153 184028.672  605  112 278613.198 54476.7547  80.4%   4.2  800s
 776113 629530 172882.124  513   99 278613.198 54477.3189  80.4%   4.3  805s
 778671 631151 215870.557  572   77 278613.198 54477.9829  80.4%   4.3  810s
 780003 632001 187241.012  656  106 278613.198 54478.5044  80.4%   4.3  815s
 782041 633336 226773.281  739  116 278613.198 54479.0264  80.4%   4.3  820s
 784306 635301 172617.339  551  103 278613.198 54479.5335  80.4%   4.3  825s
 786336 636695 277663.691 1028   55 278613.198 54480.0481  80.4%   4.4  830s
 788568 638156 262641.399  902   81 278613.198 54488.6414  80.4%   4.4  835s
 790980 639977 204364.057  143  132 278613.198 54698.3355  80.4%   4.4  840s
 794861 642693 210576.541  198  115 278613.198 54809.6041  80.3%   4.4  845s
 797850 645005 199138.960  152  129 278613.198 54861.5468  80.3%   4.4  850s
H798540 645336                    278596.04207 54867.7185  80.3%   4.4  851s
 800336 646540 246930.448  215  113 278596.042 54985.9632  80.3%   4.4  855s
 802347 648349 259223.555  514  108 278596.042 55023.5144  80.2%   4.4  860s
 804976 650352 243134.031  226  111 278596.042 55281.8332  80.2%   4.4  865s
 807989 653440 155275.382  152  128 278596.042 55321.5104  80.1%   4.4  870s
 811433 657016 180372.517  259  128 278596.042 55412.5129  80.1%   4.4  875s
 815035 659660 232702.260  532  101 278596.042 55538.9763  80.1%   4.4  880s
 817339 661584 156380.193  244  135 278596.042 55752.8866  80.0%   4.4  885s
 819814 663622     cutoff  215      278596.042 55976.5997  79.9%   4.5  890s
 821459 664907 159625.297  207  128 278596.042 56190.5100  79.8%   4.5  895s
 824626 667233     cutoff  536      278596.042 56342.6315  79.8%   4.5  900s
 827374 669221 224579.882  307  115 278596.042 56676.7581  79.7%   4.5  905s
 830156 671313 186774.958  377  127 278596.042 56851.5700  79.6%   4.5  910s
 833008 673289     cutoff  283      278596.042 57178.2010  79.5%   4.5  915s
 836029 675890 183616.891  444  122 278596.042 57386.7193  79.4%   4.5  920s
 838873 678082 212791.529  233  119 278596.042 57532.5937  79.3%   4.5  925s
 841589 680004 238909.035  333  112 278596.042 57775.7178  79.3%   4.6  930s
 844426 681939     cutoff  293      278596.042 58004.8229  79.2%   4.6  935s
 849047 685587 257411.511  191  135 278596.042 58197.1432  79.1%   4.6  940s
 852730 688631 212481.821  306  127 278596.042 58308.8194  79.1%   4.6  945s
 856438 691789 264197.983  329  126 278596.042 58417.1393  79.0%   4.6  950s
 859156 693836 258111.936  352  113 278596.042 58588.3207  79.0%   4.6  955s
 862191 696397     cutoff  601      278596.042 58685.5703  78.9%   4.6  960s
 865027 698541 177361.196  239  137 278596.042 58822.4971  78.9%   4.7  965s
 867846 700544 192485.086  370  119 278596.042 58977.3192  78.8%   4.7  970s
 872009 704123 264327.905  611   97 278596.042 59059.3740  78.8%   4.7  975s
 874791 706153 156465.681  213  144 278596.042 59220.4432  78.7%   4.7  980s
 877749 708197 164122.249  232  144 278596.042 59403.1185  78.7%   4.7  985s
 880698 710379 270327.897  591  112 278596.042 59532.8526  78.6%   4.7  990s
 883219 711900 264055.376  347  128 278596.042 59652.7245  78.6%   4.7  995s
 887034 715040 209849.832  550  121 278596.042 59756.5117  78.6%   4.8 1000s
 890169 717243     cutoff  292      278596.042 59866.5849  78.5%   4.8 1005s
 893195 719425 192336.571  391  116 278596.042 60005.4529  78.5%   4.8 1010s
 896153 721714     cutoff  366      278596.042 60300.0287  78.4%   4.8 1015s
 898568 723551 187505.029  316  132 278596.042 60642.4705  78.2%   4.8 1020s
 901351 725667     cutoff  596      278596.042 60834.8540  78.2%   4.8 1025s
H902184 686167                    270210.97058 60888.4257  77.5%   4.8 1026s
 904054 687673 176268.176  181  120 270210.971 60916.7590  77.5%   4.9 1030s
 908003 690541 244692.028  336  119 270210.971 60919.8755  77.5%   4.9 1035s
 911564 693308 232679.089  505  100 270210.971 60922.2128  77.5%   4.9 1040s
 915318 696049 208014.755  310  122 270210.971 61138.0839  77.4%   4.9 1045s
 918456 698298 254200.502  499  113 270210.971 61140.1784  77.4%   5.0 1050s
 922733 701397 184260.236  343  139 270210.971 61231.6263  77.3%   5.0 1055s
 926527 704138     cutoff  334      270210.971 61569.1731  77.2%   5.0 1060s
 929243 706368 213936.448  572  119 270210.971 61958.1716  77.1%   5.0 1065s
 932030 708239     cutoff  383      270210.971 62407.0582  76.9%   5.1 1070s
 935210 710761     cutoff  317      270210.971 62710.5273  76.8%   5.1 1075s
 938463 713227 174002.216  275  130 270210.971 63427.1768  76.5%   5.1 1080s
 941440 715419 252105.164  361  130 270210.971 64060.3019  76.3%   5.1 1085s
 944336 717561 253821.652  296  121 270210.971 65237.9516  75.9%   5.1 1090s
 946913 719947 167472.853  190  143 270210.971 65584.4745  75.7%   5.1 1095s
 949990 722344 253452.863  523  109 270210.971 65673.2901  75.7%   5.1 1100s
 952828 724409 232879.300  295  115 270210.971 65754.2726  75.7%   5.2 1105s
 956797 727359     cutoff  347      270210.971 65827.0393  75.6%   5.2 1110s
 959939 729827 261739.628  262  125 270210.971 66535.2927  75.4%   5.2 1115s
 962532 731666 249992.341  504  117 270210.971 67280.0376  75.1%   5.2 1120s
 965123 733656 264476.572  322  142 270210.971 67624.8305  75.0%   5.3 1125s
 967794 735593 254635.614  399  131 270210.971 67677.6721  75.0%   5.3 1130s
 970507 737652     cutoff  511      270210.971 68743.3040  74.6%   5.3 1135s
 973141 739602 241442.281  449  126 270210.971 68744.7973  74.6%   5.3 1140s
 975935 741389 264961.303  585  131 270210.971 68844.4185  74.5%   5.3 1145s
H977182 736074                    268851.27399 69082.0699  74.3%   5.4 1147s
 979598 737663 175249.425  491  116 268851.274 69083.4149  74.3%   5.4 1150s
 984032 740774 231183.825  240  127 268851.274 69383.4405  74.2%   5.4 1155s
 988575 744367 242164.813  710   97 268851.274 69742.7649  74.1%   5.4 1160s
H989404 743695                    268576.93233 69742.7649  74.0%   5.4 1161s
 992580 745790 261892.729  591  120 268576.932 71252.4560  73.5%   5.5 1165s
 996783 749008 261838.654  616  137 268576.932 72252.4588  73.1%   5.5 1170s
 1000766 752021 186068.942  596  124 268576.932 73046.6752  72.8%   5.5 1175s
 1004796 755118 264284.110  457   88 268576.932 73982.1789  72.5%   5.5 1180s
 1008068 757699     cutoff  336      268576.932 74542.0048  72.2%   5.5 1185s
 1011302 760331 263723.891  556  114 268576.932 74701.1023  72.2%   5.6 1190s
 1014089 762280 249289.268  305  123 268576.932 75283.4128  72.0%   5.6 1195s
 1017522 765212 261896.899  594   86 268576.932 75293.2950  72.0%   5.6 1200s
 1021125 767777 227426.578  358  119 268576.932 76558.9679  71.5%   5.6 1205s
 1024481 769988 253850.251  415  138 268576.932 76868.3743  71.4%   5.6 1210s
 1027681 772504 233261.909  406  100 268576.932 77247.3472  71.2%   5.7 1215s
 1030619 774285 258331.227  684  118 268576.932 77597.0491  71.1%   5.7 1220s
 1033650 776716     cutoff  518      268576.932 79701.9296  70.3%   5.7 1225s
 1036859 778810 248163.906  518  118 268576.932 80434.1845  70.1%   5.7 1230s
 1040035 780893 251355.368  539  118 268576.932 80692.7868  70.0%   5.7 1235s
H1040681 780202                    268399.32062 80697.6816  69.9%   5.7 1236s
H1041762 781162                    268399.28417 81461.5469  69.6%   5.8 1237s
 1043161 782080 251370.303  552  136 268399.284 81488.6364  69.6%   5.8 1240s
 1046461 784166 149231.547  131  135 268399.284 82932.6406  69.1%   5.8 1245s
 1049786 786467 235588.976  777  105 268399.284 82963.2196  69.1%   5.8 1250s
 1053550 789146 264728.705  734   85 268399.284 83782.6885  68.8%   5.8 1255s
 1056838 791861 238417.715  465   99 268399.284 115546.112  56.9%   5.8 1260s
 1059831 794224 182640.723  310  126 268399.284 115882.973  56.8%   5.8 1265s
 1063099 796833     cutoff  317      268399.284 116064.234  56.8%   5.8 1270s
 1066843 800029 206905.227  461  116 268399.284 116161.409  56.7%   5.8 1275s
 1070569 802846 241525.720  350  119 268399.284 116304.370  56.7%   5.8 1280s
 1074382 806195 256768.393  150  137 268399.284 116372.663  56.6%   5.8 1285s
 1077580 809013 224842.131  336   82 268399.284 116413.357  56.6%   5.8 1290s
 1081379 812344 251363.461  366  100 268399.284 116417.232  56.6%   5.8 1295s
 1084633 814987 249672.954  481   99 268399.284 116448.998  56.6%   5.9 1300s
 1088383 818306 244589.149  327  117 268399.284 116468.994  56.6%   5.9 1305s
 1091798 821226 213546.369  196  136 268399.284 116505.777  56.6%   5.9 1310s
 1094839 823453     cutoff  127      268399.284 116552.363  56.6%   5.9 1315s
 1098493 826680 247652.061  380  102 268399.284 116562.859  56.6%   5.9 1320s
 1101728 829126 261928.659  238  120 268399.284 116653.582  56.5%   5.9 1325s
 1104899 831581     cutoff  547      268399.284 116717.606  56.5%   5.9 1330s
 1109968 835856 infeasible  501      268399.284 116814.451  56.5%   5.9 1335s
 1113721 838897 infeasible  195      268399.284 116910.110  56.4%   5.9 1340s
 1117454 841969 246701.634  533  112 268399.284 116986.487  56.4%   5.9 1345s
 1121620 845568 185093.568  381  134 268399.284 117115.163  56.4%   5.9 1350s
 1125835 849550 235342.046  392  119 268399.284 117140.338  56.4%   5.9 1355s
 1129223 852210 258373.866  408   87 268399.284 117325.525  56.3%   5.9 1360s
 1132922 855506 237543.069  520  102 268399.284 117492.059  56.2%   5.9 1365s
 1137093 859116 183474.628  346  132 268399.284 117699.259  56.1%   5.9 1370s
 1140785 862343 227770.902  194  143 268399.284 117886.102  56.1%   5.9 1375s
 1144791 865754     cutoff  506      268399.284 117941.000  56.1%   5.9 1380s
 1148167 868358 203514.364  389  118 268399.284 118010.121  56.0%   5.9 1385s
 1151892 871656 188967.702  304  127 268399.284 118082.181  56.0%   5.9 1390s
 1155945 875338 263550.951  133  142 268399.284 118091.321  56.0%   5.9 1395s
 1159275 878097 163617.249  126  148 268399.284 118163.240  56.0%   5.9 1400s
 1164041 882327 187613.763  173  133 268399.284 118222.152  56.0%   5.9 1405s
 1167684 885111 200604.611  328  123 268399.284 118382.684  55.9%   5.9 1410s
 1171004 887737 259797.436  474   99 268399.284 118501.015  55.8%   5.9 1415s
 1174835 891054     cutoff  170      268399.284 118565.982  55.8%   5.9 1420s
 1178549 894411 209946.790  180  134 268399.284 118611.566  55.8%   5.9 1425s
 1182239 897440 165272.408  143  136 268399.284 118673.228  55.8%   5.9 1430s
 1186401 901017     cutoff  284      268399.284 118755.582  55.8%   5.9 1435s
 1190655 904400 237741.561  281   99 268399.284 118850.899  55.7%   5.9 1440s
 1194272 907341 248961.359  462   90 268399.284 118901.067  55.7%   5.9 1445s
 1198045 910617 211259.620  169  139 268399.284 118995.707  55.7%   5.9 1450s
 1201752 913748 139729.038  115  149 268399.284 119101.996  55.6%   5.9 1455s
 1206415 917600 200635.012  163  122 268399.284 119145.296  55.6%   5.9 1460s
 1209804 920284 267646.970  283  116 268399.284 119182.937  55.6%   6.0 1465s
 1213827 923496 210309.114  152  128 268399.284 119212.166  55.6%   6.0 1470s
 1217447 926478 173863.336  141  136 268399.284 119255.001  55.6%   6.0 1475s
 1221297 929591 212196.832  260  125 268399.284 119292.063  55.6%   6.0 1480s
 1224753 932116 226944.935  209  126 268399.284 119293.310  55.6%   6.0 1485s
 1228394 934547 261649.453  318  127 268399.284 119294.465  55.6%   6.0 1490s
 1231022 936193 246541.389  297  113 268399.284 119299.811  55.6%   6.0 1495s
 1234082 938482 153969.298  122  150 268399.284 119324.533  55.5%   6.0 1500s
 1237390 940686     cutoff  185      268399.284 119342.075  55.5%   6.0 1505s
 1241058 943818 221101.480  126  144 268399.284 119430.690  55.5%   6.0 1510s
 1244761 947043     cutoff  408      268399.284 119525.662  55.5%   6.0 1515s
 1247695 949419     cutoff  202      268399.284 119549.948  55.5%   6.0 1520s
 1250361 951285 226712.243  257  122 268399.284 119551.045  55.5%   6.0 1525s
 1253166 953242 221556.630  373  110 268399.284 119554.504  55.5%   6.1 1530s
 1255214 954752 267572.811  280  134 268399.284 119672.887  55.4%   6.1 1535s
 1259162 957860     cutoff  160      268399.284 119767.464  55.4%   6.1 1540s
 1262401 960374 222626.783  173  122 268399.284 119823.924  55.4%   6.1 1545s
 1266211 963977 239299.178  475   86 268399.284 119920.443  55.3%   6.1 1550s
 1269941 966732     cutoff  134      268399.284 119944.804  55.3%   6.1 1555s
 1273254 969582 infeasible  204      268399.284 120058.159  55.3%   6.1 1560s
 1276519 971945 257473.292  227  113 268399.284 120248.736  55.2%   6.1 1565s
 1280100 975044 178300.757  220  142 268399.284 120418.854  55.1%   6.1 1570s
 1283880 978120 227247.081  192  123 268399.284 120568.856  55.1%   6.1 1575s
 1287086 980932 264117.729  477   90 268399.284 120681.073  55.0%   6.1 1580s
 1290486 983917 160367.438  356  130 268399.284 120764.572  55.0%   6.1 1585s
 1294541 987069     cutoff  151      268399.284 120964.481  54.9%   6.1 1590s
 1298835 990753 192718.966  118  142 268399.284 121112.410  54.9%   6.1 1595s
 1302378 993578     cutoff  196      268399.284 121273.657  54.8%   6.1 1600s
 1305914 996538 211511.001  316  128 268399.284 121304.028  54.8%   6.1 1605s
 1309344 999386 206922.051  302  127 268399.284 121378.093  54.8%   6.1 1610s
 1313047 1002394 268111.691  431  123 268399.284 121448.516  54.8%   6.1 1615s
 1316011 1004490 248124.313  227  134 268399.284 121604.384  54.7%   6.1 1620s
 1321090 1008909     cutoff  159      268399.284 121762.651  54.6%   6.1 1625s
 1326129 1013588 158331.228  136  144 268399.284 121898.838  54.6%   6.1 1630s
 1329727 1016279     cutoff  242      268399.284 121988.010  54.5%   6.1 1635s
 1333166 1018973     cutoff  167      268399.284 122056.439  54.5%   6.1 1640s
 1336845 1021913 257135.053  356  114 268399.284 122138.763  54.5%   6.1 1645s
 1341216 1025601 244925.459  186  135 268399.284 122238.566  54.5%   6.1 1650s
 1344914 1028778 126199.438  129  157 268399.284 122290.150  54.4%   6.1 1655s
 1348387 1031462 254950.318  254  125 268399.284 122400.106  54.4%   6.1 1660s
 1351573 1033903     cutoff  475      268399.284 122546.495  54.3%   6.1 1665s
 1355375 1037152 252449.651  460  101 268399.284 122649.382  54.3%   6.1 1670s
 1359516 1040736 162934.815  142  137 268399.284 122708.371  54.3%   6.1 1675s
 1362771 1043228 186210.126  246  131 268399.284 122780.378  54.3%   6.1 1680s
 1366413 1046242 219876.906  307  126 268399.284 122884.826  54.2%   6.1 1685s
 1369671 1048953 267005.332  188  137 268399.284 123043.699  54.2%   6.1 1690s
 1373588 1052071 241340.074  404  103 268399.284 123113.108  54.1%   6.1 1695s
 1377178 1055305 257353.322  549   78 268399.284 123177.234  54.1%   6.1 1700s
 1380893 1058265 170790.498  177  148 268399.284 123421.739  54.0%   6.1 1705s
 1384428 1061126 246703.800  394  105 268399.284 123462.881  54.0%   6.1 1710s
 1388203 1064264     cutoff  356      268399.284 123620.856  53.9%   6.1 1715s
 1391318 1066817     cutoff  386      268399.284 123735.319  53.9%   6.1 1720s
 1395297 1070367 177830.743  179  146 268399.284 123842.394  53.9%   6.1 1725s
 1398644 1073369 222729.483  351  106 268399.284 123888.279  53.8%   6.1 1730s
 1402673 1076332 251281.390  306  114 268399.284 123979.126  53.8%   6.1 1735s
 1406445 1079685 166353.257  207  144 268399.284 124046.901  53.8%   6.1 1740s
 1409658 1082166 230484.467  195  118 268399.284 124095.559  53.8%   6.1 1745s
 1412759 1084656 241335.053  467  117 268399.284 124135.828  53.7%   6.1 1750s
 1416384 1087684 226122.690  411  100 268399.284 124193.630  53.7%   6.1 1755s
 1419597 1090382     cutoff  204      268399.284 124339.743  53.7%   6.1 1760s
 1422765 1092992 251210.182  239  103 268399.284 124427.168  53.6%   6.1 1765s
 1427323 1097013 186848.459  299  134 268399.284 124471.263  53.6%   6.1 1770s
 1431186 1100322 268122.122  735   12 268399.284 124585.753  53.6%   6.1 1775s
 1434232 1102753 229817.579  455  115 268399.284 124653.591  53.6%   6.1 1780s
 1437622 1105374 261128.189  221  118 268399.284 124734.204  53.5%   6.1 1785s
 1442026 1109218 210594.436  317  119 268399.284 124847.995  53.5%   6.1 1790s
 1446298 1112785 184214.192  465  126 268399.284 124989.951  53.4%   6.1 1795s
 1450081 1115842 217909.775  198  130 268399.284 125062.153  53.4%   6.1 1800s
 1454777 1119569 256654.527  203  127 268399.284 125172.299  53.4%   6.1 1805s
 1457969 1122152 204670.902  269  130 268399.284 125294.332  53.3%   6.1 1810s
 1461770 1125134 263889.292  305  121 268399.284 125366.375  53.3%   6.1 1815s
 1466644 1129049 250456.943  313  118 268399.284 125515.722  53.2%   6.2 1820s
 1471695 1133605 253741.389  590  100 268399.284 125535.584  53.2%   6.2 1825s
 1475194 1136350 176032.264  154  140 268399.284 125579.833  53.2%   6.2 1830s
 1480831 1141120 212013.379  412  104 268399.284 125615.909  53.2%   6.2 1835s
 1486786 1146393 183494.631  148  141 268399.284 125632.386  53.2%   6.1 1840s
 1490084 1148729 infeasible  123      268399.284 125690.685  53.2%   6.1 1845s
 1493632 1151616 226722.896  139  145 268399.284 125709.510  53.2%   6.1 1850s
 1497233 1154643 267028.796  521   61 268399.284 125730.892  53.2%   6.1 1855s
 1500111 1157242 146740.083  145  154 268399.284 125759.527  53.1%   6.2 1860s
 1503614 1159878 248562.889  234  107 268399.284 125774.952  53.1%   6.2 1865s
 1506943 1162409 220612.121  387  100 268399.284 125816.437  53.1%   6.2 1870s
 1510017 1165130 150277.651  216  151 268399.284 125840.776  53.1%   6.2 1875s
 1513848 1167701     cutoff  138      268399.284 125872.399  53.1%   6.2 1880s
 1517604 1170377     cutoff  196      268399.284 125908.631  53.1%   6.2 1885s
 1520351 1172378 224346.231  365  128 268399.284 125949.188  53.1%   6.2 1890s
 1522982 1174109 257182.914  310  132 268399.284 125994.011  53.1%   6.2 1895s
 1526060 1176481 262670.979  457   88 268399.284 126013.510  53.0%   6.2 1900s
 1528732 1178158     cutoff  175      268399.284 126069.869  53.0%   6.2 1905s
 1532542 1181555 256067.988  157  140 268399.284 126095.221  53.0%   6.3 1910s
 1535526 1183914 133751.723  111  143 268399.284 126129.382  53.0%   6.3 1915s
 1539961 1187310     cutoff  408      268399.284 126157.069  53.0%   6.3 1920s
 1543004 1189594     cutoff  175      268399.284 126194.835  53.0%   6.3 1925s
 1546861 1192568 209601.698  278  124 268399.284 126237.869  53.0%   6.3 1930s
 1550063 1195233 261555.566  510  106 268399.284 126256.443  53.0%   6.3 1935s
 1554297 1198850     cutoff  214      268399.284 126273.468  53.0%   6.3 1940s
 1557907 1201825 183625.243  219  143 268399.284 126293.186  52.9%   6.3 1945s
 1560693 1203677 264254.359  567   78 268399.284 126309.100  52.9%   6.3 1950s
 1563733 1206076 234928.892  404  110 268399.284 126339.370  52.9%   6.3 1955s
 1567396 1209080     cutoff  268      268399.284 126351.052  52.9%   6.3 1960s
 1570468 1211289     cutoff  299      268399.284 126382.043  52.9%   6.3 1965s
 1573307 1213411 262625.072  166  138 268399.284 126404.573  52.9%   6.4 1970s
 1576530 1215507 250298.184  297  127 268399.284 126441.751  52.9%   6.4 1975s
 1580445 1218594 infeasible  292      268399.284 126480.227  52.9%   6.4 1980s
 1583448 1220620 229476.144  158  135 268399.284 126518.878  52.9%   6.4 1985s
 1586740 1223045 203474.941  289  121 268399.284 126570.512  52.8%   6.4 1990s
 1590751 1226147 263196.365  304  131 268399.284 126603.613  52.8%   6.4 1995s
 1592832 1227518 263716.726  387  132 268399.284 126622.069  52.8%   6.4 2000s
 1596011 1229655 infeasible  478      268399.284 126651.532  52.8%   6.4 2005s
 1599009 1231899     cutoff  245      268399.284 126696.330  52.8%   6.4 2010s
 1601390 1233446 189416.537  143  146 268399.284 126721.383  52.8%   6.5 2015s
 1604805 1236065 infeasible  244      268399.284 126727.665  52.8%   6.5 2020s
 1607811 1238371 174956.969  174  141 268399.284 126755.974  52.8%   6.5 2025s
 1610860 1240675 177627.299  155  114 268399.284 126799.498  52.8%   6.5 2030s
 1614600 1243204 226796.920  138  135 268399.284 126828.387  52.7%   6.5 2035s
 1616960 1245180 268393.607  531   80 268399.284 126848.564  52.7%   6.5 2040s
 1620390 1247780 263880.993  427   60 268399.284 126859.414  52.7%   6.5 2045s
 1623559 1250094 infeasible  276      268399.284 126912.099  52.7%   6.5 2050s
 1626486 1252563     cutoff  237      268399.284 126936.561  52.7%   6.5 2055s
 1630273 1255700 182556.284  407  121 268399.284 126961.938  52.7%   6.5 2060s
 1633776 1258497 261625.101  291  128 268399.284 126975.609  52.7%   6.5 2065s
 1637140 1261115 258509.881  239  130 268399.284 127010.110  52.7%   6.5 2070s
 1640224 1263776 150888.769  185  141 268399.284 127052.580  52.7%   6.5 2075s
 1644086 1266584 202155.027  132  148 268399.284 127061.556  52.7%   6.5 2080s
 1646416 1268146     cutoff  301      268399.284 127076.192  52.7%   6.5 2085s
 1650223 1271302 209045.728  247  140 268399.284 127094.045  52.6%   6.5 2090s
 1653800 1274271     cutoff  477      268399.284 127115.734  52.6%   6.5 2095s
 1657240 1276984 260212.688  408  139 268399.284 127147.260  52.6%   6.5 2100s
 1660733 1279532     cutoff  355      268399.284 127193.833  52.6%   6.5 2105s
 1663919 1282164 177865.813  158  142 268399.284 127223.142  52.6%   6.5 2110s
 1667462 1285116 230388.586  130  142 268399.284 127246.283  52.6%   6.5 2115s
 1671642 1288170 235760.986  189  124 268399.284 127272.318  52.6%   6.5 2120s
 1676648 1292622 268048.185  424   97 268399.284 127283.567  52.6%   6.5 2125s
 1680349 1295518 261720.052  406  128 268399.284 127299.321  52.6%   6.5 2130s
 1686456 1301249 261476.275  440   64 268399.284 127321.185  52.6%   6.5 2135s
 1691881 1305342 180222.355  124  136 268399.284 127354.874  52.6%   6.5 2140s
 1696913 1308971 265224.750  222  126 268399.284 127380.579  52.5%   6.5 2145s
 1702488 1313487 257392.059  189  138 268399.284 127404.104  52.5%   6.5 2150s
 1707816 1317911     cutoff  153      268399.284 127423.616  52.5%   6.5 2155s
 1713541 1322566 265040.551  367   76 268399.284 127443.900  52.5%   6.5 2160s
 1718892 1326908     cutoff  137      268399.284 127469.351  52.5%   6.5 2165s
 1724017 1331333 167188.589  176  144 268399.284 127491.628  52.5%   6.5 2170s
 1729763 1336216 246532.064  427   99 268399.284 127508.224  52.5%   6.5 2175s
 1734097 1339769 infeasible  533      268399.284 127530.269  52.5%   6.5 2180s
 1737399 1342440 258759.625  441   93 268399.284 127541.004  52.5%   6.5 2185s
 1740790 1345557 178611.248  299  135 268399.284 127556.663  52.5%   6.5 2190s
 1744067 1348268 267568.807  188  113 268399.284 127564.861  52.5%   6.5 2195s
 1748524 1351953 268176.084  370  132 268399.284 127574.336  52.5%   6.5 2200s
 1752178 1355038 203435.418  427  118 268399.284 127586.903  52.5%   6.5 2205s
 1755445 1357476     cutoff  172      268399.284 127611.559  52.5%   6.5 2210s
 1758570 1359988 211602.028  255  141 268399.284 127623.474  52.5%   6.6 2215s
 1762951 1362925 237741.313  363  100 268399.284 127639.644  52.4%   6.6 2220s
 1766042 1365242 229757.322  431   82 268399.284 127649.033  52.4%   6.6 2225s
 1769254 1367458     cutoff  146      268399.284 127665.721  52.4%   6.6 2230s
 1773552 1370606 261387.329  329  132 268399.284 127682.161  52.4%   6.6 2235s
 1776444 1372881 256476.307  419  141 268399.284 127690.383  52.4%   6.6 2240s
 1780320 1375943     cutoff  376      268399.284 127701.097  52.4%   6.6 2245s
 1783125 1377986     cutoff  514      268399.284 127712.657  52.4%   6.6 2250s
 1786453 1380905 235424.257  490   85 268399.284 127717.021  52.4%   6.6 2255s
 1790703 1384087 261180.789  656  101 268399.284 127723.792  52.4%   6.6 2260s
 1793895 1386112 261381.892  302  110 268399.284 127741.758  52.4%   6.6 2265s
 1798663 1389622 163289.704  328  141 268399.284 127754.291  52.4%   6.6 2270s
 1802005 1392440 238413.987  287   91 268399.284 127759.341  52.4%   6.6 2275s
 1805274 1394976 242491.330  468  104 268399.284 127773.318  52.4%   6.6 2280s
 1809850 1398732     cutoff  459      268399.284 127789.648  52.4%   6.6 2285s
 1814657 1402451 214399.470  433  127 268399.284 127801.638  52.4%   6.6 2290s
 1819206 1405800 260140.808  459  139 268399.284 127820.090  52.4%   6.6 2295s
 1822532 1408405 infeasible  587      268399.284 127827.500  52.4%   6.6 2300s
 1826653 1411814     cutoff  312      268399.284 127841.351  52.4%   6.6 2305s
 1829776 1413975 247721.040  489  126 268399.284 127862.264  52.4%   6.6 2310s
 1832909 1416319     cutoff  646      268399.284 127868.939  52.4%   6.6 2315s
Created node file directory '/home/ps12398/experiment_epec/goalProgrammingMarcos//grbnodes31'
 1835435 1418258 207807.642  570  127 268399.284 127878.350  52.4%   6.6 2324s
 1836028 1418735 227147.358  630  123 268399.284 127878.350  52.4%   6.6 2325s
 1838385 1419840     cutoff  158      268399.284 127882.428  52.4%   6.7 2330s
 1841039 1421044 258219.158  512  136 268399.284 127890.493  52.4%   6.7 2335s
 1843925 1423348 263996.524  174  126 268399.284 127892.759  52.3%   6.7 2340s
 1846614 1424094     cutoff  520      268399.284 127895.642  52.3%   6.7 2345s
 1849371 1426516 253209.163  507   80 268399.284 127895.969  52.3%   6.7 2350s
 1851911 1427539 265500.774  184  133 268399.284 127907.048  52.3%   6.7 2355s
 1854268 1428531 267787.827  147  142 268399.284 127910.832  52.3%   6.7 2360s
 1856979 1430003 234671.536  469  129 268399.284 127914.991  52.3%   6.7 2365s
 1858367 1430751 265565.913  513  140 268399.284 127922.607  52.3%   6.7 2375s
 1860947 1432335 261824.861  601  108 268399.284 127928.791  52.3%   6.7 2380s
 1863317 1433693 256222.149  131  140 268399.284 127929.902  52.3%   6.7 2385s
 1865947 1434926 268331.243  656  119 268399.284 127938.068  52.3%   6.8 2390s
 1868661 1435999 253100.234  146  131 268399.284 127942.715  52.3%   6.8 2395s
 1871001 1437423 254720.234  184  136 268399.284 127951.173  52.3%   6.8 2400s
 1873947 1439235     cutoff  579      268399.284 127956.129  52.3%   6.8 2405s
 1876588 1440515 259544.282  175  131 268399.284 127957.848  52.3%   6.8 2410s
 1878555 1442303 233758.025  681   99 268399.284 127960.951  52.3%   6.8 2420s
 1880816 1443037     cutoff  142      268399.284 127966.513  52.3%   6.8 2425s
 1883975 1445493 174947.333  225  138 268399.284 127971.266  52.3%   6.8 2430s
 1887888 1447732 267667.828  195  121 268399.284 127974.428  52.3%   6.8 2435s
 1889811 1448270     cutoff  127      268399.284 127984.684  52.3%   6.9 2440s
 1892498 1449820     cutoff  535      268399.284 127989.466  52.3%   6.9 2445s
 1895161 1451549 190723.109  140  139 268399.284 127997.667  52.3%   6.9 2450s
 1897770 1454329 265797.897  219  129 268399.284 127997.667  52.3%   6.9 2459s
 1898562 1454654 266732.190  218  122 268399.284 127997.667  52.3%   6.9 2460s
 1901139 1454923     cutoff  206      268399.284 128003.468  52.3%   6.9 2465s
 1904218 1456832     cutoff  135      268399.284 128012.404  52.3%   6.9 2470s
 1907793 1459265 261102.719  506  139 268399.284 128018.462  52.3%   6.9 2475s
 1910033 1460317 214176.544  157  139 268399.284 128024.227  52.3%   6.9 2480s
 1912469 1461590 260987.448  529  135 268399.284 128030.313  52.3%   6.9 2485s
 1915115 1463169     cutoff  528      268399.284 128039.424  52.3%   6.9 2490s
 1917080 1463755     cutoff  147      268399.284 128043.710  52.3%   6.9 2495s
 1919699 1465831 222135.501  446  108 268399.284 128043.761  52.3%   6.9 2505s
 1921933 1466718 243624.503  662  118 268399.284 128051.177  52.3%   6.9 2510s
 1924528 1468358 258178.469  256   96 268399.284 128051.249  52.3%   7.0 2515s
 1927101 1469557 267012.442  183  120 268399.284 128067.274  52.3%   7.0 2520s
 1929696 1470750     cutoff  395      268399.284 128072.211  52.3%   7.0 2525s
 1932371 1472189     cutoff  542      268399.284 128081.434  52.3%   7.0 2530s
 1935282 1473323 259898.512  525  126 268399.284 128088.332  52.3%   7.0 2535s
 1937636 1474682 infeasible  204      268399.284 128095.401  52.3%   7.0 2540s
 1940445 1476646 235520.525  318  110 268399.284 128101.964  52.3%   7.0 2549s
 1940793 1477006 238404.972  326  114 268399.284 128101.964  52.3%   7.0 2550s
 1944631 1479450 199629.108  516  124 268399.284 128113.035  52.3%   7.0 2555s
 1946951 1480525 258160.617  544  136 268399.284 128121.814  52.3%   7.0 2560s
 1949570 1481578 254702.486  170  129 268399.284 128129.817  52.3%   7.0 2565s
 1952082 1482679 192834.934  145  115 268399.284 128139.501  52.3%   7.1 2570s
 1954691 1484085     cutoff  610      268399.284 128143.591  52.3%   7.1 2575s
 1957131 1485459 173092.033  164  141 268399.284 128151.528  52.3%   7.1 2580s
 1959248 1485931 220340.970  164  134 268399.284 128162.630  52.2%   7.1 2585s
 1962233 1487779     cutoff  551      268399.284 128168.501  52.2%   7.1 2590s
 1963915 1488463 178700.847  125  146 268399.284 128174.358  52.2%   7.1 2597s
 1965133 1489090     cutoff  163      268399.284 128174.358  52.2%   7.1 2600s
 1967915 1490552 267810.774  179  124 268399.284 128185.898  52.2%   7.1 2605s
 1970278 1491579 187046.457  133  136 268399.284 128194.923  52.2%   7.1 2610s
 1973564 1493403 243968.796  145  141 268399.284 128205.318  52.2%   7.1 2615s
 1976462 1494998     cutoff  209      268399.284 128215.515  52.2%   7.1 2620s
 1979655 1496785 239615.734  135  137 268399.284 128228.799  52.2%   7.1 2625s
 1982065 1498075 259489.569  655  122 268399.284 128228.873  52.2%   7.1 2635s
 1985306 1499730     cutoff  152      268399.284 128235.887  52.2%   7.2 2640s
 1987966 1501348 268384.277  322   90 268399.284 128243.113  52.2%   7.2 2645s
 1991618 1502684     cutoff  261      268399.284 128252.498  52.2%   7.2 2650s
 1995854 1505580 162615.839  320  108 268399.284 128263.370  52.2%   7.2 2655s
 1999484 1508884 250137.911  458   82 268399.284 128263.370  52.2%   7.2 2664s
 1999943 1509162 248458.799  457   84 268399.284 128263.370  52.2%   7.2 2665s
 2002978 1510318 267835.686  146  122 268399.284 128268.545  52.2%   7.2 2670s
 2005450 1511307     cutoff  136      268399.284 128278.729  52.2%   7.2 2675s
 2007961 1512346 235540.719  171  129 268399.284 128289.600  52.2%   7.2 2680s
 2010959 1514326 264933.998  197  126 268399.284 128290.766  52.2%   7.2 2685s
 2013409 1515286     cutoff  148      268399.284 128300.024  52.2%   7.2 2690s
 2016052 1516415     cutoff  718      268399.284 128305.169  52.2%   7.2 2695s
 2018246 1517114 266924.448  174  136 268399.284 128320.196  52.2%   7.2 2700s
 2020942 1519394 231236.436  431   89 268399.284 128320.196  52.2%   7.3 2705s
 2021795 1519919 254767.060  453   75 268399.284 128320.196  52.2%   7.3 2710s
 2024529 1521155 264450.276  441   72 268399.284 128325.278  52.2%   7.3 2715s
 2027553 1523172     cutoff  279      268399.284 128331.644  52.2%   7.3 2720s
 2030193 1524251 259556.867  718  112 268399.284 128338.335  52.2%   7.3 2725s
 2033421 1526817     cutoff  272      268399.284 128341.147  52.2%   7.3 2730s
 2038582 1530497 217267.725  395  109 268399.284 128350.449  52.2%   7.3 2738s
 2039322 1531149 258415.078  414   80 268399.284 128350.449  52.2%   7.3 2740s
 2041831 1532444     cutoff  155      268399.284 128353.571  52.2%   7.3 2745s
 2045506 1535679 219780.145  429  102 268399.284 128355.515  52.2%   7.3 2750s
 2050165 1540333 266247.395  527   51 268399.284 128355.515  52.2%   7.3 2755s
 2051408 1541289     cutoff  535      268399.284 128355.515  52.2%   7.3 2760s
 2055130 1543430 224661.934  627  117 268399.284 128359.965  52.2%   7.3 2765s
 2057875 1544848     cutoff  218      268399.284 128367.904  52.2%   7.3 2770s
 2061727 1547913 238930.271  503   86 268399.284 128368.197  52.2%   7.3 2775s
 2065173 1549353 157640.040  159  151 268399.284 128376.549  52.2%   7.3 2780s
 2068525 1551632 256872.966  602  132 268399.284 128380.280  52.2%   7.3 2785s
 2070338 1553046 233890.273  159  135 268399.284 128381.227  52.2%   7.3 2792s
 2072088 1554423     cutoff  196      268399.284 128381.279  52.2%   7.3 2795s
 2074772 1555900 266102.296  138  135 268399.284 128386.078  52.2%   7.3 2800s
 2077618 1557591 250171.998  596  127 268399.284 128389.558  52.2%   7.3 2805s
 2079903 1558234 infeasible  151      268399.284 128397.513  52.2%   7.3 2810s
 2083157 1560228 236704.953  410  112 268399.284 128398.864  52.2%   7.4 2815s
 2086216 1562120 266724.730  473   86 268399.284 128398.864  52.2%   7.4 2820s
 2088537 1563354 266546.144  407  107 268399.284 128407.311  52.2%   7.4 2828s
 2089175 1563520 255416.737  568  138 268399.284 128408.519  52.2%   7.4 2830s
 2091925 1565211 178565.299  275  105 268399.284 128412.421  52.2%   7.4 2835s
 2095020 1567858     cutoff  371      268399.284 128412.421  52.2%   7.4 2840s
 2098019 1568475 260598.327  632  130 268399.284 128426.563  52.2%   7.4 2845s
 2100539 1569746 267108.846  137  135 268399.284 128427.905  52.2%   7.4 2850s
 2102594 1570426 228615.435  585  125 268399.284 128437.838  52.1%   7.4 2855s
 2106142 1572932     cutoff  629      268399.284 128443.178  52.1%   7.4 2860s
 2108501 1573926 267515.418  236  107 268399.284 128445.704  52.1%   7.4 2865s
 2109383 1574262 265220.484  236  111 268399.284 128445.704  52.1%   7.4 2870s
 2111757 1575473     cutoff  606      268399.284 128449.622  52.1%   7.4 2875s
 2114735 1577721 233756.943  176  126 268399.284 128454.772  52.1%   7.4 2880s
 2117131 1579147     cutoff  220      268399.284 128460.388  52.1%   7.4 2885s
 2120376 1580370 258739.710  620  134 268399.284 128468.836  52.1%   7.4 2890s
 2123653 1582923 219285.678  381  111 268399.284 128472.348  52.1%   7.4 2895s
 2124784 1583784 infeasible  428      268399.284 128473.695  52.1%   7.4 2901s
 2126995 1584769 infeasible  616      268399.284 128479.025  52.1%   7.5 2905s
 2129585 1585849     cutoff  179      268399.284 128484.784  52.1%   7.5 2910s
 2131597 1586624 263687.619  601  133 268399.284 128492.586  52.1%   7.5 2915s
 2133881 1587778 217406.551  189  113 268399.284 128494.950  52.1%   7.5 2920s
 2135756 1588446 268186.838  180  139 268399.284 128499.599  52.1%   7.5 2925s
 2138369 1589946 infeasible  639      268399.284 128504.529  52.1%   7.5 2930s
 2140799 1591067 248839.548  625  125 268399.284 128509.087  52.1%   7.5 2935s
 2143537 1592932 228080.254  157  135 268399.284 128515.923  52.1%   7.5 2940s
 2146527 1594843 170686.302  230  139 268399.284 128518.278  52.1%   7.5 2945s
 2147594 1595349 156032.088  152  146 268399.284 128521.668  52.1%   7.5 2950s
 2150425 1597218 254358.004  363   69 268399.284 128521.668  52.1%   7.5 2955s
 2153444 1599262 200506.105  167  142 268399.284 128528.262  52.1%   7.5 2960s
H2155719 1590881                    266711.85432 128528.871  51.8%   7.5 2963s
H2156192 1591406                    266168.80267 128529.531  51.7%   7.5 2964s
 2156618 1591734 228109.386  134  135 266168.803 128529.531  51.7%   7.5 2965s
H2157243 1592159                    266043.21030 128529.531  51.7%   7.5 2966s
H2158400 1592919                    265994.68496 128530.278  51.7%   7.5 2969s
 2158481 1593136 224576.931  292  107 265994.685 128530.278  51.7%   7.5 2970s
 2161328 1594466 189282.015  366  138 265994.685 128534.322  51.7%   7.5 2975s
 2163176 1595797 194256.064  499  128 265994.685 128535.791  51.7%   7.5 2982s
 2164725 1596463 260345.210  612  116 265994.685 128535.791  51.7%   7.5 2985s
 2166855 1597065 264982.830  154  132 265994.685 128541.745  51.7%   7.5 2990s
 2170688 1598953 257465.514  378  105 265994.685 128548.714  51.7%   7.6 2995s
 2173793 1600373 255229.860  359  129 265994.685 128555.512  51.7%   7.6 3000s
 2176757 1602300     cutoff  647      265994.685 128559.485  51.7%   7.6 3005s
 2179411 1603913     cutoff  227      265994.685 128563.884  51.7%   7.6 3010s
 2182076 1604951 215144.521  294  126 265994.685 128566.628  51.7%   7.6 3015s
 2184559 1605963 256195.855  139  142 265994.685 128576.570  51.7%   7.6 3020s
 2185512 1606212     cutoff  365      265994.685 128579.696  51.7%   7.6 3025s
 2187660 1606848     cutoff  628      265994.685 128592.978  51.7%   7.6 3030s
 2190756 1610113 241676.101  426   98 265994.685 128595.803  51.7%   7.6 3035s
 2193873 1611719     cutoff  138      265994.685 128599.404  51.7%   7.6 3040s
 2196145 1613251 241989.144  308  107 265994.685 128605.646  51.7%   7.6 3045s
 2198807 1613970 262649.444  193  132 265994.685 128612.975  51.6%   7.6 3050s
 2201869 1615811 262084.842  655  126 265994.685 128613.558  51.6%   7.6 3055s
 2203590 1616939 202348.783  368  117 265994.685 128623.915  51.6%   7.6 3061s
 2205367 1617820 241493.427  449  108 265994.685 128623.915  51.6%   7.6 3065s
 2207690 1619469 254124.673  226  133 265994.685 128628.779  51.6%   7.6 3070s
 2209797 1620102 264352.558  613  133 265994.685 128635.918  51.6%   7.7 3075s
 2211801 1620942 253779.693  183  132 265994.685 128642.521  51.6%   7.7 3080s
 2214870 1622899 263495.687  238  139 265994.685 128643.222  51.6%   7.7 3085s
 2217467 1623619     cutoff  150      265994.685 128656.307  51.6%   7.7 3090s
 2221609 1625912 262823.959  459   82 265994.685 128660.302  51.6%   7.7 3095s
 2222990 1626792 263008.223  201  131 265994.685 128666.985  51.6%   7.7 3100s
 2226498 1629411 infeasible  168      265994.685 128669.897  51.6%   7.7 3105s
 2228677 1631017 195546.704  224  131 265994.685 128677.047  51.6%   7.7 3110s
 2231131 1631429 241338.224  163  116 265994.685 128685.766  51.6%   7.7 3115s
 2233143 1632543     cutoff  305      265994.685 128686.800  51.6%   7.7 3120s
 2235348 1633581 250263.882  146  133 265994.685 128693.396  51.6%   7.7 3125s
 2238296 1634646 260187.410  294   67 265994.685 128703.759  51.6%   7.7 3130s
 2240504 1635115     cutoff  626      265994.685 128711.832  51.6%   7.7 3135s
 2242811 1636413     cutoff  152      265994.685 128718.019  51.6%   7.7 3143s
 2243749 1636880 235225.060  206  131 265994.685 128719.833  51.6%   7.7 3145s
 2246629 1638627 172232.022  178  142 265994.685 128724.268  51.6%   7.8 3150s
 2250149 1641538 177150.691  206  139 265994.685 128726.273  51.6%   7.8 3155s
 2252921 1642453     cutoff  167      265994.685 128731.421  51.6%   7.8 3160s
 2254563 1643427 210717.592  203  126 265994.685 128731.421  51.6%   7.8 3165s
 2257323 1645584 265373.573  302   90 265994.685 128731.421  51.6%   7.8 3170s
 2259641 1646951 infeasible  177      265994.685 128737.548  51.6%   7.8 3177s
 2260650 1647535 251636.069  645  134 265994.685 128739.887  51.6%   7.8 3180s
 2262912 1649144 259933.144  349   88 265994.685 128741.456  51.6%   7.8 3185s
 2265426 1650526 256103.479  306  134 265994.685 128742.877  51.6%   7.8 3190s
 2268026 1651422 252644.319  140  126 265994.685 128748.502  51.6%   7.8 3195s
 2270308 1651976 255430.761  630  134 265994.685 128756.022  51.6%   7.8 3200s
 2273302 1653905 212793.184  388  116 265994.685 128764.543  51.6%   7.8 3205s
 2276002 1654774     cutoff  129      265994.685 128770.695  51.6%   7.8 3210s
 2279031 1656118 147502.832  174  145 265994.685 128775.282  51.6%   7.8 3215s
 2279943 1656867 175446.190  342  124 265994.685 128775.282  51.6%   7.8 3220s
 2283620 1659438 254299.382  489   88 265994.685 128775.282  51.6%   7.8 3225s
 2286588 1661269 228874.056  222  109 265994.685 128782.344  51.6%   7.8 3230s
 2288817 1662089 infeasible  165      265994.685 128789.799  51.6%   7.9 3235s
 2290805 1663098 254887.909  651  135 265994.685 128793.924  51.6%   7.9 3240s
 2293340 1664706 210278.110  147  130 265994.685 128798.854  51.6%   7.9 3245s
 2295910 1665821     cutoff  658      265994.685 128803.547  51.6%   7.9 3250s
 2297764 1667029 252425.233  656  134 265994.685 128805.235  51.6%   7.9 3257s
 2299179 1667888 250131.532  690  125 265994.685 128805.235  51.6%   7.9 3260s
 2301767 1669264 257059.444  149  143 265994.685 128809.528  51.6%   7.9 3265s
 2304379 1670499 261627.437  142  140 265994.685 128812.349  51.6%   7.9 3270s
 2306826 1671248 161920.157  133  152 265994.685 128821.312  51.6%   7.9 3275s
 2309506 1672354 265206.008  197  125 265994.685 128824.716  51.6%   7.9 3280s
 2312211 1674329 183047.405  245  121 265994.685 128829.577  51.6%   7.9 3285s
 2315471 1676821 249378.674  428   65 265994.685 128829.577  51.6%   7.9 3294s
 2316253 1677340 256341.345  439   55 265994.685 128829.577  51.6%   7.9 3295s
 2318888 1678612 259742.798  241  135 265994.685 128839.086  51.6%   7.9 3300s
 2320988 1679435 263275.231  226  130 265994.685 128846.914  51.6%   7.9 3305s
 2323555 1680533 255846.310  709  127 265994.685 128849.314  51.6%   8.0 3310s
 2326036 1681468 187120.223  187  138 265994.685 128856.941  51.6%   8.0 3315s
 2328960 1683238 262359.714  261  104 265994.685 128862.614  51.6%   8.0 3320s
 2332518 1685810 225172.668  187  105 265994.685 128866.178  51.6%   8.0 3325s
H2332674 1665920                    263823.27111 128866.178  51.2%   8.0 3325s
 2335695 1668490 190109.716  342  116 263823.271 128871.803  51.2%   8.0 3330s
 2337772 1670097 255088.152  439   66 263823.271 128871.803  51.2%   8.0 3335s
 2340533 1672168     cutoff  147      263823.271 128872.850  51.2%   8.0 3340s
 2344027 1674882 197728.745  387  109 263823.271 128876.291  51.2%   8.0 3345s
 2346850 1677340 256351.299  472   56 263823.271 128876.291  51.2%   8.0 3350s
 2349736 1678506     cutoff  143      263823.271 128878.743  51.1%   8.0 3355s
 2350744 1679369 223151.889  184  116 263823.271 128879.504  51.1%   8.0 3360s
 2353127 1680102 187264.460  160  131 263823.271 128883.245  51.1%   8.0 3365s
 2355389 1681934 247879.314  708  141 263823.271 128884.161  51.1%   8.0 3370s
 2358559 1684408     cutoff  197      263823.271 128887.339  51.1%   8.0 3375s
 2359894 1685040 150914.163  165  150 263823.271 128889.839  51.1%   8.0 3380s
 2361159 1685395 222695.482  202  130 263823.271 128895.400  51.1%   8.0 3385s
 2362371 1685931 248143.644  681  137 263823.271 128896.017  51.1%   8.0 3390s
 2364239 1686705     cutoff  655      263823.271 128904.854  51.1%   8.0 3395s
 2365122 1687233 255559.769  652  137 263823.271 128905.264  51.1%   8.0 3400s
H2366222 1678380                    263148.01380 128906.675  51.0%   8.0 3405s
 2367851 1679312 206213.157  331  122 263148.014 128906.723  51.0%   8.0 3411s
 2369021 1680195 258139.751  365  118 263148.014 128906.723  51.0%   8.0 3415s
 2372364 1682737 214981.891  311  118 263148.014 128913.825  51.0%   8.0 3420s
 2375496 1685669 257831.066  385   66 263148.014 128913.825  51.0%   8.0 3425s
 2377545 1685898 259307.701  151  131 263148.014 128919.032  51.0%   8.0 3430s
H2379068 1686382                    263009.28973 128929.673  51.0%   8.0 3434s
H2379073 1686390                    263008.99986 128929.673  51.0%   8.0 3434s
 2379367 1686427     cutoff  173      263009.000 128929.673  51.0%   8.0 3435s
H2380600 1667447                    260852.85556 128932.212  50.6%   8.0 3437s
 2382035 1668068 257451.484  404   63 260852.856 128936.376  50.6%   8.0 3440s
 2383932 1668577 231516.443  161  114 260852.856 128945.434  50.6%   8.1 3445s
 2384793 1668940 255286.319  143  139 260852.856 128947.651  50.6%   8.1 3450s
 2386779 1669371 258943.645  161  132 260852.856 128951.812  50.6%   8.1 3455s
 2389078 1670768 253840.139  239  134 260852.856 128955.374  50.6%   8.1 3460s
 2391473 1671646 infeasible  136      260852.856 128958.212  50.6%   8.1 3465s
 2393600 1673013 250475.804  287  134 260852.856 128960.721  50.6%   8.1 3470s
 2395687 1673997 176807.172  140  145 260852.856 128967.750  50.6%   8.1 3475s
 2397958 1675222 257460.647  204  125 260852.856 128972.674  50.6%   8.1 3480s
 2400380 1676504 254192.075  716  132 260852.856 128974.363  50.6%   8.1 3485s
 2402666 1677926 252879.104  673  134 260852.856 128983.200  50.6%   8.1 3490s
 2404493 1679048 216713.437  141  133 260852.856 128983.846  50.6%   8.1 3497s
 2405873 1679645     cutoff  683      260852.856 128985.056  50.6%   8.1 3500s
 2407989 1680149 infeasible  169      260852.856 128993.138  50.5%   8.2 3505s
 2410992 1682059 227916.315  436   94 260852.856 128994.757  50.5%   8.2 3510s
 2413605 1682980 244031.048  154  143 260852.856 128999.949  50.5%   8.2 3515s
 2416182 1684838 255136.573  159  132 260852.856 129005.932  50.5%   8.2 3520s
 2418704 1686114     cutoff  177      260852.856 129015.302  50.5%   8.2 3525s
 2421107 1687145     cutoff  297      260852.856 129019.427  50.5%   8.2 3530s
 2423507 1688839 177103.305  165  124 260852.856 129023.325  50.5%   8.2 3535s
 2424792 1689493 239492.925  177  112 260852.856 129023.325  50.5%   8.2 3540s
 2427039 1690517     cutoff  679      260852.856 129027.994  50.5%   8.2 3545s
H2429092 1691916                    260591.98141 129028.073  50.5%   8.2 3548s
 2430110 1692692     cutoff  170      260591.981 129028.719  50.5%   8.2 3550s
 2433131 1695440 252540.522  179  128 260591.981 129029.050  50.5%   8.2 3555s
 2435467 1696692 129630.078  127  135 260591.981 129036.890  50.5%   8.2 3560s
 2438145 1697929 254913.034  344  136 260591.981 129038.507  50.5%   8.2 3565s
 2440252 1698640 254513.769  193  133 260591.981 129044.974  50.5%   8.2 3570s
 2441901 1699533 258791.013  154  144 260591.981 129049.127  50.5%   8.2 3575s
 2444208 1701262     cutoff  699      260591.981 129054.507  50.5%   8.2 3580s
 2448211 1703962 245153.468  144  135 260591.981 129057.613  50.5%   8.2 3585s
H2450030 1556776                    251338.51027 129058.753  48.7%   8.2 3588s
 2450799 1557225 186628.895  136  151 251338.510 129063.376  48.6%   8.2 3590s
 2452819 1558164     cutoff  178      251338.510 129063.891  48.6%   8.2 3595s
 2455576 1559988     cutoff  166      251338.510 129070.418  48.6%   8.2 3600s

Cutting planes:
  RLT: 66

Explored 2455608 nodes (20248868 simplex iterations) in 3600.02 seconds (2171.98 work units)
Thread count was 2 (of 24 available processors)

Solution count 10: 251339 260592 260853 ... 266712

Time limit reached
Best objective 2.513385102744e+05, best bound 1.290704180092e+05, gap 48.6468%
