
Gurobi 11.0.3 (linux64, Java) logging started qui 12 dez 2024 07:15:54 -03

Set parameter Username
Academic license - for non-commercial use only - expires 2025-10-10
Set parameter NonConvex to value 2
Set parameter TimeLimit to value 3600
Set parameter LogToConsole to value 0
Set parameter MIPGap to value 1.0622098813775087e-07
Set parameter Threads to value 2
Set parameter NodefileDir to value "/home/ps12398/experiment_epec/goalProgrammingMarcos/"
Set parameter NodefileStart to value 1
Gurobi Optimizer version 11.0.3 build v11.0.3rc0 (linux64)

CPU model: Intel(R) Xeon(R) CPU           X5650  @ 2.67GHz, instruction set [SSE2]
Thread count: 12 physical cores, 24 logical processors, using up to 2 threads

Optimize a model with 15850 rows, 11484 columns and 142736 nonzeros
Model fingerprint: 0x6ae78f7d
Model has 80 quadratic constraints
Variable types: 5706 continuous, 5778 integer (75 binary)
Coefficient statistics:
  Matrix range     [1e-02, 3e+06]
  QMatrix range    [1e-02, 5e+04]
  QLMatrix range   [1e+00, 5e+04]
  Objective range  [1e+00, 2e+07]
  Bounds range     [1e+00, 1e+08]
  RHS range        [1e+00, 1e+06]
  QRHS range       [5e-02, 5e-02]
Presolve removed 15725 rows and 11191 columns
Presolve time: 0.18s
Presolved: 315 rows, 356 columns, 5664 nonzeros
Presolved model has 63 bilinear constraint(s)

Solving non-convex MIQCP

Variable types: 131 continuous, 225 integer (0 binary)
Found heuristic solution: objective 3702510.7259

Root relaxation: objective 0.000000e+00, 177 iterations, 0.00 seconds (0.00 work units)

    Nodes    |    Current Node    |     Objective Bounds      |     Work
 Expl Unexpl |  Obj  Depth IntInf | Incumbent    BestBd   Gap | It/Node Time

     0     0    0.00000    0   87 3702510.73    0.00000   100%     -    0s
     0     0    0.00000    0  139 3702510.73    0.00000   100%     -    0s
H    0     0                    1697489.5049    0.00000   100%     -    0s
     0     0    0.00000    0  129 1697489.50    0.00000   100%     -    0s
H    0     0                    1650773.5320    0.00000   100%     -    0s
     0     0    0.00000    0  119 1650773.53    0.00000   100%     -    0s
     0     0    0.00000    0  127 1650773.53    0.00000   100%     -    0s
H    0     0                    1488051.1493    0.00000   100%     -    0s
     0     0    0.00000    0  119 1488051.15    0.00000   100%     -    0s
     0     0    0.00000    0  116 1488051.15    0.00000   100%     -    0s
     0     0    0.00000    0  116 1488051.15    0.00000   100%     -    0s
     0     2    0.00000    0  116 1488051.15    0.00000   100%     -    0s
H   79   104                    1406790.9135    0.00000   100%  15.0    1s
H  710   713                    947791.27970    0.00000   100%  13.0    1s
H 1321  1386                    861174.50859    0.00000   100%  11.1    2s
H 1389  1386                    833026.13929    0.00000   100%  10.9    2s
H 2235  2367                    781810.78240    0.00000   100%   9.6    3s
H 2332  2367                    759671.44167    0.00000   100%   9.5    3s
H 3018  3237                    689576.92550    0.00000   100%   8.6    4s
H 3590  3901                    682709.47418    0.00000   100%   7.9    5s
H 3912  3709                    656777.11731    0.00000   100%   7.6    6s
H 3913  3524                    649535.96022    0.00000   100%   7.5    6s
H 4175  3619                    565022.13513    0.00000   100%   7.6    7s
H 4369  3677                    470431.91026    0.00000   100%   7.7    8s
H 5048  3927                    323766.81530    0.00000   100%   7.9    8s
H 5145  3744                    323157.57873    0.00000   100%   7.8    8s
H 6300  4607                    323101.99884    0.00000   100%   7.2   10s
H 6706  4553                    288602.27408    0.00000   100%   7.0   10s
H 7776  5199                    288600.71190    0.00000   100%   6.5   11s
H 7808  5065                    286635.24307    0.00000   100%   6.4   11s
H 8653  5618                    281010.04698    0.00000   100%   6.2   12s
H 8900  5640                    281007.55800    0.00000   100%   6.1   12s
H10774  7031                    280894.12039    0.00000   100%   5.8   14s
 10956  7237 145902.800 1869   68 280894.120    0.00000   100%   5.8   15s
 14858 11260 133286.868 2983   66 280894.120    0.00000   100%   5.1   20s
H19953 16020                    280891.63070    0.00000   100%   4.6   24s
 20815 17245 78274.5801  470   74 280891.631    0.00000   100%   4.7   25s
 25292 21534 151404.191 1580   65 280891.631    0.00000   100%   4.5   30s
H29313 25329                    280891.60888    0.00000   100%   4.6   34s
 29423 25563 203677.414 2642   63 280891.609    0.00000   100%   4.7   35s
H33081 29135                    280502.51374    0.00000   100%   5.0   39s
H33275 29129                    278529.82831    0.00000   100%   5.0   39s
 33751 29793 25202.3519  434   68 278529.828    0.00000   100%   5.0   40s
H34062 29793                    278500.48527    0.00000   100%   5.0   40s
H35603 31535                    275214.60112    0.00000   100%   5.2   41s
H35999 31828                    275178.78968    0.00000   100%   5.2   41s
H36185 31979                    275028.54140    0.00000   100%   5.2   42s
H37058 32761                    267961.18310    0.00000   100%   5.2   43s
 38690 34467 81454.9711 1992   64 267961.183    0.00000   100%   5.2   45s
H39235 34810                    267940.41517    0.00000   100%   5.1   45s
H42365 37515                    251998.38007    0.00000   100%   5.0   48s
 43823 39074 130314.596 3212   67 251998.380    0.00000   100%   4.9   50s
H45303 40607                    251881.36828    0.00000   100%   4.9   51s
 48243 43333 48830.2032  862   68 251881.368    0.00000   100%   4.8   55s
 53552 48310 133108.286 2231   71 251881.368    0.00000   100%   4.7   60s
 57545 52592 167289.803 3216   68 251881.368    0.00000   100%   4.6   65s
H59370 42078                    167444.25821    0.00000   100%   4.7   67s
H60385 42897                    167439.94595    0.00000   100%   4.7   68s
H60498 42895                    167435.45747    0.00000   100%   4.7   68s
 61703 43850 72977.4593 1743   66 167435.457    0.00000   100%   4.7   70s
 65872 46534 23520.6880  436   65 167435.457    0.00000   100%   4.7   75s
H66230 46694                    167435.44134    0.00000   100%   4.7   75s
 71255 51562    0.00000  515   64 167435.441    0.00000   100%   4.6   80s
 77087 57196 150569.987 2771   74 167435.441    0.00000   100%   4.5   85s
 81854 61479 115442.307 3338   70 167435.441    0.00000   100%   4.8   90s
 85932 65171 79871.0323 1226   65 167435.441    0.00000   100%   4.8   95s
H87403 66392                    167435.44095    0.00000   100%   4.7   96s
 91875 70416 61538.8728  199   64 167435.441    0.00000   100%   4.7  100s
 95216 73341    0.00000  163   65 167435.441    0.00000   100%   4.7  105s
 100503 78527 134793.962 2934   65 167435.441    0.00000   100%   4.6  110s
H102930 80783                    167423.04491    0.00000   100%   4.6  111s
 106472 84139    0.00000  288   71 167423.045    0.00000   100%   4.5  115s
 110441 87710 61520.3051 1325   67 167423.045    0.00000   100%   4.5  120s
 115854 93037 93858.5244 2544   68 167423.045    0.00000   100%   4.5  125s
 120142 96778 166950.123 3543   61 167423.045    0.00000   100%   4.4  130s
H121988 80162                    134332.85711    0.00000   100%   4.5  132s
H122165 80456                    134331.26732    0.00000   100%   4.5  132s
H123055 80710                    133563.84758    0.00000   100%   4.5  133s
H124380 80962                    131658.20627    0.00000   100%   4.5  134s
 125446 82059 76652.7295  675   67 131658.206    0.00000   100%   4.5  135s
 128960 84842 55465.8580  346   67 131658.206    0.00000   100%   4.5  140s
H134192 88302                    129765.10619    0.00000   100%   4.5  144s
H134938 89163                    129765.10079    0.00000   100%   4.5  144s
 135421 89630 92757.9593 2732   60 129765.101    0.00000   100%   4.4  145s
 138907 91752 102994.922  489   73 129765.101    0.00000   100%   4.5  150s
 142424 93634 82919.5963  798   66 129765.101    0.00000   100%   4.5  155s
 148663 95889 101192.757  298   62 129765.101    0.00000   100%   4.6  160s
 151566 96586 98871.8846 1244   72 129765.101    0.00000   100%   4.7  165s
 154319 97290     cutoff  611      129765.101    0.00000   100%   4.7  170s
 158530 98282 99713.4029 1286   70 129765.101    0.00000   100%   4.7  175s
 161885 99475 101382.404 1760   77 129765.101    0.00000   100%   4.7  180s
 166204 101627 infeasible  527      129765.101    0.00000   100%   4.8  185s
 169966 103374 127481.302 2306   73 129765.101    0.00000   100%   4.8  190s
 173421 103754    0.00000  178   78 129765.101    0.00000   100%   4.8  195s
 176877 104778 114063.152 1248   59 129765.101    0.00000   100%   4.9  200s
 179806 105743    0.00000  315   69 129765.101    0.00000   100%   4.9  205s
 184981 107233 52926.4960  294   66 129765.101    0.00000   100%   4.9  210s
 188823 110103 42357.1814 1206   66 129765.101    0.00000   100%   4.9  215s
H191773 106330                    123078.65469    0.00000   100%   4.8  218s
H192355 106598                    123070.54890    0.00000   100%   4.8  219s
H194101 97919                    112905.84688    0.00000   100%   4.8  220s
H195265 95871                    109652.25209    0.00000   100%   4.8  221s
H195529 94141                    107669.29545    0.00000   100%   4.8  221s
 200229 98181 85483.3560  300   68 107669.295    0.00000   100%   4.8  225s
 204944 102179 50952.7153 1370   67 107669.295    0.00000   100%   4.8  230s
H208116 105206                    107628.77766    0.00000   100%   4.8  234s
H208118 105125                    107557.86922    0.00000   100%   4.8  234s
H208216 78118                    89146.467219    0.00000   100%   4.8  234s
 208258 78235     cutoff 2454      89146.4672    0.00000   100%   4.8  235s
 212842 82430 40847.4421  690   70 89146.4672    0.00000   100%   4.9  240s
 218730 87264    0.00000  603   70 89146.4672    0.00000   100%   4.8  245s
 223315 91374 15983.4752  695   65 89146.4672    0.00000   100%   4.8  250s
H226985 92857                    87649.441022    0.00000   100%   4.8  254s
 227927 93444 14861.9584  236   74 87649.4410    0.00000   100%   4.9  255s
 232113 96591 61584.1825  824   57 87649.4410    0.00000   100%   5.0  260s
 235765 99849    0.00000  487   73 87649.4410    0.00000   100%   5.0  265s
 240401 103093     cutoff  898      87649.4410    0.00000   100%   4.9  270s
 245107 107017 56349.1578  282   66 87649.4410    0.00000   100%   5.0  275s
 248468 109834 infeasible  422      87649.4410    0.00000   100%   5.0  280s
 251589 112590 33960.6658  641   60 87649.4410    0.00000   100%   5.1  285s
 256010 116579 40333.5464  367   85 87649.4410    0.00000   100%   5.1  290s
 262614 121987 55976.9234  661   44 87649.4410    0.00000   100%   5.1  295s
 267327 125548    0.00000  369   67 87649.4410    0.00000   100%   5.2  300s
 271468 129414 66722.5604  395   77 87649.4410    0.00000   100%   5.2  305s
 274882 132102    0.00000  333   61 87649.4410    0.00000   100%   5.2  310s
 277873 134790 55167.5530 1184   66 87649.4410    0.00000   100%   5.3  315s
 281828 137862 77432.9937  542   55 87649.4410    0.00000   100%   5.3  320s
 285931 141862    0.00000  452   82 87649.4410    0.00000   100%   5.3  325s
H286174 141862                    87649.217543    0.00000   100%   5.3  325s
 291363 146887 67926.0691 1625   65 87649.2175    0.00000   100%   5.2  330s
 295266 150308 58348.8357  851   51 87649.2175    0.00000   100%   5.3  335s
*296595 148857            1230    85840.481021    0.00000   100%   5.3  335s
 298829 150643 73956.9204  770   46 85840.4810    0.00000   100%   5.3  340s
H301875 147400                    81166.127005    0.00000   100%   5.3  343s
 303276 148969 infeasible  363      81166.1270    0.00000   100%   5.3  345s
 306942 151507    0.00000  421   71 81166.1270    0.00000   100%   5.4  350s
 311759 156688 17127.0084 1437   57 81166.1270    0.00000   100%   5.3  355s
 315350 159604    0.00000  464   64 81166.1270    0.00000   100%   5.4  360s
 319077 162724 3240.82130  649   59 81166.1270    0.00000   100%   5.4  365s
 324655 167867    0.00000  458   61 81166.1270    0.00000   100%   5.4  370s
 328519 170499 60838.5394  400   61 81166.1270    0.00000   100%   5.4  375s
 332493 172688 75538.2453  592   55 81166.1270    0.00000   100%   5.4  380s
H332824 172736                    81154.145194    0.00000   100%   5.4  381s
 335749 174380 infeasible  708      81154.1452    0.00000   100%   5.4  385s
 339363 176661 75535.0144  816   55 81154.1452    0.00000   100%   5.4  390s
 342574 178088 79738.6656  935   55 81154.1452    0.00000   100%   5.4  395s
H345729 178279                    80610.441583    0.00000   100%   5.4  399s
 346465 178635 infeasible 1137      80610.4416    0.00000   100%   5.5  400s
 349363 180011 28665.4794  237   76 80610.4416    0.00000   100%   5.5  405s
 353273 182661 2740.13738  324   74 80610.4416    0.00000   100%   5.5  410s
 357188 186075 70858.0991  494   76 80610.4416    0.00000   100%   5.6  415s
 360030 188605 23332.2577 1295   59 80610.4416    0.00000   100%   5.7  420s
 364597 191933    0.00000  232   80 80610.4416    0.00000   100%   5.6  425s
 368295 194482 73006.1069 1378   46 80610.4416    0.00000   100%   5.7  430s
 371393 195330 39136.4665  355   73 80610.4416    0.00000   100%   5.7  435s
 375295 196865    0.00000  218   75 80610.4416    0.00000   100%   5.7  440s
 380022 198973 74937.8075  581   89 80610.4416    0.00000   100%   5.8  445s
 383319 200551 21888.6326 1147   68 80610.4416    0.00000   100%   5.8  450s
 385922 202054 37728.6940 1798   62 80610.4416    0.00000   100%   5.9  455s
 389164 205164 59665.4820 2650   65 80610.4416    0.00000   100%   5.9  460s
 393075 207832 64113.6227  248   83 80610.4416    0.00000   100%   5.9  465s
 396216 210573 20430.1269  399   71 80610.4416    0.00000   100%   5.9  470s
H398910 213036                    80610.406791    0.00000   100%   5.9  471s
H399122 213318                    80608.052124    0.00000   100%   5.9  472s
 401820 215352 7813.28235  511   47 80608.0521    0.00000   100%   5.9  475s
H404254 217596                    80598.304446    0.00000   100%   5.9  476s
 408735 222014    0.00000  327   69 80598.3044    0.00000   100%   5.9  480s
H409441 184432                    61795.053776    0.00000   100%   5.9  481s
 411681 185890 1062.56094  409   66 61795.0538    0.00000   100%   5.9  485s
H414198 178016                    57535.566431    0.00000   100%   6.0  488s
 414572 178302    0.00000  237   67 57535.5664    0.00000   100%   6.0  490s
 417514 180296 20694.9350  835   81 57535.5664    0.00000   100%   6.1  495s
 420789 182979 18803.7839  419   67 57535.5664    0.00000   100%   6.1  500s
 423472 185220 33564.9185  459   59 57535.5664    0.00000   100%   6.1  505s
H425489 186960                    57529.554223    0.00000   100%   6.2  509s
 426512 187913    0.00000  401   95 57529.5542    0.00000   100%   6.2  510s
 429612 190230 infeasible  402      57529.5542    0.00000   100%   6.2  515s
 433299 193611 55797.8756 1830   73 57529.5542    0.00000   100%   6.2  520s
 435622 195746 16641.3487  931   77 57529.5542    0.00000   100%   6.2  525s
H438564 190017                    54736.508337    0.00000   100%   6.2  527s
H438661 190101                    54736.377004    0.00000   100%   6.2  527s
H438977 190267                    54736.079220    0.00000   100%   6.2  528s
 440554 191818    0.00000  351   70 54736.0792    0.00000   100%   6.2  530s
 444421 194434 24168.7855 1366   58 54736.0792    0.00000   100%   6.2  535s
H445641 195249                    54732.359537    0.00000   100%   6.2  538s
H446991 196256                    54731.620206    0.00000   100%   6.3  539s
 447275 196619    0.00000  368   88 54731.6202    0.00000   100%   6.3  540s
 450341 199177 infeasible  483      54731.6202    0.00000   100%   6.3  545s
 453925 201797    0.00000  347   88 54731.6202    0.00000   100%   6.4  550s
H454197 201944                    54727.578977    0.00000   100%   6.4  550s
 456385 203694 infeasible  189      54727.5790    0.00000   100%   6.4  555s
 459031 206119 10523.8335  498   74 54727.5790    0.00000   100%   6.5  560s
 461453 208345 38812.0498 1369   78 54727.5790    0.00000   100%   6.5  565s
 465167 209632    0.00000  168   98 54727.5790    0.00000   100%   6.5  570s
H466119 192084                    46668.038115    0.00000   100%   6.5  571s
H466574 192557                    46665.314473    0.00000   100%   6.5  572s
 468335 194204    0.00000  194   74 46665.3145    0.00000   100%   6.5  575s
H470258 195037                    46657.200297    0.00000   100%   6.6  579s
 470589 195200 infeasible  191      46657.2003    0.00000   100%   6.6  580s
H471710 196329                    46652.091808    0.00000   100%   6.7  583s
 472998 197046    0.00000  191   72 46652.0918    0.00000   100%   6.7  585s
 475599 199345 17163.0137  752   67 46652.0918    0.00000   100%   6.7  590s
 478092 200711 13926.8277  518   64 46652.0918    0.00000   100%   6.8  595s
 481430 202672 41092.7319 2312   76 46652.0918    0.00000   100%   6.8  600s
 484065 204646 infeasible  403      46652.0918    0.00000   100%   6.8  605s
H484752 204696                    46568.613233    0.00000   100%   6.8  606s
H484756 204543                    46470.847405    0.00000   100%   6.8  606s
 486266 205869 infeasible  141      46470.8474    0.00000   100%   6.8  610s
 489755 208401    0.00000  203   73 46470.8474    0.00000   100%   6.9  615s
H491586 142983                    24312.356160    0.00000   100%   7.0  618s
H491605 129409                    19396.158423    0.00000   100%   7.0  618s
H491708 129533                    19390.950252    0.00000   100%   7.0  618s
H491868 129620                    19390.885737    0.00000   100%   7.0  619s
 492284 129937    0.00000  144   77 19390.8857    0.00000   100%   7.0  620s
 495268 132106     cutoff  413      19390.8857    0.00000   100%   7.1  625s
H496745   169                       0.0000000    0.00000  0.00%   7.1  628s

Cutting planes:
  RLT: 27

Explored 496824 nodes (3535439 simplex iterations) in 628.79 seconds (305.35 work units)
Thread count was 2 (of 24 available processors)

Solution count 10: 0 19390.9 19396.2 ... 46668

Optimal solution found (tolerance 1.06e-07)
Best objective 0.000000000000e+00, best bound 0.000000000000e+00, gap 0.0000%
