
Gurobi 11.0.3 (linux64, Java) logging started qua 11 dez 2024 17:24:12 -03

Set parameter Username
Academic license - for non-commercial use only - expires 2025-10-10
Set parameter NonConvex to value 2
Set parameter TimeLimit to value 3600
Set parameter LogToConsole to value 0
Set parameter MIPGap to value 1.0622098813775087e-07
Set parameter Threads to value 2
Set parameter NodefileDir to value "/home/ps12398/experiment_epec/goalProgrammingMarcos/"
Set parameter NodefileStart to value 1
Gurobi Optimizer version 11.0.3 build v11.0.3rc0 (linux64)

CPU model: Intel(R) Xeon(R) CPU           X5650  @ 2.67GHz, instruction set [SSE2]
Thread count: 12 physical cores, 24 logical processors, using up to 2 threads

Optimize a model with 15850 rows, 11484 columns and 142736 nonzeros
Model fingerprint: 0xf6b7b802
Model has 80 quadratic constraints
Variable types: 5706 continuous, 5778 integer (75 binary)
Coefficient statistics:
  Matrix range     [1e-02, 3e+06]
  QMatrix range    [1e-02, 5e+04]
  QLMatrix range   [1e+00, 5e+04]
  Objective range  [1e+00, 2e+07]
  Bounds range     [1e+00, 1e+08]
  RHS range        [1e+00, 3e+05]
  QRHS range       [1e-02, 1e-02]
Presolve removed 15725 rows and 11191 columns
Presolve time: 0.23s
Presolved: 315 rows, 356 columns, 5664 nonzeros
Presolved model has 63 bilinear constraint(s)

Solving non-convex MIQCP

Variable types: 131 continuous, 225 integer (0 binary)
Found heuristic solution: objective 5232342.8726

Root relaxation: objective 8.858956e+05, 169 iterations, 0.01 seconds (0.00 work units)

    Nodes    |    Current Node    |     Objective Bounds      |     Work
 Expl Unexpl |  Obj  Depth IntInf | Incumbent    BestBd   Gap | It/Node Time

     0     0 885895.576    0  108 5232342.87 885895.576  83.1%     -    0s
H    0     0                    4081845.6425 885895.576  78.3%     -    0s
     0     0 1132261.20    0  135 4081845.64 1132261.20  72.3%     -    0s
H    0     0                    2123091.7473 1132261.20  46.7%     -    0s
     0     0 1141182.24    0  139 2123091.75 1141182.24  46.2%     -    0s
     0     0 1141189.33    0  139 2123091.75 1141189.33  46.2%     -    0s
     0     0 1141614.72    0  140 2123091.75 1141614.72  46.2%     -    0s
     0     0 1141762.62    0  142 2123091.75 1141762.62  46.2%     -    0s
     0     0 1142261.57    0  140 2123091.75 1142261.57  46.2%     -    0s
     0     0 1142264.41    0  140 2123091.75 1142264.41  46.2%     -    0s
     0     2 1142271.06    0  140 2123091.75 1142271.06  46.2%     -    0s
H 3618  3619                    1967018.0111 1142273.31  41.9%   1.0    3s
H 3621  3439                    1815445.3633 1227492.99  32.4%   1.0    3s
H 3622  3268                    1769463.0005 1227563.42  30.6%   1.0    4s
H 3628  3109                    1758983.0812 1231451.35  30.0%   1.1    4s
H 3628  2953                    1757983.7647 1231451.35  30.0%   1.1    4s
H 3634  2810                    1752910.3666 1232156.22  29.7%   1.1    4s
H 3634  2669                    1752111.9419 1232156.22  29.7%   1.1    4s
  3640  2674 1232156.22 1301   74 1752111.94 1232156.22  29.7%   1.2    5s
H 3640  2540                    1751687.7036 1232283.75  29.7%   1.2    5s
H 3646  2417                    1751555.2796 1232324.43  29.6%   1.3    5s
H 3652  2300                    1726873.7479 1236331.43  28.4%   1.3    6s
H 3660  2191                    1724233.2503 1236656.56  28.3%   1.4    7s
H 3666  2086                    1723525.3582 1236656.56  28.2%   1.5    8s
H 3673  1987                    1671494.2273 1245348.99  25.5%   1.6    9s
H 3673  1887                    1669436.3381 1245348.99  25.4%   1.6    9s
H 3675  1795                    1664147.4852 1248226.31  25.0%   1.6    9s
  3684  1802 1248236.58 1572   93 1664147.49 1248236.58  25.0%   1.6   11s
H 3684  1711                    1662541.3392 1248236.58  24.9%   1.6   11s
H 4497  2208                    1662517.2950 1249394.49  24.8%   1.7   12s
H 5611  2841                    1662513.1797 1249394.49  24.8%   1.7   13s
H 7240  3840                    1656039.6483 1249394.49  24.6%   2.5   14s
  7241  4037 1252438.73 1064   98 1656039.65 1249394.49  24.6%   2.5   15s
H 7638  4072                    1656027.6027 1249394.49  24.6%   2.6   15s
H 8100  4443                    1655990.9546 1249394.49  24.6%   2.8   15s
H 8288  4659                    1655768.1682 1249394.49  24.5%   2.9   15s
H 8668  5085                    1655764.2868 1249394.49  24.5%   3.0   16s
H 9000  5358                    1653498.4545 1249394.49  24.4%   3.1   16s
H 9674  6042                    1646729.5332 1249394.49  24.1%   3.2   17s
H 9877  6194                    1645343.0848 1249394.49  24.1%   3.4   17s
H10677  7068                    1645339.2035 1249394.49  24.1%   3.8   18s
H10688  7068                    1645176.9423 1249394.49  24.1%   3.8   18s
H11526  7966                    1641079.5477 1249394.49  23.9%   4.5   19s
H12107  8570                    1640811.1884 1249394.49  23.9%   5.1   20s
H13119  9597                    1640807.3070 1249394.49  23.9%   6.0   21s
H14885 11240                    1635387.5475 1249394.49  23.6%   6.9   23s
 16386 12836 1262541.12 3695  103 1635387.55 1249394.49  23.6%   7.4   25s
H18461 14943                    1620482.2790 1249394.49  22.9%   7.7   27s
H20115 16496                    1620478.3977 1249394.49  22.9%   7.5   29s
 20373 16882 1249988.15  475  112 1620478.40 1249394.49  22.9%   7.5   30s
 25525 22185 1251132.72 1791   85 1620478.40 1249394.49  22.9%   6.3   35s
 30599 27245 1261025.53 2818   93 1620478.40 1249394.49  22.9%   6.3   40s
H33006 29358                    1618743.8422 1249394.49  22.8%   6.2   42s
H34496 31017                    1618711.9609 1249394.49  22.8%   6.3   43s
 35499 31817 1294069.68 3703  110 1618711.96 1249394.49  22.8%   6.3   45s
 42967 39491 1270278.79 1512   92 1618711.96 1249418.57  22.8%   6.5   50s
 47410 44022 1332931.26 2412   66 1618711.96 1249418.57  22.8%   7.0   55s
H52481 49072                    1618370.0850 1249418.57  22.8%   6.9   59s
H53166 49657                    1610888.7652 1249418.57  22.4%   6.9   59s
 53595 50235 1372458.54 3690   81 1610888.77 1249418.57  22.4%   6.9   60s
 58638 55243 1315699.83 1294   92 1610888.77 1249427.34  22.4%   6.8   65s
H63282 59600                    1581591.6828 1249427.34  21.0%   7.1   69s
 63318 60031 1414561.99 2516   85 1581591.68 1249427.34  21.0%   7.1   70s
H63649 60031                    1578851.5253 1249427.34  20.9%   7.1   70s
 70022 66689 1424663.71 3697  109 1578851.53 1249427.34  20.9%   6.8   75s
H70780 67058                    1565287.9075 1249427.34  20.2%   6.8   76s
H73292 69649                    1565237.7179 1249428.28  20.2%   6.7   78s
 74666 71224 1344248.25 2053   93 1565237.72 1249428.28  20.2%   6.6   80s
 80080 76631 1379567.85 3697  120 1565237.72 1249428.28  20.2%   6.3   85s
H82936 79636                    1565236.5157 1249431.51  20.2%   6.2   87s
 87369 83645 1314315.21  171  146 1565236.52 1249436.10  20.2%   5.9   90s
H90094 86151                    1565068.5906 1249436.10  20.2%   5.8   91s
H90226 86453                    1565067.3884 1249436.10  20.2%   5.8   92s
 94746 90891 1343258.55 3696  108 1565067.39 1249436.10  20.2%   5.6   95s
 99417 95777 1347486.41  942  118 1565067.39 1249441.00  20.2%   5.4  100s
 104119 100195 1363227.07 3638   76 1565067.39 1249441.00  20.2%   5.2  105s
 109946 106102 1338135.37 1293   81 1565067.39 1249442.41  20.2%   5.1  110s
H117471 113382                    1560016.9983 1249442.41  19.9%   5.0  114s
 117993 113756 1362132.20 3225   69 1560017.00 1249442.41  19.9%   5.0  115s
H118053 113672                    1552240.6611 1249442.41  19.5%   5.0  115s
H118150 113867                    1549282.8367 1249442.41  19.4%   5.0  115s
H120284 116016                    1548311.6386 1249442.41  19.3%   5.0  117s
H120575 116301                    1548085.6294 1249442.41  19.3%   5.0  117s
 123544 118871 1249511.68  168  132 1548085.63 1249443.92  19.3%   4.9  120s
H123546 118984                    1547907.9807 1249443.92  19.3%   4.9  120s
H124304 119645                    1547907.4884 1249451.00  19.3%   4.9  121s
H126007 120607                    1536511.8488 1249451.00  18.7%   4.9  123s
H126104 120605                    1535919.3724 1249451.00  18.7%   4.9  123s
H126235 120583                    1531478.7923 1249451.00  18.4%   4.9  123s
H126332 120569                    1530269.1886 1249451.00  18.4%   4.9  123s
*126633 120710             783    1530258.5245 1249452.68  18.4%   4.9  124s
*126635 120710             782    1530255.0988 1249452.68  18.4%   4.9  124s
*126649 120710             786    1530242.3100 1249452.68  18.3%   4.9  124s
*126653 120710             782    1530216.2256 1249452.68  18.3%   4.9  124s
H127873 121700                    1530145.2924 1249453.22  18.3%   4.9  124s
 128518 122926 1375028.27  864   95 1530145.29 1249453.22  18.3%   4.8  125s
H134078 127790                    1529640.3048 1249456.26  18.3%   4.7  127s
H134304 127897                    1529539.9257 1249456.26  18.3%   4.7  128s
H134804 128346                    1529536.0443 1249456.26  18.3%   4.7  128s
 136977 129872     cutoff  626      1529536.04 1249456.26  18.3%   4.7  130s
 144613 137102 1352924.25  985   77 1529536.04 1249459.12  18.3%   4.7  135s
H147723 139820                    1526927.0169 1249459.12  18.2%   4.6  136s
H147739 139816                    1526448.9035 1249459.12  18.1%   4.6  136s
 153081 144727 1375634.24  201  121 1526448.90 1249460.73  18.1%   4.6  140s
 160682 151874 1378394.80 2957   67 1526448.90 1249466.56  18.1%   4.5  145s
H170202 161032                    1526445.5913 1249468.39  18.1%   4.3  149s
 170666 161657 1494366.81  576   53 1526445.59 1249468.39  18.1%   4.3  150s
 175240 165668 1467306.88  332   63 1526445.59 1249471.24  18.1%   4.3  155s
H183273 173321                    1524027.7792 1249471.63  18.0%   4.2  159s
 183670 173851 1439716.53 3697   59 1524027.78 1249471.63  18.0%   4.2  160s
H184256 174199                    1523100.5525 1249471.63  18.0%   4.2  160s
 188412 178127 1480763.49 1788   59 1523100.55 1249472.75  18.0%   4.1  165s
 193354 182985 1356443.63  904   65 1523100.55 1249473.81  18.0%   4.1  170s
 199406 188795 1382031.11 2139   60 1523100.55 1249473.81  18.0%   4.1  175s
 203306 192245 1431698.89 3064   68 1523100.55 1249473.81  18.0%   4.1  180s
H206321 194702                    1523098.7832 1249476.40  18.0%   4.1  183s
H206946 195167                    1520554.9534 1249476.42  17.8%   4.1  185s
 211934 199780 1381833.84 3271   69 1520554.95 1249476.42  17.8%   4.1  190s
 216438 203920 1518792.78  552   70 1520554.95 1249480.02  17.8%   4.1  195s
 220920 208669 1361597.10 1875   79 1520554.95 1249480.02  17.8%   4.1  200s
 228286 215760 1474716.24 2709   52 1520554.95 1249480.53  17.8%   4.0  205s
 232066 219196 1479729.09 1039   61 1520554.95 1249480.62  17.8%   4.0  210s
 237663 223097     cutoff  918      1520554.95 1249480.62  17.8%   4.0  215s
 242768 225893     cutoff 1531      1520554.95 1249480.62  17.8%   4.1  220s
 247430 230587 1380640.16 1248   70 1520554.95 1249489.16  17.8%   4.1  225s
 252809 235853 1395193.49 2639   67 1520554.95 1249489.16  17.8%   4.1  230s
 258169 241160 1458922.55 3695   74 1520554.95 1249489.16  17.8%   4.1  235s
 261878 244908 1368585.36  907   65 1520554.95 1249489.96  17.8%   4.1  240s
 268245 250994 1444421.74 3696   69 1520554.95 1249489.96  17.8%   4.1  245s
 273631 255822 1353685.27  233  139 1520554.95 1249492.29  17.8%   4.1  250s
H274223 256127                    1518216.0780 1249492.29  17.7%   4.1  251s
H275179 256498                    1516871.8009 1249495.36  17.6%   4.1  252s
 276959 258292 1349390.04  359   75 1516871.80 1249498.01  17.6%   4.1  255s
H280871 261914                    1516870.7344 1249498.01  17.6%   4.1  258s
 281912 262983 1447283.22 2780   54 1516870.73 1249498.01  17.6%   4.1  260s
 287390 268106 1381097.17  714   81 1516870.73 1249504.44  17.6%   4.1  265s
 293754 273920 1432596.48 3636   69 1516870.73 1249504.44  17.6%   4.0  270s
 298877 278511 1470845.48  359   96 1516870.73 1249506.79  17.6%   4.0  275s
 304683 283350     cutoff  432      1516870.73 1249508.28  17.6%   4.0  280s
H310307 288648                    1515124.1090 1249508.53  17.5%   4.0  284s
 310627 289132 1449790.33 2240   59 1515124.11 1249508.53  17.5%   4.0  285s
 315659 293771 1498302.95 3727   52 1515124.11 1249508.53  17.5%   3.9  290s
H318261 294437                    1509940.4856 1249510.20  17.2%   3.9  293s
H320066 296040                    1509936.9656 1249510.20  17.2%   3.9  295s
H320310 288820                    1500582.4682 1249510.20  16.7%   3.9  295s
 324827 293092     cutoff  323      1500582.47 1249511.68  16.7%   3.9  300s
H326392 294306                    1500564.9618 1249512.20  16.7%   3.9  302s
H326991 277086                    1478476.5102 1249512.20  15.5%   3.9  303s
 328100 278272 1395903.41  345  113 1478476.51 1249513.47  15.5%   3.9  305s
H328475 278511                    1478470.3873 1249513.47  15.5%   3.9  305s
 332866 282983 1431967.92 1985   65 1478470.39 1249513.47  15.5%   3.9  310s
 338555 287874 1405309.61  224  123 1478470.39 1249516.20  15.5%   3.8  315s
 343482 291268 1432988.77  267  100 1478470.39 1249516.81  15.5%   3.8  320s
 347862 295273 1457168.51  273  121 1478470.39 1249517.32  15.5%   3.8  325s
 350906 297221     cutoff  313      1478470.39 1249518.25  15.5%   3.8  330s
H352748 298823                    1478465.5107 1249518.25  15.5%   3.8  332s
 354972 301178 1431126.80 2992   39 1478465.51 1249518.25  15.5%   3.8  335s
 358588 304164 infeasible  250      1478465.51 1249519.07  15.5%   3.8  340s
 363044 306646 1452928.92  266  125 1478465.51 1249519.41  15.5%   3.8  345s
H366102 309506                    1478308.0588 1249519.41  15.5%   3.8  348s
H366939 307134                    1474470.7740 1249519.41  15.3%   3.8  348s
H367942 307335                    1473489.0630 1249519.41  15.2%   3.8  349s
H368572 306397                    1471625.9025 1249519.41  15.1%   3.8  350s
H368954 304143                    1468492.7986 1249519.46  14.9%   3.8  350s
H369142 303736                    1467828.2907 1249519.53  14.9%   3.8  350s
H369608 304144                    1467828.2220 1249519.53  14.9%   3.8  351s
 371425 305386     cutoff  291      1467828.22 1249519.95  14.9%   3.8  355s
H376642 310346                    1467827.7725 1249520.01  14.9%   3.7  359s
 378572 311438 1452720.51 3463   62 1467827.77 1249520.01  14.9%   3.7  360s
H382136 308419                    1460176.2382 1249520.36  14.4%   3.7  364s
 382593 309024 1430047.48  374   92 1460176.24 1249520.44  14.4%   3.7  365s
 387168 312476 1368179.76  348  102 1460176.24 1249521.04  14.4%   3.7  370s
 392425 316871 1437524.54  605   70 1460176.24 1249521.65  14.4%   3.8  375s
 397416 320997 1435864.73  381  110 1460176.24 1249522.42  14.4%   3.8  380s
 401408 324618 1427518.69 1012   61 1460176.24 1249522.81  14.4%   3.8  385s
 405086 327047 1358544.51  199  131 1460176.24 1249523.88  14.4%   3.8  390s
 409274 330215 1440635.19  725   65 1460176.24 1249524.37  14.4%   3.8  395s
 413258 333037 1446611.14 1773   65 1460176.24 1249524.37  14.4%   3.8  400s
 417323 336550 1428112.24  297  116 1460176.24 1249525.71  14.4%   3.8  405s
H418070 336969                    1460175.9267 1249526.32  14.4%   3.8  406s
H419179 338132                    1460175.3961 1249526.68  14.4%   3.8  408s
 420410 339355 1447488.31  807   92 1460175.40 1249526.68  14.4%   3.8  410s
 424910 343477 1433351.54  422   91 1460175.40 1249526.80  14.4%   3.9  415s
 428148 345967 1418375.69 1011   64 1460175.40 1249528.42  14.4%   3.9  420s
 432929 349318 infeasible  337      1460175.40 1249532.38  14.4%   3.9  425s
 436555 352535 1377379.06  307  123 1460175.40 1249532.89  14.4%   3.9  430s
 439468 355038 1397347.72  317  121 1460175.40 1249533.23  14.4%   3.9  435s
 442387 357059 1401755.05  331  127 1460175.40 1249534.35  14.4%   3.9  440s
 444414 358570 1356424.70  216  110 1460175.40 1249534.81  14.4%   4.0  445s
 448597 361530 1448843.92  243  127 1460175.40 1249535.57  14.4%   4.0  450s
 450818 363265 1384488.34  370  109 1460175.40 1249536.15  14.4%   4.0  455s
 454009 365789 1452742.27  400  116 1460175.40 1249536.42  14.4%   4.0  460s
 456846 367876 1444070.24  477  115 1460175.40 1249536.99  14.4%   4.1  465s
H459396 366807                    1457155.4735 1249537.60  14.2%   4.1  469s
 459901 367000 1440991.81  439  114 1457155.47 1249537.72  14.2%   4.1  470s
H460501 367341                    1457154.3342 1249537.84  14.2%   4.1  471s
 462506 369397 1368499.52  297  115 1457154.33 1249538.12  14.2%   4.1  475s
 466001 372457 1385125.19  357  128 1457154.33 1249538.38  14.2%   4.1  480s
H467286 373511                    1457131.6288 1249538.40  14.2%   4.1  481s
 469457 375186     cutoff  322      1457131.63 1249538.52  14.2%   4.1  486s
H469507 375169                    1457104.6919 1249538.52  14.2%   4.1  486s
 471678 377180 1306529.82  255  119 1457104.69 1249538.76  14.2%   4.2  490s
 474703 379478 1384048.26  426   95 1457104.69 1249539.09  14.2%   4.2  495s
 478773 382772 1444923.50  460  112 1457104.69 1249539.39  14.2%   4.2  500s
 481192 384429     cutoff  511      1457104.69 1249539.95  14.2%   4.3  505s
 484901 387363 1393123.49  363  112 1457104.69 1249540.24  14.2%   4.3  510s
 488735 391120 1420983.69 1115   70 1457104.69 1249540.29  14.2%   4.3  515s
 491272 392553 1410016.77  442  116 1457104.69 1249540.97  14.2%   4.3  520s
 493968 393971 1436273.56  500  121 1457104.69 1249541.77  14.2%   4.4  525s
H494014 392800                    1456008.1368 1249541.77  14.2%   4.4  525s
H494089 392788                    1455998.5247 1249541.81  14.2%   4.4  525s
 495581 394091 1386891.26  406  108 1455998.52 1249542.17  14.2%   4.4  530s
 498891 396683 1382324.36  463  107 1455998.52 1249542.62  14.2%   4.4  535s
 500526 397539 1360187.94  477  113 1455998.52 1249543.16  14.2%   4.5  540s
 504202 400219 1328002.89  484  112 1455998.52 1249544.21  14.2%   4.5  545s
H506335 401398                    1455998.4370 1249545.31  14.2%   4.6  548s
 507435 401964 1385333.26  529  115 1455998.44 1249545.86  14.2%   4.6  550s
 511206 404339     cutoff  549      1455998.44 1249546.71  14.2%   4.7  555s
 515065 407622 1431021.88  412   58 1455998.44 1249547.44  14.2%   4.7  560s
 517716 409089 1384876.59  207  135 1455998.44 1249548.03  14.2%   4.7  565s
 520197 411533 1306479.15  594  104 1455998.44 1249548.15  14.2%   4.8  570s
 523221 413550 1441431.03  570  115 1455998.44 1249548.59  14.2%   4.8  575s
 525474 415352 1307162.25  607  108 1455998.44 1249548.94  14.2%   4.8  580s
 527985 417294 1426685.12  544  106 1455998.44 1249549.49  14.2%   4.8  585s
 530575 418658 1406049.02  263  118 1455998.44 1249550.17  14.2%   4.9  590s
 532313 419706 1379770.98  471  121 1455998.44 1249551.34  14.2%   4.9  595s
 535255 421815 1424654.40  357  101 1455998.44 1249552.55  14.2%   4.9  600s
 536912 423164 1445997.19  588   76 1455998.44 1249552.92  14.2%   4.9  605s
 539802 425051 1436831.43  522  116 1455998.44 1249553.50  14.2%   5.0  610s
 541679 426862     cutoff  365      1455998.44 1249553.86  14.2%   5.0  615s
 544613 429377 1420661.06  570   84 1455998.44 1249554.11  14.2%   5.0  620s
H546235 430464                    1455988.0306 1249554.35  14.2%   5.1  622s
 546912 430948 1392727.99  362  110 1455988.03 1249554.47  14.2%   5.1  625s
H549567 428178                    1452261.4722 1249554.99  14.0%   5.1  629s
 549662 428431 1415999.87  694  121 1452261.47 1249554.99  14.0%   5.1  630s
 552180 429978     cutoff  382      1452261.47 1249555.47  14.0%   5.1  635s
 554919 431646 1415804.21  706  125 1452261.47 1249556.19  14.0%   5.2  640s
 558968 435378     cutoff 2338      1452261.47 1249556.45  14.0%   5.2  645s
H559894 436096                    1452261.1072 1249556.57  14.0%   5.2  645s
H561887 437937                    1452255.3298 1249556.67  14.0%   5.2  648s
 562942 438918 1434403.96  570  112 1452255.33 1249556.78  14.0%   5.2  650s
 565478 440292     cutoff  679      1452255.33 1249557.51  14.0%   5.3  655s
 567981 441931 1443141.55  753  122 1452255.33 1249558.25  14.0%   5.3  660s
 570756 443714 1436147.60  641  114 1452255.33 1249559.38  14.0%   5.3  665s
 573914 446106 1408234.31  677   86 1452255.33 1249561.33  14.0%   5.4  670s
 577100 448383 1411414.42  642  131 1452255.33 1249562.20  14.0%   5.4  675s
 579717 449769 1328438.31  194  109 1452255.33 1249563.52  14.0%   5.4  680s
 582058 451277 1441152.92  724  118 1452255.33 1249564.63  14.0%   5.5  685s
 583925 452286 1428748.99  200  127 1452255.33 1249566.22  14.0%   5.5  690s
 586516 455028 1389949.05  941   55 1452255.33 1249567.37  14.0%   5.5  695s
 592112 459763 1413056.35 2815   80 1452255.33 1249567.37  14.0%   5.5  700s
 595850 462245     cutoff  519      1452255.33 1249573.40  14.0%   5.5  705s
 597553 463326 1425327.18  775  103 1452255.33 1249578.17  14.0%   5.5  710s
H598300 444635                    1445457.4366 1249578.74  13.6%   5.5  711s
H598397 406070                    1436772.9157 1249578.74  13.0%   5.5  712s
H598494 387050                    1433225.0815 1249578.74  12.8%   5.5  712s
H599627 387056                    1433100.8577 1249580.11  12.8%   5.5  714s
H599829 387223                    1433096.9764 1249580.11  12.8%   5.5  715s
 602063 388265 1400555.66  414  129 1433096.98 1249582.30  12.8%   5.6  720s
 603934 389302     cutoff  458      1433096.98 1249583.88  12.8%   5.6  725s
 606403 390629     cutoff  487      1433096.98 1249585.59  12.8%   5.6  730s
H607214 391069                    1433096.3680 1249586.44  12.8%   5.6  732s
 608308 392272 1416455.63  609   64 1433096.37 1249586.44  12.8%   5.7  735s
 610258 393475 1419666.66  394  101 1433096.37 1249587.78  12.8%   5.7  740s
 612181 394177     cutoff  551      1433096.37 1249589.72  12.8%   5.7  745s
 613835 394966     cutoff  573      1433096.37 1249591.05  12.8%   5.7  750s
 616076 396221 1395886.96  587  119 1433096.37 1249592.96  12.8%   5.8  755s
 617974 397243 1407809.51  717  103 1433096.37 1249600.12  12.8%   5.8  760s
 620173 398631     cutoff  728      1433096.37 1249604.45  12.8%   5.8  765s
 622304 400068 1423966.24  786  122 1433096.37 1249611.44  12.8%   5.8  770s
 624390 401600 1386169.32  236   94 1433096.37 1249615.82  12.8%   5.8  775s
H625120 401825                    1433096.1639 1249617.10  12.8%   5.8  776s
 626802 402762     cutoff  746      1433096.16 1249620.39  12.8%   5.8  780s
H628198 403552                    1433072.7051 1249620.42  12.8%   5.8  782s
 630215 404812 1408651.33  198  118 1433072.71 1249627.63  12.8%   5.9  785s
 633231 406728 1355544.44  205  140 1433072.71 1249635.43  12.8%   5.9  790s
 636603 409832 1419545.45  695   66 1433072.71 1249635.58  12.8%   5.9  795s
 639274 411871 1358332.12  234   97 1433072.71 1249639.07  12.8%   5.9  800s
 641177 413235 1389384.08  312  124 1433072.71 1249641.12  12.8%   5.9  805s
 643421 414710 1270643.06  765  121 1433072.71 1249641.40  12.8%   5.9  810s
 645609 416508     cutoff  753      1433072.71 1249644.81  12.8%   5.9  815s
 648742 419082 1348937.05  181  132 1433072.71 1249647.06  12.8%   5.9  820s
 651283 421264 1407967.92  347   89 1433072.71 1249648.97  12.8%   5.9  825s
 653536 422554     cutoff  778      1433072.71 1249653.17  12.8%   6.0  830s
 655150 423871 1387130.20  271  134 1433072.71 1249656.29  12.8%   6.0  835s
 658928 426902 1394097.24  422  117 1433072.71 1249658.55  12.8%   6.0  840s
 661193 428488 1391823.03  776  129 1433072.71 1249661.50  12.8%   6.0  845s
 663401 430078 1355746.43  309   92 1433072.71 1249665.47  12.8%   6.0  850s
H665390 431664                    1433072.6502 1249667.94  12.8%   6.0  854s
 665802 431816 1425275.52  340  119 1433072.65 1249667.94  12.8%   6.0  855s
 667622 433057 1431855.03  793  107 1433072.65 1249670.56  12.8%   6.1  860s
 670366 434971 1373480.97  277  130 1433072.65 1249673.86  12.8%   6.1  865s
 673051 436719     cutoff  820      1433072.65 1249681.22  12.8%   6.1  870s
 675692 439079 1369409.08  196  135 1433072.65 1249683.09  12.8%   6.1  875s
 679106 442254 1393838.91  231  129 1433072.65 1249684.87  12.8%   6.1  880s
 681948 444052     cutoff  393      1433072.65 1249689.25  12.8%   6.1  885s
 683882 445247 1400932.22  810  112 1433072.65 1249692.98  12.8%   6.1  890s
 685835 446584 1431484.68  812  122 1433072.65 1249697.34  12.8%   6.2  895s
 688209 448610 1431547.58  825  107 1433072.65 1249701.04  12.8%   6.2  900s
 689933 449653 1424792.85  860  125 1433072.65 1249703.29  12.8%   6.2  905s
 692197 451193     cutoff  823      1433072.65 1249707.97  12.8%   6.2  910s
H694870 452859                    1433050.1548 1249711.35  12.8%   6.2  914s
 694871 453081 1428660.96  322   94 1433050.15 1249711.64  12.8%   6.2  915s
 698424 455615     cutoff  209      1433050.15 1249715.89  12.8%   6.2  920s
 700549 457321 1380363.05  286  111 1433050.15 1249717.13  12.8%   6.2  925s
 703210 458716 1368080.19  258  128 1433050.15 1249721.43  12.8%   6.2  930s
 705137 459961 1429710.71  850  110 1433050.15 1249724.37  12.8%   6.3  935s
 707610 461712 1374659.26  238  129 1433050.15 1249726.95  12.8%   6.3  940s
 709665 463238     cutoff  223      1433050.15 1249728.86  12.8%   6.3  945s
 711873 464343 1399221.88  272  111 1433050.15 1249731.28  12.8%   6.3  950s
 713680 465387 1373525.10  251  127 1433050.15 1249734.76  12.8%   6.3  955s
 715694 466452     cutoff  232      1433050.15 1249736.98  12.8%   6.3  960s
 717934 468038 1417684.53  873  125 1433050.15 1249738.96  12.8%   6.3  965s
H719963 469490                    1433049.8466 1249742.42  12.8%   6.4  969s
 720220 469648 1331630.60  196  121 1433049.85 1249742.76  12.8%   6.4  970s
 721932 470907     cutoff  239      1433049.85 1249744.01  12.8%   6.4  975s
 724271 472269 1404073.35  265  125 1433049.85 1249747.64  12.8%   6.4  980s
 726947 473972     cutoff  317      1433049.85 1249751.83  12.8%   6.4  985s
 729331 476171 1429307.92  919  126 1433049.85 1249753.33  12.8%   6.4  990s
 731974 477775 1412784.50  883  127 1433049.85 1249754.17  12.8%   6.4  995s
 734846 480728 1398514.50  943   61 1433049.85 1249754.24  12.8%   6.4 1000s
 737328 482699 1407064.70 1868   61 1433049.85 1249754.24  12.8%   6.4 1005s
H738951 483650                    1433047.9971 1249757.44  12.8%   6.4 1007s
 740076 484465     cutoff  265      1433048.00 1249757.94  12.8%   6.4 1010s
H740077 484464                    1433047.0230 1249757.94  12.8%   6.4 1010s
 741880 485580 1429004.91  923  126 1433047.02 1249760.07  12.8%   6.5 1015s
 744706 487554 1271101.20  896  127 1433047.02 1249762.21  12.8%   6.5 1020s
 746606 488659 1381571.10  346   82 1433047.02 1249764.66  12.8%   6.5 1025s
 748891 490213 1424800.13  397   81 1433047.02 1249767.24  12.8%   6.5 1030s
 751611 491833 1372420.58  205  121 1433047.02 1249769.64  12.8%   6.5 1035s
 753439 493018 1417109.09  897  104 1433047.02 1249772.32  12.8%   6.6 1040s
 755814 495331     cutoff  901      1433047.02 1249773.56  12.8%   6.6 1045s
 759196 498451 1354819.71  252  123 1433047.02 1249774.62  12.8%   6.5 1050s
 761171 499730 1405970.84  341   77 1433047.02 1249775.43  12.8%   6.5 1055s
 764563 502252 1366759.81  298  132 1433047.02 1249778.46  12.8%   6.5 1060s
 766397 503384 1365286.61  330   98 1433047.02 1249780.70  12.8%   6.6 1065s
 768846 505328 1416213.13  956  125 1433047.02 1249781.63  12.8%   6.6 1070s
 771309 507025     cutoff  289      1433047.02 1249784.20  12.8%   6.6 1075s
 773057 507966     cutoff  974      1433047.02 1249786.78  12.8%   6.6 1080s
 775237 509439 1422158.88  904  108 1433047.02 1249788.81  12.8%   6.6 1085s
 777493 510823     cutoff  717      1433047.02 1249791.97  12.8%   6.6 1090s
 779941 512498 1420457.23  305  134 1433047.02 1249794.09  12.8%   6.6 1095s
 781845 514403 1408397.36  593   56 1433047.02 1249795.69  12.8%   6.6 1100s
 785065 516173 1354995.23  278  123 1433047.02 1249799.21  12.8%   6.7 1105s
 787353 517777     cutoff  281      1433047.02 1249801.59  12.8%   6.7 1110s
 790175 519749     cutoff  285      1433047.02 1249804.09  12.8%   6.7 1115s
 792208 521229 1392570.46  932  129 1433047.02 1249805.81  12.8%   6.7 1120s
 794340 522510 1391810.03  740  130 1433047.02 1249808.77  12.8%   6.7 1125s
 797234 524534 1405846.29  226  112 1433047.02 1249810.21  12.8%   6.7 1130s
 799947 526337     cutoff  307      1433047.02 1249813.15  12.8%   6.7 1135s
 802032 527862 1430163.61  379  126 1433047.02 1249814.99  12.8%   6.7 1140s
 803854 529308 1259579.71  238  137 1433047.02 1249817.06  12.8%   6.7 1145s
 806525 530971 1408469.93  963  124 1433047.02 1249819.58  12.8%   6.8 1150s
 808525 531995 1418149.65  832  128 1433047.02 1249824.40  12.8%   6.8 1155s
 811214 533652 1367512.38  316  130 1433047.02 1249828.89  12.8%   6.8 1160s
 812863 534701 1405472.15  374  117 1433047.02 1249831.48  12.8%   6.8 1165s
 815016 535908     cutoff  971      1433047.02 1249834.71  12.8%   6.8 1170s
H816812 536961                    1433046.5270 1249836.97  12.8%   6.8 1174s
 817320 537483 1420063.18  333   96 1433046.53 1249837.39  12.8%   6.8 1175s
H819366 538052                    1432940.2327 1249838.05  12.8%   6.8 1179s
 819761 538198 1432131.36  541   28 1432940.23 1249838.09  12.8%   6.8 1180s
H819900 538193                    1432939.6559 1249838.09  12.8%   6.8 1180s
 822540 540070 1418017.09  779  101 1432939.66 1249841.22  12.8%   6.9 1185s
 824335 541152     cutoff  306      1432939.66 1249843.12  12.8%   6.9 1190s
 827077 543296     cutoff  191      1432939.66 1249846.11  12.8%   6.9 1195s
 829309 544659     cutoff  998      1432939.66 1249848.79  12.8%   6.9 1200s
 832451 547338 1404772.07  787  103 1432939.66 1249850.52  12.8%   6.9 1205s
 835084 549519 1402715.09  997  125 1432939.66 1249851.86  12.8%   6.9 1210s
H836569 545051                    1432109.2850 1249853.71  12.7%   6.9 1213s
 837274 545564 1362841.61  283  128 1432109.29 1249854.21  12.7%   6.9 1215s
 839475 547323 1423574.54  970  111 1432109.29 1249855.98  12.7%   6.9 1220s
 843210 549933 1405445.85  405  119 1432109.29 1249860.19  12.7%   7.0 1225s
 845981 552159 1419648.56  363  130 1432109.29 1249862.94  12.7%   7.0 1230s
 848362 553632 1416982.77  275  115 1432109.29 1249866.66  12.7%   7.0 1236s
 850254 555006 1342957.45  355  123 1432109.29 1249868.81  12.7%   7.0 1240s
 852865 556764 1393939.06  409  112 1432109.29 1249872.64  12.7%   7.0 1245s
 854797 558546 1339773.15  383  134 1432109.29 1249874.31  12.7%   7.0 1250s
 857571 560212     cutoff  274      1432109.29 1249877.41  12.7%   7.0 1255s
 860170 562309 1337540.26  232  121 1432109.29 1249878.85  12.7%   7.0 1260s
 862455 563968 1406617.47 1008  126 1432109.29 1249881.04  12.7%   7.1 1265s
 864338 565296 1399230.28  276  111 1432109.29 1249882.82  12.7%   7.1 1270s
 867405 567673 1428587.69  441  109 1432109.29 1249885.80  12.7%   7.1 1275s
 869678 569452 1375768.87  371  125 1432109.29 1249887.71  12.7%   7.1 1280s
 872302 570773 1422200.46  370  135 1432109.29 1249890.83  12.7%   7.1 1285s
 874526 572946 1339574.48  374  124 1432109.29 1249891.57  12.7%   7.1 1290s
 877066 574425 1421597.08  367  135 1432109.29 1249894.79  12.7%   7.2 1295s
H878254 575086                    1432108.7430 1249897.17  12.7%   7.2 1298s
 879002 575497 1411420.80  421  125 1432108.74 1249897.60  12.7%   7.2 1300s
 881133 576955 1423620.38  329  112 1432108.74 1249900.92  12.7%   7.2 1305s
 883687 578429 1407428.20 1026  109 1432108.74 1249903.68  12.7%   7.2 1310s
 886038 580308 1417841.61 1024  108 1432108.74 1249906.13  12.7%   7.2 1315s
 888742 582131 1389495.70  402  129 1432108.74 1249908.75  12.7%   7.2 1320s
 890589 583379 1338628.16  417  136 1432108.74 1249910.68  12.7%   7.2 1325s
 892591 584518     cutoff  875      1432108.74 1249911.87  12.7%   7.3 1330s
 894541 585413     cutoff 1075      1432108.74 1249915.36  12.7%   7.3 1335s
H895767 586326                    1432108.3296 1249916.66  12.7%   7.3 1338s
 896454 586839 1421932.25 1056  121 1432108.33 1249917.62  12.7%   7.3 1340s
 898841 588910 1416831.93  902  126 1432108.33 1249920.19  12.7%   7.3 1345s
H900167 589441                    1432102.3894 1249920.47  12.7%   7.3 1348s
H900491 589610                    1432100.2757 1249920.59  12.7%   7.3 1350s
 903592 591643     cutoff  589      1432100.28 1249922.82  12.7%   7.3 1355s
 905323 592714 1367161.80  344  107 1432100.28 1249925.96  12.7%   7.3 1360s
 908297 595755 1396705.29 1224   68 1432100.28 1249927.17  12.7%   7.3 1365s
 911610 598151     cutoff 3458      1432100.28 1249928.14  12.7%   7.3 1370s
 914063 599546     cutoff  457      1432100.28 1249931.51  12.7%   7.4 1375s
 915805 600568 1381863.16  407  131 1432100.28 1249933.65  12.7%   7.4 1380s
 918337 602338 1417520.06  439  136 1432100.28 1249935.80  12.7%   7.4 1385s
 920178 603438 1423463.02  434  142 1432100.28 1249937.47  12.7%   7.4 1390s
 922536 605132     cutoff  307      1432100.28 1249939.86  12.7%   7.4 1395s
 924516 606393 1394764.49  451  117 1432100.28 1249941.54  12.7%   7.4 1400s
 926354 607618 1410264.42  912  127 1432100.28 1249942.89  12.7%   7.4 1405s
 928209 608957 1424015.80  359  101 1432100.28 1249944.41  12.7%   7.4 1410s
 930245 610114 1384454.74  284  114 1432100.28 1249947.04  12.7%   7.5 1416s
 933232 612288 1408218.91  888  105 1432100.28 1249948.57  12.7%   7.5 1420s
 935398 613844     cutoff  238      1432100.28 1249949.81  12.7%   7.5 1425s
 938320 616081     cutoff  218      1432100.28 1249952.76  12.7%   7.5 1430s
 941395 618446 1413826.22  404   84 1432100.28 1249953.63  12.7%   7.5 1435s
 943852 620917     cutoff  389      1432100.28 1249955.55  12.7%   7.5 1440s
 946850 622732     cutoff  764      1432100.28 1249958.51  12.7%   7.5 1445s
 949158 624128 1270936.00 1095  124 1432100.28 1249961.10  12.7%   7.5 1450s
 950939 624723 1336449.64  255  111 1432100.28 1249962.59  12.7%   7.5 1455s
 953368 626487 1417774.04 1095  123 1432100.28 1249965.45  12.7%   7.5 1460s
 956032 627998 1403155.05 1083  112 1432100.28 1249968.95  12.7%   7.6 1465s
 958150 629395     cutoff  915      1432100.28 1249970.25  12.7%   7.6 1470s
 960831 631213 1419673.45  483  134 1432100.28 1249972.16  12.7%   7.6 1475s
 962797 632232     cutoff 1103      1432100.28 1249974.49  12.7%   7.6 1480s
 964794 633511     cutoff 1010      1432100.28 1249977.64  12.7%   7.6 1485s
 966754 635058 1402455.64  386   97 1432100.28 1249978.86  12.7%   7.6 1490s
 969211 636372     cutoff  462      1432100.28 1249981.73  12.7%   7.7 1495s
 971158 637396 1429845.52  930  110 1432100.28 1249984.97  12.7%   7.7 1500s
 972837 638537 1403941.10  476  116 1432100.28 1249987.48  12.7%   7.7 1505s
 975172 639641 1423462.59 1167  125 1432100.28 1249990.41  12.7%   7.7 1510s
 977519 641111     cutoff  494      1432100.28 1249993.01  12.7%   7.7 1515s
 980001 642581 1416892.46 1124  104 1432100.28 1249996.03  12.7%   7.7 1520s
 981706 643253 1421858.95  312  108 1432100.28 1249997.66  12.7%   7.7 1525s
 984306 645985 1417735.46 1776   50 1432100.28 1249998.72  12.7%   7.7 1530s
 986639 647074     cutoff 1132      1432100.28 1250001.58  12.7%   7.8 1535s
H989615 648943                    1432100.1328 1250004.44  12.7%   7.8 1539s
 989986 649205     cutoff  507      1432100.13 1250004.70  12.7%   7.8 1540s
 991826 650131     cutoff  484      1432100.13 1250007.61  12.7%   7.8 1545s
 993964 651193 1409304.67 1136  126 1432100.13 1250011.05  12.7%   7.8 1550s
H994518 651397                    1432099.4166 1250011.05  12.7%   7.8 1551s
 995967 652171 1351253.31  266  118 1432099.42 1250014.03  12.7%   7.8 1555s
 998037 653475 1410109.41  518  133 1432099.42 1250016.57  12.7%   7.8 1560s
 1001524 655610 1402622.03  507  130 1432099.42 1250020.01  12.7%   7.9 1565s
 1004079 656919 1408584.20  629  123 1432099.42 1250023.84  12.7%   7.9 1570s
 1006532 658676 1372898.43  367  102 1432099.42 1250026.17  12.7%   7.9 1575s
 1008433 659795 1423911.47  317  118 1432099.42 1250027.67  12.7%   7.9 1580s
 1011257 661303 1361424.91  401  129 1432099.42 1250031.50  12.7%   7.9 1585s
 1013114 662232 infeasible 1168      1432099.42 1250035.06  12.7%   7.9 1590s
 1015469 663358 1408672.92  555  105 1432099.42 1250037.60  12.7%   7.9 1595s
 1017593 665085 1427858.95 1171  114 1432099.42 1250039.76  12.7%   8.0 1600s
 1020799 667375 1388812.01  224  116 1432099.42 1250042.98  12.7%   8.0 1605s
 1022685 668737     cutoff 1216      1432099.42 1250043.28  12.7%   8.0 1610s
 1025633 670482 1428519.86  523  137 1432099.42 1250046.57  12.7%   8.0 1615s
 1027848 671778 1415105.41  648  110 1432099.42 1250048.48  12.7%   8.0 1621s
 1029944 673139 1350414.87  546  122 1432099.42 1250051.25  12.7%   8.0 1625s
 1032231 674506     cutoff  554      1432099.42 1250054.23  12.7%   8.0 1630s
 1034803 676635 1427530.25  284  125 1432099.42 1250056.17  12.7%   8.0 1635s
 1037034 678075 1386814.84  332  101 1432099.42 1250057.53  12.7%   8.0 1640s
 1038496 678859 1402685.17 1184  109 1432099.42 1250059.97  12.7%   8.0 1645s
 1041088 680822 1393294.54  495  111 1432099.42 1250061.88  12.7%   8.0 1650s
 1043084 681483     cutoff 1200      1432099.42 1250065.59  12.7%   8.0 1655s
 1045778 683339     cutoff  509      1432099.42 1250068.56  12.7%   8.0 1660s
 1048324 684660     cutoff  554      1432099.42 1250073.34  12.7%   8.1 1665s
 1050715 685681 1401682.14  556  133 1432099.42 1250077.85  12.7%   8.1 1670s
 1053109 687079 1402833.02  560  132 1432099.42 1250081.07  12.7%   8.1 1675s
 1055604 688709 1424718.02  325  135 1432099.42 1250084.13  12.7%   8.1 1680s
 1058017 690104     cutoff  603      1432099.42 1250087.01  12.7%   8.1 1685s
 1060588 691793     cutoff  657      1432099.42 1250089.33  12.7%   8.1 1690s
 1063506 693672 1428072.44  656  127 1432099.42 1250092.67  12.7%   8.1 1695s
 1065981 695210 1376738.02  577  138 1432099.42 1250096.33  12.7%   8.2 1700s
 1068511 696778 1351894.10  367   94 1432099.42 1250098.90  12.7%   8.2 1705s
 1071612 698710     cutoff  333      1432099.42 1250101.10  12.7%   8.2 1710s
 1074130 699935     cutoff  619      1432099.42 1250106.14  12.7%   8.2 1715s
 1076569 701371 1356752.82  398  118 1432099.42 1250109.70  12.7%   8.2 1720s
 1079204 703150     cutoff  590      1432099.42 1250111.62  12.7%   8.2 1725s
 1081718 704535     cutoff 1250      1432099.42 1250114.75  12.7%   8.3 1730s
 1084696 706464 1425328.84  443   98 1432099.42 1250117.39  12.7%   8.3 1735s
 1087151 707937 1421845.04  629  132 1432099.42 1250121.30  12.7%   8.3 1740s
 1089727 709405 1413439.62 1298  124 1432099.42 1250124.92  12.7%   8.3 1745s
 1092510 711153 1408393.87 1257  122 1432099.42 1250127.81  12.7%   8.3 1750s
 1094837 712377 1423036.50  310  128 1432099.42 1250130.81  12.7%   8.3 1755s
 1097559 713903 1337500.12  606  130 1432099.42 1250133.55  12.7%   8.3 1760s
 1100053 715366 1412379.63 1291  127 1432099.42 1250137.72  12.7%   8.3 1765s
 1102649 716889 1425736.89  768   76 1432099.42 1250140.78  12.7%   8.4 1770s
 1105269 718753 1355417.91  647  114 1432099.42 1250143.93  12.7%   8.4 1775s
 1107656 720335 1428394.15  706   92 1432099.42 1250145.77  12.7%   8.4 1780s
 1109912 721546 1397660.02  431   84 1432099.42 1250149.11  12.7%   8.4 1785s
 1112219 722774 1411973.13 1063  126 1432099.42 1250152.78  12.7%   8.4 1790s
 1114488 723839 1396852.80  372   99 1432099.42 1250157.25  12.7%   8.4 1795s
 1116639 724949 1351854.49  372  103 1432099.42 1250160.15  12.7%   8.4 1800s
 1119102 726098     cutoff 1299      1432099.42 1250163.30  12.7%   8.5 1805s
 1121762 727978 1369391.59  434  111 1432099.42 1250165.47  12.7%   8.5 1810s
 1124423 729352 1420715.06  653  139 1432099.42 1250169.49  12.7%   8.5 1815s
 1126863 730565 1414212.75 1333  126 1432099.42 1250172.87  12.7%   8.5 1820s
 1129095 731926 1350361.13  657  133 1432099.42 1250175.04  12.7%   8.5 1825s
 1131681 733205 1420811.04  701  131 1432099.42 1250178.94  12.7%   8.5 1830s
 1134240 734480     cutoff  378      1432099.42 1250181.74  12.7%   8.5 1835s
 1136937 736611 1386225.16  397  118 1432099.42 1250184.35  12.7%   8.6 1840s
 1139714 737957     cutoff  381      1432099.42 1250188.20  12.7%   8.6 1845s
 1142115 739405 1426733.74 1409  126 1432099.42 1250191.96  12.7%   8.6 1850s
 1145230 741280 1415673.87 1111  124 1432099.42 1250194.79  12.7%   8.6 1855s
 1148682 743860     cutoff  713      1432099.42 1250197.84  12.7%   8.6 1860s
 1152091 745451     cutoff  313      1432099.42 1250202.80  12.7%   8.6 1865s
 1154677 747012 1425838.63 1370  122 1432099.42 1250205.43  12.7%   8.6 1870s
 1157390 748921 1401127.77  773  100 1432099.42 1250207.37  12.7%   8.6 1875s
 1159888 750474 1427746.14  877   74 1432099.42 1250210.05  12.7%   8.7 1880s
 1163167 752125 1262717.44  727  136 1432099.42 1250213.74  12.7%   8.7 1885s
 1168278 756134     cutoff  862      1432099.42 1250216.94  12.7%   8.7 1890s
 1171052 757796 1374901.30  746  118 1432099.42 1250220.71  12.7%   8.7 1895s
 1173763 758967     cutoff 1362      1432099.42 1250223.08  12.7%   8.7 1900s
 1176777 761259 1345187.63  289  128 1432099.42 1250226.46  12.7%   8.7 1905s
 1179385 762401     cutoff  717      1432099.42 1250229.90  12.7%   8.7 1910s
 1182011 763876     cutoff 1426      1432099.42 1250234.11  12.7%   8.7 1915s
 1184465 765281 1336793.10  350  133 1432099.42 1250236.73  12.7%   8.8 1920s
 1187307 767505 1408297.01  776  102 1432099.42 1250238.20  12.7%   8.8 1925s
 1191046 769113 1415962.47 1187  125 1432099.42 1250244.42  12.7%   8.8 1930s
 1193444 770302 1383315.65  771  124 1432099.42 1250247.54  12.7%   8.8 1935s
 1196258 771799 1425595.32  795  110 1432099.42 1250250.36  12.7%   8.8 1940s
 1198581 773300 1390501.07  421  100 1432099.42 1250253.61  12.7%   8.8 1945s
 1201219 774672     cutoff  393      1432099.42 1250257.11  12.7%   8.8 1950s
 1203737 776080     cutoff  392      1432099.42 1250259.87  12.7%   8.8 1955s
 1206744 778290     cutoff  811      1432099.42 1250261.17  12.7%   8.8 1960s
 1209275 779933     cutoff  804      1432099.42 1250262.88  12.7%   8.9 1965s
 1211645 781329 1404984.21  441   86 1432099.42 1250266.68  12.7%   8.9 1970s
 1213917 782188 1407366.81 1409  126 1432099.42 1250269.44  12.7%   8.9 1975s
 1216520 783522     cutoff 1409      1432099.42 1250272.42  12.7%   8.9 1980s
 1218937 784738 1406841.52  828   85 1432099.42 1250275.53  12.7%   8.9 1985s
 1222342 786633 1425913.11  389  126 1432099.42 1250279.01  12.7%   8.9 1990s
 1225566 787858 1431823.82 1419  120 1432099.42 1250283.26  12.7%   8.9 1995s
 1228333 789465 1424825.97 1243  122 1432099.42 1250284.75  12.7%   9.0 2000s
 1230683 790530 1424050.51  804  139 1432099.42 1250287.97  12.7%   9.0 2005s
 1233095 791477 1417164.18  421  125 1432099.42 1250291.32  12.7%   9.0 2010s
 1235466 792822     cutoff  815      1432099.42 1250293.71  12.7%   9.0 2015s
 1237576 793774     cutoff 1440      1432099.42 1250296.58  12.7%   9.0 2020s
 1239930 795499 1417915.55  786   63 1432099.42 1250297.54  12.7%   9.0 2025s
 1242662 797020 1425620.16 1217  111 1432099.42 1250299.86  12.7%   9.0 2030s
 1245424 798457     cutoff  392      1432099.42 1250303.04  12.7%   9.0 2035s
 1247536 799675 1415009.77 1463  124 1432099.42 1250305.80  12.7%   9.0 2040s
 1250228 800973     cutoff  851      1432099.42 1250309.02  12.7%   9.0 2045s
 1252900 802676 1402640.83  798  133 1432099.42 1250310.71  12.7%   9.1 2050s
 1255347 804128     cutoff 1470      1432099.42 1250311.89  12.7%   9.1 2055s
 1258778 807225     cutoff 1807      1432099.42 1250312.85  12.7%   9.1 2060s
 1261395 808673     cutoff  834      1432099.42 1250315.72  12.7%   9.1 2065s
 1264442 810589 1395514.79  850  131 1432099.42 1250318.41  12.7%   9.1 2070s
 1266547 811161     cutoff 1484      1432099.42 1250321.46  12.7%   9.1 2075s
 1268938 812326 1423035.76  846  134 1432099.42 1250324.75  12.7%   9.1 2080s
 1271394 813849     cutoff 1477      1432099.42 1250326.86  12.7%   9.1 2085s
 1274013 815611     cutoff  337      1432099.42 1250329.87  12.7%   9.1 2090s
 1276644 816967 1388227.51  880  127 1432099.42 1250332.40  12.7%   9.1 2095s
 1279504 819629     cutoff  877      1432099.42 1250333.90  12.7%   9.1 2100s
 1282632 821361 1423314.96 1471  124 1432099.42 1250334.89  12.7%   9.1 2105s
 1284611 822290     cutoff 1537      1432099.42 1250337.49  12.7%   9.1 2110s
 1286897 823377 1410691.19 1483  126 1432099.42 1250340.25  12.7%   9.2 2115s
 1288794 824646 1367622.35  426  102 1432099.42 1250342.29  12.7%   9.2 2120s
 1291351 825904 1409457.12 1479  125 1432099.42 1250344.13  12.7%   9.2 2125s
 1294238 827282     cutoff 1482      1432099.42 1250348.24  12.7%   9.2 2130s
 1296409 828577     cutoff 1498      1432099.42 1250350.65  12.7%   9.2 2135s
 1298531 829288 1271346.29 1496  119 1432099.42 1250352.83  12.7%   9.2 2140s
H1299758 829779                    1432098.4743 1250354.96  12.7%   9.2 2143s
 1300513 830043     cutoff 1491      1432098.47 1250355.57  12.7%   9.2 2145s
 1302486 830818 1403002.57  418  121 1432098.47 1250358.98  12.7%   9.2 2150s
 1305039 832341 1423858.31 1508  107 1432098.47 1250362.37  12.7%   9.3 2155s
 1307218 833644 1408832.42 1544  126 1432098.47 1250363.44  12.7%   9.3 2160s
 1309277 834199     cutoff 1500      1432098.47 1250367.14  12.7%   9.3 2165s
H1310213 834599                    1432091.9936 1250368.77  12.7%   9.3 2168s
 1310961 834850     cutoff  874      1432091.99 1250370.88  12.7%   9.3 2170s
 1313126 835965     cutoff 1531      1432091.99 1250373.15  12.7%   9.3 2175s
 1316163 837347 1341824.39  430  122 1432091.99 1250376.97  12.7%   9.3 2180s
 1319682 839353 1356888.21  877  130 1432091.99 1250381.68  12.7%   9.3 2185s
 1322796 840976     cutoff 1516      1432091.99 1250384.44  12.7%   9.3 2190s
 1324935 842059     cutoff 1533      1432091.99 1250387.62  12.7%   9.3 2195s
 1327408 843613 1394897.81 1529  127 1432091.99 1250390.96  12.7%   9.4 2200s
 1329706 845161 1407798.75 1569  126 1432091.99 1250393.51  12.7%   9.4 2205s
 1331971 846375     cutoff 1327      1432091.99 1250395.56  12.7%   9.4 2210s
 1334636 847574 1396832.89 1527  128 1432091.99 1250399.40  12.7%   9.4 2215s
 1336993 848637 1422168.26  907  136 1432091.99 1250403.15  12.7%   9.4 2220s
 1339452 850300     cutoff 1538      1432091.99 1250405.33  12.7%   9.4 2225s
 1341851 851524     cutoff  427      1432091.99 1250408.55  12.7%   9.4 2230s
 1344018 852199     cutoff 1558      1432091.99 1250412.57  12.7%   9.4 2235s
 1346647 853666 1398158.65  980   99 1432091.99 1250414.70  12.7%   9.4 2240s
 1348833 854451 1420702.00  608   78 1432091.99 1250418.12  12.7%   9.4 2245s
 1351394 855917 1420143.09 1342  112 1432091.99 1250420.45  12.7%   9.5 2250s
 1353516 856571     cutoff 1560      1432091.99 1250422.55  12.7%   9.5 2255s
 1356156 858207 1415367.81  934  101 1432091.99 1250424.28  12.7%   9.5 2260s
 1358643 859291 1424510.68 1582  123 1432091.99 1250427.37  12.7%   9.5 2265s
 1361324 860981 1363225.97  441  135 1432091.99 1250429.60  12.7%   9.5 2270s
 1363482 861697     cutoff  940      1432091.99 1250431.51  12.7%   9.5 2275s
 1365875 862798 1429191.56 1580  122 1432091.99 1250434.03  12.7%   9.5 2280s
 1367953 863634 1380781.90  916  129 1432091.99 1250435.99  12.7%   9.5 2285s
 1370306 864876 1413863.04  957  122 1432091.99 1250439.33  12.7%   9.5 2290s
 1372596 866230 1343772.63  430  101 1432091.99 1250441.11  12.7%   9.6 2295s
 1375305 867828     cutoff  530      1432091.99 1250443.00  12.7%   9.6 2300s
H1375420 867776                    1432082.9123 1250443.00  12.7%   9.6 2300s
 1377776 869255     cutoff  436      1432082.91 1250445.29  12.7%   9.6 2305s
 1380333 870470 1402415.90  432  138 1432082.91 1250448.64  12.7%   9.6 2310s
 1383599 871844 1416842.67 1654  123 1432082.91 1250451.26  12.7%   9.6 2315s
 1386506 873133 1423582.18 1402  125 1432082.91 1250454.90  12.7%   9.6 2320s
 1388945 873957 1416074.31  934  128 1432082.91 1250458.33  12.7%   9.6 2325s
 1393008 876322 1424142.39  558   99 1432082.91 1250462.16  12.7%   9.6 2330s
 1395834 877793     cutoff 1602      1432082.91 1250464.66  12.7%   9.6 2335s
 1398215 878758     cutoff  946      1432082.91 1250468.03  12.7%   9.7 2340s
 1400555 880084 1418987.93  517   81 1432082.91 1250469.99  12.7%   9.7 2345s
 1403359 881733 1428025.34 1395  112 1432082.91 1250472.13  12.7%   9.7 2350s
 1405358 882535     cutoff  986      1432082.91 1250475.73  12.7%   9.7 2355s
 1407598 883645 1423911.79 1642  125 1432082.91 1250477.64  12.7%   9.7 2360s
 1411069 885325     cutoff 1626      1432082.91 1250479.82  12.7%   9.7 2365s
 1413277 886751 1405792.94 1643  125 1432082.91 1250483.09  12.7%   9.7 2370s
 1415581 887837 1390803.42 1021  108 1432082.91 1250485.01  12.7%   9.7 2375s
 1418143 888820 1386088.09  449  124 1432082.91 1250487.44  12.7%   9.7 2380s
 1420314 890003     cutoff 1008      1432082.91 1250489.35  12.7%   9.7 2385s
 1422642 890951 1415702.43  991  130 1432082.91 1250492.22  12.7%   9.8 2390s
 1424848 891704     cutoff 1694      1432082.91 1250494.58  12.7%   9.8 2395s
 1427101 892637 1393172.67 1013  122 1432082.91 1250497.19  12.7%   9.8 2400s
 1429438 893286 1410777.32  382  113 1432082.91 1250500.44  12.7%   9.8 2405s
 1431656 894193     cutoff 1658      1432082.91 1250502.33  12.7%   9.8 2410s
 1433669 895063 infeasible 1720      1432082.91 1250504.19  12.7%   9.8 2415s
 1436041 895951     cutoff 1656      1432082.91 1250506.77  12.7%   9.8 2420s
 1438470 897219 1428020.34 1465  131 1432082.91 1250508.50  12.7%   9.8 2425s
 1440931 898845 1342896.71  434  133 1432082.91 1250510.64  12.7%   9.8 2430s
 1443339 899754 1413688.02 1688  126 1432082.91 1250513.81  12.7%   9.8 2435s
 1445903 901135 1410718.74 1677  126 1432082.91 1250516.33  12.7%   9.9 2440s
 1448424 902594 1393083.99 1017  115 1432082.91 1250518.25  12.7%   9.9 2445s
 1451015 903999     cutoff 1011      1432082.91 1250521.37  12.7%   9.9 2450s
 1452930 904587 1430023.85 1517  128 1432082.91 1250522.08  12.7%   9.9 2455s
 1455446 906183 1403316.08 1050  104 1432082.91 1250526.76  12.7%   9.9 2460s
 1457889 907337     cutoff 1686      1432082.91 1250529.32  12.7%   9.9 2465s
 1459882 908471 1341799.70 1011  123 1432082.91 1250531.65  12.7%   9.9 2470s
 1462337 909723 1362657.54  467  108 1432082.91 1250534.77  12.7%   9.9 2475s
 1464670 910898 1428696.57 1675  122 1432082.91 1250536.08  12.7%   9.9 2480s
 1466956 911564 1430081.81 1533  128 1432082.91 1250537.39  12.7%   9.9 2485s
 1469545 912546 1423107.72 1488  124 1432082.91 1250541.03  12.7%   9.9 2490s
 1471954 913638 1423597.62 1512  124 1432082.91 1250543.13  12.7%  10.0 2495s
 1474285 914514     cutoff 1701      1432082.91 1250546.54  12.7%  10.0 2500s
 1476912 916067     cutoff 1695      1432082.91 1250548.75  12.7%  10.0 2505s
 1479412 917451 1408771.65 1488  125 1432082.91 1250550.60  12.7%  10.0 2510s
 1481484 918353 1421883.38  597   92 1432082.91 1250552.29  12.7%  10.0 2515s
 1483618 919251     cutoff 1503      1432082.91 1250554.61  12.7%  10.0 2520s
 1486098 920396 1420528.99  463  134 1432082.91 1250557.74  12.7%  10.0 2525s
 1488453 921286     cutoff  445      1432082.91 1250560.36  12.7%  10.0 2530s
 1490440 922545 1413312.60 1706  126 1432082.91 1250562.80  12.7%  10.0 2535s
 1492608 923301     cutoff 1576      1432082.91 1250564.18  12.7%  10.0 2540s
 1495042 924276 1423246.51 1055  109 1432082.91 1250567.83  12.7%  10.0 2545s
 1497442 925634 1416527.82 1568  126 1432082.91 1250570.89  12.7%  10.1 2550s
 1499999 926759 1424088.69 1831  124 1432082.91 1250573.17  12.7%  10.1 2555s
 1502337 927908 1431609.57  512   85 1432082.91 1250574.81  12.7%  10.1 2560s
 1504718 929243 1351153.28 1048  122 1432082.91 1250577.40  12.7%  10.1 2565s
 1506994 930300     cutoff  500      1432082.91 1250580.23  12.7%  10.1 2570s
 1509621 931700     cutoff 1815      1432082.91 1250582.81  12.7%  10.1 2575s
 1512237 932905 1275532.26  450  142 1432082.91 1250584.81  12.7%  10.1 2580s
 1515047 934239 1416118.85  391  102 1432082.91 1250588.20  12.7%  10.1 2585s
 1517341 935340     cutoff 1745      1432082.91 1250590.12  12.7%  10.1 2590s
 1519447 936199     cutoff 1102      1432082.91 1250592.51  12.7%  10.1 2595s
 1522023 937228 1426236.15 1825  124 1432082.91 1250596.08  12.7%  10.1 2600s
 1524573 938378     cutoff 1541      1432082.91 1250598.63  12.7%  10.1 2605s
 1527413 940145     cutoff 1617      1432082.91 1250600.55  12.7%  10.2 2610s
 1529998 941175     cutoff 1758      1432082.91 1250603.52  12.7%  10.2 2615s
 1532169 942416     cutoff 1764      1432082.91 1250605.76  12.7%  10.2 2620s
 1534354 943717 1406429.04  466  137 1432082.91 1250607.35  12.7%  10.2 2625s
 1536828 944582     cutoff 1110      1432082.91 1250609.70  12.7%  10.2 2630s
 1539277 945465     cutoff 1784      1432082.91 1250610.12  12.7%  10.2 2635s
 1541551 946349 1393324.59  464  131 1432082.91 1250615.44  12.7%  10.2 2640s
 1544120 947407 1419822.75 1105  129 1432082.91 1250617.50  12.7%  10.2 2645s
 1546590 948644     cutoff 1563      1432082.91 1250619.69  12.7%  10.2 2650s
 1548567 949123     cutoff 1143      1432082.91 1250622.56  12.7%  10.2 2655s
 1550904 950453 1418366.81 1778  126 1432082.91 1250624.57  12.7%  10.3 2660s
 1553118 951456 1413683.68 1818  123 1432082.91 1250626.76  12.7%  10.3 2665s
 1555266 952465     cutoff  478      1432082.91 1250629.94  12.7%  10.3 2670s
 1557928 953964 1417582.64 1827  124 1432082.91 1250632.50  12.7%  10.3 2675s
 1561195 955559     cutoff 1587      1432082.91 1250635.36  12.7%  10.3 2680s
 1563252 956570     cutoff 1600      1432082.91 1250637.61  12.7%  10.3 2685s
 1565769 958202 1379085.74  430  103 1432082.91 1250639.63  12.7%  10.3 2690s
 1567907 959014     cutoff 1625      1432082.91 1250640.56  12.7%  10.3 2695s
 1569876 959729     cutoff 1650      1432082.91 1250642.66  12.7%  10.3 2700s
 1572383 960948     cutoff 1586      1432082.91 1250646.07  12.7%  10.3 2705s
 1574970 962365 1420001.22 1190   92 1432082.91 1250647.98  12.7%  10.3 2710s
 1577056 963796 1415875.49 1877  118 1432082.91 1250649.73  12.7%  10.3 2715s
 1579337 964872 1431020.97  437   71 1432082.91 1250651.81  12.7%  10.3 2720s
 1581881 965753 1421560.30 1813  124 1432082.91 1250655.20  12.7%  10.4 2725s
 1584925 967216     cutoff 1874      1432082.91 1250659.30  12.7%  10.4 2730s
 1587055 968312 1422659.18 1167  134 1432082.91 1250661.87  12.7%  10.4 2735s
 1589285 969079     cutoff 1872      1432082.91 1250665.07  12.7%  10.4 2740s
 1591539 969720     cutoff 1615      1432082.91 1250667.61  12.7%  10.4 2745s
 1593650 970601 1327296.60  392  138 1432082.91 1250670.50  12.7%  10.4 2750s
 1596058 971627     cutoff 1831      1432082.91 1250672.70  12.7%  10.4 2755s
 1598130 972565     cutoff 1162      1432082.91 1250675.67  12.7%  10.4 2760s
 1599995 973332 1395486.36 1608  128 1432082.91 1250677.11  12.7%  10.4 2765s
 1601923 974053 1411948.58 1849  121 1432082.91 1250678.17  12.7%  10.4 2770s
 1604414 975711 1346324.43 1151  122 1432082.91 1250680.47  12.7%  10.4 2775s
 1606413 976456 1412692.58 1201  126 1432082.91 1250682.67  12.7%  10.4 2780s
 1608003 977282 1352845.86 1180  118 1432082.91 1250684.35  12.7%  10.4 2785s
 1610249 978315     cutoff 1677      1432082.91 1250684.58  12.7%  10.5 2790s
 1612450 979214     cutoff 1857      1432082.91 1250687.89  12.7%  10.5 2795s
 1613990 979754 1404853.94  506  105 1432082.91 1250689.65  12.7%  10.5 2800s
 1616273 980787 1419306.93 1226  124 1432082.91 1250692.42  12.7%  10.5 2805s
 1618438 981892 1422986.52 1855  111 1432082.91 1250695.66  12.7%  10.5 2810s
 1620594 982600 1431353.66 1655  130 1432082.91 1250698.71  12.7%  10.5 2815s
 1622299 983145 1417854.14 1854  125 1432082.91 1250701.13  12.7%  10.5 2820s
 1625287 984427 1409898.23 1214  128 1432082.91 1250705.40  12.7%  10.5 2825s
 1628007 985897 1430003.63 1874  121 1432082.91 1250708.94  12.7%  10.5 2830s
 1629994 986990     cutoff 1857      1432082.91 1250710.98  12.7%  10.5 2835s
 1632841 988459 1341981.53 1202  123 1432082.91 1250713.47  12.7%  10.5 2840s
 1634519 989540     cutoff 1211      1432082.91 1250715.39  12.7%  10.5 2845s
 1636651 990473     cutoff 1217      1432082.91 1250718.63  12.7%  10.5 2850s
 1638796 991754 1405740.10 1659  127 1432082.91 1250721.13  12.7%  10.6 2855s
 1641270 993247     cutoff 1680      1432082.91 1250723.22  12.7%  10.6 2860s
 1643178 994108 1402715.91 1219  127 1432082.91 1250726.37  12.7%  10.6 2865s
 1645576 995593 1405227.39 1229  122 1432082.91 1250729.56  12.7%  10.6 2870s
 1648883 996910 1408334.38 1678  126 1432082.91 1250734.34  12.7%  10.6 2875s
 1650816 998055 1410703.38 1707  120 1432082.91 1250736.37  12.7%  10.6 2880s
 1653208 999370     cutoff 1237      1432082.91 1250741.19  12.7%  10.6 2885s
 1655338 1000658     cutoff  507      1432082.91 1250743.68  12.7%  10.6 2890s
 1657207 1001680 1421041.95 1286  126 1432082.91 1250745.60  12.7%  10.6 2895s
 1659868 1002839     cutoff 1948      1432082.91 1250749.42  12.7%  10.6 2900s
 1662391 1004255 1409268.70 1709  122 1432082.91 1250751.35  12.7%  10.6 2905s
 1663888 1004845 1361958.18  404  114 1432082.91 1250753.25  12.7%  10.6 2910s
 1666546 1006680     cutoff 1321      1432082.91 1250756.29  12.7%  10.6 2915s
 1669105 1007651 1384814.91  513  110 1432082.91 1250761.67  12.7%  10.6 2920s
 1670859 1008314 1424853.97 1732  122 1432082.91 1250763.54  12.7%  10.6 2925s
 1673198 1009671 1351350.12  528   97 1432082.91 1250768.27  12.7%  10.7 2930s
 1675075 1010706     cutoff 1760      1432082.91 1250768.27  12.7%  10.7 2935s
 1677324 1011723 1428120.02  672   87 1432082.91 1250772.41  12.7%  10.7 2940s
 1679960 1012992     cutoff  508      1432082.91 1250775.69  12.7%  10.7 2946s
 1681956 1014197 1425386.07 1730  122 1432082.91 1250778.11  12.7%  10.7 2950s
 1684566 1015528     cutoff 1730      1432082.91 1250781.79  12.7%  10.7 2955s
 1686562 1016361 1408579.25 1735  123 1432082.91 1250783.71  12.7%  10.7 2960s
 1689427 1018450 1414829.91 1388   97 1432082.91 1250785.99  12.7%  10.7 2965s
 1692049 1019793     cutoff 1346      1432082.91 1250790.03  12.7%  10.7 2970s
 1694292 1020993 1358645.61 1328  117 1432082.91 1250793.15  12.7%  10.7 2976s
 1696189 1022029     cutoff 1776      1432082.91 1250794.06  12.7%  10.7 2980s
 1698229 1023261 1371383.42 1321  108 1432082.91 1250797.69  12.7%  10.7 2985s
 1700586 1024160 1415080.02 1804  122 1432082.91 1250799.02  12.7%  10.7 2990s
 1703056 1025480     cutoff  529      1432082.91 1250803.65  12.7%  10.7 2995s
 1705715 1027190     cutoff 1757      1432082.91 1250806.55  12.7%  10.7 3000s
 1707896 1028479     cutoff  441      1432082.91 1250808.59  12.7%  10.7 3005s
 1710423 1029763     cutoff 1765      1432082.91 1250812.30  12.7%  10.8 3010s
 1711975 1030354 1409720.69 1873  124 1432082.91 1250814.69  12.7%  10.8 3015s
 1714555 1032103 1359314.12  538  136 1432082.91 1250817.94  12.7%  10.8 3020s
 1716816 1033315 1381838.44 1384   89 1432082.91 1250820.65  12.7%  10.8 3025s
 1718527 1033910 1402851.80 1345  125 1432082.91 1250824.64  12.7%  10.8 3030s
 1720776 1035305 1290252.39  529  136 1432082.91 1250827.60  12.7%  10.8 3035s
 1722974 1036767 1360765.73 1334  114 1432082.91 1250830.04  12.7%  10.8 3040s
 1724676 1037501 1263405.75 1360  131 1432082.91 1250831.95  12.7%  10.8 3045s
 1727343 1039524 1348786.62  525  104 1432082.91 1250834.73  12.7%  10.8 3050s
 1730712 1041657 1429837.97 1792  129 1432082.91 1250837.30  12.7%  10.8 3055s
 1732479 1042364     cutoff 1392      1432082.91 1250841.00  12.7%  10.8 3060s
 1734778 1043373 1421521.46 1347  135 1432082.91 1250844.95  12.7%  10.8 3065s
 1736865 1044742 1378835.80  590   91 1432082.91 1250846.74  12.7%  10.8 3070s
 1738850 1045931 1358404.18  542  121 1432082.91 1250848.66  12.7%  10.8 3075s
 1740860 1047220 1386995.26  610  104 1432082.91 1250849.36  12.7%  10.8 3080s
 1742850 1048001 1408510.61 1791  102 1432082.91 1250853.03  12.7%  10.8 3085s
 1744834 1049034 1394675.25  591  111 1432082.91 1250856.32  12.7%  10.8 3090s
 1746843 1050413     cutoff  607      1432082.91 1250858.23  12.7%  10.9 3095s
 1749252 1051762 1418403.94 1385  120 1432082.91 1250860.66  12.7%  10.9 3100s
 1751855 1053583 1352477.19  559  104 1432082.91 1250864.67  12.7%  10.9 3105s
 1753518 1054258 1421727.69 1371  135 1432082.91 1250866.61  12.7%  10.9 3110s
 1755639 1055285 1414136.01  616   83 1432082.91 1250869.83  12.7%  10.9 3115s
 1758160 1056789 1353238.54  558  120 1432082.91 1250873.66  12.7%  10.9 3120s
 1760595 1057996     cutoff 1840      1432082.91 1250875.58  12.7%  10.9 3125s
 1762207 1058970     cutoff 1428      1432082.91 1250877.11  12.7%  10.9 3130s
 1765040 1060288 1412964.15 1825  109 1432082.91 1250881.20  12.7%  10.9 3135s
 1767094 1061172 1381807.65 1381  129 1432082.91 1250885.15  12.7%  10.9 3140s
 1768955 1062155 1389955.68 1464   70 1432082.91 1250887.92  12.7%  10.9 3145s
 1771239 1063183 1428181.19  446  128 1432082.91 1250890.50  12.7%  10.9 3150s
 1773686 1064276     cutoff 1437      1432082.91 1250894.37  12.7%  10.9 3155s
 1775530 1065471 1397931.98  549  135 1432082.91 1250896.51  12.7%  10.9 3160s
 1777858 1066677 1400066.90  568  118 1432082.91 1250899.22  12.7%  10.9 3165s
 1779728 1067440 1426573.06 1855  121 1432082.91 1250902.25  12.7%  10.9 3170s
 1781842 1068665 1397393.96 1487   94 1432082.91 1250904.16  12.7%  10.9 3175s
 1784827 1070113     cutoff 1853      1432082.91 1250907.10  12.7%  11.0 3180s
 1788165 1072182 1392050.11 1502   94 1432082.91 1250910.61  12.7%  11.0 3185s
 1791351 1073331     cutoff  545      1432082.91 1250915.77  12.7%  11.0 3190s
 1793450 1074992 1416890.11  667   77 1432082.91 1250919.08  12.7%  11.0 3195s
 1795806 1076186 1414192.76 1462  117 1432082.91 1250922.75  12.7%  11.0 3200s
 1797868 1077259 1330677.04  536  104 1432082.91 1250925.92  12.6%  11.0 3205s
H1798905 1077512                    1432067.0896 1250927.25  12.6%  11.0 3208s
 1799537 1077944 1423677.15  547  136 1432067.09 1250929.05  12.6%  11.0 3210s
 1802028 1079824 1373977.97 1472  110 1432067.09 1250931.11  12.6%  11.0 3215s
 1804467 1081222 1423331.62 1446  133 1432067.09 1250932.33  12.6%  11.0 3220s
 1806545 1082877     cutoff 1440      1432067.09 1250934.68  12.6%  11.0 3225s
 1808721 1083877     cutoff 1467      1432067.09 1250938.87  12.6%  11.0 3230s
 1810361 1084945     cutoff 1585      1432067.09 1250940.53  12.6%  11.0 3235s
 1812397 1086086     cutoff  570      1432067.09 1250942.96  12.6%  11.0 3240s
 1814675 1087001 1412594.42  576  112 1432067.09 1250947.60  12.6%  11.0 3245s
 1816765 1088072     cutoff  578      1432067.09 1250951.12  12.6%  11.0 3250s
 1818795 1089262     cutoff  561      1432067.09 1250953.31  12.6%  11.1 3255s
 1820987 1090688 1385942.70  566  111 1432067.09 1250955.39  12.6%  11.1 3260s
 1823037 1091858 1428168.65 1451  136 1432067.09 1250959.79  12.6%  11.1 3265s
 1825072 1092582     cutoff 1481      1432067.09 1250963.06  12.6%  11.1 3270s
 1827522 1094146 1378922.45  440  118 1432067.09 1250965.88  12.6%  11.1 3275s
 1829751 1095228     cutoff  576      1432067.09 1250971.27  12.6%  11.1 3280s
 1831983 1096322 1423263.56 1487  133 1432067.09 1250974.30  12.6%  11.1 3285s
 1834421 1097601 1429142.26  662   97 1432067.09 1250977.42  12.6%  11.1 3290s
 1836369 1098656 1422523.64 1490  126 1432067.09 1250979.84  12.6%  11.1 3295s
 1838420 1099875 1356043.68  441  119 1432067.09 1250982.60  12.6%  11.1 3300s
 1840629 1101213 1361815.73 1493  120 1432067.09 1250985.25  12.6%  11.1 3305s
 1843069 1103045 1396331.62 1562  107 1432067.09 1250985.72  12.6%  11.1 3310s
 1845291 1103548 1428883.94 1520  111 1432067.09 1250990.93  12.6%  11.1 3315s
 1847076 1104047     cutoff 1496      1432067.09 1250994.94  12.6%  11.1 3320s
 1849561 1105548 1378476.26 1500  115 1432067.09 1250998.59  12.6%  11.1 3325s
 1851525 1106821 1425837.33 1569  111 1432067.09 1251000.45  12.6%  11.1 3330s
 1854218 1108737 1427011.06 1610   98 1432067.09 1251003.36  12.6%  11.2 3335s
 1856575 1110028 1366324.78 1527  127 1432067.09 1251006.21  12.6%  11.2 3340s
 1858408 1111133 1365804.70  611  129 1432067.09 1251009.31  12.6%  11.2 3345s
 1860729 1111863 1422542.56 1551  136 1432067.09 1251014.27  12.6%  11.2 3350s
 1862867 1113394 1412330.26 1602   92 1432067.09 1251015.83  12.6%  11.2 3355s
 1865163 1114614 1411907.06 1533  123 1432067.09 1251019.96  12.6%  11.2 3360s
 1866962 1115729 1424985.78  218  115 1432067.09 1251022.33  12.6%  11.2 3365s
 1869370 1117016 1416560.92  454  125 1432067.09 1251024.30  12.6%  11.2 3370s
 1871487 1118346     cutoff 1596      1432067.09 1251026.22  12.6%  11.2 3375s
 1873209 1119689 1380522.83 1581  111 1432067.09 1251027.55  12.6%  11.2 3380s
 1876037 1121481 1413911.90 1634  103 1432067.09 1251030.39  12.6%  11.2 3385s
 1878448 1122681 1410374.88 1922  123 1432067.09 1251035.07  12.6%  11.2 3390s
H1880392 1123746                    1432060.6056 1251036.88  12.6%  11.2 3395s
 1882882 1125362     cutoff 1534      1432060.61 1251039.52  12.6%  11.2 3400s
 1884293 1125959 1347515.84 1536  119 1432060.61 1251042.34  12.6%  11.2 3405s
 1886608 1127097 1418816.54  223  131 1432060.61 1251045.56  12.6%  11.2 3410s
 1888410 1127826     cutoff  589      1432060.61 1251049.62  12.6%  11.2 3415s
 1890381 1128954 1405841.21 1546  125 1432060.61 1251055.50  12.6%  11.2 3420s
 1892740 1130231 1417848.98  468  142 1432060.61 1251058.25  12.6%  11.2 3425s
 1894555 1131905 1378401.46  656   95 1432060.61 1251060.10  12.6%  11.2 3430s
 1897271 1133450 1415734.55  603  131 1432060.61 1251064.82  12.6%  11.3 3435s
 1899957 1134768     cutoff 1647      1432060.61 1251069.53  12.6%  11.3 3440s
 1902300 1135703     cutoff 1934      1432060.61 1251077.11  12.6%  11.3 3445s
 1904010 1136327 1419326.64  591  137 1432060.61 1251084.28  12.6%  11.3 3450s
 1906066 1137255 1400057.70  581  124 1432060.61 1251090.27  12.6%  11.3 3455s
 1908640 1138663 1375368.38  645  133 1432060.61 1251099.35  12.6%  11.3 3460s
 1910709 1139950     cutoff 1581      1432060.61 1251101.13  12.6%  11.3 3465s
 1912834 1140851 1426462.33 1609  130 1432060.61 1251102.84  12.6%  11.3 3470s
 1914529 1141581 1369756.40 1614  105 1432060.61 1251103.81  12.6%  11.3 3475s
 1917095 1142818 1393394.85 1645   99 1432060.61 1251104.92  12.6%  11.3 3480s
 1919124 1143168 1401142.38 1585  128 1432060.61 1251105.99  12.6%  11.3 3485s
 1920711 1144096     cutoff 1596      1432060.61 1251106.36  12.6%  11.3 3490s
 1922779 1145158 1424064.95 1677  132 1432060.61 1251106.85  12.6%  11.4 3495s
 1924527 1146267 1406953.78  686   97 1432060.61 1251107.33  12.6%  11.4 3500s
 1926778 1146989 1420505.37 1648  125 1432060.61 1251107.95  12.6%  11.4 3505s
 1928787 1147422 1407561.88 1637  126 1432060.61 1251109.29  12.6%  11.4 3510s
 1930431 1147897 1409487.52 1733  115 1432060.61 1251110.25  12.6%  11.4 3515s
 1932467 1148509 1423678.29 1756  130 1432060.61 1251111.35  12.6%  11.4 3520s
 1934811 1150017 1421131.01 1713  119 1432060.61 1251111.60  12.6%  11.4 3525s
 1936520 1150673 1267711.67 1591  118 1432060.61 1251112.32  12.6%  11.4 3530s
 1938631 1151664 1426821.97 1782  131 1432060.61 1251112.81  12.6%  11.4 3535s
 1940588 1152399 1267713.01 1613  118 1432060.61 1251113.29  12.6%  11.4 3540s
 1942764 1153454     cutoff 1741      1432060.61 1251114.63  12.6%  11.4 3545s
 1944897 1154758     cutoff 1767      1432060.61 1251115.61  12.6%  11.4 3550s
 1946809 1155898 1410994.62 1780  117 1432060.61 1251115.97  12.6%  11.4 3555s
 1949030 1156883     cutoff 1796      1432060.61 1251117.42  12.6%  11.4 3560s
 1950853 1157638 1411546.44 1785  111 1432060.61 1251121.09  12.6%  11.5 3565s
 1953204 1159233 1421604.64 1631  116 1432060.61 1251121.82  12.6%  11.5 3570s
 1955129 1160062 1430637.49 1626  113 1432060.61 1251122.52  12.6%  11.5 3575s
 1956552 1160729 1400468.05 1632  108 1432060.61 1251123.16  12.6%  11.5 3580s
 1958849 1161846 1407423.05 1665   86 1432060.61 1251123.67  12.6%  11.5 3585s
 1960312 1162165     cutoff 1609      1432060.61 1251124.49  12.6%  11.5 3590s
 1962175 1162882     cutoff 1626      1432060.61 1251124.86  12.6%  11.5 3595s
 1964330 1163431     cutoff 1681      1432060.61 1251125.48  12.6%  11.5 3600s

Cutting planes:
  RLT: 62

Explored 1964393 nodes (22603851 simplex iterations) in 3600.03 seconds (2719.97 work units)
Thread count was 2 (of 24 available processors)

Solution count 10: 1.43206e+06 1.43208e+06 1.4321e+06 ... 1.43323e+06

Time limit reached
Best objective 1.432060605612e+06, best bound 1.251125480280e+06, gap 12.6346%
