
Gurobi 11.0.3 (linux64, Java) logging started qua 04 dez 2024 01:12:08 -03

Set parameter Username
Academic license - for non-commercial use only - expires 2025-10-10
Set parameter NonConvex to value 2
Set parameter TimeLimit to value 3600
Set parameter LogToConsole to value 0
Set parameter MIPGap to value 1.1439385627166870e-07
Set parameter Threads to value 2
Set parameter NodefileDir to value "/home/ps12398/experiment_hosp/goalProgrammingMarcos/"
Set parameter NodefileStart to value 1
Gurobi Optimizer version 11.0.3 build v11.0.3rc0 (linux64)

CPU model: Intel(R) Xeon(R) CPU           X5650  @ 2.67GHz, instruction set [SSE2]
Thread count: 12 physical cores, 24 logical processors, using up to 2 threads

Optimize a model with 59756 rows, 40194 columns and 172116 nonzeros
Model fingerprint: 0xf3a7bbd7
Model has 146 quadratic constraints
Variable types: 20028 continuous, 20166 integer (141 binary)
Coefficient statistics:
  Matrix range     [7e-03, 2e+06]
  QMatrix range    [7e-03, 5e+04]
  QLMatrix range   [1e+00, 5e+04]
  Objective range  [1e+00, 2e+07]
  Bounds range     [1e+00, 1e+08]
  RHS range        [1e+00, 3e+06]
Presolve removed 59124 rows and 39388 columns
Presolve time: 0.08s
Presolved: 1708 rows, 1133 columns, 37570 nonzeros
Presolved model has 2 SOS constraint(s)
Presolved model has 141 bilinear constraint(s)

Solving non-convex MIQCP

Variable types: 520 continuous, 613 integer (143 binary)
Found heuristic solution: objective 8448231.9084

Root relaxation: objective 7.965648e+05, 375 iterations, 0.01 seconds (0.01 work units)

    Nodes    |    Current Node    |     Objective Bounds      |     Work
 Expl Unexpl |  Obj  Depth IntInf | Incumbent    BestBd   Gap | It/Node Time

     0     0 796564.807    0  245 8448231.91 796564.807  90.6%     -    0s
H    0     0                    5172928.6216 796564.807  84.6%     -    0s
H    0     0                    4899663.5479 796564.807  83.7%     -    0s
     0     0 1470252.23    0  312 4899663.55 1470252.23  70.0%     -    0s
     0     0 1475997.39    0  320 4899663.55 1475997.39  69.9%     -    0s
     0     0 1517299.09    0  345 4899663.55 1517299.09  69.0%     -    0s
     0     0 1519175.70    0  346 4899663.55 1519175.70  69.0%     -    0s
     0     0 1539226.05    0  329 4899663.55 1539226.05  68.6%     -    0s
     0     0 1540146.64    0  339 4899663.55 1540146.64  68.6%     -    0s
     0     0 1551628.35    0  343 4899663.55 1551628.35  68.3%     -    1s
     0     0 1551829.00    0  356 4899663.55 1551829.00  68.3%     -    1s
     0     0 1553066.29    0  344 4899663.55 1553066.29  68.3%     -    1s
     0     0 1553415.33    0  344 4899663.55 1553415.33  68.3%     -    1s
     0     2 1553415.33    0  342 4899663.55 1553415.33  68.3%     -    1s
H   98   100                    4775930.2992 1555881.33  67.4%  32.2    2s
H  154   157                    4562247.1249 1555881.33  65.9%  37.3    2s
H  186   188                    4272149.4297 1555881.33  63.6%  40.0    2s
H  556   579                    3289931.7403 1555881.33  52.7%  17.3    3s
H  778   862                    3205750.4440 1555881.33  51.5%  12.8    4s
H 1340  1343                    3093095.3567 1555881.33  49.7%   9.4    4s
  1384  1498 2472266.85  762  153 3093095.36 1555881.33  49.7%   9.2    5s
H 2351  2399                    3092784.8306 1555881.33  49.7%   6.8    5s
H 2382  2399                    3077739.9338 1555881.33  49.4%   6.8    5s
H 2400  2459                    3070716.0207 1555881.33  49.3%   6.8    6s
H 2510  2566                    3069509.4290 1555881.33  49.3%   6.6    6s
H 2709  2583                    2923133.9887 1555881.33  46.8%   6.2    6s
H 3201  2766                    2873464.4628 1555881.33  45.9%   6.3    7s
H 3525  2855                    2872057.5952 1555921.53  45.8%   6.2    9s
H 3528  2714                    2868955.4254 1629811.14  43.2%   6.2    9s
  3535  2718 2390042.56   72  209 2868955.43 1636030.25  43.0%   6.2   10s
H 3540  2586                    2861142.9334 1669377.04  41.7%   6.2   10s
H 3560  2468                    2859977.4685 1709901.02  40.2%   6.2   12s
H 3572  2352                    2850120.9374 1716955.22  39.8%   6.2   14s
  3582  2359 2543434.58  281  246 2850120.94 1716955.22  39.8%   6.1   15s
H 3604  2256                    2821659.7748 1720152.25  39.0%   7.0   17s
  3628  2275 1723266.29   26  338 2821659.77 1720366.81  39.0%   7.9   20s
H 3636  2166                    2820309.7900 1720366.81  39.0%   8.1   20s
H 3664  2078                    2805676.3838 1720366.81  38.7%  10.0   21s
H 3665  1974                    2784320.0184 1720366.81  38.2%  10.0   21s
H 3722  1917                    2767498.5401 1720366.81  37.8%  12.2   24s
  3732  1930 1827284.99   50  269 2767498.54 1720366.81  37.8%  12.4   25s
H 3811  1894                    2725551.5790 1720366.81  36.9%  14.4   28s
  3838  1913 2152017.41   77  203 2725551.58 1720366.81  36.9%  14.7   30s
H 3842  1823                    2721970.7573 1720366.81  36.8%  14.7   30s
  3982  1919 2619839.90  112  163 2721970.76 1720366.81  36.8%  15.1   35s
  4126  2025 2620996.99  149  142 2721970.76 1720366.81  36.8%  14.7   40s
H 4182  1952                    2718815.2907 1720366.81  36.7%  14.6   41s
H 4216  1916                    2713600.4949 1720366.81  36.6%  14.5   44s
  4249  1933 2624286.92  180  127 2713600.49 1720366.81  36.6%  14.5   45s
H 4276  1848                    2710230.3934 1720366.81  36.5%  14.6   45s
H 4302  1784                    2700918.5658 1720366.81  36.3%  14.5   46s
H 4328  1732                    2700827.6044 1720366.81  36.3%  15.0   48s
  4373  1752 2625570.38  215  124 2700827.60 1720458.26  36.3%  15.5   50s
H 4403  1678                    2700631.7341 1720486.37  36.3%  15.8   50s
H 4475  1665                    2698254.9339 1720486.37  36.2%  18.0   52s
H 4579  1678                    2698107.7491 1720486.37  36.2%  19.7   54s
  4583  1720 2001168.00   67  235 2698107.75 1720486.37  36.2%  19.8   55s
H 4700  1719                    2698107.6937 1720486.37  36.2%  20.2   59s
  4721  1765 2337026.42  102  174 2698107.69 1720486.37  36.2%  20.1   60s
H 4779  1748                    2698105.8743 1720486.37  36.2%  20.0   62s
H 4832  1735                    2697733.1108 1720486.37  36.2%  19.8   64s
  4885  1777 2419335.64  143  167 2697733.11 1720486.37  36.2%  19.7   67s
  5004  1861 2420917.92  172  153 2697733.11 1720486.37  36.2%  19.3   71s
  5135  1929 2543521.28  204  170 2697733.11 1720486.37  36.2%  19.0   76s
  5285  2007 2554053.45  245  168 2697733.11 1720486.37  36.2%  18.6   81s
  5436  2105 2627752.73  282  158 2697733.11 1720486.37  36.2%  18.3   87s
  5511  2151 2629506.49  300  157 2697733.11 1720486.37  36.2%  18.3   90s
H 5595  2158                    2697701.9203 1720486.37  36.2%  18.4   94s
  5679  2223 2633464.49  340  149 2697701.92 1720486.37  36.2%  18.3   97s
  5772  2266 2642053.02  363  143 2697701.92 1720486.37  36.2%  18.2  101s
  5968  2347 1749518.51   35  305 2697701.92 1720590.46  36.2%  18.9  106s
  6147  2491 2005963.98   74  225 2697701.92 1720590.46  36.2%  19.9  112s
  6251  2568 2272317.93   99  176 2697701.92 1720590.46  36.2%  20.0  116s
  6481  2797 2301167.78  155  138 2697701.92 1720590.46  36.2%  19.7  123s
  6604  2926 2301167.78  185  138 2697701.92 1720590.46  36.2%  19.6  127s
  6733  3056 2301167.78  217  138 2697701.92 1720590.46  36.2%  19.4  131s
  6863  3195 2301167.78  249  138 2697701.92 1720590.46  36.2%  19.3  136s
  7002  3341 2304549.32  282  142 2697701.92 1720590.46  36.2%  19.1  142s
  7148  3492 2301177.61  318  137 2697701.92 1720590.46  36.2%  18.8  147s
H 7299  3649                    2697061.5516 1720590.46  36.2%  18.6  153s
  7456  3813 2301177.61  393  135 2697061.55 1720590.46  36.2%  18.3  159s
  7620  3980 2301177.61  433  135 2697061.55 1720590.46  36.2%  18.1  166s
  7787  4155 2301178.12  473  134 2697061.55 1720590.46  36.2%  17.9  171s
  7962  4336 2301177.61  516  137 2697061.55 1720590.46  36.2%  17.6  177s
  8143  4527 2304091.89  560  142 2697061.55 1720590.46  36.2%  17.4  184s
  8334  4720 2301178.12  607  134 2697061.55 1720590.46  36.2%  17.2  190s
  8527  4925 2301177.61  655  135 2697061.55 1720590.46  36.2%  17.1  196s
  8732  5128 2301178.12  705  134 2697061.55 1720590.46  36.2%  16.9  202s
  8935  5331 2301183.45  756  132 2697061.55 1720590.46  36.2%  16.9  208s
  9138  5519 2301183.45  807  132 2697061.55 1720590.46  36.2%  16.8  215s
  9348  5697 2305170.45  858  140 2697061.55 1720590.46  36.2%  17.0  222s
  9558  5842 2302825.24  909  131 2697061.55 1720590.46  36.2%  17.2  227s
H 9656  5842                    2696580.8175 1720590.46  36.2%  17.1  227s
  9764  6024 2336131.98  957  144 2696580.82 1720590.46  36.2%  17.7  234s
H 9954  6203                    2696359.9529 1720590.46  36.2%  17.9  241s
 10141  6376 2311505.75 1048  128 2696359.95 1720590.46  36.2%  18.1  248s
 10336  6531 2311779.48 1094  128 2696359.95 1720590.46  36.2%  18.4  255s
 10549  6682 2379322.89 1141  145 2696359.95 1720590.46  36.2%  18.8  261s
 10758  6828 2312350.01 1188  128 2696359.95 1720590.46  36.2%  19.1  267s
H10964  6974                    2696359.9504 1720590.46  36.2%  19.6  274s
H11056  6974                    2696252.0627 1720590.46  36.2%  19.5  274s
 11162  7126 2320034.28 1281  126 2696252.06 1720590.46  36.2%  20.0  281s
 11366  7276 2321440.29 1328  126 2696252.06 1720590.46  36.2%  20.4  288s
H11460  7276                    2696162.9806 1720590.46  36.2%  20.4  288s
 11570  7397 2398659.53 1375  146 2696162.98 1720590.46  36.2%  20.9  295s
 11793  7513 2401599.00 1421  145 2696162.98 1720590.46  36.2%  21.4  301s
 12019  7632 2322665.47 1468  126 2696162.98 1720590.46  36.2%  21.9  308s
H12111  7632                    2696150.9112 1720590.46  36.2%  21.8  308s
 12242  7740 2323170.01 1514  126 2696150.91 1720590.46  36.2%  22.3  314s
 12470  7870 2323496.02 1560  126 2696150.91 1720590.46  36.2%  22.8  322s
 12684  8002 2323992.39 1606  126 2696150.91 1720590.46  36.2%  23.1  328s
 12896  8131 2324379.34 1652  126 2696150.91 1720590.46  36.2%  23.4  334s
 13099  8234 2324844.77 1697  126 2696150.91 1721178.65  36.2%  23.8  340s
 13279  8404 2159941.55   55  268 2696150.91 1723459.42  36.1%  24.6  345s
 13453  8542 2525774.41   99  180 2696150.91 1723459.42  36.1%  25.0  350s
 13694  8722 2630936.89  163  167 2696150.91 1723459.42  36.1%  25.1  356s
 13877  8984 2643957.48  205  159 2696150.91 1723459.42  36.1%  25.0  361s
 14140  9225 2653737.13  249  150 2696150.91 1723459.42  36.1%  24.6  368s
 14381  9463 2661881.81  288  145 2696150.91 1723459.42  36.1%  24.3  376s
 14709  9629 2668317.83  361  139 2696150.91 1723459.42  36.1%  24.1  383s
 15001  9745     cutoff  425      2696150.91 1723459.42  36.1%  24.2  388s
 15239  9865     cutoff  486      2696150.91 1723459.42  36.1%  24.4  394s
 15453  9976 2670695.44  545  137 2696150.91 1723459.42  36.1%  24.3  398s
 15676 10090 2672028.53  608  137 2696150.91 1723459.42  36.1%  24.4  405s
 15884 10201 2673989.69  662  139 2696150.91 1723459.42  36.1%  24.4  411s
 16093 10286     cutoff  717      2696150.91 1723459.42  36.1%  24.3  418s
H16217 10286                    2695949.0091 1723459.42  36.1%  24.4  418s
 16332 10396 2675272.06  779  134 2695949.01 1723459.42  36.1%  24.3  425s
 16550 10497 2677044.58  830  130 2695949.01 1723459.42  36.1%  24.3  433s
 16780 10665     cutoff  890      2695949.01 1723459.42  36.1%  24.2  438s
 17071 10820     cutoff  952      2695949.01 1723596.81  36.1%  23.9  444s
 17279 10969 2623383.34   79  136 2695949.01 1724368.85  36.0%  24.0  448s
 17444 11140 2137764.56   61  246 2695949.01 1724404.72  36.0%  24.2  452s
 17633 11302 1815390.78   27  337 2695949.01 1724588.32  36.0%  24.3  456s
 17795 11480 2292909.45   75  205 2695949.01 1724588.32  36.0%  24.3  462s
 17973 11662 2455492.92  126  146 2695949.01 1724588.32  36.0%  24.1  468s
 18155 11918 2494151.56  206  143 2695949.01 1724588.32  36.0%  23.9  474s
 18412 12193 2501115.98  329  134 2695949.01 1724588.32  36.0%  23.6  479s
 18687 12460 2505160.78  466  135 2695949.01 1724588.32  36.0%  23.3  483s
 18954 12704 2515029.64  589  129 2695949.01 1724588.32  36.0%  23.1  489s
 19198 12850 2521392.60  725  125 2695949.01 1724938.31  36.0%  22.9  495s
 19410 13006 2367214.72   37  263 2695949.01 1725123.85  36.0%  22.8  501s
 19586 13174 2126912.42   54  243 2695949.01 1725123.85  36.0%  22.9  508s
 19754 13348 2561086.15   96  162 2695949.01 1725123.85  36.0%  22.9  515s
 19933 13528 2636505.63  136  155 2695949.01 1725123.85  36.0%  22.7  520s
 20115 13655 2645425.77  197  150 2695949.01 1725123.85  36.0%  22.6  527s
 20328 13776 2649471.12  252  148 2695949.01 1725123.85  36.0%  22.6  533s
 20518 13942 2667880.47  312  143 2695949.01 1725123.85  36.0%  22.5  540s
 20684 14095 2673068.26  371  139 2695949.01 1725123.85  36.0%  22.6  546s
 20854 14235 2679105.93  434  137 2695949.01 1725123.85  36.0%  22.7  552s
 21015 14375 2680150.91  466  137 2695949.01 1732460.54  35.7%  22.9  558s
 21202 14520 1738244.87   29  321 2695949.01 1733850.88  35.7%  23.1  563s
 21369 14701 1958067.82   46  266 2695949.01 1733850.88  35.7%  23.3  567s
 21550 14853 2504750.28   89  170 2695949.01 1733850.88  35.7%  23.3  574s
 21740 15003 2632910.48  149  157 2695949.01 1733850.88  35.7%  23.4  579s
 21912 15139 2648810.89  213  152 2695949.01 1733850.88  35.7%  23.5  584s
 22073 15312 2657068.18  258  147 2695949.01 1733850.88  35.7%  23.5  590s
H22156 15312                    2695889.5909 1733850.88  35.7%  23.5  590s
 22261 15444 2661941.86  312  143 2695889.59 1740214.56  35.4%  23.5  597s
 22446 15564 1947328.59   35  307 2695889.59 1742284.73  35.4%  23.6  603s
 22593 15735 2100022.20   44  273 2695889.59 1743125.71  35.3%  23.8  609s
H22689 15735                    2695625.9477 1743125.71  35.3%  23.9  609s
 22783 15880 2652561.81   92  176 2695625.95 1743981.96  35.3%  24.0  614s
 22951 16020 2673057.22  103  169 2695625.95 1744196.30  35.3%  23.9  620s
H23130 16093                    2695625.9271 1744196.30  35.3%  24.0  624s
 23341 16213 2120707.33   55  248 2695625.93 1745335.80  35.3%  24.1  629s
 23513 16328 2074938.33   39  237 2695625.93 1746685.09  35.2%  24.4  635s
H23694 16479                    2695523.5158 1746950.68  35.2%  24.9  641s
 23861 16607 2269173.44   53  250 2695523.52 1750373.44  35.1%  25.0  648s
 24014 16742 2384138.45   50  206 2695523.52 1750387.87  35.1%  25.0  655s
H24178 16888                    2695523.5152 1750387.87  35.1%  25.0  661s
 24346 16983 infeasible   80      2695523.52 1751082.87  35.0%  25.0  668s
 24469 17120 2635892.87   65  154 2695523.52 1751420.40  35.0%  25.1  675s
 24635 17247 2371213.60   68  178 2695523.52 1752077.49  35.0%  25.1  683s
 24779 17399 2197043.57   68  246 2695523.52 1752077.49  35.0%  25.1  689s
 24934 17527 2569229.46  131  162 2695523.52 1752077.49  35.0%  25.1  696s
 25110 17681 2570236.93  203  158 2695523.52 1752077.49  35.0%  25.0  702s
 25299 17872 2586146.97  237  161 2695523.52 1752077.49  35.0%  24.9  709s
 25503 18022 2636332.95  273  149 2695523.52 1752077.49  35.0%  24.9  715s
 25695 18172 2645799.80  310  140 2695523.52 1752077.49  35.0%  25.0  722s
 25854 18327 2650908.03  360  132 2695523.52 1752077.49  35.0%  24.9  728s
 26037 18483 2653147.68  393  125 2695523.52 1752077.49  35.0%  24.9  733s
H26224 18605                    2695459.8567 1752077.49  35.0%  24.9  738s
 26408 18756 2530201.17   69  166 2695459.86 1757739.51  34.8%  25.0  744s
 26611 18915 2202993.88   44  222 2695459.86 1759377.90  34.7%  25.1  751s
 26806 19063 2417307.49   53  217 2695459.86 1766100.14  34.5%  25.2  757s
 26981 19214 1938918.21   43  316 2695459.86 1767200.83  34.4%  25.3  763s
 27151 19318 2434102.12   80  200 2695459.86 1768081.31  34.4%  25.5  770s
 27318 19464 2611739.53   69  213 2695459.86 1769765.62  34.3%  25.7  776s
 27503 19622 2445932.29   68  225 2695459.86 1772178.45  34.3%  25.8  782s
 27701 19770 2423726.85   45  207 2695459.86 1775303.75  34.1%  25.9  789s
 27893 19909 2007429.75   52  280 2695459.86 1777632.00  34.1%  26.1  796s
H28072 20054                    2695329.5938 1778379.07  34.0%  26.2  802s
 28238 20186 2544450.27   59  125 2695329.59 1778718.50  34.0%  26.3  809s
 28414 20344 1956438.15   30  310 2695329.59 1778932.66  34.0%  26.3  815s
 28575 20470 2574409.66   51  202 2695329.59 1779114.08  34.0%  26.4  820s
 28772 20623 2442852.82   64  183 2695329.59 1780997.44  33.9%  26.5  827s
 28958 20767 2440709.26   59  212 2695329.59 1783892.00  33.8%  26.6  832s
 29145 20911 2027149.71   41  299 2695329.59 1787605.03  33.7%  26.7  839s
 29321 21035 2327725.38   65  228 2695329.59 1789721.02  33.6%  26.8  846s
 29469 21141 2297282.46   78  201 2695329.59 1789823.06  33.6%  27.0  853s
 29588 21260     cutoff  106      2695329.59 1789839.75  33.6%  27.0  860s
H29668 21260                    2695186.0784 1789839.75  33.6%  27.1  860s
 29769 21413 1944685.92   30  332 2695186.08 1791298.57  33.5%  27.2  865s
 29931 21555 2332806.85   53  274 2695186.08 1792036.14  33.5%  27.3  871s
 30130 21712 2392013.22   60  200 2695186.08 1792963.68  33.5%  27.4  878s
 30327 21863 2453578.00   62  165 2695186.08 1793590.77  33.5%  27.6  883s
 30514 22015 2406447.26   61  189 2695186.08 1795454.82  33.4%  27.6  887s
 30700 22172 2371918.34   61  228 2695186.08 1796206.82  33.4%  27.7  893s
 30889 22322 2429091.40   74  204 2695186.08 1797322.72  33.3%  27.8  900s
 31067 22464 2361358.27   67  205 2695186.08 1798057.36  33.3%  27.9  906s
 31254 22604 2580891.76   59  188 2695186.08 1799972.17  33.2%  28.0  913s
 31456 22729 2485836.34   58  177 2695186.08 1801973.58  33.1%  28.1  918s
 31659 22848 2339710.57   52  197 2695186.08 1803184.60  33.1%  28.2  922s
 31799 23010 2267464.25   58  250 2695186.08 1803185.42  33.1%  28.4  928s
 31991 23151     cutoff  104      2695186.08 1803185.42  33.1%  28.5  934s
 32202 23331 2640890.73  168  152 2695186.08 1803185.42  33.1%  28.5  941s
H32388 23471                    2695186.0626 1803185.42  33.1%  28.4  948s
 32582 23621 2426444.53   54  200 2695186.06 1803995.13  33.1%  28.4  954s
 32756 23788 2453507.28   77  162 2695186.06 1804858.69  33.0%  28.4  961s
 32941 23938 2644478.54   88  126 2695186.06 1805225.05  33.0%  28.4  968s
 33124 24095     cutoff   99      2695186.06 1805225.05  33.0%  28.3  975s
 33288 24250 2670177.39  166  156 2695186.06 1805225.52  33.0%  28.2  984s
 33471 24388 2566082.64   60  165 2695186.06 1805648.06  33.0%  28.2  991s
 33645 24536 1998059.62   52  261 2695186.06 1805648.06  33.0%  28.2  998s
 33833 24688 2554572.79   89  177 2695186.06 1805648.06  33.0%  28.2 1005s
 34015 24846 2662250.30  156  160 2695186.06 1805648.06  33.0%  28.2 1012s
 34195 24976 2677908.89  214  164 2695186.06 1805648.06  33.0%  28.2 1018s
 34374 25103 2678124.80  285  164 2695186.06 1807539.22  32.9%  28.1 1026s
 34554 25200 2553296.42   47  287 2695186.06 1807686.00  32.9%  28.1 1032s
 34700 25383 2320530.74   68  193 2695186.06 1808141.57  32.9%  28.3 1037s
 34926 25549 2537331.05   57  196 2695186.06 1808206.97  32.9%  28.3 1043s
 35115 25748 2474764.86   73  212 2695186.06 1808206.97  32.9%  28.2 1051s
 35331 25889 2688306.11  150  169 2695186.06 1808340.10  32.9%  28.1 1058s
 35508 26091 2531906.20   93  187 2695186.06 1810136.27  32.8%  28.2 1064s
 35710 26302 2649894.60  161  154 2695186.06 1810136.27  32.8%  28.2 1071s
 35922 26480 2650991.63  250  152 2695186.06 1810136.27  32.8%  28.0 1079s
 36100 26719 2652481.85  325  150 2695186.06 1810136.27  32.8%  27.9 1087s
 36339 26959 2655352.23  379  149 2695186.06 1810136.27  32.8%  27.7 1095s
 36581 27207 2658733.94  409  145 2695186.06 1810136.27  32.8%  27.6 1103s
 36829 27429 2661735.46  463  139 2695186.06 1810136.27  32.8%  27.4 1111s
 37062 27638     cutoff  510      2695186.06 1810136.27  32.8%  27.3 1118s
 37308 27781 2670586.47  523  134 2695186.06 1810136.27  32.8%  27.2 1126s
 37561 27930 2681533.66  539  149 2695186.06 1810136.27  32.8%  27.2 1133s
 37742 28020 2672777.21  563  149 2695186.06 1810471.70  32.8%  27.2 1139s
 37938 28160 2650174.86   71  150 2695186.06 1810946.91  32.8%  27.3 1146s
 38129 28314 2601772.18   61  173 2695186.06 1811843.70  32.8%  27.4 1153s
 38300 28444 2621118.95   87  126 2695186.06 1812344.03  32.8%  27.5 1160s
 38453 28613 2206673.19   40  220 2695186.06 1812344.03  32.8%  27.6 1168s
 38631 28776 2581031.46   83  136 2695186.06 1812682.58  32.7%  27.5 1174s
 38828 28931 2440100.57   79  207 2695186.06 1812930.17  32.7%  27.4 1181s
 39012 29091 2313349.02   74  189 2695186.06 1813210.62  32.7%  27.4 1188s
 39202 29219 2475566.94   70  217 2695186.06 1813955.82  32.7%  27.5 1196s
 39362 29385 2031792.54   35  301 2695186.06 1813955.82  32.7%  27.5 1203s
 39530 29525 2495463.05   89  175 2695186.06 1813955.82  32.7%  27.5 1210s
 39713 29662 2597576.18  138  164 2695186.06 1813955.82  32.7%  27.5 1218s
 39862 29819 2600664.34  187  169 2695186.06 1813955.82  32.7%  27.5 1225s
 40039 29977 2603096.23  260  160 2695186.06 1813955.82  32.7%  27.5 1233s
 40225 30208 2606447.82  337  159 2695186.06 1813955.82  32.7%  27.4 1240s
 40470 30371 2607696.22  467  157 2695186.06 1813955.82  32.7%  27.3 1248s
 40656 30519 2611537.28  551  156 2695186.06 1813955.82  32.7%  27.3 1255s
 40823 30674 2614629.77  591  155 2695186.06 1813955.82  32.7%  27.4 1262s
 41001 30857 2617564.00  658  151 2695186.06 1813955.82  32.7%  27.3 1268s
 41186 31044 2624426.66  678  148 2695186.06 1813955.82  32.7%  27.2 1275s
 41376 31198 2624548.66  720  146 2695186.06 1813955.82  32.7%  27.1 1282s
 41563 31362 2626144.41  745  144 2695186.06 1813955.82  32.7%  27.1 1289s
 41742 31492 2628791.25  805  144 2695186.06 1813955.82  32.7%  27.1 1295s
 41940 31647 2629420.72  835  142 2695186.06 1813955.82  32.7%  27.1 1303s
 42115 31801 2630839.66  914  139 2695186.06 1813955.82  32.7%  27.0 1311s
 42297 31958 2636043.33  980  137 2695186.06 1813955.82  32.7%  27.0 1318s
 42473 32112 2636489.98 1047  134 2695186.06 1813955.82  32.7%  27.0 1324s
H42554 32110                    2695170.8833 1813955.82  32.7%  26.9 1324s
 42632 32259 2636845.76 1076  132 2695170.88 1813955.82  32.7%  27.1 1332s
 42792 32406 2645073.79 1146  130 2695170.88 1813955.82  32.7%  27.1 1338s
 42977 32568 2647681.99 1160  129 2695170.88 1813955.82  32.7%  27.1 1346s
 43163 32726 2648546.04 1231  128 2695170.88 1813955.82  32.7%  27.1 1354s
 43343 32878 2650021.96 1300  127 2695170.88 1813955.82  32.7%  27.1 1361s
 43515 33028 2650021.96 1387  127 2695170.88 1813955.82  32.7%  27.1 1370s
 43689 33160 2671946.82 1450  144 2695170.88 1813955.82  32.7%  27.1 1377s
 43867 33326 2671946.82 1529  144 2695170.88 1813955.82  32.7%  27.2 1385s
 44045 33510 2674094.41 1595  143 2695170.88 1813955.82  32.7%  27.1 1393s
 44232 33714 2674128.35 1676  143 2695170.88 1813955.82  32.7%  27.1 1400s
 44440 33887 2678641.25 1753  144 2695170.88 1813955.82  32.7%  27.0 1409s
 44615 34121 2679766.89 1833  143 2695170.88 1822597.88  32.4%  26.9 1415s
 44901 34366 2388150.43   59  244 2695170.88 1822916.74  32.4%  26.8 1422s
 45171 34590 2610110.00   65  247 2695170.88 1823128.58  32.4%  26.8 1430s
 45463 34839 2000223.43   46  303 2695170.88 1823627.79  32.3%  26.7 1435s
 45738 35084 1854598.10   31  330 2695170.88 1824606.93  32.3%  26.7 1443s
 45992 35329 2095832.63   56  257 2695170.88 1825112.56  32.3%  26.6 1448s
 46245 35565 2212308.33   67  219 2695170.88 1825112.56  32.3%  26.5 1454s
 46504 35785 2678808.04  112  174 2695170.88 1825333.00  32.3%  26.5 1462s
 46766 36020 2233190.80   34  255 2695170.88 1825526.33  32.3%  26.4 1469s
 47021 36264 2048677.24   45  284 2695170.88 1825526.33  32.3%  26.3 1477s
 47268 36482 2656825.72  109  162 2695170.88 1825526.33  32.3%  26.2 1484s
 47541 36689 2684640.71  166  173 2695170.88 1825819.50  32.3%  26.1 1490s
 47809 36904 2026909.11   53  264 2695170.88 1826408.38  32.2%  26.0 1498s
 48058 37122 2617326.65   79  194 2695170.88 1826477.88  32.2%  26.0 1504s
 48302 37255 2175333.20   36  305 2695170.88 1827221.12  32.2%  26.0 1510s
 48546 37417 2002681.09   53  277 2695170.88 1827690.97  32.2%  26.1 1516s
 48756 37545 2473848.36   64  193 2695170.88 1828176.95  32.2%  26.1 1523s
 48950 37692 2013760.05   34  305 2695170.88 1830272.97  32.1%  26.1 1528s
 49135 37845 2490424.39   76  154 2695170.88 1830546.08  32.1%  26.2 1532s
 49305 37986 2486840.26   79  119 2695170.88 1831003.60  32.1%  26.3 1540s
H49475 38130                    2695153.3921 1831003.60  32.1%  26.3 1547s
 49656 38292 1969846.61   34  330 2695153.39 1831886.63  32.0%  26.3 1554s
H49744 38291                    2695102.1693 1831886.63  32.0%  26.3 1554s
 49827 38446 2437299.97   68  176 2695102.17 1832778.48  32.0%  26.3 1561s
 50000 38571 2533209.81   63  183 2695102.17 1833357.28  32.0%  26.2 1568s
 50190 38712     cutoff   77      2695102.17 1833548.31  32.0%  26.3 1575s
 50386 38863 2660426.00   78  149 2695102.17 1834460.51  31.9%  26.3 1582s
 50572 38984 2431348.73   75  210 2695102.17 1835388.53  31.9%  26.4 1588s
 50770 39104 2643795.11   77  142 2695102.17 1835612.00  31.9%  26.4 1594s
 50962 39257 2138908.51   51  283 2695102.17 1835612.00  31.9%  26.4 1601s
 51129 39440 2419965.77   90  190 2695102.17 1835612.00  31.9%  26.5 1609s
 51336 39584 2662495.40  142  163 2695102.17 1835918.17  31.9%  26.4 1616s
 51520 39723 2434649.68   65  168 2695102.17 1837269.22  31.8%  26.4 1622s
 51703 39870 2244106.49   63  216 2695102.17 1837350.80  31.8%  26.4 1629s
 51890 40018 2667744.51  146  156 2695102.17 1837811.79  31.8%  26.4 1636s
 52086 40166 1868933.69   43  312 2695102.17 1838659.41  31.8%  26.5 1643s
 52270 40309 1880871.30   49  297 2695102.17 1838941.58  31.8%  26.5 1650s
 52450 40476 2538138.03   91  177 2695102.17 1838941.58  31.8%  26.6 1656s
 52635 40635 2643285.78  143  157 2695102.17 1838941.58  31.8%  26.6 1664s
 52817 40787 2660888.62  180  151 2695102.17 1838941.58  31.8%  26.6 1670s
 52990 40944 2666644.34  200  161 2695102.17 1838941.58  31.8%  26.5 1678s
 53167 41109 2669689.71  222  165 2695102.17 1838941.58  31.8%  26.6 1685s
 53362 41268 2669413.99  266  157 2695102.17 1838941.58  31.8%  26.5 1692s
 53547 41436 2671699.07  319  154 2695102.17 1838941.58  31.8%  26.5 1699s
 53732 41596 2675472.06  361  151 2695102.17 1838941.58  31.8%  26.5 1707s
 53913 41759 2677194.74  417  152 2695102.17 1838941.58  31.8%  26.5 1714s
 54099 41920 2681876.32  456  149 2695102.17 1838941.58  31.8%  26.5 1721s
 54268 42081 2680128.15  513  149 2695102.17 1838941.58  31.8%  26.5 1729s
 54447 42230 2682566.97  561  148 2695102.17 1841446.88  31.7%  26.4 1737s
 54636 42366 2679284.30  109  163 2695102.17 1841671.18  31.7%  26.5 1744s
 54831 42510     cutoff   87      2695102.17 1841978.60  31.7%  26.5 1752s
 54998 42721 2533188.94   97  189 2695102.17 1841978.60  31.7%  26.5 1760s
 55227 42911 2686356.80  157  166 2695102.17 1842176.44  31.6%  26.4 1767s
 55429 43102 2352607.22   63  216 2695102.17 1842352.79  31.6%  26.4 1774s
 55644 43268 2558685.13   69  164 2695102.17 1842800.23  31.6%  26.4 1781s
 55839 43432 2062553.99   54  247 2695102.17 1843228.59  31.6%  26.4 1787s
 56025 43597 2013356.81   40  273 2695102.17 1843228.59  31.6%  26.4 1794s
 56201 43740 2688976.34  124  170 2695102.17 1844265.59  31.6%  26.4 1802s
H56297 43740                    2695030.5961 1844265.59  31.6%  26.4 1802s
 56387 43956 2201328.79   70  231 2695030.60 1844265.59  31.6%  26.4 1808s
 56638 44110 2652896.07  106  167 2695030.60 1844265.59  31.6%  26.3 1813s
 56880 44246 2673062.29  173  168 2695030.60 1844265.59  31.6%  26.3 1819s
 57076 44403 2674017.00  232  165 2695030.60 1844265.59  31.6%  26.3 1824s
 57269 44534 2682464.18  302  165 2695030.60 1845955.81  31.5%  26.3 1831s
 57453 44683 2651582.73   70  131 2695030.60 1846269.42  31.5%  26.3 1838s
 57653 44820 2449013.79   55  170 2695030.60 1846509.59  31.5%  26.4 1845s
 57838 45006 2306697.83   73  205 2695030.60 1846666.33  31.5%  26.5 1852s
 58028 45232 2492289.00  135  157 2695030.60 1846666.33  31.5%  26.4 1859s
 58280 45460 2498716.13  274  156 2695030.60 1846666.33  31.5%  26.4 1866s
 58547 45688 2507300.31  406  153 2695030.60 1846666.33  31.5%  26.4 1874s
 58805 45910 2509957.56  531  152 2695030.60 1846666.33  31.5%  26.3 1879s
 59047 46138 2509957.56  685  152 2695030.60 1846666.33  31.5%  26.3 1884s
 59299 46396 2512000.10  820  151 2695030.60 1846666.33  31.5%  26.3 1890s
 59557 46635 2512000.10  976  151 2695030.60 1846666.33  31.5%  26.2 1897s
 59802 46870 2512890.87 1111  147 2695030.60 1846666.33  31.5%  26.1 1904s
 60037 47107 2517711.62 1233  144 2695030.60 1846666.33  31.5%  26.0 1910s
 60274 47308 2520759.95 1356  142 2695030.60 1846666.33  31.5%  25.9 1916s
 60531 47502 2522592.56 1488  141 2695030.60 1846666.33  31.5%  25.9 1923s
 60733 47721 2523610.98 1621  140 2695030.60 1846666.33  31.5%  25.8 1928s
 60966 47932 2525672.24 1749  147 2695030.60 1846666.33  31.5%  25.8 1935s
 61224 48104 2525672.24 1900  147 2695030.60 1846666.33  31.5%  25.8 1941s
 61411 48249 2529911.91 1962  138 2695030.60 1846666.33  31.5%  25.8 1947s
 61590 48461 2529911.91 2040  138 2695030.60 1846666.33  31.5%  25.7 1954s
 61807 48734 2533746.54 2159  133 2695030.60 1846666.33  31.5%  25.7 1961s
 62095 48952 2533746.54 2309  133 2695030.60 1846666.33  31.5%  25.6 1969s
 62317 49215 2539470.46 2392  136 2695030.60 1846666.33  31.5%  25.6 1977s
 62588 49472 2546851.16 2517  134 2695030.60 1846666.33  31.5%  25.5 1984s
 62846 49664 2551645.33 2651  133 2695030.60 1846666.33  31.5%  25.4 1992s
 63094 49881 2563498.88 2727  130 2695030.60 1846666.33  31.5%  25.4 2000s
 63319 50083 2568832.70 2795  125 2695030.60 1846666.33  31.5%  25.3 2007s
 63546 50302 2567713.42 2900  124 2695030.60 1846666.33  31.5%  25.3 2013s
 63779 50512 2568069.24 3016  123 2695030.60 1846666.33  31.5%  25.2 2021s
 64001 50686 2568069.24 3159  123 2695030.60 1846666.33  31.5%  25.2 2028s
 64231 50864 2576592.24 3211  121 2695030.60 1846666.33  31.5%  25.2 2035s
 64459 50976 2588230.35 3224  125 2695030.60 1846666.33  31.5%  25.2 2041s
 64669 51107 2668763.32 3241  134 2695030.60 1846666.33  31.5%  25.2 2048s
 64822 51256 2672633.79 3294  133 2695030.60 1846666.33  31.5%  25.2 2055s
 64987 51448 2674560.44 3359  131 2695030.60 1846666.33  31.5%  25.2 2061s
 65194 51640 2678630.54 3475  131 2695030.60 1846666.33  31.5%  25.2 2068s
 65414 51831 2679429.54 3595  131 2695030.60 1846666.33  31.5%  25.1 2075s
 65619 52024 2679758.75 3727  130 2695030.60 1846666.33  31.5%  25.1 2082s
 65834 52149 2681713.01 3845  128 2695030.60 1846666.33  31.5%  25.1 2088s
 66027 52287     cutoff 3920      2695030.60 1854598.10  31.2%  25.0 2093s
 66248 52414 2298555.41   56  260 2695030.60 1854649.07  31.2%  25.0 2099s
 66421 52531 2038221.89   33  316 2695030.60 1854649.07  31.2%  25.0 2106s
 66573 52693 2101613.78   66  217 2695030.60 1854649.07  31.2%  25.0 2111s
 66746 52837 2557278.52  112  157 2695030.60 1854649.07  31.2%  25.0 2117s
 66908 52989 2565238.05  149  155 2695030.60 1854649.07  31.2%  25.0 2124s
 67071 53146 2573938.14  193  147 2695030.60 1854649.07  31.2%  25.0 2131s
 67235 53282 2580407.18  235  138 2695030.60 1854649.07  31.2%  25.0 2138s
 67410 53437 2588663.32  274  127 2695030.60 1854649.07  31.2%  25.0 2145s
 67572 53584 2588597.96  312  124 2695030.60 1854649.07  31.2%  25.0 2150s
 67742 53719 2604909.21  355  123 2695030.60 1854649.07  31.2%  24.9 2157s
 67898 53853 2635399.27  393  131 2695030.60 1854649.07  31.2%  25.0 2165s
 68064 54001 2623393.79  431  125 2695030.60 1854649.07  31.2%  25.0 2172s
 68222 54174 2645982.29  468  125 2695030.60 1856980.16  31.1%  25.0 2178s
H68315 54172                    2694989.7397 1856980.16  31.1%  25.0 2178s
 68429 54388 1916250.38   35  324 2694989.74 1857421.54  31.1%  24.9 2184s
 68657 54603 2493327.38   65  173 2694989.74 1857583.27  31.1%  24.9 2190s
 68884 54880 2463869.69   76  185 2694989.74 1857583.27  31.1%  24.9 2198s
 69161 55156 2501026.81  135  155 2694989.74 1857583.27  31.1%  24.8 2205s
 69445 55370 2502421.21  227  148 2694989.74 1857583.27  31.1%  24.7 2213s
 69663 55585 2504752.71  299  148 2694989.74 1857583.27  31.1%  24.6 2220s
 69878 55801 2506530.31  370  145 2694989.74 1857583.27  31.1%  24.6 2227s
 70096 56029 2507064.57  413  141 2694989.74 1857583.27  31.1%  24.5 2233s
 70324 56226 2514111.55  475  133 2694989.74 1857583.27  31.1%  24.4 2240s
 70587 56381 2523391.09  512  131 2694989.74 1857616.74  31.1%  24.5 2247s
 70818 56532 2180122.96   46  265 2694989.74 1857998.32  31.1%  24.5 2253s
 70978 56636 2690313.83  121  173 2694989.74 1858431.87  31.0%  24.4 2260s
 71120 56773 2458523.38   74  208 2694989.74 1858467.75  31.0%  24.4 2265s
 71287 56893 1963781.84   36  317 2694989.74 1858672.53  31.0%  24.4 2271s
 71455 57038 2305648.88   58  190 2694989.74 1859045.82  31.0%  24.5 2277s
 71631 57166 2283443.78   57  203 2694989.74 1859602.15  31.0%  24.5 2282s
 71803 57298 2524774.16   79  155 2694989.74 1859762.07  31.0%  24.5 2288s
 71961 57434 2675442.12  122   94 2694989.74 1859864.78  31.0%  24.5 2293s
 72137 57547 2604404.65   89  191 2694989.74 1859920.28  31.0%  24.6 2299s
 72303 57683 2037808.23   39  282 2694989.74 1860629.68  31.0%  24.6 2305s
 72477 57823 2451090.42   68  220 2694989.74 1861010.40  30.9%  24.7 2312s
 72661 57966 2076822.03   53  258 2694989.74 1861281.42  30.9%  24.7 2318s
 72836 58119 2405112.74   69  203 2694989.74 1861559.39  30.9%  24.7 2323s
 73008 58298 2212293.14   57  232 2694989.74 1861559.39  30.9%  24.7 2331s
 73199 58429 2557535.54   97  159 2694989.74 1861559.39  30.9%  24.7 2338s
 73373 58616 2573481.62  131  149 2694989.74 1861559.39  30.9%  24.7 2344s
 73571 58782 2576982.55  232  147 2694989.74 1861559.39  30.9%  24.7 2351s
 73771 58895 2579084.07  301  143 2694989.74 1861559.39  30.9%  24.6 2356s
 73919 59044 2580350.82  357  142 2694989.74 1861559.39  30.9%  24.6 2362s
 74087 59195 2581100.47  398  139 2694989.74 1861559.39  30.9%  24.6 2369s
 74258 59344 2581789.16  468  138 2694989.74 1861559.39  30.9%  24.6 2376s
 74426 59518 2582242.33  525  136 2694989.74 1861559.39  30.9%  24.6 2383s
 74600 59660 2582242.33  607  136 2694989.74 1861559.39  30.9%  24.6 2390s
 74768 59816 2583623.62  671  135 2694989.74 1861559.39  30.9%  24.6 2397s
 74930 59971 2584526.78  746  140 2694989.74 1861559.39  30.9%  24.5 2405s
 75093 60112 2586190.94  820  137 2694989.74 1861559.39  30.9%  24.5 2412s
 75241 60264 2587594.08  879  132 2694989.74 1861559.39  30.9%  24.5 2419s
 75400 60369 2592052.83  944  135 2694989.74 1861559.39  30.9%  24.5 2427s
H75482 60115                    2688962.0300 1861559.39  30.8%  24.5 2427s
 75587 60263 2592052.83 1020  135 2688962.03 1861559.39  30.8%  24.5 2434s
H75671 60263                    2688951.4950 1861559.39  30.8%  24.5 2434s
 75768 60421 2598563.46 1075  132 2688951.50 1861559.39  30.8%  24.5 2441s
 75942 60562 2598563.46 1160  132 2688951.50 1861559.39  30.8%  24.5 2446s
 76113 60697 2599334.85 1225  125 2688951.50 1861559.39  30.8%  24.6 2453s
 76271 60852 2614101.02 1256  125 2688951.50 1861559.39  30.8%  24.6 2460s
 76452 60993 2616569.15 1297  128 2688951.50 1861559.39  30.8%  24.5 2467s
 76631 61168 2631853.35 1345  127 2688951.50 1861559.39  30.8%  24.5 2474s
 76817 61303 2633435.90 1415  125 2688951.50 1861559.39  30.8%  24.5 2481s
 77006 61401 2635814.36 1485  123 2688951.50 1861559.39  30.8%  24.5 2488s
 77209 61544 2649684.77 1521  121 2688951.50 1865583.33  30.6%  24.5 2495s
 77402 61703 2327865.60   45  213 2688951.50 1866625.97  30.6%  24.5 2502s
 77589 61850 2237663.56   45  292 2688951.50 1867241.14  30.6%  24.6 2509s
 77749 61993 2621007.31   75  191 2688951.50 1867311.74  30.6%  24.5 2516s
 77921 62150 1998934.40   49  275 2688951.50 1867311.74  30.6%  24.5 2523s
 78090 62292 2586366.72   80  136 2688951.50 1867321.47  30.6%  24.6 2529s
 78274 62412 2198340.01   35  237 2688951.50 1867562.55  30.5%  24.6 2535s
 78463 62529 2313153.54   70  219 2688951.50 1867627.80  30.5%  24.6 2540s
 78656 62610 2377497.03   57  251 2688951.50 1867645.42  30.5%  24.7 2547s
H78771 62610                    2688951.4847 1867645.42  30.5%  24.7 2547s
 78880 62753 1969905.84   35  330 2688951.48 1867645.42  30.5%  24.7 2554s
H78966 62448                    2685481.4076 1867645.42  30.5%  24.7 2554s
 79065 62601 2564289.84  116  162 2685481.41 1867645.42  30.5%  24.7 2562s
 79248 62742 2598156.95  163  151 2685481.41 1867645.42  30.5%  24.8 2570s
H79350 62712                    2685323.2733 1867645.42  30.4%  24.7 2570s
H79443 62873                    2685323.2180 1867645.42  30.4%  24.7 2576s
 79606 63032 2630726.69  297  149 2685323.22 1867645.42  30.4%  24.8 2584s
H79800 63104                    2684782.9293 1867645.42  30.4%  24.7 2591s
 79995 63236 2132329.55   56  244 2684782.93 1868160.37  30.4%  24.8 2598s
 80176 63388 2674153.35  125  170 2684782.93 1868441.82  30.4%  24.8 2605s
 80364 63554 2596385.15   50  267 2684782.93 1868980.14  30.4%  24.9 2612s
 80554 63681 2523306.56   92  193 2684782.93 1869002.83  30.4%  24.9 2618s
 80738 63830 2339302.16   60  193 2684782.93 1869570.47  30.4%  24.9 2626s
 80938 64009 2379983.36   48  261 2684782.93 1869647.49  30.4%  25.0 2632s
 81163 64192 2301096.67   32  239 2684782.93 1869834.48  30.4%  24.9 2638s
 81371 64378 2310924.64   55  229 2684782.93 1869864.76  30.4%  24.9 2645s
 81568 64591 2482421.57   53  166 2684782.93 1870030.39  30.3%  24.9 2652s
 81797 64765 2562305.08   89  165 2684782.93 1870030.39  30.3%  24.9 2660s
 82012 64914     cutoff  154      2684782.93 1870030.39  30.3%  24.9 2666s
 82196 65082 2616575.22  209  154 2684782.93 1870030.39  30.3%  24.9 2673s
 82396 65243 2648673.03  265  144 2684782.93 1870030.39  30.3%  24.8 2679s
 82577 65376 2664650.89  343  147 2684782.93 1870747.81  30.3%  24.8 2685s
 82786 65520 2239022.64   65  241 2684782.93 1870830.07  30.3%  24.9 2693s
 82970 65670     cutoff  109      2684782.93 1871193.23  30.3%  24.9 2700s
 83152 65820 2465221.82   72  203 2684782.93 1871669.11  30.3%  24.9 2707s
 83332 65964 2628070.60  148  169 2684782.93 1871669.11  30.3%  24.9 2715s
 83509 66115 2640660.17  189  163 2684782.93 1872112.77  30.3%  24.9 2722s
 83704 66303 2338749.51   68  208 2684782.93 1872243.45  30.3%  25.0 2729s
 83924 66503 2635869.02  126  159 2684782.93 1872243.45  30.3%  25.0 2733s
 84153 66652 2643793.99  207  156 2684782.93 1872243.45  30.3%  24.9 2740s
 84342 66773 2665098.80  232  160 2684782.93 1872568.88  30.3%  25.0 2747s
 84550 66930 1984088.86   35  327 2684782.93 1872905.15  30.2%  25.0 2754s
 84742 67067 2222359.58   63  217 2684782.93 1873255.62  30.2%  25.0 2761s
 84925 67211 2187401.23   36  238 2684782.93 1874117.05  30.2%  25.1 2768s
H85028 67206                    2684707.6054 1874117.05  30.2%  25.1 2768s
 85134 67346 2164228.71   43  274 2684707.61 1874247.15  30.2%  25.1 2776s
 85299 67496 infeasible   73      2684707.61 1874386.05  30.2%  25.1 2783s
 85487 67644 2489081.67   78  201 2684707.61 1874739.51  30.2%  25.2 2791s
 85692 67795 2024356.05   38  305 2684707.61 1875308.58  30.1%  25.2 2798s
H85772 67790                    2684649.2773 1875308.58  30.1%  25.2 2798s
 85861 67939 2647220.89  116  159 2684649.28 1875308.58  30.1%  25.2 2805s
 86021 68117 2657993.20  185  164 2684649.28 1875308.58  30.1%  25.2 2812s
 86203 68276 2658622.49  268  168 2684649.28 1875308.58  30.1%  25.2 2819s
 86365 68428 2661665.26  343  160 2684649.28 1875308.58  30.1%  25.1 2827s
 86528 68569 2667995.63  417  156 2684649.28 1875308.58  30.1%  25.1 2834s
 86680 68764 2668880.25  489  157 2684649.28 1875632.66  30.1%  25.0 2838s
 86895 68907 2464948.28   70  154 2684649.28 1875851.21  30.1%  25.0 2845s
H87073 68965                    2684004.1959 1875851.21  30.1%  25.0 2853s
 87258 69111 2646012.27  103  160 2684004.20 1876036.91  30.1%  25.0 2861s
 87446 69313 2323099.48   61  249 2684004.20 1876151.38  30.1%  25.0 2869s
 87683 69460 1984995.39   32  329 2684004.20 1876309.85  30.1%  25.0 2875s
 87869 69596 2363853.86   65  235 2684004.20 1876389.52  30.1%  25.0 2882s
 88068 69722 2312693.85   36  321 2684004.20 1876665.97  30.1%  25.0 2889s
 88249 69889 2027271.95   35  311 2684004.20 1876853.95  30.1%  25.1 2896s
 88436 70020 2551212.11   75  189 2684004.20 1876931.74  30.1%  25.2 2902s
 88636 70169 2509392.66   70  202 2684004.20 1877312.70  30.1%  25.2 2910s
 88826 70335     cutoff  105      2684004.20 1877335.45  30.1%  25.2 2918s
 89004 70476 2603797.20  167  150 2684004.20 1877335.45  30.1%  25.2 2927s
 89163 70643 2622402.64  223  145 2684004.20 1877335.45  30.1%  25.2 2936s
 89332 70787 2670351.37  275  143 2684004.20 1877607.33  30.0%  25.2 2944s
 89519 70936 2063990.60   53  258 2684004.20 1877607.33  30.0%  25.2 2951s
 89690 71082 2604151.00   96  177 2684004.20 1877607.33  30.0%  25.2 2960s
 89886 71247 2610345.67  162  153 2684004.20 1877607.33  30.0%  25.2 2968s
 90055 71407 2611969.09  229  150 2684004.20 1877607.33  30.0%  25.2 2977s
H90137 71378                    2683836.4034 1877607.33  30.0%  25.2 2977s
 90215 71545 2615515.81  292  147 2683836.40 1877607.33  30.0%  25.1 2986s
 90388 71690 2617726.87  351  144 2683836.40 1877681.63  30.0%  25.1 2994s
 90573 71847 2548818.63   79  226 2683836.40 1877921.47  30.0%  25.1 3000s
 90772 72015 2005823.77   38  303 2683836.40 1878038.14  30.0%  25.1 3008s
 90969 72179 2086939.45   37  300 2683836.40 1878038.14  30.0%  25.1 3014s
 91142 72334     cutoff  123      2683836.40 1878038.14  30.0%  25.1 3019s
 91315 72464 2651722.61  190  156 2683836.40 1878038.14  30.0%  25.0 3026s
 91499 72622 2654811.80  271  154 2683836.40 1878038.14  30.0%  25.0 3032s
 91690 72752 2657198.91  354  157 2683836.40 1878852.04  30.0%  25.0 3040s
 91869 72893 2405383.19   45  297 2683836.40 1879399.41  30.0%  25.1 3045s
 92070 73057 2119064.55   45  266 2683836.40 1879588.72  30.0%  25.1 3053s
 92257 73226 2609853.82  129  153 2683836.40 1879588.72  30.0%  25.2 3062s
H92344 73143                    2683454.4441 1879588.72  30.0%  25.1 3062s
 92454 73321 2634396.35  213  155 2683454.44 1879588.72  30.0%  25.1 3070s
 92634 73496 2638725.79  295  152 2683454.44 1879588.72  30.0%  25.1 3078s
H92811 73656                    2683454.4324 1879588.72  30.0%  25.1 3087s
 92975 73824 2650574.05  442  149 2683454.43 1879588.72  30.0%  25.0 3096s
 93165 73993 2653425.24  521  146 2683454.43 1879588.72  30.0%  25.0 3103s
 93346 74130 2666880.28  590  150 2683454.43 1879588.72  30.0%  25.0 3112s
 93553 74272 2672470.02  670  146 2683454.43 1879588.72  30.0%  24.9 3121s
 93754 74425 2679889.74  742  144 2683454.43 1879933.38  29.9%  24.9 3129s
 93951 74575 2269129.46   33  303 2683454.43 1880019.83  29.9%  24.9 3137s
H94138 74736                    2683347.6392 1880019.83  29.9%  24.9 3146s
 94326 74892 2373299.61   66  234 2683347.64 1880196.42  29.9%  24.9 3155s
 94517 75072 2575826.55  100  165 2683347.64 1880196.42  29.9%  24.9 3163s
 94754 75278     cutoff  186      2683347.64 1880196.42  29.9%  24.9 3172s
 94979 75451 2675911.05  267  144 2683347.64 1880294.52  29.9%  24.9 3180s
H95188 75587                    2683315.6788 1880294.52  29.9%  24.9 3187s
 95399 75752     cutoff   73      2683315.68 1880811.62  29.9%  25.0 3195s
 95598 75909 2280394.56   44  299 2683315.68 1881221.01  29.9%  25.0 3202s
 95824 76086 2024241.83   40  291 2683315.68 1881816.30  29.9%  25.1 3206s
H96037 76098                    2682811.9128 1881950.61  29.9%  25.1 3211s
 96203 76256 2349207.35   61  259 2682811.91 1882289.16  29.8%  25.1 3217s
 96423 76419     cutoff   62      2682811.91 1883022.64  29.8%  25.2 3225s
 96610 76583 2489845.15   94  174 2682811.91 1883022.64  29.8%  25.2 3233s
 96842 76789 2604065.94  145  151 2682811.91 1883022.64  29.8%  25.2 3240s
 97058 77028 2617035.54  252  151 2682811.91 1883022.64  29.8%  25.1 3247s
H97302 77204                    2682743.0726 1883022.64  29.8%  25.1 3254s
 97551 77377 2134902.90   38  311 2682743.07 1883462.25  29.8%  25.1 3261s
 97740 77530 infeasible   91      2682743.07 1883507.27  29.8%  25.0 3267s
 97915 77695 2262129.40   60  225 2682743.07 1883725.25  29.8%  25.0 3272s
 98101 77921 2308981.76   50  191 2682743.07 1883940.67  29.8%  25.0 3279s
H98338 78176                    2682743.0389 1883940.67  29.8%  25.0 3287s
 98615 78363 2666202.02  177  162 2682743.04 1883940.67  29.8%  25.0 3295s
 98872 78519 2669543.74  258  165 2682743.04 1883940.67  29.8%  24.9 3303s
 99051 78663 2674178.40  342  162 2682743.04 1884052.12  29.8%  24.9 3312s
 99233 78806 2550097.86   69  167 2682743.04 1884175.84  29.8%  24.9 3319s
 99402 78963 2497732.91   65  170 2682743.04 1884241.01  29.8%  24.9 3327s
 99579 79115 2570720.25   67  228 2682743.04 1884554.11  29.8%  24.9 3333s
 99758 79271 2254832.06   57  235 2682743.04 1884887.62  29.7%  24.9 3340s
 99940 79427 2379825.54   53  195 2682743.04 1884967.03  29.7%  24.9 3348s
 100116 79599 2059691.44   48  282 2682743.04 1884967.03  29.7%  24.9 3355s
 100288 79765 2569478.83   99  165 2682743.04 1884967.03  29.7%  24.9 3361s
 100454 79925 2586608.16  134  152 2682743.04 1884967.03  29.7%  24.8 3370s
H100622 79996                    2682586.9098 1884967.03  29.7%  24.8 3378s
 100791 80169 2611131.71  255  141 2682586.91 1884967.03  29.7%  24.8 3385s
 100964 80329 2611919.65  304  135 2682586.91 1884967.03  29.7%  24.8 3394s
 101132 80498 2637966.14  339  142 2682586.91 1884967.03  29.7%  24.8 3403s
 101303 80657 2643687.54  357  140 2682586.91 1884967.03  29.7%  24.7 3412s
 101474 80827 2652073.52  384  134 2682586.91 1884967.03  29.7%  24.7 3421s
 101648 80962 2656386.37  400  133 2682586.91 1885023.80  29.7%  24.6 3429s
 101817 81124 2296869.31   38  267 2682586.91 1885214.31  29.7%  24.6 3438s
 102003 81238 2617798.57  100  165 2682586.91 1885214.31  29.7%  24.6 3446s
H102143 81232                    2682553.8390 1885214.31  29.7%  24.6 3446s
 102186 81441 2667005.01  169  151 2682553.84 1885214.31  29.7%  24.6 3452s
 102434 81670 2672550.13  303  150 2682553.84 1885214.31  29.7%  24.6 3458s
 102690 81828 2672550.13  458  150 2682553.84 1885688.66  29.7%  24.6 3465s
 102892 81989 2646570.18  107  163 2682553.84 1886025.59  29.7%  24.6 3472s
 103086 82145 2671031.48  184  163 2682553.84 1886025.59  29.7%  24.6 3477s
H103259 82291                    2682535.2024 1886025.59  29.7%  24.6 3485s
 103453 82452 2678798.16  340  160 2682535.20 1886298.13  29.7%  24.6 3493s
 103681 82592     cutoff   82      2682535.20 1886965.89  29.7%  24.7 3502s
 103845 82746 2659687.31   97  176 2682535.20 1887126.60  29.7%  24.7 3508s
 104038 82920 2056301.60   53  264 2682535.20 1887126.60  29.7%  24.7 3516s
 104220 83063 2655903.05  101  166 2682535.20 1887126.60  29.7%  24.6 3525s
 104407 83207 2674269.15  148  168 2682535.20 1887432.00  29.6%  24.6 3532s
 104627 83364 2575884.78  105  170 2682535.20 1887787.80  29.6%  24.6 3538s
 104834 83545 2583236.82  189  164 2682535.20 1887787.80  29.6%  24.6 3546s
 105027 83699 2593588.10  276  154 2682535.20 1887787.80  29.6%  24.6 3553s
 105194 83868 2595240.58  355  153 2682535.20 1887787.80  29.6%  24.6 3560s
 105373 84042 2603225.06  440  156 2682535.20 1887787.80  29.6%  24.6 3569s
 105547 84214 2603225.06  527  156 2682535.20 1887787.80  29.6%  24.5 3578s
 105723 84372 2611681.30  613  154 2682535.20 1887787.80  29.6%  24.5 3585s
 105911 84487 2653403.41  699  156 2682535.20 1887787.80  29.6%  24.5 3593s
 106121 84587     cutoff  754      2682535.20 1889230.61  29.6%  24.4 3600s

Cutting planes:
  Gomory: 39
  Implied bound: 78
  MIR: 149
  StrongCG: 1
  Flow cover: 283
  RLT: 72
  Relax-and-lift: 2

Explored 106321 nodes (2600610 simplex iterations) in 3600.12 seconds (1494.89 work units)
Thread count was 2 (of 24 available processors)

Solution count 10: 2.68254e+06 2.68255e+06 2.68259e+06 ... 2.68384e+06

Time limit reached
Best objective 2.682535202350e+06, best bound 1.889387389792e+06, gap 29.5671%
