
Gurobi 11.0.3 (linux64, Java) logging started qua 04 dez 2024 23:40:48 -03

Set parameter Username
Academic license - for non-commercial use only - expires 2025-10-10
Set parameter NonConvex to value 2
Set parameter TimeLimit to value 3600
Set parameter LogToConsole to value 0
Set parameter MIPGap to value 1.1439385627166870e-07
Set parameter Threads to value 2
Set parameter NodefileDir to value "/home/ps12398/experiment_hosp/goalProgrammingMarcos/"
Set parameter NodefileStart to value 1
Gurobi Optimizer version 11.0.3 build v11.0.3rc0 (linux64)

CPU model: Intel(R) Xeon(R) CPU           X5650  @ 2.67GHz, instruction set [SSE2]
Thread count: 12 physical cores, 24 logical processors, using up to 2 threads

Optimize a model with 59756 rows, 40194 columns and 172116 nonzeros
Model fingerprint: 0x702e6a51
Model has 146 quadratic constraints
Variable types: 20028 continuous, 20166 integer (141 binary)
Coefficient statistics:
  Matrix range     [7e-03, 2e+06]
  QMatrix range    [7e-03, 5e+04]
  QLMatrix range   [1e+00, 5e+04]
  Objective range  [1e+00, 2e+07]
  Bounds range     [1e+00, 1e+08]
  RHS range        [1e+00, 2e+06]
  QRHS range       [1e-01, 1e-01]
Presolve removed 59124 rows and 39388 columns
Presolve time: 0.13s
Presolved: 1708 rows, 1133 columns, 37570 nonzeros
Presolved model has 2 SOS constraint(s)
Presolved model has 141 bilinear constraint(s)

Solving non-convex MIQCP

Variable types: 520 continuous, 613 integer (143 binary)
Found heuristic solution: objective 7355451.6259

Root relaxation: objective 0.000000e+00, 205 iterations, 0.01 seconds (0.00 work units)

    Nodes    |    Current Node    |     Objective Bounds      |     Work
 Expl Unexpl |  Obj  Depth IntInf | Incumbent    BestBd   Gap | It/Node Time

     0     0    0.00000    0  167 7355451.63    0.00000   100%     -    0s
H    0     0                    5599244.6067    0.00000   100%     -    0s
     0     0    0.00000    0  249 5599244.61    0.00000   100%     -    0s
     0     0    0.00000    0  247 5599244.61    0.00000   100%     -    0s
     0     0    0.00000    0  217 5599244.61    0.00000   100%     -    0s
     0     0    0.00000    0  228 5599244.61    0.00000   100%     -    0s
     0     0    0.00000    0  213 5599244.61    0.00000   100%     -    1s
     0     0    0.00000    0  211 5599244.61    0.00000   100%     -    1s
     0     2    0.00000    0  207 5599244.61    0.00000   100%     -    1s
  1726  1893 717762.986  989  146 5599244.61    0.00000   100%   9.1    5s
H 1944  2034                    1289842.0264    0.00000   100%   8.2    5s
H 2452  2481                    1227867.8483    0.00000   100%   6.7    6s
H 2480  2918                    1067263.8584    0.00000   100%   6.6    6s
H 2917  3189                    1067255.9396    0.00000   100%   5.8    6s
H 3156  3189                    1063218.0083    0.00000   100%   5.4    6s
H 3188  3517                    914259.40750    0.00000   100%   5.4    7s
H 3516  3551                    902295.74388    0.00000   100%   5.0    8s
H 3517  3550                    842930.45751    0.00000   100%   5.0    8s
  3762  3760 717820.932 1416  139 842930.458    0.00000   100%   4.8   10s
  3773  3771    0.00000   11  227 842930.458    0.00000   100%   6.7   15s
  3796  3793    0.00000   16  260 842930.458    0.00000   100%   7.1   21s
H 3799  3603                    829570.83071    0.00000   100%   7.2   21s
  3830  3715    0.00000   22  260 829570.831    0.00000   100%   7.8   31s
  3927  3829 29867.4174   38  249 829570.831    0.00000   100%   9.4   41s
  4074  3915 470768.730   78  203 829570.831    0.00000   100%   9.8   51s
  4209  3987 527532.173  110  188 829570.831    0.00000   100%  10.0   60s
H 4326  3914                    829535.35629    0.00000   100%   9.9   69s
H 4471  3809                    821560.84036    0.00000   100%  10.2   78s
H 4584  3716                    788152.41230    0.00000   100%  10.1   88s
  4691  3825 645036.369  224  152 788152.412    0.00000   100%  10.0   98s
  4835  3931 647041.025  255  151 788152.412    0.00000   100%  10.1  106s
H 4989  3886                    783222.14502    0.00000   100%  10.2  115s
H 5060  3717                    781827.64395    0.00000   100%  10.1  115s
H 5149  3719                    713177.08120    0.00000   100%  10.2  125s
H 5326  3638                    713174.93577    0.00000   100%  10.3  136s
H 5406  3486                    712292.23797    0.00000   100%  10.2  136s
H 5459  3507                    699448.67143    0.00000   100%  11.0  148s
H 5619  3533                    699336.99419    0.00000   100%  11.2  160s
H 5714  3395                    698924.57910    0.00000   100%  11.0  160s
  5812  3607 645452.290  495  154 698924.579    0.00000   100%  11.0  172s
H 6057  2325                    622080.50475    0.00000   100%  10.7  184s
  6258  2441    0.00000   33  243 622080.505    0.00000   100%  11.2  197s
H 6327  2321                    622077.58192    0.00000   100%  11.6  197s
  6447  2480 278230.596   68  198 622077.582    0.00000   100%  11.5  210s
H 6529  2107                    514496.22532    0.00000   100%  11.7  210s
  6648  2071 443934.357  109  171 514496.225    0.00000   100%  11.7  224s
H 6749  1938                    503297.06685    0.00000   100%  12.2  241s
H 6811  1760                    486185.70658    0.00000   100%  12.1  241s
H 6855  1638                    466374.05992    0.00000   100%  12.2  258s
  6948  1694 450875.524  199  161 466374.060    0.00000   100%  12.2  275s
  7071  1703 451680.673  226  148 466374.060    0.00000   100%  12.7  291s
  7213  1713 infeasible  266      466374.060    0.00000   100%  13.1  307s
H 7214  1498                    458628.99479    0.00000   100%  13.1  307s
H 7288  1320                    455713.97388    0.00000   100%  13.4  307s
  7346  1377     cutoff  304      455713.974    0.00000   100%  13.9  326s
H 7471  1366                    455585.72937    0.00000   100%  14.3  345s
H 7523   998                    435975.37228    0.00000   100%  14.3  345s
  7570  1093 287282.382   66  211 435975.372    0.00000   100%  14.5  365s
  7700  1212 172266.100   48  231 435975.372    0.00000   100%  15.0  388s
H 7775  1191                    427022.22215    0.00000   100%  15.1  388s
  7850  1299 242193.434   52  220 427022.222    0.00000   100%  15.3  411s
H 7985  1388                    426905.63133    0.00000   100%  15.5  429s
  8115  1477    0.00000   42  240 426905.631    0.00000   100%  15.9  446s
H 8176  1477                    426850.59636    0.00000   100%  16.0  446s
  8235  1569 200013.436   50  228 426850.596    0.00000   100%  16.2  473s
H 8297  1569                    426671.32521    0.00000   100%  16.5  473s
H 8352  1704                    426323.72111    0.00000   100%  16.7  495s
H 8416  1704                    425775.51209    0.00000   100%  17.0  495s
  8513  1788    0.00000   31  252 425775.512    0.00000   100%  17.9  520s
  8618  1882 269246.895   50  239 425775.512    0.00000   100%  18.4  538s
  8747  1984     cutoff   72      425775.512    0.00000   100%  18.9  562s
H 8907  2104                    425492.38972    0.00000   100%  19.2  592s
H 9064  2209                    425285.39306    0.00000   100%  19.7  614s
  9187  2338 261366.030   53  230 425285.393    0.00000   100%  20.2  641s
H 9390  2440                    425186.80439    0.00000   100%  20.5  666s
H 9530  2554                    424589.64429    0.00000   100%  20.7  698s
  9681  2661 399172.284   55  226 424589.644    0.00000   100%  21.0  732s
  9825  2755 360004.742   55  219 424589.644    0.00000   100%  21.3  766s
H 9950  2870                    424489.49299    0.00000   100%  21.4  800s
H10127  3034                    424232.97139    0.00000   100%  21.7  835s
H10348  3169                    424219.64582    0.00000   100%  21.9  865s
 10563  3319     cutoff   61      424219.646    0.00000   100%  22.1  900s
 10755  3465 319754.159   65  207 424219.646    0.00000   100%  22.3  932s
H10967  3563                    424208.66807    0.00000   100%  22.7  961s
H11084  3677                    422678.07937    0.00000   100%  23.1  985s
H11251  3785                    421990.09675    0.00000   100%  23.6 1021s
H11317  3771                    421226.96107    0.00000   100%  23.6 1021s
 11379  3889 381668.029   80  207 421226.961    0.00000   100%  23.9 1052s
 11541  4020 122775.586   48  235 421226.961    0.00000   100%  24.3 1089s
H11617  4014                    420815.45105    0.00000   100%  24.5 1089s
 11706  4155 351237.529   66  210 420815.451    0.00000   100%  24.7 1129s
H11868  4281                    420515.13316    0.00000   100%  25.4 1171s
 12028  4406 45783.9389   41  232 420515.133    0.00000   100%  25.6 1204s
 12212  4519     cutoff   56      420515.133    0.00000   100%  25.6 1239s
 12392  4629 408097.503   62  221 420515.133    0.00000   100%  26.0 1279s
H12465  4629                    420460.28631    0.00000   100%  26.1 1279s
 12531  4751 115942.462   50  209 420460.286    0.00000   100%  26.2 1313s
H12602  4751                    420459.81521    0.00000   100%  26.2 1313s
 12711  4908 376670.915   74  209 420459.815    0.00000   100%  26.3 1351s
H12902  5008                    420455.32874    0.00000   100%  26.4 1387s
H13055  5164                    420393.10809    0.00000   100%  26.5 1413s
 13270  5336    0.00000   31  251 420393.108    0.00000   100%  26.9 1448s
 13478  5467 365160.510   68  211 420393.108    0.00000   100%  27.1 1495s
H13560  5467                    420281.90043    0.00000   100%  27.2 1495s
 13704  5601 56682.3845   41  243 420281.900    0.00000   100%  27.3 1521s
 13879  5738 247920.539   53  223 420281.900    0.00000   100%  27.2 1546s
H13966  5738                    420161.33716    0.00000   100%  27.2 1546s
 14059  5894 349480.621   60  211 420161.337    0.00000   100%  27.2 1580s
 14337  6032 417684.076   60  213 420161.337    0.00000   100%  27.5 1616s
H14509  6186                    419594.47043    0.00000   100%  27.4 1648s
H14795  6346                    419511.02923    0.00000   100%  27.5 1687s
H14995  6482                    419195.16772    0.00000   100%  27.5 1725s
H15191  6613                    418673.34457    0.00000   100%  27.5 1762s
 15384  6728 169780.643   48  216 418673.345    0.00000   100%  27.6 1799s
 15532  6876 183506.825   58  225 418673.345    0.00000   100%  27.7 1842s
H15725  7042                    418669.23432    0.00000   100%  27.9 1883s
H15945  7180                    418639.93610    0.00000   100%  28.0 1926s
H16039  7180                    418629.96774    0.00000   100%  28.1 1926s
 16122  7364     cutoff   70      418629.968    0.00000   100%  28.2 1967s
H16262  7364                    418624.68125    0.00000   100%  28.4 1967s
 16396  7491    0.00000   34  231 418624.681    0.00000   100%  28.6 2008s
 16523  7667 306650.648   74  201 418624.681    0.00000   100%  28.8 2048s
 16747  7921 386599.557  159  139 418624.681    0.00000   100%  28.8 2082s
H17018  8215                    418581.50660    0.00000   100%  28.7 2123s
 17334  8492 387374.704  450  124 418581.507    0.00000   100%  28.4 2159s
 17641  8768 387374.704  574  125 418581.507    0.00000   100%  28.2 2192s
 17952  9028 387374.704  699  123 418581.507    0.00000   100%  28.0 2229s
 18232  9316 387374.704  828  125 418581.507    0.00000   100%  28.0 2262s
 18548  9578 387374.704  943  123 418581.507    0.00000   100%  27.8 2296s
H18818  9859                    418574.25087    0.00000   100%  27.8 2341s
 19144 10123 387374.704 1193  123 418574.251    0.00000   100%  27.8 2385s
H19328 10123                    418515.16675    0.00000   100%  27.6 2385s
 19464 10366 387374.704 1316  125 418515.167    0.00000   100%  27.8 2421s
 19739 10638 387374.704 1438  125 418515.167    0.00000   100%  27.7 2460s
 20038 10938 387374.704 1568  125 418515.167    0.00000   100%  27.6 2497s
 20376 11197 387374.704 1714  125 418515.167    0.00000   100%  27.4 2539s
H20571 11197                    418514.26988    0.00000   100%  27.2 2539s
 20661 11478 387374.704 1844  125 418514.270    0.00000   100%  27.3 2576s
H20974 11755                    418507.26365    0.00000   100%  27.1 2622s
 21267 12045 387374.704 2123  123 418507.264    0.00000   100%  27.1 2654s
 21582 12359 387374.704 2210  123 418507.264    0.00000   100%  27.1 2686s
 21940 12560 387374.704 2345  123 418507.264    0.00000   100%  27.3 2724s
 22256 12687 260357.501   57  217 418507.264    0.00000   100%  27.7 2772s
 22495 12824 75982.0947   49  232 418507.264    0.00000   100%  27.9 2813s
H22604 12820                    418486.63500    0.00000   100%  27.9 2813s
 22666 12988 50712.5755   43  245 418486.635    0.00000   100%  27.9 2849s
H22768 12988                    418477.46414    0.00000   100%  27.9 2849s
 22902 13163 348320.337   63  214 418477.464    0.00000   100%  27.9 2890s
 23121 13294     cutoff   62      418477.464    0.00000   100%  28.2 2924s
 23315 13504    0.00000   21  236 418477.464    0.00000   100%  28.4 2966s
H23457 13500                    418410.95807    0.00000   100%  28.6 2966s
 23542 13769 346377.383   92  182 418410.958    0.00000   100%  28.7 3008s
 23881 13978 377837.769  197  153 418410.958    0.00000   100%  28.5 3048s
H24037 13976                    418375.96158    0.00000   100%  28.5 3048s
 24143 14154    0.00000   32  246 418375.962    0.00000   100%  28.4 3087s
 24331 14295    0.00000   42  246 418375.962    0.00000   100%  28.4 3118s
 24516 14457 284938.690   60  212 418375.962    0.00000   100%  28.6 3154s
 24730 14619 220968.527   54  226 418375.962    0.00000   100%  28.8 3206s
H24827 14619                    418373.93600    0.00000   100%  29.0 3206s
 24924 14782 243007.782   54  215 418373.936    0.00000   100%  29.0 3244s
 25110 14930    0.00000   33  244 418373.936    0.00000   100%  29.2 3288s
 25309 15084 27699.4361   41  247 418373.936    0.00000   100%  29.4 3331s
H25399 15080                    418314.39472    0.00000   100%  29.4 3331s
 25498 15261 236610.067   56  211 418314.395    0.00000   100%  29.5 3372s
H25763 15362                    418250.05027    0.00000   100%  29.7 3405s
H25884 15527                    418241.39616    0.00000   100%  29.7 3445s
H26087 15705                    418229.18845    0.00000   100%  29.9 3488s
H26176 10806                    370595.52708    0.00000   100%  30.0 3488s
 26315 10955 infeasible   84      370595.527    0.00000   100%  30.1 3535s
H26317 10951                    370372.51153    0.00000   100%  30.1 3535s
H26460 10949                    370264.14004    0.00000   100%  30.4 3535s
 26553 11148 328889.165   94  172 370264.140    0.00000   100%  30.5 3576s
H26710 11043                    368334.32241    0.00000   100%  30.4 3576s
 26809 11126 332696.800  187  160 368334.322    0.00000   100%  30.5 3600s

Cutting planes:
  Gomory: 2
  Implied bound: 43
  MIR: 50
  Flow cover: 5
  RLT: 3

Explored 26901 nodes (823274 simplex iterations) in 3600.04 seconds (1785.05 work units)
Thread count was 2 (of 24 available processors)

Solution count 10: 368334 370264 370373 ... 418376

Time limit reached
Best objective 3.683343224067e+05, best bound 0.000000000000e+00, gap 100.0000%
