
Gurobi 11.0.3 (linux64, Java) logging started qua 04 dez 2024 06:13:34 -03

Set parameter Username
Academic license - for non-commercial use only - expires 2025-10-10
Set parameter NonConvex to value 2
Set parameter TimeLimit to value 3600
Set parameter LogToConsole to value 0
Set parameter MIPGap to value 1.1439385627166870e-07
Set parameter Threads to value 2
Set parameter NodefileDir to value "/home/ps12398/experiment_hosp/goalProgrammingMarcos/"
Set parameter NodefileStart to value 1
Gurobi Optimizer version 11.0.3 build v11.0.3rc0 (linux64)

CPU model: Intel(R) Xeon(R) CPU           X5650  @ 2.67GHz, instruction set [SSE2]
Thread count: 12 physical cores, 24 logical processors, using up to 2 threads

Optimize a model with 59756 rows, 40194 columns and 172116 nonzeros
Model fingerprint: 0x67eca69e
Model has 146 quadratic constraints
Variable types: 20028 continuous, 20166 integer (141 binary)
Coefficient statistics:
  Matrix range     [7e-03, 2e+06]
  QMatrix range    [7e-03, 5e+04]
  QLMatrix range   [1e+00, 5e+04]
  Objective range  [1e+00, 2e+07]
  Bounds range     [1e+00, 1e+08]
  RHS range        [1e+00, 1e+06]
  QRHS range       [1e-01, 1e-01]
Presolve removed 59124 rows and 39388 columns
Presolve time: 0.11s
Presolved: 1708 rows, 1133 columns, 37570 nonzeros
Presolved model has 2 SOS constraint(s)
Presolved model has 141 bilinear constraint(s)

Solving non-convex MIQCP

Variable types: 520 continuous, 613 integer (143 binary)
Found heuristic solution: objective 8001870.3288

Root relaxation: objective 0.000000e+00, 237 iterations, 0.01 seconds (0.00 work units)

    Nodes    |    Current Node    |     Objective Bounds      |     Work
 Expl Unexpl |  Obj  Depth IntInf | Incumbent    BestBd   Gap | It/Node Time

     0     0    0.00000    0  187 8001870.33    0.00000   100%     -    0s
H    0     0                    7281877.2438    0.00000   100%     -    0s
     0     0    0.00000    0  159 7281877.24    0.00000   100%     -    0s
     0     0    0.00000    0  157 7281877.24    0.00000   100%     -    0s
     0     0    0.00000    0  160 7281877.24    0.00000   100%     -    0s
     0     0    0.00000    0  208 7281877.24    0.00000   100%     -    0s
     0     0    0.00000    0  221 7281877.24    0.00000   100%     -    0s
     0     0    0.00000    0  218 7281877.24    0.00000   100%     -    1s
H    0     0                    6094044.7421    0.00000   100%     -    1s
     0     2    0.00000    0  211 6094044.74    0.00000   100%     -    1s
H  543   853                    1277421.0636    0.00000   100%  28.2    3s
H  852  1130                    1210232.1149    0.00000   100%  19.7    4s
H 1129  1396                    1183119.3400    0.00000   100%  15.5    4s
H 1168  1396                    1163385.7286    0.00000   100%  15.0    4s
  1684  1933 730163.588  672  133 1163385.73    0.00000   100%  10.9    5s
H 1944  2126                    1152470.3240    0.00000   100%   9.6    5s
H 2025  1363                    915985.66085    0.00000   100%   9.3    5s
H 2164  1409                    907755.54676    0.00000   100%   8.9    6s
H 2269  1294                    869591.54501    0.00000   100%   8.6    6s
H 2812  1973                    866824.52389    0.00000   100%   7.4    7s
H 2983  2061                    865500.07722    0.00000   100%   7.1    7s
H 3076  2059                    857898.24034    0.00000   100%   7.0    7s
H 3102  2270                    846620.38489    0.00000   100%   6.9    7s
H 3612  2603                    837205.66537    0.00000   100%   6.6    8s
  3651  2607 667148.416  179  100 837205.665    0.00000   100%   6.8   10s
H 3654  2478                    828017.73628    0.00000   100%   6.8   10s
H 3692  2385                    828016.84450    0.00000   100%   9.4   13s
  3713  2438    0.00000   29  245 828016.845    0.00000   100%  10.3   15s
  3857  2611 227686.296   71  223 828016.845    0.00000   100%  13.1   23s
H 3918  2472                    826172.16376    0.00000   100%  13.2   23s
  3978  2550 434687.867  102  193 826172.164    0.00000   100%  13.4   26s
H 4030  2421                    806550.32856    0.00000   100%  13.4   26s
H 4189  2502                    800635.22372    0.00000   100%  14.0   33s
H 4342  2477                    758104.51477    0.00000   100%  14.2   38s
  4496  2566 695203.280  238  167 758104.515    0.00000   100%  14.2   42s
H 4638  2575                    758095.40025    0.00000   100%  15.1   45s
  4795  2718 697122.954  321  151 758095.400    0.00000   100%  15.1   50s
H 4895  2593                    746575.26011    0.00000   100%  14.8   50s
  4996  2745 697653.207  371  151 746575.260    0.00000   100%  14.7   56s
  5182  2892 703727.051  418  151 746575.260    0.00000   100%  14.2   62s
  5391  3017 701381.081  468  149 746575.260    0.00000   100%  13.8   67s
  5594  3126 700273.285  516  145 746575.260    0.00000   100%  13.4   72s
  5825  3155     cutoff  558      746575.260    0.00000   100%  13.2   77s
H 5829  3056                    738246.76927    0.00000   100%  13.2   77s
  5999  3164 113052.862   59  227 738246.769    0.00000   100%  14.3   82s
  6179  3258    0.00000   32  242 738246.769    0.00000   100%  15.3   88s
  6361  3350 482257.446   73  207 738246.769    0.00000   100%  16.2   93s
H 6466  3224                    728349.34758    0.00000   100%  16.7   93s
  6549  3397 98590.0881   50  237 728349.348    0.00000   100%  17.2   98s
  6752  3542 601963.351  104  177 728349.348    0.00000   100%  17.1  105s
  6965  3711 604184.415  200  162 728349.348    0.00000   100%  16.7  114s
  7205  3880 604716.474  304  160 728349.348    0.00000   100%  16.3  122s
  7455  4076 608794.058  420  156 728349.348    0.00000   100%  15.9  131s
H 7735  4158                    726880.31810    0.00000   100%  15.4  138s
  8000  4348 608878.776  696  156 726880.318    0.00000   100%  15.0  147s
  8278  4602 610267.283  836  152 726880.318    0.00000   100%  14.6  156s
  8570  4933 612989.074  939  149 726880.318    0.00000   100%  14.2  164s
H 8901  5208                    721367.94877    0.00000   100%  13.8  172s
  9206  5467 631981.525 1105  141 721367.949    0.00000   100%  13.5  180s
  9537  5744 636467.686 1222  129 721367.949    0.00000   100%  13.7  188s
  9814  6003 637930.781 1375  130 721367.949    0.00000   100%  13.7  195s
H10138  6295                    719222.87035    0.00000   100%  13.7  204s
 10453  6473 648318.629 1600  127 719222.870    0.00000   100%  13.5  211s
 10713  6694 25148.6005   41  247 719222.870    0.00000   100%  14.1  219s
 10984  6972    0.00000   30  242 719222.870    0.00000   100%  14.5  225s
 11307  7182    0.00000   44  246 719222.870    0.00000   100%  15.2  231s
H11457  5919                    685381.51282    0.00000   100%  15.4  231s
H11554  5967                    684401.69369    0.00000   100%  15.4  236s
 11662  6110    0.00000   45  229 684401.694    0.00000   100%  15.9  243s
H11828  6100                    676359.56263    0.00000   100%  16.4  248s
 12028  6390 554554.802  141  170 676359.563    0.00000   100%  16.2  255s
H12334  6531                    663613.56035    0.00000   100%  15.9  266s
 12619  6726     cutoff  438      663613.560    0.00000   100%  15.8  274s
H12626  5361                    629840.47967    0.00000   100%  15.8  274s
 12905  5543 420674.454   61  218 629840.480    0.00000   100%  16.6  282s
H13036  5446                    624000.88454    0.00000   100%  16.8  282s
 13168  5572 220565.154   64  214 624000.885    0.00000   100%  17.1  290s
 13312  5822 262754.629   67  213 624000.885    0.00000   100%  17.3  300s
 13571  6078 597319.257  135  161 624000.885    0.00000   100%  17.1  308s
 13866  6317    0.00000   62  212 624000.885    0.00000   100%  17.1  315s
H13967  6317                    623894.46065    0.00000   100%  17.5  315s
 14122  6596    0.00000   61  210 623894.461    0.00000   100%  17.4  324s
 14419  6807 143962.327   59  227 623894.461    0.00000   100%  17.7  331s
H14661  6943                    619863.28302    0.00000   100%  17.6  339s
 14919  7203 398834.840   78  197 619863.283    0.00000   100%  17.5  347s
H15041  5893                    592191.69928    0.00000   100%  17.8  347s
 15225  6051 107016.831   60  225 592191.699    0.00000   100%  17.6  354s
H15444  6221                    592091.95606    0.00000   100%  17.8  361s
 15676  6364 183607.498   65  217 592091.956    0.00000   100%  18.0  369s
H15862  6447                    589592.60935    0.00000   100%  18.3  374s
 15988  6656 452282.298   91  187 589592.609    0.00000   100%  18.5  383s
H16273  6851                    589592.60565    0.00000   100%  18.6  392s
 16536  7019    0.00000   51  207 589592.606    0.00000   100%  18.8  399s
 16729  7210 151992.983   71  207 589592.606    0.00000   100%  19.1  408s
 16957  7404     cutoff   94      589592.606    0.00000   100%  19.1  416s
H16958  7202                    578953.19253    0.00000   100%  19.1  416s
H17184  7084                    567475.12536    0.00000   100%  19.1  426s
 17444  7311 533628.520  103  170 567475.125    0.00000   100%  19.0  434s
H17626  7306                    567368.70148    0.00000   100%  18.9  434s
 17703  7484 308644.267   79  200 567368.701    0.00000   100%  18.8  440s
 17931  7681    0.00000   57  212 567368.701    0.00000   100%  18.8  447s
 18166  7907 526983.366   80  194 567368.701    0.00000   100%  18.9  456s
 18437  8097 386098.456   85  198 567368.701    0.00000   100%  19.0  463s
 18669  8241    0.00000   57  221 567368.701    0.00000   100%  19.0  470s
 18815  8346 460195.603  104  164 567368.701    0.00000   100%  18.9  475s
 18920  8459 460660.545  137  162 567368.701    0.00000   100%  18.8  482s
 19033  8575 460660.545  179  162 567368.701    0.00000   100%  18.7  487s
 19149  8692 460660.545  222  162 567368.701    0.00000   100%  18.6  493s
 19266  8830 460660.545  266  162 567368.701    0.00000   100%  18.5  501s
H19326  8829                    567047.67766    0.00000   100%  18.5  501s
 19404  8972 476783.605  299  160 567047.678    0.00000   100%  18.4  508s
 19563  9098 489554.946  337  152 567047.678    0.00000   100%  18.3  514s
H19684  9098                    567047.67761    0.00000   100%  18.2  514s
H19695  9260                    566693.10861    0.00000   100%  18.2  519s
 19861  9404 519063.131  468  135 566693.109    0.00000   100%  18.0  525s
H20005  9566                    566590.74955    0.00000   100%  17.9  533s
H20072  9566                    566389.27986    0.00000   100%  17.8  533s
 20170  9745 519233.446  594  135 566389.280    0.00000   100%  17.8  543s
 20349  9876 527961.010  660  133 566389.280    0.00000   100%  17.6  552s
H20449  9866                    566192.91576    0.00000   100%  17.6  552s
 20557 10115 529239.898  683  138 566192.916    0.00000   100%  17.5  560s
 20868 10298 infeasible   97      566192.916    0.00000   100%  17.6  566s
 21082 10459 462749.836  104  168 566192.916    0.00000   100%  17.6  572s
 21243 10636 463550.819  156  162 566192.916    0.00000   100%  17.5  580s
 21449 10894     cutoff  229      566192.916    0.00000   100%  17.5  589s
H21636 10894                    566192.91570    0.00000   100%  17.6  589s
 21749 11180 510169.527  107  169 566192.916    0.00000   100%  17.5  599s
H21989 11020                    558952.98101    0.00000   100%  17.5  599s
 22117 11194 523523.096   84  191 558952.981    0.00000   100%  17.6  608s
H22449 11325                    555582.89119    0.00000   100%  17.8  617s
 22707 11609 531321.838  126  169 555582.891    0.00000   100%  17.8  626s
 23026 11825     cutoff   81      555582.891    0.00000   100%  17.7  635s
 23314 12079 463961.019   91  182 555582.891    0.00000   100%  17.8  644s
 23627 12288 404369.545   89  184 555582.891    0.00000   100%  17.9  653s
H23820 12280                    555410.37347    0.00000   100%  18.0  653s
 23963 12494 212304.101   74  205 555410.373    0.00000   100%  18.2  660s
 24249 12695 infeasible   90      555410.373    0.00000   100%  18.3  668s
H24250 12689                    554935.94005    0.00000   100%  18.3  669s
 24561 12874    0.00000   63  222 554935.940    0.00000   100%  18.6  678s
 24849 13078 190110.008   74  202 554935.940    0.00000   100%  18.7  685s
 25150 13358 72576.0057   62  213 554935.940    0.00000   100%  18.8  693s
 25553 13625 311343.491   69  208 554935.940    0.00000   100%  18.9  702s
 25918 13803 532986.404   96  171 554935.940    0.00000   100%  19.0  711s
 26173 14017 31235.0541   58  216 554935.940    0.00000   100%  19.1  720s
 26454 14180 270472.509   69  209 554935.940    0.00000   100%  19.2  730s
 26688 14317 354077.282   78  198 554935.940    0.00000   100%  19.2  738s
 26882 14528 31292.9319   56  216 554935.940    0.00000   100%  19.4  749s
 27143 14803 518366.821  102  171 554935.940    0.00000   100%  19.5  758s
H27544 15064                    554935.92860    0.00000   100%  19.6  769s
H27718 15062                    554759.05938    0.00000   100%  19.7  769s
 27912 15324 90819.5677   63  216 554759.059    0.00000   100%  19.9  778s
 28297 15579 338574.350   64  216 554759.059    0.00000   100%  19.9  788s
H28484 15579                    554757.24535    0.00000   100%  19.9  788s
H28629 15777                    552488.68308    0.00000   100%  20.0  799s
 29005 16031 14774.0795   57  227 552488.683    0.00000   100%  20.2  807s
 29336 16244    0.00000   51  227 552488.683    0.00000   100%  20.4  817s
H29658 16513                    552382.25919    0.00000   100%  20.6  827s
 30051 16677 446421.779  102  183 552382.259    0.00000   100%  20.7  834s
 30277 16897    0.00000   52  204 552382.259    0.00000   100%  20.8  844s
 30546 17163 310629.074   66  198 552382.259    0.00000   100%  21.1  854s
H30919 17370                    552301.86607    0.00000   100%  21.2  865s
 31185 17549 543683.811  121  170 552301.866    0.00000   100%  21.3  872s
 31468 17739    0.00000   64  207 552301.866    0.00000   100%  21.3  880s
 31716 17904 454589.640   88  190 552301.866    0.00000   100%  21.4  889s
 31915 18103 519142.371  117  164 552301.866    0.00000   100%  21.4  901s
 32138 18163 269488.759   71  205 552301.866    0.00000   100%  21.3  909s
H32142 18162                    552221.39155    0.00000   100%  21.3  909s
 32200 18215 477893.739   91  175 552221.392    0.00000   100%  21.3  916s
 32281 18279 478204.441  109  169 552221.392    0.00000   100%  21.3  923s
 32346 18367 480217.926  121  164 552221.392    0.00000   100%  21.3  930s
H32440 18464                    552221.33769    0.00000   100%  21.2  936s
H32478 18451                    551824.26985    0.00000   100%  21.2  936s
 32545 18516 488487.312  154  156 551824.270    0.00000   100%  21.2  944s
 32651 18634 490583.039  178  156 551824.270    0.00000   100%  21.2  951s
 32861 18721 490583.039  204  156 551824.270    0.00000   100%  21.2  958s
 32981 18802 493889.087  222  158 551824.270    0.00000   100%  21.3  965s
 33074 19028 496923.763  237  150 551824.270    0.00000   100%  21.2  976s
 33370 19152 513718.068  249  146 551824.270    0.00000   100%  21.2  984s
H33409 19146                    551049.64045    0.00000   100%  21.2  984s
 33548 19295 507237.073  258  144 551049.640    0.00000   100%  21.3  990s
 33743 19437 533753.248  267  140 551049.640    0.00000   100%  21.3  997s
 34049 19741 16442.3508   65  214 551049.640    0.00000   100%  21.4 1008s
 34420 19939 328196.433  170  149 551049.640    0.00000   100%  21.4 1019s
 34666 20197 125483.713   67  206 551049.640    0.00000   100%  21.4 1029s
 34943 20453 405619.460  171  155 551049.640    0.00000   100%  21.3 1041s
 35199 20739 411518.631  318  144 551049.640    0.00000   100%  21.1 1054s
 35540 20938 415587.658  507  134 551049.640    0.00000   100%  21.1 1064s
 35788 21223 441621.018  111  168 551049.640    0.00000   100%  21.0 1072s
 36137 21513 471234.405  194   98 551049.640    0.00000   100%  21.1 1081s
 36446 21706 463464.490  284   97 551049.640    0.00000   100%  21.1 1088s
 36694 21920 512471.769   98  171 551049.640    0.00000   100%  21.0 1097s
 36974 22187 521698.004  191  159 551049.640    0.00000   100%  20.9 1108s
 37407 22389    0.00000   45  231 551049.640    0.00000   100%  21.0 1119s
 37638 22563 401952.054   98  170 551049.640    0.00000   100%  21.0 1129s
 37812 22744 403688.488  184  157 551049.640    0.00000   100%  20.9 1138s
 37995 22950 405371.017  280  152 551049.640    0.00000   100%  20.8 1148s
 38201 23168 407982.555  344  145 551049.640    0.00000   100%  20.7 1158s
H38283 23165                    550943.21656    0.00000   100%  20.7 1158s
 38506 23390 409365.607  382  143 550943.217    0.00000   100%  20.8 1168s
 38797 23524 507646.927  443  147 550943.217    0.00000   100%  20.8 1177s
 38935 23781 549118.051  520  143 550943.217    0.00000   100%  20.7 1187s
H39125 23781                    550931.08551    0.00000   100%  20.7 1187s
 39344 23989 535763.641   99  172 550931.086    0.00000   100%  20.8 1199s
 39574 24125 484248.293   89  179 550931.086    0.00000   100%  20.8 1208s
 39732 24266 466716.933  120  162 550931.086    0.00000   100%  20.7 1216s
 39879 24496 469634.994  165  161 550931.086    0.00000   100%  20.7 1224s
 40109 24726 507593.286  293  159 550931.086    0.00000   100%  20.6 1235s
 40367 24980 525815.451  437  150 550931.086    0.00000   100%  20.5 1245s
H40599 23982                    536341.40893    0.00000   100%  20.4 1245s
 40675 24243     cutoff  585      536341.409    0.00000   100%  20.5 1253s
 41066 24494    0.00000   45  224 536341.409    0.00000   100%  20.6 1260s
 41375 24742     cutoff   85      536341.409    0.00000   100%  20.7 1270s
H41503 21038                    507372.80763    0.00000   100%  20.9 1270s
 41701 21322 171127.101   76  187 507372.808    0.00000   100%  20.9 1281s
 42019 21512 400546.088  219  148 507372.808    0.00000   100%  20.9 1290s
 42298 21716    0.00000   53  202 507372.808    0.00000   100%  20.9 1296s
H42400 21716                    507371.88047    0.00000   100%  21.0 1296s
 42591 22009 272413.625   80  196 507371.880    0.00000   100%  21.1 1305s
 42944 22316 365029.708   63  211 507371.880    0.00000   100%  21.1 1315s
 43301 22562 479133.790   91  175 507371.880    0.00000   100%  21.1 1324s
 43591 22878 500753.996  147  159 507371.880    0.00000   100%  21.0 1334s
 43979 23114 178156.288   66  212 507371.880    0.00000   100%  21.0 1345s
 44259 23308 415036.197   94  179 507371.880    0.00000   100%  21.0 1355s
H44525 23294                    504078.38383    0.00000   100%  21.0 1364s
H44726 23558                    503937.72110    0.00000   100%  20.9 1376s
 45067 23932 47165.6388   66  219 503937.721    0.00000   100%  20.8 1387s
 45502 24152 3194.83069   64  225 503937.721    0.00000   100%  20.7 1400s
H45670 24022                    501248.53851    0.00000   100%  20.8 1400s
 45840 24165 105442.752   53  222 501248.539    0.00000   100%  20.8 1410s
H45875 23940                    497008.08274    0.00000   100%  20.8 1410s
 46044 24110 393884.223   88  173 497008.083    0.00000   100%  20.8 1418s
 46260 24291 397605.891  117  160 497008.083    0.00000   100%  20.8 1428s
H46298 24195                    494880.63026    0.00000   100%  20.8 1428s
H46501 24104                    491330.04165    0.00000   100%  20.8 1439s
 46676 24288 405628.830  176  162 491330.042    0.00000   100%  20.8 1450s
 46890 24415 456057.223   88  172 491330.042    0.00000   100%  20.8 1460s
 47085 24518 21553.5919   59  217 491330.042    0.00000   100%  20.8 1469s
 47213 24673 408812.345   75  192 491330.042    0.00000   100%  20.9 1475s
 47420 24888 455564.792  110  169 491330.042    0.00000   100%  20.9 1485s
 47746 24993 473173.436  116  166 491330.042    0.00000   100%  21.0 1493s
 47851 25177 476080.605  184  159 491330.042    0.00000   100%  20.9 1500s
H48021 24830                    487966.35821    0.00000   100%  21.0 1500s
H48073 25039                    487881.22391    0.00000   100%  21.0 1511s
 48352 25205    0.00000   51  232 487881.224    0.00000   100%  20.9 1520s
H48545 25205                    487881.19516    0.00000   100%  21.0 1520s
 48599 25341     cutoff   73      487881.195    0.00000   100%  21.0 1529s
H48793 25492                    487871.98884    0.00000   100%  20.9 1538s
 48947 25641 440597.507  179  157 487871.989    0.00000   100%  20.9 1546s
 49098 25871 461605.262  243  151 487871.989    0.00000   100%  20.8 1554s
 49437 26156    0.00000   59  203 487871.989    0.00000   100%  20.9 1565s
H49585 26141                    487659.14107    0.00000   100%  20.9 1565s
 49755 26432 437422.631  151  159 487659.141    0.00000   100%  21.0 1575s
H50081 26591                    486311.10514    0.00000   100%  21.0 1587s
 50381 26882 444070.170  395  151 486311.105    0.00000   100%  20.9 1601s
H50573 26878                    486256.74283    0.00000   100%  20.8 1601s
H50707 26647                    483830.75275    0.00000   100%  20.8 1613s
 51034 26748 308783.071   79  185 483830.753    0.00000   100%  20.8 1624s
 51156 26899 441240.637  134  165 483830.753    0.00000   100%  20.8 1634s
 51312 27061 457578.145  192  158 483830.753    0.00000   100%  20.8 1645s
 51477 27256 465977.769  246  147 483830.753    0.00000   100%  20.7 1654s
 51788 27465 286888.247   71  202 483830.753    0.00000   100%  20.8 1666s
H51971 25983                    473940.18629    0.00000   100%  20.9 1666s
 52113 26137 162737.915   66  210 473940.186    0.00000   100%  20.9 1676s
H52199 25846                    471527.91147    0.00000   100%  20.9 1676s
 52293 26089 380362.737  118  168 471527.911    0.00000   100%  20.9 1687s
 52536 26250 444646.392  198  156 471527.911    0.00000   100%  20.8 1695s
 52729 26361 317360.522   84  181 471527.911    0.00000   100%  20.8 1705s
 52840 26490 319758.967  112  178 471527.911    0.00000   100%  20.7 1715s
 52970 26634 326629.097  140  167 471527.911    0.00000   100%  20.7 1723s
 53114 26776 329011.202  177  151 471527.911    0.00000   100%  20.6 1731s
H53161 26629                    471087.19764    0.00000   100%  20.6 1731s
 53256 26760 329313.583  213  151 471087.198    0.00000   100%  20.6 1740s
 53387 26896 329511.768  239  149 471087.198    0.00000   100%  20.5 1750s
 53597 27027 329555.702  275  146 471087.198    0.00000   100%  20.6 1762s
H53638 27027                    471087.16407    0.00000   100%  20.5 1762s
 53761 27126 331119.360  298  144 471087.164    0.00000   100%  20.6 1770s
H53807 27047                    469905.97361    0.00000   100%  20.6 1770s
 53916 27155 332196.213  330  143 469905.974    0.00000   100%  20.6 1778s
 54034 27270 333895.517  353  141 469905.974    0.00000   100%  20.5 1786s
H54080 27268                    469870.49898    0.00000   100%  20.5 1786s
H54175 27393                    469865.71551    0.00000   100%  20.5 1798s
 54318 27552 339051.679  386  135 469865.716    0.00000   100%  20.5 1809s
 54477 27733 339957.243  422  135 469865.716    0.00000   100%  20.4 1819s
H54536 27679                    469348.61129    0.00000   100%  20.4 1819s
 54659 27802 344425.964  440  134 469348.611    0.00000   100%  20.4 1831s
 54859 27891 345993.083  452  132 469348.611    0.00000   100%  20.4 1844s
H54917 27821                    468708.11807    0.00000   100%  20.3 1844s
 55015 27948 349364.556  479  129 468708.118    0.00000   100%  20.3 1854s
H55077 27948                    468708.11759    0.00000   100%  20.3 1854s
 55159 28011 353729.596  510  128 468708.118    0.00000   100%  20.3 1864s
 55305 28127 354005.915  557  128 468708.118    0.00000   100%  20.3 1878s
H55514 28296                    468171.94119    0.00000   100%  20.3 1888s
 55795 28436 381942.552  654  138 468171.941    0.00000   100%  20.3 1899s
 55969 28579 421370.672  669  133 468171.941    0.00000   100%  20.3 1908s
 56112 28729 445175.943  688  129 468171.941    0.00000   100%  20.2 1922s
 56272 28846 459566.859  742  137 468171.941    0.00000   100%  20.2 1935s
 56489 28955 448779.971  814  128 468171.941    0.00000   100%  20.2 1949s
 56694 29210     cutoff  875      468171.941    0.00000   100%  20.1 1960s
H56698 29210                    468160.77661    0.00000   100%  20.1 1960s
H56821 29193                    468024.77004    0.00000   100%  20.1 1960s
 57119 29539     cutoff  947      468024.770    0.00000   100%  20.1 1974s
 57598 29849 250520.798   74  200 468024.770    0.00000   100%  20.1 1990s
 58073 30069 281195.500   79  182 468024.770    0.00000   100%  20.1 1999s
 58306 30358 293057.899  111  171 468024.770    0.00000   100%  20.1 2010s
 58669 30618 306531.181  170  161 468024.770    0.00000   100%  20.0 2021s
 58989 30780 440651.443  200  152 468024.770    0.00000   100%  19.9 2034s
 59324 30908 421925.529   89  174 468024.770    0.00000   100%  19.9 2044s
H59453 30795                    466416.80715    0.00000   100%  19.9 2053s
H59619 30726                    464790.53534    0.00000   100%  19.8 2063s
 59911 30881    0.00000   61  222 464790.535    0.00000   100%  19.8 2076s
 60241 31085 450700.508   96  167 464790.535    0.00000   100%  19.8 2089s
H60273 31017                    464230.88140    0.00000   100%  19.8 2089s
 60522 31266 452436.305  122  163 464230.881    0.00000   100%  19.8 2098s
H60970 31491                    463801.19170    0.00000   100%  19.8 2109s
 61281 31729 429678.086  119  167 463801.192    0.00000   100%  19.8 2122s
 61563 31972 431688.326  189  167 463801.192    0.00000   100%  19.7 2130s
 61909 32305 449385.279  246  148 463801.192    0.00000   100%  19.7 2143s
H62187 31766                    460806.97306    0.00000   100%  19.7 2143s
 62472 32068     cutoff   76      460806.973    0.00000   100%  19.7 2157s
H62474 31791                    459731.55569    0.00000   100%  19.7 2157s
 62838 32174 344878.910  104  170 459731.556    0.00000   100%  19.8 2170s
 63221 32545 362592.298  217  159 459731.556    0.00000   100%  19.7 2180s
 63676 32783 377982.026  328  155 459731.556    0.00000   100%  19.6 2192s
 63987 32970 378936.891  450  148 459731.556    0.00000   100%  19.6 2200s
 64194 33253 392901.944  526  140 459731.556    0.00000   100%  19.5 2211s
 64513 33469 397882.067  614  132 459731.556    0.00000   100%  19.5 2226s
 64828 33661     cutoff   82      459731.556    0.00000   100%  19.5 2238s
 65052 33765 444346.698  139  165 459731.556    0.00000   100%  19.5 2251s
 65423 34142 456989.905   80  185 459731.556    0.00000   100%  19.4 2264s
 65855 34478 315385.120   81  188 459731.556    0.00000   100%  19.4 2276s
 66338 34642 303996.331   79  199 459731.556    0.00000   100%  19.4 2287s
 66515 34800 419890.767  107  167 459731.556    0.00000   100%  19.4 2299s
 66677 34964 422943.098  128  170 459731.556    0.00000   100%  19.3 2311s
 66933 35158 434499.754  161  151 459731.556    0.00000   100%  19.3 2326s
 67272 35440     cutoff  185      459731.556    0.00000   100%  19.3 2336s
H67352 35432                    459624.37453    0.00000   100%  19.3 2336s
 67596 35630 432840.356  102  169 459624.375    0.00000   100%  19.3 2351s
 67948 35953 449405.009  152  163 459624.375    0.00000   100%  19.3 2360s
 68350 36284 348628.149  141  166 459624.375    0.00000   100%  19.3 2374s
 68853 36551 80708.9980   63  216 459624.375    0.00000   100%  19.4 2385s
 69308 36732 19571.3844   61  222 459624.375    0.00000   100%  19.4 2395s
 69498 36921 383936.227  118  164 459624.375    0.00000   100%  19.4 2405s
 69687 37088 384966.031  151  161 459624.375    0.00000   100%  19.4 2419s
H69721 36992                    458539.75233    0.00000   100%  19.3 2419s
 69854 37151 387842.041  177  155 458539.752    0.00000   100%  19.3 2429s
 70021 37291 389346.028  207  158 458539.752    0.00000   100%  19.3 2441s
 70230 37430 414600.638  249  152 458539.752    0.00000   100%  19.3 2452s
 70458 37596 453195.259  273  156 458539.752    0.00000   100%  19.3 2462s
 70810 37817 infeasible  159      458539.752    0.00000   100%  19.3 2472s
H70894 37817                    458539.75228    0.00000   100%  19.3 2472s
 71098 38048 367215.930   77  189 458539.752    0.00000   100%  19.3 2482s
 71444 38269     cutoff   85      458539.752    0.00000   100%  19.3 2495s
 71784 38413 402497.411   82  175 458539.752    0.00000   100%  19.4 2505s
 71951 38525 403934.690  111  164 458539.752    0.00000   100%  19.4 2517s
 72100 38776 404408.264  137  156 458539.752    0.00000   100%  19.4 2531s
H72366 38896                    458090.33614    0.00000   100%  19.3 2542s
H72651 39005                    458087.29958    0.00000   100%  19.3 2549s
 72766 39131 415670.464  220  148 458087.300    0.00000   100%  19.3 2561s
 72897 39333 434230.636  237  140 458087.300    0.00000   100%  19.3 2574s
 73174 39570 278927.976   70  203 458087.300    0.00000   100%  19.3 2586s
 73513 39814 427115.830  127  171 458087.300    0.00000   100%  19.3 2599s
H73822 39616                    456154.39068    0.00000   100%  19.3 2610s
 74008 39824 434303.981  341  160 456154.391    0.00000   100%  19.3 2622s
H74158 39808                    455938.24216    0.00000   100%  19.2 2622s
 74218 40030 441104.020  484  155 455938.242    0.00000   100%  19.2 2633s
 74470 40403 444944.253  625  153 455938.242    0.00000   100%  19.2 2647s
 75004 40570 381386.776   74  201 455938.242    0.00000   100%  19.2 2661s
 75179 40752 410873.379  150  163 455938.242    0.00000   100%  19.2 2673s
 75373 40934 421723.713  222  154 455938.242    0.00000   100%  19.1 2684s
 75672 41252 167012.491   63  220 455938.242    0.00000   100%  19.1 2699s
 76064 41536     cutoff   73      455938.242    0.00000   100%  19.1 2714s
H76067 41536                    455938.24211    0.00000   100%  19.1 2714s
 76445 41789 446898.299   79  197 455938.242    0.00000   100%  19.2 2728s
 76810 42009 110831.460   69  207 455938.242    0.00000   100%  19.1 2738s
 77093 42157 175577.994   60  218 455938.242    0.00000   100%  19.2 2748s
 77281 42334 407932.737   89  172 455938.242    0.00000   100%  19.2 2759s
 77513 42557 411641.536  110  164 455938.242    0.00000   100%  19.1 2772s
 77821 42702 438984.476  149  155 455938.242    0.00000   100%  19.2 2785s
 77989 42905 441651.535  183  152 455938.242    0.00000   100%  19.2 2795s
H78297 43248                    455469.12481    0.00000   100%  19.2 2809s
 78797 43544 359191.147   82  174 455469.125    0.00000   100%  19.2 2818s
 79185 43846 420713.825  156  171 455469.125    0.00000   100%  19.2 2829s
H79501 44161                    455468.88367    0.00000   100%  19.1 2840s
H79546 44148                    455310.05827    0.00000   100%  19.1 2840s
 79834 44384 423173.674  237  155 455310.058    0.00000   100%  19.1 2850s
H79889 44347                    454745.02566    0.00000   100%  19.1 2850s
 80168 44444 434660.107  281  151 454745.026    0.00000   100%  19.0 2859s
 80315 44594 392513.718   80  197 454745.026    0.00000   100%  19.0 2868s
 80548 44700 128449.597   68  213 454745.026    0.00000   100%  19.2 2875s
 80658 44776 421237.847  144  164 454745.026    0.00000   100%  19.2 2883s
 80770 44951 423471.937  188  156 454745.026    0.00000   100%  19.2 2893s
 80981 45172 426898.049  234  158 454745.026    0.00000   100%  19.2 2905s
H81043 45160                    454650.58890    0.00000   100%  19.2 2905s
 81318 45471     cutoff  283      454650.589    0.00000   100%  19.2 2920s
 81688 45764 427067.484  243  164 454650.589    0.00000   100%  19.2 2932s
 81981 45915 429652.016  415  156 454650.589    0.00000   100%  19.2 2941s
H82120 45899                    454507.00729    0.00000   100%  19.1 2941s
 82174 46059   60.67852   63  229 454507.007    0.00000   100%  19.1 2954s
 82420 46223 418762.673  100  176 454507.007    0.00000   100%  19.2 2963s
 82650 46464    0.00000   59  215 454507.007    0.00000   100%  19.2 2972s
 82958 46647 337904.060   90  187 454507.007    0.00000   100%  19.2 2983s
H83250 46750                    454503.31415    0.00000   100%  19.2 2994s
 83396 46938     cutoff   77      454503.314    0.00000   100%  19.3 3002s
H83397 46938                    454503.29046    0.00000   100%  19.3 3002s
 83635 47183 448871.612   84  189 454503.290    0.00000   100%  19.3 3013s
 84028 47506     cutoff   88      454503.290    0.00000   100%  19.4 3023s
 84414 47838 199177.189   80  199 454503.290    0.00000   100%  19.4 3037s
 84769 48005 439309.961  130  159 454503.290    0.00000   100%  19.4 3051s
 84999 48167 443720.566  173  156 454503.290    0.00000   100%  19.4 3062s
 85224 48324 340619.678   67  208 454503.290    0.00000   100%  19.4 3072s
 85431 48432 209085.617   57  226 454503.290    0.00000   100%  19.4 3083s
 85559 48575 250448.619   70  215 454503.290    0.00000   100%  19.4 3094s
H85709 48555                    454443.87308    0.00000   100%  19.5 3094s
H85741 48688                    454429.11709    0.00000   100%  19.5 3105s
H85891 48724                    454133.87422    0.00000   100%  19.5 3115s
 85955 48858 439569.835  157  164 454133.874    0.00000   100%  19.4 3126s
 86170 49053 444807.874  189  152 454133.874    0.00000   100%  19.5 3138s
H86467 49189                    453615.00149    0.00000   100%  19.5 3152s
 86834 49531 27587.9055   66  211 453615.001    0.00000   100%  19.6 3169s
 87357 49648     cutoff  243      453615.001    0.00000   100%  19.5 3182s
 87526 49767 331256.018   81  191 453615.001    0.00000   100%  19.6 3194s
H87737 49925                    453598.84871    0.00000   100%  19.7 3205s
H87885 49923                    453580.53024    0.00000   100%  19.7 3205s
 87950 50119 118084.020   60  215 453580.530    0.00000   100%  19.7 3218s
 88222 50263 144987.683   63  223 453580.530    0.00000   100%  19.8 3232s
H88302 50257                    453575.53876    0.00000   100%  19.8 3232s
 88410 50422 152827.637   72  201 453575.539    0.00000   100%  19.8 3244s
 88649 50596 113390.401   61  181 453575.539    0.00000   100%  19.8 3258s
 88892 50881 348599.917   72  208 453575.539    0.00000   100%  19.9 3274s
 89310 51091 102188.180   49  244 453575.539    0.00000   100%  20.0 3288s
 89632 51317 271779.453   72  206 453575.539    0.00000   100%  20.0 3297s
 89978 51540 177332.919   67  202 453575.539    0.00000   100%  20.0 3309s
 90308 51730 139868.753   67  211 453575.539    0.00000   100%  20.1 3323s
 90565 52012 346429.911   76  206 453575.539    0.00000   100%  20.1 3336s
 90922 52311 105200.351   64  206 453575.539    0.00000   100%  20.2 3348s
 91320 52675 85052.7745   63  221 453575.539    0.00000   100%  20.3 3361s
 91832 52838    0.00000   56  210 453575.539    0.00000   100%  20.4 3375s
 92049 53011 146702.463   62  217 453575.539    0.00000   100%  20.4 3384s
 92269 53235 157654.199   66  206 453575.539    0.00000   100%  20.5 3397s
H92500 53235                    453572.01569    0.00000   100%  20.5 3397s
 92582 53433 95548.3140   54  227 453572.016    0.00000   100%  20.6 3406s
 92840 53628 379380.796   71  187 453572.016    0.00000   100%  20.6 3417s
 93096 53910 179094.397   64  204 453572.016    0.00000   100%  20.7 3430s
 93489 54199 366802.453   77  187 453572.016    0.00000   100%  20.8 3442s
H93843 54417                    453553.72579    0.00000   100%  20.8 3456s
 94095 54648 424835.345  319  150 453553.726    0.00000   100%  20.8 3467s
 94451 54940 59758.9916   51  228 453553.726    0.00000   100%  20.8 3479s
 94889 55241 415923.125  106  178 453553.726    0.00000   100%  20.8 3491s
H95177 55235                    453518.25116    0.00000   100%  20.8 3491s
H95357 55452                    453501.63842    0.00000   100%  20.9 3504s
 95667 55716  117.43148   51  230 453501.638    0.00000   100%  20.9 3517s
 96035 55959    0.00000   45  225 453501.638    0.00000   100%  21.0 3529s
 96367 56125 408828.436   67  193 453501.638    0.00000   100%  21.1 3537s
 96583 56351 322687.323   76  184 453501.638    0.00000   100%  21.1 3547s
H96649 56351                    453501.48238    0.00000   100%  21.1 3547s
 96888 56604 413890.058  141  164 453501.482    0.00000   100%  21.1 3557s
 97229 56874 169904.039   80  200 453501.482    0.00000   100%  21.2 3567s
 97582 57067 432070.887   83  184 453501.482    0.00000   100%  21.2 3578s
 97867 57305    0.00000   54  218 453501.482    0.00000   100%  21.2 3588s
 98167 57618 128347.424   64  217 453501.482    0.00000   100%  21.3 3600s

Cutting planes:
  Gomory: 2
  Implied bound: 44
  MIR: 53
  StrongCG: 1
  Flow cover: 12
  RLT: 15
  Relax-and-lift: 1

Explored 98594 nodes (2113045 simplex iterations) in 3600.12 seconds (1719.16 work units)
Thread count was 2 (of 24 available processors)

Solution count 10: 453501 453502 453518 ... 454134

Time limit reached
Best objective 4.535014823785e+05, best bound 0.000000000000e+00, gap 100.0000%
