
Gurobi 11.0.3 (linux64, Java) logging started qui 05 dez 2024 16:49:45 -03

Set parameter Username
Academic license - for non-commercial use only - expires 2025-10-10
Set parameter NonConvex to value 2
Set parameter TimeLimit to value 3600
Set parameter LogToConsole to value 0
Set parameter MIPGap to value 1.1439385627166870e-07
Set parameter Threads to value 2
Set parameter NodefileDir to value "/home/ps12398/experiment_hosp/goalProgrammingMarcos/"
Set parameter NodefileStart to value 1
Gurobi Optimizer version 11.0.3 build v11.0.3rc0 (linux64)

CPU model: Intel(R) Xeon(R) CPU           X5650  @ 2.67GHz, instruction set [SSE2]
Thread count: 12 physical cores, 24 logical processors, using up to 2 threads

Optimize a model with 59756 rows, 40194 columns and 172116 nonzeros
Model fingerprint: 0xaace31ac
Model has 146 quadratic constraints
Variable types: 20028 continuous, 20166 integer (141 binary)
Coefficient statistics:
  Matrix range     [7e-03, 2e+06]
  QMatrix range    [7e-03, 5e+04]
  QLMatrix range   [1e+00, 5e+04]
  Objective range  [1e+00, 2e+07]
  Bounds range     [1e+00, 1e+08]
  RHS range        [1e+00, 2e+05]
  QRHS range       [3e-02, 3e-02]
Presolve removed 59124 rows and 39388 columns
Presolve time: 0.12s
Presolved: 1708 rows, 1133 columns, 37570 nonzeros
Presolved model has 2 SOS constraint(s)
Presolved model has 141 bilinear constraint(s)

Solving non-convex MIQCP

Variable types: 520 continuous, 613 integer (143 binary)
Found heuristic solution: objective 6385788.0970

Root relaxation: objective 0.000000e+00, 251 iterations, 0.01 seconds (0.00 work units)

    Nodes    |    Current Node    |     Objective Bounds      |     Work
 Expl Unexpl |  Obj  Depth IntInf | Incumbent    BestBd   Gap | It/Node Time

     0     0    0.00000    0  207 6385788.10    0.00000   100%     -    0s
     0     0 197036.922    0  315 6385788.10 197036.922  96.9%     -    0s
H    0     0                    6272584.9656 201128.648  96.8%     -    0s
     0     0 327005.018    0  335 6272584.97 327005.018  94.8%     -    0s
H    0     0                    5166840.6398 330131.948  93.6%     -    0s
     0     0 330131.948    0  336 5166840.64 330131.948  93.6%     -    0s
     0     0 436997.405    0  334 5166840.64 436997.405  91.5%     -    1s
H    0     0                    5142170.0217 438036.849  91.5%     -    1s
     0     0 445437.469    0  334 5142170.02 445437.469  91.3%     -    1s
     0     0 493819.945    0  331 5142170.02 493819.945  90.4%     -    1s
     0     0 499199.937    0  335 5142170.02 499199.937  90.3%     -    1s
     0     0 506859.481    0  337 5142170.02 506859.481  90.1%     -    1s
     0     0 512731.089    0  337 5142170.02 512731.089  90.0%     -    1s
     0     0 519041.979    0  336 5142170.02 519041.979  89.9%     -    1s
     0     0 528354.139    0  336 5142170.02 528354.139  89.7%     -    1s
     0     0 531464.432    0  335 5142170.02 531464.432  89.7%     -    1s
     0     0 532939.556    0  337 5142170.02 532939.556  89.6%     -    1s
     0     0 532939.556    0  337 5142170.02 532939.556  89.6%     -    1s
     0     0 533061.881    0  337 5142170.02 533061.881  89.6%     -    2s
H    0     2                    5141778.8789 533061.881  89.6%     -    2s
     0     2 533061.881    0  337 5141778.88 533061.881  89.6%     -    2s
H  125   131                    5081942.5768 584898.312  88.5%  17.8    2s
H  379   381                    3486567.8997 584898.312  83.2%  16.5    3s
H  391   404                    3434089.0755 584898.312  83.0%  16.1    3s
H  456   458                    3311073.4101 584898.312  82.3%  14.0    4s
H 1003  1029                    2762277.5572 584898.312  78.8%   7.4    4s
  1226  1328 2435562.47  482  140 2762277.56 584898.312  78.8%   6.5    5s
H 2702  2756                    2760990.9436 584898.312  78.8%   4.3    6s
H 2914  2927                    2738010.2814 584898.312  78.6%   4.3    7s
H 3682  3470                    2737842.5270 584898.312  78.6%   4.3    9s
  3684  3471 2627757.34  619  215 2737842.53 584898.312  78.6%   4.3   10s
H 3685  3298                    2737826.1292 584898.312  78.6%   4.3   10s
  3752  3346 720467.963   26  313 2737826.13 645443.254  76.4%   5.0   15s
H 3793  3208                    2736336.8287 645443.254  76.4%   5.1   17s
H 3822  3068                    2732550.9121 645443.254  76.4%   5.2   18s
H 3851  2939                    2731857.8309 645443.254  76.4%   5.3   20s
H 3882  2822                    2691158.9867 645443.254  76.0%   5.4   21s
H 3917  2703                    2683059.8011 645443.254  75.9%   5.5   23s
  3943  2729 1741147.13   77  220 2683059.80 645443.254  75.9%   5.6   25s
H 3949  2599                    2683059.7849 645443.254  75.9%   5.6   25s
H 3951  2476                    2676912.2577 645443.254  75.9%   5.6   25s
H 4016  2415                    2676912.2248 645443.254  75.9%   5.8   29s
H 4049  2326                    2659592.7889 645443.254  75.7%   5.8   30s
H 4099  2215                    2641621.7950 646882.542  75.5%   5.9   31s
  4149  2254 783037.086   29  308 2641621.80 646882.542  75.5%   6.2   35s
H 4156  2152                    2636972.3205 646882.542  75.5%   6.2   35s
H 4199  2075                    2598769.8229 646882.542  75.1%   6.3   36s
  4237  2114 1018096.11   49  275 2598769.82 646882.542  75.1%   6.5   40s
  4331  2193 1445957.13   73  230 2598769.82 646882.542  75.1%   6.7   45s
H 4408  2138                    2585400.6453 646882.542  75.0%   6.9   48s
  4461  2197 2390151.55  106  171 2585400.65 646882.542  75.0%   7.1   51s
H 4479  2105                    2584726.6273 646882.542  75.0%   7.1   51s
H 4525  2050                    2581366.2913 646882.542  74.9%   7.2   53s
  4539  2090 2466428.44  125  166 2581366.29 646882.542  74.9%   7.2   55s
H 4619  2029                    2571559.6240 646882.542  74.8%   7.3   57s
H 4667  1985                    2571559.6207 646882.542  74.8%   7.3   59s
  4672  2022 2499785.49  157  157 2571559.62 646882.542  74.8%   7.4   60s
H 4693  1944                    2567289.0556 646882.542  74.8%   7.4   60s
H 4743  1894                    2561118.9346 646882.542  74.7%   7.6   62s
  4832  1935 2511655.61  201  156 2561118.93 647247.062  74.7%   7.8   65s
  4948  1984 730864.818   27  308 2561118.93 647247.062  74.7%   8.0   70s
  5043  2055 963072.733   44  279 2561118.93 647247.062  74.7%   8.0   75s
  5171  2100 1390815.19   67  228 2561118.93 647247.062  74.7%   8.2   80s
  5301  2163 2280099.04   96  188 2561118.93 651448.606  74.6%   8.4   85s
  5413  2237 888959.926   34  291 2561118.93 651448.606  74.6%   8.6   92s
  5474  2294 1243209.61   51  261 2561118.93 651448.606  74.6%   8.6   95s
H 5636  2350                    2559414.8384 651448.606  74.5%   8.8  102s
H 5678  2276                    2558014.1643 651448.606  74.5%   8.9  102s
  5727  2362 2117961.15  107  168 2558014.16 651448.606  74.5%   8.9  106s
  5829  2427 2199319.61  130  156 2558014.16 651448.606  74.5%   9.0  110s
H 5875  2313                    2547611.5892 651448.606  74.4%   9.1  110s
  5928  2410 2183311.38  153  151 2547611.59 651448.606  74.4%   9.1  115s
H 6095  2410                    2546921.7026 651448.606  74.4%   9.1  119s
H 6155  2427                    2536064.9574 651448.606  74.3%   9.0  122s
H 6278  2452                    2536064.9145 651448.606  74.3%   9.0  128s
H 6334  2384                    2533049.7121 651448.606  74.3%   9.0  128s
  6393  2515 2280186.75  263  137 2533049.71 651448.606  74.3%   8.9  133s
  6524  2644 2287419.33  293  134 2533049.71 651448.606  74.3%   9.0  139s
  6653  2784 2399920.88  323  141 2533049.71 651448.606  74.3%   9.0  144s
H 6716  2740                    2529272.9960 651448.606  74.2%   9.1  144s
  6793  2880 2304238.93  355  130 2529273.00 651448.606  74.2%   9.1  150s
H 6858  2862                    2526547.3871 651448.606  74.2%   9.2  150s
  6933  3009 2448847.37  387  148 2526547.39 651448.606  74.2%   9.2  155s
  7080  3164 2310078.87  421  126 2526547.39 651448.606  74.2%   9.3  161s
  7235  3328 2311523.91  457  126 2526547.39 651448.606  74.2%   9.4  167s
H 7399  3468                    2524354.2946 651448.606  74.2%   9.5  173s
  7563  3644 2314255.73  533  127 2524354.29 651448.606  74.2%   9.5  180s
H 7645  3642                    2524095.0662 651448.606  74.2%   9.7  180s
  7739  3823 2315733.09  574  126 2524095.07 651448.606  74.2%   9.6  187s
  7920  4007 2455104.58  615  148 2524095.07 651448.606  74.2%   9.8  193s
H 8004  3971                    2521045.8784 651448.606  74.2%  10.0  193s
  8104  4168 2456692.31  657  149 2521045.88 651448.606  74.2%  10.0  201s
H 8303  4321                    2505525.6067 651448.606  74.0%  10.1  210s
  8537  4555 2470875.67  749  153 2505525.61 651448.606  74.0%  10.3  218s
  8811  4717 2460522.01  796  154 2505525.61 651448.606  74.0%  10.7  224s
H 8910  4712                    2503694.3588 651448.606  74.0%  10.9  224s
  8973  4879 2323182.76  846  128 2503694.36 651448.606  74.0%  11.0  231s
  9140  5060 2324449.54  894  128 2503694.36 651448.606  74.0%  11.3  239s
H 9243  5017                    2499365.4074 651448.606  73.9%  11.6  239s
  9345  5135     cutoff  945      2499365.41 651448.606  73.9%  11.6  248s
H 9346  5135                    2499365.3888 651448.606  73.9%  11.6  248s
  9625  5316     cutoff 1030      2499365.39 651448.606  73.9%  12.0  257s
  9944  5365 2331052.40 1107  127 2499365.39 651448.606  73.9%  12.2  265s
H10095  5365                    2499365.3238 651448.606  73.9%  12.5  265s
 10285  5410     cutoff 1182      2499365.32 651448.606  73.9%  12.5  272s
 10534  5563     cutoff 1265      2499365.32 662343.701  73.5%  12.8  279s
H10608  5531                    2497959.6120 662343.701  73.5%  12.9  279s
 10701  5708 1491655.32   62  229 2497959.61 662343.701  73.5%  13.0  286s
H10803  5708                    2497935.7290 662343.701  73.5%  13.0  286s
 10896  5908 2261949.57   97  161 2497935.73 662343.701  73.5%  13.1  293s
H11104  6066                    2497866.8180 662343.701  73.5%  13.1  300s
 11286  6243 1392214.48   63  234 2497866.82 664557.890  73.4%  13.2  306s
 11463  6456 2237043.65  110  151 2497866.82 664557.890  73.4%  13.2  312s
 11676  6719 2240432.54  212  148 2497866.82 664557.890  73.4%  13.0  320s
H11939  6982                    2493703.3710 664557.890  73.4%  12.8  327s
H12238  7823                    2493693.7124 664557.890  73.4%  12.7  334s
H12343  7613                    2475461.4417 664557.890  73.2%  12.8  334s
H12413  7570                    2471745.7244 664557.890  73.1%  12.7  334s
H12510  6534                    2441904.2792 664557.890  72.8%  12.7  334s
H12513  6534                    2441727.1995 664557.890  72.8%  12.7  334s
H12607  6273                    2406760.4650 664557.890  72.4%  12.6  334s
H12704  6087                    2385139.9880 664557.890  72.1%  12.6  334s
H12898  6082                    2383051.0687 664557.890  72.1%  12.7  334s
*12905  6082             766    2383050.8204 664557.890  72.1%  12.7  334s
 13206  6495     cutoff  414      2383050.82 671330.702  71.8%  12.7  337s
H13213  6370                    2375156.0586 671330.702  71.7%  12.7  337s
H13878  6861                    2375149.4995 675919.629  71.5%  12.9  340s
H15318  8036                    2374238.5458 685647.217  71.1%  13.3  346s
H15934  8491                    2370753.0067 690834.809  70.9%  13.4  349s
H16553  9093                    2370753.0015 693889.424  70.7%  13.7  352s
H16953  6736                    2297301.9284 694204.845  69.8%  13.6  352s
 17274  7120 1651427.43   70  201 2297301.93 697117.783  69.7%  13.6  355s
H17595  7114                    2296403.6669 697117.783  69.6%  13.7  355s
H18094  7435                    2294551.3859 701233.514  69.4%  13.8  357s
 18731  8192 1357266.59   57  244 2294551.39 705552.447  69.3%  13.9  361s
H19666  8822                    2294422.9006 709704.414  69.1%  14.2  365s
H19776  8818                    2294315.8073 709704.414  69.1%  14.2  365s
 20451  9539     cutoff   98      2294315.81 711807.989  69.0%  14.3  370s
H20938  9789                    2294315.7779 711988.932  69.0%  14.3  372s
H20938  9762                    2293374.7800 711988.932  69.0%  14.3  372s
 21666 10430 943755.959   28  309 2293374.78 715307.735  68.8%  14.5  376s
H22063 10641                    2290500.3673 719067.666  68.6%  14.5  378s
H22374 11066                    2289807.4264 719441.363  68.6%  14.6  380s
H23630 11823                    2289612.6460 721081.582  68.5%  14.8  384s
 23876 12178 1003661.26   34  302 2289612.65 723199.737  68.4%  14.8  386s
H24130 12170                    2289211.3961 723199.737  68.4%  14.8  386s
 25021 12837     cutoff   90      2289211.40 726253.119  68.3%  14.9  390s
H25812 13482                    2286237.4075 727636.287  68.2%  14.9  394s
 26113 13678 2238267.08   94  187 2286237.41 728422.137  68.1%  15.0  395s
H26229 13668                    2285803.6270 728422.137  68.1%  15.0  395s
H26371 13958                    2285462.4262 728781.664  68.1%  15.0  396s
 27671 14925 1291193.31   50  256 2285462.43 732285.298  68.0%  15.2  401s
H28106 15161                    2284166.8926 732802.236  67.9%  15.2  402s
 28535 15684 1595370.26   60  245 2284166.89 734163.978  67.9%  15.2  405s
H28717 15674                    2283431.7009 734163.978  67.8%  15.3  405s
H28903 15868                    2283367.7258 734302.080  67.8%  15.3  406s
H29615 16319                    2282787.6308 736724.837  67.7%  15.3  409s
 30008 16743 1874478.53   82  218 2282787.63 737809.406  67.7%  15.3  411s
H30283 17021                    2282253.0126 738525.487  67.6%  15.4  412s
 31501 17933 820926.699   24  324 2282253.01 740578.855  67.6%  15.4  415s
H31899 18128                    2281833.8262 741533.634  67.5%  15.4  416s
 32563 18776 1651004.18   66  221 2281833.83 742922.747  67.4%  15.5  420s
H32825 18917                    2281733.9700 743694.403  67.4%  15.5  420s
H33662 19551                    2281615.9550 745105.251  67.3%  15.5  424s
H33807 19550                    2281501.2344 746075.063  67.3%  15.5  424s
 33808 19663 990836.680   38  290 2281501.23 746165.943  67.3%  15.5  425s
H33991 19900                    2281496.6090 746182.683  67.3%  15.5  426s
 35061 20696 2244774.49  121  150 2281496.61 747342.156  67.2%  15.5  430s
H35440 20875                    2281085.1170 748344.815  67.2%  15.6  435s
 36250 21703 1839133.28   64  229 2281085.12 750490.042  67.1%  15.6  440s
H36605 21812                    2280959.7579 750825.741  67.1%  15.6  441s
H36708 22051                    2280917.1237 751066.316  67.1%  15.7  442s
 37426 22638 1218179.26   50  266 2280917.12 754545.249  66.9%  15.7  445s
H37551 22635                    2280850.3558 754545.249  66.9%  15.7  445s
H38224 23128                    2280361.4207 755783.545  66.9%  15.7  447s
H38330 23359                    2280361.4046 755825.348  66.9%  15.7  447s
 39431 24227 1117833.40   37  279 2280361.40 757843.870  66.8%  15.7  450s
H39694 24486                    2280336.4515 758286.004  66.7%  15.7  450s
 41709 26074 1193765.85   41  269 2280336.45 760592.853  66.6%  15.8  455s
 43865 27667 1233403.81   53  269 2280336.45 763884.200  66.5%  15.9  460s
 45882 29361 1253274.86   54  257 2280336.45 766661.287  66.4%  15.9  465s
 48245 31271 2107185.67   87  196 2280336.45 769857.301  66.2%  16.0  470s
 50777 33391 1704518.68   66  229 2280336.45 773315.424  66.1%  16.1  475s
H52429 34548                    2280323.3302 774800.949  66.0%  16.1  478s
H52450 34548                    2280305.2218 774800.949  66.0%  16.1  478s
H52551 34646                    2280305.1551 774800.949  66.0%  16.1  479s
 52556 34681 2032599.79   84  203 2280305.16 775150.687  66.0%  16.1  480s
H52558 34681                    2280304.0325 775150.687  66.0%  16.1  480s
H52560 34678                    2280074.5712 775150.687  66.0%  16.1  480s
 54791 36587     cutoff  105      2280074.57 777452.246  65.9%  16.2  485s
 57148 38343 1121530.77   44  283 2280074.57 779345.767  65.8%  16.2  490s
 58879 39752 1391978.12   62  241 2280074.57 780800.967  65.8%  16.2  495s
 60635 41138 2008054.57   82  203 2280074.57 783322.622  65.6%  16.3  500s
 62325 42396 1893358.43   79  216 2280074.57 784367.743  65.6%  16.3  505s
 64097 43869 2235655.53  105  158 2280074.57 785850.746  65.5%  16.3  510s
 65796 45275 1106199.21   40  280 2280074.57 787295.733  65.5%  16.3  515s
 67405 46588 910205.083   30  314 2280074.57 789674.369  65.4%  16.4  520s
 69042 47860 2204357.43   86  197 2280074.57 790663.909  65.3%  16.4  525s
 70691 49178 1492148.99   61  224 2280074.57 792253.023  65.3%  16.4  530s
 72602 50785 907500.684   25  317 2280074.57 794082.640  65.2%  16.5  535s
 74876 52532 2266098.49   97  168 2280074.57 796028.370  65.1%  16.5  540s
 77215 54440 1770503.94   77  206 2280074.57 798091.061  65.0%  16.5  545s
 78896 55890 1141711.99   48  272 2280074.57 798897.488  65.0%  16.6  550s
 80848 57375 1020843.57   33  303 2280074.57 800154.822  64.9%  16.6  555s
 82373 58540     cutoff   97      2280074.57 801352.635  64.9%  16.6  560s
 83899 59733 2213921.01   90  193 2280074.57 802252.234  64.8%  16.6  565s
 85839 61284 1957548.98   79  208 2280074.57 803417.430  64.8%  16.6  570s
 87230 62386     cutoff   74      2280074.57 804210.955  64.7%  16.7  575s
 88854 63622 856125.501   30  316 2280074.57 805061.816  64.7%  16.7  580s
 90655 65120 1115115.38   37  291 2280074.57 806320.318  64.6%  16.7  585s
 92372 66465 1553668.87   67  233 2280074.57 807333.477  64.6%  16.7  590s
 94009 67802 1779480.57   74  200 2280074.57 808337.932  64.5%  16.7  595s
 95304 68797     cutoff   87      2280074.57 808916.523  64.5%  16.8  600s
 96821 70080 1097591.62   47  272 2280074.57 809547.139  64.5%  16.8  605s
 98311 71309 838791.428   26  321 2280074.57 810104.989  64.5%  16.8  610s
 99984 72687 1006423.93   32  304 2280074.57 811442.163  64.4%  16.8  615s
 101603 73909 1489717.81   67  234 2280074.57 812589.778  64.4%  16.9  620s
 103663 75574 1148657.50   43  281 2280074.57 813532.579  64.3%  16.9  625s
 105380 76904 2240618.60   90  185 2280074.57 814561.192  64.3%  16.9  630s
 106971 78210 1528650.88   69  227 2280074.57 815163.648  64.2%  16.9  635s
 108619 79513 1191714.16   41  280 2280074.57 816165.061  64.2%  16.9  640s
 110323 80862 865098.628   26  317 2280074.57 816963.594  64.2%  16.9  645s
 112009 82176     cutoff   98      2280074.57 818103.200  64.1%  16.9  650s
 113622 83477 1562982.00   70  226 2280074.57 819009.480  64.1%  16.9  655s
 115180 84687     cutoff  135      2280074.57 819629.492  64.1%  16.9  660s
 116866 86012 2208114.24   91  190 2280074.57 820183.484  64.0%  16.9  665s
 118826 87708 1312296.32   53  266 2280074.57 821259.649  64.0%  16.9  670s
 120242 88808 1376819.25   51  250 2280074.57 821725.916  64.0%  17.0  675s
 121889 90125     cutoff   88      2280074.57 822510.637  63.9%  17.0  680s
 123381 91358 1923610.91   69  203 2280074.57 823088.930  63.9%  17.0  685s
 125019 92564 2023827.80   85  189 2280074.57 823713.585  63.9%  17.0  690s
 126600 93894 1209541.08   47  272 2280074.57 824591.226  63.8%  17.0  695s
 128156 95139 1214634.84   49  272 2280074.57 825242.463  63.8%  17.0  700s
 129795 96496 1594306.48   70  225 2280074.57 825987.858  63.8%  17.0  705s
 131363 97721 1315311.75   51  262 2280074.57 826509.144  63.8%  17.0  710s
 132959 99054 1108998.20   30  300 2280074.57 827310.728  63.7%  17.0  715s
 134630 100247 1335022.26   54  253 2280074.57 827850.433  63.7%  17.0  720s
 136120 101458 1792155.23   72  229 2280074.57 828366.658  63.7%  17.0  725s
 137741 102788     cutoff   95      2280074.57 829059.831  63.6%  17.0  730s
 139215 103899 1035534.61   40  290 2280074.57 829546.387  63.6%  17.0  735s
 140726 105017 2175362.94   90  192 2280074.57 830050.170  63.6%  17.1  740s
 142264 106366 999120.294   31  303 2280074.57 830635.034  63.6%  17.1  745s
 144015 107713 1556432.80   70  222 2280074.57 831172.483  63.5%  17.1  750s
 145383 108855 1966234.21   87  204 2280074.57 831733.354  63.5%  17.1  755s
 147282 110408 2216403.83   93  183 2280074.57 832155.135  63.5%  17.1  760s
H148224 110971                    2280074.4659 832413.065  63.5%  17.1  762s
H148484 111287                    2279918.7795 832452.070  63.5%  17.1  764s
 148747 111464 2214089.00   93  190 2279918.78 832512.022  63.5%  17.1  765s
H149854 112345                    2279891.7690 832882.959  63.5%  17.1  769s
 150028 112511 1667456.01   60  236 2279891.77 832962.709  63.5%  17.1  770s
 151277 113416 1917210.45   77  191 2279891.77 833446.375  63.4%  17.1  775s
 152917 114755 1030664.29   37  296 2279891.77 833741.426  63.4%  17.1  780s
 154378 115973 1168694.40   46  274 2279891.77 834149.814  63.4%  17.1  785s
H154683 116108                    2279887.1208 834166.445  63.4%  17.1  786s
 155573 116877 1406707.85   55  259 2279887.12 834517.130  63.4%  17.1  790s
 157236 118259 1160645.47   36  297 2279887.12 834802.496  63.4%  17.1  795s
 158663 119306 896657.489   30  311 2279887.12 835534.741  63.4%  17.1  802s
 159279 119903 1334720.34   54  258 2279887.12 835749.775  63.3%  17.1  805s
 160678 121010     cutoff  102      2279887.12 836249.651  63.3%  17.1  810s
H161585 121611                    2279837.5064 836426.254  63.3%  17.1  813s
 162139 122086 2240043.04   94  178 2279837.51 836580.558  63.3%  17.1  815s
H162774 122541                    2279837.3739 836694.325  63.3%  17.1  817s
 163468 123170 2265679.19   86  182 2279837.37 836834.734  63.3%  17.1  820s
 164674 124294 1672932.70   69  223 2279837.37 837137.974  63.3%  17.1  825s
 166202 125406 2220738.05   84  192 2279837.37 837485.703  63.3%  17.1  830s
H166906 125918                    2279829.4007 837702.510  63.3%  17.1  832s
 167673 126617 996290.996   35  307 2279829.40 837921.378  63.2%  17.1  835s
H167758 126616                    2279822.2923 837921.378  63.2%  17.1  835s
 169116 127703 1006869.99   35  299 2279822.29 838446.506  63.2%  17.1  840s
H170105 128387                    2279818.9209 838686.747  63.2%  17.1  843s
 170633 128861 2015622.04   83  184 2279818.92 838897.143  63.2%  17.1  845s
H171258 129262                    2279691.0556 839111.738  63.2%  17.2  846s
H172676 130438                    2279691.0530 839727.831  63.2%  17.2  849s
 172963 130692 1119527.98   45  282 2279691.05 839860.139  63.2%  17.2  850s
 174953 132291 944965.978   29  315 2279691.05 840513.625  63.1%  17.2  855s
 176484 133563 2149158.41   94  184 2279691.05 840817.492  63.1%  17.2  860s
 177332 134252 2138611.17   89  170 2279691.05 840993.328  63.1%  17.2  865s
 178914 135517 2270055.84   94  172 2279691.05 841270.254  63.1%  17.2  870s
 180433 136717     cutoff   93      2279691.05 841623.394  63.1%  17.2  875s
 181953 137987 1065295.31   35  295 2279691.05 841927.349  63.1%  17.2  880s
 183491 139170     cutoff   92      2279691.05 842328.798  63.1%  17.2  885s
 185062 140444 1055077.43   36  300 2279691.05 842804.542  63.0%  17.2  890s
 185908 141039 1666669.47   74  213 2279691.05 842871.802  63.0%  17.2  895s
 187584 142431 1088843.43   44  277 2279691.05 843503.771  63.0%  17.2  900s
 188811 143418 1461494.76   59  252 2279691.05 843815.903  63.0%  17.2  905s
 190297 144654 1317820.19   51  270 2279691.05 844135.143  63.0%  17.2  910s
 191673 145775 1942122.18   80  194 2279691.05 844613.293  63.0%  17.2  915s
 192983 146850 1078150.99   35  296 2279691.05 844982.708  62.9%  17.2  920s
 194431 147989 2002444.51   83  198 2279691.05 845223.562  62.9%  17.2  925s
 195787 149111 1321335.12   51  260 2279691.05 845571.727  62.9%  17.2  930s
 197275 150240     cutoff   93      2279691.05 845941.605  62.9%  17.3  935s
 198655 151321 1028109.22   29  310 2279691.05 846183.120  62.9%  17.3  940s
 200142 152512 1450807.32   60  236 2279691.05 846487.059  62.9%  17.3  945s
 201493 153610 1002148.11   36  299 2279691.05 846735.000  62.9%  17.3  950s
 202961 154731 2176572.63   89  174 2279691.05 847126.751  62.8%  17.3  955s
 204421 156090 1357141.00   46  261 2279691.05 847395.981  62.8%  17.3  960s
 206062 157284 1010503.45   38  297 2279691.05 847698.745  62.8%  17.3  965s
 207306 158250 1592539.71   64  229 2279691.05 848016.927  62.8%  17.3  970s
 208694 159356 948118.736   28  310 2279691.05 848331.657  62.8%  17.3  975s
 210130 160458 2203665.27   82  135 2279691.05 848621.226  62.8%  17.3  980s
 211567 161607     cutoff  101      2279691.05 848945.176  62.8%  17.3  985s
 212947 162699 1161549.68   42  280 2279691.05 849266.133  62.7%  17.3  990s
 214380 163860 1459316.81   62  240 2279691.05 849649.312  62.7%  17.3  995s
 215741 165005 923146.687   27  316 2279691.05 849986.232  62.7%  17.3 1000s
 217172 166090 1117675.39   39  287 2279691.05 850315.646  62.7%  17.3 1005s
 218729 167338 929939.757   29  311 2279691.05 850805.692  62.7%  17.3 1010s
 219944 168222 1064383.66   30  311 2279691.05 850951.385  62.7%  17.3 1015s
 221458 169466 1982460.99   81  188 2279691.05 851300.156  62.7%  17.3 1020s
 222880 170595     cutoff   98      2279691.05 851510.459  62.6%  17.3 1025s
 224245 171677 1111318.11   41  289 2279691.05 851844.632  62.6%  17.3 1030s
 225633 172823 1998008.07   81  187 2279691.05 852229.381  62.6%  17.3 1035s
 227057 173754 994609.556   35  293 2279691.05 852522.308  62.6%  17.3 1041s
 228151 174782 1867847.48   77  208 2279691.05 852669.358  62.6%  17.4 1045s
 229596 175901 997536.541   28  312 2279691.05 853042.573  62.6%  17.4 1050s
 231263 177384 1580203.28   58  251 2279691.05 853414.464  62.6%  17.4 1055s
 232950 178684 1406760.81   57  254 2279691.05 853603.490  62.6%  17.4 1060s
 234363 179877 1186025.56   42  280 2279691.05 853836.292  62.5%  17.4 1065s
 236051 181221 1990713.11   74  210 2279691.05 854226.639  62.5%  17.4 1070s
H236787 181690                    2279684.4315 854407.751  62.5%  17.4 1071s
H236903 181689                    2279602.8474 854431.818  62.5%  17.4 1072s
 237589 182426 1148977.16   46  281 2279602.85 854616.218  62.5%  17.4 1075s
H238424 182986                    2279602.5917 854790.494  62.5%  17.4 1078s
H238604 183111                    2279585.1319 854838.028  62.5%  17.4 1079s
 238683 183330 1011703.44   38  296 2279585.13 854877.216  62.5%  17.4 1080s
 240092 184427 1408154.75   60  245 2279585.13 855086.211  62.5%  17.4 1085s
 241259 185393 1958297.40   81  196 2279585.13 855304.519  62.5%  17.4 1090s
 242211 186198 1140545.03   44  280 2279585.13 855477.082  62.5%  17.4 1095s
 243571 187254     cutoff   91      2279585.13 855655.904  62.5%  17.4 1100s
 245069 188536 1887949.84   83  198 2279585.13 855904.008  62.5%  17.4 1105s
 247108 189984     cutoff  149      2279585.13 856385.944  62.4%  17.4 1110s
 249298 191788 1935432.58   79  203 2279585.13 856912.557  62.4%  17.4 1115s
H251311 193298                    2279579.1186 857289.864  62.4%  17.4 1119s
 251323 193472 1168953.45   40  281 2279579.12 857289.864  62.4%  17.4 1120s
 253464 195168 2189037.19   89  192 2279579.12 857762.708  62.4%  17.4 1125s
 255688 197022 1187861.11   40  283 2279579.12 858300.340  62.3%  17.4 1130s
 257343 198342 1696132.09   65  226 2279579.12 858682.552  62.3%  17.4 1135s
 258908 199678 1295269.52   51  264 2279579.12 859011.087  62.3%  17.4 1140s
 260396 200754 890416.388   28  319 2279579.12 859292.029  62.3%  17.4 1145s
 261805 201976 1006765.16   33  304 2279579.12 859567.816  62.3%  17.4 1150s
 263110 202986 infeasible   93      2279579.12 859761.730  62.3%  17.4 1155s
 264615 204084 1003843.03   30  296 2279579.12 859977.785  62.3%  17.4 1160s
 266332 205516 973037.814   29  309 2279579.12 860313.374  62.3%  17.4 1165s
 267780 206724     cutoff   90      2279579.12 860534.528  62.3%  17.4 1170s
 269125 207826 959200.865   31  310 2279579.12 860828.737  62.2%  17.4 1175s
 270652 209114 945053.258   28  318 2279579.12 861056.606  62.2%  17.4 1180s
 272280 210363 941897.356   29  315 2279579.12 861274.353  62.2%  17.4 1185s
 273686 211552 915364.460   27  317 2279579.12 861502.873  62.2%  17.4 1190s
 275344 212948 1540479.06   57  243 2279579.12 861712.600  62.2%  17.4 1195s
 276870 214034 1935284.36   79  210 2279579.12 861959.350  62.2%  17.4 1200s
 278276 215229 2266107.57   87  186 2279579.12 862255.243  62.2%  17.4 1205s
 279752 216329 1337160.48   46  270 2279579.12 862470.652  62.2%  17.4 1210s
 281366 217762 1085185.82   36  298 2279579.12 862803.457  62.2%  17.4 1215s
 282990 218893 1072256.44   38  296 2279579.12 863057.767  62.1%  17.4 1220s
 284587 220211 2047780.69   80  200 2279579.12 863287.556  62.1%  17.4 1225s
 285966 221350 1698487.23   63  238 2279579.12 863486.060  62.1%  17.4 1230s
H286752 221856                    2279538.7319 863827.237  62.1%  17.4 1233s
 286885 221858 914922.398   29  314 2279538.73 863835.538  62.1%  17.4 1236s
 287434 222439     cutoff   97      2279538.73 863917.740  62.1%  17.4 1240s
H287783 222707                    2279537.2093 863985.154  62.1%  17.4 1242s
 288445 223243 2226773.88   90  182 2279537.21 864098.786  62.1%  17.4 1245s
H288985 223587                    2279519.7694 864206.937  62.1%  17.4 1246s
 289878 224381 1818032.46   70  219 2279519.77 864425.348  62.1%  17.4 1250s
 290971 225267 944459.299   29  314 2279519.77 864609.189  62.1%  17.5 1255s
 292489 226434 2233023.87   90  186 2279519.77 864873.178  62.1%  17.5 1260s
 293982 227738 1232442.19   48  276 2279519.77 865030.782  62.1%  17.5 1265s
 295228 228628 2214634.71  116  154 2279519.77 865284.388  62.0%  17.5 1270s
 296797 229934 1956799.41   74  202 2279519.77 865400.379  62.0%  17.5 1275s
 297988 230917 1017186.59   37  297 2279519.77 865568.197  62.0%  17.5 1280s
 299416 231952 906568.083   27  320 2279519.77 865812.086  62.0%  17.5 1285s
 300904 233177 1780152.54   72  211 2279519.77 866011.166  62.0%  17.5 1290s
 302217 234181 1051433.80   36  294 2279519.77 866184.298  62.0%  17.5 1295s
 303699 235384 1147100.62   42  286 2279519.77 866640.982  62.0%  17.5 1300s
 305293 236621 2038085.40   81  203 2279519.77 866853.540  62.0%  17.5 1305s
 306676 237754 1319777.06   51  253 2279519.77 867084.499  62.0%  17.5 1310s
 308200 238973 1128616.93   43  269 2279519.77 867330.135  62.0%  17.5 1315s
 309645 240084 1130731.72   43  275 2279519.77 867525.656  61.9%  17.5 1320s
 311012 241215 1195199.35   51  270 2279519.77 867737.133  61.9%  17.5 1325s
 312404 242401 1345034.40   57  252 2279519.77 867978.440  61.9%  17.5 1330s
 313921 243568 2020694.96   81  193 2279519.77 868170.502  61.9%  17.5 1335s
 315343 244696 1986590.16   80  212 2279519.77 868528.778  61.9%  17.5 1340s
 316951 245923 1028775.75   35  306 2279519.77 868840.844  61.9%  17.5 1345s
 318462 247075 956320.718   26  315 2279519.77 869110.101  61.9%  17.5 1350s
 319961 248245 897834.383   26  320 2279519.77 869380.502  61.9%  17.5 1355s
 321294 249284 911223.995   30  316 2279519.77 869521.874  61.9%  17.5 1360s
 322666 250407     cutoff   95      2279519.77 869722.177  61.8%  17.5 1365s
 323748 251307 2108298.31   87  195 2279519.77 869896.805  61.8%  17.5 1370s
 325297 252477 912061.207   30  312 2279519.77 870101.053  61.8%  17.5 1375s
 326498 253380 1522462.84   60  239 2279519.77 870267.259  61.8%  17.5 1380s
 327921 254600 1086839.61   42  289 2279519.77 870532.663  61.8%  17.5 1385s
 329480 255798 2272061.92   89  192 2279519.77 870826.592  61.8%  17.5 1390s
 330614 256673 1228839.98   50  270 2279519.77 870929.957  61.8%  17.5 1395s
 332012 257645 2225466.11   96  178 2279519.77 871060.948  61.8%  17.5 1400s
 333365 258791 1836176.74   66  230 2279519.77 871291.925  61.8%  17.5 1405s
 334712 259947 1370647.87   44  259 2279519.77 871507.928  61.8%  17.5 1410s
 336287 261158 930881.448   31  310 2279519.77 871683.635  61.8%  17.5 1415s
 337737 262318 1242682.95   53  261 2279519.77 871768.115  61.8%  17.5 1420s
 339005 263294 2048853.01   78  210 2279519.77 871962.551  61.7%  17.5 1425s
 340359 264408 2094515.47   76  204 2279519.77 872170.688  61.7%  17.5 1430s
 341788 265530 981907.560   26  317 2279519.77 872488.300  61.7%  17.5 1435s
 343241 266656 1717362.38   70  213 2279519.77 872695.804  61.7%  17.5 1440s
 344364 267501 1009725.94   36  298 2279519.77 872842.339  61.7%  17.5 1445s
 345735 268565 920793.609   28  317 2279519.77 873007.838  61.7%  17.5 1450s
 347164 269688 2219991.62   85  186 2279519.77 873223.024  61.7%  17.5 1455s
 348454 270762 1171892.51   45  280 2279519.77 873402.148  61.7%  17.5 1460s
 349932 271964 1590431.45   62  246 2279519.77 873584.123  61.7%  17.5 1465s
 351362 273077 1989656.58   83  208 2279519.77 873765.319  61.7%  17.5 1470s
 352629 274098 1794795.57   74  211 2279519.77 873921.525  61.7%  17.5 1475s
 354036 275250 2013824.58   86  184 2279519.77 874110.678  61.7%  17.5 1480s
 355340 276156 1482156.22   65  233 2279519.77 874239.625  61.6%  17.5 1485s
 356676 277280 1099417.15   42  287 2279519.77 874357.134  61.6%  17.5 1490s
 358191 278369     cutoff   91      2279519.77 874593.457  61.6%  17.5 1495s
 359544 279629 1869539.85   61  187 2279519.77 874767.705  61.6%  17.5 1500s
 361048 280741 1775089.26   73  224 2279519.77 874959.961  61.6%  17.5 1505s
 362707 282086 1109262.91   41  290 2279519.77 875206.893  61.6%  17.5 1510s
 364026 283108     cutoff   90      2279519.77 875307.038  61.6%  17.5 1515s
 365315 284210 1271911.57   51  264 2279519.77 875395.953  61.6%  17.5 1520s
 366815 285421 982507.944   31  308 2279519.77 875537.064  61.6%  17.5 1525s
 368213 286403 1024443.58   32  303 2279519.77 875670.349  61.6%  17.5 1530s
 369499 287559 972793.744   32  308 2279519.77 875841.621  61.6%  17.5 1535s
 370951 288671 1232965.42   49  271 2279519.77 875999.178  61.6%  17.5 1540s
 372328 289801 1309819.63   52  257 2279519.77 876216.965  61.6%  17.5 1545s
 373508 290793 1576891.73   60  241 2279519.77 876347.204  61.6%  17.5 1550s
 374970 291941 1904955.40   82  194 2279519.77 876517.890  61.5%  17.5 1555s
 376209 292954 1925707.76   77  209 2279519.77 876755.611  61.5%  17.5 1560s
 377523 293936     cutoff   90      2279519.77 877018.971  61.5%  17.5 1565s
 378899 295092 1767933.96   78  212 2279519.77 877225.936  61.5%  17.5 1570s
 380257 296199 913139.865   28  315 2279519.77 877413.075  61.5%  17.5 1575s
 381550 297285 1946924.66   88  186 2279519.77 877558.109  61.5%  17.5 1580s
 382901 298358 1483937.45   64  231 2279519.77 877697.076  61.5%  17.5 1585s
 383715 298792 1328195.99   54  256 2279519.77 877726.824  61.5%  17.5 1590s
 384721 299836 1711305.82   66  234 2279519.77 877897.319  61.5%  17.5 1595s
 385991 300818 2147557.61   81  209 2279519.77 878109.666  61.5%  17.5 1600s
 387350 301956 965064.370   32  306 2279519.77 878280.283  61.5%  17.5 1605s
 388884 303142 2065745.98   88  180 2279519.77 878400.614  61.5%  17.5 1610s
 390258 304176 1272201.03   48  271 2279519.77 878558.055  61.5%  17.5 1615s
 391713 305366 1094248.10   41  282 2279519.77 878810.787  61.4%  17.5 1620s
 392962 306364 1421016.83   61  254 2279519.77 879075.996  61.4%  17.5 1625s
 394522 307591 1012045.89   31  306 2279519.77 879220.864  61.4%  17.5 1630s
H394993 307929                    2279515.8894 879305.951  61.4%  17.5 1632s
 395504 308356 1193542.81   50  260 2279515.89 879374.820  61.4%  17.5 1635s
 396559 309228 1600054.81   67  240 2279515.89 879491.730  61.4%  17.5 1640s
 397827 310163 1609976.97   69  235 2279515.89 879690.304  61.4%  17.5 1645s
 399071 311212 961535.558   33  304 2279515.89 879818.829  61.4%  17.5 1650s
 400369 312195 2214480.79  101  160 2279515.89 879948.584  61.4%  17.5 1655s
 401869 313340 1491110.90   64  239 2279515.89 880202.176  61.4%  17.5 1660s
 403125 314384 1503223.83   64  233 2279515.89 880427.077  61.4%  17.5 1665s
 404501 315510 1059030.33   28  314 2279515.89 880577.629  61.4%  17.5 1670s
 405836 316547 1560813.20   59  245 2279515.89 880672.475  61.4%  17.5 1675s
 407215 317667 1717230.34   70  218 2279515.89 880779.783  61.4%  17.5 1680s
H407622 317854                    2279481.6330 880818.362  61.4%  17.5 1681s
 408284 318464 908943.983   27  316 2279481.63 880861.535  61.4%  17.5 1685s
 409316 319461 2001219.85   83  185 2279481.63 881000.873  61.4%  17.5 1690s
 410991 320832 1421240.83   56  254 2279481.63 881137.075  61.3%  17.5 1695s
 412308 321908 1195114.50   42  286 2279481.63 881272.161  61.3%  17.5 1700s
H413600 322822                    2279471.3095 881398.451  61.3%  17.5 1703s
 413912 323180 1317502.32   57  252 2279471.31 881435.684  61.3%  17.5 1705s
 415371 324452 1615439.21   63  228 2279471.31 881675.609  61.3%  17.5 1710s
 417013 325543 966247.505   26  321 2279471.31 881828.156  61.3%  17.5 1715s
 418492 326743     cutoff   90      2279471.31 882016.264  61.3%  17.5 1720s
 419850 327898 2206041.57   90  179 2279471.31 882176.356  61.3%  17.5 1725s
 421337 329062 1354736.57   58  253 2279471.31 882330.684  61.3%  17.5 1730s
 422880 330311 1309951.67   56  260 2279471.31 882555.461  61.3%  17.5 1735s
 424225 331381 1000297.29   35  298 2279471.31 882673.257  61.3%  17.5 1740s
 425866 332713 935672.645   27  316 2279471.31 882936.104  61.3%  17.5 1745s
H426288 332937                    2279470.3836 882993.949  61.3%  17.5 1747s
H426341 332936                    2279466.1992 882993.949  61.3%  17.5 1747s
H426342 332936                    2279460.0693 882993.949  61.3%  17.5 1747s
 426809 333249 1036766.66   35  298 2279460.07 883102.355  61.3%  17.5 1750s
 427740 334119 999803.182   31  312 2279460.07 883162.761  61.3%  17.5 1755s
 429416 335387 1483223.30   56  251 2279460.07 883370.217  61.2%  17.5 1760s
 430581 336395 1142968.06   45  269 2279460.07 883506.023  61.2%  17.5 1765s
 432031 337479     cutoff   94      2279460.07 883680.867  61.2%  17.5 1770s
 433440 338618 1498994.54   65  234 2279460.07 883810.898  61.2%  17.5 1775s
 434949 339759 1203591.74   46  272 2279460.07 883916.696  61.2%  17.5 1780s
 436439 341050 2113757.26   94  168 2279460.07 884128.326  61.2%  17.5 1785s
 437793 341984 2275872.96   85  197 2279460.07 884273.818  61.2%  17.5 1790s
H439037 342895                    2279452.6963 884489.786  61.2%  17.5 1794s
 439144 343124 1053344.67   35  297 2279452.70 884495.932  61.2%  17.5 1795s
 440762 344416 1223773.33   45  279 2279452.70 884649.469  61.2%  17.5 1800s
 441460 344886 1627601.34   74  218 2279452.70 884715.711  61.2%  17.5 1805s
 443169 346240 1493683.75   66  235 2279452.70 884971.763  61.2%  17.5 1810s
 444505 347355 1931549.89   84  193 2279452.70 885131.114  61.2%  17.5 1815s
 446209 348658 1483078.57   64  220 2279452.70 885263.291  61.2%  17.5 1820s
 447435 349718 982498.260   34  304 2279452.70 885442.368  61.2%  17.5 1825s
 448955 350809 1901878.74   72  223 2279452.70 885597.656  61.1%  17.5 1830s
 451006 352520 1041711.61   36  299 2279452.70 885909.264  61.1%  17.5 1835s
 452430 353612 2089899.93   83  191 2279452.70 886067.025  61.1%  17.5 1840s
 453870 354752 938589.799   29  311 2279452.70 886244.185  61.1%  17.5 1845s
 455329 356023 983164.667   35  302 2279452.70 886459.683  61.1%  17.5 1850s
 456769 357072 1048019.96   32  307 2279452.70 886592.536  61.1%  17.5 1855s
 458434 358436 2160814.17   86  198 2279452.70 886715.741  61.1%  17.5 1860s
 459821 359673 1057954.97   35  296 2279452.70 886845.693  61.1%  17.5 1865s
 461285 360732 1103120.93   35  286 2279452.70 887048.229  61.1%  17.5 1870s
 462723 361762 2244537.37   92  188 2279452.70 887268.624  61.1%  17.5 1875s
 464152 362944 1121598.83   38  286 2279452.70 887434.273  61.1%  17.5 1880s
 465912 364334 1812516.48   74  207 2279452.70 887613.811  61.1%  17.5 1885s
 467495 365532     cutoff   89      2279452.70 887771.840  61.1%  17.5 1890s
 468924 366807 1836271.70   74  217 2279452.70 887938.343  61.0%  17.5 1895s
 470280 367882 1643184.38   73  229 2279452.70 888028.759  61.0%  17.5 1900s
H470789 368176                    2279450.8538 888058.238  61.0%  17.5 1901s
H471707 369043                    2279450.5804 888112.841  61.0%  17.5 1905s
 472957 369907     cutoff   90      2279450.58 888310.836  61.0%  17.5 1910s
 474316 371038 1411030.40   62  245 2279450.58 888428.205  61.0%  17.5 1915s
 475375 371879 1101018.72   39  285 2279450.58 888515.543  61.0%  17.5 1920s
 476605 372896 950368.388   31  310 2279450.58 888637.861  61.0%  17.5 1925s
H477072 373219                    2279443.6915 888679.364  61.0%  17.5 1927s
 478039 374096 1009641.41   32  304 2279443.69 888773.458  61.0%  17.5 1930s
 479760 375367 1531357.58   61  243 2279443.69 888987.936  61.0%  17.5 1935s
 481422 376733 1691056.67   64  238 2279443.69 889159.359  61.0%  17.6 1940s
 483345 378196     cutoff   92      2279443.69 889348.954  61.0%  17.6 1945s
 484849 379381 1022451.47   34  304 2279443.69 889530.524  61.0%  17.6 1950s
 486319 380499 2137170.66   87  181 2279443.69 889673.900  61.0%  17.5 1955s
 487239 381314 2192712.31   80  198 2279443.69 889745.062  61.0%  17.6 1960s
 488825 382602 1621071.84   73  217 2279443.69 889833.979  61.0%  17.5 1965s
H489628 383085                    2279422.8896 889907.275  61.0%  17.5 1968s
 489861 383456 1534928.90   66  235 2279422.89 889929.427  61.0%  17.5 1970s
 491208 384508 1248973.11   46  272 2279422.89 890080.238  61.0%  17.6 1975s
 492727 385711 1237409.52   53  263 2279422.89 890273.017  60.9%  17.5 1980s
 494007 386812 1239677.60   50  265 2279422.89 890416.609  60.9%  17.5 1985s
 495668 388030 1170138.96   44  276 2279422.89 890559.573  60.9%  17.5 1990s
 497127 389231 1309298.73   52  261 2279422.89 890721.094  60.9%  17.5 1995s
 498674 390424 1340365.08   53  262 2279422.89 890841.644  60.9%  17.5 2000s
 500364 391826 1961191.33   83  192 2279422.89 890985.777  60.9%  17.5 2005s
 501892 393063 1090040.84   37  293 2279422.89 891164.685  60.9%  17.5 2010s
 503650 394365 1018578.13   29  310 2279422.89 891340.202  60.9%  17.5 2015s
 505788 396187 1140524.13   36  285 2279422.89 891513.164  60.9%  17.5 2020s
 508134 398039 2164593.80   92  168 2279422.89 891732.152  60.9%  17.5 2025s
 510361 399858 984721.568   30  310 2279422.89 891972.870  60.9%  17.5 2030s
 512725 401758 1779702.45   72  214 2279422.89 892181.665  60.9%  17.5 2035s
 515070 403626 1760110.86   77  222 2279422.89 892406.749  60.8%  17.5 2040s
 517570 405738 1019921.21   31  311 2279422.89 892669.665  60.8%  17.5 2045s
 520015 407570 1525124.96   56  243 2279422.89 892983.541  60.8%  17.5 2050s
 522568 409598 1046240.25   36  283 2279422.89 893306.140  60.8%  17.5 2055s
 524672 411184 1658635.95   72  216 2279422.89 893509.731  60.8%  17.5 2060s
 526005 412331 1637579.89   63  241 2279422.89 893630.767  60.8%  17.5 2065s
 527333 413336 1380705.51   57  259 2279422.89 893800.995  60.8%  17.5 2070s
 528722 414418 921745.745   29  314 2279422.89 893989.065  60.8%  17.5 2075s
 530131 415526 2237174.67   97  171 2279422.89 894121.391  60.8%  17.5 2080s
 531348 416404 2013238.48   81  192 2279422.89 894200.740  60.8%  17.5 2085s
 532516 417388 2245617.36   89  185 2279422.89 894345.080  60.8%  17.5 2090s
 534296 418794 1140712.16   38  287 2279422.89 894541.247  60.8%  17.5 2095s
 535712 420031 1154889.82   43  282 2279422.89 894677.961  60.7%  17.5 2100s
 537317 421171 1022200.21   29  312 2279422.89 894790.096  60.7%  17.5 2105s
 538695 422414 1681867.33   73  225 2279422.89 894912.368  60.7%  17.5 2110s
 540243 423540 1020668.59   30  310 2279422.89 895100.549  60.7%  17.5 2115s
 541689 424743 2150711.06   84  183 2279422.89 895221.135  60.7%  17.5 2120s
 543154 425913 1696826.42   72  210 2279422.89 895431.130  60.7%  17.5 2125s
 543760 426244 1990703.94   83  206 2279422.89 895461.212  60.7%  17.5 2130s
 544563 427064 1384793.19   54  257 2279422.89 895546.575  60.7%  17.5 2135s
 546413 428517 2116245.16   88  199 2279422.89 895781.878  60.7%  17.5 2140s
 547829 429660 963578.583   29  315 2279422.89 895952.130  60.7%  17.5 2145s
 549119 430626 1030338.28   30  306 2279422.89 896037.667  60.7%  17.5 2150s
 550487 431777 1054137.25   36  302 2279422.89 896185.146  60.7%  17.5 2155s
 551744 432802 2065107.79   84  198 2279422.89 896281.229  60.7%  17.5 2160s
 553349 434038 2028727.48   83  202 2279422.89 896416.397  60.7%  17.5 2165s
 554720 435131 941530.816   30  315 2279422.89 896549.181  60.7%  17.5 2170s
 556556 436540 1041624.03   26  317 2279422.89 896692.664  60.7%  17.5 2175s
H557442 437088                    2279420.3712 896721.082  60.7%  17.5 2177s
 557840 437495 966614.459   27  316 2279420.37 896785.195  60.7%  17.5 2180s
H557917 437495                    2279415.1485 896792.567  60.7%  17.5 2180s
 559129 438534 1331070.78   54  253 2279415.15 896892.589  60.7%  17.5 2185s
 560155 439443 1083707.13   30  306 2279415.15 897010.464  60.6%  17.5 2190s
 561666 440618 infeasible   83      2279415.15 897117.273  60.6%  17.5 2195s
 562801 441622 1980266.83   85  185 2279415.15 897188.627  60.6%  17.5 2200s
 564300 442782 2095922.65   90  197 2279415.15 897349.165  60.6%  17.5 2205s
 565468 443721 1083679.84   36  295 2279415.15 897464.637  60.6%  17.5 2210s
 566923 444882     cutoff   84      2279415.15 897624.732  60.6%  17.5 2215s
 568264 445967 1556016.09   61  239 2279415.15 897737.278  60.6%  17.5 2220s
 569775 447112 2146828.66   83  185 2279415.15 897871.969  60.6%  17.5 2225s
 570728 447833 941133.385   31  312 2279415.15 897971.374  60.6%  17.5 2230s
 572318 449133 1061115.52   35  301 2279415.15 898097.501  60.6%  17.5 2235s
 573975 450374 1627215.35   62  236 2279415.15 898224.088  60.6%  17.5 2240s
 575478 451578 infeasible   94      2279415.15 898360.335  60.6%  17.5 2245s
 576909 452820 1916014.77   85  197 2279415.15 898439.595  60.6%  17.5 2250s
 578391 453906 1642174.10   70  226 2279415.15 898504.560  60.6%  17.5 2255s
 579879 455137 1139991.10   39  288 2279415.15 898617.763  60.6%  17.5 2260s
 581120 456071 1261526.44   52  263 2279415.15 898688.769  60.6%  17.5 2265s
 582560 457268 2143905.45   88  189 2279415.15 898813.195  60.6%  17.5 2270s
 583779 458307 1249518.95   47  275 2279415.15 898895.609  60.6%  17.5 2275s
 585347 459547 1470007.96   58  245 2279415.15 899007.583  60.6%  17.5 2280s
 586756 460722 1197563.90   37  285 2279415.15 899081.119  60.6%  17.5 2285s
 588300 461942 958201.583   29  313 2279415.15 899198.987  60.6%  17.5 2290s
 589744 463078 2004259.45   77  206 2279415.15 899274.232  60.5%  17.5 2295s
 591250 464460 1107286.26   33  299 2279415.15 899362.945  60.5%  17.5 2300s
 592663 465566 1960045.56   76  215 2279415.15 899447.674  60.5%  17.5 2305s
 593090 465678 1107927.66   38  289 2279415.15 899456.236  60.5%  17.5 2313s
 593282 465912 1443903.83   56  255 2279415.15 899465.168  60.5%  17.5 2315s
 594642 467135 1368847.19   49  269 2279415.15 899596.144  60.5%  17.5 2320s
 596352 468500 1063924.21   38  294 2279415.15 899726.310  60.5%  17.5 2325s
 598109 469806 932562.792   29  319 2279415.15 899888.432  60.5%  17.5 2330s
 599382 470724 971730.208   33  307 2279415.15 899944.625  60.5%  17.5 2335s
 600806 471922 infeasible   95      2279415.15 900084.567  60.5%  17.5 2340s
 602399 473177 1128304.48   41  281 2279415.15 900273.119  60.5%  17.5 2345s
 603815 474298 1949584.38   82  210 2279415.15 900338.769  60.5%  17.5 2350s
 605289 475620 1742146.24   74  209 2279415.15 900493.781  60.5%  17.5 2355s
 606490 476563 1266702.68   44  278 2279415.15 900542.823  60.5%  17.5 2360s
 607950 477662 1264524.80   52  262 2279415.15 900699.227  60.5%  17.5 2365s
 609375 478743     cutoff  101      2279415.15 900837.765  60.5%  17.5 2370s
 610511 479697     cutoff   88      2279415.15 900895.886  60.5%  17.5 2375s
 612003 480908 960861.881   29  314 2279415.15 901046.007  60.5%  17.5 2380s
 613300 481877 1518703.45   58  245 2279415.15 901153.395  60.5%  17.5 2385s
 614623 482932 1816266.06   66  230 2279415.15 901304.861  60.5%  17.5 2390s
 616011 483975 1659951.00   69  233 2279415.15 901379.889  60.5%  17.5 2395s
 617370 485113 2244589.71   91  179 2279415.15 901548.265  60.4%  17.5 2400s
 618787 486309 1641967.52   69  216 2279415.15 901648.869  60.4%  17.5 2405s
 620169 487362 2217835.85  117  158 2279415.15 901750.708  60.4%  17.5 2410s
 621780 488657 1524133.01   58  255 2279415.15 901895.806  60.4%  17.5 2415s
 623254 489896 1586406.13   63  247 2279415.15 901978.757  60.4%  17.5 2420s
 624560 490955 976148.631   31  312 2279415.15 902077.397  60.4%  17.5 2425s
 626086 492159 1387502.95   55  262 2279415.15 902221.137  60.4%  17.5 2430s
 627261 493168 975792.554   31  312 2279415.15 902351.361  60.4%  17.5 2435s
 628751 494367 1109939.50   32  304 2279415.15 902546.749  60.4%  17.5 2440s
 630304 495553 1694859.83   76  214 2279415.15 902675.563  60.4%  17.5 2445s
 631475 496503 1014614.31   33  296 2279415.15 902738.411  60.4%  17.5 2450s
 633005 497714 988747.645   32  304 2279415.15 902889.340  60.4%  17.5 2455s
H634012 498475                    2279407.0749 902961.570  60.4%  17.5 2459s
 634230 498614 1034201.12   30  307 2279407.07 902969.805  60.4%  17.5 2460s
 635598 499678 1132673.99   41  286 2279407.07 903093.582  60.4%  17.5 2465s
 637017 500839 946998.774   26  316 2279407.07 903156.769  60.4%  17.5 2470s
 638352 501828 1027942.76   28  311 2279407.07 903255.558  60.4%  17.5 2475s
 639659 502858 2131691.00   75  211 2279407.07 903370.217  60.4%  17.5 2480s
 641059 504006     cutoff   86      2279407.07 903480.465  60.4%  17.5 2485s
 642507 505053 1442063.23   60  251 2279407.07 903596.908  60.4%  17.5 2490s
 643836 506089 1542022.27   60  239 2279407.07 903759.792  60.4%  17.5 2495s
 645123 507173 1506127.48   62  236 2279407.07 903881.301  60.3%  17.5 2500s
 646751 508254 1851702.77   78  202 2279407.07 904022.910  60.3%  17.5 2505s
H646753 508254                    2279399.4133 904022.910  60.3%  17.5 2505s
H646756 508249                    2279370.4011 904022.910  60.3%  17.5 2505s
H646760 508249                    2279370.3982 904022.910  60.3%  17.5 2505s
H647729 509083                    2279370.3907 904093.474  60.3%  17.5 2509s
 647882 509282 1416545.18   55  244 2279370.39 904098.261  60.3%  17.5 2510s
H648669 509820                    2279370.3672 904163.648  60.3%  17.5 2512s
 649443 510509 1031883.42   35  299 2279370.37 904235.890  60.3%  17.5 2515s
 650852 511682 919700.988   26  320 2279370.37 904321.021  60.3%  17.5 2520s
 652254 512786     cutoff   93      2279370.37 904449.903  60.3%  17.5 2525s
 653773 513940 1399096.13   53  257 2279370.37 904599.642  60.3%  17.5 2530s
 655272 515334 1212154.11   45  275 2279370.37 904679.875  60.3%  17.5 2535s
 656858 516401 1014434.73   31  305 2279370.37 904773.073  60.3%  17.5 2540s
 658320 517654 944652.000   28  318 2279370.37 904895.986  60.3%  17.5 2545s
 659845 518804 1384780.54   54  258 2279370.37 905032.935  60.3%  17.5 2550s
 661303 520037 1876460.49   81  202 2279370.37 905159.294  60.3%  17.5 2555s
H661417 520036                    2279363.0224 905159.294  60.3%  17.5 2555s
H661633 520165                    2279352.5058 905184.580  60.3%  17.5 2556s
H662700 521134                    2279348.9580 905238.656  60.3%  17.5 2560s
 663954 522131 1315573.01   43  268 2279348.96 905355.725  60.3%  17.5 2565s
 665465 523379 1972728.92   75  212 2279348.96 905451.250  60.3%  17.5 2570s
H665841 523526                    2279348.8541 905481.918  60.3%  17.5 2571s
 666739 524419 1185471.38   45  275 2279348.85 905565.566  60.3%  17.5 2575s
 668086 525410 1138161.84   40  284 2279348.85 905659.768  60.3%  17.5 2580s
 669589 526550 2132659.77   85  183 2279348.85 905777.901  60.3%  17.5 2585s
 670977 527664 1884275.38   80  209 2279348.85 905887.397  60.3%  17.5 2590s
 672196 528655 1996088.57   81  204 2279348.85 905949.313  60.3%  17.5 2595s
 673612 529798 2257073.01   83  198 2279348.85 906020.713  60.3%  17.5 2600s
 675106 531079 1077707.46   37  297 2279348.85 906134.157  60.2%  17.5 2605s
 676740 532272 997190.454   33  303 2279348.85 906253.313  60.2%  17.5 2610s
 678210 533591 1282820.93   50  259 2279348.85 906341.482  60.2%  17.5 2615s
H678484 533627                    2279344.9763 906355.023  60.2%  17.5 2616s
H678563 533761                    2279344.6713 906355.023  60.2%  17.5 2617s
 679223 534411 991377.831   34  307 2279344.67 906408.888  60.2%  17.5 2620s
H679751 534746                    2279344.5180 906420.789  60.2%  17.5 2622s
 680484 535431 1302265.71   50  266 2279344.52 906478.592  60.2%  17.5 2625s
 681947 536600 2215141.05   83  194 2279344.52 906534.402  60.2%  17.5 2630s
 683391 537733 1496557.71   63  237 2279344.52 906676.927  60.2%  17.5 2635s
 684640 538741 1281374.84   49  265 2279344.52 906756.367  60.2%  17.5 2640s
 686749 540422 1093806.86   33  297 2279344.52 906934.225  60.2%  17.5 2645s
 688886 542105 1954500.70   88  186 2279344.52 907043.310  60.2%  17.5 2650s
 690970 543831 1825870.57   75  225 2279344.52 907195.923  60.2%  17.5 2655s
 692248 544841 1699649.26   68  232 2279344.52 907274.398  60.2%  17.5 2660s
 693777 546049 2188864.03  113  157 2279344.52 907337.153  60.2%  17.5 2665s
 695010 547044 2268281.95  136  152 2279344.52 907404.232  60.2%  17.5 2670s
 696828 548488 1347110.36   57  249 2279344.52 907501.338  60.2%  17.5 2675s
 699121 550350 1726683.58   69  227 2279344.52 907634.809  60.2%  17.5 2680s
 701186 551896     cutoff   89      2279344.52 907813.814  60.2%  17.5 2685s
 702647 553100 1009561.24   34  310 2279344.52 907904.286  60.2%  17.5 2690s
 704159 554347 943732.758   30  317 2279344.52 907998.777  60.2%  17.5 2695s
 705689 555484 986389.447   29  317 2279344.52 908110.737  60.2%  17.5 2700s
 707198 556741 2139402.95   92  181 2279344.52 908224.938  60.2%  17.5 2705s
 708769 557945 2199371.17   90  182 2279344.52 908381.975  60.1%  17.5 2710s
 710283 559270 1519711.37   65  239 2279344.52 908478.308  60.1%  17.5 2715s
 711896 560419 1438365.22   51  258 2279344.52 908555.501  60.1%  17.5 2720s
 713216 561562 1622920.76   61  240 2279344.52 908631.219  60.1%  17.5 2725s
 714439 562519 2112153.61   83  202 2279344.52 908751.990  60.1%  17.5 2730s
 715854 563711 1279428.99   48  275 2279344.52 908882.177  60.1%  17.5 2735s
 717095 564698 1057404.61   31  311 2279344.52 908969.468  60.1%  17.5 2740s
 718451 565725 1233136.67   43  281 2279344.52 909125.823  60.1%  17.5 2745s
 719902 566860 1795031.91   68  231 2279344.52 909210.571  60.1%  17.5 2750s
 721193 567868     cutoff   88      2279344.52 909296.104  60.1%  17.5 2755s
 722473 568902 1006668.24   31  311 2279344.52 909376.210  60.1%  17.5 2760s
H722797 569059                    2279338.9449 909406.662  60.1%  17.5 2761s
H722923 569205                    2279338.8388 909419.775  60.1%  17.5 2764s
 723073 569360     cutoff   89      2279338.84 909421.395  60.1%  17.5 2765s
H723928 569987                    2279334.7327 909494.832  60.1%  17.5 2769s
 724124 570110     cutoff   90      2279334.73 909497.614  60.1%  17.5 2770s
 725175 571062 963886.761   30  315 2279334.73 909563.874  60.1%  17.5 2775s
H725960 571540                    2279313.8048 909595.681  60.1%  17.5 2777s
 726505 572114 1893660.80   76  212 2279313.80 909629.007  60.1%  17.5 2780s
 727709 573102 1853960.36   75  213 2279313.80 909712.134  60.1%  17.5 2785s
 728737 573821 1784261.22   70  213 2279313.80 909795.926  60.1%  17.5 2790s
 729990 574922 1288713.07   48  275 2279313.80 909917.303  60.1%  17.5 2795s
 731605 576130 1842640.40   73  224 2279313.80 910025.495  60.1%  17.5 2800s
 732806 577176 1103291.44   36  297 2279313.80 910125.395  60.1%  17.5 2805s
 734041 578126 1357988.83   47  279 2279313.80 910183.770  60.1%  17.5 2810s
 735338 579241 1042297.15   35  303 2279313.80 910251.609  60.1%  17.5 2815s
 736627 580283 1830317.03   81  189 2279313.80 910321.033  60.1%  17.5 2820s
 738150 581491 1369333.54   54  252 2279313.80 910404.235  60.1%  17.5 2825s
H738555 581719                    2279308.4977 910446.452  60.1%  17.5 2827s
H738623 581778                    2279308.4872 910453.131  60.1%  17.5 2828s
H738677 581955                    2279308.4106 910453.131  60.1%  17.5 2829s
 738904 582151 1982700.07   88  179 2279308.41 910472.956  60.1%  17.5 2830s
 740219 583192 1954690.64   75  208 2279308.41 910554.666  60.1%  17.5 2835s
 741567 584174 infeasible   89      2279308.41 910631.729  60.0%  17.5 2840s
H741874 584347                    2279298.0425 910646.693  60.0%  17.5 2841s
H742200 584683                    2279265.5539 910651.416  60.0%  17.5 2842s
 742876 585217 1150961.99   33  294 2279265.55 910749.110  60.0%  17.5 2845s
H743456 585577                    2279258.1365 910762.434  60.0%  17.5 2846s
 743977 586133 1016094.69   29  315 2279258.14 910794.723  60.0%  17.5 2850s
H744404 586477                    2279255.6714 910799.256  60.0%  17.5 2851s
 745609 587373 1304578.81   49  263 2279255.67 910883.682  60.0%  17.5 2855s
H745693 587373                    2279255.6708 910883.682  60.0%  17.5 2855s
 746923 588440     cutoff   94      2279255.67 911001.582  60.0%  17.5 2860s
H746925 588440                    2279255.6693 911001.582  60.0%  17.5 2860s
 748483 589806 1278098.32   43  280 2279255.67 911056.021  60.0%  17.5 2865s
 748912 590035 1521404.36   63  240 2279255.67 911063.550  60.0%  17.5 2870s
 750090 591094 2189781.82   91  168 2279255.67 911117.310  60.0%  17.5 2875s
 751503 592113 1026039.14   33  301 2279255.67 911172.719  60.0%  17.5 2880s
 753200 593383 1015863.06   35  303 2279255.67 911296.851  60.0%  17.5 2885s
 754620 594567 1217873.69   42  275 2279255.67 911383.982  60.0%  17.5 2890s
 756336 595841 1065473.90   30  309 2279255.67 911489.576  60.0%  17.5 2895s
 757631 596858 1729452.60   66  233 2279255.67 911588.892  60.0%  17.5 2900s
 759055 598032 1236243.84   46  270 2279255.67 911683.136  60.0%  17.5 2905s
 760223 598978 1456029.61   56  259 2279255.67 911750.718  60.0%  17.5 2910s
 761851 600185 1968654.69   86  179 2279255.67 911904.604  60.0%  17.5 2915s
 763219 601263 963529.988   30  310 2279255.67 911962.532  60.0%  17.5 2920s
 764765 602485     cutoff   92      2279255.67 912035.507  60.0%  17.5 2925s
 766267 603682     cutoff   88      2279255.67 912117.408  60.0%  17.5 2930s
 768138 605278 996797.981   34  301 2279255.67 912245.744  60.0%  17.5 2935s
 769734 606501 2046727.03   85  201 2279255.67 912342.269  60.0%  17.5 2940s
 771096 607652 1214091.06   44  278 2279255.67 912442.260  60.0%  17.5 2945s
 772617 608875 1743336.90   67  218 2279255.67 912511.199  60.0%  17.5 2950s
 774424 610316 1375730.65   51  257 2279255.67 912647.431  60.0%  17.5 2955s
 776151 611716 1557264.04   62  249 2279255.67 912789.320  60.0%  17.5 2960s
 777381 612667 2214773.66   83  186 2279255.67 912914.480  59.9%  17.5 2965s
 778886 613920 infeasible   87      2279255.67 913029.173  59.9%  17.5 2970s
 780281 615066 1562507.19   64  241 2279255.67 913088.287  59.9%  17.5 2975s
 781913 616284 1363904.89   54  257 2279255.67 913157.334  59.9%  17.5 2980s
 783214 617309 1234519.70   44  277 2279255.67 913236.514  59.9%  17.5 2985s
 784846 618740 1161515.91   41  284 2279255.67 913339.562  59.9%  17.5 2990s
 786898 620261 infeasible   90      2279255.67 913433.812  59.9%  17.5 2995s
H788266 621418                    2279255.4305 913503.167  59.9%  17.5 3001s
 789169 622142 1468908.00   58  242 2279255.43 913586.556  59.9%  17.5 3005s
 790470 623136 1851383.04   73  209 2279255.43 913625.889  59.9%  17.5 3010s
 791660 624066 1705782.59   65  219 2279255.43 913671.629  59.9%  17.5 3015s
H792529 624580                    2279254.6723 913696.068  59.9%  17.5 3019s
 792622 624790 950452.542   30  314 2279254.67 913713.784  59.9%  17.5 3020s
 794135 625957 1602506.97   69  213 2279254.67 913804.125  59.9%  17.5 3025s
 796027 627499 1722728.64   70  209 2279254.67 913954.903  59.9%  17.5 3030s
 797281 628598 977496.732   29  312 2279254.67 913984.964  59.9%  17.5 3035s
 798761 629712 1071164.89   37  298 2279254.67 914076.361  59.9%  17.5 3040s
 800112 630765 1789518.53   74  206 2279254.67 914129.145  59.9%  17.5 3045s
 801496 631846     cutoff   97      2279254.67 914202.246  59.9%  17.5 3050s
 802995 633016 1093084.75   38  296 2279254.67 914300.222  59.9%  17.5 3055s
 804516 634239     cutoff   86      2279254.67 914385.845  59.9%  17.5 3060s
H805117 634621                    2279252.6388 914425.581  59.9%  17.5 3063s
 805203 634796 1033197.31   32  309 2279252.64 914430.307  59.9%  17.5 3065s
H805292 634796                    2279252.5488 914430.307  59.9%  17.5 3065s
 806461 635805 1075425.86   32  308 2279252.55 914529.732  59.9%  17.5 3070s
 807997 636985 2211349.07   85  196 2279252.55 914598.459  59.9%  17.5 3075s
 809098 637933 1266303.75   47  273 2279252.55 914666.924  59.9%  17.5 3080s
 810738 639202 1947633.03   81  187 2279252.55 914726.615  59.9%  17.5 3085s
 811986 640177 956172.537   31  311 2279252.55 914786.880  59.9%  17.5 3090s
 813008 640967 infeasible   92      2279252.55 914863.398  59.9%  17.5 3095s
 814233 642000 965058.260   33  305 2279252.55 914931.536  59.9%  17.5 3100s
 815626 643048 1757838.21   73  220 2279252.55 915002.944  59.9%  17.5 3105s
 818046 644937 1261514.67   51  262 2279252.55 915158.384  59.8%  17.5 3110s
 820331 646772 2257194.22   90  184 2279252.55 915307.031  59.8%  17.5 3115s
 822207 648370 1869076.00   79  215 2279252.55 915383.321  59.8%  17.5 3120s
 823764 649546 1055427.63   38  303 2279252.55 915479.125  59.8%  17.5 3125s
 825913 651247 2087349.37   83  206 2279252.55 915604.657  59.8%  17.5 3130s
 828212 653131 2009655.45   84  197 2279252.55 915735.302  59.8%  17.5 3135s
 830342 654817     cutoff   91      2279252.55 915863.001  59.8%  17.5 3140s
 832545 656563 2254715.56   87  181 2279252.55 915965.122  59.8%  17.5 3145s
 834804 658390 1917512.47   68  234 2279252.55 916097.224  59.8%  17.5 3150s
 836972 660034 2214448.35   92  175 2279252.55 916221.118  59.8%  17.5 3155s
 838908 661660 994006.788   33  305 2279252.55 916306.394  59.8%  17.5 3160s
 841147 663426 1194775.70   46  278 2279252.55 916398.384  59.8%  17.5 3165s
 843291 665178 1224417.11   43  283 2279252.55 916501.794  59.8%  17.5 3170s
 844723 666215 1102663.91   32  300 2279252.55 916604.427  59.8%  17.5 3175s
 846278 667327 1560389.36   58  244 2279252.55 916707.585  59.8%  17.5 3180s
 847536 668373 2216113.90   74  148 2279252.55 916749.764  59.8%  17.5 3185s
 849090 669640 1776100.32   65  242 2279252.55 916856.730  59.8%  17.5 3190s
 850648 670757 1393335.56   58  256 2279252.55 916932.499  59.8%  17.5 3195s
 851841 671820 1235800.76   43  277 2279252.55 917024.733  59.8%  17.5 3200s
 853113 672823 1007675.31   28  316 2279252.55 917083.112  59.8%  17.5 3205s
 854585 674053 957265.930   32  315 2279252.55 917178.124  59.8%  17.5 3210s
 855953 675136 2180231.34   88  188 2279252.55 917262.155  59.8%  17.5 3215s
 857267 676168 1198834.97   43  281 2279252.55 917337.962  59.8%  17.5 3220s
 858430 677094     cutoff   95      2279252.55 917374.239  59.8%  17.5 3225s
 859820 678238 1453281.78   58  255 2279252.55 917464.882  59.7%  17.5 3230s
 861460 679491 2007740.36   77  201 2279252.55 917564.657  59.7%  17.5 3235s
 863479 681078 1793307.05   70  226 2279252.55 917695.210  59.7%  17.5 3240s
H864702 682008                    2279252.5113 917735.327  59.7%  17.5 3244s
 864815 682010 1075434.06   35  301 2279252.51 917762.162  59.7%  17.5 3248s
 864913 682196 1477666.67   61  249 2279252.51 917762.162  59.7%  17.5 3250s
H865438 682613                    2279252.4821 917781.660  59.7%  17.5 3253s
 865787 682951 2159314.77   89  188 2279252.48 917800.948  59.7%  17.5 3255s
 867015 683968     cutoff   90      2279252.48 917873.696  59.7%  17.5 3260s
 868382 685004 1343884.78   50  269 2279252.48 917951.996  59.7%  17.5 3265s
 869439 685903 1850131.66   80  212 2279252.48 918018.298  59.7%  17.5 3270s
 870789 686965 1099119.81   31  307 2279252.48 918086.632  59.7%  17.5 3275s
 872133 688082 1059830.94   35  304 2279252.48 918145.590  59.7%  17.5 3280s
 873552 689188 1227838.13   43  278 2279252.48 918223.290  59.7%  17.5 3285s
 875249 690361 1289770.63   51  265 2279252.48 918280.930  59.7%  17.5 3290s
 876549 691499 973297.655   28  311 2279252.48 918368.144  59.7%  17.5 3295s
 878118 692583 1786098.99   75  208 2279252.48 918432.996  59.7%  17.5 3300s
 879252 693625 1838247.15   76  207 2279252.48 918477.678  59.7%  17.5 3305s
 880485 694608 1423922.51   56  245 2279252.48 918527.636  59.7%  17.5 3310s
 882090 695921 1367133.37   43  262 2279252.48 918605.237  59.7%  17.5 3315s
 883356 696913 2133544.67   87  182 2279252.48 918688.992  59.7%  17.5 3320s
 884893 698083 2109103.09   89  194 2279252.48 918753.977  59.7%  17.5 3325s
 886289 699114 2157186.99   93  168 2279252.48 918795.966  59.7%  17.5 3330s
 887882 700464 977496.141   29  316 2279252.48 918879.785  59.7%  17.5 3335s
 889211 701542 1276859.56   45  278 2279252.48 918958.055  59.7%  17.5 3340s
 890601 702598 2022003.48   74  202 2279252.48 919006.481  59.7%  17.5 3345s
 892290 703838 1383292.08   52  261 2279252.48 919111.379  59.7%  17.5 3350s
 893699 705025 1414668.65   56  249 2279252.48 919237.972  59.7%  17.5 3355s
 894977 706129 2075748.08   86  184 2279252.48 919303.884  59.7%  17.5 3360s
 896643 707403 1821201.61   68  225 2279252.48 919371.764  59.7%  17.5 3365s
 897966 708444 1859039.40   75  220 2279252.48 919427.145  59.7%  17.5 3370s
 899425 709692     cutoff   92      2279252.48 919524.243  59.7%  17.5 3375s
 900681 710702 988359.457   29  308 2279252.48 919598.890  59.7%  17.5 3380s
 902170 711862 1556199.16   67  239 2279252.48 919708.483  59.6%  17.5 3385s
 903269 712842 2176672.03   85  189 2279252.48 919748.524  59.6%  17.5 3390s
 904815 713980 1487940.26   53  245 2279252.48 919805.470  59.6%  17.5 3395s
 906074 715007 1443340.80   58  246 2279252.48 919924.396  59.6%  17.5 3400s
 907596 716224 1312216.66   49  264 2279252.48 920057.450  59.6%  17.5 3405s
 909094 717404 2212468.14   90  194 2279252.48 920144.933  59.6%  17.5 3410s
 910472 718503 1057517.53   31  306 2279252.48 920232.554  59.6%  17.5 3415s
 911988 719617 1842306.39   73  223 2279252.48 920311.559  59.6%  17.5 3420s
 913957 721154 1062151.59   32  304 2279252.48 920418.437  59.6%  17.5 3425s
 916236 722936 1021679.40   32  303 2279252.48 920482.343  59.6%  17.5 3430s
 918413 724691 1973625.61   85  188 2279252.48 920598.461  59.6%  17.5 3435s
 920559 726453 1160063.39   39  292 2279252.48 920728.820  59.6%  17.5 3440s
 922695 728032 1826891.91   72  225 2279252.48 920854.006  59.6%  17.5 3445s
 923946 729036 1028930.06   30  311 2279252.48 920898.019  59.6%  17.5 3450s
 925252 730103     cutoff   87      2279252.48 920936.743  59.6%  17.5 3455s
 926602 731188 1079485.99   38  287 2279252.48 921031.044  59.6%  17.5 3460s
 927802 732122 1808785.67   76  204 2279252.48 921071.609  59.6%  17.5 3465s
 929513 733402 1403302.77   58  249 2279252.48 921200.120  59.6%  17.5 3470s
 930901 734528 1469271.60   59  244 2279252.48 921295.071  59.6%  17.5 3475s
 932936 736212 1180184.12   41  281 2279252.48 921403.713  59.6%  17.5 3480s
 934510 737387 2159345.00   89  180 2279252.48 921494.095  59.6%  17.5 3485s
 936032 738548 1069407.24   35  292 2279252.48 921566.145  59.6%  17.5 3490s
 937623 739755 2219958.87  101  158 2279252.48 921654.111  59.6%  17.5 3495s
 937995 739996 1336207.54   51  264 2279252.48 921672.432  59.6%  17.5 3501s
 938396 740352 1058979.70   36  302 2279252.48 921684.060  59.6%  17.5 3505s
 939690 741429 1373596.54   51  259 2279252.48 921777.554  59.6%  17.5 3510s
 941135 742575 2188615.38   90  174 2279252.48 921858.428  59.6%  17.5 3515s
 942602 743784 2103528.79   82  186 2279252.48 921925.413  59.6%  17.5 3520s
 944097 744981 1059253.27   30  311 2279252.48 922015.836  59.5%  17.5 3525s
 945326 746009 infeasible   92      2279252.48 922064.727  59.5%  17.5 3530s
 946742 747160 1061233.73   37  301 2279252.48 922116.229  59.5%  17.5 3535s
 948088 748237 1010891.94   31  307 2279252.48 922203.759  59.5%  17.5 3540s
 949492 749373 995637.383   31  307 2279252.48 922270.667  59.5%  17.5 3545s
 950796 750438 1356151.09   54  252 2279252.48 922328.926  59.5%  17.5 3550s
 952376 751646     cutoff   88      2279252.48 922393.301  59.5%  17.5 3555s
 953665 752693 993823.058   32  310 2279252.48 922471.272  59.5%  17.5 3560s
 955177 753979 2211509.41   82  201 2279252.48 922551.787  59.5%  17.5 3565s
 956576 755145 1870286.97   76  191 2279252.48 922611.461  59.5%  17.5 3570s
 957997 756293 1229081.29   45  279 2279252.48 922663.218  59.5%  17.5 3575s
 959542 757453 2028006.88   78  213 2279252.48 922740.916  59.5%  17.5 3580s
 960992 758652 1097768.03   34  300 2279252.48 922845.297  59.5%  17.5 3585s
 962185 759606 1050852.42   33  302 2279252.48 922925.780  59.5%  17.5 3590s
 963839 760915 990521.741   31  311 2279252.48 922979.141  59.5%  17.5 3595s
 965579 762314 1393952.19   51  262 2279252.48 923027.580  59.5%  17.5 3600s

Cutting planes:
  Implied bound: 81
  MIR: 205
  Flow cover: 192
  Inf proof: 1
  RLT: 32
  Relax-and-lift: 2

Explored 965762 nodes (16910514 simplex iterations) in 3600.07 seconds (2070.55 work units)
Thread count was 2 (of 24 available processors)

Solution count 10: 2.27925e+06 2.27925e+06 2.27925e+06 ... 2.27931e+06

Time limit reached
Best objective 2.279252482121e+06, best bound 9.230275799204e+05, gap 59.5031%
