
Gurobi 11.0.3 (linux64, Java) logging started sex 06 dez 2024 09:36:51 -03

Set parameter Username
Academic license - for non-commercial use only - expires 2025-10-10
Set parameter NonConvex to value 2
Set parameter TimeLimit to value 3600
Set parameter LogToConsole to value 0
Set parameter MIPGap to value 1.1439385627166870e-07
Set parameter Threads to value 2
Set parameter NodefileDir to value "/home/ps12398/experiment_hosp/goalProgrammingMarcos/"
Set parameter NodefileStart to value 1
Gurobi Optimizer version 11.0.3 build v11.0.3rc0 (linux64)

CPU model: Intel(R) Xeon(R) CPU           X5650  @ 2.67GHz, instruction set [SSE2]
Thread count: 12 physical cores, 24 logical processors, using up to 2 threads

Optimize a model with 59756 rows, 40194 columns and 172116 nonzeros
Model fingerprint: 0x9cc23401
Model has 146 quadratic constraints
Variable types: 20028 continuous, 20166 integer (141 binary)
Coefficient statistics:
  Matrix range     [7e-03, 2e+06]
  QMatrix range    [7e-03, 5e+04]
  QLMatrix range   [1e+00, 5e+04]
  Objective range  [1e+00, 2e+07]
  Bounds range     [1e+00, 1e+08]
  RHS range        [1e+00, 1e+06]
Presolve removed 59124 rows and 39388 columns
Presolve time: 0.13s
Presolved: 1708 rows, 1133 columns, 37570 nonzeros
Presolved model has 2 SOS constraint(s)
Presolved model has 141 bilinear constraint(s)

Solving non-convex MIQCP

Variable types: 520 continuous, 613 integer (143 binary)
Found heuristic solution: objective 5862486.1477

Root relaxation: objective 0.000000e+00, 230 iterations, 0.01 seconds (0.01 work units)

    Nodes    |    Current Node    |     Objective Bounds      |     Work
 Expl Unexpl |  Obj  Depth IntInf | Incumbent    BestBd   Gap | It/Node Time

     0     0    0.00000    0  246 5862486.15    0.00000   100%     -    0s
H    0     0                    4208956.3961    0.00000   100%     -    0s
     0     0 327798.744    0  276 4208956.40 327798.744  92.2%     -    0s
H    0     0                    3233672.4009 349931.250  89.2%     -    0s
     0     0 349931.250    0  276 3233672.40 349931.250  89.2%     -    0s
     0     0 461003.271    0  314 3233672.40 461003.271  85.7%     -    0s
H    0     0                    3079611.2515 471159.424  84.7%     -    0s
     0     0 471159.424    0  319 3079611.25 471159.424  84.7%     -    0s
     0     0 479044.290    0  362 3079611.25 479044.290  84.4%     -    0s
     0     0 489003.503    0  365 3079611.25 489003.503  84.1%     -    1s
     0     0 489003.503    0  361 3079611.25 489003.503  84.1%     -    1s
     0     0 489003.503    0  361 3079611.25 489003.503  84.1%     -    1s
H    0     2                    3069966.6593 489003.503  84.1%     -    1s
     0     2 489003.503    0  361 3069966.66 489003.503  84.1%     -    1s
H   31    33                    3058898.5748 524734.161  82.8%  30.0    2s
H   59    69                    3058530.1145 524734.161  82.8%  25.5    2s
H  103   105                    3008398.8522 524734.161  82.6%  24.0    2s
H  738   763                    2906341.6983 524734.161  81.9%  14.6    4s
  1180  1209 1546157.83   71  188 2906341.70 538426.118  81.5%  12.5    5s
H 1188  1160                    2826091.3015 538426.118  80.9%  12.6    5s
H 1265  1252                    2776943.7631 538426.118  80.6%  12.8    5s
H 2041  2072                    2752362.1772 538426.118  80.4%   8.7    6s
H 2246  2230                    2745160.8273 538426.118  80.4%   8.3    6s
H 2320  2120                    2719845.1375 538426.118  80.2%   8.3    8s
  2324  2122 940987.407   37  270 2719845.14 646960.049  76.2%   8.3   10s
H 2333  2021                    2643967.3367 697844.700  73.6%   8.2   14s
  2335  2023 1906581.96  340  306 2643967.34 697844.700  73.6%   8.2   15s
H 2339  1924                    2624067.0604 703966.468  73.2%   8.2   16s
H 2347  1833                    2611788.5056 706516.885  72.9%   8.2   17s
  2359  1841 2611788.51 1080  306 2611788.51 713974.971  72.7%   8.1   20s
H 2390  1770                    2560101.9701 714659.770  72.1%  10.7   23s
H 2417  1701                    2549379.2748 714659.770  72.0%  11.7   25s
H 2444  1637                    2548083.4150 714659.770  72.0%  12.3   26s
H 2446  1557                    2400665.2387 714659.770  70.2%  12.4   26s
H 2475  1502                    2399570.7194 714659.770  70.2%  12.7   26s
H 2501  1449                    2359386.2366 714659.770  69.7%  13.1   28s
H 2530  1403                    2359047.1916 714659.770  69.7%  13.6   30s
H 2533  1338                    2294423.5484 714659.770  68.9%  13.6   30s
H 2565  1308                    2284140.1858 714659.770  68.7%  13.9   31s
H 2600  1278                    2279215.3031 714659.770  68.6%  14.0   31s
H 2608  1221                    2262450.4509 714659.770  68.4%  14.1   31s
H 2674  1233                    2260561.2364 714659.770  68.4%  14.5   33s
H 2711  1207                    2257616.5020 714659.770  68.3%  14.5   33s
  2746  1217 1710029.12   88  178 2257616.50 714659.770  68.3%  14.4   38s
H 2838  1236                    2233562.9262 714659.770  68.0%  14.6   39s
H 2903  1253                    2225519.7320 714659.770  67.9%  14.3   39s
  2949  1303 1924182.69  126  155 2225519.73 714659.770  67.9%  14.2   40s
H 2983  1249                    2221680.0841 714659.770  67.8%  14.0   40s
H 3014  1230                    2219467.5586 714659.770  67.8%  14.0   40s
H 3059  1228                    2218215.6043 714659.770  67.8%  14.0   41s
H 3119  1248                    2215262.7226 714659.770  67.7%  14.4   42s
H 3289  1307                    2198913.7040 714659.770  67.5%  15.3   43s
H 3403  1442                    2194777.3885 714659.770  67.4%  15.7   44s
H 3479  1384                    2142603.0124 714659.770  66.6%  15.7   45s
H 3918  1618                    2140240.9220 714659.770  66.6%  14.9   46s
H 4179  1694                    2117324.3112 714659.770  66.2%  16.2   48s
  4259  1756 1729176.03   75  231 2117324.31 714659.770  66.2%  17.1   50s
H 4297  1643                    2087933.4748 716253.799  65.7%  17.7   51s
H 4325  1649                    2087607.7432 717153.370  65.6%  17.9   51s
  4499  1877 1114390.87   50  261 2087607.74 738636.898  64.6%  19.2   55s
H 4937  2594                    2086843.3044 738636.898  64.6%  18.4   58s
H 5436  2891                    2081274.5353 738636.898  64.5%  17.4   59s
  5594  3132 1915039.71  303  145 2081274.54 738636.898  64.5%  17.1   60s
H 6088  3386                    2081196.4776 738819.217  64.5%  17.3   62s
  6250  3485 909705.849   31  324 2081196.48 738819.217  64.5%  18.8   65s
H 6302  3540                    2080963.5465 738819.217  64.5%  19.1   66s
H 6559  4073                    2079424.4992 738819.217  64.5%  19.6   70s
  7688  5079 2003494.23  400  139 2079424.50 738819.217  64.5%  19.7   75s
H 8040  5270                    2078663.4868 749090.945  64.0%  20.2   79s
H 8141  5319                    2078488.9169 749090.945  64.0%  20.3   79s
  8190  5602 1684420.57   98  168 2078488.92 749090.945  64.0%  20.3   80s
H 8403  5602                    2077459.6322 749090.945  63.9%  20.1   80s
H 9115  6236                    2077177.0131 750835.887  63.9%  20.6   84s
  9167  6348 1035791.73   38  314 2077177.01 750835.887  63.9%  20.9   85s
H 9279  6503                    2076534.2670 750835.887  63.8%  21.1   87s
 10004  7148 832842.994   22  378 2076534.27 752861.975  63.7%  21.0   91s
H10055  7148                    2076477.0843 752861.975  63.7%  21.1   91s
H10481  7606                    2076213.7984 752861.975  63.7%  21.0   94s
H10588  7839                    2076058.7100 752861.975  63.7%  21.1   95s
H11068  8288                    2075467.2263 761269.113  63.3%  21.0   98s
 11432  8484 853843.543   18  382 2075467.23 763649.732  63.2%  21.1  101s
H11582  8591                    2075084.6785 763649.732  63.2%  21.3  102s
H11631  8834                    2075084.6781 763649.732  63.2%  21.4  104s
 11898  8962 2036522.30  233  156 2075084.68 764180.899  63.2%  21.3  105s
H11952  8962                    2075019.9068 764180.899  63.2%  21.4  105s
H12140  9143                    2074682.5302 764472.904  63.2%  21.6  107s
 12533  9903 1893106.04  177  158 2074682.53 764472.904  63.2%  21.5  111s
H12822  9903                    2074652.3406 764472.904  63.2%  21.1  111s
H13100 10099                    2074651.2515 764472.904  63.2%  21.1  113s
H13361 10299                    2074424.0505 764581.864  63.1%  21.4  115s
H13458 10420                    2074424.0416 764581.864  63.1%  21.6  116s
 13826 10677 887035.227   23  387 2074424.04 766633.649  63.0%  22.0  120s
H14178 10966                    2074386.0652 769223.371  62.9%  22.6  124s
 14228 11034 868725.857   21  376 2074386.07 772460.927  62.8%  22.7  125s
H14427 11211                    2074381.0529 775484.902  62.6%  23.1  127s
 14709 11614 1903549.88  160  162 2074381.05 775484.902  62.6%  23.3  130s
H15171 11888                    2074328.8790 775484.902  62.6%  23.3  133s
 15389 12180 1252827.88   36  332 2074328.88 776900.125  62.5%  23.5  136s
H15593 12370                    2074297.4928 776900.125  62.5%  23.5  137s
 16080 12750     cutoff   83      2074297.49 777406.461  62.5%  23.6  140s
H16205 12837                    2074297.2792 777769.976  62.5%  23.8  141s
H16416 13007                    2074291.9107 778752.529  62.5%  23.9  144s
 16504 13266 1529011.71   53  272 2074291.91 782134.790  62.3%  24.1  145s
 17247 13860 1044440.23   41  301 2074291.91 786807.619  62.1%  24.2  150s
 17831 14257 826193.560   22  386 2074291.91 789776.539  61.9%  24.5  155s
 18369 14674 1435117.60   50  270 2074291.91 792746.983  61.8%  24.9  160s
 18888 15517 1920477.37  119  159 2074291.91 796475.563  61.6%  25.2  166s
 19722 15874 1025708.47   28  343 2074291.91 798576.750  61.5%  25.0  170s
 20161 16379 1577359.41   72  218 2074291.91 799705.313  61.4%  25.4  175s
 21102 17319 864222.112   25  377 2074291.91 802123.136  61.3%  25.2  180s
 21713 17720 1015909.71   32  343 2074291.91 804136.571  61.2%  25.6  186s
 22241 18185 1301107.13   39  292 2074291.91 805630.783  61.2%  25.8  191s
 23342 19215 877654.342   26  361 2074291.91 806163.206  61.1%  25.2  195s
 23928 19740 1104938.51   37  313 2074291.91 807397.508  61.1%  25.5  201s
 24580 20242 1100535.37   38  310 2074291.91 809529.446  61.0%  25.4  205s
 25152 20775 967489.495   34  339 2074291.91 810883.946  60.9%  25.5  210s
 25694 21189 1150396.61   36  314 2074291.91 811817.812  60.9%  25.8  215s
 26174 21692     cutoff   72      2074291.91 813435.611  60.8%  26.2  221s
 26641 22058 1811648.15   70  204 2074291.91 815153.437  60.7%  26.2  225s
 27243 22599 905647.882   24  369 2074291.91 820311.180  60.5%  26.5  230s
 27877 23048 2038166.80   93  153 2074291.91 822947.987  60.3%  26.6  236s
 27966 23185 1588892.56   59  235 2074291.91 823198.579  60.3%  26.6  240s
 28551 23622 1393005.75   50  284 2074291.91 824100.797  60.3%  26.8  245s
H29005 23954                    2074291.9092 824324.381  60.3%  27.0  249s
 29009 24077 1917504.70  146  149 2074291.91 824324.381  60.3%  27.0  251s
 29496 24456 984034.585   26  361 2074291.91 825366.817  60.2%  27.2  256s
 29804 24793 1307416.21   40  290 2074291.91 825857.691  60.2%  27.5  261s
 30234 25183 1410074.51   59  248 2074291.91 827935.539  60.1%  27.6  265s
 30884 25731 1159453.45   41  304 2074291.91 829245.418  60.0%  27.7  270s
 31980 26742 992401.905   28  355 2074291.91 830263.896  60.0%  27.6  276s
 32362 27058 1949264.09   70  216 2074291.91 830923.965  59.9%  27.8  280s
H32389 26552                    2054716.3222 830923.965  59.6%  27.8  280s
 32894 26986     cutoff   78      2054716.32 832028.087  59.5%  27.8  285s
H33557 27583                    2054613.4051 832028.087  59.5%  27.7  290s
 34274 28230 1372136.21   59  249 2054613.41 833271.598  59.4%  27.9  296s
H34645 28460                    2053963.3660 833528.628  59.4%  28.2  301s
 34913 28797 1970193.63   86  183 2053963.37 833963.087  59.4%  28.2  306s
 35499 29239 1758481.39   63  225 2053963.37 834824.955  59.4%  28.3  311s
 35860 29527 1167158.82   48  270 2053963.37 835915.850  59.3%  28.6  315s
 36372 29987 1996369.46   84  176 2053963.37 836451.898  59.3%  28.6  320s
 37099 30559 1229813.21   38  295 2053963.37 838031.134  59.2%  28.7  326s
 37608 31030 1752736.53   75  198 2053963.37 838472.161  59.2%  28.8  331s
 37901 31287 1867866.96   57  248 2053963.37 838785.266  59.2%  28.9  335s
 38564 31960 1883865.23   80  178 2053963.37 839465.055  59.1%  29.2  341s
 39122 32347 1288403.25   44  286 2053963.37 839752.937  59.1%  29.1  345s
 39659 32793 914317.883   25  356 2053963.37 840866.285  59.1%  29.2  350s
H39837 32915                    2053929.7567 840894.488  59.1%  29.2  352s
 40193 33216 1378490.19   46  281 2053929.76 841561.941  59.0%  29.2  356s
H40651 33504                    2053919.4583 842096.641  59.0%  29.3  359s
 40693 33639 1171206.93   31  320 2053919.46 842440.815  59.0%  29.3  361s
H40969 33825                    2053688.4428 842613.173  59.0%  29.5  364s
 41094 34015 1033287.52   31  344 2053688.44 842989.239  59.0%  29.6  366s
 41550 34852 1728604.47   83  187 2053688.44 843017.960  59.0%  29.6  370s
H42381 29409                    1974228.3467 843064.826  57.3%  29.4  379s
 42383 29464 1525805.12   54  231 1974228.35 843259.536  57.3%  29.4  380s
 42793 29730 1889637.15   68  227 1974228.35 844309.123  57.2%  29.5  385s
 43186 30281 1615006.99   96  163 1974228.35 844520.997  57.2%  29.7  391s
 43856 30789 1886501.55  289  144 1974228.35 844736.922  57.2%  29.6  395s
 44555 31302 1942010.07  102  151 1974228.35 845326.809  57.2%  29.6  400s
 45045 31841 1104446.04   36  302 1974228.35 846472.234  57.1%  29.8  405s
 45631 32174 1270941.97   34  312 1974228.35 847073.463  57.1%  29.8  411s
 45896 32376 1432545.18   56  250 1974228.35 847273.583  57.1%  30.0  415s
 46342 32868 1052312.53   29  348 1974228.35 847751.024  57.1%  30.2  420s
 46872 33294 1004222.57   26  366 1974228.35 848214.020  57.0%  30.3  425s
 47698 33864 1235406.50   33  332 1974228.35 848305.184  57.0%  30.1  431s
 47961 34093 1620726.09   66  221 1974228.35 848791.910  57.0%  30.3  435s
 48663 34567 1047616.37   29  327 1974228.35 849388.655  57.0%  30.2  440s
 49148 34942 1696069.01   61  255 1974228.35 849953.858  56.9%  30.3  446s
 49966 35754 929296.905   20  374 1974228.35 850603.304  56.9%  30.3  451s
 50670 36274 1704744.21   79  186 1974228.35 852215.030  56.8%  30.4  455s
 51223 36836 987242.742   31  360 1974228.35 852830.345  56.8%  30.6  460s
 52078 37605 1962039.97  245  152 1974228.35 853100.953  56.8%  30.6  466s
 52518 37971 975370.439   21  368 1974228.35 853800.000  56.8%  30.7  470s
 53055 38374 954201.612   31  352 1974228.35 854188.862  56.7%  30.8  475s
 53547 38983 1854001.24  131  157 1974228.35 854326.056  56.7%  30.8  481s
 54051 39246     cutoff   77      1974228.35 854582.952  56.7%  30.7  485s
 54474 39608 1272492.91   39  307 1974228.35 854981.163  56.7%  30.9  490s
 54986 40062 1542121.76   60  224 1974228.35 855413.624  56.7%  31.0  495s
H55368 40297                    1974228.3427 855904.140  56.6%  31.0  499s
H55392 40282                    1974019.8087 855904.140  56.6%  31.0  499s
 55441 40399 1303791.20   42  312 1974019.81 855904.140  56.6%  31.0  501s
 55913 40828 1166947.08   34  330 1974019.81 856512.090  56.6%  31.1  506s
 56414 41164 1027126.51   32  335 1974019.81 857248.263  56.6%  31.2  511s
 56820 41682 915955.308   20  363 1974019.81 857510.259  56.6%  31.1  515s
 57558 42158 1053143.47   34  329 1974019.81 858209.197  56.5%  31.2  521s
 57977 42477 899836.051   23  377 1974019.81 858780.620  56.5%  31.2  525s
 58450 43424 1233430.15   46  281 1974019.81 859360.203  56.5%  31.3  531s
 59233 43622 1210835.21   34  336 1974019.81 859554.984  56.5%  31.1  535s
 59678 43941 1686073.19   56  225 1974019.81 859925.678  56.4%  31.3  540s
 60206 44386 1740951.88   77  201 1974019.81 860526.557  56.4%  31.3  545s
 60692 45037 1430153.75   52  245 1974019.81 860936.740  56.4%  31.4  551s
 61271 45249     cutoff   85      1974019.81 861151.946  56.4%  31.3  555s
 61727 45671 1734896.56   70  215 1974019.81 861522.725  56.4%  31.4  560s
 62221 46139 1837334.33   94  171 1974019.81 862054.367  56.3%  31.5  565s
 62784 46620 996910.669   25  360 1974019.81 862252.590  56.3%  31.5  570s
H62805 46619                    1974006.8360 862252.590  56.3%  31.6  570s
H63337 46318                    1965866.6239 863168.318  56.1%  31.6  574s
 63465 46468 1314161.21   50  277 1965866.62 863686.776  56.1%  31.6  575s
 64101 46995 1008103.05   35  314 1965866.62 863952.517  56.1%  31.7  580s
H64567 47234                    1965582.9449 864390.368  56.0%  31.7  584s
H64587 47345                    1965433.7072 864390.368  56.0%  31.7  585s
 64952 47674 961457.426   29  353 1965433.71 864562.900  56.0%  31.8  590s
 65568 48196     cutoff   81      1965433.71 864947.422  56.0%  31.8  595s
 65812 48435 1867262.44   76  212 1965433.71 865351.916  56.0%  31.8  600s
 66356 48915 1322936.97   57  243 1965433.71 866225.240  55.9%  31.9  605s
 66750 49410 1573639.96   83  179 1965433.71 866412.886  55.9%  31.9  610s
 67540 49807 1955774.43   89  165 1965433.71 866974.943  55.9%  31.8  615s
 68309 50524 1328006.85   41  293 1965433.71 867900.112  55.8%  31.9  621s
H68442 50470                    1965011.3690 867940.472  55.8%  31.9  621s
 68806 50962 1533959.46   68  232 1965011.37 868128.205  55.8%  31.9  626s
H68869 50957                    1964992.6815 868128.205  55.8%  31.9  626s
 69297 51413 1683344.13   58  229 1964992.68 868412.046  55.8%  31.9  630s
H69882 51878                    1964945.5364 869296.404  55.8%  32.0  636s
 70467 52347 989007.645   32  355 1964945.54 869869.576  55.7%  32.0  641s
 70821 52778 1907107.68   90  161 1964945.54 870003.601  55.7%  32.0  645s
H71085 52771                    1964413.3974 870003.601  55.7%  32.0  646s
 71316 53063     cutoff   87      1964413.40 870392.055  55.7%  32.0  650s
H71420 53008                    1964030.5177 870471.191  55.7%  32.1  650s
 71849 53637 994990.861   32  341 1964030.52 870972.097  55.7%  32.1  656s
H72170 53633                    1964003.7097 870972.097  55.7%  32.0  656s
 72496 53944 1425628.93   52  258 1964003.71 871221.598  55.6%  32.0  660s
H72821 54201                    1963938.4756 871481.496  55.6%  32.1  664s
 72900 54505 1554195.49   74  215 1963938.48 871547.486  55.6%  32.1  667s
 73466 54760 1927368.32   64  217 1963938.48 871890.765  55.6%  32.0  670s
H73481 54750                    1963840.2375 871890.765  55.6%  32.0  670s
 73924 55193 1336315.22   39  299 1963840.24 872219.882  55.6%  32.1  675s
 74436 55597 1958542.20   85  173 1963840.24 872521.415  55.6%  32.1  681s
H74545 55592                    1963777.7891 872644.756  55.6%  32.1  681s
 74775 56012 1857760.46   76  198 1963777.79 872677.050  55.6%  32.1  685s
 75303 56388 1276065.69   52  286 1963777.79 872821.533  55.6%  32.3  691s
 75707 56716 1623007.30   56  242 1963777.79 873111.400  55.5%  32.4  696s
 76000 56962 1024449.40   30  356 1963777.79 873433.852  55.5%  32.4  700s
H76210 57041                    1963341.9535 873548.540  55.5%  32.5  701s
 76440 57327 1578586.60   62  231 1963341.95 873788.643  55.5%  32.5  705s
 77043 57796 1078684.97   33  323 1963341.95 874453.752  55.5%  32.5  711s
H77258 57837                    1963323.2302 874502.569  55.5%  32.5  712s
H77400 57953                    1963119.0438 874587.373  55.4%  32.6  714s
 77462 58097 1182913.00   39  310 1963119.04 874637.790  55.4%  32.6  716s
 77790 58443 982122.915   27  358 1963119.04 874722.632  55.4%  32.6  720s
 78439 58911 1630355.93   58  236 1963119.04 874782.678  55.4%  32.6  726s
 78716 59183     cutoff   84      1963119.04 874985.119  55.4%  32.7  730s
 79090 59449     cutoff   86      1963119.04 875150.754  55.4%  32.8  735s
 79483 59877 1827250.80   89  163 1963119.04 875305.109  55.4%  32.9  741s
 79907 60465 1504061.36   61  240 1963119.04 875421.208  55.4%  32.9  746s
 80512 60690     cutoff   78      1963119.04 875673.773  55.4%  32.8  750s
H80818 60943                    1962844.7506 875738.688  55.4%  32.9  754s
 80967 61061 1072400.82   31  335 1962844.75 875852.935  55.4%  32.9  756s
 81279 61277 1609271.26   69  208 1962844.75 875931.397  55.4%  33.0  760s
 81717 61690 1704318.61   54  263 1962844.75 876182.019  55.4%  33.0  765s
 82208 62222 943441.188   23  369 1962844.75 876706.599  55.3%  33.1  771s
 82680 62509 895991.141   23  383 1962844.75 877214.116  55.3%  33.1  775s
H82996 62856                    1962669.3184 877269.374  55.3%  33.2  779s
 83282 63011 933170.861   22  359 1962669.32 877400.020  55.3%  33.2  781s
 83773 63389 955646.280   27  368 1962669.32 877729.165  55.3%  33.1  785s
 84320 63833 1022259.39   25  360 1962669.32 878017.162  55.3%  33.2  791s
 84631 63984 1713859.26   71  207 1962669.32 878020.448  55.3%  33.2  795s
 84909 64561 1226895.13   47  292 1962669.32 878069.164  55.3%  33.2  801s
 85656 65017 989848.882   31  353 1962669.32 878449.181  55.2%  33.2  806s
 86007 65361 1419860.24   64  234 1962669.32 878808.039  55.2%  33.3  810s
 86425 65690 1752066.30   67  245 1962669.32 879038.299  55.2%  33.2  815s
 86943 66088 899253.306   26  389 1962669.32 879393.839  55.2%  33.3  821s
 87322 66369 1710334.08   62  255 1962669.32 879571.297  55.2%  33.3  825s
 87960 67041 977189.399   30  342 1962669.32 879963.948  55.2%  33.3  831s
H88335 67110                    1962158.8036 880012.012  55.2%  33.3  834s
 88382 67238 1845329.71   81  178 1962158.80 880026.526  55.2%  33.3  836s
H88680 67507                    1962098.8661 880095.560  55.1%  33.4  840s
H88780 67449                    1961569.9131 880204.621  55.1%  33.4  840s
 89321 68014     cutoff   81      1961569.91 880419.302  55.1%  33.4  846s
 89731 68339 1192708.02   39  321 1961569.91 880824.578  55.1%  33.4  850s
 90055 68641     cutoff   83      1961569.91 881098.570  55.1%  33.5  855s
H90074 68635                    1961451.4932 881098.570  55.1%  33.5  855s
H90666 68976                    1960460.8397 881178.397  55.1%  33.5  861s
 90958 69229 1049388.53   26  352 1960460.84 881381.851  55.0%  33.5  866s
 91333 69550 1002867.70   26  356 1960460.84 881703.714  55.0%  33.6  870s
H91497 69545                    1960410.7298 881729.855  55.0%  33.6  870s
 91983 70123 1423346.02   48  253 1960410.73 881792.181  55.0%  33.6  876s
 92436 70535 1817405.17   86  173 1960410.73 881963.601  55.0%  33.6  881s
H92526 70495                    1960209.4445 881963.601  55.0%  33.6  881s
 92910 70895 948873.190   21  373 1960209.44 882479.476  55.0%  33.6  886s
 93400 71386 1874891.00   80  177 1960209.44 882541.482  55.0%  33.6  890s
H93441 71332                    1959751.0559 882541.482  55.0%  33.6  890s
H93864 71343                    1958805.5554 882759.440  54.9%  33.6  892s
 94045 71628 1812681.75   60  263 1958805.56 882781.515  54.9%  33.6  896s
 94396 71890 929621.735   24  353 1958805.56 883027.174  54.9%  33.7  900s
H94908 72285                    1958515.2639 883245.417  54.9%  33.7  906s
 95296 72638     cutoff   85      1958515.26 883402.518  54.9%  33.7  910s
 95623 73130 1379308.80   58  247 1958515.26 883439.958  54.9%  33.7  915s
H96004 73153                    1958424.2982 883439.958  54.9%  33.7  916s
 96191 73745 1222344.15   51  284 1958424.30 883554.425  54.9%  33.7  921s
 96939 74172 1389094.60   56  248 1958424.30 883627.022  54.9%  33.6  925s
H97213 74223                    1958290.1515 883817.240  54.9%  33.6  926s
 97540 74759 951597.294   23  359 1958290.15 884030.458  54.9%  33.6  930s
H97899 74803                    1957677.0445 884030.458  54.8%  33.6  931s
 98375 75286 1598855.07   69  225 1957677.04 884257.754  54.8%  33.7  936s
 98829 75778 1333330.33   65  249 1957677.04 884369.581  54.8%  33.6  940s
 99411 76078 1069200.58   32  348 1957677.04 884391.207  54.8%  33.6  945s
 99876 76488 959062.986   20  376 1957677.04 884832.358  54.8%  33.7  950s
 100782 77285 914067.293   24  387 1957677.04 885163.900  54.8%  33.6  956s
 101205 77640 903081.402   21  391 1957677.04 885470.062  54.8%  33.6  960s
 101537 78131 1459586.25   71  228 1957677.04 885550.515  54.8%  33.7  965s
 102377 78601 1096989.88   33  334 1957677.04 885837.306  54.8%  33.6  970s
 102718 79021     cutoff   90      1957677.04 885871.423  54.7%  33.6  975s
 103437 79505 1201413.99   43  274 1957677.04 886255.159  54.7%  33.6  980s
 103929 79946 966937.230   26  371 1957677.04 886363.617  54.7%  33.6  986s
 104116 79975 1339853.53   45  281 1957677.04 886369.729  54.7%  33.6  993s
 104221 80182 1143887.25   39  309 1957677.04 886479.609  54.7%  33.6  996s
 104544 80638 1168668.32   38  292 1957677.04 886573.137  54.7%  33.6 1001s
 105112 81044 1816446.38   94  160 1957677.04 886637.907  54.7%  33.6 1005s
 105765 81773 1256942.37   41  289 1957677.04 886761.862  54.7%  33.6 1011s
 106509 82187 1369182.49   46  277 1957677.04 886855.061  54.7%  33.5 1016s
 106908 82483 1584207.32   52  235 1957677.04 887014.010  54.7%  33.6 1020s
 107417 82958 1321018.03   44  268 1957677.04 887266.852  54.7%  33.6 1025s
 107914 83392 987292.763   27  377 1957677.04 887494.166  54.7%  33.6 1031s
 108344 83807 1518492.71   57  221 1957677.04 887671.581  54.7%  33.6 1036s
 108816 84078 1856853.33   65  234 1957677.04 887978.494  54.6%  33.7 1041s
 109089 84424 1487954.42   53  246 1957677.04 888131.757  54.6%  33.7 1045s
 109724 84889 985307.257   22  376 1957677.04 888357.192  54.6%  33.7 1051s
 110323 85442 959280.519   25  393 1957677.04 888581.591  54.6%  33.7 1056s
 110688 85764 1474511.29   48  258 1957677.04 888800.869  54.6%  33.7 1061s
 111044 86049 1268802.39   49  273 1957677.04 889061.737  54.6%  33.7 1065s
 111532 86391 1114625.86   32  342 1957677.04 889085.949  54.6%  33.7 1070s
 112026 86798 961922.356   26  374 1957677.04 889261.291  54.6%  33.7 1076s
 112377 87083 1148835.82   37  334 1957677.04 889404.995  54.6%  33.7 1080s
 112692 87554 1636965.01   83  190 1957677.04 889434.897  54.6%  33.8 1085s
 113439 88104 1016475.08   31  351 1957677.04 889842.525  54.5%  33.7 1091s
 113884 88421 1006313.41   28  358 1957677.04 890138.590  54.5%  33.7 1095s
 114340 88938 1037699.55   33  342 1957677.04 890285.935  54.5%  33.8 1100s
 115052 89458 1001375.37   28  346 1957677.04 890685.164  54.5%  33.8 1106s
 115423 89789 1196017.14   38  300 1957677.04 890905.293  54.5%  33.8 1110s
 116009 90239 1068626.42   28  355 1957677.04 891103.439  54.5%  33.8 1116s
 116337 90575 1010350.91   28  350 1957677.04 891207.755  54.5%  33.8 1120s
 116958 91056 1025464.51   30  358 1957677.04 891509.421  54.5%  33.8 1126s
 117472 91510 958049.706   24  365 1957677.04 891906.788  54.4%  33.9 1131s
 118089 92002 1684604.14   70  203 1957677.04 892378.849  54.4%  33.9 1135s
 118799 92753 1122804.83   44  299 1957677.04 892486.384  54.4%  33.9 1140s
 119432 93136 969583.164   28  374 1957677.04 892602.053  54.4%  33.9 1147s
 119866 93546 1633964.43   65  219 1957677.04 892712.357  54.4%  34.0 1151s
 120555 94103 1219426.09   38  316 1957677.04 892984.422  54.4%  33.9 1156s
 120917 94532 1059062.30   29  351 1957677.04 893249.785  54.4%  34.0 1160s
 121824 95393 1533714.59   55  230 1957677.04 893608.230  54.4%  33.9 1166s
 122589 95864 938960.345   26  377 1957677.04 893760.499  54.3%  33.9 1171s
 122913 96218 1919839.87  112  167 1957677.04 893861.429  54.3%  33.9 1175s
 123527 96663 infeasible   84      1957677.04 894028.746  54.3%  33.9 1180s
 123910 96969 931380.182   24  379 1957677.04 894305.088  54.3%  33.9 1185s
 124342 97239 1929650.76   65  222 1957677.04 894329.654  54.3%  34.0 1190s
 124909 97821 1013288.70   26  357 1957677.04 894598.691  54.3%  34.0 1196s
 125345 98194 1179894.09   41  302 1957677.04 894786.694  54.3%  34.0 1201s
 125692 98841 1123225.06   34  321 1957677.04 894932.319  54.3%  34.1 1206s
 126610 99220 1086323.73   32  342 1957677.04 895067.074  54.3%  34.0 1211s
 126909 99551 1012676.49   32  335 1957677.04 895372.826  54.3%  34.0 1215s
 127540 100028 1955549.88   81  192 1957677.04 895581.028  54.3%  34.0 1221s
H127897 100191                    1957372.4496 895713.360  54.2%  34.0 1223s
 127898 100302 1108691.53   35  300 1957372.45 895732.519  54.2%  34.0 1225s
 128384 100666 1242214.87   44  273 1957372.45 895948.055  54.2%  34.0 1230s
 128716 100969 1254370.00   41  294 1957372.45 896135.607  54.2%  34.0 1235s
H128957 101013                    1957372.4454 896140.356  54.2%  34.0 1236s
 129195 101340 1248249.89   39  290 1957372.45 896215.475  54.2%  34.0 1240s
 129774 101922 919512.133   25  378 1957372.45 896302.771  54.2%  34.0 1245s
H130241 102085                    1956829.3090 896414.298  54.2%  34.0 1248s
 130339 102196 985429.716   22  364 1956829.31 896495.653  54.2%  34.0 1251s
 130626 102485 1627550.34   62  212 1956829.31 896564.820  54.2%  34.0 1255s
H130941 102730                    1956224.2675 896595.498  54.2%  34.0 1259s
H131152 102900                    1956209.5895 896687.763  54.2%  34.0 1261s
H131342 103070                    1956108.7847 896697.249  54.2%  34.0 1263s
H131452 102967                    1955465.3083 896719.047  54.1%  34.0 1263s
 131540 103091 1868235.12   75  186 1955465.31 896895.600  54.1%  34.0 1265s
 131985 103428 994436.004   23  365 1955465.31 897001.097  54.1%  34.1 1271s
 132284 103740 1015404.62   27  345 1955465.31 897179.375  54.1%  34.1 1275s
H132573 103872                    1955455.7826 897294.481  54.1%  34.1 1277s
H132836 104156                    1955190.0858 897312.674  54.1%  34.1 1281s
 133283 104596 1936218.59  207  164 1955190.09 897536.834  54.1%  34.1 1285s
 133684 104921 1166761.02   41  281 1955190.09 897687.524  54.1%  34.1 1290s
H133857 105176                    1955146.4294 897713.495  54.1%  34.1 1292s
 134120 105363 1879173.27  149  162 1955146.43 897728.782  54.1%  34.1 1295s
 134381 105432 1221302.81   48  285 1955146.43 897801.073  54.1%  34.1 1304s
 134460 105542 984614.576   22  382 1955146.43 897847.419  54.1%  34.1 1307s
 134708 105797 1823237.58   70  207 1955146.43 897947.133  54.1%  34.1 1312s
H134981 105932                    1955076.9419 898104.815  54.1%  34.1 1313s
H135064 106056                    1954946.0136 898112.299  54.1%  34.1 1316s
 135443 106504 1670857.78   80  201 1954946.01 898170.206  54.1%  34.1 1321s
H135943 106862                    1954875.0218 898254.817  54.1%  34.1 1325s
H136402 107087                    1954716.6653 898470.432  54.0%  34.1 1329s
 136446 107258 1048887.89   30  323 1954716.67 898592.363  54.0%  34.1 1331s
 136749 107486 1009384.63   27  353 1954716.67 898711.153  54.0%  34.1 1335s
 137120 108051 1433042.92   54  248 1954716.67 898823.725  54.0%  34.1 1340s
 137846 108413 1259994.72   39  311 1954716.67 898981.174  54.0%  34.1 1345s
 138403 108901 1376706.77   46  263 1954716.67 899225.407  54.0%  34.1 1351s
 138803 109237 957038.534   28  353 1954716.67 899358.058  54.0%  34.1 1356s
 139163 109614 1008406.18   27  360 1954716.67 899503.872  54.0%  34.1 1361s
 139654 109956 1022656.34   29  349 1954716.67 899677.750  54.0%  34.0 1365s
 140136 110517 1688465.61   67  206 1954716.67 899816.058  54.0%  34.1 1372s
 140756 110880 997434.146   25  357 1954716.67 899968.753  54.0%  34.0 1376s
 141179 111596 1403138.60   56  246 1954716.67 900012.349  54.0%  34.0 1381s
 142369 112376 1692993.27   73  195 1954716.67 900043.784  54.0%  33.8 1385s
 142884 112878 1941456.16   83  184 1954716.67 900292.669  53.9%  33.8 1391s
 143240 113362 1120183.75   30  335 1954716.67 900378.321  53.9%  33.8 1395s
 144013 113784 1889045.95   65  226 1954716.67 900449.235  53.9%  33.8 1400s
 144539 114262 1454772.87   62  230 1954716.67 900829.338  53.9%  33.8 1405s
 144873 114603 1489642.50   63  239 1954716.67 900900.052  53.9%  33.8 1410s
 145399 115008 997576.647   25  365 1954716.67 901059.454  53.9%  33.9 1416s
 145804 115288 1027451.38   30  351 1954716.67 901155.294  53.9%  33.9 1420s
H145851 115266                    1954458.6783 901155.294  53.9%  33.9 1420s
 146340 115773 1100255.55   35  318 1954458.68 901271.173  53.9%  33.9 1425s
 146717 116176 1731659.10   74  208 1954458.68 901330.110  53.9%  33.9 1431s
H147156 116372                    1954413.2431 901399.018  53.9%  33.9 1434s
 147293 116544 1709225.43   72  218 1954413.24 901499.263  53.9%  33.9 1437s
 147678 116808 1067875.76   26  355 1954413.24 901563.768  53.9%  33.9 1440s
 148086 117162 989625.115   28  351 1954413.24 901685.192  53.9%  34.0 1445s
 148517 117713 1779525.02   99  167 1954413.24 901690.226  53.9%  34.0 1451s
 149242 118193 1243682.03   39  309 1954413.24 901896.454  53.9%  33.9 1456s
 149732 118588 1877600.07   73  201 1954413.24 902053.915  53.8%  33.9 1460s
 150330 119146 1819002.52   82  200 1954413.24 902190.489  53.8%  34.0 1466s
 150916 119704 1527585.23   63  241 1954413.24 902270.298  53.8%  34.0 1471s
 151346 120010 1774810.38   75  204 1954413.24 902369.046  53.8%  34.0 1475s
 152182 120717 1925032.25  339  155 1954413.24 902479.574  53.8%  33.9 1480s
 152585 121021 1637174.87   56  240 1954413.24 902563.469  53.8%  34.0 1485s
H152994 121321                    1954356.1090 902763.612  53.8%  34.1 1489s
 153041 121463 929316.823   30  365 1954356.11 902777.444  53.8%  34.1 1491s
 153506 121797 1240099.02   39  322 1954356.11 902898.974  53.8%  34.1 1496s
 153953 122284 1459967.56   48  271 1954356.11 902974.087  53.8%  34.1 1501s
 154390 122618 1584292.83   62  228 1954356.11 903157.671  53.8%  34.1 1505s
 154930 123074 1575301.33   54  255 1954356.11 903402.072  53.8%  34.1 1511s
 155383 123397 1615325.68   63  218 1954356.11 903517.414  53.8%  34.1 1515s
 155931 123842 1433298.52   55  254 1954356.11 903641.417  53.8%  34.2 1521s
 156243 124129 1643441.42   66  232 1954356.11 903777.279  53.8%  34.2 1526s
 156729 124527     cutoff  166      1954356.11 903791.431  53.8%  34.2 1530s
 157045 124802 1925593.60   76  192 1954356.11 903857.378  53.8%  34.2 1535s
 157520 125423 1808805.84  144  154 1954356.11 904061.807  53.7%  34.2 1540s
 158270 125874 937870.373   23  376 1954356.11 904306.077  53.7%  34.2 1546s
 158618 126243 940094.815   24  370 1954356.11 904492.994  53.7%  34.2 1551s
 159100 126636 1006008.21   31  353 1954356.11 904644.401  53.7%  34.3 1555s
 159834 127172     cutoff   90      1954356.11 904727.264  53.7%  34.3 1561s
 160294 127592 1907072.27  175  160 1954356.11 904763.099  53.7%  34.3 1565s
 160873 128092 1041958.27   33  339 1954356.11 904981.343  53.7%  34.4 1571s
 161527 128675 1174737.23   32  330 1954356.11 905110.268  53.7%  34.4 1576s
 161876 128905 968043.580   24  378 1954356.11 905182.577  53.7%  34.4 1580s
H162016 129272                    1954116.0163 905191.396  53.7%  34.4 1582s
 162625 129674 1355975.18   51  249 1954116.02 905295.489  53.7%  34.3 1586s
 163087 129937 1205028.97   38  315 1954116.02 905400.337  53.7%  34.3 1590s
 163701 130386 1487247.59   55  243 1954116.02 905579.138  53.7%  34.3 1596s
 164032 130749 967253.202   27  370 1954116.02 905642.210  53.7%  34.3 1600s
 164769 131396 1141928.93   40  299 1954116.02 905805.871  53.6%  34.3 1606s
 165271 131782 988327.345   25  364 1954116.02 905923.918  53.6%  34.3 1610s
 165863 132300 1320963.01   47  271 1954116.02 905976.513  53.6%  34.3 1615s
 166402 132704 1432907.73   51  261 1954116.02 906123.807  53.6%  34.3 1621s
 166681 133062 1470105.50   65  225 1954116.02 906173.390  53.6%  34.3 1625s
 167315 133537 1877236.63   81  186 1954116.02 906336.776  53.6%  34.3 1630s
 167876 134015     cutoff   84      1954116.02 906560.862  53.6%  34.4 1636s
 168395 134371     cutoff   62      1954116.02 906734.572  53.6%  34.4 1641s
 168695 134647 1091722.33   31  330 1954116.02 906977.298  53.6%  34.4 1645s
 169284 135215 1792383.12   84  192 1954116.02 907018.290  53.6%  34.4 1651s
 169672 135478 984600.464   27  375 1954116.02 907101.311  53.6%  34.4 1655s
 170190 135961 1334660.11   43  291 1954116.02 907222.251  53.6%  34.4 1661s
 170575 136294 1375505.94   56  237 1954116.02 907300.766  53.6%  34.4 1665s
 171288 136785     cutoff   82      1954116.02 907503.989  53.6%  34.5 1670s
 171773 137213 1192193.81   44  289 1954116.02 907564.402  53.6%  34.6 1675s
 172356 137743 1002647.50   25  353 1954116.02 907704.623  53.5%  34.6 1682s
 172704 138068 1531677.45   53  273 1954116.02 907774.668  53.5%  34.6 1686s
 173107 138336 1345017.42   45  284 1954116.02 907831.632  53.5%  34.6 1690s
 173718 138831 1187575.16   45  272 1954116.02 908003.958  53.5%  34.6 1696s
 174138 139169 1002050.33   28  350 1954116.02 908121.616  53.5%  34.6 1700s
H174811 139615                    1954107.3202 908246.013  53.5%  34.6 1705s
 175067 140142 1162732.16   44  295 1954107.32 908265.485  53.5%  34.6 1710s
 175908 140567 1296902.97   44  284 1954107.32 908533.308  53.5%  34.6 1716s
H175909 140567                    1954105.7245 908533.308  53.5%  34.6 1716s
 176065 140870 1545405.99   57  226 1954105.72 908554.185  53.5%  34.6 1721s
 176407 141215 977698.088   27  364 1954105.72 908599.649  53.5%  34.6 1725s
 176812 141675 1371921.25   58  254 1954105.72 908630.569  53.5%  34.6 1730s
H177215 141795                    1954104.1554 908645.141  53.5%  34.6 1732s
 177476 142083 1019637.57   36  343 1954104.16 908707.110  53.5%  34.6 1737s
 177768 142274     cutoff   70      1954104.16 908709.443  53.5%  34.6 1740s
 178336 142710 1140340.39   37  309 1954104.16 908838.231  53.5%  34.6 1746s
 178604 143008 1102815.61   32  329 1954104.16 908900.340  53.5%  34.7 1750s
 179167 143479 940582.816   25  392 1954104.16 909008.002  53.5%  34.7 1756s
 179548 143991 1019028.87   30  333 1954104.16 909100.592  53.5%  34.7 1760s
 180321 144572 1028796.59   32  333 1954104.16 909209.574  53.5%  34.6 1766s
 180764 144950 1307327.75   45  292 1954104.16 909236.636  53.5%  34.6 1770s
 181754 145768 1058084.63   32  335 1954104.16 909315.108  53.5%  34.5 1776s
 182179 146025 1910327.20   78  176 1954104.16 909346.795  53.5%  34.5 1780s
 182900 146703     cutoff  329      1954104.16 909438.693  53.5%  34.5 1785s
 183386 147204 957569.613   24  376 1954104.16 909564.018  53.5%  34.5 1791s
 183985 147581 1867416.72   70  211 1954104.16 909744.930  53.4%  34.5 1796s
 184086 147714 1176173.55   39  303 1954104.16 909746.214  53.4%  34.5 1802s
 184351 148054 1185104.13   37  308 1954104.16 909762.471  53.4%  34.6 1807s
 185109 148586 1936802.40  213  138 1954104.16 909828.428  53.4%  34.5 1811s
 185453 148799 1273985.05   41  313 1954104.16 909941.041  53.4%  34.5 1815s
 185793 149365 1392610.68   57  258 1954104.16 909988.602  53.4%  34.5 1821s
 186322 149639 1146130.89   35  319 1954104.16 910035.016  53.4%  34.5 1825s
 186846 150057 1022622.65   28  355 1954104.16 910097.400  53.4%  34.5 1830s
 187336 150520 1011487.43   27  341 1954104.16 910166.985  53.4%  34.5 1836s
 187717 150875 1237651.18   43  286 1954104.16 910252.243  53.4%  34.5 1840s
 188316 151377 1101556.18   36  320 1954104.16 910494.224  53.4%  34.5 1846s
 189049 151978 1253619.08   45  277 1954104.16 910657.342  53.4%  34.5 1850s
 189509 152447 1001405.02   27  362 1954104.16 910780.684  53.4%  34.5 1855s
 190394 153561 1779171.16  112  151 1954104.16 910827.430  53.4%  34.4 1861s
 191531 154717 1286516.82   36  308 1954104.16 910952.604  53.4%  34.3 1865s
 192559 155187 1432630.78   54  253 1954104.16 911033.007  53.4%  34.2 1871s
 193194 155786 965300.604   30  349 1954104.16 911162.599  53.4%  34.2 1876s
 193574 156080 1055062.59   31  346 1954104.16 911246.286  53.4%  34.2 1881s
 193904 156392 1343904.05   52  251 1954104.16 911262.991  53.4%  34.2 1885s
 194326 156746 1836402.36   76  200 1954104.16 911388.069  53.4%  34.2 1890s
 194806 157128 1384470.32   58  248 1954104.16 911571.139  53.4%  34.2 1895s
 195402 157673 1009131.36   26  358 1954104.16 911644.281  53.3%  34.2 1900s
 195790 157988 1901793.24   76  186 1954104.16 911686.634  53.3%  34.2 1905s
 196228 158364 937953.397   24  372 1954104.16 911769.394  53.3%  34.2 1910s
 196947 159120 1298041.59   43  302 1954104.16 911810.390  53.3%  34.2 1915s
 197660 159640 1244358.77   48  278 1954104.16 911937.924  53.3%  34.2 1920s
 198285 160164 1162001.83   36  304 1954104.16 912067.551  53.3%  34.3 1925s
 198753 160637 1059389.67   29  342 1954104.16 912148.914  53.3%  34.3 1930s
 199223 160976 1014860.98   28  363 1954104.16 912298.583  53.3%  34.3 1935s
 199738 161511 943141.174   27  366 1954104.16 912372.768  53.3%  34.3 1941s
 200288 161882     cutoff   96      1954104.16 912489.144  53.3%  34.2 1945s
 200898 162457 1811308.68   72  220 1954104.16 912611.316  53.3%  34.2 1951s
 201381 162876 1428285.87   60  235 1954104.16 912696.168  53.3%  34.2 1956s
 201679 163081 1941316.58   89  178 1954104.16 912709.289  53.3%  34.3 1960s
 202121 163485 955151.183   23  378 1954104.16 912878.380  53.3%  34.3 1965s
 202874 164134 1438627.08   55  239 1954104.16 913011.273  53.3%  34.2 1970s
 203358 164643 999819.195   28  352 1954104.16 913097.828  53.3%  34.2 1976s
 204057 165130 976749.298   26  356 1954104.16 913240.958  53.3%  34.2 1981s
 204469 165457 1331024.56   48  265 1954104.16 913286.980  53.3%  34.2 1985s
 205002 165841 1882363.57   73  206 1954104.16 913368.577  53.3%  34.2 1990s
 205436 166296 974997.486   26  349 1954104.16 913409.737  53.3%  34.3 1996s
 205855 166639     cutoff   89      1954104.16 913503.590  53.3%  34.3 2000s
 206335 167205 1148040.05   37  309 1954104.16 913679.307  53.2%  34.3 2005s
 207007 167609 1072370.78   31  325 1954104.16 913771.160  53.2%  34.3 2010s
 207405 168027 1068379.23   29  349 1954104.16 913809.067  53.2%  34.3 2015s
 207968 168462 1498790.21   60  237 1954104.16 913971.948  53.2%  34.3 2021s
 208520 169125 1430622.30   60  248 1954104.16 914060.633  53.2%  34.3 2027s
H208957 169208                    1954036.1216 914080.455  53.2%  34.3 2029s
 208985 169278 1789161.82   84  187 1954036.12 914102.065  53.2%  34.3 2031s
 209245 169535 1003577.15   25  358 1954036.12 914153.706  53.2%  34.3 2035s
 209798 170196 1754755.91   81  189 1954036.12 914263.020  53.2%  34.3 2041s
H210210 170258                    1953992.0181 914314.115  53.2%  34.3 2043s
H210238 170432                    1953989.4192 914314.115  53.2%  34.3 2045s
 210827 170926 1538475.49   58  233 1953989.42 914442.187  53.2%  34.3 2050s
H211299 171261                    1953987.0773 914577.373  53.2%  34.3 2056s
H211522 171464                    1953984.9701 914577.373  53.2%  34.3 2060s
 211984 171892 1130124.30   32  334 1953984.97 914692.293  53.2%  34.3 2065s
H212374 172168                    1953984.9326 914724.085  53.2%  34.3 2067s
 212693 172445 957453.028   23  374 1953984.93 914782.917  53.2%  34.3 2071s
 213095 172780 975572.748   26  357 1953984.93 914843.404  53.2%  34.3 2075s
 213656 173314 1020127.63   29  343 1953984.93 914923.740  53.2%  34.3 2080s
 214164 173722 1158063.27   32  329 1953984.93 915110.578  53.2%  34.3 2086s
 214519 174070 961906.623   23  374 1953984.93 915164.017  53.2%  34.3 2090s
 215190 174602 1360790.49   55  267 1953984.93 915345.660  53.2%  34.3 2096s
 215638 175028 965877.458   28  358 1953984.93 915453.017  53.1%  34.3 2100s
 216238 175532 951131.682   23  356 1953984.93 915535.824  53.1%  34.3 2106s
 216764 175899 1813656.73   87  169 1953984.93 915668.542  53.1%  34.3 2111s
 217169 176252 1953601.03   75  205 1953984.93 915755.556  53.1%  34.3 2115s
 217587 176879 1457452.46   65  240 1953984.93 915837.492  53.1%  34.4 2122s
 218187 177161 1855069.49   74  205 1953984.93 915883.166  53.1%  34.3 2126s
 218544 177475 1334254.48   46  271 1953984.93 915942.901  53.1%  34.3 2130s
 219086 177885 1193316.49   34  324 1953984.93 916082.196  53.1%  34.3 2136s
 219241 177928 1241057.27   39  308 1953984.93 916088.798  53.1%  34.4 2147s
H219245 177928                    1953984.9198 916088.798  53.1%  34.4 2147s
 219454 178210 1606148.37   70  217 1953984.92 916131.185  53.1%  34.4 2152s
 220041 178684 1510950.21   51  227 1953984.92 916179.447  53.1%  34.3 2156s
 220320 179119 1647750.76   82  186 1953984.92 916198.271  53.1%  34.4 2161s
 220922 179518 1027057.50   28  348 1953984.92 916238.483  53.1%  34.4 2165s
 221429 179969 1152211.05   34  324 1953984.92 916271.528  53.1%  34.4 2171s
 221749 180298 1003161.38   25  356 1953984.92 916324.110  53.1%  34.4 2175s
 222285 180766 1260376.29   42  292 1953984.92 916397.445  53.1%  34.4 2180s
 222713 181126 1672129.53   61  248 1953984.92 916458.050  53.1%  34.4 2185s
H222798 181108                    1953807.6184 916458.050  53.1%  34.4 2185s
 223394 181603 1291453.20   49  271 1953807.62 916609.892  53.1%  34.4 2191s
 223770 182050 1631276.50   74  222 1953807.62 916686.554  53.1%  34.4 2195s
H224058 182349                    1953725.7758 916686.554  53.1%  34.4 2197s
 224544 182646 1401494.63   56  243 1953725.78 916753.435  53.1%  34.4 2200s
 224888 183050 1052610.10   34  317 1953725.78 916834.256  53.1%  34.4 2205s
 225582 183499 952778.780   27  370 1953725.78 916903.865  53.1%  34.4 2211s
 226194 184009 1089187.97   28  339 1953725.78 917068.056  53.1%  34.4 2216s
 226582 184349 1721078.33   67  210 1953725.78 917132.635  53.1%  34.4 2220s
H226991 184643                    1953646.5980 917218.429  53.1%  34.4 2224s
 227231 184761 1587733.71   59  243 1953646.60 917278.074  53.0%  34.4 2226s
H227748 185134                    1953644.6809 917323.272  53.0%  34.4 2229s
 227808 185326 1053957.79   28  353 1953644.68 917325.336  53.0%  34.4 2231s
 228233 185665 956961.399   29  354 1953644.68 917445.621  53.0%  34.4 2235s
 228805 186086 1929986.38   72  192 1953644.68 917460.373  53.0%  34.4 2240s
 229266 186612 1770547.28   73  200 1953644.68 917566.231  53.0%  34.4 2246s
 229843 187016 1066134.00   30  329 1953644.68 917675.653  53.0%  34.4 2251s
 230305 187329     cutoff   84      1953644.68 917700.372  53.0%  34.4 2255s
 230783 187838 1394827.52   54  250 1953644.68 917871.880  53.0%  34.4 2260s
 231548 188421 1008809.38   27  368 1953644.68 917981.710  53.0%  34.4 2267s
 232024 188849 1476590.38   59  231 1953644.68 918044.384  53.0%  34.4 2271s
 232490 189208 1037199.43   29  335 1953644.68 918207.248  53.0%  34.4 2275s
 232915 189574 1464236.54   58  256 1953644.68 918244.689  53.0%  34.4 2280s
 233353 190059 1024042.80   29  344 1953644.68 918295.912  53.0%  34.5 2286s
 233841 190387     cutoff   80      1953644.68 918393.656  53.0%  34.5 2290s
 234513 191010 1839776.84   75  187 1953644.68 918498.150  53.0%  34.5 2296s
H234539 190998                    1953527.1162 918498.150  53.0%  34.5 2296s
 235111 191517 1918373.11   74  200 1953527.12 918600.414  53.0%  34.5 2301s
 235512 192081 1392892.90   65  243 1953527.12 918658.596  53.0%  34.6 2306s
H236050 192153                    1953510.0794 918688.234  53.0%  34.5 2307s
 236237 192457 1711595.45   56  249 1953510.08 918757.092  53.0%  34.6 2311s
H236408 192450                    1953460.2416 918804.088  53.0%  34.6 2311s
 236552 192728 1118808.22   33  329 1953460.24 918860.234  53.0%  34.6 2315s
 237249 193305 1007745.81   25  358 1953460.24 918919.398  53.0%  34.6 2321s
 237582 193575 1185087.81   33  318 1953460.24 918954.487  53.0%  34.6 2325s
 238151 194067 1464036.86   62  240 1953460.24 919089.174  53.0%  34.6 2332s
H238216 194065                    1953458.5265 919089.174  53.0%  34.6 2332s
 238501 194379 1132392.64   32  319 1953458.53 919127.223  52.9%  34.7 2336s
 238927 194745 1074739.33   32  344 1953458.53 919197.805  52.9%  34.7 2340s
H239613 195172                    1953448.2263 919285.561  52.9%  34.7 2344s
 239637 195363 969848.327   23  366 1953448.23 919393.336  52.9%  34.7 2346s
 240032 195671 1541532.15   64  226 1953448.23 919528.290  52.9%  34.7 2350s
 240632 196071 1817683.88   66  203 1953448.23 919634.258  52.9%  34.7 2356s
 240871 196678 1450410.31   62  235 1953448.23 919677.709  52.9%  34.8 2360s
 241652 197199 1571067.74   69  223 1953448.23 919718.247  52.9%  34.7 2365s
H242194 197502                    1953424.4525 919826.104  52.9%  34.7 2368s
 242322 197656 1234218.23   42  282 1953424.45 919855.562  52.9%  34.7 2370s
 243165 198379 950973.406   27  364 1953424.45 919951.681  52.9%  34.7 2376s
 243540 198628 1197155.94   43  297 1953424.45 920002.719  52.9%  34.7 2381s
 243701 198916 1384015.62   61  233 1953424.45 920073.480  52.9%  34.8 2385s
 244360 199465 1083693.20   37  307 1953424.45 920134.650  52.9%  34.8 2391s
 244801 199810 1560663.92   56  238 1953424.45 920200.314  52.9%  34.8 2395s
 245346 200140 1625802.23   48  274 1953424.45 920312.813  52.9%  34.8 2406s
 245511 200364 984592.298   28  361 1953424.45 920335.125  52.9%  34.9 2410s
 245939 200819 1642031.38   56  209 1953424.45 920438.522  52.9%  34.9 2415s
 246677 201344     cutoff   92      1953424.45 920555.063  52.9%  34.9 2420s
 247332 201877 1892246.49   91  166 1953424.45 920700.627  52.9%  34.9 2426s
 247738 202247 1292480.48   48  286 1953424.45 920833.522  52.9%  34.9 2430s
H248407 202715                    1953407.9282 920859.666  52.9%  34.9 2436s
H248912 203086                    1953392.2840 920910.358  52.9%  34.9 2439s
 248955 203224 974952.445   27  376 1953392.28 920912.002  52.9%  34.9 2441s
 249266 203514 1728591.30   76  207 1953392.28 920982.902  52.9%  34.9 2445s
 249916 203986 982425.431   26  360 1953392.28 921081.151  52.8%  35.0 2450s
H249944 203986                    1953392.2052 921081.151  52.8%  35.0 2450s
 250405 204557 1558229.27   73  190 1953392.21 921116.540  52.8%  35.0 2456s
H250643 204557                    1953392.0103 921145.794  52.8%  35.0 2456s
 250919 205013 1057721.95   28  345 1953392.01 921165.647  52.8%  34.9 2461s
 251645 205422 1032320.24   27  333 1953392.01 921321.204  52.8%  34.9 2466s
 251964 205777 1543594.43   59  230 1953392.01 921458.284  52.8%  34.9 2470s
 252509 206177 969723.978   26  349 1953392.01 921512.327  52.8%  35.0 2475s
 252973 206676 1147824.30   36  327 1953392.01 921648.844  52.8%  35.0 2481s
 253409 206998 1165745.19   30  326 1953392.01 921764.133  52.8%  35.0 2485s
 253967 207645 1319681.79   40  294 1953392.01 921906.894  52.8%  35.0 2491s
 254581 207924 1827713.04   76  193 1953392.01 921949.656  52.8%  35.0 2495s
 255080 208436 974472.078   28  361 1953392.01 922001.407  52.8%  35.0 2500s
 255654 209138 1129868.36   30  341 1953392.01 922088.109  52.8%  35.1 2507s
 256222 209479 990071.078   27  360 1953392.01 922154.593  52.8%  35.1 2511s
 256635 209837 1476223.23   59  245 1953392.01 922154.746  52.8%  35.1 2515s
 257118 210283 1072239.38   28  344 1953392.01 922220.746  52.8%  35.1 2520s
 257751 210902 1911011.72   85  179 1953392.01 922337.960  52.8%  35.1 2525s
 258377 211396 1230996.80   38  298 1953392.01 922520.079  52.8%  35.1 2531s
 259038 211955 1284961.38   46  283 1953392.01 922640.464  52.8%  35.1 2536s
 259705 212493 925460.395   23  385 1953392.01 922720.720  52.8%  35.1 2540s
 260586 213135 991381.346   28  339 1953392.01 922914.913  52.8%  35.2 2545s
 261256 213775 1263359.24   43  309 1953392.01 923014.452  52.7%  35.2 2551s
 261688 214123 1752603.97   73  201 1953392.01 923084.052  52.7%  35.2 2555s
 262285 214721 994934.431   28  357 1953392.01 923197.883  52.7%  35.2 2560s
 263064 215301 972438.132   22  357 1953392.01 923274.209  52.7%  35.2 2566s
 263414 215726 1458489.58   59  241 1953392.01 923311.813  52.7%  35.2 2571s
 263810 216102 1346069.13   58  244 1953392.01 923366.963  52.7%  35.2 2575s
 264609 216650 1695733.65   72  206 1953392.01 923503.287  52.7%  35.2 2581s
 265136 217137 1082517.94   30  349 1953392.01 923601.822  52.7%  35.2 2586s
 265588 217583 947961.085   27  375 1953392.01 923637.630  52.7%  35.3 2590s
 266297 218155 1136161.74   33  327 1953392.01 923717.810  52.7%  35.2 2595s
 267033 218715     cutoff  129      1953392.01 923746.420  52.7%  35.2 2600s
 267588 219211 1169017.21   39  298 1953392.01 923906.639  52.7%  35.3 2606s
 268157 219674 1684813.02   67  223 1953392.01 924023.839  52.7%  35.3 2610s
 268891 220345 1119862.60   32  328 1953392.01 924079.121  52.7%  35.3 2615s
 269368 220715 1548606.87   48  288 1953392.01 924145.660  52.7%  35.3 2620s
 269879 221212 1160731.21   36  317 1953392.01 924268.345  52.7%  35.3 2625s
 270418 221598 1886217.20   84  188 1953392.01 924376.569  52.7%  35.3 2631s
 270859 221987 1945926.53   86  167 1953392.01 924490.064  52.7%  35.3 2635s
 271388 222567 1250062.99   41  292 1953392.01 924555.461  52.7%  35.4 2641s
 271895 222850 1044516.81   27  357 1953392.01 924642.975  52.7%  35.4 2645s
 272429 223339 1013323.97   25  352 1953392.01 924802.460  52.7%  35.4 2652s
 272618 223910 1422778.56   61  237 1953392.01 924826.136  52.7%  35.4 2655s
 273655 224376 981790.646   28  356 1953392.01 924917.070  52.7%  35.3 2660s
 274253 225009 1047825.59   32  326 1953392.01 925027.023  52.6%  35.3 2666s
 274823 225394 1356626.89   50  266 1953392.01 925155.875  52.6%  35.4 2671s
 275304 225826 996854.657   22  355 1953392.01 925199.406  52.6%  35.4 2675s
 275985 226330 1017624.43   27  345 1953392.01 925288.883  52.6%  35.4 2681s
 276609 226845 1090772.95   32  326 1953392.01 925467.099  52.6%  35.4 2686s
 277014 227203     cutoff   87      1953392.01 925524.210  52.6%  35.4 2690s
 277549 227675 1911852.30   64  224 1953392.01 925561.776  52.6%  35.4 2695s
 278108 228176 975589.848   23  357 1953392.01 925629.462  52.6%  35.4 2701s
 278561 228577 1292454.02   42  283 1953392.01 925715.775  52.6%  35.4 2706s
 278912 228903 1835787.09   71  211 1953392.01 925735.568  52.6%  35.5 2710s
 279499 229414 1002480.72   27  357 1953392.01 925845.533  52.6%  35.5 2716s
 279929 229951 1256772.59   49  274 1953392.01 925896.855  52.6%  35.5 2720s
 280891 230490 1395021.54   57  262 1953392.01 925932.847  52.6%  35.4 2726s
 281119 230798 1101388.37   32  339 1953392.01 925963.403  52.6%  35.5 2730s
 281725 231257 1687849.88   67  217 1953392.01 926022.060  52.6%  35.5 2735s
 282243 231691 1835941.74   73  214 1953392.01 926111.693  52.6%  35.5 2741s
 282836 232224 1009048.80   26  345 1953392.01 926204.796  52.6%  35.5 2746s
 283220 232592 1089125.34   35  323 1953392.01 926275.952  52.6%  35.5 2750s
 283825 232982 1027673.35   27  357 1953392.01 926305.955  52.6%  35.5 2755s
H284088 233177                    1953363.0001 926305.955  52.6%  35.6 2759s
 284122 233287 1496102.41   52  268 1953363.00 926305.955  52.6%  35.6 2760s
 284496 233581 990731.628   30  344 1953363.00 926332.564  52.6%  35.7 2767s
 285036 234024     cutoff   82      1953363.00 926397.187  52.6%  35.6 2771s
 285380 234250 1665141.56   69  207 1953363.00 926421.769  52.6%  35.6 2775s
 286080 234932 1523212.43   64  240 1953363.00 926517.851  52.6%  35.7 2781s
 286675 235170 1026769.63   29  356 1953363.00 926550.711  52.6%  35.7 2786s
 286857 235433 1480898.99   60  247 1953363.00 926655.444  52.6%  35.7 2790s
 287424 235931 993115.602   26  363 1953363.00 926712.791  52.6%  35.7 2795s
 288244 236632 1938135.68   83  179 1953363.00 926874.843  52.5%  35.7 2800s
 288909 237282 1872354.84  154  158 1953363.00 926953.254  52.5%  35.7 2805s
 289589 237758 964898.774   25  374 1953363.00 927110.430  52.5%  35.7 2812s
 289963 238082 1402149.56   54  245 1953363.00 927136.175  52.5%  35.8 2815s
H290496 238573                    1953362.9726 927168.292  52.5%  35.8 2821s
 290904 238882 986915.446   27  355 1953362.97 927252.662  52.5%  35.8 2825s
 291632 239396     cutoff  131      1953362.97 927337.185  52.5%  35.8 2831s
H291657 239396                    1953362.8739 927337.185  52.5%  35.8 2831s
 291903 239858 1765306.84  100  159 1953362.87 927372.977  52.5%  35.8 2836s
H292496 240210                    1953349.4076 927446.148  52.5%  35.9 2841s
 293114 240781 1143967.64   30  322 1953349.41 927578.231  52.5%  35.9 2846s
 293497 241086 1540765.89   45  271 1953349.41 927607.980  52.5%  35.9 2850s
 294078 241528 1128970.02   36  314 1953349.41 927637.281  52.5%  35.9 2855s
 294356 241776 1455054.08   56  254 1953349.41 927680.006  52.5%  35.9 2860s
 295048 242367 980665.741   25  355 1953349.41 927802.156  52.5%  35.9 2866s
H295342 242526                    1953317.1712 927812.591  52.5%  35.9 2869s
 295472 242833 1439255.22   52  266 1953317.17 927827.288  52.5%  35.9 2871s
 296211 243341 1663028.87   65  224 1953317.17 928035.386  52.5%  36.0 2877s
H296451 243417                    1953306.9221 928035.386  52.5%  36.0 2878s
H296500 243412                    1953278.1611 928057.087  52.5%  36.0 2878s
H296553 243512                    1953105.8307 928076.632  52.5%  36.0 2880s
 296906 243787 1157966.63   33  347 1953105.83 928171.717  52.5%  36.0 2885s
 297425 244241 1030084.41   27  360 1953105.83 928227.046  52.5%  36.0 2891s
 297698 244468 1016421.75   27  359 1953105.83 928255.447  52.5%  36.0 2895s
 298252 245006 1682932.60   99  155 1953105.83 928313.902  52.5%  36.0 2902s
 298727 245268 infeasible   65      1953105.83 928361.692  52.5%  36.0 2906s
 299131 245704 1234377.76   44  277 1953105.83 928424.259  52.5%  36.0 2910s
 299779 246277 1722976.79   52  253 1953105.83 928529.393  52.5%  36.0 2916s
 300305 246710 1043257.91   29  334 1953105.83 928549.701  52.5%  36.0 2920s
 301118 247377 962638.840   30  362 1953105.83 928639.513  52.5%  36.1 2925s
 301711 248134 1461844.00   58  264 1953105.83 928688.083  52.5%  36.1 2932s
 302307 248418 1769202.08   56  252 1953105.83 928727.022  52.4%  36.1 2936s
 302621 248705 1118919.90   36  320 1953105.83 928819.809  52.4%  36.1 2940s
 303312 249258 1200534.22   35  331 1953105.83 928891.003  52.4%  36.1 2946s
H303471 249370                    1953096.2134 928918.116  52.4%  36.1 2948s
 303804 249874 1112537.32   34  323 1953096.21 929022.324  52.4%  36.1 2952s
 304381 250214 1131550.69   38  296 1953096.21 929087.217  52.4%  36.1 2955s
 304686 250435 1113757.19   34  324 1953096.21 929129.563  52.4%  36.1 2960s
 305251 250955 1007940.10   26  369 1953096.21 929219.291  52.4%  36.1 2966s
 305595 251235 1019791.89   31  363 1953096.21 929257.724  52.4%  36.1 2970s
 306204 251664 1292713.17   45  285 1953096.21 929347.072  52.4%  36.2 2975s
 306677 252057 1034238.60   29  340 1953096.21 929484.352  52.4%  36.2 2981s
 307115 252486     cutoff  111      1953096.21 929551.954  52.4%  36.2 2986s
 307548 252884 1417542.39   55  249 1953096.21 929641.170  52.4%  36.2 2990s
 308213 253361 1009174.57   28  363 1953096.21 929782.692  52.4%  36.2 2996s
 308482 253790 1405784.64   59  234 1953096.21 929822.684  52.4%  36.2 3000s
 309182 254213 1197734.27   40  293 1953096.21 929879.749  52.4%  36.2 3006s
 309569 254498 1012228.94   29  370 1953096.21 929916.516  52.4%  36.2 3010s
 309809 254711     cutoff   86      1953096.21 929962.206  52.4%  36.3 3015s
 310524 255381 1619286.11   58  238 1953096.21 930056.413  52.4%  36.3 3021s
 310965 255671 1127401.64   28  320 1953096.21 930127.327  52.4%  36.3 3025s
 311565 256122 1417290.05   57  259 1953096.21 930177.483  52.4%  36.3 3032s
 311989 256514 1705104.05   62  239 1953096.21 930233.363  52.4%  36.3 3036s
 312418 256890 1383498.10   48  262 1953096.21 930388.950  52.4%  36.3 3040s
 312933 257301 1019842.24   26  371 1953096.21 930497.965  52.4%  36.3 3045s
 313544 257763 980008.450   23  374 1953096.21 930608.402  52.4%  36.3 3051s
 313946 258109 1219381.33   38  295 1953096.21 930655.744  52.3%  36.3 3055s
 314566 258670 1448083.96   43  296 1953096.21 930766.955  52.3%  36.3 3060s
 315110 259158 1469068.54   66  239 1953096.21 930920.102  52.3%  36.3 3065s
 315819 259785 1530443.86   70  221 1953096.21 930964.952  52.3%  36.3 3071s
 316348 260144 1612948.38   68  213 1953096.21 930988.498  52.3%  36.3 3076s
 316713 260509 1793819.53   72  202 1953096.21 931069.718  52.3%  36.4 3081s
 317207 260902 1306380.91   45  271 1953096.21 931156.710  52.3%  36.4 3085s
 317726 261375 1037740.56   28  355 1953096.21 931239.886  52.3%  36.4 3091s
 318193 261691 1474715.63   56  231 1953096.21 931338.737  52.3%  36.4 3095s
 318937 262416 1345231.58   52  249 1953096.21 931372.362  52.3%  36.4 3102s
 319383 262698     cutoff   80      1953096.21 931409.432  52.3%  36.4 3105s
 319853 263133 1014660.37   24  364 1953096.21 931524.159  52.3%  36.4 3111s
 320174 263449 1128172.41   39  323 1953096.21 931568.007  52.3%  36.4 3115s
 320780 263963 1746734.96   82  188 1953096.21 931644.510  52.3%  36.4 3120s
 321245 264357 1019897.39   25  384 1953096.21 931678.819  52.3%  36.5 3126s
 321679 264887 1325607.68   51  268 1953096.21 931751.003  52.3%  36.5 3131s
 322407 265319 1018145.81   28  345 1953096.21 931835.281  52.3%  36.5 3136s
 322732 265665 1640242.07   57  235 1953096.21 931880.412  52.3%  36.5 3140s
 323390 266131 1267193.50   39  311 1953096.21 931927.012  52.3%  36.5 3145s
 324004 266749 1154755.21   37  301 1953096.21 931995.605  52.3%  36.5 3150s
 324837 267478 1011197.82   25  355 1953096.21 932077.651  52.3%  36.5 3156s
 325310 267882 996363.423   22  384 1953096.21 932162.102  52.3%  36.5 3160s
 325759 268182 1715190.17   50  251 1953096.21 932238.664  52.3%  36.5 3165s
 326384 268774 1321941.76   45  279 1953096.21 932334.991  52.3%  36.5 3171s
 326882 269002 984371.146   26  369 1953096.21 932407.431  52.3%  36.5 3175s
H326895 269001                    1953089.8357 932407.431  52.3%  36.5 3175s
 327250 269486 996644.217   24  371 1953089.84 932498.999  52.3%  36.5 3180s
 327686 270071 1256977.43   40  291 1953089.84 932529.826  52.3%  36.5 3185s
H328120 270180                    1953089.8353 932529.826  52.3%  36.5 3187s
 328400 270474 1139138.15   34  325 1953089.84 932572.000  52.3%  36.5 3190s
 329060 270992 1022565.04   29  349 1953089.84 932707.223  52.2%  36.5 3195s
 329514 271388 1311202.90   54  261 1953089.84 932745.800  52.2%  36.5 3200s
 330092 271976     cutoff   89      1953089.84 932795.923  52.2%  36.5 3206s
 330597 272291 1475109.27   47  262 1953089.84 932834.048  52.2%  36.5 3210s
H330967 272663                    1953089.7438 932938.440  52.2%  36.5 3214s
 331197 272791 1037303.96   29  343 1953089.74 932962.966  52.2%  36.5 3216s
H331270 272791                    1953089.6736 932962.966  52.2%  36.5 3216s
 331527 273091 1400240.40   49  274 1953089.67 933000.970  52.2%  36.6 3220s
 332045 273474 978003.181   23  367 1953089.67 933123.308  52.2%  36.6 3226s
 332487 273816 1484391.10   57  245 1953089.67 933171.073  52.2%  36.6 3230s
 333025 274361 1601049.02   61  220 1953089.67 933253.893  52.2%  36.6 3236s
 333368 274635 1534175.16   57  246 1953089.67 933316.706  52.2%  36.6 3240s
 333963 275126 1793257.25   62  226 1953089.67 933388.944  52.2%  36.6 3246s
H334157 275329                    1953089.6624 933410.665  52.2%  36.6 3248s
 334379 275587 1415670.18   59  255 1953089.66 933428.598  52.2%  36.6 3251s
 334922 275911 1041258.05   27  343 1953089.66 933486.980  52.2%  36.6 3255s
 335228 276210 1744817.94   79  196 1953089.66 933530.086  52.2%  36.6 3260s
 335748 276735 957605.756   23  381 1953089.66 933632.676  52.2%  36.6 3265s
H336153 277027                    1953018.1745 933682.351  52.2%  36.6 3270s
 336626 277425 1065127.46   30  347 1953018.17 933745.990  52.2%  36.7 3276s
 337007 277815 1353546.84   50  271 1953018.17 933778.174  52.2%  36.7 3280s
 337649 278272 1692245.43   63  234 1953018.17 933830.628  52.2%  36.7 3286s
 338062 278609 1611595.09   59  249 1953018.17 933887.972  52.2%  36.7 3291s
 338549 279039 1042301.60   31  343 1953018.17 933963.091  52.2%  36.7 3296s
 338949 279322 999122.551   23  369 1953018.17 934052.136  52.2%  36.7 3300s
 339273 279651 1893627.13   57  257 1953018.17 934079.018  52.2%  36.8 3305s
 339772 280148 1016590.20   29  339 1953018.17 934113.793  52.2%  36.8 3310s
 340400 280711 1282690.51   42  299 1953018.17 934145.701  52.2%  36.8 3316s
 340869 281010 1014657.15   24  371 1953018.17 934240.222  52.2%  36.8 3320s
 341415 281511 1521162.57   58  236 1953018.17 934329.370  52.2%  36.8 3326s
 341760 281784 1387898.67   59  246 1953018.17 934370.812  52.2%  36.9 3331s
 342343 282129 1714845.73   56  224 1953018.17 934486.755  52.2%  36.9 3337s
 342476 282373 1450509.91   48  278 1953018.17 934498.210  52.2%  36.9 3342s
 342873 282867 1423233.58   57  243 1953018.17 934638.077  52.1%  36.9 3346s
 343450 283279 1568372.43   57  245 1953018.17 934692.688  52.1%  36.9 3351s
 343841 283540 1401539.36   57  241 1953018.17 934722.549  52.1%  36.9 3355s
 344511 284109 1327046.50   53  251 1953018.17 934826.177  52.1%  36.9 3362s
 344846 284461 1024933.71   26  367 1953018.17 934850.474  52.1%  36.9 3366s
 345269 284835 1549230.61   54  255 1953018.17 934888.902  52.1%  36.9 3371s
 345716 285225 1293497.43   43  272 1953018.17 934926.262  52.1%  36.9 3375s
 346163 285507 1160142.86   34  322 1953018.17 935017.370  52.1%  36.9 3380s
 346815 286138 1376166.30   60  251 1953018.17 935104.132  52.1%  36.9 3387s
 347309 286522 983631.027   26  381 1953018.17 935140.427  52.1%  36.9 3391s
 347830 286924 1727692.16   76  191 1953018.17 935184.086  52.1%  36.9 3395s
 348267 287273 1876978.50   80  195 1953018.17 935239.783  52.1%  36.9 3400s
 348910 287671 1906759.90   86  190 1953018.17 935267.929  52.1%  36.9 3405s
 349211 288160 1212641.01   33  324 1953018.17 935367.136  52.1%  37.0 3411s
 349711 288560     cutoff   83      1953018.17 935416.278  52.1%  37.0 3415s
 350352 289035 1929323.97  102  168 1953018.17 935476.068  52.1%  37.0 3422s
 350761 289342 1165701.17   35  322 1953018.17 935537.996  52.1%  37.0 3426s
 351138 289670 1307021.16   45  286 1953018.17 935609.643  52.1%  37.0 3430s
 351794 290141 1419064.41   48  249 1953018.17 935652.499  52.1%  37.0 3435s
 352339 290613 1081223.08   34  324 1953018.17 935690.863  52.1%  37.0 3440s
 352866 290946 1005008.26   27  359 1953018.17 935709.248  52.1%  37.0 3452s
 353062 291190 1419739.95   51  259 1953018.17 935726.914  52.1%  37.0 3455s
 353625 291764 1825374.45  105  157 1953018.17 935793.834  52.1%  37.0 3462s
 354095 292221 1538562.62   67  223 1953018.17 935859.723  52.1%  37.0 3466s
 354842 292851 1570213.98   63  223 1953018.17 935903.579  52.1%  37.0 3471s
 355498 293371 1875992.21   74  198 1953018.17 935959.847  52.1%  37.0 3475s
 356140 293768 1160543.89   33  319 1953018.17 936033.427  52.1%  37.0 3481s
 356708 294304 1641067.35   56  238 1953018.17 936084.257  52.1%  37.0 3486s
 357169 294684 1293895.32   50  270 1953018.17 936141.804  52.1%  37.0 3491s
 357624 295033 974902.151   28  371 1953018.17 936189.578  52.1%  37.0 3495s
 358287 295556 1933510.95   63  230 1953018.17 936220.537  52.1%  37.0 3501s
 358707 295901 998303.340   25  362 1953018.17 936309.350  52.1%  37.1 3505s
 359281 296429     cutoff   71      1953018.17 936367.293  52.1%  37.1 3511s
 359698 296748 1009110.15   25  380 1953018.17 936456.831  52.1%  37.1 3515s
 360231 297266 1040863.25   26  344 1953018.17 936504.798  52.0%  37.1 3522s
 360721 297620 1641099.81   61  223 1953018.17 936552.575  52.0%  37.1 3526s
 361034 297862 1005683.50   27  338 1953018.17 936575.562  52.0%  37.1 3530s
 361478 298343 1026427.87   28  369 1953018.17 936616.569  52.0%  37.1 3536s
 362006 298741 1016719.77   31  353 1953018.17 936671.450  52.0%  37.1 3540s
 362430 299026 1079911.06   34  324 1953018.17 936763.312  52.0%  37.1 3545s
 362999 299629 1907192.79   75  198 1953018.17 936854.017  52.0%  37.1 3551s
 363547 300001 1715379.78   67  226 1953018.17 936892.647  52.0%  37.1 3555s
 364148 300493 1089760.19   32  327 1953018.17 936955.763  52.0%  37.2 3561s
 364491 300895 1168001.25   37  291 1953018.17 937021.584  52.0%  37.2 3565s
 365264 301457 1203412.65   40  298 1953018.17 937076.220  52.0%  37.2 3571s
 365869 301920 1234731.16   46  266 1953018.17 937138.147  52.0%  37.2 3575s
 366453 302424 999002.897   25  359 1953018.17 937212.801  52.0%  37.2 3580s
 367032 302940 1037467.72   29  349 1953018.17 937288.720  52.0%  37.2 3586s
 367494 303313 1696658.72   67  212 1953018.17 937337.574  52.0%  37.2 3590s
 368218 303875 1104327.51   34  326 1953018.17 937430.169  52.0%  37.2 3595s
 368810 304289 1562524.85   59  264 1953018.17 937477.451  52.0%  37.2 3600s

Cutting planes:
  Gomory: 69
  Implied bound: 105
  Projected implied bound: 2
  MIR: 398
  Mixing: 1
  StrongCG: 1
  Flow cover: 765
  RLT: 53
  Relax-and-lift: 2

Explored 368861 nodes (13727564 simplex iterations) in 3600.07 seconds (2573.92 work units)
Thread count was 2 (of 24 available processors)

Solution count 10: 1.95302e+06 1.95309e+06 1.95309e+06 ... 1.95332e+06

Time limit reached
Best objective 1.953018174489e+06, best bound 9.374774505139e+05, gap 51.9985%
