
Gurobi 11.0.3 (linux64, Java) logging started sex 06 dez 2024 03:34:04 -03

Set parameter Username
Academic license - for non-commercial use only - expires 2025-10-10
Set parameter NonConvex to value 2
Set parameter TimeLimit to value 3600
Set parameter LogToConsole to value 0
Set parameter MIPGap to value 5.0092666967390145e-08
Set parameter Threads to value 2
Set parameter NodefileDir to value "/home/ps12398/experiment_hosp/goalProgrammingMarcos/"
Set parameter NodefileStart to value 1
Gurobi Optimizer version 11.0.3 build v11.0.3rc0 (linux64)

CPU model: Intel(R) Xeon(R) CPU           X5650  @ 2.67GHz, instruction set [SSE2]
Thread count: 12 physical cores, 24 logical processors, using up to 2 threads

Optimize a model with 140739 rows, 94838 columns and 549527 nonzeros
Model fingerprint: 0x101851bb
Model has 222 quadratic constraints
Variable types: 47312 continuous, 47526 integer (217 binary)
Coefficient statistics:
  Matrix range     [5e-03, 5e+06]
  QMatrix range    [5e-03, 8e+04]
  QLMatrix range   [1e+00, 8e+04]
  Objective range  [1e+00, 4e+07]
  Bounds range     [1e+00, 1e+08]
  RHS range        [1e+00, 5e+06]
  QRHS range       [3e-02, 3e-02]
Presolve removed 138857 rows and 92890 columns
Presolve time: 0.44s
Presolved: 3893 rows, 2553 columns, 246380 nonzeros
Presolved model has 2 SOS constraint(s)
Presolved model has 217 bilinear constraint(s)

Solving non-convex MIQCP

Variable types: 850 continuous, 1703 integer (219 binary)
Found heuristic solution: objective 1.516772e+07

Root relaxation: objective 0.000000e+00, 318 iterations, 0.09 seconds (0.03 work units)

    Nodes    |    Current Node    |     Objective Bounds      |     Work
 Expl Unexpl |  Obj  Depth IntInf | Incumbent    BestBd   Gap | It/Node Time

     0     0    0.00000    0  301 1.5168e+07    0.00000   100%     -    3s
     0     0    0.00000    0  542 1.5168e+07    0.00000   100%     -    4s
     0     0    0.00000    0  468 1.5168e+07    0.00000   100%     -    4s
     0     0    0.00000    0  441 1.5168e+07    0.00000   100%     -   10s
H    0     0                    1.516767e+07    0.00000   100%     -   10s
     0     0    0.00000    0  428 1.5168e+07    0.00000   100%     -   10s
     0     0    0.00000    0  443 1.5168e+07    0.00000   100%     -   14s
     0     0    0.00000    0  453 1.5168e+07    0.00000   100%     -   15s
     0     0    0.00000    0  450 1.5168e+07    0.00000   100%     -   17s
     0     0    0.00000    0  425 1.5168e+07    0.00000   100%     -   21s
H    0     0                    1.483754e+07    0.00000   100%     -   23s
H    0     0                    1.465312e+07    0.00000   100%     -   23s
     0     2    0.00000    0  385 1.4653e+07    0.00000   100%     -   26s
    11    14    0.00000    5  417 1.4653e+07    0.00000   100%   882   30s
    33    71    0.00000   12  455 1.4653e+07    0.00000   100%   527   35s
    70   186    0.00000   21  416 1.4653e+07    0.00000   100%   384   42s
H   72   186                    1.462259e+07    0.00000   100%   378   42s
H  185   325                    1.453319e+07    0.00000   100%   258   51s
   324   638 290807.372   82  403 1.4533e+07    0.00000   100%   238   58s
H  409   638                    1.453315e+07    0.00000   100%   226   58s
H  637  1028                    1.453305e+07    0.00000   100%   161   67s
  1027  1302 2375091.08  192  322 1.4533e+07    0.00000   100%   119   73s
H 1071  1302                    5100180.4321    0.00000   100%   114   73s
  1301  1582 2380052.36  285  309 5100180.43    0.00000   100%   100   80s
  1581  1865 2383557.10  414  305 5100180.43    0.00000   100%  85.6   85s
H 1653  1865                    5020249.2968    0.00000   100%  82.1   85s
  1864  2168 2383869.38  538  305 5020249.30    0.00000   100%  74.0   91s
H 1944  2168                    5017448.4481    0.00000   100%  71.2   91s
  2167  2474 2384095.45  657  307 5017448.45    0.00000   100%  64.4   97s
  2473  2797 2385649.06  773  307 5017448.45    0.00000   100%  57.1  102s
H 2526  2797                    4959569.5680    0.00000   100%  56.0  102s
  2796  3134 2389183.21  904  294 4959569.57    0.00000   100%  51.2  109s
H 2817  3134                    4941050.6216    0.00000   100%  50.8  109s
H 2914  3134                    4925270.9846    0.00000   100%  49.4  109s
  3133  3489 2390925.19 1052  291 4925270.98    0.00000   100%  46.3  114s
  3488  3883 2393362.34 1204  283 4925270.98    0.00000   100%  42.3  122s
H 3496  3883                    4881808.7734    0.00000   100%  42.2  122s
H 3593  3883                    4858873.2728    0.00000   100%  41.3  122s
  3883  3884 2929465.88  776  642 4858873.27    0.00000   100%  38.5  136s
  3885  3885 2383939.80  579  303 4858873.27    0.00000   100%  38.5  147s
  3887  3887 2393422.69 1167  323 4858873.27    0.00000   100%  38.5  150s
  3889  3888 3193634.79  989  268 4858873.27    0.00000   100%  38.5  156s
  3891  3889 3207268.65 1137  264 4858873.27    0.00000   100%  38.5  161s
  3892  3890 65229.2421   76  286 4858873.27    0.00000   100%  38.5  165s
  3894  3891 2383236.58  365  269 4858873.27    0.00000   100%  38.4  172s
  3896  3893 3217905.84 1100  255 4858873.27    0.00000   100%  38.4  177s
  3898  3894 2243093.07  277  262 4858873.27    0.00000   100%  38.4  182s
  3899  3895 1284842.63   98  298 4858873.27    0.00000   100%  38.4  185s
  3900  3895 2383211.27  368  288 4858873.27    0.00000   100%  38.4  191s
  3901  3896 3244361.73 1664  253 4858873.27    0.00000   100%  38.4  197s
  3902  3897 2394758.98 1364  253 4858873.27    0.00000   100%  38.4  202s
  3903  3900    0.00000   15  457 4858873.27    0.00000   100%  48.3  206s
  3911  3906    0.00000   17  488 4858873.27    0.00000   100%  49.6  210s
  3925  3925    0.00000   21  453 4858873.27    0.00000   100%  50.6  215s
  3937  3944    0.00000   24  474 4858873.27    0.00000   100%  50.8  221s
  3960  3993    0.00000   30  494 4858873.27    0.00000   100%  52.1  233s
  4017  4105    0.00000   45  450 4858873.27    0.00000   100%  53.7  260s
  4149  4206    0.00000   86  441 4858873.27    0.00000   100%  58.1  289s
  4295  4301 10626.4315  133  452 4858873.27    0.00000   100%  61.6  313s
  4438  4423 757883.446  165  391 4858873.27    0.00000   100%  64.5  341s
  4608  4621 1360213.86  211  347 4858873.27    0.00000   100%  66.9  365s
H 4629  4418                    4685085.4730    0.00000   100%  67.5  365s
  4863  4801 1746028.82  295  321 4685085.47    0.00000   100%  68.5  380s
H 4985  4576                    4264662.2699    0.00000   100%  67.6  380s
  5324  5156 1884300.24  464  299 4264662.27    0.00000   100%  66.5  395s
  6021  5803 2001061.35  655  270 4264662.27    0.00000   100%  60.9  412s
  6901  5905 2001136.42  880  268 4264662.27    0.00000   100%  53.5  423s
H 6979  5703                    4123813.9029    0.00000   100%  52.9  423s
H 6982  5535                    4093624.4281    0.00000   100%  52.9  423s
  7296  5936 2000055.67  997  269 4093624.43    0.00000   100%  51.1  436s
H 7802  6031                    4093622.2578    0.00000   100%  48.3  446s
  8224  6417 2000829.28 1309  267 4093622.26    0.00000   100%  46.2  455s
  8755  6750 2001336.32 1469  268 4093622.26    0.00000   100%  44.0  465s
  9269  7078 2003394.76 1643  262 4093622.26    0.00000   100%  42.2  476s
  9790  7417 2001943.39 1827  263 4093622.26    0.00000   100%  40.7  487s
 10313  7739 2003448.36 1998  262 4093622.26    0.00000   100%  39.0  496s
 10825  8106 2002491.51 2169  263 4093622.26    0.00000   100%  37.5  505s
H11369  8263                    3999722.8939    0.00000   100%  36.0  516s
 11860  8631 2002941.53 2455  262 3999722.89    0.00000   100%  34.9  525s
 12392  8905 2003281.16 2622  263 3999722.89    0.00000   100%  33.7  533s
 12843  9211 2003494.39 2763  263 3999722.89    0.00000   100%  32.7  540s
H13182  9641                    3960130.1741    0.00000   100%  32.1  546s
 13614 10063 2004402.21 2939  259 3960130.17    0.00000   100%  31.2  552s
H13792 10063                    3960085.1315    0.00000   100%  30.8  552s
 14036 10291 2004583.77 3028  259 3960085.13    0.00000   100%  30.4  574s
H14264 10543                    3956865.5582    0.00000   100%  30.0  582s
H14516 10978                    3956864.9143    0.00000   100%  29.6  592s
H14951 11381                    3956511.8454    0.00000   100%  28.8  601s
 15354 11574 2005146.10 3250  260 3956511.85    0.00000   100%  28.2  610s
 15547 12050 2005347.37 3346  259 3956511.85    0.00000   100%  27.9  620s
H15772 12050                    3953755.4843    0.00000   100%  27.5  620s
 16023 12565 2006200.79 3446  259 3953755.48    0.00000   100%  27.2  630s
 16538 13078 2006621.58 3568  255 3953755.48    0.00000   100%  26.5  640s
 17051 13507 2006909.86 3698  254 3953755.48    0.00000   100%  25.8  650s
 17480 13951 2007289.89 3829  255 3953755.48    0.00000   100%  25.4  660s
 17924 14358 2008975.30 3966  255 3953755.48    0.00000   100%  24.9  669s
 18331 14784 2008046.73 4092  255 3953755.48    0.00000   100%  24.5  676s
 18757 15182 2009603.49 4224  255 3953755.48    0.00000   100%  24.1  686s
 19155 15542 2010558.85 4342  241 3953755.48    0.00000   100%  23.8  715s
 19515 16014 2011838.21 4432  237 3953755.48    0.00000   100%  23.4  722s
 19987 16470 2019522.86 4554  237 3953755.48    0.00000   100%  23.0  730s
 20443 16921 2040698.37 4669  230 3953755.48    0.00000   100%  22.6  738s
 20900 17357 3116665.22 4786  232 3953755.48    0.00000   100%  22.2  746s
 21336 17839 3091121.19 4899  230 3953755.48    0.00000   100%  21.9  754s
 21818 18204 3099435.89 5031  232 3953755.48    0.00000   100%  21.5  763s
 22245 18592 3367365.66 5141  225 3953755.48    0.00000   100%  21.2  770s
 22675 18856     cutoff 5240      3953755.48    0.00000   100%  20.9  778s
H23023 19106                    3808366.7673    0.00000   100%  20.7  784s
 23313 19045     cutoff 5339      3808366.77    0.00000   100%  20.5  787s
 23382 19056    0.00000  107  426 3808366.77    0.00000   100%  20.7  790s
 23402 19075    0.00000  113  454 3808366.77    0.00000   100%  21.4  795s
 23422 19096    0.00000  118  464 3808366.77    0.00000   100%  22.1  801s
 23442 19115    0.00000  122  453 3808366.77    0.00000   100%  23.0  806s
 23461 19131    0.00000  126  444 3808366.77    0.00000   100%  23.9  811s
 23474 19145    0.00000  129  446 3808366.77    0.00000   100%  24.6  816s
 23498 19198 299402.337  137  427 3808366.77    0.00000   100%  25.5  822s
 23537 19245 833477.623  146  429 3808366.77    0.00000   100%  25.8  826s
 23588 19306 infeasible  161      3808366.77    0.00000   100%  25.9  830s
H23646 19306                    3807390.8550    0.00000   100%  26.1  830s
 23657 19429 1467552.57  181  371 3807390.86    0.00000   100%  26.1  835s
 23790 19576 2017411.54  211  345 3807390.86    0.00000   100%  26.2  840s
H23953 19914                    3807390.7803    0.00000   100%  26.3  847s
 24291 20225 2663524.77  333  302 3807390.78    0.00000   100%  26.1  854s
 24602 20227 2669997.99  407  302 3807390.78    0.00000   100%  25.9  874s
 24604 20500 2670065.80  408  301 3807390.78    0.00000   100%  25.9  881s
 24879 20712 2696033.59  479  273 3807390.78    0.00000   100%  25.8  887s
 25091 21001 2696922.39  534  235 3807390.78    0.00000   100%  25.6  893s
 25380 21244 2698447.39  624  239 3807390.78    0.00000   100%  25.5  898s
 25650 21467 2740634.20  716  230 3807390.78    0.00000   100%  25.4  904s
 25877 21669 2726235.81  811  223 3807390.78    0.00000   100%  25.4  909s
 26079 21976 2728061.89  886  224 3807390.78    0.00000   100%  25.4  915s
 26386 22310 2730129.19  968  223 3807390.78    0.00000   100%  25.3  921s
 26720 22663 2753265.10 1051  229 3807390.78    0.00000   100%  25.1  926s
 27075 22985 2735544.66 1135  225 3807390.78    0.00000   100%  24.9  932s
 27403 23255 2738249.83 1223  225 3807390.78    0.00000   100%  24.9  938s
 27683 23606 2765873.56 1310  227 3807390.78    0.00000   100%  24.8  945s
 28046 23895 2746781.86 1418  225 3807390.78    0.00000   100%  24.7  951s
 28335 24163 2753908.87 1526  226 3807390.78    0.00000   100%  24.7  957s
 28605 24422 2788374.01 1641  228 3807390.78    0.00000   100%  24.8  964s
 28864 24696 2773410.28 1757  225 3807390.78    0.00000   100%  24.9  970s
 29138 25008 2778213.15 1847  226 3807390.78    0.00000   100%  24.9  977s
 29480 25201 2821864.15 1964  226 3807390.78    0.00000   100%  24.8 1000s
 29707 25437 2814339.21 2062  224 3807390.78    0.00000   100%  24.8 1009s
 29943 25700 2820799.38 2177  227 3807390.78    0.00000   100%  24.8 1016s
 30206 25929 2827405.53 2306  227 3807390.78    0.00000   100%  24.7 1022s
 30435 26165 2850046.31 2418  228 3807390.78    0.00000   100%  24.7 1027s
 30671 26344 2851949.45 2534  228 3807390.78    0.00000   100%  24.8 1033s
 30886 26505 2894373.43 2625  223 3807390.78    0.00000   100%  24.9 1040s
 31059 26707 3022312.11 2710  220 3807390.78    0.00000   100%  25.1 1047s
 31261 26900 3024550.41 2798  223 3807390.78    0.00000   100%  25.1 1054s
 31454 27120 3026670.28 2884  223 3807390.78    0.00000   100%  25.1 1059s
 31678 27241 3028949.62 2971  219 3807390.78    0.00000   100%  25.1 1065s
 31938 27388    0.00000  112  461 3807390.78    0.00000   100%  25.4 1073s
 32034 27525    0.00000  117  447 3807390.78    0.00000   100%  25.7 1079s
 32175 27724    0.00000  120  446 3807390.78    0.00000   100%  26.0 1084s
 32374 27931    0.00000  122  440 3807390.78    0.00000   100%  26.1 1091s
 32581 28137    0.00000  124  446 3807390.78    0.00000   100%  26.2 1100s
 32787 28301    0.00000  126  444 3807390.78    0.00000   100%  26.4 1108s
 32951 28539  965.63290  128  455 3807390.78    0.00000   100%  26.4 1116s
 33189 28796 395855.400  138  444 3807390.78    0.00000   100%  26.5 1125s
 33446 29065 908625.545  154  424 3807390.78    0.00000   100%  26.6 1134s
 33719 29312 1929917.86  183  350 3807390.78    0.00000   100%  26.6 1142s
 33968 29692 2518529.30  217  318 3807390.78    0.00000   100%  26.6 1151s
 34350 30185 2620470.79  286  298 3807390.78    0.00000   100%  26.5 1161s
 34846 30187 2622047.70  391  286 3807390.78    0.00000   100%  26.2 1179s
 34848 30595 2630094.18  391  294 3807390.78    0.00000   100%  26.2 1188s
 35256 31114 2629239.40  469  288 3807390.78    0.00000   100%  26.0 1198s
 35775 31363 2629603.30  584  283 3807390.78    0.00000   100%  25.7 1209s
 36024 31861 2623218.58  585  276 3807390.78    0.00000   100%  25.5 1221s
 36522 32301 2625436.30  694  273 3807390.78    0.00000   100%  25.3 1233s
 36962 32393 2626192.58  770  266 3807390.78    0.00000   100%  25.1 1241s
 37054 32819 2626453.01  793  264 3807390.78    0.00000   100%  25.1 1252s
 37480 33268 2637671.74  884  264 3807390.78    0.00000   100%  24.9 1262s
 37929 33723 2627999.54  973  264 3807390.78    0.00000   100%  24.7 1273s
 38384 34189 2631953.02 1068  259 3807390.78    0.00000   100%  24.6 1285s
 38850 34581 2647228.08 1168  259 3807390.78    0.00000   100%  24.4 1294s
 39242 35046 2634587.41 1243  248 3807390.78    0.00000   100%  24.2 1304s
H39707 35467                    3792568.5157    0.00000   100%  24.1 1315s
 40128 35913 2634819.45 1436  249 3792568.52    0.00000   100%  23.9 1326s
 40574 36350 2634952.63 1536  249 3792568.52    0.00000   100%  23.7 1335s
 41011 36753 2641070.48 1632  257 3792568.52    0.00000   100%  23.6 1345s
 41414 37154 2635224.45 1723  248 3792568.52    0.00000   100%  23.5 1354s
 41815 37494 2635362.71 1815  249 3792568.52    0.00000   100%  23.4 1364s
 42155 37908 2635469.96 1883  247 3792568.52    0.00000   100%  23.3 1374s
 42569 38314 2635614.68 1979  247 3792568.52    0.00000   100%  23.2 1383s
 42975 38699 2639033.53 2075  253 3792568.52    0.00000   100%  23.0 1391s
 43360 39084 2635901.63 2171  248 3792568.52    0.00000   100%  22.9 1400s
 43745 39399 2640844.67 2264  256 3792568.52    0.00000   100%  22.8 1408s
 44060 39769 2636147.97 2336  249 3792568.52    0.00000   100%  22.8 1415s
 44430 40105 2651675.93 2424  263 3792568.52    0.00000   100%  22.7 1422s
 44774 40428 2637128.02 2511  251 3792568.52    0.00000   100%  22.6 1430s
 45103 40558 2636541.30 2595  248 3792568.52    0.00000   100%  22.4 1455s
H45236 35257                    3586958.4271    0.00000   100%  22.4 1455s
 45237 35497 2636631.79 2628  249 3586958.43    0.00000   100%  22.4 1462s
 45498 35662 2640429.09 2696  239 3586958.43    0.00000   100%  22.3 1471s
H45712 35829                    3586930.4282    0.00000   100%  22.4 1477s
 45890 36058 2879576.35 2874  225 3586930.43    0.00000   100%  22.5 1483s
 46119 36295 2881752.18 2986  224 3586930.43    0.00000   100%  22.5 1490s
 46356 36544 2883663.05 3102  224 3586930.43    0.00000   100%  22.6 1498s
 46605 36818 2902332.81 3217  237 3586930.43    0.00000   100%  22.6 1505s
 46879 36964 2903185.02 3337  237 3586930.43    0.00000   100%  22.6 1511s
H47036 36955                    3586684.2862    0.00000   100%  22.6 1511s
 47059 36992 3508708.17 3409  238 3586684.29    0.00000   100%  22.7 1516s
 47163 37022    0.00000  127  441 3586684.29    0.00000   100%  22.9 1520s
 47193 37078    0.00000  129  420 3586684.29    0.00000   100%  23.1 1525s
 47249 37198    0.00000  131  420 3586684.29    0.00000   100%  23.3 1530s
 47369 37366 13583.5665  134  441 3586684.29    0.00000   100%  23.4 1535s
 47537 37575 189735.465  143  402 3586684.29    0.00000   100%  23.4 1542s
 47746 37774 692050.617  154  380 3586684.29    0.00000   100%  23.4 1548s
 47945 37983 1172438.96  165  373 3586684.29    0.00000   100%  23.5 1556s
 48154 38189 1274228.84  176  363 3586684.29    0.00000   100%  23.6 1562s
 48364 38489 1708817.50  192  325 3586684.29    0.00000   100%  23.6 1568s
 48664 38863 2074885.86  253  309 3586684.29    0.00000   100%  23.6 1575s
 49038 39238 2062710.67  345  298 3586684.29    0.00000   100%  23.4 1582s
 49413 39623 2062753.58  434  298 3586684.29    0.00000   100%  23.3 1590s
 49798 39962 2064677.78  525  298 3586684.29    0.00000   100%  23.1 1599s
 50137 40300 2080333.19  607  289 3586684.29    0.00000   100%  23.0 1620s
 50479 40704 2087280.66  693  287 3586684.29    0.00000   100%  22.8 1630s
 50883 41137 2090270.63  793  286 3586684.29    0.00000   100%  22.7 1639s
 51316 41539 2095090.87  897  289 3586684.29    0.00000   100%  22.5 1646s
 51718 41909 2097207.12  999  286 3586684.29    0.00000   100%  22.4 1655s
 52088 42234 2101487.53 1093  288 3586684.29    0.00000   100%  22.2 1664s
 52413 42608 2104233.86 1194  285 3586684.29    0.00000   100%  22.2 1672s
 52787 42967 2108023.89 1298  287 3586684.29    0.00000   100%  22.1 1679s
 53146 43350 2110312.59 1388  285 3586684.29    0.00000   100%  21.9 1688s
 53529 43730 2113042.79 1490  286 3586684.29    0.00000   100%  21.8 1697s
 53909 44100 2116672.81 1590  286 3586684.29    0.00000   100%  21.7 1705s
 54279 44489 2121755.29 1689  287 3586684.29    0.00000   100%  21.6 1714s
 54668 44831 2124230.06 1789  286 3586684.29    0.00000   100%  21.5 1723s
 55010 45137 2127106.38 1876  285 3586684.29    0.00000   100%  21.4 1731s
 55316 45434 2129812.81 1975  285 3586684.29    0.00000   100%  21.4 1737s
 55613 45436 2132247.11 2070  286 3586684.29    0.00000   100%  21.4 1751s
 55615 45752 2131617.02 2071  287 3586684.29    0.00000   100%  21.4 1759s
 55931 46061 2136215.31 2169  283 3586684.29    0.00000   100%  21.3 1766s
 56240 46377 2134735.84 2252  279 3586684.29    0.00000   100%  21.2 1772s
 56556 46761 2173084.01 2361  270 3586684.29    0.00000   100%  21.2 1779s
 56940 47071 2174795.97 2471  270 3586684.29    0.00000   100%  21.2 1787s
 57250 47387 2176211.77 2572  270 3586684.29    0.00000   100%  21.1 1796s
 57566 47745 2183418.75 2683  276 3586684.29    0.00000   100%  21.1 1806s
 57924 48145 2180366.36 2785  271 3586684.29    0.00000   100%  21.0 1814s
 58324 48542 2193225.96 2891  277 3586684.29    0.00000   100%  20.9 1821s
 58721 48866 2181319.63 2997  272 3586684.29    0.00000   100%  20.8 1829s
 59045 49250 2182327.63 3086  270 3586684.29    0.00000   100%  20.8 1839s
 59429 49575 2183465.86 3192  272 3586684.29    0.00000   100%  20.7 1847s
 59754 49628 2185236.22 3283  270 3586684.29    0.00000   100%  20.6 1851s
 59807 49966 2192442.30 3297  275 3586684.29    0.00000   100%  20.6 1859s
 60145 50367 2186911.53 3382  271 3586684.29    0.00000   100%  20.5 1868s
 60546 50647 2188614.50 3482  272 3586684.29    0.00000   100%  20.4 1887s
 60826 51043 2196443.10 3552  275 3586684.29    0.00000   100%  20.4 1896s
 61222 51435 2193133.42 3654  270 3586684.29    0.00000   100%  20.3 1904s
 61614 51819 2195842.43 3756  269 3586684.29    0.00000   100%  20.2 1913s
 61998 52182 2203850.17 3856  274 3586684.29    0.00000   100%  20.1 1921s
 62361 52573 2227425.78 3940  273 3586684.29    0.00000   100%  20.0 1930s
 62752 52918 2209942.17 4035  269 3586684.29    0.00000   100%  19.9 1938s
 63097 53330 2211298.14 4112  267 3586684.29    0.00000   100%  19.8 1946s
 63509 53744 2231424.41 4203  273 3586684.29    0.00000   100%  19.7 1954s
 63923 54121 2214592.41 4299  268 3586684.29    0.00000   100%  19.6 1963s
 64300 54510 2224818.64 4389  271 3586684.29    0.00000   100%  19.6 1972s
 64689 54886 2225040.57 4486  269 3586684.29    0.00000   100%  19.5 1980s
 65065 55214 2242346.34 4578  273 3586684.29    0.00000   100%  19.4 1986s
 65393 55601 2259069.96 4652  271 3586684.29    0.00000   100%  19.3 1994s
 65780 55835 2242322.07 4743  267 3586684.29    0.00000   100%  19.2 2015s
 66014 56215 2264172.39 4801  272 3586684.29    0.00000   100%  19.2 2025s
 66394 56602 2265666.11 4891  272 3586684.29    0.00000   100%  19.1 2032s
 66781 56930 2246843.49 4985  267 3586684.29    0.00000   100%  19.0 2038s
 67109 57335 2255139.63 5063  272 3586684.29    0.00000   100%  18.9 2046s
 67514 57708 2250602.34 5162  267 3586684.29    0.00000   100%  18.8 2052s
 67887 58076 2269592.15 5252  271 3586684.29    0.00000   100%  18.8 2061s
 68260 58415 2271150.77 5345  271 3586684.29    0.00000   100%  18.7 2068s
 68599 58760 2275173.27 5434  272 3586684.29    0.00000   100%  18.6 2076s
 68944 59092 2257561.93 5524  267 3586684.29    0.00000   100%  18.6 2082s
 69276 59439 2259314.98 5613  267 3586684.29    0.00000   100%  18.5 2090s
 69623 59772 2266582.59 5704  270 3586684.29    0.00000   100%  18.4 2098s
 69956 60118 2275344.20 5792  273 3586684.29    0.00000   100%  18.4 2106s
 70302 60479 2276419.95 5875  268 3586684.29    0.00000   100%  18.3 2113s
 70663 60845 2292307.99 5966  271 3586684.29    0.00000   100%  18.3 2120s
 71029 61083 2278896.11 6061  268 3586684.29    0.00000   100%  18.2 2132s
 71267 61433 2280428.90 6152  268 3586684.29    0.00000   100%  18.2 2137s
 71617 61775 2282352.32 6242  269 3586684.29    0.00000   100%  18.1 2141s
 71959 62162 2301429.97 6327  272 3586684.29    0.00000   100%  18.0 2146s
 72346 62488 2286257.85 6425  269 3586684.29    0.00000   100%  18.0 2152s
 72672 62803 2287796.75 6499  268 3586684.29    0.00000   100%  17.9 2158s
 72987 63165 2306433.88 6589  272 3586684.29    0.00000   100%  17.9 2166s
 73349 63530 2291890.57 6680  268 3586684.29    0.00000   100%  17.8 2174s
 73714 63899 2293644.20 6772  269 3586684.29    0.00000   100%  17.8 2182s
 74083 64252 2295710.47 6864  268 3586684.29    0.00000   100%  17.7 2190s
H74256 64213                    3584175.1746    0.00000   100%  17.7 2190s
 74436 64553 2297471.45 6951  269 3584175.17    0.00000   100%  17.7 2197s
 74776 64894 2298992.59 7031  268 3584175.17    0.00000   100%  17.6 2203s
 75117 65224 2316407.67 7110  275 3584175.17    0.00000   100%  17.6 2209s
 75447 65546 2328914.08 7188  271 3584175.17    0.00000   100%  17.5 2216s
 75769 65905 2309486.44 7262  268 3584175.17    0.00000   100%  17.5 2223s
 76128 66251 2310226.05 7345  268 3584175.17    0.00000   100%  17.4 2231s
 76474 66253 2336340.76 7425  271 3584175.17    0.00000   100%  17.3 2248s
 76476 66599 2310870.89 7425  268 3584175.17    0.00000   100%  17.3 2257s
 76822 66946 2336427.06 7509  271 3584175.17    0.00000   100%  17.3 2265s
 77169 67287 2329336.65 7591  271 3584175.17    0.00000   100%  17.2 2274s
 77510 67626 2336598.77 7672  270 3584175.17    0.00000   100%  17.1 2281s
 77849 67962 2313653.75 7756  268 3584175.17    0.00000   100%  17.1 2289s
 78185 68298 2329602.99 7838  271 3584175.17    0.00000   100%  17.0 2296s
 78521 68628 2315000.77 7917  269 3584175.17    0.00000   100%  17.0 2304s
 78851 68985 2336942.18 7994  271 3584175.17    0.00000   100%  16.9 2310s
 79208 69319 2337030.30 8080  271 3584175.17    0.00000   100%  16.9 2317s
 79542 69681 2329938.39 8158  271 3584175.17    0.00000   100%  16.8 2323s
 79904 69959 2330511.04 8246  272 3584175.17    0.00000   100%  16.7 2328s
 80182 70278 2334926.84 8311  266 3584175.17    0.00000   100%  16.7 2334s
 80501 70587 2337929.42 8392  266 3584175.17    0.00000   100%  16.7 2342s
 80810 70888 2340858.00 8468  267 3584175.17    0.00000   100%  16.6 2350s
 81111 71203 2359289.61 8534  269 3584175.17    0.00000   100%  16.6 2357s
 81426 71445 2346359.54 8611  267 3584175.17    0.00000   100%  16.5 2375s
 81668 71718 2361494.26 8671  269 3584175.17    0.00000   100%  16.5 2381s
 81941 72020 2363068.01 8738  268 3584175.17    0.00000   100%  16.5 2387s
 82243 72354 2368886.46 8812  269 3584175.17    0.00000   100%  16.4 2394s
 82577 72692 2356940.40 8895  267 3584175.17    0.00000   100%  16.4 2401s
 82915 73023 2366664.01 8979  269 3584175.17    0.00000   100%  16.3 2407s
 83246 73353 2377777.86 9061  269 3584175.17    0.00000   100%  16.3 2413s
H83576 73665                    3583456.5982    0.00000   100%  16.3 2422s
 83895 74020 2391878.84 9226  265 3583456.60    0.00000   100%  16.2 2429s
 84252 74340 2418974.58 9317  263 3583456.60    0.00000   100%  16.2 2436s
 84574 74701 2466212.05 9394  260 3583456.60    0.00000   100%  16.1 2443s
 84935 75032 2466745.12 9480  260 3583456.60    0.00000   100%  16.1 2450s
 85266 75357 2447936.67 9562  255 3583456.60    0.00000   100%  16.1 2456s
 85591 75691 2520206.41 9641  262 3583456.60    0.00000   100%  16.0 2462s
 85925 75968 2450404.37 9722  256 3583456.60    0.00000   100%  16.0 2467s
 86202 76298 2468379.80 9800  262 3583456.60    0.00000   100%  15.9 2472s
 86532 76636 2470835.29 9883  262 3583456.60    0.00000   100%  15.9 2478s
 86870 76638 2457569.59 9967  260 3583456.60    0.00000   100%  15.9 2492s
 86872 76943 2454585.11 9967  254 3583456.60    0.00000   100%  15.9 2500s
 87177 77261 2455958.06 10044  254 3583456.60    0.00000   100%  15.8 2508s
 87495 77568 2457293.05 10120  254 3583456.60    0.00000   100%  15.8 2513s
 87802 77862 2485445.86 10194  263 3583456.60    0.00000   100%  15.8 2519s
 88096 78188 2459801.02 10266  256 3583456.60    0.00000   100%  15.7 2526s
 88422 78492 2529816.93 10347  262 3583456.60    0.00000   100%  15.7 2532s
 88726 78766 2462570.89 10421  255 3583456.60    0.00000   100%  15.7 2539s
 89000 79093 2531809.76 10490  262 3583456.60    0.00000   100%  15.6 2545s
 89327 79400 2465136.30 10572  256 3583456.60    0.00000   100%  15.6 2552s
 89634 79742 2466434.38 10649  254 3583456.60    0.00000   100%  15.6 2558s
 89976 80057 2467901.89 10734  254 3583456.60    0.00000   100%  15.5 2565s
 90291 80361 2469343.69 10812  254 3583456.60    0.00000   100%  15.5 2571s
 90595 80669 2470777.05 10895  254 3583456.60    0.00000   100%  15.4 2577s
 90903 80999 2538337.10 10973  262 3583456.60    0.00000   100%  15.4 2585s
 91233 81318 2483058.50 11059  262 3583456.60    0.00000   100%  15.4 2593s
 91552 81658 2506121.58 11137  263 3583456.60    0.00000   100%  15.3 2600s
 91892 81760 2497243.77 11220  259 3583456.60    0.00000   100%  15.3 2619s
 91994 82059 2496319.75 11246  258 3583456.60    0.00000   100%  15.3 2626s
 92293 82379 2504817.35 11320  261 3583456.60    0.00000   100%  15.3 2634s
 92613 82678 2497330.72 11397  254 3583456.60    0.00000   100%  15.2 2640s
 92912 83009 2499871.61 11470  254 3583456.60    0.00000   100%  15.2 2646s
H93243 82844                    3541818.8250    0.00000   100%  15.1 2653s
 93589 83167 2568016.37 11631  260 3541818.83    0.00000   100%  15.1 2660s
 93912 83528 2510506.40 11702  253 3541818.83    0.00000   100%  15.1 2668s
 94273 83805 2521842.22 11790  260 3541818.83    0.00000   100%  15.0 2674s
 94550 84132 2523208.86 11861  257 3541818.83    0.00000   100%  15.0 2681s
 94877 84442 2528037.53 11944  258 3541818.83    0.00000   100%  14.9 2689s
 95187 84752 2584784.73 12021  260 3541818.83    0.00000   100%  14.9 2696s
 95497 85041 2534398.07 12103  259 3541818.83    0.00000   100%  14.9 2703s
 95786 85349 2532294.84 12182  252 3541818.83    0.00000   100%  14.9 2710s
 96094 85627 2535650.77 12260  254 3541818.83    0.00000   100%  14.8 2716s
 96372 85906 2542842.74 12343  257 3541818.83    0.00000   100%  14.8 2723s
 96651 86225 2547619.20 12421  257 3541818.83    0.00000   100%  14.8 2731s
 96970 86562 2607483.65 12501  260 3541818.83    0.00000   100%  14.7 2739s
 97307 86580 2563094.96 12582  258 3541818.83    0.00000   100%  14.7 2753s
 97325 86884 2561861.32 12587  256 3541818.83    0.00000   100%  14.7 2759s
 97629 87157 2553935.14 12657  251 3541818.83    0.00000   100%  14.7 2767s
 97902 87475 2554326.21 12724  252 3541818.83    0.00000   100%  14.7 2775s
 98220 87784 2574001.27 12802  257 3541818.83    0.00000   100%  14.6 2783s
 98529 88088 2574022.35 12878  257 3541818.83    0.00000   100%  14.6 2792s
 98833 88410 2577977.48 12951  257 3541818.83    0.00000   100%  14.6 2801s
 99155 88749 2574083.05 13030  257 3541818.83    0.00000   100%  14.5 2809s
 99494 89074 2556528.35 13113  252 3541818.83    0.00000   100%  14.5 2817s
 99819 89404 2556965.08 13192  251 3541818.83    0.00000   100%  14.5 2826s
 100149 89712 2557406.42 13272  251 3541818.83    0.00000   100%  14.4 2834s
 100303 89712 3217020.77 13534  266 3541818.83    0.00000   100%  14.4 2835s
 100457 90045 2557854.46 13349  252 3541818.83    0.00000   100%  14.4 2843s
 100790 90357 2574236.81 13432  257 3541818.83    0.00000   100%  14.4 2850s
 101102 90624 2558829.13 13512  251 3541818.83    0.00000   100%  14.4 2858s
 101369 90930 2559162.76 13575  252 3541818.83    0.00000   100%  14.3 2866s
 101675 91265 2574321.78 13652  257 3541818.83    0.00000   100%  14.3 2876s
 102010 91573 2560104.91 13739  252 3541818.83    0.00000   100%  14.3 2885s
 102318 91884 2560517.02 13816  252 3541818.83    0.00000   100%  14.3 2890s
 102629 92193 2576564.95 13902  257 3541818.83    0.00000   100%  14.2 2897s
 102938 92525 2561699.67 13979  251 3541818.83    0.00000   100%  14.2 2905s
 103270 92815 2574874.68 14061  257 3541818.83    0.00000   100%  14.2 2911s
 103560 93115 2562900.35 14138  252 3541818.83    0.00000   100%  14.2 2916s
 103860 93423 2563524.94 14220  252 3541818.83    0.00000   100%  14.1 2921s
 104168 93746 2564097.55 14300  252 3541818.83    0.00000   100%  14.1 2926s
 104491 94044 2564718.29 14382  251 3541818.83    0.00000   100%  14.1 2933s
 104790 94368 2576682.27 14454  257 3541818.83    0.00000   100%  14.1 2939s
 105114 94670 2575928.95 14537  257 3541818.83    0.00000   100%  14.1 2946s
 105416 94850 2566510.35 14617  252 3541818.83    0.00000   100%  14.0 2964s
 105596 95110 2585399.45 14662  257 3541818.83    0.00000   100%  14.0 2971s
 105856 95424 2567312.57 14731  251 3541818.83    0.00000   100%  14.0 2978s
 106170 95474 2568056.92 14816  252 3541818.83    0.00000   100%  14.0 2983s
 106220 95790 2568115.49 14829  251 3541818.83    0.00000   100%  14.0 2992s
 106536 96098 2568804.17 14915  251 3541818.83    0.00000   100%  14.0 3000s
 106844 96427 2569371.54 14994  251 3541818.83    0.00000   100%  13.9 3008s
 107173 96757 2576904.10 15078  255 3541818.83    0.00000   100%  13.9 3015s
 107503 97113 2570581.61 15163  251 3541818.83    0.00000   100%  13.9 3024s
 107859 97463 2571286.94 15255  251 3541818.83    0.00000   100%  13.9 3033s
 108209 97775 2571987.44 15346  252 3541818.83    0.00000   100%  13.9 3041s
 108521 98134 2572537.82 15426  251 3541818.83    0.00000   100%  13.8 3049s
 108880 98463 2573276.75 15521  251 3541818.83    0.00000   100%  13.8 3057s
 109209 98815 2573963.61 15609  252 3541818.83    0.00000   100%  13.8 3066s
 109561 99119 2578548.42 15702  254 3541818.83    0.00000   100%  13.8 3073s
 109865 99435 2576993.70 15780  251 3541818.83    0.00000   100%  13.7 3079s
 110183 99726 2642918.46 15866  259 3541818.83    0.00000   100%  13.7 3086s
 110483 99999 2643482.62 15949  259 3541818.83    0.00000   100%  13.7 3092s
 110770 100201 2641804.91 16042  253 3541818.83    0.00000   100%  13.7 3101s
 111006 100368 2646403.25 16135  253 3541818.83    0.00000   100%  13.7 3106s
 111173 100549 2671777.15 16217  258 3541818.83    0.00000   100%  13.7 3112s
 111354 100707 2656013.84 16306  253 3541818.83    0.00000   100%  13.7 3117s
 111512 100856 2659425.93 16383  252 3541818.83    0.00000   100%  13.7 3121s
 111661 100994 2707371.82 16454  255 3541818.83    0.00000   100%  13.7 3127s
 111799 101161 2704301.23 16521  256 3541818.83    0.00000   100%  13.8 3132s
 111966 101329 2700889.24 16603  257 3541818.83    0.00000   100%  13.8 3137s
 112134 101511 2669060.87 16686  252 3541818.83    0.00000   100%  13.8 3142s
 112316 101513 2672177.94 16775  252 3541818.83    0.00000   100%  13.8 3165s
 112318 101660 2690687.83 16775  260 3541818.83    0.00000   100%  13.8 3171s
 112465 101825 2674675.55 16848  251 3541818.83    0.00000   100%  13.9 3178s
 112630 101993 2684644.44 16928  260 3541818.83    0.00000   100%  13.9 3185s
 112798 102176 2680158.76 17011  251 3541818.83    0.00000   100%  13.9 3193s
 112981 102364 2688061.37 17101  258 3541818.83    0.00000   100%  13.9 3201s
 113169 102578 2686345.31 17193  252 3541818.83    0.00000   100%  13.9 3207s
 113383 102788 2716182.09 17224  252 3541818.83    0.00000   100%  14.0 3213s
 113593 102985 2724924.23 17223  251 3541818.83    0.00000   100%  14.0 3219s
 113790 103204 2704583.79 17222  259 3541818.83    0.00000   100%  14.0 3227s
 114009 103415 2709983.32 17222  254 3541818.83    0.00000   100%  14.0 3235s
 114220 103658 2718314.38 17223  254 3541818.83    0.00000   100%  14.1 3241s
 114463 103906 2725442.22 17223  251 3541818.83    0.00000   100%  14.1 3248s
 114711 104199 2734315.03 17223  251 3541818.83    0.00000   100%  14.1 3258s
 115004 104501 2723085.78 17222  250 3541818.83    0.00000   100%  14.0 3266s
 115306 104862 2735508.86 17223  249 3541818.83    0.00000   100%  14.0 3276s
 115667 105050 2736067.19 17224  249 3541818.83    0.00000   100%  14.0 3283s
 115855 105211    0.00000  102  449 3541818.83    0.00000   100%  14.0 3290s
 116016 105364    0.00000  104  456 3541818.83    0.00000   100%  14.1 3296s
H116169 105529                    3541723.3512    0.00000   100%  14.1 3301s
 116334 105700    0.00000  111  442 3541723.35    0.00000   100%  14.1 3309s
 116505 105850    0.00000  113  431 3541723.35    0.00000   100%  14.1 3314s
 116655 106001 21915.7086  114  436 3541723.35    0.00000   100%  14.1 3321s
 116806 106222 36272.6133  115  466 3541723.35    0.00000   100%  14.2 3327s
 117027 106421 695046.457  125  419 3541723.35    0.00000   100%  14.2 3333s
 117226 106563 1111950.29  132  423 3541723.35    0.00000   100%  14.2 3338s
 117368 106709 1079012.74  137  408 3541723.35    0.00000   100%  14.3 3344s
 117514 106905 1386655.53  141  394 3541723.35    0.00000   100%  14.3 3350s
 117710 107097 2108288.24  164  363 3541723.35    0.00000   100%  14.3 3356s
 117902 107410 2192984.26  175  360 3541723.35    0.00000   100%  14.4 3364s
 118215 107771 2638244.09  284  317 3541723.35    0.00000   100%  14.4 3373s
 118578 108167 2725243.89  470  294 3541723.35    0.00000   100%  14.4 3379s
 118974 108169 2725419.27  701  294 3541723.35    0.00000   100%  14.3 3398s
 118976 108607 2725419.27  702  294 3541723.35    0.00000   100%  14.3 3406s
 119414 108931 2725600.60  945  294 3541723.35    0.00000   100%  14.3 3413s
 119744 109305 2734571.07 1035  277 3541723.35    0.00000   100%  14.3 3418s
 120118 109736 2737478.09 1199  277 3541723.35    0.00000   100%  14.2 3426s
 120549 110095 2746072.02 1390  284 3541723.35    0.00000   100%  14.2 3436s
 120908 110571 2746598.53 1562  274 3541723.35    0.00000   100%  14.2 3446s
 121384 111046 2759425.25 1801  272 3541723.35    0.00000   100%  14.1 3455s
 121859 111562 2765573.89 2025  272 3541723.35    0.00000   100%  14.1 3464s
 122375 112097 2768710.52 2314  270 3541723.35    0.00000   100%  14.0 3472s
 122910 112573 2770573.95 2616  270 3541723.35    0.00000   100%  13.9 3481s
 123386 113030 2772370.14 2880  269 3541723.35    0.00000   100%  13.9 3491s
 123843 113456 2773932.28 3111  269 3541723.35    0.00000   100%  13.8 3499s
 124269 113866 2781268.30 3312  272 3541723.35    0.00000   100%  13.8 3509s
 124679 114250 2784496.37 3519  269 3541723.35    0.00000   100%  13.8 3516s
 125063 114626 2788223.40 3718  269 3541723.35    0.00000   100%  13.7 3524s
 125439 114937 2791718.41 3923  269 3541723.35    0.00000   100%  13.7 3531s
 125750 115283 2794931.63 4107  270 3541723.35    0.00000   100%  13.7 3539s
 126096 115599 2797665.95 4284  272 3541723.35    0.00000   100%  13.6 3546s
H126412 115936                    3541676.8862    0.00000   100%  13.6 3553s
H126750 116277                    3541663.3776    0.00000   100%  13.6 3562s
H126932 116277                    3541663.0056    0.00000   100%  13.6 3562s
 127091 116638 2808035.43 4520  236 3541663.01    0.00000   100%  13.6 3570s
 127452 117023 2808283.51 4549  231 3541663.01    0.00000   100%  13.5 3579s
 127837 117388 2808505.62 4575  234 3541663.01    0.00000   100%  13.5 3589s
 128202 117720 2808743.63 4600  233 3541663.01    0.00000   100%  13.5 3597s
 128534 117885 2808984.67 4626  231 3541663.01    0.00000   100%  13.5 3600s

Cutting planes:
  Gomory: 2
  Implied bound: 31
  MIR: 145
  StrongCG: 2
  Flow cover: 4
  Zero half: 1
  RLT: 31
  Relax-and-lift: 1

Explored 128699 nodes (1748192 simplex iterations) in 3600.16 seconds (1600.99 work units)
Thread count was 2 (of 24 available processors)

Solution count 10: 3.54166e+06 3.54172e+06 3.54182e+06 ... 3.80739e+06

Time limit reached
Best objective 3.541663005613e+06, best bound 0.000000000000e+00, gap 100.0000%
