
Gurobi 11.0.3 (linux64, Java) logging started qui 05 dez 2024 05:44:35 -03

Set parameter Username
Academic license - for non-commercial use only - expires 2025-10-10
Set parameter NonConvex to value 2
Set parameter TimeLimit to value 3600
Set parameter LogToConsole to value 0
Set parameter MIPGap to value 5.0092666967390145e-08
Set parameter Threads to value 2
Set parameter NodefileDir to value "/home/ps12398/experiment_hosp/goalProgrammingMarcos/"
Set parameter NodefileStart to value 1
Gurobi Optimizer version 11.0.3 build v11.0.3rc0 (linux64)

CPU model: Intel(R) Xeon(R) CPU           X5650  @ 2.67GHz, instruction set [SSE2]
Thread count: 12 physical cores, 24 logical processors, using up to 2 threads

Optimize a model with 140739 rows, 94838 columns and 549527 nonzeros
Model fingerprint: 0xa4908f00
Model has 222 quadratic constraints
Variable types: 47312 continuous, 47526 integer (217 binary)
Coefficient statistics:
  Matrix range     [5e-03, 5e+06]
  QMatrix range    [5e-03, 8e+04]
  QLMatrix range   [1e+00, 8e+04]
  Objective range  [1e+00, 4e+07]
  Bounds range     [1e+00, 1e+08]
  RHS range        [1e+00, 4e+05]
  QRHS range       [3e-02, 3e-02]
Presolve removed 138857 rows and 92890 columns
Presolve time: 0.35s
Presolved: 3893 rows, 2553 columns, 246380 nonzeros
Presolved model has 2 SOS constraint(s)
Presolved model has 217 bilinear constraint(s)

Solving non-convex MIQCP

Variable types: 850 continuous, 1703 integer (219 binary)
Found heuristic solution: objective 1.716172e+07

Root relaxation: objective 0.000000e+00, 461 iterations, 0.09 seconds (0.07 work units)

    Nodes    |    Current Node    |     Objective Bounds      |     Work
 Expl Unexpl |  Obj  Depth IntInf | Incumbent    BestBd   Gap | It/Node Time

     0     0    0.00000    0  469 1.7162e+07    0.00000   100%     -    2s
H    0     0                    9737185.3751    0.00000   100%     -    2s
     0     0 3714484.95    0  522 9737185.38 3714484.95  61.9%     -    3s
     0     0 3874551.84    0  557 9737185.38 3874551.84  60.2%     -    5s
     0     0 3883439.23    0  572 9737185.38 3883439.23  60.1%     -    5s
     0     0 3949915.52    0  590 9737185.38 3949915.52  59.4%     -    7s
     0     0 3952452.81    0  589 9737185.38 3952452.81  59.4%     -    7s
     0     0 3989451.12    0  631 9737185.38 3989451.12  59.0%     -    9s
     0     0 3991084.32    0  646 9737185.38 3991084.32  59.0%     -    9s
     0     0 4002424.10    0  648 9737185.38 4002424.10  58.9%     -   10s
     0     0 4006560.45    0  654 9737185.38 4006560.45  58.9%     -   10s
     0     0 4014874.01    0  656 9737185.38 4014874.01  58.8%     -   11s
     0     0 4015526.43    0  667 9737185.38 4015526.43  58.8%     -   12s
     0     0 4015526.43    0  659 9737185.38 4015526.43  58.8%     -   12s
     0     0 4016704.17    0  659 9737185.38 4016704.17  58.7%     -   13s
     0     2 4016704.17    0  659 9737185.38 4016704.17  58.7%     -   15s
    29    33 4084506.49    8  585 9737185.38 4037851.71  58.5%  87.2   20s
    84    88 4144346.80   21  532 9737185.38 4037851.71  58.5%  61.1   25s
   155   169 4283143.76   43  493 9737185.38 4037851.71  58.5%  51.0   30s
   250   264 4832535.95   81  440 9737185.38 4037851.71  58.5%  44.4   35s
   351   375 5762030.10  115  388 9737185.38 4037851.71  58.5%  39.5   40s
   477   508 6438782.18  162  326 9737185.38 4037851.71  58.5%  38.6   45s
H  491   508                    9653780.6478 4037851.71  58.2%  37.9   45s
H  644   669                    9634821.5493 4037851.71  58.1%  30.8   49s
   668   722 6495916.51  233  308 9634821.55 4037851.71  58.1%  29.8   50s
H  719   722                    9634821.2307 4037851.71  58.1%  27.8   50s
   859   918 6498396.61  329  306 9634821.23 4037851.71  58.1%  23.9   55s
  1014  1103 6501316.89  412  299 9634821.23 4037851.71  58.1%  20.5   61s
  1195  1293 6504373.32  504  299 9634821.23 4037851.71  58.1%  17.6   66s
  1393  1494 6505629.58  604  302 9634821.23 4037851.71  58.1%  15.2   70s
  1707  1811 6506372.73  764  303 9634821.23 4037851.71  58.1%  12.7   75s
  1895  2010 6510109.92  866  302 9634821.23 4037851.71  58.1%  11.8   80s
  2066  2215 6512906.08  976  303 9634821.23 4037851.71  58.1%  10.9   86s
  2370  2551 6531358.76 1129  302 9634821.23 4037851.71  58.1%   9.9   93s
  2550  2732 6534074.32 1213  293 9634821.23 4037851.71  58.1%   9.3   96s
H 2721  2732                    9595182.3354 4037851.71  57.9%   8.9   96s
  2731  2908 6535890.42 1308  289 9595182.34 4037851.71  57.9%   8.9  100s
  3086  3178 6547365.51 1467  282 9595182.34 4037851.71  57.9%   8.0  106s
H 3176  3178                    9594751.6448 4037851.71  57.9%   7.8  106s
  3369  3602 6557446.20 1652  277 9594751.64 4037851.71  57.9%   7.4  112s
  3601  3818 6571716.67 1756  275 9594751.64 4037851.71  57.9%   7.1  116s
H 3786  3818                    9578816.0789 4037851.71  57.8%   6.8  116s
  3818  3819 6498109.33  247  642 9578816.08 4037851.71  57.8%   6.8  128s
  3820  3820 4828040.34   84  315 9578816.08 4037851.71  57.8%   6.8  134s
  3821  3821 6578841.05 1788  318 9578816.08 4037851.71  57.8%   6.8  135s
  3824  3823 6505863.11  649  408 9578816.08 4084992.69  57.4%   6.8  140s
H 3824  3631                    9316720.2322 4100932.49  56.0%   6.8  141s
H 3826  3450                    9316252.4866 4113820.99  55.8%   6.8  144s
  3828  3452 6788828.44 1027  441 9316252.49 4113820.99  55.8%   6.8  146s
  3831  3454 6824371.23 1338  454 9316252.49 4126663.85  55.7%   6.8  150s
  3836  3457 4156403.65    6  477 9316252.49 4156403.65  55.4%   6.8  156s
  3840  3460 6578843.17 1789  480 9316252.49 4168985.39  55.3%   6.8  161s
  3842  3461 6832653.85 1626  492 9316252.49 4171287.59  55.2%   6.7  165s
  3846  3464 6701918.94  499  492 9316252.49 4181423.06  55.1%   6.7  172s
  3848  3465 6831066.77 1565  490 9316252.49 4191204.85  55.0%   6.7  175s
H 3850  3293                    9315898.3648 4212323.86  54.8%   6.7  180s
  3853  3295 6511008.23  901  554 9315898.36 4229894.96  54.6%   6.7  185s
  3856  3297 5946310.51  128  516 9315898.36 4241826.36  54.5%   6.7  191s
  3860  3300 6535897.28 1311  497 9315898.36 4256667.43  54.3%   6.7  196s
  3864  3303 6827785.66 1456  533 9315898.36 4271881.52  54.1%   6.7  201s
  3868  3305 6505866.46  659  526 9315898.36 4282415.92  54.0%   6.7  206s
H 3870  3140                    9314125.4850 4298812.04  53.8%   6.7  210s
  3874  3142 6773562.31  967  522 9314125.48 4307103.77  53.8%   6.7  216s
  3876  3144 6828322.09 1474  533 9314125.48 4311561.39  53.7%   6.7  220s
  3878  3145 6544814.56 1401  569 9314125.48 4320142.46  53.6%   6.7  225s
  3882  3148 6498263.93  297  569 9314125.48 4321546.92  53.6%   6.7  232s
  3884  3149 5759852.91  117  574 9314125.48 4321546.92  53.6%   6.7  235s
  3888  3152 6500540.57  185  587 9314125.48 4322364.12  53.6%   6.7  241s
  3891  3154 5080515.71   89  557 9314125.48 4333005.02  53.5%   6.7  245s
  3894  3156 6004109.05  130  560 9314125.48 4340697.98  53.4%   6.7  251s
  3897  3158 6822294.81 1260  566 9314125.48 4343316.31  53.4%   6.7  255s
  3900  3160 6720549.88  629  540 9314125.48 4344607.04  53.4%   6.6  260s
  3906  3164 6535062.85 1270  566 9314125.48 4345045.64  53.3%   6.6  266s
H 3908  3006                    9283613.8900 4345907.06  53.2%   6.6  270s
  3914  3010 4346272.99   48  549 9283613.89 4346272.99  53.2%   6.6  275s
  3920  3014 4828040.34   84  552 9283613.89 4346297.49  53.2%   6.6  281s
  3923  3017 6830832.66 1561  642 9283613.89 4346297.49  53.2%  10.5  286s
  3925  3018 6498775.95  384  315 9283613.89 4346297.49  53.2%  10.5  294s
  3926  3019 4468444.40   57  310 9283613.89 4346297.49  53.2%  10.5  295s
H 3927  2868                    8534767.5935 4346297.49  49.1%  10.5  300s
  3931  2870 6824371.23 1338  554 8534767.59 4347111.01  49.1%  10.5  306s
  3934  2872 6579162.25 1796  552 8534767.59 4347442.89  49.1%  10.5  311s
H 3934  2729                    8524145.9871 4348625.44  49.0%  10.5  311s
  3938  2732 6822074.00 1252  549 8524145.99 4349591.24  49.0%  10.4  316s
  3941  2734 6691661.32  332  524 8524145.99 4355322.56  48.9%  10.4  320s
  3945  2737 6722997.93  672  534 8524145.99 4356463.54  48.9%  10.4  325s
  3948  2739 6831066.77 1565  537 8524145.99 4359790.67  48.9%  10.4  330s
  3952  2741 4360659.58   18  531 8524145.99 4360659.58  48.8%  10.4  335s
  3955  2743 6505582.31  585  557 8524145.99 4362839.10  48.8%  10.4  340s
  3958  2745 4366465.42   34  545 8524145.99 4366465.42  48.8%  10.4  345s
  3962  2748 6530890.47 1127  542 8524145.99 4370849.29  48.7%  10.4  350s
  3966  2751 6777688.00  991  550 8524145.99 4381589.43  48.6%  10.4  355s
  3970  2753 6394496.67  160  576 8524145.99 4383211.49  48.6%  10.4  360s
  3974  2756 6773562.31  967  568 8524145.99 4383629.21  48.6%  10.3  365s
  3978  2759 6544814.56 1401  558 8524145.99 4387799.98  48.5%  10.3  371s
  3981  2761 6508101.59  811  558 8524145.99 4388925.80  48.5%  10.3  375s
  3984  2763 5759852.91  117  572 8524145.99 4389045.35  48.5%  10.3  380s
  3988  2765 6500540.57  185  569 8524145.99 4389677.16  48.5%  10.3  386s
  3992  2768 6503346.20  475  549 8524145.99 4392375.69  48.5%  10.3  391s
  3995  2770 6532102.52 1138  576 8524145.99 4399495.70  48.4%  10.3  395s
  3998  2772 6788160.29 1022  578 8524145.99 4401033.26  48.4%  10.3  400s
  4002  2775 6540583.86  175  584 8524145.99 4401561.99  48.4%  10.3  405s
  4006  2777 6535062.85 1270  569 8524145.99 4409498.93  48.3%  10.3  411s
  4010  2780 6545436.68 1416  573 8524145.99 4413442.88  48.2%  10.3  417s
  4013  2782 6488978.93  171  559 8524145.99 4414616.35  48.2%  10.2  420s
  4016  2784 6510311.12  873  574 8524145.99 4414825.80  48.2%  10.2  425s
  4021  2787 6578841.05 1788  582 8524145.99 4414955.38  48.2%  10.2  430s
  4026  2791 4468444.40   57  569 8524145.99 4414968.50  48.2%  10.2  438s
  4027  2791 6546702.84 1449  569 8524145.99 4414968.50  48.2%  10.2  442s
  4028  2795 4415067.14   23  769 8524145.99 4414978.88  48.2%  13.5  449s
  4030  2796 4415134.85   24  772 8524145.99 4415134.85  48.2%  13.7  450s
  4036  2800 4429397.69   25  755 8524145.99 4420684.80  48.1%  14.5  455s
  4042  2804 4448970.01   27  758 8524145.99 4429403.91  48.0%  15.4  461s
  4049  2810 4435249.89   28  732 8524145.99 4429403.91  48.0%  16.0  466s
  4055  2814 4447949.41   30  719 8524145.99 4429403.91  48.0%  16.6  470s
  4061  2818 4479000.87   31  714 8524145.99 4429403.91  48.0%  17.6  475s
  4070  2825 4481787.02   34  721 8524145.99 4429403.91  48.0%  18.7  481s
  4080  2834 4470864.86   36  672 8524145.99 4429403.91  48.0%  19.6  486s
  4088  2840 4501356.79   38  692 8524145.99 4429403.91  48.0%  20.2  490s
  4102  2846 4489867.46   41  678 8524145.99 4429403.91  48.0%  21.3  496s
  4111  2853 4548409.33   43  654 8524145.99 4429403.91  48.0%  22.2  500s
  4122  2861 4525334.20   45  661 8524145.99 4429403.91  48.0%  22.9  506s
  4137  2878 4544474.28   49  653 8524145.99 4429403.91  48.0%  23.9  512s
H 4138  2735                    8522733.6378 4429403.91  48.0%  23.8  512s
H 4144  2599                    8515930.6097 4429403.91  48.0%  24.2  512s
  4149  2610 4559059.41   52  624 8515930.61 4429403.91  48.0%  24.4  515s
  4174  2631 4684485.98   58  600 8515930.61 4429403.91  48.0%  25.7  523s
  4191  2654 4669454.83   61  609 8515930.61 4429403.91  48.0%  26.3  527s
  4219  2673 4736205.09   67  573 8515930.61 4429403.91  48.0%  27.0  531s
  4280  2722 4895782.20   78  578 8515930.61 4429403.91  48.0%  28.1  538s
  4317  2759 4977589.23   84  555 8515930.61 4429403.91  48.0%  28.6  542s
  4366  2796 5113800.51   93  516 8515930.61 4429403.91  48.0%  28.8  546s
  4420  2845 5244065.78  105  505 8515930.61 4429403.91  48.0%  29.1  552s
  4487  2848 5452756.24  122  450 8515930.61 4429403.91  48.0%  29.4  563s
  4512  2928 5667129.27  134  421 8515930.61 4429403.91  48.0%  29.5  568s
  4600  2995 6063636.68  153  377 8515930.61 4429403.91  48.0%  29.9  572s
  4697  3081 6374334.82  173  348 8515930.61 4429403.91  48.0%  29.8  577s
  4815  3162 6684445.85  201  311 8515930.61 4429403.91  48.0%  29.4  582s
  4935  3224 6693486.18  235  294 8515930.61 4429403.91  48.0%  29.0  586s
  5037  3318 6739500.46  260  283 8515930.61 4429403.91  48.0%  28.6  592s
  5165  3416 6786962.65  294  281 8515930.61 4429403.91  48.0%  28.1  597s
  5306  3508 6803589.47  328  277 8515930.61 4429403.91  48.0%  27.5  602s
  5445  3614 6780594.56  362  271 8515930.61 4429403.91  48.0%  26.9  608s
  5597  3687 6794854.95  398  271 8515930.61 4429403.91  48.0%  26.3  612s
  5721  3780 6813205.00  422  293 8515930.61 4429403.91  48.0%  26.0  617s
  5855  3880 6793690.30  451  287 8515930.61 4429403.91  48.0%  25.6  622s
  6000  3978 6784329.91  485  265 8515930.61 4429403.91  48.0%  25.2  628s
  6148  4075 6785709.09  520  265 8515930.61 4429403.91  48.0%  24.8  634s
  6297  4192 6857591.16  552  277 8515930.61 4429403.91  48.0%  24.5  638s
  6463  4311 6858582.99  593  276 8515930.61 4429403.91  48.0%  24.1  645s
  6638  4418 6856986.38  637  278 8515930.61 4429403.91  48.0%  23.7  651s
  6803  4545 6860745.61  674  270 8515930.61 4429403.91  48.0%  23.4  658s
  6985  4641 6875314.12  718  278 8515930.61 4429403.91  48.0%  23.1  662s
  7142  4765 6877778.83  753  279 8515930.61 4429403.91  48.0%  22.9  669s
  7318  4908 6900143.20  793  277 8515930.61 4429403.91  48.0%  22.6  677s
  7520  5037 6906124.02  840  279 8515930.61 4429403.91  48.0%  22.3  685s
  7853  5232 6912618.46  911  268 8515930.61 4429403.91  48.0%  22.4  695s
  8022  5360 6920227.96  956  261 8515930.61 4429403.91  48.0%  22.6  702s
  8206  5487 6922779.66 1005  277 8515930.61 4429403.91  48.0%  22.8  709s
  8395  5639 6937877.92 1061  281 8515930.61 4429403.91  48.0%  22.8  717s
  8610  5813 6946756.98 1114  290 8515930.61 4429403.91  48.0%  22.7  726s
  8855  5965 6946665.53 1174  270 8515930.61 4429403.91  48.0%  22.6  735s
  9089  6142 6949620.21 1230  254 8515930.61 4429403.91  48.0%  22.6  746s
  9344  6291 6955494.08 1290  287 8515930.61 4429403.91  48.0%  22.4  754s
  9578  6462 6961048.98 1343  274 8515930.61 4429403.91  48.0%  22.4  764s
  9827  6649 6961309.94 1403  256 8515930.61 4429403.91  48.0%  22.3  774s
 10097  6824 6963206.97 1475  247 8515930.61 4429403.91  48.0%  22.1  783s
 10362  7005 6965367.65 1547  248 8515930.61 4429403.91  48.0%  22.1  792s
 10631  7190 6973435.69 1617  255 8515930.61 4429403.91  48.0%  22.0  801s
 10906  7297 6969380.40 1689  246 8515930.61 4429403.91  48.0%  21.9  806s
 11105  7479 6971762.03 1746  254 8515930.61 4429403.91  48.0%  21.9  812s
 11353  7639 6974452.90 1810  246 8515930.61 4429403.91  48.0%  21.9  821s
 11596  7802 6976742.15 1869  246 8515930.61 4429403.91  48.0%  21.9  827s
 11832  8032 6978395.39 1927  247 8515930.61 4429403.91  48.0%  21.9  836s
 12062  8231 6980235.28 1986  246 8515930.61 4429403.91  48.0%  21.9  842s
 12261  8447 6983246.85 2045  293 8515930.61 4429403.91  48.0%  22.1  849s
 12477  8631 6985106.06 2106  292 8515930.61 4429403.91  48.0%  22.3  856s
 12661  8818 6986482.30 2154  288 8515930.61 4429403.91  48.0%  22.5  863s
H12848  9008                    8515684.8400 4429403.91  48.0%  22.7  871s
 13038  9235 6988801.76 2261  252 8515684.84 4429403.91  48.0%  23.0  880s
 13265  9453 6991040.69 2328  252 8515684.84 4429403.91  48.0%  23.0  887s
 13483  9658 7019224.77 2387  289 8515684.84 4429403.91  48.0%  23.1  892s
 13688  9871 6994470.33 2438  250 8515684.84 4429403.91  48.0%  23.2  898s
 13901 10116 6996818.65 2494  283 8515684.84 4429403.91  48.0%  23.3  906s
 14146 10388 6998745.66 2560  251 8515684.84 4429403.91  48.0%  23.2  913s
 14418 10664 7000764.45 2629  251 8515684.84 4429403.91  48.0%  23.1  929s
 14694 10924 7002881.70 2695  255 8515684.84 4429403.91  48.0%  23.0  938s
 14954 11172 7009689.22 2750  260 8515684.84 4429403.91  48.0%  22.8  948s
 15202 11472 7077101.26 2800  286 8515684.84 4429403.91  48.0%  22.7  958s
 15502 11782 7013247.22 2873  246 8515684.84 4429403.91  48.0%  22.6  969s
 15812 12016 7015543.60 2944  247 8515684.84 4429403.91  48.0%  22.3  977s
 16046 12253 7046966.17 2999  296 8515684.84 4429403.91  48.0%  22.3  986s
 16292 12466 7022765.53 3051  295 8515684.84 4429403.91  48.0%  22.3  995s
 16505 12673 7026073.97 3105  242 8515684.84 4429403.91  48.0%  22.4 1002s
 16712 12875 7030253.73 3152  250 8515684.84 4429403.91  48.0%  22.6 1009s
 16914 13067 7066786.23 3198  307 8515684.84 4429403.91  48.0%  22.8 1016s
H17001 13067                    8513818.4375 4429403.91  48.0%  22.9 1016s
H17106 13250                    8509350.5316 4429403.91  47.9%  23.0 1022s
 17291 13481 7038376.30 3285  254 8509350.53 4429403.91  47.9%  23.2 1030s
 17530 13581 7041262.24 3339  252 8509350.53 4429403.91  47.9%  23.2 1037s
 17654 13668 7043748.25 3388  252 8509350.53 4429403.91  47.9%  23.3 1044s
 17741 13760 7077903.98 3429  271 8509350.53 4429403.91  47.9%  23.6 1050s
 17833 13850 7079319.51 3473  301 8509350.53 4429403.91  47.9%  23.8 1055s
 17923 13938 7050236.08 3517  247 8509350.53 4429403.91  47.9%  24.0 1063s
 18011 14050 7084871.93 3558  258 8509350.53 4429403.91  47.9%  24.1 1070s
 18123 14156 7054817.51 3611  248 8509350.53 4429403.91  47.9%  24.3 1078s
 18229 14263 7057431.04 3662  251 8509350.53 4429403.91  47.9%  24.4 1085s
 18336 14369 7059949.85 3714  240 8509350.53 4429403.91  47.9%  24.6 1093s
H18442 14471                    8509311.5329 4429403.91  47.9%  24.8 1098s
 18544 14607 7065951.29 3811  294 8509311.53 4429403.91  47.9%  25.0 1106s
 18680 14744 7065866.73 3876  242 8509311.53 4429403.91  47.9%  25.1 1112s
 18817 14847 7081060.91 3941  260 8509311.53 4429403.91  47.9%  25.2 1117s
 18920 14947 7072646.31 3988  283 8509311.53 4429403.91  47.9%  25.4 1121s
 19020 15093 7074481.01 4034  291 8509311.53 4429403.91  47.9%  25.5 1127s
 19166 15202 7087985.06 4099  254 8509311.53 4429403.91  47.9%  25.6 1131s
 19275 15310 7077380.32 4150  245 8509311.53 4429403.91  47.9%  25.9 1137s
 19383 15445 7079834.81 4197  251 8509311.53 4429403.91  47.9%  26.1 1143s
H19518 15598                    8495609.7810 4429403.91  47.9%  26.2 1149s
 19671 15736 7083741.58 4316  250 8495609.78 4429403.91  47.9%  26.3 1164s
H19673 15736                    8495141.6728 4429403.91  47.9%  26.3 1164s
H19767 15736                    8495035.1420 4429403.91  47.9%  26.4 1164s
 19809 15914 7085620.32 4363  248 8495035.14 4429403.91  47.9%  26.5 1171s
 19989 16098 7089374.24 4427  248 8495035.14 4429403.91  47.9%  26.6 1180s
 20175 16275 7092285.99 4490  245 8495035.14 4429403.91  47.9%  26.7 1188s
 20354 16521 7094490.11 4552  237 8495035.14 4429403.91  47.9%  26.8 1196s
 20600 16778 7097420.47 4616  241 8495035.14 4429403.91  47.9%  26.7 1207s
 20857 16949 7101184.41 4683  275 8495035.14 4429403.91  47.9%  26.6 1214s
 21028 17195 7103149.24 4727  253 8495035.14 4429403.91  47.9%  26.6 1223s
 21276 17460 7197823.62 4788  284 8495035.14 4429403.91  47.9%  26.5 1232s
 21541 17717 7199422.47 4856  256 8495035.14 4429403.91  47.9%  26.3 1241s
 21798 17996 7201466.21 4912  253 8495035.14 4429403.91  47.9%  26.2 1250s
 22077 18276 7203126.89 4974  251 8495035.14 4429403.91  47.9%  26.1 1260s
 22357 18556 7236275.35 5038  259 8495035.14 4429403.91  47.9%  25.9 1271s
H22475 18556                    8495033.3657 4429403.91  47.9%  25.9 1271s
 22637 18860 7219216.29 5097  253 8495033.37 4429403.91  47.9%  25.8 1278s
H22786 18860                    8495033.1693 4429403.91  47.9%  25.7 1278s
 22941 19111 7224482.77 5172  244 8495033.17 4429403.91  47.9%  25.6 1284s
 23192 19385 7226767.25 5230  249 8495033.17 4429403.91  47.9%  25.5 1292s
 23466 19632 7229159.89 5301  260 8495033.17 4429403.91  47.9%  25.3 1299s
 23713 19914 7231664.31 5361  242 8495033.17 4429403.91  47.9%  25.2 1305s
 23995 20168 7235156.91 5432  245 8495033.17 4429403.91  47.9%  25.1 1313s
 24249 20399 7237371.93 5492  242 8495033.17 4429403.91  47.9%  25.0 1321s
 24480 20663 7251370.49 5544  249 8495033.17 4429403.91  47.9%  24.9 1327s
 24744 20847 7272763.69 5607  260 8495033.17 4429403.91  47.9%  24.8 1341s
 24928 21045 7312550.20 5653  275 8495033.17 4429403.91  47.9%  24.7 1348s
 25126 21372 7269060.66 5705  273 8495033.17 4429403.91  47.9%  24.6 1356s
 25453 21680 7274888.54 5797  239 8495033.17 4429403.91  47.9%  24.4 1364s
 25761 21988 7291654.26 5879  227 8495033.17 4429403.91  47.9%  24.2 1373s
 26069 22313 7362314.45 5961  255 8495033.17 4429403.91  47.9%  24.0 1381s
 26394 22620 7302828.75 6050  250 8495033.17 4429403.91  47.9%  23.8 1390s
 26701 22902 7304728.96 6135  227 8495033.17 4429403.91  47.9%  23.6 1399s
 26983 23172 7311557.40 6215  248 8495033.17 4429403.91  47.9%  23.5 1408s
 27253 23442 7316520.49 6299  248 8495033.17 4429403.91  47.9%  23.3 1416s
 27523 23722 7345225.69 6381  238 8495033.17 4429403.91  47.9%  23.2 1427s
 27803 23986 7322695.87 6465  234 8495033.17 4429403.91  47.9%  23.1 1435s
 28067 24255 7352985.44 6542  236 8495033.17 4429403.91  47.9%  22.9 1444s
 28336 24485 7382917.34 6622  255 8495033.17 4429403.91  47.9%  22.8 1453s
 28566 24701 7385044.67 6682  255 8495033.17 4429403.91  47.9%  22.7 1460s
 28782 24965 7337641.38 6736  233 8495033.17 4429403.91  47.9%  22.6 1468s
 29046 25244 7365814.89 6812  235 8495033.17 4429403.91  47.9%  22.5 1476s
 29325 25509 7346635.50 6893  228 8495033.17 4429403.91  47.9%  22.3 1484s
 29590 25788 7394741.51 6969  253 8495033.17 4429403.91  47.9%  22.2 1492s
 29869 26039 7377081.08 7046  236 8495033.17 4429403.91  47.9%  22.1 1503s
 30120 26304 7359053.66 7111  241 8495033.17 4429403.91  47.9%  21.9 1510s
 30385 26567 7402860.54 7184  253 8495033.17 4429403.91  47.9%  21.8 1519s
 30648 26822 7404322.13 7256  253 8495033.17 4429403.91  47.9%  21.7 1527s
 30903 27098 7393133.39 7325  255 8495033.17 4429403.91  47.9%  21.6 1535s
 31179 27348 7406819.91 7401  253 8495033.17 4429403.91  47.9%  21.5 1542s
 31429 27592 7376368.38 7478  230 8495033.17 4429403.91  47.9%  21.4 1551s
 31673 27840 7398315.14 7551  236 8495033.17 4429403.91  47.9%  21.3 1557s
 31921 28081 7405089.13 7623  254 8495033.17 4429403.91  47.9%  21.2 1564s
 32162 28306 7385177.16 7697  226 8495033.17 4429403.91  47.9%  21.2 1572s
 32387 28542 7387823.47 7769  227 8495033.17 4429403.91  47.9%  21.2 1578s
 32623 28765 7390674.35 7841  230 8495033.17 4429403.91  47.9%  21.1 1585s
 32846 28993 7393751.36 7912  227 8495033.17 4429403.91  47.9%  21.1 1592s
 33074 29210 7396768.61 7983  227 8495033.17 4429403.91  47.9%  21.1 1598s
 33291 29442 7399615.46 8056  227 8495033.17 4429403.91  47.9%  21.1 1606s
 33523 29663 7416914.02 8126  235 8495033.17 4429403.91  47.9%  21.0 1614s
 33744 29886 7419483.41 8198  234 8495033.17 4429403.91  47.9%  21.0 1621s
 33967 30092 7427541.54 8271  236 8495033.17 4429403.91  47.9%  21.0 1629s
 34173 30333 7442108.23 8331  233 8495033.17 4429403.91  47.9%  20.9 1637s
 34414 30559 7509422.93 8404  254 8495033.17 4429403.91  47.9%  20.9 1642s
 34640 30785 7478649.34 8474  248 8495033.17 4429403.91  47.9%  20.8 1649s
 34866 30950 7536655.37 8543  250 8495033.17 4429403.91  47.9%  20.8 1654s
 35031 31028 7478904.17 8602  243 8495033.17 4429403.91  47.9%  20.8 1665s
 35109 31245 7476886.90 8622  239 8495033.17 4429403.91  47.9%  20.8 1673s
 35326 31495 7481871.75 8685  238 8495033.17 4429403.91  47.9%  20.7 1682s
 35576 31538 7525109.74 8761  227 8495033.17 4429403.91  47.9%  20.7 1687s
 35619 31579 7528749.26 8772  241 8495033.17 4429403.91  47.9%  20.7 1692s
H35642 31579                    8491322.6185 4429403.91  47.8%  20.7 1692s
 35660 31812 7554398.59 8783  246 8491322.62 4429403.91  47.8%  20.7 1701s
 35893 31981 7561535.08 8852  223 8491322.62 4429403.91  47.8%  20.7 1707s
H36002 31981                    8491168.3039 4429403.91  47.8%  20.7 1707s
 36062 32230 7586556.14 8906  249 8491168.30 4429403.91  47.8%  20.7 1714s
 36311 32493 7594305.92 8981  233 8491168.30 4429403.91  47.8%  20.6 1723s
 36574 32728 7595511.06 9054  233 8491168.30 4429403.91  47.8%  20.5 1731s
 36809 32945 7569026.26 9124  222 8491168.30 4429403.91  47.8%  20.5 1738s
 37026 33177 7571774.47 9190  227 8491168.30 4429403.91  47.8%  20.4 1747s
 37258 33405 7600191.05 9257  234 8491168.30 4429403.91  47.8%  20.4 1753s
 37486 33608 7576760.03 9328  224 8491168.30 4429403.91  47.8%  20.4 1761s
 37689 33845 7604085.61 9387  235 8491168.30 4429403.91  47.8%  20.4 1770s
 37926 34052 7645156.72 9458  236 8491168.30 4429403.91  47.8%  20.3 1777s
 38133 34274 7648814.26 9516  225 8491168.30 4429403.91  47.8%  20.3 1783s
 38355 34341 7675627.47 9587  233 8491168.30 4429403.91  47.8%  20.3 1787s
 38422 34566 7651048.79 9588  225 8491168.30 4429403.91  47.8%  20.4 1793s
H38562 34566                    8490977.2071 4429403.91  47.8%  20.3 1793s
 38647 34748 7652919.39 9658  227 8490977.21 4429403.91  47.8%  20.3 1797s
 38829 34951 7677867.03 9716  232 8490977.21 4429403.91  47.8%  20.3 1804s
 39032 35192 7679208.65 9785  233 8490977.21 4429403.91  47.8%  20.3 1812s
H39273 35437                    8490897.2261 4429403.91  47.8%  20.3 1818s
 39518 35658 7673643.98 9936  245 8490897.23 4429403.91  47.8%  20.2 1824s
 39739 35883 7662876.95 10002  221 8490897.23 4429403.91  47.8%  20.2 1832s
 39964 36112 7684634.62 10068  230 8490897.23 4429403.91  47.8%  20.2 1840s
 40193 36114 7687349.30 10134  231 8490897.23 4429403.91  47.8%  20.1 1847s
 40195 36311 7667530.26 10135  225 8490897.23 4429403.91  47.8%  20.1 1852s
 40392 36488 7688910.24 10199  232 8490897.23 4429403.91  47.8%  20.1 1858s
H40507 36488                    8490510.9700 4429403.91  47.8%  20.1 1858s
 40569 36715 7678949.55 10257  225 8490510.97 4429403.91  47.8%  20.1 1864s
 40796 36920 7689821.19 10325  239 8490510.97 4429403.91  47.8%  20.1 1872s
 41001 37168 7681680.41 10387  223 8490510.97 4429403.91  47.8%  20.1 1880s
 41249 37379 7704771.90 10462  229 8490510.97 4429403.91  47.8%  20.0 1888s
 41460 37611 7710340.63 10527  220 8490510.97 4429403.91  47.8%  20.0 1896s
 41692 37810 7710944.89 10596  220 8490510.97 4429403.91  47.8%  20.0 1901s
 41891 38028 7711500.03 10664  220 8490510.97 4429403.91  47.8%  19.9 1910s
 42109 38260 7737711.55 10736  244 8490510.97 4429403.91  47.8%  19.9 1919s
 42341 38486 7712629.26 10809  220 8490510.97 4429403.91  47.8%  19.9 1926s
 42567 38710 7713160.19 10875  220 8490510.97 4429403.91  47.8%  19.8 1934s
 42791 38926 7713832.00 10942  220 8490510.97 4429403.91  47.8%  19.8 1939s
 43007 39159 7738368.68 11009  244 8490510.97 4429403.91  47.8%  19.8 1947s
 43240 39364 7738530.50 11085  244 8490510.97 4429403.91  47.8%  19.7 1953s
 43445 39590 7738810.28 11153  242 8490510.97 4429403.91  47.8%  19.7 1961s
 43671 39828 7716226.72 11226  220 8490510.97 4429403.91  47.8%  19.7 1968s
 43909 40043 7716738.54 11298  220 8490510.97 4429403.91  47.8%  19.6 1977s
 44124 40251 7759504.60 11368  244 8490510.97 4429403.91  47.8%  19.6 1984s
 44332 40486 7744800.03 11434  227 8490510.97 4429403.91  47.8%  19.6 1992s
 44567 40719 7739395.44 11505  244 8490510.97 4429403.91  47.8%  19.5 1998s
 44800 40943 7745153.00 11575  227 8490510.97 4429403.91  47.8%  19.5 2006s
 45024 41173 7739648.49 11644  244 8490510.97 4429403.91  47.8%  19.5 2014s
 45254 41197 7719993.92 11715  220 8490510.97 4429403.91  47.8%  19.4 2023s
 45278 41403 7720009.94 11721  220 8490510.97 4429403.91  47.8%  19.4 2030s
 45484 41610 7765873.35 11786  227 8490510.97 4429403.91  47.8%  19.4 2038s
 45691 41846 7739962.69 11847  244 8490510.97 4429403.91  47.8%  19.3 2046s
 45927 42102 7745882.75 11916  227 8490510.97 4429403.91  47.8%  19.3 2054s
 46183 42327 7722206.14 11990  220 8490510.97 4429403.91  47.8%  19.2 2063s
 46408 42528 7726454.95 12057  223 8490510.97 4429403.91  47.8%  19.2 2070s
 46609 42725 7760883.50 12111  220 8490510.97 4429403.91  47.8%  19.1 2078s
 46806 42932 7774885.56 12171  240 8490510.97 4429403.91  47.8%  19.1 2087s
 47013 43145 7761131.71 12231  221 8490510.97 4429403.91  47.8%  19.1 2096s
 47226 43348 7775126.03 12289  240 8490510.97 4429403.91  47.8%  19.0 2104s
 47429 43539 7761357.40 12342  221 8490510.97 4429403.91  47.8%  19.0 2112s
 47620 43751 7775330.95 12396  240 8490510.97 4429403.91  47.8%  19.0 2120s
 47832 43840 7775525.65 12456  239 8490510.97 4429403.91  47.8%  18.9 2126s
 47921 44031 7761655.27 12457  220 8490510.97 4429403.91  47.8%  18.9 2134s
 48112 44235 7781673.21 12509  226 8490510.97 4429403.91  47.8%  18.9 2142s
 48316 44440 7779302.29 12568  239 8490510.97 4429403.91  47.8%  18.8 2150s
 48521 44663 7761977.74 12622  220 8490510.97 4429403.91  47.8%  18.8 2158s
 48744 44882 7762183.86 12683  220 8490510.97 4429403.91  47.8%  18.7 2167s
 48963 45103 7762609.29 12744  220 8490510.97 4429403.91  47.8%  18.7 2174s
 49184 45352 7763115.39 12808  220 8490510.97 4429403.91  47.8%  18.7 2181s
 49433 45563 7782767.12 12881  226 8490510.97 4429403.91  47.8%  18.6 2186s
 49644 45781 7768033.31 12948  224 8490510.97 4429403.91  47.8%  18.6 2191s
 49862 46011 7776899.03 13017  235 8490510.97 4429403.91  47.8%  18.5 2199s
 50092 46242 7776995.33 13087  235 8490510.97 4429403.91  47.8%  18.5 2205s
 50323 46294 7768482.68 13156  221 8490510.97 4429403.91  47.8%  18.4 2215s
 50375 46506 7769729.93 13169  222 8490510.97 4429403.91  47.8%  18.4 2222s
 50587 46720 7769913.63 13234  220 8490510.97 4429403.91  47.8%  18.4 2229s
 50801 46924 7770079.38 13303  220 8490510.97 4429403.91  47.8%  18.3 2237s
 51005 47165 7777546.99 13366  235 8490510.97 4429403.91  47.8%  18.3 2245s
 51246 47396 7777651.55 13442  235 8490510.97 4429403.91  47.8%  18.3 2251s
 51477 47615 7770484.42 13513  220 8490510.97 4429403.91  47.8%  18.2 2258s
 51696 47836 7784642.65 13577  226 8490510.97 4429403.91  47.8%  18.2 2266s
 51917 48063 7770922.98 13645  219 8490510.97 4429403.91  47.8%  18.1 2272s
 52144 48274 7775957.75 13713  222 8490510.97 4429403.91  47.8%  18.1 2279s
 52355 48509 7776541.12 13777  221 8490510.97 4429403.91  47.8%  18.1 2288s
 52590 48727 7781315.82 13840  237 8490510.97 4429403.91  47.8%  18.0 2293s
 52808 48948 7803549.53 13903  226 8490510.97 4429403.91  47.8%  18.0 2301s
 53029 49184 7780219.10 13967  221 8490510.97 4429403.91  47.8%  18.0 2308s
 53265 49357 7782310.46 14033  220 8490510.97 4429403.91  47.8%  17.9 2314s
 53438 49582 7798682.97 14079  243 8490510.97 4429403.91  47.8%  17.9 2322s
 53663 49826 7785540.62 14142  221 8490510.97 4429403.91  47.8%  17.9 2329s
 53907 50041 7787683.65 14213  220 8490510.97 4429403.91  47.8%  17.8 2335s
 54122 50273 7800159.42 14276  238 8490510.97 4429403.91  47.8%  17.8 2340s
 54354 50495 7792841.40 14344  220 8490510.97 4429403.91  47.8%  17.8 2346s
 54576 50719 7793849.31 14410  221 8490510.97 4429403.91  47.8%  17.7 2354s
 54800 50939 7800452.38 14475  237 8490510.97 4429403.91  47.8%  17.7 2360s
 55020 51169 7798055.57 14540  220 8490510.97 4429403.91  47.8%  17.7 2367s
 55250 51391 7803000.50 14609  226 8490510.97 4429403.91  47.8%  17.6 2374s
 55472 51393 7802193.65 14674  220 8490510.97 4429403.91  47.8%  17.6 2382s
 55474 51594 7807201.77 14674  226 8490510.97 4429403.91  47.8%  17.6 2389s
 55675 51792 7806396.25 14733  220 8490510.97 4429403.91  47.8%  17.5 2396s
 55873 52014 7887060.76 14787  240 8490510.97 4429403.91  47.8%  17.5 2402s
 56095 52225 7879778.35 14848  227 8490510.97 4429403.91  47.8%  17.5 2408s
 56306 52429 7995949.37 14902  233 8490510.97 4429403.91  47.8%  17.5 2414s
 56510 52631 7998365.94 14954  223 8490510.97 4429403.91  47.8%  17.5 2418s
 56712 52820 8005787.12 15005  221 8490510.97 4429403.91  47.8%  17.4 2423s
 56901 52991 8012161.91 15050  224 8490510.97 4429403.91  47.8%  17.4 2431s
 57072 53176 8019367.52 15097  221 8490510.97 4429403.91  47.8%  17.4 2438s
 57257 53380 8084504.84 15151  240 8490510.97 4429403.91  47.8%  17.4 2444s
 57461 53585 8032563.16 15210  229 8490510.97 4429403.91  47.8%  17.4 2450s
 57666 53734 8044739.48 15272  227 8490510.97 4429403.91  47.8%  17.4 2455s
 57835 53832 8087493.43 15307  242 8490510.97 4429403.91  47.8%  17.4 2460s
 57974 53903 8119653.92 15317  243 8490510.97 4429403.91  47.8%  17.5 2466s
H58105 53976                    8487001.7915 4429403.91  47.8%  17.5 2472s
 58230 54049 8309561.02 15320  246 8487001.79 4434796.04  47.7%  17.5 2479s
 58319 54152 4444716.76   27  721 8487001.79 4435282.61  47.7%  17.6 2485s
 58528 54348 4456090.16   30  717 8487001.79 4435282.61  47.7%  17.5 2494s
 58618 54457 4459218.94   30  736 8487001.79 4435282.61  47.7%  17.5 2501s
 58727 54558 4465081.18   32  700 8487001.79 4435282.61  47.7%  17.5 2508s
 58828 54619 4489492.43   34  702 8487001.79 4435282.61  47.7%  17.5 2514s
 58899 54731 4502818.48   35  716 8487001.79 4435282.61  47.7%  17.5 2519s
 59017 54859 4530482.66   38  689 8487001.79 4435282.61  47.7%  17.5 2525s
 59145 54986 4494447.38   40  662 8487001.79 4435282.61  47.7%  17.5 2530s
H59272 55120                    8460670.8183 4435282.61  47.6%  17.5 2537s
 59406 55256 4509312.14   45  648 8460670.82 4435282.61  47.6%  17.5 2542s
 59542 55391 4532686.14   47  644 8460670.82 4435282.61  47.6%  17.5 2548s
 59677 55522 4591755.07   48  616 8460670.82 4435282.61  47.6%  17.5 2554s
 59808 55642 4566108.06   50  627 8460670.82 4435282.61  47.6%  17.5 2562s
 59928 55767 4558671.98   53  612 8460670.82 4435282.61  47.6%  17.5 2569s
 60054 55899 4591683.01   56  630 8460670.82 4435282.61  47.6%  17.5 2575s
 60186 56024 4636370.58   58  593 8460670.82 4435282.61  47.6%  17.5 2580s
 60311 56155 4623723.31   60  623 8460670.82 4435282.61  47.6%  17.5 2588s
H60442 56266                    8454619.3208 4435282.61  47.5%  17.5 2603s
 60553 56394 4655952.13   68  610 8454619.32 4435282.61  47.5%  17.5 2609s
H60681 56528                    8451408.7520 4435282.61  47.5%  17.5 2617s
 60815 56637 4779154.82   76  585 8451408.75 4435282.61  47.5%  17.5 2626s
 60924 56785 4780506.48   78  581 8451408.75 4435282.61  47.5%  17.5 2632s
 61072 56934 4852798.97   85  552 8451408.75 4435282.61  47.5%  17.5 2638s
 61221 57096 4972660.34   93  530 8451408.75 4435282.61  47.5%  17.5 2646s
 61383 57277 5175285.82  108  491 8451408.75 4435282.61  47.5%  17.5 2655s
 61564 57445 5395787.72  130  444 8451408.75 4435282.61  47.5%  17.5 2663s
 61734 57603 5630499.79  144  424 8451408.75 4435282.61  47.5%  17.5 2669s
H61760 57603                    8450973.7573 4435282.61  47.5%  17.5 2669s
 61892 57779 5734301.02  157  421 8450973.76 4435282.61  47.5%  17.5 2675s
 62070 57959 6161135.43  180  372 8450973.76 4435282.61  47.5%  17.5 2681s
 62250 58092 6640134.11  202  332 8450973.76 4435282.61  47.5%  17.5 2686s
 62385 58352 7231712.37  224  310 8450973.76 4435282.61  47.5%  17.5 2694s
 62645 58611 7262559.90  289  296 8450973.76 4435282.61  47.5%  17.5 2702s
 62904 58872 7290144.33  352  277 8450973.76 4435282.61  47.5%  17.4 2712s
H63165 59138                    8450945.9137 4435282.61  47.5%  17.4 2721s
 63431 59384 7315519.31  483  264 8450945.91 4435282.61  47.5%  17.3 2730s
 63677 59647 7314455.02  542  287 8450945.91 4435282.61  47.5%  17.3 2736s
 63940 59892 7316048.19  601  269 8450945.91 4435282.61  47.5%  17.2 2744s
 64185 60130 7327595.97  657  270 8450945.91 4435282.61  47.5%  17.2 2753s
 64423 60379 7322010.75  714  272 8450945.91 4435282.61  47.5%  17.1 2761s
 64672 60625 7335106.52  772  272 8450945.91 4435282.61  47.5%  17.1 2768s
 64918 60861 7328940.91  829  271 8450945.91 4435282.61  47.5%  17.0 2775s
 65154 61102 7340129.52  880  272 8450945.91 4435282.61  47.5%  17.0 2783s
 65395 61338 7342850.73  936  271 8450945.91 4435282.61  47.5%  16.9 2791s
 65631 61340 7344502.78  990  271 8450945.91 4435282.61  47.5%  16.9 2800s
 65633 61573 7336957.74  991  267 8450945.91 4435282.61  47.5%  16.9 2809s
 65866 61790 7344862.17 1045  269 8450945.91 4435282.61  47.5%  16.8 2817s
 66083 62029 7347745.45 1096  271 8450945.91 4435282.61  47.5%  16.8 2825s
 66322 62268 7343306.64 1152  266 8450945.91 4435282.61  47.5%  16.8 2834s
 66561 62500 7358636.11 1207  260 8450945.91 4435282.61  47.5%  16.7 2841s
 66793 62747 7350674.40 1261  253 8450945.91 4435282.61  47.5%  16.7 2850s
 67040 62983 7357361.46 1321  242 8450945.91 4435282.61  47.5%  16.6 2860s
 67276 63200 7362481.76 1373  257 8450945.91 4435282.61  47.5%  16.6 2869s
 67493 63434 7367653.50 1423  271 8450945.91 4435282.61  47.5%  16.5 2878s
 67727 63686 7368363.33 1477  244 8450945.91 4435282.61  47.5%  16.5 2888s
 67979 63940 7369074.40 1541  244 8450945.91 4435282.61  47.5%  16.4 2898s
H68233 64171                    8316529.8643 4435282.61  46.7%  16.4 2905s
 68472 64394 7374410.07 1663  277 8316529.86 4435282.61  46.7%  16.4 2913s
 68695 64644 7391861.91 1718  278 8316529.86 4435282.61  46.7%  16.3 2920s
 68945 64874 7385180.59 1779  285 8316529.86 4435282.61  46.7%  16.3 2925s
 69175 65109 7390829.33 1833  285 8316529.86 4435282.61  46.7%  16.3 2930s
 69410 65314 7391916.14 1889  249 8316529.86 4435282.61  46.7%  16.2 2936s
 69615 65535 7419956.11 1936  266 8316529.86 4435282.61  46.7%  16.2 2942s
 69836 65791 7402064.50 1996  236 8316529.86 4435282.61  46.7%  16.2 2948s
 70092 66044 7403267.23 2065  232 8316529.86 4435282.61  46.7%  16.1 2956s
 70345 66273 7404327.55 2132  232 8316529.86 4435282.61  46.7%  16.1 2963s
 70574 66456 7415945.69 2189  279 8316529.86 4435282.61  46.7%  16.1 2969s
 70757 66458 7417235.07 2242  242 8316529.86 4435282.61  46.7%  16.0 2977s
 70759 66658 7436791.69 2242  253 8316529.86 4435282.61  46.7%  16.0 2986s
 70959 66883 7418389.76 2289  234 8316529.86 4435282.61  46.7%  16.0 2992s
H71184 67089                    8313265.7924 4435282.61  46.6%  16.0 2999s
H71390 67315                    8313265.7709 4435282.61  46.6%  15.9 3006s
 71616 67544 7448159.27 2442  258 8313265.77 4435282.61  46.6%  15.9 3011s
 71845 67767 7463279.23 2496  286 8313265.77 4435282.61  46.6%  15.9 3019s
 72068 67980 7485180.37 2550  259 8313265.77 4435282.61  46.6%  15.8 3026s
 72281 68199 7492376.52 2601  280 8313265.77 4435282.61  46.6%  15.8 3033s
 72500 68407 7488248.82 2652  251 8313265.77 4435282.61  46.6%  15.8 3040s
 72710 68644 7483080.69 2702  284 8313265.77 4435282.61  46.6%  15.8 3046s
 72947 68850 7486522.86 2757  258 8313265.77 4435282.61  46.6%  15.7 3053s
 73153 69088 7521655.20 2806  277 8313265.77 4435282.61  46.6%  15.7 3060s
 73391 69291 7497697.25 2864  241 8313265.77 4435282.61  46.6%  15.7 3066s
 73594 69503 7505466.83 2916  275 8313265.77 4435282.61  46.6%  15.7 3072s
 73806 69701 7539078.43 2968  289 8313265.77 4435282.61  46.6%  15.6 3079s
 74004 69915 7515866.77 3015  260 8313265.77 4435282.61  46.6%  15.6 3085s
 74218 70108 7524880.16 3069  289 8313265.77 4435282.61  46.6%  15.6 3091s
 74411 70318 7526069.29 3115  263 8313265.77 4435282.61  46.6%  15.6 3097s
 74621 70507 7535380.01 3169  284 8313265.77 4435282.61  46.6%  15.5 3103s
 74810 70712 7556931.47 3214  267 8313265.77 4435282.61  46.6%  15.5 3110s
 75015 70907 7559416.89 3269  282 8313265.77 4435282.61  46.6%  15.5 3116s
 75210 71124 7552968.38 3319  251 8313265.77 4435282.61  46.6%  15.5 3122s
 75427 71349 7554503.95 3379  231 8313265.77 4435282.61  46.6%  15.5 3127s
 75652 71563 7557561.18 3443  230 8313265.77 4435282.61  46.6%  15.4 3135s
 75866 71565 7558797.66 3500  230 8313265.77 4435282.61  46.6%  15.4 3142s
 75868 71774 7557314.85 3501  231 8313265.77 4435282.61  46.6%  15.4 3149s
 76077 71987 7575695.59 3559  244 8313265.77 4435282.61  46.6%  15.4 3155s
 76290 72197 7561377.99 3618  232 8313265.77 4435282.61  46.6%  15.4 3163s
 76500 72409 7575860.83 3675  244 8313265.77 4435282.61  46.6%  15.3 3170s
 76712 72616 7575962.39 3734  243 8313265.77 4435282.61  46.6%  15.3 3178s
 76919 72843 7563910.40 3789  233 8313265.77 4435282.61  46.6%  15.3 3184s
 77146 73056 7565364.39 3852  231 8313265.77 4435282.61  46.6%  15.3 3192s
 77359 73282 7576239.53 3911  240 8313265.77 4435282.61  46.6%  15.2 3198s
 77585 73499 7568070.91 3972  232 8313265.77 4435282.61  46.6%  15.2 3206s
 77802 73717 7570260.09 4031  230 8313265.77 4435282.61  46.6%  15.2 3213s
 78020 73942 7570788.87 4092  231 8313265.77 4435282.61  46.6%  15.2 3221s
 78245 74167 7576631.68 4153  235 8313265.77 4435282.61  46.6%  15.1 3228s
 78470 74398 7573550.60 4213  232 8313265.77 4435282.61  46.6%  15.1 3236s
 78701 74629 7574856.79 4272  231 8313265.77 4435282.61  46.6%  15.1 3242s
 78932 74859 7576884.83 4334  230 8313265.77 4435282.61  46.6%  15.1 3249s
 79162 75076 7586320.22 4395  229 8313265.77 4435282.61  46.6%  15.0 3256s
 79379 75286 7596972.95 4449  225 8313265.77 4435282.61  46.6%  15.0 3262s
 79589 75484 7626291.45 4501  288 8313265.77 4435282.61  46.6%  15.0 3266s
 79787 75694 7641662.88 4545  274 8313265.77 4435282.61  46.6%  15.0 3272s
 79997 75869 7702585.93 4593  266 8313265.77 4435282.61  46.6%  15.0 3279s
 80172 76075 7720492.52 4629  266 8313265.77 4435282.61  46.6%  14.9 3285s
 80378 76275 7731106.54 4678  255 8313265.77 4435282.61  46.6%  14.9 3292s
 80578 76479 7744480.12 4728  293 8313265.77 4435282.61  46.6%  14.9 3298s
 80782 76669 7775392.37 4777  255 8313265.77 4435282.61  46.6%  14.9 3304s
 80972 76671 7753734.18 4818  249 8313265.77 4435282.61  46.6%  14.9 3310s
 80974 76847 7762277.96 4818  271 8313265.77 4435282.61  46.6%  14.9 3315s
 81150 77025 7755297.39 4852  247 8313265.77 4435282.61  46.6%  14.9 3320s
 81509 77388 7758449.82 4921  241 8313265.77 4435282.61  46.6%  15.0 3330s
 81691 77555 7764091.26 4959  296 8313265.77 4435282.61  46.6%  15.0 3336s
 81858 77757 7761919.15 4993  236 8313265.77 4435282.61  46.6%  15.0 3342s
 82060 77975 7763804.80 5035  238 8313265.77 4435282.61  46.6%  15.0 3349s
 82278 78158 7766106.51 5084  249 8313265.77 4435282.61  46.6%  15.0 3354s
 82461 78359 7768123.16 5122  227 8313265.77 4435282.61  46.6%  15.0 3359s
 82662 78561 7792548.55 5167  251 8313265.77 4435282.61  46.6%  15.0 3364s
 82864 78778 7804580.25 5212  249 8313265.77 4435282.61  46.6%  15.0 3370s
 83081 78968 7807530.66 5260  251 8313265.77 4435282.61  46.6%  15.0 3375s
 83271 79153 7787772.78 5299  254 8313265.77 4435282.61  46.6%  15.0 3380s
 83456 79342 7790995.71 5334  256 8313265.77 4435282.61  46.6%  15.0 3386s
 83645 79548 7813162.93 5374  270 8313265.77 4435282.61  46.6%  15.0 3391s
 83851 79741 7793928.35 5421  226 8313265.77 4435282.61  46.6%  15.0 3396s
 84044 79769 7814053.52 5464  250 8313265.77 4435282.61  46.6%  15.0 3400s
 84072 79973 7795773.32 5471  227 8313265.77 4435282.61  46.6%  15.0 3406s
 84276 80170 7797699.52 5520  227 8313265.77 4435282.61  46.6%  15.0 3412s
 84473 80367 7802487.49 5563  292 8313265.77 4435282.61  46.6%  15.0 3418s
 84670 80562 7822817.50 5607  240 8313265.77 4435282.61  46.6%  15.0 3426s
 84865 80785 7801786.46 5649  228 8313265.77 4435282.61  46.6%  15.0 3431s
 85088 80969 7803289.83 5701  228 8313265.77 4435282.61  46.6%  15.0 3436s
 85272 81177 7806112.45 5739  248 8313265.77 4435282.61  46.6%  15.0 3442s
 85480 81366 7807210.16 5787  224 8313265.77 4435282.61  46.6%  14.9 3448s
 85669 81548 7814939.72 5828  267 8313265.77 4435282.61  46.6%  14.9 3453s
 85851 81761 7840355.33 5862  297 8313265.77 4435282.61  46.6%  15.0 3459s
 86064 81875 7835614.13 5910  241 8313265.77 4435282.61  46.6%  14.9 3466s
 86178 82091 7817118.35 5911  225 8313265.77 4435282.61  46.6%  14.9 3471s
 86394 82305 7818601.04 5959  228 8313265.77 4435282.61  46.6%  14.9 3476s
 86608 82507 7826716.77 6008  234 8313265.77 4435282.61  46.6%  14.9 3481s
 86810 82702 7842443.32 6051  240 8313265.77 4435282.61  46.6%  14.9 3487s
 87005 82907 7842256.52 6095  241 8313265.77 4435282.61  46.6%  14.9 3491s
 87210 83122 7847741.35 6142  238 8313265.77 4435282.61  46.6%  14.9 3497s
 87425 83345 7827637.65 6191  235 8313265.77 4435282.61  46.6%  14.9 3503s
 87648 83488 7830136.11 6240  222 8313265.77 4435282.61  46.6%  14.9 3508s
 87829 83649 7839186.78 6289  233 8313265.77 4435282.61  46.6%  14.9 3514s
 88022 83774 7835640.99 6343  279 8313265.77 4435282.61  46.6%  14.9 3519s
 88181 83961 7839958.80 6387  230 8313265.77 4435282.61  46.6%  14.9 3525s
 88378 84171 7838128.73 6438  279 8313265.77 4435282.61  46.6%  14.9 3531s
 88588 84376 7841013.79 6491  227 8313265.77 4435282.61  46.6%  14.9 3537s
 88793 84584 7841430.85 6544  226 8313265.77 4435282.61  46.6%  14.9 3543s
 89011 84779 7841214.84 6602  222 8313265.77 4435282.61  46.6%  14.9 3551s
 89206 84967 7846909.18 6652  290 8313265.77 4435282.61  46.6%  15.0 3558s
 89394 85129 7866074.99 6697  248 8313265.77 4435282.61  46.6%  15.0 3562s
 89562 85227 7850784.19 6733  265 8313265.77 4435282.61  46.6%  15.0 3567s
 89710 85306 7853024.26 6767  261 8313265.77 4435282.61  46.6%  15.0 3574s
 89862 85390 7862922.25 6809  286 8313265.77 4435282.61  46.6%  15.0 3578s
 89946 85489 7880407.40 6850  243 8313265.77 4435282.61  46.6%  15.1 3583s
 90045 85595 7883753.29 6898  268 8313265.77 4435282.61  46.6%  15.1 3589s
 90151 85695 7863980.49 6950  229 8313265.77 4435282.61  46.6%  15.1 3596s
 90251 85765 7887702.71 6998  243 8313265.77 4435282.61  46.6%  15.1 3600s

Cutting planes:
  Gomory: 3
  Implied bound: 23
  MIR: 437
  Flow cover: 254
  RLT: 59
  Relax-and-lift: 1

Explored 90321 nodes (1370906 simplex iterations) in 3600.20 seconds (1166.56 work units)
Thread count was 2 (of 24 available processors)

Solution count 10: 8.31327e+06 8.31653e+06 8.45095e+06 ... 8.4909e+06

Time limit reached
Best objective 8.313265770867e+06, best bound 4.435282609291e+06, gap 46.6481%
