
Gurobi 11.0.3 (linux64, Java) logging started qui 05 dez 2024 07:02:59 -03

Set parameter Username
Academic license - for non-commercial use only - expires 2025-10-10
Set parameter NonConvex to value 2
Set parameter TimeLimit to value 3600
Set parameter LogToConsole to value 0
Set parameter MIPGap to value 5.0092666967390145e-08
Set parameter Threads to value 2
Set parameter NodefileDir to value "/home/ps12398/experiment_hosp/goalProgrammingMarcos/"
Set parameter NodefileStart to value 1
Gurobi Optimizer version 11.0.3 build v11.0.3rc0 (linux64)

CPU model: Intel(R) Xeon(R) CPU           X5650  @ 2.67GHz, instruction set [SSE2]
Thread count: 12 physical cores, 24 logical processors, using up to 2 threads

Optimize a model with 140739 rows, 94838 columns and 549527 nonzeros
Model fingerprint: 0x516d9c70
Model has 222 quadratic constraints
Variable types: 47312 continuous, 47526 integer (217 binary)
Coefficient statistics:
  Matrix range     [5e-03, 5e+06]
  QMatrix range    [5e-03, 8e+04]
  QLMatrix range   [1e+00, 8e+04]
  Objective range  [1e+00, 4e+07]
  Bounds range     [1e+00, 1e+08]
  RHS range        [1e+00, 9e+05]
  QRHS range       [2e-01, 2e-01]
Presolve removed 138857 rows and 92890 columns
Presolve time: 0.62s
Presolved: 3893 rows, 2553 columns, 246380 nonzeros
Presolved model has 2 SOS constraint(s)
Presolved model has 217 bilinear constraint(s)

Solving non-convex MIQCP

Variable types: 850 continuous, 1703 integer (219 binary)
Found heuristic solution: objective 1.716172e+07

Root relaxation: objective 0.000000e+00, 378 iterations, 0.14 seconds (0.03 work units)

    Nodes    |    Current Node    |     Objective Bounds      |     Work
 Expl Unexpl |  Obj  Depth IntInf | Incumbent    BestBd   Gap | It/Node Time

     0     0    0.00000    0  334 1.7162e+07    0.00000   100%     -    3s
     0     0 1383501.30    0  330 1.7162e+07 1383501.30  91.9%     -    4s
     0     0 1441081.52    0  330 1.7162e+07 1441081.52  91.6%     -    5s
     0     0 2022451.60    0  389 1.7162e+07 2022451.60  88.2%     -    6s
     0     0 2247306.44    0  367 1.7162e+07 2247306.44  86.9%     -    7s
     0     0 2342344.56    0  395 1.7162e+07 2342344.56  86.4%     -    8s
     0     0 2347285.41    0  405 1.7162e+07 2347285.41  86.3%     -    9s
     0     0 2382960.95    0  413 1.7162e+07 2382960.95  86.1%     -   11s
     0     0 2385660.74    0  415 1.7162e+07 2385660.74  86.1%     -   11s
     0     0 2392057.77    0  424 1.7162e+07 2392057.77  86.1%     -   12s
     0     0 2392419.46    0  430 1.7162e+07 2392419.46  86.1%     -   13s
     0     0 2393615.57    0  440 1.7162e+07 2393615.57  86.1%     -   14s
H    0     0                    1.713421e+07 2394319.87  86.0%     -   14s
     0     0 2394319.87    0  439 1.7134e+07 2394319.87  86.0%     -   14s
     0     0 2394319.87    0  440 1.7134e+07 2394319.87  86.0%     -   15s
     0     0 2394319.87    0  440 1.7134e+07 2394319.87  86.0%     -   19s
     0     2 2394319.87    0  440 1.7134e+07 2394319.87  86.0%     -   23s
    13    16 2402525.85    4  400 1.7134e+07 2395369.71  86.0%  25.8   25s
H   28    30                    1.707032e+07 2395369.71  86.0%  28.6   26s
    62    68 2429371.02   21  335 1.7070e+07 2395369.71  86.0%  30.0   30s
H  114   117                    1.706354e+07 2395369.71  86.0%  27.2   34s
   116   120 2472150.28   43  300 1.7064e+07 2395369.71  86.0%  26.9   35s
   199   224 2473333.83   92  284 1.7064e+07 2395369.71  86.0%  22.2   40s
H  269   276                    1.687563e+07 2395369.71  85.8%  18.2   42s
   349   385 2473532.77  205  283 1.6876e+07 2395369.71  85.8%  16.3   45s
H  373   385                    1.684808e+07 2395369.71  85.8%  15.3   45s
H  424   426                    1.682977e+07 2395369.71  85.8%  14.4   47s
H  452   483                    1.682643e+07 2395369.71  85.8%  14.1   48s
H  473   483                    1.681569e+07 2395369.71  85.8%  13.5   48s
   521   537 2473749.56  335  282 1.6816e+07 2395369.71  85.8%  13.2   50s
H  535   537                    1.675831e+07 2395369.71  85.7%  12.9   50s
H  561   579                    1.661120e+07 2395369.71  85.6%  12.6   51s
   649   701 2473904.95  428  282 1.6611e+07 2395369.71  85.6%  12.0   55s
H  698   701                    1.653830e+07 2395369.71  85.5%  11.5   55s
H  798   821                    1.643779e+07 2395369.71  85.4%  10.5   59s
   820   896 2474103.53  547  283 1.6438e+07 2395369.71  85.4%  10.4   61s
   936  1018 2474207.34  609  283 1.6438e+07 2395369.71  85.4%   9.4   65s
H  985  1018                    1.632995e+07 2395369.71  85.3%   9.0   65s
H 1031  1064                    1.632990e+07 2395369.71  85.3%   8.6   66s
H 1092  1134                    1.632921e+07 2395369.71  85.3%   8.2   69s
  1133  1204 2474345.52  671  281 1.6329e+07 2395369.71  85.3%   8.0   71s
H 1164  1204                    1.622062e+07 2395369.71  85.2%   7.8   71s
H 1203  1279                    1.618935e+07 2395369.71  85.2%   7.6   73s
  1278  1327 2474565.49  708  268 1.6189e+07 2395369.71  85.2%   7.2   76s
H 1301  1327                    1.618930e+07 2395369.71  85.2%   7.2   76s
  1402  1475 2474739.91  741  267 1.6189e+07 2395369.71  85.2%   6.9   80s
H 1436  1475                    1.618925e+07 2395369.71  85.2%   6.8   80s
H 1474  1580                    1.613953e+07 2395369.71  85.2%   6.7   84s
H 1579  1728                    1.613949e+07 2395369.71  85.2%   6.4   87s
H 1674  1728                    1.600990e+07 2395369.71  85.0%   6.1   87s
  1727  1824 2475073.54  907  252 1.6010e+07 2395369.71  85.0%   6.0   90s
H 1788  1824                    1.592877e+07 2395369.71  85.0%   5.8   90s
H 1922  1979                    1.592872e+07 2395369.71  85.0%   5.5   93s
H 1978  2080                    1.586149e+07 2395369.71  84.9%   5.3   95s
H 2079  2243                    1.586037e+07 2395369.71  84.9%   5.1   99s
H 2242  2404                    1.579579e+07 2395369.71  84.8%   4.8  102s
H 2340  2404                    1.574983e+07 2395369.71  84.8%   4.7  102s
  2403  2523 2475535.06 1330  253 1.5750e+07 2395369.71  84.8%   4.6  106s
  2522  2686 2475615.82 1404  253 1.5750e+07 2395369.71  84.8%   4.4  111s
H 2624  2686                    1.571870e+07 2395369.71  84.8%   4.3  111s
  2821  3012 2475828.17 1593  252 1.5719e+07 2395369.71  84.8%   4.0  117s
H 2939  3012                    1.571865e+07 2395369.71  84.8%   3.9  117s
  3011  3112 2475953.27 1711  251 1.5719e+07 2395369.71  84.8%   3.8  120s
H 3253  3400                    1.571861e+07 2395369.71  84.8%   3.7  128s
  3399  3495 2476197.05 1928  252 1.5719e+07 2395369.71  84.8%   3.6  133s
  3494  3607 2476232.28 1958  251 1.5719e+07 2395369.71  84.8%   3.5  138s
  3606  3744 2476263.39 1986  251 1.5719e+07 2395369.71  84.8%   3.5  144s
  3744  3745 2552311.52  811  642 1.5719e+07 2395369.71  84.8%   3.4  160s
H 3745  3558                    7403505.4138 2395369.71  67.6%   3.4  166s
H 3746  3380                    7360850.5171 2395369.71  67.5%   3.4  169s
  3748  3382 2474595.41  712  178 7360850.52 2395369.71  67.5%   3.4  170s
H 3748  3213                    7360804.0521 2395369.71  67.5%   3.4  171s
  3753  3216 2549708.39  480  230 7360804.05 2407853.41  67.3%   3.4  175s
  3758  3219 2475787.06 1552  232 7360804.05 2413538.00  67.2%   3.4  180s
  3764  3223 2475576.32 1366  236 7360804.05 2414904.77  67.2%   3.4  186s
H 3766  3063                    6457988.5364 2415314.34  62.6%   3.4  188s
  3769  3065 2551858.83  696  230 6457988.54 2415314.34  62.6%   3.4  190s
  3773  3067 2474323.69  662  236 6457988.54 2415702.96  62.6%   3.4  195s
  3776  3071 2473335.81   92  642 6457988.54 2415702.96  62.6%   4.3  200s
H 3777  2918                    6457942.0714 2415702.96  62.6%   4.3  203s
  3779  2919 2551500.62  603  153 6457942.07 2415702.96  62.6%   4.3  206s
  3781  2920 2559005.59 1414  207 6457942.07 2415702.96  62.6%   4.3  210s
  3786  2924 2474309.12  633  221 6457942.07 2416406.89  62.6%   4.3  215s
  3790  2926 2551638.08  639  239 6457942.07 2416487.42  62.6%   4.3  220s
  3795  2930 2475936.34 1693  243 6457942.07 2416571.69  62.6%   4.3  228s
  3796  2930 2475666.27 1448  243 6457942.07 2416571.69  62.6%   4.3  231s
  3803  2938 2423574.50   21  438 6457942.07 2416597.83  62.6%   5.2  235s
H 3823  2803                    6373468.6484 2416597.83  62.1%   5.5  238s
  3829  2809 2430695.24   28  392 6373468.65 2416597.83  62.1%   5.6  240s
  3867  2836 2449797.11   37  342 6373468.65 2416597.83  62.1%   5.9  245s
  3901  2862 2462695.40   46  327 6373468.65 2416597.83  62.1%   6.3  250s
  3940  2885 2466952.35   55  290 6373468.65 2416597.83  62.1%   6.5  255s
  3991  2948 2466980.44   70  278 6373468.65 2416597.83  62.1%   6.6  260s
  4132  3034 2467027.27  108  236 6373468.65 2416597.83  62.1%   6.5  265s
H 4188  2935                    6270502.1439 2416597.83  61.5%   6.5  267s
H 4275  2833                    6223665.3946 2416597.83  61.2%   6.7  269s
  4276  2882 2467258.70  152  248 6223665.39 2416597.83  61.2%   6.7  271s
  4402  2962 2467100.66  186  220 6223665.39 2416597.83  61.2%   6.9  276s
H 4420  2830                    6223572.4645 2416597.83  61.2%   6.9  276s
H 4442  2703                    6186075.1860 2416597.83  60.9%   6.9  276s
  4496  2787 2467126.05  209  220 6186075.19 2416597.83  60.9%   6.9  280s
H 4597  2694                    6138494.9962 2416597.83  60.6%   7.0  282s
  4660  2778 2467368.82  248  248 6138495.00 2416597.83  60.6%   7.0  286s
H 4681  2663                    3997826.3494 2416597.83  39.6%   7.1  286s
  4771  2745 2467396.35  272  248 3997826.35 2416597.83  39.6%   7.1  290s
  4884  2837 2467229.13  298  220 3997826.35 2416597.83  39.6%   7.1  295s
  5019  2924 2467263.69  329  220 3997826.35 2416597.83  39.6%   7.2  300s
H 5048  2811                    3513675.2930 2416597.83  31.2%   7.2  300s
  5155  2934 2467300.39  361  220 3513675.29 2416597.83  31.2%   7.2  306s
  5325  3056 2467343.83  398  220 3513675.29 2416597.83  31.2%   7.2  311s
  5498  3155 2467389.71  438  220 3513675.29 2416597.83  31.2%   7.3  316s
  5672  3289 2467634.93  480  248 3513675.29 2416597.83  31.2%   7.4  322s
  5768  3331 2467662.46  504  248 3513675.29 2416597.83  31.2%   7.5  327s
  5842  3428 2467486.21  523  220 3513675.29 2416597.83  31.2%   7.5  342s
  5964  3520 2467518.33  551  220 3513675.29 2416597.83  31.2%   7.5  347s
  6096  3618 2467749.63  580  248 3513675.29 2416597.83  31.2%   7.5  352s
  6238  3728 2467587.56  611  220 3513675.29 2416597.83  31.2%   7.5  357s
  6396  3838 2467825.33  646  248 3513675.29 2416597.83  31.2%   7.5  361s
  6558  3935 2467669.58  682  220 3513675.29 2416597.83  31.2%   7.5  366s
  6709  4051 2467708.58  716  220 3513675.29 2416597.83  31.2%   7.5  372s
  6876  4074 2467949.21  754  248 3513675.29 2416597.83  31.2%   7.6  377s
  6954  4186 2467795.91  793  220 3513675.29 2416597.83  31.2%   7.7  382s
  7092  4267 2467844.08  835  220 3513675.29 2416597.83  31.2%   7.8  386s
  7219  4356 2467878.49  867  220 3513675.29 2416597.83  31.2%   7.9  390s
  7351  4473 2467917.49  901  220 3513675.29 2416597.83  31.2%   8.1  395s
  7512  4588 2467965.67  943  220 3513675.29 2416597.83  31.2%   8.2  400s
  7680  4692 2468217.39  988  254 3513675.29 2416597.83  31.2%   8.4  406s
H 7840  4692                    3438526.1765 2416597.83  29.7%   8.6  412s
  7991  4796 2468315.50 1067  221 3438526.18 2416597.83  29.7%   8.7  417s
  8145  4911 2468130.05 1111  219 3438526.18 2416597.83  29.7%   8.9  422s
H 8311  4924                    3411479.5932 2416597.83  29.2%   9.1  430s
H 8473  4954                    3370470.9962 2416597.83  28.3%   9.2  437s
  8645  5076 2468584.75 1237  224 3370471.00 2416597.83  28.3%   9.4  443s
H 8737  5029                    3366626.0086 2416597.83  28.2%   9.4  443s
H 8824  5214                    3322007.0440 2416597.83  27.3%   9.5  449s
  9009  5340 2468431.62 1330  222 3322007.04 2416597.83  27.3%   9.7  455s
H 9071  5340                    3242984.1499 2416597.83  25.5%   9.7  455s
H 9135  5507                    3170867.4252 2416597.83  23.8%   9.8  464s
  9302  5674 2468552.24 1410  220 3170867.43 2416597.83  23.8%  10.0  471s
  9469  5873 2468841.41 1457  223 3170867.43 2416597.83  23.8%  10.2  478s
H 9584  5873                    3170696.4464 2416597.83  23.8%  10.2  478s
H 9668  6066                    3170696.3801 2416597.83  23.8%  10.3  488s
  9861  6264 2469115.34 1571  219 3170696.38 2416597.83  23.8%  10.5  496s
 10059  6467 2469258.32 1625  221 3170696.38 2416597.83  23.8%  10.6  504s
H10171  6467                    3155078.5105 2416597.83  23.4%  10.6  504s
 10262  6661 2469422.12 1681  225 3155078.51 2416597.83  23.4%  10.7  511s
 10456  6857 2469517.67 1730  219 3155078.51 2416597.83  23.4%  10.8  519s
 10652  7052 2469572.41 1779  220 3155078.51 2416597.83  23.4%  10.9  526s
 10847  7233 2469656.72 1832  219 3155078.51 2416597.83  23.4%  11.0  534s
H11028  7422                    3154870.5235 2416597.83  23.4%  11.1  542s
 11217  7612 2470347.68 1924  219 3154870.52 2416597.83  23.4%  11.2  550s
 11407  7799 2470287.69 1971  219 3154870.52 2416597.83  23.4%  11.4  559s
 11594  8019 2470562.94 2018  222 3154870.52 2416597.83  23.4%  11.5  567s
 11814  8227 2470402.54 2069  219 3154870.52 2416597.83  23.4%  11.5  574s
 12022  8406 2470552.38 2117  219 3154870.52 2416597.83  23.4%  11.6  581s
 12201  8597 2470523.00 2164  219 3154870.52 2416597.83  23.4%  11.7  588s
 12392  8815 2470591.22 2213  220 3154870.52 2416597.83  23.4%  11.8  596s
 12610  9033 2470676.33 2260  220 3154870.52 2416597.83  23.4%  11.8  603s
 12828  9197 2470749.15 2308  219 3154870.52 2416597.83  23.4%  11.9  610s
 12992  9375 2471016.53 2352  219 3154870.52 2416597.83  23.4%  12.0  616s
 13170  9535 2470927.02 2410  222 3154870.52 2416597.83  23.4%  12.1  625s
 13330  9763 2471373.03 2462  221 3154870.52 2416597.83  23.4%  12.1  635s
 13558  9950 2471530.13 2541  223 3154870.52 2416597.83  23.4%  12.1  642s
 13745 10004 2471868.11 2601  223 3154870.52 2416597.83  23.4%  12.2  655s
H13799 10191                    3051657.0968 2416597.83  20.8%  12.2  663s
 13986 10374 2471996.08 2671  223 3051657.10 2416597.83  20.8%  12.3  669s
 14169 10461 2472092.36 2726  220 3051657.10 2416597.83  20.8%  12.4  676s
 14256 10659 2472165.09 2751  220 3051657.10 2416597.83  20.8%  12.5  684s
 14454 10849 2472110.65 2816  220 3051657.10 2416597.83  20.8%  12.6  693s
 14644 11039 2472235.37 2874  220 3051657.10 2416597.83  20.8%  12.7  700s
 14834 11229 2472357.06 2931  222 3051657.10 2416597.83  20.8%  12.8  708s
 15024 11407 2472472.01 2989  220 3051657.10 2416597.83  20.8%  12.9  715s
 15202 11585 2472607.42 3043  220 3051657.10 2416597.83  20.8%  13.0  721s
 15380 11767 2472761.42 3100  222 3051657.10 2416597.83  20.8%  13.1  729s
 15562 11948 2472866.78 3153  219 3051657.10 2416597.83  20.8%  13.2  736s
 15743 12129 2473164.32 3206  222 3051657.10 2416597.83  20.8%  13.3  741s
H15924 12299                    3021026.9722 2416597.83  20.0%  13.4  748s
 16094 12482 2473312.34 3312  220 3021026.97 2416597.83  20.0%  13.5  755s
H16277 12651                    3021026.9715 2416597.83  20.0%  13.6  763s
 16446 12803 2473541.77 3418  219 3021026.97 2416597.83  20.0%  13.7  770s
 16598 12955 2473781.74 3458  225 3021026.97 2416597.83  20.0%  13.9  777s
 16750 13132 2473839.37 3498  219 3021026.97 2416597.83  20.0%  14.0  785s
 16927 13285 2474092.36 3549  222 3021026.97 2416597.83  20.0%  14.1  793s
 17080 13432 2474144.45 3591  222 3021026.97 2416597.83  20.0%  14.3  800s
 17227 13585 2474288.19 3630  222 3021026.97 2416597.83  20.0%  14.5  806s
H17380 13706                    3020650.3619 2416597.83  20.0%  14.6  813s
 17501 13864 2474620.67 3709  220 3020650.36 2416597.83  20.0%  14.7  820s
 17659 14024 2474844.31 3751  224 3020650.36 2416597.83  20.0%  14.9  826s
 17819 14180 2474943.70 3794  222 3020650.36 2416597.83  20.0%  15.0  833s
 17975 14332 2475135.05 3835  223 3020650.36 2416597.83  20.0%  15.2  840s
 18127 14484 2475368.24 3876  220 3020650.36 2416597.83  20.0%  15.3  847s
 18279 14636 2475594.46 3916  221 3020650.36 2416597.83  20.0%  15.5  854s
 18431 14790 2475792.30 3958  222 3020650.36 2416597.83  20.0%  15.6  863s
 18585 14946 2476229.84 3999  222 3020650.36 2416597.83  20.0%  15.7  869s
 18741 15097 2476182.17 4039  221 3020650.36 2416597.83  20.0%  15.9  877s
 18892 15258 2476336.43 4078  222 3020650.36 2416597.83  20.0%  16.0  883s
 19053 15405 2476468.69 4118  220 3020650.36 2416597.83  20.0%  16.2  890s
 19200 15570 2476599.86 4158  221 3020650.36 2416597.83  20.0%  16.3  897s
 19365 15624 2476715.42 4203  221 3020650.36 2416597.83  20.0%  16.4  903s
 19419 15774 2476760.55 4222  222 3020650.36 2416597.83  20.0%  16.5  910s
 19569 15925 2476908.60 4265  220 3020650.36 2416597.83  20.0%  16.6  918s
 19720 16071 2477212.37 4303  221 3020650.36 2416597.83  20.0%  16.8  926s
 19866 16224 2477971.78 4343  225 3020650.36 2416597.83  20.0%  16.9  933s
 20019 16390 2477662.03 4382  220 3020650.36 2416597.83  20.0%  17.0  940s
 20185 16565 2477868.23 4424  220 3020650.36 2416597.83  20.0%  17.1  949s
 20360 16715 2478025.04 4467  219 3020650.36 2416597.83  20.0%  17.3  956s
 20510 16881 2478536.99 4504  224 3020650.36 2416597.83  20.0%  17.4  965s
 20676 17035 2478427.53 4544  220 3020650.36 2416597.83  20.0%  17.5  972s
H20753 17035                    3013137.7906 2416597.83  19.8%  17.6  972s
 20830 17207 2478938.13 4582  223 3013137.79 2416597.83  19.8%  17.6  980s
 21002 17358 2479142.16 4621  221 3013137.79 2416597.83  19.8%  17.7  987s
H21074 17358                    2894371.5220 2416597.83  16.5%  17.8  988s
 21153 17520 2479089.84 4657  220 2894371.52 2416597.83  16.5%  17.8  995s
 21315 17684 2479292.76 4695  219 2894371.52 2416597.83  16.5%  18.0 1004s
 21479 17856 2479744.44 4733  220 2894371.52 2416597.83  16.5%  18.1 1013s
H21556 17856                    2877096.4490 2416597.83  16.0%  18.2 1013s
 21651 18025 2479676.22 4772  218 2877096.45 2416597.83  16.0%  18.2 1022s
 21820 18190 2479928.27 4809  221 2877096.45 2416597.83  16.0%  18.3 1030s
 21985 18356 2479978.79 4849  218 2877096.45 2416597.83  16.0%  18.4 1037s
 22151 18538 2480406.76 4886  220 2877096.45 2416597.83  16.0%  18.5 1046s
 22333 18710 2480337.56 4929  219 2877096.45 2416597.83  16.0%  18.6 1054s
 22505 18887 2480461.89 4970  219 2877096.45 2416597.83  16.0%  18.7 1060s
H22596 18887                    2877039.6374 2416597.83  16.0%  18.8 1060s
 22682 19054 2481583.62 5015  223 2877039.64 2416597.83  16.0%  18.8 1069s
H22765 19054                    2876329.4653 2416597.83  16.0%  18.9 1069s
 22849 19219 2481535.66 5057  222 2876329.47 2416597.83  16.0%  18.9 1075s
 23014 19393 2481754.02 5098  219 2876329.47 2416597.83  16.0%  19.0 1082s
 23188 19569 2482205.51 5136  223 2876329.47 2416597.83  16.0%  19.1 1090s
 23364 19734 2482714.38 5177  224 2876329.47 2416597.83  16.0%  19.2 1099s
 23529 19895 2482985.60 5214  222 2876329.47 2416597.83  16.0%  19.3 1106s
 23690 20056 2482960.51 5249  221 2876329.47 2416597.83  16.0%  19.4 1111s
 23851 20199 2483194.21 5288  220 2876329.47 2416597.83  16.0%  19.5 1119s
H23916 20199                    2873642.3772 2416597.83  15.9%  19.6 1119s
 23994 20357 2483328.07 5321  219 2873642.38 2416597.83  15.9%  19.6 1126s
 24152 20560 2483560.09 5356  220 2873642.38 2416597.83  15.9%  19.7 1132s
 24355 20763 2489483.62 5413  223 2873642.38 2416597.83  15.9%  19.8 1147s
 24558 20965 2489413.59 5455  219 2873642.38 2416597.83  15.9%  19.8 1155s
 24761 21206 2489663.67 5496  219 2873642.38 2416597.83  15.9%  19.9 1167s
 25002 21500 2494341.34 5580  219 2873642.38 2416597.83  15.9%  19.8 1177s
H25234 21500                    2872514.8984 2416597.83  15.9%  19.7 1177s
 25296 21613 2494475.98 5696  221 2872514.90 2416597.83  15.9%  19.8 1183s
 25411 21691 2494637.08 5737  221 2872514.90 2416597.83  15.9%  19.9 1190s
 25558 21799 2494877.93 5787  222 2872514.90 2416597.83  15.9%  20.1 1200s
 25695 21878 2494851.12 5829  220 2872514.90 2416597.83  15.9%  20.3 1207s
 25836 21988 2495848.77 5868  222 2872514.90 2416597.83  15.9%  20.5 1216s
 25946 22112 2496188.98 5913  218 2872514.90 2416597.83  15.9%  20.5 1221s
 26070 22239 2496563.28 5962  221 2872514.90 2416597.83  15.9%  20.6 1229s
 26197 22367 2497076.84 6011  221 2872514.90 2416597.83  15.9%  20.6 1237s
 26325 22494 2497684.24 6060  220 2872514.90 2416597.83  15.9%  20.7 1243s
 26452 22634 2497821.46 6108  221 2872514.90 2416597.83  15.9%  20.7 1250s
 26592 22842 2498215.25 6159  221 2872514.90 2416597.83  15.9%  20.8 1259s
 26800 23081 2498838.15 6210  224 2872514.90 2416597.83  15.9%  20.8 1268s
 27039 23348 2499011.59 6261  220 2872514.90 2416597.83  15.9%  20.8 1276s
 27306 23604 2499697.39 6309  224 2872514.90 2416597.83  15.9%  20.8 1287s
 27562 23895 2499919.18 6354  221 2872514.90 2416597.83  15.9%  20.7 1296s
 27853 24107 2500454.79 6399  219 2872514.90 2416597.83  15.9%  20.7 1306s
 28065 24374 2500952.02 6443  218 2872514.90 2416597.83  15.9%  20.6 1317s
 28332 24695 2501719.22 6491  223 2872514.90 2416597.83  15.9%  20.6 1329s
 28653 24960 2502109.61 6542  219 2872514.90 2416597.83  15.9%  20.5 1339s
 28918 25177 2502401.58 6587  220 2872514.90 2416597.83  15.9%  20.4 1348s
 29135 25434 2502527.58 6622  234 2872514.90 2416597.83  15.9%  20.4 1361s
 29392 25860 2586948.15 6650  261 2872514.90 2416597.83  15.9%  20.4 1376s
 29818 26019 2507117.61 6749  219 2872514.90 2416597.83  15.9%  20.2 1387s
 29977 26357 2507515.66 6797  219 2872514.90 2416597.83  15.9%  20.1 1396s
 30316 26643 2507615.83 6858  220 2872514.90 2416597.83  15.9%  19.9 1408s
 30602 26919 2508031.05 6905  220 2872514.90 2416597.83  15.9%  19.9 1419s
 30878 27151 2508302.55 6949  229 2872514.90 2416597.83  15.9%  19.8 1428s
 31110 27430 2510264.24 6985  220 2872514.90 2416597.83  15.9%  19.8 1436s
 31389 27699 2509427.77 7026  237 2872514.90 2416597.83  15.9%  19.9 1443s
 31658 27932 2509100.55 7065  218 2872514.90 2416597.83  15.9%  19.9 1450s
 31891 28097 2509833.37 7106  220 2872514.90 2416597.83  15.9%  20.0 1457s
 32056 28313 2510464.52 7137  218 2872514.90 2416597.83  15.9%  20.1 1464s
 32272 28519 2511375.67 7175  220 2872514.90 2416597.83  15.9%  20.2 1470s
 32478 28736 2511779.94 7214  218 2872514.90 2416597.83  15.9%  20.3 1479s
 32695 28967 2513128.30 7250  220 2872514.90 2416597.83  15.9%  20.4 1487s
 32926 29194 2513290.86 7289  218 2872514.90 2416597.83  15.9%  20.5 1494s
 33153 29420 2515680.60 7324  220 2872514.90 2416597.83  15.9%  20.5 1501s
 33379 29639 2515904.47 7363  218 2872514.90 2416597.83  15.9%  20.6 1508s
H33463 29639                    2863472.7179 2416597.83  15.6%  20.7 1508s
 33598 29859 2516909.21 7405  220 2863472.72 2416597.83  15.6%  20.7 1514s
H33818 30036                    2863472.6561 2416597.83  15.6%  20.7 1521s
 33995 30161 2518827.62 7483  218 2863472.66 2416597.83  15.6%  20.8 1527s
 34120 30384 2519668.67 7483  220 2863472.66 2416597.83  15.6%  20.8 1534s
 34343 30606 2519968.62 7529  220 2863472.66 2416597.83  15.6%  20.8 1542s
 34565 30831 2520985.04 7575  218 2863472.66 2416597.83  15.6%  20.9 1549s
 34790 31001 2522001.86 7621  218 2863472.66 2416597.83  15.6%  21.0 1557s
 34960 31059 2532287.54 7650  271 2863472.66 2416597.83  15.6%  21.0 1563s
 35042 31201 infeasible 7663      2863472.66 2416628.44  15.6%  21.1 1571s
 35240 31350 2432277.93   23  411 2863472.66 2419322.02  15.5%  21.1 1578s
 35389 31505 2432784.73   32  419 2863472.66 2422945.37  15.4%  21.1 1584s
 35544 31655 2462213.23   43  255 2863472.66 2422945.37  15.4%  21.1 1590s
 35694 31856 2461266.08   56  316 2863472.66 2422945.37  15.4%  21.1 1597s
 35895 32005 2485725.76   67  312 2863472.66 2422945.37  15.4%  21.0 1606s
 36044 32173 2515003.38   75  315 2863472.66 2422945.37  15.4%  21.0 1612s
 36212 32358 2490006.69   89  317 2863472.66 2422945.37  15.4%  21.0 1618s
 36397 32680 2493752.25  105  309 2863472.66 2422945.37  15.4%  21.0 1627s
 36719 32968 2500121.19  190  265 2863472.66 2422945.37  15.4%  20.9 1636s
 37009 33267 2504520.01  275  249 2863472.66 2422945.37  15.4%  20.8 1645s
H37308 33549                    2863470.4203 2422945.37  15.4%  20.7 1651s
H37456 33549                    2863136.7560 2422945.37  15.4%  20.6 1651s
 37590 33854 2504839.15  438  244 2863136.76 2422945.37  15.4%  20.6 1662s
 37895 34153 2504991.69  526  244 2863136.76 2422945.37  15.4%  20.5 1672s
H38070 34153                    2833797.9585 2422945.37  14.5%  20.4 1672s
 38194 34434 2505064.63  614  242 2833797.96 2422945.37  14.5%  20.4 1681s
 38475 34730 2505216.13  700  242 2833797.96 2422945.37  14.5%  20.3 1691s
H38650 34718                    2742292.0247 2422945.37  11.6%  20.2 1691s
 38771 34966 2505389.17  787  241 2742292.02 2422945.37  11.6%  20.2 1700s
H38909 34966                    2741251.3376 2422945.37  11.6%  20.1 1700s
 39019 35269 2505563.91  856  243 2741251.34 2422945.37  11.6%  20.1 1708s
H39322 35548                    2741251.3346 2422945.37  11.6%  20.0 1716s
H39601 35834                    2736135.2630 2422945.37  11.4%  20.0 1725s
 39889 36080 2506073.60 1112  251 2736135.26 2422945.37  11.4%  19.9 1731s
 40135 36118 2506079.25 1176  235 2736135.26 2422945.37  11.4%  19.8 1736s
H40166 36118                    2736134.9139 2422945.37  11.4%  19.8 1736s
 40173 36371 2506060.68 1192  235 2736134.91 2422945.37  11.4%  19.8 1743s
 40426 36627 2506196.75 1263  233 2736134.91 2422945.37  11.4%  19.8 1750s
 40682 36904 2506347.15 1334  235 2736134.91 2422945.37  11.4%  19.7 1757s
 40959 37196 2506514.27 1414  233 2736134.91 2422945.37  11.4%  19.6 1765s
 41251 37469 2506698.20 1501  235 2736134.91 2422945.37  11.4%  19.6 1773s
H41524 37717                    2734679.2598 2422945.37  11.4%  19.5 1783s
 41772 37924 2507061.80 1654  235 2734679.26 2422945.37  11.4%  19.4 1791s
 41979 38151 2507169.45 1709  234 2734679.26 2422945.37  11.4%  19.4 1796s
H42206 38395                    2734679.2495 2422945.37  11.4%  19.4 1804s
 42450 38624 2535105.65 1860  289 2734679.25 2422945.37  11.4%  19.3 1810s
 42679 38865 2507771.40 1927  233 2734679.25 2422945.37  11.4%  19.3 1817s
 42920 39128 2507744.52 1995  228 2734679.25 2422945.37  11.4%  19.2 1825s
 43183 39380 2507943.19 2076  228 2734679.25 2422945.37  11.4%  19.2 1832s
H43435 39549                    2671349.6614 2422945.37  9.30%  19.1 1838s
H43677 39808                    2671280.4251 2422945.37  9.30%  19.1 1844s
H43830 39808                    2671244.7580 2422945.37  9.30%  19.0 1844s
 43936 40052 2508430.57 2307  227 2671244.76 2422945.37  9.30%  19.0 1851s
H44080 40052                    2671244.3634 2422945.37  9.30%  19.0 1851s
 44180 40317 2508582.59 2379  227 2671244.36 2422945.37  9.30%  19.0 1858s
 44445 40585 2508752.45 2460  229 2671244.36 2422945.37  9.30%  18.9 1867s
 44713 40816 2508923.25 2542  227 2671244.36 2422945.37  9.30%  18.8 1874s
 44944 41047 2509048.01 2616  226 2671244.36 2422945.37  9.30%  18.8 1881s
 45175 41173 2509153.00 2688  229 2671244.36 2422945.37  9.30%  18.8 1891s
 45301 41396 2509241.42 2719  226 2671244.36 2422945.37  9.30%  18.7 1899s
 45524 41639 2509357.01 2785  227 2671244.36 2422945.37  9.30%  18.7 1908s
 45767 41898 2509555.37 2865  228 2671244.36 2422945.37  9.30%  18.7 1918s
 46026 42152 2509715.79 2952  227 2671244.36 2422945.37  9.30%  18.6 1926s
 46280 42409 2509889.14 3034  227 2671244.36 2422945.37  9.30%  18.6 1933s
 46537 42662 2510069.56 3119  229 2671244.36 2422945.37  9.30%  18.5 1939s
H46790 42886                    2665033.5575 2422945.37  9.08%  18.4 1945s
H47020 43105                    2665033.1057 2422945.37  9.08%  18.4 1952s
 47239 43302 2510551.11 3345  228 2665033.11 2422945.37  9.08%  18.4 1958s
 47436 43512 2510693.63 3408  226 2665033.11 2422945.37  9.08%  18.4 1964s
H47646 43717                    2662015.0932 2422945.37  8.98%  18.3 1970s
H47851 43917                    2662015.0866 2422945.37  8.98%  18.3 1975s
 48051 44162 2511273.09 3601  225 2662015.09 2422945.37  8.98%  18.3 1982s
 48296 44389 2511444.84 3680  225 2662015.09 2422945.37  8.98%  18.3 1990s
 48523 44596 2511595.51 3754  227 2662015.09 2422945.37  8.98%  18.2 1997s
 48730 44797 2511694.71 3816  222 2662015.09 2422945.37  8.98%  18.2 2002s
 48931 45003 2511895.77 3878  224 2662015.09 2422945.37  8.98%  18.2 2009s
 49137 45217 2512028.58 3942  226 2662015.09 2422945.37  8.98%  18.2 2016s
 49351 45425 2512150.76 4004  226 2662015.09 2422945.37  8.98%  18.2 2023s
 49559 45627 2512274.93 4067  226 2662015.09 2422945.37  8.98%  18.2 2030s
 49761 45814 2512411.71 4126  223 2662015.09 2422945.37  8.98%  18.2 2037s
 49948 46030 2516146.36 4180  226 2662015.09 2422945.37  8.98%  18.2 2043s
 50164 46241 2516115.17 4242  222 2662015.09 2422945.37  8.98%  18.2 2048s
 50375 46267 2516528.10 4304  223 2662015.09 2422945.37  8.98%  18.2 2055s
H50400 46267                    2661970.2568 2422945.37  8.98%  18.2 2055s
 50401 46449 2516270.39 4317  221 2661970.26 2422945.37  8.98%  18.2 2061s
 50583 46643 2516691.59 4371  225 2661970.26 2422945.37  8.98%  18.2 2067s
H50777 46789                    2659042.1587 2422945.37  8.88%  18.2 2071s
H50925 47001                    2659042.1047 2422945.37  8.88%  18.2 2078s
 51137 47200 2517077.30 4525  227 2659042.10 2422945.37  8.88%  18.2 2083s
H51336 47378                    2658939.5515 2422945.37  8.88%  18.2 2089s
 51514 47567 2517082.44 4631  219 2658939.55 2422945.37  8.88%  18.2 2096s
 51703 47751 2517540.11 4684  219 2658939.55 2422945.37  8.88%  18.2 2103s
 51887 47922 2517885.23 4735  219 2658939.55 2422945.37  8.88%  18.2 2108s
 52058 48103 2517757.28 4785  220 2658939.55 2422945.37  8.88%  18.2 2113s
 52239 48269 2517911.25 4835  219 2658939.55 2422945.37  8.88%  18.2 2118s
H52332 48269                    2658890.1000 2422945.37  8.87%  18.2 2118s
 52405 48438 2518447.90 4881  223 2658890.10 2422945.37  8.87%  18.2 2124s
 52574 48541 2518515.73 4927  220 2658890.10 2422945.37  8.87%  18.2 2130s
 52677 48703 2518804.19 4978  220 2658890.10 2422945.37  8.87%  18.2 2135s
 52843 48869 2519053.84 5027  224 2658890.10 2422945.37  8.87%  18.3 2142s
 53009 49054 2519220.36 5065  227 2658890.10 2422945.37  8.87%  18.2 2148s
 53194 49235 2519135.27 5119  219 2658890.10 2422945.37  8.87%  18.3 2154s
 53375 49408 2519387.05 5173  218 2658890.10 2422945.37  8.87%  18.3 2159s
 53548 49483 2519623.86 5220  218 2658890.10 2422945.37  8.87%  18.3 2165s
 53623 49685 2519939.96 5220  218 2658890.10 2422945.37  8.87%  18.3 2172s
H53746 49684                    2658310.7715 2422945.37  8.85%  18.3 2172s
 53825 49846 2519803.63 5282  218 2658310.77 2422945.37  8.85%  18.3 2177s
 53987 50049 2520242.74 5330  218 2658310.77 2422945.37  8.85%  18.3 2185s
 54190 50251 2520429.90 5398  218 2658310.77 2422945.37  8.85%  18.3 2190s
H54392 50332                    2658310.7548 2422945.37  8.85%  18.3 2194s
H54472 50324                    2653957.8899 2422945.37  8.70%  18.3 2194s
 54473 50482 2520954.42 5497  228 2653957.89 2422945.37  8.70%  18.3 2200s
 54631 50656 2520681.53 5535  222 2653957.89 2422945.37  8.70%  18.3 2205s
 54805 50816 2520907.80 5579  222 2653957.89 2422945.37  8.70%  18.4 2211s
 54965 50997 2521130.41 5622  219 2653957.89 2422945.37  8.70%  18.4 2216s
 55146 51174 2521536.47 5672  222 2653957.89 2422945.37  8.70%  18.4 2221s
 55323 51368 2521629.61 5716  220 2653957.89 2422945.37  8.70%  18.4 2226s
H55517 51360                    2648578.0137 2422945.37  8.52%  18.4 2233s
 55519 51546 2521759.45 5764  220 2648578.01 2422945.37  8.52%  18.4 2239s
 55705 51731 2521984.79 5808  220 2648578.01 2422945.37  8.52%  18.5 2246s
 55890 51912 2522248.70 5855  221 2648578.01 2422945.37  8.52%  18.5 2251s
 56071 52098 2522469.33 5903  218 2648578.01 2422945.37  8.52%  18.5 2257s
 56257 52241 2522709.86 5948  220 2648578.01 2422945.37  8.52%  18.5 2263s
H56278 52241                    2648531.4815 2422945.37  8.52%  18.5 2263s
 56406 52437 2524887.71 5989  242 2648531.48 2422945.37  8.52%  18.6 2269s
 56602 52632 2525955.19 6050  227 2648531.48 2422945.37  8.52%  18.6 2276s
 56799 52771 2525526.38 6097  223 2648531.48 2422945.37  8.52%  18.6 2282s
 56938 52973 2525668.42 6136  219 2648531.48 2422945.37  8.52%  18.6 2288s
 57140 53170 2526003.37 6187  222 2648531.48 2422945.37  8.52%  18.6 2294s
 57337 53362 2526505.50 6240  220 2648531.48 2422945.37  8.52%  18.6 2300s
H57529 53560                    2648402.4019 2422945.37  8.51%  18.6 2307s
 57728 53756 2526716.98 6344  219 2648402.40 2422945.37  8.51%  18.7 2313s
 57924 53940 2526969.05 6395  218 2648402.40 2422945.37  8.51%  18.7 2320s
 58108 54146 2527228.67 6447  217 2648402.40 2422945.37  8.51%  18.7 2327s
 58314 54353 2527474.62 6500  219 2648402.40 2422945.37  8.51%  18.7 2334s
H58426 54352                    2646831.8083 2422945.37  8.46%  18.7 2334s
 58521 54559 2527783.75 6556  217 2646831.81 2422945.37  8.46%  18.7 2340s
 58728 54753 2528190.08 6613  222 2646831.81 2422945.37  8.46%  18.7 2345s
 58922 54951 2528434.53 6661  224 2646831.81 2422945.37  8.46%  18.7 2351s
 59120 55148 2528659.35 6710  219 2646831.81 2422945.37  8.46%  18.7 2358s
 59317 55336 2528960.68 6757  221 2646831.81 2422945.37  8.46%  18.8 2364s
 59505 55525 2529956.75 6805  226 2646831.81 2422945.37  8.46%  18.8 2370s
 59696 55726 2529647.51 6854  221 2646831.81 2422945.37  8.46%  18.8 2376s
 59898 55925 2529824.77 6900  221 2646831.81 2422945.37  8.46%  18.8 2383s
H60010 55889                    2632442.8426 2422945.37  7.96%  18.8 2383s
 60097 56112 2530205.92 6956  221 2632442.84 2422945.37  7.96%  18.8 2390s
 60322 56282 2530550.42 7007  219 2632442.84 2422945.37  7.96%  18.8 2395s
 60492 56477 2531068.61 7056  221 2632442.84 2422945.37  7.96%  18.8 2408s
 60687 56708 2531154.48 7105  219 2632442.84 2422945.37  7.96%  18.8 2414s
 60918 56931 2531702.62 7155  225 2632442.84 2422945.37  7.96%  18.8 2420s
 61141 57143 2532411.87 7213  227 2632442.84 2422945.37  7.96%  18.8 2427s
 61353 57314 2532092.86 7269  218 2632442.84 2422945.37  7.96%  18.8 2433s
 61524 57507 2533035.50 7318  227 2632442.84 2422945.37  7.96%  18.8 2438s
 61717 57697 2532710.37 7373  219 2632442.84 2422945.37  7.96%  18.8 2446s
 61907 57926 2533284.08 7423  225 2632442.84 2422945.37  7.96%  18.8 2452s
 62136 58143 2533387.07 7486  219 2632442.84 2422945.37  7.96%  18.8 2457s
 62353 58311 2533772.11 7543  218 2632442.84 2422945.37  7.96%  18.8 2463s
 62523 58494 2535056.79 7580  230 2632442.84 2422945.37  7.96%  18.8 2468s
 62706 58675 2535013.13 7628  221 2632442.84 2422945.37  7.96%  18.8 2473s
 62887 58881 2535667.31 7669  226 2632442.84 2422945.37  7.96%  18.9 2479s
 63093 59060 2535692.52 7723  220 2632442.84 2422945.37  7.96%  18.9 2483s
 63272 59234 2535973.11 7767  220 2632442.84 2422945.37  7.96%  18.9 2488s
 63446 59425 2536363.21 7810  220 2632442.84 2422945.37  7.96%  18.9 2494s
 63637 59623 2536825.68 7857  220 2632442.84 2422945.37  7.96%  18.9 2498s
 63835 59842 2536925.31 7908  222 2632442.84 2422945.37  7.96%  18.9 2503s
 64054 60049 2537539.02 7957  225 2632442.84 2422945.37  7.96%  18.9 2507s
 64261 60239 2537636.27 8007  219 2632442.84 2422945.37  7.96%  18.9 2511s
 64455 60457 2538368.54 8057  226 2632442.84 2422945.37  7.96%  19.0 2516s
 64681 60653 2538420.56 8108  218 2632442.84 2422945.37  7.96%  18.9 2521s
 64888 60847 2539283.52 8151  230 2632442.84 2422945.37  7.96%  19.0 2526s
 65090 60973 2539396.58 8199  223 2632442.84 2422945.37  7.96%  19.0 2532s
 65260 61098 2539946.22 8247  223 2632442.84 2422945.37  7.96%  19.0 2537s
 65434 61196 2540493.47 8298  221 2632442.84 2422945.37  7.96%  19.0 2541s
 65580 61293 2545391.81 8345  254 2632442.84 2422945.37  7.96%  19.0 2547s
 65677 61439 2545709.01 8385  226 2632442.84 2422945.37  7.96%  19.0 2553s
 65823 61594 2546819.59 8448  223 2632442.84 2422945.37  7.96%  19.0 2560s
 65978 61761 2546637.90 8508  218 2632442.84 2422945.37  7.96%  19.0 2565s
 66145 61897 2547162.34 8571  218 2632442.84 2422945.37  7.96%  19.1 2571s
 66281 62049 2547628.40 8618  219 2632442.84 2422945.37  7.96%  19.1 2576s
 66433 62237 2548169.02 8668  222 2632442.84 2422945.37  7.96%  19.1 2583s
 66621 62485 2548677.80 8711  218 2632442.84 2422945.37  7.96%  19.1 2590s
 66869 62770 2549185.85 8756  219 2632442.84 2422945.37  7.96%  19.1 2597s
H67154 63009                    2626970.3592 2422945.37  7.77%  19.1 2603s
 67413 63278 2550115.48 8862  221 2626970.36 2422945.37  7.77%  19.1 2608s
 67682 63525 2550552.37 8920  221 2626970.36 2422945.37  7.77%  19.0 2615s
H67929 63788                    2626970.3560 2422945.37  7.77%  19.0 2622s
 68192 64035 2552346.97 9043  220 2626970.36 2422945.37  7.77%  19.0 2628s
 68439 64287 2554929.80 9104  219 2626970.36 2422945.37  7.77%  19.0 2634s
 68691 64520 2555918.59 9157  230 2626970.36 2422945.37  7.77%  19.0 2639s
 68924 64773 2556424.36 9210  232 2626970.36 2422945.37  7.77%  19.0 2644s
 69177 65023 2556862.94 9264  227 2626970.36 2422945.37  7.77%  18.9 2650s
 69427 65272 2557528.13 9316  225 2626970.36 2422945.37  7.77%  18.9 2655s
 69676 65484 2557638.56 9371  218 2626970.36 2422945.37  7.77%  18.9 2661s
 69890 65732 2558940.70 9417  219 2626970.36 2422945.37  7.77%  18.9 2668s
 70138 65994 2560295.22 9473  227 2626970.36 2422945.37  7.77%  18.9 2673s
 70400 66225 2560056.67 9532  221 2626970.36 2422945.37  7.77%  18.9 2678s
 70631 66427 2560610.81 9584  219 2626970.36 2422945.37  7.77%  18.9 2688s
 70833 66692 2561905.97 9634  228 2626970.36 2422945.37  7.77%  18.9 2693s
 71098 66950 2561580.25 9694  220 2626970.36 2422945.37  7.77%  18.9 2699s
 71356 67191 2562158.94 9754  220 2626970.36 2422945.37  7.77%  18.8 2703s
 71597 67420 2562560.74 9805  225 2626970.36 2422945.37  7.77%  18.8 2708s
 71827 67543 2562985.39 9864  225 2626970.36 2422945.37  7.77%  18.8 2713s
 71952 67789 2563307.07 9891  222 2626970.36 2422945.37  7.77%  18.8 2719s
 72201 67999 2573697.25 9954  217 2626970.36 2422945.37  7.77%  18.8 2723s
 72411 68250 2574179.13 10002  220 2626970.36 2422945.37  7.77%  18.8 2728s
 72662 68465 2575059.88 10061  219 2626970.36 2422945.37  7.77%  18.8 2732s
 72877 68689 2576509.60 10117  222 2626970.36 2422945.37  7.77%  18.8 2737s
 73103 68915 2582095.46 10175  240 2626970.36 2422945.37  7.77%  18.8 2742s
 73330 69121 2586266.53 10234  224 2626970.36 2422945.37  7.77%  18.7 2747s
 73545 69259 2588618.02 10293  234 2626970.36 2425240.05  7.68%  18.7 2752s
 73722 69288 2446677.84   30  384 2626970.36 2425240.05  7.68%  18.7 2756s
 73825 69376 2497184.40   50  292 2626970.36 2425240.05  7.68%  18.8 2762s
 73870 69449 2479629.70   61  299 2626970.36 2425240.05  7.68%  18.8 2765s
 73943 69616 2484037.21   86  278 2626970.36 2425240.05  7.68%  18.8 2770s
 74110 69855 2484324.94  139  238 2626970.36 2425240.05  7.68%  18.8 2776s
 74349 70135 2484558.86  201  241 2626970.36 2425240.05  7.68%  18.7 2782s
 74629 70399 2484372.40  265  223 2626970.36 2425240.05  7.68%  18.7 2788s
 74893 70694 2484344.84  324  227 2626970.36 2425240.05  7.68%  18.6 2795s
 75188 70981 2484793.50  387  223 2626970.36 2425240.05  7.68%  18.6 2800s
 75475 71286 2484842.12  451  223 2626970.36 2425240.05  7.68%  18.5 2807s
 75780 71534 2484881.53  518  222 2626970.36 2425240.05  7.68%  18.5 2818s
 76028 71804 2484892.87  580  222 2626970.36 2425240.05  7.68%  18.4 2825s
 76298 72076 2484930.26  641  222 2626970.36 2425240.05  7.68%  18.4 2832s
 76570 72357 2484969.59  699  222 2626970.36 2425240.05  7.68%  18.3 2837s
 76851 72619 2485019.22  757  222 2626970.36 2425240.05  7.68%  18.3 2844s
 77113 72888 2484710.28  815  222 2626970.36 2425240.05  7.68%  18.2 2850s
 77382 73138 2484871.40  870  226 2626970.36 2425240.05  7.68%  18.2 2857s
 77632 73332 2484842.77  918  219 2626970.36 2425240.05  7.68%  18.1 2864s
H77705 73327                    2625430.1633 2425240.05  7.63%  18.1 2864s
 77826 73556 2485046.12  955  222 2625430.16 2425240.05  7.63%  18.1 2871s
 78055 73761 2485143.26  995  220 2625430.16 2425240.05  7.63%  18.1 2877s
 78260 73977 2485190.51 1031  220 2625430.16 2425240.05  7.63%  18.1 2882s
 78476 74192 2485257.22 1069  221 2625430.16 2425240.05  7.63%  18.0 2887s
 78691 74400 2485563.98 1111  228 2625430.16 2425240.05  7.63%  18.0 2892s
 78899 74629 2485412.22 1148  220 2625430.16 2425240.05  7.63%  18.0 2899s
 79128 74860 2485644.18 1185  224 2625430.16 2425240.05  7.63%  17.9 2907s
 79359 75072 2485561.58 1224  224 2625430.16 2425240.05  7.63%  17.9 2914s
 79571 75297 2485860.20 1256  231 2625430.16 2425240.05  7.63%  17.9 2921s
 79796 75508 2485768.56 1295  222 2625430.16 2425240.05  7.63%  17.9 2928s
 80007 75727 2486006.94 1330  227 2625430.16 2425240.05  7.63%  17.8 2935s
 80226 75929 2486121.29 1370  222 2625430.16 2425240.05  7.63%  17.8 2941s
 80428 76126 2485987.21 1409  220 2625430.16 2425240.05  7.63%  17.8 2947s
 80625 76340 2486235.05 1445  225 2625430.16 2425240.05  7.63%  17.8 2953s
 80839 76550 2486347.93 1486  222 2625430.16 2425240.05  7.63%  17.8 2960s
 81049 76650 2486434.32 1522  223 2625430.16 2425240.05  7.63%  17.7 2968s
 81149 76845 2486501.51 1547  223 2625430.16 2425240.05  7.63%  17.7 2974s
 81346 77008 2486606.53 1584  220 2625430.16 2425240.05  7.63%  17.7 2979s
 81509 77186 2486679.49 1619  227 2625430.16 2425240.05  7.63%  17.7 2985s
 81687 77325 2486954.68 1658  228 2625430.16 2425240.05  7.63%  17.7 2991s
 81826 77503 2486851.08 1694  220 2625430.16 2425240.05  7.63%  17.7 2996s
 82004 77692 2486980.79 1736  221 2625430.16 2425240.05  7.63%  17.7 3002s
 82193 77871 2487076.58 1778  223 2625430.16 2425240.05  7.63%  17.7 3007s
 82372 78052 2487343.10 1814  225 2625430.16 2425240.05  7.63%  17.7 3012s
 82553 78224 2487508.39 1856  219 2625430.16 2425240.05  7.63%  17.7 3016s
 82725 78374 2487608.13 1893  220 2625430.16 2425240.05  7.63%  17.7 3021s
 82875 78567 2487740.27 1923  220 2625430.16 2425240.05  7.63%  17.7 3026s
 83068 78737 2487970.03 1966  223 2625430.16 2425240.05  7.63%  17.7 3032s
 83238 78898 2487934.77 2001  223 2625430.16 2425240.05  7.63%  17.7 3037s
 83399 79063 2488343.47 2036  228 2625430.16 2425240.05  7.63%  17.7 3042s
 83564 79213 2488124.73 2076  221 2625430.16 2425240.05  7.63%  17.7 3047s
 83714 79323 2488261.66 2110  222 2625430.16 2425240.05  7.63%  17.7 3051s
 83824 79468 2488332.98 2137  220 2625430.16 2425240.05  7.63%  17.7 3056s
 83969 79619 2488424.09 2168  221 2625430.16 2425240.05  7.63%  17.7 3062s
 84120 79783 2488698.26 2201  218 2625430.16 2425240.05  7.63%  17.7 3067s
 84284 79939 2488779.54 2238  224 2625430.16 2425240.05  7.63%  17.7 3072s
 84440 80106 2489115.61 2275  230 2625430.16 2425240.05  7.63%  17.7 3075s
H84607 80207                    2617473.9246 2425240.05  7.34%  17.8 3079s
 84759 80340 2489253.10 2349  222 2617473.92 2425240.05  7.34%  17.8 3083s
 84892 80501 2489353.08 2372  220 2617473.92 2425240.05  7.34%  17.8 3089s
 85053 80672 2489637.10 2408  226 2617473.92 2425240.05  7.34%  17.8 3094s
 85224 80807 2489667.72 2450  220 2617473.92 2425240.05  7.34%  17.8 3099s
 85359 80954 2489975.13 2488  226 2617473.92 2425240.05  7.34%  17.8 3103s
 85506 81110 2490142.53 2530  222 2617473.92 2425240.05  7.34%  17.8 3108s
 85662 81244 2490326.61 2570  222 2617473.92 2425240.05  7.34%  17.8 3113s
 85796 81402 2490530.94 2603  228 2617473.92 2425240.05  7.34%  17.8 3118s
 85954 81554 2490721.45 2644  223 2617473.92 2425240.05  7.34%  17.8 3122s
H86037 81549                    2617212.8873 2425240.05  7.34%  17.8 3122s
 86107 81721 2490653.03 2686  219 2617212.89 2425240.05  7.34%  17.9 3127s
 86284 81777 2490947.48 2723  230 2617212.89 2425240.05  7.34%  17.9 3134s
 86340 81850 2490900.06 2740  219 2617212.89 2425240.05  7.34%  17.9 3138s
 86413 81969 2490908.55 2742  219 2617212.89 2425240.05  7.34%  17.9 3142s
 86532 82131 2494497.63 2772  250 2617212.89 2425240.05  7.34%  17.9 3146s
 86744 82258 2494929.68 2822  221 2617212.89 2425240.05  7.34%  17.9 3154s
 86821 82407 2495219.08 2860  232 2617212.89 2425240.05  7.34%  17.9 3159s
 86972 82559 2495240.10 2903  219 2617212.89 2425240.05  7.34%  18.0 3165s
 87124 82706 2495377.64 2947  218 2617212.89 2425240.05  7.34%  18.0 3170s
 87271 82840 2495511.64 2987  222 2617212.89 2425240.05  7.34%  18.0 3176s
 87405 82986 2495788.51 3023  221 2617212.89 2425240.05  7.34%  18.0 3181s
 87551 83124 2495881.05 3064  218 2617212.89 2425240.05  7.34%  18.1 3186s
 87689 83232 2496137.72 3099  221 2617212.89 2425240.05  7.34%  18.1 3192s
 87797 83374 2496133.73 3128  219 2617212.89 2425240.05  7.34%  18.1 3197s
 87939 83518 2496282.40 3163  220 2617212.89 2425240.05  7.34%  18.1 3203s
 88083 83545 2496511.37 3200  224 2617212.89 2425240.05  7.34%  18.2 3206s
 88110 83698 2496601.22 3208  220 2617212.89 2425240.05  7.34%  18.2 3210s
 88263 83843 2496746.86 3246  226 2617212.89 2425240.05  7.34%  18.2 3215s
 88408 83993 2496914.05 3284  222 2617212.89 2425240.05  7.34%  18.2 3220s
 88558 84139 2497023.10 3322  221 2617212.89 2425240.05  7.34%  18.3 3225s
 88704 84245 2497246.90 3360  219 2617212.89 2425240.05  7.34%  18.3 3231s
 88810 84387 2497370.26 3390  220 2617212.89 2425240.05  7.34%  18.3 3235s
 88952 84545 2497560.75 3426  230 2617212.89 2425240.05  7.34%  18.3 3240s
 89110 84704 2497765.42 3472  226 2617212.89 2425240.05  7.34%  18.4 3246s
 89269 84867 2498024.60 3520  221 2617212.89 2425240.05  7.34%  18.4 3252s
 89432 85019 2498191.23 3563  221 2617212.89 2425240.05  7.34%  18.4 3257s
 89584 85162 2498388.26 3605  222 2617212.89 2425240.05  7.34%  18.5 3263s
H89653 85162                    2617201.1765 2425240.05  7.33%  18.5 3263s
 89727 85257 2498600.40 3645  222 2617201.18 2425240.05  7.33%  18.5 3267s
 89822 85400 2498770.55 3679  221 2617201.18 2425240.05  7.33%  18.5 3271s
H89837 85400                    2617177.0019 2425240.05  7.33%  18.5 3271s
 89965 85556 2498981.20 3715  221 2617177.00 2425240.05  7.33%  18.5 3277s
H89969 85556                    2617172.5096 2425240.05  7.33%  18.5 3277s
H90121 85711                    2617164.8597 2425240.05  7.33%  18.6 3283s
 90276 85860 2499651.02 3799  221 2617164.86 2425240.05  7.33%  18.6 3289s
 90425 86009 2499899.70 3841  220 2617164.86 2425240.05  7.33%  18.7 3294s
H90505 86009                    2617147.7618 2425240.05  7.33%  18.7 3294s
H90574 86051                    2617142.7461 2425240.05  7.33%  18.7 3298s
 90616 86215 2500199.06 3895  220 2617142.75 2425240.05  7.33%  18.7 3304s
 90782 86376 2500416.02 3938  221 2617142.75 2425240.05  7.33%  18.7 3309s
 90943 86545 2500724.89 3982  221 2617142.75 2425240.05  7.33%  18.8 3315s
 91112 86699 2501074.98 4028  221 2617142.75 2425240.05  7.33%  18.8 3322s
 91266 86854 2501570.20 4068  220 2617142.75 2425240.05  7.33%  18.8 3327s
 91421 86909 2501948.12 4112  220 2617142.75 2425240.05  7.33%  18.9 3334s
 91476 87082 2502105.79 4127  221 2617142.75 2425240.05  7.33%  18.9 3338s
 91649 87234 2503539.70 4173  224 2617142.75 2425240.05  7.33%  18.9 3342s
 91801 87396 2502695.50 4213  219 2617142.75 2425240.05  7.33%  19.0 3347s
 91963 87570 2503094.68 4253  220 2617142.75 2425240.05  7.33%  19.0 3353s
 92137 87721 2503269.17 4299  221 2617142.75 2425240.05  7.33%  19.0 3359s
 92288 87864 2504766.99 4334  219 2617142.75 2425240.05  7.33%  19.1 3364s
 92431 87999 2505232.87 4367  223 2617142.75 2425240.05  7.33%  19.1 3370s
 92566 88145 2505545.01 4402  223 2617142.75 2425240.05  7.33%  19.2 3375s
 92712 88250 2505721.15 4441  219 2617142.75 2425240.05  7.33%  19.2 3382s
 92817 88394 2505994.29 4471  219 2617142.75 2425240.05  7.33%  19.3 3386s
 92961 88534 2506327.87 4507  221 2617142.75 2425240.05  7.33%  19.3 3392s
 93101 88674 2507438.95 4541  224 2617142.75 2425240.05  7.33%  19.4 3397s
 93241 88781 2509761.05 4578  222 2617142.75 2425240.05  7.33%  19.4 3402s
 93348 88952 2510161.95 4622  219 2617142.75 2425240.05  7.33%  19.4 3408s
 93519 89116 2510755.80 4670  222 2617142.75 2425240.05  7.33%  19.5 3413s
 93683 89264 2511258.23 4717  221 2617142.75 2425240.05  7.33%  19.5 3419s
 93831 89435 2511933.24 4761  235 2617142.75 2425240.05  7.33%  19.6 3423s
 94002 89584 2512370.32 4810  221 2617142.75 2425240.05  7.33%  19.6 3429s
 94155 89730 2514969.19 4853  219 2617142.75 2425240.05  7.33%  19.7 3434s
 94320 89924 2523271.46 4900  220 2617142.75 2425240.05  7.33%  19.7 3440s
 94514 90128 2524499.73 4962  220 2617142.75 2425240.05  7.33%  19.7 3445s
 94718 90333 2524878.89 5027  219 2617142.75 2425240.05  7.33%  19.8 3452s
 94923 90568 2525352.89 5100  220 2617142.75 2425240.05  7.33%  19.8 3459s
 95158 90801 2525789.54 5184  220 2617142.75 2425240.05  7.33%  19.8 3466s
 95391 90992 2526552.48 5267  220 2617142.75 2425240.05  7.33%  19.8 3471s
H95516 90992                    2617138.0844 2425240.05  7.33%  19.8 3471s
 95582 91238 2526625.45 5330  220 2617138.08 2425240.05  7.33%  19.8 3481s
 95828 91490 2527263.90 5415  220 2617138.08 2425240.05  7.33%  19.9 3490s
 96081 91632     cutoff 5508      2617138.08 2425240.05  7.33%  19.9 3497s
 96275 91720     cutoff 5548      2617138.08 2426345.46  7.29%  19.9 3501s
 96379 91831 2446903.47   36  355 2617138.08 2427027.18  7.26%  19.9 3505s
 96490 91984 2469435.43   52  316 2617138.08 2427027.18  7.26%  20.0 3510s
 96643 92159 2478615.63   93  267 2617138.08 2427027.18  7.26%  20.0 3518s
 96820 92385 2486564.48  147  240 2617138.08 2427027.18  7.26%  20.0 3525s
 97046 92604 2487352.37  219  231 2617138.08 2427027.18  7.26%  20.0 3533s
 97265 92844 2487367.74  294  228 2617138.08 2427027.18  7.26%  20.0 3541s
 97505 93068 2487487.11  366  226 2617138.08 2427027.18  7.26%  20.0 3548s
 97729 93273 2487644.83  436  223 2617138.08 2427027.18  7.26%  20.1 3555s
 98120 93649 2488954.44  545  221 2617138.08 2427027.18  7.26%  20.1 3565s
 98311 93833 2492167.96  596  221 2617138.08 2427027.18  7.26%  20.2 3572s
 98495 94022 2492421.59  640  220 2617138.08 2427027.18  7.26%  20.2 3578s
 98684 94169 2493969.26  687  221 2617138.08 2427027.18  7.26%  20.2 3584s
 98831 94344 2491983.26  723  220 2617138.08 2427027.18  7.26%  20.3 3590s
 99006 94522 2492271.58  763  218 2617138.08 2427027.18  7.26%  20.3 3596s
 99186 94626 2496381.28  805  218 2617138.08 2427027.18  7.26%  20.3 3600s

Cutting planes:
  Gomory: 9
  Implied bound: 25
  MIR: 277
  StrongCG: 8
  Flow cover: 60
  RLT: 36
  Relax-and-lift: 1

Explored 99290 nodes (2025440 simplex iterations) in 3600.15 seconds (1673.44 work units)
Thread count was 2 (of 24 available processors)

Solution count 10: 2.61714e+06 2.61714e+06 2.61715e+06 ... 2.62543e+06

Time limit reached
Best objective 2.617138084430e+06, best bound 2.427027176337e+06, gap 7.2641%
