
Gurobi 11.0.3 (linux64, Java) logging started sáb 07 dez 2024 03:36:14 -03

Set parameter Username
Academic license - for non-commercial use only - expires 2025-10-10
Set parameter NonConvex to value 2
Set parameter TimeLimit to value 3600
Set parameter LogToConsole to value 0
Set parameter MIPGap to value 5.0092666967390145e-08
Set parameter Threads to value 2
Set parameter NodefileDir to value "/home/ps12398/experiment_hosp/goalProgrammingMarcos/"
Set parameter NodefileStart to value 1
Gurobi Optimizer version 11.0.3 build v11.0.3rc0 (linux64)

CPU model: Intel(R) Xeon(R) CPU           X5650  @ 2.67GHz, instruction set [SSE2]
Thread count: 12 physical cores, 24 logical processors, using up to 2 threads

Optimize a model with 140739 rows, 94838 columns and 549527 nonzeros
Model fingerprint: 0x748857a4
Model has 222 quadratic constraints
Variable types: 47312 continuous, 47526 integer (217 binary)
Coefficient statistics:
  Matrix range     [5e-03, 5e+06]
  QMatrix range    [5e-03, 8e+04]
  QLMatrix range   [1e+00, 8e+04]
  Objective range  [1e+00, 4e+07]
  Bounds range     [1e+00, 1e+08]
  RHS range        [1e+00, 7e+06]
  QRHS range       [5e-02, 5e-02]
Presolve removed 138857 rows and 92890 columns
Presolve time: 0.29s
Presolved: 3893 rows, 2553 columns, 246380 nonzeros
Presolved model has 2 SOS constraint(s)
Presolved model has 217 bilinear constraint(s)

Solving non-convex MIQCP

Variable types: 850 continuous, 1703 integer (219 binary)
Found heuristic solution: objective 1.217672e+07

Root relaxation: objective 0.000000e+00, 258 iterations, 0.06 seconds (0.04 work units)

    Nodes    |    Current Node    |     Objective Bounds      |     Work
 Expl Unexpl |  Obj  Depth IntInf | Incumbent    BestBd   Gap | It/Node Time

     0     0    0.00000    0  320 1.2177e+07    0.00000   100%     -    2s
     0     0    0.00000    0  343 1.2177e+07    0.00000   100%     -    3s
H    0     0                    1.178669e+07    0.00000   100%     -    3s
     0     0    0.00000    0  343 1.1787e+07    0.00000   100%     -    3s
     0     0    0.00000    0  344 1.1787e+07    0.00000   100%     -    4s
     0     0    0.00000    0  438 1.1787e+07    0.00000   100%     -    5s
     0     0    0.00000    0  418 1.1787e+07    0.00000   100%     -    6s
     0     0    0.00000    0  488 1.1787e+07    0.00000   100%     -    7s
     0     0    0.00000    0  447 1.1787e+07    0.00000   100%     -    9s
     0     0    0.00000    0  388 1.1787e+07    0.00000   100%     -   12s
H    0     0                    1.174747e+07    0.00000   100%     -   14s
     0     2    0.00000    0  388 1.1747e+07    0.00000   100%     -   15s
H   26    39                    1.161965e+07    0.00000   100%   248   18s
    38    86    0.00000   13  442 1.1620e+07    0.00000   100%   177   20s
    85   203    0.00000   31  410 1.1620e+07    0.00000   100%   114   25s
H  313   441                    1.161960e+07    0.00000   100%  76.1   33s
H  381   441                    1.157802e+07    0.00000   100%  73.4   33s
H  440   595                    1.154726e+07    0.00000   100%  72.4   37s
   596   817 1043669.34  200  292 1.1547e+07    0.00000   100%  63.7   43s
H  713   817                    1.132752e+07    0.00000   100%  56.4   43s
H  778   817                    4577104.6951    0.00000   100%  52.4   43s
   818  1104 1138868.47  282  277 4577104.70    0.00000   100%  51.1   48s
  1105  1400 1146588.70  382  254 4577104.70    0.00000   100%  42.7   54s
H 1265  1400                    3724962.2441    0.00000   100%  39.2   54s
  1401  1623 1163327.88  502  228 3724962.24    0.00000   100%  37.0   59s
  1624  1889 1224137.45  593  246 3724962.24    0.00000   100%  35.5   64s
  1890  2138 1258312.57  744  232 3724962.24    0.00000   100%  33.6   68s
  2139  2372 1383384.43  876  232 3724962.24    0.00000   100%  32.7   72s
  2373  2495 1449293.97  988  230 3724962.24    0.00000   100%  32.5   76s
  2496  2735 1458283.95 1094  229 3724962.24    0.00000   100%  32.5   81s
  2736  2991 1465038.97 1212  229 3724962.24    0.00000   100%  33.4   87s
  2992  3201 1470823.10 1315  230 3724962.24    0.00000   100%  33.8   92s
H 3090  3201                    3664112.0981    0.00000   100%  34.6   92s
  3202  3502 1476153.02 1412  228 3664112.10    0.00000   100%  34.7   97s
  3503  3820 1482830.16 1565  229 3664112.10    0.00000   100%  34.9  103s
  3822  3821 1475777.05 1406  642 3664112.10    0.00000   100%  34.7  112s
  3824  3822 1380812.92  847  219 3664112.10    0.00000   100%  34.7  118s
  3826  3824 1125013.25  256  243 3664112.10    0.00000   100%  34.7  121s
  3827  3824 1435615.14  950  203 3664112.10    0.00000   100%  34.7  127s
  3829  3826    0.00000  125  228 3664112.10    0.00000   100%  34.7  133s
  3830  3826 813109.982  416  228 3664112.10    0.00000   100%  34.7  135s
  3832  3828 1442679.46  967  286 3664112.10    0.00000   100%  34.7  142s
  3833  3828 919607.629 1508  164 3664112.10    0.00000   100%  34.6  147s
  3834  3829 914844.666 1359  227 3664112.10    0.00000   100%  34.6  150s
  3835  3830    0.00000   18  209 3664112.10    0.00000   100%  34.6  156s
  3837  3831 1238768.80  668  217 3664112.10    0.00000   100%  34.6  162s
  3838  3832 877406.232 1002  151 3664112.10    0.00000   100%  34.6  168s
  3839  3832 789467.035  321  151 3664112.10    0.00000   100%  34.6  171s
  3846  3840    0.00000   18  353 3664112.10    0.00000   100%  42.1  175s
  3860  3851    0.00000   21  337 3664112.10    0.00000   100%  42.5  180s
  3871  3883    0.00000   24  326 3664112.10    0.00000   100%  43.1  188s
  3899  3930    0.00000   29  335 3664112.10    0.00000   100%  43.2  196s
  3956  4039    0.00000   40  316 3664112.10    0.00000   100%  43.6  215s
  4084  4131    0.00000   74  317 3664112.10    0.00000   100%  43.7  236s
H 4159  3914                    3663992.5076    0.00000   100%  43.7  236s
  4222  4037    0.00000  111  353 3663992.51    0.00000   100%  44.3  256s
  4368  4142    0.00000  147  325 3663992.51    0.00000   100%  44.5  275s
  4525  4368    0.00000  193  327 3663992.51    0.00000   100%  44.5  288s
  4810  4518 18894.0767  249  328 3663992.51    0.00000   100%  44.8  301s
  5055  5034 41067.6426  256  322 3663992.51    0.00000   100%  43.7  317s
  5653  5210 84690.5744  374  327 3663992.51    0.00000   100%  40.2  330s
  6028  5322 85129.9598  474  327 3663992.51    0.00000   100%  39.2  337s
  6265  5620 382726.667  502  297 3663992.51    0.00000   100%  39.0  346s
  6642  5947 532628.702  574  254 3663992.51    0.00000   100%  37.3  359s
H 6697  5746                    3624438.1550    0.00000   100%  37.2  359s
H 6794  5540                    3570870.6556    0.00000   100%  37.1  359s
  7095  5933 540029.340  662  225 3570870.66    0.00000   100%  35.8  372s
H 7182  5740                    3540399.6306    0.00000   100%  35.8  372s
H 7588  5894                    3439970.2779    0.00000   100%  34.6  382s
  8038  6108 2285004.21  852  266 3439970.28    0.00000   100%  33.7  392s
  8408  6518 2286717.30  950  263 3439970.28    0.00000   100%  33.0  403s
  8944  6648 2313073.26 1074  263 3439970.28    0.00000   100%  31.6  412s
H 9252  6815                    3164527.5083    0.00000   100%  31.0  420s
  9670  7325 2325231.51 1167  249 3164527.51    0.00000   100%  30.3  433s
 10319  7705 2343643.63 1342  229 3164527.51    0.00000   100%  29.1  444s
H10657  7452                    3164128.0495    0.00000   100%  28.6  444s
H10916  7782                    3164127.9737    0.00000   100%  28.2  457s
 11471  8120 2437748.31 1670  223 3164127.97    0.00000   100%  27.5  466s
 11990  8615 2459794.24 1810  237 3164127.97    0.00000   100%  26.9  477s
 12485  9124 2428588.79 1940  220 3164127.97    0.00000   100%  26.4  487s
 12994  9625 2438347.35 2075  223 3164127.97    0.00000   100%  25.9  499s
 13495 10095 2431617.39 2209  220 3164127.97    0.00000   100%  25.4  510s
H13965 10536                    3051165.7461    0.00000   100%  25.1  520s
H14406 10770                    3040524.0322    0.00000   100%  24.8  541s
H14640 11236                    2915904.8342    0.00000   100%  24.7  552s
H15108 11439                    2813138.2491    0.00000   100%  24.3  570s
 15311 11865 2463541.80 2677  232 2813138.25    0.00000   100%  24.2  582s
H15751 12273                    2768592.4495    0.00000   100%  23.8  594s
 16167 12533 2690283.86 2898  233 2768592.45    0.00000   100%  23.6  601s
 16461 12816 196688.456  254  310 2768592.45    0.00000   100%  23.6  608s
 16744 13106 615522.448  282  294 2768592.45    0.00000   100%  23.6  616s
 17036 13434 667672.266  324  272 2768592.45    0.00000   100%  23.6  625s
H17144 13434                    2768592.4224    0.00000   100%  23.7  625s
 17366 13717 839140.954  378  280 2768592.42    0.00000   100%  23.6  631s
 17659 13942 1044535.14  417  276 2768592.42    0.00000   100%  23.7  637s
 17913 14000 922058.660  422  259 2768592.42    0.00000   100%  23.6  643s
 17942 14023 1100235.99  426  267 2768592.42    0.00000   100%  23.6  647s
 17965 14110 908880.854  429  274 2768592.42    0.00000   100%  23.6  651s
 18052 14427 1142210.88  431  267 2768592.42    0.00000   100%  23.5  660s
 18370 14826 1044391.72  477  231 2768592.42    0.00000   100%  23.5  670s
 18773 15189 1090318.78  559  231 2768592.42    0.00000   100%  23.5  680s
 19143 15591 1224803.37  645  262 2768592.42    0.00000   100%  23.3  690s
 19545 15919 1235686.85  735  245 2768592.42    0.00000   100%  23.2  719s
 19873 16254 1297582.81  816  255 2768592.42    0.00000   100%  23.2  729s
 20208 16760 1338159.36  893  239 2768592.42    0.00000   100%  23.1  741s
 20714 17209 1350293.09 1018  238 2768592.42    0.00000   100%  22.8  752s
 21163 17677 1366042.98 1132  239 2768592.42    0.00000   100%  22.6  762s
 21631 18106 1366050.59 1249  238 2768592.42    0.00000   100%  22.4  772s
 22060 18611 1356283.95 1360  238 2768592.42    0.00000   100%  22.2  781s
 22565 19058 1356501.27 1496  237 2768592.42    0.00000   100%  22.0  789s
 23012 19530 1357745.71 1617  238 2768592.42    0.00000   100%  21.8  798s
 23484 19939 1359517.40 1738  237 2768592.42    0.00000   100%  21.6  807s
 23893 20379 1366111.43 1852  239 2768592.42    0.00000   100%  21.4  816s
 24333 20779 1358495.08 1979  240 2768592.42    0.00000   100%  21.3  826s
 24733 21168 1383175.95 2089  241 2768592.42    0.00000   100%  21.2  842s
 25122 21472 1376374.13 2195  239 2768592.42    0.00000   100%  21.1  849s
 25426 21867 1381624.50 2281  237 2768592.42    0.00000   100%  21.0  856s
 25821 22248 1388716.92 2391  238 2768592.42    0.00000   100%  21.0  866s
 26202 22615 1398646.37 2499  237 2768592.42    0.00000   100%  20.9  877s
 26569 22967 1423635.32 2606  235 2768592.42    0.00000   100%  20.8  885s
 26921 23335 1423676.27 2710  239 2768592.42    0.00000   100%  20.8  894s
 27289 23752 1436955.97 2816  242 2768592.42    0.00000   100%  20.7  904s
 27706 24159 1426723.04 2924  235 2768592.42    0.00000   100%  20.5  913s
 28113 24564 1464120.54 3024  245 2768592.42    0.00000   100%  20.4  920s
 28518 24947 1442315.03 3126  233 2768592.42    0.00000   100%  20.3  927s
 28901 25358 1459089.54 3220  239 2768592.42    0.00000   100%  20.2  935s
 29312 25745 1455421.61 3322  234 2768592.42    0.00000   100%  20.2  945s
 29699 26105 1475764.52 3413  247 2768592.42    0.00000   100%  20.1  954s
 30059 26107 1450382.96 3507  232 2768592.42    0.00000   100%  20.1  969s
 30061 26154 1498082.60 3507  247 2768592.42    0.00000   100%  20.1  973s
 30108 26459 1453172.12 3519  232 2768592.42    0.00000   100%  20.1  980s
 30413 26779 1463125.47 3599  238 2768592.42    0.00000   100%  20.1  986s
 30733 27080 1478643.20 3684  245 2768592.42    0.00000   100%  20.2  993s
 31034 27440 1478662.06 3763  245 2768592.42    0.00000   100%  20.2 1001s
 31394 27801 1460698.74 3864  231 2768592.42    0.00000   100%  20.2 1010s
H31755 28123                    2767279.3898    0.00000   100%  20.2 1017s
 32077 28396 1482901.08 4029  243 2767279.39    0.00000   100%  20.2 1024s
 32350 28693 1473537.62 4100  240 2767279.39    0.00000   100%  20.2 1033s
 32647 29064 1503606.00 4183  239 2767279.39    0.00000   100%  20.2 1041s
 33018 29355 1499577.53 4293  239 2767279.39    0.00000   100%  20.1 1047s
H33186 29355                    2767150.4687    0.00000   100%  20.0 1047s
 33309 29730 1525212.73 4377  241 2767150.47    0.00000   100%  20.0 1055s
 33684 30077 1510076.90 4485  235 2767150.47    0.00000   100%  19.9 1064s
 34031 30375 1534732.92 4576  239 2767150.47    0.00000   100%  19.8 1070s
 34329 30731 1595628.11 4642  236 2767150.47    0.00000   100%  19.8 1079s
 34685 31108 1597154.04 4746  232 2767150.47    0.00000   100%  19.7 1088s
 35062 31248 1580390.70 4851  232 2767150.47    0.00000   100%  19.6 1108s
 35202 31567 1635829.13 4886  235 2767150.47    0.00000   100%  19.5 1117s
 35521 31917 1635865.28 4973  231 2767150.47    0.00000   100%  19.5 1125s
 35871 32231 1656421.54 5071  229 2767150.47    0.00000   100%  19.4 1133s
 36185 32480 1659187.38 5161  231 2767150.47    0.00000   100%  19.3 1139s
 36434 32810 1693248.71 5204  233 2767150.47    0.00000   100%  19.3 1150s
 36764 33180 infeasible 5294      2767150.47    0.00000   100%  19.2 1157s
 37136 33440 1788334.04 5396  237 2767150.47    0.00000   100%  19.1 1164s
 37396 33722 1780160.05 5450  229 2767150.47    0.00000   100%  19.2 1173s
 37678 34011 1782165.36 5510  231 2767150.47    0.00000   100%  19.2 1179s
 37967 34285 1784280.45 5572  231 2767150.47    0.00000   100%  19.2 1188s
 38241 34573 1793857.17 5627  236 2767150.47    0.00000   100%  19.3 1196s
 38529 34848 1789030.15 5686  233 2767150.47    0.00000   100%  19.3 1205s
 38804 35129 1791921.48 5743  233 2767150.47    0.00000   100%  19.3 1211s
 39085 35428 1945978.27 5802  249 2767150.47    0.00000   100%  19.4 1219s
 39384 35724 1807146.35 5865  235 2767150.47    0.00000   100%  19.4 1225s
 39680 36061 1810896.04 5932  233 2767150.47    0.00000   100%  19.4 1233s
 40017 36381 1885113.42 6013  235 2767150.47    0.00000   100%  19.3 1240s
 40337 36383 1878500.18 6093  234 2767150.47    0.00000   100%  19.3 1257s
 40339 36648 1889606.57 6093  235 2767150.47    0.00000   100%  19.3 1266s
 40604 36988 1895928.75 6156  234 2767150.47    0.00000   100%  19.2 1275s
 40944 37302 1903879.15 6228  236 2767150.47    0.00000   100%  19.2 1284s
 41258 37675 1919322.41 6323  225 2767150.47    0.00000   100%  19.1 1292s
 41631 38021 1929568.67 6422  232 2767150.47    0.00000   100%  19.1 1300s
 41977 38379 1936582.23 6516  228 2767150.47    0.00000   100%  19.1 1310s
 42335 38730 1937418.86 6613  228 2767150.47    0.00000   100%  19.0 1320s
 42686 39049 1946882.46 6707  228 2767150.47    0.00000   100%  19.0 1328s
 43005 39423 1944226.38 6791  226 2767150.47    0.00000   100%  19.0 1336s
 43379 39790 1940476.26 6896  226 2767150.47    0.00000   100%  18.9 1345s
 43746 40141 1955031.00 6994  227 2767150.47    0.00000   100%  18.8 1355s
 44097 40515 1949879.25 7091  226 2767150.47    0.00000   100%  18.8 1366s
 44472 40847 1973287.54 7193  222 2767150.47    0.00000   100%  18.7 1377s
 44804 41229 1959841.95 7283  223 2767150.47    0.00000   100%  18.7 1388s
 45186 41570 1963022.99 7387  223 2767150.47    0.00000   100%  18.7 1399s
 45527 41572 1965575.55 7473  224 2767150.47    0.00000   100%  18.6 1420s
 45529 41868 2004948.21 7473  229 2767150.47    0.00000   100%  18.6 1428s
 45825 42184 1968199.62 7553  223 2767150.47    0.00000   100%  18.6 1437s
 46141 42323 1971068.23 7632  223 2767150.47    0.00000   100%  18.5 1442s
 46280 42698 2004273.23 7662  228 2767150.47    0.00000   100%  18.5 1454s
 46655 43114 1975467.08 7756  223 2767150.47    0.00000   100%  18.4 1466s
H47071 43412                    2767048.6777    0.00000   100%  18.3 1479s
 47369 43760 1981306.55 7949  223 2767048.68    0.00000   100%  18.4 1488s
 47717 44080 1984399.03 8056  223 2767048.68    0.00000   100%  18.4 1499s
 48037 44393 1987195.06 8152  224 2767048.68    0.00000   100%  18.4 1508s
 48350 44716 2005387.85 8251  226 2767048.68    0.00000   100%  18.4 1515s
 48673 45081 1993073.10 8347  223 2767048.68    0.00000   100%  18.4 1523s
 49038 45390 1996576.56 8448  223 2767048.68    0.00000   100%  18.4 1531s
 49347 45768 2003285.60 8541  222 2767048.68    0.00000   100%  18.3 1538s
 49725 46107 2003152.59 8658  223 2767048.68    0.00000   100%  18.3 1550s
 50064 46435 2008208.21 8763  223 2767048.68    0.00000   100%  18.3 1561s
 50402 46710 2012809.55 8869  224 2767048.68    0.00000   100%  18.2 1571s
 50718 46711 2016655.13 8978  224 2767048.68    0.00000   100%  18.2 1592s
 50720 46943 2125238.89 8978  235 2767048.68    0.00000   100%  18.2 1600s
 50970 47231 2038583.55 9054  224 2767048.68    0.00000   100%  18.2 1608s
 51280 47533 2045841.77 9145  228 2767048.68    0.00000   100%  18.2 1616s
 51608 47858 2031004.98 9249  222 2767048.68    0.00000   100%  18.2 1625s
 51959 48137 2036115.45 9358  222 2767048.68    0.00000   100%  18.2 1635s
 52263 48467 2040611.21 9455  224 2767048.68    0.00000   100%  18.2 1646s
 52623 48766 2045789.59 9570  224 2767048.68    0.00000   100%  18.2 1654s
 52952 49084 2050112.31 9676  224 2767048.68    0.00000   100%  18.2 1665s
 53303 49359 2078773.76 9793  222 2767048.68    0.00000   100%  18.2 1671s
 53602 49659 2073904.47 9887  223 2767048.68    0.00000   100%  18.1 1678s
 53928 49908 2066081.87 9994  224 2767048.68    0.00000   100%  18.1 1687s
 54228 50195 2080301.20 10104  222 2767048.68    0.00000   100%  18.1 1694s
 54587 50467 2081857.91 10249  222 2767048.68    0.00000   100%  18.1 1704s
 54922 50756 2079016.25 10384  225 2767048.68    0.00000   100%  18.2 1712s
 55242 51059 2087874.60 10489  223 2767048.68    0.00000   100%  18.2 1721s
 55545 51366 2104083.72 10565  221 2767048.68    0.00000   100%  18.2 1730s
 55852 51368 2100142.96 10646  223 2767048.68    0.00000   100%  18.2 1754s
 55854 51623 2159655.92 10646  226 2767048.68    0.00000   100%  18.2 1762s
 56109 51930 2159132.13 10714  226 2767048.68    0.00000   100%  18.2 1769s
 56416 52211 2159229.46 10801  226 2767048.68    0.00000   100%  18.1 1778s
 56697 52523 2122470.42 10872  222 2767048.68    0.00000   100%  18.1 1786s
 57009 52852 2127584.52 10955  221 2767048.68    0.00000   100%  18.1 1796s
 57338 53191 2158955.53 11044  225 2767048.68    0.00000   100%  18.1 1803s
 57677 53485 2154876.46 11138  224 2767048.68    0.00000   100%  18.1 1813s
 57971 53795 2160327.85 11212  221 2767048.68    0.00000   100%  18.1 1822s
 58281 54077 2181355.59 11286  221 2767048.68    0.00000   100%  18.1 1831s
 58563 54404 2215576.23 11350  227 2767048.68    0.00000   100%  18.1 1839s
 58890 54703 2184793.04 11429  221 2767048.68    0.00000   100%  18.1 1846s
H59047 54703                    2767048.6080    0.00000   100%  18.1 1846s
 59189 55015 2170017.46 11508  224 2767048.61    0.00000   100%  18.1 1853s
 59501 55317 2187237.54 11582  221 2767048.61    0.00000   100%  18.1 1861s
 59803 55589 2203327.58 11659  221 2767048.61    0.00000   100%  18.1 1868s
 60075 55892 2215739.26 11727  227 2767048.61    0.00000   100%  18.1 1878s
 60378 56206 2216235.46 11803  227 2767048.61    0.00000   100%  18.0 1886s
 60692 56513 2182335.47 11881  223 2767048.61    0.00000   100%  18.0 1896s
 60999 56515 2185069.66 11963  223 2767048.61    0.00000   100%  18.0 1909s
 61001 56769 2216407.11 11963  227 2767048.61    0.00000   100%  18.0 1919s
 61255 57056 2240267.93 12026  221 2767048.61    0.00000   100%  18.0 1928s
 61542 57365 2249472.45 12094  225 2767048.61    0.00000   100%  18.0 1937s
 61851 57694 2225004.76 12172  221 2767048.61    0.00000   100%  18.0 1947s
 62180 58042 2239895.55 12259  225 2767048.61    0.00000   100%  17.9 1954s
 62528 58325 2236370.61 12354  220 2767048.61    0.00000   100%  17.9 1962s
 62811 58663 2233794.79 12425  220 2767048.61    0.00000   100%  17.9 1970s
 63149 58961 2262746.51 12518  220 2767048.61    0.00000   100%  17.9 1978s
 63447 59251 2265463.06 12594  220 2767048.61    0.00000   100%  17.8 1987s
 63737 59567 2268836.12 12670  220 2767048.61    0.00000   100%  17.8 1993s
 64053 59825 2256453.12 12750  220 2767048.61    0.00000   100%  17.8 2000s
 64311 60135 2259129.08 12803  219 2767048.61    0.00000   100%  17.8 2008s
 64621 60463 2287400.12 12879  220 2767048.61    0.00000   100%  17.8 2017s
 64949 60769 2290348.92 12961  220 2767048.61    0.00000   100%  17.8 2026s
 65255 61124 2281843.97 13037  219 2767048.61    0.00000   100%  17.8 2035s
 65610 61446 2296331.33 13126  220 2767048.61    0.00000   100%  17.8 2045s
 65932 61726 2291125.90 13207  219 2767048.61    0.00000   100%  17.8 2063s
 66212 62019 2294649.60 13277  220 2767048.61    0.00000   100%  17.7 2069s
 66505 62309 2305350.85 13347  220 2767048.61    0.00000   100%  17.7 2079s
 66795 62625 2302437.89 13423  220 2767048.61    0.00000   100%  17.7 2089s
 67111 63011 2344539.42 13503  224 2767048.61    0.00000   100%  17.7 2098s
 67497 63308 2320988.38 13606  219 2767048.61    0.00000   100%  17.7 2104s
 67794 63591 2343054.35 13691  220 2767048.61    0.00000   100%  17.7 2111s
 68077 63957 2352625.53 13778  223 2767048.61    0.00000   100%  17.7 2121s
 68445 64242 2362509.65 13898  217 2767048.61    0.00000   100%  17.7 2128s
 68730 64532 2363565.34 13980  217 2767048.61    0.00000   100%  17.7 2134s
 69020 64825 2364659.76 14063  218 2767048.61    0.00000   100%  17.7 2144s
 69313 65118 2389441.82 14141  218 2767048.61    0.00000   100%  17.8 2153s
 69606 65416 2366524.60 14222  218 2767048.61    0.00000   100%  17.8 2162s
 69904 65733 2367443.43 14306  218 2767048.61    0.00000   100%  17.8 2171s
 70221 66038 2390394.00 14400  219 2767048.61    0.00000   100%  17.8 2179s
 70526 66412 2390528.62 14478  219 2767048.61    0.00000   100%  17.8 2189s
 70900 66762 2394246.86 14575  228 2767048.61    0.00000   100%  17.8 2198s
 71250 66828 2371858.02 14666  218 2767048.61    0.00000   100%  17.8 2212s
 71316 67147 2403951.69 14682  228 2767048.61    0.00000   100%  17.8 2218s
 71635 67453 2373073.94 14761  218 2767048.61    0.00000   100%  17.8 2225s
 71941 67612 2391700.79 14837  219 2767048.61    0.00000   100%  17.8 2231s
 72100 67941 2374612.64 14881  218 2767048.61    0.00000   100%  17.8 2240s
 72429 68302 2375590.83 14966  218 2767048.61    0.00000   100%  17.8 2247s
 72790 68653 2394411.01 15064  228 2767048.61    0.00000   100%  17.8 2255s
 73141 69007 2404119.30 15158  228 2767048.61    0.00000   100%  17.7 2263s
 73495 69341 2379054.07 15254  218 2767048.61    0.00000   100%  17.7 2272s
 73829 69730 2379973.93 15338  219 2767048.61    0.00000   100%  17.7 2281s
 74218 70114 2394662.21 15436  228 2767048.61    0.00000   100%  17.6 2292s
 74602 70507 2382440.13 15525  218 2767048.61    0.00000   100%  17.6 2300s
 74995 70896 2383519.78 15619  218 2767048.61    0.00000   100%  17.5 2310s
 75384 71230 2384516.32 15705  218 2767048.61    0.00000   100%  17.5 2317s
 75718 71594 2385504.50 15790  218 2767048.61    0.00000   100%  17.4 2325s
 76082 71924 2394745.07 15883  228 2767048.61    0.00000   100%  17.4 2333s
 76412 72100 2387628.40 15966  219 2767048.61    0.00000   100%  17.3 2348s
 76588 72393 2395779.40 16053  218 2767048.61    0.00000   100%  17.3 2357s
 76881 72724 2390055.95 16131  218 2767048.61    0.00000   100%  17.3 2366s
 77212 73120 2396649.29 16212  220 2767048.61    0.00000   100%  17.2 2374s
 77608 73410 2395488.76 16312  220 2767048.61    0.00000   100%  17.2 2382s
 77898 73638 2398504.01 16403  218 2767048.61    0.00000   100%  17.1 2391s
 78126 73865 2402074.11 16494  217 2767048.61    0.00000   100%  17.1 2399s
 78353 74072 2415354.76 16581  220 2767048.61    0.00000   100%  17.1 2403s
 78578 74125 infeasible 16661      2767048.61    0.00000   100%  17.1 2407s
 78717 74208 infeasible 16666      2767048.61    0.00000   100%  17.2 2410s
 78937 74483 384045.732  291  282 2767048.61    0.00000   100%  17.3 2419s
 79088 74558 460991.622  331  266 2767048.61    0.00000   100%  17.4 2421s
 79185 74779 712764.487  371  292 2767048.61    0.00000   100%  17.4 2429s
 79386 74994 569618.476  424  240 2767048.61    0.00000   100%  17.4 2436s
 79603 75184 589105.861  472  232 2767048.61    0.00000   100%  17.5 2441s
 79795 75435 1016457.52  511  285 2767048.61    0.00000   100%  17.6 2450s
 80046 75665 729665.461  568  223 2767048.61    0.00000   100%  17.7 2456s
 80276 75908 728016.985  627  223 2767048.61    0.00000   100%  17.7 2463s
 80519 76149 739630.223  688  224 2767048.61    0.00000   100%  17.8 2470s
 80760 76397 731483.823  749  222 2767048.61    0.00000   100%  17.9 2476s
 81008 76698 744993.978  808  224 2767048.61    0.00000   100%  17.9 2485s
 81309 77002 789479.813  869  240 2767048.61    0.00000   100%  17.9 2492s
 81613 77094 1120758.36  933  274 2767048.61    0.00000   100%  17.9 2506s
H81658 75864                    2481507.7818    0.00000   100%  17.9 2506s
 81705 75997 1079305.04  956  275 2481507.78    0.00000   100%  17.9 2512s
 81838 76044 1140233.86  961  279 2481507.78    0.00000   100%  17.9 2516s
 81885 76381 1103685.20  977  274 2481507.78    0.00000   100%  17.9 2524s
 82222 76715 1105351.50 1061  275 2481507.78    0.00000   100%  17.8 2533s
 82556 77056 1204778.76 1129  275 2481507.78    0.00000   100%  17.8 2541s
H82897 77385                    2481507.7816    0.00000   100%  17.8 2548s
H83226 77742                    2481328.0055    0.00000   100%  17.7 2557s
 83587 78068 1238435.24 1344  264 2481328.01    0.00000   100%  17.7 2566s
 83913 78422 1262403.92 1400  272 2481328.01    0.00000   100%  17.6 2572s
 84267 78764 1268470.82 1473  270 2481328.01    0.00000   100%  17.6 2578s
 84609 79093 1268496.25 1550  270 2481328.01    0.00000   100%  17.6 2585s
 84938 79442 1259196.30 1629  269 2481328.01    0.00000   100%  17.6 2592s
 85287 79766 1268519.36 1709  271 2481328.01    0.00000   100%  17.5 2598s
 85611 80109 1279724.64 1776  270 2481328.01    0.00000   100%  17.5 2605s
 85954 80461 1268940.71 1852  271 2481328.01    0.00000   100%  17.5 2615s
 86306 80781 1271646.55 1927  265 2481328.01    0.00000   100%  17.4 2624s
 86626 81050 1297274.65 1990  270 2481328.01    0.00000   100%  17.4 2637s
 86895 81345 1275683.19 2050  265 2481328.01    0.00000   100%  17.4 2645s
 87190 81730 1377673.50 2121  266 2481328.01    0.00000   100%  17.4 2654s
 87575 82092 1400136.50 2211  265 2481328.01    0.00000   100%  17.4 2662s
 87937 82478 1483600.52 2295  264 2481328.01    0.00000   100%  17.3 2670s
 88323 82792 1499389.55 2380  257 2481328.01    0.00000   100%  17.3 2679s
 88637 83142 1505199.56 2451  255 2481328.01    0.00000   100%  17.3 2684s
 88987 83491 1506041.25 2535  255 2481328.01    0.00000   100%  17.2 2692s
 89337 83855 1534059.90 2615  270 2481328.01    0.00000   100%  17.2 2701s
 89701 84149 1532959.77 2698  269 2481328.01    0.00000   100%  17.2 2708s
 90015 84401 1547825.01 2777  260 2481328.01    0.00000   100%  17.2 2716s
 90343 84693 1537614.93 2865  253 2481328.01    0.00000   100%  17.2 2727s
 90700 85020 1542796.36 2946  260 2481328.01    0.00000   100%  17.1 2733s
 91093 85257 1567037.97 3038  269 2481328.01    0.00000   100%  17.1 2740s
 91404 85558 1574938.09 3114  261 2481328.01    0.00000   100%  17.1 2748s
 91764 85839 1590876.51 3198  264 2481328.01    0.00000   100%  17.1 2756s
 92085 85841 1575670.66 3281  254 2481328.01    0.00000   100%  17.1 2764s
 92087 86103 1595302.83 3282  269 2481328.01    0.00000   100%  17.1 2771s
 92349 86438 1595600.29 3351  250 2481328.01    0.00000   100%  17.1 2777s
 92684 86745 1611246.89 3435  260 2481328.01    0.00000   100%  17.0 2785s
 92991 87119 1595822.32 3512  251 2481328.01    0.00000   100%  17.0 2793s
 93365 87467 1613131.38 3601  261 2481328.01    0.00000   100%  17.0 2800s
 93713 87800 1615510.65 3685  261 2481328.01    0.00000   100%  17.0 2805s
 94046 88108 1623964.40 3766  266 2481328.01    0.00000   100%  17.0 2813s
 94354 88455 1624077.62 3847  250 2481328.01    0.00000   100%  16.9 2817s
 94701 88793 1632142.44 3934  266 2481328.01    0.00000   100%  16.9 2825s
 95039 89120 1624077.62 4019  250 2481328.01    0.00000   100%  16.9 2834s
 95366 89284 1655887.64 4102  269 2481328.01    0.00000   100%  16.9 2841s
 95530 89343 1632478.83 4179  266 2481328.01    0.00000   100%  16.9 2845s
 95589 89688 1641176.42 4190  260 2481328.01    0.00000   100%  16.9 2854s
 95934 89864 1641827.06 4276  256 2481328.01    0.00000   100%  16.8 2860s
 96110 90124 1641890.00 4320  256 2481328.01    0.00000   100%  16.8 2869s
 96384 90344 1635997.94 4400  252 2481328.01    0.00000   100%  16.8 2876s
 96624 90575 1663767.39 4483  266 2481328.01    0.00000   100%  16.9 2881s
 96875 90805 1647873.91 4567  250 2481328.01    0.00000   100%  16.9 2886s
 97127 91001 1648569.58 4649  254 2481328.01    0.00000   100%  16.9 2897s
 97327 91332 1663846.03 4734  266 2481328.01    0.00000   100%  16.9 2908s
 97658 91663 1663871.10 4817  266 2481328.01    0.00000   100%  16.9 2916s
 97989 91915 1663893.44 4900  265 2481328.01    0.00000   100%  16.9 2924s
 98295 92106 1660315.72 4993  261 2481328.01    0.00000   100%  16.9 2931s
 98508 92294 1660470.02 5075  265 2481328.01    0.00000   100%  16.9 2939s
 98698 92491 1662942.50 5156  260 2481328.01    0.00000   100%  16.9 2947s
 98895 92758 1670843.85 5235  264 2481328.01    0.00000   100%  16.9 2953s
 99164 93018 1671019.60 5329  264 2481328.01    0.00000   100%  16.9 2960s
 99428 93270 1673896.30 5421  266 2481328.01    0.00000   100%  16.9 2968s
 99682 93453 1673931.09 5518  265 2481328.01    0.00000   100%  17.0 2974s
 99865 93720 1666729.48 5591  258 2481328.01    0.00000   100%  17.0 2979s
 100132 94002 1667598.26 5687  261 2481328.01    0.00000   100%  17.0 2985s
 100415 94322 1672001.78 5778  262 2481328.01    0.00000   100%  17.0 2992s
 100735 94600 1705442.52 5879  252 2481328.01    0.00000   100%  16.9 2999s
 101013 94800 1741360.51 5964  257 2481328.01    0.00000   100%  16.9 3005s
H101213 64437                    2206736.4484    0.00000   100%  17.0 3010s
H101405 64378                    2203393.4115    0.00000   100%  17.0 3016s
 101599 64575 1742143.98 6170  252 2203393.41    0.00000   100%  17.1 3022s
 101796 64784 1742489.26 6241  252 2203393.41    0.00000   100%  17.2 3028s
H102005 64966                    2203393.2667    0.00000   100%  17.2 3034s
 102187 65228 1759347.93 6377  261 2203393.27    0.00000   100%  17.3 3041s
 102451 65230 1784396.21 6440  265 2203393.27    0.00000   100%  17.3 3066s
 102453 65473 1773464.70 6441  266 2203393.27    0.00000   100%  17.3 3072s
H102696 63423                    2200185.1493    0.00000   100%  17.3 3079s
 102963 63712 1801525.51 6571  267 2200185.15    0.00000   100%  17.3 3086s
 103252 63976 1776522.22 6646  258 2200185.15    0.00000   100%  17.3 3093s
 103518 64245 1801698.92 6718  266 2200185.15    0.00000   100%  17.3 3101s
 103787 64493 1786012.02 6801  254 2200185.15    0.00000   100%  17.4 3108s
 104035 64712 1788803.01 6862  248 2200185.15    0.00000   100%  17.4 3115s
 104256 64980 1813219.57 6921  263 2200185.15    0.00000   100%  17.5 3123s
 104524 65266 1829001.10 6982  264 2200185.15    0.00000   100%  17.6 3132s
 104810 65556 1818186.28 7044  262 2200185.15    0.00000   100%  17.6 3141s
 105100 65877 1799532.48 7110  257 2200185.15    0.00000   100%  17.7 3150s
 105421 66167 1791805.85 7182  248 2200185.15    0.00000   100%  17.7 3160s
 105711 66473 1815399.88 7243  260 2200185.15    0.00000   100%  17.7 3169s
 106017 66805 1793404.73 7309  242 2200185.15    0.00000   100%  17.7 3178s
 106349 67169 1816364.76 7381  260 2200185.15    0.00000   100%  17.8 3186s
 106713 67479 1816489.64 7453  260 2200185.15    0.00000   100%  17.8 3195s
 107023 67814 1816675.13 7515  260 2200185.15    0.00000   100%  17.8 3206s
 107358 68120 1820054.66 7584  262 2200185.15    0.00000   100%  17.9 3231s
 107664 68371 1830874.99 7654  262 2200185.15    0.00000   100%  17.9 3238s
 107917 68696 1821993.97 7717  259 2200185.15    0.00000   100%  17.9 3246s
 108243 69041 1817728.79 7801  257 2200185.15    0.00000   100%  17.9 3256s
 108589 69355 1830851.44 7877  251 2200185.15    0.00000   100%  17.9 3263s
 108920 69779 1838452.71 7951  244 2200185.15    0.00000   100%  18.0 3273s
 109344 70095 1839089.20 8053  242 2200185.15    0.00000   100%  18.0 3281s
 109660 70132 1851517.73 8132  246 2200185.15    0.00000   100%  18.0 3286s
 109733 70204 1861242.30 8146  259 2200185.15    0.00000   100%  18.0 3294s
 109769 70240 1852693.64 8153  245 2200185.15    0.00000   100%  18.0 3297s
 109805 70276 1864504.10 8160  261 2200185.15    0.00000   100%  18.0 3302s
 109841 70313 1944131.13 8167  258 2200185.15    0.00000   100%  18.0 3307s
 109878 70351 1865410.53 8174  261 2200185.15    0.00000   100%  18.0 3311s
 109954 70428 1866509.10 8189  260 2200185.15    0.00000   100%  18.0 3317s
 109993 70463 1955748.36 8197  254 2200185.15    0.00000   100%  18.0 3321s
 110028 70502 1856254.27 8204  245 2200185.15    0.00000   100%  18.0 3326s
 110067 70541 1856697.60 8212  243 2200185.15    0.00000   100%  18.0 3330s
 110106 70581 1857394.62 8220  244 2200185.15    0.00000   100%  18.0 3335s
 110146 70622 1858005.05 8228  244 2200185.15    0.00000   100%  18.0 3340s
 110226 70702 1881121.45 8244  259 2200185.15    0.00000   100%  18.0 3347s
 110267 70744 1860201.17 8253  244 2200185.15    0.00000   100%  18.0 3351s
 110309 70784 1956517.16 8261  253 2200185.15    0.00000   100%  18.0 3355s
 110390 70863 1956806.77 8277  256 2200185.15    0.00000   100%  18.0 3363s
 110428 70902 1908888.16 8285  260 2200185.15    0.00000   100%  18.0 3367s
 110469 70940 1904833.20 8293  259 2200185.15    0.00000   100%  18.0 3371s
 110507 70981 1915767.03 8300  259 2200185.15    0.00000   100%  18.0 3375s
 110590 71067 1908812.40 8316  249 2200185.15    0.00000   100%  18.0 3382s
 110634 71110 1909270.55 8325  246 2200185.15    0.00000   100%  18.0 3386s
 110677 71151 1921161.70 8333  258 2200185.15    0.00000   100%  18.0 3390s
 110718 71193 1920820.04 8341  261 2200185.15    0.00000   100%  18.0 3395s
 110804 71281 1911502.31 8359  246 2200185.15    0.00000   100%  18.0 3403s
 110848 71339 1912301.38 8368  246 2200185.15    0.00000   100%  18.0 3409s
 110906 71560 1913561.87 8383  247 2200185.15    0.00000   100%  18.0 3417s
 111127 71743 1921437.20 8481  252 2200185.15    0.00000   100%  18.0 3422s
 111310 71948 1930755.34 8559  250 2200185.15    0.00000   100%  18.0 3428s
 111515 72140 1937922.28 8648  246 2200185.15    0.00000   100%  18.1 3434s
 111707 72336 1961549.04 8730  251 2200185.15    0.00000   100%  18.1 3442s
 111903 72567 1940573.73 8815  241 2200185.15    0.00000   100%  18.1 3449s
 112134 72810 1943496.06 8917  240 2200185.15    0.00000   100%  18.1 3458s
 112377 73146 1962727.14 9025  247 2200185.15    0.00000   100%  18.1 3467s
 112713 73190 1970957.42 9136  252 2200185.15    0.00000   100%  18.1 3483s
 112757 73383 1964431.30 9147  247 2200185.15    0.00000   100%  18.1 3493s
 112950 73675 1951618.30 9230  243 2200185.15    0.00000   100%  18.1 3501s
 113242 73918 1954244.31 9343  241 2200185.15    0.00000   100%  18.1 3512s
 113485 74278 1965753.09 9450  249 2200185.15    0.00000   100%  18.1 3520s
 113845 74527 1963426.96 9561  249 2200185.15    0.00000   100%  18.1 3530s
 114094 74913 1965492.27 9666  239 2200185.15    0.00000   100%  18.1 3541s
 114480 75139 1986141.11 9784  259 2200185.15    0.00000   100%  18.1 3551s
 114706 75489 1980450.19 9872  240 2200185.15    0.00000   100%  18.1 3563s
 115056 75736 1991145.85 9955  245 2200185.15    0.00000   100%  18.1 3574s
 115303 75787 1991203.18 10041  245 2200185.15    0.00000   100%  18.1 3579s
 115368 75985 1985193.53 10058  240 2200185.15    0.00000   100%  18.1 3585s
 115606 76180 2112260.70 10141  244 2200185.15    0.00000   100%  18.2 3593s
 115801 76469 1986206.39 10203  242 2200185.15    0.00000   100%  18.3 3600s

Cutting planes:
  Gomory: 1
  Implied bound: 35
  MIR: 139
  StrongCG: 3
  Zero half: 1
  RLT: 29
  Relax-and-lift: 1

Explored 116090 nodes (2137099 simplex iterations) in 3600.20 seconds (1404.27 work units)
Thread count was 2 (of 24 available processors)

Solution count 10: 2.20019e+06 2.20339e+06 2.20674e+06 ... 2.81314e+06

Time limit reached
Best objective 2.200185149323e+06, best bound 0.000000000000e+00, gap 100.0000%
