
Gurobi 11.0.3 (linux64, Java) logging started seg 09 dez 2024 09:51:57 -03

Set parameter Username
Academic license - for non-commercial use only - expires 2025-10-10
Set parameter NonConvex to value 2
Set parameter TimeLimit to value 3600
Set parameter LogToConsole to value 0
Set parameter MIPGap to value 5.52890488975657e-08
Set parameter Threads to value 2
Set parameter NodefileDir to value "/home/ps12398/experiment_epec/goalProgrammingMarcos/"
Set parameter NodefileStart to value 1
Gurobi Optimizer version 11.0.3 build v11.0.3rc0 (linux64)

CPU model: Intel(R) Xeon(R) CPU           X5650  @ 2.67GHz, instruction set [SSE2]
Thread count: 12 physical cores, 24 logical processors, using up to 2 threads

Optimize a model with 17998 rows, 12411 columns and 85397 nonzeros
Model fingerprint: 0xb46fd4e9
Model has 83 quadratic constraints
Variable types: 6168 continuous, 6243 integer (78 binary)
Coefficient statistics:
  Matrix range     [1e-02, 2e+06]
  QMatrix range    [1e-02, 4e+04]
  QLMatrix range   [1e+00, 4e+04]
  Objective range  [1e+00, 4e+07]
  Bounds range     [1e+00, 1e+08]
  RHS range        [1e+00, 1e+06]
  QRHS range       [1e-02, 1e-02]
Presolve removed 17894 rows and 12221 columns
Presolve time: 0.17s
Presolved: 270 rows, 245 columns, 4430 nonzeros
Presolved model has 55 bilinear constraint(s)

Solving non-convex MIQCP

Variable types: 115 continuous, 130 integer (0 binary)
Found heuristic solution: objective 1.362596e+07

Root relaxation: objective 4.158854e+06, 174 iterations, 0.01 seconds (0.00 work units)

    Nodes    |    Current Node    |     Objective Bounds      |     Work
 Expl Unexpl |  Obj  Depth IntInf | Incumbent    BestBd   Gap | It/Node Time

     0     0 4158853.92    0   93 1.3626e+07 4158853.92  69.5%     -    0s
     0     0 4386063.01    0  118 1.3626e+07 4386063.01  67.8%     -    0s
H    0     0                    5671744.5279 4386063.01  22.7%     -    0s
     0     0 4387265.74    0  124 5671744.53 4387265.74  22.6%     -    0s
H    0     0                    5671723.4550 4387265.74  22.6%     -    0s
     0     0 4387761.65    0  125 5671723.46 4387761.65  22.6%     -    0s
     0     0 4387772.80    0  125 5671723.46 4387772.80  22.6%     -    0s
     0     2 4387774.08    0  125 5671723.46 4387774.08  22.6%     -    0s
H  354   513                    5671712.0931 4387803.99  22.6%   1.0    1s
H 3757  3569                    5552560.3494 4426793.71  20.3%   1.0    3s
H 3764  3396                    5497738.8619 4426802.64  19.5%   1.1    4s
  3767  3398 4426817.56  558   71 5497738.86 4426817.56  19.5%   1.1    5s
H 3771  3231                    5275125.0451 4464278.19  15.4%   1.1    5s
H 3771  3070                    5274172.8536 4464278.19  15.4%   1.1    5s
H 3772  2917                    5272417.0938 4464417.83  15.3%   1.1    5s
H 3773  2772                    5265644.7748 4464417.84  15.2%   1.1    5s
H 3781  2640                    5264128.3813 4464420.66  15.2%   1.2    6s
H 3787  2512                    5138479.6681 4538366.69  11.7%   1.2    7s
H 3788  2387                    5116071.5873 4539663.29  11.3%   1.2    7s
H 3793  2272                    5116047.6066 4539663.29  11.3%   1.3    7s
H 3797  2160                    5114719.4172 4539772.45  11.2%   1.3    8s
H 3798  2055                    5114692.4194 4539926.18  11.2%   1.4    8s
H 3884  2092                    5114168.3513 4539973.51  11.2%   1.4    8s
H 3943  1975                    5114011.8804 4539973.51  11.2%   1.4    8s
H 3968  2262                    5113965.6035 4539973.51  11.2%   1.4    8s
H 3981  2170                    5113600.4002 4539973.51  11.2%   1.4    8s
H 4078  2054                    5113306.1696 4539973.51  11.2%   1.4    8s
H 4174  1942                    5113039.9274 4539973.51  11.2%   1.4    8s
H 4356  1881                    5102395.2086 4539973.51  11.0%   1.4    9s
  5991  3148 4540575.34  612   66 5102395.21 4539973.51  11.0%   1.3   10s
H 6691  3376                    5099981.5833 4539973.51  11.0%   1.3   10s
H10875  7260                    5080740.3677 4539973.51  10.6%   1.3   12s
H11967  8368                    5046361.2624 4539973.51  10.0%   1.8   13s
H12079  8368                    4985369.1988 4539973.51  8.93%   1.8   13s
H13677 10099                    4983437.3805 4539973.51  8.90%   2.2   14s
 14212 10417 4553724.63 2494   67 4983437.38 4539973.51  8.90%   2.2   15s
 20920 17398 4558009.22 1838   75 4983437.38 4539974.01  8.90%   2.3   20s
H24584 20852                    4930596.3297 4539980.12  7.92%   2.4   22s
H28092 24461                    4930123.9794 4539980.12  7.91%   2.6   24s
 28258 24609 4542453.51  989   77 4930123.98 4539980.12  7.91%   2.6   25s
 34824 31189 4586644.49 2497   76 4930123.98 4539980.12  7.91%   3.0   30s
H36333 32621                    4926519.9344 4539981.09  7.85%   3.0   31s
H39985 36190                    4921767.6111 4539981.09  7.76%   2.8   34s
H40012 36473                    4921767.5572 4539981.09  7.76%   2.8   34s
 40521 37047 4553893.04 1528   64 4921767.56 4539981.09  7.76%   2.8   35s
 47632 44059 4550828.48 1618  101 4921767.56 4539981.92  7.76%   2.6   40s
H52799 49047                    4916970.2276 4539982.79  7.67%   2.5   44s
H53124 49642                    4916297.7408 4539982.79  7.65%   2.5   44s
 53759 50311 4552981.99 1971   96 4916297.74 4539982.79  7.65%   2.4   45s
H55426 51631                    4916165.8545 4539982.79  7.65%   2.4   46s
 60236 56743 4558508.51 2071   93 4916165.85 4539983.58  7.65%   2.3   50s
 67187 63694 4555131.93 2496   86 4916165.85 4539983.97  7.65%   2.2   55s
 74043 70479 4559379.89 2496   80 4916165.85 4539984.45  7.65%   2.2   60s
 81267 77650 4589431.07  593   76 4916165.85 4539984.83  7.65%   2.2   65s
 89370 85539     cutoff  460      4916165.85 4539986.03  7.65%   2.2   70s
 97163 92374 4545026.07 2406   74 4916165.85 4539987.25  7.65%   2.2   75s
 107172 102359 4540151.68 1035   77 4916165.85 4539988.77  7.65%   2.1   80s
 114167 108215 4556283.27 1336   81 4916165.85 4539989.38  7.65%   2.2   85s
 119748 112906 4574440.64  358   74 4916165.85 4539990.06  7.65%   2.2   90s
 128595 120633 4550268.49 2497   80 4916165.85 4539990.41  7.65%   2.2   95s
 136363 128257 4540287.05  113   83 4916165.85 4539991.77  7.65%   2.2  100s
 142104 133816 4590331.38 1918   75 4916165.85 4539992.01  7.65%   2.2  105s
 150334 141968 4561696.91 1689   69 4916165.85 4539992.40  7.65%   2.1  110s
 159870 151213 4561447.84 2412   75 4916165.85 4539992.58  7.65%   2.1  115s
 166410 156798 4808403.17  183   70 4916165.85 4539993.63  7.65%   2.1  120s
H167383 157372                    4914696.4411 4539993.63  7.62%   2.1  120s
H168626 158284                    4914693.7961 4539993.84  7.62%   2.2  122s
 172315 162173 4540083.25 1410   89 4914693.80 4539993.93  7.62%   2.1  125s
 181137 170678 4730897.78 2497   62 4914693.80 4539993.93  7.62%   2.1  130s
 188959 178039 4669806.16  215   60 4914693.80 4539994.68  7.62%   2.1  135s
 195700 184816 4634610.95 2046   69 4914693.80 4539995.39  7.62%   2.1  140s
H202391 191285                    4909122.0318 4539995.54  7.52%   2.1  144s
H203406 191997                    4908985.2012 4539995.54  7.52%   2.1  144s
 203408 192310 4646465.64 2185   61 4908985.20 4539995.54  7.52%   2.1  145s
 211117 200111 4675654.81 1595   63 4908985.20 4539995.70  7.52%   2.1  150s
 218881 207427 4632427.35 1969   65 4908985.20 4539996.09  7.52%   2.1  155s
H220838 209084                    4907310.6511 4539996.09  7.49%   2.1  155s
H225441 210761                    4883436.3183 4539996.57  7.03%   2.1  159s
 226499 211929 4742117.61 1906   83 4883436.32 4539996.57  7.03%   2.1  160s
 234119 218969 4691229.99 1145   76 4883436.32 4539996.66  7.03%   2.1  165s
 240911 225713 4668889.20   95  109 4883436.32 4539996.74  7.03%   2.1  170s
 249751 234368 4746857.25 1092   86 4883436.32 4539996.85  7.03%   2.1  175s
H257232 241404                    4883203.2807 4539997.33  7.03%   2.1  179s
H257368 241632                    4882946.0270 4539997.33  7.02%   2.1  179s
 258145 242604 4735705.36  114   64 4882946.03 4539997.74  7.02%   2.1  180s
 266508 250538 4748747.89  205   62 4882946.03 4539998.14  7.02%   2.1  185s
 274079 257871 4726434.39  124  100 4882946.03 4539998.49  7.02%   2.1  190s
 280731 264259 4648104.97  110   72 4882946.03 4539998.88  7.02%   2.1  195s
 288933 272169 4662539.89 2489   69 4882946.03 4539998.88  7.02%   2.1  200s
 295658 278728 4766033.13 2280   56 4882946.03 4540000.09  7.02%   2.1  205s
 304778 287738 4624567.04  602   71 4882946.03 4540000.69  7.02%   2.1  210s
H308162 283268                    4829832.8730 4540000.69  6.00%   2.1  212s
 313245 287902 4765019.97  311   63 4829832.87 4540002.75  6.00%   2.1  215s
H318369 289570                    4801089.1710 4540003.17  5.44%   2.1  217s
H323229 294589                    4801082.8990 4540003.44  5.44%   2.1  219s
 323413 294645 4614608.50   83   71 4801082.90 4540004.11  5.44%   2.1  220s
H323440 294640                    4801071.2464 4540004.11  5.44%   2.1  220s
H331448 302900                    4800379.1918 4540005.13  5.42%   2.1  225s
 339848 310850 4713465.66  699   61 4800379.19 4540005.73  5.42%   2.1  230s
H344375 315052                    4800337.5163 4540006.20  5.42%   2.1  232s
 349086 319715 4769770.38 2497   55 4800337.52 4540006.20  5.42%   2.1  235s
 355218 325803 4642837.34 1000   68 4800337.52 4540006.48  5.42%   2.1  240s
H359318 329662                    4800296.9828 4540006.48  5.42%   2.1  242s
 362033 332469 4660372.27 2425   62 4800296.98 4540006.48  5.42%   2.1  245s
 370201 340501 4712375.62  831   62 4800296.98 4540009.41  5.42%   2.1  250s
H372276 342300                    4800257.6424 4540009.41  5.42%   2.1  251s
 378305 348410 4787884.72 2203   48 4800257.64 4540009.82  5.42%   2.1  255s
H385099 354783                    4800219.4953 4540010.42  5.42%   2.1  259s
 385305 355047 4673043.01 2203   66 4800219.50 4540010.42  5.42%   2.1  260s
 394844 364404 4743556.07 1187   64 4800219.50 4540012.08  5.42%   2.1  265s
H397906 367283                    4800182.5413 4540012.36  5.42%   2.1  267s
H400564 369783                    4800180.1791 4540012.36  5.42%   2.1  268s
 403209 372411 4620157.61  106   91 4800180.18 4540013.01  5.42%   2.1  270s
H405755 369463                    4784692.1081 4540013.12  5.11%   2.1  271s
 410891 374317 4700911.65  634   72 4784692.11 4540013.67  5.11%   2.1  275s
 417554 381076 4741993.39 2060   64 4784692.11 4540013.67  5.11%   2.1  280s
 425255 388249 4742302.69  284   62 4784692.11 4540014.92  5.11%   2.1  285s
 433336 395682 4762999.28  500   60 4784692.11 4540015.45  5.11%   2.1  290s
H436300 397891                    4784691.8594 4540016.62  5.11%   2.1  292s
H436436 398108                    4784686.8726 4540016.62  5.11%   2.1  292s
 440700 402524 4689144.24 2510   68 4784686.87 4540016.62  5.11%   2.1  295s
 447475 408317 infeasible  587      4784686.87 4540017.52  5.11%   2.1  300s
 455847 416102 4630314.04  347   75 4784686.87 4540018.60  5.11%   2.1  305s
 463277 423232 4754564.91  107   67 4784686.87 4540018.86  5.11%   2.1  310s
 470719 430225 4652432.73   87  104 4784686.87 4540019.59  5.11%   2.1  315s
H477047 436419                    4784602.8513 4540019.67  5.11%   2.1  320s
H478740 437988                    4784486.5170 4540019.84  5.11%   2.1  321s
 483670 443242 4705904.47  830   81 4784486.52 4540020.65  5.11%   2.1  325s
H488850 447190                    4783352.2052 4540021.06  5.09%   2.1  328s
H489871 448058                    4783352.2047 4540021.06  5.09%   2.1  328s
 491916 450218 4752864.62 2258   59 4783352.20 4540021.06  5.09%   2.1  330s
 498690 456732     cutoff 2156      4783352.20 4540021.21  5.09%   2.1  335s
H499611 455548                    4780674.8571 4540021.57  5.03%   2.1  335s
 505727 461581     cutoff  283      4780674.86 4540021.77  5.03%   2.1  340s
 512598 467923 4708136.63 2517   67 4780674.86 4540022.46  5.03%   2.1  345s
 518290 473837 4654580.69  123   86 4780674.86 4540023.04  5.03%   2.1  350s
 527616 482816 4746599.46 1275   62 4780674.86 4540023.70  5.03%   2.1  355s
 535538 490164 4664552.15 1682   70 4780674.86 4540024.52  5.03%   2.1  360s
 543424 497849 4763935.91  584   62 4780674.86 4540024.74  5.03%   2.1  365s
 548443 502601 4691398.83  114   78 4780674.86 4540025.48  5.03%   2.1  370s
 556744 510416 4768480.30 2510   46 4780674.86 4540025.98  5.03%   2.1  375s
 563933 516945     cutoff  858      4780674.86 4540026.15  5.03%   2.1  380s
 568655 520094 4643061.90  534   73 4780674.86 4540026.56  5.03%   2.2  385s
H571369 522917                    4780672.4979 4540026.56  5.03%   2.2  387s
H571723 522917                    4780672.4572 4540026.56  5.03%   2.2  387s
 574757 525978 4747371.30  171   71 4780672.46 4540027.27  5.03%   2.2  390s
H575022 525780                    4779822.1259 4540027.27  5.02%   2.2  390s
H575322 525900                    4779822.0108 4540027.27  5.02%   2.2  390s
H575407 526084                    4779819.6102 4540027.27  5.02%   2.2  390s
 580909 531498 4753314.00 1582   61 4779819.61 4540027.27  5.02%   2.2  395s
 587645 537442     cutoff  567      4779819.61 4540030.89  5.02%   2.2  400s
H593323 542645                    4779812.7858 4540034.40  5.02%   2.2  405s
 600173 548996 4716878.82  131   79 4779812.79 4540035.74  5.02%   2.3  410s
 606063 554581     cutoff  122      4779812.79 4540036.37  5.02%   2.3  415s
 614973 562702 4694310.45 2514   70 4779812.79 4540037.45  5.02%   2.3  420s
 621998 569553     cutoff  100      4779812.79 4540038.53  5.02%   2.3  425s
 627106 574319 4683616.68  141   67 4779812.79 4540041.11  5.02%   2.3  430s
 634371 580752 4746661.70 1511   62 4779812.79 4540041.89  5.02%   2.3  435s
 638879 584161 4746769.46  293   68 4779812.79 4540044.70  5.02%   2.3  440s
 645129 589180 4681951.56  781   81 4779812.79 4540046.63  5.02%   2.4  445s
 651017 592263     cutoff  126      4779812.79 4540047.99  5.02%   2.4  450s
 658104 599243 4744250.75 2525   68 4779812.79 4540048.71  5.02%   2.4  455s
 663559 603514 4692021.25 1577   66 4779812.79 4540050.06  5.02%   2.4  460s
H663784 602077                    4776930.9505 4540050.06  4.96%   2.4  460s
H664702 602679                    4776928.5528 4540050.06  4.96%   2.4  461s
 670284 608336 4742078.99 1076   69 4776928.55 4540051.00  4.96%   2.4  465s
 675569 612771 4692805.69  118  106 4776928.55 4540052.88  4.96%   2.4  470s
 682659 619434 4735961.21  695   61 4776928.55 4540053.12  4.96%   2.4  475s
 688266 624467 4718488.62  388   67 4776928.55 4540054.19  4.96%   2.5  480s
 695318 631477 4723037.20 1913   67 4776928.55 4540054.19  4.96%   2.5  485s
 700316 636127 4715319.34  107   70 4776928.55 4540057.14  4.96%   2.5  490s
 708286 643800 4665342.13 1868   72 4776928.55 4540059.39  4.96%   2.5  495s
 713929 649036 4708742.06 1527   77 4776928.55 4540059.82  4.96%   2.5  500s
 717821 652409 4737016.78  387   72 4776928.55 4540061.16  4.96%   2.5  505s
 723195 655825 4543704.82  111  105 4776928.55 4540061.61  4.96%   2.6  510s
H727872 655270                    4770550.8961 4540062.95  4.83%   2.6  513s
H728320 652954                    4768734.8937 4540063.06  4.80%   2.6  513s
 729286 653965 4697757.18  141   92 4768734.89 4540063.43  4.80%   2.6  515s
H731572 656024                    4768733.3918 4540063.43  4.80%   2.6  516s
H732366 652697                    4766926.2300 4540063.43  4.76%   2.6  517s
H732407 652756                    4766925.4150 4540063.44  4.76%   2.6  517s
H732874 653043                    4766910.9037 4540064.03  4.76%   2.6  518s
H733230 653324                    4766844.4815 4540064.40  4.76%   2.6  518s
H734397 654542                    4766838.4472 4540064.52  4.76%   2.6  519s
 735183 655386     cutoff  118      4766838.45 4540064.63  4.76%   2.6  520s
 739828 658847 4663549.23  107   72 4766838.45 4540067.95  4.76%   2.6  525s
H744244 662657                    4766732.5995 4540068.46  4.76%   2.6  529s
 745150 663711 4750167.17 1387   62 4766732.60 4540068.46  4.76%   2.7  530s
H746271 664382                    4766661.0338 4540068.87  4.75%   2.7  531s
H746496 664804                    4766658.8752 4540068.97  4.75%   2.7  531s
 749952 667840 4712822.79  399   79 4766658.88 4540069.90  4.75%   2.7  535s
 755841 673563 4660598.88   93  104 4766658.88 4540070.94  4.75%   2.7  540s
 761006 678512 4739878.44 1093   38 4766658.88 4540071.47  4.75%   2.7  545s
H763075 680281                    4766652.4453 4540071.86  4.75%   2.7  546s
 766740 683315 4740461.94  175   96 4766652.45 4540072.56  4.75%   2.7  550s
H767669 683959                    4766640.0878 4540072.56  4.75%   2.7  551s
H767748 684055                    4766637.0707 4540073.42  4.75%   2.7  551s
H768461 684604                    4766610.0342 4540074.19  4.75%   2.7  552s
 770685 686596 4716048.28  531   79 4766610.03 4540075.31  4.75%   2.7  555s
 777145 692771 4716048.28 1956   80 4766610.03 4540075.31  4.75%   2.7  560s
 781219 696009 4727489.92  121  107 4766610.03 4540079.96  4.75%   2.8  565s
H782700 697186                    4766609.2924 4540080.80  4.75%   2.8  567s
 786080 700763 4727619.38 1294   64 4766609.29 4540081.55  4.75%   2.8  570s
H786937 701595                    4766609.2639 4540081.55  4.75%   2.8  570s
 791505 705685 4660685.66   91  104 4766609.26 4540082.14  4.75%   2.8  575s
 795345 708965     cutoff  145      4766609.26 4540083.83  4.75%   2.8  580s
 799683 712253 4623364.38   87   73 4766609.26 4540084.81  4.75%   2.8  585s
 804687 716519 4746567.07 1160   56 4766609.26 4540085.33  4.75%   2.9  590s
 809175 720387 4746750.76 2516   55 4766609.26 4540087.12  4.75%   2.9  595s
 814031 725067 4748027.85  805   74 4766609.26 4540088.76  4.75%   2.9  600s
 818884 728849 4733679.81  164   85 4766609.26 4540089.44  4.75%   2.9  605s
 822318 731098     cutoff  164      4766609.26 4540092.10  4.75%   2.9  610s
 825840 733189 4724837.30  182   85 4766609.26 4540095.34  4.75%   3.0  615s
H826629 733558                    4766460.3556 4540095.34  4.75%   3.0  616s
 829568 736398 4714754.56  142  103 4766460.36 4540096.14  4.75%   3.0  620s
 833924 739351     cutoff  156      4766460.36 4540097.54  4.75%   3.0  625s
 837037 741321     cutoff  178      4766460.36 4540099.71  4.75%   3.1  630s
 840631 743626 4755747.92 1869   89 4766460.36 4540100.82  4.75%   3.1  635s
H842013 734778                    4763252.3441 4540100.82  4.68%   3.2  637s
H842039 734818                    4763250.1456 4540100.82  4.68%   3.2  637s
 843494 735224 4746650.45 1943  104 4763250.15 4540100.82  4.68%   3.2  640s
 847071 737285 4743683.69 2009   78 4763250.15 4540100.82  4.68%   3.2  645s
 849745 738506 4739330.10 1845   69 4763250.15 4540100.82  4.68%   3.3  650s
 853213 740890 4552296.11  166   78 4763250.15 4540102.39  4.68%   3.4  655s
 856996 744096 4716834.59  868   80 4763250.15 4540103.34  4.68%   3.4  660s
 862395 748663     cutoff  189      4763250.15 4540104.91  4.68%   3.4  665s
H864790 749878                    4763247.5903 4540105.56  4.68%   3.4  669s
 865483 750241 4746546.57  233   67 4763247.59 4540105.56  4.68%   3.5  670s
 868486 751951 4735149.19  217   97 4763247.59 4540105.56  4.68%   3.5  675s
 871857 753721 4660851.85  181   73 4763247.59 4540105.56  4.68%   3.6  680s
 875194 755480 4752017.30  103   86 4763247.59 4540107.08  4.68%   3.6  685s
 879040 758444 4730159.09  987   75 4763247.59 4540107.69  4.68%   3.7  690s
 883988 762162 4573718.41   91  104 4763247.59 4540110.72  4.68%   3.7  695s
 890588 768143     cutoff  105      4763247.59 4540112.01  4.68%   3.7  700s
 896423 772796     cutoff  660      4763247.59 4540112.52  4.68%   3.7  705s
 900707 775172 4740522.06  412   70 4763247.59 4540112.52  4.68%   3.8  710s
 904366 777024     cutoff  500      4763247.59 4540112.52  4.68%   3.8  715s
 908548 779144 4744565.54  401   90 4763247.59 4540112.52  4.68%   3.9  720s
 911649 780749     cutoff  548      4763247.59 4540112.52  4.68%   3.9  725s
 914337 781880     cutoff 1721      4763247.59 4540114.38  4.68%   4.0  730s
 918476 784933 4721725.70 1422   96 4763247.59 4540116.32  4.68%   4.0  735s
 921078 785933     cutoff 1348      4763247.59 4540117.22  4.68%   4.1  740s
 924697 788628 4742137.57 1817   73 4763247.59 4540117.22  4.68%   4.1  745s
 927757 790206 4756519.27 1929  109 4763247.59 4540117.22  4.68%   4.2  750s
 930625 791289     cutoff 1167      4763247.59 4540117.22  4.68%   4.2  755s
 933978 792855 4745554.73 1863   93 4763247.59 4540117.22  4.68%   4.3  760s
 936347 794298 4670025.77 1269  101 4763247.59 4540117.22  4.68%   4.3  765s
 940079 796612     cutoff 1061      4763247.59 4540117.22  4.68%   4.4  770s
H942397 797531                    4763247.3811 4540117.22  4.68%   4.4  773s
 942999 797815     cutoff  945      4763247.38 4540117.22  4.68%   4.4  775s
H943532 791197                    4762492.1031 4540117.22  4.67%   4.4  776s
H945480 792572                    4762489.9089 4540117.22  4.67%   4.5  780s
 948802 794219 4703369.65  749   73 4762489.91 4540117.22  4.67%   4.5  785s
H950299 794107                    4762250.8315 4540117.22  4.66%   4.5  788s
H950760 795170                    4762250.7990 4540117.22  4.66%   4.5  789s
H951225 795170                    4762250.7752 4540117.22  4.66%   4.5  789s
H951405 795664                    4762250.7416 4540117.22  4.66%   4.5  790s
H952881 796138                    4762250.5759 4540117.22  4.66%   4.6  792s
 954373 796883 4730443.27 1356   80 4762250.58 4540117.22  4.66%   4.6  795s
 958024 799385     cutoff 1366      4762250.58 4540117.22  4.66%   4.6  800s
 960905 801111 4715823.25  973   71 4762250.58 4540117.22  4.66%   4.7  805s
H961511 801368                    4762248.3770 4540117.22  4.66%   4.7  806s
 963895 802607 4722451.45  716   91 4762248.38 4540117.22  4.66%   4.7  810s
H965832 803383                    4762234.5772 4540117.22  4.66%   4.7  813s
H965922 803655                    4762232.3783 4540117.22  4.66%   4.7  814s
 966717 804488 4739852.24  726   79 4762232.38 4540117.22  4.66%   4.7  815s
 970122 806528     cutoff  377      4762232.38 4540117.22  4.66%   4.8  820s
H970905 806880                    4762232.1495 4540117.22  4.66%   4.8  821s
 972840 807853 4667903.13 1179  101 4762232.15 4540117.22  4.66%   4.8  825s
 976540 810884 4707314.37  130  103 4762232.15 4540117.22  4.66%   4.8  830s
H977465 811245                    4762230.0555 4540117.22  4.66%   4.9  831s
 979298 812837 4737875.86 1309   75 4762230.06 4540117.22  4.66%   4.9  835s
 982813 814082 4680724.06 1372   97 4762230.06 4540117.22  4.66%   4.9  840s
 986436 816486     cutoff 1811      4762230.06 4540117.22  4.66%   5.0  845s
 989496 817731     cutoff 1381      4762230.06 4540117.22  4.66%   5.0  850s
 991810 818682     cutoff 1806      4762230.06 4540117.22  4.66%   5.0  855s
 994730 820533 4722363.28 1151   95 4762230.06 4540117.22  4.66%   5.1  860s
 998189 822922     cutoff 1565      4762230.06 4540117.22  4.66%   5.1  865s
 1001438 824686 4664906.30 1058  107 4762230.06 4540117.22  4.66%   5.2  870s
 1004429 827061 4734886.87 1696   72 4762230.06 4540117.22  4.66%   5.2  875s
 1007930 829015 4749104.74 1124   84 4762230.06 4540117.22  4.66%   5.3  880s
 1010723 830833 4710993.21 1032   97 4762230.06 4540117.22  4.66%   5.3  885s
 1013154 832082     cutoff 1190      4762230.06 4540117.22  4.66%   5.4  890s
H1015736 833141                    4762229.5139 4540117.22  4.66%   5.4  894s
 1016023 833196     cutoff 1928      4762229.51 4540117.22  4.66%   5.4  895s
 1018710 834413 4741078.85  848   73 4762229.51 4540117.22  4.66%   5.5  900s
 1021925 836196 4580818.53  733   95 4762229.51 4540117.22  4.66%   5.5  905s
 1024421 838303 4726524.10  678   75 4762229.51 4540117.22  4.66%   5.5  910s
 1028348 840481     cutoff 1798      4762229.51 4540117.22  4.66%   5.6  915s
 1031444 842060 4664906.74 1219  107 4762229.51 4540117.22  4.66%   5.6  920s
 1033862 843340     cutoff  815      4762229.51 4540117.22  4.66%   5.6  925s
 1036783 844418 4745709.54  621  101 4762229.51 4540117.22  4.66%   5.7  930s
 1039886 847064 4741611.25  823   73 4762229.51 4540117.22  4.66%   5.7  935s
 1043087 848280 4668345.68  433   98 4762229.51 4540117.22  4.66%   5.7  940s
 1045743 849824 4711178.02  744   97 4762229.51 4540117.22  4.66%   5.8  945s
 1048224 850629 4668061.65 1056  101 4762229.51 4540117.22  4.66%   5.8  950s
 1051834 853177     cutoff  737      4762229.51 4540117.22  4.66%   5.8  955s
 1054527 854806 4705960.84  763   72 4762229.51 4540117.22  4.66%   5.9  960s
 1057543 856366     cutoff 1529      4762229.51 4540117.22  4.66%   5.9  965s
 1060580 858352 4745593.22 1147   64 4762229.51 4540117.22  4.66%   6.0  970s
 1063599 859590 4737628.16 1848   97 4762229.51 4540117.25  4.66%   6.0  975s
 1066301 860901     cutoff 1830      4762229.51 4540117.25  4.66%   6.0  980s
 1069059 862694 4699867.08 1586   79 4762229.51 4540117.25  4.66%   6.1  985s
 1071636 863450     cutoff 1939      4762229.51 4540117.25  4.66%   6.1  990s
 1073947 864637 4717048.62 1800   92 4762229.51 4540117.25  4.66%   6.2  995s
 1076567 865907 4732015.23 1591   87 4762229.51 4540117.25  4.66%   6.2 1000s
 1079134 866808     cutoff  338      4762229.51 4540117.90  4.66%   6.3 1005s
 1082283 868209 4753666.10  595   57 4762229.51 4540117.90  4.66%   6.3 1010s
 1086141 870572 4752810.01  761   57 4762229.51 4540117.90  4.66%   6.3 1015s
 1088973 871132     cutoff 1001      4762229.51 4540117.90  4.66%   6.3 1020s
 1091320 871736 4750617.95 1193   52 4762229.51 4540117.90  4.66%   6.3 1025s
 1095164 874706 4750831.74 1207   70 4762229.51 4540123.60  4.66%   6.3 1030s
 1099296 877146 4746813.33  378   72 4762229.51 4540125.77  4.66%   6.4 1035s
H1103291 879538                    4762200.9478 4540127.21  4.66%   6.4 1038s
H1103400 879092                    4761919.9257 4540127.48  4.66%   6.4 1038s
 1104249 879394 4740588.56  195   63 4761919.93 4540128.59  4.66%   6.4 1040s
 1106994 881689     cutoff  187      4761919.93 4540129.73  4.66%   6.4 1045s
H1110828 885158                    4761915.9791 4540130.07  4.66%   6.4 1049s
 1111070 885798 4734171.39 1530   58 4761915.98 4540130.07  4.66%   6.4 1050s
 1115053 888714 4750950.76  202   85 4761915.98 4540130.40  4.66%   6.4 1055s
 1117734 888862 4761241.21  599   91 4761915.98 4540130.40  4.66%   6.4 1060s
 1120128 889210 4734892.16 1465   68 4761915.98 4540130.40  4.66%   6.5 1065s
 1122658 890209 4734505.67 1334   68 4761915.98 4540130.40  4.66%   6.5 1070s
H1123596 890430                    4761914.3949 4540130.40  4.66%   6.5 1072s
H1123869 890485                    4761913.0383 4540130.40  4.66%   6.6 1072s
 1124921 890875 4733666.01 1312   94 4761913.04 4540130.40  4.66%   6.6 1075s
 1126924 891425 4553839.83 1067  104 4761913.04 4540130.40  4.66%   6.6 1080s
 1129697 892291     cutoff 1692      4761913.04 4540130.40  4.66%   6.7 1085s
H1130361 886176                    4759750.7564 4540130.40  4.61%   6.7 1086s
H1130619 885981                    4759671.1897 4540130.40  4.61%   6.7 1087s
 1132251 886979 4742033.17 1220   93 4759671.19 4540130.40  4.61%   6.7 1090s
H1132529 883992                    4759402.5347 4540130.40  4.61%   6.7 1090s
H1132830 884000                    4759401.1773 4540130.40  4.61%   6.7 1091s
 1135040 884608 4735413.87 1397   68 4759401.18 4540130.40  4.61%   6.8 1095s
 1138910 885775     cutoff 1584      4759401.18 4540130.40  4.61%   6.9 1100s
 1141266 886634 infeasible 1245      4759401.18 4540130.40  4.61%   6.9 1105s
 1144353 887420 4732764.38 1444   68 4759401.18 4540130.40  4.61%   7.0 1110s
 1146214 887989 4731047.75  997   65 4759401.18 4540130.40  4.61%   7.0 1115s
 1149122 888847 4735942.39  687   68 4759401.18 4540130.40  4.61%   7.1 1120s
 1151465 889674     cutoff  848      4759401.18 4540130.40  4.61%   7.1 1125s
 1154237 890302 4735537.97  588   68 4759401.18 4540130.40  4.61%   7.2 1130s
 1157108 891181 4747276.82  401   88 4759401.18 4540130.40  4.61%   7.2 1135s
 1159575 891944 4668459.24  880   98 4759401.18 4540130.40  4.61%   7.3 1140s
 1162046 892629 4746365.77  955  111 4759401.18 4540130.40  4.61%   7.3 1145s
 1164969 893741 4729510.23  121   99 4759401.18 4540130.40  4.61%   7.4 1150s
 1167120 894309 4721070.07  807   72 4759401.18 4540130.40  4.61%   7.4 1155s
 1169699 894970 4734932.21 1301   67 4759401.18 4540130.40  4.61%   7.5 1160s
 1171943 895669 4680735.86  523   97 4759401.18 4540130.40  4.61%   7.5 1165s
 1174517 896661 4642211.95  645   70 4759401.18 4540130.40  4.61%   7.6 1170s
 1177124 897199 4738203.46  453   68 4759401.18 4540130.40  4.61%   7.6 1175s
 1179423 897641 4737094.57  566   68 4759401.18 4540130.40  4.61%   7.7 1180s
 1182442 898694 4674881.72 1616   99 4759401.18 4540130.40  4.61%   7.7 1185s
 1184432 899026 4733806.57 1437   67 4759401.18 4540130.40  4.61%   7.8 1190s
 1187052 899655 4739807.52 1681   95 4759401.18 4540130.40  4.61%   7.8 1195s
 1189275 900164     cutoff 1891      4759401.18 4540130.40  4.61%   7.9 1200s
 1192148 900951 4590630.78 1959   92 4759401.18 4540130.40  4.61%   7.9 1205s
 1194392 901349     cutoff 1824      4759401.18 4540130.40  4.61%   8.0 1210s
 1197020 901911     cutoff 1071      4759401.18 4540130.40  4.61%   8.0 1215s
 1199363 902461     cutoff 1375      4759401.18 4540130.40  4.61%   8.1 1220s
H1200591 903067                    4759391.5646 4540130.40  4.61%   8.1 1222s
 1201895 903268 4732805.47 1264   67 4759391.56 4540130.40  4.61%   8.1 1225s
 1204331 904177 4716499.71 1374   98 4759391.56 4540130.40  4.61%   8.2 1230s
 1207101 904972     cutoff 1176      4759391.56 4540130.40  4.61%   8.2 1235s
 1209073 905512     cutoff  958      4759391.56 4540130.40  4.61%   8.3 1240s
 1212286 906447 4714309.41  782   72 4759391.56 4540130.40  4.61%   8.3 1245s
 1215084 906830     cutoff 1453      4759391.56 4540130.40  4.61%   8.4 1250s
 1217440 907663 4735558.37  734   68 4759391.56 4540130.40  4.61%   8.5 1255s
 1219679 908252     cutoff  650      4759391.56 4540130.40  4.61%   8.5 1260s
 1223414 909230 4736217.04  773   67 4759391.56 4540130.40  4.61%   8.6 1265s
 1226577 909962 4733156.80 1928   69 4759391.56 4540130.40  4.61%   8.6 1270s
 1229161 910853 4732752.33 1475   67 4759391.56 4540130.40  4.61%   8.7 1275s
 1231649 911538     cutoff 1386      4759391.56 4540130.40  4.61%   8.7 1280s
 1234373 912362 4735297.78 1097   67 4759391.56 4540130.40  4.61%   8.8 1285s
 1236721 912928 4736817.72 1847   69 4759391.56 4540130.40  4.61%   8.8 1290s
 1239802 913959 4737222.07  611   67 4759391.56 4540130.40  4.61%   8.9 1295s
 1243743 915295     cutoff 1411      4759391.56 4540130.40  4.61%   9.0 1300s
 1246118 916089 4553839.83  323  104 4759391.56 4540130.40  4.61%   9.0 1305s
 1249196 917123     cutoff  738      4759391.56 4540130.40  4.61%   9.1 1310s
 1251434 917545     cutoff  502      4759391.56 4540130.40  4.61%   9.1 1315s
 1254160 918455 4758059.48  328  112 4759391.56 4540130.40  4.61%   9.2 1320s
 1257969 920044 4728411.20  236   77 4759391.56 4540130.56  4.61%   9.2 1325s
 1261029 922012 4726841.70  201   65 4759391.56 4540132.32  4.61%   9.2 1330s
 1264199 923504     cutoff  485      4759391.56 4540133.26  4.61%   9.3 1335s
 1267547 925124 4738266.71  226   67 4759391.56 4540133.26  4.61%   9.3 1340s
 1270443 926614 4739803.34  355   78 4759391.56 4540133.26  4.61%   9.3 1345s
 1272709 927606 4733537.07  175  105 4759391.56 4540133.26  4.61%   9.4 1350s
 1275720 928904     cutoff  412      4759391.56 4540133.26  4.61%   9.4 1355s
 1278408 930103     cutoff  212      4759391.56 4540133.26  4.61%   9.4 1360s
 1281242 931336 4694411.70 1375   74 4759391.56 4540133.64  4.61%   9.5 1365s
H1282846 932220                    4759385.9748 4540133.64  4.61%   9.5 1368s
H1282967 932253                    4759384.3280 4540133.64  4.61%   9.5 1368s
 1283704 932856 4699457.32 1617   73 4759384.33 4540133.64  4.61%   9.5 1370s
H1285110 933001                    4759234.4908 4540133.64  4.60%   9.5 1372s
H1285456 933347                    4759232.8439 4540133.64  4.60%   9.5 1373s
 1286145 933936 4737986.60 1888   98 4759232.84 4540133.64  4.60%   9.5 1375s
 1288633 934979     cutoff 1711      4759232.84 4540133.64  4.60%   9.5 1380s
 1291395 936318     cutoff 1090      4759232.84 4540133.64  4.60%   9.6 1385s
 1294282 937935 4552782.96 1663  107 4759232.84 4540133.64  4.60%   9.6 1390s
 1297409 939469 4723525.24 1525   87 4759232.84 4540133.64  4.60%   9.6 1395s
H1299156 940028                    4759228.5739 4540133.64  4.60%   9.7 1398s
 1299856 940298 4751149.90  853  110 4759228.57 4540133.64  4.60%   9.7 1400s
 1302708 941881 4707474.34  870  110 4759228.57 4540133.64  4.60%   9.7 1405s
 1305399 942914     cutoff  500      4759228.57 4540133.64  4.60%   9.7 1410s
 1308182 944345     cutoff  352      4759228.57 4540133.64  4.60%   9.7 1415s
H1312035 945736                    4759175.1383 4540133.64  4.60%   9.8 1419s
 1312145 945933     cutoff  354      4759175.14 4540133.64  4.60%   9.8 1420s
H1313371 946469                    4759118.8659 4540133.64  4.60%   9.8 1422s
H1315067 947477                    4759118.8354 4540133.64  4.60%   9.8 1424s
 1315345 947507     cutoff 1948      4759118.84 4540133.64  4.60%   9.8 1425s
 1317915 948615 infeasible  376      4759118.84 4540133.64  4.60%   9.8 1430s
 1320819 949246 4753291.76 1446  114 4759118.84 4540133.64  4.60%   9.9 1435s
 1323695 950777 4718745.97 1483   87 4759118.84 4540133.64  4.60%   9.9 1440s
 1326752 951934 4738908.26 1255   71 4759118.84 4540133.64  4.60%   9.9 1445s
 1329599 953394 4722341.95 1474   88 4759118.84 4540133.64  4.60%   9.9 1450s
 1332440 954262 4587831.21 1267   94 4759118.84 4540133.64  4.60%   9.9 1455s
 1334973 955471 4756936.52 1313  102 4759118.84 4540133.64  4.60%  10.0 1460s
 1337532 956362 4742232.00 1065  104 4759118.84 4540133.64  4.60%  10.0 1465s
 1340453 957036 4739679.29  871   83 4759118.84 4540133.64  4.60%  10.0 1470s
 1343849 958159 4754471.16  657  108 4759118.84 4540133.64  4.60%  10.0 1475s
 1347660 960022 4739529.85  888  100 4759118.84 4540133.64  4.60%  10.1 1480s
 1351586 961279 4713413.30  605   95 4759118.84 4540133.64  4.60%  10.1 1485s
 1355418 962510 4757013.50  566  112 4759118.84 4540133.64  4.60%  10.1 1490s
 1358011 963492 4672542.92  215   98 4759118.84 4540133.64  4.60%  10.1 1495s
 1360858 964740 4746094.69  375  100 4759118.84 4540133.64  4.60%  10.1 1500s
 1363997 965823 4732525.77 1654   97 4759118.84 4540133.64  4.60%  10.2 1505s
H1366564 966684                    4759113.4296 4540133.64  4.60%  10.2 1509s
 1367479 966968 4753699.40  536   97 4759113.43 4540133.64  4.60%  10.2 1510s
 1369768 968183 4728483.94 1516   95 4759113.43 4540133.64  4.60%  10.2 1515s
 1372597 969200 4730080.52 1116   73 4759113.43 4540133.64  4.60%  10.2 1520s
 1375612 970278 infeasible 1857      4759113.43 4540133.64  4.60%  10.2 1525s
 1378570 971364     cutoff  294      4759113.43 4540135.15  4.60%  10.3 1530s
 1381037 972479     cutoff  157      4759113.43 4540135.15  4.60%  10.3 1535s
 1383762 973503 4734130.17  230   71 4759113.43 4540135.15  4.60%  10.3 1540s
 1386280 975132 4741930.41  249   73 4759113.43 4540136.53  4.60%  10.3 1545s
 1389119 976712 4723952.42  325   83 4759113.43 4540137.66  4.60%  10.4 1550s
 1393943 981241 4724862.40 1814   74 4759113.43 4540137.66  4.60%  10.3 1555s
 1397800 983278 4709440.74  110  101 4759113.43 4540139.17  4.60%  10.3 1560s
 1401549 986317 4748161.12  194   96 4759113.43 4540140.17  4.60%  10.3 1565s
H1404416 986538                    4758874.8400 4540140.32  4.60%  10.3 1568s
H1404419 983458                    4758548.2094 4540140.32  4.59%  10.3 1569s
H1404901 983731                    4758546.5622 4540140.32  4.59%  10.3 1569s
 1405222 983880     cutoff  732      4758546.56 4540140.32  4.59%  10.3 1570s
H1408951 977083                    4757595.4875 4540140.32  4.57%  10.4 1573s
 1409445 977401     cutoff  786      4757595.49 4540140.32  4.57%  10.4 1575s
H1409446 977401                    4757595.4828 4540140.32  4.57%  10.4 1575s
 1412381 978500     cutoff  846      4757595.48 4540141.62  4.57%  10.4 1580s
 1415340 979692 4673772.29 1072   71 4757595.48 4540141.62  4.57%  10.4 1585s
H1415720 979826                    4757593.5582 4540141.62  4.57%  10.4 1585s
 1418824 980985 4721983.97 1026   70 4757593.56 4540141.62  4.57%  10.5 1590s
 1421785 982320     cutoff  887      4757593.56 4540141.62  4.57%  10.5 1595s
 1424602 983504     cutoff 1023      4757593.56 4540141.62  4.57%  10.5 1600s
 1427426 984503 4586540.58  833   90 4757593.56 4540141.62  4.57%  10.5 1605s
 1429943 985464 4726257.88  705   69 4757593.56 4540141.62  4.57%  10.6 1610s
 1433229 986780     cutoff  614      4757593.56 4540141.62  4.57%  10.6 1615s
 1436081 987879 4737614.80  693  103 4757593.56 4540141.62  4.57%  10.6 1620s
 1439476 989024     cutoff  636      4757593.56 4540141.62  4.57%  10.6 1625s
 1442590 990266 4735978.08  428   66 4757593.56 4540141.98  4.57%  10.7 1630s
 1445592 991241     cutoff  423      4757593.56 4540141.98  4.57%  10.7 1635s
 1447941 992085 4735398.33  497   67 4757593.56 4540141.98  4.57%  10.7 1640s
 1450553 992974     cutoff  616      4757593.56 4540141.98  4.57%  10.8 1645s
 1452976 993794 4730513.05  482   69 4757593.56 4540141.98  4.57%  10.8 1650s
 1455438 994572 4737814.55  493   91 4757593.56 4540141.98  4.57%  10.9 1655s
 1458132 995558     cutoff 1924      4757593.56 4540143.52  4.57%  10.9 1660s
 1461067 996177 4738025.44 1799   71 4757593.56 4540143.52  4.57%  10.9 1665s
 1463913 997290 4742206.49 1836   98 4757593.56 4540143.52  4.57%  10.9 1670s
 1466700 998503 4610668.58  111   75 4757593.56 4540145.21  4.57%  10.9 1675s
 1469663 1000095 4679025.38 1635  108 4757593.56 4540146.83  4.57%  11.0 1680s
 1471751 1000812     cutoff 1710      4757593.56 4540146.83  4.57%  11.0 1685s
 1474672 1001162 4738255.62 1532   70 4757593.56 4540146.83  4.57%  11.0 1690s
 1476875 1001975 4735627.75 1586  102 4757593.56 4540146.83  4.57%  11.1 1695s
 1479750 1002529 4743172.94 1904   96 4757593.56 4540146.83  4.57%  11.1 1700s
H1481813 984335                    4754606.8543 4540146.83  4.51%  11.1 1705s
 1484771 985486 4717065.97 1067   73 4754606.85 4540146.83  4.51%  11.2 1710s
 1487299 986120 4716167.22 1043   70 4754606.85 4540146.83  4.51%  11.2 1715s
H1489697 986666                    4754606.7432 4540146.83  4.51%  11.2 1719s
H1489697 986640                    4754601.5683 4540146.83  4.51%  11.2 1719s
 1489801 986708 4708650.72 1841   69 4754601.57 4540146.83  4.51%  11.2 1720s
 1491881 987460 4737530.03 1205  103 4754601.57 4540146.83  4.51%  11.3 1725s
H1493556 988121                    4754600.9493 4540146.83  4.51%  11.3 1727s
 1494513 988296 4745198.10  798  106 4754600.95 4540146.83  4.51%  11.3 1730s
 1497286 989156     cutoff  786      4754600.95 4540146.83  4.51%  11.3 1735s
 1499619 990010 4734912.01  936   68 4754600.95 4540146.83  4.51%  11.4 1740s
 1502671 991107 4556182.59  982  107 4754600.95 4540146.83  4.51%  11.4 1745s
 1506499 992416     cutoff 1200      4754600.95 4540146.83  4.51%  11.5 1750s
H1507794 983544                    4753231.5205 4540146.83  4.48%  11.5 1752s
 1508803 983954 infeasible  462      4753231.52 4540146.83  4.48%  11.5 1755s
H1509109 983392                    4753118.3529 4540146.83  4.48%  11.5 1756s
H1509541 983417                    4753111.4990 4540146.83  4.48%  11.5 1756s
 1511134 983957 4731659.78  273   74 4753111.50 4540146.83  4.48%  11.5 1760s
H1511935 984122                    4753107.2097 4540146.83  4.48%  11.5 1761s
 1513237 984691     cutoff 1332      4753107.21 4540146.83  4.48%  11.5 1765s
 1515638 985429 4733961.92  681   76 4753107.21 4540146.83  4.48%  11.6 1770s
 1517970 986257     cutoff  573      4753107.21 4540146.83  4.48%  11.6 1775s
 1520439 986959 4733152.35  328   73 4753107.21 4540146.83  4.48%  11.6 1780s
 1523084 987890 4713461.85  444   73 4753107.21 4540146.83  4.48%  11.7 1785s
H1523261 984010                    4752621.5478 4540146.83  4.47%  11.7 1786s
H1523924 983753                    4752552.9787 4540146.83  4.47%  11.7 1788s
H1524211 983773                    4752552.9366 4540146.83  4.47%  11.7 1788s
 1524822 984071 4740278.11  407  107 4752552.94 4540146.83  4.47%  11.7 1790s
 1527431 985500 4735054.03 1079   69 4752552.94 4540146.83  4.47%  11.7 1795s
 1530087 985823 4711422.22 1395  103 4752552.94 4540146.83  4.47%  11.8 1800s
 1532787 986457     cutoff 1854      4752552.94 4540146.83  4.47%  11.8 1805s
 1535319 986867 4735826.43  935   75 4752552.94 4540146.83  4.47%  11.8 1810s
 1538588 987796 4663863.81  736   71 4752552.94 4540146.83  4.47%  11.9 1815s
 1541504 988924 infeasible 1839      4752552.94 4540146.83  4.47%  11.9 1820s
 1543670 989760 4734376.10 1722   73 4752552.94 4540146.83  4.47%  12.0 1825s
 1546249 990641     cutoff  380      4752552.94 4540146.83  4.47%  12.0 1830s
 1548850 991470 4731949.74 1426   68 4752552.94 4540146.83  4.47%  12.0 1835s
 1551995 992429     cutoff 1682      4752552.94 4540146.83  4.47%  12.1 1840s
H1554129 992820                    4752544.4736 4540146.83  4.47%  12.1 1844s
 1554265 992881 4684797.49  117  108 4752544.47 4540146.83  4.47%  12.1 1845s
 1557093 994094 4718056.98 1718   68 4752544.47 4540146.83  4.47%  12.1 1850s
 1560110 995249 4704473.84 1239   68 4752544.47 4540146.83  4.47%  12.2 1855s
 1562791 996140     cutoff 1164      4752544.47 4540146.83  4.47%  12.2 1860s
 1564880 996905 4697325.21  980  101 4752544.47 4540146.83  4.47%  12.2 1865s
 1567528 997700 4716221.83  266  109 4752544.47 4540146.83  4.47%  12.3 1870s
 1569700 998507 4558641.01  254   85 4752544.47 4540146.83  4.47%  12.3 1875s
 1572111 999255     cutoff 1529      4752544.47 4540146.83  4.47%  12.3 1880s
 1574403 999567     cutoff 1310      4752544.47 4540146.83  4.47%  12.4 1885s
 1576666 1000451     cutoff 1458      4752544.47 4540146.83  4.47%  12.4 1890s
 1579272 1001636 4703358.79 1186   73 4752544.47 4540146.83  4.47%  12.4 1895s
 1581886 1002733 4686354.65   91  110 4752544.47 4540147.33  4.47%  12.5 1900s
 1584877 1003397     cutoff 1098      4752544.47 4540147.62  4.47%  12.5 1905s
 1587391 1004316 4557425.74  913   92 4752544.47 4540147.62  4.47%  12.5 1910s
 1590135 1005167 4727428.54  973   71 4752544.47 4540147.62  4.47%  12.5 1915s
 1592873 1005975     cutoff  913      4752544.47 4540147.62  4.47%  12.6 1920s
 1595636 1007113 4670234.70  816   73 4752544.47 4540147.62  4.47%  12.6 1925s
 1598486 1007931 4751058.60  831  106 4752544.47 4540147.62  4.47%  12.6 1930s
 1600840 1008808 4687223.06 1059   97 4752544.47 4540147.62  4.47%  12.6 1935s
 1604070 1009752     cutoff 1048      4752544.47 4540147.62  4.47%  12.7 1940s
 1606675 1010326     cutoff  745      4752544.47 4540147.62  4.47%  12.7 1945s
 1610578 1011736 4557629.82 1120   92 4752544.47 4540147.62  4.47%  12.7 1950s
 1613264 1012739     cutoff  429      4752544.47 4540147.62  4.47%  12.7 1955s
 1616008 1014040 4716560.12 1066   73 4752544.47 4540147.62  4.47%  12.7 1960s
 1619491 1015402     cutoff  720      4752544.47 4540147.62  4.47%  12.8 1965s
 1622895 1016905     cutoff  232      4752544.47 4540147.62  4.47%  12.8 1970s
 1625898 1018174     cutoff  478      4752544.47 4540147.62  4.47%  12.8 1975s
 1628426 1019317 4744513.38  712   91 4752544.47 4540147.62  4.47%  12.9 1980s
 1631246 1020552     cutoff  193      4752544.47 4540147.62  4.47%  12.9 1985s
 1634259 1022042 4719411.67  438   71 4752544.47 4540147.62  4.47%  12.9 1990s
 1637733 1024602 4732554.73 1369   73 4752544.47 4540147.73  4.47%  12.9 1995s
 1641157 1026429 4689695.67  224   68 4752544.47 4540149.73  4.47%  12.9 2000s
 1643754 1028054 4689194.16  260   67 4752544.47 4540151.17  4.47%  12.9 2005s
 1647673 1031028     cutoff  277      4752544.47 4540152.58  4.47%  12.9 2010s
 1651480 1034064 4747935.93  111  104 4752544.47 4540153.78  4.47%  12.9 2015s
 1654091 1035276     cutoff  114      4752544.47 4540155.81  4.47%  12.9 2020s
 1656860 1036683     cutoff  244      4752544.47 4540155.81  4.47%  12.9 2025s
 1660750 1038445 4749395.53  112  101 4752544.47 4540156.50  4.47%  13.0 2030s
 1664944 1041283 4716754.83  329   77 4752544.47 4540158.42  4.47%  13.0 2035s
 1669866 1044000     cutoff 1717      4752544.47 4540159.75  4.47%  13.0 2040s
 1673409 1045379 4694804.86 1708   94 4752544.47 4540159.75  4.47%  13.0 2045s
 1676554 1046321 4644719.74 1900   72 4752544.47 4540159.75  4.47%  13.0 2050s
 1679322 1047408     cutoff 1588      4752544.47 4540159.75  4.47%  13.0 2055s
 1682796 1048217 4715550.89 1630   87 4752544.47 4540159.75  4.47%  13.1 2060s
 1685556 1049099     cutoff 1578      4752544.47 4540159.75  4.47%  13.1 2065s
H1687905 1043930                    4751986.1210 4540159.75  4.46%  13.1 2070s
H1688311 1044131                    4751981.2918 4540159.75  4.46%  13.1 2071s
H1691406 1044209                    4751877.5548 4540159.75  4.46%  13.1 2075s
H1692386 1044379                    4751877.5526 4540159.75  4.46%  13.1 2077s
H1693244 1044479                    4751877.4491 4540159.75  4.46%  13.1 2078s
H1693686 1044476                    4751870.6930 4540159.75  4.46%  13.1 2079s
 1693937 1044573     cutoff 1536      4751870.69 4540159.75  4.46%  13.1 2080s
 1697047 1045558     cutoff 1363      4751870.69 4540159.75  4.46%  13.1 2085s
 1700280 1046897     cutoff 1811      4751870.69 4540159.75  4.46%  13.2 2090s
 1703070 1047303 4725328.60 1556   69 4751870.69 4540159.75  4.46%  13.2 2095s
 1705605 1048053 4666783.11 1012   72 4751870.69 4540159.75  4.46%  13.2 2100s
 1709406 1048532 4727888.51 1146   66 4751870.69 4540159.75  4.46%  13.2 2105s
 1712811 1049696     cutoff  888      4751870.69 4540159.75  4.46%  13.3 2110s
 1716066 1050566 4741514.81  574   92 4751870.69 4540159.75  4.46%  13.3 2115s
 1718929 1051089 4727499.09  586   67 4751870.69 4540159.75  4.46%  13.3 2120s
 1721690 1051916 4728404.61  406   69 4751870.69 4540159.75  4.46%  13.3 2125s
 1724831 1053011 4677166.92  742   70 4751870.69 4540159.75  4.46%  13.3 2130s
 1727544 1053859 4714121.86  333   73 4751870.69 4540159.75  4.46%  13.4 2135s
 1731508 1055191     cutoff  959      4751870.69 4540159.75  4.46%  13.4 2140s
 1734862 1056487 4725870.48  150   72 4751870.69 4540159.75  4.46%  13.4 2145s
 1737665 1057302     cutoff  408      4751870.69 4540159.75  4.46%  13.4 2150s
 1740313 1058415     cutoff  382      4751870.69 4540159.75  4.46%  13.5 2155s
 1743134 1059426     cutoff 1178      4751870.69 4540159.75  4.46%  13.5 2160s
 1746665 1060480 4668105.85 1825   96 4751870.69 4540159.75  4.46%  13.5 2165s
 1750451 1061721 4750147.13  864   74 4751870.69 4540159.75  4.46%  13.5 2170s
 1753405 1062702 4688634.34  588   70 4751870.69 4540159.75  4.46%  13.5 2175s
 1757297 1064000 4727000.42 1710   67 4751870.69 4540159.75  4.46%  13.6 2180s
 1760309 1065030 4644718.05 1836   72 4751870.69 4540159.75  4.46%  13.6 2185s
 1763094 1065891     cutoff 1599      4751870.69 4540159.75  4.46%  13.6 2190s
 1766957 1067055 4726459.25 1858   67 4751870.69 4540159.75  4.46%  13.6 2195s
 1770000 1068067 4684579.13 1223   95 4751870.69 4540159.75  4.46%  13.6 2200s
 1772632 1068815 4690144.60  985   95 4751870.69 4540159.75  4.46%  13.7 2205s
 1775517 1069493 4729649.10 1931   73 4751870.69 4540160.08  4.46%  13.7 2210s
 1778664 1070582     cutoff 1784      4751870.69 4540160.08  4.46%  13.7 2215s
 1781165 1071599     cutoff 1967      4751870.69 4540160.08  4.46%  13.7 2220s
 1784581 1072701     cutoff 1542      4751870.69 4540160.08  4.46%  13.7 2225s
 1787743 1073635 4728034.77 1921   73 4751870.69 4540160.08  4.46%  13.7 2230s
 1790692 1074629     cutoff 1837      4751870.69 4540160.08  4.46%  13.8 2235s
 1794262 1075738     cutoff 1626      4751870.69 4540160.08  4.46%  13.8 2240s
 1798732 1077057 4725083.23 1287   73 4751870.69 4540160.08  4.46%  13.8 2245s
 1801698 1078352 4671221.53 1178   99 4751870.69 4540160.08  4.46%  13.8 2250s
 1805344 1079619 4668545.83 1328   72 4751870.69 4540160.08  4.46%  13.8 2255s
 1809538 1081142     cutoff 1394      4751870.69 4540160.08  4.46%  13.8 2260s
 1812348 1082370 4741238.07  954   85 4751870.69 4540160.08  4.46%  13.9 2265s
 1815380 1083285     cutoff 1130      4751870.69 4540160.08  4.46%  13.9 2270s
 1818408 1084537     cutoff  871      4751870.69 4540160.08  4.46%  13.9 2275s
 1821603 1085570 4668545.83 1406   72 4751870.69 4540160.08  4.46%  13.9 2280s
 1824459 1086538     cutoff 1179      4751870.69 4540160.08  4.46%  13.9 2285s
 1827309 1087565 4557675.76  750   91 4751870.69 4540160.08  4.46%  13.9 2290s
 1830326 1088889 4704987.70  884   71 4751870.69 4540160.08  4.46%  13.9 2295s
 1833935 1090256 4710989.23  554   70 4751870.69 4540160.08  4.46%  14.0 2300s
 1837368 1091374 4712107.14  614   68 4751870.69 4540160.08  4.46%  14.0 2305s
 1840404 1092554     cutoff  449      4751870.69 4540160.08  4.46%  14.0 2310s
 1843035 1093789 4724878.90  782   68 4751870.69 4540160.08  4.46%  14.0 2315s
 1846209 1094976     cutoff  441      4751870.69 4540160.08  4.46%  14.0 2320s
 1849149 1096297 4693146.19  123   71 4751870.69 4540160.08  4.46%  14.0 2325s
 1852556 1097625 4726214.06  310   73 4751870.69 4540160.08  4.46%  14.0 2330s
 1856109 1098945     cutoff  209      4751870.69 4540160.08  4.46%  14.0 2335s
 1859327 1099980     cutoff 1387      4751870.69 4540160.08  4.46%  14.0 2340s
 1863229 1101282     cutoff 1012      4751870.69 4540160.08  4.46%  14.1 2345s
 1866905 1102947 4721424.96 1187   72 4751870.69 4540160.08  4.46%  14.1 2350s
 1869185 1103715     cutoff  292      4751870.69 4540161.25  4.46%  14.1 2355s
 1872526 1105393     cutoff  174      4751870.69 4540162.84  4.46%  14.1 2360s
 1874867 1106378     cutoff  436      4751870.69 4540162.84  4.46%  14.1 2365s
 1878000 1107543 4716023.83  390   69 4751870.69 4540162.84  4.46%  14.1 2370s
H1878769 1107801                    4751870.1048 4540162.84  4.46%  14.1 2371s
 1880424 1108440 4731532.86  447   68 4751870.10 4540162.84  4.46%  14.2 2375s
 1883579 1109899     cutoff  385      4751870.10 4540162.84  4.46%  14.2 2380s
 1886197 1110888     cutoff 1991      4751870.10 4540163.37  4.46%  14.2 2385s
 1889364 1113714 4724230.22 2034   79 4751870.10 4540163.97  4.46%  14.2 2390s
 1892674 1114861 4728726.77 1974   96 4751870.10 4540165.17  4.46%  14.2 2395s
 1894982 1116186 4735306.57 1156   71 4751870.10 4540167.21  4.46%  14.2 2400s
 1897796 1117244     cutoff 1973      4751870.10 4540169.25  4.46%  14.2 2405s
 1899898 1117898 4731805.47 1764   72 4751870.10 4540169.25  4.46%  14.2 2410s
 1902502 1118713     cutoff 1924      4751870.10 4540169.25  4.46%  14.3 2415s
 1905511 1119702 4727330.38 1536   68 4751870.10 4540169.25  4.46%  14.3 2420s
 1908065 1120536     cutoff 1767      4751870.10 4540169.25  4.46%  14.3 2425s
 1910806 1121286     cutoff 1789      4751870.10 4540169.25  4.46%  14.4 2430s
 1914030 1122072 4726741.47 1653   68 4751870.10 4540169.25  4.46%  14.4 2435s
 1916199 1122829 4727117.16 1706   70 4751870.10 4540169.25  4.46%  14.4 2440s
 1918949 1123479 4728671.47 1453   69 4751870.10 4540169.25  4.46%  14.5 2445s
 1922643 1124722 4727707.42 1405   68 4751870.10 4540169.25  4.46%  14.5 2450s
 1925232 1125787 4742042.56 1788   86 4751870.10 4540169.25  4.46%  14.6 2455s
 1927950 1126600     cutoff 1756      4751870.10 4540169.25  4.46%  14.6 2460s
H1930303 1127391                    4751869.8912 4540169.25  4.46%  14.6 2463s
 1931157 1127694 4728056.53 1228   72 4751869.89 4540169.25  4.46%  14.6 2465s
 1933799 1128706     cutoff 1742      4751869.89 4540169.25  4.46%  14.6 2470s
 1935559 1129164     cutoff 1230      4751869.89 4540169.25  4.46%  14.7 2475s
 1937964 1130071 4713738.17 1176   72 4751869.89 4540169.25  4.46%  14.7 2480s
 1940662 1130855 4728226.91 1302   68 4751869.89 4540169.25  4.46%  14.7 2485s
 1942516 1131709     cutoff 1127      4751869.89 4540169.25  4.46%  14.7 2490s
 1944929 1132428 4727543.86 1437   68 4751869.89 4540169.25  4.46%  14.7 2495s
 1947207 1132996 4721220.81 1105   97 4751869.89 4540169.25  4.46%  14.8 2500s
 1949546 1133535     cutoff 1038      4751869.89 4540169.25  4.46%  14.8 2505s
 1951320 1133928     cutoff  986      4751869.89 4540169.25  4.46%  14.8 2510s
 1953717 1134600 4727434.37  753   71 4751869.89 4540169.25  4.46%  14.9 2515s
 1956189 1135397 4726154.92  769   68 4751869.89 4540169.25  4.46%  14.9 2520s
 1958664 1136349     cutoff  899      4751869.89 4540169.25  4.46%  14.9 2525s
H1961386 1133965                    4751407.5273 4540169.25  4.45%  14.9 2530s
H1961814 1134140                    4751400.8119 4540169.25  4.45%  14.9 2531s
 1964052 1134812     cutoff 1289      4751400.81 4540169.25  4.45%  15.0 2535s
H1964053 1134038                    4751294.0982 4540169.25  4.44%  15.0 2535s
H1964344 1134349                    4751287.2351 4540169.25  4.44%  15.0 2536s
 1966339 1134979 4555682.29  846   95 4751287.24 4540169.25  4.44%  15.0 2540s
 1968793 1135814     cutoff 1226      4751287.24 4540169.25  4.44%  15.0 2545s
 1971848 1137025     cutoff  623      4751287.24 4540169.25  4.44%  15.0 2550s
 1975578 1138354 4555682.29  725   95 4751287.24 4540169.25  4.44%  15.0 2555s
H1975706 1138330                    4751284.0257 4540169.25  4.44%  15.0 2555s
 1977612 1139400 4713444.77  730   74 4751284.03 4540169.25  4.44%  15.1 2560s
 1980957 1140727     cutoff  261      4751284.03 4540169.25  4.44%  15.1 2565s
 1984407 1141926 4737311.95  385   78 4751284.03 4540169.25  4.44%  15.1 2570s
 1987082 1143275 4668599.60  698  103 4751284.03 4540169.25  4.44%  15.1 2575s
 1990168 1144521 4727440.77 1152   70 4751284.03 4540169.25  4.44%  15.1 2580s
 1992599 1145669 4726072.74  199   75 4751284.03 4540169.25  4.44%  15.2 2585s
 1995609 1146814 4666897.22  209   73 4751284.03 4540169.25  4.44%  15.2 2590s
 1998053 1147951 4728543.24  745   76 4751284.03 4540169.57  4.44%  15.2 2595s
 2000915 1148597     cutoff  701      4751284.03 4540169.79  4.44%  15.2 2600s
 2003589 1149090     cutoff  681      4751284.03 4540169.79  4.44%  15.2 2605s
 2006036 1149909 4732890.54  803   68 4751284.03 4540171.21  4.44%  15.3 2610s
 2008357 1150387     cutoff 1074      4751284.03 4540171.21  4.44%  15.3 2615s
 2011443 1151504 4730259.63  839   68 4751284.03 4540171.21  4.44%  15.3 2620s
 2013629 1152162     cutoff 1076      4751284.03 4540171.21  4.44%  15.3 2625s
 2016081 1152846 4687837.63  996  103 4751284.03 4540171.21  4.44%  15.4 2630s
 2019088 1153905 4734896.28 1037   71 4751284.03 4540171.21  4.44%  15.4 2635s
 2021515 1154676 4719253.69  573   68 4751284.03 4540171.21  4.44%  15.4 2640s
 2023862 1155296     cutoff  693      4751284.03 4540171.21  4.44%  15.4 2645s
 2026565 1155886 4558493.61 1064   96 4751284.03 4540171.21  4.44%  15.5 2650s
 2029018 1156522     cutoff  615      4751284.03 4540171.21  4.44%  15.5 2655s
 2031437 1157171     cutoff  756      4751284.03 4540171.21  4.44%  15.5 2660s
 2033868 1158201 4738322.76  288  102 4751284.03 4540172.86  4.44%  15.5 2665s
 2037125 1159031     cutoff 1923      4751284.03 4540172.99  4.44%  15.5 2670s
 2039951 1159865 4723185.72 1811   67 4751284.03 4540172.99  4.44%  15.6 2675s
 2042921 1160381     cutoff 1671      4751284.03 4540172.99  4.44%  15.6 2680s
 2045578 1160915 4690235.44 1640   69 4751284.03 4540172.99  4.44%  15.6 2685s
 2048607 1161390 infeasible 1512      4751284.03 4540172.99  4.44%  15.6 2691s
 2050636 1161722 4730360.17 1485   71 4751284.03 4540172.99  4.44%  15.6 2695s
 2053329 1162354 4558471.43 1454   90 4751284.03 4540172.99  4.44%  15.7 2700s
 2055308 1162702 4734424.96 1281   97 4751284.03 4540172.99  4.44%  15.7 2705s
 2057839 1163393 4730338.52 1708   70 4751284.03 4540172.99  4.44%  15.7 2710s
 2060111 1163987     cutoff 1870      4751284.03 4540172.99  4.44%  15.7 2715s
 2062742 1164478     cutoff  966      4751284.03 4540172.99  4.44%  15.7 2720s
 2064883 1165043     cutoff 1373      4751284.03 4540172.99  4.44%  15.8 2725s
 2067368 1165529 4730415.82 1159   71 4751284.03 4540172.99  4.44%  15.8 2730s
 2069671 1166173 4747418.88 1723   87 4751284.03 4540172.99  4.44%  15.8 2735s
 2073401 1167080     cutoff  960      4751284.03 4540172.99  4.44%  15.8 2740s
 2075859 1167667 4731941.81  648   71 4751284.03 4540172.99  4.44%  15.8 2745s
 2078255 1168213 4730544.52  898   68 4751284.03 4540172.99  4.44%  15.9 2750s
 2080300 1168662 4741971.94  758  115 4751284.03 4540172.99  4.44%  15.9 2755s
 2082921 1169141 4734101.70 1115   70 4751284.03 4540172.99  4.44%  15.9 2760s
 2085475 1169876     cutoff  820      4751284.03 4540172.99  4.44%  15.9 2765s
 2088326 1170564 4736402.18  463   75 4751284.03 4540172.99  4.44%  16.0 2770s
 2090435 1171191     cutoff  625      4751284.03 4540172.99  4.44%  16.0 2775s
 2092887 1171942     cutoff  615      4751284.03 4540172.99  4.44%  16.0 2780s
 2095448 1172768     cutoff  580      4751284.03 4540172.99  4.44%  16.0 2785s
 2097902 1173449 infeasible  509      4751284.03 4540172.99  4.44%  16.0 2790s
 2100221 1174062 4688077.66  563   69 4751284.03 4540172.99  4.44%  16.0 2795s
 2103875 1174991     cutoff  933      4751284.03 4540172.99  4.44%  16.1 2800s
 2106460 1175706 4723572.36  109   72 4751284.03 4540174.03  4.44%  16.1 2805s
 2109681 1176543 4732618.32 1143   68 4751284.03 4540177.20  4.44%  16.1 2810s
 2111736 1176961     cutoff 1237      4751284.03 4540177.20  4.44%  16.1 2815s
 2114419 1177409     cutoff  960      4751284.03 4540177.20  4.44%  16.1 2820s
 2116998 1177844 4733905.35  896   70 4751284.03 4540177.20  4.44%  16.2 2825s
 2119633 1178287     cutoff  977      4751284.03 4540177.20  4.44%  16.2 2830s
 2122057 1178794     cutoff 1054      4751284.03 4540177.20  4.44%  16.2 2835s
 2125363 1179498     cutoff 1331      4751284.03 4540177.20  4.44%  16.2 2840s
 2128642 1180430 4717234.05 1171   70 4751284.03 4540177.20  4.44%  16.3 2845s
 2130906 1180986 4731526.94 1273   70 4751284.03 4540177.20  4.44%  16.3 2850s
 2133941 1181503 4701142.73  859   96 4751284.03 4540177.20  4.44%  16.3 2855s
 2136898 1182312 4734247.27  423   73 4751284.03 4540177.20  4.44%  16.3 2860s
 2139649 1182874     cutoff  784      4751284.03 4540177.20  4.44%  16.4 2865s
 2142253 1183471 4733307.80  467   75 4751284.03 4540177.20  4.44%  16.4 2870s
 2144787 1184113 4733328.77  704   70 4751284.03 4540177.20  4.44%  16.4 2875s
 2147370 1184717     cutoff  429      4751284.03 4540177.20  4.44%  16.4 2880s
 2150103 1185433     cutoff  769      4751284.03 4540177.20  4.44%  16.4 2885s
 2152206 1185862     cutoff  691      4751284.03 4540177.20  4.44%  16.5 2890s
 2155986 1186904 4623512.04  301   71 4751284.03 4540179.31  4.44%  16.5 2895s
 2160353 1189884     cutoff 1972      4751284.03 4540182.67  4.44%  16.5 2900s
 2164662 1192100     cutoff  120      4751284.03 4540185.35  4.44%  16.5 2905s
 2167441 1193193 4728900.48  283   70 4751284.03 4540185.39  4.44%  16.5 2910s
 2170016 1194206 4698824.99  284   69 4751284.03 4540185.85  4.44%  16.5 2915s
 2172442 1194968     cutoff  342      4751284.03 4540186.94  4.44%  16.5 2920s
 2175288 1195980 4731240.95  352   85 4751284.03 4540189.37  4.44%  16.5 2925s
 2177823 1196955 4558933.96 1801   84 4751284.03 4540190.71  4.44%  16.5 2930s
 2181215 1197660 4731467.93 1644   67 4751284.03 4540190.71  4.44%  16.6 2935s
 2184805 1198387 4702108.79 1841   92 4751284.03 4540190.71  4.44%  16.6 2940s
 2188407 1198848 4717056.64 1701   93 4751284.03 4540190.71  4.44%  16.6 2945s
 2191828 1199301     cutoff 1541      4751284.03 4540190.71  4.44%  16.6 2950s
 2194168 1199578 4732906.20 1427   68 4751284.03 4540190.71  4.44%  16.6 2955s
 2197318 1200160     cutoff 1083      4751284.03 4540190.71  4.44%  16.6 2960s
 2200102 1200701 4718389.23 1091   69 4751284.03 4540190.71  4.44%  16.7 2965s
 2202926 1201321 4733084.71 1599   65 4751284.03 4540190.71  4.44%  16.7 2970s
 2206591 1201977 4719679.86 1261   68 4751284.03 4540190.71  4.44%  16.7 2975s
 2209850 1202801     cutoff 1814      4751284.03 4540190.71  4.44%  16.7 2980s
 2212975 1203377 4746189.66  916  112 4751284.03 4540190.71  4.44%  16.7 2985s
 2215865 1203934 4733565.03 1380   67 4751284.03 4540190.71  4.44%  16.7 2990s
 2218553 1204749 4587882.84  552   84 4751284.03 4540190.71  4.44%  16.7 2995s
 2221650 1205274 4675445.14  694   69 4751284.03 4540190.71  4.44%  16.7 3000s
 2224099 1205886     cutoff  499      4751284.03 4540190.71  4.44%  16.7 3005s
H2226194 1206255                    4751255.2485 4540190.71  4.44%  16.8 3007s
H2226386 1206170                    4751235.9790 4540190.71  4.44%  16.8 3008s
 2227807 1206471 infeasible  473      4751235.98 4540190.71  4.44%  16.8 3010s
 2231359 1207514     cutoff 1321      4751235.98 4540190.71  4.44%  16.8 3015s
H2234356 1208434                    4751234.2779 4540190.71  4.44%  16.8 3018s
 2235302 1208714     cutoff  182      4751234.28 4540190.71  4.44%  16.8 3020s
 2238448 1209566 4738770.95  676   92 4751234.28 4540190.71  4.44%  16.8 3025s
 2241637 1210503 4714639.04 1146   88 4751234.28 4540190.71  4.44%  16.8 3030s
 2245227 1211443 4736612.88 1668   79 4751234.28 4540190.71  4.44%  16.8 3035s
H2246146 1210167                    4751022.1553 4540190.71  4.44%  16.8 3037s
H2246432 1210184                    4751014.5792 4540190.71  4.44%  16.8 3037s
 2247988 1210592     cutoff 1529      4751014.58 4540190.71  4.44%  16.8 3040s
 2250793 1211251     cutoff  961      4751014.58 4540190.71  4.44%  16.8 3045s
 2253937 1212030     cutoff  429      4751014.58 4540190.71  4.44%  16.8 3050s
 2257893 1213081 4675439.59  577   69 4751014.58 4540190.71  4.44%  16.9 3055s
 2261194 1214035 4727851.07  411   71 4751014.58 4540190.71  4.44%  16.9 3060s
 2265580 1215309     cutoff  208      4751014.58 4540190.71  4.44%  16.9 3065s
 2269146 1216660 4559575.51 1944   95 4751014.58 4540192.88  4.44%  16.9 3070s
 2272106 1217885     cutoff  134      4751014.58 4540196.35  4.44%  16.9 3075s
 2276001 1219020 4735442.71 1968   73 4751014.58 4540198.83  4.44%  16.9 3080s
 2279544 1219752 4732606.34 1732   71 4751014.58 4540198.83  4.44%  16.9 3085s
 2282565 1220347     cutoff 1788      4751014.58 4540198.83  4.44%  17.0 3090s
 2285549 1220950 4730637.01 1827   70 4751014.58 4540198.83  4.44%  17.0 3095s
 2288534 1221443 4732270.02 1549   72 4751014.58 4540198.83  4.44%  17.0 3100s
 2291207 1221754     cutoff 1920      4751014.58 4540198.83  4.44%  17.0 3105s
 2293954 1222480 4737664.05 1899   88 4751014.58 4540198.83  4.44%  17.0 3110s
 2296631 1223054 4731242.94 1728   71 4751014.58 4540198.83  4.44%  17.0 3115s
 2300682 1223778 4700524.40 1194   93 4751014.58 4540198.83  4.44%  17.1 3120s
 2303484 1224459 4731874.81 1858   76 4751014.58 4540198.83  4.44%  17.1 3125s
 2306347 1224984 4732329.91 1647   72 4751014.58 4540198.83  4.44%  17.1 3130s
 2310053 1225864 4714714.38 1057   71 4751014.58 4540198.83  4.44%  17.1 3135s
 2312816 1226481 4736267.24 1002   77 4751014.58 4540198.83  4.44%  17.1 3140s
H2315325 1227076                    4751010.6918 4540198.83  4.44%  17.2 3145s
 2317855 1227675 4731344.03  759   73 4751010.69 4540198.83  4.44%  17.2 3150s
 2320640 1228181 4673294.18 1090   71 4751010.69 4540198.83  4.44%  17.2 3155s
 2323289 1228768     cutoff 1161      4751010.69 4540198.83  4.44%  17.2 3160s
 2326843 1229478 4736171.97  882   77 4751010.69 4540198.83  4.44%  17.2 3165s
 2329487 1230162 4673294.18 1074   71 4751010.69 4540198.83  4.44%  17.2 3170s
 2332105 1230576     cutoff  808      4751010.69 4540198.83  4.44%  17.3 3175s
 2334922 1231252     cutoff  589      4751010.69 4540198.83  4.44%  17.3 3180s
 2337521 1231918 4732351.63  779   70 4751010.69 4540198.83  4.44%  17.3 3185s
 2340613 1232626     cutoff 1028      4751010.69 4540198.83  4.44%  17.3 3190s
 2343239 1233252 4736092.42  780   78 4751010.69 4540198.83  4.44%  17.3 3195s
 2346409 1234103 4730676.39  305   72 4751010.69 4540198.83  4.44%  17.3 3200s
 2349183 1234730     cutoff  439      4751010.69 4540198.83  4.44%  17.4 3205s
 2352099 1235500     cutoff  341      4751010.69 4540198.83  4.44%  17.4 3210s
 2355043 1236414 4714317.27  654   73 4751010.69 4540198.83  4.44%  17.4 3215s
 2357513 1237015 4732123.48  672   69 4751010.69 4540198.83  4.44%  17.4 3220s
 2360672 1238527     cutoff  325      4751010.69 4540200.62  4.44%  17.4 3225s
 2364905 1241844 4729832.93  118   80 4751010.69 4540202.39  4.44%  17.4 3230s
 2367523 1242921     cutoff 1180      4751010.69 4540204.59  4.44%  17.4 3235s
 2369914 1243669 4748510.31  190   99 4751010.69 4540207.23  4.44%  17.4 3240s
 2372443 1244580     cutoff  391      4751010.69 4540210.06  4.44%  17.4 3245s
 2374980 1245285     cutoff 1969      4751010.69 4540212.12  4.44%  17.4 3250s
 2377797 1246535     cutoff 1354      4751010.69 4540214.85  4.44%  17.4 3257s
 2380080 1248170 4749972.83 1976   93 4751010.69 4540215.63  4.44%  17.4 3260s
 2383030 1249288     cutoff  138      4751010.69 4540218.22  4.44%  17.4 3265s
 2385271 1250011     cutoff  407      4751010.69 4540220.53  4.44%  17.4 3270s
 2387979 1250844     cutoff  328      4751010.69 4540222.39  4.44%  17.5 3275s
H2388411 1250582                    4750971.9946 4540222.77  4.44%  17.5 3276s
H2389051 1250917                    4750963.8382 4540223.14  4.44%  17.5 3278s
 2390324 1251361     cutoff  389      4750963.84 4540224.65  4.44%  17.5 3280s
 2393141 1252272 4668042.90 1972   72 4750963.84 4540227.60  4.44%  17.5 3285s
 2395888 1253355 4712473.17  151   75 4750963.84 4540229.97  4.44%  17.5 3290s
H2397288 1253207                    4750917.3574 4540231.52  4.43%  17.5 3292s
 2398630 1253788 4712585.86  391   68 4750917.36 4540232.84  4.43%  17.5 3295s
 2400982 1254552 4729858.76  359   68 4750917.36 4540235.04  4.43%  17.5 3300s
 2403579 1255214 4705016.17  442   69 4750917.36 4540238.30  4.43%  17.5 3305s
 2406113 1255834     cutoff  638      4750917.36 4540238.36  4.43%  17.5 3310s
 2409119 1256820 4695936.16  709   73 4750917.36 4540238.36  4.43%  17.5 3315s
 2411826 1257620 4728972.25  655   70 4750917.36 4540238.36  4.43%  17.5 3320s
H2414140 1256703                    4750697.0209 4540238.36  4.43%  17.5 3324s
H2414199 1256700                    4750691.6682 4540238.36  4.43%  17.5 3324s
 2414527 1256754 4667725.68  834   72 4750691.67 4540238.36  4.43%  17.5 3325s
 2417171 1257789 4701234.93  378   67 4750691.67 4540238.98  4.43%  17.5 3330s
 2419611 1259338 4737632.10  288   66 4750691.67 4540240.61  4.43%  17.5 3335s
 2424281 1261908     cutoff 1019      4750691.67 4540242.61  4.43%  17.5 3340s
 2426967 1263211     cutoff  368      4750691.67 4540244.06  4.43%  17.5 3345s
 2431140 1266173 4726262.52  154  101 4750691.67 4540245.17  4.43%  17.5 3350s
 2434358 1267059 4715551.11 1482   71 4750691.67 4540245.17  4.43%  17.5 3355s
 2436802 1267353     cutoff 1379      4750691.67 4540245.17  4.43%  17.6 3360s
 2439573 1268168 4601910.25  355   87 4750691.67 4540245.20  4.43%  17.6 3365s
 2442477 1269305 4716532.14 1964   74 4750691.67 4540245.45  4.43%  17.6 3370s
 2445125 1270027     cutoff 1622      4750691.67 4540245.45  4.43%  17.6 3375s
 2448767 1270914     cutoff 1693      4750691.67 4540245.45  4.43%  17.6 3380s
 2451449 1271665     cutoff 1736      4750691.67 4540245.45  4.43%  17.6 3385s
 2454736 1272347     cutoff 1740      4750691.67 4540245.45  4.43%  17.6 3390s
 2457341 1273357 4720163.49 1748   74 4750691.67 4540245.45  4.43%  17.6 3395s
 2460084 1273871 4677872.70 1898   97 4750691.67 4540245.45  4.43%  17.6 3400s
 2462907 1274578 4669141.34 1701   73 4750691.67 4540245.45  4.43%  17.6 3405s
 2465894 1275640 4745700.60 1769   90 4750691.67 4540245.45  4.43%  17.6 3410s
 2469011 1276399     cutoff 1965      4750691.67 4540245.85  4.43%  17.6 3415s
 2471657 1277542 4725441.46  424   63 4750691.67 4540248.33  4.43%  17.6 3420s
 2475831 1280747     cutoff  164      4750691.67 4540249.31  4.43%  17.6 3425s
 2478379 1281528 4718033.35   96  107 4750691.67 4540251.55  4.43%  17.6 3430s
 2480915 1282709 4737451.23  156   81 4750691.67 4540253.58  4.43%  17.6 3435s
 2483935 1284082     cutoff  567      4750691.67 4540254.76  4.43%  17.6 3440s
 2486356 1284594     cutoff  716      4750691.67 4540254.76  4.43%  17.7 3445s
 2489845 1286030 4727748.66  728   76 4750691.67 4540254.76  4.43%  17.7 3450s
 2492125 1286856 4726933.74  798   73 4750691.67 4540254.76  4.43%  17.7 3455s
 2495358 1288036 4723013.86  490   72 4750691.67 4540254.76  4.43%  17.7 3460s
H2496567 1288528                    4750688.3648 4540254.76  4.43%  17.7 3463s
 2497603 1289001     cutoff  323      4750688.36 4540254.76  4.43%  17.7 3465s
 2500778 1290296     cutoff  153      4750688.36 4540254.76  4.43%  17.7 3470s
 2503887 1291405     cutoff  276      4750688.36 4540254.76  4.43%  17.7 3475s
 2506572 1292318     cutoff  229      4750688.36 4540254.76  4.43%  17.7 3480s
 2509405 1293566 4670523.69  136  101 4750688.36 4540254.76  4.43%  17.7 3485s
 2512097 1294479     cutoff  208      4750688.36 4540254.76  4.43%  17.7 3490s
 2515146 1295574 4729050.48  398   68 4750688.36 4540256.96  4.43%  17.7 3495s
 2517508 1296697 4729527.05  392   71 4750688.36 4540258.56  4.43%  17.7 3500s
 2520599 1297913 4688588.40  387   65 4750688.36 4540259.71  4.43%  17.7 3505s
 2523406 1298645 4735025.86 1078   94 4750688.36 4540261.73  4.43%  17.7 3510s
 2526264 1299285 4724697.44 1320   68 4750688.36 4540261.73  4.43%  17.7 3515s
 2528860 1300047     cutoff 1100      4750688.36 4540261.73  4.43%  17.7 3520s
 2531936 1300974 4728680.40 1090   74 4750688.36 4540261.73  4.43%  17.8 3525s
 2534878 1301765     cutoff 1436      4750688.36 4540261.73  4.43%  17.8 3530s
 2537774 1302674     cutoff 1240      4750688.36 4540261.73  4.43%  17.8 3535s
 2541223 1303689     cutoff 1338      4750688.36 4540261.73  4.43%  17.8 3540s
 2543986 1304359 4718984.10  377   72 4750688.36 4540262.63  4.43%  17.8 3545s
 2547826 1306333     cutoff  433      4750688.36 4540265.86  4.43%  17.8 3550s
 2551179 1307160 4730018.04  939   71 4750688.36 4540267.94  4.43%  17.8 3555s
 2553481 1307630     cutoff  903      4750688.36 4540267.94  4.43%  17.8 3560s
 2556279 1308124 4730103.87  654   72 4750688.36 4540267.94  4.43%  17.8 3565s
 2558698 1308834 4716876.97  833   71 4750688.36 4540267.94  4.43%  17.8 3570s
H2559756 1308881                    4750666.2379 4540267.94  4.43%  17.9 3572s
H2560203 1308911                    4750660.8336 4540267.94  4.43%  17.9 3573s
 2561075 1309135 4734415.52  664   69 4750660.83 4540267.94  4.43%  17.9 3575s
 2563469 1309713     cutoff  405      4750660.83 4540267.94  4.43%  17.9 3580s
 2566195 1310268 4730022.36  800   71 4750660.83 4540267.94  4.43%  17.9 3585s
H2566354 1310238                    4750657.0641 4540267.94  4.43%  17.9 3585s
 2568855 1310765     cutoff  921      4750657.06 4540267.94  4.43%  17.9 3590s
 2572808 1311539 4713798.61  411   70 4750657.06 4540267.94  4.43%  17.9 3595s
 2575678 1312210     cutoff  151      4750657.06 4540267.94  4.43%  17.9 3600s

Cutting planes:
  RLT: 80

Explored 2575701 nodes (46183860 simplex iterations) in 3600.01 seconds (2400.87 work units)
Thread count was 2 (of 24 available processors)

Solution count 10: 4.75066e+06 4.75069e+06 4.75092e+06 ... 4.75141e+06

Time limit reached
Best objective 4.750657064125e+06, best bound 4.540267941861e+06, gap 4.4286%
