
Gurobi 11.0.3 (linux64, Java) logging started seg 09 dez 2024 20:52:43 -03

Set parameter Username
Academic license - for non-commercial use only - expires 2025-10-10
Set parameter NonConvex to value 2
Set parameter TimeLimit to value 3600
Set parameter LogToConsole to value 0
Set parameter MIPGap to value 5.52890488975657e-08
Set parameter Threads to value 2
Set parameter NodefileDir to value "/home/ps12398/experiment_epec/goalProgrammingMarcos/"
Set parameter NodefileStart to value 1
Gurobi Optimizer version 11.0.3 build v11.0.3rc0 (linux64)

CPU model: Intel(R) Xeon(R) CPU           X5650  @ 2.67GHz, instruction set [SSE2]
Thread count: 12 physical cores, 24 logical processors, using up to 2 threads

Optimize a model with 17998 rows, 12411 columns and 85397 nonzeros
Model fingerprint: 0xdcd5c78b
Model has 83 quadratic constraints
Variable types: 6168 continuous, 6243 integer (78 binary)
Coefficient statistics:
  Matrix range     [1e-02, 2e+06]
  QMatrix range    [1e-02, 4e+04]
  QLMatrix range   [1e+00, 4e+04]
  Objective range  [1e+00, 4e+07]
  Bounds range     [1e+00, 1e+08]
  RHS range        [1e+00, 2e+06]
  QRHS range       [1e-02, 1e-02]
Presolve removed 17893 rows and 12219 columns
Presolve time: 0.19s
Presolved: 271 rows, 247 columns, 4433 nonzeros
Presolved model has 55 bilinear constraint(s)

Solving non-convex MIQCP

Variable types: 115 continuous, 132 integer (0 binary)
Found heuristic solution: objective 1.179370e+07

Root relaxation: objective 1.320938e+06, 203 iterations, 0.01 seconds (0.00 work units)

    Nodes    |    Current Node    |     Objective Bounds      |     Work
 Expl Unexpl |  Obj  Depth IntInf | Incumbent    BestBd   Gap | It/Node Time

     0     0 1320938.42    0   94 1.1794e+07 1320938.42  88.8%     -    0s
     0     0 1550250.68    0  120 1.1794e+07 1550250.68  86.9%     -    0s
H    0     0                    2928812.5142 1550250.68  47.1%     -    0s
     0     0 1550368.20    0  124 2928812.51 1550368.20  47.1%     -    0s
     0     0 1551629.04    0  125 2928812.51 1551629.04  47.0%     -    0s
     0     0 1551634.24    0  125 2928812.51 1551634.24  47.0%     -    0s
     0     2 1551636.42    0  125 2928812.51 1551636.42  47.0%     -    0s
H   48    56                    2928798.9575 1551636.42  47.0%   1.4    0s
H   74   130                    2928747.6446 1551636.42  47.0%   1.4    1s
H  169   279                    2923149.8397 1551636.42  46.9%   1.4    1s
H 3869  3675                    2597137.6182 1598951.96  38.4%   1.0    2s
H 3869  3491                    2596675.1904 1598951.96  38.4%   1.0    2s
H 3871  3318                    2574062.4612 1601034.51  37.8%   1.0    2s
H 3877  3156                    2548609.8739 1607402.57  36.9%   1.1    2s
H 3879  3000                    2544470.2012 1607410.23  36.8%   1.1    3s
H 3885  2854                    2540649.6027 1608201.41  36.7%   1.2    3s
H 3887  2713                    2536262.6160 1608212.45  36.6%   1.2    3s
H 3906  2593                    2536222.5100 1608607.36  36.6%   1.4    3s
H 3914  2469                    2399981.9602 1765563.80  26.4%   1.4    4s
H 3915  2346                    2380443.0317 1767449.99  25.8%   1.4    4s
H 3915  2229                    2380400.4640 1767449.99  25.7%   1.4    4s
  3928  2240 1767633.52  428   72 2380400.46 1767633.52  25.7%   1.6    5s
H 3935  2133                    2323130.3724 1808366.61  22.2%   1.6    5s
H 3937  2028                    2303296.1800 1809205.90  21.5%   1.6    5s
H 3938  1927                    2295444.8179 1809228.89  21.2%   1.6    5s
H 5046  2620                    2272609.7846 1809281.84  20.4%   1.7    7s
H 5308  2828                    2272341.4723 1809281.84  20.4%   1.6    7s
  9709  6061 1811189.28 1642   69 2272341.47 1809281.84  20.4%   1.5   10s
H18130 14241                    2268189.1000 1809298.27  20.2%   1.4   14s
 18702 15059 1809593.93 1186   67 2268189.10 1809298.27  20.2%   1.4   15s
 25937 22314 1809567.31  313   69 2268189.10 1809304.58  20.2%   1.4   20s
 36594 32947 1809490.93  260   69 2268189.10 1809308.86  20.2%   1.5   25s
 46522 43043 1809455.57  428   69 2268189.10 1809312.31  20.2%   1.5   30s
H52367 48393                    2241933.8054 1809312.31  19.3%   1.6   33s
H53269 49307                    2200240.9784 1809312.31  17.8%   1.6   34s
H53916 49782                    2185090.2226 1809312.31  17.2%   1.6   34s
 54052 50113 1915848.17  169  111 2185090.22 1809321.67  17.2%   1.7   35s
H54986 51034                    2185074.3385 1809321.67  17.2%   1.7   35s
H55123 51034                    2185057.3247 1809321.67  17.2%   1.7   35s
 60948 57050 1927771.11  952  106 2185057.32 1809323.53  17.2%   1.7   40s
 67302 63417 1921462.44  986  102 2185057.32 1809324.15  17.2%   1.7   45s
 75384 71536 2038475.35 2383   79 2185057.32 1809326.10  17.2%   1.7   50s
 83839 79580 1936753.92 1202   87 2185057.32 1809328.18  17.2%   1.8   55s
 89199 84559 2180651.31 2322   70 2185057.32 1809328.18  17.2%   2.0   60s
 95386 89968 2115200.03  187  103 2185057.32 1809329.73  17.2%   2.0   65s
 103464 97156 2129786.54  244   88 2185057.32 1809334.38  17.2%   2.0   70s
 109827 103692 1952963.81  275   81 2185057.32 1809336.78  17.2%   2.0   75s
 117170 110363 2071339.82 1438   80 2185057.32 1809339.93  17.2%   2.0   80s
 125664 117919 1976776.77  202   92 2185057.32 1809343.90  17.2%   2.1   85s
 130828 121276 2150845.23 1032   52 2185057.32 1809343.90  17.2%   2.1   90s
 138667 128698 2071168.29  673   81 2185057.32 1809347.62  17.2%   2.1   95s
H142310 131751                    2182271.8638 1809347.62  17.1%   2.1   97s
 145607 134683 2115788.28 2116   88 2182271.86 1809347.82  17.1%   2.1  100s
 150495 138415 1917639.88 1606   78 2182271.86 1809348.91  17.1%   2.2  105s
 157931 142999 1953146.14  178  108 2182271.86 1809352.08  17.1%   2.2  110s
 162921 145221     cutoff 1021      2182271.86 1809352.08  17.1%   2.3  115s
 169257 150746 2059084.05  699   95 2182271.86 1809352.92  17.1%   2.4  120s
 176591 158101 1909718.81 2489   78 2182271.86 1809353.58  17.1%   2.4  125s
 184537 165434 2126476.00 2278   69 2182271.86 1809355.20  17.1%   2.4  130s
 196290 176975 2113625.38 1201   78 2182271.86 1809357.56  17.1%   2.4  135s
 206301 185865 2001307.99 1601   72 2182271.86 1809358.76  17.1%   2.3  140s
 216127 192681 1943164.28 2592   64 2182271.86 1809361.21  17.1%   2.3  145s
 227491 202749 1940927.01  237   79 2182271.86 1809364.32  17.1%   2.3  150s
 236363 211768 2084114.88 1349   71 2182271.86 1809365.69  17.1%   2.3  155s
 247410 222587 2105275.12 1408  104 2182271.86 1809367.99  17.1%   2.3  160s
H252980 205213                    2152806.0581 1809368.96  16.0%   2.3  162s
 257178 209357 2117154.67 2375   63 2152806.06 1809369.07  16.0%   2.3  165s
H260061 209351                    2148531.6807 1809370.59  15.8%   2.3  166s
*260194 209604             796    2148531.4744 1809370.71  15.8%   2.3  166s
*260197 209603             793    2148530.9179 1809370.71  15.8%   2.3  166s
H262157 211218                    2148354.7772 1809370.71  15.8%   2.3  167s
 265891 214671 2127622.16  485   52 2148354.78 1809372.29  15.8%   2.3  170s
 273294 221740 2019070.21 2287   62 2148354.78 1809374.22  15.8%   2.3  175s
H276996 225051                    2148339.6620 1809375.30  15.8%   2.3  177s
 279674 227817 2045401.97 2607   67 2148339.66 1809375.30  15.8%   2.2  180s
H282003 229696                    2148319.7869 1809376.30  15.8%   2.3  181s
 286849 234697 1933785.43 2613   68 2148319.79 1809376.30  15.8%   2.3  185s
 290702 237189 2042418.03 1030   77 2148319.79 1809376.72  15.8%   2.3  190s
 296272 241361 1966971.97  720   69 2148319.79 1809376.93  15.8%   2.4  195s
H297087 240206                    2145806.2608 1809377.03  15.7%   2.4  195s
H297413 240380                    2145796.2641 1809377.03  15.7%   2.4  196s
 301708 243388 2111427.97  900   68 2145796.26 1809377.50  15.7%   2.4  200s
 306591 247060 1914193.99 2369   66 2145796.26 1809377.53  15.7%   2.4  205s
 312571 250740 2122618.00  637   49 2145796.26 1809377.97  15.7%   2.5  210s
 316694 252617 2091860.18  234   53 2145796.26 1809378.19  15.7%   2.6  215s
 324274 259383 2121492.14  501   53 2145796.26 1809379.37  15.7%   2.7  220s
 330584 264782     cutoff  231      2145796.26 1809380.40  15.7%   2.7  225s
 336872 271112 2088577.34  217   82 2145796.26 1809381.58  15.7%   2.6  230s
 342594 275843 2053653.44  674   69 2145796.26 1809381.94  15.7%   2.6  235s
 349962 282883 2104484.06  314   60 2145796.26 1809383.29  15.7%   2.6  240s
H351019 282861                    2144256.9111 1809383.52  15.6%   2.6  241s
H352064 283849                    2144245.2178 1809383.52  15.6%   2.6  241s
 355577 287116 2115507.89  426   48 2144245.22 1809383.86  15.6%   2.7  245s
 361453 292472 1980201.16 1024   70 2144245.22 1809384.20  15.6%   2.7  250s
H363063 293726                    2144068.9493 1809385.90  15.6%   2.7  251s
H366837 267650                    2113208.5154 1809385.90  14.4%   2.7  254s
H367009 267905                    2113183.4709 1809385.90  14.4%   2.7  254s
 368068 268884 1934575.58 2606   74 2113183.47 1809385.90  14.4%   2.7  255s
 372734 273136 2063622.93  244   93 2113183.47 1809390.46  14.4%   2.7  260s
 378466 278585 1929948.35 1338   69 2113183.47 1809392.99  14.4%   2.7  265s
 383749 283747 2069977.03 1608   58 2113183.47 1809396.15  14.4%   2.7  270s
H384418 283581                    2112908.3089 1809396.15  14.4%   2.7  270s
H388448 287996                    2112908.2874 1809396.69  14.4%   2.7  273s
 390591 289938 1895645.88 2560   68 2112908.29 1809396.69  14.4%   2.7  275s
H391177 289976                    2112655.8414 1809396.69  14.4%   2.7  275s
H392758 291451                    2112655.8396 1809396.80  14.4%   2.7  277s
 395693 294107 2104664.11 2628   62 2112655.84 1809396.80  14.4%   2.7  280s
 402439 300522 1912753.72 2552   64 2112655.84 1809398.44  14.4%   2.7  285s
 407579 305149 1953565.46 2175   63 2112655.84 1809399.94  14.4%   2.7  290s
 414206 311269 1942310.37  226   79 2112655.84 1809402.93  14.4%   2.7  295s
H414388 291071                    2097466.1074 1809402.93  13.7%   2.7  296s
H414416 291067                    2097301.0326 1809402.93  13.7%   2.7  296s
H419292 295561                    2097301.0218 1809405.23  13.7%   2.7  300s
H422363 297754                    2097003.5502 1809405.93  13.7%   2.7  303s
H422722 298326                    2097003.4777 1809406.15  13.7%   2.7  303s
 424560 300194 1918773.64  722   72 2097003.48 1809406.15  13.7%   2.7  305s
H430325 305926                    2096999.9311 1809406.15  13.7%   2.7  309s
 430612 305928 1923502.35 2066   70 2096999.93 1809406.15  13.7%   2.7  311s
 434317 309991 2012771.13  191   95 2096999.93 1809406.92  13.7%   2.7  315s
 442414 317422 1907919.51  635   97 2096999.93 1809407.65  13.7%   2.7  320s
 447653 322217 1968147.36 2615   81 2096999.93 1809407.65  13.7%   2.7  325s
 453894 328808 1925495.03  520   70 2096999.93 1809408.21  13.7%   2.7  330s
 461379 335332 2035068.69 1844   58 2096999.93 1809408.50  13.7%   2.8  335s
 467906 341354 1941077.11  597   64 2096999.93 1809410.06  13.7%   2.8  340s
 474435 347423 1965391.37 2618   69 2096999.93 1809410.06  13.7%   2.8  345s
 482047 354741 1891879.56  381   88 2096999.93 1809412.08  13.7%   2.8  350s
 487899 360495 1906687.41 1844   67 2096999.93 1809412.08  13.7%   2.8  355s
 493797 366056 2073615.76  712   58 2096999.93 1809412.37  13.7%   2.8  360s
 499501 371670 2079358.21  615   58 2096999.93 1809413.12  13.7%   2.8  365s
 507319 379154 1921947.36 2126   64 2096999.93 1809413.27  13.7%   2.8  370s
H508824 379864                    2096661.9666 1809413.27  13.7%   2.8  371s
H511113 381819                    2096418.5686 1809414.14  13.7%   2.8  374s
 512283 382985     cutoff  633      2096418.57 1809414.57  13.7%   2.8  375s
H512346 382985                    2096418.5523 1809414.57  13.7%   2.8  375s
H515588 386201                    2096276.9962 1809414.81  13.7%   2.8  377s
H518885 389446                    2096276.8845 1809414.81  13.7%   2.8  380s
 524616 395142 1942977.57 1394   61 2096276.88 1809415.56  13.7%   2.8  385s
H527866 398042                    2096276.8681 1809415.56  13.7%   2.8  387s
 531940 402300 1964931.60 2952   62 2096276.87 1809415.56  13.7%   2.8  390s
 538577 408426 2077416.67  567   46 2096276.87 1809417.87  13.7%   2.8  395s
H540586 398155                    2087664.6698 1809418.56  13.3%   2.8  397s
H541105 397612                    2087157.8505 1809418.92  13.3%   2.8  397s
 542729 399261     cutoff  475      2087157.85 1809418.92  13.3%   2.8  400s
 550182 406792 2052126.65 2414   61 2087157.85 1809418.92  13.3%   2.8  405s
 558554 414607 1993710.22  206   97 2087157.85 1809420.38  13.3%   2.8  410s
 565707 421435     cutoff  474      2087157.85 1809421.11  13.3%   2.8  415s
 572607 428242 1920994.89 1703   59 2087157.85 1809421.11  13.3%   2.8  420s
 578272 433731 1922513.74 2576   59 2087157.85 1809421.11  13.3%   2.8  425s
 584543 439247 1970808.77 2648   66 2087157.85 1809424.39  13.3%   2.8  430s
 589912 444246 1943965.10 2296   63 2087157.85 1809424.89  13.3%   2.8  435s
H592344 446564                    2087157.5206 1809424.89  13.3%   2.8  436s
 596007 449866 1944837.05 1033   71 2087157.52 1809425.96  13.3%   2.8  440s
 602387 455590 1968010.70 2760   68 2087157.52 1809425.96  13.3%   2.9  445s
 607897 460690 2068081.87  560   56 2087157.52 1809427.47  13.3%   2.8  450s
 614036 466285 1902714.78 2173   64 2087157.52 1809427.61  13.3%   2.9  455s
 619548 471362 1894109.69  182   94 2087157.52 1809429.94  13.3%   2.9  460s
 626695 478197 1942421.37 1832   65 2087157.52 1809429.94  13.3%   2.8  465s
 632907 484074     cutoff  222      2087157.52 1809431.10  13.3%   2.8  470s
 637002 487885 1897809.93 2322   67 2087157.52 1809431.63  13.3%   2.9  475s
 644560 495055 1965105.73 2747   66 2087157.52 1809431.85  13.3%   2.9  480s
 648724 498704 2029893.56  322   90 2087157.52 1809431.85  13.3%   2.9  485s
 656915 506347 1958284.38 1598   65 2087157.52 1809431.85  13.3%   2.9  490s
 661612 510969 1966536.80 2749   69 2087157.52 1809431.85  13.3%   2.9  495s
 669447 518674 1925195.07  263   81 2087157.52 1809432.25  13.3%   2.9  500s
H673919 513641                    2081324.4607 1809432.25  13.1%   2.9  504s
 674713 514505 1941242.21 1520   64 2081324.46 1809432.25  13.1%   2.9  505s
 682958 522755 1951541.34  461   69 2081324.46 1809433.42  13.1%   2.9  510s
 690445 529664 1944806.07 1861   63 2081324.46 1809433.84  13.1%   2.9  515s
H696526 535310                    2081307.8209 1809435.42  13.1%   2.9  519s
 698528 537576 1949952.96 2358   64 2081307.82 1809435.42  13.1%   2.9  520s
 703585 542008     cutoff  378      2081307.82 1809436.56  13.1%   2.9  525s
 708279 545947 1951781.67  276   92 2081307.82 1809437.35  13.1%   2.9  530s
 715165 552742 1947066.20 1782   65 2081307.82 1809437.35  13.1%   2.9  535s
 720653 557322     cutoff  303      2081307.82 1809437.35  13.1%   2.9  540s
 728295 564910     cutoff  341      2081307.82 1809437.35  13.1%   2.9  545s
 733864 570284 1937481.00 1902   67 2081307.82 1809437.95  13.1%   2.9  550s
 741180 577018 1917053.48 1665   69 2081307.82 1809438.34  13.1%   2.9  555s
 747301 582854     cutoff  220      2081307.82 1809439.16  13.1%   2.9  560s
 753075 588339 1961157.67 2648   61 2081307.82 1809439.43  13.1%   2.9  565s
 760373 595638 1948216.26 1479   63 2081307.82 1809439.97  13.1%   2.9  570s
 766210 600855 2078771.73  606   70 2081307.82 1809440.72  13.1%   2.9  575s
 771211 604991 2079131.16  406  107 2081307.82 1809440.98  13.1%   2.9  580s
H772763 606484                    2081306.9222 1809440.98  13.1%   2.9  582s
 775853 609883 1960192.70 1946   60 2081306.92 1809440.98  13.1%   2.9  585s
 782037 615387     cutoff  482      2081306.92 1809440.98  13.1%   2.9  590s
H784763 617107                    2081306.5718 1809440.98  13.1%   2.9  592s
 787260 618944 2073167.92  516   99 2081306.57 1809440.98  13.1%   3.0  595s
 797209 627815 1923836.87  468   86 2081306.57 1809440.98  13.1%   3.0  600s
 805848 636332 1926229.51  426   85 2081306.57 1809440.98  13.1%   3.0  605s
 811608 642096 1942143.71 1666   65 2081306.57 1809440.98  13.1%   3.0  610s
 819734 649987     cutoff  485      2081306.57 1809440.98  13.1%   3.0  615s
 824323 654145 2060514.28  466   69 2081306.57 1809440.98  13.1%   3.0  620s
 829309 658130     cutoff  811      2081306.57 1809440.98  13.1%   3.0  625s
 835879 664722 2001989.84 2857   70 2081306.57 1809440.98  13.1%   3.0  630s
 841149 669095 1943256.08 2197   56 2081306.57 1809441.33  13.1%   3.0  635s
 845941 673103     cutoff  489      2081306.57 1809441.87  13.1%   3.0  640s
 851488 678222 1927899.10 2149   62 2081306.57 1809441.87  13.1%   3.0  645s
 855756 681249     cutoff  993      2081306.57 1809441.87  13.1%   3.0  650s
 863255 688425 1954936.34 3168   61 2081306.57 1809441.87  13.1%   3.0  655s
 867206 691602 2038493.44  895   75 2081306.57 1809441.87  13.1%   3.0  660s
 873136 695658 1900960.87 2413   64 2081306.57 1809441.87  13.1%   3.0  665s
 878704 700669 1928524.31  645   79 2081306.57 1809441.87  13.1%   3.1  670s
 885734 707308 1981650.50  983   65 2081306.57 1809441.87  13.1%   3.0  675s
H888965 709988                    2081306.4224 1809441.87  13.1%   3.1  679s
 889587 710706 2063481.74  984   48 2081306.42 1809441.87  13.1%   3.1  680s
 896453 717110 1961471.97 2430   60 2081306.42 1809441.87  13.1%   3.1  685s
 903213 723771 1890624.87 1031   76 2081306.42 1809441.87  13.1%   3.1  690s
 908087 727811 1901920.54 2445   65 2081306.42 1809441.87  13.1%   3.1  695s
 914319 733665 2072208.84 1005   90 2081306.42 1809441.87  13.1%   3.1  700s
 918038 736726     cutoff  982      2081306.42 1809441.87  13.1%   3.1  705s
 923600 741462 2065842.29  953   76 2081306.42 1809441.87  13.1%   3.1  710s
 928541 745652 2075056.60 1032   83 2081306.42 1809441.87  13.1%   3.1  715s
 932258 748691 1981193.25 2887   68 2081306.42 1809441.87  13.1%   3.1  720s
 935591 750278 2067812.34 1046   93 2081306.42 1809441.87  13.1%   3.1  725s
 939579 752531 1894489.55 1169   67 2081306.42 1809441.87  13.1%   3.2  730s
 944289 756807 1976642.89 3245   68 2081306.42 1809441.87  13.1%   3.2  735s
 949782 762499 1958829.77 2996   64 2081306.42 1809441.87  13.1%   3.2  740s
 956327 768757 1946543.48 1373   67 2081306.42 1809441.87  13.1%   3.2  745s
 961164 773728 1952008.00 2510   61 2081306.42 1809441.87  13.1%   3.2  750s
 968844 780693 1950434.12 2969   63 2081306.42 1809441.87  13.1%   3.2  755s
 975929 786717 1949601.04 2511   62 2081306.42 1809441.87  13.1%   3.2  760s
 981564 791850 1919916.93  928   87 2081306.42 1809441.87  13.1%   3.2  765s
 986375 795651 2070423.77  571   71 2081306.42 1809441.87  13.1%   3.2  770s
 991368 799374 1947075.68 1424   59 2081306.42 1809441.87  13.1%   3.2  775s
 998337 806426 1953335.34 2283   57 2081306.42 1809441.87  13.1%   3.2  780s
H999365 790246                    2073285.0885 1809441.87  12.7%   3.2  781s
H999961 790906                    2073285.0632 1809441.87  12.7%   3.2  782s
H1002209 792902                    2073284.7126 1809441.87  12.7%   3.2  784s
 1002702 793399 1972448.67 3382   68 2073284.71 1809441.87  12.7%   3.2  785s
 1008592 798941 1940466.23  979   63 2073284.71 1809441.87  12.7%   3.2  790s
 1014542 804412 1950503.24 2481   61 2073284.71 1809441.87  12.7%   3.2  795s
 1019907 809681 2052953.05 1084   67 2073284.71 1809441.87  12.7%   3.2  800s
 1025941 815781 1981876.75 2818   60 2073284.71 1809441.87  12.7%   3.2  805s
 1033061 822369 2007588.76  760   78 2073284.71 1809441.87  12.7%   3.2  810s
 1040173 828795 2021448.16 3408   56 2073284.71 1809441.87  12.7%   3.2  815s
 1046012 834582 1966058.23 3101   58 2073284.71 1809441.87  12.7%   3.2  820s
 1052808 840750 2035292.54  528   92 2073284.71 1809441.87  12.7%   3.2  825s
 1057671 845063 2061997.98  709   58 2073284.71 1809441.87  12.7%   3.2  830s
 1061495 848395 1945740.39 2593   69 2073284.71 1809441.87  12.7%   3.2  835s
 1065981 852002 1903973.73 1679   66 2073284.71 1809441.87  12.7%   3.3  841s
 1071221 857266 1985049.18 3110   72 2073284.71 1809441.87  12.7%   3.3  846s
 1075541 861610 1960787.33  607   73 2073284.71 1809442.00  12.7%   3.3  850s
 1082276 868152 1965380.54  626   73 2073284.71 1809442.58  12.7%   3.3  855s
 1088342 873777 1952488.87 1204   76 2073284.71 1809443.12  12.7%   3.2  860s
 1094154 879303 2035671.09  628   70 2073284.71 1809443.27  12.7%   3.3  865s
 1099394 884338 2032495.28  476   61 2073284.71 1809443.75  12.7%   3.2  870s
 1105857 889932     cutoff  300      2073284.71 1809444.15  12.7%   3.2  875s
 1111662 895774 2024061.14 1525   81 2073284.71 1809444.16  12.7%   3.2  880s
 1118011 901604 1976679.15 1404   68 2073284.71 1809444.83  12.7%   3.2  885s
 1124807 908218 2009469.24 1815   60 2073284.71 1809445.28  12.7%   3.2  890s
 1130162 913481 1934756.14  927   72 2073284.71 1809445.73  12.7%   3.2  895s
 1136118 919174 2030985.57  401   78 2073284.71 1809446.14  12.7%   3.2  900s
 1142437 923202 2058016.94 2634   43 2073284.71 1809446.21  12.7%   3.2  905s
 1147682 928339 1968300.99  958   74 2073284.71 1809446.55  12.7%   3.2  910s
 1152816 932769 1960075.33 1789   73 2073284.71 1809446.55  12.7%   3.2  915s
 1158918 938908 1966005.72 2639   75 2073284.71 1809446.55  12.7%   3.2  920s
 1164449 943777 2009499.41 2261   65 2073284.71 1809448.12  12.7%   3.3  925s
 1170144 949579 1994306.28  963   79 2073284.71 1809448.57  12.7%   3.2  930s
 1176925 956299 1997120.87 1488   78 2073284.71 1809448.57  12.7%   3.2  935s
 1182644 961522 1907732.07  216   86 2073284.71 1809449.97  12.7%   3.3  940s
 1187727 965648     cutoff  240      2073284.71 1809450.57  12.7%   3.3  945s
 1194624 972738 2032685.15 2391   65 2073284.71 1809450.57  12.7%   3.3  950s
 1200756 977514 2023113.78 2086   52 2073284.71 1809450.64  12.7%   3.3  955s
 1205498 982121 1965376.03  344   94 2073284.71 1809451.10  12.7%   3.2  960s
 1210367 986146     cutoff  921      2073284.71 1809451.10  12.7%   3.3  965s
 1215719 991044 1969036.96  311   90 2073284.71 1809451.10  12.7%   3.3  970s
 1223330 998186 1974403.55 2274   75 2073284.71 1809451.47  12.7%   3.3  975s
 1229659 1004154 1972133.28 1444   66 2073284.71 1809452.52  12.7%   3.3  980s
H1234418 1000658                    2071011.7647 1809452.65  12.6%   3.3  983s
 1235380 1001353 2052349.69  260   80 2071011.76 1809453.04  12.6%   3.3  985s
 1241517 1007417 2017880.56 2478   65 2071011.76 1809453.11  12.6%   3.3  990s
 1246548 1012241 1988390.44 1140   79 2071011.76 1809454.05  12.6%   3.3  995s
 1251921 1017554 2012516.28 3524   80 2071011.76 1809454.07  12.6%   3.3 1000s
H1252420 1017769                    2070960.1484 1809454.26  12.6%   3.3 1000s
H1254513 1019491                    2070952.5872 1809454.29  12.6%   3.3 1002s
 1256909 1022052 2044685.29  699   59 2070952.59 1809454.49  12.6%   3.3 1005s
H1257747 1014866                    2068409.3920 1809454.49  12.5%   3.3 1006s
H1258653 1016077                    2068400.6860 1809454.49  12.5%   3.3 1007s
H1258991 1016475                    2068400.6824 1809454.49  12.5%   3.3 1008s
H1259187 1016473                    2068400.1901 1809454.49  12.5%   3.3 1008s
H1260134 1017554                    2068377.9890 1809454.49  12.5%   3.3 1009s
 1261197 1018597 2050771.49 1735   50 2068377.99 1809454.49  12.5%   3.3 1010s
 1266026 1022176     cutoff  904      2068377.99 1809454.67  12.5%   3.3 1015s
 1271137 1027256 1966116.26  572   78 2068377.99 1809455.76  12.5%   3.3 1020s
 1277040 1032551 1987989.40  277   76 2068377.99 1809456.40  12.5%   3.3 1025s
 1283071 1037905 2059952.24  339   94 2068377.99 1809456.61  12.5%   3.3 1030s
H1283477 1038233                    2068377.7268 1809456.61  12.5%   3.3 1030s
 1290199 1045274 2041090.65 2108   66 2068377.73 1809456.61  12.5%   3.3 1035s
 1296016 1050513 2028261.67 2729   70 2068377.73 1809456.61  12.5%   3.3 1040s
 1302987 1057108 2029482.98 1185   66 2068377.73 1809456.61  12.5%   3.3 1045s
 1309337 1063724 2034486.10 1867   67 2068377.73 1809456.61  12.5%   3.3 1050s
 1314176 1067709 2023964.14  696   76 2068377.73 1809456.61  12.5%   3.3 1055s
 1320917 1074406 2053405.49  267   83 2068377.73 1809456.77  12.5%   3.3 1060s
 1324273 1076952 2005852.87  887   81 2068377.73 1809456.83  12.5%   3.3 1065s
 1329674 1082060 2025146.66 2074   60 2068377.73 1809456.83  12.5%   3.3 1070s
 1334866 1085691 1993986.57  636   84 2068377.73 1809456.83  12.5%   3.3 1075s
 1340875 1091646 2007092.83 1924   68 2068377.73 1809456.83  12.5%   3.3 1080s
 1346302 1095869 2063368.47  444   92 2068377.73 1809456.83  12.5%   3.3 1085s
 1351661 1100366 2056148.90 1428   58 2068377.73 1809456.83  12.5%   3.3 1090s
 1356803 1105161 2020256.25 1180   82 2068377.73 1809456.83  12.5%   3.3 1095s
 1363526 1111735 2035795.78 2685   74 2068377.73 1809456.83  12.5%   3.3 1100s
 1367852 1115355 2054444.90  661   60 2068377.73 1809456.83  12.5%   3.3 1105s
 1374666 1121575 2029844.15 1472   43 2068377.73 1809456.83  12.5%   3.3 1110s
 1378971 1125506     cutoff 2863      2068377.73 1809456.83  12.5%   3.3 1115s
 1383050 1128634 2053950.78  789   88 2068377.73 1809456.83  12.5%   3.3 1120s
 1388105 1133179 2014116.18 2186   73 2068377.73 1809457.15  12.5%   3.3 1125s
 1392889 1137647 1958958.74  242   83 2068377.73 1809457.45  12.5%   3.3 1130s
 1400378 1144830 2050910.87 2527   60 2068377.73 1809457.72  12.5%   3.3 1135s
 1404644 1148373 1994376.90 2555   74 2068377.73 1809457.72  12.5%   3.3 1140s
 1409381 1152769 1933717.64  678   83 2068377.73 1809457.72  12.5%   3.3 1145s
 1414645 1157719 2012775.27 2179   69 2068377.73 1809457.72  12.5%   3.3 1150s
 1418941 1160971 2020683.89  622   81 2068377.73 1809457.72  12.5%   3.3 1155s
 1424170 1165478 infeasible  732      2068377.73 1809457.72  12.5%   3.3 1160s
 1429457 1170451 2048648.83 1033   69 2068377.73 1809457.72  12.5%   3.3 1165s
 1433770 1173936 2024337.94 2898   62 2068377.73 1809457.72  12.5%   3.4 1170s
H1438631 1178249                    2068376.9180 1809457.72  12.5%   3.4 1174s
 1439141 1178980     cutoff 1060      2068376.92 1809457.72  12.5%   3.4 1175s
 1443974 1183547 2026711.89 2076   75 2068376.92 1809457.72  12.5%   3.4 1180s
 1449931 1188775 2042502.19 3313   73 2068376.92 1809457.72  12.5%   3.4 1185s
 1454812 1192955 2057543.49 1846   53 2068376.92 1809457.72  12.5%   3.4 1190s
 1462242 1199891 2034929.69 3009   62 2068376.92 1809457.72  12.5%   3.4 1195s
 1465307 1201611 1891317.75  789   87 2068376.92 1809457.72  12.5%   3.4 1200s
 1468353 1203341 2067235.93  817  102 2068376.92 1809457.72  12.5%   3.4 1205s
 1474057 1208932 2014728.93 3179   58 2068376.92 1809457.72  12.5%   3.4 1210s
 1478519 1212648 1998935.71  920   82 2068376.92 1809457.72  12.5%   3.4 1215s
 1483349 1217115 2039249.78 2280   52 2068376.92 1809457.72  12.5%   3.4 1220s
 1488571 1221820     cutoff  659      2068376.92 1809457.72  12.5%   3.4 1225s
 1493370 1226065 2036211.34 1111   64 2068376.92 1809457.72  12.5%   3.5 1230s
 1499918 1231920 2057405.34  782   79 2068376.92 1809457.72  12.5%   3.5 1235s
 1508352 1239609 2055151.51  646  100 2068376.92 1809457.72  12.5%   3.5 1240s
H1508437 1239653                    2068376.4256 1809457.72  12.5%   3.5 1240s
 1514005 1244151     cutoff  968      2068376.43 1809457.72  12.5%   3.5 1245s
 1520024 1249561 2056949.50  871   82 2068376.43 1809457.72  12.5%   3.5 1250s
 1525732 1255263 2012816.51 3011   63 2068376.43 1809457.72  12.5%   3.5 1255s
 1530893 1259069     cutoff 1028      2068376.43 1809457.72  12.5%   3.5 1260s
 1540128 1268086 2049985.68 3210   65 2068376.43 1809457.72  12.5%   3.5 1265s
 1544922 1271758 1944675.82  674   81 2068376.43 1809457.72  12.5%   3.5 1270s
 1551300 1277439 2033285.44 3468   70 2068376.43 1809457.72  12.5%   3.5 1275s
 1556949 1282485 2067888.73  670   94 2068376.43 1809457.72  12.5%   3.5 1280s
 1563175 1287963 2045568.90  236   88 2068376.43 1809458.03  12.5%   3.5 1285s
 1570836 1295051 2047726.72 1132   65 2068376.43 1809458.52  12.5%   3.5 1290s
 1577849 1301912 2025655.77 1808   60 2068376.43 1809459.22  12.5%   3.5 1295s
 1585950 1309622 2035770.47  566   66 2068376.43 1809459.81  12.5%   3.5 1300s
 1592263 1315112 2026749.14 1994   61 2068376.43 1809459.81  12.5%   3.5 1305s
 1598332 1320780 1891226.69  446   80 2068376.43 1809459.81  12.5%   3.5 1310s
 1603582 1325937 2012181.75 1284   73 2068376.43 1809459.81  12.5%   3.5 1315s
 1608268 1330294 2035954.48 3546   77 2068376.43 1809459.81  12.5%   3.5 1320s
 1614128 1335310     cutoff 1458      2068376.43 1809459.81  12.5%   3.5 1325s
 1619382 1340091 2027667.28 3775   69 2068376.43 1809459.81  12.5%   3.5 1330s
 1625761 1345988 2006349.42 2941   70 2068376.43 1809459.81  12.5%   3.5 1335s
 1629723 1349124     cutoff 1384      2068376.43 1809459.81  12.5%   3.5 1340s
 1636115 1354872 2023566.74 3802   71 2068376.43 1809459.81  12.5%   3.5 1345s
 1641028 1359289 2005846.27 2267   65 2068376.43 1809459.81  12.5%   3.5 1351s
 1644923 1362666 1812348.65  965   77 2068376.43 1809459.81  12.5%   3.5 1355s
 1651286 1368288 2013588.66 3294   66 2068376.43 1809459.81  12.5%   3.5 1360s
 1658233 1374185 1956312.82 1031   83 2068376.43 1809459.81  12.5%   3.6 1365s
 1666795 1382525     cutoff 1010      2068376.43 1809459.81  12.5%   3.6 1370s
H1670204 1385024                    2068376.2751 1809459.81  12.5%   3.6 1373s
 1671337 1385595     cutoff 1435      2068376.28 1809459.81  12.5%   3.6 1375s
H1675873 1374863                    2062001.2171 1809459.81  12.2%   3.6 1379s
 1676397 1375078 2056426.70 1717   47 2062001.22 1809459.81  12.2%   3.6 1380s
 1679383 1377146 1938389.83 1246   87 2062001.22 1809459.81  12.2%   3.6 1385s
H1683887 1375465                    2060800.9972 1809459.81  12.2%   3.6 1388s
 1686458 1378291 2049167.79 1393   75 2060801.00 1809459.81  12.2%   3.6 1390s
 1691800 1382543 2043002.06 1280   84 2060801.00 1809459.81  12.2%   3.6 1395s
 1694858 1385280 2036603.21  966   65 2060801.00 1809459.81  12.2%   3.6 1400s
 1699200 1388185 2049060.51  983   95 2060801.00 1809459.81  12.2%   3.6 1405s
H1700348 1379879                    2059179.8733 1809459.81  12.1%   3.6 1406s
H1700445 1357148                    2053329.6242 1809459.81  11.9%   3.6 1407s
H1700715 1357365                    2053289.3028 1809459.81  11.9%   3.6 1408s
 1702251 1358368 1894044.89 1319   76 2053289.30 1809459.81  11.9%   3.6 1410s
 1704869 1360447 1894044.89  899   76 2053289.30 1809459.81  11.9%   3.7 1415s
 1707929 1362650 2015317.54 1150   84 2053289.30 1809459.81  11.9%   3.7 1420s
 1711489 1365330     cutoff 1021      2053289.30 1809459.81  11.9%   3.7 1425s
H1712548 1358873                    2051852.1818 1809459.81  11.8%   3.7 1428s
 1713453 1359447     cutoff 1382      2051852.18 1809459.81  11.8%   3.7 1430s
 1716962 1362144 2033122.98  628   65 2051852.18 1809459.81  11.8%   3.7 1435s
 1720880 1364948 2042462.84  495  102 2051852.18 1809459.81  11.8%   3.7 1440s
H1722862 1352198                    2049712.6282 1809459.81  11.7%   3.7 1442s
H1723439 1305120                    2043382.4489 1809459.81  11.4%   3.7 1443s
H1723879 1305123                    2043362.7544 1809459.81  11.4%   3.7 1443s
 1724814 1305710 1985114.39  594   88 2043362.75 1809459.81  11.4%   3.7 1445s
 1728813 1308872 1892570.71  475   88 2043362.75 1809459.81  11.4%   3.8 1450s
 1732595 1311421 2032643.96  748  103 2043362.75 1809459.81  11.4%   3.8 1455s
 1737794 1316094 2006662.83 1047   84 2043362.75 1809459.81  11.4%   3.8 1460s
H1738287 1315360                    2043171.9392 1809459.81  11.4%   3.8 1460s
 1740569 1317136 2032615.47  670  106 2043171.94 1809459.81  11.4%   3.8 1465s
 1744881 1320786     cutoff 1020      2043171.94 1809459.81  11.4%   3.8 1470s
 1748652 1323126 1942488.84  755   85 2043171.94 1809459.81  11.4%   3.8 1475s
 1751631 1325463     cutoff  930      2043171.94 1809459.81  11.4%   3.8 1480s
 1754023 1327222 2024500.34 1133   76 2043171.94 1809459.81  11.4%   3.9 1485s
 1757379 1329403 1990562.36  789   77 2043171.94 1809459.81  11.4%   3.9 1490s
 1761074 1332326 2019347.97  464   81 2043171.94 1809459.81  11.4%   3.9 1495s
 1764153 1334203 2026784.71  694   82 2043171.94 1809459.81  11.4%   3.9 1500s
H1767344 1335542                    2042900.1681 1809459.81  11.4%   3.9 1504s
 1767546 1335910 2038871.96  551   58 2042900.17 1809459.81  11.4%   3.9 1505s
 1770447 1337860 1944482.69  823   87 2042900.17 1809459.81  11.4%   3.9 1510s
H1771203 1338413                    2042899.5261 1809459.81  11.4%   3.9 1511s
 1773113 1339339 1942536.07  753   82 2042899.53 1809459.81  11.4%   3.9 1515s
 1775639 1340924 1935231.53  294   85 2042899.53 1809459.81  11.4%   4.0 1520s
 1779156 1343660 2041193.46  469  108 2042899.53 1809459.81  11.4%   4.0 1525s
 1782322 1345664 2007129.68  374   73 2042899.53 1809459.81  11.4%   4.0 1530s
H1784268 1347011                    2042899.4610 1809459.81  11.4%   4.0 1533s
 1785062 1347770     cutoff  649      2042899.46 1809459.81  11.4%   4.0 1535s
 1789773 1351346 2041666.04 1024   24 2042899.46 1809459.81  11.4%   4.0 1540s
H1789848 1343119                    2041770.3900 1809459.81  11.4%   4.0 1541s
 1792009 1344684 2037963.47  721   87 2041770.39 1809459.82  11.4%   4.0 1545s
 1795758 1347598 1905289.31 2002   87 2041770.39 1809459.84  11.4%   4.0 1550s
 1799540 1349866 1955009.36 1987   80 2041770.39 1809459.84  11.4%   4.1 1555s
 1803391 1352491 1940977.51 2117   78 2041770.39 1809459.84  11.4%   4.1 1560s
H1803816 1327230                    2038485.0086 1809459.84  11.2%   4.1 1561s
H1805461 1327930                    2038484.9608 1809459.84  11.2%   4.1 1565s
 1808446 1329724 2025580.53 1900   81 2038484.96 1809459.84  11.2%   4.1 1570s
 1811570 1332450     cutoff 1745      2038484.96 1809459.84  11.2%   4.1 1575s
H1812347 1332730                    2038484.8900 1809459.84  11.2%   4.1 1576s
 1814875 1334464 1957608.96 1893   81 2038484.89 1809459.84  11.2%   4.2 1580s
 1818998 1337318 2035460.07 1936  111 2038484.89 1809459.84  11.2%   4.2 1585s
 1822953 1339581 1950295.83 1621   90 2038484.89 1809459.84  11.2%   4.2 1590s
 1826473 1342563 2023159.61 1719   90 2038484.89 1809459.84  11.2%   4.2 1595s
 1830427 1344743 1896721.44 1685   88 2038484.89 1809459.84  11.2%   4.2 1600s
 1833846 1347135 1956807.57 2010   83 2038484.89 1809459.84  11.2%   4.3 1605s
 1836594 1349730     cutoff 1754      2038484.89 1809459.84  11.2%   4.3 1610s
 1841129 1352176 1988409.04 1600   80 2038484.89 1809459.84  11.2%   4.3 1615s
 1843664 1353773 2038095.46 1976  101 2038484.89 1809459.84  11.2%   4.3 1620s
 1846636 1355776 2014453.35 1750   82 2038484.89 1809459.84  11.2%   4.3 1625s
 1850496 1357874 2030995.16 1964  108 2038484.89 1809459.84  11.2%   4.4 1630s
 1853412 1359674 1893293.19 1536   84 2038484.89 1809459.84  11.2%   4.4 1635s
 1856590 1361263 1895086.51 1863   89 2038484.89 1809459.84  11.2%   4.4 1640s
 1860641 1364595 2032600.21 2047  107 2038484.89 1809459.84  11.2%   4.4 1645s
 1863668 1366889     cutoff 1805      2038484.89 1809459.84  11.2%   4.4 1650s
H1865734 1365163                    2038135.5755 1809459.84  11.2%   4.4 1654s
 1866577 1366069 2008136.49 1545   82 2038135.58 1809459.84  11.2%   4.4 1655s
 1870535 1369602 1954558.95 1578   92 2038135.58 1809459.84  11.2%   4.5 1660s
 1874348 1371477 1946051.26 1537   84 2038135.58 1809459.84  11.2%   4.5 1665s
 1879380 1375309     cutoff 1854      2038135.58 1809459.84  11.2%   4.5 1670s
 1883880 1379250 2029433.51 1865   96 2038135.58 1809459.84  11.2%   4.5 1675s
 1887070 1381712 1929247.90 1423   86 2038135.58 1809459.84  11.2%   4.5 1680s
 1890112 1383353 2002542.45 1556   93 2038135.58 1809459.84  11.2%   4.5 1685s
 1894020 1386115 2006432.64 1979   79 2038135.58 1809459.84  11.2%   4.6 1690s
 1898642 1389516     cutoff  510      2038135.58 1809460.24  11.2%   4.6 1695s
 1903290 1393047 2035887.02  527   90 2038135.58 1809460.24  11.2%   4.6 1700s
 1908415 1396585 infeasible  540      2038135.58 1809460.24  11.2%   4.6 1705s
H1908416 1396371                    2038108.5390 1809460.24  11.2%   4.6 1705s
 1911552 1398977 1980051.06  465   84 2038108.54 1809460.24  11.2%   4.6 1710s
 1914206 1400789     cutoff 1109      2038108.54 1809460.68  11.2%   4.6 1715s
 1917904 1403710     cutoff  623      2038108.54 1809461.12  11.2%   4.6 1720s
 1921313 1406165 2025454.74  267   87 2038108.54 1809462.29  11.2%   4.6 1725s
 1924765 1409041 1928600.46  838   87 2038108.54 1809462.29  11.2%   4.7 1730s
H1926686 1408328                    2038056.5073 1809462.29  11.2%   4.7 1731s
 1928763 1409743 1987939.21 1074   90 2038056.51 1809462.29  11.2%   4.7 1735s
 1932333 1412553 1922344.99  862   88 2038056.51 1809462.29  11.2%   4.7 1740s
H1934151 1400943                    2036466.9955 1809462.29  11.1%   4.7 1742s
 1935619 1401838     cutoff 1094      2036467.00 1809462.29  11.1%   4.7 1745s
 1939313 1404204 2016205.31  806   70 2036467.00 1809462.29  11.1%   4.7 1750s
 1942300 1406530 1955631.67 1031   89 2036467.00 1809462.29  11.1%   4.7 1755s
H1944386 1407349                    2036453.0043 1809462.29  11.1%   4.7 1759s
 1944476 1407351 1934855.20  979   82 2036453.00 1809462.29  11.1%   4.7 1760s
 1947948 1410418 1930055.74  860   88 2036453.00 1809462.29  11.1%   4.8 1765s
 1951473 1412911     cutoff  938      2036453.00 1809462.29  11.1%   4.8 1770s
 1954282 1414697 infeasible  861      2036453.00 1809462.29  11.1%   4.8 1775s
 1957181 1416416 1813637.13  214   81 2036453.00 1809462.29  11.1%   4.8 1780s
H1958441 1417724                    2036452.9143 1809462.29  11.1%   4.8 1782s
 1960077 1418725 2031059.37  808  109 2036452.91 1809462.29  11.1%   4.8 1785s
 1963372 1421454 1991520.86 1083   79 2036452.91 1809462.29  11.1%   4.8 1790s
 1967552 1424279     cutoff 1039      2036452.91 1809462.29  11.1%   4.8 1795s
 1971573 1427642     cutoff 1177      2036452.91 1809462.29  11.1%   4.8 1800s
 1975170 1429742 1976351.73  241   90 2036452.91 1809464.34  11.1%   4.9 1805s
 1980281 1434175 1954456.56  241  101 2036452.91 1809465.47  11.1%   4.9 1810s
 1983862 1437026 2018143.13  253  100 2036452.91 1809467.22  11.1%   4.9 1815s
H1987951 1440520                    2036452.5120 1809468.00  11.1%   4.9 1818s
 1989076 1441151     cutoff 1225      2036452.51 1809468.90  11.1%   4.9 1820s
 1992431 1443528 1951354.58  524   83 2036452.51 1809468.90  11.1%   4.9 1825s
 1995463 1445439 1965477.94  400   90 2036452.51 1809468.90  11.1%   4.9 1830s
H1995738 1445405                    2036448.8611 1809468.90  11.1%   4.9 1830s
 1998668 1447889 1997799.26  594   71 2036448.86 1809468.90  11.1%   4.9 1835s
 2001828 1450033 1995316.50  428   94 2036448.86 1809468.90  11.1%   4.9 1840s
 2005187 1452451 1953670.78  477   81 2036448.86 1809468.90  11.1%   4.9 1845s
 2008651 1455121 1935060.94  275   86 2036448.86 1809470.09  11.1%   4.9 1850s
H2009563 1348477                    2027091.6469 1809470.09  10.7%   4.9 1850s
H2009796 1331231                    2025941.9820 1809470.23  10.7%   4.9 1851s
H2009893 1325433                    2025529.1595 1809470.23  10.7%   4.9 1851s
 2011461 1326261 2012703.92  635   97 2025529.16 1809470.52  10.7%   4.9 1855s
 2014889 1328710 2013249.25  861   87 2025529.16 1809470.52  10.7%   4.9 1860s
 2017728 1330034 2002960.25 1006   93 2025529.16 1809470.52  10.7%   5.0 1865s
 2020684 1331762     cutoff  956      2025529.16 1809470.52  10.7%   5.0 1870s
 2023850 1333977     cutoff  980      2025529.16 1809470.52  10.7%   5.0 1875s
 2026927 1336093 2021783.83 1006   96 2025529.16 1809470.52  10.7%   5.0 1880s
 2030072 1338312 2008546.22  858   88 2025529.16 1809470.52  10.7%   5.0 1885s
 2032757 1340374 2014410.62  756   94 2025529.16 1809470.52  10.7%   5.0 1890s
 2036572 1342761 2019005.72  908   91 2025529.16 1809470.52  10.7%   5.0 1895s
H2036869 1333535                    2024901.6294 1809470.52  10.6%   5.0 1896s
H2037055 1333554                    2024894.8853 1809470.52  10.6%   5.0 1897s
H2037338 1333652                    2024894.4323 1809470.52  10.6%   5.0 1897s
 2038744 1334802 2015072.74  727   96 2024894.43 1809470.52  10.6%   5.0 1900s
 2042006 1336667 2017541.28  975  106 2024894.43 1809470.52  10.6%   5.1 1905s
 2044523 1338733 1955592.75  622   86 2024894.43 1809470.52  10.6%   5.1 1910s
 2047732 1340914 2003107.40  750   95 2024894.43 1809470.52  10.6%   5.1 1915s
 2050776 1342840     cutoff  757      2024894.43 1809470.52  10.6%   5.1 1920s
 2052971 1344416 2022282.80  857  104 2024894.43 1809470.54  10.6%   5.1 1925s
H2053570 1344857                    2024894.1646 1809470.86  10.6%   5.1 1926s
 2055937 1346377 1995060.72  609   77 2024894.16 1809471.01  10.6%   5.1 1930s
 2058485 1348030     cutoff 1124      2024894.16 1809471.50  10.6%   5.1 1935s
 2061828 1350459     cutoff  302      2024894.16 1809473.00  10.6%   5.1 1940s
 2064660 1352691 1987648.13  361   92 2024894.16 1809474.22  10.6%   5.1 1945s
 2067743 1354920 2016184.47  242  104 2024894.16 1809475.41  10.6%   5.1 1950s
 2071179 1357567     cutoff  242      2024894.16 1809477.66  10.6%   5.2 1955s
 2074172 1359972 2013672.40  311  109 2024894.16 1809479.12  10.6%   5.2 1960s
 2077446 1362270 2003138.15  267   88 2024894.16 1809480.67  10.6%   5.2 1965s
 2080120 1364178 2010798.49  270   92 2024894.16 1809481.97  10.6%   5.2 1970s
 2083155 1366458     cutoff  230      2024894.16 1809483.48  10.6%   5.2 1975s
 2086881 1369274 1934834.73  235   92 2024894.16 1809485.32  10.6%   5.2 1980s
 2090476 1372022 1961055.32  306   82 2024894.16 1809486.90  10.6%   5.2 1985s
 2093558 1373887 2014068.96 1186  102 2024894.16 1809488.63  10.6%   5.2 1990s
 2096642 1376316 1907084.82  172  101 2024894.16 1809489.97  10.6%   5.2 1995s
 2099257 1378378 2002243.78  242   98 2024894.16 1809490.92  10.6%   5.2 2000s
 2103149 1381294 1958734.84  369   80 2024894.16 1809492.00  10.6%   5.2 2005s
 2105834 1383227 infeasible  429      2024894.16 1809492.00  10.6%   5.3 2010s
 2109365 1385953 1970086.61  360   89 2024894.16 1809492.00  10.6%   5.3 2015s
 2113810 1389424 2021432.36  481   87 2024894.16 1809492.00  10.6%   5.3 2020s
 2116788 1391808 1904878.18  371   86 2024894.16 1809492.00  10.6%   5.3 2025s
 2120200 1394309 2017584.27 1452   86 2024894.16 1809492.03  10.6%   5.3 2030s
 2123873 1396770 1953156.99 1059   85 2024894.16 1809492.03  10.6%   5.3 2035s
 2126727 1399079 1995971.00 1500   90 2024894.16 1809492.03  10.6%   5.3 2040s
 2129483 1401002 2015476.59 1058   94 2024894.16 1809492.03  10.6%   5.3 2045s
 2132650 1403357 1947117.87 1374   81 2024894.16 1809492.03  10.6%   5.3 2050s
 2134776 1404621 2001085.31 1406   96 2024894.16 1809492.03  10.6%   5.3 2055s
 2138136 1407260 1993278.68 1338   84 2024894.16 1809492.03  10.6%   5.4 2060s
 2140532 1408588 1997695.42  874   83 2024894.16 1809492.03  10.6%   5.4 2065s
 2144026 1410789     cutoff 1455      2024894.16 1809492.03  10.6%   5.4 2070s
 2146444 1412515 1932526.47  932  101 2024894.16 1809492.03  10.6%   5.4 2075s
 2149524 1414513     cutoff 1244      2024894.16 1809492.03  10.6%   5.4 2080s
 2152218 1416600 1965310.12 1036   93 2024894.16 1809492.03  10.6%   5.4 2085s
H2153969 1412513                    2024586.4478 1809492.03  10.6%   5.4 2088s
 2155118 1413015     cutoff  910      2024586.45 1809492.03  10.6%   5.4 2090s
H2155656 1413453                    2024586.3762 1809492.03  10.6%   5.4 2091s
 2158247 1415436 1957100.39  863   84 2024586.38 1809492.03  10.6%   5.4 2095s
 2161211 1417339     cutoff  952      2024586.38 1809492.03  10.6%   5.4 2100s
H2163933 1419190                    2024586.3665 1809492.03  10.6%   5.4 2104s
 2164961 1419650     cutoff  948      2024586.37 1809492.03  10.6%   5.4 2105s
 2168126 1421632     cutoff 1279      2024586.37 1809492.03  10.6%   5.5 2110s
 2170816 1423447 1955337.78  903   82 2024586.37 1809492.03  10.6%   5.5 2115s
 2174228 1425798     cutoff  846      2024586.37 1809492.03  10.6%   5.5 2120s
 2176751 1427273 2017350.96  617  100 2024586.37 1809492.03  10.6%   5.5 2125s
 2180165 1429537 1985758.19  515   85 2024586.37 1809492.03  10.6%   5.5 2130s
H2183714 1431619                    2024586.2949 1809492.03  10.6%   5.5 2134s
 2183829 1431697     cutoff  839      2024586.29 1809492.03  10.6%   5.5 2135s
 2186098 1433263     cutoff  770      2024586.29 1809492.03  10.6%   5.5 2140s
 2189508 1435935     cutoff 1071      2024586.29 1809492.03  10.6%   5.5 2145s
 2192164 1437707 2021279.03 1106  110 2024586.29 1809492.03  10.6%   5.5 2150s
 2195884 1440329     cutoff  816      2024586.29 1809492.03  10.6%   5.5 2155s
 2197634 1441585 1978414.23  792   82 2024586.29 1809492.03  10.6%   5.6 2160s
 2200931 1443880 1992621.21  785   79 2024586.29 1809492.03  10.6%   5.6 2165s
 2203337 1445220     cutoff 1142      2024586.29 1809492.03  10.6%   5.6 2170s
 2206354 1447620 2004677.53 1485   83 2024586.29 1809492.03  10.6%   5.6 2175s
 2209255 1449556     cutoff 1113      2024586.29 1809492.03  10.6%   5.6 2180s
 2211732 1450980 1981023.98 1358   88 2024586.29 1809492.03  10.6%   5.6 2185s
 2214579 1452953 2019919.10 1374   88 2024586.29 1809492.03  10.6%   5.6 2190s
 2217700 1455139 1932864.00 1363  100 2024586.29 1809492.03  10.6%   5.6 2195s
 2220688 1456959 1988070.75  900   99 2024586.29 1809492.03  10.6%   5.6 2200s
 2223163 1458589 1998059.63 1212   83 2024586.29 1809492.03  10.6%   5.6 2205s
 2227045 1461002 1931742.36 1827   89 2024586.29 1809492.18  10.6%   5.6 2210s
 2229890 1463201     cutoff 2075      2024586.29 1809492.18  10.6%   5.7 2215s
 2233471 1465697 2005149.45 2096   71 2024586.29 1809492.18  10.6%   5.7 2220s
 2236710 1467733 2018944.16 2038  110 2024586.29 1809492.18  10.6%   5.7 2225s
 2239782 1469402 1923528.97 1948   89 2024586.29 1809492.18  10.6%   5.7 2230s
 2242578 1470932 2013230.27 1911   96 2024586.29 1809492.18  10.6%   5.7 2235s
 2247007 1474115     cutoff 1848      2024586.29 1809492.18  10.6%   5.7 2240s
 2249681 1476111 1965931.25 1945   88 2024586.29 1809492.18  10.6%   5.7 2245s
 2252788 1477984 1962600.76 1803  101 2024586.29 1809492.18  10.6%   5.7 2250s
 2255547 1479634 2013733.57 2088   91 2024586.29 1809492.18  10.6%   5.8 2255s
 2258323 1481479 2011729.27 1725   86 2024586.29 1809492.18  10.6%   5.8 2260s
 2261336 1483242 2017832.66 1824  102 2024586.29 1809492.18  10.6%   5.8 2265s
H2263500 1484407                    2024586.1077 1809492.18  10.6%   5.8 2269s
 2263994 1484577 2010977.50 1660   91 2024586.11 1809492.18  10.6%   5.8 2270s
 2267007 1486771     cutoff 1968      2024586.11 1809492.18  10.6%   5.8 2275s
 2269785 1488715 1945430.41 1787   80 2024586.11 1809492.18  10.6%   5.8 2280s
 2272416 1490168 2022350.06 1693   85 2024586.11 1809492.18  10.6%   5.8 2285s
 2274988 1491627 2022003.90 2012  102 2024586.11 1809492.18  10.6%   5.8 2290s
 2277903 1493667     cutoff 1598      2024586.11 1809492.18  10.6%   5.8 2295s
 2280116 1495101 2013541.40 1812   88 2024586.11 1809492.18  10.6%   5.9 2300s
 2283455 1497524 1949368.13 1670   75 2024586.11 1809492.18  10.6%   5.9 2305s
 2285966 1499218 2008434.30 1527   97 2024586.11 1809492.18  10.6%   5.9 2310s
 2288887 1501318 1982424.25 1650   95 2024586.11 1809492.18  10.6%   5.9 2315s
 2291318 1503255 1952843.25 1560   99 2024586.11 1809492.18  10.6%   5.9 2320s
 2294086 1505496 2003443.59 2166   66 2024586.11 1809492.18  10.6%   5.9 2325s
 2296853 1506718 2010908.66 1677   97 2024586.11 1809492.18  10.6%   5.9 2330s
 2299108 1508048 2020117.22 1586   90 2024586.11 1809492.18  10.6%   5.9 2335s
 2302260 1509053     cutoff 1552      2024586.11 1809492.18  10.6%   6.0 2340s
 2306417 1511751 2019914.89  464   75 2024586.11 1809492.62  10.6%   6.0 2345s
 2310106 1514406 2023711.74  352   90 2024586.11 1809494.89  10.6%   6.0 2350s
 2313807 1516959 2008435.64  318   86 2024586.11 1809496.97  10.6%   6.0 2355s
 2316360 1518715 2021458.04  313   86 2024586.11 1809497.63  10.6%   6.0 2360s
 2319771 1520873 1965182.65 2121   90 2024586.11 1809498.99  10.6%   6.0 2365s
 2322587 1522855 2014075.48 2143  103 2024586.11 1809500.03  10.6%   6.0 2370s
 2325348 1524499 2010486.47 2113   92 2024586.11 1809500.69  10.6%   6.0 2375s
 2328590 1526332     cutoff  266      2024586.11 1809501.46  10.6%   6.0 2380s
 2331438 1528146     cutoff 2281      2024586.11 1809502.13  10.6%   6.1 2385s
 2334616 1530191 1971420.74 2188   77 2024586.11 1809502.45  10.6%   6.1 2390s
 2337356 1531939 1976831.14 2176   86 2024586.11 1809502.83  10.6%   6.1 2395s
 2340163 1533494 2001470.42 2164   84 2024586.11 1809503.63  10.6%   6.1 2400s
 2343092 1535359 2015004.03 2133  101 2024586.11 1809504.35  10.6%   6.1 2405s
 2345720 1537299 2020466.20 1207   86 2024586.11 1809504.93  10.6%   6.1 2410s
 2348562 1538666 1965496.19 1189   76 2024586.11 1809505.58  10.6%   6.1 2415s
 2350701 1539775     cutoff  296      2024586.11 1809506.20  10.6%   6.1 2420s
 2353792 1541926 1951041.13 2141   83 2024586.11 1809507.15  10.6%   6.1 2425s
 2356315 1543127     cutoff 2130      2024586.11 1809507.71  10.6%   6.2 2430s
 2359330 1544890     cutoff 2223      2024586.11 1809508.63  10.6%   6.2 2435s
 2361330 1546122 2002558.01 2176   92 2024586.11 1809508.74  10.6%   6.2 2440s
 2363875 1547632 1981082.22 2167   78 2024586.11 1809509.60  10.6%   6.2 2445s
 2366287 1548840 2007082.30  237  101 2024586.11 1809510.25  10.6%   6.2 2450s
 2369164 1550604 1992614.10  333   79 2024586.11 1809510.67  10.6%   6.2 2455s
 2371684 1551777 1999736.53 2186   76 2024586.11 1809511.12  10.6%   6.2 2460s
 2374479 1553495 2004814.18 2201   84 2024586.11 1809511.42  10.6%   6.2 2465s
 2376934 1554749 2012605.62  244  102 2024586.11 1809512.17  10.6%   6.3 2470s
 2380087 1556731 2002259.99 2225   80 2024586.11 1809512.96  10.6%   6.3 2475s
 2382914 1558349 2001979.60 2148   95 2024586.11 1809513.51  10.6%   6.3 2480s
 2385691 1559966 2005198.60 2213   84 2024586.11 1809514.18  10.6%   6.3 2485s
 2387958 1561267 2022260.28 1150  107 2024586.11 1809514.72  10.6%   6.3 2490s
 2390920 1562554 2008895.03 2182   92 2024586.11 1809515.34  10.6%   6.3 2495s
 2393278 1563942 2022782.45  404  102 2024586.11 1809515.71  10.6%   6.3 2500s
 2395838 1565039 2013536.84 2203   79 2024586.11 1809516.22  10.6%   6.4 2505s
 2398599 1566471 1970888.05 2218   76 2024586.11 1809517.00  10.6%   6.4 2510s
 2401549 1567976     cutoff 2158      2024586.11 1809517.54  10.6%   6.4 2515s
 2404044 1569732 1946812.81 2141   86 2024586.11 1809517.96  10.6%   6.4 2520s
 2406741 1570864     cutoff 2159      2024586.11 1809518.51  10.6%   6.4 2525s
 2409667 1572778 1930038.05  291  100 2024586.11 1809519.16  10.6%   6.4 2530s
 2412537 1574372 1847305.19 2143   75 2024586.11 1809519.68  10.6%   6.4 2535s
 2416653 1576552 1969739.29 2217   77 2024586.11 1809520.34  10.6%   6.5 2540s
 2420731 1578475 2021331.96 2191  100 2024586.11 1809521.05  10.6%   6.5 2545s
 2424171 1579913 2016426.66  348  108 2024586.11 1809521.63  10.6%   6.5 2550s
 2428185 1582569 1998216.84  787   91 2024586.11 1809521.63  10.6%   6.5 2555s
 2432492 1585103 2024063.14 1202  102 2024586.11 1809521.63  10.6%   6.5 2560s
 2436016 1587154 2019747.58 1263  100 2024586.11 1809521.63  10.6%   6.5 2565s
 2438445 1588638 1963734.04 1281   85 2024586.11 1809521.63  10.6%   6.6 2570s
 2441812 1590558 2018019.69 1206  108 2024586.11 1809521.63  10.6%   6.6 2575s
 2444307 1591831     cutoff 1500      2024586.11 1809521.63  10.6%   6.6 2580s
 2446918 1593179     cutoff 1017      2024586.11 1809521.63  10.6%   6.6 2585s
 2449487 1594815 2003043.92 1053   99 2024586.11 1809521.63  10.6%   6.6 2590s
 2452387 1596382 2018049.77 1467   91 2024586.11 1809521.63  10.6%   6.6 2595s
 2455379 1598260     cutoff  861      2024586.11 1809521.63  10.6%   6.6 2600s
 2458225 1599583     cutoff  948      2024586.11 1809521.63  10.6%   6.6 2605s
 2461006 1601350     cutoff  827      2024586.11 1809521.63  10.6%   6.6 2610s
 2463375 1602889     cutoff 1432      2024586.11 1809521.63  10.6%   6.6 2615s
 2465934 1604084 2020081.04  832   97 2024586.11 1809521.63  10.6%   6.7 2620s
 2468555 1605649 2012145.27 1285   95 2024586.11 1809521.63  10.6%   6.7 2625s
 2471019 1606912     cutoff  757      2024586.11 1809521.63  10.6%   6.7 2630s
 2473820 1608991 1966585.18  783   82 2024586.11 1809521.63  10.6%   6.7 2635s
 2476943 1610818     cutoff  922      2024586.11 1809521.63  10.6%   6.7 2640s
 2479408 1612477 2017178.74  648  105 2024586.11 1809521.63  10.6%   6.7 2645s
 2482802 1614656     cutoff  658      2024586.11 1809521.63  10.6%   6.7 2650s
 2485962 1616607     cutoff  866      2024586.11 1809521.63  10.6%   6.7 2655s
 2489066 1618505 2005605.87  507   97 2024586.11 1809521.63  10.6%   6.7 2660s
 2492147 1620317 2014174.93 1165   88 2024586.11 1809521.63  10.6%   6.7 2665s
 2494999 1622211 2019004.47  545  106 2024586.11 1809521.63  10.6%   6.8 2670s
 2498250 1624087     cutoff  450      2024586.11 1809521.63  10.6%   6.8 2675s
 2500625 1625580 1967945.73  761   78 2024586.11 1809521.63  10.6%   6.8 2680s
 2503954 1627821     cutoff  446      2024586.11 1809521.63  10.6%   6.8 2685s
 2507101 1629821 2000731.66  379   73 2024586.11 1809521.63  10.6%   6.8 2690s
 2509645 1631160 2017081.67  795  106 2024586.11 1809521.63  10.6%   6.8 2695s
 2512661 1633169 1929014.13  389   90 2024586.11 1809521.63  10.6%   6.8 2700s
 2515345 1634610     cutoff  302      2024586.11 1809521.63  10.6%   6.8 2705s
 2518524 1636660     cutoff  934      2024586.11 1809521.63  10.6%   6.8 2710s
 2520881 1637832 2014086.40 1831   94 2024586.11 1809521.66  10.6%   6.8 2715s
 2523820 1639281 2019854.91 2031  104 2024586.11 1809521.66  10.6%   6.8 2720s
 2526088 1640505 1971320.31 2068   77 2024586.11 1809521.66  10.6%   6.8 2725s
 2529763 1642485 1970475.13 2091  102 2024586.11 1809521.66  10.6%   6.9 2730s
 2532859 1644770 1962422.82 1926   85 2024586.11 1809521.66  10.6%   6.9 2735s
 2535601 1646194 2021274.48 1820  105 2024586.11 1809521.66  10.6%   6.9 2740s
 2539665 1648811 1988803.96 2041   78 2024586.11 1809521.66  10.6%   6.9 2745s
 2543250 1650708 1979206.20 1948  103 2024586.11 1809521.66  10.6%   6.9 2750s
 2545703 1652665 2000837.36 2032   88 2024586.11 1809521.66  10.6%   6.9 2755s
 2549190 1654827     cutoff 1749      2024586.11 1809521.66  10.6%   6.9 2760s
 2552091 1656501 1987855.31 1801  101 2024586.11 1809521.66  10.6%   6.9 2765s
 2555616 1658674     cutoff 1928      2024586.11 1809521.66  10.6%   6.9 2770s
 2558049 1659839 2020198.93 1848  103 2024586.11 1809521.66  10.6%   7.0 2775s
 2562086 1662343     cutoff 1593      2024586.11 1809521.66  10.6%   7.0 2780s
 2564975 1663959 1997384.51 1593   94 2024586.11 1809521.66  10.6%   7.0 2785s
 2568142 1666172 1974806.64 1977   84 2024586.11 1809521.66  10.6%   7.0 2790s
 2570837 1668034 1972734.40 1582   85 2024586.11 1809521.66  10.6%   7.0 2795s
 2574162 1670372 2004779.80 1595   73 2024586.11 1809521.66  10.6%   7.0 2800s
 2576623 1671979 2023439.24 1578   90 2024586.11 1809521.66  10.6%   7.0 2805s
 2579328 1673541 1997272.38 1685   78 2024586.11 1809521.66  10.6%   7.0 2810s
 2581484 1674544 1958436.21 1519   85 2024586.11 1809521.66  10.6%   7.0 2815s
 2584374 1675969 1985361.36 1776  102 2024586.11 1809521.66  10.6%   7.0 2820s
 2587002 1677637 2013335.20 1736   83 2024586.11 1809521.66  10.6%   7.0 2825s
 2590142 1679737 1944019.24 1924   98 2024586.11 1809521.66  10.6%   7.1 2830s
 2592906 1681243     cutoff  296      2024586.11 1809522.05  10.6%   7.1 2835s
 2595886 1682741 2003492.78 2158   95 2024586.11 1809522.79  10.6%   7.1 2840s
 2599046 1684696 2001092.79 2165   93 2024586.11 1809523.55  10.6%   7.1 2845s
 2601914 1686308     cutoff 2192      2024586.11 1809524.42  10.6%   7.1 2850s
 2604464 1687473 2019759.77  298  106 2024586.11 1809525.12  10.6%   7.1 2855s
 2607100 1689056 1995970.81 2249   78 2024586.11 1809525.44  10.6%   7.1 2860s
 2609426 1690138 2015567.26 2208   92 2024586.11 1809525.97  10.6%   7.1 2865s
 2612018 1691606 1998061.90 2265   80 2024586.11 1809526.22  10.6%   7.2 2870s
 2614441 1692974     cutoff  309      2024586.11 1809526.94  10.6%   7.2 2875s
 2617498 1694754 1956628.94  768   97 2024586.11 1809527.14  10.6%   7.2 2880s
 2620309 1697139 2016186.92 1043   85 2024586.11 1809527.14  10.6%   7.2 2885s
 2623511 1699277     cutoff  939      2024586.11 1809527.14  10.6%   7.2 2890s
 2626757 1701575 2022653.94 1291   94 2024586.11 1809527.14  10.6%   7.2 2895s
 2629621 1703824 1993713.95 1145   86 2024586.11 1809527.14  10.6%   7.2 2900s
 2632617 1705851     cutoff 1058      2024586.11 1809527.14  10.6%   7.2 2906s
 2635221 1707490 2022424.60  952   93 2024586.11 1809527.14  10.6%   7.2 2910s
 2638092 1709444 1943824.93  694   91 2024586.11 1809527.14  10.6%   7.2 2915s
 2641205 1711473 2013544.37 1205   87 2024586.11 1809527.14  10.6%   7.2 2920s
 2644059 1713598 2018737.07  952  105 2024586.11 1809527.14  10.6%   7.2 2925s
 2647701 1716162     cutoff  480      2024586.11 1809527.14  10.6%   7.2 2930s
Created node file directory '/home/ps12398/experiment_epec/goalProgrammingMarcos//grbnodes15'
 2647989 1716250 2004944.59  550   96 2024586.11 1809527.14  10.6%   7.2 2935s
 2650401 1718186 1969528.39  620   81 2024586.11 1809527.14  10.6%   7.3 2940s
 2653423 1719526     cutoff 1188      2024586.11 1809527.14  10.6%   7.3 2945s
 2656795 1721543     cutoff  482      2024586.11 1809527.14  10.6%   7.3 2950s
 2659436 1723484 1968341.10 1329   80 2024586.11 1809527.14  10.6%   7.3 2955s
 2662362 1724938 2004294.60  606   98 2024586.11 1809527.14  10.6%   7.3 2960s
 2664555 1725750 2016026.58 1013   94 2024586.11 1809527.14  10.6%   7.3 2965s
 2666174 1727018 1995943.20  978   87 2024586.11 1809527.14  10.6%   7.3 2972s
 2667960 1728220 1951618.37 1148   90 2024586.11 1809527.14  10.6%   7.3 2975s
 2670216 1729522 1940419.30  806   85 2024586.11 1809527.14  10.6%   7.3 2980s
 2672885 1730611     cutoff  901      2024586.11 1809527.14  10.6%   7.3 2985s
 2675698 1732303 2024136.44 1190   85 2024586.11 1809527.14  10.6%   7.3 2990s
 2678725 1733984 2019505.76  787  101 2024586.11 1809527.14  10.6%   7.4 2995s
 2681806 1736259 2006791.06  711   83 2024586.11 1809527.14  10.6%   7.4 3000s
 2684580 1737775 1994198.90  880   96 2024586.11 1809527.14  10.6%   7.4 3009s
 2685347 1738003 2022508.06 1151   78 2024586.11 1809527.14  10.6%   7.4 3010s
 2688528 1739315     cutoff 1110      2024586.11 1809527.14  10.6%   7.4 3015s
H2689425 1739728                    2024232.5572 1809527.14  10.6%   7.4 3018s
 2690591 1740649     cutoff  794      2024232.56 1809527.14  10.6%   7.4 3020s
 2694171 1742572 2007693.26  981   95 2024232.56 1809527.14  10.6%   7.4 3025s
H2694307 1742572                    2024232.0412 1809527.14  10.6%   7.4 3025s
 2696568 1743499     cutoff  732      2024232.04 1809527.14  10.6%   7.4 3030s
 2699518 1745084     cutoff  749      2024232.04 1809527.14  10.6%   7.4 3035s
 2702584 1746775     cutoff 1142      2024232.04 1809527.14  10.6%   7.4 3040s
H2703007 1747028                    2024231.6841 1809527.14  10.6%   7.4 3041s
 2704725 1748398 2008708.16  594   96 2024231.68 1809527.14  10.6%   7.4 3049s
 2704837 1748614 2003803.13  600   97 2024231.68 1809527.14  10.6%   7.4 3050s
 2707331 1749900 1906042.86  562   91 2024231.68 1809527.14  10.6%   7.4 3055s
 2710018 1750969 2018598.12  452  106 2024231.68 1809527.14  10.6%   7.5 3060s
 2712875 1751694 2023638.24  607  107 2024231.68 1809527.14  10.6%   7.5 3065s
 2716434 1753568 2005449.23  972   93 2024231.68 1809527.14  10.6%   7.5 3070s
 2719055 1755098     cutoff  511      2024231.68 1809527.14  10.6%   7.5 3075s
 2721172 1755998     cutoff  373      2024231.68 1809527.14  10.6%   7.5 3080s
 2724178 1758099 2018521.77 1131   80 2024231.68 1809527.14  10.6%   7.5 3085s
 2726359 1759078 2021782.70  348   96 2024231.68 1809527.14  10.6%   7.5 3090s
 2727409 1759547     cutoff  489      2024231.68 1809527.14  10.6%   7.5 3095s
 2729810 1760678 2018554.89  691   98 2024231.68 1809527.14  10.6%   7.5 3100s
 2731944 1761938 1983520.30  775   74 2024231.68 1809527.14  10.6%   7.5 3105s
 2734420 1763048     cutoff  457      2024231.68 1809527.14  10.6%   7.6 3110s
 2737003 1764520 1999156.03  583   82 2024231.68 1809527.14  10.6%   7.6 3115s
 2740544 1766427     cutoff  318      2024231.68 1809527.14  10.6%   7.6 3120s
 2742699 1767453     cutoff  939      2024231.68 1809527.14  10.6%   7.6 3125s
 2745716 1768140 2012703.83  355   94 2024231.68 1809527.14  10.6%   7.6 3130s
 2748553 1769478 1999840.29  654   81 2024231.68 1809527.14  10.6%   7.6 3135s
 2750798 1769997 2016410.29  399  108 2024231.68 1809527.14  10.6%   7.6 3144s
 2751029 1769999 2022445.88  423  102 2024231.68 1809527.14  10.6%   7.6 3145s
 2753211 1770644 2014672.43  605   99 2024231.68 1809527.14  10.6%   7.6 3150s
 2755745 1771544 2011932.62  709   94 2024231.68 1809527.14  10.6%   7.6 3155s
 2757771 1771985     cutoff  416      2024231.68 1809527.14  10.6%   7.6 3160s
 2760634 1772932     cutoff  969      2024231.68 1809527.14  10.6%   7.7 3165s
 2762799 1773708     cutoff 1220      2024231.68 1809527.21  10.6%   7.7 3170s
 2765468 1774674     cutoff  784      2024231.68 1809527.72  10.6%   7.7 3175s
 2767647 1775469     cutoff  304      2024231.68 1809528.15  10.6%   7.7 3180s
 2769928 1776241 2015269.88  278   99 2024231.68 1809528.54  10.6%   7.7 3185s
 2771828 1777191 2005698.24  296   85 2024231.68 1809528.56  10.6%   7.7 3190s
 2774400 1778078     cutoff 2217      2024231.68 1809529.28  10.6%   7.7 3195s
 2776746 1779215 1993890.90  392   68 2024231.68 1809529.35  10.6%   7.7 3200s
 2779480 1780275     cutoff  294      2024231.68 1809529.62  10.6%   7.7 3205s
 2781885 1781088 1973807.98 2218   81 2024231.68 1809529.81  10.6%   7.8 3214s
 2782055 1781143 2009562.69 2236   82 2024231.68 1809529.83  10.6%   7.8 3215s
 2784751 1781819 2012758.84 2220   89 2024231.68 1809530.18  10.6%   7.8 3220s
 2786752 1782714 1932157.87  240   93 2024231.68 1809530.27  10.6%   7.8 3225s
 2789772 1784723     cutoff 2133      2024231.68 1809530.29  10.6%   7.8 3230s
 2792363 1785468 2010997.58 2310   93 2024231.68 1809530.61  10.6%   7.8 3235s
 2794639 1786310 2016501.93 2192   95 2024231.68 1809530.88  10.6%   7.8 3240s
 2797209 1787191     cutoff  345      2024231.68 1809531.00  10.6%   7.8 3245s
 2799632 1788572 1996006.41 2139   95 2024231.68 1809531.05  10.6%   7.8 3250s
 2802228 1789439     cutoff 2159      2024231.68 1809531.20  10.6%   7.8 3255s
 2804379 1790305 2017263.76 2132  109 2024231.68 1809531.40  10.6%   7.9 3260s
 2807469 1791132     cutoff  239      2024231.68 1809531.77  10.6%   7.9 3265s
 2808654 1792201 1965442.38 2184   77 2024231.68 1809531.81  10.6%   7.9 3272s
 2810334 1792805 1999374.24  359   92 2024231.68 1809531.82  10.6%   7.9 3275s
 2812823 1793551 2019529.46 2230   98 2024231.68 1809531.99  10.6%   7.9 3280s
 2815318 1794788 2004122.22  362   90 2024231.68 1809532.02  10.6%   7.9 3285s
 2818200 1796236     cutoff 2145      2024231.68 1809532.16  10.6%   7.9 3290s
 2821551 1798087 2009957.63 1219   95 2024231.68 1809532.55  10.6%   7.9 3295s
 2823651 1799353     cutoff 2157      2024231.68 1809532.69  10.6%   7.9 3300s
 2826555 1800206 2015048.14 2270   82 2024231.68 1809532.94  10.6%   8.0 3305s
 2829454 1802291 2005831.97  376   78 2024231.68 1809533.06  10.6%   8.0 3315s
 2832204 1803368     cutoff 2163      2024231.68 1809533.45  10.6%   8.0 3320s
 2834316 1804191 1958508.91 2170   83 2024231.68 1809533.67  10.6%   8.0 3325s
 2836716 1805249 1989717.89 2210   91 2024231.68 1809533.86  10.6%   8.0 3330s
 2838919 1806369 2011026.73 2126   91 2024231.68 1809534.17  10.6%   8.0 3335s
 2841448 1807395     cutoff 2185      2024231.68 1809534.33  10.6%   8.0 3340s
 2843749 1808851 1993149.88 1291   94 2024231.68 1809534.42  10.6%   8.0 3345s
 2846277 1809496     cutoff 2183      2024231.68 1809534.61  10.6%   8.1 3350s
 2848418 1810336 2012802.26 2128   97 2024231.68 1809534.74  10.6%   8.1 3355s
 2851480 1812069 1934234.02  271   90 2024231.68 1809534.93  10.6%   8.1 3360s
 2853466 1813216 1961158.24 2175   87 2024231.68 1809535.07  10.6%   8.1 3367s
 2854067 1813720 1969426.10 2228   79 2024231.68 1809535.07  10.6%   8.1 3370s
 2856703 1814675 2017434.39 2220   81 2024231.68 1809535.31  10.6%   8.1 3375s
 2858682 1815749 infeasible  377      2024231.68 1809535.50  10.6%   8.1 3380s
 2861432 1816730 2009069.34 2248   84 2024231.68 1809535.74  10.6%   8.1 3385s
 2864053 1818088 1949311.87  312   89 2024231.68 1809535.93  10.6%   8.1 3390s
 2866527 1819502     cutoff 1246      2024231.68 1809536.32  10.6%   8.1 3395s
 2869285 1821449 2005200.38  415   84 2024231.68 1809536.45  10.6%   8.2 3401s
 2871251 1821792     cutoff 2204      2024231.68 1809536.73  10.6%   8.2 3405s
 2874170 1823324     cutoff 2260      2024231.68 1809536.92  10.6%   8.2 3410s
 2876400 1824169     cutoff 2164      2024231.68 1809537.39  10.6%   8.2 3419s
 2876724 1824227 2017126.51  236  101 2024231.68 1809537.39  10.6%   8.2 3420s
 2879453 1825400     cutoff 2212      2024231.68 1809538.00  10.6%   8.2 3425s
 2881756 1826352     cutoff  303      2024231.68 1809538.39  10.6%   8.2 3430s
 2884459 1827446     cutoff 2227      2024231.68 1809538.69  10.6%   8.2 3435s
 2886254 1828054 2011625.40 2233   95 2024231.68 1809539.20  10.6%   8.2 3440s
 2889053 1829292     cutoff 2260      2024231.68 1809539.42  10.6%   8.2 3445s
 2890900 1830596 2008786.69  437   96 2024231.68 1809539.42  10.6%   8.2 3450s
 2893391 1831749     cutoff  308      2024231.68 1809539.99  10.6%   8.3 3455s
 2896097 1833994 2015798.92 1240   93 2024231.68 1809540.24  10.6%   8.3 3460s
 2896780 1834314     cutoff  318      2024231.68 1809540.33  10.6%   8.3 3465s
 2899699 1835856 1985210.01  344   96 2024231.68 1809540.80  10.6%   8.3 3470s
 2903452 1838855 2017862.11 1007  109 2024231.68 1809540.87  10.6%   8.3 3475s
 2906234 1840362 1965129.64  440   90 2024231.68 1809541.67  10.6%   8.3 3480s
 2909932 1842860     cutoff 1164      2024231.68 1809542.56  10.6%   8.3 3485s
 2913196 1844587     cutoff  357      2024231.68 1809542.99  10.6%   8.3 3490s
 2915801 1845461     cutoff  925      2024231.68 1809542.99  10.6%   8.3 3495s
 2916791 1846375 1969082.92  870   80 2024231.68 1809542.99  10.6%   8.3 3501s
 2919565 1848237 2016466.17  824   96 2024231.68 1809542.99  10.6%   8.3 3505s
 2922204 1850030 2008855.25 1302   88 2024231.68 1809542.99  10.6%   8.3 3510s
 2925216 1852170     cutoff  824      2024231.68 1809542.99  10.6%   8.3 3515s
 2928321 1854614 2017539.85 1205   89 2024231.68 1809542.99  10.6%   8.3 3520s
 2930979 1856041 1974038.62  902   99 2024231.68 1809542.99  10.6%   8.4 3525s
 2933298 1857464 2023808.55 1059   84 2024231.68 1809542.99  10.6%   8.4 3533s
 2934031 1857567 1824670.71  294   86 2024231.68 1809542.99  10.6%   8.4 3535s
 2936496 1858452 2014631.90  861   97 2024231.68 1809542.99  10.6%   8.4 3540s
 2939371 1859582     cutoff  735      2024231.68 1809542.99  10.6%   8.4 3545s
 2942109 1861074     cutoff  754      2024231.68 1809542.99  10.6%   8.4 3550s
 2945330 1863051 1999598.62 1190   88 2024231.68 1809542.99  10.6%   8.4 3555s
 2948031 1864397 1977048.86 1107  104 2024231.68 1809542.99  10.6%   8.4 3560s
 2950622 1865442     cutoff 1145      2024231.68 1809542.99  10.6%   8.4 3565s
 2953184 1867837 2002280.73  666   87 2024231.68 1809542.99  10.6%   8.4 3574s
 2953719 1868166 2010985.62  684   87 2024231.68 1809542.99  10.6%   8.4 3575s
 2956792 1869705 2023799.54  397  102 2024231.68 1809542.99  10.6%   8.4 3580s
 2959295 1870876     cutoff 1017      2024231.68 1809542.99  10.6%   8.5 3585s
 2962041 1872330 1994083.36  950   94 2024231.68 1809542.99  10.6%   8.5 3590s
 2964394 1873200 2024152.95  695   97 2024231.68 1809542.99  10.6%   8.5 3595s
 2967257 1875561 2012380.92  697   84 2024231.68 1809542.99  10.6%   8.5 3600s

Cutting planes:
  RLT: 69

Explored 2967403 nodes (25172654 simplex iterations) in 3600.03 seconds (2318.10 work units)
Thread count was 2 (of 24 available processors)

Solution count 10: 2.02423e+06 2.02459e+06 2.02459e+06 ... 2.02709e+06

Time limit reached
Best objective 2.024231684062e+06, best bound 1.809542987660e+06, gap 10.6059%
