
Gurobi 11.0.3 (linux64, Java) logging started seg 09 dez 2024 22:52:17 -03

Set parameter Username
Academic license - for non-commercial use only - expires 2025-10-10
Set parameter NonConvex to value 2
Set parameter TimeLimit to value 3600
Set parameter LogToConsole to value 0
Set parameter MIPGap to value 5.52890488975657e-08
Set parameter Threads to value 2
Set parameter NodefileDir to value "/home/ps12398/experiment_epec/goalProgrammingMarcos/"
Set parameter NodefileStart to value 1
Gurobi Optimizer version 11.0.3 build v11.0.3rc0 (linux64)

CPU model: Intel(R) Xeon(R) CPU           X5650  @ 2.67GHz, instruction set [SSE2]
Thread count: 12 physical cores, 24 logical processors, using up to 2 threads

Optimize a model with 17998 rows, 12411 columns and 85397 nonzeros
Model fingerprint: 0xe13159a2
Model has 83 quadratic constraints
Variable types: 6168 continuous, 6243 integer (78 binary)
Coefficient statistics:
  Matrix range     [1e-02, 2e+06]
  QMatrix range    [1e-02, 4e+04]
  QLMatrix range   [1e+00, 4e+04]
  Objective range  [1e+00, 4e+07]
  Bounds range     [1e+00, 1e+08]
  RHS range        [1e+00, 3e+06]
Presolve removed 17894 rows and 12221 columns
Presolve time: 0.21s
Presolved: 270 rows, 245 columns, 4430 nonzeros
Presolved model has 55 bilinear constraint(s)

Solving non-convex MIQCP

Variable types: 113 continuous, 132 integer (0 binary)
Found heuristic solution: objective 1.224029e+07

Root relaxation: objective 7.034880e+05, 204 iterations, 0.01 seconds (0.00 work units)

    Nodes    |    Current Node    |     Objective Bounds      |     Work
 Expl Unexpl |  Obj  Depth IntInf | Incumbent    BestBd   Gap | It/Node Time

     0     0 703487.976    0  124 1.2240e+07 703487.976  94.3%     -    0s
H    0     0                    5791178.5188 703487.976  87.9%     -    0s
     0     0 1006541.58    0  103 5791178.52 1006541.58  82.6%     -    0s
     0     0 1006541.58    0  101 5791178.52 1006541.58  82.6%     -    0s
     0     0 1006541.58    0   98 5791178.52 1006541.58  82.6%     -    0s
     0     0 1006541.58    0   99 5791178.52 1006541.58  82.6%     -    0s
     0     0 1006541.58    0   94 5791178.52 1006541.58  82.6%     -    0s
     0     0 1006541.58    0  101 5791178.52 1006541.58  82.6%     -    0s
     0     0 1006541.58    0  101 5791178.52 1006541.58  82.6%     -    0s
     0     0 1006541.58    0  101 5791178.52 1006541.58  82.6%     -    0s
H    0     0                    2812052.0528 1006541.58  64.2%     -    0s
     0     2 1006541.58    0  101 2812052.05 1006541.58  64.2%     -    0s
H   33    36                    2812052.0525 1006541.58  64.2%   1.6    0s
H   71    93                    2764610.6892 1006541.58  63.6%   1.7    0s
H 1243  1407                    2764604.5878 1006541.58  63.6%   3.8    1s
H 1459  1558                    2335938.0647 1006541.58  56.9%   3.9    1s
H 1561  1601                    2322605.7982 1006541.58  56.7%   4.1    1s
H 1873  1936                    2279479.8969 1006541.58  55.8%   4.3    2s
H 2647  2731                    2264863.0075 1006541.58  55.6%   4.5    2s
H 3763  3574                    2090827.0014 1127620.56  46.1%   4.7    4s
H 3765  3397                    1979278.3285 1141872.33  42.3%   4.7    4s
H 3767  3228                    1941385.3755 1154123.53  40.6%   4.7    4s
H 3772  3071                    1941385.3753 1154123.53  40.6%   4.8    4s
H 3775  2919                    1895014.7613 1159481.18  38.8%   4.8    4s
  3780  2924 1159481.18  444   46 1895014.76 1159481.18  38.8%   4.9    5s
H 3783  2779                    1874883.1630 1167095.67  37.8%   4.9    5s
H 3791  2646                    1872993.6094 1170243.53  37.5%   4.9    6s
H 3831  2546                    1793055.6928 1182454.59  34.1%   5.4    9s
  3838  2551 1182456.36   67   70 1793055.69 1182456.36  34.1%   5.5   10s
H 3848  2430                    1770090.6771 1195956.94  32.4%   5.6   12s
H 6794  4402                    1769751.9404 1195978.35  32.4%   5.5   14s
  6922  4536 1197112.64 1146  108 1769751.94 1195978.35  32.4%   5.6   15s
H 7376  4669                    1767193.0245 1195978.35  32.3%   5.8   15s
H 8055  5097                    1767144.7988 1195978.35  32.3%   6.0   16s
H 8494  5109                    1767144.7987 1195978.35  32.3%   6.1   16s
H 8540  5178                    1756071.4075 1195978.35  31.9%   6.2   16s
H 8734  5191                    1748688.1265 1195978.35  31.6%   6.3   16s
H 8928  5237                    1744952.6323 1195978.35  31.5%   6.5   17s
H 9316  5741                    1739912.8071 1195978.35  31.3%   6.7   17s
H 9589  6014                    1739912.8069 1195978.35  31.3%   6.9   18s
H10965  7292                    1713553.1624 1195978.35  30.2%   7.5   19s
 11981  8354 1199260.23 2475   84 1713553.16 1195978.35  30.2%   7.7   20s
H12066  8354                    1713553.1622 1195978.35  30.2%   7.7   20s
H12517  8900                    1696909.5823 1195978.35  29.5%   7.8   20s
H13196  9565                    1695028.9543 1195978.35  29.4%   7.6   21s
 17605 14098 1197500.71 1245   92 1695028.95 1195984.66  29.4%   7.8   25s
 23699 20156 1196001.52  178  107 1695028.95 1195985.66  29.4%   8.6   30s
 29134 25665 1199277.39 1782   76 1695028.95 1195985.66  29.4%   9.2   35s
 34323 30741 1196528.38  540   69 1695028.95 1195986.28  29.4%   9.6   40s
 41349 37803 1201192.14 2533   81 1695028.95 1195986.28  29.4%   9.4   45s
 48433 44689 1197466.67 2110   94 1695028.95 1195987.15  29.4%   9.0   50s
 57695 54271 1197380.18 1275   98 1695028.95 1195987.69  29.4%   8.1   55s
 68989 65429 1345555.78  421   74 1695028.95 1195988.08  29.4%   7.0   60s
 78296 74766 1198546.95 2573   81 1695028.95 1195988.41  29.4%   6.5   65s
H82745 79079                    1645557.7738 1195988.41  27.3%   6.4   68s
*83077 79205            2245    1645551.3548 1195988.41  27.3%   6.4   68s
*83078 79205            2243    1645541.3581 1195988.41  27.3%   6.4   68s
*83079 79205            2241    1645531.3613 1195988.41  27.3%   6.4   68s
H83808 80075                    1645113.1811 1195988.44  27.3%   6.4   68s
 84708 80851 1196612.63 1298   79 1645113.18 1195988.44  27.3%   6.4   70s
 91676 87687 1268411.33  534   74 1645113.18 1195988.96  27.3%   6.1   75s
H94342 90073                    1645080.0180 1195988.96  27.3%   5.9   76s
H99028 94448                    1644798.9933 1195988.96  27.3%   5.7   79s
 99871 95513 1387815.38 1128   79 1644798.99 1195988.96  27.3%   5.7   80s
H100105 95512                    1644562.0854 1195988.96  27.3%   5.7   80s
 108632 104115 1420770.42 2572   60 1644562.09 1195988.96  27.3%   5.3   85s
 114932 110026 1209107.89  944   79 1644562.09 1195989.11  27.3%   5.2   90s
 121695 116706 1214820.57 2571   69 1644562.09 1195989.11  27.3%   5.1   95s
H122888 117636                    1644527.0719 1195989.11  27.3%   5.1   95s
 129710 124677 1509544.82 2571   54 1644527.07 1195989.19  27.3%   4.9  100s
 137724 132468 1541593.38  985   58 1644527.07 1195989.20  27.3%   4.7  105s
 144920 139053 1208472.66 1803   79 1644527.07 1195989.31  27.3%   4.7  110s
 151707 145678 1499876.78 2127   50 1644527.07 1195989.32  27.3%   4.6  115s
 157818 151780 1476288.21 1747   62 1644527.07 1195989.43  27.3%   4.5  120s
H161703 155436                    1638716.1982 1195989.50  27.0%   4.5  122s
*161972 155702             874    1637904.3407 1195989.50  27.0%   4.5  122s
*161973 155702             873    1637894.3439 1195989.50  27.0%   4.5  122s
*161974 155702             871    1637884.3472 1195989.50  27.0%   4.5  122s
*161975 155702             869    1637874.3505 1195989.50  27.0%   4.5  122s
 165143 158626 1550785.02 1782   50 1637874.35 1195989.50  27.0%   4.5  125s
 171690 164574 infeasible  820      1637874.35 1195989.62  27.0%   4.5  130s
H178296 169850                    1637423.5016 1195989.73  27.0%   4.4  134s
 178446 170069 1509204.00 2057   59 1637423.50 1195989.73  27.0%   4.4  135s
 186416 177914 1223500.63 1685   68 1637423.50 1195989.94  27.0%   4.4  140s
H188291 179402                    1636477.3609 1195989.94  26.9%   4.4  142s
H189432 180678                    1636467.3642 1195989.94  26.9%   4.4  143s
 191701 182953 1591870.79  511   51 1636467.36 1195989.99  26.9%   4.4  145s
H196957 185543                    1607635.1082 1195989.99  25.6%   4.3  148s
 199754 187698 1496473.72 1238   52 1607635.11 1195990.09  25.6%   4.4  150s
 205270 191122 1210180.84 1257   79 1607635.11 1195990.09  25.6%   4.4  155s
 212931 197387 1578009.93 2311   56 1607635.11 1195990.25  25.6%   4.4  160s
 219686 203739 1209168.92 1092   75 1607635.11 1195990.25  25.6%   4.3  165s
 225145 209166 1231521.84 2334   67 1607635.11 1195990.25  25.6%   4.3  170s
*228513 209891             993    1592657.6010 1195990.28  24.9%   4.3  172s
*228515 209883             994    1592641.1869 1195990.28  24.9%   4.3  172s
*228527 209860             997    1592583.8846 1195990.28  24.9%   4.3  172s
H230250 211464                    1592388.2793 1195990.28  24.9%   4.3  173s
H230711 212037                    1592388.2791 1195990.28  24.9%   4.3  173s
 233323 214549 1537301.40 2571   58 1592388.28 1195990.28  24.9%   4.2  175s
 242163 222526 1234849.82 1651   67 1592388.28 1195990.62  24.9%   4.2  180s
H246851 226973                    1592215.3853 1195990.64  24.9%   4.1  182s
H248605 228502                    1592212.7762 1195990.64  24.9%   4.1  184s
 249258 229397 1520194.81 2001   58 1592212.78 1195990.64  24.9%   4.1  185s
 255999 235656 1498941.98 2572   76 1592212.78 1195990.75  24.9%   4.1  190s
H259321 239143                    1592169.8826 1195990.79  24.9%   4.1  192s
 263782 242834 1567805.83 1244   53 1592169.88 1195990.79  24.9%   4.1  195s
 270253 248416 1553934.10  476   59 1592169.88 1195990.83  24.9%   4.0  200s
 277549 255350 1243896.46 1631   74 1592169.88 1195990.97  24.9%   4.0  205s
 284252 261474     cutoff 1414      1592169.88 1195990.97  24.9%   3.9  210s
H288676 265038                    1590383.9309 1195990.97  24.8%   3.9  212s
 292009 268318 1209935.95  958   98 1590383.93 1195990.99  24.8%   3.9  215s
 299786 275752     cutoff  516      1590383.93 1195991.10  24.8%   3.9  220s
 307550 283013 1210171.49  346   85 1590383.93 1195991.35  24.8%   3.8  225s
 314474 289709 1572942.61  265   74 1590383.93 1195991.35  24.8%   3.8  230s
 321157 295026 1304902.17  850   69 1590383.93 1195991.56  24.8%   3.8  235s
 329098 302534 1205284.99 1196   96 1590383.93 1195991.58  24.8%   3.7  240s
 338512 311721 1298805.01 1045   70 1590383.93 1195991.71  24.8%   3.7  245s
 345042 318101 1303331.33 2240   61 1590383.93 1195991.71  24.8%   3.7  250s
 350887 323959 1356156.03  945   68 1590383.93 1195991.77  24.8%   3.8  255s
 358877 330954 1569628.97 2441   52 1590383.93 1195991.81  24.8%   3.7  260s
 365731 337775 1373490.40 2573   64 1590383.93 1195991.84  24.8%   3.7  265s
 372515 344412 1316881.73 1211   80 1590383.93 1195991.96  24.8%   3.8  270s
 377262 349176 1354504.49 2194   65 1590383.93 1195991.96  24.8%   3.8  275s
 382188 354168 1390162.41 2573   71 1590383.93 1195991.96  24.8%   3.9  280s
 390012 361216 1318420.79 2573   62 1590383.93 1195992.36  24.8%   3.9  285s
 396995 368379 1355932.06 2343   65 1590383.93 1195992.79  24.8%   3.9  290s
 404087 375097 1362156.33 2573   69 1590383.93 1195992.89  24.8%   3.8  295s
H410828 381465                    1588538.6434 1195992.95  24.7%   3.8  298s
H412204 382425                    1586495.3915 1195992.96  24.6%   3.8  299s
 413181 383181 1303150.19 1651   64 1586495.39 1195992.96  24.6%   3.8  300s
H413780 383662                    1585012.9117 1195992.96  24.5%   3.8  300s
H415208 384899                    1584887.6519 1195992.96  24.5%   3.8  300s
H415317 384900                    1584884.1861 1195992.96  24.5%   3.8  301s
 419609 389317 1314247.10 1101   64 1584884.19 1195993.14  24.5%   3.8  305s
 427059 396280 infeasible  495      1584884.19 1195993.34  24.5%   3.8  310s
 432903 401738 1334875.72 1846   60 1584884.19 1195993.39  24.5%   3.8  315s
 439265 408545 1305453.27 1945   63 1584884.19 1195993.48  24.5%   3.8  320s
 443931 412544 1559959.85 1312   54 1584884.19 1195993.63  24.5%   3.8  325s
 451393 419701 1301179.31 1903   77 1584884.19 1195993.80  24.5%   3.8  330s
*455267 416952             599    1576592.4860 1195993.80  24.1%   3.8  333s
 457306 419214 1399573.28  178   89 1576592.49 1195994.12  24.1%   3.8  335s
 463557 425206 1411045.14 2572   75 1576592.49 1195994.33  24.1%   3.8  340s
H466885 427855                    1576466.3722 1195994.33  24.1%   3.8  342s
 470523 431350 1195999.92  172  108 1576466.37 1195994.33  24.1%   3.8  345s
 475403 434619 1301830.72  865   62 1576466.37 1195994.48  24.1%   3.8  350s
 481090 439842 1332986.92 1062   68 1576466.37 1195994.64  24.1%   3.8  355s
 487504 445960 1310540.42  222   78 1576466.37 1195994.68  24.1%   3.8  360s
 496561 455160 1465837.02  970   72 1576466.37 1195994.79  24.1%   3.8  365s
 502888 460224 1376309.83 1600   63 1576466.37 1195994.80  24.1%   3.8  370s
 510291 467817 1521226.88  426   62 1576466.37 1195994.91  24.1%   3.8  375s
 515655 473214 1316338.23  864   65 1576466.37 1195995.37  24.1%   3.8  380s
 522594 479243 1563066.92  733   69 1576466.37 1195995.43  24.1%   3.8  385s
H527442 483236                    1576192.2832 1195995.64  24.1%   3.8  388s
H527670 483411                    1576179.1384 1195995.64  24.1%   3.8  389s
H527884 483664                    1576175.5070 1195995.64  24.1%   3.8  389s
 528747 484561 1384448.92 2044   61 1576175.51 1195995.64  24.1%   3.8  390s
H532264 487953                    1576146.5340 1195995.79  24.1%   3.8  392s
 536766 492293 1312682.15  970   62 1576146.53 1195995.92  24.1%   3.8  395s
 542329 496604 1420375.25  411   84 1576146.53 1195996.24  24.1%   3.8  400s
 548527 502540 1379205.21 2063   62 1576146.53 1195996.33  24.1%   3.7  405s
 556516 510026 1472088.92  332   66 1576146.53 1195996.75  24.1%   3.7  410s
 564450 517849 1334352.60 2487   71 1576146.53 1195996.79  24.1%   3.8  415s
 571650 524917 1481058.32 2621   66 1576146.53 1195996.94  24.1%   3.8  420s
 578257 531288 1376294.28 2490   67 1576146.53 1195997.07  24.1%   3.7  425s
 584123 536676 1439692.68 1844   63 1576146.53 1195997.24  24.1%   3.7  430s
 590682 543136 1536696.92 2315   63 1576146.53 1195997.25  24.1%   3.7  435s
*594882 547069            1368    1576145.9031 1195997.46  24.1%   3.7  438s
*594890 547048            1370    1576129.7498 1195997.46  24.1%   3.7  438s
*594918 546932            1377    1576042.8124 1195997.46  24.1%   3.7  438s
 598364 550468 1342231.38 1992   66 1576042.81 1195997.46  24.1%   3.7  440s
 605727 557835 1433090.53 1651   61 1576042.81 1195997.59  24.1%   3.7  445s
H607848 501109                    1549479.9191 1195997.59  22.8%   3.7  446s
 614325 507660 1350996.98 2610   65 1549479.92 1195997.72  22.8%   3.7  450s
 621050 514084 1542820.15  204   82 1549479.92 1195998.14  22.8%   3.7  455s
 627999 520747 1306930.26  933   59 1549479.92 1195998.36  22.8%   3.7  460s
 634702 527359 1318698.78  221   78 1549479.92 1195998.45  22.8%   3.7  465s
 642212 534267 1474532.23 1957   64 1549479.92 1195998.88  22.8%   3.7  470s
 647571 539763 1361312.52  379   74 1549479.92 1195999.23  22.8%   3.7  475s
 653174 544934 1517591.63  971   70 1549479.92 1195999.75  22.8%   3.7  480s
 660045 551483 1385282.60 1150   73 1549479.92 1195999.85  22.8%   3.7  485s
 665864 557399 1348285.09 1678   66 1549479.92 1196000.00  22.8%   3.7  490s
 673298 564383 1544390.38  225   98 1549479.92 1196000.41  22.8%   3.7  495s
 677934 569105 1538718.65 1805   75 1549479.92 1196000.41  22.8%   3.6  500s
 686111 575704 1521393.00  549   51 1549479.92 1196000.75  22.8%   3.6  505s
 691837 581133 1347819.52 1336   66 1549479.92 1196001.31  22.8%   3.6  510s
 702061 591236 1346891.92  316   69 1549479.92 1196001.90  22.8%   3.6  515s
 711241 600247 1316301.83 1644   70 1549479.92 1196001.95  22.8%   3.6  520s
 719608 607999 1307718.75  282   77 1549479.92 1196002.61  22.8%   3.6  525s
 726120 614025 1544690.15  239  101 1549479.92 1196003.28  22.8%   3.6  530s
 733344 621331 1303917.11  216   75 1549479.92 1196003.36  22.8%   3.6  535s
 738982 626645 1390323.07 2622   66 1549479.92 1196003.36  22.8%   3.6  540s
 745758 632991 1324030.15 1781   78 1549479.92 1196004.07  22.8%   3.6  545s
 754716 641757 1310073.90 1853   76 1549479.92 1196004.13  22.8%   3.6  550s
 760289 647168 1358855.73  551   78 1549479.92 1196004.32  22.8%   3.6  555s
 766958 653252 1373313.38  677   70 1549479.92 1196004.67  22.8%   3.5  560s
 773285 659592 1359098.30 1432   61 1549479.92 1196004.91  22.8%   3.5  565s
 780589 666132 1429667.98 1771   76 1549479.92 1196005.22  22.8%   3.5  570s
 787550 671710     cutoff  484      1549479.92 1196005.63  22.8%   3.5  575s
 793327 675881 1533721.87 1743   57 1549479.92 1196005.92  22.8%   3.5  580s
 798213 680447 1353449.72 1444   89 1549479.92 1196006.02  22.8%   3.5  585s
 802608 684707     cutoff  466      1549479.92 1196006.71  22.8%   3.5  590s
 809693 691655 1298394.22 1343   80 1549479.92 1196006.79  22.8%   3.5  595s
 815775 697300 1524396.13 1894   74 1549479.92 1196007.29  22.8%   3.5  600s
 823366 704354 1358763.90  864   75 1549479.92 1196007.99  22.8%   3.5  605s
 830676 711405 1358001.61 2066   62 1549479.92 1196008.40  22.8%   3.5  610s
 837380 717606 1319346.70 1265   68 1549479.92 1196008.68  22.8%   3.5  615s
 844598 724478 1531367.93  208   68 1549479.92 1196008.96  22.8%   3.5  620s
 850087 729738 1332715.24 2625   87 1549479.92 1196008.96  22.8%   3.5  625s
 854838 733874 1337267.98  362   79 1549479.92 1196009.34  22.8%   3.5  630s
 861423 740664 1357469.36  257   93 1549479.92 1196009.54  22.8%   3.5  635s
 866334 744260     cutoff  868      1549479.92 1196009.59  22.8%   3.5  640s
 873596 751530 1322012.64  510   69 1549479.92 1196009.69  22.8%   3.5  645s
 878957 756664 1425915.87  303   67 1549479.92 1196009.83  22.8%   3.5  650s
 884029 761431 1312304.65 1429   66 1549479.92 1196009.83  22.8%   3.5  655s
 890804 768184 1542141.44  365   85 1549479.92 1196010.09  22.8%   3.5  660s
 896964 772863 1372125.68  218   74 1549479.92 1196010.57  22.8%   3.5  665s
 904695 780193 1372162.83 1398   73 1549479.92 1196010.59  22.8%   3.5  670s
 911719 787041 1301188.56 1549   81 1549479.92 1196010.68  22.8%   3.5  675s
 917125 791780 1296428.99  177   85 1549479.92 1196011.00  22.8%   3.5  680s
 923707 798249     cutoff  396      1549479.92 1196011.30  22.8%   3.5  685s
 930583 804575 1372124.43 1373   72 1549479.92 1196012.01  22.8%   3.5  690s
 939183 812798     cutoff  371      1549479.92 1196012.20  22.8%   3.5  695s
 944335 817225 1307737.64  774   69 1549479.92 1196012.43  22.8%   3.5  700s
 950598 822656 1308988.15  348   75 1549479.92 1196012.76  22.8%   3.4  705s
 956433 828794 1319535.80 2104   77 1549479.92 1196012.76  22.8%   3.4  710s
 963687 836107 1308633.41 1801   73 1549479.92 1196013.09  22.8%   3.4  715s
 968899 840738 1510592.96  227   79 1549479.92 1196013.74  22.8%   3.4  720s
 975359 847258 1518564.45  804   65 1549479.92 1196013.78  22.8%   3.4  725s
 982331 853550 1358311.84 2606   73 1549479.92 1196013.95  22.8%   3.4  730s
 988402 858935 1312512.47  176  121 1549479.92 1196014.73  22.8%   3.4  735s
 994737 865243 1335443.75 1890   77 1549479.92 1196014.73  22.8%   3.4  740s
 1001391 871328 1267215.18 2643   97 1549479.92 1196014.80  22.8%   3.4  745s
 1007899 877669 1357100.69 1445   66 1549479.92 1196015.24  22.8%   3.5  750s
 1015166 884793 1241917.72 2640   75 1549479.92 1196015.25  22.8%   3.4  755s
 1022426 891821 1336242.46 2641   87 1549479.92 1196015.54  22.8%   3.4  760s
 1027965 897497 1313952.34 1119   79 1549479.92 1196015.54  22.8%   3.4  765s
 1034808 904242 1395986.90 2445   68 1549479.92 1196015.54  22.8%   3.4  770s
 1041220 910126     cutoff 1966      1549479.92 1196016.03  22.8%   3.4  775s
 1048700 917339 1528941.58  456   58 1549479.92 1196016.46  22.8%   3.4  780s
 1055634 924092 1346465.42  848   63 1549479.92 1196016.54  22.8%   3.4  785s
 1062295 930600 1411458.89 2600   65 1549479.92 1196016.58  22.8%   3.4  790s
 1069072 936709 1476651.12  211   94 1549479.92 1196016.96  22.8%   3.4  795s
 1075547 943194 1358870.61  328   65 1549479.92 1196017.22  22.8%   3.4  800s
 1082507 949753 1545353.10  274   71 1549479.92 1196017.54  22.8%   3.4  805s
 1088480 955710 1309744.21 1045   62 1549479.92 1196017.72  22.8%   3.4  810s
 1095977 962788 1241567.05  869   71 1549479.92 1196017.79  22.8%   3.4  815s
 1100713 967144 1234484.95  245   75 1549479.92 1196018.20  22.8%   3.4  820s
 1108020 974045 1248933.35 2153   65 1549479.92 1196018.20  22.8%   3.4  825s
 1112408 978183 1333313.29  739   71 1549479.92 1196018.46  22.8%   3.4  830s
 1120023 985328 1401897.22 1504   70 1549479.92 1196018.61  22.8%   3.4  835s
 1126191 991134 1530336.11  634   55 1549479.92 1196018.90  22.8%   3.4  840s
 1133537 998428 1402810.93  612   64 1549479.92 1196019.13  22.8%   3.4  845s
 1138513 1002206 1381480.04  998   66 1549479.92 1196019.15  22.8%   3.4  850s
 1146357 1009686 1334453.63 1419   71 1549479.92 1196019.69  22.8%   3.4  855s
 1152536 1015807 1400372.73  313   68 1549479.92 1196020.13  22.8%   3.4  860s
 1159117 1022063 1541918.45  384   59 1549479.92 1196020.32  22.8%   3.4  865s
H1160707 1023062                    1549470.1400 1196020.41  22.8%   3.4  866s
 1163296 1024103 1538326.38  227  101 1549470.14 1196020.97  22.8%   3.4  870s
H1166873 1026932                    1549469.4017 1196020.97  22.8%   3.4  874s
 1167490 1027612 1384453.72  271   64 1549469.40 1196021.06  22.8%   3.4  875s
 1173628 1033433 1328848.02 1776   82 1549469.40 1196021.24  22.8%   3.4  880s
H1173900 1033853                    1549468.8798 1196021.24  22.8%   3.4  880s
H1174041 1033287                    1548803.5757 1196021.24  22.8%   3.4  880s
H1174151 1033620                    1548803.5756 1196021.24  22.8%   3.4  880s
H1176812 1036136                    1548803.5604 1196021.24  22.8%   3.4  882s
 1179832 1039258 1314574.89  829   66 1548803.56 1196021.31  22.8%   3.4  885s
H1180419 1039378                    1548378.8245 1196021.31  22.8%   3.4  885s
H1181003 1039804                    1548376.1846 1196021.31  22.8%   3.4  886s
 1185318 1043869 1356295.37 1077   65 1548376.18 1196021.40  22.8%   3.4  890s
H1190594 1041421                    1544266.0689 1196021.62  22.6%   3.4  893s
H1191298 1042227                    1544266.0687 1196021.62  22.6%   3.4  894s
 1192660 1043533 1345857.98 2610   67 1544266.07 1196021.62  22.6%   3.4  895s
 1198551 1048991 1340821.97 1711   70 1544266.07 1196021.86  22.6%   3.4  900s
 1205851 1056141 1466644.15 2614   44 1544266.07 1196022.08  22.6%   3.4  905s
 1211270 1060580 1535201.01  486   59 1544266.07 1196022.18  22.6%   3.4  910s
 1216547 1064680 1522681.69  241   74 1544266.07 1196022.67  22.6%   3.4  915s
 1221255 1068389 1355813.40  669   71 1544266.07 1196022.74  22.6%   3.4  920s
H1225441 1071230                    1544256.1393 1196022.83  22.6%   3.4  924s
 1225674 1071559 1400142.65  217   83 1544256.14 1196022.85  22.6%   3.4  925s
H1231260 1075206                    1544251.6515 1196022.96  22.5%   3.4  928s
 1231728 1075323     cutoff  387      1544251.65 1196023.02  22.5%   3.4  930s
 1239727 1083001 1307353.85 2429   68 1544251.65 1196023.02  22.5%   3.4  935s
H1242502 1085519                    1544245.4027 1196023.98  22.5%   3.4  939s
 1243794 1086620 1309185.96 1042   64 1544245.40 1196023.98  22.5%   3.4  940s
 1250406 1092754 1322701.09  372   93 1544245.40 1196024.17  22.5%   3.4  945s
 1255143 1097309 1306122.48 1144   84 1544245.40 1196024.17  22.5%   3.4  950s
 1260686 1102730 1309852.81 2199   65 1544245.40 1196024.17  22.5%   3.5  955s
 1264779 1105785 1354534.51 1168   67 1544245.40 1196025.05  22.5%   3.5  960s
 1269335 1109666 1241574.17 1366   74 1544245.40 1196025.40  22.5%   3.5  965s
 1273113 1112447 1503940.02 1210   61 1544245.40 1196025.40  22.5%   3.5  970s
H1273796 1099900                    1540042.8115 1196025.40  22.3%   3.5  970s
H1276497 1102449                    1540042.6964 1196025.59  22.3%   3.5  973s
 1277886 1103605 1478535.17  295   61 1540042.70 1196025.61  22.3%   3.5  975s
 1283121 1108218 1326644.52 2091   64 1540042.70 1196025.68  22.3%   3.5  980s
H1283315 1108218                    1540042.6144 1196025.68  22.3%   3.5  980s
 1288550 1113475 1315768.94 1779   68 1540042.61 1196025.97  22.3%   3.5  985s
 1295317 1119844 1301143.06  695   71 1540042.61 1196026.66  22.3%   3.5  990s
H1295981 1120618                    1540011.1319 1196026.66  22.3%   3.5  991s
 1300551 1124910 1302847.48 1974   72 1540011.13 1196026.66  22.3%   3.5  995s
 1306401 1131575 1508630.31 1117   72 1540011.13 1196027.03  22.3%   3.6 1000s
H1312350 1136582                    1540009.9623 1196027.09  22.3%   3.5 1004s
 1314112 1138158 1389165.13 2623   64 1540009.96 1196027.09  22.3%   3.5 1005s
H1320425 1144259                    1539998.3579 1196027.43  22.3%   3.5 1009s
 1321537 1145142 1519471.56 1665   58 1539998.36 1196027.43  22.3%   3.5 1010s
 1326416 1148851 1525703.38 2199   58 1539998.36 1196027.43  22.3%   3.6 1015s
 1330251 1151581 1362401.27  271   70 1539998.36 1196028.82  22.3%   3.6 1020s
H1333329 1153948                    1539875.1127 1196028.82  22.3%   3.6 1022s
 1335278 1155657 1538902.06  313   72 1539875.11 1196029.14  22.3%   3.6 1025s
H1336269 1156163                    1539874.8363 1196029.14  22.3%   3.6 1027s
 1339244 1158219     cutoff  539      1539874.84 1196029.14  22.3%   3.6 1030s
H1341562 1159632                    1539854.1208 1196029.14  22.3%   3.6 1033s
H1341656 1159632                    1539852.9264 1196029.14  22.3%   3.6 1033s
 1342827 1159856 1519580.45  790   71 1539852.93 1196029.14  22.3%   3.6 1035s
 1346926 1161819 1519187.53  997   72 1539852.93 1196029.14  22.3%   3.6 1040s
 1351657 1165095 1519207.26 1189   72 1539852.93 1196029.14  22.3%   3.6 1045s
 1356343 1168700 1519600.20 1392   71 1539852.93 1196029.14  22.3%   3.6 1050s
 1361494 1171777 1519207.26 1640   71 1539852.93 1196029.14  22.3%   3.6 1055s
H1363823 1158500                    1536283.6530 1196029.14  22.1%   3.6 1058s
H1364205 1151879                    1534084.9949 1196029.96  22.0%   3.6 1059s
H1364579 1152320                    1534062.7746 1196029.96  22.0%   3.6 1059s
 1365587 1153199 1333560.41  220   94 1534062.77 1196030.06  22.0%   3.6 1060s
H1372441 1156669                    1533340.3177 1196030.25  22.0%   3.6 1064s
H1372567 1157060                    1533324.9434 1196030.25  22.0%   3.6 1065s
H1372790 1157047                    1533320.8992 1196030.25  22.0%   3.6 1065s
 1378977 1163221     cutoff  260      1533320.90 1196030.41  22.0%   3.6 1070s
 1384141 1168147 1354182.75 1436   79 1533320.90 1196030.46  22.0%   3.6 1075s
H1385571 1157254                    1529537.9653 1196030.46  21.8%   3.6 1076s
H1385694 1157386                    1529519.2557 1196030.46  21.8%   3.6 1076s
H1386946 1158368                    1529374.7832 1196030.46  21.8%   3.6 1077s
H1388178 1159751                    1529360.1085 1196030.50  21.8%   3.6 1078s
H1388318 1159721                    1529345.0329 1196030.50  21.8%   3.6 1078s
 1389931 1160746 1516764.53  623   60 1529345.03 1196030.50  21.8%   3.6 1080s
H1392920 1163414                    1529340.0231 1196030.82  21.8%   3.6 1083s
 1395248 1165500 1512589.94  722   83 1529340.02 1196030.89  21.8%   3.6 1085s
 1401047 1171132 1350537.99  694   95 1529340.02 1196030.96  21.8%   3.6 1090s
 1407437 1176977 1309294.51  762   91 1529340.02 1196031.11  21.8%   3.6 1095s
 1412884 1182184 1375689.88  318   88 1529340.02 1196031.29  21.8%   3.6 1100s
 1419095 1188135 1514372.35  609   53 1529340.02 1196031.47  21.8%   3.6 1105s
 1424379 1193307 1437257.89  474   67 1529340.02 1196031.67  21.8%   3.6 1110s
 1431033 1199539 1320928.90 1935   81 1529340.02 1196031.94  21.8%   3.6 1115s
H1433602 1201929                    1529313.6677 1196031.94  21.8%   3.6 1117s
 1436437 1204400     cutoff  297      1529313.67 1196032.01  21.8%   3.6 1120s
H1438788 1205977                    1529313.2084 1196032.01  21.8%   3.6 1122s
H1440835 1207796                    1529312.9149 1196032.01  21.8%   3.6 1124s
 1442435 1208780 1507835.18  541   63 1529312.91 1196032.01  21.8%   3.6 1125s
 1448165 1213224 1508591.53  765   63 1529312.91 1196032.01  21.8%   3.6 1130s
 1452433 1216521 1359420.37  571   65 1529312.91 1196032.94  21.8%   3.6 1135s
 1458842 1222644 1311457.26 1705   66 1529312.91 1196033.00  21.8%   3.6 1140s
 1466305 1229889 1363356.22 2593   64 1529312.91 1196033.39  21.8%   3.6 1145s
 1472050 1235576 1357832.59 2482   64 1529312.91 1196033.57  21.8%   3.6 1150s
H1474978 1238044                    1529312.4239 1196034.10  21.8%   3.6 1153s
 1477253 1240253 1340932.41 1853   65 1529312.42 1196034.10  21.8%   3.6 1155s
 1483347 1246263 1441039.85 2283   59 1529312.42 1196034.15  21.8%   3.6 1160s
H1483687 1246486                    1529312.4094 1196034.15  21.8%   3.6 1160s
 1489319 1252059 1321351.75  761   70 1529312.41 1196034.45  21.8%   3.6 1165s
 1496200 1258816 1356882.10 2338   72 1529312.41 1196034.45  21.8%   3.6 1170s
 1502045 1264398 1396178.41 2246   60 1529312.41 1196034.45  21.8%   3.6 1175s
H1506175 1268269                    1529311.7286 1196034.66  21.8%   3.6 1178s
 1509108 1271046 1314401.95  199   93 1529311.73 1196034.83  21.8%   3.6 1180s
 1515876 1277953 1300457.80  312   73 1529311.73 1196035.17  21.8%   3.6 1185s
 1523806 1285673 1518051.23  344   67 1529311.73 1196035.21  21.8%   3.6 1190s
 1529397 1290595 1225379.29 1245   82 1529311.73 1196035.32  21.8%   3.6 1195s
 1536146 1297284 1353082.00 2500   61 1529311.73 1196035.41  21.8%   3.6 1200s
 1542706 1303611 1315980.66 1079   73 1529311.73 1196035.99  21.8%   3.6 1205s
 1550205 1310648 1507940.20  239   88 1529311.73 1196036.27  21.8%   3.6 1210s
 1558468 1318741 1320134.84 2244   70 1529311.73 1196036.40  21.8%   3.6 1215s
 1565975 1325447 1317495.06 1497   70 1529311.73 1196036.96  21.8%   3.6 1220s
 1573233 1332562     cutoff  512      1529311.73 1196037.14  21.8%   3.6 1225s
 1578991 1338199 1496975.98 1172   70 1529311.73 1196037.27  21.8%   3.6 1230s
 1586947 1345788 1318549.66  237  115 1529311.73 1196037.73  21.8%   3.6 1235s
 1595890 1354324 1324807.72 1650   77 1529311.73 1196037.85  21.8%   3.6 1240s
 1602103 1360381 1310442.32  581   81 1529311.73 1196038.31  21.8%   3.6 1245s
 1607674 1365965 1311441.93 2655   98 1529311.73 1196038.31  21.8%   3.6 1250s
 1612613 1370146 1360233.40 2316   63 1529311.73 1196038.67  21.8%   3.6 1255s
 1619370 1376769 1331994.75 2040   65 1529311.73 1196038.86  21.8%   3.6 1260s
 1624783 1381941 1365486.79 1171   69 1529311.73 1196039.11  21.8%   3.6 1265s
 1629931 1387023 1336027.62  949   75 1529311.73 1196039.28  21.8%   3.6 1270s
 1637400 1394006 1342493.56 2123   64 1529311.73 1196039.78  21.8%   3.5 1275s
 1643935 1400146 1323199.44 2648   70 1529311.73 1196039.92  21.8%   3.6 1280s
 1650965 1407186 1376495.19  691   65 1529311.73 1196040.51  21.8%   3.5 1285s
 1658145 1414093 1319467.72  841   65 1529311.73 1196040.57  21.8%   3.5 1290s
 1663869 1419731 1325239.61 2109   64 1529311.73 1196040.57  21.8%   3.6 1295s
 1671210 1426655 1341514.64 1881   67 1529311.73 1196040.79  21.8%   3.6 1300s
 1676962 1432529 1374526.79 2526   64 1529311.73 1196041.00  21.8%   3.6 1305s
 1683368 1438541 infeasible  240      1529311.73 1196041.89  21.8%   3.5 1310s
H1689066 1443468                    1529310.9045 1196041.97  21.8%   3.5 1315s
 1696821 1450877 1358078.47  914   64 1529310.90 1196042.29  21.8%   3.5 1320s
 1706874 1459854 1367715.95 2671   75 1529310.90 1196042.79  21.8%   3.5 1325s
 1717422 1470203 1370573.77 1947   62 1529310.90 1196043.39  21.8%   3.5 1330s
 1724652 1477096 1298435.90 1167   90 1529310.90 1196043.51  21.8%   3.5 1335s
 1733411 1485455     cutoff  214      1529310.90 1196044.06  21.8%   3.5 1340s
 1740713 1492890 1440111.22  463   58 1529310.90 1196044.23  21.8%   3.5 1345s
 1746018 1497561 1343581.40 1639   63 1529310.90 1196044.49  21.8%   3.5 1350s
Created node file directory '/home/ps12398/experiment_epec/goalProgrammingMarcos//grbnodes5'
 1753019 1504412 1330033.19  330   73 1529310.90 1196044.74  21.8%   3.5 1357s
 1756598 1507699 1340579.22 2638  103 1529310.90 1196044.74  21.8%   3.5 1360s
 1761772 1512485 1506722.51  745   68 1529310.90 1196044.80  21.8%   3.5 1365s
 1767039 1516589     cutoff  322      1529310.90 1196044.91  21.8%   3.5 1374s
 1767762 1517272 1518128.69  441   68 1529310.90 1196044.91  21.8%   3.5 1375s
 1773081 1522496 1374703.87 2583   63 1529310.90 1196044.94  21.8%   3.5 1380s
 1777636 1526715 1332448.05 1508   69 1529310.90 1196045.01  21.8%   3.5 1387s
 1781085 1530443 1341445.04 2618   67 1529310.90 1196045.01  21.8%   3.5 1390s
 1785472 1534300 1498173.25  244   74 1529310.90 1196045.21  21.8%   3.5 1395s
 1787359 1535964 1507675.30  258   65 1529310.90 1196045.21  21.8%   3.5 1400s
 1790873 1538703 1524035.47  225  104 1529310.90 1196045.42  21.8%   3.6 1405s
 1795982 1543934 1344473.26 2585   84 1529310.90 1196045.49  21.8%   3.6 1410s
 1798577 1546316 1515858.92  507   85 1529310.90 1196045.56  21.8%   3.6 1415s
 1802287 1549250 1517364.93 2541   64 1529310.90 1196045.56  21.8%   3.6 1420s
 1806231 1552496 1310247.06  896   92 1529310.90 1196046.24  21.8%   3.6 1425s
 1809066 1554824 1316569.57 2606   69 1529310.90 1196046.24  21.8%   3.6 1430s
 1813454 1559234 1337084.55 2607   69 1529310.90 1196046.24  21.8%   3.6 1435s
 1818518 1563809 1366599.07  561   76 1529310.90 1196046.51  21.8%   3.6 1442s
 1821205 1566542 1366599.07 1249   76 1529310.90 1196046.51  21.8%   3.6 1445s
 1826566 1570973 1301482.70  216  105 1529310.90 1196046.91  21.8%   3.6 1450s
 1829849 1574047 1322286.95 2650   70 1529310.90 1196046.91  21.8%   3.6 1456s
 1832418 1576016 1379590.95 2655   72 1529310.90 1196046.91  21.8%   3.6 1460s
 1835400 1577712 1359477.90  794   62 1529310.90 1196047.13  21.8%   3.6 1465s
 1840298 1581228 1460170.68 2645   63 1529310.90 1196047.13  21.8%   3.6 1470s
 1843496 1583597 1340151.83 1121   77 1529310.90 1196047.26  21.8%   3.6 1475s
 1845380 1584962 1329967.69 1809   77 1529310.90 1196047.26  21.8%   3.6 1480s
 1849141 1587949 1399488.84 2640   81 1529310.90 1196047.26  21.8%   3.6 1485s
 1855058 1592923 infeasible  272      1529310.90 1196047.37  21.8%   3.6 1493s
 1857278 1594992 1515007.47 1221   66 1529310.90 1196047.37  21.8%   3.7 1495s
 1864492 1600988 1332420.17  708   75 1529310.90 1196047.65  21.8%   3.7 1500s
 1868752 1605103 1337904.64 2614   71 1529310.90 1196047.65  21.8%   3.7 1505s
 1873466 1609514 1511833.60  599   48 1529310.90 1196047.68  21.8%   3.7 1510s
 1878444 1614046 1479069.33 1649   68 1529310.90 1196047.88  21.8%   3.7 1517s
 1881762 1616954 1524663.88  242  105 1529310.90 1196048.01  21.8%   3.7 1520s
 1888052 1623017 1317812.99 2634   76 1529310.90 1196048.07  21.8%   3.7 1528s
 1889535 1624291 1336382.81 2634   73 1529310.90 1196048.34  21.8%   3.7 1530s
 1896080 1629149 1521105.10 1140   70 1529310.90 1196048.34  21.8%   3.7 1535s
 1902115 1634146 1343090.31 2608   57 1529310.90 1196048.45  21.8%   3.7 1540s
 1903646 1635872 1343223.08 2607   67 1529310.90 1196048.45  21.8%   3.7 1546s
 1908608 1640787 1308936.16 1008   67 1529310.90 1196048.64  21.8%   3.7 1550s
 1913505 1645294 1315594.20 2667   65 1529310.90 1196048.64  21.8%   3.7 1555s
 1914782 1646136 1357174.65 2666   94 1529310.90 1196048.64  21.8%   3.7 1560s
 1920121 1649512 1521289.89  255  105 1529310.90 1196049.16  21.8%   3.7 1565s
 1926306 1655144 1325944.53 1784   66 1529310.90 1196049.36  21.8%   3.7 1570s
 1928161 1656786 1329390.97 2618   65 1529310.90 1196049.36  21.8%   3.7 1575s
 1933622 1661664 1308304.42  939   68 1529310.90 1196049.54  21.8%   3.7 1581s
 1938270 1665727 1318172.21 2433   66 1529310.90 1196049.54  21.8%   3.7 1587s
 1942143 1669543 1364433.96 2635   86 1529310.90 1196049.54  21.8%   3.7 1590s
 1946543 1673629 1342188.51 1289   62 1529310.90 1196049.67  21.8%   3.7 1595s
 1949870 1676478 1345450.22 2642   68 1529310.90 1196049.67  21.8%   3.7 1600s
 1953335 1678557 1522474.73 1084   64 1529310.90 1196049.84  21.8%   3.7 1605s
 1958479 1682967 1479747.57  338   68 1529310.90 1196049.92  21.8%   3.7 1610s
 1962441 1687259 1333472.91 2119   68 1529310.90 1196049.97  21.8%   3.7 1616s
 1968766 1693071 1519832.86  351   69 1529310.90 1196049.98  21.8%   3.7 1620s
 1974731 1698724 1507827.46 2620   66 1529310.90 1196050.08  21.8%   3.7 1628s
 1976557 1700015     cutoff 2621      1529310.90 1196050.08  21.8%   3.7 1630s
 1982720 1705909 1348224.13  209  106 1529310.90 1196050.39  21.8%   3.7 1635s
 1986842 1709855 1320520.37  814   69 1529310.90 1196050.45  21.8%   3.7 1643s
 1989713 1712256 1323622.25 2596   67 1529310.90 1196050.45  21.8%   3.7 1645s
 1994300 1716281 1313474.51  255  111 1529310.90 1196050.61  21.8%   3.7 1650s
 1999690 1721493 1311761.61 2073   70 1529310.90 1196050.88  21.8%   3.7 1658s
 2001168 1722793 1334157.28 2600   87 1529310.90 1196050.88  21.8%   3.7 1660s
 2005914 1727659 1454576.71  287   60 1529310.90 1196050.90  21.8%   3.7 1665s
 2010928 1731686 1308730.87 1168   75 1529310.90 1196050.92  21.8%   3.7 1673s
 2012854 1733385 1308863.30 1870   63 1529310.90 1196050.92  21.8%   3.7 1675s
 2016044 1735881 1320987.36 2632   72 1529310.90 1196050.92  21.8%   3.7 1680s
 2019351 1738521 infeasible  332      1529310.90 1196051.30  21.8%   3.7 1685s
 2022685 1741470 1522965.86  265  106 1529310.90 1196051.40  21.8%   3.7 1690s
 2028562 1746632 1332226.44 2472   69 1529310.90 1196051.64  21.8%   3.7 1695s
 2033751 1750825     cutoff  661      1529310.90 1196052.17  21.8%   3.7 1700s
 2035245 1752120 1358280.85  887   61 1529310.90 1196052.18  21.8%   3.7 1706s
 2041794 1758634 1392700.23 2642   66 1529310.90 1196052.18  21.8%   3.7 1710s
 2045577 1762305 1359246.94 2424   60 1529310.90 1196052.34  21.8%   3.7 1720s
 2050087 1766411     cutoff  264      1529310.90 1196052.47  21.8%   3.7 1725s
 2054667 1770332 1492418.75  316   65 1529310.90 1196052.51  21.8%   3.7 1730s
 2057560 1772397 1362087.53  553   60 1529310.90 1196052.53  21.8%   3.7 1737s
 2059914 1774692 1363080.56 2324   62 1529310.90 1196052.53  21.8%   3.7 1740s
 2064610 1779266 1521376.13  308   86 1529310.90 1196052.60  21.8%   3.7 1745s
 2069756 1783345 1520554.18  610   60 1529310.90 1196052.69  21.8%   3.7 1750s
 2070042 1783739 1508739.83  645   68 1529310.90 1196052.69  21.8%   3.7 1756s
 2075717 1788917 1380906.51 2686   70 1529310.90 1196052.78  21.8%   3.7 1760s
 2081504 1794065     cutoff  437      1529310.90 1196052.98  21.8%   3.7 1769s
 2082137 1794632 1502845.16  453   80 1529310.90 1196052.98  21.8%   3.7 1770s
 2087682 1799324 1331581.58  427   70 1529310.90 1196053.15  21.8%   3.8 1775s
 2093050 1804290 1334645.00 1686   69 1529310.90 1196053.15  21.8%   3.8 1780s
 2096207 1807425 1336628.51 2525   69 1529310.90 1196053.15  21.8%   3.8 1787s
 2098982 1810152 1360081.71 2589   80 1529310.90 1196053.15  21.8%   3.8 1790s
 2105857 1816837 1374487.19 2592   70 1529310.90 1196053.37  21.8%   3.8 1800s
 2110812 1821658 1474129.63  286   68 1529310.90 1196053.44  21.8%   3.8 1805s
 2115404 1824818     cutoff  227      1529310.90 1196054.05  21.8%   3.8 1810s
 2118079 1827454 1298481.30  374   90 1529310.90 1196054.12  21.8%   3.8 1816s
 2121481 1830727 1298481.30  954   90 1529310.90 1196054.12  21.8%   3.8 1820s
 2128209 1836874 1310162.98 2243   68 1529310.90 1196054.12  21.8%   3.8 1825s
 2131102 1839100 1317927.59 2651   69 1529310.90 1196054.12  21.8%   3.8 1832s
 2133287 1840500 1524013.28  441   72 1529310.90 1196054.34  21.8%   3.8 1835s
 2137673 1844280 1368447.00  199   68 1529310.90 1196054.73  21.8%   3.8 1840s
 2140918 1847045 1480728.76  226   67 1529310.90 1196054.78  21.8%   3.8 1849s
 2141485 1847469 1486851.60  231   70 1529310.90 1196054.78  21.8%   3.8 1850s
 2147174 1852836 1391712.68 2655   69 1529310.90 1196054.96  21.8%   3.8 1855s
 2153330 1858843 1306842.31 1695   67 1529310.90 1196054.97  21.8%   3.8 1865s
 2158663 1864436 1357491.77 2635   76 1529310.90 1196055.20  21.8%   3.8 1870s
 2162546 1867533     cutoff  891      1529310.90 1196055.37  21.8%   3.8 1875s
 2165598 1868865 1331294.84  413   84 1529310.90 1196055.52  21.8%   3.8 1883s
 2167244 1870968 1331377.51 1114   83 1529310.90 1196055.52  21.8%   3.8 1885s
 2173687 1876981 1524282.84  253  101 1529310.90 1196055.54  21.8%   3.8 1890s
 2176932 1879838 1342198.03  478   81 1529310.90 1196055.92  21.8%   3.8 1901s
 2181842 1884565 1347901.44 1851   65 1529310.90 1196055.92  21.8%   3.8 1905s
 2186040 1888877 1388625.76 2627   87 1529310.90 1196055.92  21.8%   3.8 1915s
 2190495 1893061 1482630.08  321   70 1529310.90 1196055.98  21.8%   3.8 1920s
 2196522 1897448 1523553.34  256   90 1529310.90 1196056.15  21.8%   3.8 1925s
 2197252 1897991 1523730.48  433   87 1529310.90 1196056.15  21.8%   3.8 1931s
 2200367 1900937 1516778.81  992   83 1529310.90 1196056.21  21.8%   3.8 1935s
 2205518 1905161 1320839.40 1156   66 1529310.90 1196056.45  21.8%   3.8 1940s
 2208916 1907860 1373131.98 2592   89 1529310.90 1196056.45  21.8%   3.8 1947s
 2211360 1909457 1377572.94 2593   89 1529310.90 1196056.66  21.8%   3.8 1950s
 2215872 1912716 1336206.66 1771   81 1529310.90 1196056.66  21.8%   3.9 1955s
 2220362 1916077 1360860.96 2604   83 1529310.90 1196056.66  21.8%   3.9 1960s
 2222318 1918001 1325191.90  445  104 1529310.90 1196057.02  21.8%   3.9 1969s
 2224283 1919860 1325363.94 1248  107 1529310.90 1196057.02  21.8%   3.9 1970s
 2230466 1925876 1337586.57 2606   79 1529310.90 1196057.02  21.8%   3.9 1975s
 2233791 1929032 1358450.31 1411   63 1529310.90 1196057.22  21.8%   3.9 1983s
 2235849 1930557 1359134.44 2644   57 1529310.90 1196057.22  21.8%   3.9 1985s
 2241370 1936109     cutoff  568      1529310.90 1196057.35  21.8%   3.9 1990s
 2245992 1940205 1299897.12 1775   72 1529310.90 1196057.54  21.8%   3.9 1999s
 2246628 1940782 1300390.47 2265   71 1529310.90 1196057.54  21.8%   3.9 2000s
 2252342 1946117 1323031.36  176   96 1529310.90 1196057.62  21.8%   3.9 2006s
 2255945 1949531 1499967.43  346   70 1529310.90 1196057.66  21.8%   3.9 2010s
 2256875 1950102 1509001.74  971   55 1529310.90 1196057.66  21.8%   3.9 2016s
 2260527 1952538     cutoff  282      1529310.90 1196057.92  21.8%   3.9 2020s
 2265465 1957064 1332623.72  236   83 1529310.90 1196058.21  21.8%   3.9 2025s
 2270292 1961211 1332639.61 1221   71 1529310.90 1196058.53  21.8%   3.9 2033s
 2272001 1963264 1333253.82 2428   65 1529310.90 1196058.53  21.8%   3.9 2035s
 2277962 1968623     cutoff  589      1529310.90 1196058.69  21.8%   3.9 2040s
 2283526 1973627 1518610.00 2677   56 1529310.90 1196058.69  21.8%   3.9 2048s
 2285227 1974729     cutoff  220      1529310.90 1196059.06  21.8%   3.9 2050s
 2290243 1978999 1299436.82 2609   79 1529310.90 1196059.06  21.8%   3.9 2055s
 2294692 1983435 1300458.83  587   68 1529310.90 1196059.24  21.8%   3.9 2063s
 2296748 1985371 1304027.09 1174   67 1529310.90 1196059.24  21.8%   3.9 2065s
 2301438 1989573 1312911.86 2664   65 1529310.90 1196059.24  21.8%   3.9 2070s
 2305215 1993579 1362133.92 2667   81 1529310.90 1196059.24  21.8%   3.9 2079s
 2305765 1993883 1324997.13 2664   78 1529310.90 1196059.70  21.8%   3.9 2080s
 2311166 1998568 1486441.89  433   71 1529310.90 1196059.84  21.8%   3.9 2085s
 2317068 2004128 1319026.82  965   70 1529310.90 1196059.95  21.8%   3.9 2090s
 2318850 2005595 1324414.47 1945   68 1529310.90 1196059.95  21.8%   3.9 2095s
 2324074 2009755 1386522.39 2667   65 1529310.90 1196059.95  21.8%   3.9 2100s
 2328277 2012915 1359380.84  915   68 1529310.90 1196060.04  21.8%   3.9 2111s
 2331342 2015367 1364781.35 1545   65 1529310.90 1196060.04  21.8%   3.9 2115s
 2336646 2020015 1419073.12 2640   74 1529310.90 1196060.04  21.8%   3.9 2120s
 2338795 2022151 1385557.64 2640   79 1529310.90 1196060.04  21.8%   3.9 2127s
 2341159 2024093 1513276.88  206   99 1529310.90 1196060.43  21.8%   3.9 2130s
 2348249 2030173 1349718.90 2590  102 1529310.90 1196060.43  21.8%   3.9 2135s
 2348658 2030594 1361514.34 2589   99 1529310.90 1196060.43  21.8%   3.9 2140s
 2353223 2034149 1505646.87  255   56 1529310.90 1196060.50  21.8%   3.9 2146s
 2357030 2036477 infeasible  371      1529310.90 1196060.75  21.8%   3.9 2150s
 2363498 2041779 1344864.59 2587   69 1529310.90 1196060.75  21.8%   3.9 2159s
 2364315 2042598 1374387.82 2588   71 1529310.90 1196060.75  21.8%   3.9 2160s
 2370393 2047621 1496567.65  243   73 1529310.90 1196060.90  21.8%   3.9 2165s
 2375161 2051579 1313635.02  849   71 1529310.90 1196061.18  21.8%   3.9 2170s
 2377891 2054278 1313927.63 2528   70 1529310.90 1196061.18  21.8%   3.9 2177s
 2380914 2056136 1322971.95 2681   63 1529310.90 1196061.18  21.8%   3.9 2180s
 2384529 2057876 1325113.97  263   71 1529310.90 1196061.53  21.8%   3.9 2185s
 2390317 2063493 1354114.11 1820   63 1529310.90 1196061.53  21.8%   3.9 2190s
 2392053 2065180 1356916.55 2194   64 1529310.90 1196061.53  21.8%   3.9 2197s
 2394233 2067330 1356683.08 2591   62 1529310.90 1196061.53  21.8%   3.9 2200s
 2398677 2070961 1524455.28  269  104 1529310.90 1196062.10  21.8%   3.9 2205s
 2404338 2075735 1248376.10 1637   74 1529310.90 1196062.33  21.8%   3.9 2215s
 2410634 2081378 1277780.76 2650   85 1529310.90 1196062.33  21.8%   3.9 2220s
 2415227 2085598 1511832.11  312   85 1529310.90 1196062.67  21.8%   3.9 2225s
 2417139 2086872 infeasible  607      1529310.90 1196062.67  21.8%   3.9 2231s
 2421615 2089868 infeasible 1267      1529310.90 1196062.67  21.8%   3.9 2235s
 2426372 2094362 1360951.03  401   52 1529310.90 1196062.76  21.8%   3.9 2240s
 2429264 2097357 1359821.02 1539   59 1529310.90 1196062.82  21.8%   3.9 2248s
 2431415 2099229 1366876.89 2667   53 1529310.90 1196062.82  21.8%   3.9 2250s
 2436621 2103567 1319597.28  239   81 1529310.90 1196063.36  21.8%   3.9 2255s
 2442152 2108734 1321119.06 2613   69 1529310.90 1196063.36  21.8%   3.9 2264s
 2442741 2109158 1321122.12 2613   68 1529310.90 1196063.36  21.8%   3.9 2265s
 2446953 2112370 1510373.31  384   80 1529310.90 1196063.68  21.8%   3.9 2270s
 2453285 2117402 1369239.36  182  105 1529310.90 1196063.75  21.8%   3.9 2275s
 2456511 2119753 1521961.08  248  102 1529310.90 1196063.80  21.8%   3.9 2280s
 2459640 2121540 1304902.61  872   68 1529310.90 1196064.03  21.8%   3.9 2286s
 2462258 2123452 1310624.72 1853   67 1529310.90 1196064.03  21.8%   3.9 2290s
 2466890 2126637 1351339.71 2669   76 1529310.90 1196064.03  21.8%   4.0 2295s
 2470916 2129521 1313969.39 2591   70 1529310.90 1196064.03  21.8%   4.0 2300s
 2471661 2130301 1314067.79 2683   65 1529310.90 1196064.03  21.8%   4.0 2307s
 2474331 2132091 1450816.56  365   79 1529310.90 1196064.10  21.8%   4.0 2310s
 2479405 2135029 1510340.28 1470   77 1529310.90 1196064.23  21.8%   4.0 2315s
 2484423 2139709 1382909.03 1292   72 1529310.90 1196064.52  21.8%   4.0 2320s
 2487629 2142771 1516487.86 2112   64 1529310.90 1196064.52  21.8%   4.0 2327s
 2491412 2145501 infeasible  300      1529310.90 1196064.76  21.8%   4.0 2330s
 2497437 2150685 1465215.09  255   80 1529310.90 1196064.78  21.8%   4.0 2335s
 2500894 2153328     cutoff  500      1529310.90 1196064.78  21.8%   4.0 2340s
 2501713 2154104 1528241.43  563   77 1529310.90 1196064.78  21.8%   4.0 2345s
 2507031 2158326 1300164.33  384   94 1529310.90 1196064.87  21.8%   4.0 2350s
 2512318 2161944 1522010.33  611   57 1529310.90 1196065.23  21.8%   4.0 2355s
 2515808 2164994 1369343.86  254   95 1529310.90 1196065.45  21.8%   4.0 2364s
 2516130 2165442     cutoff  296      1529310.90 1196065.46  21.8%   4.0 2365s
 2523069 2172256 1470352.98 2464   54 1529310.90 1196065.46  21.8%   4.0 2370s
 2527595 2176698 1345084.56 2704   57 1529310.90 1196065.57  21.8%   4.0 2379s
 2528380 2177365 1345171.08 2702   59 1529310.90 1196065.57  21.8%   4.0 2380s
 2533610 2182241 1364550.07  702   65 1529310.90 1196065.78  21.8%   4.0 2385s
 2536974 2185134 1312437.92  340   79 1529310.90 1196065.91  21.8%   4.0 2393s
 2537814 2185876 1312928.71  902   76 1529310.90 1196065.91  21.8%   4.0 2395s
 2543396 2190982 1406891.95 2669   78 1529310.90 1196065.91  21.8%   4.0 2400s
 2548248 2195076 1509968.74 2681   45 1529310.90 1196066.14  21.8%   4.0 2405s
 2549705 2196418 1495085.54 2681   50 1529310.90 1196066.14  21.8%   4.0 2410s
 2553322 2199468 1506219.30  733   53 1529310.90 1196066.22  21.8%   4.0 2415s
 2560925 2206536 1330584.26 2595   66 1529310.90 1196066.33  21.8%   4.0 2420s
 2561758 2207396 1330563.50 2597   67 1529310.90 1196066.33  21.8%   4.0 2425s
 2567213 2212037     cutoff  478      1529310.90 1196066.39  21.8%   4.0 2430s
 2571069 2214766 infeasible  479      1529310.90 1196066.39  21.8%   4.0 2435s
 2576051 2218613 1312412.51 1966   95 1529310.90 1196066.88  21.8%   4.0 2440s
 2578371 2220967 1317256.51 2684   68 1529310.90 1196066.88  21.8%   4.0 2447s
 2581583 2223575 1321493.68  441   69 1529310.90 1196067.28  21.8%   4.0 2450s
 2588509 2230320 1334319.66 2300   84 1529310.90 1196067.28  21.8%   4.0 2455s
 2589179 2230925 1334727.83 2570   85 1529310.90 1196067.28  21.8%   4.0 2461s
 2592030 2233838 1445192.39 2604   86 1529310.90 1196067.28  21.8%   4.0 2465s
 2598158 2239345 1436452.93 2656   81 1529310.90 1196067.55  21.8%   4.0 2470s
 2601285 2242225 1357281.79  560   63 1529310.90 1196067.82  21.8%   4.0 2481s
 2605760 2246405 1366433.86 2593   59 1529310.90 1196067.82  21.8%   4.0 2485s
 2612666 2252345 1519065.35  414   67 1529310.90 1196067.99  21.8%   4.0 2490s
 2614956 2254291 1344925.40  244   72 1529310.90 1196068.18  21.8%   4.0 2501s
 2618461 2256880 1516988.48  320   94 1529310.90 1196068.31  21.8%   4.0 2505s
 2624155 2262628 1375009.72 2690   75 1529310.90 1196068.31  21.8%   4.0 2510s
 2625746 2264083 1382586.59 2692   78 1529310.90 1196068.31  21.8%   4.0 2517s
 2628433 2267036 1344304.64 1584   64 1529310.90 1196068.45  21.8%   4.0 2520s
 2635141 2273043 1512539.29  317   60 1529310.90 1196068.72  21.8%   4.0 2525s
 2636867 2274808 1343586.34 1223   62 1529310.90 1196068.76  21.8%   4.0 2530s
 2642542 2280414 1320967.05  406   70 1529310.90 1196068.99  21.8%   4.0 2535s
 2647802 2284712 1332858.12 2604   83 1529310.90 1196068.99  21.8%   4.0 2540s
 2649664 2286015 1511792.65  611   76 1529310.90 1196069.22  21.8%   4.0 2547s
 2651955 2288394 1329911.69  203   72 1529310.90 1196069.38  21.8%   4.0 2550s
 2658158 2293877 1331238.19 2595   90 1529310.90 1196069.38  21.8%   4.0 2555s
 2662534 2297095 1504066.24  475   58 1529310.90 1196069.61  21.8%   4.0 2560s
 2663109 2297613 1524652.52  505   68 1529310.90 1196069.61  21.8%   4.0 2565s
 2667941 2301865 1511087.09 1724   76 1529310.90 1196069.73  21.8%   4.0 2570s
 2672948 2306638 1415099.62 2643   51 1529310.90 1196069.80  21.8%   4.0 2578s
 2674813 2308527 1443616.18 2658   53 1529310.90 1196069.80  21.8%   4.0 2580s
 2680478 2313625 1341831.46  252   85 1529310.90 1196069.90  21.8%   4.0 2585s
 2683754 2316493 1360565.09 2678   61 1529310.90 1196069.90  21.8%   4.0 2593s
 2684936 2317405 1376809.73 2676   65 1529310.90 1196069.90  21.8%   4.0 2595s
 2688419 2319650 1521589.73  596   40 1529310.90 1196070.34  21.8%   4.0 2600s
 2693507 2323682 1395867.82  320   87 1529310.90 1196070.49  21.8%   4.0 2605s
 2696410 2326108 1303366.48  244   71 1529310.90 1196070.65  21.8%   4.0 2613s
 2698006 2327191 1389164.23  684   74 1529310.90 1196070.65  21.8%   4.0 2615s
 2703806 2332774 1407309.40 1510   68 1529310.90 1196070.65  21.8%   4.1 2620s
 2706758 2335431 1411835.57 2131   63 1529310.90 1196070.65  21.8%   4.1 2630s
 2710626 2338502 1465778.57 2651   75 1529310.90 1196070.65  21.8%   4.1 2635s
 2716007 2343130 1299540.12 1249   76 1529310.90 1196071.16  21.8%   4.1 2640s
 2718284 2345084 1302337.69 2640   70 1529310.90 1196071.16  21.8%   4.1 2647s
 2720968 2347280 1313781.03  399   69 1529310.90 1196071.32  21.8%   4.1 2650s
 2726547 2352355 1314167.01 2553   61 1529310.90 1196071.32  21.8%   4.1 2655s
 2731166 2355706 1321112.36  844   71 1529310.90 1196071.89  21.8%   4.1 2660s
 2733708 2357782 1321980.84 2679   68 1529310.90 1196071.89  21.8%   4.1 2669s
 2734055 2358089 1321962.39 2679   68 1529310.90 1196071.89  21.8%   4.1 2670s
 2737950 2360013 1314261.64  181   97 1529310.90 1196072.15  21.8%   4.1 2675s
 2742476 2364023 1320961.63 2660   67 1529310.90 1196072.31  21.8%   4.1 2680s
 2747321 2368575     cutoff  505      1529310.90 1196072.38  21.8%   4.1 2685s
 2747687 2368762 infeasible  542      1529310.90 1196072.38  21.8%   4.1 2691s
 2751540 2372684 1363006.54 2499   60 1529310.90 1196072.42  21.8%   4.1 2695s
 2756760 2377267 1389338.47  591   74 1529310.90 1196072.53  21.8%   4.1 2700s
 2758592 2379007 1496348.29  419   67 1529310.90 1196072.59  21.8%   4.1 2707s
 2761489 2381821 1311812.95 2442   65 1529310.90 1196072.59  21.8%   4.1 2710s
 2766943 2386667 1454848.68 2698   88 1529310.90 1196072.92  21.8%   4.1 2715s
 2770710 2390154     cutoff  353      1529310.90 1196073.02  21.8%   4.1 2723s
 2772237 2391217 1324514.93  423   68 1529310.90 1196073.23  21.8%   4.1 2725s
 2778025 2397306 1345361.12 2127   79 1529310.90 1196073.23  21.8%   4.1 2730s
 2779039 2398399 1385431.79 2387   67 1529310.90 1196073.23  21.8%   4.1 2735s
 2783896 2402156 1508926.03  300   62 1529310.90 1196073.32  21.8%   4.1 2740s
 2787548 2404536 1391470.73  468   56 1529310.90 1196073.52  21.8%   4.1 2745s
 2792897 2409635 1307454.71 1125   88 1529310.90 1196073.74  21.8%   4.1 2750s
 2793174 2410020 1307720.62 1243   88 1529310.90 1196073.74  21.8%   4.1 2755s
 2798248 2414520 1313044.26 2611   92 1529310.90 1196073.74  21.8%   4.1 2760s
 2802723 2418114 1408925.11  380   73 1529310.90 1196074.24  21.8%   4.1 2765s
 2806063 2420568 infeasible  254      1529310.90 1196074.69  21.8%   4.1 2772s
 2809095 2423365 1495254.04  420   70 1529310.90 1196074.75  21.8%   4.1 2775s
H2812878 2426395                    1529309.8197 1196074.83  21.8%   4.1 2779s
 2813470 2426983 1319899.75 2004   71 1529309.82 1196074.83  21.8%   4.1 2780s
 2819586 2432291 1435765.58 2238   67 1529309.82 1196074.95  21.8%   4.1 2785s
 2821084 2433312 1518102.38 2662   85 1529309.82 1196074.95  21.8%   4.1 2790s
 2826229 2437898 1340855.56 1234   97 1529309.82 1196075.31  21.8%   4.1 2795s
 2831068 2442767 1341462.74 2596   78 1529309.82 1196075.31  21.8%   4.1 2800s
 2831505 2443070 1357845.97 2597   70 1529309.82 1196075.31  21.8%   4.1 2805s
 2835910 2447111 1211505.53  460   77 1529309.82 1196075.38  21.8%   4.1 2810s
 2840265 2451479 1312726.26 2618   81 1529309.82 1196075.38  21.8%   4.1 2815s
 2845577 2456609 1348796.79 2179   62 1529309.82 1196075.44  21.8%   4.1 2822s
 2848905 2459741 1386426.60 2616   61 1529309.82 1196075.44  21.8%   4.1 2825s
 2853932 2464504 1325328.04 1414   61 1529309.82 1196075.51  21.8%   4.1 2834s
 2854700 2465319 1325526.85 1621   74 1529309.82 1196075.51  21.8%   4.1 2835s
 2859505 2469349 1377884.13 2681   67 1529309.82 1196075.51  21.8%   4.1 2840s
 2865923 2473770     cutoff  310      1529309.82 1196076.06  21.8%   4.1 2845s
 2867608 2475494 1350551.53  810   68 1529309.82 1196076.12  21.8%   4.1 2850s
 2871503 2478521 1396129.04 2688   95 1529309.82 1196076.12  21.8%   4.1 2855s
 2875189 2481277 1321664.58  457   71 1529309.82 1196076.53  21.8%   4.1 2860s
 2879715 2485525 1336405.87 1865   64 1529309.82 1196076.53  21.8%   4.1 2870s
 2884095 2489761 1376140.09 2664   75 1529309.82 1196076.53  21.8%   4.1 2875s
 2887867 2493307 1430889.57  282   70 1529309.82 1196076.64  21.8%   4.1 2884s
 2888712 2494005 1484480.27  378   63 1529309.82 1196076.64  21.8%   4.1 2885s
 2893750 2498485 1479564.45  319   71 1529309.82 1196076.79  21.8%   4.1 2890s
 2897823 2501521 1524388.50  439   55 1529309.82 1196076.88  21.8%   4.1 2895s
 2901938 2504702 1518434.98  315   99 1529309.82 1196077.04  21.8%   4.2 2900s
 2902994 2505590     cutoff  546      1529309.82 1196077.25  21.8%   4.2 2905s
 2908727 2511086 1332871.91 1013   63 1529309.82 1196077.34  21.8%   4.2 2910s
 2911346 2513356 1360325.70 1818   66 1529309.82 1196077.34  21.8%   4.2 2917s
 2913541 2515367 1368535.05 2621   79 1529309.82 1196077.34  21.8%   4.2 2920s
 2916645 2517283 1526559.04  267   96 1529309.82 1196077.55  21.8%   4.2 2925s
 2922089 2522277 1328096.92 2640   62 1529309.82 1196077.55  21.8%   4.2 2930s
 2922758 2522737 1328098.38 2643   60 1529309.82 1196077.55  21.8%   4.2 2936s
 2925895 2525442 1485460.92  248   76 1529309.82 1196077.82  21.8%   4.2 2940s
 2929937 2529081     cutoff  268      1529309.82 1196077.85  21.8%   4.2 2945s
 2936423 2535462 1301089.25 1193   70 1529309.82 1196078.01  21.8%   4.2 2950s
 2936918 2535762 1301407.23 1319   70 1529309.82 1196078.01  21.8%   4.2 2955s
 2941589 2539760 1305257.99 2644   66 1529309.82 1196078.01  21.8%   4.2 2960s
 2945977 2542839 1310669.12  202   90 1529309.82 1196078.29  21.8%   4.2 2965s
 2948333 2545121 1351855.34 1187   61 1529309.82 1196078.29  21.8%   4.2 2973s
 2949626 2546053 1374653.85 1943   69 1529309.82 1196078.29  21.8%   4.2 2975s
 2954052 2549985 1475027.72 2640   74 1529309.82 1196078.29  21.8%   4.2 2980s
 2958523 2553938 1521988.09  285  100 1529309.82 1196078.59  21.8%   4.2 2985s
 2960475 2555597 1308589.26  914   83 1529309.82 1196078.66  21.8%   4.2 2994s
 2961873 2556882 1308589.26 1684   83 1529309.82 1196078.66  21.8%   4.2 2995s
 2966842 2561097 1318304.98  727   70 1529309.82 1196079.44  21.8%   4.2 3000s
 2972986 2567115 1331382.23 2627  103 1529309.82 1196079.44  21.8%   4.2 3008s
 2975115 2568927     cutoff  312      1529309.82 1196079.52  21.8%   4.2 3010s
 2980524 2573005 1518106.83  569   47 1529309.82 1196079.55  21.8%   4.2 3015s
 2983166 2575617 1299315.76  461   84 1529309.82 1196079.76  21.8%   4.2 3022s
 2986472 2578786 1299439.29 2061   66 1529309.82 1196079.76  21.8%   4.2 3025s
 2991006 2582888 1314752.23 2687   63 1529309.82 1196079.76  21.8%   4.2 3030s
 2993757 2584607 1491854.85 1078   54 1529309.82 1196079.86  21.8%   4.2 3038s
 2995472 2586222 1419246.20  234   99 1529309.82 1196079.96  21.8%   4.2 3040s
 3000709 2590696 infeasible  459      1529309.82 1196080.06  21.8%   4.2 3045s
 3005953 2595851 1343993.78 2646   61 1529309.82 1196080.06  21.8%   4.2 3053s
 3007019 2596897 1401848.81 2646   61 1529309.82 1196080.06  21.8%   4.2 3055s
 3011669 2600997 1444032.41  491   73 1529309.82 1196080.37  21.8%   4.2 3060s
 3017718 2606631 1345433.40 2645   59 1529309.82 1196080.46  21.8%   4.2 3065s
 3018148 2606853 1412379.99 2648   77 1529309.82 1196080.46  21.8%   4.2 3073s
 3020784 2609488     cutoff  320      1529309.82 1196080.48  21.8%   4.2 3075s
 3025754 2613467 1342898.13  255   90 1529309.82 1196080.98  21.8%   4.2 3080s
 3031690 2619329 1322279.86 2279   69 1529309.82 1196081.13  21.8%   4.2 3090s
 3036461 2623850 1407877.11 2704   69 1529309.82 1196081.13  21.8%   4.2 3095s
 3040902 2627616 1388101.62 1659   72 1529309.82 1196081.14  21.8%   4.2 3100s
 3042268 2628795 1387979.70 2163   69 1529309.82 1196081.14  21.8%   4.2 3106s
 3047231 2633642 1475879.63 2693   77 1529309.82 1196081.14  21.8%   4.2 3110s
 3051475 2637313 1522748.46  297   98 1529309.82 1196081.82  21.8%   4.2 3115s
 3051907 2637651 1526743.90  304   95 1529309.82 1196081.82  21.8%   4.2 3122s
 3054033 2639325     cutoff  343      1529309.82 1196081.82  21.8%   4.2 3125s
 3058774 2643395 1311816.11 1064   73 1529309.82 1196082.06  21.8%   4.2 3130s
 3064422 2649552 1318913.75 2198   78 1529309.82 1196082.06  21.8%   4.2 3139s
 3065706 2650764 1318436.41 2467   76 1529309.82 1196082.06  21.8%   4.2 3140s
 3071143 2655613 1394286.16 2625   86 1529309.82 1196082.27  21.8%   4.2 3145s
 3077291 2661022 1512397.71 1616   57 1529309.82 1196082.27  21.8%   4.2 3153s
 3078812 2662304 1510495.93 2021   58 1529309.82 1196082.27  21.8%   4.2 3156s
 3083150 2666270 1320458.88 2314   68 1529309.82 1196082.56  21.8%   4.2 3160s
 3087386 2669712 1365420.46 2668   93 1529309.82 1196082.56  21.8%   4.2 3165s
 3089559 2672199 1343574.04 1156   61 1529309.82 1196083.11  21.8%   4.2 3173s
 3092335 2674591 1362209.01 2646   66 1529309.82 1196083.11  21.8%   4.2 3175s
 3096387 2678435 1329999.27  257   86 1529309.82 1196083.25  21.8%   4.2 3180s
 3099735 2681747 1362656.14 2611   96 1529309.82 1196083.25  21.8%   4.2 3188s
 3101562 2683492 1340330.24 2608   89 1529309.82 1196083.25  21.8%   4.2 3190s
 3105420 2685696 infeasible  283      1529309.82 1196083.45  21.8%   4.2 3195s
 3110862 2690780     cutoff  365      1529309.82 1196083.45  21.8%   4.2 3200s
 3115283 2694202 1320406.34  651   86 1529309.82 1196083.60  21.8%   4.2 3206s
 3118904 2697119 1518525.44 1258   79 1529309.82 1196083.67  21.8%   4.2 3210s
 3124286 2701921 1393174.70 1444   70 1529309.82 1196083.72  21.8%   4.2 3215s
 3124829 2702386 1396579.82 1637   79 1529309.82 1196083.72  21.8%   4.2 3220s
 3128283 2705561 1406916.99 2693   69 1529309.82 1196083.72  21.8%   4.2 3225s
 3134535 2711143 1518367.77  283  104 1529309.82 1196084.07  21.8%   4.2 3230s
 3135080 2711836 1344449.52  407   61 1529309.82 1196084.13  21.8%   4.2 3239s
 3136235 2713017 1344735.28 1245   60 1529309.82 1196084.13  21.8%   4.2 3240s
 3140355 2716280 1404406.59 2730   71 1529309.82 1196084.13  21.8%   4.3 3245s
 3148135 2722608 1309794.04 2658   67 1529309.82 1196084.68  21.8%   4.3 3250s
 3149876 2724275 1320958.27 2659   72 1529309.82 1196084.68  21.8%   4.3 3256s
 3153120 2726379     cutoff  525      1529309.82 1196084.76  21.8%   4.3 3260s
 3159124 2731663 1354064.05 2672   68 1529309.82 1196084.97  21.8%   4.3 3265s
 3163087 2735736 1360189.52  221   88 1529309.82 1196085.00  21.8%   4.3 3274s
 3163715 2736322 1401209.98  248   74 1529309.82 1196085.00  21.8%   4.3 3275s
 3168298 2740182 1310723.52  830   69 1529309.82 1196085.15  21.8%   4.3 3280s
 3175005 2746790 1325712.27 2551   68 1529309.82 1196085.15  21.8%   4.3 3286s
 3179809 2750418 1301796.66  229  100 1529309.82 1196085.42  21.8%   4.3 3290s
 3184062 2753021 1402483.27  268  110 1529309.82 1196085.58  21.8%   4.3 3295s
 3188477 2757423 1360200.80 2700   60 1529309.82 1196086.00  21.8%   4.3 3301s
 3193354 2761827 1526916.89  232  102 1529309.82 1196086.05  21.8%   4.3 3305s
 3197207 2765375 1351390.61 1505   68 1529309.82 1196086.25  21.8%   4.3 3310s
 3199044 2767037 1354400.11 2693   69 1529309.82 1196086.25  21.8%   4.3 3316s
 3202203 2770241 1396617.72 2697   91 1529309.82 1196086.25  21.8%   4.3 3320s
 3206568 2773143 1498483.30 1115   67 1529309.82 1196086.41  21.8%   4.3 3325s
 3212847 2778148     cutoff  377      1529309.82 1196086.89  21.8%   4.3 3330s
 3213567 2778681     cutoff  386      1529309.82 1196086.89  21.8%   4.3 3338s
 3214945 2779533     cutoff  431      1529309.82 1196086.89  21.8%   4.3 3340s
 3218895 2782410     cutoff  785      1529309.82 1196086.89  21.8%   4.3 3345s
 3223890 2785860     cutoff 1239      1529309.82 1196086.89  21.8%   4.3 3350s
 3228366 2788883     cutoff 1691      1529309.82 1196086.89  21.8%   4.3 3355s
 3232565 2791779 1522900.67 2091   77 1529309.82 1196086.89  21.8%   4.3 3360s
 3233752 2792706 infeasible  219      1529309.82 1196087.43  21.8%   4.3 3368s
 3236197 2795322 1520097.25 1757   70 1529309.82 1196087.43  21.8%   4.3 3370s
 3241973 2799654 1333140.60  684   92 1529309.82 1196087.58  21.8%   4.3 3375s
 3246161 2804078 1353490.63 2599   65 1529309.82 1196087.58  21.8%   4.3 3385s
 3249823 2807630 1343481.76  415   60 1529309.82 1196087.61  21.8%   4.3 3390s
 3256003 2812697 1412222.76 2652   72 1529309.82 1196087.61  21.8%   4.3 3395s
 3259856 2815744 1344653.72 2604   61 1529309.82 1196088.00  21.8%   4.3 3404s
 3260958 2816525 1361475.01 2652   67 1529309.82 1196088.00  21.8%   4.3 3405s
 3264820 2819078 1329391.28  689   70 1529309.82 1196088.15  21.8%   4.3 3410s
 3271148 2823504 1458155.16 2613   69 1529309.82 1196088.15  21.8%   4.3 3415s
 3273368 2824912 1431194.82  270   75 1529309.82 1196088.27  21.8%   4.3 3426s
 3277701 2828570 1313945.87 1073   71 1529309.82 1196088.54  21.8%   4.3 3430s
 3283493 2834286 1317236.08 2719   80 1529309.82 1196088.54  21.8%   4.3 3435s
 3286777 2837414 1366023.62 2719   77 1529309.82 1196088.54  21.8%   4.3 3442s
 3288404 2838961 1456109.40  247   73 1529309.82 1196088.86  21.8%   4.3 3445s
 3294632 2843867 1520486.42 1470   63 1529309.82 1196088.86  21.8%   4.3 3450s
 3299416 2848164 1407527.08  226   71 1529309.82 1196088.96  21.8%   4.3 3455s
 3303706 2851921 1496761.00  285   82 1529309.82 1196088.96  21.8%   4.3 3460s
 3308049 2855907 1311946.18 1442   66 1529309.82 1196089.19  21.8%   4.3 3465s
 3311235 2859218 1318923.47 2693   71 1529309.82 1196089.19  21.8%   4.3 3472s
 3313976 2861626 1352266.49 2695   70 1529309.82 1196089.19  21.8%   4.3 3475s
 3319709 2865668 1506348.49 1506   70 1529309.82 1196089.23  21.8%   4.3 3480s
 3324070 2869061 1395074.49  384   82 1529309.82 1196089.47  21.8%   4.3 3488s
 3325966 2870705 1405408.56  171  103 1529309.82 1196089.56  21.8%   4.3 3490s
 3330784 2875122 1510565.03  457   66 1529309.82 1196089.77  21.8%   4.3 3495s
 3335466 2879129 1230863.76  267  113 1529309.82 1196089.92  21.8%   4.3 3504s
 3335991 2879467 1525052.02  403   57 1529309.82 1196089.92  21.8%   4.3 3505s
 3341186 2883707 1516147.57  300   55 1529309.82 1196090.03  21.8%   4.3 3510s
 3348855 2889363 1376583.55 1124   67 1529309.82 1196090.25  21.8%   4.3 3518s
 3350393 2890993 1377442.18 1578   69 1529309.82 1196090.25  21.8%   4.3 3520s
 3355803 2895049     cutoff  236      1529309.82 1196090.44  21.8%   4.3 3525s
 3359288 2898238 1521628.94  467   61 1529309.82 1196090.46  21.8%   4.3 3533s
 3360520 2899264 1459571.02  344   93 1529309.82 1196090.57  21.8%   4.3 3535s
 3364265 2902111 1338133.76  315   78 1529309.82 1196090.85  21.8%   4.3 3540s
 3370807 2908646 1350558.67 1830   78 1529309.82 1196090.85  21.8%   4.3 3545s
 3372430 2910210 1354322.42 2169   69 1529309.82 1196090.85  21.8%   4.3 3550s
 3377447 2915065 1383607.06 2700   71 1529309.82 1196090.85  21.8%   4.3 3555s
 3380749 2917071 1517160.28  206  103 1529309.82 1196091.27  21.8%   4.3 3565s
 3386262 2922134 1312929.50 2707   70 1529309.82 1196091.29  21.8%   4.3 3570s
 3391582 2926344     cutoff 1293      1529309.82 1196091.81  21.8%   4.3 3575s
 3395622 2928634 1521926.57  211  107 1529309.82 1196091.97  21.8%   4.3 3580s
 3399816 2932919 1308252.11 1561   95 1529309.82 1196092.05  21.8%   4.3 3586s
 3403685 2936624 1308863.18 2689   81 1529309.82 1196092.05  21.8%   4.3 3590s
 3409207 2941130     cutoff  326      1529309.82 1196092.43  21.8%   4.3 3595s

Cutting planes:
  RLT: 67

Explored 3410120 nodes (14689086 simplex iterations) in 3600.65 seconds (1564.00 work units)
Thread count was 2 (of 24 available processors)

Solution count 10: 1.52931e+06 1.52931e+06 1.52934e+06 ... 1.53332e+06

Time limit reached
Best objective 1.529309819670e+06, best bound 1.196092436311e+06, gap 21.7887%
