
Gurobi 11.0.3 (linux64, Java) logging started ter 10 dez 2024 12:55:18 -03

Set parameter Username
Academic license - for non-commercial use only - expires 2025-10-10
Set parameter NonConvex to value 2
Set parameter TimeLimit to value 3600
Set parameter LogToConsole to value 0
Set parameter MIPGap to value 5.52890488975657e-08
Set parameter Threads to value 2
Set parameter NodefileDir to value "/home/ps12398/experiment_epec/goalProgrammingMarcos/"
Set parameter NodefileStart to value 1
Gurobi Optimizer version 11.0.3 build v11.0.3rc0 (linux64)

CPU model: Intel(R) Xeon(R) CPU           X5650  @ 2.67GHz, instruction set [SSE2]
Thread count: 12 physical cores, 24 logical processors, using up to 2 threads

Optimize a model with 17998 rows, 12411 columns and 85397 nonzeros
Model fingerprint: 0xc05e3d8f
Model has 83 quadratic constraints
Variable types: 6168 continuous, 6243 integer (78 binary)
Coefficient statistics:
  Matrix range     [1e-02, 2e+06]
  QMatrix range    [1e-02, 4e+04]
  QLMatrix range   [1e+00, 4e+04]
  Objective range  [1e+00, 4e+07]
  Bounds range     [1e+00, 1e+08]
  RHS range        [1e+00, 1e+06]
  QRHS range       [1e-02, 1e-02]
Presolve removed 17893 rows and 12219 columns
Presolve time: 0.18s
Presolved: 271 rows, 247 columns, 4433 nonzeros
Presolved model has 55 bilinear constraint(s)

Solving non-convex MIQCP

Variable types: 115 continuous, 132 integer (0 binary)
Found heuristic solution: objective 9045250.0399

Root relaxation: objective 2.569012e+05, 278 iterations, 0.01 seconds (0.01 work units)

    Nodes    |    Current Node    |     Objective Bounds      |     Work
 Expl Unexpl |  Obj  Depth IntInf | Incumbent    BestBd   Gap | It/Node Time

     0     0 256901.176    0  121 9045250.04 256901.176  97.2%     -    0s
H    0     0                    5377209.9716 256901.176  95.2%     -    0s
     0     0 1362566.63    0  109 5377209.97 1362566.63  74.7%     -    0s
     0     0 1366804.71    0  113 5377209.97 1366804.71  74.6%     -    0s
H    0     0                    2700758.2287 1366804.71  49.4%     -    0s
     0     0 1367310.89    0  113 2700758.23 1367310.89  49.4%     -    0s
     0     0 1368616.45    0  114 2700758.23 1368616.45  49.3%     -    0s
H    0     0                    2620907.4402 1368616.45  47.8%     -    0s
     0     0 1368870.80    0  115 2620907.44 1368870.80  47.8%     -    0s
     0     0 1368882.15    0  115 2620907.44 1368882.15  47.8%     -    0s
     0     2 1368892.05    0  115 2620907.44 1368892.05  47.8%     -    0s
H   29    38                    2619603.3749 1368908.93  47.7%   1.0    0s
H 3763  3575                    2619562.4173 1368908.93  47.7%   1.1    4s
H 3765  3397                    2470088.0232 1466552.48  40.6%   1.1    4s
H 3766  3228                    2467892.2092 1466795.41  40.6%   1.1    4s
H 3767  3067                    2370766.3139 1466826.34  38.1%   1.1    4s
  3773  3072 1466826.34 1578   55 2370766.31 1466826.34  38.1%   1.2    5s
H 3775  2920                    2353983.5134 1467241.95  37.7%   1.2    5s
H 3788  2784                    2312357.5442 1470331.31  36.4%   1.3    6s
H 3790  2647                    2264629.2872 1474160.53  34.9%   1.3    6s
H 3803  2524                    2262090.1006 1474699.18  34.8%   1.4    7s
H 4017  2567                    2214746.6717 1485579.70  32.9%   1.5    9s
  4044  2606 1486162.10  117  100 2214746.67 1485579.70  32.9%   1.5   10s
H 4515  2773                    2214712.2666 1485579.70  32.9%   1.4   13s
  4753  3002 1488347.80  329   91 2214712.27 1485579.70  32.9%   1.4   15s
  5450  3500 1490325.41  510   90 2214712.27 1485579.70  32.9%   1.4   20s
  6258  4078 1492421.20  708   90 2214712.27 1485579.70  32.9%   1.3   25s
  6949  4549 1493533.73  878   70 2214712.27 1485579.70  32.9%   1.3   30s
  7733  5122 1494106.60 1075   69 2214712.27 1485579.70  32.9%   1.3   35s
  8612  5699 1494838.30 1312   69 2214712.27 1485579.70  32.9%   1.3   41s
  9299  6184 1495411.72 1512   69 2214712.27 1485579.70  32.9%   1.6   46s
  9994  6642 1495933.53 1694   69 2214712.27 1485579.70  32.9%   2.1   50s
 10698  7131 1496377.23 1870   62 2214712.27 1485579.70  32.9%   2.5   55s
H10970  7325                    2196779.4032 1485579.70  32.4%   2.7   56s
H11052  7325                    2191659.5978 1485579.70  32.2%   2.7   56s
 11539  7925 1507807.38 2084   81 2191659.60 1485579.70  32.2%   3.1   60s
H11840  8129                    2190779.5780 1485579.70  32.2%   3.4   62s
 12136  8557 1504829.97 2246   79 2190779.58 1485579.70  32.2%   3.6   65s
H12411  9038                    2190765.4099 1485579.70  32.2%   3.7   66s
H12517  9038                    2190247.9480 1485579.70  32.2%   3.8   66s
H12841 10411                    2190024.7802 1485579.70  32.2%   4.0   67s
H13196 10411                    2185551.0033 1485579.70  32.0%   4.0   67s
H13293 10411                    2181029.9574 1485579.70  31.9%   4.0   67s
H14214 10856                    2180806.7896 1485591.76  31.9%   4.3   68s
 14659 12385 1487895.16  285   84 2180806.79 1485591.76  31.9%   4.4   70s
H17054 13904                    2173921.9068 1485591.76  31.7%   4.0   71s
H17707 15320                    2170994.0593 1485591.76  31.6%   3.8   72s
H19123 16344                    2170634.8689 1485591.76  31.6%   3.6   73s
H19633 16344                    2125355.5225 1485591.76  30.1%   3.6   73s
 21877 18636 1497691.99 2155   60 2125355.52 1485591.76  30.1%   3.4   75s
H25085 21414                    2125334.4982 1485605.76  30.1%   3.9   77s
H25518 21716                    2125334.4270 1485605.76  30.1%   3.9   78s
 27807 24610 1493868.60  983   63 2125334.43 1485605.76  30.1%   3.7   80s
 33881 30293 1499649.86 2353   60 2125334.43 1485605.76  30.1%   3.7   85s
H34392 30819                    2125293.9506 1485605.76  30.1%   3.9   85s
H37742 34158                    2117270.4027 1485622.34  29.8%   4.0   88s
 40386 37082 1494730.16 1338   64 2117270.40 1485622.34  29.8%   3.8   90s
H41014 37342                    2101373.9197 1485622.34  29.3%   3.8   90s
H41144 37342                    2058969.4086 1485622.34  27.8%   3.8   90s
H41846 38331                    2058969.1988 1485622.34  27.8%   3.7   91s
H43312 39681                    2058968.8506 1485622.34  27.8%   3.6   92s
 48023 44673 1489094.77 1409   69 2058968.85 1485629.50  27.8%   3.4   95s
 56355 52592 1490356.47 2107   59 2058968.85 1485635.76  27.8%   3.1  100s
 63441 60071 1490787.08 2087   59 2058968.85 1485640.36  27.8%   3.0  105s
H65099 61433                    2058857.4950 1485640.36  27.8%   3.0  105s
H66399 62845                    2058857.3019 1485641.57  27.8%   3.0  106s
H67184 63382                    2056647.4521 1485641.57  27.8%   3.0  107s
 71868 68342 1490883.88 2268   59 2056647.45 1485641.57  27.8%   2.9  110s
H72366 68564                    2027811.6128 1485641.57  26.7%   2.9  110s
H76383 72839                    2027704.3505 1485649.37  26.7%   2.9  113s
H77492 73649                    2027704.3252 1485649.37  26.7%   2.8  113s
H78529 75223                    2027704.0509 1485649.37  26.7%   2.8  114s
 80102 76598 1497641.99 2508   65 2027704.05 1485649.37  26.7%   2.8  115s
H82891 79047                    2017286.8785 1485649.40  26.4%   2.7  116s
 88046 84023 1488747.33 1199   66 2017286.88 1485651.84  26.4%   2.7  120s
H97384 92565                    2016471.1951 1485656.07  26.3%   2.6  124s
 98119 93377 1487792.36  888   66 2016471.20 1485656.07  26.3%   2.6  125s
 109155 104277 1489096.19 1406   66 2016471.20 1485659.97  26.3%   2.4  130s
H110154 105264                    2013372.3311 1485659.97  26.2%   2.4  130s
H111507 106600                    2013371.7799 1485659.97  26.2%   2.4  131s
 118428 113513 1486579.70   93   75 2013371.78 1485663.94  26.2%   2.3  135s
 126037 120871 1486787.45  364   60 2013371.78 1485665.60  26.2%   2.4  140s
 133177 127623 1493089.01 1977   61 2013371.78 1485666.40  26.2%   2.5  145s
 141073 135406 1493582.05 1048   59 2013371.78 1485669.20  26.2%   2.5  150s
H144400 137993                    1980770.6631 1485669.49  25.0%   2.5  151s
 150297 144031 1490668.25 1888   62 1980770.66 1485672.61  25.0%   2.5  155s
 158164 151488 1486662.16  409   63 1980770.66 1485674.74  25.0%   2.4  160s
 165598 158987 1485966.79  148   63 1980770.66 1485675.06  25.0%   2.4  165s
 175216 168035 1495652.22 1888   62 1980770.66 1485676.67  25.0%   2.3  170s
 182339 175124 1501380.97 2475   61 1980770.66 1485677.80  25.0%   2.3  175s
H190721 183237                    1980664.8153 1485678.14  25.0%   2.3  179s
 191956 184634 1493834.67 1904   59 1980664.82 1485678.14  25.0%   2.3  180s
H195976 187681                    1966945.6098 1485679.64  24.5%   2.3  182s
H197282 189356                    1966945.5789 1485679.64  24.5%   2.3  183s
 200225 192197 1504761.22 2508   60 1966945.58 1485679.64  24.5%   2.2  185s
H206334 196890                    1960471.1948 1485680.94  24.2%   2.3  190s
H211227 201945                    1960471.1857 1485681.46  24.2%   2.2  192s
 215287 206039 1494276.33 1157   61 1960471.19 1485682.03  24.2%   2.2  195s
H216592 206971                    1956751.5169 1485682.03  24.1%   2.2  196s
 223869 214487 1489344.94 1276   60 1956751.52 1485682.60  24.1%   2.2  200s
 232191 222352 1494488.75 1182   64 1956751.52 1485683.27  24.1%   2.3  205s
 242046 231863 1487798.41  575   60 1956751.52 1485685.30  24.1%   2.2  210s
 250385 240163 1868183.36  385   63 1956751.52 1485686.81  24.1%   2.2  215s
H252402 242019                    1956269.7745 1485687.59  24.1%   2.2  216s
H253599 243192                    1950426.0570 1485687.59  23.8%   2.2  217s
 257817 247495 1494375.55 1306   63 1950426.06 1485688.31  23.8%   2.2  220s
H262734 252030                    1950273.9683 1485688.39  23.8%   2.3  223s
 264343 253992 1497014.20 2128   63 1950273.97 1485688.39  23.8%   2.3  225s
 272737 262361 1491721.15  660   67 1950273.97 1485689.61  23.8%   2.2  230s
 280600 269704 1500137.28 2508   60 1950273.97 1485689.96  23.8%   2.2  235s
 288210 277344 1488374.40  507   60 1950273.97 1485693.25  23.8%   2.2  240s
 296100 285135 1492505.25 2037   61 1950273.97 1485693.55  23.8%   2.2  245s
 303244 291989 1493220.59  803   68 1950273.97 1485695.08  23.8%   2.2  250s
 311644 300096 1864131.32 1546   61 1950273.97 1485695.67  23.8%   2.2  255s
 320325 308722 1491608.42  648   68 1950273.97 1485696.45  23.8%   2.2  260s
 327988 315889 1487728.84  278   68 1950273.97 1485696.75  23.8%   2.2  265s
 336935 324716 1485700.49   67  107 1950273.97 1485697.56  23.8%   2.2  270s
 345671 333484 1491248.22 1035   67 1950273.97 1485698.29  23.8%   2.2  275s
H355578 343008                    1950270.1625 1485698.67  23.8%   2.1  279s
 355720 343336 1499815.28 1402   60 1950270.16 1485698.67  23.8%   2.1  280s
H356791 344263                    1950238.1615 1485698.67  23.8%   2.1  280s
 368341 355702 1778370.92  321   65 1950238.16 1485699.03  23.8%   2.1  285s
 378499 365735 1850534.16 1690   76 1950238.16 1485699.79  23.8%   2.1  290s
 387795 374812 1496555.57 1569   64 1950238.16 1485700.51  23.8%   2.1  295s
 399054 385855 1489983.12 1457   60 1950238.16 1485700.75  23.8%   2.1  300s
 407889 394441 1715410.89  908   67 1950238.16 1485701.27  23.8%   2.1  305s
 413534 399063 1567277.54  232   78 1950238.16 1485701.33  23.8%   2.1  310s
 423049 408290 1499627.15 1871   64 1950238.16 1485701.62  23.8%   2.1  315s
 431143 416242 1500208.32 1975   64 1950238.16 1485702.00  23.8%   2.1  320s
 439361 424197 1486191.94  131   65 1950238.16 1485702.54  23.8%   2.1  325s
 449705 434581 1501551.45 2393   63 1950238.16 1485702.61  23.8%   2.1  330s
 457741 442386 1864487.71  426   63 1950238.16 1485702.89  23.8%   2.0  335s
 465750 450170 1844723.93  332   64 1950238.16 1485703.72  23.8%   2.1  340s
 473189 457673 1498100.74 1608   64 1950238.16 1485703.79  23.8%   2.1  345s
 482333 466423 1485772.74   76   96 1950238.16 1485704.44  23.8%   2.1  350s
 490960 475176 1500224.38 1974   64 1950238.16 1485705.02  23.8%   2.1  355s
 499569 483480 1501652.49 2519   59 1950238.16 1485705.33  23.8%   2.1  360s
 507939 491814 1495486.59 1162   64 1950238.16 1485705.80  23.8%   2.1  365s
 517604 501242 1486772.47  255   64 1950238.16 1485706.65  23.8%   2.1  370s
 528022 511216 1508873.97  200   91 1950238.16 1485707.59  23.8%   2.1  375s
 537274 520526 1838706.93 1234   87 1950238.16 1485707.76  23.8%   2.0  380s
 545196 528243 1501409.16 2523   60 1950238.16 1485708.08  23.8%   2.0  385s
 552320 534574 1942309.91 1563   67 1950238.16 1485709.15  23.8%   2.0  390s
 561817 544097 1488238.31  732   59 1950238.16 1485709.82  23.8%   2.0  395s
H568569 550395                    1946724.9051 1485709.99  23.7%   2.0  398s
 570417 552526 1502118.66 2516   59 1946724.91 1485709.99  23.7%   2.0  400s
 578230 560291 1487469.56  638   59 1946724.91 1485710.22  23.7%   2.0  405s
 587375 569416 1493186.66  795   65 1946724.91 1485710.60  23.7%   2.0  410s
 596118 578102 1502052.97 2522   60 1946724.91 1485711.52  23.7%   2.0  415s
 604760 586359 1522928.74  883   79 1946724.91 1485712.34  23.7%   2.0  420s
 613211 594931 1498913.97 1751   60 1946724.91 1485712.74  23.7%   2.0  425s
 620065 601662 1495567.39 1631   64 1946724.91 1485713.44  23.7%   2.0  430s
 627649 608330 1487285.58  315   60 1946724.91 1485714.21  23.7%   2.0  435s
H636533 616873                    1946667.2255 1485714.32  23.7%   2.0  440s
H637840 618153                    1946667.1097 1485714.70  23.7%   2.0  440s
H638930 619452                    1946666.8569 1485714.70  23.7%   2.0  441s
 644203 624652 1488229.31  505   67 1946666.86 1485714.70  23.7%   2.0  445s
 653165 633392 1645586.78  261   75 1946666.86 1485715.48  23.7%   2.0  450s
 660950 641144 1486071.62  129   72 1946666.86 1485715.72  23.7%   1.9  455s
 669892 649908 1487200.38  343   59 1946666.86 1485715.84  23.7%   1.9  460s
 677173 656688 1500767.49 2369   68 1946666.86 1485715.95  23.7%   1.9  465s
 685305 664792 1496272.37 1812   63 1946666.86 1485715.98  23.7%   1.9  470s
 693603 673036 1495247.92 1426   68 1946666.86 1485716.14  23.7%   1.9  475s
 701692 680809 1485741.51   82   86 1946666.86 1485716.84  23.7%   1.9  480s
 709419 688402 1496650.45 1655   68 1946666.86 1485717.08  23.7%   1.9  485s
 717953 696982 1502203.07 2515   61 1946666.86 1485717.18  23.7%   1.9  490s
 727054 706056 1493293.61 1116   73 1946666.86 1485717.57  23.7%   1.9  495s
 735698 714668 1502139.17 2523   60 1946666.86 1485717.57  23.7%   1.9  500s
 744217 723099 1488241.31  428   71 1946666.86 1485717.89  23.7%   1.9  505s
 753241 731913 1500268.49 2281   69 1946666.86 1485718.00  23.7%   1.9  510s
 761343 740063 1502249.79 2527   60 1946666.86 1485718.52  23.7%   1.9  515s
 769727 748300 1492242.82 1211   68 1946666.86 1485719.00  23.7%   1.9  520s
 779132 757631 1502273.52 2529   61 1946666.86 1485719.23  23.7%   1.9  525s
 788180 766427 1816190.77  377   64 1946666.86 1485719.77  23.7%   1.9  530s
 795458 773729 1486893.52  245   69 1946666.86 1485720.24  23.7%   1.9  535s
 803916 781950 1492741.44 1042   69 1946666.86 1485720.64  23.7%   1.8  540s
 812388 790157 1711183.76 1398   68 1946666.86 1485720.83  23.7%   1.8  545s
 821768 799466 1497751.26 1857   67 1946666.86 1485721.22  23.7%   1.8  550s
H825730 803112                    1946573.2666 1485721.51  23.7%   1.8  552s
H826863 804541                    1946573.2115 1485721.74  23.7%   1.8  553s
H826985 804541                    1946572.8128 1485721.74  23.7%   1.8  553s
H827462 804799                    1942603.7061 1485721.74  23.5%   1.8  554s
 829173 806651 1486346.68  155   60 1942603.71 1485721.79  23.5%   1.8  555s
 837770 814777 1749355.93  342   73 1942603.71 1485722.25  23.5%   1.8  560s
H840168 816971                    1940463.9654 1485722.37  23.4%   1.8  561s
H841311 818140                    1940365.2608 1485722.37  23.4%   1.8  562s
 846260 823143 1571184.63  924   66 1940365.26 1485722.58  23.4%   1.8  565s
 854480 831273 1490037.85  812   70 1940365.26 1485722.67  23.4%   1.8  570s
 862838 839540 1501294.69 1186   59 1940365.26 1485722.76  23.4%   1.8  575s
H864110 840687                    1940360.7634 1485722.76  23.4%   1.8  575s
 871650 848257 1496029.58 1519   62 1940360.76 1485722.84  23.4%   1.8  580s
 878179 854748 1492756.99 1117   70 1940360.76 1485722.90  23.4%   1.8  585s
 887326 863654 1487151.48  321   60 1940360.76 1485723.10  23.4%   1.8  590s
 896555 872642 1738477.45  372   68 1940360.76 1485723.30  23.4%   1.8  595s
 904481 880428 1491132.74  819   66 1940360.76 1485723.36  23.4%   1.8  600s
 914947 890728 1490387.93  887   69 1940360.76 1485723.88  23.4%   1.8  605s
 926880 902460 1490168.13  837   69 1940360.76 1485724.25  23.4%   1.8  610s
 939368 914966 1489110.67  662   69 1940360.76 1485724.54  23.4%   1.8  615s
 946971 922317 1513958.35 2524   59 1940360.76 1485724.54  23.4%   1.8  620s
 954508 929782 1487428.99  370   60 1940360.76 1485724.91  23.4%   1.8  625s
 966069 941157 1669667.09  839   63 1940360.76 1485725.27  23.4%   1.8  630s
 979389 954292 1488781.16  598   68 1940360.76 1485725.61  23.4%   1.8  635s
 992431 967218 1487929.95  623   60 1940360.76 1485725.87  23.4%   1.8  640s
 1005273 979539 1502228.37 2518   60 1940360.76 1485726.12  23.4%   1.8  645s
 1016026 990238 1502328.59 2518   59 1940360.76 1485726.27  23.4%   1.7  650s
 1025681 999634 1904487.74  225   61 1940360.76 1485726.34  23.4%   1.7  655s
H1030154 1004122                    1940355.7347 1485726.35  23.4%   1.7  656s
 1035651 1009505 1565928.24  275   76 1940355.73 1485726.53  23.4%   1.7  660s
 1043640 1017221 1486386.05  159   63 1940355.73 1485726.76  23.4%   1.7  665s
 1052206 1025271 1686094.62  269   69 1940355.73 1485727.00  23.4%   1.7  670s
 1063519 1036614 1502167.98 2518   62 1940355.73 1485727.08  23.4%   1.7  675s
 1073458 1046447 1491525.48 1074   67 1940355.73 1485727.83  23.4%   1.7  680s
 1083314 1056250 1487242.08  310   59 1940355.73 1485727.92  23.4%   1.7  685s
 1089679 1062173 1486016.53  123   68 1940355.73 1485728.01  23.4%   1.7  690s
 1098889 1071220 1529500.95  820   77 1940355.73 1485728.06  23.4%   1.7  695s
 1105139 1076782 1486763.42  264   68 1940355.73 1485728.32  23.4%   1.7  700s
 1114588 1086083 1563814.00  208   95 1940355.73 1485728.53  23.4%   1.7  705s
 1123025 1094508 1497029.39 1857   67 1940355.73 1485728.68  23.4%   1.7  710s
 1130420 1101609 1491605.76 1082   68 1940355.73 1485728.88  23.4%   1.7  715s
 1139898 1110600 1490473.43  896   68 1940355.73 1485729.22  23.4%   1.7  720s
 1148235 1118922 1496021.09 1725   67 1940355.73 1485729.26  23.4%   1.7  725s
 1157529 1127951 1500363.53 1818   62 1940355.73 1485729.57  23.4%   1.7  730s
 1168773 1139182 1502239.55 2532   60 1940355.73 1485729.72  23.4%   1.7  735s
 1176168 1146493 1500694.23 2356   66 1940355.73 1485729.87  23.4%   1.7  740s
 1187139 1157312 1489222.83  560   67 1940355.73 1485730.26  23.4%   1.7  745s
 1199354 1169370 1495299.89 1343   64 1940355.73 1485730.32  23.4%   1.7  750s
 1213679 1183416 1501728.60 2487   64 1940355.73 1485730.46  23.4%   1.7  755s
 1225687 1195417 1487147.44  328   69 1940355.73 1485730.87  23.4%   1.7  760s
 1237216 1206806 1486138.31  162   68 1940355.73 1485731.02  23.4%   1.7  765s
 1245395 1214722 1489552.93  731   69 1940355.73 1485731.13  23.4%   1.7  770s
 1254776 1224047 1623749.19  293   76 1940355.73 1485731.46  23.4%   1.7  775s
 1263193 1232295 1490989.70  995   68 1940355.73 1485731.57  23.4%   1.7  780s
 1272343 1241307 1939330.07  356   64 1940355.73 1485731.86  23.4%   1.7  785s
 1280666 1249270 1495335.82 1628   67 1940355.73 1485731.99  23.4%   1.7  790s
 1288755 1257367 1500190.69 2303   65 1940355.73 1485732.26  23.4%   1.7  795s
 1298025 1266366 1490618.77  924   68 1940355.73 1485732.60  23.4%   1.7  800s
 1307513 1275798 1486208.32  124   64 1940355.73 1485732.79  23.4%   1.7  805s
Created node file directory '/home/ps12398/experiment_epec/goalProgrammingMarcos//grbnodes3'
 1316718 1284875 1488355.90  539   67 1940355.73 1485733.19  23.4%   1.7  817s
 1320672 1288719 1501408.97 2527   59 1940355.73 1485733.19  23.4%   1.7  820s
 1329080 1297069 1496757.85 2111   62 1940355.73 1485733.29  23.4%   1.7  825s
 1334210 1302282 1486450.96  156   61 1940355.73 1485733.41  23.4%   1.7  833s
 1336676 1304455 1487448.62  373   68 1940355.73 1485733.62  23.4%   1.7  835s
 1344711 1312444 1491055.88 1007   68 1940355.73 1485733.73  23.4%   1.7  840s
 1352410 1319949 1502130.20 2519   64 1940355.73 1485733.77  23.4%   1.7  850s
 1359693 1326791 1494028.95 1211   64 1940355.73 1485734.01  23.4%   1.7  855s
 1367175 1334153 1486678.04  424   60 1940355.73 1485734.13  23.4%   1.7  860s
 1369046 1336000 1721532.48 1136   67 1940355.73 1485734.13  23.4%   1.7  867s
 1373242 1340205 1492617.35 1269   68 1940355.73 1485734.36  23.4%   1.7  870s
 1381316 1348057 1487567.11  406   67 1940355.73 1485734.60  23.4%   1.7  875s
 1385632 1352335 1502045.12 2537   61 1940355.73 1485734.60  23.4%   1.7  882s
 1389144 1355685 1488378.92  540   68 1940355.73 1485734.69  23.4%   1.7  885s
 1397828 1364415 1494110.63 1236   64 1940355.73 1485734.81  23.4%   1.7  890s
 1401687 1368230 1496862.91 2188   62 1940355.73 1485734.81  23.4%   1.7  897s
 1405861 1372275 1486189.92  140   67 1940355.73 1485735.03  23.4%   1.7  900s
 1413792 1379589 1499209.51 2157   65 1940355.73 1485735.12  23.4%   1.7  905s
 1417191 1383301 1487987.31  562   60 1940355.73 1485735.35  23.4%   1.7  910s
 1424431 1390392 1501559.39 2472   64 1940355.73 1485735.40  23.4%   1.7  915s
 1432092 1397448 1680349.55  242   70 1940355.73 1485735.72  23.4%   1.7  920s
 1432923 1398285 1486685.68  249   68 1940355.73 1485735.72  23.4%   1.7  926s
 1438585 1403932 1485846.84  103   79 1940355.73 1485735.77  23.4%   1.7  930s
 1448013 1412999     cutoff  630      1940355.73 1485735.81  23.4%   1.7  935s
 1449829 1414462 1485782.48   92   74 1940355.73 1485735.85  23.4%   1.7  940s
 1458047 1422329 1717143.95  255   74 1940355.73 1485735.97  23.4%   1.7  945s
 1462797 1427131 1500090.39 2279   63 1940355.73 1485736.03  23.4%   1.7  953s
 1465288 1429648 1487406.97  391   60 1940355.73 1485736.03  23.4%   1.7  955s
 1474356 1437972 1486405.51  203   67 1940355.73 1485736.15  23.4%   1.7  960s
 1477788 1441356 1501238.81 2291   61 1940355.73 1485736.15  23.4%   1.7  968s
 1480557 1444177 1486341.34  183   68 1940355.73 1485736.40  23.4%   1.7  970s
 1488825 1452265 1491149.29 1001   67 1940355.73 1485736.56  23.4%   1.7  975s
 1492502 1455871 1486086.94  126   65 1940355.73 1485736.64  23.4%   1.7  985s
 1500820 1464160 1498845.44 2272   59 1940355.73 1485736.64  23.4%   1.7  990s
 1505885 1469110 1495556.38 1659   64 1940355.73 1485736.75  23.4%   1.7 1001s
 1514399 1477576 1494169.43 1466   62 1940355.73 1485736.90  23.4%   1.7 1005s
 1519066 1482219 1487826.56  677   60 1940355.73 1485737.04  23.4%   1.7 1014s
 1519385 1482507 1557502.13  780   79 1940355.73 1485737.04  23.4%   1.7 1015s
 1528101 1490827 1830340.94  545   63 1940355.73 1485737.29  23.4%   1.7 1020s
 1532748 1495160 1588166.49  254   81 1940355.73 1485737.38  23.4%   1.7 1034s
 1533209 1495723 1485903.51   89   78 1940355.73 1485737.47  23.4%   1.7 1035s
 1542142 1504670 1491692.89 1102   68 1940355.73 1485737.61  23.4%   1.7 1040s
 1546445 1508724 1768553.21  195   66 1940355.73 1485737.70  23.4%   1.7 1051s
 1552672 1514630 1495944.66 1725   63 1940355.73 1485737.80  23.4%   1.7 1055s
 1559429 1521254 1493074.29  785   63 1940355.73 1485738.05  23.4%   1.7 1067s
 1564707 1526440 1496633.46 2075   60 1940355.73 1485738.05  23.4%   1.7 1070s
 1571696 1533329 1497634.81 1949   65 1940355.73 1485738.18  23.4%   1.7 1075s
 1572075 1533688 1499039.75 2141   65 1940355.73 1485738.18  23.4%   1.7 1087s
 1577612 1539181 1495825.36 1700   62 1940355.73 1485738.39  23.4%   1.7 1090s
 1584530 1545936 1807386.61  485   67 1940355.73 1485738.44  23.4%   1.7 1103s
 1588310 1549743 1495994.30 1723   63 1940355.73 1485738.47  23.4%   1.7 1105s
 1596269 1557442 1491801.97 1128   67 1940355.73 1485738.57  23.4%   1.7 1117s
 1601098 1562170 1485891.83  118   77 1940355.73 1485738.72  23.4%   1.7 1120s
 1608274 1569189 1497046.36 1863   62 1940355.73 1485738.78  23.4%   1.7 1133s
 1610861 1571759 1487295.02  358   67 1940355.73 1485738.84  23.4%   1.7 1135s
 1620334 1581176 1498962.24 2123   65 1940355.73 1485738.89  23.4%   1.7 1149s
 1620648 1581511 1500133.02 2283   65 1940355.73 1485738.89  23.4%   1.7 1150s
 1627727 1588214 1504334.87 2526   60 1940355.73 1485738.98  23.4%   1.7 1155s
 1632213 1592847 1494632.78 1092   64 1940355.73 1485739.27  23.4%   1.7 1166s
 1639139 1599677 1543366.19 2532   86 1940355.73 1485739.27  23.4%   1.7 1170s
 1642662 1603203 1497019.84 1725   63 1940355.73 1485739.46  23.4%   1.7 1180s
 1649627 1610028 1498305.26 1815   65 1940355.73 1485739.63  23.4%   1.7 1185s
 1654564 1614917 1487068.60  573   59 1940355.73 1485739.71  23.4%   1.7 1196s
 1661913 1622211 1501443.07 2528   60 1940355.73 1485739.79  23.4%   1.7 1200s
 1666888 1627157 1490081.29  831   68 1940355.73 1485739.89  23.4%   1.7 1214s
 1668740 1629000 1492953.62 1303   64 1940355.73 1485739.89  23.4%   1.6 1215s
 1675875 1636113 1486024.81  134   68 1940355.73 1485739.94  23.4%   1.6 1220s
 1678664 1638849 1494910.84 1626   64 1940355.73 1485739.94  23.4%   1.6 1232s
 1682877 1642897 1847660.57  516   66 1940355.73 1485740.00  23.4%   1.6 1235s
 1690917 1650720 1496709.62 1826   64 1940355.73 1485740.22  23.4%   1.6 1246s
 1695621 1655274 1494491.53 1444   65 1940355.73 1485740.27  23.4%   1.6 1250s
 1703868 1663631 1504289.87 2527   59 1940355.73 1485740.27  23.4%   1.6 1263s
 1706578 1666349 1494973.44 1047   63 1940355.73 1485740.32  23.4%   1.6 1265s
 1714647 1674211 1642942.30  255   81 1940355.73 1485740.38  23.4%   1.6 1279s
 1715189 1674548 1844343.37  428   60 1940355.73 1485740.38  23.4%   1.6 1280s
 1723345 1682612 1488090.05  666   60 1940355.73 1485740.47  23.4%   1.6 1285s
 1727434 1686741 1494083.24 1411   65 1940355.73 1485740.52  23.4%   1.6 1296s
 1733296 1692489 1493415.73 1345   65 1940355.73 1485740.59  23.4%   1.6 1300s
 1739519 1698607 1493684.40  903   63 1940355.73 1485740.68  23.4%   1.6 1313s
 1741576 1700525 1495120.86 1383   62 1940355.73 1485740.68  23.4%   1.6 1315s
 1749497 1708511 1486853.39  431   59 1940355.73 1485740.84  23.4%   1.6 1320s
 1751541 1710444 1764347.76 1134   70 1940355.73 1485740.84  23.4%   1.6 1330s
 1759363 1717922 1488958.94  639   68 1940355.73 1485740.89  23.4%   1.6 1335s
 1763623 1721701 1487612.65  415   68 1940355.73 1485740.93  23.4%   1.6 1349s
 1763809 1722032 1488067.10  493   68 1940355.73 1485740.93  23.4%   1.6 1350s
 1771745 1729664 1645120.96  313   69 1940355.73 1485740.98  23.4%   1.6 1355s
 1775943 1733914 1501116.77 2116   63 1940355.73 1485741.03  23.4%   1.6 1368s
 1778700 1736638 1488731.02  608   67 1940355.73 1485741.04  23.4%   1.6 1370s
 1787113 1744940 1501692.51 2177   64 1940355.73 1485741.07  23.4%   1.6 1375s
 1787610 1745319 1504218.55 2524   64 1940355.73 1485741.07  23.4%   1.6 1385s
 1795129 1752974 1499502.23 2205   62 1940355.73 1485741.18  23.4%   1.6 1390s
 1798648 1756296 1488291.59  518   68 1940355.73 1485741.27  23.4%   1.6 1401s
 1804438 1761904 1485805.52   94   71 1940355.73 1485741.34  23.4%   1.6 1405s
 1810487 1767888 1638033.15  307   79 1940355.73 1485741.39  23.4%   1.6 1422s
 1813456 1770843 1486215.16  109   68 1940355.73 1485741.44  23.4%   1.6 1425s
 1821531 1778867 1493391.87 1348   65 1940355.73 1485741.46  23.4%   1.6 1441s
 1827618 1785032 1494108.98 1484   64 1940355.73 1485741.51  23.4%   1.6 1445s
 1832463 1789770 1491831.04 1129   68 1940355.73 1485741.56  23.4%   1.6 1461s
 1835777 1792888 1489079.50  186   59 1940355.73 1485741.65  23.4%   1.6 1465s
 1844550 1801612 1497182.02 1870   63 1940355.73 1485741.76  23.4%   1.6 1483s
 1847660 1804637 1690242.97  430   74 1940355.73 1485741.78  23.4%   1.6 1485s
 1856068 1812951 1494945.71 1489   65 1940355.73 1485741.81  23.4%   1.6 1503s
 1859608 1816473 1616679.71  343   72 1940355.73 1485741.84  23.4%   1.6 1505s
 1867203 1824118 1601490.07  602   67 1940355.73 1485741.88  23.4%   1.6 1519s
 1868248 1825006 1885253.79 1047   62 1940355.73 1485741.88  23.4%   1.6 1520s
 1876624 1832913 1504320.44 2525   62 1940355.73 1485741.98  23.4%   1.6 1525s
 1878550 1834840 1494264.48  784   79 1940355.73 1485742.03  23.4%   1.6 1536s
 1885466 1840445 1491253.08 1042   66 1940355.73 1485742.10  23.4%   1.6 1540s
 1890461 1845436 1487612.22  412   68 1940355.73 1485742.18  23.4%   1.6 1553s
 1894131 1849106 1486193.55  150   60 1940355.73 1485742.30  23.4%   1.6 1555s
 1901545 1856446 1504323.62 2522   63 1940355.73 1485742.40  23.4%   1.6 1568s
 1905167 1860111 1490112.20  841   68 1940355.73 1485742.42  23.4%   1.6 1570s
 1911875 1866609 1518187.61 2529   62 1940355.73 1485742.42  23.4%   1.6 1584s
 1912520 1867168 1617159.83  305   74 1940355.73 1485742.53  23.4%   1.6 1585s
 1920395 1874767 1580780.91 2523   61 1940355.73 1485742.57  23.4%   1.6 1590s
 1922690 1877350 1485926.53  103   68 1940355.73 1485742.59  23.4%   1.6 1604s
 1924216 1878911 1661124.97  699   77 1940355.73 1485742.59  23.4%   1.6 1605s
 1934005 1888205 1499585.83 2520   59 1940355.73 1485742.63  23.4%   1.6 1621s
 1940504 1894312 1743401.68  169   81 1940355.73 1485742.80  23.4%   1.6 1625s
 1945096 1898484 1918632.21  740   64 1940355.73 1485742.83  23.4%   1.6 1638s
 1947035 1900534 1489500.22  734   68 1940355.73 1485742.87  23.4%   1.6 1640s
 1955056 1908223     cutoff  312      1940355.73 1485742.92  23.4%   1.6 1645s
 1957067 1910101 1486623.90  260   60 1940355.73 1485743.00  23.4%   1.6 1656s
 1963554 1916524 1496168.86 1928   64 1940355.73 1485743.02  23.4%   1.6 1660s
 1967912 1920663 1498579.02 2515   60 1940355.73 1485743.02  23.4%   1.6 1671s
 1972598 1925080 1919159.20  203   61 1940355.73 1485743.05  23.4%   1.6 1675s
 1978274 1930780 1543883.50 2516   61 1940355.73 1485743.06  23.4%   1.6 1688s
 1981904 1934413 1489421.68  725   60 1940355.73 1485743.06  23.4%   1.7 1690s
 1988225 1940552 1494599.05 1535   64 1940355.73 1485743.19  23.4%   1.7 1704s
 1988867 1941302 1496969.88 1859   64 1940355.73 1485743.19  23.4%   1.7 1705s
 1997109 1949060     cutoff  877      1940355.73 1485743.27  23.4%   1.7 1710s
 1999469 1951458 1488900.59  628   68 1940355.73 1485743.28  23.4%   1.7 1724s
 2000176 1952130 1490946.10  979   68 1940355.73 1485743.28  23.4%   1.7 1725s
 2008529 1959907 1804367.54 1491   88 1940355.73 1485743.31  23.4%   1.7 1730s
 2009565 1960671 1487973.82  476   68 1940355.73 1485743.33  23.4%   1.7 1738s
 2011830 1963014 1496930.02 1858   63 1940355.73 1485743.33  23.4%   1.7 1740s
 2020620 1971445 1500398.10 2007   63 1940355.73 1485743.35  23.4%   1.7 1745s
 2022404 1973373 1504214.20 2520   59 1940355.73 1485743.35  23.4%   1.7 1756s
 2028738 1979528 1487629.57  412   68 1940355.73 1485743.42  23.4%   1.7 1760s
 2033494 1984183 1511635.83 2522   66 1940355.73 1485743.42  23.4%   1.7 1771s
 2039608 1989985 1630460.25  160   74 1940355.73 1485743.67  23.4%   1.7 1775s
 2044143 1993887 1716111.84  283   77 1940355.73 1485743.69  23.4%   1.7 1786s
 2049909 1999554 1492825.16 1293   65 1940355.73 1485743.86  23.4%   1.7 1790s
 2055674 2005200 1512079.23 2534   61 1940355.73 1485743.86  23.4%   1.7 1801s
 2063550 2012841 1501366.04 2524   60 1940355.73 1485743.93  23.4%   1.7 1805s
 2066625 2015712     cutoff  418      1940355.73 1485743.94  23.4%   1.7 1816s
 2072336 2021212 1885113.18  201   65 1940355.73 1485743.96  23.4%   1.7 1820s
 2078093 2026167 1491503.08  635   63 1940355.73 1485744.02  23.4%   1.7 1834s
 2078892 2026963 1495135.21 1040   62 1940355.73 1485744.02  23.4%   1.7 1835s
 2087656 2035609 1492002.76 1152   67 1940355.73 1485744.05  23.4%   1.7 1840s
 2090344 2038134 1501484.42 2522   59 1940355.73 1485744.05  23.4%   1.7 1852s
 2094751 2042284 1803542.00  459   61 1940355.73 1485744.17  23.4%   1.7 1855s
 2100909 2048311 1504403.80 2524   59 1940355.73 1485744.19  23.4%   1.7 1870s
 2107884 2055171 1832452.39  175   66 1940355.73 1485744.27  23.4%   1.7 1875s
 2111776 2058903 1490988.04  984   68 1940355.73 1485744.39  23.4%   1.7 1888s
 2114332 2061523 1502595.54 2296   62 1940355.73 1485744.39  23.4%   1.7 1890s
 2122755 2069824 1857186.23 1738   67 1940355.73 1485744.40  23.4%   1.7 1908s
 2124886 2072052 1488000.83  544   60 1940355.73 1485744.41  23.4%   1.7 1910s
 2130291 2076549     cutoff 1522      1940355.73 1485744.41  23.4%   1.7 1915s
 2133431 2079735 1490218.61  830   67 1940355.73 1485744.50  23.4%   1.7 1925s
 2141244 2087442 1485806.85  107   68 1940355.73 1485744.50  23.4%   1.7 1930s
 2144539 2090728 1498661.23 1851   63 1940355.73 1485744.50  23.4%   1.7 1941s
 2149589 2095595 1520103.66 2536   62 1940355.73 1485744.50  23.4%   1.7 1945s
 2156036 2102019 1495832.28 2333   62 1940355.73 1485744.63  23.4%   1.7 1958s
 2158537 2104489 1497286.74 2523   60 1940355.73 1485744.63  23.4%   1.7 1960s
 2166115 2111574 1485745.71   76   94 1940355.73 1485744.72  23.4%   1.7 1965s
 2166457 2111942 1486655.69  241   67 1940355.73 1485744.72  23.4%   1.7 1973s
 2168525 2113746 1492865.96 1314   63 1940355.73 1485744.72  23.4%   1.7 1975s
 2176124 2121588 1486326.54  195   67 1940355.73 1485744.80  23.4%   1.7 1980s
 2177345 2122705 1490439.91  901   67 1940355.73 1485744.80  23.4%   1.7 1991s
 2183439 2128681 1486122.60   90   79 1940355.73 1485744.80  23.4%   1.7 1995s
 2186730 2131971 1736539.05  191   62 1940355.73 1485744.80  23.4%   1.7 2005s
 2197579 2142285 1489111.98  670   68 1940355.73 1485745.00  23.4%   1.7 2010s
 2198334 2142961 1491472.12 1075   68 1940355.73 1485745.00  23.4%   1.7 2019s
 2200008 2144691 1499509.42 1928   63 1940355.73 1485745.00  23.4%   1.7 2020s
 2208797 2153317 1485828.21  101   67 1940355.73 1485745.04  23.4%   1.7 2025s
 2209334 2153764 1769180.77  311   72 1940355.73 1485745.04  23.4%   1.7 2037s
 2213050 2157404 1496330.09 1630   63 1940355.73 1485745.05  23.4%   1.7 2040s
 2220448 2164390 1567017.69  152   70 1940355.73 1485745.05  23.4%   1.7 2052s
 2223198 2166598     cutoff  216      1940355.73 1485745.05  23.4%   1.7 2055s
 2231359 2174766 1505541.87 2522   64 1940355.73 1485745.15  23.4%   1.7 2069s
 2232881 2176278 1486245.88  179   68 1940355.73 1485745.18  23.4%   1.7 2070s
 2242049 2185374 1486967.69  320   59 1940355.73 1485745.22  23.4%   1.7 2085s
 2248416 2191696 1489340.46  700   68 1940355.73 1485745.24  23.4%   1.7 2090s
 2253373 2196580 1504218.21 2522   60 1940355.73 1485745.24  23.4%   1.7 2101s
 2259777 2202806 1501276.20 2481   61 1940355.73 1485745.27  23.4%   1.7 2105s
 2263711 2206716 1501425.86 2524   59 1940355.73 1485745.27  23.4%   1.7 2115s
 2270353 2213192 1490130.69  840   66 1940355.73 1485745.31  23.4%   1.7 2120s
 2275174 2217821 1504307.48 2531   60 1940355.73 1485745.31  23.4%   1.7 2132s
 2279861 2222197 1490831.52  568   61 1940355.73 1485745.41  23.4%   1.7 2135s
 2285967 2228398 1509427.51 2227   64 1940355.73 1485745.41  23.4%   1.7 2146s
 2291235 2233664 1526269.42 2531   82 1940355.73 1485745.41  23.4%   1.7 2150s
 2296121 2238427 1490908.45  973   66 1940355.73 1485745.54  23.4%   1.7 2161s
 2304272 2246243 1488210.28  514   65 1940355.73 1485745.63  23.4%   1.7 2165s
 2308395 2250315 1499864.29 2528   61 1940355.73 1485745.63  23.4%   1.7 2175s
 2317535 2259415 1500198.24 2496   62 1940355.73 1485745.78  23.4%   1.7 2180s
 2319595 2261492 1500490.13 2536   61 1940355.73 1485745.78  23.4%   1.7 2191s
 2328085 2269818 1500484.66 2521   61 1940355.73 1485745.79  23.4%   1.7 2195s
 2329294 2270808 1485836.81   75   97 1940355.73 1485745.87  23.4%   1.7 2203s
 2331403 2272972 1496819.34 1305   62 1940355.73 1485745.87  23.4%   1.7 2205s
 2339807 2281366 1492202.40 1194   66 1940355.73 1485745.88  23.4%   1.7 2210s
 2341547 2283114 1495139.11 2092   63 1940355.73 1485745.88  23.4%   1.7 2221s
 2347523 2288683 1488460.92  554   65 1940355.73 1485745.97  23.4%   1.7 2225s
 2352201 2292864 1497254.20 2527   60 1940355.73 1485745.97  23.4%   1.7 2238s
 2354694 2295110 1915142.43  277   66 1940355.73 1485746.00  23.4%   1.7 2240s
 2362874 2303253 1502041.40 2530   60 1940355.73 1485746.01  23.4%   1.7 2245s
 2363560 2303895 1502136.22 2530   59 1940355.73 1485746.01  23.4%   1.7 2255s
 2372861 2312893 1497118.05 2522   61 1940355.73 1485746.16  23.4%   1.7 2260s
 2373723 2313603 1485888.99   75   96 1940355.73 1485746.28  23.4%   1.7 2269s
 2374781 2314842 1486391.20  184   65 1940355.73 1485746.30  23.4%   1.7 2270s
 2384032 2323930 1494491.32 1551   61 1940355.73 1485746.30  23.4%   1.7 2275s
 2384505 2324474 1499277.46 1674   65 1940355.73 1485746.30  23.4%   1.7 2285s
 2392152 2332017 1541383.07 2524   71 1940355.73 1485746.30  23.4%   1.7 2290s
 2394444 2334420 1486517.86  247   66 1940355.73 1485746.48  23.4%   1.7 2301s
 2398691 2338708 1489642.96  755   66 1940355.73 1485746.50  23.4%   1.7 2305s
 2405774 2345615 1497251.41 2528   61 1940355.73 1485746.50  23.4%   1.7 2317s
 2410662 2350312 1493794.05 1732   62 1940355.73 1485746.57  23.4%   1.7 2320s
 2415848 2354793 1849654.08  427   63 1940355.73 1485746.61  23.4%   1.7 2332s
 2418064 2356999 1493617.35 1406   63 1940355.73 1485746.65  23.4%   1.7 2335s
 2426327 2365129 1503097.89  130   86 1940355.73 1485746.72  23.4%   1.7 2348s
 2427965 2366561 1679372.80  161   71 1940355.73 1485746.72  23.4%   1.7 2350s
 2434907 2372636 1494296.65 1436   63 1940355.73 1485746.81  23.4%   1.7 2355s
 2437720 2375366 1502003.94 2534   60 1940355.73 1485746.81  23.4%   1.7 2365s
 2445992 2383441 1495364.12 2158   63 1940355.73 1485746.87  23.4%   1.7 2370s
 2449899 2387192 1497134.90 2520   61 1940355.73 1485746.87  23.4%   1.7 2381s
 2455019 2391745 1485781.61   76   93 1940355.73 1485746.96  23.4%   1.7 2385s
 2461852 2398526 1497106.37 2519   59 1940355.73 1485746.96  23.4%   1.7 2397s
 2468022 2404326 1500093.35 2523   60 1940355.73 1485747.04  23.4%   1.7 2400s
 2472679 2408899 1713491.34  762   83 1940355.73 1485747.09  23.4%   1.7 2412s
 2477695 2413882 1493846.97 1436   63 1940355.73 1485747.11  23.4%   1.7 2415s
 2484234 2420271 1689644.94  280   70 1940355.73 1485747.17  23.4%   1.7 2428s
 2486349 2422366 1488121.47  600   60 1940355.73 1485747.17  23.4%   1.7 2430s
 2495941 2431894 1501497.94 2515   60 1940355.73 1485747.20  23.4%   1.7 2446s
 2501261 2436788 1813622.44  195   69 1940355.73 1485747.26  23.4%   1.7 2450s
 2506394 2441638 1726509.08 1025   63 1940355.73 1485747.31  23.4%   1.7 2462s
 2511184 2446339 1502940.33 2350   61 1940355.73 1485747.34  23.4%   1.7 2465s
 2518769 2453805 1491907.30 1145   66 1940355.73 1485747.35  23.4%   1.7 2477s
 2524024 2458927 1501451.44 2530   59 1940355.73 1485747.35  23.4%   1.7 2480s
 2530316 2465019 1498158.66 2020   63 1940355.73 1485747.41  23.4%   1.7 2492s
 2535039 2469602 1488743.06  599   66 1940355.73 1485747.43  23.4%   1.7 2495s
 2541004 2475462 1501441.21 2522   61 1940355.73 1485747.43  23.4%   1.7 2506s
 2547561 2481525 1896624.21 1327   60 1940355.73 1485747.47  23.4%   1.7 2510s
 2552371 2486467 1497432.29 1924   62 1940355.73 1485747.58  23.4%   1.7 2521s
 2558972 2493030 1488709.77  605   66 1940355.73 1485747.62  23.4%   1.7 2525s
 2563876 2497896 1501148.75 2537   61 1940355.73 1485747.62  23.4%   1.7 2536s
 2570055 2503932 1495149.43 1653   63 1940355.73 1485747.74  23.4%   1.7 2540s
 2573571 2507090 1500290.81 2514   61 1940355.73 1485747.74  23.4%   1.7 2550s
 2583964 2517358 1500698.01 2528   61 1940355.73 1485747.79  23.4%   1.7 2555s
 2585389 2518741 1500800.66 2527   60 1940355.73 1485747.79  23.4%   1.7 2565s
 2592120 2524968 1501420.21 2525   61 1940355.73 1485747.82  23.4%   1.7 2570s
 2596154 2528905 1491624.17 1098   66 1940355.73 1485747.92  23.4%   1.7 2581s
 2602839 2535428 1485820.06  109   66 1940355.73 1485747.95  23.4%   1.7 2585s
 2607864 2540381 1500682.79 2537   60 1940355.73 1485747.95  23.4%   1.7 2597s
 2612803 2545372 1487666.29  439   60 1940355.73 1485747.97  23.4%   1.7 2600s
 2619706 2552040 1498596.75 2199   63 1940355.73 1485748.02  23.4%   1.7 2615s
 2629558 2561899 1501151.91 2531   60 1940355.73 1485748.03  23.4%   1.7 2620s
 2631092 2563416 1501129.43 2531   61 1940355.73 1485748.03  23.4%   1.7 2629s
 2631728 2564057 1501023.31 2531   60 1940355.73 1485748.03  23.4%   1.7 2630s
 2641007 2573349 1501400.75 2528   60 1940355.73 1485748.03  23.4%   1.7 2643s
 2643763 2576058 1488099.99  631   59 1940355.73 1485748.06  23.4%   1.7 2645s
 2651263 2583489 1493330.38 1473   63 1940355.73 1485748.11  23.4%   1.7 2657s
 2655001 2587196 1497131.73 2531   62 1940355.73 1485748.11  23.4%   1.7 2660s
 2662626 2594757 1491585.03 1095   66 1940355.73 1485748.19  23.4%   1.7 2673s
 2666295 2598271 1510167.67 2534   62 1940355.73 1485748.19  23.4%   1.7 2675s
 2673841 2605658 1494484.05 1539   63 1940355.73 1485748.24  23.4%   1.7 2687s
 2678782 2610660 1500755.74 2525   59 1940355.73 1485748.24  23.4%   1.7 2690s
 2685192 2616281 1490369.38  888   66 1940355.73 1485748.28  23.4%   1.7 2701s
 2691212 2622246 1498792.25 2536   60 1940355.73 1485748.28  23.4%   1.7 2705s
 2696652 2627581 1494244.87 1800   63 1940355.73 1485748.35  23.4%   1.7 2717s
 2700367 2631322 1499597.96 2522   60 1940355.73 1485748.35  23.4%   1.7 2720s
 2706934 2637332 1504135.19 2517   67 1940355.73 1485748.43  23.4%   1.7 2734s
 2708425 2638835 1528114.17 2517   64 1940355.73 1485748.43  23.4%   1.7 2735s
 2716000 2646294 1487125.13  451   60 1940355.73 1485748.50  23.4%   1.7 2740s
 2716909 2647148 1494910.96  802   80 1940355.73 1485748.50  23.4%   1.7 2749s
 2717463 2647511 1795309.31 1096   65 1940355.73 1485748.50  23.4%   1.7 2750s
 2725897 2655547 1497233.84 2521   59 1940355.73 1485748.54  23.4%   1.7 2755s
 2728891 2658532 1489289.82  694   66 1940355.73 1485748.55  23.4%   1.7 2766s
 2734143 2663768 1497253.53 2524   61 1940355.73 1485748.55  23.4%   1.7 2770s
 2740829 2670405 1495253.46 2129   63 1940355.73 1485748.59  23.4%   1.7 2781s
 2747049 2676668 1490003.11  811   66 1940355.73 1485748.60  23.4%   1.7 2785s
 2752101 2681733 1497292.20 2525   59 1940355.73 1485748.60  23.4%   1.7 2798s
 2755136 2684688 1486162.22   80   89 1940355.73 1485748.62  23.4%   1.7 2800s
 2762145 2691539 1493174.18 1395   62 1940355.73 1485748.62  23.4%   1.7 2814s
 2762823 2692263 1494185.11 1748   62 1940355.73 1485748.62  23.4%   1.7 2815s
 2773264 2702524 1497296.33 2518   59 1940355.73 1485748.74  23.4%   1.7 2820s
 2773920 2703192 1497188.87 2519   59 1940355.73 1485748.74  23.4%   1.7 2828s
 2776053 2705335 1497253.25 2520   60 1940355.73 1485748.74  23.4%   1.7 2830s
 2783932 2713080 1497233.13 2526   59 1940355.73 1485748.74  23.4%   1.7 2844s
 2785713 2714926 1486123.61  150   65 1940355.73 1485748.83  23.4%   1.7 2845s
 2792749 2721641 1701135.35  153   73 1940355.73 1485748.85  23.4%   1.7 2850s
 2794247 2722982 1832196.81  187   63 1940355.73 1485748.85  23.4%   1.7 2860s
 2800118 2728362 1485815.03   83   85 1940355.73 1485748.90  23.4%   1.7 2865s
 2806135 2734367 1501525.67 2522   60 1940355.73 1485748.90  23.4%   1.7 2878s
 2809138 2737324 1501510.31 2518   61 1940355.73 1485748.90  23.4%   1.7 2880s
 2816708 2744767 1501484.13 2533   60 1940355.73 1485748.97  23.4%   1.7 2885s
 2817691 2745749 1501443.88 2537   61 1940355.73 1485748.97  23.4%   1.7 2897s
 2822595 2750520 1540122.73  131   59 1940355.73 1485748.99  23.4%   1.7 2900s
 2827991 2755840 1493496.72 1381   65 1940355.73 1485749.02  23.4%   1.7 2912s
 2832773 2760549 1501516.38 2526   60 1940355.73 1485749.02  23.4%   1.7 2915s
 2839090 2766236 1849269.85 1150   63 1940355.73 1485749.12  23.4%   1.7 2928s
 2841833 2768943 1489166.43  673   66 1940355.73 1485749.34  23.4%   1.7 2930s
 2850568 2777567 1488726.96  601   66 1940355.73 1485749.37  23.4%   1.7 2944s
 2851158 2778247 1490620.03  926   66 1940355.73 1485749.37  23.4%   1.7 2945s
 2860957 2787956 1770276.93  875   67 1940355.73 1485749.37  23.4%   1.7 2958s
 2862089 2789133 1487771.97  122   60 1940355.73 1485749.38  23.4%   1.7 2960s
 2870815 2796897 1851666.99  299   61 1940355.73 1485749.38  23.4%   1.7 2972s
 2876043 2802171 1495090.84 2094   62 1940355.73 1485749.43  23.4%   1.7 2975s
 2883478 2809371 1492759.98 1289   66 1940355.73 1485749.49  23.4%   1.7 2988s
 2885227 2811089 1499370.28 2184   65 1940355.73 1485749.49  23.4%   1.7 2990s
 2895155 2820980 1501488.78 2524   60 1940355.73 1485749.54  23.4%   1.7 2995s
 2895780 2821600 1501569.16 2524   60 1940355.73 1485749.54  23.4%   1.7 3004s
 2897206 2823041 1501553.60 2524   60 1940355.73 1485749.54  23.4%   1.7 3005s
 2904795 2830630 1501460.53 2525   60 1940355.73 1485749.55  23.4%   1.7 3018s
 2907787 2833535 1513690.32  203   78 1940355.73 1485749.61  23.4%   1.7 3020s
 2915208 2840766 1496561.78 1802   64 1940355.73 1485749.61  23.4%   1.7 3025s
 2915865 2841474 1497720.35 1961   63 1940355.73 1485749.61  23.4%   1.7 3032s
 2919944 2845489 1501228.38 2523   59 1940355.73 1485749.61  23.4%   1.7 3035s
 2927743 2853277 1499484.43 2207   65 1940355.73 1485749.77  23.4%   1.7 3046s
 2932390 2857659 1515632.04 2533   63 1940355.73 1485749.77  23.4%   1.7 3050s
 2938273 2863128 1555543.34  240   77 1940355.73 1485749.96  23.4%   1.7 3062s
 2943783 2868602 1497827.35 2537   60 1940355.73 1485749.98  23.4%   1.7 3065s
 2949801 2874452 1703943.97  968   85 1940355.73 1485750.00  23.4%   1.7 3076s
 2955097 2879543 1495119.50 1602   65 1940355.73 1485750.00  23.4%   1.7 3080s
 2959426 2884008 1501565.04 2526   61 1940355.73 1485750.00  23.4%   1.7 3091s
 2966854 2891452 1501458.07 2521   59 1940355.73 1485750.02  23.4%   1.7 3095s
 2969575 2894187 1490419.91  898   66 1940355.73 1485750.08  23.4%   1.7 3106s
 2976261 2900624 1485933.77  106   83 1940355.73 1485750.13  23.4%   1.7 3110s
 2980741 2905145 1488153.15  496   66 1940355.73 1485750.14  23.4%   1.7 3121s
 2987561 2911896 1501570.00 2526   61 1940355.73 1485750.14  23.4%   1.7 3125s
 2992470 2916820 1497932.65 1985   65 1940355.73 1485750.22  23.4%   1.7 3137s
 2996602 2920951 1501573.70 2524   61 1940355.73 1485750.22  23.4%   1.7 3140s
 3003080 2927221 1491322.33 1042   66 1940355.73 1485750.30  23.4%   1.7 3152s
 3008530 2932080 1509845.10 2527   65 1940355.73 1485750.30  23.4%   1.7 3155s
 3013272 2936731 1499820.99 2243   65 1940355.73 1485750.35  23.4%   1.7 3164s
 3014946 2938574 1501465.80 2523   60 1940355.73 1485750.35  23.4%   1.7 3165s
 3022564 2945938 1497738.83 1957   64 1940355.73 1485750.41  23.4%   1.7 3170s
 3025472 2948835 1501840.22 2519   64 1940355.73 1485750.41  23.4%   1.7 3180s
 3032907 2955942 1501548.74 2524   60 1940355.73 1485750.44  23.4%   1.7 3185s
 3035903 2958859 1491623.04 1094   66 1940355.73 1485750.45  23.4%   1.7 3195s
 3043271 2965923 1486911.16  290   66 1940355.73 1485750.51  23.4%   1.7 3200s
 3047750 2970238 1501503.30 2527   60 1940355.73 1485750.51  23.4%   1.7 3212s
 3053220 2975682 1489411.74  720   66 1940355.73 1485750.55  23.4%   1.7 3215s
 3057814 2980304 1501550.16 2531   59 1940355.73 1485750.55  23.4%   1.7 3225s
 3066297 2988540 1501525.61 2518   60 1940355.73 1485750.56  23.4%   1.7 3230s
 3069274 2991748 1501499.21 2518   62 1940355.73 1485750.56  23.4%   1.7 3240s
 3076752 2998909 1488646.02  576   65 1940355.73 1485750.66  23.4%   1.7 3245s
 3078999 3001152 1496015.70 1720   64 1940355.73 1485750.66  23.4%   1.7 3254s
 3080712 3002741 1501464.76 2517   60 1940355.73 1485750.66  23.4%   1.7 3255s
 3088646 3010591 1487103.17  325   65 1940355.73 1485750.74  23.4%   1.7 3260s
 3090073 3012168 1491705.95 1115   65 1940355.73 1485750.74  23.4%   1.7 3269s
 3090404 3012410 1493189.74 1345   64 1940355.73 1485750.74  23.4%   1.7 3270s
 3099943 3021799 1493199.52 1352   65 1940355.73 1485750.85  23.4%   1.7 3275s
 3102114 3024143 1501193.42 2464   62 1940355.73 1485750.85  23.4%   1.7 3284s
 3102435 3024488 1501549.56 2542   61 1940355.73 1485750.85  23.4%   1.7 3285s
 3111205 3033093 1493063.36  775   60 1940355.73 1485750.97  23.4%   1.7 3290s
 3111670 3033499 1493789.87  940   59 1940355.73 1485750.97  23.4%   1.7 3299s
 3112325 3034138 1494872.31 1107   59 1940355.73 1485750.97  23.4%   1.7 3300s
 3117264 3038722 1503672.67 2334   61 1940355.73 1485750.97  23.4%   1.7 3305s
 3121458 3042780 1506967.03 2535   78 1940355.73 1485750.97  23.4%   1.7 3313s
 3123446 3044732 1525806.59 2538   75 1940355.73 1485750.97  23.4%   1.7 3315s
 3131313 3052596 1494572.97 1887   65 1940355.73 1485751.00  23.4%   1.7 3320s
 3132640 3053800 1497264.91 2521   61 1940355.73 1485751.00  23.4%   1.7 3329s
 3134291 3055479 1497151.71 2518   60 1940355.73 1485751.00  23.4%   1.7 3330s
 3142810 3063550 1497269.45 2518   59 1940355.73 1485751.02  23.4%   1.7 3335s
 3145219 3065974 1497150.22 2518   60 1940355.73 1485751.02  23.4%   1.7 3344s
 3146139 3066793 1497121.59 2520   60 1940355.73 1485751.02  23.4%   1.7 3345s
 3153848 3074286 1496185.09 2150   64 1940355.73 1485751.10  23.4%   1.7 3350s
 3156146 3076525 1499610.60 2523   61 1940355.73 1485751.10  23.4%   1.7 3359s
 3157477 3077813 1499642.49 2523   61 1940355.73 1485751.10  23.4%   1.7 3360s
 3166221 3086507 1497330.70 2534   60 1940355.73 1485751.13  23.4%   1.7 3365s
 3167581 3087842 1485873.87   92   76 1940355.73 1485751.16  23.4%   1.7 3375s
 3176945 3097063 1485961.78  101   80 1940355.73 1485751.23  23.4%   1.7 3380s
 3177633 3097781 1487077.42  360   60 1940355.73 1485751.23  23.4%   1.7 3388s
 3180302 3099757     cutoff 1188      1940355.73 1485751.23  23.4%   1.7 3390s
 3189251 3108600 1872940.13  419   70 1940355.73 1485751.30  23.4%   1.7 3402s
 3193853 3113038 1494587.21 1897   63 1940355.73 1485751.33  23.4%   1.7 3405s
 3200993 3120132 1487851.13  452   66 1940355.73 1485751.41  23.4%   1.7 3417s
 3205910 3125031 1497156.21 2530   61 1940355.73 1485751.41  23.4%   1.7 3420s
 3211257 3130071 1486820.71  317   60 1940355.73 1485751.52  23.4%   1.7 3429s
 3212463 3131022 1489625.28  983   59 1940355.73 1485751.52  23.4%   1.7 3430s
 3220553 3139015 1497230.22 2531   59 1940355.73 1485751.53  23.4%   1.7 3435s
 3223062 3141425 1487594.31  402   66 1940355.73 1485751.56  23.4%   1.7 3445s
 3232233 3150536 1487813.71  514   59 1940355.73 1485751.58  23.4%   1.7 3450s
 3233841 3152100 1515799.10  201   84 1940355.73 1485751.59  23.4%   1.7 3458s
 3236835 3155101 1492422.66 1241   65 1940355.73 1485751.60  23.4%   1.7 3460s
 3244864 3163003 1491370.00 1050   66 1940355.73 1485751.63  23.4%   1.7 3474s
 3245637 3163847 1493493.53 1516   65 1940355.73 1485751.63  23.4%   1.7 3475s
 3255236 3172303 1496871.04 2486   62 1940355.73 1485751.67  23.4%   1.7 3480s
 3255499 3172475 1497168.92 2527   60 1940355.73 1485751.67  23.4%   1.7 3488s
 3257329 3174407 1497207.79 2526   62 1940355.73 1485751.67  23.4%   1.7 3490s
 3265291 3182558 1487684.48  423   66 1940355.73 1485751.71  23.4%   1.7 3495s
 3266372 3183475 1492065.87 1175   66 1940355.73 1485751.71  23.4%   1.7 3504s
 3267324 3184313 1494358.57 1827   65 1940355.73 1485751.71  23.4%   1.7 3505s
 3274570 3191664 1489107.95  667   65 1940355.73 1485751.74  23.4%   1.7 3510s
 3275581 3192678 1493235.41 1436   64 1940355.73 1485751.74  23.4%   1.7 3521s
 3281786 3198791 1485903.24   77   92 1940355.73 1485751.78  23.4%   1.7 3525s
 3287224 3203689 1831934.70  411   67 1940355.73 1485751.81  23.4%   1.7 3535s
 3294094 3210308 1732157.40  588   90 1940355.73 1485751.87  23.4%   1.7 3540s
 3300189 3216189 1490110.99  837   66 1940355.73 1485751.93  23.4%   1.7 3551s
 3305492 3221537 1496133.37 2531   61 1940355.73 1485751.93  23.4%   1.7 3555s
 3310421 3226371 1815560.34  161   63 1940355.73 1485751.94  23.4%   1.7 3565s
 3315053 3230303     cutoff  177      1940355.73 1485751.94  23.4%   1.7 3570s
 3320178 3235192 1486724.40  262   65 1940355.73 1485751.95  23.4%   1.7 3581s
 3326957 3241645 1510287.70 2539   60 1940355.73 1485751.95  23.4%   1.7 3585s
 3332926 3247503 1497170.70 2534   61 1940355.73 1485752.00  23.4%   1.7 3596s
 3340178 3254707 1495188.89 2113   65 1940355.73 1485752.02  23.4%   1.7 3600s

Cutting planes:
  RLT: 50

Explored 3340547 nodes (5730356 simplex iterations) in 3600.02 seconds (1061.11 work units)
Thread count was 2 (of 24 available processors)

Solution count 10: 1.94036e+06 1.94036e+06 1.94037e+06 ... 1.95027e+06

Time limit reached
Best objective 1.940355734731e+06, best bound 1.485752023343e+06, gap 23.4289%
