
Gurobi 11.0.3 (linux64, Java) logging started qua 04 dez 2024 18:53:33 -03

Set parameter Username
Academic license - for non-commercial use only - expires 2025-10-10
Set parameter NonConvex to value 2
Set parameter TimeLimit to value 3600
Set parameter LogToConsole to value 0
Set parameter MIPGap to value 5.5922415627952831e-08
Set parameter Threads to value 2
Set parameter NodefileDir to value "/home/ps12398/experiment_hosp/goalProgrammingMarcos/"
Set parameter NodefileStart to value 1
Gurobi Optimizer version 11.0.3 build v11.0.3rc0 (linux64)

CPU model: Intel(R) Xeon(R) CPU           X5650  @ 2.67GHz, instruction set [SSE2]
Thread count: 12 physical cores, 24 logical processors, using up to 2 threads

Optimize a model with 145936 rows, 100136 columns and 1216938 nonzeros
Model fingerprint: 0xd55fc34e
Model has 228 quadratic constraints
Variable types: 49958 continuous, 50178 integer (223 binary)
Coefficient statistics:
  Matrix range     [4e-03, 4e+06]
  QMatrix range    [4e-03, 7e+04]
  QLMatrix range   [1e+00, 7e+04]
  Objective range  [1e+00, 4e+07]
  Bounds range     [1e+00, 1e+08]
  RHS range        [1e+00, 9e+05]
  QRHS range       [3e-02, 3e-02]
Presolve removed 143322 rows and 97275 columns
Presolve time: 0.85s
Presolved: 4006 rows, 3290 columns, 456387 nonzeros
Presolved model has 2 SOS constraint(s)
Presolved model has 223 bilinear constraint(s)

Solving non-convex MIQCP

Variable types: 777 continuous, 2513 integer (225 binary)
Found heuristic solution: objective 1.701975e+07

Root relaxation: objective 0.000000e+00, 499 iterations, 0.14 seconds (0.08 work units)

    Nodes    |    Current Node    |     Objective Bounds      |     Work
 Expl Unexpl |  Obj  Depth IntInf | Incumbent    BestBd   Gap | It/Node Time

     0     0    0.00000    0  368 1.7020e+07    0.00000   100%     -    4s
     0     0    0.00000    0  312 1.7020e+07    0.00000   100%     -    5s
     0     0    0.00000    0  311 1.7020e+07    0.00000   100%     -    6s
     0     0    0.00000    0  294 1.7020e+07    0.00000   100%     -    8s
     0     0    0.00000    0  289 1.7020e+07    0.00000   100%     -    9s
     0     0    0.00000    0  285 1.7020e+07    0.00000   100%     -   10s
H    0     0                    1792976.4217    0.00000   100%     -   10s
     0     0    0.00000    0  292 1792976.42    0.00000   100%     -   10s
     0     0    0.00000    0  276 1792976.42    0.00000   100%     -   11s
H    0     0                    1716147.4302    0.00000   100%     -   11s
H    0     0                    1387019.6587    0.00000   100%     -   12s
     0     0    0.00000    0  284 1387019.66    0.00000   100%     -   12s
     0     0    0.00000    0  284 1387019.66    0.00000   100%     -   13s
     0     0    0.00000    0  279 1387019.66    0.00000   100%     -   13s
     0     0    0.00000    0  281 1387019.66    0.00000   100%     -   14s
H    0     0                    1373858.4179    0.00000   100%     -   14s
     0     0    0.00000    0  290 1373858.42    0.00000   100%     -   14s
     0     0    0.00000    0  290 1373858.42    0.00000   100%     -   15s
     0     0    0.00000    0  291 1373858.42    0.00000   100%     -   15s
     0     0    0.00000    0  279 1373858.42    0.00000   100%     -   18s
     0     0    0.00000    0  279 1373858.42    0.00000   100%     -   20s
H    0     2                    1355795.3104    0.00000   100%     -   29s
     0     2    0.00000    0  278 1355795.31    0.00000   100%     -   29s
     5     7    0.00000    3  291 1355795.31    0.00000   100%   220   30s
H   26    36                    1338511.8379    0.00000   100%   148   33s
    36   104    0.00000   13  274 1338511.84    0.00000   100%   121   36s
H  103   104                    1218596.1831    0.00000   100%  60.9   36s
   104   227    0.00000   55  240 1218596.18    0.00000   100%  60.4   43s
H  129   227                    858828.07738    0.00000   100%  53.1   43s
H  227   449                    822815.45941    0.00000   100%  42.6   49s
H  362   449                    545982.65948    0.00000   100%  32.8   49s
H  449   611                    545888.42209    0.00000   100%  31.5   55s
H  597   611                    470337.74649    0.00000   100%  25.4   55s
H  597   611                    434544.84359    0.00000   100%  25.4   55s
   611  1028 49063.7685  373  234 434544.844    0.00000   100%  24.9   62s
H  624  1028                    400199.59070    0.00000   100%  24.4   62s
H 1028  1176                    391442.04930    0.00000   100%  16.1   66s
H 1175  1176                    338723.66018    0.00000   100%  14.2   66s
  1176  1449 49288.4924  821  234 338723.660    0.00000   100%  14.2   73s
  1449  1709 49372.0660  991  230 338723.660    0.00000   100%  11.7   81s
  1709  1943 49372.4544 1154  230 338723.660    0.00000   100%  10.1   89s
  1943  2108 49372.4973 1293  230 338723.660    0.00000   100%   9.1   98s
H 2018  2108                    316714.88128    0.00000   100%   8.8   98s
  2108  2243 49374.2804 1343  230 316714.881    0.00000   100%   8.5  103s
  2243  2474 49375.7111 1383  230 316714.881    0.00000   100%   8.1  112s
  2474  2642 49378.1805 1453  230 316714.881    0.00000   100%   7.5  118s
H 2568  2642                    210818.20833    0.00000   100%   7.3  118s
  2642  2863 49380.4323 1515  230 210818.208    0.00000   100%   7.2  126s
  2863  3135 49383.1879 1593  230 210818.208    0.00000   100%   6.8  135s
H 3135  3276                    210818.16831    0.00000   100%   6.3  141s
H 3217  3276                    158981.79629    0.00000   100%   6.2  141s
  3276  3401 49387.8787 1724  229 158981.796    0.00000   100%   6.1  148s
  3401  3666 49387.9091 1725  229 158981.796    0.00000   100%   6.0  157s
  3667  3667 49386.1093 1672 1038 158981.796    0.00000   100%   5.7  166s
  3679  3675    0.00000   61   94 158981.796    0.00000   100%   5.7  170s
  3701  3695    0.00000   17  293 158981.796    0.00000   100%   8.3  175s
  3866  3899    0.00000   58  284 158981.796    0.00000   100%  11.2  181s
  4170  4179    0.00000  126  242 158981.796    0.00000   100%  13.5  186s
  4591  4450    0.00000  254  236 158981.796    0.00000   100%  14.9  190s
  5452  5487  716.74936  552  248 158981.796    0.00000   100%  17.4  197s
  6447  6292 1083.26610  855  245 158981.796    0.00000   100%  15.5  202s
  7662  7083 2453.64582 1151  237 158981.796    0.00000   100%  13.3  207s
  8868  7447 3853.41580 1393  226 158981.796    0.00000   100%  11.8  211s
  9785  8095 6269.27917 1613  226 158981.796    0.00000   100%  11.1  215s
 10782  8769 7440.26049 1777  230 158981.796    0.00000   100%  11.5  220s
 11715  9319 7935.06837 1902  230 158981.796    0.00000   100%  12.4  225s
 12970 10450 9040.27567 2231  227 158981.796    0.00000   100%  12.4  231s
 14340 10785 11612.6444 2484  229 158981.796    0.00000   100%  12.0  237s
 14632 11417 12071.9559 2534  229 158981.796    0.00000   100%  11.9  240s
 15796 12489 14360.2994 2783  225 158981.796    0.00000   100%  11.7  245s
 16776 13417 16319.5243 2959  227 158981.796    0.00000   100%  11.5  250s
 17922 14560 19807.8739 3193  227 158981.796    0.00000   100%  11.4  255s
 19345 15796 23242.5864 3504  231 158981.796    0.00000   100%  11.2  261s
 19865 16622 25397.0563 3633  229 158981.796    0.00000   100%  11.1  265s
 21054 17889 32801.8491 3888  241 158981.796    0.00000   100%  10.9  270s
 22427 19042 36471.3992 4172  240 158981.796    0.00000   100%  10.5  275s
 23197 19887 37448.2515 4273  239 158981.796    0.00000   100%  10.6  280s
 24469 20949 39792.6444 4473  239 158981.796    0.00000   100%  10.4  285s
 26033 22935 43189.2970 4669  238 158981.796    0.00000   100%  10.1  291s
 27552 24277 48472.6156 4914  231 158981.796    0.00000   100%   9.8  295s
 29015 25675 52623.1781 5248  231 158981.796    0.00000   100%   9.6  300s
 29724 26272 54356.3460 5388  230 158981.796    0.00000   100%   9.5  305s
 30815 27443 57481.8904 5613  228 158981.796    0.00000   100%   9.5  310s
 32110 28768 61257.7763 5863  231 158981.796    0.00000   100%   9.4  315s
 33718 30440 67900.8081 6192  227 158981.796    0.00000   100%   9.3  320s
 35104 31671 72037.2196 6470  229 158981.796    0.00000   100%   9.1  325s
 36340 32859 74946.0722 6614  234 158981.796    0.00000   100%   9.2  330s
 37291 33930 77692.5529 6741  230 158981.796    0.00000   100%   9.3  335s
 38453 35042 83059.7415 7027  236 158981.796    0.00000   100%   9.2  340s
 39462 36183 87056.8714 7215  229 158981.796    0.00000   100%   9.2  345s
 39946 36413 157890.086 7342  282 158981.796    0.00000   100%   9.2  350s
 40559 37187 88859.7321 7393  226 158981.796    0.00000   100%   9.3  355s
 41619 38292 92745.3930 7572  226 158981.796    0.00000   100%   9.4  361s
 42532 38754    0.00000  227  226 158981.796    0.00000   100%   9.5  365s
 42917 39268  691.73622  350  231 158981.796    0.00000   100%   9.8  370s
 43305 39699 1239.53385  494  226 158981.796    0.00000   100%   9.9  375s
 44483 40770 2523.03183  733  228 158981.796    0.00000   100%  10.1  381s
 44930 41188 2768.96360  797  228 158981.796    0.00000   100%  10.2  387s
 45462 41821 3084.06369  879  228 158981.796    0.00000   100%  10.3  391s
 46033 42492 3968.30211  993  229 158981.796    0.00000   100%  10.3  395s
 46835 43238 5098.28524 1169  228 158981.796    0.00000   100%  10.3  400s
 47750 44150 5626.67117 1227  229 158981.796    0.00000   100%  10.4  405s
 49265 45717 28960.1947 1515  227 158981.796    0.00000   100%  10.4  411s
 50079 46306 31755.7359 1713  230 158981.796    0.00000   100%  10.5  416s
 50902 47303 34159.2518 1902  232 158981.796    0.00000   100%  10.4  420s
 51940 48404 36134.6079 2064  229 158981.796    0.00000   100%  10.4  425s
 52946 49352 36677.9148 2106  232 158981.796    0.00000   100%  10.4  431s
 53653 50187 37576.5462 2166  232 158981.796    0.00000   100%  10.3  435s
 54890 51162 42118.9716 2373  232 158981.796    0.00000   100%  10.3  440s
 55564 51658 42463.6630 2411  234 158981.796    0.00000   100%  10.5  445s
 56034 52183 43609.1169 2528  227 158981.796    0.00000   100%  11.0  450s
 56544 52594 45744.5653 2638  254 158981.796    0.00000   100%  11.5  455s
 57129 53131 119252.471 2797  236 158981.796    0.00000   100%  11.9  461s
 57951 54022 125728.849 3051  230 158981.796    0.00000   100%  12.4  466s
 58305 54481 148834.537 3153  246 158981.796    0.00000   100%  12.6  470s
 59698 55457 158489.308 3577  239 158981.796    0.00000   100%  12.5  476s
 60408 56234 1074.03003  343  272 158981.796    0.00000   100%  12.5  481s
 61341 57273 2626.28458  569  256 158981.796    0.00000   100%  12.5  485s
 62995 58772 5464.51173 1011  246 158981.796    0.00000   100%  12.3  491s
 64301 60038 11721.9396 1263  248 158981.796    0.00000   100%  12.2  495s
 65599 61053 14582.3623 1596  238 158981.796    0.00000   100%  12.1  500s
 66862 62521 15597.0860 1948  237 158981.796    0.00000   100%  12.0  505s
 67957 63713 18049.1010 2301  240 158981.796    0.00000   100%  12.0  510s
 69891 65693 19909.9731 2730  233 158981.796    0.00000   100%  11.8  515s
 71143 66718 21125.5996 3038  234 158981.796    0.00000   100%  11.7  520s
 72493 68125 24732.5006 3361  236 158981.796    0.00000   100%  11.7  525s
 73854 69504 29862.7179 3674  253 158981.796    0.00000   100%  11.7  530s
 74993 70597 34242.2181 3922  257 158981.796    0.00000   100%  11.6  536s
 75853 71266 37851.7273 4126  261 158981.796    0.00000   100%  11.7  540s
H75926 59201                    99747.198118    0.00000   100%  11.7  540s
H76001 42973                    56127.424197    0.00000   100%  11.7  541s
H76086 38412                    44518.062619    0.00000   100%  11.7  543s
H76218 38208                    44060.438618    0.00000   100%  11.7  544s
 76313 38299    0.00000  371  226 44060.4386    0.00000   100%  11.7  545s
H76376 37986                    43446.874941    0.00000   100%  11.8  545s
H76404 36539                    40801.637508    0.00000   100%  11.8  546s
H76485 31194                    31985.920230    0.00000   100%  11.8  547s
H76568 29623                    28387.773564    0.00000   100%  11.9  548s
H76678 29124                    27050.862914    0.00000   100%  11.9  549s
 76937 29193  987.44244  593  243 27050.8629    0.00000   100%  11.9  550s
H76949 29093                    26900.460608    0.00000   100%  11.9  550s
H77047 28788                    26152.523946    0.00000   100%  11.9  550s
H77073 27719                    24969.617557    0.00000   100%  12.0  551s
H77150 27779                    24967.914517    0.00000   100%  12.1  553s
 77219 27962    0.00000  279  265 24967.9145    0.00000   100%  12.1  556s
 77929 28819 1204.46420  388  261 24967.9145    0.00000   100%  12.1  560s
H78210 24301                    19174.195190    0.00000   100%  12.1  562s
H78291 24606                    19020.135855    0.00000   100%  12.1  564s
H78664 24998                    19013.662729    0.00000   100%  12.1  566s
H79066   139                       0.0000000    0.00000  0.00%  12.0  567s

Cutting planes:
  Gomory: 9
  Implied bound: 2
  MIR: 106
  StrongCG: 10
  Zero half: 2
  RLT: 16

Explored 79067 nodes (959957 simplex iterations) in 567.85 seconds (246.22 work units)
Thread count was 2 (of 24 available processors)

Solution count 10: 0 19013.7 19020.1 ... 28387.8

Optimal solution found (tolerance 5.59e-08)
Best objective 0.000000000000e+00, best bound 0.000000000000e+00, gap 0.0000%
