
Gurobi 11.0.3 (linux64, Java) logging started qua 04 dez 2024 20:00:00 -03

Set parameter Username
Academic license - for non-commercial use only - expires 2025-10-10
Set parameter NonConvex to value 2
Set parameter TimeLimit to value 3600
Set parameter LogToConsole to value 0
Set parameter MIPGap to value 5.5922415627952831e-08
Set parameter Threads to value 2
Set parameter NodefileDir to value "/home/ps12398/experiment_hosp/goalProgrammingMarcos/"
Set parameter NodefileStart to value 1
Gurobi Optimizer version 11.0.3 build v11.0.3rc0 (linux64)

CPU model: Intel(R) Xeon(R) CPU           X5650  @ 2.67GHz, instruction set [SSE2]
Thread count: 12 physical cores, 24 logical processors, using up to 2 threads

Optimize a model with 145936 rows, 100136 columns and 1216938 nonzeros
Model fingerprint: 0x1b99d078
Model has 228 quadratic constraints
Variable types: 49958 continuous, 50178 integer (223 binary)
Coefficient statistics:
  Matrix range     [4e-03, 4e+06]
  QMatrix range    [4e-03, 7e+04]
  QLMatrix range   [1e+00, 7e+04]
  Objective range  [1e+00, 4e+07]
  Bounds range     [1e+00, 1e+08]
  RHS range        [1e+00, 6e+06]
  QRHS range       [3e-02, 3e-02]
Presolve removed 143322 rows and 97275 columns
Presolve time: 0.97s
Presolved: 4006 rows, 3290 columns, 456387 nonzeros
Presolved model has 2 SOS constraint(s)
Presolved model has 223 bilinear constraint(s)

Solving non-convex MIQCP

Variable types: 777 continuous, 2513 integer (225 binary)
Found heuristic solution: objective 1.701975e+07

Root relaxation: objective 0.000000e+00, 535 iterations, 0.16 seconds (0.09 work units)
Total elapsed time = 5.09s (DegenMoves)

    Nodes    |    Current Node    |     Objective Bounds      |     Work
 Expl Unexpl |  Obj  Depth IntInf | Incumbent    BestBd   Gap | It/Node Time

     0     0    0.00000    0  354 1.7020e+07    0.00000   100%     -    5s
H    0     0                    2671863.3776    0.00000   100%     -    5s
     0     0    0.00000    0  285 2671863.38    0.00000   100%     -    5s
     0     0    0.00000    0  284 2671863.38    0.00000   100%     -    6s
     0     0    0.00000    0  255 2671863.38    0.00000   100%     -    7s
H    0     0                    739650.02912    0.00000   100%     -    8s
H    0     0                    660439.35903    0.00000   100%     -    8s
     0     0    0.00000    0  255 660439.359    0.00000   100%     -    8s
     0     0    0.00000    0  251 660439.359    0.00000   100%     -    9s
H    0     0                    608681.36233    0.00000   100%     -    9s
     0     0    0.00000    0  255 608681.362    0.00000   100%     -    9s
     0     0    0.00000    0  252 608681.362    0.00000   100%     -   10s
     0     0    0.00000    0  253 608681.362    0.00000   100%     -   11s
     0     0    0.00000    0  254 608681.362    0.00000   100%     -   12s
     0     0    0.00000    0  254 608681.362    0.00000   100%     -   12s
     0     0    0.00000    0  253 608681.362    0.00000   100%     -   13s
     0     0    0.00000    0  256 608681.362    0.00000   100%     -   13s
     0     0    0.00000    0  254 608681.362    0.00000   100%     -   14s
     0     0    0.00000    0  254 608681.362    0.00000   100%     -   16s
     0     2    0.00000    0  254 608681.362    0.00000   100%     -   21s
H   36    47                    335368.22029    0.00000   100%   3.8   23s
    46    96    0.00000   18  251 335368.220    0.00000   100%   3.6   25s
    95   193    0.00000   48  228 335368.220    0.00000   100%   2.6   59s
H  164   193                    218290.03953    0.00000   100%   2.5   59s
   192   501    0.00000   92  245 218290.040    0.00000   100%   2.4   67s
H  379   501                    145391.65431    0.00000   100%   9.3   67s
   517   645    0.00000  251  224 145391.654    0.00000   100%   9.1   73s
H  665   780                    145391.63692    0.00000   100%   9.2   77s
   806   939  419.99118  357  222 145391.637    0.00000   100%   8.7   81s
   966   993  419.99118  427  222 145391.637    0.00000   100%   8.3   85s
  1022  1172  419.99118  449  224 145391.637    0.00000   100%   9.2   91s
  1209  1312  419.99118  524  224 145391.637    0.00000   100%  11.8   97s
  1353  1472  419.99118  600  224 145391.637    0.00000   100%  15.1  103s
H 1515  1634                    145391.63685    0.00000   100%  16.6  110s
  1677  1788  564.31290  746  224 145391.637    0.00000   100%  17.4  116s
  1840  1958 5754.47556  788  225 145391.637    0.00000   100%  17.7  124s
  2010  1968 5954.47712  854  225 145391.637    0.00000   100%  19.3  129s
H 2014  1968                    121045.89458    0.00000   100%  19.4  129s
  2020  2160 5979.47122  859  225 121045.895    0.00000   100%  19.4  136s
  2212  2376 6216.84757  935  225 121045.895    0.00000   100%  21.0  142s
  2428  2579 6504.03427 1028  225 121045.895    0.00000   100%  22.8  148s
  2631  2802 6728.66408 1099  225 121045.895    0.00000   100%  23.6  153s
  2854  3001 6990.59348 1183  225 121045.895    0.00000   100%  24.9  159s
H 3053   174                       0.0000000    0.00000  0.00%  25.6  163s

Cutting planes:
  Gomory: 5
  MIR: 68
  StrongCG: 38

Explored 3108 nodes (84751 simplex iterations) in 163.99 seconds (68.55 work units)
Thread count was 2 (of 24 available processors)

Solution count 10: 0 121046 145392 ... 2.67186e+06

Optimal solution found (tolerance 5.59e-08)
Best objective 0.000000000000e+00, best bound 0.000000000000e+00, gap 0.0000%
