
Gurobi 11.0.3 (linux64, Java) logging started ter 26 nov 2024 15:17:31 -03

Set parameter Username
Academic license - for non-commercial use only - expires 2025-10-10
Set parameter NonConvex to value 2
Set parameter TimeLimit to value 3600
Set parameter LogToConsole to value 0
Set parameter MIPGap to value 1.7445418436480762e-08
Set parameter Threads to value 2
Set parameter NodefileDir to value "/home/ps12398/experiment_hosp/goalProgrammingMarcos/"
Set parameter NodefileStart to value 1
Gurobi Optimizer version 11.0.3 build v11.0.3rc0 (linux64)

CPU model: Intel(R) Xeon(R) CPU           X5650  @ 2.67GHz, instruction set [SSE2]
Thread count: 12 physical cores, 24 logical processors, using up to 2 threads

Optimize a model with 519984 rows, 349038 columns and 2312304 nonzeros
Model fingerprint: 0x3df14233
Model has 422 quadratic constraints
Variable types: 174312 continuous, 174726 integer (417 binary)
Coefficient statistics:
  Matrix range     [2e-03, 1e+07]
  QMatrix range    [2e-03, 2e+05]
  QLMatrix range   [1e+00, 2e+05]
  Objective range  [1e+00, 1e+08]
  Bounds range     [1e+00, 1e+08]
  RHS range        [1e+00, 5e+06]
  QRHS range       [3e-02, 3e-02]
Presolve removed 516050 rows and 344926 columns
Presolve time: 2.48s
Presolved: 7588 rows, 5215 columns, 1044660 nonzeros
Presolved model has 2 SOS constraint(s)
Presolved model has 417 bilinear constraint(s)

Solving non-convex MIQCP

Variable types: 1599 continuous, 3616 integer (419 binary)

Root simplex log...

Iteration    Objective       Primal Inf.    Dual Inf.      Time
       0    0.0000000e+00   6.213372e+03   0.000000e+00      9s
     578    0.0000000e+00   0.000000e+00   0.000000e+00     10s

Root relaxation: objective 0.000000e+00, 578 iterations, 0.49 seconds (0.17 work units)
Total elapsed time = 9.65s (DegenMoves)
Total elapsed time = 11.50s (DegenMoves)

    Nodes    |    Current Node    |     Objective Bounds      |     Work
 Expl Unexpl |  Obj  Depth IntInf | Incumbent    BestBd   Gap | It/Node Time

     0     0    0.00000    0  631          -    0.00000      -     -   13s
     0     0    0.00000    0 1080          -    0.00000      -     -   17s
     0     0    0.00000    0 1075          -    0.00000      -     -   18s
     0     0    0.00000    0  723          -    0.00000      -     -   40s
     0     0    0.00000    0  742          -    0.00000      -     -   41s
     0     0    0.00000    0  777          -    0.00000      -     -   46s
     0     0    0.00000    0  771          -    0.00000      -     -   47s
     0     0    0.00000    0  755          -    0.00000      -     -   51s
     0     0    0.00000    0  758          -    0.00000      -     -   52s
     0     0    0.00000    0  760          -    0.00000      -     -   60s
     0     0    0.00000    0  708          -    0.00000      -     -   81s
H    0     0                    2.577449e+07    0.00000   100%     -  102s
     0     2    0.00000    0  708 2.5774e+07    0.00000   100%     -  112s
     3     6    0.00000    2  757 2.5774e+07    0.00000   100%   750  118s
     5     8    0.00000    2  915 2.5774e+07    0.00000   100%   832  121s
    11    15    0.00000    5  754 2.5774e+07    0.00000   100%   574  125s
    28    35    0.00000    9  780 2.5774e+07    0.00000   100%   284  131s
    34    90    0.00000   12  750 2.5774e+07    0.00000   100%   255  140s
    89   180    0.00000   32  715 2.5774e+07    0.00000   100%   121  159s
   179   339    0.00000   54  673 2.5774e+07    0.00000   100%  95.1  182s
   338   448    0.00000  107  622 2.5774e+07    0.00000   100%  70.3  198s
   447   606    0.00000  145  711 2.5774e+07    0.00000   100%  72.1  216s
   605   767    0.00000  194  600 2.5774e+07    0.00000   100%  67.6  233s
   766   958    0.00000  252  551 2.5774e+07    0.00000   100%  65.2  251s
H  957  1136                    2.572284e+07    0.00000   100%  58.1  277s
  1135  1345    0.00000  330  511 2.5723e+07    0.00000   100%  50.0  300s
  1344  1577    0.00000  444  485 2.5723e+07    0.00000   100%  44.9  321s
  1576  1722    0.00000  541  485 2.5723e+07    0.00000   100%  45.4  341s
  1721  1918 23915.4594  605  507 2.5723e+07    0.00000   100%  47.8  362s
  1917  2139 174258.934  668  495 2.5723e+07    0.00000   100%  47.4  387s
  2138  2429 202094.696  768  469 2.5723e+07    0.00000   100%  45.3  412s
  2428  2713 223494.619  874  494 2.5723e+07    0.00000   100%  42.9  443s
  2712  3007 226634.122 1025  487 2.5723e+07    0.00000   100%  40.6  469s
H 2910  3007                    1.024553e+07    0.00000   100%  38.7  469s
  3006  3235 229889.328 1201  482 1.0246e+07    0.00000   100%  38.4  496s
H 3153  3235                    1.020421e+07    0.00000   100%  37.5  496s
  3234  3409 233136.087 1343  483 1.0204e+07    0.00000   100%  37.8  518s
  3408  3627 235300.221 1437  482 1.0204e+07    0.00000   100%  41.9  545s
H 3625  3627                    1.010737e+07    0.00000   100%  43.6  545s
  3627  3628    0.00000  125 1407 1.0107e+07    0.00000   100%  43.6  609s
  3629  3629 229348.046 1175  567 1.0107e+07    0.00000   100%  43.6  646s
  3630  3630    0.00000  261  570 1.0107e+07    0.00000   100%  43.6  656s
  3631  3631 289360.586 1081  546 1.0107e+07    0.00000   100%  43.6  685s
  3632  3631    0.00000  521  504 1.0107e+07    0.00000   100%  43.6  721s
  3633  3632    0.00000  557  502 1.0107e+07    0.00000   100%  43.6  738s
  3634  3633    0.00000  303  396 1.0107e+07    0.00000   100%  43.5  758s
  3635  3633    0.00000  307  350 1.0107e+07    0.00000   100%  43.5  767s
  3636  3634 290529.536 1116  341 1.0107e+07    0.00000   100%  43.5  788s
  3637  3635    0.00000  562  329 1.0107e+07    0.00000   100%  43.5  797s
  3638  3635    0.00000  524  384 1.0107e+07    0.00000   100%  43.5  815s
  3639  3636 279733.667  952  362 1.0107e+07    0.00000   100%  43.5  826s
  3640  3637 287926.661 1032  226 1.0107e+07    0.00000   100%  43.5  844s
  3641  3637 231413.545 1266  240 1.0107e+07    0.00000   100%  43.5  850s
  3642  3638 226192.845 1009  226 1.0107e+07    0.00000   100%  43.4  865s
  3643  3639    0.00000  398  245 1.0107e+07    0.00000   100%  43.4  874s
  3644  3639 329116.393  926  252 1.0107e+07    0.00000   100%  43.4  900s
  3645  3640 226576.810 1025  294 1.0107e+07    0.00000   100%  43.4  914s
  3646  3641    0.00000  486  346 1.0107e+07    0.00000   100%  43.4  942s
  3647  3641    0.00000  181  347 1.0107e+07    0.00000   100%  43.4  958s
  3648  3642    0.00000  436  203 1.0107e+07    0.00000   100%  43.4  981s
  3649  3643    0.00000  460  249 1.0107e+07    0.00000   100%  43.4  988s
  3650  3643    0.00000  209  263 1.0107e+07    0.00000   100%  43.3  999s
  3651  3644    0.00000  530  263 1.0107e+07    0.00000   100%  43.3 1011s
  3652  3645 175688.330  683  263 1.0107e+07    0.00000   100%  43.3 1023s
  3653  3648    0.00000   15  653 1.0107e+07    0.00000   100%  55.4 1038s
  3655  3650    0.00000   16  651 1.0107e+07    0.00000   100%  55.4 1041s
  3659  3652    0.00000   17  650 1.0107e+07    0.00000   100%  55.5 1046s
  3661  3654    0.00000   17  649 1.0107e+07    0.00000   100%  55.5 1050s
  3665  3656    0.00000   18  647 1.0107e+07    0.00000   100%  55.7 1055s
  3671  3660    0.00000   20  648 1.0107e+07    0.00000   100%  55.8 1065s
  3673  3669    0.00000   20  644 1.0107e+07    0.00000   100%  56.0 1074s
  3682  3684    0.00000   22  654 1.0107e+07    0.00000   100%  56.2 1092s
  3700  3720    0.00000   27  653 1.0107e+07    0.00000   100%  56.2 1124s
  3742  3779    0.00000   37  630 1.0107e+07    0.00000   100%  56.1 1200s
  3815  3867    0.00000   59  656 1.0107e+07    0.00000   100%  57.2 1293s
  3928  3980    0.00000   76  637 1.0107e+07    0.00000   100%  58.4 1395s
  4078  4103    0.00000  108  629 1.0107e+07    0.00000   100%  58.9 1506s
  4251  4221    0.00000  144  620 1.0107e+07    0.00000   100%  58.6 1595s
H 4339  4009                    9957445.4654    0.00000   100%  58.5 1595s
H 4427  4214                    9957385.1114    0.00000   100%  58.6 1669s
  4836  4381    0.00000  289  549 9957385.11    0.00000   100%  57.5 1728s
  5139  4664    0.00000  364  556 9957385.11    0.00000   100%  56.7 1789s
  5523  5129    0.00000  456  531 9957385.11    0.00000   100%  55.8 1854s
H 5533  4961                    8149730.4503    0.00000   100%  55.8 1855s
  6116  5306    0.00000  637  437 8149730.45    0.00000   100%  52.4 1916s
  6656  5794    0.00000  790  437 8149730.45    0.00000   100%  49.9 1988s
  7324  6193    0.00000  929  439 8149730.45    0.00000   100%  47.2 2055s
  7945  6533    0.00000 1084  452 8149730.45    0.00000   100%  45.5 2120s
H 8385  6230                    7957639.5720    0.00000   100%  44.6 2120s
  8492  6760  841.77897 1249  466 7957639.57    0.00000   100%  44.5 2189s
  9058  7102 6549.26635 1436  467 7957639.57    0.00000   100%  43.7 2244s
H 9475  6814                    7957077.7810    0.00000   100%  42.7 2244s
  9588  7233 12811.0916 1612  467 7957077.78    0.00000   100%  43.0 2299s
 10045  7548 17414.5558 1780  467 7957077.78    0.00000   100%  42.2 2349s
 10512  7890 26853.4350 1939  468 7957077.78    0.00000   100%  41.6 2410s
 11010  8166 28005.7382 2112  468 7957077.78    0.00000   100%  41.1 2453s
H11062  8008                    6607327.5611    0.00000   100%  41.0 2453s
 11452  8296 33562.0579 2263  465 6607327.56    0.00000   100%  40.9 2502s
 11870  8656 42092.5413 2410  464 6607327.56    0.00000   100%  40.8 2543s
 12307  9078 41941.5525 2561  466 6607327.56    0.00000   100%  40.6 2580s
 12729  9546 46285.6451 2715  466 6607327.56    0.00000   100%  40.1 2625s
 13197  9954 64281.3112 2879  465 6607327.56    0.00000   100%  39.6 2673s
H13487  9954                    6607327.5492    0.00000   100%  38.9 2673s
 13605 10384 59253.4866 3024  465 6607327.55    0.00000   100%  39.2 2711s
 14035 10809 59076.1604 3174  466 6607327.55    0.00000   100%  38.8 2764s
 14460 11221 67628.1957 3322  465 6607327.55    0.00000   100%  38.5 2815s
 14872 11624 71626.9616 3465  465 6607327.55    0.00000   100%  38.1 2870s
 15275 12035 73381.8952 3605  465 6607327.55    0.00000   100%  37.8 2913s
 15686 12417 75254.7522 3747  464 6607327.55    0.00000   100%  37.5 2951s
 16068 12777 81174.6249 3877  457 6607327.55    0.00000   100%  37.3 2995s
H16106 12777                    6532108.7505    0.00000   100%  37.3 2995s
 16428 13164 105749.199 4000  458 6532108.75    0.00000   100%  37.3 3034s
H16706 13164                    6532108.3501    0.00000   100%  36.8 3034s
 16815 13537 97363.9576 4139  456 6532108.35    0.00000   100%  37.2 3076s
H16949 13537                    6118320.8485    0.00000   100%  36.9 3076s
 17188 13830 102798.824 4277  458 6118320.85    0.00000   100%  37.0 3121s
H17398 13830                    5989789.0677    0.00000   100%  36.6 3121s
 17481 14216 110625.154 4382  458 5989789.07    0.00000   100%  37.0 3170s
H17867 14603                    5941817.4415    0.00000   100%  36.8 3208s
 18254 14968 117654.573 4661  458 5941817.44    0.00000   100%  36.6 3244s
H18517 14968                    5908486.4390    0.00000   100%  36.1 3244s
 18619 15345 116904.880 4793  457 5908486.44    0.00000   100%  36.5 3284s
 18996 15741 180577.967 4913  454 5908486.44    0.00000   100%  36.4 3324s
 19392 16017 138183.244 5044  455 5908486.44    0.00000   100%  36.2 3364s
 19668 16402 139139.881 5116  455 5908486.44    0.00000   100%  36.2 3398s
 20053 16670 140867.143 5246  455 5908486.44    0.00000   100%  35.9 3600s

Cutting planes:
  Gomory: 4
  Implied bound: 10
  MIR: 422
  StrongCG: 3
  Flow cover: 80
  Zero half: 18
  RLT: 20
  Relax-and-lift: 1

Explored 20321 nodes (741215 simplex iterations) in 3600.30 seconds (1510.42 work units)
Thread count was 2 (of 24 available processors)

Solution count 10: 5.90849e+06 5.94182e+06 5.98979e+06 ... 7.95764e+06

Time limit reached
Best objective 5.908486438996e+06, best bound 0.000000000000e+00, gap 100.0000%
