
Gurobi 11.0.3 (linux64, Java) logging started qua 27 nov 2024 04:13:26 -03

Set parameter Username
Academic license - for non-commercial use only - expires 2025-10-10
Set parameter NonConvex to value 2
Set parameter TimeLimit to value 3600
Set parameter LogToConsole to value 0
Set parameter MIPGap to value 1.7445418436480762e-08
Set parameter Threads to value 2
Set parameter NodefileDir to value "/home/ps12398/experiment_hosp/goalProgrammingMarcos/"
Set parameter NodefileStart to value 1
Gurobi Optimizer version 11.0.3 build v11.0.3rc0 (linux64)

CPU model: Intel(R) Xeon(R) CPU           X5650  @ 2.67GHz, instruction set [SSE2]
Thread count: 12 physical cores, 24 logical processors, using up to 2 threads

Optimize a model with 519984 rows, 349038 columns and 2312304 nonzeros
Model fingerprint: 0x91d6fc85
Model has 422 quadratic constraints
Variable types: 174312 continuous, 174726 integer (417 binary)
Coefficient statistics:
  Matrix range     [2e-03, 1e+07]
  QMatrix range    [2e-03, 2e+05]
  QLMatrix range   [1e+00, 2e+05]
  Objective range  [1e+00, 1e+08]
  Bounds range     [1e+00, 1e+08]
  RHS range        [1e+00, 2e+06]
  QRHS range       [2e-01, 2e-01]
Presolve removed 516050 rows and 344926 columns
Presolve time: 2.81s
Presolved: 7588 rows, 5215 columns, 1044660 nonzeros
Presolved model has 2 SOS constraint(s)
Presolved model has 417 bilinear constraint(s)

Solving non-convex MIQCP

Variable types: 1599 continuous, 3616 integer (419 binary)

Root simplex log...

Iteration    Objective       Primal Inf.    Dual Inf.      Time
       0    0.0000000e+00   5.433682e+03   0.000000e+00     11s
     420    0.0000000e+00   0.000000e+00   0.000000e+00     11s

Root relaxation: objective 0.000000e+00, 420 iterations, 0.44 seconds (0.07 work units)
Total elapsed time = 10.87s (DegenMoves)

    Nodes    |    Current Node    |     Objective Bounds      |     Work
 Expl Unexpl |  Obj  Depth IntInf | Incumbent    BestBd   Gap | It/Node Time

     0     0    0.00000    0  544          -    0.00000      -     -   14s
H    0     0                    7181316.1555    0.00000   100%     -   14s
     0     0    0.00000    0  416 7181316.16    0.00000   100%     -   15s
H    0     0                    7153828.9747    0.00000   100%     -   16s
     0     0    0.00000    0  416 7153828.97    0.00000   100%     -   17s
H    0     0                    7079354.7441    0.00000   100%     -   17s
     0     0    0.00000    0  416 7079354.74    0.00000   100%     -   18s
     0     0    0.00000    0  416 7079354.74    0.00000   100%     -   18s
     0     0    0.00000    0  416 7079354.74    0.00000   100%     -   19s
     0     0    0.00000    0  416 7079354.74    0.00000   100%     -   22s
     0     2    0.00000    0  416 7079354.74    0.00000   100%     -   28s
    15    19    0.00000    8  417 7079354.74    0.00000   100%   2.2   30s
    23    32    0.00000   13  419 7079354.74    0.00000   100%   3.7  195s
    31    59    0.00000   16  417 7079354.74    0.00000   100%   3.3  202s
    58   182    0.00000   29  414 7079354.74    0.00000   100%  16.0  218s
   181   255    0.00000   56  414 7079354.74    0.00000   100%   7.1  234s
   254   569    0.00000   92  414 7079354.74    0.00000   100%   5.9  268s
   568   744    0.00000  169  414 7079354.74    0.00000   100%   4.2  285s
   743   918    0.00000  216  415 7079354.74    0.00000   100%   3.9  303s
   917  1083    0.00000  258  417 7079354.74    0.00000   100%   3.7  321s
  1082  1224    0.00000  291  415 7079354.74    0.00000   100%   6.6  338s
  1223  1307    0.00000  320  414 7079354.74    0.00000   100%   8.0  349s
  1306  1435    0.00000  340  414 7079354.74    0.00000   100%   8.9  364s
  1434  1600    0.00000  370  414 7079354.74    0.00000   100%   8.3  381s
  1599  1761    0.00000  410  414 7079354.74    0.00000   100%   7.7  405s
H 1689  1761                    6976074.7528    0.00000   100%   8.8  405s
  1777  1837    0.00000  455  414 6976074.75    0.00000   100%   9.6  419s
  1857  1910    0.00000  470  414 6976074.75    0.00000   100%  11.4  431s
  1932  1973    0.00000  490  414 6976074.75    0.00000   100%  12.7  443s
  1997  2038    0.00000  510  414 6976074.75    0.00000   100%  14.2  454s
  2062  2123    0.00000  530  414 6976074.75    0.00000   100%  15.4  469s
  2147  2182    0.00000  550  414 6976074.75    0.00000   100%  17.0  488s
  2233  2226    0.00000  586  418 6976074.75    0.00000   100%  19.6  506s
  2348  2266 infeasible  626      6976074.75    0.00000   100%  24.0  518s
H 2349  2266                    6838612.7833    0.00000   100%  24.0  518s
  2470  2288    0.00000  660  424 6838612.78    0.00000   100%  27.7  532s
  2584  2325    0.00000  696  426 6838612.78    0.00000   100%  34.5  547s
  2707  2340    0.00000  732  427 6838612.78    0.00000   100%  39.9  562s
  2758  2412    0.00000  752  431 6838612.78    0.00000   100%  42.5  583s
  2890  2505    0.00000  773  432 6838612.78    0.00000   100%  47.4  611s
H 2914  2505                    6779745.5666    0.00000   100%  47.9  611s
H 2992  2743                    6569884.0043    0.00000   100%  46.9  650s
H 3017  2743                    6305521.5807    0.00000   100%  47.1  650s
  3239  2988    0.00000  812  454 6305521.58    0.00000   100%  44.1  690s
H 3497  3233                    4357153.3058    0.00000   100%  41.6  730s
H 3758  3232                    3821832.6147    0.00000   100%  39.8  739s
  3759  3233    0.00000  116 1407 3821832.61    0.00000   100%  39.8  771s
H 3760  3072                    3821832.4221    0.00000   100%  39.8  780s
  3762  3073    0.00000  107  207 3821832.42    0.00000   100%  39.8  788s
  3763  3074    0.00000   73  166 3821832.42    0.00000   100%  39.8  796s
  3764  3074    0.00000   13   56 3821832.42    0.00000   100%  39.8  810s
  3765  3075    0.00000  561  162 3821832.42    0.00000   100%  39.7  817s
  3766  3076    0.00000  475  110 3821832.42    0.00000   100%  39.7  839s
  3767  3076    0.00000  503  216 3821832.42    0.00000   100%  39.7  848s
  3768  3077    0.00000  363   66 3821832.42    0.00000   100%  39.7  862s
  3769  3078    0.00000  270  228 3821832.42    0.00000   100%  39.7  868s
  3770  3078    0.00000  361  185 3821832.42    0.00000   100%  39.7  886s
  3771  3079    0.00000  234  185 3821832.42    0.00000   100%  39.7  893s
  3772  3080    0.00000  377  179 3821832.42    0.00000   100%  39.7  908s
  3773  3080    0.00000   54  244 3821832.42    0.00000   100%  39.7  916s
  3774  3081    0.00000  186  190 3821832.42    0.00000   100%  39.7  925s
  3775  3082    0.00000   60    3 3821832.42    0.00000   100%  39.6  943s
  3776  3082    0.00000  102    3 3821832.42    0.00000   100%  39.6  983s
  3777  3086    0.00000   10  425 3821832.42    0.00000   100%  43.4  988s
  3779  3087    0.00000   11  421 3821832.42    0.00000   100%  43.4  991s
  3783  3090    0.00000   12  427 3821832.42    0.00000   100%  43.3  995s
  3787  3093    0.00000   13  427 3821832.42    0.00000   100%  43.3 1000s
  3793  3097    0.00000   14  421 3821832.42    0.00000   100%  43.2 1007s
  3797  3103    0.00000   15  427 3821832.42    0.00000   100%  43.2 1017s
H 3803  2954                    3821832.4098    0.00000   100%  43.1 1028s
  3811  2968    0.00000   19  421 3821832.41    0.00000   100%  43.1 1049s
  3829  3000    0.00000   23  422 3821832.41    0.00000   100%  42.9 1094s
  3868  3070    0.00000   33  406 3821832.41    0.00000   100%  42.5 1164s
  3951  3149    0.00000   55  403 3821832.41    0.00000   100%  41.7 1254s
  4059  3225    0.00000   83  407 3821832.41    0.00000   100%  40.8 1358s
  4171  3301    0.00000  112  403 3821832.41    0.00000   100%  39.9 1483s
  4284  3392    0.00000  140  418 3821832.41    0.00000   100%  39.0 1611s
  4418  3478    0.00000  174  406 3821832.41    0.00000   100%  38.6 1750s
  4549  3557    0.00000  209  406 3821832.41    0.00000   100%  37.8 1851s
  4693  3632    0.00000  248  414 3821832.41    0.00000   100%  38.2 1979s
  4834  3699    0.00000  281  410 3821832.41    0.00000   100%  38.4 2109s
  4959  3758    0.00000  309  419 3821832.41    0.00000   100%  38.6 2248s
  5074  3844    0.00000  336  407 3821832.41    0.00000   100%  38.9 2402s
  5224  3920    0.00000  380  405 3821832.41    0.00000   100%  40.0 2536s
  5377  4008    0.00000  425  412 3821832.41    0.00000   100%  41.7 2684s
  5565  4129    0.00000  489  413 3821832.41    0.00000   100%  41.7 2815s
  5783  4249    0.00000  544  398 3821832.41    0.00000   100%  41.6 2968s
  5988  4400    0.00000  589  402 3821832.41    0.00000   100%  41.2 3108s
  6222  4527 9797.17276  651  396 3821832.41    0.00000   100%  40.6 3260s
  6457  4657 10120.5373  711  396 3821832.41    0.00000   100%  39.2 3424s
  6697  4787 10816.5974  774  395 3821832.41    0.00000   100%  37.9 3587s
  6940  4711 11166.9544  840  395 3821832.41    0.00000   100%  36.6 3600s

Cutting planes:
  Gomory: 1
  Implied bound: 3
  MIR: 347
  Relax-and-lift: 2

Explored 6946 nodes (255092 simplex iterations) in 3600.18 seconds (1684.50 work units)
Thread count was 2 (of 24 available processors)

Solution count 10: 3.82183e+06 3.82183e+06 4.35715e+06 ... 7.15383e+06

Time limit reached
Best objective 3.821832409767e+06, best bound 0.000000000000e+00, gap 100.0000%
