
Gurobi 11.0.3 (linux64, Java) logging started seg 25 nov 2024 06:07:11 -03

Set parameter Username
Academic license - for non-commercial use only - expires 2025-10-10
Set parameter NonConvex to value 2
Set parameter TimeLimit to value 3600
Set parameter LogToConsole to value 0
Set parameter MIPGap to value 1.7445418436480762e-08
Set parameter Threads to value 2
Set parameter NodefileDir to value "/home/ps12398/experiment_hosp/goalProgrammingMarcos/"
Set parameter NodefileStart to value 1
Gurobi Optimizer version 11.0.3 build v11.0.3rc0 (linux64)

CPU model: Intel(R) Xeon(R) CPU           X5650  @ 2.67GHz, instruction set [SSE2]
Thread count: 12 physical cores, 24 logical processors, using up to 2 threads

Optimize a model with 519984 rows, 349038 columns and 2312304 nonzeros
Model fingerprint: 0x2504c81b
Model has 422 quadratic constraints
Variable types: 174312 continuous, 174726 integer (417 binary)
Coefficient statistics:
  Matrix range     [2e-03, 1e+07]
  QMatrix range    [2e-03, 2e+05]
  QLMatrix range   [1e+00, 2e+05]
  Objective range  [1e+00, 1e+08]
  Bounds range     [1e+00, 1e+08]
  RHS range        [1e+00, 7e+06]
  QRHS range       [2e-01, 2e-01]
Presolve removed 516050 rows and 344926 columns
Presolve time: 2.04s
Presolved: 7588 rows, 5215 columns, 1044660 nonzeros
Presolved model has 2 SOS constraint(s)
Presolved model has 417 bilinear constraint(s)

Solving non-convex MIQCP

Variable types: 1599 continuous, 3616 integer (419 binary)

Root simplex log...

Iteration    Objective       Primal Inf.    Dual Inf.      Time
       0    0.0000000e+00   8.552979e+03   0.000000e+00      8s
     943    0.0000000e+00   0.000000e+00   0.000000e+00      9s

Root relaxation: objective 0.000000e+00, 943 iterations, 0.72 seconds (0.18 work units)
Total elapsed time = 8.74s (DegenMoves)
Total elapsed time = 11.05s (DegenMoves)

    Nodes    |    Current Node    |     Objective Bounds      |     Work
 Expl Unexpl |  Obj  Depth IntInf | Incumbent    BestBd   Gap | It/Node Time

     0     0    0.00000    0  316          -    0.00000      -     -   11s
     0     0    0.00000    0  229          -    0.00000      -     -   13s
     0     0    0.00000    0  118          -    0.00000      -     -   14s
     0     0    0.00000    0  173          -    0.00000      -     -   17s
     0     0    0.00000    0  162          -    0.00000      -     -   18s
     0     0    0.00000    0  151          -    0.00000      -     -   26s
     0     0    0.00000    0  146          -    0.00000      -     -   27s
     0     0    0.00000    0  132          -    0.00000      -     -   30s
     0     0    0.00000    0  140          -    0.00000      -     -   30s
     0     0    0.00000    0  137          -    0.00000      -     -   34s
     0     0    0.00000    0  135          -    0.00000      -     -   35s
     0     0    0.00000    0  131          -    0.00000      -     -   38s
     0     0    0.00000    0  130          -    0.00000      -     -   39s
     0     0    0.00000    0  130          -    0.00000      -     -   41s
     0     0    0.00000    0  130          -    0.00000      -     -   50s
H    0     0                    1819386.6213    0.00000   100%     -   64s
H    0     0                    1680033.8337    0.00000   100%     -   65s
     0     2    0.00000    0  130 1680033.83    0.00000   100%     -   68s
     5     8    0.00000    3  127 1680033.83    0.00000   100%   357   70s
    19    34    0.00000    8  125 1680033.83    0.00000   100%   203   75s
    49    80    0.00000   22  125 1680033.83    0.00000   100%   108   81s
    98   129    0.00000   47  123 1680033.83    0.00000   100%  59.2   86s
H  130   156                    1672549.6825    0.00000   100%  45.3   88s
   157   180    0.00000   75  123 1672549.68    0.00000   100%  38.2   92s
H  180   180                    1666962.9217    0.00000   100%  34.6   92s
   183   209    0.00000   85  124 1666962.92    0.00000   100%  34.1   95s
   222   242    0.00000   99  117 1666962.92    0.00000   100%  34.2  101s
   264   298    0.00000  115  120 1666962.92    0.00000   100%  38.0  107s
   301   334    0.00000  131  118 1666962.92    0.00000   100%  34.4  110s
H  310   334                    1666910.2165    0.00000   100%  33.9  110s
H  379   409                    1656790.8007    0.00000   100%  28.1  117s
   412   454    0.00000  196  118 1656790.80    0.00000   100%  26.7  121s
   457   481    0.00000  216  118 1656790.80    0.00000   100%  24.5  126s
   484   522    0.00000  229  112 1656790.80    0.00000   100%  24.1  133s
   525   563    0.00000  242  115 1656790.80    0.00000   100%  23.3  141s
H  565   563                    1646197.0374    0.00000   100%  22.6  141s
   566   611 20115.0307  260  444 1646197.04    0.00000   100%  22.5  147s
H  593   611                    1646144.3321    0.00000   100%  22.0  147s
   614   635 193762.516  274  440 1646144.33    0.00000   100%  21.7  152s
   638   646 194912.186  275  437 1646144.33    0.00000   100%  21.2  159s
H  642   646                    310117.92815    0.00000   100%  21.1  159s
   649   690 197381.176  280  437 310117.928    0.00000   100%  21.0  165s
   693   694 287308.870  297  434 310117.928    0.00000   100%  20.3  172s
   706   717 305104.870  308  435 310117.928    0.00000   100%  20.1  184s
H  732   712                    298398.44266    0.00000   100%  19.6  184s
   760   774     cutoff  330      298398.443    0.00000   100%  19.4  193s
H  761   768                    281111.10744    0.00000   100%  19.4  193s
   828   721    0.00000   13  190 281111.107    0.00000   100%  22.1  198s
   852   756    0.00000   26  147 281111.107    0.00000   100%  27.2  205s
H  888   711                    161392.23532    0.00000   100%  29.6  209s
   889   712    0.00000   13 1407 161392.235    0.00000   100%  29.5  233s
   891   713    0.00000   68  308 161392.235    0.00000   100%  29.5  240s
   892   714    0.00000    6  129 161392.235    0.00000   100%  29.4  246s
   893   715 27670.2774   46   92 161392.235    0.00000   100%  29.4  250s
   894   715    0.00000   15   68 161392.235    0.00000   100%  29.4  256s
   896   717    0.00000   41   35 161392.235    0.00000   100%  29.3  263s
   897   717    0.00000   21   60 161392.235    0.00000   100%  29.3  265s
   898   718 4405.18359  255   62 161392.235    0.00000   100%  29.2  273s
   899   719    0.00000  178   73 161392.235    0.00000   100%  29.2  275s
H  899   682                    45419.282727    0.00000   100%  29.2  285s
   902   684    0.00000  207   42 45419.2827    0.00000   100%  29.1  293s
   903   684    0.00000   18   64 45419.2827    0.00000   100%  29.1  296s
H  903   650                       0.0000000    0.00000  0.00%  29.1  305s

Cutting planes:
  Gomory: 19
  Implied bound: 16
  MIR: 330
  StrongCG: 37
  Flow cover: 8
  Zero half: 1
  RLT: 10

Explored 903 nodes (64052 simplex iterations) in 305.43 seconds (178.75 work units)
Thread count was 2 (of 24 available processors)

Solution count 10: 0 45419.3 161392 ... 1.66691e+06

Optimal solution found (tolerance 1.74e-08)
Best objective 0.000000000000e+00, best bound 0.000000000000e+00, gap 0.0000%
