
Gurobi 11.0.3 (linux64, Java) logging started seg 25 nov 2024 10:02:02 -03

Set parameter Username
Academic license - for non-commercial use only - expires 2025-10-10
Set parameter NonConvex to value 2
Set parameter TimeLimit to value 3600
Set parameter LogToConsole to value 0
Set parameter MIPGap to value 1.7445418436480762e-08
Set parameter Threads to value 2
Set parameter NodefileDir to value "/home/ps12398/experiment_hosp/goalProgrammingMarcos/"
Set parameter NodefileStart to value 1
Gurobi Optimizer version 11.0.3 build v11.0.3rc0 (linux64)

CPU model: Intel(R) Xeon(R) CPU           X5650  @ 2.67GHz, instruction set [SSE2]
Thread count: 12 physical cores, 24 logical processors, using up to 2 threads

Optimize a model with 519984 rows, 349038 columns and 2312304 nonzeros
Model fingerprint: 0x6d268e5d
Model has 422 quadratic constraints
Variable types: 174312 continuous, 174726 integer (417 binary)
Coefficient statistics:
  Matrix range     [2e-03, 1e+07]
  QMatrix range    [2e-03, 2e+05]
  QLMatrix range   [1e+00, 2e+05]
  Objective range  [1e+00, 1e+08]
  Bounds range     [1e+00, 1e+08]
  RHS range        [1e+00, 1e+07]
  QRHS range       [2e-01, 2e-01]
Presolve removed 516050 rows and 344926 columns
Presolve time: 3.66s
Presolved: 7588 rows, 5215 columns, 1044660 nonzeros
Presolved model has 2 SOS constraint(s)
Presolved model has 417 bilinear constraint(s)

Solving non-convex MIQCP

Variable types: 1599 continuous, 3616 integer (419 binary)

Root simplex log...

Iteration    Objective       Primal Inf.    Dual Inf.      Time
       0    0.0000000e+00   8.163073e+03   0.000000e+00     10s
     672    0.0000000e+00   0.000000e+00   0.000000e+00     10s

Root relaxation: objective 0.000000e+00, 672 iterations, 0.34 seconds (0.09 work units)
Total elapsed time = 10.37s (DegenMoves)

    Nodes    |    Current Node    |     Objective Bounds      |     Work
 Expl Unexpl |  Obj  Depth IntInf | Incumbent    BestBd   Gap | It/Node Time

     0     0    0.00000    0  729          -    0.00000      -     -   11s
     0     0    0.00000    0  572          -    0.00000      -     -   13s
     0     0    0.00000    0  528          -    0.00000      -     -   14s
     0     0    0.00000    0  456          -    0.00000      -     -   18s
     0     0    0.00000    0  455          -    0.00000      -     -   19s
     0     0    0.00000    0  447          -    0.00000      -     -   23s
     0     0    0.00000    0  447          -    0.00000      -     -   24s
     0     0    0.00000    0  447          -    0.00000      -     -   26s
     0     0    0.00000    0  447          -    0.00000      -     -   28s
     0     0    0.00000    0  447          -    0.00000      -     -   30s
     0     0    0.00000    0  446          -    0.00000      -     -   35s
H    0     0                    1413924.8230    0.00000   100%     -   45s
H    0     0                    854774.39815    0.00000   100%     -   46s
H    0     0                    854405.46112    0.00000   100%     -   46s
     0     2    0.00000    0  443 854405.461    0.00000   100%     -   50s
    21    33    0.00000    7  456 854405.461    0.00000   100%   110   55s
H   26    33                    854352.75583    0.00000   100%  92.4   55s
    63   119    0.00000   24  449 854352.756    0.00000   100%  70.7   66s
H  118   228                    834324.74552    0.00000   100%  53.8   80s
   228   331    0.00000   93  448 834324.746    0.00000   100%  57.7   95s
H  281   331                    64300.454171    0.00000   100%  61.8   95s
H  333   468                    64247.748881    0.00000   100%  58.4  109s
   470   530    0.00000  193  424 64247.7489    0.00000   100%  59.2  286s
   533   688    0.00000  232  423 64247.7489    0.00000   100%  59.4  305s
H  691   970                    64195.043591    0.00000   100%  65.7  330s
H  881   404                       0.0000000    0.00000  0.00%  60.9  330s

Cutting planes:
  Gomory: 16
  Implied bound: 1
  MIR: 313
  StrongCG: 17
  RLT: 4
  Relax-and-lift: 1

Explored 973 nodes (59337 simplex iterations) in 330.73 seconds (139.97 work units)
Thread count was 2 (of 24 available processors)

Solution count 9: 0 64195 64247.7 ... 1.41392e+06

Optimal solution found (tolerance 1.74e-08)
Best objective 0.000000000000e+00, best bound 0.000000000000e+00, gap 0.0000%
