
Gurobi 11.0.3 (linux64, Java) logging started ter 26 nov 2024 22:39:16 -03

Set parameter Username
Academic license - for non-commercial use only - expires 2025-10-10
Set parameter NonConvex to value 2
Set parameter TimeLimit to value 3600
Set parameter LogToConsole to value 0
Set parameter MIPGap to value 1.7445418436480762e-08
Set parameter Threads to value 2
Set parameter NodefileDir to value "/home/ps12398/experiment_hosp/goalProgrammingMarcos/"
Set parameter NodefileStart to value 1
Gurobi Optimizer version 11.0.3 build v11.0.3rc0 (linux64)

CPU model: Intel(R) Xeon(R) CPU           X5650  @ 2.67GHz, instruction set [SSE2]
Thread count: 12 physical cores, 24 logical processors, using up to 2 threads

Optimize a model with 519984 rows, 349038 columns and 2312304 nonzeros
Model fingerprint: 0xd76162e7
Model has 422 quadratic constraints
Variable types: 174312 continuous, 174726 integer (417 binary)
Coefficient statistics:
  Matrix range     [2e-03, 1e+07]
  QMatrix range    [2e-03, 2e+05]
  QLMatrix range   [1e+00, 2e+05]
  Objective range  [1e+00, 1e+08]
  Bounds range     [1e+00, 1e+08]
  RHS range        [1e+00, 5e+06]
  QRHS range       [8e-02, 8e-02]
Presolve removed 516050 rows and 344926 columns
Presolve time: 2.19s
Presolved: 7588 rows, 5215 columns, 1044660 nonzeros
Presolved model has 2 SOS constraint(s)
Presolved model has 417 bilinear constraint(s)

Solving non-convex MIQCP

Variable types: 1599 continuous, 3616 integer (419 binary)

Root simplex log...

Iteration    Objective       Primal Inf.    Dual Inf.      Time
       0    0.0000000e+00   5.823515e+03   0.000000e+00      7s
     487    0.0000000e+00   0.000000e+00   0.000000e+00      7s

Root relaxation: objective 0.000000e+00, 487 iterations, 0.28 seconds (0.09 work units)
Total elapsed time = 7.04s (DegenMoves)

    Nodes    |    Current Node    |     Objective Bounds      |     Work
 Expl Unexpl |  Obj  Depth IntInf | Incumbent    BestBd   Gap | It/Node Time

     0     0    0.00000    0  592          -    0.00000      -     -    8s
     0     0    0.00000    0  934          -    0.00000      -     -   12s
     0     0    0.00000    0  930          -    0.00000      -     -   13s
     0     0    0.00000    0  702          -    0.00000      -     -   24s
     0     0    0.00000    0  706          -    0.00000      -     -   25s
     0     0    0.00000    0  871          -    0.00000      -     -   32s
     0     0    0.00000    0  826          -    0.00000      -     -   34s
     0     0    0.00000    0  853          -    0.00000      -     -   45s
     0     0    0.00000    0  636          -    0.00000      -     -   63s
H    0     0                    1.865661e+07    0.00000   100%     -   78s
     0     2    0.00000    0  505 1.8657e+07    0.00000   100%     -   90s
     5     8    0.00000    2  853 1.8657e+07    0.00000   100%   758   97s
     7    10    0.00000    3  863 1.8657e+07    0.00000   100%   669  100s
    19    35    0.00000    8  673 1.8657e+07    0.00000   100%   354  105s
    34    76    0.00000   12  652 1.8657e+07    0.00000   100%   218  111s
    75   164    0.00000   26  614 1.8657e+07    0.00000   100%   124  124s
   163   280    0.00000   55  647 1.8657e+07    0.00000   100%  84.0  144s
   279   428    0.00000  104  584 1.8657e+07    0.00000   100%  78.5  162s
   427   599    0.00000  171  592 1.8657e+07    0.00000   100%  71.2  184s
   598   799    0.00000  228  520 1.8657e+07    0.00000   100%  66.4  206s
   798  1010    0.00000  288  476 1.8657e+07    0.00000   100%  57.2  388s
  1009  1012    0.00000  387  417 1.8657e+07    0.00000   100%  46.1  461s
  1011  1367    0.00000  387  428 1.8657e+07    0.00000   100%  46.1  496s
H 1071  1367                    1.045184e+07    0.00000   100%  44.6  496s
H 1168  1367                    9315298.7813    0.00000   100%  41.8  496s
  1372  1770    0.00000  543  430 9315298.78    0.00000   100%  40.7  531s
H 1459  1770                    8666252.4970    0.00000   100%  39.2  531s
H 1556  1770                    8021601.1517    0.00000   100%  37.6  531s
H 1780  2113                    8021601.1505    0.00000   100%  34.7  563s
H 1847  2113                    7127404.4427    0.00000   100%  34.2  563s
H 2128  2446                    7127402.9497    0.00000   100%  31.4  586s
H 2138  2446                    6769866.6100    0.00000   100%  31.4  586s
  2464  2628 44949.7747  919  427 6769866.61    0.00000   100%  29.1  609s
  2647  3006 117782.376  937  429 6769866.61    0.00000   100%  28.5  632s
  3032  3324 266228.204 1070  417 6769866.61    0.00000   100%  26.8  655s
H 3232  3324                    6044794.5208    0.00000   100%  27.0  655s
  3351  3649 363283.627 1170  433 6044794.52    0.00000   100%  26.5  681s
H 3584  3649                    5737812.8099    0.00000   100%  25.6  681s
  3677  3650    0.00000  789 1407 5737812.81    0.00000   100%  25.2  725s
H 3678  3468                    5737812.6489    0.00000   100%  25.2  745s
  3680  3469    0.00000  742  385 5737812.65    0.00000   100%  25.2  760s
  3681  3470    0.00000  575  420 5737812.65    0.00000   100%  25.2  775s
  3682  3470    0.00000  238  446 5737812.65    0.00000   100%  25.2  797s
  3683  3471 192017.610 1021  396 5737812.65    0.00000   100%  25.2  809s
  3684  3472    0.00000  305  297 5737812.65    0.00000   100%  25.2  841s
  3685  3472    0.00000 1002  289 5737812.65    0.00000   100%  25.2  854s
  3686  3473    0.00000  108  318 5737812.65    0.00000   100%  25.2  885s
  3687  3474    0.00000  777  320 5737812.65    0.00000   100%  25.2  903s
  3688  3474    0.00000  508  305 5737812.65    0.00000   100%  25.2  923s
  3689  3475    0.00000  236  257 5737812.65    0.00000   100%  25.2  936s
  3690  3476 373267.784 1190  322 5737812.65    0.00000   100%  25.1  958s
  3691  3476    0.00000  657  286 5737812.65    0.00000   100%  25.1  985s
  3692  3477    0.00000  328  286 5737812.65    0.00000   100%  25.1 1000s
  3693  3481    0.00000   15  683 5737812.65    0.00000   100%  31.7 1018s
  3695  3482    0.00000   16  681 5737812.65    0.00000   100%  31.7 1021s
  3697  3483    0.00000   16  681 5737812.65    0.00000   100%  31.7 1027s
  3699  3485    0.00000   17  679 5737812.65    0.00000   100%  31.7 1030s
  3703  3487    0.00000   18  677 5737812.65    0.00000   100%  31.6 1037s
  3705  3489    0.00000   18  675 5737812.65    0.00000   100%  31.6 1042s
  3707  3490    0.00000   19  673 5737812.65    0.00000   100%  31.6 1046s
  3711  3493    0.00000   20  656 5737812.65    0.00000   100%  31.6 1050s
  3713  3500    0.00000   20  630 5737812.65    0.00000   100%  31.6 1058s
H 3721  3342                    5737812.5566    0.00000   100%  31.6 1077s
  3740  3372    0.00000   27  614 5737812.56    0.00000   100%  31.5 1120s
  3776  3411    0.00000   36  584 5737812.56    0.00000   100%  31.2 1196s
  3828  3482    0.00000   49  560 5737812.56    0.00000   100%  32.1 1325s
  3922  3544    0.00000   72  557 5737812.56    0.00000   100%  33.5 1426s
  4017  3647    0.00000   95  554 5737812.56    0.00000   100%  34.0 1574s
  4151  3734    0.00000  121  590 5737812.56    0.00000   100%  34.4 1720s
  4283  3829    0.00000  147  558 5737812.56    0.00000   100%  34.5 1892s
  4422  3901    0.00000  171  544 5737812.56    0.00000   100%  36.3 2037s
  4540  4011    0.00000  195  550 5737812.56    0.00000   100%  38.2 2166s
  4690  4155    0.00000  222  533 5737812.56    0.00000   100%  39.0 2296s
  4884  4546    0.00000  258  511 5737812.56    0.00000   100%  39.3 2429s
  5339  5198    0.00000  306  481 5737812.56    0.00000   100%  38.6 2503s
  6149  5805    0.00000  508  412 5737812.56    0.00000   100%  35.5 2593s
H 6992  5358                    1596874.2174    0.00000   100%  31.8 2593s
  7090  6222    0.00000  762  412 1596874.22    0.00000   100%  31.7 2679s
H 8091  6562                    1596874.0675    0.00000   100%  28.0 2762s
H 8541  6263                    1089492.2197    0.00000   100%  26.8 2762s
  8997  6794    0.00000 1270  415 1089492.22    0.00000   100%  25.6 2831s
H 9317  6545                    1061212.7267    0.00000   100%  24.8 2831s
  9737  7043    0.00000 1430  413 1061212.73    0.00000   100%  23.8 2902s
 10440  7378    0.00000 1604  414 1061212.73    0.00000   100%  22.4 2960s
 11066  7737    0.00000 1755  415 1061212.73    0.00000   100%  21.2 3009s
H11378  7506                    1017063.7438    0.00000   100%  20.7 3009s
 11692  8001    0.00000 1911  413 1017063.74    0.00000   100%  20.2 3058s
H11963  8001                    1016801.5186    0.00000   100%  19.9 3058s
H12238  8514                    1016801.5033    0.00000   100%  19.5 3108s
 12804  8945    0.00000 2188  414 1016801.50    0.00000   100%  18.7 3163s
 13279  9395    0.00000 2306  415 1016801.50    0.00000   100%  18.2 3204s
 13776  9780    0.00000 2429  416 1016801.50    0.00000   100%  17.6 3248s
 14182 10210    0.00000 2529  418 1016801.50    0.00000   100%  17.2 3284s
 14634 10633    0.00000 2628  414 1016801.50    0.00000   100%  16.8 3326s
H14847 10633                    971981.63395    0.00000   100%  16.6 3326s
 15093 11084    0.00000 2738  413 971981.634    0.00000   100%  16.4 3372s
 15548 11478    0.00000 2847  414 971981.634    0.00000   100%  15.9 3421s
 15957 11852    0.00000 2938  412 971981.634    0.00000   100%  15.7 3465s
 16355 12389    0.00000 3035  411 971981.634    0.00000   100%  15.4 3523s
H16892 12834                    971885.32507    0.00000   100%  15.0 3570s
H17337 13169                    887188.84172    0.00000   100%  14.7 3600s

Cutting planes:
  Gomory: 2
  Implied bound: 6
  MIR: 273
  StrongCG: 6
  Flow cover: 4
  Zero half: 27
  RLT: 70

Explored 17672 nodes (266308 simplex iterations) in 3600.21 seconds (1571.45 work units)
Thread count was 2 (of 24 available processors)

Solution count 10: 887189 971885 971982 ... 5.73781e+06

Time limit reached
Best objective 8.871888417238e+05, best bound 0.000000000000e+00, gap 100.0000%
