
Gurobi 11.0.3 (linux64, Java) logging started seg 25 nov 2024 14:35:09 -03

Set parameter Username
Academic license - for non-commercial use only - expires 2025-10-10
Set parameter NonConvex to value 2
Set parameter TimeLimit to value 3600
Set parameter LogToConsole to value 0
Set parameter MIPGap to value 1.7445418436480762e-08
Set parameter Threads to value 2
Set parameter NodefileDir to value "/home/ps12398/experiment_hosp/goalProgrammingMarcos/"
Set parameter NodefileStart to value 1
Gurobi Optimizer version 11.0.3 build v11.0.3rc0 (linux64)

CPU model: Intel(R) Xeon(R) CPU           X5650  @ 2.67GHz, instruction set [SSE2]
Thread count: 12 physical cores, 24 logical processors, using up to 2 threads

Optimize a model with 519984 rows, 349038 columns and 2312304 nonzeros
Model fingerprint: 0x551da633
Model has 422 quadratic constraints
Variable types: 174312 continuous, 174726 integer (417 binary)
Coefficient statistics:
  Matrix range     [2e-03, 1e+07]
  QMatrix range    [2e-03, 2e+05]
  QLMatrix range   [1e+00, 2e+05]
  Objective range  [1e+00, 1e+08]
  Bounds range     [1e+00, 1e+08]
  RHS range        [1e+00, 7e+06]
  QRHS range       [2e-01, 2e-01]
Presolve removed 516050 rows and 344926 columns
Presolve time: 1.80s
Presolved: 7588 rows, 5215 columns, 1044660 nonzeros
Presolved model has 2 SOS constraint(s)
Presolved model has 417 bilinear constraint(s)

Solving non-convex MIQCP

Variable types: 1599 continuous, 3616 integer (419 binary)

Root simplex log...

Iteration    Objective       Primal Inf.    Dual Inf.      Time
       0    0.0000000e+00   7.773219e+03   0.000000e+00      7s
     646    0.0000000e+00   0.000000e+00   0.000000e+00      7s

Root relaxation: objective 0.000000e+00, 646 iterations, 0.30 seconds (0.09 work units)
Total elapsed time = 7.08s (DegenMoves)

    Nodes    |    Current Node    |     Objective Bounds      |     Work
 Expl Unexpl |  Obj  Depth IntInf | Incumbent    BestBd   Gap | It/Node Time

     0     0    0.00000    0  707          -    0.00000      -     -    9s
     0     0    0.00000    0  524          -    0.00000      -     -   11s
     0     0    0.00000    0  481          -    0.00000      -     -   11s
     0     0    0.00000    0  455          -    0.00000      -     -   14s
     0     0    0.00000    0  460          -    0.00000      -     -   15s
     0     0    0.00000    0  447          -    0.00000      -     -   18s
     0     0    0.00000    0  450          -    0.00000      -     -   21s
     0     0    0.00000    0  450          -    0.00000      -     -   23s
     0     0    0.00000    0  450          -    0.00000      -     -   24s
     0     0    0.00000    0  450          -    0.00000      -     -   29s
H    0     0                    1012046.9844    0.00000   100%     -   40s
H    0     0                    951383.19528    0.00000   100%     -   40s
H    0     2                    951330.48999    0.00000   100%     -   43s
     0     2    0.00000    0  449 951330.490    0.00000   100%     -   43s
     9    12    0.00000    5  452 951330.490    0.00000   100%  47.9   45s
    31    51    0.00000   14  442 951330.490    0.00000   100%  62.4   50s
    50   101    0.00000   21  446 951330.490    0.00000   100%  52.3   56s
   100   238    0.00000   50  443 951330.490    0.00000   100%  36.1   75s
   237   317    0.00000  112  445 951330.490    0.00000   100%  20.8   88s
   316   390    0.00000  150  431 951330.490    0.00000   100%  28.1  249s
H  348   390                    951277.78470    0.00000   100%  26.1  249s
H  389   543                    951225.07941    0.00000   100%  27.0  272s
H  542   792                    936889.24046    0.00000   100%  28.9  310s
H  791  1020                    936836.53516    0.00000   100%  28.0  343s
H 1019   241                       0.0000000    0.00000  0.00%  25.2  366s

Cutting planes:
  Gomory: 9
  Implied bound: 1
  MIR: 309
  StrongCG: 8
  RLT: 3

Explored 1132 nodes (30464 simplex iterations) in 367.07 seconds (115.56 work units)
Thread count was 2 (of 24 available processors)

Solution count 8: 0 936837 936889 ... 1.01205e+06

Optimal solution found (tolerance 1.74e-08)
Best objective 0.000000000000e+00, best bound 0.000000000000e+00, gap 0.0000%
