
Gurobi 11.0.3 (linux64, Java) logging started qua 27 nov 2024 05:47:49 -03

Set parameter Username
Academic license - for non-commercial use only - expires 2025-10-10
Set parameter NonConvex to value 2
Set parameter TimeLimit to value 3600
Set parameter LogToConsole to value 0
Set parameter MIPGap to value 1.7445418436480762e-08
Set parameter Threads to value 2
Set parameter NodefileDir to value "/home/ps12398/experiment_hosp/goalProgrammingMarcos/"
Set parameter NodefileStart to value 1
Gurobi Optimizer version 11.0.3 build v11.0.3rc0 (linux64)

CPU model: Intel(R) Xeon(R) CPU           X5650  @ 2.67GHz, instruction set [SSE2]
Thread count: 12 physical cores, 24 logical processors, using up to 2 threads

Optimize a model with 519984 rows, 349038 columns and 2312304 nonzeros
Model fingerprint: 0x8246f1a6
Model has 422 quadratic constraints
Variable types: 174312 continuous, 174726 integer (417 binary)
Coefficient statistics:
  Matrix range     [2e-03, 1e+07]
  QMatrix range    [2e-03, 2e+05]
  QLMatrix range   [1e+00, 2e+05]
  Objective range  [1e+00, 1e+08]
  Bounds range     [1e+00, 1e+08]
  RHS range        [1e+00, 7e+06]
  QRHS range       [2e-01, 2e-01]
Presolve removed 516050 rows and 344926 columns
Presolve time: 1.82s
Presolved: 7588 rows, 5215 columns, 1044660 nonzeros
Presolved model has 2 SOS constraint(s)
Presolved model has 417 bilinear constraint(s)

Solving non-convex MIQCP

Variable types: 1599 continuous, 3616 integer (419 binary)

Root simplex log...

Iteration    Objective       Primal Inf.    Dual Inf.      Time
       0    0.0000000e+00   5.433682e+03   0.000000e+00      8s
     420    0.0000000e+00   0.000000e+00   0.000000e+00      8s

Root relaxation: objective 0.000000e+00, 420 iterations, 0.27 seconds (0.07 work units)
Total elapsed time = 7.82s (DegenMoves)
Total elapsed time = 10.33s (DegenMoves)

    Nodes    |    Current Node    |     Objective Bounds      |     Work
 Expl Unexpl |  Obj  Depth IntInf | Incumbent    BestBd   Gap | It/Node Time

     0     0    0.00000    0  544          -    0.00000      -     -   10s
H    0     0                    7181316.1555    0.00000   100%     -   10s
     0     0    0.00000    0  416 7181316.16    0.00000   100%     -   11s
H    0     0                    7153828.9747    0.00000   100%     -   12s
     0     0    0.00000    0  416 7153828.97    0.00000   100%     -   13s
H    0     0                    7079354.7441    0.00000   100%     -   13s
     0     0    0.00000    0  416 7079354.74    0.00000   100%     -   14s
     0     0    0.00000    0  416 7079354.74    0.00000   100%     -   14s
     0     0    0.00000    0  416 7079354.74    0.00000   100%     -   15s
     0     0    0.00000    0  416 7079354.74    0.00000   100%     -   21s
     0     2    0.00000    0  416 7079354.74    0.00000   100%     -   31s
    23    32    0.00000   13  419 7079354.74    0.00000   100%   3.7  189s
    31    59    0.00000   16  417 7079354.74    0.00000   100%   3.3  194s
    58   183    0.00000   29  414 7079354.74    0.00000   100%  16.1  207s
   182   257    0.00000   56  414 7079354.74    0.00000   100%   7.1  222s
   256   570    0.00000   93  414 7079354.74    0.00000   100%   5.9  252s
   569   745    0.00000  169  417 7079354.74    0.00000   100%   4.2  270s
   744   902    0.00000  216  414 7079354.74    0.00000   100%   3.9  290s
   901  1077    0.00000  252  414 7079354.74    0.00000   100%   3.7  314s
  1076  1219    0.00000  290  415 7079354.74    0.00000   100%   6.0  337s
  1218  1336    0.00000  320  414 7079354.74    0.00000   100%   9.0  353s
  1335  1514    0.00000  352  414 7079354.74    0.00000   100%   9.2  374s
  1513  1666    0.00000  393  414 7079354.74    0.00000   100%   8.3  396s
  1665  1804    0.00000  427  417 7079354.74    0.00000   100%  10.4  416s
  1813  1847    0.00000  460  414 7079354.74    0.00000   100%  10.9  429s
  1873  1879    0.00000  478  390 7079354.74    0.00000   100%  12.2  444s
  1918  1935    0.00000  490  414 7079354.74    0.00000   100%  13.4  457s
  1990  1977    0.00000  506  414 7079354.74    0.00000   100%  14.7  467s
  2047  2038    0.00000  521  414 7079354.74    0.00000   100%  15.8  481s
  2127  2091    0.00000  540  414 7079354.74    0.00000   100%  17.3  493s
  2198  2201    0.00000  559  317 7079354.74    0.00000   100%  18.5  511s
  2331  2371    0.00000  629  418 7079354.74    0.00000   100%  19.1  530s
  2514  2422    0.00000  761  431 7079354.74    0.00000   100%  18.6  543s
H 2526  2422                    7017828.2134    0.00000   100%  18.5  543s
  2571  2460    0.00000  798  442 7017828.21    0.00000   100%  19.4  557s
H 2573  2460                    6703794.7802    0.00000   100%  19.4  557s
  2610  2498    0.00000  811  446 6703794.78    0.00000   100%  19.7  572s
  2657  2533    0.00000  832  440 6703794.78    0.00000   100%  20.5  583s
  2705  2577    0.00000  850  347 6703794.78    0.00000   100%  22.5  597s
H 2720  2577                    4509593.3720    0.00000   100%  22.6  597s
  2764  2665    0.00000  879  363 4509593.37    0.00000   100%  24.6  615s
  2879  2798    0.00000  940  318 4509593.37    0.00000   100%  26.0  637s
H 2914  2798                    4179581.7586    0.00000   100%  26.1  637s
  3042  3061    0.00000 1046  319 4179581.76    0.00000   100%  27.4  664s
H 3323  3266                    3554568.7718    0.00000   100%  26.7  687s
H 3538  3372                    3554384.8170    0.00000   100%  26.3  705s
H 3583  3372                    3452855.5538    0.00000   100%  26.1  705s
  3646  3373    0.00000  326 1407 3452855.55    0.00000   100%  26.7  748s
  3648  3374    0.00000  759  120 3452855.55    0.00000   100%  26.7  758s
  3649  3375    0.00000  178  207 3452855.55    0.00000   100%  26.7  764s
  3650  3376    0.00000  652  163 3452855.55    0.00000   100%  26.7  770s
  3651  3376    0.00000   71  184 3452855.55    0.00000   100%  26.7  785s
  3652  3377    0.00000  441  172 3452855.55    0.00000   100%  26.7  791s
  3653  3378    0.00000  478  217 3452855.55    0.00000   100%  26.7  803s
  3654  3378    0.00000  359  191 3452855.55    0.00000   100%  26.7  807s
  3655  3379    0.00000  179  188 3452855.55    0.00000   100%  26.7  818s
  3656  3380    0.00000  329  160 3452855.55    0.00000   100%  26.7  823s
  3657  3380    0.00000  104   77 3452855.55    0.00000   100%  26.7  845s
  3659  3382    0.00000  334  132 3452855.55    0.00000   100%  26.6  858s
  3660  3382    0.00000  572  177 3452855.55    0.00000   100%  26.6  863s
  3661  3383    0.00000  576  193 3452855.55    0.00000   100%  26.6  875s
  3662  3384    0.00000  913  193 3452855.55    0.00000   100%  26.6  889s
  3663  3384    0.00000  636  193 3452855.55    0.00000   100%  26.6  934s
  3664  3388    0.00000   10  608 3452855.55    0.00000   100%  30.1  944s
  3666  3389    0.00000   11  607 3452855.55    0.00000   100%  30.1  946s
  3670  3392    0.00000   12  603 3452855.55    0.00000   100%  30.1  951s
  3674  3395    0.00000   13  603 3452855.55    0.00000   100%  30.1  955s
  3678  3397    0.00000   14  599 3452855.55    0.00000   100%  30.1  961s
  3682  3400    0.00000   15  583 3452855.55    0.00000   100%  30.0  965s
  3684  3407    0.00000   15  597 3452855.55    0.00000   100%  30.0  973s
  3692  3416    0.00000   17  578 3452855.55    0.00000   100%  30.0  985s
  3703  3439    0.00000   19  587 3452855.55    0.00000   100%  29.9 1018s
  3730  3486    0.00000   26  555 3452855.55    0.00000   100%  29.7 1068s
  3786  3609    0.00000   39  525 3452855.55    0.00000   100%  29.4 1193s
  3928  3681    0.00000   74  468 3452855.55    0.00000   100%  28.5 1298s
H 3987  3491                    3452653.9760    0.00000   100%  28.2 1298s
  4048  3595    0.00000  104  445 3452653.98    0.00000   100%  27.9 1378s
  4172  3687    0.00000  139  444 3452653.98    0.00000   100%  27.2 1482s
  4305  3785    0.00000  177  448 3452653.98    0.00000   100%  26.6 1573s
  4448  3866    0.00000  213  449 3452653.98    0.00000   100%  26.3 1645s
  4576  3973    0.00000  244  442 3452653.98    0.00000   100%  26.9 1722s
  4728  4104    0.00000  291  451 3452653.98    0.00000   100%  27.7 1801s
  4914  4242    0.00000  340  438 3452653.98    0.00000   100%  28.1 1912s
H 4985  4058                    3069090.6027    0.00000   100%  27.8 1912s
  5121  4249    0.00000  394  418 3069090.60    0.00000   100%  27.5 2022s
  5363  4416    0.00000  461  411 3069090.60    0.00000   100%  26.8 2143s
  5612  4504    0.00000  532  408 3069090.60    0.00000   100%  25.9 2274s
  5786  4719    0.00000  583  413 3069090.60    0.00000   100%  25.2 2397s
  6059  4944    0.00000  658  402 3069090.60    0.00000   100%  24.3 2538s
  6375  5220    0.00000  739  400 3069090.60    0.00000   100%  23.5 2656s
H 6629  4983                    2655183.5132    0.00000   100%  22.9 2656s
H 6726  4805                    2565509.1121    0.00000   100%  22.7 2656s
  7049  5996    0.00000  802  406 2565509.11    0.00000   100%  21.9 2832s
H 7861  5586                    2012185.0351    0.00000   100%  19.9 2832s
H 8893  6117                    2012184.3498    0.00000   100%  18.2 2967s
H 8973  5963                    1534429.6655    0.00000   100%  18.1 2967s
H 9122  5789                    1501310.8722    0.00000   100%  17.9 2967s
  9983  6260    0.00000 1522  403 1501310.87    0.00000   100%  16.7 3053s
H10690  6118                    1440020.6482    0.00000   100%  16.2 3053s
H10794  6662                    745517.24621    0.00000   100%  16.1 3129s
H11505   778                       0.0000000    0.00000  0.00%  15.8 3194s

Cutting planes:
  Gomory: 12
  Implied bound: 2
  MIR: 295
  StrongCG: 5
  Flow cover: 3

Explored 12245 nodes (192300 simplex iterations) in 3195.11 seconds (1407.67 work units)
Thread count was 2 (of 24 available processors)

Solution count 10: 0 745517 1.44002e+06 ... 3.45265e+06

Optimal solution found (tolerance 1.74e-08)
Best objective 0.000000000000e+00, best bound 0.000000000000e+00, gap 0.0000%
