
Gurobi 11.0.3 (linux64, Java) logging started ter 26 nov 2024 12:13:58 -03

Set parameter Username
Academic license - for non-commercial use only - expires 2025-10-10
Set parameter NonConvex to value 2
Set parameter TimeLimit to value 3600
Set parameter LogToConsole to value 0
Set parameter MIPGap to value 1.7445418436480762e-08
Set parameter Threads to value 2
Set parameter NodefileDir to value "/home/ps12398/experiment_hosp/goalProgrammingMarcos/"
Set parameter NodefileStart to value 1
Gurobi Optimizer version 11.0.3 build v11.0.3rc0 (linux64)

CPU model: Intel(R) Xeon(R) CPU           X5650  @ 2.67GHz, instruction set [SSE2]
Thread count: 12 physical cores, 24 logical processors, using up to 2 threads

Optimize a model with 519984 rows, 349038 columns and 2312304 nonzeros
Model fingerprint: 0x72f550be
Model has 422 quadratic constraints
Variable types: 174312 continuous, 174726 integer (417 binary)
Coefficient statistics:
  Matrix range     [2e-03, 1e+07]
  QMatrix range    [2e-03, 2e+05]
  QLMatrix range   [1e+00, 2e+05]
  Objective range  [1e+00, 1e+08]
  Bounds range     [1e+00, 1e+08]
  RHS range        [1e+00, 2e+07]
Presolve removed 516050 rows and 344926 columns
Presolve time: 2.77s
Presolved: 7588 rows, 5215 columns, 1044660 nonzeros
Presolved model has 2 SOS constraint(s)
Presolved model has 417 bilinear constraint(s)

Solving non-convex MIQCP

Variable types: 1599 continuous, 3616 integer (419 binary)

Root simplex log...

Iteration    Objective       Primal Inf.    Dual Inf.      Time
       0    0.0000000e+00   6.603250e+03   0.000000e+00      9s
     838    0.0000000e+00   0.000000e+00   0.000000e+00      9s

Root relaxation: objective 0.000000e+00, 838 iterations, 0.61 seconds (0.29 work units)
Total elapsed time = 9.27s (DegenMoves)
Total elapsed time = 11.91s (DegenMoves)

    Nodes    |    Current Node    |     Objective Bounds      |     Work
 Expl Unexpl |  Obj  Depth IntInf | Incumbent    BestBd   Gap | It/Node Time

     0     0    0.00000    0  800          -    0.00000      -     -   12s
     0     0    0.00000    0 1132          -    0.00000      -     -   17s
     0     0    0.00000    0 1129          -    0.00000      -     -   18s
     0     0    0.00000    0  781          -    0.00000      -     -   28s
     0     0    0.00000    0  787          -    0.00000      -     -   29s
     0     0    0.00000    0  812          -    0.00000      -     -   36s
     0     0    0.00000    0  861          -    0.00000      -     -   38s
     0     0    0.00000    0  861          -    0.00000      -     -   42s
     0     0    0.00000    0  861          -    0.00000      -     -   52s
H    0     0                    3.459332e+07    0.00000   100%     -   66s
     0     2    0.00000    0  861 3.4593e+07    0.00000   100%     -   72s
    11    14    0.00000    5  869 3.4593e+07    0.00000   100%  50.4   75s
H   30    34                    3.457449e+07    0.00000   100%  24.9   77s
    33    63    0.00000   12  866 3.4574e+07    0.00000   100%  23.1   81s
    62    92 4166.12859   26  886 3.4574e+07    0.00000   100%  38.0   88s
    91   167    0.00000   35  877 3.4574e+07    0.00000   100%  41.7  101s
H   99   167                    3.447113e+07    0.00000   100%  40.8  101s
   166   278    0.00000   51  864 3.4471e+07    0.00000   100%  53.4  114s
H  216   278                    3.446639e+07    0.00000   100%  59.4  114s
   277   354    0.00000   91  818 3.4466e+07    0.00000   100%  54.3  127s
   353   473    0.00000  100  804 3.4466e+07    0.00000   100%  64.3  145s
H  472   645                    3.446526e+07    0.00000   100%  69.6  162s
   644   813    0.00000  163  760 3.4465e+07    0.00000   100%  68.5  178s
   812  1001    0.00000  224  687 3.4465e+07    0.00000   100%  69.7  306s
  1000  1136    0.00000  280  650 3.4465e+07    0.00000   100%  68.2  345s
  1137  1502    0.00000  383  611 3.4465e+07    0.00000   100%  65.1  385s
H 1162  1502                    3.445519e+07    0.00000   100%  64.5  385s
  1503  1800 1885.73632  587  582 3.4455e+07    0.00000   100%  52.4  417s
  1801  2188 8990.36297  748  586 3.4455e+07    0.00000   100%  44.8  453s
  2189  2557 15872.6320  918  545 3.4455e+07    0.00000   100%  40.0  485s
H 2235  2557                    1.423575e+07    0.00000   100%  39.2  485s
H 2391  2557                    8517198.3499    0.00000   100%  37.3  485s
  2558  3025 24499.7125 1053  509 8517198.35    0.00000   100%  35.1  520s
H 3010  3025                    8460462.2948    0.00000   100%  31.3  520s
  3026  3460 32122.4777 1215  464 8460462.29    0.00000   100%  31.2  558s
  3461  3839 37321.4874 1340  459 8460462.29    0.00000   100%  29.4  591s
H 3594  3839                    8455009.1479    0.00000   100%  29.1  591s
  3841  3840 124378.820  206 1407 8455009.15    0.00000   100%  27.4  633s
H 3842  3648                    8455008.7314    0.00000   100%  27.4  655s
  3843  3648 1417.05024 1334  551 8455008.73    0.00000   100%  27.4  666s
  3844  3649 40650.5582 1144  411 8455008.73    0.00000   100%  27.4  676s
  3845  3650    0.00000  137  386 8455008.73    0.00000   100%  27.4  690s
  3846  3650 34381.8130 1255  344 8455008.73    0.00000   100%  27.4  707s
  3847  3651    0.00000  562  365 8455008.73    0.00000   100%  27.4  717s
  3848  3652 1212.68935  940  398 8455008.73    0.00000   100%  27.4  731s
  3849  3652  163.76589  678  414 8455008.73    0.00000   100%  27.4  740s
H 3849  3470                    8454565.8065    0.00000   100%  27.4  760s
  3851  3472    0.00000  362  340 8454565.81    0.00000   100%  27.4  768s
  3852  3472    0.00000  265  376 8454565.81    0.00000   100%  27.4  783s
  3853  3473    0.00000  126  377 8454565.81    0.00000   100%  27.4  791s
  3854  3474 1474.24512 1500  287 8454565.81    0.00000   100%  27.4  811s
  3855  3474  257.25074  771  302 8454565.81    0.00000   100%  27.3  817s
  3856  3475 1424.81183 1366  365 8454565.81    0.00000   100%  27.3  832s
  3857  3476    0.00000  229  263 8454565.81    0.00000   100%  27.3  847s
  3858  3476    0.00000  216  263 8454565.81    0.00000   100%  27.3  858s
H 3858  3304                    8454565.7914    0.00000   100%  33.1  865s
  3859  3306    0.00000   16  680 8454565.79    0.00000   100%  33.3  870s
  3869  3313    0.00000   19  677 8454565.79    0.00000   100%  33.3  875s
  3879  3319 54169.4985   21 1016 8454565.79    0.00000   100%  33.6  885s
  3889  3328    0.00000   24  679 8454565.79    0.00000   100%  34.0  894s
  3893  3353    0.00000   25  678 8454565.79    0.00000   100%  34.6  907s
  3919  3374 8066.26806   31  866 8454565.79    0.00000   100%  34.6  930s
  3949  3396    0.00000   39  670 8454565.79    0.00000   100%  36.9  952s
H 3976  3221                    8454180.2016    0.00000   100%  39.0  952s
  3981  3263    0.00000   47  702 8454180.20    0.00000   100%  40.1  985s
  4025  3452    0.00000   58  702 8454180.20    0.00000   100%  44.2 1067s
  4233  3487    0.00000  110  667 8454180.20    0.00000   100%  44.2 1126s
  4338  3651    0.00000  143  647 8454180.20    0.00000   100%  44.3 1191s
H 4443  3459                    8453856.8126    0.00000   100%  43.5 1191s
H 4537  3414                    8453856.2802    0.00000   100%  43.4 1265s
  4672  3552  529.90329  224  728 8453856.28    0.00000   100%  44.6 1345s
  4855  3669 38448.3998  279  734 8453856.28    0.00000   100%  44.5 1406s
  5033  3766 11300.8684  326  720 8453856.28    0.00000   100%  43.8 1482s
  5189  3871 16864.5978  370  709 8453856.28    0.00000   100%  43.6 1543s
  5346  4006 55959.3629  413  681 8453856.28    0.00000   100%  43.6 1617s
  5534  4162 24227.1520  465  667 8453856.28    0.00000   100%  42.7 1677s
  5752  4305 36030.4023  535  657 8453856.28    0.00000   100%  42.1 1749s
  5968  4414 44231.6149  597  630 8453856.28    0.00000   100%  41.1 1813s
  6149  4570 58669.3113  650  623 8453856.28    0.00000   100%  40.8 1894s
  6366  4722 71797.4307  716  602 8453856.28    0.00000   100%  40.3 1969s
  6592  4878 87293.6878  777  594 8453856.28    0.00000   100%  39.2 2047s
  6823  5039 103322.815  840  595 8453856.28    0.00000   100%  38.4 2131s
  7061  5190 126822.990  904  588 8453856.28    0.00000   100%  37.3 2214s
  7293  5246 138392.329  971  571 8453856.28    0.00000   100%  36.9 2311s
  7427  5364 138650.185  977  566 8453856.28    0.00000   100%  36.4 2381s
  7589  5580 189096.491 1010  576 8453856.28    0.00000   100%  36.3 2468s
  7859  5694 176584.855 1078  575 8453856.28    0.00000   100%  36.0 2565s
  8063  5832 189497.837 1118  567 8453856.28    0.00000   100%  37.7 2650s
  8269  6033 207529.745 1167  556 8453856.28    0.00000   100%  40.9 2770s
  8539  6236 278111.089 1232  596 8453856.28    0.00000   100%  41.3 2900s
  8832  6390 310641.104 1321  567 8453856.28    0.00000   100%  42.3 3030s
  9084  6596 303743.991 1379  579 8453856.28    0.00000   100%  44.6 3136s
  9374  6843 369167.154 1470  553 8453856.28    0.00000   100%  46.3 3295s
  9719  7056 360051.357 1563  512 8453856.28    0.00000   100%  45.0 3437s
 10047  7232 433317.385 1653  507 8453856.28    0.00000   100%  44.6 3558s
 10333  7219 419078.265 1726  491 8453856.28    0.00000   100%  46.1 3600s

Cutting planes:
  Gomory: 30
  Implied bound: 12
  MIR: 274
  StrongCG: 3
  Flow cover: 5
  Zero half: 4
  RLT: 36

Explored 10415 nodes (487446 simplex iterations) in 3600.43 seconds (1608.55 work units)
Thread count was 2 (of 24 available processors)

Solution count 10: 8.45386e+06 8.45418e+06 8.45457e+06 ... 3.44664e+07

Time limit reached
Best objective 8.453856280153e+06, best bound 0.000000000000e+00, gap 100.0000%
