
Gurobi 11.0.3 (linux64, Java) logging started qua 27 nov 2024 03:13:22 -03

Set parameter Username
Academic license - for non-commercial use only - expires 2025-10-10
Set parameter NonConvex to value 2
Set parameter TimeLimit to value 3600
Set parameter LogToConsole to value 0
Set parameter MIPGap to value 1.7445418436480762e-08
Set parameter Threads to value 2
Set parameter NodefileDir to value "/home/ps12398/experiment_hosp/goalProgrammingMarcos/"
Set parameter NodefileStart to value 1
Gurobi Optimizer version 11.0.3 build v11.0.3rc0 (linux64)

CPU model: Intel(R) Xeon(R) CPU           X5650  @ 2.67GHz, instruction set [SSE2]
Thread count: 12 physical cores, 24 logical processors, using up to 2 threads

Optimize a model with 519984 rows, 349038 columns and 2312304 nonzeros
Model fingerprint: 0x4cc028da
Model has 422 quadratic constraints
Variable types: 174312 continuous, 174726 integer (417 binary)
Coefficient statistics:
  Matrix range     [2e-03, 1e+07]
  QMatrix range    [2e-03, 2e+05]
  QLMatrix range   [1e+00, 2e+05]
  Objective range  [1e+00, 1e+08]
  Bounds range     [1e+00, 1e+08]
  RHS range        [1e+00, 7e+05]
  QRHS range       [8e-02, 8e-02]
Presolve removed 516050 rows and 344926 columns
Presolve time: 1.64s
Presolved: 7588 rows, 5215 columns, 1044660 nonzeros
Presolved model has 2 SOS constraint(s)
Presolved model has 417 bilinear constraint(s)

Solving non-convex MIQCP

Variable types: 1599 continuous, 3616 integer (419 binary)
Found heuristic solution: objective 3.619462e+07

Root simplex log...

Iteration    Objective       Primal Inf.    Dual Inf.      Time
       0    0.0000000e+00   5.433608e+03   0.000000e+00      7s
     473    0.0000000e+00   0.000000e+00   0.000000e+00      7s

Root relaxation: objective 0.000000e+00, 473 iterations, 0.42 seconds (0.15 work units)
Total elapsed time = 7.39s (DegenMoves)

    Nodes    |    Current Node    |     Objective Bounds      |     Work
 Expl Unexpl |  Obj  Depth IntInf | Incumbent    BestBd   Gap | It/Node Time

     0     0    0.00000    0  607 3.6195e+07    0.00000   100%     -    7s
H    0     0                    3.613485e+07    0.00000   100%     -    8s
     0     0    0.00000    0  517 3.6135e+07    0.00000   100%     -   10s
H    0     0                    1.746016e+07    0.00000   100%     -   10s
     0     0    0.00000    0  516 1.7460e+07    0.00000   100%     -   11s
     0     0    0.00000    0  843 1.7460e+07    0.00000   100%     -   16s
     0     0    0.00000    0  841 1.7460e+07    0.00000   100%     -   17s
     0     0    0.00000    0  764 1.7460e+07    0.00000   100%     -   22s
     0     0    0.00000    0  761 1.7460e+07    0.00000   100%     -   23s
     0     0    0.00000    0  627 1.7460e+07    0.00000   100%     -   27s
     0     0    0.00000    0  627 1.7460e+07    0.00000   100%     -   32s
     0     2    0.00000    0  627 1.7460e+07    0.00000   100%     -   42s
     3     6    0.00000    2  745 1.7460e+07    0.00000   100%   412   45s
    11    13    0.00000    5  693 1.7460e+07    0.00000   100%   290   50s
    34    56    0.00000   15  698 1.7460e+07    0.00000   100%   121   57s
    56   109    0.00000   26  696 1.7460e+07    0.00000   100%  76.0   65s
   109   207    0.00000   47  649 1.7460e+07    0.00000   100%  65.1   84s
   207   333    0.00000   90  690 1.7460e+07    0.00000   100%  57.0  103s
   333   482  714.48305  141  710 1.7460e+07    0.00000   100%  58.2  124s
   482   663 32189.3229  209  705 1.7460e+07    0.00000   100%  51.8  151s
   663   728 481216.932  274  634 1.7460e+07    0.00000   100%  42.9  171s
   728   926 802248.886  297  583 1.7460e+07    0.00000   100%  45.9  208s
   928  1164 916248.608  428  623 1.7460e+07    0.00000   100%  41.2  251s
  1166  1415 920249.403  616  617 1.7460e+07    0.00000   100%  35.4  290s
  1417  1721 1075667.23  778  596 1.7460e+07    0.00000   100%  31.9  321s
  1723  2076 1159293.24  956  580 1.7460e+07    0.00000   100%  27.7  350s
  2078  2405 1189778.26 1140  574 1.7460e+07    0.00000   100%  23.2  386s
  2407  2792 1305128.19 1269  575 1.7460e+07    0.00000   100%  20.5  417s
H 2794  2953                    1.727412e+07    0.00000   100%  17.9  447s
  2955  3246 1370116.35 1426  560 1.7274e+07    0.00000   100%  17.1  482s
H 2991  3246                    1.461715e+07    0.00000   100%  16.9  482s
H 3152  3246                    1.379348e+07    0.00000   100%  16.1  482s
H 3248  3649                    1.369714e+07    0.00000   100%  15.7  513s
  3652  3650 1189095.92 1111 1407 1.3697e+07    0.00000   100%  14.3  563s
H 3653  3468                    9407147.6547    0.00000   100%  14.2  578s
  3654  3468 915255.059  374  255 9407147.65    0.00000   100%  14.2  584s
  3655  3469 1305904.84 1284  262 9407147.65    0.00000   100%  14.2  589s
  3656  3470 892235.787  897  269 9407147.65    0.00000   100%  14.2  599s
  3657  3470 793125.645  458  341 9407147.65    0.00000   100%  14.2  613s
  3658  3471 1373501.70 1621  443 9407147.65    0.00000   100%  14.2  629s
  3659  3472 702498.856  291  286 9407147.65    0.00000   100%  14.2  650s
  3660  3472 1160788.36 1031  297 9407147.65    0.00000   100%  14.2  661s
  3661  3473 1371541.25 1487  197 9407147.65    0.00000   100%  14.2  676s
  3662  3474 39825.0056  204  296 9407147.65    0.00000   100%  14.2  690s
  3663  3474 842480.815  775  317 9407147.65    0.00000   100%  14.2  704s
  3664  3475 480473.269  272  436 9407147.65    0.00000   100%  14.2  717s
  3665  3476 267575.437  251  393 9407147.65    0.00000   100%  14.2  736s
  3666  3476    0.00000   94  458 9407147.65    0.00000   100%  14.2  755s
  3667  3477 818129.373  742  277 9407147.65    0.00000   100%  14.2  777s
  3668  3478 1009927.91 1185  267 9407147.65    0.00000   100%  14.2  785s
  3669  3478 1006931.74 1119  259 9407147.65    0.00000   100%  14.2  797s
  3670  3479 894230.422  332  259 9407147.65    0.00000   100%  14.2  813s
  3671  3480 1190354.06 1144  259 9407147.65    0.00000   100%  14.2  827s
  3672  3483    0.00000   10  670 9407147.65    0.00000   100%  19.3  834s
  3674  3485    0.00000   11  672 9407147.65    0.00000   100%  19.3  835s
  3678  3487    0.00000   12  678 9407147.65    0.00000   100%  19.5  841s
  3680  3489    0.00000   12  688 9407147.65    0.00000   100%  19.7  845s
  3685  3493    0.00000   14  674 9407147.65    0.00000   100%  20.0  851s
  3692  3505    0.00000   16  674 9407147.65    0.00000   100%  20.2  856s
  3702  3510    0.00000   18  673 9407147.65    0.00000   100%  20.4  863s
  3711  3611    0.00000   20  673 9407147.65    0.00000   100%  21.0  883s
  3815  3711    0.00000   49  677 9407147.65    0.00000   100%  20.8  909s
H 3949  3617                    7078100.8762    0.00000   100%  20.8  932s
  4074  3666    0.00000  114  724 7078100.88    0.00000   100%  20.9  963s
  4165  3721    0.00000  140  759 7078100.88    0.00000   100%  21.7  984s
  4250  3816 4826.58277  162  780 7078100.88    0.00000   100%  22.8 1015s
  4377  3914 43104.5559  195  698 7078100.88    0.00000   100%  23.3 1048s
  4518  4162 296714.318  237  739 7078100.88    0.00000   100%  23.8 1100s
  4816  4357 1037637.21  310  640 7078100.88    0.00000   100%  22.8 1154s
  5110  4505 1429677.36  377  583 7078100.88    0.00000   100%  22.7 1204s
  5356  4941 1614388.32  439  643 7078100.88    0.00000   100%  22.3 1259s
  5874  5175 1617629.40  590  642 7078100.88    0.00000   100%  20.6 1312s
  6281  5431 1712544.80  697  600 7078100.88    0.00000   100%  19.7 1366s
  6672  5705 1715391.74  792  586 7078100.88    0.00000   100%  19.1 1417s
  7077  6004 1813104.38  902  614 7078100.88    0.00000   100%  18.8 1476s
  7511  6257 1789577.33 1021  571 7078100.88    0.00000   100%  18.2 1530s
  7908  6401 1810931.27 1145  564 7078100.88    0.00000   100%  18.0 1582s
H 8185  6313                    6990440.9712    0.00000   100%  18.3 1637s
  8355  6404 1862667.53 1262  595 6990440.97    0.00000   100%  18.4 1683s
H 8502  6198                    6917521.3507    0.00000   100%  18.6 1684s
  8503  6625 1835177.67 1336  568 6917521.35    0.00000   100%  18.6 1743s
  8930  6723 1839921.44 1466  548 6917521.35    0.00000   100%  18.3 1796s
H 9158  6497                    6910168.0658    0.00000   100%  18.0 1796s
  9170  6920 1841600.31 1580  542 6910168.07    0.00000   100%  18.0 1847s
H 9597  7068                    6910167.9974    0.00000   100%  17.5 1898s
 10030  7288 1872583.01 1862  534 6910168.00    0.00000   100%  17.3 1956s
 10394  7536 1848861.26 1999  523 6910168.00    0.00000   100%  17.2 2008s
 10763  7794 1850686.89 2124  521 6910168.00    0.00000   100%  16.9 2064s
 11144  8129 1852482.60 2241  520 6910168.00    0.00000   100%  16.6 2132s
 11606  8321 1856496.92 2383  513 6910168.00    0.00000   100%  16.2 2175s
 11952  8665 1946171.63 2476  569 6910168.00    0.00000   100%  16.2 2231s
 12342  9131 1966585.47 2577  551 6910168.00    0.00000   100%  16.2 2287s
 12808  9521 1971389.18 2694  504 6910168.00    0.00000   100%  16.0 2341s
 13198  9957 1974924.57 2790  501 6910168.00    0.00000   100%  16.0 2399s
 13634 10373 1977356.20 2896  500 6910168.00    0.00000   100%  15.9 2456s
 14050 10766 1980265.40 2996  496 6910168.00    0.00000   100%  15.9 2496s
 14443 11167 2013496.78 3095  529 6910168.00    0.00000   100%  15.8 2617s
H14643 11167                    6910167.9269    0.00000   100%  15.8 2617s
H14844 11458                    6910167.9195    0.00000   100%  15.8 2656s
 15135 11628 1984321.23 3272  490 6910167.92    0.00000   100%  15.8 2704s
 15305 12059 1984120.81 3273  490 6910167.92    0.00000   100%  15.9 2751s
 15736 12478 2001420.70 3383  490 6910167.92    0.00000   100%  15.8 2809s
 16155 12890 2037102.44 3491  518 6910167.92    0.00000   100%  15.8 2852s
 16567 13281 2039618.67 3604  517 6910167.92    0.00000   100%  15.8 2886s
 16958 13672 2007745.76 3706  482 6910167.92    0.00000   100%  15.8 2926s
 17349 14048 2008229.24 3810  481 6910167.92    0.00000   100%  15.7 2963s
 17725 14410 2009597.26 3905  478 6910167.92    0.00000   100%  15.7 3005s
 18087 14805 2012863.78 3999  476 6910167.92    0.00000   100%  15.7 3042s
 18482 15166 2015155.72 4106  473 6910167.92    0.00000   100%  15.7 3070s
 18843 15519 2048289.65 4201  511 6910167.92    0.00000   100%  15.7 3108s
H19196 15881                    6909629.6988    0.00000   100%  15.7 3144s
 19558 16190 2017931.17 4391  477 6909629.70    0.00000   100%  15.7 3243s
 19867 16499 2021042.08 4467  474 6909629.70    0.00000   100%  15.8 3280s
 20176 16872 2022271.66 4549  470 6909629.70    0.00000   100%  15.8 3318s
 20549 17200 2056015.87 4646  504 6909629.70    0.00000   100%  15.8 3356s
 20877 17533 2074133.65 4730  490 6909629.70    0.00000   100%  15.8 3390s
 21210 17903 2041843.28 4819  459 6909629.70    0.00000   100%  15.7 3428s
 21580 18280 2042857.35 4917  459 6909629.70    0.00000   100%  15.7 3475s
 21957 18668 2049277.00 5023  480 6909629.70    0.00000   100%  15.7 3524s
 22345 19063 2045959.51 5133  458 6909629.70    0.00000   100%  15.6 3570s
 22740 19260 2047461.39 5233  456 6909629.70    0.00000   100%  15.6 3600s

Cutting planes:
  Gomory: 2
  Implied bound: 7
  MIR: 378
  Flow cover: 39
  Zero half: 8

Explored 22937 nodes (365528 simplex iterations) in 3600.12 seconds (1146.08 work units)
Thread count was 2 (of 24 available processors)

Solution count 10: 6.90963e+06 6.91017e+06 6.91017e+06 ... 1.46172e+07

Time limit reached
Best objective 6.909629698846e+06, best bound 0.000000000000e+00, gap 100.0000%
