
Gurobi 11.0.3 (linux64, Java) logging started sex 06 dez 2024 16:41:34 -03

Set parameter Username
Academic license - for non-commercial use only - expires 2025-10-10
Set parameter NonConvex to value 2
Set parameter TimeLimit to value 3600
Set parameter LogToConsole to value 0
Set parameter MIPGap to value 6.73850205920109e-08
Set parameter Threads to value 2
Set parameter NodefileDir to value "/home/ps12398/experiment_hosp/goalProgrammingMarcos/"
Set parameter NodefileStart to value 1
Gurobi Optimizer version 11.0.3 build v11.0.3rc0 (linux64)

CPU model: Intel(R) Xeon(R) CPU           X5650  @ 2.67GHz, instruction set [SSE2]
Thread count: 12 physical cores, 24 logical processors, using up to 2 threads

Optimize a model with 81555 rows, 56288 columns and 621549 nonzeros
Model fingerprint: 0xdb55e0ad
Model has 172 quadratic constraints
Variable types: 28062 continuous, 28226 integer (167 binary)
Coefficient statistics:
  Matrix range     [6e-03, 4e+06]
  QMatrix range    [6e-03, 7e+04]
  QLMatrix range   [1e+00, 7e+04]
  Objective range  [1e+00, 3e+07]
  Bounds range     [1e+00, 1e+08]
  RHS range        [1e+00, 2e+06]
  QRHS range       [5e-02, 5e-02]
Presolve removed 78935 rows and 53591 columns
Presolve time: 0.46s
Presolved: 4033 rows, 3124 columns, 357275 nonzeros
Presolved model has 2 SOS constraint(s)
Presolved model has 167 bilinear constraint(s)

Solving non-convex MIQCP

Variable types: 636 continuous, 2488 integer (169 binary)
Found heuristic solution: objective 9667685.9974

Root relaxation: objective 0.000000e+00, 156 iterations, 0.07 seconds (0.02 work units)

    Nodes    |    Current Node    |     Objective Bounds      |     Work
 Expl Unexpl |  Obj  Depth IntInf | Incumbent    BestBd   Gap | It/Node Time

     0     0    0.00000    0  234 9667686.00    0.00000   100%     -    3s
H    0     0                    9650067.4252    0.00000   100%     -    3s
     0     0    0.00000    0  243 9650067.43    0.00000   100%     -    3s
H    0     0                    4293900.8164    0.00000   100%     -    4s
     0     0    0.00000    0  248 4293900.82    0.00000   100%     -    4s
     0     0    0.00000    0  254 4293900.82    0.00000   100%     -    5s
     0     0    0.00000    0  250 4293900.82    0.00000   100%     -    6s
     0     0    0.00000    0  240 4293900.82    0.00000   100%     -    7s
H    0     0                    3683831.3965    0.00000   100%     -    8s
     0     0    0.00000    0  237 3683831.40    0.00000   100%     -    9s
     0     0    0.00000    0  297 3683831.40    0.00000   100%     -   12s
     0     0    0.00000    0  302 3683831.40    0.00000   100%     -   12s
     0     0    0.00000    0  255 3683831.40    0.00000   100%     -   14s
     0     0    0.00000    0  255 3683831.40    0.00000   100%     -   16s
H    0     0                    3683831.1198    0.00000   100%     -   30s
     0     2    0.00000    0  252 3683831.12    0.00000   100%     -   31s
    50   141    0.00000   20  235 3683831.12    0.00000   100%  48.6   37s
H   70   141                    3683646.5588    0.00000   100%  38.5   37s
   140   254    0.00000   58  230 3683646.56    0.00000   100%  34.8   41s
H  196   254                    3434519.8087    0.00000   100%  35.7   41s
H  253   393                    3019723.8645    0.00000   100%  41.6   46s
H  392   532                    2590795.0204    0.00000   100%  35.2   59s
   531   815    0.00000  221  193 2590795.02    0.00000   100%  31.8   67s
H  551   815                    2590794.9620    0.00000   100%  32.2   67s
   814  1173    0.00000  237  187 2590794.96    0.00000   100%  23.0   84s
  1174  1586    0.00000  380  168 2590794.96    0.00000   100%  17.7   93s
H 1650  1899                    2590515.2902    0.00000   100%  15.9  101s
  2050  2088 29965.0733  678  161 2590515.29    0.00000   100%  13.3  107s
H 2121  2088                    2386398.1771    0.00000   100%  13.1  107s
  2297  2346 35847.2155  743  163 2386398.18    0.00000   100%  12.2  114s
  2617  2627 61880.1094  885  160 2386398.18    0.00000   100%  11.6  120s
H 2854  2627                    618173.06310    0.00000   100%  13.2  120s
  2902  2917 58844.2404 1012  162 618173.063    0.00000   100%  13.8  126s
  3192  3186 95089.3576 1143  163 618173.063    0.00000   100%  15.9  133s
H 3352  3186                    618173.01110    0.00000   100%  16.0  133s
  3461  3605 104001.729 1273  162 618173.011    0.00000   100%  17.1  141s
  4057  3606 1144.54452  261 1080 618173.011    0.00000   100%  16.5  161s
  4059  3607 19489.1030 1695   38 618173.011    0.00000   100%  16.5  165s
  4063  3610 5135.03365  544  120 618173.011    0.00000   100%  16.5  170s
  4064  3611    0.00000  240  130 618173.011    0.00000   100%  16.5  175s
  4067  3613 52397.2874  917  194 618173.011    0.00000   100%  16.5  180s
  4069  3614 33052.9772  713  194 618173.011    0.00000   100%  16.5  185s
  4071  3615 63269.4521 1097  164 618173.011    0.00000   100%  16.4  190s
  4074  3617 13268.7779 1040   96 618173.011    0.00000   100%  16.4  197s
  4077  3622    0.00000   17  257 618173.011    0.00000   100%  21.7  200s
  4087  3629    0.00000   19  256 618173.011    0.00000   100%  21.7  205s
  4091  3632    0.00000   20  253 618173.011    0.00000   100%  21.6  210s
  4095  3635    0.00000   21  252 618173.011    0.00000   100%  21.9  215s
  4099  3640    0.00000   22  268 618173.011    0.00000   100%  22.2  220s
  4106  3651    0.00000   24  259 618173.011    0.00000   100%  22.3  229s
  4119  3675    0.00000   27  272 618173.011    0.00000   100%  22.7  245s
  4148  3723    0.00000   34  236 618173.011    0.00000   100%  23.6  286s
  4205  4037    0.00000   48  215 618173.011    0.00000   100%  25.0  352s
H 4351  3806                    530558.05901    0.00000   100%  26.0  352s
H 4354  3633                    373117.13484    0.00000   100%  26.0  352s
  4538  4146    0.00000   88  183 373117.135    0.00000   100%  26.2  361s
H 4825  3887                    11112.477771    0.00000   100%  25.8  361s
H 5112  3180                       0.0000000    0.00000  0.00%  24.8  373s

Cutting planes:
  Implied bound: 7
  MIR: 129
  StrongCG: 2
  Flow cover: 1
  RLT: 3

Explored 5571 nodes (138853 simplex iterations) in 373.46 seconds (337.64 work units)
Thread count was 2 (of 24 available processors)

Solution count 10: 0 11112.5 373117 ... 2.5908e+06

Optimal solution found (tolerance 6.74e-08)
Best objective 0.000000000000e+00, best bound 0.000000000000e+00, gap 0.0000%
