
Gurobi 11.0.3 (linux64, Java) logging started sex 06 dez 2024 06:33:50 -03

Set parameter Username
Academic license - for non-commercial use only - expires 2025-10-10
Set parameter NonConvex to value 2
Set parameter TimeLimit to value 3600
Set parameter LogToConsole to value 0
Set parameter MIPGap to value 6.73850205920109e-08
Set parameter Threads to value 2
Set parameter NodefileDir to value "/home/ps12398/experiment_hosp/goalProgrammingMarcos/"
Set parameter NodefileStart to value 1
Gurobi Optimizer version 11.0.3 build v11.0.3rc0 (linux64)

CPU model: Intel(R) Xeon(R) CPU           X5650  @ 2.67GHz, instruction set [SSE2]
Thread count: 12 physical cores, 24 logical processors, using up to 2 threads

Optimize a model with 81555 rows, 56288 columns and 621549 nonzeros
Model fingerprint: 0x13e48277
Model has 172 quadratic constraints
Variable types: 28062 continuous, 28226 integer (167 binary)
Coefficient statistics:
  Matrix range     [6e-03, 4e+06]
  QMatrix range    [6e-03, 7e+04]
  QLMatrix range   [1e+00, 7e+04]
  Objective range  [1e+00, 3e+07]
  Bounds range     [1e+00, 1e+08]
  RHS range        [1e+00, 2e+05]
  QRHS range       [3e-02, 3e-02]
Presolve removed 78935 rows and 53591 columns
Presolve time: 0.32s
Presolved: 4033 rows, 3124 columns, 357275 nonzeros
Presolved model has 2 SOS constraint(s)
Presolved model has 167 bilinear constraint(s)

Solving non-convex MIQCP

Variable types: 636 continuous, 2488 integer (169 binary)
Found heuristic solution: objective 1.160307e+07

Root relaxation: objective 0.000000e+00, 260 iterations, 0.08 seconds (0.04 work units)

    Nodes    |    Current Node    |     Objective Bounds      |     Work
 Expl Unexpl |  Obj  Depth IntInf | Incumbent    BestBd   Gap | It/Node Time

     0     0    0.00000    0  281 1.1603e+07    0.00000   100%     -    2s
H    0     0                    1.155357e+07    0.00000   100%     -    2s
     0     0 20607.3218    0  382 1.1554e+07 20607.3218   100%     -    3s
     0     0 204825.568    0  354 1.1554e+07 204825.568  98.2%     -    4s
     0     0 219619.394    0  390 1.1554e+07 219619.394  98.1%     -    5s
     0     0 237923.871    0  390 1.1554e+07 237923.871  97.9%     -    6s
H    0     0                    4972954.1623 238452.338  95.2%     -    6s
     0     0 239096.948    0  399 4972954.16 239096.948  95.2%     -    6s
     0     0 244529.579    0  416 4972954.16 244529.579  95.1%     -    8s
     0     0 245836.640    0  433 4972954.16 245836.640  95.1%     -    8s
     0     0 246881.336    0  428 4972954.16 246881.336  95.0%     -    9s
     0     0 246995.023    0  430 4972954.16 246995.023  95.0%     -    9s
     0     0 246995.023    0  432 4972954.16 246995.023  95.0%     -    9s
     0     0 246995.023    0  431 4972954.16 246995.023  95.0%     -    9s
     0     0 247005.260    0  431 4972954.16 247005.260  95.0%     -   11s
H    0     0                    4468441.5643 247005.260  94.5%     -   24s
     0     2 247005.260    0  431 4468441.56 247005.260  94.5%     -   24s
     1     4 254964.254    1  411 4468441.56 247005.260  94.5%  71.0   25s
    46    51 272385.987   15  400 4468441.56 253708.917  94.3%  55.5   30s
H   53    56                    4288392.3423 253708.917  94.1%  53.9   31s
H   80    85                    4281434.7399 253708.917  94.1%  44.5   33s
H   83    85                    4238790.5364 253708.917  94.0%  44.2   33s
H  110   115                    4234901.5153 253708.917  94.0%  38.7   35s
H  113   115                    4082960.3153 253708.917  93.8%  38.2   35s
H  139   146                    4074198.9128 253708.917  93.8%  34.8   36s
H  170   175                    4050325.3761 253708.917  93.7%  31.4   38s
H  209   212                    3887727.0506 253708.917  93.5%  27.6   43s
H  210   212                    3846650.1794 253708.917  93.4%  27.5   43s
   244   264 371753.816   78  338 3846650.18 253708.917  93.4%  26.0   45s
   377   419 436805.269  124  274 3846650.18 253708.917  93.4%  20.3   50s
   583   615 437539.364  223  274 3846650.18 253708.917  93.4%  13.6   55s
   744   794 438160.868  297  271 3846650.18 253708.917  93.4%  10.9   60s
   937  1013 441536.736  390  270 3846650.18 253708.917  93.4%   8.9   65s
  1012  1015 441853.647  427  270 3846650.18 253708.917  93.4%   8.3   70s
H 1013  1015                    3516127.9291 253708.917  92.8%   8.3   70s
  1161  1242 442414.192  502  269 3516127.93 253708.917  92.8%   7.4   76s
  1314  1383 443190.081  591  266 3516127.93 253708.917  92.8%   6.6   80s
  1550  1637 443934.050  692  266 3516127.93 253708.917  92.8%   5.8   86s
  1727  1811 445385.910  791  265 3516127.93 253708.917  92.8%   5.3   91s
  1891  1991 446492.900  872  263 3516127.93 253708.917  92.8%   4.9   96s
H 2086  2089                    3096826.8773 253708.917  91.8%   4.6  100s
H 2087  2089                    2797295.1279 253708.917  90.9%   4.6  100s
  2200  2328 447503.082 1046  260 2797295.13 253708.917  90.9%   4.5  105s
  2438  2543 448520.323 1169  262 2797295.13 253708.917  90.9%   4.1  111s
  2666  2691 449288.240 1270  259 2797295.13 253708.917  90.9%   3.9  120s
  2812  2944 450038.276 1341  254 2797295.13 253708.917  90.9%   3.7  127s
  2943  3106 450808.427 1400  250 2797295.13 253708.917  90.9%   3.7  130s
H 3105  3108                    2654324.6374 253708.917  90.4%   3.6  134s
H 3106  3108                    2320859.5950 253708.917  89.1%   3.6  134s
  3107  3271 451962.973 1483  247 2320859.59 253708.917  89.1%   3.6  137s
  3270  3438 452744.884 1567  241 2320859.59 253708.917  89.1%   3.5  141s
  3437  3615 453352.704 1640  241 2320859.59 253708.917  89.1%   3.5  145s
  3615  3616 501272.687  359 1080 2320859.59 253708.917  89.1%   3.4  166s
  3618  3618 438255.487  301  308 2320859.59 253708.917  89.1%   3.4  171s
  3623  3621 387872.279   88  354 2320859.59 265776.817  88.5%   3.4  175s
  3630  3626 452212.716 1512  367 2320859.59 271571.949  88.3%   3.4  180s
  3636  3630 449234.085 1256  359 2320859.59 275564.577  88.1%   3.4  185s
  3642  3634 517550.240 1398  368 2320859.59 279083.679  88.0%   3.4  190s
  3647  3637 443224.266  595  382 2320859.59 280675.075  87.9%   3.4  195s
  3653  3641 518920.531 1574  382 2320859.59 281454.287  87.9%   3.4  200s
  3660  3646 297547.286   32  376 2320859.59 282721.438  87.8%   3.4  205s
  3667  3651 514261.321  932  377 2320859.59 283260.183  87.8%   3.4  210s
  3675  3656 493655.522  174  372 2320859.59 283519.580  87.8%   3.3  215s
  3683  3661 442450.879  506  386 2320859.59 284263.534  87.8%   3.3  220s
  3691  3667 517371.302 1379  388 2320859.59 286391.718  87.7%   3.3  225s
  3697  3671 287065.172   18  386 2320859.59 287065.172  87.6%   3.3  230s
  3703  3675 287401.998    8  398 2320859.59 287401.998  87.6%   3.3  236s
  3707  3677 429937.415  105  395 2320859.59 287557.499  87.6%   3.3  240s
  3713  3681 505811.452  735  410 2320859.59 287764.952  87.6%   3.3  246s
  3718  3685 438255.487  301  407 2320859.59 287830.518  87.6%   3.3  250s
  3726  3691 516934.091 1325 1123 2320859.59 287847.253  87.6%   5.0  255s
  3730  3694 452212.716 1512  342 2320859.59 287847.253  87.6%   5.0  260s
  3736  3698 449234.085 1256  402 2320859.59 288666.741  87.6%   5.0  266s
H 3736  3512                    2174518.2934 288666.741  86.7%   5.0  267s
  3742  3516 517550.240 1398  404 2174518.29 288666.741  86.7%   5.0  271s
  3747  3519 443224.266  595  400 2174518.29 288666.741  86.7%   5.0  275s
H 3748  3344                    2160629.3959 288666.741  86.6%   5.0  280s
  3770  3361 304905.450   30  541 2160629.40 293695.482  86.4%   6.1  285s
H 3776  3197                    2157628.3088 293695.482  86.4%   6.2  285s
  3806  3219 324149.068   39  518 2157628.31 293695.482  86.4%   7.2  290s
H 3831  3078                    2156264.9284 293695.482  86.4%   7.7  294s
  3836  3081 334254.691   46  508 2156264.93 293695.482  86.4%   7.9  295s
H 3861  2945                    2156264.8683 293695.482  86.4%   8.2  298s
  3871  2957 357572.424   54  490 2156264.87 293695.482  86.4%   8.4  300s
H 3891  2821                    2154118.5553 293695.482  86.4%   8.6  302s
  3910  2839 373252.130   64  502 2154118.56 293695.482  86.4%   8.9  305s
  3947  2865 394159.167   73  475 2154118.56 293695.482  86.4%   9.3  311s
  3981  2889 402523.485   82  470 2154118.56 293695.482  86.4%   9.5  315s
H 3987  2751                    2151096.8872 293695.482  86.3%   9.6  315s
  4022  2784 440524.484   92  450 2151096.89 293695.482  86.3%   9.8  321s
  4055  2805 447130.028  100  427 2151096.89 293695.482  86.3%   9.9  326s
  4088  2830 467755.015  109  412 2151096.89 293695.482  86.3%  10.0  331s
  4127  2857 487933.147  118  403 2151096.89 293695.482  86.3%  10.1  336s
  4169  2885 503498.335  128  374 2151096.89 293695.482  86.3%  10.2  342s
  4188  2903 497579.238  133  382 2151096.89 293695.482  86.3%  10.2  345s
  4236  2939 515145.763  145  370 2151096.89 293695.482  86.3%  10.3  351s
H 4264  2824                    1969308.8850 293695.482  85.1%  10.4  355s
H 4301  2718                    1965680.5645 293695.482  85.1%  10.3  359s
  4318  2747 526650.477  165  350 1965680.56 293695.482  85.1%  10.3  363s
  4352  2768 527436.729  173  343 1965680.56 293695.482  85.1%  10.2  367s
  4385  2790 531849.551  181  345 1965680.56 293695.482  85.1%  10.2  371s
H 4436  2694                    1965680.4823 293695.482  85.1%  10.1  374s
  4456  2723 529188.770  199  335 1965680.48 293695.482  85.1%  10.0  379s
  4491  2750 529554.610  207  333 1965680.48 293695.482  85.1%  10.0  383s
  4530  2777 529474.092  217  335 1965680.48 293695.482  85.1%   9.9  387s
  4570  2807 529622.592  227  333 1965680.48 293695.482  85.1%   9.9  391s
  4613  2833 531376.211  237  326 1965680.48 293695.482  85.1%   9.8  395s
  4654  2861 533570.651  247  333 1965680.48 293695.482  85.1%   9.8  401s
  4695  2894 530924.015  257  310 1965680.48 293695.482  85.1%   9.8  406s
  4742  2899 532073.548  268  315 1965680.48 293695.482  85.1%   9.8  412s
  4763  2941 531083.527  274  310 1965680.48 293695.482  85.1%   9.8  418s
  4812  2977 531640.973  286  296 1965680.48 293695.482  85.1%   9.7  424s
  4864  3014 532728.072  298  306 1965680.48 293695.482  85.1%   9.6  430s
  4918  3010 532250.899  311  298 1965680.48 293695.482  85.1%   9.6  455s
  4932  3062 532078.727  315  294 1965680.48 293695.482  85.1%   9.6  460s
  4989  3103 532359.666  329  294 1965680.48 293695.482  85.1%   9.5  466s
  5049  3149 532640.604  343  294 1965680.48 293695.482  85.1%   9.5  473s
  5115  3195 533214.115  359  298 1965680.48 293695.482  85.1%   9.4  480s
  5183  3241 534019.979  376  291 1965680.48 293695.482  85.1%   9.3  488s
  5252  3289 535234.042  393  295 1965680.48 293695.482  85.1%   9.3  497s
  5323  3341 535387.384  410  272 1965680.48 293695.482  85.1%   9.2  505s
  5398  3394 534521.011  429  272 1965680.48 293695.482  85.1%   9.1  514s
H 5476  3318                    1965679.7503 293695.482  85.1%   9.0  523s
H 5505  3203                    1928622.3866 293695.482  84.8%   9.0  523s
H 5538  3178                    1926418.2444 293695.482  84.8%   9.0  532s
  5625  3239 535446.723  484  268 1926418.24 293695.482  84.8%   8.9  542s
  5715  3286 536392.679  506  269 1926418.24 293695.482  84.8%   8.8  551s
  5792  3357 536207.596  523  268 1926418.24 293695.482  84.8%   8.7  563s
H 5889  3328                    1925129.0799 293695.482  84.7%   8.7  571s
  5987  3401 537252.092  572  269 1925129.08 293695.482  84.7%   8.6  581s
  6093  3477 538135.483  599  262 1925129.08 293695.482  84.7%   8.6  592s
  6204  3553 539782.975  626  274 1925129.08 293695.482  84.7%   8.6  603s
  6317  3631 542535.349  653  260 1925129.08 293695.482  84.7%   8.7  616s
H 6433  3625                    1924783.0030 293695.482  84.7%   8.6  628s
  6555  3714 541444.530  712  240 1924783.00 293695.482  84.7%   8.6  639s
H 6685  3716                    1924429.3313 293695.482  84.7%   8.5  654s
H 6817  3713                    1923464.6696 293695.482  84.7%   8.4  669s
H 6872  3616                    1920962.6749 293695.482  84.7%   8.3  669s
  6939  3736 541908.276  804  237 1920962.67 293695.482  84.7%   8.3  684s
  7081  3832 542310.092  839  232 1920962.67 293695.482  84.7%   8.3  701s
  7224  3916 542620.797  875  234 1920962.67 293695.482  84.7%   8.7  718s
H 7299  3817                    1730454.2044 293695.482  83.0%   8.7  718s
H 7356  3893                    1715037.7372 293695.482  82.9%   9.7  734s
H 7521  3948                    1715037.6792 293695.482  82.9%   9.8  753s
H 7611  3948                    1715037.5691 293695.482  82.9%   9.7  753s
  7697  4133 543587.006 1000  209 1715037.57 293695.482  82.9%   9.8  771s
  7882  4291 543765.188 1047  209 1715037.57 293695.482  82.9%   9.7  792s
  8040  4492 543935.294 1089  209 1715037.57 293695.482  82.9%   9.7  812s
  8241  4696 545471.771 1140  221 1715037.57 293695.482  82.9%   9.5  832s
  8445  4907 545396.920 1193  221 1715037.57 293695.482  82.9%   9.5  854s
H 8656  5112                    1715037.4050 293695.482  82.9%   9.4  875s
H 8656  5112                    1715035.8237 293695.482  82.9%   9.4  875s
  8861  5310 547134.879 1295  208 1715035.82 293695.482  82.9%   9.3  896s
  9059  5534 547283.241 1345  210 1715035.82 293695.482  82.9%   9.2  920s
  9283  5758 547759.365 1402  209 1715035.82 293695.482  82.9%   9.0  940s
  9507  5981 553589.972 1458  208 1715035.82 293695.482  82.9%   8.9  963s
H 9730  6194                    1635794.2585 293695.482  82.0%   8.8  983s
H 9943  6417                    1633410.2628 293695.482  82.0%   8.6 1008s
H10166  6640                    1632623.0443 293695.482  82.0%   8.6 1029s
H10389  6859                    1628468.8116 293695.482  82.0%   8.5 1048s
 10608  7076 550577.178 1736  202 1628468.81 293695.482  82.0%   8.5 1070s
 10825  7291 550647.922 1792  202 1628468.81 293695.482  82.0%   8.5 1091s
H10937  7291                    1511620.5973 293695.482  80.6%   8.5 1091s
 11040  7506 558148.274 1848  211 1511620.60 293695.482  80.6%   8.5 1112s
 11255  7721 558587.389 1902  211 1511620.60 293695.482  80.6%   8.5 1136s
 11470  7939 552009.163 1957  197 1511620.60 293695.482  80.6%   8.5 1159s
 11688  8155 553109.181 2013  197 1511620.60 293695.482  80.6%   8.5 1179s
H11800  8155                    1511292.0240 293695.482  80.6%   8.6 1179s
 11904  8362 554460.387 2069  195 1511292.02 293695.482  80.6%   8.6 1198s
 12111  8579 562607.431 2122  208 1511292.02 293695.482  80.6%   8.6 1219s
H12328  8798                    1511292.0127 293695.482  80.6%   8.6 1241s
 12547  9015 557443.766 2235  191 1511292.01 293695.482  80.6%   8.5 1262s
 12764  9065 558548.732 2291  190 1511292.01 293695.482  80.6%   8.4 1283s
 12814  9282 558501.829 2304  189 1511292.01 293695.482  80.6%   8.4 1304s
 13031  9501 559435.302 2359  182 1511292.01 293695.482  80.6%   8.5 1327s
 13250  9720 563365.405 2414  244 1511292.01 293695.482  80.6%   8.5 1351s
 13469  9935 561334.477 2470  194 1511292.01 293695.482  80.6%   8.5 1371s
 13684 10149 563075.284 2525  242 1511292.01 293695.482  80.6%   8.6 1394s
 13898 10365 564474.765 2579  198 1511292.01 293695.482  80.6%   8.7 1417s
 14114 10554 579583.521 2633  240 1511292.01 293695.482  80.6%   8.7 1440s
 14303 10761 581121.120 2680  237 1511292.01 293695.482  80.6%   8.8 1460s
H14402 10761                    1511292.0122 293695.482  80.6%   9.2 1460s
 14510 10966 569302.986 2730  192 1511292.01 293695.482  80.6%   9.2 1482s
 14715 11046 583445.412 2782  237 1511292.01 293695.482  80.6%   9.3 1504s
 14795 11254 571982.551 2802  237 1511292.01 293695.482  80.6%   9.4 1523s
 15003 11467 573353.271 2854  191 1511292.01 293695.482  80.6%   9.4 1547s
 15216 11682 574501.806 2908  192 1511292.01 293695.482  80.6%   9.5 1565s
 15431 11883 582583.974 2963  246 1511292.01 293695.482  80.6%   9.6 1588s
 15632 12097 579478.922 3013  232 1511292.01 293695.482  80.6%   9.7 1611s
 15846 12312 581175.859 3067  192 1511292.01 293695.482  80.6%   9.8 1631s
 16061 12526 584353.206 3121  232 1511292.01 293695.482  80.6%   9.9 1650s
 16275 12737 583927.756 3176  190 1511292.01 293695.482  80.6%  10.0 1674s
 16486 12944 592301.308 3229  248 1511292.01 293695.482  80.6%  10.1 1697s
 16693 13154 601339.333 3281  234 1511292.01 293695.482  80.6%  10.1 1716s
 16903 13366 591073.201 3334  185 1511292.01 293695.482  80.6%  10.2 1738s
 17115 13577 604296.231 3387  235 1511292.01 293695.482  80.6%  10.3 1759s
 17326 13789 605620.830 3441  234 1511292.01 293695.482  80.6%  10.4 1780s
 17538 13994 594796.810 3495  187 1511292.01 293695.482  80.6%  10.5 1803s
 17743 14205 597449.092 3547  240 1511292.01 293695.482  80.6%  10.6 1825s
 17954 14414 598416.331 3601  237 1511292.01 293695.482  80.6%  10.7 1847s
 18163 14622 598454.899 3655  187 1511292.01 293695.482  80.6%  10.8 1867s
 18371 14830 611553.203 3708  234 1511292.01 293695.482  80.6%  10.9 1889s
 18579 15032 601167.228 3762  187 1511292.01 293695.482  80.6%  10.9 1912s
H18682 15032                    1511290.3886 293695.482  80.6%  11.0 1912s
 18781 15236 615770.491 3813  233 1511290.39 293695.482  80.6%  11.0 1933s
 18985 15439 617664.078 3865  233 1511290.39 293695.482  80.6%  11.0 1954s
 19188 15645 607945.179 3917  194 1511290.39 293695.482  80.6%  11.1 1974s
 19394 15822 610015.660 3970  219 1511290.39 293695.482  80.6%  11.1 1994s
 19571 16020 611462.592 4015  196 1511290.39 293695.482  80.6%  11.1 2028s
 19769 16217 621415.839 4064  237 1511290.39 293695.482  80.6%  11.2 2045s
 19966 16428 615169.540 4113  231 1511290.39 293695.482  80.6%  11.2 2065s
 20177 16641 614886.209 4168  185 1511290.39 293695.482  80.6%  11.3 2088s
 20390 16852 615995.230 4223  184 1511290.39 293695.482  80.6%  11.3 2114s
H20499 16852                    1510531.7060 293695.482  80.6%  11.4 2114s
 20601 17054 636553.970 4277  231 1510531.71 293695.482  80.6%  11.4 2133s
 20803 17264 618218.881 4329  185 1510531.71 293695.482  80.6%  11.4 2155s
 21013 17460 620397.396 4383  229 1510531.71 293695.482  80.6%  11.5 2180s
H21123 17460                    1510482.3859 293695.482  80.6%  11.5 2180s
H21209 17668                    1510482.3650 293695.482  80.6%  11.5 2202s
 21417 17874 623247.611 4492  190 1510482.37 293695.482  80.6%  11.6 2226s
H21623 18081                    1509952.5240 293695.482  80.5%  11.6 2249s
 21830 18289 630164.592 4598  185 1509952.52 293695.482  80.5%  11.6 2270s
 22038 18493 633575.727 4650  198 1509952.52 293695.482  80.5%  11.6 2293s
 22242 18697 645157.786 4701  233 1509952.52 293695.482  80.5%  11.7 2315s
 22446 18901 651317.455 4753  233 1509952.52 293695.482  80.5%  11.8 2334s
H22650 19096                    1490688.5932 293695.482  80.3%  11.9 2356s
H22845 19296                    1490155.0149 293695.482  80.3%  11.9 2378s
 23045 19502 637932.153 4906  181 1490155.01 293695.482  80.3%  12.0 2399s
 23251 19707 638753.185 4958  183 1490155.01 293695.482  80.3%  12.1 2418s
 23456 19911 639628.047 5011  180 1490155.01 293695.482  80.3%  12.1 2440s
 23660 20110 660024.558 5063  232 1490155.01 293695.482  80.3%  12.2 2462s
H23763 20110                    1489874.3245 293695.482  80.3%  12.2 2462s
 23859 20307 641353.654 5115  182 1489874.32 293695.482  80.3%  12.3 2486s
H24056 20508                    1489008.4466 293695.482  80.3%  12.3 2510s
 24257 20709 655013.735 5216  232 1489008.45 293695.482  80.3%  12.4 2529s
 24458 20905 647222.220 5268  188 1489008.45 293695.482  80.3%  12.5 2554s
 24654 21106 655446.176 5317  234 1489008.45 293695.482  80.3%  12.5 2571s
H24855 21304                    1488996.0032 293695.482  80.3%  12.5 2591s
 25053 21510 657861.116 5419  224 1488996.00 293695.482  80.3%  12.6 2614s
 25259 21714 658961.971 5472  227 1488996.00 293695.482  80.3%  12.7 2637s
 25463 21910 658494.740 5525  179 1488996.00 293695.482  80.3%  12.7 2661s
 25659 22117 660885.431 5576  227 1488996.00 293695.482  80.3%  12.8 2685s
 25866 22315 660514.093 5629  179 1488996.00 293695.482  80.3%  12.8 2710s
 26064 22520 661563.010 5679  179 1488996.00 293695.482  80.3%  12.9 2731s
 26269 22728 662566.765 5731  179 1488996.00 293695.482  80.3%  12.9 2753s
 26477 22876 673990.284 5784  233 1488996.00 293695.482  80.3%  13.0 2783s
 26625 23080 682809.195 5821  230 1488996.00 293695.482  80.3%  13.0 2805s
 26829 23280 677755.422 5873  230 1488996.00 293695.482  80.3%  13.0 2825s
 27029 23488 669984.649 5924  177 1488996.00 293695.482  80.3%  13.1 2849s
 27237 23694 674312.513 5976  231 1488996.00 293695.482  80.3%  13.1 2869s
 27443 23892 680813.424 6028  233 1488996.00 293695.482  80.3%  13.2 2889s
 27641 24100 673809.163 6078  227 1488996.00 293695.482  80.3%  13.3 2912s
 27849 24300 675899.399 6130  230 1488996.00 293695.482  80.3%  13.3 2934s
 28049 24506 675295.894 6180  226 1488996.00 293695.482  80.3%  13.4 2954s
 28255 24711 674808.058 6232  176 1488996.00 293695.482  80.3%  13.4 2977s
 28460 24825 684522.400 6283  232 1488996.00 293695.482  80.3%  13.5 3018s
 28574 25034 676047.850 6312  181 1488996.00 293695.482  80.3%  13.5 3038s
 28783 25244 676847.212 6365  179 1488996.00 293695.482  80.3%  13.6 3066s
 28993 25452 677655.335 6418  178 1488996.00 293695.482  80.3%  13.6 3087s
 29201 25656 685890.785 6470  232 1488996.00 293695.482  80.3%  13.7 3110s
 29405 25865 680663.042 6522  176 1488996.00 293695.482  80.3%  13.7 3126s
 29614 26073 686463.292 6574  230 1488996.00 293695.482  80.3%  13.7 3143s
H29822 26252                    1488994.9754 293695.482  80.3%  13.8 3163s
 30001 26465 688819.125 6671  225 1488994.98 293695.482  80.3%  13.8 3183s
 30214 26670 693175.861 6725  233 1488994.98 293695.482  80.3%  13.8 3199s
 30419 26873 700475.510 6776  230 1488994.98 293695.482  80.3%  13.8 3219s
 30622 27081 694415.984 6829  187 1488994.98 293695.482  80.3%  13.8 3240s
 30830 27278 696851.323 6881  207 1488994.98 293695.482  80.3%  13.8 3259s
 31027 27481 698659.356 6933  201 1488994.98 293695.482  80.3%  13.8 3278s
 31230 27692 715527.956 6983  227 1488994.98 293695.482  80.3%  13.8 3299s
 31441 27899 718533.567 7035  227 1488994.98 293695.482  80.3%  13.8 3322s
 31648 28103 720718.373 7087  227 1488994.98 293695.482  80.3%  13.8 3344s
H31751 28103                    1385794.4421 293695.482  78.8%  13.8 3344s
 31852 28308 715380.701 7139  190 1385794.44 293695.482  78.8%  13.8 3365s
H31956 28308                    1357453.8226 293695.482  78.4%  13.9 3365s
 32057 28515 716982.756 7191  181 1357453.82 293695.482  78.4%  13.9 3385s
H32163 28515                    1354078.7472 293695.482  78.3%  13.9 3385s
 32264 28727 718219.746 7244  172 1354078.75 293695.482  78.3%  13.9 3407s
 32476 28940 719032.597 7298  173 1354078.75 293695.482  78.3%  13.9 3429s
 32689 29152 719973.562 7352  172 1354078.75 293695.482  78.3%  14.0 3451s
 32901 29360 727487.122 7405  226 1354078.75 293695.482  78.3%  14.0 3471s
 33109 29568 732780.877 7457  230 1354078.75 293695.482  78.3%  14.0 3495s
H33317 29772                    1354077.1036 293695.482  78.3%  14.0 3515s
 33521 29986 724610.704 7558  220 1354077.10 293695.482  78.3%  14.0 3535s
H33735 30199                    1350525.1246 293695.482  78.3%  14.0 3559s
 33948 30409 725500.347 7666  170 1350525.12 293695.482  78.3%  14.0 3578s
 34158 30616 735816.502 7718  231 1350525.12 293695.482  78.3%  14.0 3598s
 34365 30631 727384.183 7770  173 1350525.12 293695.482  78.3%  14.0 3600s

Cutting planes:
  Gomory: 5
  Implied bound: 5
  MIR: 240
  Flow cover: 112
  RLT: 43

Explored 34380 nodes (484934 simplex iterations) in 3600.11 seconds (2143.17 work units)
Thread count was 2 (of 24 available processors)

Solution count 10: 1.35053e+06 1.35408e+06 1.35745e+06 ... 1.49069e+06

Time limit reached
Best objective 1.350525124560e+06, best bound 2.936954816671e+05, gap 78.2532%
