
Gurobi 11.0.3 (linux64, Java) logging started sex 06 dez 2024 01:20:27 -03

Set parameter Username
Academic license - for non-commercial use only - expires 2025-10-10
Set parameter NonConvex to value 2
Set parameter TimeLimit to value 3600
Set parameter LogToConsole to value 0
Set parameter MIPGap to value 6.73850205920109e-08
Set parameter Threads to value 2
Set parameter NodefileDir to value "/home/ps12398/experiment_hosp/goalProgrammingMarcos/"
Set parameter NodefileStart to value 1
Gurobi Optimizer version 11.0.3 build v11.0.3rc0 (linux64)

CPU model: Intel(R) Xeon(R) CPU           X5650  @ 2.67GHz, instruction set [SSE2]
Thread count: 12 physical cores, 24 logical processors, using up to 2 threads

Optimize a model with 81555 rows, 56288 columns and 621549 nonzeros
Model fingerprint: 0x5ad3dc85
Model has 172 quadratic constraints
Variable types: 28062 continuous, 28226 integer (167 binary)
Coefficient statistics:
  Matrix range     [6e-03, 4e+06]
  QMatrix range    [6e-03, 7e+04]
  QLMatrix range   [1e+00, 7e+04]
  Objective range  [1e+00, 3e+07]
  Bounds range     [1e+00, 1e+08]
  RHS range        [1e+00, 4e+06]
  QRHS range       [2e-01, 2e-01]
Presolve removed 78935 rows and 53591 columns
Presolve time: 0.48s
Presolved: 4033 rows, 3124 columns, 357275 nonzeros
Presolved model has 2 SOS constraint(s)
Presolved model has 167 bilinear constraint(s)

Solving non-convex MIQCP

Variable types: 636 continuous, 2488 integer (169 binary)
Found heuristic solution: objective 1.353852e+07

Root relaxation: objective 0.000000e+00, 335 iterations, 0.09 seconds (0.04 work units)

    Nodes    |    Current Node    |     Objective Bounds      |     Work
 Expl Unexpl |  Obj  Depth IntInf | Incumbent    BestBd   Gap | It/Node Time

     0     0    0.00000    0  253 1.3539e+07    0.00000   100%     -    3s
     0     0    0.00000    0  221 1.3539e+07    0.00000   100%     -    4s
     0     0    0.00000    0  214 1.3539e+07    0.00000   100%     -    4s
     0     0    0.00000    0  202 1.3539e+07    0.00000   100%     -    5s
     0     0    0.00000    0  205 1.3539e+07    0.00000   100%     -    5s
     0     0    0.00000    0  191 1.3539e+07    0.00000   100%     -    6s
     0     0    0.00000    0  200 1.3539e+07    0.00000   100%     -    6s
     0     0    0.00000    0  190 1.3539e+07    0.00000   100%     -    7s
     0     0    0.00000    0  185 1.3539e+07    0.00000   100%     -    7s
     0     0    0.00000    0  184 1.3539e+07    0.00000   100%     -    8s
     0     0    0.00000    0  183 1.3539e+07    0.00000   100%     -    9s
     0     0    0.00000    0  183 1.3539e+07    0.00000   100%     -   10s
     0     0    0.00000    0  183 1.3539e+07    0.00000   100%     -   10s
     0     0    0.00000    0  183 1.3539e+07    0.00000   100%     -   11s
H    0     2                    1.310163e+07    0.00000   100%     -   17s
     0     2    0.00000    0  183 1.3102e+07    0.00000   100%     -   17s
    43    66    0.00000   20  182 1.3102e+07    0.00000   100%  25.4   20s
H   66    66                    1.295560e+07    0.00000   100%  37.1   20s
H   92   117                    1.197503e+07    0.00000   100%  34.7   22s
   118   220    0.00000   47  184 1.1975e+07    0.00000   100%  37.7   39s
H  221   492                    8230376.1709    0.00000   100%  34.7   49s
H  493   634                    8026578.3925    0.00000   100%  32.8   54s
H  553   263                       0.0000000    0.00000  0.00%  33.7   54s

Cutting planes:
  Implied bound: 1
  MIR: 125
  StrongCG: 18
  RLT: 4

Explored 639 nodes (24732 simplex iterations) in 54.99 seconds (22.57 work units)
Thread count was 2 (of 24 available processors)

Solution count 7: 0 8.02658e+06 8.23038e+06 ... 1.35385e+07

Optimal solution found (tolerance 6.74e-08)
Best objective 0.000000000000e+00, best bound 0.000000000000e+00, gap 0.0000%
