
Gurobi 11.0.3 (linux64, Java) logging started sex 06 dez 2024 16:17:25 -03

Set parameter Username
Academic license - for non-commercial use only - expires 2025-10-10
Set parameter NonConvex to value 2
Set parameter TimeLimit to value 3600
Set parameter LogToConsole to value 0
Set parameter MIPGap to value 6.73850205920109e-08
Set parameter Threads to value 2
Set parameter NodefileDir to value "/home/ps12398/experiment_hosp/goalProgrammingMarcos/"
Set parameter NodefileStart to value 1
Gurobi Optimizer version 11.0.3 build v11.0.3rc0 (linux64)

CPU model: Intel(R) Xeon(R) CPU           X5650  @ 2.67GHz, instruction set [SSE2]
Thread count: 12 physical cores, 24 logical processors, using up to 2 threads

Optimize a model with 81555 rows, 56288 columns and 621549 nonzeros
Model fingerprint: 0x9720865a
Model has 172 quadratic constraints
Variable types: 28062 continuous, 28226 integer (167 binary)
Coefficient statistics:
  Matrix range     [6e-03, 4e+06]
  QMatrix range    [6e-03, 7e+04]
  QLMatrix range   [1e+00, 7e+04]
  Objective range  [1e+00, 3e+07]
  Bounds range     [1e+00, 1e+08]
  RHS range        [1e+00, 9e+05]
  QRHS range       [8e-02, 8e-02]
Presolve removed 78935 rows and 53591 columns
Presolve time: 0.45s
Presolved: 4033 rows, 3124 columns, 357275 nonzeros
Presolved model has 2 SOS constraint(s)
Presolved model has 167 bilinear constraint(s)

Solving non-convex MIQCP

Variable types: 636 continuous, 2488 integer (169 binary)
Found heuristic solution: objective 9667685.9974

Root relaxation: objective 0.000000e+00, 139 iterations, 0.10 seconds (0.02 work units)

    Nodes    |    Current Node    |     Objective Bounds      |     Work
 Expl Unexpl |  Obj  Depth IntInf | Incumbent    BestBd   Gap | It/Node Time

     0     0    0.00000    0  221 9667686.00    0.00000   100%     -    3s
     0     0    0.00000    0  212 9667686.00    0.00000   100%     -    4s
H    0     0                    2357841.2221    0.00000   100%     -    4s
     0     0    0.00000    0  209 2357841.22    0.00000   100%     -    4s
     0     0    0.00000    0  217 2357841.22    0.00000   100%     -    5s
H    0     0                    2305403.0278    0.00000   100%     -    6s
     0     0    0.00000    0  220 2305403.03    0.00000   100%     -    6s
     0     0    0.00000    0  218 2305403.03    0.00000   100%     -    8s
     0     0    0.00000    0  219 2305403.03    0.00000   100%     -    8s
     0     0    0.00000    0  216 2305403.03    0.00000   100%     -   10s
     0     0    0.00000    0  216 2305403.03    0.00000   100%     -   10s
     0     0    0.00000    0  215 2305403.03    0.00000   100%     -   11s
     0     0    0.00000    0  214 2305403.03    0.00000   100%     -   13s
     0     2    0.00000    0  208 2305403.03    0.00000   100%     -   19s
     5     8    0.00000    2  225 2305403.03    0.00000   100%  44.6   20s
   106   215    0.00000   47  185 2305403.03    0.00000   100%  19.1   28s
H  176   215                    2230131.0458    0.00000   100%  23.5   28s
   214   316    0.00000  101  179 2230131.05    0.00000   100%  23.1   41s
H  239   316                    2024227.5453    0.00000   100%  22.4   41s
   315   692    0.00000  121  167 2024227.55    0.00000   100%  25.2   51s
   695   897    0.00000  215  167 2024227.55    0.00000   100%  18.1   56s
H  908   984                    1475273.8787    0.00000   100%  16.2   63s
   995  1242    0.00000  279  172 1475273.88    0.00000   100%  15.5   69s
  1257  1515    0.00000  369  171 1475273.88    0.00000   100%  14.0   74s
  1536  1620 6104.00694  486  167 1475273.88    0.00000   100%  12.4   80s
H 1640  1620                    1317875.3573    0.00000   100%  11.8   80s
  1641  1753 8759.01052  590  167 1317875.36    0.00000   100%  11.8   86s
  1777  2086 8809.95915  591  168 1317875.36    0.00000   100%  11.4   92s
  2110  2375 13125.5403  761  168 1317875.36    0.00000   100%  10.5   97s
  2399  2685 16808.1129  908  167 1317875.36    0.00000   100%   9.9  103s
H 2712  2897                    1317356.5902    0.00000   100%   9.3  108s
  2970  3199 29810.3208 1183  167 1317356.59    0.00000   100%   8.9  116s
H 3281  3199                    1081506.7473    0.00000   100%   8.6  116s
  3282  3500 37600.5503 1329  165 1081506.75    0.00000   100%   8.6  121s
  3591  3589 158117.551 1448  164 1081506.75    0.00000   100%   8.3  131s
  3681  3590 33347.8257 1256 1080 1081506.75    0.00000   100%   8.3  147s
  3684  3592 13479.6150  777  243 1081506.75    0.00000   100%   8.2  151s
  3688  3595 23539.0420  974   34 1081506.75    0.00000   100%   8.2  156s
  3691  3597    0.00000  191  165 1081506.75    0.00000   100%   8.2  160s
  3692  3597 122152.819 1611  142 1081506.75    0.00000   100%   8.2  165s
  3696  3600 114623.357 1427  130 1081506.75    0.00000   100%   8.2  171s
  3698  3601 20210.7350  852  159 1081506.75    0.00000   100%   8.2  175s
  3700  3603 20959.9097  868   99 1081506.75    0.00000   100%   8.2  195s
  3701  3606    0.00000   16  252 1081506.75    0.00000   100%  13.2  204s
  3703  3608    0.00000   17  250 1081506.75    0.00000   100%  13.2  207s
  3705  3609    0.00000   17  249 1081506.75    0.00000   100%  13.2  211s
  3707  3610    0.00000   18  247 1081506.75    0.00000   100%  13.2  215s
  3711  3613    0.00000   19  245 1081506.75    0.00000   100%  13.2  222s
  3713  3614    0.00000   19  242 1081506.75    0.00000   100%  13.2  225s
  3717  3617    0.00000   20  233 1081506.75    0.00000   100%  13.2  232s
  3719  3618    0.00000   21  246 1081506.75    0.00000   100%  13.3  236s
  3721  3625    0.00000   21  216 1081506.75    0.00000   100%  13.5  243s
  3728  3638    0.00000   23  205 1081506.75    0.00000   100%  13.7  257s
  3744  3682    0.00000   27  177 1081506.75    0.00000   100%  13.9  294s
  3793  3778    0.00000   36  198 1081506.75    0.00000   100%  14.7  374s
  3909  3819    0.00000   66  173 1081506.75    0.00000   100%  16.5  449s
  3989  3921    0.00000   85  200 1081506.75    0.00000   100%  17.8  532s
  4118  4015    0.00000  120  164 1081506.75    0.00000   100%  20.9  618s
  4271  4105    0.00000  158  210 1081506.75    0.00000   100%  25.1  697s
  4450  4160    0.00000  208  172 1081506.75    0.00000   100%  29.0  770s
  4588  4229    0.00000  242  182 1081506.75    0.00000   100%  30.1  842s
  4738  4328    0.00000  298  206 1081506.75    0.00000   100%  30.8  925s
  4903  4685    0.00000  356  179 1081506.75    0.00000   100%  30.4 1007s
  5332  5332    0.00000  537  170 1081506.75    0.00000   100%  28.7 1021s
  6140  6029 73261.0724  741  203 1081506.75    0.00000   100%  26.3 1037s
  7110  7419 87690.9556  984  191 1081506.75    0.00000   100%  24.5 1061s
  8829  8274 121536.973 1409  188 1081506.75    0.00000   100%  22.0 1079s
 10257  9466 137891.777 1780  175 1081506.75    0.00000   100%  21.0 1097s
 11925 10012 154449.714 2166  174 1081506.75    0.00000   100%  21.0 1108s
 13027 10559 165746.974 2413  174 1081506.75    0.00000   100%  21.2 1115s
 13941 11150 169336.096 2625  181 1081506.75    0.00000   100%  21.2 1125s
 14837 10963 173389.043 2852  173 1081506.75    0.00000   100%  21.1 1141s
 14839 11302 174993.318 2853  201 1081506.75    0.00000   100%  21.1 1146s
 15180 11971 175282.589 2931  198 1081506.75    0.00000   100%  21.1 1153s
 15849 12575 187662.245 3106  199 1081506.75    0.00000   100%  21.4 1160s
 16453 12604 183817.272 3268  172 1081506.75    0.00000   100%  21.7 1165s
H16468 12604                    1080862.4777    0.00000   100%  21.7 1165s
 16482 12608 184094.128 3275  186 1080862.48    0.00000   100%  21.7 1171s
H16483 12608                    1080862.3086    0.00000   100%  21.7 1171s
H16484 12608                    1053546.8292    0.00000   100%  21.7 1171s
 16486 13166 190467.172 3276  192 1053546.83    0.00000   100%  21.7 1177s
 17044 13729 186712.159 3439  172 1053546.83    0.00000   100%  21.6 1183s
 17607 14319 196892.456 3594  172 1053546.83    0.00000   100%  21.7 1187s
 18197 14941 204288.379 3774  168 1053546.83    0.00000   100%  21.6 1193s
 18819 15439 205178.408 3955  168 1053546.83    0.00000   100%  21.4 1199s
H19109 15439                    894327.85888    0.00000   100%  21.2 1199s
 19317 15852 205887.056 4100  168 894327.859    0.00000   100%  21.2 1203s
 19730 16212 206453.894 4215  168 894327.859    0.00000   100%  21.1 1223s
H19910 16212                    830223.35157    0.00000   100%  21.0 1223s
H20090 16583                    805901.51146    0.00000   100%  21.1 1228s
H20461 17178                    783786.84767    0.00000   100%  21.2 1235s
 21056 17522 208265.571 4585  168 783786.848    0.00000   100%  21.2 1240s
H21218 17522                    769506.12575    0.00000   100%  21.2 1240s
H21400 17928                    769506.04957    0.00000   100%  21.3 1245s
H22039 18653                    769505.99450    0.00000   100%  21.4 1254s
H22297 18653                    765082.83340    0.00000   100%  21.5 1254s
 22531 18829 227129.383 4951  205 765082.833    0.00000   100%  21.6 1257s
H22707 19242                    762755.53875    0.00000   100%  21.6 1263s
H23120 19634                    762587.57038    0.00000   100%  21.9 1268s
H23512 19927                    762587.53500    0.00000   100%  22.2 1272s
 23805 20169 226548.085 5253  200 762587.535    0.00000   100%  22.5 1276s
H23907 20169                    762379.49388    0.00000   100%  22.6 1276s
H24047 20530                    762327.07329    0.00000   100%  22.7 1280s
H24224 20530                    760682.64153    0.00000   100%  22.8 1280s
H24408 20839                    760682.56534    0.00000   100%  23.0 1284s
H24717 21161                    760642.73040    0.00000   100%  23.2 1289s
H24893 21161                    760609.63530    0.00000   100%  23.3 1289s
 25039 21386 235365.039 5545  170 760609.635    0.00000   100%  23.4 1300s
 25264 21803 236312.264 5606  170 760609.635    0.00000   100%  23.7 1305s
 25681 22123 240582.274 5720  198 760609.635    0.00000   100%  23.9 1311s
H25904 22123                    760609.55911    0.00000   100%  24.0 1311s
 26001 22528 239840.213 5832  170 760609.559    0.00000   100%  24.1 1317s
 26406 22865 241550.848 5941  170 760609.559    0.00000   100%  24.4 1321s
H26591 22865                    760170.60959    0.00000   100%  24.5 1321s
H26743 23241                    760154.29509    0.00000   100%  24.6 1326s
 27119 23590 248952.761 6131  198 760154.295    0.00000   100%  24.9 1332s
H27310 23590                    758409.81681    0.00000   100%  25.0 1332s
 27468 23839 246468.894 6227  168 758409.817    0.00000   100%  25.2 1336s
 27717 24197 247114.440 6275  168 758409.817    0.00000   100%  25.5 1340s
H28075 24441                    754509.98021    0.00000   100%  25.7 1344s
 28319 24712 261261.328 6461  173 754509.980    0.00000   100%  25.8 1348s
 28590 24947 274402.661 6535  164 754509.980    0.00000   100%  25.8 1352s
 28825 25444 282933.518 6590  165 754509.980    0.00000   100%  25.9 1357s
H29129 25444                    754509.84895    0.00000   100%  25.8 1357s
H29322 25818                    754489.65781    0.00000   100%  25.9 1362s
H29527 25818                    754393.82408    0.00000   100%  25.9 1362s
 29698 26042 353906.860 6844  202 754393.824    0.00000   100%  26.0 1366s
H29922 26467                    743939.41705    0.00000   100%  26.1 1371s
H30347 26469                    743930.22176    0.00000   100%  26.2 1383s
H30348 26469                    742993.00753    0.00000   100%  26.2 1383s
 30349 26632 335504.745 7034  165 742993.008    0.00000   100%  26.2 1386s
 30512 27032 339696.082 7097  153 742993.008    0.00000   100%  26.2 1390s
H30525 27032                    742423.05068    0.00000   100%  26.2 1390s
H30912 27391                    742422.91942    0.00000   100%  26.2 1394s
H31271 27831                    741515.09210    0.00000   100%  26.2 1400s
 31711 28207 418317.605 7425  189 741515.092    0.00000   100%  26.3 1405s
H32320 28496                    741457.73506    0.00000   100%  26.4 1412s
H32321 28496                    479498.70105    0.00000   100%  26.4 1412s
 32376 28636 infeasible 7634      479498.701    0.00000   100%  26.5 1416s
H32395 28636                    478528.84418    0.00000   100%  26.5 1416s
H32555 28718                    457189.20558    0.00000   100%  26.6 1419s
H32639 28886                    456177.94592    0.00000   100%  26.7 1423s
H32740 28886                    456049.09869    0.00000   100%  26.7 1423s
 32817 29002    0.00000  338  212 456049.099    0.00000   100%  26.8 1427s
 32933 29151    0.00000  352  215 456049.099    0.00000   100%  26.9 1430s
H32982 29151                    456018.20424    0.00000   100%  26.9 1430s
 33232 29508    0.00000  412  215 456018.204    0.00000   100%  27.1 1438s
H33288 29508                    455970.90996    0.00000   100%  27.1 1438s
H33452 29573                    455450.90553    0.00000   100%  27.2 1442s
 33532 29646 5757.36418  475  225 455450.906    0.00000   100%  27.3 1445s
H33545 29646                    455423.62151    0.00000   100%  27.3 1445s
 33606 29923 10588.1411  493  210 455423.622    0.00000   100%  27.2 1451s
 34064 30497 125070.656  655  188 455423.622    0.00000   100%  27.1 1459s
 34465 30738 237533.507  792  183 455423.622    0.00000   100%  27.0 1462s
H34537 30310                    391787.66065    0.00000   100%  26.9 1462s
 34706 30627 246667.570  828  195 391787.661    0.00000   100%  27.0 1467s
H34835 30615                    391557.39204    0.00000   100%  27.0 1467s
H35024 30893                    391068.08874    0.00000   100%  27.0 1472s
H35339 30578                    357747.31328    0.00000   100%  27.0 1485s
 35606 31201    0.00000  506  204 357747.313    0.00000   100%  27.1 1495s
 36082 31685    0.00000  639  201 357747.313    0.00000   100%  27.2 1501s
H36358 31331                    351162.76511    0.00000   100%  27.1 1501s
 36566 31630 2346.35819  777  175 351162.765    0.00000   100%  27.2 1505s
 36865 32061 3220.73226  869  174 351162.765    0.00000   100%  27.1 1510s
H37098 32059                    351144.12111    0.00000   100%  27.1 1510s
H37675 32621                    350010.70548    0.00000   100%  27.3 1521s
H37988 32972                    349455.62319    0.00000   100%  27.3 1527s
 38354 33195 13749.3734 1297  189 349455.623    0.00000   100%  27.5 1532s
H38577 33442                    348399.37855    0.00000   100%  27.6 1538s
 38839 33704 15097.8910 1471  185 348399.379    0.00000   100%  27.7 1542s
 39101 34024 18778.2689 1543  185 348399.379    0.00000   100%  27.8 1547s
H39253 34016                    347506.15757    0.00000   100%  27.8 1547s
H39421 34345                    347505.75498    0.00000   100%  27.9 1553s
 39750 34544 17135.9305 1727  178 347505.755    0.00000   100%  27.9 1556s
H40206 35038                    347492.28410    0.00000   100%  28.1 1562s
 40445 35190 29923.7885 1900  195 347492.284    0.00000   100%  28.2 1570s
H40521 35186                    346406.26198    0.00000   100%  28.3 1570s
H40597 35364                    345296.06047    0.00000   100%  28.3 1573s
 40777 35625 29333.9739 2001  178 345296.060    0.00000   100%  28.4 1578s
 41038 35933 33740.0819 2065  202 345296.060    0.00000   100%  28.4 1583s
H41177 35933                    345183.33823    0.00000   100%  28.5 1583s
H41346 36184                    344629.11097    0.00000   100%  28.6 1587s
H41598 36375                    344581.49296    0.00000   100%  28.7 1591s
H41789 36653                    344581.49293    0.00000   100%  28.8 1596s
H42067 37021                    344565.80102    0.00000   100%  28.8 1602s
H42435 37478                    343527.07819    0.00000   100%  29.0 1607s
 42906 37798 91124.0002 2532  208 343527.078    0.00000   100%  29.0 1611s
 43226 38195 85779.6955 2578  199 343527.078    0.00000   100%  28.9 1615s
H43623 35007                    238173.34447    0.00000   100%  28.8 1621s
H43823 22443                    111442.42942    0.00000   100%  28.8 1621s
 43824 22611 99144.6112 2720  218 111442.429    0.00000   100%  28.8 1627s
H43849 22266                    106100.38432    0.00000   100%  28.8 1627s
H44071 22370                    104661.36024    0.00000   100%  28.8 1632s
 44229 22739    0.00000  307  212 104661.360    0.00000   100%  28.8 1637s
H44343 22718                    104423.50627    0.00000   100%  28.8 1637s
H44604 23084                    104400.35468    0.00000   100%  28.7 1642s
 44981 23481    0.00000  426  213 104400.355    0.00000   100%  28.6 1649s
H45150 23479                    104359.84586    0.00000   100%  28.6 1649s
 45406 23640    0.00000  510  229 104359.846    0.00000   100%  28.5 1653s
 45593 23770 44203.7995  531  251 104359.846    0.00000   100%  28.5 1669s
 45743 23945 4527.97694  652  179 104359.846    0.00000   100%  28.5 1673s
 45919 24248 10522.0791  715  176 104359.846    0.00000   100%  28.4 1678s
 46222 24594 14421.7187  793  192 104359.846    0.00000   100%  28.4 1683s
H46343 22959                    80221.795194    0.00000   100%  28.4 1683s
 46568 23287 13134.2752  854  175 80221.7952    0.00000   100%  28.4 1688s
H46779 23266                    79846.590311    0.00000   100%  28.3 1688s
 46930 23533 14632.5097  959  173 79846.5903    0.00000   100%  28.4 1692s
 47249 23763 14223.7576 1064  168 79846.5903    0.00000   100%  28.4 1696s
 47507 24071 14732.5336 1147  169 79846.5903    0.00000   100%  28.5 1701s
 47825 24422 18456.2072 1269  182 79846.5903    0.00000   100%  28.5 1706s
 48204 24633 20175.6061 1394  176 79846.5903    0.00000   100%  28.6 1712s
 48421 24800 21886.6128 1496  195 79846.5903    0.00000   100%  28.6 1715s
 48606 25077 32517.6518 1558  187 79846.5903    0.00000   100%  28.6 1721s
 49166 25637 38237.7192 1752  191 79846.5903    0.00000   100%  28.8 1730s
H49561 25964                    79708.547301    0.00000   100%  28.8 1735s
 49907 26339 38971.2320 1935  199 79708.5473    0.00000   100%  28.7 1741s
H50069 26257                    78456.983214    0.00000   100%  28.7 1741s
H50392 26574                    78444.515454    0.00000   100%  28.7 1749s
H50541 26574                    78443.928586    0.00000   100%  28.7 1749s
H50602 26760                    78103.390971    0.00000   100%  28.7 1753s
H50821 26760                    78055.581414    0.00000   100%  28.7 1765s
H50822 26760                    78050.963139    0.00000   100%  28.7 1765s
H50849 27011                    77980.753691    0.00000   100%  28.7 1769s
H51083 27005                    76728.383912    0.00000   100%  28.8 1771s
 51208 27316 infeasible 2323      76728.3839    0.00000   100%  28.8 1776s
 51537 27664 7410.28719  658  195 76728.3839    0.00000   100%  28.7 1780s
H51727 27040                    67315.549583    0.00000   100%  28.6 1780s
 51885 27514 8335.17170  805  185 67315.5496    0.00000   100%  28.6 1786s
 52359 27901 11056.6012  997  181 67315.5496    0.00000   100%  28.5 1792s
H52505 27848                    65485.488821    0.00000   100%  28.4 1792s
 52746 28152 11559.4981 1126  179 65485.4888    0.00000   100%  28.4 1796s
 53050 28500 13139.2068 1294  176 65485.4888    0.00000   100%  28.3 1800s
H53708 22138                    27117.473881    0.00000   100%  28.2 1810s
 53964 22229    0.00000  563  197 27117.4739    0.00000   100%  28.2 1817s
H54145 18847                    19178.093699    0.00000   100%  28.2 1817s
 54162 19200 12791.8853  673  187 19178.0937    0.00000   100%  28.2 1823s
H54173 18689                    18167.982393    0.00000   100%  28.2 1823s
H54399 18591                    17925.366451    0.00000   100%  28.1 1823s
H54592  4065                     527.0943813    0.00000   100%  28.1 1827s
 54718  4168    0.00000  525  203  527.09438    0.00000   100%  28.1 1831s
H54811  4167                     517.1114511    0.00000   100%  28.1 1831s
H54963  4218                     517.0991893    0.00000   100%  28.1 1835s
H55082  4448                     157.0376090    0.00000   100%  28.1 1839s
 55364  4644    0.00000  525  190  157.03761    0.00000   100%  28.0 1844s
 55615  4694    0.00000  585  198  157.03761    0.00000   100%  27.9 1847s
H55694  4694                     157.0140599    0.00000   100%  27.9 1847s
 55697  4852    0.00000  158  250  157.01406    0.00000   100%  27.9 1851s
H55720   266                       0.0000000    0.00000  0.00%  27.9 1851s

Cutting planes:
  Implied bound: 11
  MIR: 121

Explored 55881 nodes (1561297 simplex iterations) in 1852.11 seconds (1678.94 work units)
Thread count was 2 (of 24 available processors)

Solution count 10: 0 157.014 157.038 ... 65485.5

Optimal solution found (tolerance 6.74e-08)
Best objective 0.000000000000e+00, best bound 0.000000000000e+00, gap 0.0000%
