
Gurobi 11.0.3 (linux64, Java) logging started qui 26 dez 2024 14:36:59 -03

Set parameter Username
Academic license - for non-commercial use only - expires 2025-10-10
Set parameter NonConvex to value 2
Set parameter TimeLimit to value 3600
Set parameter LogToConsole to value 0
Set parameter MIPGap to value 6.73850205920109e-08
Set parameter Threads to value 2
Set parameter NodefileDir to value "/home/ps12398/experiment_epec/goalProgrammingMarcos/"
Set parameter NodefileStart to value 1
Gurobi Optimizer version 11.0.3 build v11.0.3rc0 (linux64)

CPU model: Intel(R) Xeon(R) CPU           X5650  @ 2.67GHz, instruction set [SSE2]
Thread count: 12 physical cores, 24 logical processors, using up to 2 threads

Optimize a model with 81722 rows, 56288 columns and 621716 nonzeros
Model fingerprint: 0x1a654e97
Model has 172 quadratic constraints
Variable types: 28062 continuous, 28226 integer (167 binary)
Coefficient statistics:
  Matrix range     [6e-03, 4e+06]
  QMatrix range    [6e-03, 7e+04]
  QLMatrix range   [1e+00, 7e+04]
  Objective range  [1e+00, 3e+07]
  Bounds range     [1e+00, 1e+08]
  RHS range        [1e+00, 2e+06]
  QRHS range       [3e-03, 3e-03]
Presolve removed 81093 rows and 55268 columns
Presolve time: 0.32s
Presolved: 1204 rows, 1205 columns, 61261 nonzeros
Presolved model has 2 SOS constraint(s)
Presolved model has 167 bilinear constraint(s)

Solving non-convex MIQCP

Variable types: 524 continuous, 681 integer (169 binary)
Found heuristic solution: objective 8568920.2880

Root relaxation: objective 3.205535e+06, 362 iterations, 0.05 seconds (0.02 work units)

    Nodes    |    Current Node    |     Objective Bounds      |     Work
 Expl Unexpl |  Obj  Depth IntInf | Incumbent    BestBd   Gap | It/Node Time

     0     0 3205535.26    0  270 8568920.29 3205535.26  62.6%     -    0s
     0     0 4335820.06    0  251 8568920.29 4335820.06  49.4%     -    1s
     0     0 4345696.29    0  264 8568920.29 4345696.29  49.3%     -    1s
     0     0 4346044.57    0  268 8568920.29 4346044.57  49.3%     -    1s
     0     0 4346162.65    0  270 8568920.29 4346162.65  49.3%     -    2s
     0     0 4346183.59    0  270 8568920.29 4346183.59  49.3%     -    2s
H    0     0                    5710803.9974 4346183.59  23.9%     -    2s
H    0     0                    5710491.8333 4346183.59  23.9%     -    2s
     0     2 4346183.59    0  270 5710491.83 4346183.59  23.9%     -    2s
   786   842 4347786.53  323  261 5710491.83 4346191.21  23.9%   1.0    5s
H 2791  2965                    5671586.5114 4346191.21  23.4%   1.0   10s
  3711  3711 4431610.13  599  141 5671586.51 4431610.13  21.9%   1.2   15s
  3882  3945 4432383.04   74  237 5671586.51 4431983.21  21.9%   1.5   20s
H 4466  4113                    5225144.1438 4431983.21  15.2%   1.6   21s
H 4745  4160                    5225139.6075 4431983.21  15.2%   1.7   22s
H 4962  4091                    5198535.4699 4431983.21  14.7%   1.7   23s
  5367  4498 4433347.02  451  182 5198535.47 4431983.21  14.7%   1.9   25s
H 5579  4447                    5198278.5576 4431983.21  14.7%   1.9   26s
H 5866  4373                    5196316.1020 4431983.21  14.7%   2.0   27s
H 6047  4354                    5196316.0836 4431983.21  14.7%   2.0   28s
  6462  4764 4433815.29  763  182 5196316.08 4431983.21  14.7%   2.1   30s
H 6608  4579                    5196297.2860 4431983.21  14.7%   2.1   30s
  7756  5484 4434297.77 1096  182 5196297.29 4431983.21  14.7%   2.2   36s
H 7758  5353                    5148836.3253 4431983.21  13.9%   2.2   36s
  8971  6311 4434750.40 1396  181 5148836.33 4431983.21  13.9%   2.4   41s
H 9489  6317                    5148835.4518 4431983.21  13.9%   2.4   42s
 10324  7102 4435259.98 1745  181 5148835.45 4431983.21  13.9%   2.5   46s
 11369  7898 4435633.44 2008  180 5148835.45 4431983.21  13.9%   2.4   50s
 12607  9229 4435989.75 2295  172 5148835.45 4431983.21  13.9%   2.8   55s
 14036 10651 4436560.10 2657  171 5148835.45 4431983.21  13.9%   2.6   60s
H14374 10945                    5146555.5094 4431983.21  13.9%   2.6   62s
H14958 11292                    5146555.4902 4431983.21  13.9%   2.6   63s
 15371 12026 4436925.01 2973  169 5146555.49 4431983.21  13.9%   2.6   66s
H16471 13067                    5146458.5600 4431983.21  13.9%   2.5   69s
 16790 13413 4437441.93 3322  168 5146458.56 4431983.21  13.9%   2.5   70s
H18223 14825                    5146201.3779 4431983.21  13.9%   2.5   74s
 18548 15181 4438381.46 3755  167 5146201.38 4431983.21  13.9%   2.5   75s
H19272 15872                    5145246.0821 4431983.21  13.9%   2.5   76s
 20579 17075 4440760.99 4271  167 5145246.08 4431983.21  13.9%   2.5   80s
 21838 18441 4441708.48 4582  166 5145246.08 4431983.21  13.9%   2.5   85s
 23216 19806 4441876.84 4922  165 5145246.08 4431983.21  13.9%   2.5   90s
 24595 21232 4442001.34 5263  163 5145246.08 4431983.21  13.9%   2.4   95s
 26313 22876 4442089.53 5697  164 5145246.08 4431983.21  13.9%   2.4  101s
 27600 24182 4442152.60 5733  160 5145246.08 4431983.21  13.9%   2.4  105s
 29460 26039 4442148.54 5733  163 5145246.08 4431983.21  13.9%   2.4  110s
 30753 27229 4432310.72   85  233 5145246.08 4432011.73  13.9%   2.4  115s
 32009 28321 4433151.20  390  182 5145246.08 4432011.73  13.9%   2.4  120s
 33198 29771 4433549.40  680  176 5145246.08 4432011.73  13.9%   2.4  125s
 34615 31237 4434055.71 1038  176 5145246.08 4432011.73  13.9%   2.4  131s
 36196 32781 4434656.66 1442  175 5145246.08 4432011.73  13.9%   2.4  135s
 38287 34892 4435431.23 1976  175 5145246.08 4432011.73  13.9%   2.4  140s
 40168 36759 4437442.76 2447  174 5145246.08 4432011.73  13.9%   2.4  145s
 42388 39043 4438717.39 3009  166 5145246.08 4432011.73  13.9%   2.3  150s
 44395 40953 4439462.14 3526  165 5145246.08 4432011.73  13.9%   2.3  155s
 46625 43249 4440156.78 4090  162 5145246.08 4432011.73  13.9%   2.3  160s
 48595 45184 4440336.17 4587  159 5145246.08 4432011.73  13.9%   2.3  165s
 50875 47408 4440497.65 5155  159 5145246.08 4432011.73  13.9%   2.3  170s
 53056 49606 4440646.45 5695  160 5145246.08 4432011.73  13.9%   2.3  175s
 54886 51475 4440710.82 5735  158 5145246.08 4432011.73  13.9%   2.2  180s
 56445 53011 4440738.71 5733  156 5145246.08 4432011.73  13.9%   2.2  185s
 57689 54191 4432433.10  134  190 5145246.08 4432014.67  13.9%   2.2  190s
 58969 55519 4433275.24  458  177 5145246.08 4432014.67  13.9%   2.2  195s
 60333 56869 4433759.17  804  178 5145246.08 4432014.67  13.9%   2.2  200s
 61714 58268 4434289.49 1164  177 5145246.08 4432014.67  13.9%   2.2  205s
 62851 59378 4434693.66 1454  178 5145246.08 4432014.67  13.9%   2.2  210s
 64257 60833 4435215.78 1811  177 5145246.08 4432014.67  13.9%   2.2  215s
 66354 62936 4436414.91 2334  165 5145246.08 4432014.67  13.9%   2.2  220s
 67914 64526 4436862.85 2713  163 5145246.08 4432014.67  13.9%   2.2  226s
 69201 65817 4437310.78 3028  163 5145246.08 4432014.67  13.9%   2.2  230s
 70781 67399 4437875.26 3424  163 5145246.08 4432014.67  13.9%   2.2  236s
 72038 68660 4438115.93 3746  162 5145246.08 4432014.67  13.9%   2.3  240s
 73917 70502 4438277.79 4220  160 5145246.08 4432014.67  13.9%   2.3  245s
 75533 72126 4438428.63 4627  159 5145246.08 4432014.67  13.9%   2.3  250s
 76804 73387 4438484.19 4946  160 5145246.08 4432014.67  13.9%   2.3  255s
 78678 75257 4438676.90 5403  157 5145246.08 4432014.67  13.9%   2.3  260s
H79809 76244                    5145234.8790 4432014.67  13.9%   2.3  262s
H80908 77458                    5145232.8455 4432014.67  13.9%   2.2  265s
H81787 78371                    5143095.5489 4432014.67  13.8%   2.2  267s
H82265 78580                    5142684.2570 4432014.67  13.8%   2.2  268s
 82619 79204 4438802.31 5735  151 5142684.26 4432014.67  13.8%   2.2  270s
H82853 79204                    5142457.5561 4432014.67  13.8%   2.2  270s
 84140 80661 4432297.24   85  232 5142457.56 4432038.44  13.8%   2.2  275s
 85242 81800 4433186.66  362  178 5142457.56 4432038.44  13.8%   2.2  280s
 86588 83124 4433661.94  706  179 5142457.56 4432038.44  13.8%   2.3  285s
H87162 83657                    5139708.3492 4432038.44  13.8%   2.3  288s
 87659 84176 4434042.87  972  179 5139708.35 4432038.44  13.8%   2.3  290s
 89031 85636 4434517.10 1303  179 5139708.35 4432038.44  13.8%   2.3  295s
 90314 86855 4434971.03 1620  179 5139708.35 4432038.44  13.8%   2.3  300s
 91790 88321 4435484.63 1987  177 5139708.35 4432038.44  13.8%   2.3  305s
H93148 89599                    5139654.7812 4432038.44  13.8%   2.3  309s
 93322 89896 4437448.29 2352  175 5139654.78 4432038.44  13.8%   2.3  310s
 95008 91620 4440099.81 2779  174 5139654.78 4432038.44  13.8%   2.3  315s
 97046 93655 4442061.97 3266  163 5139654.78 4432038.44  13.8%   2.3  320s
 99297 95880 4442289.50 3799  164 5139654.78 4432038.44  13.8%   2.3  325s
 101532 98062 4442981.01 4362  163 5139654.78 4432038.44  13.8%   2.3  330s
 103448 100031 4443966.09 4836  162 5139654.78 4432038.44  13.8%   2.3  335s
 105538 102148 4445216.04 5365  159 5139654.78 4432038.44  13.8%   2.3  340s
H105883 102182                    5139654.7786 4432038.44  13.8%   2.3  341s
H106715 103138                    5138536.7777 4432038.44  13.7%   2.3  345s
 107994 104595 4433416.47  300  184 5138536.78 4432040.21  13.7%   2.3  350s
H108995 105391                    5138520.4215 4432040.21  13.7%   2.3  353s
H109096 105391                    5137860.5699 4432040.21  13.7%   2.3  353s
H109212 105693                    5137492.1838 4432040.21  13.7%   2.3  354s
 109416 106048 4433717.75  531  176 5137492.18 4432040.21  13.7%   2.3  355s
H109771 106345                    5137408.4446 4432040.21  13.7%   2.3  356s
 110859 107410 4434336.66  965  175 5137408.44 4432040.21  13.7%   2.3  360s
 112357 108898 4435160.55 1533  175 5137408.44 4432040.21  13.7%   2.3  365s
 113816 110403 4435885.81 2033  175 5137408.44 4432040.21  13.7%   2.3  370s
 115135 111793 4436248.88 2606  168 5137408.44 4432040.21  13.7%   2.3  375s
 116885 113527 4437602.44 3552  163 5137408.44 4432040.21  13.7%   2.3  380s
 118416 115112 4437845.40 4365  157 5137408.44 4432040.21  13.7%   2.3  385s
 120135 116731 4438072.01 5174  156 5137408.44 4432040.21  13.7%   2.3  390s
 121789 118364 4438222.00 5734  154 5137408.44 4432040.21  13.7%   2.2  395s
 123120 119744 4438238.99 5734  155 5137408.44 4432040.21  13.7%   2.2  400s
 124764 121409 4438304.65 5734  152 5137408.44 4432040.21  13.7%   2.2  405s
 126430 123018 4433595.46  341  178 5137408.44 4432045.69  13.7%   2.2  410s
 128173 124792 4434866.11 1199  178 5137408.44 4432045.69  13.7%   2.2  415s
 129676 126206 4435639.93 1736  176 5137408.44 4432045.69  13.7%   2.2  420s
H129929 126327                    5136213.8944 4432045.69  13.7%   2.2  421s
H130945 127567                    5136083.0225 4432045.69  13.7%   2.2  423s
H131502 127905                    5136041.4190 4432045.69  13.7%   2.2  424s
H131628 128126                    5131815.4394 4432045.69  13.6%   2.2  425s
H132359 128767                    5131787.6992 4432045.69  13.6%   2.2  427s
H132490 129007                    5131752.6554 4432045.69  13.6%   2.2  427s
 133661 130167 4437658.55 3804  158 5131752.66 4432045.69  13.6%   2.2  430s
H135400 131866                    5131699.0868 4432045.69  13.6%   2.1  434s
 135589 132256 4437954.45 4845  158 5131699.09 4432045.69  13.6%   2.1  435s
H136664 133227                    5131600.5280 4432045.69  13.6%   2.1  437s
H137771 134254                    5131590.3250 4432045.69  13.6%   2.1  439s
H137883 134254                    5131542.5378 4432045.69  13.6%   2.1  439s
 137977 134549 4438188.97 5735  157 5131542.54 4432045.69  13.6%   2.1  440s
H139081 135359                    5130974.2622 4432045.69  13.6%   2.1  442s
 140075 136724 4438227.69 5733  155 5130974.26 4432045.69  13.6%   2.1  445s
H141415 137947                    5130974.2317 4432045.69  13.6%   2.1  448s
 141902 138522 4432997.09  223  190 5130974.23 4432050.42  13.6%   2.1  450s
 143427 140027 4433963.52  657  179 5130974.23 4432050.42  13.6%   2.1  455s
 144912 141503 4434557.26 1066  179 5130974.23 4432050.42  13.6%   2.1  460s
 146270 142861 4435188.43 1496  179 5130974.23 4432050.42  13.6%   2.1  465s
H147937 144258                    5130973.6908 4432050.42  13.6%   2.1  469s
 147981 144573 4435728.90 2062  174 5130973.69 4432050.42  13.6%   2.1  470s
H148577 145168                    5130952.7973 4432050.42  13.6%   2.1  472s
H149436 145849                    5130952.7557 4432050.42  13.6%   2.1  474s
 149572 146195 4436494.26 2765  170 5130952.76 4432050.42  13.6%   2.1  475s
H149918 146513                    5130952.5892 4432050.42  13.6%   2.1  476s
H151091 147615                    5130773.2567 4432050.42  13.6%   2.1  481s
 152547 149125 4437633.83 4406  158 5130773.26 4432050.42  13.6%   2.1  485s
H152754 149125                    5125609.6628 4432050.42  13.5%   2.1  485s
H153977 150371                    5125609.6619 4432050.42  13.5%   2.1  489s
H154094 150663                    5125295.5128 4432050.42  13.5%   2.1  490s
H155381 151789                    5125086.4612 4432050.42  13.5%   2.1  494s
H155381 151789                    5124554.0932 4432050.42  13.5%   2.1  494s
 155512 152046 4437986.44 5730  157 5124554.09 4432050.42  13.5%   2.1  495s
H156534 153054                    5124534.4710 4432050.42  13.5%   2.1  499s
H156671 153054                    5123579.2456 4432050.42  13.5%   2.1  500s
H157651 154198                    5123547.0272 4432050.42  13.5%   2.1  504s
 157921 154494 4438029.99 5735  153 5123547.03 4432050.42  13.5%   2.1  505s
H158516 154941                    5123547.0132 4432050.42  13.5%   2.1  507s
 159274 155894 4433277.87  261  187 5123547.01 4432052.73  13.5%   2.1  510s
 160909 157514 4434018.92  430  180 5123547.01 4432052.73  13.5%   2.1  515s
 162451 159039 4435102.44 1151  177 5123547.01 4432052.73  13.5%   2.1  520s
 163711 160288 4436010.46 1777  177 5123547.01 4432052.73  13.5%   2.1  525s
 165231 161839 4436531.95 2454  170 5123547.01 4432052.73  13.5%   2.1  530s
 166863 163402 4437843.70 3375  170 5123547.01 4432052.73  13.5%   2.1  535s
 168259 164910 4437959.88 3584  167 5123547.01 4432052.73  13.5%   2.1  540s
 169923 166586 4438126.86 4070  158 5123547.01 4432052.73  13.5%   2.0  545s
H171345 167642                    5123461.4741 4432052.73  13.5%   2.0  550s
 172609 169197 4438516.34 5512  157 5123461.47 4432052.73  13.5%   2.0  555s
H174186 170741                    5123297.2301 4432052.73  13.5%   2.0  559s
 174464 171008 4438598.69 5734  157 5123297.23 4432052.73  13.5%   2.0  560s
 176306 172832 4438608.28 5735  155 5123297.23 4432052.73  13.5%   2.0  565s
H177436 173815                    5123295.0484 4432053.92  13.5%   2.0  569s
 177538 174064 4599075.34  466  159 5123295.05 4432053.92  13.5%   2.0  570s
H178586 174995                    5123264.3541 4432053.92  13.5%   2.0  574s
H178640 174995                    5122382.1525 4432053.92  13.5%   2.0  574s
 178791 175205     cutoff 1016      5122382.15 4432053.92  13.5%   2.0  575s
H179084 175495                    5119772.2915 4432054.24  13.4%   2.0  576s
H179602 176076                    5118757.9136 4432054.24  13.4%   2.0  579s
 179900 176345 4434945.73  531  181 5118757.91 4432054.24  13.4%   2.0  580s
H180812 177134                    5118655.9306 4432054.24  13.4%   2.0  583s
 181218 177694 4437852.43 1126  177 5118655.93 4432054.24  13.4%   2.0  585s
 182463 179019 4441030.32 1764  173 5118655.93 4432054.24  13.4%   2.0  590s
 184485 180972 4442811.18 2832  172 5118655.93 4432054.24  13.4%   2.0  595s
 185911 182367 4445336.38 3570  171 5118655.93 4432054.24  13.4%   2.0  600s
 187313 183757 4450646.94 4262  170 5118655.93 4432054.24  13.4%   2.0  605s
H187413 183757                    5118614.6757 4432054.24  13.4%   2.0  605s
H187549 183757                    5118159.6108 4432054.24  13.4%   2.0  605s
 188422 184924 4452528.86 4745  168 5118159.61 4432054.24  13.4%   2.0  610s
H188748 185123                    5117352.1241 4432054.24  13.4%   2.0  611s
H190005 186328                    5114948.0464 4432054.24  13.4%   2.0  614s
 190152 186656 4686653.38 5581  163 5114948.05 4432054.24  13.4%   2.0  615s
 192483 188714 4852946.91 5735  161 5114948.05 4432054.24  13.4%   2.0  621s
H192484 188702                    5102571.4643 4432054.24  13.1%   2.0  621s
H192752 188985                    5102545.9279 4432054.24  13.1%   2.0  623s
H193100 189599                    5102447.7188 4432054.24  13.1%   2.0  625s
H193873 190167                    5102447.6877 4432054.24  13.1%   2.0  628s
 194348 190798 4892714.82 5735  156 5102447.69 4432054.24  13.1%   2.0  630s
H194943 191389                    5102375.4888 4432054.24  13.1%   2.0  633s
 195471 191941 4521086.62  126  221 5102375.49 4432054.89  13.1%   2.0  635s
 196442 192855 4521744.04  287  191 5102375.49 4432054.89  13.1%   2.0  640s
 197450 193825 4522283.23  450  178 5102375.49 4432054.89  13.1%   2.0  646s
H197556 193825                    5102374.5879 4432054.89  13.1%   2.0  646s
H197990 194310                    5102355.6339 4432054.89  13.1%   2.0  648s
 198729 195275 4523416.31  758  162 5102355.63 4432054.89  13.1%   2.0  651s
 200006 196552 4525177.79 1059  163 5102355.63 4432054.89  13.1%   2.0  655s
 201339 197887 4527017.35 1372  162 5102355.63 4432054.89  13.1%   2.0  660s
 202758 198924 4528804.13 1677  162 5102355.63 4432054.89  13.1%   2.0  667s
 203197 199579 4528942.88 1780  159 5102355.63 4432054.89  13.1%   2.0  670s
 204191 200634 4529317.10 2072  157 5102355.63 4432054.89  13.1%   2.0  675s
 205787 202280 4529749.30 2425  158 5102355.63 4432054.89  13.1%   2.0  681s
H206301 202656                    5102355.1933 4432054.89  13.1%   2.0  682s
 207192 203668 4530180.87 2764  157 5102355.19 4432054.89  13.1%   2.0  685s
H207504 203869                    5101505.1742 4432054.89  13.1%   2.0  686s
H207880 204171                    5101451.4505 4432054.89  13.1%   2.0  690s
H208896 205285                    5100343.3470 4432054.89  13.1%   2.0  694s
 209121 205553 4531074.59 3480  157 5100343.35 4432054.89  13.1%   2.0  695s
H209784 206029                    5100335.1544 4432054.89  13.1%   2.0  696s
H210155 206510                    5093232.6334 4432054.89  13.0%   2.0  698s
H210551 206812                    5093092.8841 4432054.89  13.0%   2.0  699s
 210648 207084 4531704.00 3991  158 5093092.88 4432054.89  13.0%   2.0  700s
H211912 208173                    5092507.4547 4432054.89  13.0%   2.0  704s
 212009 208460 4532256.93 4433  158 5092507.45 4432054.89  13.0%   2.0  705s
H212200 208460                    5092498.5267 4432054.89  13.0%   2.0  705s
 212750 209218 4532593.52 4704  158 5092498.53 4432054.89  13.0%   2.0  710s
 214048 210583 4533029.61 5053  158 5092498.53 4432054.89  13.0%   2.0  715s
 215531 212044 4533516.10 5436  157 5092498.53 4432054.89  13.0%   2.0  720s
 216819 213424 4533877.81 5732  157 5092498.53 4432054.89  13.0%   2.0  725s
 218124 214290 4533901.81 5733  154 5092498.53 4432054.89  13.0%   2.0  731s
 219017 215533 4533919.64 5735  153 5092498.53 4432054.89  13.0%   2.0  736s
 220516 216980 4533910.40 5735  157 5092498.53 4432054.89  13.0%   1.9  741s
 221842 218326 4591045.83  276  223 5092498.53 4432054.89  13.0%   1.9  746s
H222987 219315                    5092463.6101 4432054.89  13.0%   1.9  748s
 223151 219407 4596594.98  706  182 5092463.61 4432054.89  13.0%   1.9  752s
H223197 219407                    5092463.6085 4432054.89  13.0%   1.9  752s
 223657 220152 4596996.12  813  182 5092463.61 4432054.89  13.0%   1.9  755s
H224244 220553                    5089611.2600 4432054.89  12.9%   1.9  757s
 224715 220990 5038109.36 1373  174 5089611.26 4432054.89  12.9%   1.9  760s
 226076 222534 5051741.09 1806  165 5089611.26 4432054.89  12.9%   1.9  765s
H227306 223646                    5089611.1863 4432056.67  12.9%   1.9  769s
 227534 224007 4686178.34  501  146 5089611.19 4432056.67  12.9%   1.9  770s
 228182 224424     cutoff  773      5089611.19 4432056.67  12.9%   1.9  775s
H228440 224635                    5089034.6698 4432056.67  12.9%   1.9  777s
 228851 225116 4518508.41  169  200 5089034.67 4432056.67  12.9%   1.9  780s
H229044 225116                    5088993.5719 4432056.67  12.9%   1.9  780s
 229917 226238 4519812.05  444  194 5088993.57 4432056.67  12.9%   1.9  785s
H230206 226512                    5088258.9304 4432056.67  12.9%   1.9  786s
H230646 226828                    5083173.0765 4432056.67  12.8%   1.9  787s
H230959 227204                    5083120.1283 4432056.67  12.8%   1.9  788s
 231172 227521 4522418.24  907  185 5083120.13 4432056.67  12.8%   1.9  790s
H231311 227521                    5082925.3900 4432056.67  12.8%   1.9  790s
 232771 229165 4526862.97 1593  181 5082925.39 4432056.67  12.8%   1.9  795s
 233477 229800 4528945.81 1870  181 5082925.39 4432056.67  12.8%   1.9  800s
 234491 230901 4531752.79 2300  176 5082925.39 4432056.67  12.8%   1.9  805s
 235901 232283 4535663.03 2891  173 5082925.39 4432056.67  12.8%   1.9  811s
 237028 233422 4538491.12 3418  170 5082925.39 4432056.67  12.8%   1.9  815s
 238535 234593 4564682.67 4192  174 5082925.39 4432056.67  12.8%   1.9  823s
 238883 235205 4566139.03 4363  172 5082925.39 4432056.67  12.8%   1.9  825s
 240109 236512 4567607.01 4912  165 5082925.39 4432056.67  12.8%   1.9  830s
 241633 238053 4570876.64 5734  162 5082925.39 4432056.67  12.8%   1.9  835s
 243040 239449 4572215.04 5734  159 5082925.39 4432056.67  12.8%   1.9  840s
 243735 239769 4571359.05 5735  159 5082925.39 4432056.67  12.8%   1.9  845s
 244101 240443 4571346.26 5731  160 5082925.39 4432056.67  12.8%   1.9  850s
 245472 241883 4572347.95 5733  158 5082925.39 4432057.61  12.8%   1.9  855s
 246613 242913 4902287.86  367  169 5082925.39 4432057.61  12.8%   1.9  860s
 247790 244028 4619384.21  151  194 5082925.39 4432058.20  12.8%   1.9  865s
 248656 244910 4624374.46  227  160 5082925.39 4432058.20  12.8%   1.9  871s
 249795 246005 4667741.98  323  180 5082925.39 4432058.20  12.8%   1.9  875s
 250865 246961 4773310.11  398  186 5082925.39 4432058.20  12.8%   1.9  880s
 251984 248145 4942261.10  526  171 5082925.39 4432058.20  12.8%   1.9  885s
 252874 248842 5052706.94  612  175 5082925.39 4432059.76  12.8%   1.9  890s
 253813 249894 4584752.38  403  174 5082925.39 4432059.76  12.8%   1.9  895s
 254146 250114 4677446.78  589  162 5082925.39 4432059.76  12.8%   1.9  900s
 255600 251587 4526053.25  198  250 5082925.39 4432059.92  12.8%   1.9  906s
 256572 252485 4533766.11  639  205 5082925.39 4432059.92  12.8%   1.9  910s
 257714 253666 4536371.57  922  199 5082925.39 4432059.92  12.8%   1.9  915s
 258894 254838 4539711.20 1265  197 5082925.39 4432059.92  12.8%   1.9  921s
 259254 255170 4540913.94 1389  196 5082925.39 4432059.92  12.8%   1.9  925s
 260445 256332 4545766.64 1792  195 5082925.39 4432059.92  12.8%   1.9  930s
 261622 257191 4553717.07 2299  194 5082925.39 4432059.92  12.8%   1.9  935s
 262744 258310 4560476.00 2826  194 5082925.39 4432059.92  12.8%   1.9  940s
 263683 259335 4569730.38 3382  194 5082925.39 4432059.92  12.8%   1.9  945s
 264394 259899 4575593.98 3733  194 5082925.39 4432059.92  12.8%   1.9  950s
 265415 260952 4582151.91 4252  189 5082925.39 4432059.92  12.8%   1.9  955s
 266352 261935 4585812.11 4743  189 5082925.39 4432059.92  12.8%   1.9  960s
 267720 263362 4591878.25 5469  180 5082925.39 4432059.92  12.8%   1.9  965s
 268884 264534 4524184.71  281  222 5082925.39 4432062.23  12.8%   1.9  970s
 269504 265042 4526040.61  591  199 5082925.39 4432062.23  12.8%   1.9  975s
 270450 265986 4530753.30 1057  193 5082925.39 4432062.23  12.8%   1.9  980s
 271629 267351 4536225.00 1661  187 5082925.39 4432062.23  12.8%   1.9  985s
 273163 268831 4541927.64 2317  188 5082925.39 4432062.23  12.8%   1.9  990s
 274663 269979 4548800.32 2905  188 5082925.39 4432062.23  12.8%   1.9  997s
 275250 270924 4551982.67 3172  187 5082925.39 4432062.23  12.8%   1.9 1000s
 276535 272162 4558885.62 3719  187 5082925.39 4432062.23  12.8%   1.9 1005s
 277802 273470 4563341.81 4224  185 5082925.39 4432062.23  12.8%   1.9 1010s
 278826 274586 4566532.74 4691  184 5082925.39 4432062.23  12.8%   1.9 1015s
 279796 275112 4569208.39 5031  176 5082925.39 4432062.23  12.8%   1.9 1025s
 280580 276186 4570939.45 5285  175 5082925.39 4432062.23  12.8%   1.9 1031s
 281512 277098 4572000.57 5651  170 5082925.39 4432062.23  12.8%   1.9 1035s
 282829 278507 4574259.45 5735  168 5082925.39 4432062.23  12.8%   1.9 1040s
 284216 279873 4572751.90 5734  171 5082925.39 4432062.23  12.8%   1.9 1045s
 284930 280567 4640862.15   97  237 5082925.39 4432063.14  12.8%   1.9 1050s
 286186 281759 5046131.48  537  197 5082925.39 4432063.14  12.8%   1.9 1055s
 287394 282959 5046667.38  642  197 5082925.39 4432063.14  12.8%   1.9 1060s
 288735 284350 5049037.36  859  188 5082925.39 4432063.14  12.8%   1.9 1065s
 290031 285267 4513565.52  343  223 5082925.39 4432063.94  12.8%   1.9 1072s
 290302 285923 4514087.48  490  214 5082925.39 4432063.94  12.8%   1.9 1075s
 291831 287354 4517230.51 1086  199 5082925.39 4432063.94  12.8%   1.9 1080s
 293458 289076 4520613.01 1682  197 5082925.39 4432063.94  12.8%   1.9 1086s
 294570 290029 4523208.72 2030  194 5082925.39 4432063.94  12.8%   1.9 1090s
 295170 290626 4526280.63 2352  194 5082925.39 4432063.94  12.8%   1.9 1095s
 296333 291850 4531120.24 2867  189 5082925.39 4432063.94  12.8%   1.9 1100s
 297989 293561 4538295.25 3620  184 5082925.39 4432063.94  12.8%   1.9 1105s
 299527 295034 4544800.73 4299  182 5082925.39 4432063.94  12.8%   1.9 1110s
 300289 295750 4547091.70 4651  181 5082925.39 4432063.94  12.8%   1.9 1116s
 301773 297329 4552611.88 5357  178 5082925.39 4432063.94  12.8%   1.9 1120s
 303697 299242 4559019.20 5735  177 5082925.39 4432063.94  12.8%   1.9 1125s
 305190 300696 4560142.91 5734  175 5082925.39 4432063.94  12.8%   1.9 1132s
 306072 301624 4559398.00 5735  174 5082925.39 4432063.94  12.8%   1.9 1135s
 307491 302980 4576003.27  128  195 5082925.39 4432066.72  12.8%   1.9 1141s
 308578 304052 4645346.63  256  167 5082925.39 4432066.72  12.8%   1.9 1145s
 309775 305248 4800906.36  356  178 5082925.39 4432066.72  12.8%   1.9 1151s
 310445 305900 4908197.55  410  169 5082925.39 4432066.72  12.8%   1.9 1157s
 311014 306485 5007293.60  452  169 5082925.39 4432066.72  12.8%   1.9 1160s
 312345 307838 4530136.46  336  213 5082925.39 4432067.29  12.8%   1.9 1165s
 314028 309491 4534865.39  967  189 5082925.39 4432067.29  12.8%   1.9 1170s
 315626 311044 4539962.94 1540  189 5082925.39 4432067.29  12.8%   1.9 1178s
 316179 311615 4542016.65 1777  192 5082925.39 4432067.29  12.8%   1.9 1180s
 318106 313501 4561732.75 2482  190 5082925.39 4432067.29  12.8%   1.9 1186s
 319495 314957 4569345.75 3081  190 5082925.39 4432067.29  12.8%   1.9 1190s
 321002 316030 4578659.33 3811  189 5082925.39 4432067.29  12.8%   1.9 1197s
 321377 316633 4580515.87 4006  187 5082925.39 4432067.29  12.8%   1.9 1200s
 322408 317755 4584397.80 4483  187 5082925.39 4432067.29  12.8%   1.9 1205s
 324100 319237 4606780.17 5236  179 5082925.39 4432067.29  12.8%   1.9 1211s
 325201 320033 4616352.48 5734  173 5082925.39 4432067.29  12.8%   1.9 1215s
 326040 320398 4616311.61 5733  173 5082925.39 4432067.29  12.8%   1.9 1221s
 326661 320948 4615736.93 5734  173 5082925.39 4432067.29  12.8%   1.9 1225s
 327858 321708 4613263.56 5735  172 5082925.39 4432067.29  12.8%   2.0 1230s
 329491 323219 4751569.29  781  147 5082925.39 4432067.29  12.8%   2.0 1236s
H329711 323219                    5082923.2665 4432067.29  12.8%   2.0 1236s
 330491 324095 4676124.54  257  159 5082923.27 4432067.79  12.8%   2.0 1240s
H330995 324417                    5081920.6007 4432067.79  12.8%   2.0 1241s
 331083 324613 4693822.47  678  151 5081920.60 4432067.79  12.8%   2.0 1245s
H331470 324916                    5081911.5888 4432067.79  12.8%   2.0 1246s
 331970 325490 4523433.48   85  236 5081911.59 4432067.79  12.8%   2.0 1250s
 333091 326562 4525636.79  717  200 5081911.59 4432067.79  12.8%   2.0 1255s
H334354 327859                    5081847.0179 4432067.79  12.8%   2.0 1261s
 335456 328981 4532938.37 1862  185 5081847.02 4432067.79  12.8%   2.0 1265s
 336433 329675 4536849.87 2329  184 5081847.02 4432067.79  12.8%   2.0 1271s
 337046 330568 4539374.87 2626  186 5081847.02 4432067.79  12.8%   2.0 1275s
 338619 332276 4552137.70 3341  181 5081847.02 4432067.79  12.8%   2.0 1280s
 340032 333604 4572057.92 4073  181 5081847.02 4432067.79  12.8%   2.0 1285s
 341462 334790 4582591.03 4881  181 5081847.02 4432067.79  12.8%   2.0 1291s
H341506 334790                    5081829.1617 4432067.79  12.8%   2.0 1291s
 342171 335792 4586801.84 5204  181 5081829.16 4432067.79  12.8%   2.0 1295s
H342552 336151                    5081259.2310 4432067.79  12.8%   2.0 1296s
 343677 337292 4594880.69 5734  173 5081259.23 4432067.79  12.8%   2.0 1300s
 345153 338739 4595493.85 5735  169 5081259.23 4432067.79  12.8%   2.0 1305s
 346762 340004 4597243.89 5734  171 5081259.23 4432067.79  12.8%   2.0 1312s
H346944 340311                    5081231.0051 4432067.79  12.8%   2.0 1314s
 347071 340557 4596283.31 5732  168 5081231.01 4432069.58  12.8%   2.0 1315s
H347809 341358                    5081214.3968 4432069.58  12.8%   2.0 1319s
 348161 341601 4664603.37  589  205 5081214.40 4432069.58  12.8%   2.0 1321s
 349244 342592 4671584.69 1099  175 5081214.40 4432069.58  12.8%   2.0 1325s
 350233 343623 4675123.18 1646  169 5081214.40 4432069.58  12.8%   2.0 1330s
 351835 344866 4681209.58 2458  161 5081214.40 4432069.58  12.8%   2.0 1337s
 352450 345813 4683754.58 2771  161 5081214.40 4432069.58  12.8%   2.0 1341s
 353544 346817 4689130.87 3263  162 5081214.40 4432069.58  12.8%   1.9 1345s
 354898 348146 4698968.15 4028  161 5081214.40 4432069.58  12.8%   1.9 1350s
 356196 349483 4707482.66 4709  158 5081214.40 4432069.58  12.8%   1.9 1355s
 357045 350396 4710444.94 5163  154 5081214.40 4432069.58  12.8%   1.9 1360s
 358524 351879 4716065.13 5735  152 5081214.40 4432069.58  12.8%   1.9 1365s
 359964 353328 4716797.00 5735  152 5081214.40 4432069.58  12.8%   1.9 1370s
 361019 354347 4716024.97 5732  151 5081214.40 4432069.58  12.8%   1.9 1375s
 361986 354981 4716263.14 5734  150 5081214.40 4432069.58  12.8%   1.9 1380s
 362858 356173 4579072.09  375  175 5081214.40 4432069.76  12.8%   1.9 1385s
 364274 357549 5066216.78 1169  159 5081214.40 4432070.94  12.8%   1.9 1390s
H365253 358378                    5081214.3962 4432070.94  12.8%   1.9 1394s
 365421 358688 4648549.36  217  178 5081214.40 4432070.94  12.8%   1.9 1396s
 366416 359661 4719894.24  357  175 5081214.40 4432070.94  12.8%   1.9 1400s
 367064 360321 4749539.15  413  170 5081214.40 4432070.94  12.8%   1.9 1405s
 368298 361584 4929874.56  524  163 5081214.40 4432070.94  12.8%   1.9 1410s
 369654 362566 5080481.00  631  161 5081214.40 4432070.94  12.8%   1.9 1415s
 370816 363374 5053677.93  737  159 5081214.40 4432070.94  12.8%   1.9 1420s
 371895 364439 4515336.78  637  205 5081214.40 4432071.58  12.8%   1.9 1425s
 372192 364733 4515893.95  765  202 5081214.40 4432071.58  12.8%   1.9 1430s
 373622 366232 4520182.89 1481  189 5081214.40 4432071.58  12.8%   1.9 1435s
 375602 368251 4524980.37 2399  189 5081214.40 4432071.58  12.8%   1.9 1440s
 377114 369773 4529354.92 3080  186 5081214.40 4432071.58  12.8%   1.9 1446s
 377967 370543 4533485.40 3500  186 5081214.40 4432071.58  12.8%   1.9 1450s
 379560 372199 4542427.07 4302  184 5081214.40 4432071.58  12.8%   1.9 1456s
 380888 373624 4549666.82 5006  182 5081214.40 4432071.58  12.8%   1.9 1460s
 382256 374975 4555818.45 5714  181 5081214.40 4432071.58  12.8%   1.9 1465s
H382614 374977                    5081214.1759 4432071.58  12.8%   1.9 1469s
 382616 375282 4555941.70 5731  177 5081214.18 4432071.58  12.8%   1.9 1471s
 383585 376262 4555944.60 5735  175 5081214.18 4432071.58  12.8%   1.9 1475s
 384867 377559 4556186.96 5735  173 5081214.18 4432071.58  12.8%   1.9 1480s
 386115 378760 4523241.20   54  260 5081214.18 4432073.40  12.8%   1.9 1485s
 387409 380192 4524145.87  347  175 5081214.18 4432073.40  12.8%   1.9 1490s
 388123 380910 4524284.73  511  170 5081214.18 4432073.40  12.8%   1.9 1495s
 389843 382619 4524506.02  960  159 5081214.18 4432073.40  12.8%   1.9 1500s
 391500 384272 4524598.42 1397  159 5081214.18 4432073.40  12.8%   1.9 1506s
 392728 385346 4524799.49 1705  153 5081214.18 4432073.40  12.8%   1.9 1512s
 393390 385759 4525131.30 1890  153 5081214.18 4432073.40  12.8%   1.9 1515s
 394518 386602 4525500.70 2267  152 5081214.18 4432073.40  12.8%   1.9 1520s
 395747 387850 4526722.20 2659  150 5081214.18 4432073.40  12.8%   1.9 1525s
 396935 388921 4527789.32 3052  148 5081214.18 4432073.40  12.8%   1.9 1531s
 397787 389723 4528576.33 3357  148 5081214.18 4432073.40  12.8%   2.0 1535s
 398446 390468 4536230.26 3585  147 5081214.18 4432073.40  12.8%   2.0 1540s
 400262 392262 4541426.62 4194  147 5081214.18 4432073.40  12.8%   2.0 1545s
 401502 393560 4545361.21 4611  143 5081214.18 4432073.40  12.8%   2.0 1551s
 402797 394762 4552130.16 5024  148 5081214.18 4432073.40  12.8%   2.0 1555s
 403619 395618 4554110.50 5280  145 5081214.18 4432073.40  12.8%   2.0 1560s
 405067 397056 4561631.34 5729  154 5081214.18 4432073.40  12.8%   2.0 1566s
 406242 398244 4564480.66 5731  164 5081214.18 4432073.40  12.8%   2.0 1571s
 407144 399114 4566071.26 5735  162 5081214.18 4432073.40  12.8%   2.0 1575s
 408297 399988 4566066.55 5733  163 5081214.18 4432073.40  12.8%   2.0 1580s
 409267 401318 4681257.84  531  170 5081214.18 4432074.33  12.8%   2.0 1585s
 410849 402728 5058911.24 1300  146 5081214.18 4432074.33  12.8%   2.0 1591s
 411806 403649 4519692.76  156  231 5081214.18 4432074.42  12.8%   2.0 1595s
 413103 404821 4521941.62  814  200 5081214.18 4432074.42  12.8%   2.0 1600s
 413655 405367 4522508.95 1019  200 5081214.18 4432074.42  12.8%   2.0 1605s
 414900 406670 4524913.59 1507  189 5081214.18 4432074.42  12.8%   2.0 1610s
 416224 408031 4528619.81 2072  188 5081214.18 4432074.42  12.8%   2.0 1615s
 417564 409398 4531994.14 2624  189 5081214.18 4432074.42  12.8%   2.0 1620s
 418408 410077 4534898.00 3050  187 5081214.18 4432074.42  12.8%   2.0 1626s
 419113 410882 4539013.36 3423  183 5081214.18 4432074.42  12.8%   2.0 1630s
 420544 412330 4548899.05 4212  181 5081214.18 4432074.42  12.8%   2.0 1635s
 422092 413906 4555294.07 5050  180 5081214.18 4432074.42  12.8%   2.0 1640s
 423596 415213 4562273.41 5733  176 5081214.18 4432074.42  12.8%   2.0 1647s
 424455 416327 4563866.32 5735  171 5081214.18 4432074.42  12.8%   2.0 1650s
 425893 417735 4563498.79 5735  172 5081214.18 4432074.42  12.8%   2.0 1656s
 426917 418761 4564209.66 5735  171 5081214.18 4432074.42  12.8%   2.0 1660s
 428247 420049 4631350.07  433  194 5081214.18 4432075.55  12.8%   2.0 1665s
 429022 420809 4632066.65  785  167 5081214.18 4432075.55  12.8%   2.0 1670s
 430434 422322 4633109.93 1026  167 5081214.18 4432075.55  12.8%   2.0 1675s
 431906 423716 4641371.62 1499  167 5081214.18 4432075.55  12.8%   2.0 1680s
 433528 425255 4645588.68 1974  168 5081214.18 4432075.55  12.8%   2.0 1685s
 434428 426196 4683568.27 2340  160 5081214.18 4432075.55  12.8%   2.0 1690s
 435590 427231 4639303.08  150  210 5081214.18 4432075.55  12.8%   2.0 1695s
 436946 428672 4826993.53  340  153 5081214.18 4432075.55  12.8%   2.0 1700s
 438003 429684 5017556.38  467  138 5081214.18 4432075.55  12.8%   2.0 1705s
 439211 430527 4587918.40  349  212 5081214.18 4432076.40  12.8%   2.0 1713s
 439475 431090 4588908.00  504  197 5081214.18 4432076.40  12.8%   2.0 1716s
 440504 432078 4591767.15 1007  178 5081214.18 4432076.40  12.8%   2.0 1720s
 441723 433274 4596434.65 1574  174 5081214.18 4432076.40  12.8%   2.0 1725s
 443141 434672 4603585.68 2293  174 5081214.18 4432076.40  12.8%   2.0 1730s
 444407 435723 4608535.57 2917  168 5081214.18 4432076.40  12.8%   2.0 1737s
 444700 436287 4609416.50 3065  168 5081214.18 4432076.40  12.8%   2.0 1740s
 445956 437565 4614016.30 3740  163 5081214.18 4432076.40  12.8%   2.0 1745s
 447707 439361 4621765.32 4756  161 5081214.18 4432076.40  12.8%   2.0 1751s
 449028 440651 4629504.17 5499  162 5081214.18 4432076.40  12.8%   2.0 1755s
 449610 441156 4632407.59 5733  157 5081214.18 4432076.40  12.8%   2.0 1761s
 450692 442458 4632397.38 5735  160 5081214.18 4432076.40  12.8%   2.0 1765s
 452071 443729 4632421.77 5735  159 5081214.18 4432076.40  12.8%   2.0 1771s
 453187 444802 4632431.04 5735  158 5081214.18 4432076.40  12.8%   2.0 1775s
 454418 445958 4646787.78  549  130 5081214.18 4432077.36  12.8%   2.0 1781s
 455319 446772 5010228.73 1064  171 5081214.18 4432077.36  12.8%   2.0 1785s
 456595 448176 4631473.65  471  179 5081214.18 4432077.36  12.8%   2.0 1791s
 457708 449289 4639596.02  971  163 5081214.18 4432077.36  12.8%   2.0 1795s
 459255 450876 4643228.89 1424  164 5081214.18 4432077.36  12.8%   2.0 1800s
 460000 451561 4653231.84 1588  159 5081214.18 4432077.36  12.8%   2.0 1805s
 461423 452917 4653991.29 1762  163 5081214.18 4432077.36  12.8%   1.9 1810s
 462695 454208 4654766.28 1940  163 5081214.18 4432077.36  12.8%   1.9 1815s
 463969 455514 4655799.61 2178  163 5081214.18 4432077.36  12.8%   1.9 1820s
 464827 456263 4656556.60 2332  161 5081214.18 4432077.36  12.8%   1.9 1826s
 466104 457668 4687531.68 2565  161 5081214.18 4432077.36  12.8%   1.9 1830s
 467568 459075 4741649.14 3066  162 5081214.18 4432077.36  12.8%   1.9 1835s
 468749 460159 4526154.05  202  228 5081214.18 4432078.22  12.8%   1.9 1840s
 469758 461065 4528074.71  625  202 5081214.18 4432078.22  12.8%   1.9 1845s
 471241 462534 4531565.78 1252  190 5081214.18 4432078.22  12.8%   1.9 1850s
 472470 463565 4534971.89 1808  191 5081214.18 4432078.22  12.8%   2.0 1855s
 473728 464983 4538877.05 2442  190 5081214.18 4432078.22  12.8%   2.0 1860s
 475112 466024 4550582.31 3060  183 5081214.18 4432078.22  12.8%   2.0 1867s
 475689 466900 4554463.00 3399  184 5081214.18 4432078.22  12.8%   2.0 1870s
 476964 468214 4562400.43 4112  185 5081214.18 4432078.22  12.8%   2.0 1875s
 478275 469536 4570317.52 4736  185 5081214.18 4432078.22  12.8%   1.9 1880s
 479797 471022 4579087.37 5423  186 5081214.18 4432078.22  12.8%   1.9 1885s
 480258 471487 4581609.56 5620  186 5081214.18 4432078.22  12.8%   1.9 1890s
 481532 472800 4583086.27 5735  181 5081214.18 4432078.22  12.8%   1.9 1895s
 483147 474390 4583682.49 5735  180 5081214.18 4432078.22  12.8%   1.9 1901s
 484468 475706 4583105.45 5735  178 5081214.18 4432078.22  12.8%   1.9 1906s
 485448 476360 4643348.91  150  176 5081214.18 4432078.49  12.8%   1.9 1911s
 486103 477416 4645529.91  469  145 5081214.18 4432078.49  12.8%   1.9 1915s
 487732 478812 4529515.96  157  193 5081214.18 4432078.72  12.8%   1.9 1920s
 488853 480093 4531579.76  422  173 5081214.18 4432078.72  12.8%   1.9 1925s
 490232 481444 4532956.03  757  169 5081214.18 4432078.72  12.8%   1.9 1930s
 490560 481780 4533237.00  841  170 5081214.18 4432078.72  12.8%   1.9 1935s
 491889 483143 4535592.81 1165  167 5081214.18 4432078.72  12.8%   1.9 1940s
 493323 484565 4538170.96 1536  161 5081214.18 4432078.72  12.8%   1.9 1945s
 494768 486010 4538804.88 1919  161 5081214.18 4432078.72  12.8%   1.9 1950s
 495488 486660 4539869.97 2110  158 5081214.18 4432078.72  12.8%   1.9 1955s
 496773 488064 4541334.90 2438  158 5081214.18 4432078.72  12.8%   1.9 1960s
 498580 489827 4543054.33 2921  155 5081214.18 4432078.72  12.8%   1.9 1965s
 500102 491361 4545889.52 3291  154 5081214.18 4432078.72  12.8%   1.9 1970s
 500851 492056 4546952.75 3486  153 5081214.18 4432078.72  12.8%   1.9 1976s
 502246 493478 4547441.93 3839  154 5081214.18 4432078.72  12.8%   1.9 1980s
 503602 494844 4551214.11 4200  153 5081214.18 4432078.72  12.8%   1.9 1985s
 504963 496196 4554420.15 4544  152 5081214.18 4432078.72  12.8%   1.9 1990s
 506014 496902 4554668.55 4813  152 5081214.18 4432078.72  12.8%   1.9 1995s
 507006 498192 4554912.22 5074  152 5081214.18 4432078.72  12.8%   1.9 2000s
 508655 499882 4555837.81 5488  152 5081214.18 4432078.72  12.8%   1.9 2006s
 509947 501048 4520724.05   55  261 5081214.18 4432078.72  12.8%   1.9 2010s
 510965 502093 4576793.71  200  171 5081214.18 4432078.72  12.8%   1.9 2017s
 511539 502623 4726666.28  244  197 5081214.18 4432078.72  12.8%   1.9 2020s
 512491 503583 4794084.71  340  181 5081214.18 4432078.72  12.8%   1.9 2025s
 513604 504768 4877167.32  423  175 5081214.18 4432078.72  12.8%   1.9 2030s
 514719 505713 5054337.48  526  172 5081214.18 4432078.72  12.8%   1.9 2035s
 516227 507073 4698143.32  728  124 5081214.18 4432079.13  12.8%   1.9 2043s
 516614 507618 4857262.42  946  146 5081214.18 4432079.13  12.8%   1.9 2045s
 518268 509195 4526431.70  589  198 5081214.18 4432079.13  12.8%   1.9 2050s
 519849 510916 4529959.81 1175  187 5081214.18 4432079.13  12.8%   1.9 2055s
 521501 512227 4534086.62 1821  188 5081214.18 4432079.13  12.8%   1.9 2063s
 521991 512966 4535931.83 2060  188 5081214.18 4432079.13  12.8%   1.9 2065s
 523643 514674 4541233.47 2772  188 5081214.18 4432079.13  12.8%   1.9 2070s
 524834 515855 4543936.83 3259  187 5081214.18 4432079.13  12.8%   1.9 2075s
 526370 517412 4559251.34 3941  185 5081214.18 4432079.13  12.8%   1.9 2080s
 526690 517623 4560939.65 4104  185 5081214.18 4432079.13  12.8%   1.9 2085s
 527765 518834 4566663.71 4566  187 5081214.18 4432079.13  12.8%   1.9 2090s
 528944 519855 4573419.94 5094  186 5081214.18 4432079.13  12.8%   1.9 2095s
 530002 521062 4579372.56 5559  187 5081214.18 4432079.13  12.8%   1.9 2100s
 531127 522178 4581854.56 5732  184 5081214.18 4432079.13  12.8%   1.9 2105s
 531808 522793 4583036.44 5735  187 5081214.18 4432079.13  12.8%   1.9 2110s
 532997 523996 4582954.84 5735  189 5081214.18 4432079.13  12.8%   1.9 2116s
 533984 524982 4583251.46 5735  182 5081214.18 4432079.13  12.8%   1.9 2120s
 535588 526622 4583249.76 5735  186 5081214.18 4432079.13  12.8%   1.9 2125s
 536857 527603 4647249.37  390  160 5081214.18 4432079.78  12.8%   1.9 2132s
 537570 528704 4665586.64  754  132 5081214.18 4432079.78  12.8%   1.9 2136s
 538948 529853 4526201.30  139  201 5081214.18 4432079.85  12.8%   1.9 2140s
 540302 531136 4868588.50  973  153 5081214.18 4432079.85  12.8%   1.9 2145s
 541318 532037 4580519.96   65  235 5081214.18 4432080.07  12.8%   1.9 2150s
 542065 532681 4588010.08  485  205 5081214.18 4432080.07  12.8%   1.9 2155s
 543161 533792 4592438.75 1015  182 5081214.18 4432080.07  12.8%   1.9 2160s
 544397 535064 4594940.49 1500  180 5081214.18 4432080.07  12.8%   1.9 2165s
 545670 536380 4598014.82 2054  172 5081214.18 4432080.07  12.8%   1.9 2170s
 547088 537625 4604170.62 2868  168 5081214.18 4432080.07  12.8%   1.9 2177s
 547719 538479 4607209.46 3241  168 5081214.18 4432080.07  12.8%   1.9 2181s
 549012 539769 4614946.17 3915  169 5081214.18 4432080.07  12.8%   1.9 2185s
 550212 540971 4621830.68 4461  169 5081214.18 4432080.07  12.8%   1.9 2190s
 551492 542232 4626605.55 5018  168 5081214.18 4432080.07  12.8%   1.9 2195s
 552120 542831 4628370.70 5277  168 5081214.18 4432080.07  12.8%   1.9 2201s
 552934 543765 4630730.46 5644  163 5081214.18 4432080.07  12.8%   1.9 2205s
 554056 544816 4631275.23 5734  159 5081214.18 4432080.07  12.8%   1.9 2210s
 555646 546452 4631317.35 5735  158 5081214.18 4432080.07  12.8%   1.9 2215s
 557049 547865 4609778.70   68  224 5081214.18 4432080.37  12.8%   1.9 2221s
 557476 548198 4624448.16  267  215 5081214.18 4432080.37  12.8%   1.9 2225s
 558700 549357 4643018.37  744  175 5081214.18 4432080.37  12.8%   1.9 2230s
 560042 550693 4746923.95 1154  178 5081214.18 4432080.37  12.8%   1.9 2235s
 561409 551979 4924262.59 1585  150 5081214.18 4432080.37  12.8%   1.9 2240s
 562533 552550 5072788.98 1673  155 5081214.18 4432080.37  12.8%   1.9 2246s
 563086 553107 5079546.74 1705  156 5081214.18 4432080.37  12.8%   1.9 2250s
 564239 553821 5038734.40 1774  149 5081214.18 4432080.37  12.8%   2.0 2256s
 565090 554408     cutoff 1822      5081214.18 4432080.37  12.8%   2.0 2260s
 566382 555267 5035644.98 1895  153 5081214.18 4432080.37  12.8%   2.0 2265s
 567447 556252 4522579.06  276  223 5081214.18 4432080.91  12.8%   2.0 2272s
 568412 557126 4524918.25  713  201 5081214.18 4432080.91  12.8%   2.0 2275s
 569847 558592 4527151.90 1237  194 5081214.18 4432080.91  12.8%   2.0 2280s
 570994 559772 4529332.99 1738  192 5081214.18 4432080.91  12.8%   2.0 2285s
 572426 561128 4532309.62 2315  188 5081214.18 4432080.91  12.8%   2.0 2291s
 572707 561327 4533559.79 2455  185 5081214.18 4432080.91  12.8%   2.0 2295s
 573658 562448 4536852.45 2939  185 5081214.18 4432080.91  12.8%   2.0 2300s
 574761 563402 4539020.51 3381  185 5081214.18 4432080.91  12.8%   2.0 2305s
 575822 564553 4543003.76 4025  178 5081214.18 4432080.91  12.8%   2.0 2310s
 577045 565841 4549030.71 4773  176 5081214.18 4432080.91  12.8%   2.0 2315s
 577795 566514 4551836.36 5235  176 5081214.18 4432080.91  12.8%   2.0 2320s
 579367 568095 4554949.16 5734  175 5081214.18 4432080.91  12.8%   2.0 2325s
 580599 569325 4554947.62 5735  172 5081214.18 4432080.91  12.8%   2.0 2330s
 581840 570591 4554916.13 5735  173 5081214.18 4432080.91  12.8%   2.0 2336s
 582792 571353 4519069.85  113  222 5081214.18 4432081.43  12.8%   2.0 2342s
 583382 572184 4519857.03  234  172 5081214.18 4432081.43  12.8%   2.0 2346s
 584658 573476 4522234.62  565  171 5081214.18 4432081.43  12.8%   2.0 2350s
 585890 574665 4523996.58  900  159 5081214.18 4432081.43  12.8%   2.0 2355s
 587445 576244 4525102.26 1325  159 5081214.18 4432081.43  12.8%   2.0 2360s
 588169 576884 4525580.96 1516  157 5081214.18 4432081.43  12.8%   2.0 2365s
 589697 578488 4528004.54 1939  156 5081214.18 4432081.43  12.8%   2.0 2370s
 590762 579444 4529734.61 2238  153 5081214.18 4432081.43  12.8%   2.0 2375s
 591598 580310 4531193.59 2534  155 5081214.18 4432081.43  12.8%   2.0 2380s
 593114 581529 4533457.02 3064  154 5081214.18 4432081.43  12.8%   2.0 2388s
 593310 582044 4533567.86 3117  154 5081214.18 4432081.43  12.8%   2.0 2390s
 594327 583066 4534277.06 3454  154 5081214.18 4432081.43  12.8%   2.0 2395s
 595673 584381 4535560.65 3869  155 5081214.18 4432081.43  12.8%   2.0 2400s
 597295 585934 4538597.90 4361  154 5081214.18 4432081.43  12.8%   2.0 2405s
 598238 586653 4540310.44 4653  154 5081214.18 4432081.43  12.8%   2.0 2411s
 598842 587585 4541169.81 4822  155 5081214.18 4432081.43  12.8%   2.0 2415s
 600258 589085 4543567.48 5213  155 5081214.18 4432081.43  12.8%   2.0 2420s
 601772 590502 4545138.34 5593  153 5081214.18 4432081.43  12.8%   2.0 2425s
 603212 591815 4571538.91 5735  153 5081214.18 4432081.43  12.8%   2.0 2432s
 603829 592440 4573806.76 5735  181 5081214.18 4432081.43  12.8%   2.0 2435s
 604829 593476 4545788.49 5734  155 5081214.18 4432081.43  12.8%   2.0 2440s
 606021 594682 4571944.01 5735  157 5081214.18 4432081.43  12.8%   2.0 2445s
 606978 595713 4567384.18  304  172 5081214.18 4432081.64  12.8%   2.0 2450s
 608231 596793 5049874.81  934  164 5081214.18 4432082.37  12.8%   2.0 2455s
 608825 597433 4588173.07  328  213 5081214.18 4432082.37  12.8%   2.0 2461s
 609832 598458 4592635.62  865  180 5081214.18 4432082.37  12.8%   2.0 2466s
 610759 599362 4593855.80 1131  177 5081214.18 4432082.37  12.8%   2.0 2470s
 611985 600534 4596099.79 1514  174 5081214.18 4432082.37  12.8%   2.0 2475s
 612805 601348 4597995.46 1855  171 5081214.18 4432082.37  12.8%   2.0 2480s
 613554 601819 4599951.53 2220  170 5081214.18 4432082.37  12.8%   2.0 2486s
 614200 602683 4602380.85 2578  168 5081214.18 4432082.37  12.8%   2.0 2490s
 615176 603687 4609844.10 3186  167 5081214.18 4432082.37  12.8%   2.0 2495s
 616407 604914 4617741.87 3813  167 5081214.18 4432082.37  12.8%   2.0 2500s
 617760 606279 4626967.11 4544  167 5081214.18 4432082.37  12.8%   2.0 2506s
 618580 606949 4631237.93 4987  165 5081214.18 4432082.37  12.8%   2.0 2512s
 618945 607450 4632641.72 5194  165 5081214.18 4432082.37  12.8%   2.0 2515s
 620457 609007 4515718.19  207  202 5081214.18 4432082.37  12.8%   2.0 2521s
 621539 610200 4720066.78  757  158 5081214.18 4432082.37  12.8%   2.0 2525s
 622954 611542 4641602.09  222  209 5081214.18 4432082.95  12.8%   2.0 2531s
 623654 612103 4644273.14  638  198 5081214.18 4432082.95  12.8%   2.0 2538s
 624143 612593 4646197.46  887  182 5081214.18 4432082.95  12.8%   2.0 2540s
 625172 613656 4647753.21 1332  178 5081214.18 4432082.95  12.8%   2.0 2546s
 626333 614851 4650614.29 1856  175 5081214.18 4432082.95  12.8%   2.0 2551s
 627288 615835 4651919.30 2332  171 5081214.18 4432082.95  12.8%   2.0 2555s
 628548 617115 4655825.96 2970  169 5081214.18 4432082.95  12.8%   2.0 2560s
 628896 617233 4657747.21 3168  169 5081214.18 4432082.95  12.8%   2.0 2565s
 629781 618449 4661264.43 3576  168 5081214.18 4432082.95  12.8%   2.0 2570s
 631247 619541 4668761.01 4350  165 5081214.18 4432082.95  12.8%   2.0 2576s
 632495 620738 4676540.60 5199  165 5081214.18 4432082.95  12.8%   2.0 2580s
 633574 621881 4679681.17 5733  159 5081214.18 4432082.95  12.8%   2.0 2585s
 634177 622366 4679666.92 5735  159 5081214.18 4432082.95  12.8%   2.0 2590s
 635521 623837 4679699.15 5734  157 5081214.18 4432082.95  12.8%   2.0 2596s
 636526 624757 4679681.96 5735  154 5081214.18 4432082.95  12.8%   2.0 2600s
 637836 626047 4518765.77  284  222 5081214.18 4432082.95  12.8%   2.0 2605s
 638827 626902 4521316.92  687  202 5081214.18 4432082.95  12.8%   2.0 2610s
 639933 628066 4523560.40 1103  197 5081214.18 4432082.95  12.8%   2.0 2615s
 640863 629045 4524587.67 1394  190 5081214.18 4432082.95  12.8%   2.0 2620s
 642487 630552 4527739.77 2035  187 5081214.18 4432082.95  12.8%   2.0 2625s
 643912 632031 4532157.16 2712  185 5081214.18 4432082.95  12.8%   2.0 2630s
 644339 632388 4533269.86 2875  185 5081214.18 4432082.95  12.8%   2.0 2635s
 645799 633735 4537028.24 3573  182 5081214.18 4432082.95  12.8%   2.0 2640s
 646740 634759 4543876.96 4177  182 5081214.18 4432082.95  12.8%   2.0 2645s
 648088 636175 4550132.21 5096  178 5081214.18 4432082.95  12.8%   2.0 2650s
 649427 637151 4554904.32 5735  173 5081214.18 4432082.95  12.8%   2.0 2656s
 649971 638026 4554913.11 5734  174 5081214.18 4432082.95  12.8%   2.0 2661s
 651291 639381 4554914.34 5734  173 5081214.18 4432082.95  12.8%   2.0 2665s
 652906 640934 4644266.67  215  172 5081214.18 4432088.08  12.8%   2.0 2670s
 654308 642372 4747726.72 1021  147 5081214.18 4432088.08  12.8%   2.0 2677s
 654880 642846 5059702.30 1307  146 5081214.18 4432089.53  12.8%   2.0 2680s
 655851 643823 4588800.47  598  189 5081214.18 4432089.53  12.8%   2.0 2685s
 657100 645002 4591590.44 1138  180 5081214.18 4432089.53  12.8%   2.0 2690s
 658747 646725 4596192.47 1754  170 5081214.18 4432089.53  12.8%   2.0 2695s
 659684 647308 4598056.47 2067  168 5081214.18 4432089.53  12.8%   2.0 2700s
 660580 648398 4598801.26 2224  167 5081214.18 4432089.53  12.8%   2.0 2705s
 662165 649983 4603494.77 2922  166 5081214.18 4432089.53  12.8%   2.0 2710s
 664051 651852 4608250.98 3440  160 5081214.18 4432089.53  12.8%   2.0 2715s
 664677 652289 4608901.37 3813  159 5081214.18 4432089.53  12.8%   2.0 2720s
 665880 653654 4612442.07 4494  157 5081214.18 4432089.53  12.8%   2.0 2726s
 666898 654739 4616079.69 5122  158 5081214.18 4432089.53  12.8%   2.0 2730s
 668122 655975 4623580.72 5722  158 5081214.18 4432089.53  12.8%   2.0 2735s
 669644 657483 4623668.68 5730  158 5081214.18 4432089.53  12.8%   2.0 2740s
 670317 657920 4623694.88 5733  156 5081214.18 4432089.53  12.8%   2.0 2746s
 671111 658794 4623717.99 5733  156 5081214.18 4432089.53  12.8%   2.0 2750s
 672342 660035 4524986.51  116  214 5081214.18 4432090.36  12.8%   2.0 2755s
 673558 661190 4526425.95  425  162 5081214.18 4432090.36  12.8%   2.0 2761s
 674740 662440 4530309.13  776  162 5081214.18 4432090.36  12.8%   2.0 2766s
 675078 662492 4531170.75  855  163 5081214.18 4432090.36  12.8%   2.0 2770s
 676052 663743 4534103.36 1114  157 5081214.18 4432090.36  12.8%   2.0 2776s
 677077 664714 4535900.01 1418  152 5081214.18 4432090.36  12.8%   2.0 2781s
 677961 665582 4536057.28 1749  151 5081214.18 4432090.36  12.8%   2.0 2785s
 679153 666811 4536520.14 2187  150 5081214.18 4432090.36  12.8%   2.0 2790s
 680128 667604 4536454.50 2531  151 5081214.18 4432090.36  12.8%   2.0 2797s
 680850 668508 4536570.73 2760  151 5081214.18 4432090.36  12.8%   2.0 2801s
 682141 669758 4540579.09 3153  153 5081214.18 4432090.36  12.8%   2.0 2805s
 683048 670692 4544062.74 3428  153 5081214.18 4432090.36  12.8%   2.0 2810s
 684305 671936 4549122.09 3822  151 5081214.18 4432090.36  12.8%   2.0 2816s
 685188 672815 4550691.53 4074  154 5081214.18 4432090.36  12.8%   2.0 2822s
 685763 673448 4550925.49 4232  154 5081214.18 4432090.36  12.8%   2.0 2825s
 687095 674784 4551340.44 4613  154 5081214.18 4432090.36  12.8%   2.0 2830s
 688478 676154 4552000.70 5018  152 5081214.18 4432090.36  12.8%   2.0 2835s
 689863 677524 4553483.54 5407  152 5081214.18 4432090.36  12.8%   2.0 2840s
 690534 677866 4556520.37 5599  154 5081214.18 4432090.36  12.8%   2.0 2845s
 691051 678731 4557860.07 5734  158 5081214.18 4432090.36  12.8%   2.0 2850s
 692350 680001 4562053.31 5734  193 5081214.18 4432090.36  12.8%   2.0 2855s
 693454 681076 4605996.94 5730  158 5081214.18 4432090.36  12.8%   2.0 2860s
 694476 682095 4611807.16 5733  189 5081214.18 4432090.36  12.8%   2.0 2865s
 695497 683043 4637595.58 5734  187 5081214.18 4432090.36  12.8%   2.0 2871s
 696288 683971 4521268.22  433  222 5081214.18 4432090.36  12.8%   2.0 2876s
 697017 684428 4529999.33  714  204 5081214.18 4432090.36  12.8%   2.0 2880s
 698224 685661 4532792.01 1135  202 5081214.18 4432090.36  12.8%   2.0 2885s
 699414 686906 4536760.87 1582  195 5081214.18 4432090.36  12.8%   2.0 2890s
 700487 688018 4540296.06 2071  189 5081214.18 4432090.36  12.8%   2.0 2895s
 701006 688556 4542113.18 2324  191 5081214.18 4432090.36  12.8%   2.0 2901s
 702197 689760 4707670.14 2901  177 5081214.18 4432090.36  12.8%   2.0 2905s
 703267 690879 4711797.55 3421  177 5081214.18 4432090.36  12.8%   2.0 2910s
 704388 691883 4716084.29 3943  177 5081214.18 4432090.36  12.8%   2.0 2915s
 705491 692997 4720525.89 4524  176 5081214.18 4432090.36  12.8%   2.0 2920s
 705899 693273 4721888.49 4781  176 5081214.18 4432090.36  12.8%   2.0 2926s
 706728 694171 4725610.32 5290  173 5081214.18 4432090.36  12.8%   2.0 2930s
 708177 695658 4739432.86 5730  176 5081214.18 4432090.36  12.8%   2.0 2936s
 709118 696612 4739964.12 5735  173 5081214.18 4432090.36  12.8%   2.0 2940s
 710077 697556 4739923.45 5734  174 5081214.18 4432090.36  12.8%   2.0 2945s
 710801 698305 4579980.56   55  242 5081214.18 4432091.96  12.8%   2.0 2950s
 712359 699798 4589437.43  722  185 5081214.18 4432091.96  12.8%   2.0 2955s
 713375 700820 4591596.58 1121  181 5081214.18 4432091.96  12.8%   2.0 2960s
 714552 702056 4595177.77 1571  177 5081214.18 4432091.96  12.8%   2.0 2965s
 715947 703462 4597828.42 2059  169 5081214.18 4432091.96  12.8%   2.0 2970s
 716298 703752 4598344.32 2182  166 5081214.18 4432091.96  12.8%   2.0 2975s
 717569 705055 4602530.92 2797  164 5081214.18 4432091.96  12.8%   2.0 2981s
 718630 706153 4604425.55 3317  160 5081214.18 4432091.96  12.8%   2.0 2985s
 719996 707533 4605825.11 4023  159 5081214.18 4432091.96  12.8%   2.0 2991s
 721082 708708 4608185.06 4560  153 5081214.18 4432091.96  12.8%   2.0 2996s
 721544 708974 4609887.32 4793  151 5081214.18 4432091.96  12.8%   2.0 3001s
 722347 709829 4617477.77 5428  152 5081214.18 4432091.96  12.8%   2.0 3005s
 723808 711276 4626375.80 5735  150 5081214.18 4432091.96  12.8%   2.0 3011s
 724732 712206 4626385.28 5735  149 5081214.18 4432091.96  12.8%   2.0 3015s
 725669 713114 4652053.68 5735  159 5081214.18 4432092.59  12.8%   2.0 3020s
 726587 713795 4655464.24  554  150 5081214.18 4432092.59  12.8%   2.0 3027s
 726925 714389 4659126.16  753  135 5081214.18 4432092.59  12.8%   2.0 3030s
 728170 715447 5057176.95 1464  142 5081214.18 4432092.64  12.8%   2.0 3035s
 729484 716771 4523216.54  614  201 5081214.18 4432092.64  12.8%   2.0 3040s
 730738 718066 4525402.89 1058  193 5081214.18 4432092.64  12.8%   2.0 3045s
 731551 718889 4526568.91 1318  188 5081214.18 4432092.64  12.8%   2.0 3051s
 732851 720312 4527946.80 1849  186 5081214.18 4432092.64  12.8%   2.0 3056s
 734218 721572 4528730.96 2637  186 5081214.18 4432092.64  12.8%   2.0 3060s
 736017 723263 4529797.52 3602  186 5081214.18 4432092.64  12.8%   2.0 3065s
 736725 724051 4530220.47 4131  185 5081214.18 4432092.64  12.8%   2.0 3071s
 737960 725373 4530833.52 4795  185 5081214.18 4432092.64  12.8%   2.0 3075s
 739561 726961 4532203.83 5506  184 5081214.18 4432092.64  12.8%   2.0 3081s
 740534 727672 4532589.88 5735  181 5081214.18 4432092.64  12.8%   2.0 3085s
 741860 729034 4532801.84 5733  181 5081214.18 4432092.64  12.8%   2.0 3090s
 742431 729473 4533092.81 5735  181 5081214.18 4432092.64  12.8%   2.0 3096s
 743247 730460 4533586.27 5735  179 5081214.18 4432092.64  12.8%   2.0 3100s
 744444 731476 4544714.11  228  193 5081214.18 4432092.64  12.8%   2.0 3105s
 745509 732602 4827843.82  938  147 5081214.18 4432092.64  12.8%   2.0 3111s
 746402 733425     cutoff 1482      5081214.18 4432093.59  12.8%   2.0 3115s
 747173 734113 4612418.32  213  145 5081214.18 4432093.59  12.8%   2.0 3122s
 747618 734580 4617512.60  282  180 5081214.18 4432093.59  12.8%   2.0 3125s
 748710 735851 4829024.23  434  153 5081214.18 4432093.59  12.8%   2.0 3131s
 749698 736570 5071470.74  534  152 5081214.18 4432093.59  12.8%   2.0 3136s
 750434 737089     cutoff  605      5081214.18 4432093.59  12.8%   2.0 3140s
 751479 737744     cutoff  763      5081214.18 4432094.10  12.8%   2.0 3145s
 752380 738438 4569274.49  355  177 5081214.18 4432094.10  12.8%   2.0 3152s
 752801 739159 4607888.42  584  153 5081214.18 4432094.10  12.8%   2.0 3155s
 754229 740386     cutoff 1320      5081214.18 4432094.10  12.8%   2.0 3160s
 755582 741867 4523260.43  679  206 5081214.18 4432094.31  12.8%   2.0 3166s
 756482 742733 4524732.47  967  196 5081214.18 4432094.31  12.8%   2.0 3171s
 757433 743559 4526517.62 1290  191 5081214.18 4432094.31  12.8%   2.0 3178s
 757858 744181 4527544.53 1485  189 5081214.18 4432094.31  12.8%   2.0 3181s
 758811 745022 4528724.03 1860  186 5081214.18 4432094.31  12.8%   2.0 3185s
 760076 746401 4531914.87 2499  183 5081214.18 4432094.31  12.8%   2.0 3190s
 761674 748091 4535387.31 3505  181 5081214.18 4432094.31  12.8%   2.0 3195s
 762685 748902 4535770.58 4114  182 5081214.18 4432094.31  12.8%   2.0 3201s
 763783 750143 4536813.28 4748  182 5081214.18 4432094.31  12.8%   2.0 3205s
 765208 751347 4537520.02 5729  180 5081214.18 4432094.31  12.8%   2.0 3210s
 766473 752615 4537594.35 5733  182 5081214.18 4432094.31  12.8%   2.0 3215s
 767654 753776 4550993.25 5735  216 5081214.18 4432094.31  12.8%   2.0 3223s
 768030 754160 4559979.82 5735  181 5081214.18 4432094.31  12.8%   2.0 3226s
 768966 755100 4534796.68  180  204 5081214.18 4432094.99  12.8%   2.0 3230s
 770169 756464 4857862.68  892  154 5081214.18 4432094.99  12.8%   2.0 3235s
 771615 757775 4530163.98  544  204 5081214.18 4432095.15  12.8%   2.0 3240s
 772870 758884 4533124.80  972  197 5081214.18 4432095.15  12.8%   2.0 3249s
 772988 759118 4533477.36 1031  197 5081214.18 4432095.15  12.8%   2.0 3250s
 774251 760532 4535288.12 1433  191 5081214.18 4432095.15  12.8%   2.0 3255s
 775492 761680 4537591.80 1950  188 5081214.18 4432095.15  12.8%   2.0 3260s
 776968 763174 4541757.47 2622  184 5081214.18 4432095.15  12.8%   2.0 3265s
 778197 764095 4547515.87 3201  184 5081214.18 4432095.15  12.8%   2.0 3271s
 778757 764916 4550023.84 3454  184 5081214.18 4432095.15  12.8%   2.0 3275s
 780158 766425 4554955.11 4080  182 5081214.18 4432095.15  12.8%   2.0 3280s
 781509 767721 4579976.70 4826  181 5081214.18 4432095.15  12.8%   2.0 3286s
 782580 768745 4587032.18 5376  181 5081214.18 4432095.15  12.8%   2.0 3290s
 783222 769174 4590931.95 5680  181 5081214.18 4432095.15  12.8%   2.0 3296s
 783808 770006 4593267.38 5733  178 5081214.18 4432095.15  12.8%   2.0 3300s
 784877 771096 4592205.53 5729  178 5081214.18 4432095.15  12.8%   2.0 3305s
 785985 772099 4591681.12 5735  180 5081214.18 4432095.15  12.8%   2.0 3310s
 787115 773303 4605635.06 5735  181 5081214.18 4432095.15  12.8%   2.0 3315s
 788314 774319 4744898.81  476  189 5081214.18 4432095.15  12.8%   2.0 3321s
 789195 775363 4868921.38  675  177 5081214.18 4432095.15  12.8%   2.0 3325s
 790608 776585 4910909.32 1126  172 5081214.18 4432095.15  12.8%   2.0 3330s
 791491 777200 4952279.43 1478  163 5081214.18 4432095.15  12.8%   2.0 3337s
 791767 777787 4994939.27 1561  156 5081214.18 4432095.15  12.8%   2.0 3340s
 793032 779056 4992242.04 1842  156 5081214.18 4432095.15  12.8%   2.0 3346s
 793926 779744 5078802.84 2005  152 5081214.18 4432095.15  12.8%   2.0 3350s
 794907 780425 5046064.79 2078  152 5081214.18 4432095.15  12.8%   2.0 3356s
 795893 781075 5034472.33 2260  156 5081214.18 4432095.15  12.8%   2.0 3360s
 796713 781913 4525373.65  276  232 5081214.18 4432095.84  12.8%   2.0 3365s
 797302 782389 4526679.61  590  203 5081214.18 4432095.84  12.8%   2.0 3371s
 798374 783638 4528205.03  891  192 5081214.18 4432095.84  12.8%   2.0 3375s
 800245 785459 4531269.25 1457  187 5081214.18 4432095.84  12.8%   2.0 3380s
 801493 786669 4536230.29 1925  186 5081214.18 4432095.84  12.8%   2.0 3385s
 803009 788202 4543772.25 2643  183 5081214.18 4432095.84  12.8%   2.0 3390s
 803641 788841 4546852.95 2986  182 5081214.18 4432095.84  12.8%   2.0 3395s
 805555 790700 4547359.22 4048  182 5081214.18 4432095.84  12.8%   2.0 3400s
 806474 791670 4549357.55 4470  180 5081214.18 4432095.84  12.8%   2.0 3405s
 807880 792988 4550073.92 5047  177 5081214.18 4432095.84  12.8%   2.0 3410s
 809405 794431 4552067.18 5732  174 5081214.18 4432095.84  12.8%   2.0 3417s
 809792 794931 4577306.87 5731  173 5081214.18 4432095.84  12.8%   2.0 3420s
 811008 796204 4577382.06 5734  170 5081214.18 4432095.84  12.8%   2.0 3426s
 812291 797460 4591566.78 5733  173 5081214.18 4432097.62  12.8%   2.0 3431s
 813662 798966 4790280.41  620  184 5081214.18 4432097.62  12.8%   2.0 3436s
 815206 800362 5065345.00 1300  147 5081214.18 4432098.96  12.8%   2.0 3440s
 816581 801404 4534530.39  634  207 5081214.18 4432098.96  12.8%   2.0 3448s
 816995 802040 4535365.62  784  200 5081214.18 4432098.96  12.8%   2.0 3450s
 818351 803396 4537498.20 1233  192 5081214.18 4432098.96  12.8%   2.0 3455s
 819604 804709 4540227.74 1754  187 5081214.18 4432098.96  12.8%   2.0 3460s
Created node file directory '/home/ps12398/experiment_epec/goalProgrammingMarcos//grbnodes5'
 820753 805783 4542870.12 2229  187 5081214.18 4432098.96  12.8%   2.0 3478s
 821257 806290 4545752.68 2462  186 5081214.18 4432098.96  12.8%   2.0 3480s
 821713 806745 4548549.09 2698  185 5081214.18 4432098.96  12.8%   2.0 3485s
 822671 807764 4553909.58 3239  185 5081214.18 4432098.96  12.8%   2.0 3490s
 823898 809051 4559065.07 3820  182 5081214.18 4432098.96  12.8%   2.0 3495s
 825517 810702 4569130.06 4729  177 5081214.18 4432098.96  12.8%   2.0 3500s
 826987 812145 4571021.26 5531  178 5081214.18 4432098.96  12.8%   2.0 3505s
 827679 812704 4571798.76 5735  176 5081214.18 4432098.96  12.8%   2.0 3511s
 828559 813529 4572456.96 5735  174 5081214.18 4432098.96  12.8%   2.0 3515s
 829549 814208 4573424.54 5734  174 5081214.18 4432098.96  12.8%   2.0 3520s
 830917 815487 4573626.08 5735  174 5081214.18 4432100.12  12.8%   2.0 3526s
 831988 816531 4649617.90  472  141 5081214.18 4432100.12  12.8%   2.0 3530s
 833150 817452 5040289.46 1245  155 5081214.18 4432100.12  12.8%   2.0 3535s
 833572 817882 4520550.41  229  230 5081214.18 4432100.12  12.8%   2.0 3540s
 834406 818713 4522615.96  657  204 5081214.18 4432100.12  12.8%   2.0 3545s
 835400 819776 4524526.35 1058  199 5081214.18 4432100.12  12.8%   2.0 3550s
 836164 820575 4526239.52 1413  187 5081214.18 4432100.12  12.8%   2.0 3566s
 836990 821369 4533320.77 1820  188 5081214.18 4432100.12  12.8%   2.0 3570s
 838071 822488 4539236.90 2319  185 5081214.18 4432100.12  12.8%   2.0 3575s
 838684 823089 4541414.25 2606  183 5081214.18 4432100.12  12.8%   2.0 3580s
 839642 824282 4545214.26 3098  182 5081214.18 4432100.12  12.8%   2.0 3585s
 841601 826072 4551007.54 3895  181 5081214.18 4432100.12  12.8%   2.0 3590s
 843141 827581 4558326.10 4717  179 5081214.18 4432100.12  12.8%   2.0 3595s
 844558 828890 4564433.95 5461  178 5081214.18 4432100.12  12.8%   2.0 3600s

Cutting planes:
  RLT: 141

Explored 844757 nodes (1706953 simplex iterations) in 3600.16 seconds (1714.14 work units)
Thread count was 2 (of 24 available processors)

Solution count 10: 5.08121e+06 5.08121e+06 5.08121e+06 ... 5.08292e+06

Time limit reached
Best objective 5.081214175892e+06, best bound 4.432100122933e+06, gap 12.7748%
