
Gurobi 11.0.3 (linux64, Java) logging started sex 27 dez 2024 13:39:29 -03

Set parameter Username
Academic license - for non-commercial use only - expires 2025-10-10
Set parameter NonConvex to value 2
Set parameter TimeLimit to value 3600
Set parameter LogToConsole to value 0
Set parameter MIPGap to value 6.73850205920109e-08
Set parameter Threads to value 2
Set parameter NodefileDir to value "/home/ps12398/experiment_epec/goalProgrammingMarcos/"
Set parameter NodefileStart to value 1
Gurobi Optimizer version 11.0.3 build v11.0.3rc0 (linux64)

CPU model: Intel(R) Xeon(R) CPU           X5650  @ 2.67GHz, instruction set [SSE2]
Thread count: 12 physical cores, 24 logical processors, using up to 2 threads

Optimize a model with 81722 rows, 56288 columns and 621716 nonzeros
Model fingerprint: 0x09ac8d7a
Model has 172 quadratic constraints
Variable types: 28062 continuous, 28226 integer (167 binary)
Coefficient statistics:
  Matrix range     [6e-03, 4e+06]
  QMatrix range    [6e-03, 7e+04]
  QLMatrix range   [1e+00, 7e+04]
  Objective range  [1e+00, 3e+07]
  Bounds range     [1e+00, 1e+08]
  RHS range        [1e+00, 2e+06]
  QRHS range       [1e-01, 1e-01]
Presolve removed 81093 rows and 55268 columns
Presolve time: 0.31s
Presolved: 1204 rows, 1205 columns, 61261 nonzeros
Presolved model has 2 SOS constraint(s)
Presolved model has 167 bilinear constraint(s)

Solving non-convex MIQCP

Variable types: 524 continuous, 681 integer (169 binary)
Found heuristic solution: objective 3870829.1766

Root relaxation: objective 2.789376e+05, 164 iterations, 0.02 seconds (0.01 work units)

    Nodes    |    Current Node    |     Objective Bounds      |     Work
 Expl Unexpl |  Obj  Depth IntInf | Incumbent    BestBd   Gap | It/Node Time

     0     0 278937.604    0  161 3870829.18 278937.604  92.8%     -    0s
     0     0 283773.040    0  170 3870829.18 283773.040  92.7%     -    1s
     0     0 285351.870    0  174 3870829.18 285351.870  92.6%     -    1s
     0     0 286660.220    0  175 3870829.18 286660.220  92.6%     -    1s
     0     0 287215.190    0  178 3870829.18 287215.190  92.6%     -    1s
     0     0 287451.319    0  179 3870829.18 287451.319  92.6%     -    1s
     0     0 287459.230    0  181 3870829.18 287459.230  92.6%     -    1s
     0     0 287565.920    0  181 3870829.18 287565.920  92.6%     -    1s
     0     0 287577.698    0  180 3870829.18 287577.698  92.6%     -    1s
     0     0 287724.685    0  179 3870829.18 287724.685  92.6%     -    1s
     0     0 287725.393    0  179 3870829.18 287725.393  92.6%     -    1s
     0     0 287778.408    0  196 3870829.18 287778.408  92.6%     -    2s
     0     0 287786.296    0  178 3870829.18 287786.296  92.6%     -    2s
     0     0 288075.102    0  180 3870829.18 288075.102  92.6%     -    2s
     0     0 288135.181    0  181 3870829.18 288135.181  92.6%     -    2s
     0     0 288143.936    0  201 3870829.18 288143.936  92.6%     -    2s
     0     0 288253.152    0  184 3870829.18 288253.152  92.6%     -    2s
     0     0 288259.588    0  186 3870829.18 288259.588  92.6%     -    2s
     0     0 288293.225    0  185 3870829.18 288293.225  92.6%     -    2s
     0     0 288295.884    0  186 3870829.18 288295.884  92.6%     -    2s
     0     0 288332.429    0  189 3870829.18 288332.429  92.6%     -    2s
     0     0 288333.377    0  189 3870829.18 288333.377  92.6%     -    2s
     0     0 288378.200    0  190 3870829.18 288378.200  92.5%     -    2s
     0     0 288385.738    0  190 3870829.18 288385.738  92.5%     -    2s
     0     0 288472.411    0  189 3870829.18 288472.411  92.5%     -    2s
     0     0 288503.825    0  191 3870829.18 288503.825  92.5%     -    2s
     0     0 288559.540    0  192 3870829.18 288559.540  92.5%     -    2s
     0     0 288562.573    0  194 3870829.18 288562.573  92.5%     -    2s
     0     0 288638.012    0  203 3870829.18 288638.012  92.5%     -    2s
     0     0 288646.594    0  207 3870829.18 288646.594  92.5%     -    2s
     0     0 288650.155    0  208 3870829.18 288650.155  92.5%     -    2s
     0     0 288650.669    0  210 3870829.18 288650.669  92.5%     -    2s
     0     0 288744.211    0  191 3870829.18 288744.211  92.5%     -    2s
     0     0 288752.321    0  192 3870829.18 288752.321  92.5%     -    2s
     0     0 288802.082    0  195 3870829.18 288802.082  92.5%     -    2s
     0     0 288807.120    0  196 3870829.18 288807.120  92.5%     -    2s
     0     0 288877.546    0  196 3870829.18 288877.546  92.5%     -    2s
     0     0 288882.934    0  197 3870829.18 288882.934  92.5%     -    2s
     0     0 288916.152    0  198 3870829.18 288916.152  92.5%     -    2s
     0     0 288930.188    0  198 3870829.18 288930.188  92.5%     -    2s
     0     0 288972.910    0  197 3870829.18 288972.910  92.5%     -    2s
     0     0 288974.734    0  199 3870829.18 288974.734  92.5%     -    2s
     0     0 288992.027    0  198 3870829.18 288992.027  92.5%     -    2s
     0     0 288992.027    0  198 3870829.18 288992.027  92.5%     -    3s
     0     2 288992.027    0  198 3870829.18 288992.027  92.5%     -    3s
    81   174 289009.625   31  182 3870829.18 288999.399  92.5%   4.8    5s
H  574   588                    1978353.1470 288999.399  85.4%   4.9    9s
   590   747 290491.418  288  142 1978353.15 288999.399  85.4%   5.5   10s
H  721   747                    1978126.9018 288999.399  85.4%   6.6   10s
H  726   747                    1971393.1694 288999.399  85.3%   6.6   10s
H  787   928                    1971361.2582 288999.399  85.3%   6.6   11s
H  993  1042                    1475914.7004 288999.399  80.4%   6.9   12s
  1703  1847 297550.816  747  168 1475914.70 288999.399  80.4%   6.6   15s
H 2739  2570                    1456983.5826 288999.399  80.2%   6.8   19s
  2826  2788 301663.790 1185  161 1456983.58 288999.399  80.2%   6.8   20s
H 3265  3028                    1456877.4643 288999.399  80.2%   6.6   21s
H 3580  3325                    1456874.2494 288999.399  80.2%   6.4   22s
H 3855  3446                    1220933.1909 289000.582  76.3%   6.4   24s
H 3857  3275                    1220320.9180 289000.582  76.3%   6.4   24s
  3859  3276 300755.671 1113   48 1220320.92 290267.158  76.2%   6.4   25s
  3883  3292 302286.197 1220   61 1220320.92 291214.034  76.1%   6.4   30s
  3907  3308 303237.137 1267   80 1220320.92 291842.361  76.1%   6.3   35s
  3929  3323 295899.833  541   88 1220320.92 292122.404  76.1%   6.3   40s
H 3936  3159                    1203452.7346 292143.284  75.7%   6.3   41s
  3959  3175 300755.671 1113   99 1203452.73 292278.402  75.7%   6.3   45s
  4016  3213 292696.437   84   94 1203452.73 292696.437  75.7%   6.2   50s
  4053  3239 292829.633  146  103 1203452.73 292829.633  75.7%   6.6   55s
H 4064  3083                    1203452.6306 292838.054  75.7%   6.5   56s
H 4075  2935                    1203437.6987 292854.190  75.7%   6.5   57s
H 4077  2790                    1203246.0426 292856.092  75.7%   6.5   57s
  4101  2806 303430.571 1277  103 1203246.04 292892.607  75.7%   6.5   60s
  4135  2830 310497.964 1503  103 1203246.04 292903.931  75.7%   6.6   65s
  4172  2860 292930.670   41  233 1203246.04 292914.533  75.7%   6.7   70s
  4226  2958 292941.723   54  218 1203246.04 292914.533  75.7%   6.7   79s
  4293  3036 292954.731   69  197 1203246.04 292914.533  75.7%   6.7   89s
  4393  3119 292968.209   95  172 1203246.04 292914.533  75.7%   6.6   99s
  4509  3183 292968.810  124  151 1203246.04 292914.533  75.7%   6.5  110s
  4612  3256 292969.957  155  147 1203246.04 292914.533  75.7%   6.5  118s
  4719  3405 293451.749  185  152 1203246.04 292914.533  75.7%   6.5  125s
  4908  3514 293435.963  229  147 1203246.04 292914.533  75.7%   6.9  133s
  5084  3635 295518.958  271  149 1203246.04 292914.533  75.7%   6.9  140s
H 5161  3467                    1203114.1067 292914.533  75.7%   6.9  140s
  5272  3615 297849.209  310  142 1203114.11 292914.533  75.7%   6.9  152s
  5469  3737 300142.060  357  144 1203114.11 292914.533  75.7%   6.9  161s
  5676  3839 302129.357  404  148 1203114.11 292914.533  75.7%   6.9  173s
  5861  3925 302145.683  452  146 1203114.11 292914.533  75.7%   7.0  186s
  6012  4042 302905.880  488  149 1203114.11 292914.533  75.7%   7.0  197s
  6179  4159 302376.054  527  145 1203114.11 292914.533  75.7%   7.0  206s
  6352  4313 302547.654  568  144 1203114.11 292914.533  75.7%   6.9  219s
  6563  4447 302846.725  622  143 1203114.11 292914.533  75.7%   7.0  234s
  6768  4596 303185.589  667  143 1203114.11 292914.533  75.7%   7.0  251s
  6985  4767 304406.694  711  144 1203114.11 292914.533  75.7%   7.0  268s
  7228  4992 307677.346  761  144 1203114.11 292914.533  75.7%   6.9  286s
  7536  5180 307143.630  844  143 1203114.11 292914.533  75.7%   6.9  302s
  7827  5349 308792.650  923  148 1203114.11 292914.533  75.7%   7.1  318s
  8093  5558 308650.393  999  143 1203114.11 292914.533  75.7%   7.3  336s
  8391  5770 309349.695 1077  146 1203114.11 292914.533  75.7%   7.6  355s
  8704  5982 309895.305 1159  147 1203114.11 292914.533  75.7%   7.8  374s
  9022  6213 311415.131 1242  148 1203114.11 292914.533  75.7%   7.8  392s
  9359  6425 313804.195 1334  150 1203114.11 292914.533  75.7%   7.8  407s
  9684  6662 316063.395 1419  149 1203114.11 292914.533  75.7%   7.8  424s
 10029  6958 318411.511 1497  142 1203114.11 292914.533  75.7%   7.7  438s
 10452  7236 587690.926 1571  143 1203114.11 292914.533  75.7%   7.5  455s
 10873  7513 597333.314 1640  143 1203114.11 292914.533  75.7%   7.4  475s
 11290  7799 598948.599 1709  143 1203114.11 292914.533  75.7%   7.2  493s
 11715  8066 602355.357 1778  143 1203114.11 292914.533  75.7%   7.1  511s
 12124  8210 603880.135 1844  143 1203114.11 292914.533  75.7%   7.0  522s
 12482  8343 653886.614 1913  143 1203114.11 292914.940  75.7%   7.1  533s
 12728  8533 298435.254   60  198 1203114.11 292914.940  75.7%   7.1  547s
 12918  8713 298468.714  109  157 1203114.11 292914.940  75.7%   7.1  565s
 13100  8852 298476.560  157  147 1203114.11 292914.940  75.7%   7.1  580s
 13254  9030 301541.655  195  163 1203114.11 292914.940  75.7%   7.1  597s
 13446  9296 302348.756  240  147 1203114.11 292914.940  75.7%   7.1  610s
 13715  9576 303013.555  295  145 1203114.11 292914.940  75.7%   7.0  622s
 14012  9851 313196.607  367  161 1203114.11 292914.940  75.7%   7.1  637s
 14339 10088 313674.710  447  159 1203114.11 292914.940  75.7%   7.1  654s
 14666 10280 319336.964  528  150 1203114.11 292914.940  75.7%   7.1  671s
 14983 10451 321868.516  600  147 1203114.11 292914.940  75.7%   7.1  687s
 15162 10696 325231.354  661  141 1203114.11 292914.940  75.7%   7.1  706s
 15409 10959 326227.061  747  141 1203114.11 292914.940  75.7%   7.0  721s
 15672 11221 326691.241  844  141 1203114.11 292914.940  75.7%   6.9  738s
 15934 11490 327862.716  942  141 1203114.11 292914.940  75.7%   6.8  755s
 16203 11759 329266.754 1040  141 1203114.11 292914.940  75.7%   6.8  771s
 16473 12022 330010.928 1133  141 1203114.11 292914.940  75.7%   6.7  784s
 16738 12305 331309.648 1224  140 1203114.11 292914.940  75.7%   6.7  802s
 17023 12569 333300.687 1313  141 1203114.11 292914.940  75.7%   6.7  821s
 17291 12842 336029.348 1391  142 1203114.11 292914.940  75.7%   6.6  841s
 17564 13110 334145.101 1470  137 1203114.11 292914.940  75.7%   6.6  859s
 17832 13297 336513.399 1547  142 1203114.11 292914.940  75.7%   6.6  873s
 18019 13582 336185.236 1599  143 1203114.11 292914.940  75.7%   6.5  892s
 18308 13871 339934.507 1676  142 1203114.11 292914.940  75.7%   6.5  908s
 18597 14161 341035.977 1754  142 1203114.11 292914.940  75.7%   6.4  925s
H18887 14450                    1203111.9175 292914.940  75.7%   6.4  942s
 19176 14757 343418.525 1912  142 1203111.92 292914.940  75.7%   6.4  962s
 19483 15116 342893.138 1993  143 1203111.92 292914.940  75.7%   6.3  983s
 19844 15495 350296.664 2095  144 1203111.92 292914.940  75.7%   6.3 1001s
 20225 15820 352244.346 2215  142 1203111.92 292914.940  75.7%   6.2 1017s
 20550 16176 353307.220 2317  142 1203111.92 292914.940  75.7%   6.2 1035s
 20906 16536 354426.421 2425  142 1203111.92 292914.940  75.7%   6.2 1050s
 21266 16866 355559.016 2534  142 1203111.92 292914.940  75.7%   6.1 1067s
 21596 17185 357465.380 2628  142 1203111.92 292914.940  75.7%   6.1 1080s
 21915 17496 360860.794 2713  142 1203111.92 292914.940  75.7%   6.0 1095s
 22226 17819 358274.710 2796  142 1203111.92 292914.940  75.7%   6.0 1113s
 22549 18146 359105.636 2881  142 1203111.92 292914.940  75.7%   5.9 1133s
 22876 18475 360520.191 2970  146 1203111.92 292914.940  75.7%   5.9 1151s
 23205 18798 362029.805 3058  146 1203111.92 292914.940  75.7%   5.9 1170s
 23528 19120 363620.392 3143  146 1203111.92 292914.940  75.7%   5.9 1192s
 23850 19434 369810.704 3227  145 1203111.92 292914.940  75.7%   5.8 1205s
 24164 19754 366605.131 3310  146 1203111.92 292914.940  75.7%   5.8 1225s
 24484 20069 368076.184 3394  146 1203111.92 292914.940  75.7%   5.8 1245s
 24799 20383 369190.365 3476  141 1203111.92 292914.940  75.7%   5.8 1265s
 25113 20704 370685.204 3558  140 1203111.92 292914.940  75.7%   5.8 1284s
 25434 20998 372686.139 3642  140 1203111.92 292914.940  75.7%   5.7 1301s
 25728 21328 374365.193 3719  140 1203111.92 292914.940  75.7%   5.7 1315s
 26058 21653 376363.075 3806  140 1203111.92 292914.940  75.7%   5.7 1331s
 26383 21983 384015.132 3891  141 1203111.92 292914.940  75.7%   5.6 1351s
 26713 22313 380232.012 3978  141 1203111.92 292914.940  75.7%   5.6 1369s
 27043 22647 383709.507 4064  139 1203111.92 292914.940  75.7%   5.6 1389s
 27377 22978 389059.730 4152  141 1203111.92 292914.940  75.7%   5.6 1407s
 27708 23311 390463.802 4239  141 1203111.92 292914.940  75.7%   5.5 1425s
 28041 23643 388663.622 4327  139 1203111.92 292914.940  75.7%   5.5 1438s
 28373 23947 389885.307 4415  141 1203111.92 292914.940  75.7%   5.5 1458s
 28741 24284 391859.933 4503  141 1203111.92 292914.940  75.7%   5.5 1478s
 29082 24628 412058.391 4590  142 1203111.92 292914.940  75.7%   5.4 1493s
 29426 24968 413845.434 4678  140 1203111.92 292914.940  75.7%   5.4 1511s
 29766 25302 420743.615 4765  148 1203111.92 292914.940  75.7%   5.4 1528s
 30100 25635 414395.340 4851  139 1203111.92 292914.940  75.7%   5.4 1545s
 30447 25869 415062.792 4938  139 1203111.92 292914.940  75.7%   5.4 1562s
 30762 26083 428786.166 5025  138 1203111.92 292914.940  75.7%   5.4 1578s
 30983 26326 447222.776 5101  141 1203111.92 292914.940  75.7%   5.5 1595s
 31226 26562 450636.222 5185  149 1203111.92 292914.940  75.7%   5.5 1615s
 31462 26810 447464.818 5268  139 1203111.92 292914.940  75.7%   5.5 1633s
 31720 27001 446637.527 5352  139 1203111.92 292914.940  75.7%   5.5 1652s
 31913 27312 446927.736 5407  139 1203111.92 292914.940  75.7%   5.5 1669s
 32266 27734 451057.852 5491  149 1203111.92 292914.940  75.7%   5.5 1686s
 32692 28118 460488.071 5577  140 1203111.92 292914.940  75.7%   5.5 1699s
H33067 28117                    1185696.8069 292914.940  75.3%   5.5 1699s
H33073 28117                    1161405.0222 292914.940  74.8%   5.5 1699s
 33076 28494 460981.483 5660  140 1161405.02 292914.940  74.8%   5.5 1717s
H33311 28494                    1160495.8359 292914.940  74.8%   5.5 1717s
H33475 28831                    1157246.2013 292914.940  74.7%   5.5 1732s
 33814 29174 552674.809 5763  158 1157246.20 292914.940  74.7%   5.5 1754s
H33989 29174                    1154971.5108 292914.940  74.6%   5.4 1754s
 34157 29518 542770.744 5761  158 1154971.51 292914.940  74.6%   5.4 1776s
H34331 29518                    1086718.4931 292914.940  73.0%   5.4 1776s
H34501 29840                    1086717.9272 292914.940  73.0%   5.4 1795s
H34823 30208                    1086715.5921 292914.940  73.0%   5.4 1810s
H34996 30208                    1086709.3474 292914.940  73.0%   5.4 1810s
 35191 30534 578164.921 5763  156 1086709.35 292914.940  73.0%   5.4 1828s
H35361 30534                    1084294.2236 292914.940  73.0%   5.3 1828s
H35521 30871                    1084270.1981 292914.940  73.0%   5.3 1846s
 35858 31151 583250.307 5762  156 1084270.20 292914.940  73.0%   5.3 1865s
H36115 31151                    1078176.7248 292914.940  72.8%   5.3 1865s
 36138 31493 574543.546 5763  156 1078176.72 292914.940  72.8%   5.3 1882s
 36480 31835 567083.807 5764  157 1078176.72 292914.940  72.8%   5.3 1900s
 36822 32177 590779.207 5760  156 1078176.72 292914.940  72.8%   5.3 1916s
 37164 32505 615929.380 5764  154 1078176.72 292915.401  72.8%   5.2 1935s
 37492 32727 295802.924   47  227 1078176.72 292915.401  72.8%   5.2 1951s
 37716 32957 299616.654   74  210 1078176.72 292915.401  72.8%   5.3 1966s
H37950 33183                    1078176.1589 292915.401  72.8%   5.3 1982s
H38179 33424                    1076870.8402 292915.401  72.8%   5.3 1999s
 38420 33652 305070.106  169  144 1076870.84 292915.401  72.8%   5.3 2015s
 38665 33891 307693.275  203  145 1076870.84 292915.401  72.8%   5.3 2032s
 38909 34136 308340.868  237  143 1076870.84 292915.401  72.8%   5.3 2047s
 39196 34467 330241.172  292  160 1076870.84 292915.401  72.8%   5.4 2065s
 39537 34826 338595.509  375  163 1076870.84 292915.401  72.8%   5.4 2084s
 39899 35260 338558.951  465  162 1076870.84 292915.401  72.8%   5.4 2099s
 40333 35690 338734.677  594  161 1076870.84 292915.401  72.8%   5.3 2115s
 40763 36065 339231.772  721  162 1076870.84 292915.401  72.8%   5.3 2132s
 41138 36318 339084.085  816  161 1076870.84 292915.401  72.8%   5.3 2149s
 41391 36695 339188.584  854  160 1076870.84 292915.401  72.8%   5.3 2167s
 41768 37029 339619.904  932  158 1076870.84 292915.401  72.8%   5.3 2183s
 42102 37360 340198.381 1011  155 1076870.84 292915.401  72.8%   5.3 2196s
 42433 37823 341028.006 1089  155 1076870.84 292915.401  72.8%   5.3 2210s
 42900 38291 341145.428 1169  155 1076870.84 292915.401  72.8%   5.3 2229s
 43368 38728 341676.958 1248  149 1076870.84 292915.401  72.8%   5.3 2244s
 43805 39040 342082.296 1324  148 1076870.84 292915.401  72.8%   5.3 2257s
 44143 39548 342545.655 1397  150 1076870.84 292915.401  72.8%   5.3 2273s
 44653 39897 344705.813 1525  153 1076870.84 292915.401  72.8%   5.3 2288s
H44836 39897                    1076870.8066 292915.401  72.8%   5.3 2288s
 45005 40253 344863.966 1617  148 1076870.81 292915.401  72.8%   5.3 2305s
 45361 40649 345170.293 1711  149 1076870.81 292915.401  72.8%   5.3 2325s
 45757 41021 345390.768 1826  149 1076870.81 292915.401  72.8%   5.2 2344s
 46129 41495 345556.012 1920  149 1076870.81 292915.401  72.8%   5.2 2357s
H46603 41995                    1076870.1875 292915.401  72.8%   5.2 2374s
 47103 42455 345950.102 2128  148 1076870.19 292915.401  72.8%   5.2 2389s
 47563 42960 347112.906 2217  150 1076870.19 292915.401  72.8%   5.2 2403s
 48068 43464 349008.785 2330  151 1076870.19 292915.401  72.8%   5.1 2418s
 48572 43926 350521.018 2448  151 1076870.19 292915.401  72.8%   5.1 2431s
 49034 44385 351908.080 2566  151 1076870.19 292915.401  72.8%   5.1 2444s
 49493 44832 353020.118 2680  150 1076870.19 292915.401  72.8%   5.1 2456s
H49940 45284                    1076398.9129 292915.401  72.8%   5.1 2469s
H50392 45658                    1076397.6912 292915.401  72.8%   5.0 2481s
H50766 46016                    1076397.6154 292915.401  72.8%   5.0 2498s
H51124 46378                    1074784.4093 292915.401  72.7%   5.0 2510s
H51486 46683                    1074726.8541 292915.401  72.7%   5.0 2520s
 51791 47020 360181.604 3329  147 1074726.85 292915.401  72.7%   5.0 2533s
 52129 47383 361015.842 3430  151 1074726.85 292915.401  72.7%   5.0 2549s
H52492 47811                    1072528.6081 292915.401  72.7%   5.0 2563s
 52920 48223 363399.555 3648  149 1072528.61 292915.401  72.7%   5.0 2576s
 53332 48559 364564.375 3758  149 1072528.61 292915.401  72.7%   5.0 2588s
 53668 48914 365636.376 3861  152 1072528.61 292915.401  72.7%   4.9 2601s
 54023 49367 366096.525 3966  148 1072528.61 292915.401  72.7%   4.9 2612s
 54476 49821 367103.955 4071  152 1072528.61 292915.401  72.7%   4.9 2622s
H54690 49821                    1072502.3076 292915.401  72.7%   4.9 2622s
 54930 50149 368468.247 4178  155 1072502.31 292915.401  72.7%   4.9 2635s
 55258 50432 368446.000 4281  149 1072502.31 292915.401  72.7%   4.9 2647s
 55543 50703 380178.144 4361  160 1072502.31 292915.401  72.7%   4.9 2661s
 55814 50978 381137.056 4433  160 1072502.31 292915.401  72.7%   4.9 2673s
 56089 51256 381335.161 4508  154 1072502.31 292915.401  72.7%   4.9 2686s
 56367 51518 382951.524 4583  157 1072502.31 292915.401  72.7%   4.9 2696s
 56631 51764 404390.147 4650  167 1072502.31 292915.401  72.7%   4.9 2708s
 56878 51933 400423.127 4710  168 1072502.31 292915.401  72.7%   4.9 2719s
 57047 52135 401128.833 4744  167 1072502.31 292915.401  72.7%   4.9 2730s
 57249 52318 403896.544 4813  165 1072502.31 292915.401  72.7%   4.9 2741s
 57432 52508 404352.574 4889  162 1072502.31 292915.401  72.7%   4.9 2751s
 57624 52701 408535.930 4965  161 1072502.31 292915.401  72.7%   4.9 2760s
H57819 52890                    1072501.1222 292915.401  72.7%   4.9 2768s
 58008 53085 413230.577 5113  162 1072501.12 292915.401  72.7%   4.9 2778s
 58203 53292 415034.372 5189  162 1072501.12 292915.401  72.7%   4.9 2787s
 58410 53526 423438.461 5272  164 1072501.12 292915.401  72.7%   4.9 2799s
 58644 53770 432572.337 5369  163 1072501.12 292915.401  72.7%   4.9 2813s
 58888 53947 431037.936 5468  164 1072501.12 292915.401  72.7%   4.9 2824s
H59012 53947                    1072428.6449 292915.401  72.7%   4.9 2824s
 59065 54131 433820.127 5530  165 1072428.64 292915.401  72.7%   4.9 2840s
 59252 54336 436155.930 5594  162 1072428.64 292915.401  72.7%   4.9 2856s
 59457 54569 436635.525 5661  158 1072428.64 292915.401  72.7%   4.9 2868s
 59690 55709 441196.137 5734  157 1072428.64 292915.760  72.7%   4.9 2878s
 60874 57287 294050.632   42  236 1072428.64 292915.760  72.7%   4.9 2887s
H61921 57287                    1029129.5134 292915.760  71.5%   4.9 2887s
H62697 57287                    1029046.7943 292915.760  71.5%   4.8 2887s
H62876 58644                    1024076.5812 292915.760  71.4%   4.8 2896s
H64569 58640                    963581.64679 292915.760  69.6%   4.8 2896s
 64570 59431 306543.897 1673  161 963581.647 292915.760  69.6%   4.8 2901s
H65024 59431                    963394.77093 292915.760  69.6%   4.9 2901s
H65262 59431                    947649.99649 292915.760  69.1%   4.9 2901s
 65456 60350 315085.251 1750  155 947649.996 292915.760  69.1%   5.0 2906s
H65968 60348                    943043.40548 292915.760  68.9%   5.0 2906s
H66398 61341                    942803.85571 292915.760  68.9%   5.0 2912s
H67393 62175                    942495.74524 292915.760  68.9%   5.0 2917s
H67856 62173                    940176.47493 292915.760  68.8%   5.0 2917s
H68263 62753                    939396.75693 292915.760  68.8%   5.1 2926s
H68709 61948                    932342.33185 292915.760  68.6%   5.1 2926s
H69088 62687                    931563.62134 292915.760  68.6%   5.1 2930s
H70197 63288                    931212.89877 292915.760  68.5%   5.1 2934s
 71072 63942 383334.772 3746  158 931212.899 292915.760  68.5%   5.1 2937s
H71763 64471                    931196.31928 292915.760  68.5%   5.1 2941s
H72076 64469                    930982.25561 292915.760  68.5%   5.1 2941s
H72658 65004                    929768.02490 292915.760  68.5%   5.2 2943s
 72927 65600 412244.137 4684  169 929768.025 292915.760  68.5%   5.2 2947s
H73535 66081                    929243.31943 292915.760  68.5%   5.2 2950s
H74026 66684                    929203.14706 292915.760  68.5%   5.2 2952s
 74633 67188 446401.477 5528  167 929203.147 292915.760  68.5%   5.2 2955s
 75617 68134 471835.274 5764  164 929203.147 292915.760  68.5%   5.2 2960s
 76588 69082 454072.300 5764  164 929203.147 292915.760  68.5%   5.2 2965s
H77988 70378                    928922.21509 292915.760  68.5%   5.2 2972s
 78706 70986 306858.640  108  197 928922.215 292916.206  68.5%   5.3 2977s
 79008 71159 311841.330  127  194 928922.215 292916.206  68.5%   5.3 2982s
 79186 71558 311916.365  182  156 928922.215 292916.206  68.5%   5.3 2985s
 80016 72519 318430.971  328  141 928922.215 292916.206  68.5%   5.3 2990s
 81038 73517 320111.853  583  137 928922.215 292916.206  68.5%   5.3 2995s
 81985 74454 320645.496  881  136 928922.215 292916.206  68.5%   5.3 3000s
 83402 75824 321424.211 1315  136 928922.215 292916.206  68.5%   5.2 3006s
 84307 76368 321637.733 1473  136 928922.215 292916.206  68.5%   5.2 3010s
 85085 77233 321672.576 1503  135 928922.215 292916.206  68.5%   5.2 3016s
 85920 78086 321720.965 1544  135 928922.215 292916.206  68.5%   5.2 3021s
H86477 78520                    928786.40865 292916.206  68.5%   5.2 3024s
 86687 78714 321757.400 1574  135 928786.409 292916.206  68.5%   5.2 3026s
 87195 79277 321792.462 1604  135 928786.409 292916.206  68.5%   5.2 3030s
 88000 80111 322105.306 1662  135 928786.409 292916.206  68.5%   5.2 3035s
 89114 81231 322584.467 1736  136 928786.409 292916.206  68.5%   5.1 3040s
 89660 81792 322808.633 1770  136 928786.409 292916.206  68.5%   5.1 3046s
 90239 82399 323024.800 1806  136 928786.409 292916.206  68.5%   5.1 3050s
 91118 83266 323530.020 1882  136 928786.409 292916.206  68.5%   5.1 3056s
 91781 84009 323992.397 1955  135 928786.409 292916.206  68.5%   5.1 3060s
 92899 85056 324705.400 2067  135 928786.409 292916.206  68.5%   5.1 3066s
 93593 85665 325024.013 2113  139 928786.409 292916.206  68.5%   5.1 3070s
 94580 86377 326942.092 2397  138 928786.409 292916.206  68.5%   5.1 3077s
 94887 87045 327957.668 2538  139 928786.409 292916.206  68.5%   5.1 3081s
 95623 87681 330462.356 2889  138 928786.409 292916.206  68.5%   5.2 3085s
 96589 88624 333782.280 3353  138 928786.409 292916.206  68.5%   5.2 3091s
 97606 89706 335657.780 3573  136 928786.409 292916.206  68.5%   5.2 3096s
 98310 90465 336592.774 3717  142 928786.409 292916.206  68.5%   5.2 3100s
 99339 91161 337918.531 3927  138 928786.409 292916.206  68.5%   5.2 3105s
 99461 91288 338077.036 3952  136 928786.409 292916.206  68.5%   5.2 3110s
 99679 91736 338362.818 3995  142 928786.409 292916.206  68.5%   5.2 3116s
 100313 92499 339037.114 4106  143 928786.409 292916.206  68.5%   5.2 3120s
 101528 93611 343246.334 4500  146 928786.409 292916.206  68.5%   5.2 3126s
 102274 94341 345863.403 4656  139 928786.409 292916.206  68.5%   5.2 3130s
 103356 95282 350322.362 5044  139 928786.409 292916.206  68.5%   5.2 3136s
 104262 96125 353558.357 5311  141 928786.409 292916.206  68.5%   5.3 3141s
 104615 96395 358153.176 5505  141 928786.409 292916.206  68.5%   5.3 3145s
 105821 97575 369128.530 5764  138 928786.409 292916.206  68.5%   5.2 3151s
 106869 98559 373731.016 5761  138 928786.409 292916.206  68.5%   5.2 3156s
 107920 99564 410651.791 5764  141 928786.409 292916.206  68.5%   5.3 3161s
 108699 100109 411255.344 5764  140 928786.409 292918.338  68.5%   5.3 3165s
 109300 100642 305969.613  103  195 928786.409 292918.338  68.5%   5.3 3170s
 110058 101012 318912.203  282  166 928786.409 292918.338  68.5%   5.3 3178s
 110060 101271 318913.371  283  165 928786.409 292918.338  68.5%   5.3 3180s
 111109 102209 320144.802  412  153 928786.409 292918.338  68.5%   5.3 3186s
 111708 102743 320570.633  482  156 928786.409 292918.338  68.5%   5.4 3190s
 112600 103450 321192.605  590  156 928786.409 292918.338  68.5%   5.4 3195s
 113365 104216 321663.947  672  156 928786.409 292918.338  68.5%   5.4 3200s
 114146 104905 322023.083  731  153 928786.409 292918.338  68.5%   5.4 3205s
 115030 105619 322438.021  802  156 928786.409 292918.338  68.5%   5.4 3213s
 115232 105908 322541.725  820  156 928786.409 292918.338  68.5%   5.4 3215s
 116292 106852 323065.336  909  155 928786.409 292918.338  68.5%   5.4 3221s
 117307 107771 323454.324  975  153 928786.409 292918.338  68.5%   5.4 3225s
 118399 108696 323957.167 1063  154 928786.409 292918.338  68.5%   5.4 3230s
 119261 109543 324391.997 1138  152 928786.409 292918.338  68.5%   5.4 3235s
 120153 110346 324740.832 1248  142 928786.409 292918.338  68.5%   5.5 3245s
 121133 111365 326665.428 1543  142 928786.409 292918.338  68.5%   5.5 3250s
 122159 112283 328303.308 1850  142 928786.409 292918.338  68.5%   5.5 3255s
 123526 113535 332293.745 2376  142 928786.409 292918.338  68.5%   5.5 3260s
 124568 114504 336542.225 2940  142 928786.409 292918.338  68.5%   5.5 3265s
 125416 115163 337496.852 3061  142 928786.409 292918.338  68.5%   5.6 3272s
 125944 115686 338245.052 3124  140 928786.409 292918.338  68.5%   5.6 3275s
 126848 116573 339002.724 3320  142 928786.409 292918.338  68.5%   5.6 3280s
 127941 117595 339118.199 3722  142 928786.409 292918.338  68.5%   5.6 3286s
 128659 118287 339196.098 3996  142 928786.409 292918.338  68.5%   5.6 3290s
 129755 119319 339312.043 4407  142 928786.409 292918.338  68.5%   5.6 3295s
 130761 120256 339416.668 4776  142 928786.409 292918.338  68.5%   5.7 3300s
 131740 121144 339594.338 5052  142 928786.409 292918.338  68.5%   5.7 3305s
 132681 121920 339703.600 5069  142 928786.409 292918.338  68.5%   5.7 3310s
 133597 122710 339793.241 5084  142 928786.409 292918.338  68.5%   5.7 3315s
 134502 123351 342278.625 5102  147 928786.409 292918.338  68.5%   5.7 3320s
 135320 124283 347193.251 5454  147 928786.409 292918.338  68.5%   5.7 3326s
 135968 124934 353635.863 5760  144 928786.409 292918.338  68.5%   5.7 3330s
 137079 126057 353630.303 5763  142 928786.409 292918.338  68.5%   5.7 3336s
 138129 127027 353625.899 5762  144 928786.409 292918.338  68.5%   5.7 3341s
 139092 127916 353640.390 5763  145 928786.409 292919.732  68.5%   5.6 3346s
 139666 128391 infeasible   95      928786.409 292919.732  68.5%   5.6 3351s
 140174 128907 315211.442  148  185 928786.409 292919.732  68.5%   5.7 3356s
 140674 129429 320299.661  202  177 928786.409 292919.732  68.5%   5.7 3361s
 141029 129718 321398.511  364  160 928786.409 292919.732  68.5%   5.6 3365s
 142217 130988 321653.658  593  150 928786.409 292919.732  68.5%   5.6 3371s
 142946 131701 321910.908  758  148 928786.409 292919.732  68.5%   5.6 3375s
 144122 132876 324369.638 1250  144 928786.409 292919.732  68.5%   5.6 3380s
 145021 133724 325495.978 1466  143 928786.409 292919.732  68.5%   5.6 3385s
 145925 134615 325853.329 1532  144 928786.409 292919.732  68.5%   5.6 3390s
 146218 134617 325962.738 1553  143 928786.409 292919.732  68.5%   5.6 3395s
 146740 135425 326162.009 1592  146 928786.409 292919.732  68.5%   5.6 3400s
 147904 136596 326623.047 1679  143 928786.409 292919.732  68.5%   5.6 3406s
 148701 137346 326937.479 1739  143 928786.409 292919.732  68.5%   5.6 3411s
 149271 137959 327168.194 1784  146 928786.409 292919.732  68.5%   5.6 3415s
 150433 139058 327608.269 1867  143 928786.409 292919.732  68.5%   5.6 3420s
 151278 139691 327954.330 1936  143 928786.409 292919.732  68.5%   5.7 3429s
H151303 126012                    459538.01114 292919.732  36.3%   5.7 3429s
 151304 126338 327972.670 1939  143 459538.011 292919.732  36.3%   5.7 3431s
H151763 126665                    459537.94616 292919.732  36.3%   5.7 3432s
 152286 127292 328771.671 2089  143 459537.946 292919.732  36.3%   5.7 3435s
 153522 128473 329788.467 2284  146 459537.946 292919.732  36.3%   5.7 3440s
 154666 129701 330815.484 2479  143 459537.946 292919.732  36.3%   5.7 3445s
 155645 130674 331465.426 2614  141 459537.946 292919.732  36.3%   5.7 3450s
 156338 131060 332286.342 2760  141 459537.946 292919.732  36.3%   5.7 3456s
 156719 131586 333303.146 2925  142 459537.946 292919.732  36.3%   5.7 3460s
 157737 132525 335998.145 3365  143 459537.946 292919.732  36.3%   5.7 3465s
 158705 133471 338718.576 3708  142 459537.946 292919.732  36.3%   5.7 3470s
 159646 134396 341851.080 4096  141 459537.946 292919.732  36.3%   5.7 3475s
 160574 135365 344799.568 4458  141 459537.946 292919.732  36.3%   5.8 3480s
 161597 136223 346926.405 4695  141 459537.946 292919.732  36.3%   5.8 3485s
 162453 137165 347881.222 4798  143 459537.946 292919.732  36.3%   5.8 3490s
 163390 138133 349170.579 4936  143 459537.946 292919.732  36.3%   5.8 3496s
 164402 139113 351406.789 5190  144 459537.946 292919.732  36.3%   5.8 3500s
 165142 139899 353053.883 5365  142 459537.946 292919.732  36.3%   5.8 3505s
 166053 140799 354786.250 5538  143 459537.946 292919.732  36.3%   5.8 3510s
 166631 141255 355920.270 5651  141 459537.946 292919.732  36.3%   5.8 3515s
 167743 142533 357045.138 5764  143 459537.946 292919.732  36.3%   5.8 3521s
 168735 143440 357023.046 5764  142 459537.946 292919.732  36.3%   5.8 3526s
 169647 144340 357372.807 5764  145 459537.946 292919.732  36.3%   5.8 3531s
 170327 144980 357372.292 5763  144 459537.946 292919.732  36.3%   5.8 3535s
 171223 145791 296841.458   59  218 459537.946 292919.816  36.3%   5.8 3540s
 171681 146182 312059.459  102  204 459537.946 292919.816  36.3%   5.8 3546s
H172063 146332                    459537.93739 292919.816  36.3%   5.8 3549s
 172086 146418 infeasible  152      459537.937 292919.816  36.3%   5.8 3551s
 172279 146536 330832.650  183  197 459537.937 292919.816  36.3%   5.9 3556s
 172370 146538 330689.272  183  197 459537.937 292919.816  36.3%   5.9 3561s
 172509 146972 330855.778  260  172 459537.937 292919.816  36.3%   5.9 3565s
 173251 147559 331041.393  402  144 459537.937 292919.816  36.3%   5.8 3571s
 173497 147809 331041.648  404  142 459537.937 292919.816  36.3%   5.8 3575s
 174091 148566 331081.617  425  142 459537.937 292919.816  36.3%   5.8 3581s
 174537 148862 331153.034  457  145 459537.937 292919.816  36.3%   5.8 3585s
 175091 149628 331153.480  460  142 459537.937 292919.816  36.3%   5.8 3592s
 175671 149907 331240.364  499  145 459537.937 292919.816  36.3%   5.8 3596s
 176256 150485 332179.488  563  141 459537.937 292919.816  36.3%   5.8 3600s

Cutting planes:
  RLT: 146

Explored 176553 nodes (1026010 simplex iterations) in 3600.09 seconds (2185.93 work units)
Thread count was 2 (of 24 available processors)

Solution count 10: 459538 928786 928922 ... 931564

Time limit reached
Best objective 4.595379373887e+05, best bound 2.929198161771e+05, gap 36.2578%
