
Gurobi 11.0.3 (linux64, Java) logging started sex 27 dez 2024 18:40:35 -03

Set parameter Username
Academic license - for non-commercial use only - expires 2025-10-10
Set parameter NonConvex to value 2
Set parameter TimeLimit to value 3600
Set parameter LogToConsole to value 0
Set parameter MIPGap to value 6.73850205920109e-08
Set parameter Threads to value 2
Set parameter NodefileDir to value "/home/ps12398/experiment_epec/goalProgrammingMarcos/"
Set parameter NodefileStart to value 1
Gurobi Optimizer version 11.0.3 build v11.0.3rc0 (linux64)

CPU model: Intel(R) Xeon(R) CPU           X5650  @ 2.67GHz, instruction set [SSE2]
Thread count: 12 physical cores, 24 logical processors, using up to 2 threads

Optimize a model with 81722 rows, 56288 columns and 621716 nonzeros
Model fingerprint: 0x0c3b14c2
Model has 172 quadratic constraints
Variable types: 28062 continuous, 28226 integer (167 binary)
Coefficient statistics:
  Matrix range     [6e-03, 4e+06]
  QMatrix range    [6e-03, 7e+04]
  QLMatrix range   [1e+00, 7e+04]
  Objective range  [1e+00, 3e+07]
  Bounds range     [1e+00, 1e+08]
  RHS range        [1e+00, 2e+05]
  QRHS range       [3e-03, 3e-03]
Presolve removed 81093 rows and 55268 columns
Presolve time: 0.30s
Presolved: 1204 rows, 1205 columns, 61261 nonzeros
Presolved model has 2 SOS constraint(s)
Presolved model has 167 bilinear constraint(s)

Solving non-convex MIQCP

Variable types: 524 continuous, 681 integer (169 binary)
Found heuristic solution: objective 5988348.2483

Root relaxation: objective 2.425204e+06, 199 iterations, 0.03 seconds (0.01 work units)

    Nodes    |    Current Node    |     Objective Bounds      |     Work
 Expl Unexpl |  Obj  Depth IntInf | Incumbent    BestBd   Gap | It/Node Time

     0     0 2425204.21    0  270 5988348.25 2425204.21  59.5%     -    0s
     0     0 3628495.07    0  253 5988348.25 3628495.07  39.4%     -    1s
H    0     0                    5212280.7023 3628495.07  30.4%     -    1s
H    0     0                    5212243.5419 3628495.07  30.4%     -    1s
     0     0 3639113.54    0  267 5212243.54 3639113.54  30.2%     -    2s
H    0     0                    4802701.1852 3639113.54  24.2%     -    2s
     0     0 3639146.25    0  269 4802701.19 3639146.25  24.2%     -    2s
     0     0 3639162.02    0  269 4802701.19 3639162.02  24.2%     -    2s
     0     2 3639168.49    0  269 4802701.19 3639168.49  24.2%     -    3s
   610   725 3639564.84  307  203 4802701.19 3639184.51  24.2%   1.2    5s
H  972  1027                    4710471.0008 3639184.51  22.7%   1.4    6s
H 1310  1426                    4705752.6131 3639184.51  22.7%   1.4    7s
H 2542  2776                    4705620.2428 3639184.51  22.7%   1.5    9s
H 2801  3020                    4696252.2183 3639184.51  22.5%   1.5    9s
  3019  3278 3643875.37 1497  156 4696252.22 3639184.51  22.5%   1.5   10s
H 3153  3278                    4674793.8971 3639184.51  22.2%   1.5   10s
H 3880  3685                    4497932.8341 3678838.39  18.2%   1.5   12s
H 3881  3502                    4452557.8891 3679217.22  17.4%   1.5   12s
H 3888  3332                    4430852.4659 3679290.68  17.0%   1.6   13s
H 3888  3165                    4430796.9053 3679290.68  17.0%   1.6   13s
H 3889  3008                    4426073.9842 3679694.59  16.9%   1.6   14s
  3896  3014 3679694.59  132  126 4426073.98 3679694.59  16.9%   1.7   15s
  4470  3628 3680610.55  168  220 4426073.98 3679720.11  16.9%   1.8   20s
H 4563  3446                    4422652.5572 3679720.11  16.8%   1.9   20s
H 6697  4656                    4420802.5491 3679720.11  16.8%   1.7   24s
  7315  5316 3681224.82  811  148 4420802.55 3679720.11  16.8%   1.7   25s
H 8311  5659                    4401258.6907 3679720.11  16.4%   1.6   26s
H 9479  6318                    4401155.9007 3679720.11  16.4%   1.6   29s
H 9479  6195                    4399597.9020 3679720.11  16.4%   1.6   29s
  9620  6521 3681299.44 1417  145 4399597.90 3679720.11  16.4%   1.6   30s
H10662  6831                    4398001.1719 3679720.11  16.3%   1.7   32s
H11708  8054                    4397723.1480 3679720.11  16.3%   2.0   34s
H11840  8054                    4392785.3040 3679720.11  16.2%   2.1   34s
 12234  8661 3772760.40 2069  155 4392785.30 3679720.11  16.2%   2.1   35s
H12961  9281                    4363934.0441 3679720.11  15.7%   2.3   37s
H13483  9803                    4360713.2685 3679720.11  15.6%   2.3   38s
H14642 10746                    4357593.0993 3679720.11  15.6%   2.4   42s
H14644 10959                    4356458.2968 3679720.11  15.5%   2.4   42s
H14755 10959                    4355354.1390 3679720.11  15.5%   2.4   43s
H15663 11865                    4354449.3726 3679720.11  15.5%   2.4   44s
 15765 12292 3800362.91 3069  144 4354449.37 3679720.11  15.5%   2.4   45s
H17141 13384                    4354029.7010 3679720.11  15.5%   2.4   48s
H17869 14065                    4348791.4490 3679720.11  15.4%   2.5   50s
H19179 15532                    4340552.1681 3679720.11  15.2%   2.8   53s
H19648 15812                    4340397.8425 3679720.11  15.2%   2.9   53s
 20009 16393 3860077.55 3936  181 4340397.84 3679720.11  15.2%   2.9   55s
H20355 16595                    4339911.5783 3679720.11  15.2%   3.0   55s
H20560 16843                    4339870.6124 3679720.11  15.2%   3.0   56s
H21681 17925                    4338368.6663 3679720.11  15.2%   3.1   58s
 22049 18193 3859842.83 4220  175 4338368.67 3679720.11  15.2%   3.2   61s
H22108 18193                    4338318.9595 3679720.11  15.2%   3.2   61s
H22109 18362                    4337859.8630 3679720.11  15.2%   3.2   62s
H22286 18556                    4337859.5247 3679720.11  15.2%   3.2   62s
H22931 19152                    4307693.4808 3679720.11  14.6%   3.5   64s
 23102 19339 3862441.36 4412  161 4307693.48 3679720.11  14.6%   3.5   65s
 25054 21321 3872725.52 4668  178 4307693.48 3679720.11  14.6%   3.8   70s
H26060 22418                    4307443.0344 3679828.03  14.6%   4.0   72s
H26735 22942                    4300474.0888 3679828.03  14.4%   4.0   74s
 27164 23451 3731816.57  256  195 4300474.09 3679828.03  14.4%   4.0   75s
H27684 23977                    4299735.8985 3679828.03  14.4%   4.0   76s
H28335 24514                    4295954.6358 3679828.03  14.3%   4.1   77s
 28806 25079 3735675.54  553  185 4295954.64 3679828.03  14.3%   4.1   81s
H29471 25529                    4295908.7410 3679828.03  14.3%   4.2   82s
H30715 27057                    4295540.8663 3679828.03  14.3%   4.3   85s
H32036 28314                    4285900.1376 3679828.03  14.1%   4.3   87s
H32660 28948                    4285582.3060 3679828.03  14.1%   4.3   88s
 33190 29554 3740054.94 1299  195 4285582.31 3679828.03  14.1%   4.3   90s
H33810 30113                    4285006.0590 3679828.03  14.1%   4.3   91s
H33937 30113                    4284432.3228 3679828.03  14.1%   4.3   91s
 35242 31486 3747737.30 1738  189 4284432.32 3679828.03  14.1%   4.5   95s
H35245 31486                    4284413.4945 3679828.03  14.1%   4.5   95s
 36337 32617 3749882.72 1974  187 4284413.49 3679828.03  14.1%   4.6  100s
 38279 34602 3755215.10 2397  188 4284413.49 3679828.03  14.1%   4.8  105s
 40152 36476 3761322.77 2837  175 4284413.49 3679828.03  14.1%   4.9  110s
 42541 38918 3769770.85 3521  175 4284413.49 3679828.03  14.1%   4.9  115s
 45177 41517 3774432.13 4128  173 4284413.49 3679828.03  14.1%   4.9  120s
 47267 43613 3781392.46 4668  177 4284413.49 3679828.03  14.1%   5.0  125s
 47563 43615 3785575.80 4668  181 4284413.49 3679828.03  14.1%   5.0  130s
 48329 44625 3790641.67 4669  209 4284413.49 3679828.03  14.1%   5.1  135s
 50274 46660 3731996.36  113  242 4284413.49 3679829.29  14.1%   5.2  140s
 52628 48928 3738871.19  607  188 4284413.49 3679829.29  14.1%   5.3  145s
 54697 51053 3747668.33 1138  185 4284413.49 3679829.29  14.1%   5.3  150s
 56602 53008 3753982.36 1615  171 4284413.49 3679829.29  14.1%   5.3  155s
 58339 54391 3760768.17 2091  178 4284413.49 3679829.29  14.1%   5.4  161s
 59272 55742 3762760.06 2381  170 4284413.49 3679829.29  14.1%   5.4  165s
 61517 57881 3767319.94 3104  164 4284413.49 3679829.29  14.1%   5.5  170s
 63584 60035 3775325.28 3764  160 4284413.49 3679829.29  14.1%   5.4  175s
 66371 62820 3780425.23 4583  164 4284413.49 3679829.29  14.1%   5.4  180s
 69016 65068 3734965.95  239  196 4284413.49 3679841.82  14.1%   5.5  186s
 69856 66179 3738289.32  464  187 4284413.49 3679841.82  14.1%   5.5  190s
 71916 68266 3744113.23 1037  176 4284413.49 3679841.82  14.1%   5.6  195s
 73776 70128 3751559.51 1503  170 4284413.49 3679841.82  14.1%   5.7  200s
 75567 71908 3758555.47 1941  172 4284413.49 3679841.82  14.1%   5.7  205s
 76432 72666 3764438.58 2149  168 4284413.49 3679841.82  14.1%   5.8  210s
 77897 74317 3767848.37 2464  178 4284413.49 3679841.82  14.1%   5.8  215s
 79914 76272 3777171.54 2900  171 4284413.49 3679841.82  14.1%   5.8  220s
 82085 78581 3787825.24 3468  165 4284413.49 3679841.82  14.1%   5.9  225s
 84427 80866 3795139.54 3979  162 4284413.49 3679841.82  14.1%   5.9  230s
 86308 82360 3799596.17 4365  164 4284413.49 3679841.82  14.1%   5.9  236s
 88038 84498 3804359.02 4667  181 4284413.49 3679841.82  14.1%   5.9  240s
 90338 86596 3818543.76 4669  189 4284413.49 3679841.82  14.1%   5.9  245s
 92612 88985 3740466.40 1157  179 4284413.49 3679844.19  14.1%   5.9  250s
 95774 92322 3788796.30 2433  155 4284413.49 3679844.19  14.1%   5.9  255s
 98370 94814 3802183.84 3811  155 4284413.49 3679844.19  14.1%   5.8  260s
 101922 98361 3858428.61 4669  153 4284413.49 3679844.19  14.1%   5.7  265s
 104774 101080 3693225.32 1265  174 4284413.49 3679864.21  14.1%   5.7  270s
 106920 103188 3707957.17 2651  168 4284413.49 3679864.21  14.1%   5.6  275s
 107934 104327 3712684.87 3320  161 4284413.49 3679864.21  14.1%   5.6  280s
 110235 106514 3716363.07 4627  152 4284413.49 3679864.21  14.1%   5.5  285s
 112770 109069 3860783.68 4667  185 4284413.49 3679864.21  14.1%   5.5  290s
 115043 111431 3776277.87  679  184 4284413.49 3679865.08  14.1%   5.4  295s
 117305 113599 3790335.02 1638  167 4284413.49 3679865.08  14.1%   5.4  300s
 118221 114397 3793036.97 2177  158 4284413.49 3679865.08  14.1%   5.4  305s
 120025 116465 3800950.24 3140  158 4284413.49 3679865.08  14.1%   5.4  310s
 122304 118713 3814015.97 4198  156 4284413.49 3679865.08  14.1%   5.3  315s
 124845 121244 3842944.67 4669  156 4284413.49 3679865.08  14.1%   5.3  320s
 127174 123518 3738626.15  358  187 4284413.49 3679892.15  14.1%   5.3  325s
 129716 126006 3760011.62 1710  159 4284413.49 3679892.15  14.1%   5.3  330s
 130816 127070 3767129.11 2364  160 4284413.49 3679892.15  14.1%   5.3  335s
 133383 129747 3781895.91 3911  159 4284413.49 3679892.15  14.1%   5.3  340s
 135527 131843 3794449.39 4669  193 4284413.49 3679892.15  14.1%   5.2  345s
 138178 134457 3802040.38 4668  195 4284413.49 3679892.15  14.1%   5.2  350s
 140125 136420 3743306.12  354  181 4284413.49 3679899.23  14.1%   5.2  355s
 141593 137573 3746589.77  665  186 4284413.49 3679899.23  14.1%   5.2  361s
 142810 139150 3749375.65  970  174 4284413.49 3679899.23  14.1%   5.2  365s
 145708 142080 3754893.84 1552  168 4284413.49 3679899.23  14.1%   5.1  370s
 148930 145295 3766209.00 2261  164 4284413.49 3679899.23  14.1%   5.1  375s
 151710 147989 3775381.11 2828  167 4284413.49 3679899.23  14.1%   5.1  380s
 152569 148712 3779311.35 3042  169 4284413.49 3679899.23  14.1%   5.1  385s
 154021 149978 3785985.25 3402  162 4284413.49 3679899.23  14.1%   5.1  390s
 155868 151862 3794581.31 3942  161 4284413.49 3679899.23  14.1%   5.1  395s
 157798 153790 3803550.20 4402  161 4284413.49 3679899.23  14.1%   5.1  400s
 160443 156432 3827528.81 4669  171 4284413.49 3679899.23  14.1%   5.2  405s
 161747 157402 3807373.76  144  214 4284413.49 3679917.21  14.1%   5.2  410s
H161748 157402                    4284402.6028 3679917.21  14.1%   5.2  410s
H163152 159149                    4282140.4353 3679917.21  14.1%   5.1  414s
 163512 159415 4250455.36  944  136 4282140.44 3679917.21  14.1%   5.1  415s
 165877 161780 3756531.39 1214  166 4282140.44 3679917.21  14.1%   5.1  420s
H168226 164056                    4282139.5492 3679917.21  14.1%   5.1  425s
 170684 166332 3826207.38 4016  158 4282139.55 3679917.21  14.1%   5.0  430s
 172702 168272 3855055.46 4667  157 4282139.55 3679917.21  14.1%   5.0  435s
 174563 169839 4228880.95  768  122 4282139.55 3679919.60  14.1%   5.0  440s
 175631 170982 3849133.40  323  164 4282139.55 3679919.60  14.1%   5.0  445s
 178226 173534 3798166.10 1025  145 4282139.55 3679926.56  14.1%   4.9  450s
 180630 175887 3835470.86 2232  157 4282139.55 3679926.56  14.1%   4.9  455s
H181011 175906                    4281733.2903 3679926.56  14.1%   4.9  455s
H181013 175906                    4281732.4068 3679926.56  14.1%   4.9  455s
H182310 177612                    4281615.9781 3679926.56  14.1%   4.9  458s
H182521 177612                    4281482.2400 3679926.56  14.1%   4.9  458s
 183106 178124 3861333.56 3447  153 4281482.24 3679926.56  14.1%   4.9  460s
H183623 178903                    4281468.8631 3679926.56  14.0%   4.8  461s
H185010 180069                    4280589.4357 3679926.56  14.0%   4.8  463s
 185619 180805 3881693.58 4589  152 4280589.44 3679926.56  14.0%   4.8  465s
H186080 181103                    4280104.7707 3679934.67  14.0%   4.8  465s
H186333 181323                    4279506.0125 3679934.67  14.0%   4.8  466s
H187027 182026                    4279346.2962 3679934.67  14.0%   4.8  467s
 188179 183057 3738272.04 1022  169 4279346.30 3679934.67  14.0%   4.8  471s
H188283 183251                    4279346.2923 3679934.67  14.0%   4.8  472s
H188437 183381                    4279345.6890 3679934.67  14.0%   4.8  472s
 189431 184600 3744680.26 1417  185 4279345.69 3679934.67  14.0%   4.8  475s
 191707 186865 3753128.02 1949  160 4279345.69 3679934.67  14.0%   4.8  480s
H193423 188552                    4279345.6602 3679934.67  14.0%   4.8  483s
 194083 189261 3758413.87 2481  160 4279345.66 3679934.67  14.0%   4.8  485s
H194764 189805                    4272929.7215 3679934.67  13.9%   4.8  486s
 196610 191838 3806066.53 3575  153 4272929.72 3679934.67  13.9%   4.8  490s
H196780 191838                    4272886.3232 3679934.67  13.9%   4.8  490s
H197302 192167                    4272473.9389 3679934.67  13.9%   4.8  491s
 199138 194320 3817058.45 4667  156 4272473.94 3679934.67  13.9%   4.7  495s
H199345 194320                    4271560.2681 3679934.67  13.9%   4.7  495s
 200729 195585 3848718.62 4669  155 4271560.27 3679934.67  13.9%   4.7  500s
 202157 197400 3780007.23  477  134 4271560.27 3679941.56  13.9%   4.7  505s
 205124 200160 4269190.55 1444  141 4271560.27 3679941.69  13.9%   4.6  510s
 208391 203352 3784852.59 1773  159 4271560.27 3679941.69  13.9%   4.6  515s
 210940 205886 3805038.76 3326  154 4271560.27 3679941.69  13.9%   4.6  520s
 213745 208714 3895675.50 4668  149 4271560.27 3679941.69  13.9%   4.6  525s
 216012 210681 3998180.83  226  168 4271560.27 3679946.48  13.9%   4.6  530s
 218301 213040 3766007.38  496  164 4271560.27 3679946.48  13.9%   4.6  535s
 220539 215362 3789486.37 1849  156 4271560.27 3679946.48  13.9%   4.6  540s
 222685 217502 3842625.02 3128  151 4271560.27 3679946.48  13.9%   4.6  545s
 224880 219645 3860183.19 4488  149 4271560.27 3679946.48  13.9%   4.6  550s
 226948 221485 3901014.67 4669  145 4271560.27 3679946.59  13.9%   4.6  557s
 227726 222501 3966347.22  458  133 4271560.27 3679946.59  13.9%   4.6  560s
 229410 224160 3742531.43  369  189 4271560.27 3679951.40  13.8%   4.6  565s
 231431 226222 3793174.49 1222  156 4271560.27 3679951.40  13.8%   4.6  570s
 234050 228805 4202449.06 2320  161 4271560.27 3679951.40  13.8%   4.5  575s
 236503 231166 3737707.46  158  186 4271560.27 3679955.97  13.8%   4.5  580s
 238354 232655 3748840.19  945  169 4271560.27 3679955.97  13.8%   4.5  586s
 239915 234658 3757509.79 1565  164 4271560.27 3679955.97  13.8%   4.5  590s
 243004 237473 3773459.44 3151  160 4271560.27 3679955.97  13.8%   4.5  595s
 245398 239949 3798488.80 4571  159 4271560.27 3679955.97  13.8%   4.4  600s
 247835 242384 3809940.87 4668  159 4271560.27 3679955.97  13.8%   4.5  605s
H249484 243771                    4271549.8226 3679955.97  13.8%   4.4  608s
 249891 244491 3950724.03  559  133 4271549.82 3679955.97  13.8%   4.4  610s
 251069 245359     cutoff  856      4271549.82 3679961.58  13.8%   4.4  615s
 254376 248766 3766534.48 1672  166 4271549.82 3679961.58  13.8%   4.4  620s
 257831 252179 3794237.68 3497  163 4271549.82 3679961.58  13.8%   4.4  625s
 260891 255159 3812847.78 4668  154 4271549.82 3679961.58  13.8%   4.4  630s
 261794 255778 3760178.41  100  207 4271549.82 3679968.65  13.8%   4.4  635s
 263811 258057 3763526.54  937  138 4271549.82 3679968.65  13.8%   4.3  640s
 266527 260649 3785976.43 2099  135 4271549.82 3679968.65  13.8%   4.3  645s
 269449 263634 3798262.26 3299  132 4271549.82 3679968.65  13.8%   4.3  650s
 272046 266256 3809716.80 4223  131 4271549.82 3679968.65  13.8%   4.3  655s
 274625 268760 3835176.07 4666  130 4271549.82 3679970.94  13.8%   4.2  660s
 275320 269164 3733039.36  103  224 4271549.82 3679970.94  13.8%   4.2  665s
 277719 271706 3740514.05  705  167 4271549.82 3679970.94  13.8%   4.2  670s
 280622 274667 3772832.61 1404  165 4271549.82 3679970.94  13.8%   4.2  675s
 284174 278246 3778393.96 2186  161 4271549.82 3679970.94  13.8%   4.2  680s
 286896 280754 3781684.24 2833  162 4271549.82 3679970.94  13.8%   4.2  685s
 288933 282621 3796499.45 3314  159 4271549.82 3679970.94  13.8%   4.2  692s
 289849 283849 3790601.22 3502  157 4271549.82 3679970.94  13.8%   4.2  695s
 292203 286248 3800536.07 3986  160 4271549.82 3679970.94  13.8%   4.2  700s
 294369 288294 3807868.56 4527  154 4271549.82 3679970.94  13.8%   4.2  705s
 297154 291074 3730608.17   43  267 4271549.82 3679977.77  13.8%   4.2  710s
 299409 293357 3744395.97  150  182 4271549.82 3679978.40  13.8%   4.2  715s
 301459 295118 3810247.36 1153  164 4271549.82 3679978.40  13.8%   4.1  720s
 303605 297645 3860326.66 2186  154 4271549.82 3679978.40  13.8%   4.1  725s
 306065 300032 3887588.56 3382  151 4271549.82 3679978.40  13.8%   4.1  730s
 308707 302628 3899631.61 4668  148 4271549.82 3679978.40  13.8%   4.1  735s
 311005 304825 3926989.80  159  178 4271549.82 3679979.84  13.8%   4.1  740s
H312391 305816                    4271531.0431 3679979.84  13.8%   4.1  743s
 312596 306331 3772421.02   86  251 4271531.04 3679979.84  13.8%   4.1  745s
 313924 307665 3757498.90  541  166 4271531.04 3679979.84  13.8%   4.1  750s
 316278 309944 3769091.11 1422  159 4271531.04 3679979.84  13.8%   4.0  755s
 319249 312981 3787704.91 2610  153 4271531.04 3679979.84  13.8%   4.0  760s
 321749 315470 3805348.98 3949  155 4271531.04 3679979.84  13.8%   4.0  765s
 324319 318089 3823967.79 4703  158 4271531.04 3679979.84  13.8%   4.0  770s
 326542 320174 3875259.24  368  154 4271531.04 3679979.84  13.8%   4.0  775s
 328345 321857 3795056.05  149  181 4271531.04 3679982.11  13.8%   4.0  780s
 332045 325552 4164523.09 1281  143 4271531.04 3679982.11  13.8%   3.9  785s
 334378 327793 3815141.72 1141  156 4271531.04 3679990.20  13.8%   3.9  790s
 336803 330126 3865176.93 2569  152 4271531.04 3679990.20  13.8%   3.9  795s
 340175 333648 3883857.17 4310  151 4271531.04 3679990.20  13.8%   3.9  800s
 342497 335692 3904414.30 4668  147 4271531.04 3679990.20  13.8%   3.9  807s
H342529 335692                    4271523.2958 3679990.20  13.8%   3.9  807s
 343451 336916 3841025.69  179  192 4271523.30 3679992.43  13.8%   3.9  810s
 346045 339365 3773196.41  275  148 4271523.30 3679993.24  13.8%   3.9  815s
 348164 341558 3832039.24  805  136 4271523.30 3679993.24  13.8%   3.8  820s
 350850 344114 3852701.10 1431  124 4271523.30 3679993.24  13.8%   3.8  825s
 353583 346856 3889015.71 1982  121 4271523.30 3679993.24  13.8%   3.9  830s
 355897 348948 3919078.06 2434  130 4271523.30 3679993.24  13.8%   3.9  835s
 358415 351371 3959229.74 3062  125 4271523.30 3679993.24  13.8%   3.9  840s
 359321 352276 3993740.14 3314  128 4271523.30 3679993.24  13.8%   3.9  845s
 362240 355172 4054524.38 4090  146 4271523.30 3679993.24  13.8%   3.9  850s
 365191 358202 4078858.02 4668  139 4271523.30 3680001.37  13.8%   3.9  855s
 367863 360790 3780517.25  254  187 4271523.30 3680002.53  13.8%   3.9  860s
 371853 364739 3886506.83 2236  157 4271523.30 3680002.53  13.8%   3.9  865s
 373814 366494 3910841.31 3363  153 4271523.30 3680002.53  13.8%   3.9  870s
 375740 368657 3923577.34 4506  150 4271523.30 3680002.53  13.8%   3.9  875s
 378093 370642 3840045.15  123  235 4271523.30 3680005.84  13.8%   3.9  880s
 380647 373103 3931723.86 1549  156 4271523.30 3680005.84  13.8%   3.9  885s
 383246 375662 3954597.24 3169  153 4271523.30 3680005.84  13.8%   3.8  890s
 385574 378136 3974568.56 4413  151 4271523.30 3680005.84  13.8%   3.8  895s
 387216 379399 3989387.03 4667  153 4271523.30 3680005.84  13.8%   3.8  900s
 389053 381601 4017185.93  487  155 4271523.30 3680005.84  13.8%   3.8  905s
 391421 383889 3872618.58  804  162 4271523.30 3680012.42  13.8%   3.8  910s
 395007 387428 3927013.86 2940  152 4271523.30 3680012.42  13.8%   3.8  915s
 398345 390698 4017274.43 4668  152 4271523.30 3680012.42  13.8%   3.8  920s
 401609 394030 3999669.67  655  149 4271523.30 3680017.40  13.8%   3.8  925s
 402593 394859 3907114.64  273  148 4271523.30 3680020.06  13.8%   3.8  930s
 405017 397392 3923559.52 1492  141 4271523.30 3680020.06  13.8%   3.8  935s
 407069 399349 3937206.75 2578  136 4271523.30 3680020.06  13.8%   3.8  940s
 409615 401954 3950008.78 3999  135 4271523.30 3680020.06  13.8%   3.8  945s
 411884 404220 3959954.33 4668  130 4271523.30 3680020.06  13.8%   3.7  950s
 414224 406515 3911457.21  868  140 4271523.30 3680022.98  13.8%   3.7  955s
 415535 407714 3922497.29 1672  138 4271523.30 3680022.98  13.8%   3.7  960s
 417852 410143 3932380.13 3022  134 4271523.30 3680022.98  13.8%   3.8  965s
 420261 412488 3938674.78 4434  132 4271523.30 3680022.98  13.8%   3.8  970s
 422541 414806 3995399.30  241  162 4271523.30 3680028.37  13.8%   3.8  975s
 424673 416723 3830752.62  187  187 4271523.30 3680029.48  13.8%   3.8  980s
 426639 418598 3731058.39   57  261 4271523.30 3680030.81  13.8%   3.8  985s
 427252 419257 3739854.00  161  200 4271523.30 3680030.81  13.8%   3.8  991s
 428716 420721 3785294.11  690  164 4271523.30 3680030.81  13.8%   3.8  995s
 431163 423404 3795142.95 1823  157 4271523.30 3680030.81  13.8%   3.8 1000s
 433849 425999 3810758.55 3075  154 4271523.30 3680030.81  13.8%   3.8 1005s
 436317 428449 3822554.82 4176  150 4271523.30 3680030.81  13.8%   3.8 1010s
 438837 430962 4077685.73  577  145 4271523.30 3680032.10  13.8%   3.8 1015s
 442244 434373 3879756.23 1371  144 4271523.30 3680032.10  13.8%   3.8 1020s
 443864 435781 3888153.25 2488  143 4271523.30 3680032.10  13.8%   3.8 1025s
 446095 437837 3897610.45 3850  139 4271523.30 3680032.10  13.8%   3.8 1030s
 448336 440079 3904184.73 4668  135 4271523.30 3680032.10  13.8%   3.8 1035s
 449055 440790 3902719.34 4668  137 4271523.30 3680032.10  13.8%   3.8 1040s
 451303 443042 3937817.51 1105  167 4271523.30 3680033.50  13.8%   3.8 1045s
 453893 445586 4003017.20 2571  162 4271523.30 3680033.50  13.8%   3.8 1050s
 455916 447565 4037319.98 3616  155 4271523.30 3680033.50  13.8%   3.7 1055s
 458680 450228 4065190.86 4668  154 4271523.30 3680033.50  13.8%   3.7 1060s
 460771 452292 3864511.65  298  161 4271523.30 3680033.50  13.8%   3.7 1067s
 461545 452780 infeasible  121      4271523.30 3680034.67  13.8%   3.7 1070s
 463671 454902 3778394.30  906  136 4271523.30 3680034.67  13.8%   3.7 1075s
 466764 458138 3796982.84 2485  121 4271523.30 3680034.67  13.8%   3.7 1080s
 469378 460467 3827242.51 3193  116 4271523.30 3680034.67  13.8%   3.7 1085s
 471620 462722 3911022.31 3831  119 4271523.30 3680034.67  13.8%   3.7 1090s
 474088 465190 3965665.01 4666  143 4271523.30 3680034.67  13.8%   3.7 1095s
 475092 466102 3992116.85 4669  124 4271523.30 3680034.67  13.8%   3.7 1100s
 477529 468664 3904808.00  325  149 4271523.30 3680044.96  13.8%   3.7 1105s
 479902 470947 3926372.85 1818  135 4271523.30 3680044.96  13.8%   3.8 1110s
 482413 473450 3952903.24 3350  132 4271523.30 3680044.96  13.8%   3.8 1115s
 485092 476058 4003302.68 4668  125 4271523.30 3680044.96  13.8%   3.8 1120s
 485907 476789 4005618.14 4668  128 4271523.30 3680044.96  13.8%   3.8 1125s
 488056 478968 3901243.14  292  160 4271523.30 3680045.79  13.8%   3.8 1130s
 489876 480776 3952713.71  281  182 4271523.30 3680046.02  13.8%   3.9 1135s
 491995 482856 4004638.93 1520  156 4271523.30 3680046.02  13.8%   3.8 1140s
 494228 485199 4036809.91 2810  153 4271523.30 3680046.02  13.8%   3.8 1145s
 496731 487708 4077891.09 4087  152 4271523.30 3680046.02  13.8%   3.8 1150s
 498693 489675 4095988.35 4669  155 4271523.30 3680046.02  13.8%   3.8 1155s
 499579 490463 4095930.81 4665  155 4271523.30 3680048.10  13.8%   3.8 1160s
 501531 492502 3795709.82  726  145 4271523.30 3680048.10  13.8%   3.8 1165s
 504258 495051 3799074.93 1947  138 4271523.30 3680048.10  13.8%   3.8 1170s
 507181 498100 3812892.60 3507  134 4271523.30 3680048.10  13.8%   3.8 1175s
 510268 501074 3831195.79 4668  134 4271523.30 3680048.10  13.8%   3.8 1180s
 512439 503141 3807957.32   95  227 4271523.30 3680049.04  13.8%   3.8 1185s
 514503 505309 3911281.10 1090  164 4271523.30 3680049.04  13.8%   3.8 1190s
 517331 508238 4105610.63 2378  158 4271523.30 3680049.04  13.8%   3.8 1195s
 519613 510372 4139579.66 3597  156 4271523.30 3680049.04  13.8%   3.7 1200s
 522037 512768 4174887.67 4665  153 4271523.30 3680049.04  13.8%   3.7 1205s
 524110 514875 4023394.04  442  166 4271523.30 3680054.89  13.8%   3.7 1210s
 526429 517125 3764988.66   85  230 4271523.30 3680060.60  13.8%   3.7 1215s
 528527 518886 3968605.81  335  173 4271523.30 3680060.60  13.8%   3.7 1222s
 529314 519855 4237298.12  405  151 4271523.30 3680060.60  13.8%   3.7 1225s
 531158 521790 3943317.31  526  142 4271523.30 3680060.60  13.8%   3.7 1230s
 533144 523672 3784791.34  439  149 4271523.30 3680060.82  13.8%   3.7 1235s
 535645 526159 3794665.15 1747  132 4271523.30 3680060.82  13.8%   3.7 1240s
 538437 528981 3813510.15 3381  128 4271523.30 3680060.82  13.8%   3.7 1245s
 540966 531458 3821890.23 4640  129 4271523.30 3680060.82  13.8%   3.7 1250s
 543477 533916 3856532.41  178  195 4271523.30 3680064.06  13.8%   3.7 1255s
 545217 535240 4108687.98  142  197 4271523.30 3680066.73  13.8%   3.7 1260s
 547349 537733 4149623.76 1425  159 4271523.30 3680066.73  13.8%   3.7 1265s
 549468 539595 4028010.95  537  141 4271523.30 3680066.73  13.8%   3.6 1270s
 551626 541431 4255692.81  713  174 4271523.30 3680068.02  13.8%   3.6 1275s
 553298 543253 3877327.92  518  158 4271523.30 3680068.95  13.8%   3.6 1280s
 556010 545760 3837773.33  138  207 4271523.30 3680068.97  13.8%   3.6 1285s
 557359 546493 4258349.07  610  146 4271523.30 3680068.97  13.8%   3.6 1290s
 559030 548389 3905792.23  800  160 4271523.30 3680069.00  13.8%   3.6 1295s
 561431 550778 3933193.17 2190  158 4271523.30 3680069.00  13.8%   3.6 1300s
 563898 553215 3948537.68 3398  155 4271523.30 3680069.00  13.8%   3.6 1305s
 566743 556053 3957256.21 4668  153 4271523.30 3680069.00  13.8%   3.6 1310s
 568891 558149 3852736.84   63  232 4271523.30 3680070.69  13.8%   3.6 1315s
 571266 560415 3898804.59 1370  159 4271523.30 3680070.69  13.8%   3.6 1320s
 572295 561224 3903733.46 1998  158 4271523.30 3680070.69  13.8%   3.6 1326s
 573724 562919 3914025.88 2710  157 4271523.30 3680070.69  13.8%   3.6 1330s
 576374 565635 3927919.49 4054  149 4271523.30 3680070.69  13.8%   3.6 1335s
 578714 567837 3938549.34 4668  149 4271523.30 3680070.69  13.8%   3.6 1340s
 581215 570477 3823802.92  236  184 4271523.30 3680072.36  13.8%   3.6 1345s
 584127 573297 4134941.74 1588  140 4271523.30 3680072.36  13.8%   3.6 1350s
 586338 575525 3744389.63   68  253 4271523.30 3680072.53  13.8%   3.6 1355s
 588203 577140 3905475.60  123  208 4271523.30 3680073.28  13.8%   3.6 1361s
 589507 578672 3966785.10  778  162 4271523.30 3680073.28  13.8%   3.6 1365s
 591873 581091 4000598.96 1856  160 4271523.30 3680073.28  13.8%   3.6 1370s
Created node file directory '/home/ps12398/experiment_epec/goalProgrammingMarcos//grbnodes4'
 592272 581459 4004245.33 2054  158 4271523.30 3680073.28  13.8%   3.6 1384s
 592640 581858 4006390.55 2250  159 4271523.30 3680073.28  13.8%   3.5 1385s
 595419 584484 4042850.38 3661  153 4271523.30 3680073.28  13.8%   3.5 1390s
 597586 586570 4077544.68 4669  149 4271523.30 3680073.28  13.8%   3.5 1395s
 599707 588659 3991280.00  547  187 4271523.30 3680073.28  13.8%   3.5 1400s
 601432 590376 3790705.52  424  137 4271523.30 3680074.95  13.8%   3.5 1405s
 602051 590887 3796591.72  789  135 4271523.30 3680074.95  13.8%   3.5 1410s
 602505 591484 3802822.38 1063  132 4271523.30 3680074.95  13.8%   3.5 1434s
 602867 591830 3806830.93 1262  134 4271523.30 3680074.95  13.8%   3.5 1435s
 605139 594099 3830056.47 2415  132 4271523.30 3680074.95  13.8%   3.5 1440s
 607419 596349 3851875.81 3629  130 4271523.30 3680074.95  13.8%   3.5 1445s
 609320 598289 3859960.47 4496  131 4271523.30 3680074.95  13.8%   3.5 1450s
 611421 600313 3864205.18 4668  146 4271523.30 3680076.08  13.8%   3.5 1455s
 613456 602245 3750690.50   60  255 4271523.30 3680076.18  13.8%   3.5 1481s
 614965 603693 3927090.69  227  178 4271523.30 3680076.18  13.8%   3.5 1485s
 616798 605653 3973962.40  393  147 4271523.30 3680076.46  13.8%   3.5 1490s
 618992 607724 4255663.75  590  127 4271523.30 3680076.93  13.8%   3.5 1495s
 622240 610620     cutoff 1527      4271523.30 3680076.93  13.8%   3.5 1501s
 623227 611862 3745579.50  227  235 4271523.30 3680077.26  13.8%   3.5 1505s
 624232 612812 3756603.61  624  209 4271523.30 3680077.26  13.8%   3.5 1526s
 626302 614875 4148537.70 1417  135 4271523.30 3680077.26  13.8%   3.5 1530s
 629291 617477 3823064.66  363  151 4271523.30 3680078.83  13.8%   3.5 1535s
 631685 619897 3871161.05 1777  129 4271523.30 3680078.83  13.8%   3.5 1540s
 634285 622536 3902027.60 3043  129 4271523.30 3680078.83  13.8%   3.5 1545s
 635017 623359 3906687.00 3420  127 4271523.30 3680078.83  13.8%   3.5 1572s
 635766 623678 3911796.38 3769  127 4271523.30 3680078.83  13.8%   3.5 1576s
 636759 624977 3920906.41 4357  127 4271523.30 3680078.83  13.8%   3.5 1580s
 639473 627647 3930502.95 4668  126 4271523.30 3680080.55  13.8%   3.5 1585s
 641476 629742 3874202.55  843  139 4271523.30 3680080.55  13.8%   3.5 1590s
 643691 631824 3891203.30 2166  134 4271523.30 3680080.55  13.8%   3.5 1595s
 644013 632187 3901439.58 2334  131 4271523.30 3680080.55  13.8%   3.5 1630s
 646131 634211 3917473.25 3584  129 4271523.30 3680080.55  13.8%   3.5 1635s
 648516 636265 3954806.68 4668  130 4271523.30 3680080.55  13.8%   3.5 1643s
 648935 636902 3932237.77 4666  130 4271523.30 3680080.55  13.8%   3.5 1645s
 650367 638258 3921716.23  178  168 4271523.30 3680083.61  13.8%   3.5 1650s
 651958 639638 3763450.55  195  175 4271523.30 3680083.71  13.8%   3.5 1655s
 653844 641630 3758242.84  568  162 4271523.30 3680083.71  13.8%   3.5 1660s
 654201 641937 3761181.67  646  162 4271523.30 3680083.71  13.8%   3.5 1687s
 655170 642987 3764451.72  838  157 4271523.30 3680083.71  13.8%   3.5 1690s
 657208 645026 3771510.58 1294  159 4271523.30 3680083.71  13.8%   3.5 1695s
 659419 647183 3776914.14 1772  158 4271523.30 3680083.71  13.8%   3.5 1700s
 660554 648120 3780403.38 2020  158 4271523.30 3680083.71  13.8%   3.5 1705s
 663016 650622 3788163.50 2659  154 4271523.30 3680083.71  13.8%   3.5 1710s
 664729 652302 3792318.68 3021  152 4271523.30 3680083.71  13.8%   3.5 1743s
 665658 653309 3811635.36 3224  156 4271523.30 3680083.71  13.8%   3.5 1745s
 668115 655676 3817250.72 3697  156 4271523.30 3680083.71  13.8%   3.5 1750s
 669988 657581 3820457.26 4120  154 4271523.30 3680083.71  13.8%   3.5 1755s
 672137 659706 3825850.45 4583  154 4271523.30 3680083.71  13.8%   3.5 1760s
 672804 660330 3829382.00 4667  159 4271523.30 3680083.71  13.8%   3.5 1765s
 673069 660624 3831393.33 4667  158 4271523.30 3680083.71  13.8%   3.5 1798s
 673847 661377 3829368.22 4667  158 4271523.30 3680083.71  13.8%   3.5 1800s
 675872 663185 3754020.57  300  177 4271523.30 3680087.32  13.8%   3.5 1805s
 677959 665475 3769953.48 1236  159 4271523.30 3680087.32  13.8%   3.5 1810s
 679999 667547 3799468.73 2240  162 4271523.30 3680087.32  13.8%   3.5 1815s
 682308 669889 3796205.13 3321  156 4271523.30 3680087.32  13.8%   3.5 1820s
 682738 670263 3797423.52 3543  156 4271523.30 3680087.32  13.8%   3.5 1848s
 683870 671424 3798867.70 3913  155 4271523.30 3680087.32  13.8%   3.5 1850s
 686202 673405 3819727.03 4667  157 4271523.30 3680087.32  13.8%   3.5 1857s
 686932 674193 3826261.86 4668  157 4271523.30 3680087.32  13.8%   3.5 1860s
 688572 675941 3944338.64  377  159 4271523.30 3680087.32  13.8%   3.5 1865s
 690688 677840 3792975.76  345  189 4271523.30 3680090.72  13.8%   3.5 1870s
 692688 680022 3941428.83  917  178 4271523.30 3680090.72  13.8%   3.5 1906s
 694285 681443 3787178.51  184  212 4271523.30 3680092.44  13.8%   3.5 1910s
 696571 683740 3992344.68  770  147 4271523.30 3680092.44  13.8%   3.5 1915s
 698767 685890 3962142.59  537  146 4271523.30 3680094.92  13.8%   3.5 1922s
 699841 687087 3848582.45  151  191 4271523.30 3680095.46  13.8%   3.4 1925s
 702137 689234 3954947.91  335  166 4271523.30 3680098.68  13.8%   3.4 1961s
 703830 690844 3979178.39 1180  157 4271523.30 3680098.68  13.8%   3.4 1965s
 705751 692930 4002290.74 2160  155 4271523.30 3680098.68  13.8%   3.4 1970s
 708613 695408 4031625.16 3710  152 4271523.30 3680098.68  13.8%   3.4 1975s
 710731 697658 4061502.89 4702  149 4271523.30 3680098.68  13.8%   3.4 1980s
 712329 699262 3825144.12  223  174 4271523.30 3680099.30  13.8%   3.4 2019s
 712639 699554 3826727.36  376  167 4271523.30 3680099.30  13.8%   3.4 2023s
 713108 699884 3888144.27  594  160 4271523.30 3680099.30  13.8%   3.4 2025s
 715528 702484 3945657.45 1852  149 4271523.30 3680099.30  13.8%   3.4 2030s
 718159 705160 3976678.09 3249  142 4271523.30 3680099.30  13.8%   3.4 2035s
 721121 708064 4001270.73 4688  142 4271523.30 3680099.30  13.8%   3.4 2076s
 722875 709708 3783664.72  113  215 4271523.30 3680100.48  13.8%   3.4 2080s
 724932 711781 4212662.59  927  144 4271523.30 3680100.48  13.8%   3.4 2085s
 726622 713482 4113738.41  659  153 4271523.30 3680100.91  13.8%   3.4 2090s
 727260 713982 3817171.36  137  217 4271523.30 3680101.26  13.8%   3.4 2095s
 728241 715116 3873013.20  599  161 4271523.30 3680101.26  13.8%   3.4 2134s
 728585 715477 3874110.17  778  161 4271523.30 3680101.26  13.8%   3.4 2135s
 730747 717536 3894754.70 1891  158 4271523.30 3680101.26  13.8%   3.4 2140s
 733119 720016 3966883.06 3174  157 4271523.30 3680101.26  13.8%   3.4 2145s
 735186 721959 3985659.11 4325  152 4271523.30 3680101.26  13.8%   3.4 2150s
 737066 723870 3995080.12 4699  152 4271523.30 3680101.26  13.8%   3.4 2155s
H737296 723870                    4270252.5339 3680101.26  13.8%   3.4 2155s
H737339 724173                    4265722.3565 3680101.26  13.7%   3.4 2156s
 737642 724444 3996115.21 4699  153 4265722.36 3680101.87  13.7%   3.4 2193s
 738498 725342 3876878.46  347  154 4265722.36 3680101.87  13.7%   3.4 2195s
 740457 727144 3928413.53  689  164 4265722.36 3680102.28  13.7%   3.4 2203s
H740797 727570                    4265718.6275 3680102.28  13.7%   3.4 2205s
 742974 729823 3959807.58 1985  160 4265718.63 3680102.28  13.7%   3.4 2210s
 744620 731336 3974912.75 2856  162 4265718.63 3680102.28  13.7%   3.4 2244s
 744825 731631 3977274.30 3014  163 4265718.63 3680102.28  13.7%   3.4 2245s
 746357 733124 3991216.82 3911  156 4265718.63 3680102.28  13.7%   3.4 2250s
 748029 734741 4004147.67 4669  157 4265718.63 3680102.28  13.7%   3.4 2255s
 750247 736873 3909148.05  327  151 4265718.63 3680102.28  13.7%   3.4 2260s
 752149 738744 4203108.66  601  142 4265718.63 3680104.26  13.7%   3.4 2265s
 753642 739826 3825168.62  392  171 4265718.63 3680105.88  13.7%   3.4 2271s
 754374 740847 3848836.23  753  160 4265718.63 3680105.88  13.7%   3.4 2304s
 754665 741150 3852798.25  909  158 4265718.63 3680105.88  13.7%   3.4 2305s
 757018 743566 3877873.14 2066  157 4265718.63 3680105.88  13.7%   3.4 2310s
 759378 745895 3893528.77 3193  155 4265718.63 3680105.88  13.7%   3.4 2315s
 761243 747805 4118915.06 4147  155 4265718.63 3680105.88  13.7%   3.4 2320s
 763474 749913 4149723.68 4708  149 4265718.63 3680105.88  13.7%   3.4 2325s
 763795 750203 4188349.21 4711  146 4265718.63 3680105.88  13.7%   3.4 2361s
 764875 751294 3967402.88  420  156 4265718.63 3680108.31  13.7%   3.4 2365s
 766825 753185 4052033.13  520  161 4265718.63 3680108.80  13.7%   3.4 2370s
 767974 753989 4079924.64 1176  159 4265718.63 3680108.80  13.7%   3.4 2375s
 769215 755462 4103581.80 1988  161 4265718.63 3680108.80  13.7%   3.4 2380s
H771042 757215                    4265413.5709 3680108.80  13.7%   3.4 2384s
 771365 757608 4180786.08 3239  157 4265413.57 3680108.80  13.7%   3.4 2385s
 772326 758570 4198255.87 3718  156 4265413.57 3680108.80  13.7%   3.4 2405s
 774682 760622 4256875.30 4688  161 4265413.57 3680108.80  13.7%   3.4 2410s
 776662 762557 3768968.88   97  223 4265413.57 3680111.72  13.7%   3.4 2415s
 778613 764725 4140313.71  326  148 4265413.57 3680111.72  13.7%   3.4 2420s
 780179 765966 3741167.71  169  222 4265413.57 3680112.29  13.7%   3.4 2450s
 782459 768268 3769485.69 1146  158 4265413.57 3680112.29  13.7%   3.4 2455s
 783194 768937 3775385.40 1403  157 4265413.57 3680112.29  13.7%   3.4 2460s
 784771 770627 3786003.24 2126  153 4265413.57 3680112.29  13.7%   3.4 2465s
H786150 771767                    4265392.3046 3680112.29  13.7%   3.4 2468s
H786903 772419                    4265390.7605 3680112.29  13.7%   3.4 2469s
 786947 772769 3794605.26 3129  150 4265390.76 3680112.29  13.7%   3.4 2470s
 789564 775438 3808298.70 4380  152 4265390.76 3680112.29  13.7%   3.4 2475s
 790282 776073 3812000.88 4672  152 4265390.76 3680112.29  13.7%   3.4 2494s
 790601 776433 3816673.38 4674  153 4265390.76 3680112.29  13.7%   3.4 2495s
 792778 778517 3813115.35  112  217 4265390.76 3680114.06  13.7%   3.4 2500s
 795887 781519 3807666.25  823  164 4265390.76 3680114.16  13.7%   3.4 2505s
 797121 782604 3811726.11 1494  162 4265390.76 3680114.16  13.7%   3.4 2511s
 798374 784109 3885759.47 2188  158 4265390.76 3680114.16  13.7%   3.4 2515s
 798759 784570 3893342.91 2408  156 4265390.76 3680114.16  13.7%   3.4 2540s
 801732 787413 3916754.72 3860  154 4265390.76 3680114.16  13.7%   3.4 2545s
 804405 790089 3872002.16  310  130 4265390.76 3680115.65  13.7%   3.4 2550s
 806893 792353     cutoff 1101      4265390.76 3680117.78  13.7%   3.4 2555s
 807350 792775 3748687.48  182  203 4265390.76 3680117.78  13.7%   3.4 2586s
 808969 794500 3868570.74  996  161 4265390.76 3680117.78  13.7%   3.4 2590s
 811233 796448 3907534.57 2315  152 4265390.76 3680117.78  13.7%   3.3 2597s
 812165 797696 3909569.33 2724  151 4265390.76 3680117.78  13.7%   3.3 2600s
 815747 801260 3937714.63 4295  147 4265390.76 3680117.78  13.7%   3.3 2605s
 816049 801554 3939721.00 4436  149 4265390.76 3680117.78  13.7%   3.3 2630s
 818606 804140 3953326.38 4724  165 4265390.76 3680117.78  13.7%   3.3 2635s
 821178 806534 3840662.54  284  189 4265390.76 3680121.08  13.7%   3.3 2640s
 823989 809469 4020292.04  421  157 4265390.76 3680123.40  13.7%   3.3 2645s
 824598 810044 3867230.96  123  182 4265390.76 3680123.58  13.7%   3.3 2678s
 825205 810638 3891201.34  369  132 4265390.76 3680123.58  13.7%   3.3 2680s
 826407 811786 3892537.56  758  127 4265390.76 3680123.58  13.7%   3.3 2686s
 827580 813077 4038477.21 1162  123 4265390.76 3680123.58  13.7%   3.3 2690s
 830153 815347 4244902.54  927  147 4265390.76 3680124.98  13.7%   3.3 2695s
 832311 817583 3824275.15 1108  157 4265390.76 3680124.98  13.7%   3.3 2700s
 833061 818255 3855930.63 1661  156 4265390.76 3680124.98  13.7%   3.3 2737s
 834619 819920 3911249.66 2677  157 4265390.76 3680124.98  13.7%   3.3 2740s
 837169 822427 4089460.37 4153  153 4265390.76 3680124.98  13.7%   3.3 2745s
 839195 824406 4112239.15 4725  151 4265390.76 3680124.98  13.7%   3.3 2750s
 840810 826026 3940635.47  361  155 4265390.76 3680126.35  13.7%   3.3 2756s
 841802 827010 3864037.21  202  168 4265390.76 3680128.34  13.7%   3.3 2791s
 843378 828676 3869587.65 1051  160 4265390.76 3680128.34  13.7%   3.3 2795s
 846079 831318 3885933.36 2562  156 4265390.76 3680128.34  13.7%   3.3 2800s
 848327 833530 3903061.00 3704  153 4265390.76 3680128.34  13.7%   3.3 2805s
 849584 834666 3915910.23 4445  150 4265390.76 3680128.34  13.7%   3.3 2832s
 850990 836207 3921374.03 4704  150 4265390.76 3680128.34  13.7%   3.3 2835s
 852582 837747 3758000.46  312  173 4265390.76 3680129.39  13.7%   3.3 2840s
 854043 838875 3780599.61  905  159 4265390.76 3680129.39  13.7%   3.3 2845s
 855961 841140 3795493.60 1898  156 4265390.76 3680129.39  13.7%   3.3 2850s
 856722 841944 3797849.51 2232  155 4265390.76 3680129.39  13.7%   3.3 2880s
 859645 844776 3811892.26 3423  155 4265390.76 3680129.39  13.7%   3.3 2885s
 863029 848177 3869210.71 4681  151 4265390.76 3680129.39  13.7%   3.3 2890s
 864503 849684 3872099.22 4683  150 4265390.76 3680129.39  13.7%   3.3 2918s
 865296 850432 3813640.72  134  222 4265390.76 3680129.39  13.7%   3.3 2920s
 866852 851649 4219970.64  851  177 4265390.76 3680129.39  13.7%   3.3 2926s
 867758 852652 4229004.39  555  147 4265390.76 3680134.63  13.7%   3.3 2930s
 869794 854715 3853806.00 1059  161 4265390.76 3680134.63  13.7%   3.3 2935s
 870559 855337 3856049.37 1516  160 4265390.76 3680134.63  13.7%   3.3 2964s
 870808 855684 3866776.52 1679  159 4265390.76 3680134.63  13.7%   3.3 2965s
 873387 858256 3957212.69 3045  147 4265390.76 3680134.63  13.7%   3.3 2970s
 875709 860312 4008420.95 4343  154 4265390.76 3680134.63  13.7%   3.3 2975s
 878009 862617 4033130.66 4699  151 4265390.76 3680138.22  13.7%   3.3 2980s
 878877 863505 4027281.18  436  150 4265390.76 3680138.22  13.7%   3.3 2985s
 879635 864290 4205066.88  765  174 4265390.76 3680138.22  13.7%   3.3 3018s
 880193 864750 3783124.71  109  219 4265390.76 3680139.16  13.7%   3.3 3020s
 882707 867423 3802593.11 1047  136 4265390.76 3680139.16  13.7%   3.3 3025s
 885387 870065 3819396.71 1931  132 4265390.76 3680139.16  13.7%   3.3 3030s
 887635 872179 3823332.75 3013  149 4265390.76 3680139.16  13.7%   3.3 3035s
 888878 873577 3834710.20 3906  149 4265390.76 3680139.16  13.7%   3.3 3073s
 890081 874638 3843801.93 4620  149 4265390.76 3680139.16  13.7%   3.3 3075s
 892366 876891 3849386.32 4718  181 4265390.76 3680139.16  13.7%   3.3 3080s
 893338 877872 3786914.21  112  192 4265390.76 3680139.16  13.7%   3.3 3085s
 895813 880313 4261324.08  951  139 4265390.76 3680139.16  13.7%   3.3 3090s
 897594 881994 3755090.15  706  168 4265390.76 3680143.64  13.7%   3.3 3123s
 898722 883224 3836987.87 1334  157 4265390.76 3680143.64  13.7%   3.3 3125s
 901185 885572 3854216.27 2729  157 4265390.76 3680143.64  13.7%   3.3 3130s
 903567 888066 3870356.55 4243  155 4265390.76 3680143.64  13.7%   3.3 3135s
 904299 888766 3878524.05 4672  153 4265390.76 3680143.64  13.7%   3.3 3158s
 905550 890031 3882636.67 4730  153 4265390.76 3680143.64  13.7%   3.3 3160s
 906752 890933 3783690.02  149  207 4265390.76 3680144.41  13.7%   3.3 3165s
 908247 892585 3749735.88  112  237 4265390.76 3680144.75  13.7%   3.3 3170s
 910257 894639 3835907.93 1049  157 4265390.76 3680144.75  13.7%   3.3 3175s
 912570 896850 4077835.01 2196  147 4265390.76 3680144.75  13.7%   3.3 3180s
 913821 898100 4094947.60 2935  149 4265390.76 3680144.75  13.7%   3.3 3204s
 914443 898769 4101070.01 3306  149 4265390.76 3680144.75  13.7%   3.3 3205s
 916930 901264 4131337.71 4723  148 4265390.76 3680144.75  13.7%   3.3 3210s
 918972 903132 3751207.25  160  184 4265390.76 3680148.00  13.7%   3.3 3215s
 920985 905219 3834790.30 1370  155 4265390.76 3680148.00  13.7%   3.3 3251s
 922239 906165 3880430.85 2035  153 4265390.76 3680148.00  13.7%   3.3 3255s
 923742 907925 3903714.45 2818  152 4265390.76 3680148.00  13.7%   3.3 3260s
 925871 910025 3923729.23 4118  141 4265390.76 3680148.00  13.7%   3.3 3265s
 928372 912565 3931051.03 4683  138 4265390.76 3680148.00  13.7%   3.3 3270s
 930654 914766 4244271.05  788  161 4265390.76 3680148.85  13.7%   3.3 3305s
 933170 917350 3873972.97 1278  157 4265390.76 3680148.85  13.7%   3.2 3310s
 934881 918969 3882250.38 2362  156 4265390.76 3680148.85  13.7%   3.2 3315s
 938538 922732 3904670.57 4386  154 4265390.76 3680148.85  13.7%   3.2 3320s
 940106 924252 3916191.58 4683  155 4265390.76 3680149.11  13.7%   3.2 3343s
 941132 925185 3830531.20  201  165 4265390.76 3680149.11  13.7%   3.2 3345s
 943046 927237 3991835.19  807  146 4265390.76 3680149.11  13.7%   3.2 3350s
 945443 929478 3844725.28  168  180 4265390.76 3680152.95  13.7%   3.2 3355s
 946780 930819 3931580.97  288  147 4265390.76 3680152.95  13.7%   3.2 3392s
 947390 931366 4065931.67  350  143 4265390.76 3680152.95  13.7%   3.2 3396s
 948414 932265 3746514.64  190  199 4265390.76 3680152.95  13.7%   3.2 3400s
 950419 934276 3831446.11 1359  153 4265390.76 3680152.95  13.7%   3.2 3405s
 952670 936480 3846334.10 2562  153 4265390.76 3680152.95  13.7%   3.2 3410s
 954821 938662 3877010.42 3647  153 4265390.76 3680152.95  13.7%   3.2 3415s
 957535 941166 3915198.42 4756  148 4265390.76 3680152.95  13.7%   3.2 3442s
 958629 942242 3738375.98   49  262 4265390.76 3680154.18  13.7%   3.2 3445s
 959548 943009 4109083.89  585  143 4265390.76 3680154.18  13.7%   3.2 3451s
 960667 944282 3849652.32  333  156 4265390.76 3680154.59  13.7%   3.2 3455s
 963102 946665 3777853.69   92  204 4265390.76 3680154.59  13.7%   3.2 3460s
 964330 947984 3951566.35  687  140 4265390.76 3680154.59  13.7%   3.2 3492s
 965644 949089 4247943.43 1627  105 4265390.76 3680155.29  13.7%   3.2 3495s
 968493 951941 3777068.95 1836  160 4265390.76 3680155.29  13.7%   3.2 3500s
 970716 954230 3793298.66 3135  159 4265390.76 3680155.29  13.7%   3.2 3505s
 973379 956837 3819920.68 4483  155 4265390.76 3680155.29  13.7%   3.2 3510s
 975532 959053 3825617.98 4705  152 4265390.76 3680155.29  13.7%   3.2 3539s
 975814 959387 3854329.55 4704  172 4265390.76 3680158.74  13.7%   3.2 3540s
 978882 962417 3956567.08  669  164 4265390.76 3680159.80  13.7%   3.2 3545s
 981086 964515 3988206.58 1828  156 4265390.76 3680159.80  13.7%   3.2 3550s
 983482 966775 4018504.27 3278  156 4265390.76 3680159.80  13.7%   3.2 3557s
 984277 967788 4028380.93 3707  154 4265390.76 3680159.80  13.7%   3.2 3584s
 984975 968499 4034504.58 4057  155 4265390.76 3680159.80  13.7%   3.2 3585s
 987367 970822 4062693.05 4728  151 4265390.76 3680159.80  13.7%   3.2 3590s
 989844 973218 3769073.81  735  168 4265390.76 3680162.67  13.7%   3.2 3595s

Cutting planes:
  RLT: 122

Explored 990701 nodes (3183640 simplex iterations) in 3627.90 seconds (1337.31 work units)
Thread count was 2 (of 24 available processors)

Solution count 10: 4.26539e+06 4.26541e+06 4.26572e+06 ... 4.27247e+06

Time limit reached
Best objective 4.265390760465e+06, best bound 3.680162668859e+06, gap 13.7204%
