
Gurobi 11.0.3 (linux64, Java) logging started sex 13 dez 2024 02:21:24 -03

Set parameter Username
Academic license - for non-commercial use only - expires 2025-10-10
Set parameter NonConvex to value 2
Set parameter TimeLimit to value 3600
Set parameter LogToConsole to value 0
Set parameter MIPGap to value 4.4613657861950539e-09
Set parameter Threads to value 2
Set parameter NodefileDir to value "/home/ps12398/experiment_hosp/goalProgrammingMarcos/"
Set parameter NodefileStart to value 1
Gurobi Optimizer version 11.0.3 build v11.0.3rc0 (linux64)

CPU model: Intel(R) Xeon(R) CPU           X5650  @ 2.67GHz, instruction set [SSE2]
Thread count: 12 physical cores, 24 logical processors, using up to 2 threads

Optimize a model with 1239695 rows, 833994 columns and 9386231 nonzeros
Model fingerprint: 0x960f115b
Model has 650 quadratic constraints
Variable types: 416676 continuous, 417318 integer (645 binary)
Coefficient statistics:
  Matrix range     [2e-03, 6e+07]
  QMatrix range    [2e-03, 1e+06]
  QLMatrix range   [1e+00, 1e+06]
  Objective range  [1e+00, 4e+08]
  Bounds range     [1e+00, 2e+08]
  RHS range        [1e+00, 7e+07]
  QRHS range       [3e-02, 3e-02]
Presolve removed 2 rows and 3 columns (presolve time = 6s) ...
Presolve removed 821052 rows and 415347 columns (presolve time = 11s) ...
Presolve removed 1231648 rows and 825342 columns (presolve time = 16s) ...
Presolve removed 1231645 rows and 825340 columns
Presolve time: 15.94s
Presolved: 12437 rows, 9999 columns, 3951785 nonzeros
Presolved model has 2 SOS constraint(s)
Presolved model has 645 bilinear constraint(s)

Solving non-convex MIQCP

Variable types: 2319 continuous, 7680 integer (647 binary)

Root simplex log...

Iteration    Objective       Primal Inf.    Dual Inf.      Time
       0    0.0000000e+00   5.239111e+04   0.000000e+00     66s
    1157    0.0000000e+00   0.000000e+00   0.000000e+00     70s

Root relaxation: objective 0.000000e+00, 1157 iterations, 6.20 seconds (1.60 work units)
Total elapsed time = 70.40s (DegenMoves)
Total elapsed time = 80.91s (DegenMoves)

    Nodes    |    Current Node    |     Objective Bounds      |     Work
 Expl Unexpl |  Obj  Depth IntInf | Incumbent    BestBd   Gap | It/Node Time

     0     0    0.00000    0 1000          -    0.00000      -     -   81s
     0     0    0.00000    0 1526          -    0.00000      -     -  110s
     0     0    0.00000    0 1513          -    0.00000      -     -  117s
     0     0    0.00000    0 1086          -    0.00000      -     -  170s
     0     0    0.00000    0 1079          -    0.00000      -     -  173s
     0     0    0.00000    0 1079          -    0.00000      -     -  200s
     0     0    0.00000    0 1094          -    0.00000      -     -  206s
     0     0    0.00000    0  897          -    0.00000      -     -  234s
     0     0    0.00000    0  892          -    0.00000      -     -  238s
     0     0    0.00000    0  887          -    0.00000      -     -  250s
     0     0    0.00000    0  885          -    0.00000      -     -  253s
     0     0    0.00000    0  883          -    0.00000      -     -  275s
     0     0    0.00000    0  889          -    0.00000      -     -  277s
     0     0    0.00000    0  883          -    0.00000      -     -  289s
     0     0    0.00000    0  882          -    0.00000      -     -  310s
     0     2    0.00000    0  882          -    0.00000      -     -  383s
     1     5    0.00000    1  882          -    0.00000      -   8.0  386s
     7    10    0.00000    3  879          -    0.00000      -  10.3  390s
    13    16    0.00000    5  879          -    0.00000      -  10.8  395s
    21    30    0.00000    7  879          -    0.00000      -   8.1  404s
    29    47    0.00000   11  879          -    0.00000      -   6.5  414s
    47    82    0.00000   19  867          -    0.00000      -   9.2  438s
    82   150    0.00000   31  858          -    0.00000      -   8.1  488s
   151   302    0.00000   58  826          -    0.00000      -  13.3  568s
   303   376    0.00000  126  743          -    0.00000      -  14.8  626s
   377   451    0.00000  161  754          -    0.00000      -  39.9  670s
   452   506    0.00000  229  810          -    0.00000      -  49.8  702s
   507   523    0.00000  258  832          -    0.00000      -  53.0  730s
   524   574    0.00000  267  890          -    0.00000      -  67.6  765s
   575   687    0.00000  290  749          -    0.00000      -  82.9  845s
   688   806    0.00000  301  860          -    0.00000      -  87.3  910s
   807   864    0.00000  310  940          -    0.00000      -  85.8  962s
   865   972    0.00000  335  870          -    0.00000      -  92.2 1025s
   973  1060    0.00000  410  817          -    0.00000      -  90.4 1098s
  1061  1151    0.00000  474  805          -    0.00000      -  97.4 1166s
  1152  1322    0.00000  535  751          -    0.00000      -   104 1253s
  1323  1462    0.00000  638  697          -    0.00000      -  99.3 2227s
H 1362  1462                    3.396357e+07    0.00000   100%  96.5 2227s
H 1365  1462                    3.380446e+07    0.00000   100%  96.3 2227s
H 1463  1876                    2.974538e+07    0.00000   100%  92.9 2775s
H 1877  2297                    2.974538e+07    0.00000   100%  81.0 2943s
  2298  2994    0.00000 1025  641 2.9745e+07    0.00000   100%  68.5 3140s
H 2997  3515                    2.804090e+07    0.00000   100%  54.5 3280s
H 3518  3976                    2.424605e+07    0.00000   100%  47.5 3465s
H 3673  3976                    2.418511e+07    0.00000   100%  45.7 3466s

Cutting planes:
  Gomory: 11
  Implied bound: 4
  MIR: 156
  StrongCG: 5
  Zero half: 11
  Relax-and-lift: 1

Explored 3979 nodes (184057 simplex iterations) in 3609.14 seconds (1671.45 work units)
Thread count was 2 (of 24 available processors)

Solution count 7: 2.41851e+07 2.42461e+07 2.80409e+07 ... 3.39636e+07

Time limit reached
Best objective 2.418511440438e+07, best bound 0.000000000000e+00, gap 100.0000%
