
Gurobi 11.0.3 (linux64, Java) logging started qui 12 dez 2024 10:54:39 -03

Set parameter Username
Academic license - for non-commercial use only - expires 2025-10-10
Set parameter NonConvex to value 2
Set parameter TimeLimit to value 3600
Set parameter LogToConsole to value 0
Set parameter MIPGap to value 4.4613657861950539e-09
Set parameter Threads to value 2
Set parameter NodefileDir to value "/home/ps12398/experiment_hosp/goalProgrammingMarcos/"
Set parameter NodefileStart to value 1
Gurobi Optimizer version 11.0.3 build v11.0.3rc0 (linux64)

CPU model: Intel(R) Xeon(R) CPU           X5650  @ 2.67GHz, instruction set [SSE2]
Thread count: 12 physical cores, 24 logical processors, using up to 2 threads

Optimize a model with 1239695 rows, 833994 columns and 9386231 nonzeros
Model fingerprint: 0x24a35c43
Model has 650 quadratic constraints
Variable types: 416676 continuous, 417318 integer (645 binary)
Coefficient statistics:
  Matrix range     [2e-03, 6e+07]
  QMatrix range    [2e-03, 1e+06]
  QLMatrix range   [1e+00, 1e+06]
  Objective range  [1e+00, 4e+08]
  Bounds range     [1e+00, 2e+08]
  RHS range        [1e+00, 8e+06]
  QRHS range       [1e-02, 1e-02]
Presolve removed 811117 rows and 405413 columns (presolve time = 5s) ...
Presolve removed 1231648 rows and 825342 columns (presolve time = 12s) ...
Presolve removed 1231645 rows and 825340 columns
Presolve time: 11.91s
Presolved: 12437 rows, 9999 columns, 3951785 nonzeros
Presolved model has 2 SOS constraint(s)
Presolved model has 645 bilinear constraint(s)

Solving non-convex MIQCP

Variable types: 2319 continuous, 7680 integer (647 binary)

Root simplex log...

Iteration    Objective       Primal Inf.    Dual Inf.      Time
       0    0.0000000e+00   5.447379e+04   0.000000e+00     40s
     192    1.6954704e-01   1.854144e+06   0.000000e+00     40s
    1233    0.0000000e+00   0.000000e+00   0.000000e+00     41s

Root relaxation: objective 0.000000e+00, 1233 iterations, 2.11 seconds (1.25 work units)
Total elapsed time = 41.56s (DegenMoves)
Total elapsed time = 49.11s (DegenMoves)
Total elapsed time = 53.57s (DegenMoves)
Total elapsed time = 57.83s (DegenMoves)

    Nodes    |    Current Node    |     Objective Bounds      |     Work
 Expl Unexpl |  Obj  Depth IntInf | Incumbent    BestBd   Gap | It/Node Time

     0     0    0.00000    0  903          -    0.00000      -     -   58s
     0     0    0.00000    0 1607          -    0.00000      -     -   77s
     0     0    0.00000    0 1134          -    0.00000      -     -   92s
     0     0    0.00000    0 1118          -    0.00000      -     -  139s
     0     0    0.00000    0 1035          -    0.00000      -     -  144s
     0     0    0.00000    0 1029          -    0.00000      -     -  164s
     0     0    0.00000    0 1060          -    0.00000      -     -  169s
     0     0    0.00000    0 1087          -    0.00000      -     -  186s
     0     0    0.00000    0 1091          -    0.00000      -     -  191s
     0     0    0.00000    0 1070          -    0.00000      -     -  206s
     0     0    0.00000    0 1070          -    0.00000      -     -  236s
     0     2    0.00000    0 1002          -    0.00000      -     -  348s
     1     5    0.00000    1  995          -    0.00000      -  2178  362s
     3     6    0.00000    2 1500          -    0.00000      -  3014  422s
     5     8    0.00000    2 1490          -    0.00000      -  4382  456s
     9    12    0.00000    3 1479          -    0.00000      -  2985  514s
    11    16    0.00000    4 1477          -    0.00000      -  3248  518s
    15    18    0.00000    6 1497          -    0.00000      -  2686  553s
    17    32    0.00000    6 1525          -    0.00000      -  2683  592s
    31   118    0.00000   10 1477          -    0.00000      -  1633  665s
   117   298    0.00000   41 1122          -    0.00000      -   504  793s
   297   463    0.00000  105 1117          -    0.00000      -   275  900s
   462   611    0.00000  165 1029          -    0.00000      -   213 1004s
   610   764    0.00000  215  996          -    0.00000      -   191 1095s
   763   896    0.00000  274  914          -    0.00000      -   178 1209s
   895  1062    0.00000  320  950          -    0.00000      -   174 1328s
  1061  1183    0.00000  379  858          -    0.00000      -   171 1420s
  1182  1649    0.00000  418  859          -    0.00000      -   182 1571s
H 1265  1649                    4.149459e+07    0.00000   100%   172 1573s
H 1505  1649                    3.949359e+07    0.00000   100%   149 1573s
  1648  2089 64125.1898  649  848 3.9494e+07    0.00000   100%   137 1750s
  2088  2576 65083.2485  884  838 3.9494e+07    0.00000   100%   109 1844s
H 2401  2576                    3.940278e+07    0.00000   100%  95.8 1844s
  2575  2981 65144.9015 1195  836 3.9403e+07    0.00000   100%  89.7 1953s
  2980  3290 65387.0933 1413  835 3.9403e+07    0.00000   100%  79.1 2092s
H 3191  3290                    3.882645e+07    0.00000   100%  74.6 2092s
H 3289  3629                    3.872293e+07    0.00000   100%  73.2 2216s
H 3429  3629                    3.859221e+07    0.00000   100%  70.7 2217s
  3629  3630    0.00000  150 3288 3.8592e+07    0.00000   100%  67.5 2571s
  3631  3631 367052.434  423  525 3.8592e+07    0.00000   100%  67.4 2587s
  3632  3632    0.00000  124  811 3.8592e+07    0.00000   100%  67.4 2591s
  3633  3633 373823.294  881  744 3.8592e+07    0.00000   100%  67.4 2596s
  3634  3633    0.00000   91  506 3.8592e+07    0.00000   100%  67.4 2621s
  3636  3635 65250.7719 1283  556 3.8592e+07    0.00000   100%  67.3 2636s
  3638  3636    0.00000  239  483 3.8592e+07    0.00000   100%  67.3 2647s
  3640  3637 65086.9345  901  532 3.8592e+07    0.00000   100%  67.3 2660s
  3642  3639    0.00000  311  494 3.8592e+07    0.00000   100%  67.2 2671s
  3643  3639 65614.0864 1551  494 3.8592e+07    0.00000   100%  67.2 2678s
  3644  3640    0.00000  323  494 3.8592e+07    0.00000   100%  67.2 2698s
H 3644  3459                    3.324051e+07    0.00000   100%  92.2 2709s
  3645  3461    0.00000   12 1133 3.3241e+07    0.00000   100%  93.2 2718s
  3655  3468    0.00000   15 1108 3.3241e+07    0.00000   100%  95.8 2720s
H 3670  3305                    2.994969e+07    0.00000   100%  95.7 2723s
  3673  3321    0.00000   19 1109 2.9950e+07    0.00000   100%  95.7 2726s
  3690  3355    0.00000   24 1105 2.9950e+07    0.00000   100%  95.7 2735s
  3729  3488    0.00000   32 1135 2.9950e+07    0.00000   100%  99.3 2751s
H 3876  3409                    2.556563e+07    0.00000   100%  99.1 2768s
H 3926  3235                    2.373267e+07    0.00000   100%  99.2 2768s
H 4013  3129                    1.991347e+07    0.00000   100%  98.5 2784s
  4084  3289    0.00000  115 1058 1.9913e+07    0.00000   100%  98.8 2796s
H 4180  3116                    1.991346e+07    0.00000   100%  98.8 2796s
H 4270  3006                    1.804905e+07    0.00000   100%  99.3 2810s
H 4288  2873                    1.743667e+07    0.00000   100%   101 2810s
H 4324  2843                    1.743666e+07    0.00000   100%   103 2823s
  4431  2912    0.00000  192 1025 1.7437e+07    0.00000   100%   105 2837s
H 4491  2777                    1.630929e+07    0.00000   100%   106 2837s
  4536  2939    0.00000  223 1053 1.6309e+07    0.00000   100%   108 2852s
H 4716  2953                    1.591863e+07    0.00000   100%   111 2865s
H 4814  2816                    1.521530e+07    0.00000   100%   112 2865s
  4899  3110    0.00000  319 1009 1.5215e+07    0.00000   100%   115 2884s
  5221  3341 118980.667  362 1004 1.5215e+07    0.00000   100%   117 2900s
H 5564  3481                    1.201982e+07    0.00000   100%   122 2914s
  5920  3937 386144.691  485  974 1.2020e+07    0.00000   100%   123 2932s
H 6027  3808                    1.199909e+07    0.00000   100%   126 2932s
H 6495  4087                    1.145033e+07    0.00000   100%   118 2945s
H 7019  4414                    1.036435e+07    0.00000   100%   113 2958s
  7605  5045 810771.024  637  921 1.0364e+07    0.00000   100%   107 2972s
H 8431  5164                    1.017680e+07    0.00000   100%  98.9 2988s
H 8510  5164                    9969069.0279    0.00000   100%  98.4 2988s
  8829  5970 819480.013  823  899 9969069.03    0.00000   100%  95.1 3007s
H 9265  5970                    9757546.6412    0.00000   100%  91.5 3007s
H 9635  6763                    9657827.6490    0.00000   100%  88.2 3020s
H10428  7240                    9560247.2038    0.00000   100%  82.5 3030s
H10696  7240                    8952380.6551    0.00000   100%  80.9 3030s
H10905  7888                    8937295.6597    0.00000   100%  79.5 3047s
H11300  7888                    8870093.4827    0.00000   100%  77.2 3047s
 11553  8436 840655.706 1549  875 8870093.48    0.00000   100%  75.7 3059s
H11907  8436                    8844071.3619    0.00000   100%  73.9 3059s
H12101  8874                    8544323.7824    0.00000   100%  72.8 3074s
 12539  9300 843854.862 1831  875 8544323.78    0.00000   100%  70.6 3087s
H12807  9300                    8446121.1759    0.00000   100%  69.5 3087s
H12965  9892                    8446114.1455    0.00000   100%  68.8 3099s
H13557 10439                    8432663.5038    0.00000   100%  66.7 3108s
 14104 10950 833552.642 2228  883 8432663.50    0.00000   100%  64.7 3120s
H14615 11131                    8423616.1257    0.00000   100%  62.9 3130s
H14646 11131                    8398349.4749    0.00000   100%  62.8 3130s
H14796 11504                    8398342.4445    0.00000   100%  62.3 3137s
H15169 11506                    8255347.2368    0.00000   100%  61.4 3203s
 15171 11773 835984.079 2451  874 8255347.24    0.00000   100%  61.4 3210s
 15438 12202 836462.884 2505  874 8255347.24    0.00000   100%  60.9 3218s
H15636 12202                    8221095.5200    0.00000   100%  61.2 3218s
 15867 12581 837340.693 2604  874 8221095.52    0.00000   100%  60.4 3227s
H16246 12958                    8221074.3610    0.00000   100%  59.8 3236s
H16417 12958                    8173968.7432    0.00000   100%  59.8 3236s
H16623 13406                    8123138.8329    0.00000   100%  59.1 3249s
H17071 13817                    8123117.6739    0.00000   100%  58.0 3261s
 17482 14312 851756.737 2947  873 8123117.67    0.00000   100%  57.4 3273s
H17977 14665                    8097633.8739    0.00000   100%  56.5 3284s
H18153 14665                    8089145.5964    0.00000   100%  56.1 3284s
 18330 15069 842322.871 3165  871 8089145.60    0.00000   100%  55.7 3295s
H18734 15680                    8033091.3702    0.00000   100%  54.8 3306s
 19345 16225 850780.036 3430  884 8033091.37    0.00000   100%  53.6 3315s
H19642 16225                    8010889.9722    0.00000   100%  53.1 3315s
 19890 16670 845919.726 3579  871 8010889.97    0.00000   100%  52.7 3326s
 20335 17216 847070.541 3681  870 8010889.97    0.00000   100%  52.0 3334s
H20623 17216                    7975445.3496    0.00000   100%  51.6 3334s
 20881 17690 848704.153 3825  870 7975445.35    0.00000   100%  51.1 3343s
H21151 17690                    7955761.4547    0.00000   100%  50.7 3343s
 21355 18162 850225.883 3960  870 7955761.45    0.00000   100%  50.5 3350s
 21827 18621 851814.116 4100  870 7955761.45    0.00000   100%  49.8 3358s
H22104 18621                    7941286.5769    0.00000   100%  49.4 3358s
H22286 19022                    7939531.3397    0.00000   100%  49.2 3365s
 22687 19407 855002.993 4359  856 7939531.34    0.00000   100%  48.6 3374s
H22910 19407                    7939527.1853    0.00000   100%  48.2 3374s
 23072 19873 855862.328 4471  857 7939527.19    0.00000   100%  48.1 3384s
H23359 19873                    7930648.4627    0.00000   100%  47.6 3384s
 23538 20234 857749.112 4614  856 7930648.46    0.00000   100%  47.3 3392s
H23667 20234                    7928236.0013    0.00000   100%  47.2 3393s
 23899 20628 858150.798 4679  857 7928236.00    0.00000   100%  46.8 3400s
H24293 20978                    7926592.5923    0.00000   100%  46.3 3408s
H24643 21306                    7913897.2426    0.00000   100%  45.9 3416s
H24971 21525                    7903686.5932    0.00000   100%  45.6 3423s
H25190 21767                    7887323.3443    0.00000   100%  45.4 3431s
H25432 22096                    7887323.2370    0.00000   100%  45.2 3439s
H25761 22446                    7887312.2321    0.00000   100%  45.0 3447s
H26111 22717                    7761643.0352    0.00000   100%  44.8 3456s
H26257 22717                    7746286.2363    0.00000   100%  44.6 3456s
H26382 23134                    7746267.1839    0.00000   100%  44.6 3464s
 26799 23556 864298.411 5343  849 7746267.18    0.00000   100%  44.3 3472s
 27221 23946 864881.907 5452  849 7746267.18    0.00000   100%  43.8 3483s
H27464 23946                    7744406.1136    0.00000   100%  43.5 3483s
 27611 24384 865592.396 5573  860 7744406.11    0.00000   100%  43.4 3492s
 28049 24788 866146.653 5686  848 7744406.11    0.00000   100%  42.9 3501s
H28291 24788                    7738060.6784    0.00000   100%  42.6 3501s
H28453 25133                    7738041.6260    0.00000   100%  42.4 3508s
H28798 25358                    7737881.4931    0.00000   100%  42.2 3514s
H29023 25625                    7725007.0784    0.00000   100%  42.2 3523s
H29290 25831                    7676771.8970    0.00000   100%  42.1 3531s
 29496 26183 869927.446 6051  855 7676771.90    0.00000   100%  42.1 3538s
 29848 26526 871120.862 6136  855 7676771.90    0.00000   100%  42.0 3545s
 30191 26891 872349.810 6220  847 7676771.90    0.00000   100%  42.0 3552s
H30556 26916                    7664461.6255    0.00000   100%  41.9 3567s
H30580 26916                    7627812.6612    0.00000   100%  41.9 3567s
 30581 27218 873744.381 6323  845 7627812.66    0.00000   100%  41.9 3572s
 30883 27427 874684.492 6389  845 7627812.66    0.00000   100%  41.9 3580s
H30977 27427                    7519369.9405    0.00000   100%  41.9 3580s
 31427 28107 876408.263 6510  845 7519369.94    0.00000   100%  42.0 3589s
 31772 28382 877651.985 6593  856 7519369.94    0.00000   100%  42.0 3593s
H32047 28384                    7426369.4472    0.00000   100%  42.1 3600s

Cutting planes:
  Gomory: 51
  Implied bound: 20
  MIR: 334
  StrongCG: 14
  Flow cover: 66
  Zero half: 3
  RLT: 193
  Relax-and-lift: 3

Explored 32049 nodes (1374752 simplex iterations) in 3624.70 seconds (1936.77 work units)
Thread count was 2 (of 24 available processors)

Solution count 10: 7.42637e+06 7.51937e+06 7.62781e+06 ... 7.74627e+06

Time limit reached
Best objective 7.426369447208e+06, best bound 0.000000000000e+00, gap 100.0000%
