
Gurobi 11.0.3 (linux64, Java) logging started qua 11 dez 2024 23:23:47 -03

Set parameter Username
Academic license - for non-commercial use only - expires 2025-10-10
Set parameter NonConvex to value 2
Set parameter TimeLimit to value 3600
Set parameter LogToConsole to value 0
Set parameter MIPGap to value 4.4613657861950539e-09
Set parameter Threads to value 2
Set parameter NodefileDir to value "/home/ps12398/experiment_hosp/goalProgrammingMarcos/"
Set parameter NodefileStart to value 1
Gurobi Optimizer version 11.0.3 build v11.0.3rc0 (linux64)

CPU model: Intel(R) Xeon(R) CPU           X5650  @ 2.67GHz, instruction set [SSE2]
Thread count: 12 physical cores, 24 logical processors, using up to 2 threads

Optimize a model with 1239695 rows, 833994 columns and 9386231 nonzeros
Model fingerprint: 0x5c333e01
Model has 650 quadratic constraints
Variable types: 416676 continuous, 417318 integer (645 binary)
Coefficient statistics:
  Matrix range     [2e-03, 6e+07]
  QMatrix range    [2e-03, 1e+06]
  QLMatrix range   [1e+00, 1e+06]
  Objective range  [1e+00, 4e+08]
  Bounds range     [1e+00, 2e+08]
  RHS range        [1e+00, 6e+07]
  QRHS range       [1e-01, 1e-01]
Presolve removed 811118 rows and 405413 columns (presolve time = 5s) ...
Presolve removed 1231350 rows and 825044 columns (presolve time = 10s) ...
Presolve removed 1231645 rows and 825340 columns
Presolve time: 13.83s
Presolved: 12437 rows, 9999 columns, 3951785 nonzeros
Presolved model has 2 SOS constraint(s)
Presolved model has 645 bilinear constraint(s)

Solving non-convex MIQCP

Variable types: 2319 continuous, 7680 integer (647 binary)

Root simplex log...

Iteration    Objective       Primal Inf.    Dual Inf.      Time
       0    0.0000000e+00   5.863933e+04   0.000000e+00     47s
    1639    8.1520878e-08   0.000000e+00   0.000000e+00     49s

Root relaxation: objective 8.152088e-08, 1639 iterations, 2.28 seconds (0.89 work units)
Total elapsed time = 48.83s (DegenMoves)
Total elapsed time = 59.70s (DegenMoves)
Total elapsed time = 67.32s (DegenMoves)

    Nodes    |    Current Node    |     Objective Bounds      |     Work
 Expl Unexpl |  Obj  Depth IntInf | Incumbent    BestBd   Gap | It/Node Time

     0     0    0.00000    0 1035          -    0.00000      -     -   68s
H    0     0                    7.007226e+07    0.00000   100%     -   69s
     0     0    0.00000    0 1125 7.0072e+07    0.00000   100%     -   78s
H    0     0                    5.663186e+07    0.00000   100%     -   81s
     0     0    0.00000    0  981 5.6632e+07    0.00000   100%     -   85s
     0     0    0.00000    0  903 5.6632e+07    0.00000   100%     -  125s
     0     0    0.00000    0  896 5.6632e+07    0.00000   100%     -  135s
     0     0    0.00000    0  883 5.6632e+07    0.00000   100%     -  166s
     0     0    0.00000    0  907 5.6632e+07    0.00000   100%     -  171s
     0     0    0.00000    0  877 5.6632e+07    0.00000   100%     -  190s
     0     0    0.00000    0  895 5.6632e+07    0.00000   100%     -  197s
     0     0    0.00000    0  871 5.6632e+07    0.00000   100%     -  216s
     0     0    0.00000    0  875 5.6632e+07    0.00000   100%     -  223s
     0     0    0.00000    0  862 5.6632e+07    0.00000   100%     -  241s
     0     0    0.00000    0  864 5.6632e+07    0.00000   100%     -  246s
     0     0    0.00000    0  867 5.6632e+07    0.00000   100%     -  262s
     0     0    0.00000    0  869 5.6632e+07    0.00000   100%     -  267s
     0     0    0.00000    0  864 5.6632e+07    0.00000   100%     -  276s
     0     0    0.00000    0  864 5.6632e+07    0.00000   100%     -  287s
H    0     0                    4.510933e+07    0.00000   100%     -  321s
H    0     0                    3.882559e+07    0.00000   100%     -  350s
     0     2    0.00000    0  864 3.8826e+07    0.00000   100%     -  362s
     1     4    0.00000    1  857 3.8826e+07    0.00000   100%   212  372s
     5     8    0.00000    3  854 3.8826e+07    0.00000   100%   289  376s
     9    12    0.00000    4  844 3.8826e+07    0.00000   100%   172  380s
    15    20    0.00000    7  842 3.8826e+07    0.00000   100%   119  386s
    20    29    0.00000    9  838 3.8826e+07    0.00000   100%  97.7  395s
    29    42    0.00000   14  836 3.8826e+07    0.00000   100%  80.5  406s
    42    74    0.00000   21  833 3.8826e+07    0.00000   100%  63.9  435s
    74   146    0.00000   35  811 3.8826e+07    0.00000   100%  66.2  473s
H  118   146                    3.856391e+07    0.00000   100%  56.9  474s
   146   257    0.00000   69  782 3.8564e+07    0.00000   100%  56.5  531s
H  202   257                    3.664727e+07    0.00000   100%  59.7  532s
H  257   367                    3.103429e+07    0.00000   100%  60.1  601s
   367   518    0.00000  139  753 3.1034e+07    0.00000   100%  57.7  670s
H  518   637                    2.508722e+07    0.00000   100%  49.3  723s
H  637   727                    2.000554e+07    0.00000   100%  43.2  778s
H  680   727                    1.946877e+07    0.00000   100%  41.4  778s
   727   835 133340.987  267  673 1.9469e+07    0.00000   100%  40.2 1733s
   837   947 133340.987  314  691 1.9469e+07    0.00000   100%  39.6 1820s
H  840   934                    143436.38749    0.00000   100%  39.5 1820s
H  843   758                    133340.98674    0.00000   100%  39.5 1820s
H  886   230                       0.0000000    0.00000  0.00%  41.7 1820s

Cutting planes:
  Gomory: 12
  Implied bound: 25
  MIR: 141
  StrongCG: 12
  Zero half: 1
  Relax-and-lift: 5

Explored 953 nodes (71017 simplex iterations) in 1821.20 seconds (533.59 work units)
Thread count was 2 (of 24 available processors)

Solution count 10: 0 133341 143436 ... 3.88256e+07

Optimal solution found (tolerance 4.46e-09)
Best objective 0.000000000000e+00, best bound 0.000000000000e+00, gap 0.0000%
