
Gurobi 11.0.3 (linux64, Java) logging started qui 25 dez 2025 13:57:53 -03

Set parameter WLSAccessID
Set parameter WLSSecret
Set parameter LicenseID to value 2566693
Academic license 2566693 - for non-commercial use only - registered to ja___@ufv.br
Set parameter NonConvex to value 2
Set parameter TimeLimit to value 3600
Set parameter LogToConsole to value 0
Set parameter MIPGap to value 1.8403064957571938e-08
Set parameter Threads to value 2
Set parameter Cuts to value 1
Set parameter NodefileDir to value "/home/ps12398/efpe/goalProgrammingMarcos/"
Set parameter NodefileStart to value 0.1
Gurobi Optimizer version 11.0.3 build v11.0.3rc0 (linux64)

CPU model: Intel(R) Xeon(R) CPU           X5650  @ 2.67GHz, instruction set [SSE2]
Thread count: 12 physical cores, 24 logical processors, using up to 2 threads

Academic license 2566693 - for non-commercial use only - registered to ja___@ufv.br
Optimize a model with 734425 rows, 495518 columns and 5922681 nonzeros
Model fingerprint: 0xece37772
Model has 502 quadratic constraints
Variable types: 247512 continuous, 248006 integer (497 binary)
Coefficient statistics:
  Matrix range     [2e-03, 7e+06]
  QMatrix range    [2e-03, 1e+05]
  QLMatrix range   [1e+00, 1e+05]
  Objective range  [1e+00, 1e+08]
  Bounds range     [1e+00, 1e+08]
  RHS range        [1e+00, 6e+06]
  QRHS range       [3e-02, 3e-02]
Presolve removed 731455 rows and 491610 columns
Presolve time: 3.05s
Presolved: 4889 rows, 4508 columns, 969387 nonzeros
Presolved model has 2 SOS constraint(s)
Presolved model has 497 bilinear constraint(s)

Solving non-convex MIQCP

Variable types: 1599 continuous, 2909 integer (499 binary)

Root simplex log...

Iteration    Objective       Primal Inf.    Dual Inf.      Time
     118    0.0000000e+00   4.311318e+04   0.000000e+00      5s
    1255    3.8779104e+05   0.000000e+00   0.000000e+00      6s

Root relaxation: objective 3.877910e+05, 1255 iterations, 1.22 seconds (1.02 work units)
Total elapsed time = 6.15s (DegenMoves)

    Nodes    |    Current Node    |     Objective Bounds      |     Work
 Expl Unexpl |  Obj  Depth IntInf | Incumbent    BestBd   Gap | It/Node Time

     0     0 387791.038    0  814          - 387791.038      -     -    8s
     0     0 3340751.18    0  720          - 3340751.18      -     -   10s
     0     0 3341475.73    0  723          - 3341475.73      -     -   11s
     0     0 3341486.80    0  723          - 3341486.80      -     -   12s
     0     0 3341486.80    0  720          - 3341486.80      -     -   12s
     0     0 3341486.80    0  718          - 3341486.80      -     -   16s
H    0     0                    9502403.6829 3341486.80  64.8%     -   17s
H    0     2                    8005384.3224 3341486.80  58.3%     -   23s
     0     2 3341486.80    0  715 8005384.32 3341486.80  58.3%     -   23s
    13    16 3341568.40    7  712 8005384.32 3341568.40  58.3%   3.2   25s
    27    30 3341568.40   11  712 8005384.32 3341568.40  58.3%   2.1   33s
H   28    30                    8004501.0708 3341568.40  58.3%   2.0   33s
    44    59 3341579.47   18  707 8004501.07 3341568.40  58.3%   1.7   35s
    89   137 3341579.47   34  694 8004501.07 3341568.40  58.3%   1.3   43s
   136   242 3341579.47   55  677 8004501.07 3341568.40  58.3%   1.2   50s
   241   406 3341579.56  105  641 8004501.07 3341568.40  58.3%   1.2   59s
   405   543 3341583.61  184  587 8004501.07 3341568.40  58.3%   1.1   66s
   542   722 3341583.61  249  545 8004501.07 3341568.40  58.3%   1.1   76s
   721   825 3341583.61  334  498 8004501.07 3341568.40  58.3%   1.1   84s
H  772   825                    7293900.5124 3341568.40  54.2%   1.2   84s
H  824   945                    7273916.2879 3341568.40  54.1%   1.2   93s
H  883   945                    7234205.3011 3341568.40  53.8%   1.3   93s
H  944  1048                    7203596.1985 3341568.40  53.6%   1.4  102s
  1047  1206 3341583.61  493  498 7203596.20 3341568.40  53.6%   1.6  113s
  1205  1370 3341583.61  571  498 7203596.20 3341568.40  53.6%   1.7  124s
H 1369  1518                    7191274.9902 3341568.40  53.5%   1.9  136s
H 1445  1518                    7181633.6776 3341568.40  53.5%   2.0  136s
H 1517  1626                    7161625.1101 3341568.40  53.3%   2.1  148s
H 1625  1792                    7137970.6625 3341568.40  53.2%   2.3  161s
H 1791  1972                    7120194.5585 3341568.40  53.1%   2.5  175s
  1971  2108 3341965.65  957  498 7120194.56 3341568.40  53.1%   2.6  186s
  2107  2333 3342118.86 1025  498 7120194.56 3341568.40  53.1%   2.7  200s
  2332  2582 3342269.15 1126  498 7120194.56 3341568.40  53.1%   3.0  213s
  2581  2838 3342392.94 1228  498 7120194.56 3341568.40  53.1%   3.3  229s
  2837  3019 3342593.21 1333  498 7120194.56 3341568.40  53.1%   3.7  241s
  3018  3323 3343266.00 1412  498 7120194.56 3341568.40  53.1%   3.9  255s
  3322  3614 3343722.25 1580  498 7120194.56 3341568.40  53.1%   4.2  270s
  3615  3616 3341583.61  567  372 7120194.56 3341568.40  53.1%   4.6  275s
  3617  3617 3641752.18  214  170 7120194.56 3641752.18  48.9%   4.6  283s
  3618  3618 3644285.23 1657  326 7120194.56 3644285.23  48.8%   4.6  287s
  3619  3618 3644285.23  151  325 7120194.56 3644285.23  48.8%   4.6  291s
  3622  3620 3644285.23  861  328 7120194.56 3644285.23  48.8%   4.6  296s
  3624  3622 3644285.23  446  333 7120194.56 3644285.23  48.8%   4.6  300s
  3628  3624 3644285.23  205  333 7120194.56 3644285.23  48.8%   4.6  306s
  3630  3626 3644285.23  520  332 7120194.56 3644285.23  48.8%   4.6  312s
  3632  3627 3644285.23  322  334 7120194.56 3644285.23  48.8%   4.6  315s
  3639  3633 3644285.23 1335  148 7120194.56 3644285.23  48.8%   5.3  323s
  3640  3634 3644285.23 1202  190 7120194.56 3644285.23  48.8%   5.3  326s
  3642  3635 3644285.23  644  332 7120194.56 3644285.23  48.8%   5.3  331s
  3646  3638 3644285.23  861  333 7120194.56 3644285.23  48.8%   5.3  336s
  3650  3641 3644285.23  396  331 7120194.56 3644285.23  48.8%   5.3  340s
  3653  3643 3644285.23 1486  331 7120194.56 3644285.23  48.8%   5.3  345s
  3656  3645 3644285.23  354  331 7120194.56 3644285.23  48.8%   5.3  350s
  3658  3646 3644312.23 1737  327 7120194.56 3644312.23  48.8%   5.2  358s
  3659  3647 3644312.23   41  327 7120194.56 3644312.23  48.8%   5.2  361s
  3660  3650 3644312.23   29  823 7120194.56 3644312.23  48.8%   6.0  367s
  3666  3654 3644332.75   31  821 7120194.56 3644332.75  48.8%   6.0  370s
  3674  3660 3644334.24   33  820 7120194.56 3644334.24  48.8%   6.0  375s
  3680  3668 3644346.97   34  820 7120194.56 3644334.77  48.8%   6.0  382s
  3686  3669 3644334.77   36  816 7120194.56 3644334.77  48.8%   6.0  388s
  3689  3683 3644668.54   36  816 7120194.56 3644334.77  48.8%   6.0  399s
  3704  3700 3644832.61   40  813 7120194.56 3644334.77  48.8%   6.0  415s
  3726  3723 3644334.77   46  806 7120194.56 3644334.77  48.8%   6.0  432s
  3757  3743 3644334.77   54  798 7120194.56 3644334.77  48.8%   6.0  455s
  3787  3782 3645001.03   62  789 7120194.56 3644334.77  48.8%   6.0  483s
  3836  3820 3645001.03   75  776 7120194.56 3644334.77  48.8%   6.0  514s
  3890  3870 3645260.85   88  763 7120194.56 3644334.77  48.8%   6.1  556s
  3958  3915 3645260.85  106  745 7120194.56 3644334.77  48.8%   6.1  600s
  4026  3967 3645330.22  121  730 7120194.56 3644334.77  48.8%   6.2  643s
  4101  4028 3645260.85  139  712 7120194.56 3644334.77  48.8%   6.2  689s
  4187  4097 3645364.63  159  692 7120194.56 3644334.77  48.8%   6.3  745s
  4284  4158 3645367.31  182  669 7120194.56 3644334.77  48.8%   6.4  803s
  4378  4221 3645370.91  204  647 7120194.56 3644334.77  48.8%   6.5  848s
  4472  4293 3645321.91  228  623 7120194.56 3644334.77  48.8%   6.6  903s
  4575  4382 3645260.85  254  597 7120194.56 3644334.77  48.8%   6.7  980s
  4699  4476 3645290.91  284  568 7120194.56 3644334.77  48.8%   6.8 1063s
  4834  4593 3645260.85  317  535 7120194.56 3644334.77  48.8%   6.8 1144s
  4996  4713 3645260.85  360  504 7120194.56 3644334.77  48.8%   6.6 1238s
  5170  4838 3645260.85  405  500 7120194.56 3644334.77  48.8%   6.5 1323s
  5353  4946 3645260.85  450  499 7120194.56 3644334.77  48.8%   6.3 1425s
  5522  5065 3645260.85  489  498 7120194.56 3644334.77  48.8%   6.2 1520s
  5697  5193 3645260.85  534  500 7120194.56 3644334.77  48.8%   6.1 1622s
  5884  5323 3645260.85  578  498 7120194.56 3644334.77  48.8%   6.0 1711s
  6076  5462 3645260.85  623  499 7120194.56 3644334.77  48.8%   5.9 1822s
  6279  5598 3645260.85  673  499 7120194.56 3644334.77  48.8%   5.8 1926s
  6483  5750 3645260.85  723  498 7120194.56 3644334.77  48.8%   5.7 2035s
  6703  5903 3645260.85  768  498 7120194.56 3644334.77  48.8%   5.6 2155s
  6929  6058 3645260.85  813  500 7120194.56 3644334.77  48.8%   5.5 2288s
  7159  6239 3645260.85  866  499 7120194.56 3644334.77  48.8%   5.6 2428s
  7417  6406 3645260.85  924  499 7120194.56 3644334.77  48.8%   5.9 2540s
  7670  6569 3645423.31  987  498 7120194.56 3644334.77  48.8%   6.3 2678s
  7917  6717 3645260.85 1049  498 7120194.56 3644334.77  48.8%   6.5 2786s
  8148  6910 3645443.73 1106  499 7120194.56 3644334.77  48.8%   6.7 2930s
  8418  7098 3645443.22 1167  500 7120194.56 3644334.77  48.8%   6.6 3080s
  8696  7294 3645279.48 1233  498 7120194.56 3644334.77  48.8%   6.5 3245s
  8984  7483 3645279.48 1300  498 7120194.56 3644334.77  48.8%   6.6 3407s
  9269  7700 3645282.13 1364  500 7120194.56 3644334.77  48.8%   7.5 3557s
  9581  7682 3645299.60 1428  499 7120194.56 3644334.77  48.8%   7.9 3600s

Cutting planes:
  RLT: 403

Explored 9667 nodes (82565 simplex iterations) in 3600.21 seconds (1474.70 work units)
Thread count was 2 (of 24 available processors)

Solution count 10: 7.12019e+06 7.13797e+06 7.16163e+06 ... 8.0045e+06

Time limit reached
Best objective 7.120194558528e+06, best bound 3.644334767825e+06, gap 48.8169%
