
Gurobi 11.0.3 (linux64, Java) logging started qui 25 dez 2025 11:55:26 -03

Set parameter WLSAccessID
Set parameter WLSSecret
Set parameter LicenseID to value 2566693
Academic license 2566693 - for non-commercial use only - registered to ja___@ufv.br
Set parameter NonConvex to value 2
Set parameter TimeLimit to value 3600
Set parameter LogToConsole to value 0
Set parameter MIPGap to value 1.8403064957571938e-08
Set parameter Threads to value 2
Set parameter Cuts to value 1
Set parameter NodefileDir to value "/home/ps12398/efpe/goalProgrammingMarcos/"
Set parameter NodefileStart to value 0.1
Gurobi Optimizer version 11.0.3 build v11.0.3rc0 (linux64)

CPU model: Intel(R) Xeon(R) CPU           X5650  @ 2.67GHz, instruction set [SSE2]
Thread count: 12 physical cores, 24 logical processors, using up to 2 threads

Academic license 2566693 - for non-commercial use only - registered to ja___@ufv.br
Optimize a model with 734425 rows, 495518 columns and 5922681 nonzeros
Model fingerprint: 0xac43ed46
Model has 502 quadratic constraints
Variable types: 247512 continuous, 248006 integer (497 binary)
Coefficient statistics:
  Matrix range     [2e-03, 7e+06]
  QMatrix range    [2e-03, 1e+05]
  QLMatrix range   [1e+00, 1e+05]
  Objective range  [1e+00, 1e+08]
  Bounds range     [1e+00, 1e+08]
  RHS range        [1e+00, 2e+06]
  QRHS range       [5e-02, 5e-02]
Presolve removed 731455 rows and 491610 columns
Presolve time: 3.37s
Presolved: 4889 rows, 4508 columns, 969387 nonzeros
Presolved model has 2 SOS constraint(s)
Presolved model has 497 bilinear constraint(s)

Solving non-convex MIQCP

Variable types: 1599 continuous, 2909 integer (499 binary)

Root simplex log...

Iteration    Objective       Primal Inf.    Dual Inf.      Time
       0    0.0000000e+00   7.408538e+01   0.000000e+00      6s
     621    0.0000000e+00   0.000000e+00   0.000000e+00      6s

Root relaxation: objective 0.000000e+00, 621 iterations, 0.86 seconds (0.44 work units)
Total elapsed time = 6.29s (DegenMoves)

    Nodes    |    Current Node    |     Objective Bounds      |     Work
 Expl Unexpl |  Obj  Depth IntInf | Incumbent    BestBd   Gap | It/Node Time

     0     0    0.00000    0  812          -    0.00000      -     -    8s
H    0     0                    1.622450e+07    0.00000   100%     -    8s
     0     0    0.00000    0  770 1.6224e+07    0.00000   100%     -   18s
     0     0 11993.9863    0  803 1.6224e+07 11993.9863   100%     -   24s
     0     0 11993.9863    0  813 1.6224e+07 11993.9863   100%     -   25s
     0     0 11993.9863    0  826 1.6224e+07 11993.9863   100%     -   25s
     0     0 12017.9805    0  829 1.6224e+07 12017.9805   100%     -   26s
     0     0 12017.9805    0  828 1.6224e+07 12017.9805   100%     -   27s
     0     0 12017.9805    0  828 1.6224e+07 12017.9805   100%     -   30s
H    0     0                    5210434.7821 12017.9805   100%     -   31s
     0     2 12017.9805    0  826 5210434.78 12017.9805   100%     -   37s
    19    22 12017.9805   10  820 5210434.78 12017.9805   100%   3.8   40s
    27    30 12017.9805   14  816 5210434.78 12017.9805   100%   3.0   53s
    42    47 12017.9805   22  808 5210434.78 12017.9805   100%   2.3   55s
    68    75 12200.0152   35  795 5210434.78 12017.9805   100%   1.9   60s
   111   114 12230.8994   56  774 5210434.78 12017.9805   100%   1.6   65s
   157   170 12230.8994   79  751 5210434.78 12017.9805   100%   1.4   70s
   169   176 12230.8994   84  746 5210434.78 12017.9805   100%   1.4   84s
   175   188 12230.8994   87  743 5210434.78 12017.9805   100%   1.4   85s
   233   253 12230.8994  115  718 5210434.78 12017.9805   100%   1.3   90s
   294   313 12230.8994  144  692 5210434.78 12017.9805   100%   1.2   95s
   362   389 12230.8994  176  665 5210434.78 12017.9805   100%   1.2  101s
   414   442 12230.8994  201  643 5210434.78 12017.9805   100%   1.2  105s
   503   533 12230.8994  240  609 5210434.78 12017.9805   100%   1.1  112s
   565   597 12230.8994  263  594 5210434.78 12017.9805   100%   1.1  116s
   632   671 12230.8994  295  576 5210434.78 12017.9805   100%   1.1  120s
   710   757 12230.8994  331  545 5210434.78 12017.9805   100%   1.1  125s
   810   856 12230.8994  378  548 5210434.78 12017.9805   100%   1.1  132s
   855   901 12230.8994  397  547 5210434.78 12017.9805   100%   1.1  135s
   955  1013 12230.8994  440  537 5210434.78 12017.9805   100%   1.2  141s
  1012  1067 12230.8994  463  517 5210434.78 12017.9805   100%   1.2  145s
  1117  1175 12230.8994  513  518 5210434.78 12017.9805   100%   1.3  151s
  1174  1224 12230.8994  533  537 5210434.78 12017.9805   100%   1.4  155s
  1282  1345 12230.8994  578  520 5210434.78 12017.9805   100%   1.5  163s
  1344  1401 12230.8994  607  506 5210434.78 12017.9805   100%   1.6  168s
  1400  1459 12230.8994  632  539 5210434.78 12017.9805   100%   1.7  172s
  1458  1533 12230.8994  661  511 5210434.78 12017.9805   100%   1.7  177s
  1532  1609 12230.8994  694  519 5210434.78 12017.9805   100%   1.7  183s
  1608  1680 12230.8994  734  506 5210434.78 12017.9805   100%   1.8  189s
  1679  1752 12230.8994  768  527 5210434.78 12017.9805   100%   1.9  195s
  1751  1806 12230.8994  800  514 5210434.78 12017.9805   100%   2.0  200s
  1805  1887 12230.8994  825  516 5210434.78 12017.9805   100%   2.1  206s
H 1886  1939                    4379005.1335 12017.9805   100%   2.1  212s
  1938  2039 12230.8994  885  513 4379005.13 12017.9805   100%   2.2  218s
  2038  2119 12230.8994  926  503 4379005.13 12017.9805   100%   2.2  224s
  2118  2230 12263.9917  963  530 4379005.13 12017.9805   100%   2.3  230s
  2229  2339 13788.2526 1044  530 4379005.13 12017.9805   100%   2.3  236s
  2338  2429 14952.2868 1097  528 4379005.13 12017.9805   100%   2.3  244s
  2428  2506 15021.3372 1127  528 4379005.13 12017.9805   100%   2.3  250s
  2505  2665 15067.3708 1147  528 4379005.13 12017.9805   100%   2.3  259s
  2664  2913 15594.1368 1206  507 4379005.13 12017.9805   100%   2.3  265s
  2912  3111 15981.0868 1264  507 4379005.13 12017.9805   100%   2.3  270s
  3110  3296 16704.8610 1312  509 4379005.13 12017.9805   100%   2.2  279s
  3295  3437 17661.9751 1374  509 4379005.13 12017.9805   100%   2.2  287s
  3436  3583 18464.6822 1426  509 4379005.13 12017.9805   100%   2.2  297s
  3582  3758 19359.9730 1484  509 4379005.13 12017.9805   100%   2.3  307s
  3758  3759 13067.0489  160  372 4379005.13 12017.9805   100%   2.3  328s
  3760  3760 12431.2511  886  309 4379005.13 12017.9805   100%   2.3  338s
  3761  3761 1616647.77  345  314 4379005.13 1616647.77  63.1%   2.3  346s
  3763  3762 1716644.87  413  334 4379005.13 1716644.87  60.8%   2.3  353s
  3764  3763 1716817.14 1093  335 4379005.13 1716817.14  60.8%   2.3  361s
  3766  3764 1716846.29 1417  336 4379005.13 1716846.29  60.8%   2.3  367s
  3767  3765 1716866.19 1627  337 4379005.13 1716866.19  60.8%   2.3  371s
  3769  3766 1716906.82  625  338 4379005.13 1716906.82  60.8%   2.3  376s
  3774  3771 1716906.82  199  315 4379005.13 1716906.82  60.8%   3.8  386s
  3775  3772 1716906.82  923  334 4379005.13 1716906.82  60.8%   3.8  393s
  3776  3773 1717073.61 1073  335 4379005.13 1717073.61  60.8%   3.8  397s
  3777  3773 1717119.90 1533  335 4379005.13 1717119.90  60.8%   3.8  401s
  3778  3774 1717119.90 1307  337 4379005.13 1717119.90  60.8%   3.8  406s
  3780  3775 1717140.76  548  337 4379005.13 1717140.76  60.8%   3.8  411s
  3785  3780 1717140.76 1222  315 4379005.13 1717140.76  60.8%   4.3  422s
  3786  3781 1717140.76  106  334 4379005.13 1717140.76  60.8%   4.3  430s
  3788  3782 1717140.76 1634  335 4379005.13 1717140.76  60.8%   4.3  438s
  3789  3783 1717140.76  597  337 4379005.13 1717140.76  60.8%   4.3  442s
  3791  3784 1717140.76  390  337 4379005.13 1717140.76  60.8%   4.3  447s
  3792  3785 1717140.76 1026  337 4379005.13 1717140.76  60.8%   4.3  453s
  3793  3786 1717140.76  681  337 4379005.13 1717140.76  60.8%   4.3  455s
  3798  3792 1717320.21   29  832 4379005.13 1717166.26  60.8%   4.7  460s
  3810  3800 1717245.76   32  829 4379005.13 1717202.90  60.8%   4.7  465s
  3820  3807 1717252.79   35  827 4379005.13 1717252.79  60.8%   4.7  472s
  3835  3835 1717679.34   38  823 4379005.13 1717259.14  60.8%   4.7  476s
  3857  3850 1717496.69   44  820 4379005.13 1717259.14  60.8%   4.7  480s
  3913  3869 1717817.83   58  806 4379005.13 1717259.14  60.8%   4.7  486s
  3932  3899 1717823.44   63  798 4379005.13 1717259.14  60.8%   4.7  494s
  3952  3912 1717884.06   68  794 4379005.13 1717259.14  60.8%   4.7  496s
  3997  3925 1718082.04   79  784 4379005.13 1717259.14  60.8%   4.6  500s
  4026  3972 1718346.06   85  779 4379005.13 1717259.14  60.8%   4.6  506s
  4083  4012 1718448.40   96  769 4379005.13 1717259.14  60.8%   4.6  512s
  4115  4039 1718374.97  103  763 4379005.13 1717259.14  60.8%   4.6  515s
  4180  4083 1718551.29  115  753 4379005.13 1717259.14  60.8%   4.6  523s
  4218  4120 1718588.59  122  747 4379005.13 1717259.14  60.8%   4.6  526s
  4268  4178 1718728.56  134  737 4379005.13 1717259.14  60.8%   4.5  531s
  4343  4232 1718848.19  152  720 4379005.13 1717259.14  60.8%   4.5  536s
  4445  4302 1719171.97  175  701 4379005.13 1717259.14  60.8%   4.5  544s
  4526  4300 1719255.31  194  683 4379005.13 1717259.14  60.8%   4.5  547s
  4551  4378 1719354.76  200  680 4379005.13 1717259.14  60.8%   4.5  552s
  4637  4445 1719477.75  220  670 4379005.13 1717259.14  60.8%   4.5  557s
  4733  4504 1719771.64  243  671 4379005.13 1717259.14  60.8%   4.4  562s
  4824  4571 1720077.10  267  671 4379005.13 1717259.14  60.8%   4.4  569s
  4921  4640 1720360.06  290  668 4379005.13 1717259.14  60.8%   4.4  575s
  5022  4711 1720674.14  315  668 4379005.13 1717259.14  60.8%   4.3  580s
  5158  4772 1721083.50  349  666 4379005.13 1717259.14  60.8%   4.3  589s
  5233  4828 1721296.91  374  655 4379005.13 1717259.14  60.8%   4.3  593s
  5314  4885 1721607.45  400  635 4379005.13 1717259.14  60.8%   4.3  596s
  5398  4895 1721720.99  427  613 4379005.13 1717259.14  60.8%   4.2  600s
  5485  4983 1721664.50  448  599 4379005.13 1717259.14  60.8%   4.2  607s
  5553  5002 1721936.73  465  584 4379005.13 1717259.14  60.8%   4.2  611s
  5595  5063 1721764.06  477  586 4379005.13 1717259.14  60.8%   4.2  615s
  5753  5150 1721941.35  522  585 4379005.13 1717259.14  60.8%   4.1  623s
  5810  5223 1722002.40  538  585 4379005.13 1717259.14  60.8%   4.1  628s
  5902  5294 1722303.07  561  584 4379005.13 1717259.14  60.8%   4.1  632s
  6003  5329 1722188.81  588  586 4379005.13 1717259.14  60.8%   4.0  637s
  6072  5415 1722261.89  606  585 4379005.13 1717259.14  60.8%   4.0  643s
  6181  5446 1722366.99  635  586 4379005.13 1717259.14  60.8%   4.0  648s
  6248  5547 1722433.23  652  584 4379005.13 1717259.14  60.8%   4.0  654s
  6372  5603 1722501.67  683  583 4379005.13 1717259.14  60.8%   4.0  660s
  6469  5697 1722538.28  706  584 4379005.13 1717259.14  60.8%   4.0  668s
  6595  5757 1722862.67  734  583 4379005.13 1717259.14  60.8%   3.9  673s
  6697  5859 1722954.25  758  583 4379005.13 1717259.14  60.8%   3.9  680s
  6833  5926 1722866.46  792  583 4379005.13 1717259.14  60.8%   3.9  708s
  6946  6015 1722975.22  819  582 4379005.13 1717259.14  60.8%   3.9  715s
  7072  6121 1723039.77  848  581 4379005.13 1717259.14  60.8%   3.9  723s
  7220  6233 1723097.85  883  582 4379005.13 1717259.14  60.8%   3.9  732s
  7382  6349 1723178.06  920  580 4379005.13 1717259.14  60.8%   3.8  741s
  7552  6477 1723237.33  958  578 4379005.13 1717259.14  60.8%   3.8  751s
  7736  6658 1723319.90 1001  579 4379005.13 1717259.14  60.8%   3.8  763s
  7979  6795 1723554.81 1057  575 4379005.13 1717259.14  60.8%   3.7  775s
  8197  6982 1723669.98 1110  570 4379005.13 1717259.14  60.8%   3.7  788s
  8456  7199 1723701.01 1171  568 4379005.13 1717259.14  60.8%   3.7  803s
  8760  7299 1723862.52 1242  567 4379005.13 1717259.14  60.8%   3.7  816s
  8961  7565 1724109.97 1290  561 4379005.13 1717259.14  60.8%   3.6  832s
  9294  7734 1724076.75 1370  561 4379005.13 1717259.14  60.8%   3.7  846s
  9574  7933 1724319.76 1434  560 4379005.13 1717259.14  60.8%   3.6  860s
  9866  8106 1724266.31 1500  561 4379005.13 1717259.14  60.8%   3.6  873s
 10137  8363 1724503.50 1560  560 4379005.13 1717259.14  60.8%   3.6  889s
 10484  8527 1724753.83 1641  554 4379005.13 1717259.14  60.8%   3.6  903s
 10764  8710 1725016.83 1708  555 4379005.13 1717259.14  60.8%   3.6  918s
 11040  8888 1725681.87 1774  554 4379005.13 1717259.14  60.8%   3.5  932s
 11310  9142 1726020.46 1839  553 4379005.13 1717259.14  60.8%   3.5  948s
 11654  9307 1726176.01 1920  554 4379005.13 1717259.14  60.8%   3.5  962s
 11934  9478 1726287.40 1987  554 4379005.13 1717259.14  60.8%   3.5  975s
 12198  9646 1726389.15 2050  554 4379005.13 1717259.14  60.8%   3.4  986s
 12454  9891 1726489.73 2112  554 4379005.13 1717259.14  60.8%   3.4 1000s
 12784 10000 1726664.79 2189  552 4379005.13 1717259.14  60.8%   3.4 1012s
 13003 10183 1726776.25 2249  553 4379005.13 1717259.14  60.8%   3.4 1024s
 13259 10406 1726950.34 2307  552 4379005.13 1717259.14  60.8%   3.3 1038s
 13568 10621 1727079.34 2379  552 4379005.13 1717259.14  60.8%   3.3 1051s
 13886 10769 1727230.33 2453  550 4379005.13 1717259.14  60.8%   3.3 1061s
 14140 10936 1727342.82 2514  551 4379005.13 1717259.14  60.8%   3.3 1073s
 14391 11161 1727472.26 2575  550 4379005.13 1717259.14  60.8%   3.3 1087s
 14700 11102 1727619.00 2649  550 4379005.13 1717259.14  60.8%   3.2 1096s
 14744 11254 1727664.36 2660  550 4379005.13 1717259.14  60.8%   3.2 1191s
 14911 11345 1727753.18 2721  551 4379005.13 1717259.14  60.8%   3.2 1201s
H14955 11265                    4378751.9450 1717259.14  60.8%   3.2 1201s
H14958 11265                    4370855.1984 1717259.14  60.7%   3.2 1201s
H14961 11265                    4361604.9537 1717259.14  60.6%   3.2 1201s
 15057 11515 1727820.60 2755  551 4361604.95 1717259.14  60.6%   3.2 1213s
H15307 11763                    4359037.7436 1717259.14  60.6%   3.2 1226s
H15418 11763                    4356649.1405 1717259.14  60.6%   3.2 1226s
H15555 12057                    4354651.6964 1717259.14  60.6%   3.2 1238s
 15849 12300 1728166.32 2925  550 4354651.70 1717259.14  60.6%   3.2 1252s
H16092 12542                    4354646.8079 1717259.14  60.6%   3.2 1265s
H16203 12542                    4354590.6022 1717259.14  60.6%   3.2 1265s
 16334 12792 1728363.00 3033  550 4354590.60 1717259.14  60.6%   3.1 1279s
H16454 12792                    4354188.2875 1717259.14  60.6%   3.1 1279s
 16584 13098 1728481.98 3093  550 4354188.29 1717259.14  60.6%   3.1 1295s
 16890 13199 1728574.63 3162  551 4354188.29 1717259.14  60.6%   3.1 1307s
H16891 13199                    4353452.8621 1717259.14  60.6%   3.1 1307s
 16991 13402 1728583.23 3162  550 4353452.86 1717259.14  60.6%   3.1 1318s
H17194 13676                    4350777.0717 1717259.14  60.5%   3.1 1333s
 17468 13826 1728743.04 3259  551 4350777.07 1717259.14  60.5%   3.1 1346s
 17618 14004 1728775.05 3259  550 4350777.07 1717259.14  60.5%   3.1 1357s
 17796 14342 1728824.74 3302  550 4350777.07 1717259.14  60.5%   3.1 1374s
 18134 14669 1728988.94 3379  550 4350777.07 1717259.14  60.5%   3.0 1387s
H18461 14958                    4350565.7673 1717259.14  60.5%   3.0 1399s
H18583 14958                    4347679.7491 1717259.14  60.5%   3.0 1399s
 18750 15282 1729216.67 3516  549 4347679.75 1717259.14  60.5%   3.0 1412s
 19074 15609 1729313.97 3591  548 4347679.75 1717259.14  60.5%   3.0 1428s
 19401 15935 1729441.86 3668  548 4347679.75 1717259.14  60.5%   3.0 1442s
 19727 16240 1729575.54 3744  548 4347679.75 1717259.14  60.5%   3.0 1457s
 20032 16485 1729695.54 3816  548 4347679.75 1717259.14  60.5%   2.9 1467s
 20277 16788 1729775.20 3868  548 4347679.75 1717259.14  60.5%   2.9 1480s
 20580 16975 1729879.81 3939  548 4347679.75 1717259.14  60.5%   2.9 1490s
 20767 17285 1729932.19 3982  548 4347679.75 1717259.14  60.5%   2.9 1505s
H21077 17524                    4347527.3407 1717259.14  60.5%   2.9 1516s
 21316 17830 1730171.03 4121  548 4347527.34 1717259.14  60.5%   2.9 1528s
 21622 18144 1730316.56 4190  546 4347527.34 1717259.14  60.5%   2.9 1540s
 21936 18409 1730444.30 4266  544 4347527.34 1717259.14  60.5%   2.8 1551s
H22048 18409                    4347527.2739 1717259.14  60.5%   2.8 1551s
 22201 18751 1730542.46 4322  544 4347527.27 1717259.14  60.5%   2.8 1564s
 22543 19024 1730900.95 4399  543 4347527.27 1717259.14  60.5%   2.8 1576s
 22816 19274 1730764.89 4446  544 4347527.27 1717259.14  60.5%   2.8 1588s
 23066 19559 1730891.72 4504  543 4347527.27 1717259.14  60.5%   2.8 1603s
H23204 19559                    4343854.2701 1717259.14  60.5%   2.8 1603s
 23351 19868 1731043.90 4573  543 4343854.27 1717259.14  60.5%   2.8 1619s
 23660 20151 1731210.66 4647  542 4343854.27 1717259.14  60.5%   2.8 1632s
 23943 20450 1731365.33 4717  543 4343854.27 1717259.14  60.5%   2.8 1644s
 24242 20702 1731520.70 4789  542 4343854.27 1717259.14  60.5%   2.8 1656s
Created node file directory '/home/ps12398/efpe/goalProgrammingMarcos//grbnodes1'
 24494 21004 1731659.39 4850  541 4343854.27 1717259.14  60.5%   2.8 1744s
 24796 21275 1731783.13 4925  541 4343854.27 1717259.14  60.5%   2.8 1757s
 25067 21567 1731904.85 4991  541 4343854.27 1717259.14  60.5%   2.8 1769s
 25359 21753 1732041.89 5061  541 4343854.27 1717259.14  60.5%   2.8 1784s
 25545 21918 1732128.00 5097  540 4343854.27 1717259.14  60.5%   2.8 1793s
 25710 22211 1732170.46 5135  541 4343854.27 1717259.14  60.5%   2.8 1805s
 26003 22510 1732309.01 5205  541 4343854.27 1717259.14  60.5%   2.8 1819s
 26302 22776 1732441.76 5278  541 4343854.27 1717259.14  60.5%   2.8 1833s
 26568 23071 1732571.13 5341  541 4343854.27 1717259.14  60.5%   2.8 1843s
 26863 23219 1732719.80 5413  540 4343854.27 1717259.14  60.5%   2.8 1868s
 27011 23468 1732757.19 5449  541 4343854.27 1717259.14  60.5%   2.8 1877s
 27260 23747 1732870.16 5511  541 4343854.27 1717259.14  60.5%   2.8 1889s
 27539 24051 1733102.89 5578  540 4343854.27 1717259.14  60.5%   2.8 1980s
 27843 24309 1733130.67 5652  541 4343854.27 1717259.14  60.5%   2.8 1993s
 28101 24600 1733238.44 5711  541 4343854.27 1717259.14  60.5%   2.8 2007s
 28392 24886 1733455.95 5780  540 4343854.27 1717259.14  60.5%   2.8 2020s
 28678 25145 1733503.87 5847  541 4343854.27 1717259.14  60.5%   2.8 2032s
 28937 25430 1733638.08 5910  540 4343854.27 1717259.14  60.5%   2.8 2046s
 29222 25674 1733767.42 5977  539 4343854.27 1717259.14  60.5%   2.8 2058s
 29466 25954 1733976.94 6034  539 4343854.27 1717259.14  60.5%   2.8 2070s
 29746 26202 1734029.30 6100  538 4343854.27 1717259.14  60.5%   2.8 2082s
 29994 26458 1734162.92 6159  538 4343854.27 1717259.14  60.5%   2.8 2092s
 30250 26706 1734296.92 6219  539 4343854.27 1717259.14  60.5%   2.8 2102s
 30498 26985 1734469.23 6278  537 4343854.27 1717259.14  60.5%   2.7 2197s
 30777 27247 1734592.16 6345  537 4343854.27 1717259.14  60.5%   2.7 2209s
 31039 27521 1734739.98 6411  538 4343854.27 1717259.14  60.5%   2.7 2219s
 31313 27793 1734892.01 6477  538 4343854.27 1717259.14  60.5%   2.7 2230s
 31585 28036 1735077.36 6542  537 4343854.27 1717259.14  60.5%   2.7 2239s
 31828 28306 1735177.65 6601  538 4343854.27 1717259.14  60.5%   2.7 2249s
 32098 28308 1735328.26 6666  538 4343854.27 1717259.14  60.5%   2.7 2267s
 32100 28517 1735363.01 6666  537 4343854.27 1717259.14  60.5%   2.7 2277s
 32309 28746 1735444.87 6717  538 4343854.27 1717259.14  60.5%   2.7 2286s
 32538 29018 1735569.79 6772  538 4343854.27 1717259.14  60.5%   2.7 2297s
 32810 29257 1735721.82 6838  538 4343854.27 1717259.14  60.5%   2.7 2307s
 33049 29522 1735817.96 6895  534 4343854.27 1717259.14  60.5%   2.7 2318s
 33314 29736 1735850.96 6959  535 4343854.27 1717259.14  60.5%   2.7 2327s
 33528 30003 1735878.98 7009  535 4343854.27 1717259.14  60.5%   2.7 2337s
 33795 30270 1735914.85 7073  535 4343854.27 1717259.14  60.5%   2.7 2438s
 34062 30514 1735987.50 7137  535 4343854.27 1717259.14  60.5%   2.7 2449s
 34306 30658 1736056.06 7196  535 4343854.27 1717259.14  60.5%   2.7 2457s
H34438 30658                    4343665.0956 1717259.14  60.5%   2.7 2457s
 34450 30903 1736093.04 7228  535 4343665.10 1717259.14  60.5%   2.7 2468s
 34695 31172 1736160.83 7287  535 4343665.10 1717259.14  60.5%   2.7 2479s
 34964 31437 1736239.17 7351  534 4343665.10 1717259.14  60.5%   2.7 2491s
 35229 31681 1736306.43 7413  535 4343665.10 1717259.14  60.5%   2.7 2502s
 35473 31926 1736375.76 7473  535 4343665.10 1717259.14  60.5%   2.7 2513s
H35591 31926                    4339093.6512 1717259.14  60.4%   2.7 2513s
 35718 32156 1736444.33 7532  535 4339093.65 1717259.14  60.4%   2.6 2522s
 35948 32287 1736509.04 7588  535 4339093.65 1717259.14  60.4%   2.6 2532s
H35998 32287                    4338287.9029 1717259.14  60.4%   2.6 2532s
 36079 32501 1736552.95 7626  535 4338287.90 1717259.14  60.4%   2.6 2541s
 36293 32771 1736613.04 7678  535 4338287.90 1717259.14  60.4%   2.6 2551s
 36563 33005 1736690.61 7743  532 4338287.90 1717259.14  60.4%   2.6 2560s
 36797 33265 1736720.87 7797  532 4338287.90 1717259.14  60.4%   2.6 2664s
 37057 33483 1736755.38 7858  532 4338287.90 1717259.14  60.4%   2.6 2692s
 37275 33661 1736784.52 7910  532 4338287.90 1717259.14  60.4%   2.7 2702s
 37453 33926 1736812.05 7954  531 4338287.90 1717259.14  60.4%   2.7 2712s
 37718 34195 1736845.05 8018  532 4338287.90 1717259.14  60.4%   2.7 2723s
 37987 34454 1736880.03 8081  532 4338287.90 1717259.14  60.4%   2.7 2733s
 38246 34713 1736914.54 8142  532 4338287.90 1717259.14  60.4%   2.7 2745s
 38505 34975 1736959.44 8203  530 4338287.90 1717259.14  60.4%   2.7 2757s
 38767 35252 1737117.25 8268  521 4338287.90 1717259.14  60.4%   2.7 2770s
 39044 35523 1737492.88 8336  520 4338287.90 1717259.14  60.4%   2.7 2781s
 39315 35780 1737838.19 8403  521 4338287.90 1717259.14  60.4%   2.7 2791s
 39572 36048 1738182.07 8466  520 4338287.90 1717259.14  60.4%   2.6 2902s
 39840 36306 1738531.96 8532  520 4338287.90 1717259.14  60.4%   2.6 2915s
 40098 36570 1738857.17 8597  521 4338287.90 1717259.14  60.4%   2.6 2923s
 40362 36818 1739154.73 8660  520 4338287.90 1717259.14  60.4%   2.6 2932s
 40610 37079 1739198.76 8721  520 4338287.90 1717259.14  60.4%   2.6 2942s
 40871 37309 1739245.22 8785  520 4338287.90 1717259.14  60.4%   2.6 2952s
 41101 37572 1739428.02 8840  518 4338287.90 1717259.14  60.4%   2.6 2963s
 41364 37833 1739394.96 8906  518 4338287.90 1717259.14  60.4%   2.6 2975s
 41625 38086 1739638.67 8974  518 4338287.90 1717259.14  60.4%   2.6 2987s
 41878 38350 1739868.05 9038  518 4338287.90 1717259.14  60.4%   2.6 2997s
H42142 38576                    4337719.2207 1717259.14  60.4%   2.6 3009s
 42368 38578 1740317.28 9163  518 4337719.22 1717259.14  60.4%   2.6 3026s
 42370 38782 1740322.93 9163  517 4337719.22 1717259.14  60.4%   2.6 3034s
H42479 38782                    4333011.7656 1717259.14  60.4%   2.6 3034s
H42574 38922                    4332994.4037 1717259.14  60.4%   2.6 3177s
 42714 39158 1740625.50 9249  518 4332994.40 1717259.14  60.4%   2.6 3189s
H42949 39158                    4332570.0362 1717259.14  60.4%   2.6 3189s
 42950 39392 1740847.71 9311  518 4332570.04 1717259.14  60.4%   2.6 3197s
 43184 39670 1741069.92 9373  518 4332570.04 1717259.14  60.4%   2.6 3207s
 43462 39916 1741335.13 9447  518 4332570.04 1717259.14  60.4%   2.6 3219s
 43708 40191 1741571.67 9513  518 4332570.04 1717259.14  60.4%   2.6 3230s
H43983 40423                    4330221.0748 1717259.14  60.3%   2.6 3239s
 44215 40671 1742048.32 9646  518 4330221.07 1717259.14  60.3%   2.6 3251s
 44463 40907 1742262.75 9710  517 4330221.07 1717259.14  60.3%   2.6 3262s
 44699 41068 1742264.48 9769  518 4330221.07 1717259.14  60.3%   2.6 3272s
 44860 41335 1742266.24 9793  518 4330221.07 1717259.14  60.3%   2.6 3283s
 45127 41537 1742517.11 9863  518 4330221.07 1717259.14  60.3%   2.6 3293s
H45235 41537                    4327333.7456 1717259.14  60.3%   2.6 3293s
 45329 41809 1742710.65 9917  518 4327333.75 1717259.14  60.3%   2.6 3302s
 45601 41994 1742971.03 9990  518 4327333.75 1717259.14  60.3%   2.6 3431s
 45786 42226 1743110.53 10027  517 4327333.75 1717259.14  60.3%   2.5 3441s
 46018 42499 1743330.66 10090  518 4327333.75 1717259.14  60.3%   2.5 3451s
H46291 42742                    4322238.4064 1717259.14  60.3%   2.5 3461s
 46534 42918 1743818.08 10226  518 4322238.41 1717259.14  60.3%   2.5 3469s
 46710 43164 1743945.87 10262  518 4322238.41 1717259.14  60.3%   2.5 3477s
 46956 43422 1744169.30 10324  518 4322238.41 1717259.14  60.3%   2.5 3488s
 47214 43671 1744409.44 10391  518 4322238.41 1717259.14  60.3%   2.5 3497s
H47463 43673                    4319304.4985 1717259.14  60.2%   2.5 3516s
 47465 43776 1744644.61 10457  517 4319304.50 1717259.14  60.2%   2.5 3523s
 47568 43992 1744821.73 10508  518 4319304.50 1717259.14  60.2%   2.5 3532s
 47784 44235 1745015.26 10562  518 4319304.50 1717259.14  60.2%   2.5 3540s
 48027 44514 1745230.45 10624  518 4319304.50 1717259.14  60.2%   2.5 3549s
 48306 44756 1745487.26 10696  518 4319304.50 1717259.14  60.2%   2.5 3558s
 48548 45005 1745709.47 10758  518 4319304.50 1717259.14  60.2%   2.5 3567s
 48797 45281 1745931.67 10820  518 4319304.50 1717259.14  60.2%   2.5 3576s

Cutting planes:
  RLT: 443

Explored 49073 nodes (126121 simplex iterations) in 3703.40 seconds (1018.07 work units)
Thread count was 2 (of 24 available processors)

Solution count 10: 4.3193e+06 4.3193e+06 4.32224e+06 ... 4.33829e+06

Time limit reached
Best objective 4.319304498530e+06, best bound 1.717259135709e+06, gap 60.2422%
