
Gurobi 11.0.3 (linux64, Java) logging started ter 23 dez 2025 23:50:12 -03

Set parameter WLSAccessID
Set parameter WLSSecret
Set parameter LicenseID to value 2566693
Academic license 2566693 - for non-commercial use only - registered to ja___@ufv.br
Set parameter NonConvex to value 2
Set parameter TimeLimit to value 3600
Set parameter LogToConsole to value 0
Set parameter MIPGap to value 1.8403064957571938e-08
Set parameter Threads to value 2
Set parameter Cuts to value 1
Set parameter NodefileDir to value "/home/ps12398/efpe/goalProgrammingMarcos/"
Set parameter NodefileStart to value 0.1
Gurobi Optimizer version 11.0.3 build v11.0.3rc0 (linux64)

CPU model: Intel(R) Xeon(R) CPU           X5650  @ 2.67GHz, instruction set [SSE2]
Thread count: 12 physical cores, 24 logical processors, using up to 2 threads

Academic license 2566693 - for non-commercial use only - registered to ja___@ufv.br
Optimize a model with 734425 rows, 495518 columns and 5922681 nonzeros
Model fingerprint: 0x4562982a
Model has 502 quadratic constraints
Variable types: 247512 continuous, 248006 integer (497 binary)
Coefficient statistics:
  Matrix range     [2e-03, 7e+06]
  QMatrix range    [2e-03, 1e+05]
  QLMatrix range   [1e+00, 1e+05]
  Objective range  [1e+00, 1e+08]
  Bounds range     [1e+00, 1e+08]
  RHS range        [1e+00, 7e+06]
  QRHS range       [8e-02, 8e-02]
Presolve removed 486329 rows and 246513 columns (presolve time = 5s) ...
Presolve removed 731455 rows and 491610 columns
Presolve time: 6.78s
Presolved: 4889 rows, 4508 columns, 969387 nonzeros
Presolved model has 2 SOS constraint(s)
Presolved model has 497 bilinear constraint(s)

Solving non-convex MIQCP

Variable types: 1599 continuous, 2909 integer (499 binary)

Root simplex log...

Iteration    Objective       Primal Inf.    Dual Inf.      Time
       0    0.0000000e+00   2.256836e+04   0.000000e+00     10s
     532    1.2820799e-01   1.218576e+04   0.000000e+00     10s
     618    0.0000000e+00   0.000000e+00   0.000000e+00     10s

Root relaxation: objective 0.000000e+00, 618 iterations, 0.79 seconds (0.35 work units)
Total elapsed time = 10.37s (DegenMoves)

    Nodes    |    Current Node    |     Objective Bounds      |     Work
 Expl Unexpl |  Obj  Depth IntInf | Incumbent    BestBd   Gap | It/Node Time

     0     0    0.00000    0  581          -    0.00000      -     -   10s
     0     0    0.00000    0  600          -    0.00000      -     -   12s
     0     0    0.00000    0  602          -    0.00000      -     -   16s
     0     0    0.00000    0  602          -    0.00000      -     -   17s
     0     0    0.00000    0  602          -    0.00000      -     -   18s
     0     0    0.00000    0  602          -    0.00000      -     -   20s
     0     0    0.00000    0  602          -    0.00000      -     -   23s
H    0     0                    4344374.3010    0.00000   100%     -   24s
     0     2    0.00000    0  602 4344374.30    0.00000   100%     -   31s
    27    31    0.00000   13  590 4344374.30    0.00000   100%   1.2   36s
    50   153    0.00000   25  579 4344374.30    0.00000   100%   1.2   47s
   152   275    0.00000   71  533 4344374.30    0.00000   100%   1.1  180s
   274   431    0.00000  131  497 4344374.30    0.00000   100%   1.4  203s
H  282   431                    4318803.0916    0.00000   100%   1.7  203s
H  354   431                    4210639.3850    0.00000   100%   3.7  203s
   430   673    0.00000  171  497 4210639.38    0.00000   100%   5.1  233s
H  572   673                    4169075.8289    0.00000   100%   6.6  233s
   672  1030    0.00000  242  497 4169075.83    0.00000   100%   7.2  259s
H 1029  1261                    4169017.2981    0.00000   100%   7.0  277s
  1260  1369    0.00000  386  498 4169017.30    0.00000   100%   6.9  291s
  1368  1779    0.00000  387  497 4169017.30    0.00000   100%   6.8  311s
H 1798  1923                    4097464.8762    0.00000   100%   7.1  322s
H 1844  1923                    3838040.2094    0.00000   100%   8.2  322s
H 1962  2037                    3473874.4925    0.00000   100%   8.6  337s
  2082  2142 infeasible  686      3473874.49    0.00000   100%   9.5  353s
H 2083  2142                    3408964.1981    0.00000   100%   9.5  353s
H 2169  2142                    3105513.7552    0.00000   100%   9.9  353s
  2195  2418 15666.6081  720  490 3105513.76    0.00000   100%   9.9  374s
H 2333  2418                    3056484.8431    0.00000   100%   9.6  374s
H 2471  2711                    2927390.4799    0.00000   100%   9.5  395s
  2764  3003 16034.6150 1001  490 2927390.48    0.00000   100%   9.2  417s
H 2908  3003                    2924879.0628    0.00000   100%   9.1  417s
  3056  3235 16034.6150 1145  490 2924879.06    0.00000   100%   9.0  442s
  3288  3539 16034.6150 1270  490 2924879.06    0.00000   100%   8.9  466s
  3592  3796 16034.6150 1411  490 2924879.06    0.00000   100%   8.8  487s
  3850  3797    0.00000  623  372 2924879.06    0.00000   100%   8.6  509s
  3852  3798 7785.35036 1469  113 2924879.06    0.00000   100%   8.5  514s
  3853  3799 6527.50098  801  114 2924879.06    0.00000   100%   8.5  517s
  3855  3800    0.00000   40  116 2924879.06    0.00000   100%   8.5  520s
  3857  3802    0.00000  243  117 2924879.06    0.00000   100%   8.5  526s
  3859  3803 16034.6150  891  118 2924879.06    0.00000   100%   8.5  532s
  3861  3804 7911.82159 1497  118 2924879.06    0.00000   100%   8.5  535s
  3863  3806    0.00000  216  118 2924879.06    0.00000   100%   8.5  541s
  3864  3809    0.00000   11  614 2924879.06    0.00000   100%   8.9  545s
  3872  3815    0.00000   13  612 2924879.06    0.00000   100%   8.9  550s
  3880  3820    0.00000   15  609 2924879.06    0.00000   100%   8.9  555s
  3884  3825    0.00000   16  607 2924879.06    0.00000   100%   8.9  560s
  3888  3828    0.00000   17  606 2924879.06    0.00000   100%   8.9  566s
  3893  3843    0.00000   18  605 2924879.06    0.00000   100%   8.8  575s
  3909  3866    0.00000   22  601 2924879.06    0.00000   100%   8.8  592s
  3938  3921    0.00000   29  596 2924879.06    0.00000   100%   8.8  626s
  4002  4019    0.00000   45  582 2924879.06    0.00000   100%   8.7  672s
  4122  4088    0.00000   74  557 2924879.06    0.00000   100%   8.6  736s
  4231  4156    0.00000  102  531 2924879.06    0.00000   100%   8.5  804s
  4335  4250    0.00000  128  506 2924879.06    0.00000   100%   8.3  878s
  4464  4339    0.00000  160  503 2924879.06    0.00000   100%   8.8  951s
  4596  4446    0.00000  194  497 2924879.06    0.00000   100%   9.4 1030s
  4747  4578    0.00000  233  497 2924879.06    0.00000   100%   9.6 1123s
  4929  4687    0.00000  278  497 2924879.06    0.00000   100%   9.4 1202s
  5099  4792    0.00000  320  495 2924879.06    0.00000   100%   9.1 1283s
  5260  4903    0.00000  359  491 2924879.06    0.00000   100%   9.0 1380s
  5425  5036    0.00000  397  489 2924879.06    0.00000   100%   8.9 1476s
  5613  5179    0.00000  442  504 2924879.06    0.00000   100%   8.8 1559s
  5819  5324    0.00000  492  495 2924879.06    0.00000   100%   8.7 1660s
H 6003  5071                    2702705.7084    0.00000   100%   8.6 1660s
  6032  5974    0.00000  533  493 2702705.71    0.00000   100%   8.5 1717s
H 6406  5668                    2675299.3840    0.00000   100%   8.4 1717s
H 6572  5441                    2339997.2793    0.00000   100%   8.3 1717s
H 6669  5245                    2254476.4053    0.00000   100%   8.6 1717s
H 6852  5029                    1828711.1919    0.00000   100%   9.3 1717s
  6946  6338    0.00000  761  487 1828711.19    0.00000   100%   9.3 1807s
  8293  7044 13630.2128 1074  474 1828711.19    0.00000   100%  10.4 1880s
H 8835  6715                    1709999.2875    0.00000   100%  10.0 1880s
H 8835  6575                    1639933.5384    0.00000   100%  10.0 1880s
  9448  7370 33970.9700 1345  472 1639933.54    0.00000   100%   9.8 1946s
 10447  7863 84648.6362 1598  510 1639933.54    0.00000   100%   9.5 1999s
H10869  7589                    1639933.5219    0.00000   100%   9.5 1999s
 11273  8113 60319.8770 1809  475 1639933.52    0.00000   100%   9.4 2049s
 11931  8588 56297.4468 2001  472 1639933.52    0.00000   100%   9.5 2092s
 12459  9194 82382.1148 2150  482 1639933.52    0.00000   100%   9.5 2136s
 13065  9841 86159.2733 2325  481 1639933.52    0.00000   100%   9.7 2176s
 13712 10405 117906.570 2487  510 1639933.52    0.00000   100%   9.8 2215s
 14276 10889 89188.2430 2636  474 1639933.52    0.00000   100%   9.9 2252s
 14760 11449 111370.887 2777  483 1639933.52    0.00000   100%   9.9 2290s
 15320 11696 105147.567 2917  473 1639933.52    0.00000   100%   9.8 2350s
H15493 11696                    1570791.8852    0.00000   100%   9.8 2350s
 15567 12253 138674.665 2960  510 1570791.89    0.00000   100%   9.9 2384s
 16124 12898 112290.934 3108  473 1570791.89    0.00000   100%  10.0 2422s
 16769 13547 118343.706 3272  474 1570791.89    0.00000   100%  10.1 2456s
 17418 14147 157415.062 3443  486 1570791.89    0.00000   100%  10.1 2492s
H18019 14684                    1570785.0152    0.00000   100%  10.1 2523s
H18332 14684                    1570559.9973    0.00000   100%  10.0 2523s
 18556 15215 154369.749 3750  473 1570560.00    0.00000   100%  10.2 2551s
 19087 15688 155222.234 3899  474 1570560.00    0.00000   100%  10.1 2581s
 19564 16229 377958.163 4022  474 1570560.00    0.00000   100%  10.2 2611s
Created node file directory '/home/ps12398/efpe/goalProgrammingMarcos//grbnodes8'
 20105 16680 382809.182 4176  468 1570560.00    0.00000   100%  10.2 2693s
 20556 16897 390894.732 4308  470 1570560.00    0.00000   100%  10.2 2736s
 20773 17370 393261.973 4312  471 1570560.00    0.00000   100%  10.3 2766s
 21246 17876 396882.993 4438  468 1570560.00    0.00000   100%  10.2 2795s
 21753 18361 401207.696 4575  468 1570560.00    0.00000   100%  10.1 2824s
 22238 18821 427029.511 4705  475 1570560.00    0.00000   100%  10.0 2854s
 22698 19253 428562.046 4838  475 1570560.00    0.00000   100%  10.1 2881s
 23130 19757 430324.904 4960  475 1570560.00    0.00000   100%  10.0 2908s
 23634 20175 441118.459 5086  476 1570560.00    0.00000   100%  10.0 2997s
 24054 20469 425294.768 5211  467 1570560.00    0.00000   100%  10.0 3015s
 24348 20833 427742.112 5305  466 1570560.00    0.00000   100%  10.1 3036s
H24555 20833                    1570559.9832    0.00000   100%  10.1 3036s
 24712 21225 430437.668 5409  471 1570559.98    0.00000   100%  10.2 3062s
 25104 21583 433300.417 5517  467 1570559.98    0.00000   100%  10.2 3086s
 25462 21902 440412.126 5629  473 1570559.98    0.00000   100%  10.2 3135s
 25781 22183 439204.685 5721  466 1570559.98    0.00000   100%  10.3 3155s
H25951 22183                    1570559.9611    0.00000   100%  10.2 3155s
 26062 22572 441784.141 5806  466 1570559.96    0.00000   100%  10.3 3178s
 26453 22933 445009.312 5918  471 1570559.96    0.00000   100%  10.3 3202s
 26814 23307 453326.039 6031  474 1570559.96    0.00000   100%  10.4 3328s
 27188 23703 464453.608 6147  473 1570559.96    0.00000   100%  10.5 3349s
 27584 24116 455408.311 6251  466 1570559.96    0.00000   100%  10.4 3370s
 27997 24536 458877.086 6359  466 1570559.96    0.00000   100%  10.4 3397s
 28417 24951 462157.480 6470  466 1570559.96    0.00000   100%  10.3 3424s
 28832 25367 464934.777 6575  472 1570559.96    0.00000   100%  10.3 3448s
 29248 25777 469379.791 6686  466 1570559.96    0.00000   100%  10.3 3468s
 29662 26038 574433.482 6804  481 1570559.96    0.00000   100%  10.3 3486s
 29925 26226 583289.624 6849  490 1570559.96    0.00000   100%  10.6 3502s

Cutting planes:
  RLT: 59

Explored 30116 nodes (325335 simplex iterations) in 3606.31 seconds (1209.96 work units)
Thread count was 2 (of 24 available processors)

Solution count 10: 1.57056e+06 1.57079e+06 1.57079e+06 ... 2.70271e+06

Time limit reached
Best objective 1.570559961144e+06, best bound 0.000000000000e+00, gap 100.0000%
