
Gurobi 11.0.3 (linux64, Java) logging started dom 08 dez 2024 06:52:16 -03

Set parameter Username
Academic license - for non-commercial use only - expires 2025-10-10
Set parameter NonConvex to value 2
Set parameter TimeLimit to value 3600
Set parameter LogToConsole to value 0
Set parameter MIPGap to value 1.8408048912002939e-08
Set parameter Threads to value 2
Set parameter NodefileDir to value "/home/ps12398/experiment_epec/goalProgrammingMarcos/"
Set parameter NodefileStart to value 1
Gurobi Optimizer version 11.0.3 build v11.0.3rc0 (linux64)

CPU model: Intel(R) Xeon(R) CPU           X5650  @ 2.67GHz, instruction set [SSE2]
Thread count: 12 physical cores, 24 logical processors, using up to 2 threads

Optimize a model with 731480 rows, 493529 columns and 5888359 nonzeros
Model fingerprint: 0x01d96e2f
Model has 501 quadratic constraints
Variable types: 246518 continuous, 247011 integer (496 binary)
Coefficient statistics:
  Matrix range     [2e-03, 7e+06]
  QMatrix range    [2e-03, 1e+05]
  QLMatrix range   [1e+00, 1e+05]
  Objective range  [1e+00, 1e+08]
  Bounds range     [1e+00, 1e+08]
  RHS range        [1e+00, 4e+06]
Presolve removed 728518 rows and 489631 columns
Presolve time: 4.28s
Presolved: 4878 rows, 4497 columns, 964445 nonzeros
Presolved model has 2 SOS constraint(s)
Presolved model has 496 bilinear constraint(s)

Solving non-convex MIQCP

Variable types: 1596 continuous, 2901 integer (498 binary)

Root simplex log...

Iteration    Objective       Primal Inf.    Dual Inf.      Time
       0    6.5162245e+05   3.003847e+04   0.000000e+00      6s
    1536    7.7474279e+06   0.000000e+00   0.000000e+00      8s

Root relaxation: objective 7.747428e+06, 1536 iterations, 1.76 seconds (1.23 work units)
Total elapsed time = 8.11s (DegenMoves)

    Nodes    |    Current Node    |     Objective Bounds      |     Work
 Expl Unexpl |  Obj  Depth IntInf | Incumbent    BestBd   Gap | It/Node Time

     0     0 7747427.85    0  815          - 7747427.85      -     -    8s
     0     0 1.0366e+07    0  794          - 1.0366e+07      -     -   10s
     0     0 1.0368e+07    0  794          - 1.0368e+07      -     -   11s
     0     0 1.0368e+07    0  795          - 1.0368e+07      -     -   11s
     0     0 1.0368e+07    0  797          - 1.0368e+07      -     -   12s
     0     0 1.0368e+07    0  797          - 1.0368e+07      -     -   14s
H    0     0                    1.485087e+07 1.0368e+07  30.2%     -   15s
     0     2 1.0368e+07    0  797 1.4851e+07 1.0368e+07  30.2%     -   18s
     9    12 1.0368e+07    4  797 1.4851e+07 1.0368e+07  30.2%   1.1   20s
    29    32 1.0368e+07   11  794 1.4851e+07 1.0368e+07  30.2%   1.1   26s
    51    74 1.0368e+07   19  793 1.4851e+07 1.0368e+07  30.2%   1.4   34s
    73   209 1.0368e+07   27  793 1.4851e+07 1.0368e+07  30.2%   1.7   49s
   208   301 1.0369e+07   94  792 1.4851e+07 1.0368e+07  30.2%   2.2   57s
   300   500 1.0369e+07  147  791 1.4851e+07 1.0368e+07  30.2%   2.3   76s
   499   756 1.0369e+07  215  791 1.4851e+07 1.0368e+07  30.2%   1.8   91s
   755   827 1.0370e+07  336  789 1.4851e+07 1.0368e+07  30.2%   1.5   96s
   826  1064 1.0370e+07  357  789 1.4851e+07 1.0368e+07  30.2%   1.5  108s
  1063  1210 1.0370e+07  473  785 1.4851e+07 1.0368e+07  30.2%   1.4  116s
  1209  1448 1.0370e+07  549  785 1.4851e+07 1.0368e+07  30.2%   1.3  128s
  1447  1601 1.0370e+07  664  779 1.4851e+07 1.0368e+07  30.2%   1.3  140s
  1600  1852 1.0371e+07  745  777 1.4851e+07 1.0368e+07  30.2%   1.2  151s
  1851  2028 1.0371e+07  869  776 1.4851e+07 1.0368e+07  30.2%   1.2  160s
  2027  2300 1.0371e+07  979  773 1.4851e+07 1.0368e+07  30.2%   1.2  174s
  2299  2581 1.0372e+07 1114  773 1.4851e+07 1.0368e+07  30.2%   1.2  185s
  2580  2913 1.0372e+07 1222  772 1.4851e+07 1.0368e+07  30.2%   1.2  194s
  2912  3122 1.0373e+07 1332  771 1.4851e+07 1.0368e+07  30.2%   1.1  201s
  3121  3363 1.0374e+07 1429  767 1.4851e+07 1.0368e+07  30.2%   1.1  211s
  3362  3578 1.0375e+07 1510  763 1.4851e+07 1.0368e+07  30.2%   1.1  220s
  3577  3780 1.0375e+07 1615  763 1.4851e+07 1.0368e+07  30.2%   1.1  229s
  3780  3781 1.0369e+07  293  691 1.4851e+07 1.0368e+07  30.2%   1.1  240s
  3782  3782 1.0371e+07  828  298 1.4851e+07 1.0368e+07  30.2%   1.1  246s
  3783  3783 1.0825e+07   55  297 1.4851e+07 1.0825e+07  27.1%   1.1  250s
  3785  3784 1.0826e+07 1156  297 1.4851e+07 1.0826e+07  27.1%   1.1  255s
  3791  3788 1.0826e+07 1084  303 1.4851e+07 1.0826e+07  27.1%   1.1  260s
  3796  3792 1.0826e+07  243  306 1.4851e+07 1.0826e+07  27.1%   1.1  265s
  3803  3797 1.0826e+07 1552  299 1.4851e+07 1.0826e+07  27.1%   1.6  275s
  3804  3798 1.0826e+07  572  297 1.4851e+07 1.0826e+07  27.1%   1.6  281s
  3806  3799 1.0826e+07  280  303 1.4851e+07 1.0826e+07  27.1%   1.6  285s
  3811  3803 1.0826e+07 1362  307 1.4851e+07 1.0826e+07  27.1%   1.6  290s
  3817  3807 1.0826e+07  204  311 1.4851e+07 1.0826e+07  27.1%   1.6  299s
  3818  3807 1.0826e+07  147  311 1.4851e+07 1.0826e+07  27.1%   1.6  302s
  3819  3811 1.0827e+07   19  806 1.4851e+07 1.0826e+07  27.1%   2.1  307s
  3833  3820 1.0827e+07   23  802 1.4851e+07 1.0827e+07  27.1%   2.1  310s
  3847  3830 1.0827e+07   26  799 1.4851e+07 1.0827e+07  27.1%   2.1  316s
  3849  3852 1.0827e+07   27  798 1.4851e+07 1.0827e+07  27.1%   2.1  320s
H 3874  3661                    1.485064e+07 1.0827e+07  27.1%   2.1  324s
  3880  3713 1.0827e+07   35  790 1.4851e+07 1.0827e+07  27.1%   2.1  335s
  3934  3874 1.0827e+07   48  779 1.4851e+07 1.0827e+07  27.1%   2.1  364s
  4113  3996 1.0828e+07   97  743 1.4851e+07 1.0827e+07  27.1%   2.1  386s
  4295  4156 1.0828e+07  142  719 1.4851e+07 1.0827e+07  27.1%   2.1  403s
  4516  4281 1.0828e+07  199  711 1.4851e+07 1.0827e+07  27.1%   2.1  419s
  4714  4304 1.0828e+07  253  707 1.4851e+07 1.0827e+07  27.1%   2.2  432s
  4803  4470 1.0828e+07  254  707 1.4851e+07 1.0827e+07  27.1%   2.2  454s
  4999  4642 1.0829e+07  305  706 1.4851e+07 1.0827e+07  27.1%   2.2  476s
  5236  4778 1.0829e+07  364  686 1.4851e+07 1.0827e+07  27.1%   2.2  497s
  5451  4963 1.0829e+07  413  674 1.4851e+07 1.0827e+07  27.1%   2.2  520s
  5708  5113 1.0829e+07  479  667 1.4851e+07 1.0827e+07  27.1%   2.2  543s
  5944  5289 1.0830e+07  544  665 1.4851e+07 1.0827e+07  27.1%   2.2  566s
  6198  5437 1.0830e+07  606  654 1.4851e+07 1.0827e+07  27.1%   2.3  591s
  6431  5629 1.0830e+07  662  652 1.4851e+07 1.0827e+07  27.1%   2.3  614s
  6701  5845 1.0830e+07  727  646 1.4851e+07 1.0827e+07  27.1%   2.3  641s
  7007  6075 1.0831e+07  800  645 1.4851e+07 1.0827e+07  27.1%   2.3  665s
  7339  6113 1.0831e+07  880  644 1.4851e+07 1.0827e+07  27.1%   2.2  681s
  7487  6398 1.0831e+07  880  643 1.4851e+07 1.0827e+07  27.1%   2.2  708s
  7822  6646 1.0831e+07  962  644 1.4851e+07 1.0827e+07  27.1%   2.2  731s
  8181  6825 1.0831e+07 1051  644 1.4851e+07 1.0827e+07  27.1%   2.2  753s
  8480  7126 1.0832e+07 1117  640 1.4851e+07 1.0827e+07  27.1%   2.1  789s
  8881  7399 1.0832e+07 1209  637 1.4851e+07 1.0827e+07  27.1%   2.1  819s
  9287  7602 1.0832e+07 1299  637 1.4851e+07 1.0827e+07  27.1%   2.1  848s
  9626  7854 1.0832e+07 1367  637 1.4851e+07 1.0827e+07  27.1%   2.1  877s
  9991  8036 1.0832e+07 1453  637 1.4851e+07 1.0827e+07  27.1%   2.1  907s
H10267  7763                    1.485064e+07 1.0827e+07  27.1%   2.1  907s
 10294  8109 1.0833e+07 1519  637 1.4851e+07 1.0827e+07  27.1%   2.1  942s
 10649  8303 1.0833e+07 1612  637 1.4851e+07 1.0827e+07  27.1%   2.1  966s
H10962  8334                    1.485064e+07 1.0827e+07  27.1%   2.1  998s
H11269  8396                    1.485064e+07 1.0827e+07  27.1%   2.1 1027s
 11597  8633 1.0833e+07 1865  628 1.4851e+07 1.0827e+07  27.1%   2.2 1062s
H11769  8421                    1.485064e+07 1.0827e+07  27.1%   2.2 1062s
 11944  8730 1.0834e+07 1951  627 1.4851e+07 1.0827e+07  27.1%   2.2 1093s
 12311  8985 1.0834e+07 2051  627 1.4851e+07 1.0827e+07  27.1%   2.2 1124s
 12689  9253 1.0835e+07 2157  627 1.4851e+07 1.0827e+07  27.1%   2.1 1151s
 13070  9510 1.0836e+07 2252  625 1.4851e+07 1.0827e+07  27.1%   2.1 1175s
 13327  9879 1.0836e+07 2315  625 1.4851e+07 1.0827e+07  27.1%   2.1 1205s
 13696 10224 1.0836e+07 2414  624 1.4851e+07 1.0827e+07  27.1%   2.1 1233s
 14041 10516 1.0837e+07 2500  623 1.4851e+07 1.0827e+07  27.1%   2.0 1263s
 14333 10824 1.0837e+07 2573  624 1.4851e+07 1.0827e+07  27.1%   2.0 1291s
 14641 10826 1.0838e+07 2649  621 1.4851e+07 1.0827e+07  27.1%   2.0 1334s
 14643 11050 1.0838e+07 2650  621 1.4851e+07 1.0827e+07  27.1%   2.0 1354s
 14867 11449 1.0838e+07 2706  621 1.4851e+07 1.0827e+07  27.1%   2.0 1392s
 15266 11820 1.0838e+07 2803  620 1.4851e+07 1.0827e+07  27.1%   2.0 1429s
H15442 11820                    1.485064e+07 1.0827e+07  27.1%   1.9 1429s
H15637 12214                    1.485000e+07 1.0827e+07  27.1%   1.9 1466s
H16031 12611                    1.484964e+07 1.0827e+07  27.1%   1.9 1497s
 16428 13016 1.0839e+07 3089  618 1.4850e+07 1.0827e+07  27.1%   1.9 1527s
H16648 13016                    1.484935e+07 1.0827e+07  27.1%   1.9 1527s
 16833 13382 1.0840e+07 3199  618 1.4849e+07 1.0827e+07  27.1%   1.9 1560s
 17199 13566 1.0840e+07 3298  615 1.4849e+07 1.0827e+07  27.1%   1.9 1582s
 17383 13903 1.0840e+07 3298  616 1.4849e+07 1.0827e+07  27.1%   1.9 1607s
 17720 14237 1.0840e+07 3379  617 1.4849e+07 1.0827e+07  27.1%   1.8 1641s
 18054 14578 1.0840e+07 3451  615 1.4849e+07 1.0827e+07  27.1%   1.8 1671s
 18395 14917 1.0840e+07 3529  615 1.4849e+07 1.0827e+07  27.1%   1.8 1698s
 18734 15278 1.0840e+07 3615  614 1.4849e+07 1.0827e+07  27.1%   1.8 1729s
 19095 15614 1.0841e+07 3705  614 1.4849e+07 1.0827e+07  27.1%   1.8 1755s
 19431 16017 1.0841e+07 3783  615 1.4849e+07 1.0827e+07  27.1%   1.8 1780s
 19834 16019 1.0841e+07 3884  615 1.4849e+07 1.0827e+07  27.1%   1.8 1815s
 19836 16259 1.0841e+07 3884  614 1.4849e+07 1.0827e+07  27.1%   1.8 1840s
H19943 16259                    1.392661e+07 1.0827e+07  22.3%   1.8 1840s
 20076 16683 1.0841e+07 3943  615 1.3927e+07 1.0827e+07  22.3%   1.8 1875s
 20500 17097 1.0841e+07 4050  614 1.3927e+07 1.0827e+07  22.3%   1.8 1903s
 20914 17497 1.0841e+07 4158  614 1.3927e+07 1.0827e+07  22.3%   1.8 1935s
H21314 17864                    1.392591e+07 1.0827e+07  22.3%   1.8 1963s
 21681 18272 1.0842e+07 4363  615 1.3926e+07 1.0827e+07  22.3%   1.8 1994s
 22089 18679 1.0842e+07 4468  614 1.3926e+07 1.0827e+07  22.3%   1.8 2025s
H22496 19049                    1.392590e+07 1.0827e+07  22.3%   1.8 2053s
 22866 19353 1.0842e+07 4648  613 1.3926e+07 1.0827e+07  22.3%   1.7 2078s
 23170 19737 1.0842e+07 4724  613 1.3926e+07 1.0827e+07  22.3%   1.7 2111s
H23554 20033                    1.392569e+07 1.0827e+07  22.3%   1.7 2140s
H23711 20033                    1.392563e+07 1.0827e+07  22.3%   1.7 2140s
 23850 20314 1.0843e+07 4889  613 1.3926e+07 1.0827e+07  22.3%   1.7 2167s
 24131 20632 1.0843e+07 4964  613 1.3926e+07 1.0827e+07  22.3%   1.7 2193s
 24449 20961 1.0843e+07 5048  613 1.3926e+07 1.0827e+07  22.3%   1.7 2225s
 24778 21219 1.0843e+07 5136  612 1.3926e+07 1.0827e+07  22.3%   1.7 2261s
H24907 21219                    1.392529e+07 1.0827e+07  22.3%   1.7 2261s
 25036 21513 1.0843e+07 5200  611 1.3925e+07 1.0827e+07  22.3%   1.7 2290s
 25330 21820 1.0843e+07 5279  612 1.3925e+07 1.0827e+07  22.3%   1.7 2314s
 25637 22159 1.0843e+07 5361  612 1.3925e+07 1.0827e+07  22.3%   1.7 2344s
 25976 22429 1.0843e+07 5452  612 1.3925e+07 1.0827e+07  22.3%   1.7 2370s
 26246 22768 1.0843e+07 5522  608 1.3925e+07 1.0827e+07  22.3%   1.7 2395s
 26585 23088 1.0843e+07 5613  608 1.3925e+07 1.0827e+07  22.3%   1.7 2423s
 26905 23416 1.0843e+07 5700  605 1.3925e+07 1.0827e+07  22.3%   1.7 2449s
 27233 23729 1.0844e+07 5789  605 1.3925e+07 1.0827e+07  22.3%   1.7 2473s
 27546 24084 1.0844e+07 5873  606 1.3925e+07 1.0827e+07  22.3%   1.7 2502s
 27901 24404 1.0844e+07 5952  601 1.3925e+07 1.0827e+07  22.3%   1.7 2529s
 28221 24758 1.0844e+07 6028  600 1.3925e+07 1.0827e+07  22.3%   1.7 2554s
 28575 25103 1.0844e+07 6116  599 1.3925e+07 1.0827e+07  22.3%   1.7 2581s
 28920 25438 1.0845e+07 6202  599 1.3925e+07 1.0827e+07  22.3%   1.7 2609s
 29255 25744 1.0845e+07 6286  599 1.3925e+07 1.0827e+07  22.3%   1.7 2637s
 29561 26081 1.0845e+07 6369  600 1.3925e+07 1.0827e+07  22.3%   1.7 2664s
 29898 26376 1.0845e+07 6452  600 1.3925e+07 1.0827e+07  22.3%   1.7 2689s
H29910 26376                    1.392468e+07 1.0827e+07  22.2%   1.7 2689s
 30193 26378 1.0845e+07 6520  600 1.3925e+07 1.0827e+07  22.2%   1.7 2710s
 30195 26648 1.0845e+07 6520  599 1.3925e+07 1.0827e+07  22.2%   1.7 2730s
H30465 26917                    1.392166e+07 1.0827e+07  22.2%   1.7 2755s
 30734 27190 1.0846e+07 6653  600 1.3922e+07 1.0827e+07  22.2%   1.6 2776s
H30882 27190                    1.392118e+07 1.0827e+07  22.2%   1.6 2776s
 31007 27513 1.0846e+07 6701  599 1.3921e+07 1.0827e+07  22.2%   1.6 2799s
 31330 27862 1.0846e+07 6777  599 1.3921e+07 1.0827e+07  22.2%   1.6 2823s
 31679 28200 1.0846e+07 6859  599 1.3921e+07 1.0827e+07  22.2%   1.6 2850s
 32017 28480 1.0847e+07 6938  595 1.3921e+07 1.0827e+07  22.2%   1.6 2871s
 32297 28802 1.0847e+07 7005  589 1.3921e+07 1.0827e+07  22.2%   1.6 2894s
H32448 28802                    1.392118e+07 1.0827e+07  22.2%   1.6 2894s
 32619 29114 1.0847e+07 7081  589 1.3921e+07 1.0827e+07  22.2%   1.6 2916s
 32931 29404 1.0847e+07 7160  590 1.3921e+07 1.0827e+07  22.2%   1.6 2939s
 33221 29782 1.0847e+07 7229  587 1.3921e+07 1.0827e+07  22.2%   1.7 2967s
 33599 30097 1.0848e+07 7326  588 1.3921e+07 1.0827e+07  22.2%   1.6 2991s
 33914 30247 1.0849e+07 7406  587 1.3921e+07 1.0827e+07  22.2%   1.6 3011s
 34064 30513 1.0849e+07 7481  587 1.3921e+07 1.0827e+07  22.2%   1.6 3032s
 34330 30833 1.0849e+07 7544  586 1.3921e+07 1.0827e+07  22.2%   1.6 3062s
 34650 31154 1.0849e+07 7625  586 1.3921e+07 1.0827e+07  22.2%   1.6 3088s
 34971 31445 1.0849e+07 7706  586 1.3921e+07 1.0827e+07  22.2%   1.6 3114s
 35262 31453 1.0849e+07 7779  587 1.3921e+07 1.0827e+07  22.2%   1.6 3129s
 35270 31726 1.0849e+07 7781  587 1.3921e+07 1.0827e+07  22.2%   1.6 3154s
 35543 32065 1.0849e+07 7853  586 1.3921e+07 1.0827e+07  22.2%   1.6 3178s
 35882 32399 1.0849e+07 7939  584 1.3921e+07 1.0827e+07  22.2%   1.6 3203s
 36216 32737 1.0849e+07 8025  584 1.3921e+07 1.0827e+07  22.2%   1.6 3224s
 36554 33062 1.0849e+07 8113  584 1.3921e+07 1.0827e+07  22.2%   1.6 3251s
 36879 33379 1.0850e+07 8196  583 1.3921e+07 1.0827e+07  22.2%   1.6 3276s
H37045 33379                    1.356331e+07 1.0827e+07  20.2%   1.7 3276s
 37196 33698 1.0849e+07 8279  584 1.3563e+07 1.0827e+07  20.2%   1.6 3303s
 37515 34062 1.0850e+07 8361  584 1.3563e+07 1.0827e+07  20.2%   1.6 3330s
H37879 34417                    1.353270e+07 1.0827e+07  20.0%   1.6 3357s
 38234 34755 1.0850e+07 8537  579 1.3533e+07 1.0827e+07  20.0%   1.6 3384s
 38572 35046 1.0850e+07 8628  579 1.3533e+07 1.0827e+07  20.0%   1.7 3411s
 38863 35369 1.0850e+07 8698  576 1.3533e+07 1.0827e+07  20.0%   1.7 3439s
 39186 35643 1.0850e+07 8778  577 1.3533e+07 1.0827e+07  20.0%   1.7 3465s
H39460 35955                    1.348628e+07 1.0827e+07  19.7%   1.7 3494s
H39772 36258                    1.347860e+07 1.0827e+07  19.7%   1.7 3521s
H39924 36258                    1.347497e+07 1.0827e+07  19.7%   1.7 3521s
 40075 36625 1.0850e+07 9002  577 1.3475e+07 1.0827e+07  19.7%   1.7 3541s
 40442 36627 1.0851e+07 9096  577 1.3475e+07 1.0827e+07  19.7%   1.7 3554s
 40444 36960 1.0851e+07 9096  577 1.3475e+07 1.0827e+07  19.7%   1.7 3578s
 40777 37307 1.0851e+07 9173  577 1.3475e+07 1.0827e+07  19.7%   1.7 3598s
 41124 37309 1.0851e+07 9260  575 1.3475e+07 1.0827e+07  19.7%   1.7 3600s
H41125 37309                    1.347454e+07 1.0827e+07  19.7%   1.7 3600s

Cutting planes:
  RLT: 414

Explored 41126 nodes (71205 simplex iterations) in 3601.39 seconds (858.50 work units)
Thread count was 2 (of 24 available processors)

Solution count 10: 1.34745e+07 1.3475e+07 1.34786e+07 ... 1.39247e+07

Time limit reached
Best objective 1.347453694773e+07, best bound 1.082656535726e+07, gap 19.6517%
