
Gurobi 11.0.3 (linux64, Java) logging started qua 04 dez 2024 19:37:39 -03

Set parameter Username
Academic license - for non-commercial use only - expires 2025-10-10
Set parameter NonConvex to value 2
Set parameter TimeLimit to value 3600
Set parameter LogToConsole to value 0
Set parameter MIPGap to value 1.2763768008089677e-08
Set parameter Threads to value 2
Set parameter NodefileDir to value "/home/ps12398/experiment_hosp/goalProgrammingMarcos/"
Set parameter NodefileStart to value 1
Gurobi Optimizer version 11.0.3 build v11.0.3rc0 (linux64)

CPU model: Intel(R) Xeon(R) CPU           X5650  @ 2.67GHz, instruction set [SSE2]
Thread count: 12 physical cores, 24 logical processors, using up to 2 threads

Optimize a model with 24844 rows, 17213 columns and 131145 nonzeros
Model fingerprint: 0x50961117
Model has 97 quadratic constraints
Variable types: 8562 continuous, 8651 integer (92 binary)
Coefficient statistics:
  Matrix range     [1e-02, 3e+07]
  QMatrix range    [1e-02, 6e+05]
  QLMatrix range   [1e+00, 6e+05]
  Objective range  [1e+00, 2e+08]
  Bounds range     [1e+00, 1e+08]
  RHS range        [1e+00, 2e+07]
  QRHS range       [8e-02, 8e-02]
Presolve removed 23628 rows and 15993 columns
Presolve time: 0.69s
Presolved: 2088 rows, 1482 columns, 23932 nonzeros
Presolved model has 92 bilinear constraint(s)

Solving non-convex MIQCP

Variable types: 360 continuous, 1122 integer (85 binary)
Found heuristic solution: objective 4.951317e+07

Root relaxation: objective 0.000000e+00, 42 iterations, 0.01 seconds (0.00 work units)

    Nodes    |    Current Node    |     Objective Bounds      |     Work
 Expl Unexpl |  Obj  Depth IntInf | Incumbent    BestBd   Gap | It/Node Time

     0     0    0.00000    0  103 4.9513e+07    0.00000   100%     -    0s
H    0     0                    1299678.2132    0.00000   100%     -    0s
     0     0    0.00000    0  106 1299678.21    0.00000   100%     -    0s
     0     0    0.00000    0  101 1299678.21    0.00000   100%     -    1s
     0     0    0.00000    0   95 1299678.21    0.00000   100%     -    1s
H    0     0                    463947.22502    0.00000   100%     -    1s
     0     0    0.00000    0  100 463947.225    0.00000   100%     -    1s
H    0     0                    409537.23432    0.00000   100%     -    1s
     0     0    0.00000    0  100 409537.234    0.00000   100%     -    1s
     0     2    0.00000    0  100 409537.234    0.00000   100%     -    1s
   411   485    0.00000  109   92 409537.234    0.00000   100%  20.6    5s
H  498   534                    343141.50559    0.00000   100%  28.4    5s
H  576   607                    250581.68925    0.00000   100%  31.9    6s
H  684   783                    211331.88123    0.00000   100%  31.8    7s
H  859   945                    210006.05029    0.00000   100%  28.1    8s
H  862   942                    3289.4309754    0.00000   100%  28.0    8s
*  912   942             369    2247.0746219    0.00000   100%  26.6    8s
H  973   271                       0.0000000    0.00000  0.00%  26.0    8s

Cutting planes:
  Learned: 1
  Gomory: 7
  Implied bound: 10
  MIR: 21
  RLT: 85
  Relax-and-lift: 9

Explored 1061 nodes (26489 simplex iterations) in 8.14 seconds (3.53 work units)
Thread count was 2 (of 24 available processors)

Solution count 10: 0 2247.07 3289.43 ... 1.29968e+06

Optimal solution found (tolerance 1.28e-08)
Best objective 0.000000000000e+00, best bound 0.000000000000e+00, gap 0.0000%
