
Gurobi 11.0.3 (linux64, Java) logging started seg 16 dez 2024 08:42:23 -03

Set parameter Username
Academic license - for non-commercial use only - expires 2025-10-10
Set parameter NonConvex to value 2
Set parameter TimeLimit to value 3600
Set parameter LogToConsole to value 0
Set parameter MIPGap to value 5.5922415627952831e-08
Set parameter Threads to value 2
Set parameter NodefileDir to value "/home/ps12398/experiment_epec/goalProgrammingMarcos/"
Set parameter NodefileStart to value 1
Gurobi Optimizer version 11.0.3 build v11.0.3rc0 (linux64)

CPU model: Intel(R) Xeon(R) CPU           X5650  @ 2.67GHz, instruction set [SSE2]
Thread count: 12 physical cores, 24 logical processors, using up to 2 threads

Optimize a model with 146159 rows, 100136 columns and 1217161 nonzeros
Model fingerprint: 0x7dfe522f
Model has 228 quadratic constraints
Variable types: 49958 continuous, 50178 integer (223 binary)
Coefficient statistics:
  Matrix range     [4e-03, 4e+06]
  QMatrix range    [4e-03, 7e+04]
  QLMatrix range   [1e+00, 7e+04]
  Objective range  [1e+00, 4e+07]
  Bounds range     [1e+00, 1e+08]
  RHS range        [1e+00, 2e+06]
  QRHS range       [2e-01, 2e-01]
Presolve removed 144661 rows and 98208 columns
Presolve time: 0.81s
Presolved: 2355 rows, 2197 columns, 239097 nonzeros
Presolved model has 2 SOS constraint(s)
Presolved model has 223 bilinear constraint(s)

Solving non-convex MIQCP

Variable types: 720 continuous, 1477 integer (225 binary)
Found heuristic solution: objective 4588854.6796

Root relaxation: objective 0.000000e+00, 269 iterations, 0.07 seconds (0.02 work units)

    Nodes    |    Current Node    |     Objective Bounds      |     Work
 Expl Unexpl |  Obj  Depth IntInf | Incumbent    BestBd   Gap | It/Node Time

     0     0    0.00000    0  225 4588854.68    0.00000   100%     -    1s
H    0     0                    746197.14834    0.00000   100%     -    1s
     0     0    0.00000    0  122 746197.148    0.00000   100%     -    2s
H    0     0                    641302.44877    0.00000   100%     -    2s
     0     0    0.00000    0  122 641302.449    0.00000   100%     -    2s
     0     0    0.00000    0  122 641302.449    0.00000   100%     -    2s
     0     0    0.00000    0  122 641302.449    0.00000   100%     -    2s
     0     0    0.00000    0  122 641302.449    0.00000   100%     -    3s
     0     2    0.00000    0  122 641302.449    0.00000   100%     -    4s
     7    10    0.00000    4  120 641302.449    0.00000   100%   3.4   11s
H   26    35                    628432.82783    0.00000   100%   7.0   11s
H  127   143                    628432.80533    0.00000   100%  12.6   14s
   144   320    0.00000   30  226 628432.805    0.00000   100%  15.3   17s
   321   459    0.00000   97  221 628432.805    0.00000   100%  18.3   23s
   460   809    0.00000  163  218 628432.805    0.00000   100%  17.8   25s
H  768   809                    622751.53726    0.00000   100%  15.5   26s
  1337  1543    0.00000  656  220 622751.537    0.00000   100%  13.0   31s
  1808  1911    0.00000  890  221 622751.537    0.00000   100%  12.9   35s
H 1920  1911                    478342.28839    0.00000   100%  12.9   35s
  2536  2811    0.00000 1221  221 478342.288    0.00000   100%  11.1   40s
H 2658  2811                    478183.14070    0.00000   100%  11.0   40s
H 3234  3200                    478163.63210    0.00000   100%   9.6   42s
H 3851  3200                    113359.98432    0.00000   100%   8.4   44s
H 3853  3041                    113089.98833    0.00000   100%   8.4   45s
  3864  3049  533.89862  216  338 113089.988    0.00000   100%   8.5   50s
  3874  3056 6536.32277  439   10 113089.988    0.00000   100%   8.5   55s
  3878  3058    0.00000 1083   10 113089.988    0.00000   100%   8.5   68s
  3886  3067    0.00000   26  230 113089.988    0.00000   100%   8.6   70s
  3977  3218    0.00000   49  225 113089.988    0.00000   100%   8.5   79s
H 4070  3062                       0.0000000    0.00000  0.00%   8.3   84s

Cutting planes:
  RLT: 21

Explored 4175 nodes (34390 simplex iterations) in 84.40 seconds (44.71 work units)
Thread count was 2 (of 24 available processors)

Solution count 10: 0 113090 113360 ... 641302

Optimal solution found (tolerance 5.59e-08)
Best objective 0.000000000000e+00, best bound 0.000000000000e+00, gap 0.0000%
