
Gurobi 11.0.3 (linux64, Java) logging started ter 17 dez 2024 15:30:18 -03

Set parameter Username
Academic license - for non-commercial use only - expires 2025-10-10
Set parameter NonConvex to value 2
Set parameter TimeLimit to value 3600
Set parameter LogToConsole to value 0
Set parameter MIPGap to value 5.5922415627952831e-08
Set parameter Threads to value 2
Set parameter NodefileDir to value "/home/ps12398/experiment_epec/goalProgrammingMarcos/"
Set parameter NodefileStart to value 1
Gurobi Optimizer version 11.0.3 build v11.0.3rc0 (linux64)

CPU model: Intel(R) Xeon(R) CPU           X5650  @ 2.67GHz, instruction set [SSE2]
Thread count: 12 physical cores, 24 logical processors, using up to 2 threads

Optimize a model with 146159 rows, 100136 columns and 1217161 nonzeros
Model fingerprint: 0x4ba85735
Model has 228 quadratic constraints
Variable types: 49958 continuous, 50178 integer (223 binary)
Coefficient statistics:
  Matrix range     [4e-03, 4e+06]
  QMatrix range    [4e-03, 7e+04]
  QLMatrix range   [1e+00, 7e+04]
  Objective range  [1e+00, 4e+07]
  Bounds range     [1e+00, 1e+08]
  RHS range        [1e+00, 6e+06]
  QRHS range       [5e-02, 5e-02]
Presolve removed 144661 rows and 98208 columns
Presolve time: 0.62s
Presolved: 2355 rows, 2197 columns, 239097 nonzeros
Presolved model has 2 SOS constraint(s)
Presolved model has 223 bilinear constraint(s)

Solving non-convex MIQCP

Variable types: 720 continuous, 1477 integer (225 binary)
Found heuristic solution: objective 5731265.3405

Root relaxation: objective 0.000000e+00, 331 iterations, 0.13 seconds (0.07 work units)

    Nodes    |    Current Node    |     Objective Bounds      |     Work
 Expl Unexpl |  Obj  Depth IntInf | Incumbent    BestBd   Gap | It/Node Time

     0     0    0.00000    0  367 5731265.34    0.00000   100%     -    1s
H    0     0                    5405595.9373    0.00000   100%     -    1s
     0     0 430068.220    0  359 5405595.94 430068.220  92.0%     -    2s
     0     0 430068.220    0  375 5405595.94 430068.220  92.0%     -    4s
H    0     0                    1982697.5129 430068.220  78.3%     -    4s
     0     0 430068.220    0  376 1982697.51 430068.220  78.3%     -    5s
     0     0 430068.220    0  376 1982697.51 430068.220  78.3%     -    6s
H    0     0                    1981488.8244 430068.220  78.3%     -    6s
     0     2 430068.220    0  376 1981488.82 430068.220  78.3%     -    7s
   233   331 430068.220  107  288 1981488.82 430068.220  78.3%   1.1   10s
   928  1019 430068.220  442  225 1981488.82 430068.220  78.3%   1.3   15s
H 1021  1024                    1382240.1195 430068.220  68.9%   1.4   16s
  1244  1363 430068.220  589  225 1382240.12 430068.220  68.9%   1.5   20s
  1776  1863 430068.220  851  226 1382240.12 430068.220  68.9%   1.9   25s
  2069  2212 430068.220  971  229 1382240.12 430068.220  68.9%   2.1   30s
  2450  2667 430068.220 1111  226 1382240.12 430068.220  68.9%   2.4   35s
  2984  3131 430238.528 1338  226 1382240.12 430068.220  68.9%   2.3   40s
  3408  3587 430391.007 1472  225 1382240.12 430068.220  68.9%   2.3   46s
  3813  3814 430754.357  738  338 1382240.12 430068.220  68.9%   2.4   50s
  3815  3815 430688.478  374   80 1382240.12 430068.220  68.9%   2.4   55s
  3824  3823 546003.573  249  338 1382240.12 546003.573  60.5%   2.8   60s
  3827  3825 546061.704  656  152 1382240.12 546061.704  60.5%   2.7   65s
  3835  3832 546061.704  327  338 1382240.12 546061.704  60.5%   3.1   71s
  3837  3833 546061.704   79  152 1382240.12 546061.704  60.5%   3.1   76s
  3841  3836 546061.704 1363  154 1382240.12 546061.704  60.5%   3.1   80s
  3852  3846 546199.591   45  373 1382240.12 546061.704  60.5%   3.5   85s
  3866  3855 546431.446   48  370 1382240.12 546061.704  60.5%   3.5   90s
  3880  3865 546199.591   52  366 1382240.12 546061.704  60.5%   3.5   95s
  3894  3876 546337.765   55  363 1382240.12 546061.704  60.5%   3.5  101s
  3909  3886 546366.263   59  359 1382240.12 546061.704  60.5%   3.5  106s
  3921  3894 546324.282   62  356 1382240.12 546061.704  60.5%   3.5  110s
  3937  3907 546276.329   66  352 1382240.12 546061.704  60.5%   3.5  115s
  3955  3919 546199.591   71  347 1382240.12 546061.704  60.5%   3.5  121s
  3967  3928 546199.591   74  344 1382240.12 546061.704  60.5%   3.5  126s
  3981  3934 546199.591   78  340 1382240.12 546061.704  60.5%   3.5  131s
  3993  3944 546199.591   81  337 1382240.12 546061.704  60.5%   3.5  136s
  4007  3955 546266.550   84  334 1382240.12 546061.704  60.5%   3.5  142s
  4015  3962 546268.413   86  332 1382240.12 546061.704  60.5%   3.5  145s
  4034  3975 546337.260   91  327 1382240.12 546061.704  60.5%   3.4  152s
  4056  3994 546199.591   97  321 1382240.12 546061.704  60.5%   3.4  158s
  4070  4006 546199.591  100  318 1382240.12 546061.704  60.5%   3.4  165s
  4087  4036 546224.822  103  315 1382240.12 546061.704  60.5%   3.4  173s
  4122  4086 546245.481  111  307 1382240.12 546061.704  60.5%   3.4  186s
  4184  4152 546205.642  126  292 1382240.12 546061.704  60.5%   3.4  204s
  4271  4240 546199.591  149  268 1382240.12 546061.704  60.5%   3.3  238s
  4388  4320 546199.591  176  259 1382240.12 546061.704  60.5%   3.3  274s
  4507  4415 546199.591  200  237 1382240.12 546061.704  60.5%   3.2  308s
  4641  4535 546199.591  231  228 1382240.12 546061.704  60.5%   3.2  339s
  4806  4597 546199.591  277  228 1382240.12 546061.704  60.5%   3.1  364s
  4923  4735 546199.591  299  228 1382240.12 546061.704  60.5%   3.1  400s
  5100  4860 546199.591  350  228 1382240.12 546061.704  60.5%   3.0  440s
  5284  4942 546199.591  403  225 1382240.12 546061.704  60.5%   3.0  471s
  5427  5048 546199.591  441  225 1382240.12 546061.704  60.5%   3.1  505s
H 5581  4996                    1382238.8427 546061.704  60.5%   3.2  535s
  5772  5158 546199.591  523  225 1382238.84 546061.704  60.5%   3.2  563s
  5998  5330 546199.591  587  225 1382238.84 546061.704  60.5%   3.3  604s
  6245  5508 546199.591  651  225 1382238.84 546061.704  60.5%   3.3  650s
  6506  5683 546220.363  719  226 1382238.84 546061.704  60.5%   3.4  700s
  6768  5856 546901.964  788  239 1382238.84 546061.704  60.5%   3.6  749s
  7028  6023 547043.859  856  239 1382238.84 546061.704  60.5%   3.8  793s
  7282  6175 546220.363  925  226 1382238.84 546061.704  60.5%   3.9  831s
  7518  6356 547385.743  994  240 1382238.84 546061.704  60.5%   4.0  879s
  7778  6535 546221.151 1066  225 1382238.84 546061.704  60.5%   4.1  923s
  8044  6656 546221.592 1133  226 1382238.84 546061.704  60.5%   4.1  979s
  8253  6814 546220.363 1187  228 1382238.84 546061.704  60.5%   4.6 1037s
  8481  6982 546221.333 1246  226 1382238.84 546061.704  60.5%   5.1 1103s
  8725  7153 546221.246 1307  225 1382238.84 546061.704  60.5%   5.8 1160s
  8977  7341 546220.363 1369  227 1382238.84 546061.704  60.5%   5.8 1209s
  9249  7605 546220.363 1433  226 1382238.84 546061.704  60.5%   5.8 1270s
  9604  7846 546524.250 1538  226 1382238.84 546061.704  60.5%   6.3 1337s
H 9813  7593                    1382000.8272 546061.704  60.5%   6.8 1337s
  9963  7878 546245.559 1643  227 1382000.83 546061.704  60.5%   6.9 1396s
 10298  8100 552146.367 1744  270 1382000.83 546061.704  60.5%   7.3 1442s
 10632  8315 546312.095 1846  232 1382000.83 546061.704  60.5%   7.7 1494s
H10958  8382                    1381998.3710 546061.704  60.5%   8.1 1553s
 11307  8601 550516.798 2044  247 1381998.37 546061.704  60.5%   8.6 1616s
 11642  8808 546502.389 2126  237 1381998.37 546061.704  60.5%   9.2 1669s
 11961  8995 546624.261 2209  239 1381998.37 546061.704  60.5%   9.8 1721s
 12254  9179 552544.220 2291  284 1381998.37 546061.704  60.5%  10.6 1776s
 12536  9363 554802.652 2374  279 1381998.37 546061.704  60.5%  11.7 1831s
 12814  9546 547014.637 2454  232 1381998.37 546061.704  60.5%  12.6 1887s
 13089  9738 547199.966 2532  234 1381998.37 546061.704  60.5%  13.3 1949s
 13373  9922 553935.676 2615  283 1381998.37 546061.704  60.5%  13.9 2014s
 13652 10102 549824.683 2696  251 1381998.37 546061.704  60.5%  14.5 2069s
 13925 10327 552882.068 2771  277 1381998.37 546061.704  60.5%  14.7 2124s
 14167 10576 554736.020 2832  277 1381998.37 546061.704  60.5%  14.9 2183s
 14416 10853 556387.386 2893  269 1381998.37 546061.704  60.5%  15.0 2240s
 14693 11102 561069.998 2967  268 1381998.37 546061.704  60.5%  15.1 2297s
 14942 11344 561407.244 3030  267 1381998.37 546061.704  60.5%  15.1 2348s
 15184 11591 557425.557 3090  231 1381998.37 546061.704  60.5%  15.2 2406s
 15431 11845 575902.850 3149  264 1381998.37 546061.704  60.5%  15.4 2465s
 15685 12096 558210.673 3208  225 1381998.37 546061.704  60.5%  15.5 2529s
 15936 12382 560634.896 3268  226 1381998.37 546061.704  60.5%  15.6 2580s
 16222 12641 560640.057 3343  228 1381998.37 546061.704  60.5%  15.7 2635s
 16481 12895 559401.282 3405  225 1381998.37 546061.704  60.5%  15.7 2694s
 16735 13146 561979.232 3465  269 1381998.37 546061.704  60.5%  15.7 2761s
 16986 13394 560114.150 3525  226 1381998.37 546061.704  60.5%  15.8 2819s
 17234 13638 560465.778 3584  227 1381998.37 546061.704  60.5%  15.9 2869s
 17478 13893 560860.250 3645  226 1381998.37 546061.704  60.5%  16.0 2919s
 17733 14145 581859.025 3706  280 1381998.37 546061.704  60.5%  16.1 2971s
 17985 14415 561254.094 3767  226 1381998.37 546061.704  60.5%  16.2 3034s
 18255 14675 582020.245 3825  282 1381998.37 546061.704  60.5%  16.3 3094s
 18515 14957 584585.756 3888  277 1381998.37 546061.704  60.5%  16.4 3152s
 18797 15245 566399.891 3949  226 1381998.37 546061.704  60.5%  16.6 3217s
 19085 15552 562163.466 4013  225 1381998.37 546061.704  60.5%  16.7 3273s
 19392 15829 562388.491 4083  226 1381998.37 546061.704  60.5%  16.9 3332s
 19669 16110 562559.798 4144  226 1381998.37 546061.704  60.5%  17.0 3397s
 19950 16395 582364.720 4208  282 1381998.37 546061.704  60.5%  17.3 3464s
 20235 16690 567354.477 4275  225 1381998.37 546061.704  60.5%  17.5 3528s
 20530 16975 582539.645 4352  280 1381998.37 546061.704  60.5%  17.7 3586s
 20815 17033 582602.983 4426  284 1381998.37 546061.704  60.5%  18.0 3600s

Cutting planes:
  RLT: 193

Explored 20873 nodes (376753 simplex iterations) in 3600.07 seconds (1568.69 work units)
Thread count was 2 (of 24 available processors)

Solution count 6: 1.382e+06 1.38224e+06 1.98149e+06 ... 5.73127e+06

Time limit reached
Best objective 1.381998371008e+06, best bound 5.460617037865e+05, gap 60.4875%
