
Gurobi 11.0.3 (linux64, Java) logging started dom 15 dez 2024 18:39:41 -03

Set parameter Username
Academic license - for non-commercial use only - expires 2025-10-10
Set parameter NonConvex to value 2
Set parameter TimeLimit to value 3600
Set parameter LogToConsole to value 0
Set parameter MIPGap to value 5.5922415627952831e-08
Set parameter Threads to value 2
Set parameter NodefileDir to value "/home/ps12398/experiment_epec/goalProgrammingMarcos/"
Set parameter NodefileStart to value 1
Gurobi Optimizer version 11.0.3 build v11.0.3rc0 (linux64)

CPU model: Intel(R) Xeon(R) CPU           X5650  @ 2.67GHz, instruction set [SSE2]
Thread count: 12 physical cores, 24 logical processors, using up to 2 threads

Optimize a model with 146159 rows, 100136 columns and 1217161 nonzeros
Model fingerprint: 0x3d15f00f
Model has 228 quadratic constraints
Variable types: 49958 continuous, 50178 integer (223 binary)
Coefficient statistics:
  Matrix range     [4e-03, 4e+06]
  QMatrix range    [4e-03, 7e+04]
  QLMatrix range   [1e+00, 7e+04]
  Objective range  [1e+00, 4e+07]
  Bounds range     [1e+00, 1e+08]
  RHS range        [1e+00, 2e+06]
  QRHS range       [5e-02, 5e-02]
Presolve removed 144661 rows and 98208 columns
Presolve time: 0.97s
Presolved: 2355 rows, 2197 columns, 239097 nonzeros
Presolved model has 2 SOS constraint(s)
Presolved model has 223 bilinear constraint(s)

Solving non-convex MIQCP

Variable types: 720 continuous, 1477 integer (225 binary)
Found heuristic solution: objective 1.032012e+07

Root relaxation: objective 1.422264e+06, 416 iterations, 0.15 seconds (0.07 work units)

    Nodes    |    Current Node    |     Objective Bounds      |     Work
 Expl Unexpl |  Obj  Depth IntInf | Incumbent    BestBd   Gap | It/Node Time

     0     0 1422264.44    0  299 1.0320e+07 1422264.44  86.2%     -    1s
     0     0 1879526.70    0  375 1.0320e+07 1879526.70  81.8%     -    2s
     0     0 1879968.40    0  376 1.0320e+07 1879968.40  81.8%     -    3s
     0     0 1879993.96    0  376 1.0320e+07 1879993.96  81.8%     -    5s
H    0     0                    3447414.4617 1879993.96  45.5%     -    6s
     0     2 1879993.96    0  376 3447414.46 1879993.96  45.5%     -    7s
H   93   118                    3447406.6498 1880049.90  45.5%   1.1    9s
   117   168 1880728.42   54  370 3447406.65 1880049.90  45.5%   1.1   10s
   704   773 1881837.04  307  367 3447406.65 1880049.90  45.5%   1.0   15s
H 1012  1023                    3447405.1331 1880049.90  45.5%   1.1   17s
  1209  1286 1882430.26  532  362 3447405.13 1880049.90  45.5%   1.1   20s
  1818  1887 1884404.43  834  360 3447405.13 1880049.90  45.5%   1.0   25s
  2315  2437 1885487.45 1082  353 3447405.13 1880049.90  45.5%   1.0   30s
  2924  3087 1888295.42 1289  351 3447405.13 1880049.90  45.5%   1.0   35s
  3758  3759 1881029.99  225  338 3447405.13 1880049.90  45.5%   1.0   42s
H 3760  3571                    3164721.2546 1963374.04  38.0%   1.0   44s
  3761  3572 1963374.04 1238  151 3164721.25 1963374.04  38.0%   1.0   45s
H 3768  3399                    3153564.4761 1967810.55  37.6%   1.3   48s
  3775  3405 1970015.45 1368  149 3153564.48 1970015.45  37.5%   1.5   50s
H 3775  3234                    3152808.9799 1970015.45  37.5%   1.5   50s
  3809  3260 1970396.64   40  368 3152808.98 1970317.98  37.5%   1.7   55s
H 3836  3123                    3152779.8463 1970317.98  37.5%   1.7   56s
  3926  3267 1970586.35   70  358 3152779.85 1970317.98  37.5%   1.7   60s
  4197  3462 1970980.51  140  358 3152779.85 1970317.98  37.5%   1.8   65s
H 4249  3290                    3152758.8081 1970317.98  37.5%   1.8   65s
  4582  3584 1971608.95  241  346 3152758.81 1970317.98  37.5%   1.9   71s
  4907  3788 1972254.58  330  345 3152758.81 1970317.98  37.5%   1.9   76s
H 5070  3668                    3060988.1671 1970317.98  35.6%   2.0   78s
  5101  3770 1972554.71  385  346 3060988.17 1970317.98  35.6%   2.0   80s
  5470  4037 1973160.77  476  343 3060988.17 1970317.98  35.6%   1.9   86s
H 5673  4032                    3043838.4673 1970317.98  35.3%   1.9   91s
  5968  4265 1974167.88  611  338 3043838.47 1970317.98  35.3%   2.0   96s
  6301  4527 1974906.15  705  338 3043838.47 1970317.98  35.3%   2.0  101s
  6690  4752 1975366.69  804  316 3043838.47 1970317.98  35.3%   1.9  107s
  6864  4926 1975454.42  846  315 3043838.47 1970317.98  35.3%   1.9  110s
  7306  5260 1975636.24  963  316 3043838.47 1970317.98  35.3%   1.8  117s
  7578  5395 1975754.66 1033  316 3043838.47 1970317.98  35.3%   1.8  120s
  8050  5696 1975978.23 1165  315 3043838.47 1970317.98  35.3%   1.8  127s
  8262  5876 1976122.06 1223  296 3043838.47 1970317.98  35.3%   1.8  131s
  8718  6210 1976395.93 1337  296 3043838.47 1970317.98  35.3%   1.8  138s
  8998  6439 1976578.10 1410  296 3043838.47 1970317.98  35.3%   1.8  143s
  9321  6628 1976778.08 1489  295 3043838.47 1970317.98  35.3%   1.8  147s
H 9617  6610                    3042173.5054 1970317.98  35.2%   1.8  150s
H 9858  6729                    3041505.5586 1970317.98  35.2%   1.8  154s
 10154  6936 1977348.78 1702  296 3041505.56 1970317.98  35.2%   1.8  158s
 10460  7142 1977546.84 1779  295 3041505.56 1970317.98  35.2%   1.7  162s
 10768  7307 1977752.15 1861  294 3041505.56 1970317.98  35.2%   1.7  165s
 11307  7802 1978114.21 2006  295 3041505.56 1970317.98  35.2%   1.7  172s
 11580  8087 1978307.48 2079  294 3041505.56 1970317.98  35.2%   1.7  175s
H12005  8364                    3041505.5298 1970317.98  35.2%   1.7  178s
 12142  8643 1978672.07 2225  295 3041505.53 1970317.98  35.2%   1.7  181s
 12693  9203 1979041.96 2369  295 3041505.53 1970317.98  35.2%   1.7  187s
 12981  9467 1979238.13 2446  295 3041505.53 1970317.98  35.2%   1.7  191s
 13511  9994 1979592.19 2585  295 3041505.53 1970317.98  35.2%   1.6  196s
 13772 10286 1979765.41 2653  295 3041505.53 1970317.98  35.2%   1.6  200s
 14322 10832 1980135.99 2796  295 3041505.53 1970317.98  35.2%   1.6  206s
 14887 11371 1980509.79 2944  295 3041505.53 1970317.98  35.2%   1.6  212s
 15149 11373 1980692.87 3013  294 3041505.53 1970317.98  35.2%   1.6  219s
 15151 11609 1980688.11 3014  295 3041505.53 1970317.98  35.2%   1.6  221s
 15645 12053 1981021.79 3145  295 3041505.53 1970317.98  35.2%   1.6  227s
 15831 12346 1981146.30 3191  294 3041505.53 1970317.98  35.2%   1.6  230s
 16421 12927 1981533.99 3344  295 3041505.53 1970317.98  35.2%   1.6  237s
 16705 13198 1981722.50 3418  295 3041505.53 1970317.98  35.2%   1.6  240s
 17258 13759 1982093.74 3565  295 3041505.53 1970317.98  35.2%   1.6  245s
 17772 14277 1982409.61 3689  295 3041505.53 1970317.98  35.2%   1.5  252s
 18055 14560 1982600.68 3764  295 3041505.53 1970317.98  35.2%   1.5  255s
 18619 15122 1982977.69 3912  295 3041505.53 1970317.98  35.2%   1.5  260s
 19177 15676 1983344.51 4056  295 3041505.53 1970317.98  35.2%   1.5  266s
 19726 16220 1983716.09 4199  294 3041505.53 1970317.98  35.2%   1.5  272s
 19998 16481 1983892.85 4270  295 3041505.53 1970317.98  35.2%   1.5  275s
 20259 16602 1984079.42 4338  294 3041505.53 1970317.98  35.2%   1.5  281s
 20570 16958 1984157.39 4386  291 3041505.53 1970317.98  35.2%   1.5  286s
 20736 17219 1984174.70 4428  292 3041505.53 1970317.98  35.2%   1.5  290s
 21262 17761 1984355.07 4553  292 3041505.53 1970317.98  35.2%   1.5  297s
 21847 18372 1984699.81 4709  292 3041505.53 1970317.98  35.2%   1.5  302s
 22150 18646 1984959.30 4794  292 3041505.53 1970317.98  35.2%   1.5  305s
 22686 19171 1985197.39 4927  289 3041505.53 1970317.98  35.2%   1.5  312s
 22949 19416 1985356.88 4991  289 3041505.53 1970317.98  35.2%   1.5  315s
 23470 19949 1985576.36 5121  289 3041505.53 1970317.98  35.2%   1.5  321s
 23992 20482 1985758.12 5258  288 3041505.53 1970317.98  35.2%   1.5  327s
 24260 20745 1985844.90 5330  288 3041505.53 1970317.98  35.2%   1.4  331s
 24781 21036 1986091.54 5465  283 3041505.53 1970317.98  35.2%   1.4  336s
 24814 21272 1986096.38 5474  284 3041505.53 1970317.98  35.2%   1.4  340s
 25322 21564 1986259.24 5609  284 3041505.53 1970317.98  35.2%   1.4  350s
 25590 22059 1986346.02 5681  284 3041505.53 1970317.98  35.2%   1.4  357s
 25837 22280 1986429.03 5745  283 3041505.53 1970317.98  35.2%   1.4  360s
 26350 22865 1986585.73 5880  284 3041505.53 1970317.98  35.2%   1.4  367s
 26643 23161 1986682.14 5955  283 3041505.53 1970317.98  35.2%   1.4  370s
 27210 23666 1986964.31 6099  280 3041505.53 1970317.98  35.2%   1.4  376s
 27444 23917 1987070.20 6156  280 3041505.53 1970317.98  35.2%   1.4  380s
 27975 24468 1987334.69 6280  279 3041505.53 1970317.98  35.2%   1.4  386s
 28506 25015 1987612.03 6407  278 3041505.53 1970317.98  35.2%   1.4  393s
 28793 25174 1987901.47 6478  279 3041505.53 1970317.98  35.2%   1.4  396s
H28916 25174                    3041505.4892 1970317.98  35.2%   1.4  396s
 29235 25727 1988437.50 6606  278 3041505.49 1970317.98  35.2%   1.4  402s
 29505 26018 1988715.35 6671  278 3041505.49 1970317.98  35.2%   1.4  406s
 30067 26534 1989264.99 6804  278 3041505.49 1970317.98  35.2%   1.4  412s
H30193 26534                    3041492.2387 1970317.98  35.2%   1.4  412s
 30312 26736 1989534.48 6867  278 3041492.24 1970317.98  35.2%   1.4  419s
 30514 26987 1989671.41 6918  278 3041492.24 1970317.98  35.2%   1.4  423s
 30765 27238 1989795.07 6982  277 3041492.24 1970317.98  35.2%   1.4  425s
 31188 27682 1989989.73 7091  276 3041492.24 1970317.98  35.2%   1.4  430s
 31460 27694 1990121.42 7164  276 3041492.24 1970317.98  35.2%   1.4  436s
H31465 27694                    3041465.9910 1970317.98  35.2%   1.4  436s
 31751 28283 1990266.96 7243  276 3041465.99 1970317.98  35.2%   1.4  443s
 32061 28595 1990416.69 7324  276 3041465.99 1970317.98  35.2%   1.4  446s
 32691 29197 1990726.36 7488  275 3041465.99 1970317.98  35.2%   1.3  452s
 32975 29474 1990859.23 7560  275 3041465.99 1970317.98  35.2%   1.3  455s
 33553 30068 1991113.63 7701  276 3041465.99 1970317.98  35.2%   1.3  462s
 33846 30364 1991264.96 7783  276 3041465.99 1970317.98  35.2%   1.3  465s
 34439 30949 1991538.35 7928  275 3041465.99 1970317.98  35.2%   1.3  472s
H34600 30949                    3039600.2762 1970317.98  35.2%   1.3  472s
 34884 31416 1991825.97 8087  276 3039600.28 1970317.98  35.2%   1.3  478s
 35194 31723 1991977.22 8161  273 3039600.28 1970317.98  35.2%   1.3  480s
 35501 31891 1992166.35 8231  273 3039600.28 1970317.98  35.2%   1.3  487s
H35669 32202                    3035461.1099 1970317.98  35.1%   1.3  490s
 36331 32898 1992356.64 8442  272 3035461.11 1970317.98  35.1%   1.3  497s
 36676 33226 1992545.48 8530  273 3035461.11 1970317.98  35.1%   1.3  501s
 37341 33896 1992944.65 8704  272 3035461.11 1970317.98  35.1%   1.3  507s
 37674 34216 1993056.29 8790  272 3035461.11 1970317.98  35.1%   1.3  510s
 38365 34914 1993556.14 8976  272 3035461.11 1970317.98  35.1%   1.3  516s
H38692 35179                    3034168.9007 1970317.98  35.1%   1.3  519s
H38957 35399                    3033090.0999 1970317.98  35.0%   1.3  522s
 39177 35684 1993949.94 9181  272 3033090.10 1970317.98  35.0%   1.3  526s
H39338 35684                    3021726.8582 1970317.98  34.8%   1.3  526s
 39632 36178 1994227.73 9280  272 3021726.86 1970317.98  34.8%   1.4  531s
 40333 36886 1994709.82 9460  272 3021726.86 1970317.98  34.8%   1.4  537s
 40664 37038 1994916.57 9548  271 3021726.86 1970317.98  34.8%   1.4  544s
 40816 37356 1995007.01 9586  271 3021726.86 1970317.98  34.8%   1.4  547s
 41134 37673 1995108.81 9665  270 3021726.86 1970317.98  34.8%   1.4  550s
 41781 38304 1995180.08 9824  270 3021726.86 1970317.98  34.8%   1.4  557s
 42417 38991 1995539.16 9997  268 3021726.86 1970317.98  34.8%   1.4  563s
 42769 39339 1995755.74 10090  269 3021726.86 1970317.98  34.8%   1.4  566s
 43480 40027 1996195.33 10271  269 3021726.86 1970317.98  34.8%   1.4  572s
 43805 40377 1996266.43 10354  269 3021726.86 1970317.98  34.8%   1.4  576s
 44497 41011 1996715.16 10528  269 3021726.86 1970317.98  34.8%   1.4  581s
 45137 41691 1997118.66 10684  269 3021726.86 1970317.98  34.8%   1.4  586s
 45789 42207 1997381.09 10844  268 3021726.86 1970317.98  34.8%   1.4  595s
 46306 42853 1997450.82 10970  268 3021726.86 1970317.98  34.8%   1.4  601s
 46877 43413 1997527.30 11113  267 3021726.86 1970317.98  34.8%   1.4  605s
 47191 43419 1997566.66 11194  268 3021726.86 1970317.98  34.8%   1.4  611s
H47193 43419                    3007815.1781 1970317.98  34.5%   1.4  611s
 47459 43960 1997602.60 11259  268 3007815.18 1970317.98  34.5%   1.4  616s
H47738 44105                    3007814.3612 1970317.98  34.5%   1.4  618s
 47883 44429 1997699.98 11280  265 3007814.36 1970317.98  34.5%   1.4  621s
 48531 45080 1997625.27 11281  266 3007814.36 1970317.98  34.5%   1.4  627s
 48858 45388 1997755.32 11281  265 3007814.36 1970317.98  34.5%   1.4  630s
 49482 45984 1997683.14 11279  265 3007814.36 1970317.98  34.5%   1.4  636s
 50062 46568 1997752.04 11281  264 3007814.36 1970317.98  34.5%   1.4  642s
 50346 46830 1997705.65 11280  268 3007814.36 1970317.98  34.5%   1.4  645s
H50563 46830                    3007812.8445 1970317.98  34.5%   1.4  645s
 50918 47416 1997651.62 11281  266 3007812.84 1970317.98  34.5%   1.4  655s
 51441 47901 1970465.05   40  368 3007812.84 1970361.40  34.5%   1.4  661s
 51966 48490 1971022.28  139  359 3007812.84 1970361.40  34.5%   1.4  667s
H52554 49083                    3007810.2974 1970361.40  34.5%   1.4  671s
 53160 49510 1972347.75  383  345 3007810.30 1970361.40  34.5%   1.4  677s
 53288 49836 1972803.84  446  344 3007810.30 1970361.40  34.5%   1.4  680s
 53925 50423 1973604.12  580  344 3007810.30 1970361.40  34.5%   1.4  686s
 54396 50914 1974263.54  702  343 3007810.30 1970361.40  34.5%   1.4  691s
 54988 51496 1974878.07  850  335 3007810.30 1970361.40  34.5%   1.4  697s
 55274 51796 1975350.42  919  321 3007810.30 1970361.40  34.5%   1.4  700s
H55574 52077                    3005064.7016 1970361.40  34.4%   1.4  703s
 55855 52364 1976519.78 1061  321 3005064.70 1970361.40  34.4%   1.4  707s
 56142 52610 1976876.52 1131  308 3005064.70 1970361.40  34.4%   1.4  716s
 56388 52902 1976965.60 1193  305 3005064.70 1970361.40  34.4%   1.5  720s
H56680 53195                    3003375.0554 1970361.40  34.4%   1.5  724s
 56973 53521 1977263.20 1344  304 3003375.06 1970361.40  34.4%   1.5  728s
 57299 53845 1977401.92 1426  304 3003375.06 1970361.40  34.4%   1.5  732s
 57623 54154 1977498.02 1508  305 3003375.06 1970361.40  34.4%   1.5  736s
H57932 54451                    2996585.5310 1970361.40  34.2%   1.5  740s
 58542 55083 1978106.92 1752  290 2996585.53 1970361.40  34.2%   1.5  747s
 58861 55396 1978325.99 1838  290 2996585.53 1970361.40  34.2%   1.5  750s
H59174 55661                    2992569.3404 1970361.40  34.2%   1.5  753s
 59439 55929 1978715.72 1991  290 2992569.34 1970361.40  34.2%   1.5  756s
H59597 55929                    2989504.3038 1970361.40  34.1%   1.5  756s
 59707 56251 1978916.98 2070  290 2989504.30 1970361.40  34.1%   1.5  760s
H60170 56530                    2989503.5570 1970361.40  34.1%   1.5  763s
 60308 56846 1979312.48 2224  290 2989503.56 1970361.40  34.1%   1.5  766s
 60923 57443 1979720.06 2384  290 2989503.56 1970361.40  34.1%   1.5  772s
 61544 57768 1980119.34 2542  290 2989503.56 1970361.40  34.1%   1.5  780s
 61872 58356 1980318.03 2620  290 2989503.56 1970361.40  34.1%   1.5  785s
 62496 59071 1980653.95 2749  289 2989503.56 1970361.40  34.1%   1.5  791s
 62849 59400 1980863.17 2834  290 2989503.56 1970361.40  34.1%   1.5  795s
 63510 60051 1981263.76 2990  290 2989503.56 1970361.40  34.1%   1.5  801s
 64132 60701 1981645.87 3140  290 2989503.56 1970361.40  34.1%   1.5  807s
 64479 60985 1981861.40 3223  289 2989503.56 1970361.40  34.1%   1.5  810s
 65056 61598 1982213.27 3364  290 2989503.56 1970361.40  34.1%   1.5  816s
H65376 61893                    2988098.7297 1970361.40  34.1%   1.5  819s
 65671 62213 1982579.76 3505  289 2988098.73 1970361.40  34.1%   1.5  822s
H65739 62213                    2988063.0180 1970361.40  34.1%   1.5  822s
 65991 62519 1982771.80 3582  290 2988063.02 1970361.40  34.1%   1.5  825s
H66146 62519                    2988062.4990 1970361.40  34.1%   1.5  825s
 66615 62841 1983150.37 3729  289 2988062.50 1970361.40  34.1%   1.6  834s
 66619 63110 1983148.81 3730  290 2988062.50 1970361.40  34.1%   1.6  836s
 67118 63671 1983492.05 3866  290 2988062.50 1970361.40  34.1%   1.6  841s
 67730 64284 1983869.06 4014  290 2988062.50 1970361.40  34.1%   1.6  847s
 68062 64569 1984070.96 4092  290 2988062.50 1970361.40  34.1%   1.6  850s
 68697 65225 1984473.44 4250  290 2988062.50 1970361.40  34.1%   1.6  858s
 69003 65463 1984661.95 4324  290 2988062.50 1970361.40  34.1%   1.6  861s
 69566 66144 1985058.66 4481  290 2988062.50 1970361.40  34.1%   1.6  867s
 69922 66447 1985294.73 4568  287 2988062.50 1970361.40  34.1%   1.6  870s
 70532 67032 1985492.42 4706  286 2988062.50 1970361.40  34.1%   1.6  877s
 70810 67321 1985591.73 4769  288 2988062.50 1970361.40  34.1%   1.6  880s
 71335 67856 1985763.87 4887  286 2988062.50 1970361.40  34.1%   1.6  886s
H71471 67856                    2988048.3587 1970361.40  34.1%   1.6  887s
 71634 67968 1985923.09 4955  285 2988048.36 1970361.40  34.1%   1.6  894s
H71746 68047                    2988045.9726 1970361.40  34.1%   1.6  896s
H71768 68047                    2988045.6214 1970361.40  34.1%   1.6  896s
 72155 68696 1986214.54 5077  283 2988045.62 1970361.40  34.1%   1.6  902s
 72474 68984 1986367.44 5149  281 2988045.62 1970361.40  34.1%   1.6  906s
 72762 69266 1986518.53 5219  280 2988045.62 1970361.40  34.1%   1.6  910s
 73312 69830 1986771.85 5352  279 2988045.62 1970361.40  34.1%   1.6  916s
 73608 70149 1986889.32 5432  278 2988045.62 1970361.40  34.1%   1.6  920s
 74241 70773 1987087.00 5601  279 2988045.62 1970361.40  34.1%   1.6  927s
 74551 71079 1987188.25 5685  279 2988045.62 1970361.40  34.1%   1.6  930s
H74708 71079                    2988030.8792 1970361.40  34.1%   1.6  930s
 75179 71700 1987385.92 5849  279 2988030.88 1970361.40  34.1%   1.6  937s
 75478 72021 1987479.93 5927  279 2988030.88 1970361.40  34.1%   1.6  941s
 75799 72318 1987583.57 6008  278 2988030.88 1970361.40  34.1%   1.6  945s
 76395 72945 1987759.57 6159  279 2988030.88 1970361.40  34.1%   1.6  952s
 76723 73133 1987865.61 6242  278 2988030.88 1970361.40  34.1%   1.6  960s
 77138 73667 1988099.60 6345  277 2988030.88 1970361.40  34.1%   1.6  967s
 77445 73971 1988408.87 6419  277 2988030.88 1970361.40  34.1%   1.6  971s
 78059 74595 1989008.25 6565  278 2988030.88 1970361.40  34.1%   1.6  978s
 78373 74886 1989325.88 6641  278 2988030.88 1970361.40  34.1%   1.6  980s
 78975 75513 1989927.00 6784  278 2988030.88 1970361.40  34.1%   1.6  986s
 79619 75947 1990286.87 6949  277 2988030.88 1970361.40  34.1%   1.6  990s
H79632 75947                    2988028.1420 1970361.40  34.1%   1.6  990s
 80025 76582 1990475.11 7051  277 2988028.14 1970361.40  34.1%   1.6  997s
 80360 76907 1990637.92 7141  277 2988028.14 1970361.40  34.1%   1.6 1001s
 81002 77547 1990958.61 7313  277 2988028.14 1970361.40  34.1%   1.6 1008s
 81325 77871 1991116.14 7400  277 2988028.14 1970361.40  34.1%   1.6 1011s
 81649 78193 1991280.40 7486  276 2988028.14 1970361.40  34.1%   1.6 1015s
 81971 78215 1991442.79 7574  276 2988028.14 1970361.40  34.1%   1.6 1021s
 82299 78835 1991601.24 7663  277 2988028.14 1970361.40  34.1%   1.6 1028s
 82613 79162 1991759.53 7747  277 2988028.14 1970361.40  34.1%   1.6 1031s
 82940 79487 1991922.61 7834  276 2988028.14 1970361.40  34.1%   1.6 1035s
 83563 80088 1992228.95 8000  276 2988028.14 1970361.40  34.1%   1.6 1043s
 83866 80386 1992367.34 8078  277 2988028.14 1970361.40  34.1%   1.6 1047s
 84164 80685 1992514.98 8158  277 2988028.14 1970361.40  34.1%   1.6 1051s
 84697 81204 1992617.68 8311  273 2988028.14 1970361.40  34.1%   1.6 1057s
 84982 81538 1992665.35 8383  270 2988028.14 1970361.40  34.1%   1.6 1061s
 85316 81865 1992736.33 8474  271 2988028.14 1970361.40  34.1%   1.6 1065s
 85946 82505 1992852.54 8650  271 2988028.14 1970361.40  34.1%   1.6 1072s
 86283 82805 1992916.08 8742  271 2988028.14 1970361.40  34.1%   1.6 1075s
H86896 83436                    2987850.3618 1970361.40  34.1%   1.6 1086s
 87214 83736 1993095.95 8994  271 2987850.36 1970361.40  34.1%   1.6 1090s
H87378 83736                    2987846.7160 1970361.40  34.1%   1.6 1090s
 87833 84364 1993221.72 9163  271 2987846.72 1970361.40  34.1%   1.6 1098s
 88142 84689 1993274.45 9242  271 2987846.72 1970361.40  34.1%   1.6 1101s
 88467 85035 1993355.94 9334  271 2987846.72 1970361.40  34.1%   1.6 1105s
 89178 85755 1993489.20 9518  271 2987846.72 1970361.40  34.1%   1.6 1112s
 89533 86118 1993535.37 9608  271 2987846.72 1970361.40  34.1%   1.6 1115s
 90242 86810 1993659.12 9783  271 2987846.72 1970361.40  34.1%   1.6 1122s
 90588 87168 1993738.99 9872  271 2987846.72 1970361.40  34.1%   1.6 1126s
 90946 87506 1993795.67 9963  270 2987846.72 1970361.40  34.1%   1.6 1131s
 91284 87878 1993854.09 10046  271 2987846.72 1970361.40  34.1%   1.6 1135s
 91967 88487 1994240.01 10216  269 2987846.72 1970361.40  34.1%   1.6 1145s
 92265 88746 1994423.61 10281  269 2987846.72 1970361.40  34.1%   1.6 1150s
 92896 89434 1994838.81 10430  269 2987846.72 1970361.40  34.1%   1.6 1157s
 93212 89789 1995096.24 10522  269 2987846.72 1970361.40  34.1%   1.6 1160s
 93953 90515 1995593.96 10708  268 2987846.72 1970361.40  34.1%   1.6 1168s
 94293 90902 1995812.05 10800  268 2987846.72 1970361.40  34.1%   1.6 1172s
 94680 91273 1996057.66 10902  268 2987846.72 1970361.40  34.1%   1.6 1175s
 95324 91924 1996414.58 11052  268 2987846.72 1970361.40  34.1%   1.6 1182s
 95702 92274 1996642.65 11147  268 2987846.72 1970361.40  34.1%   1.6 1185s
 96430 93016 1996996.86 11281  266 2987846.72 1970361.40  34.1%   1.6 1193s
 96794 93373 1996986.39 11279  267 2987846.72 1970361.40  34.1%   1.6 1196s
 97487 93711 1996995.87 11282  265 2987846.72 1970361.40  34.1%   1.6 1204s
 97489 94059 1997007.45 11282  265 2987846.72 1970361.40  34.1%   1.6 1208s
 97837 94391 1996971.59 11281  265 2987846.72 1970361.40  34.1%   1.6 1211s
 98547 95139 1996997.74 11281  265 2987846.72 1970361.40  34.1%   1.6 1216s
 99278 95847 1996977.11 11278  267 2987846.72 1970361.40  34.1%   1.6 1222s
 99625 96189 1996998.55 11281  265 2987846.72 1970361.40  34.1%   1.6 1225s
 100286 96549 1997034.00 11280  264 2987846.72 1970361.40  34.1%   1.6 1230s
 100395 96879 1970389.34   37  371 2987846.72 1970371.30  34.1%   1.5 1237s
H100657 97136                    2987370.6251 1970371.30  34.0%   1.6 1240s
 101210 97530 1971377.19  196  343 2987370.63 1970371.30  34.0%   1.5 1250s
H101258 97530                    2987363.2768 1970371.30  34.0%   1.5 1250s
 101616 98168 1971968.28  286  343 2987363.28 1970371.30  34.0%   1.5 1255s
 102255 98781 1972895.74  426  342 2987363.28 1970371.30  34.0%   1.5 1263s
 102559 98783 1973263.54  482  342 2987363.28 1970371.30  34.0%   1.5 1268s
 102561 99095 1973262.70  483  343 2987363.28 1970371.30  34.0%   1.5 1271s
 103148 99535 1974054.22  621  335 2987363.28 1970371.30  34.0%   1.5 1277s
 103313 99809 1974231.50  663  335 2987363.28 1970371.30  34.0%   1.5 1281s
 103863 100347 1974754.88  809  334 2987363.28 1970371.30  34.0%   1.5 1288s
 104125 100604 1974999.80  876  322 2987363.28 1970371.30  34.0%   1.6 1292s
 104382 100856 1975236.77  941  320 2987363.28 1970371.30  34.0%   1.6 1296s
 104884 101374 1975691.67 1067  320 2987363.28 1970371.30  34.0%   1.6 1303s
H105152 101507                    2987319.8892 1970371.30  34.0%   1.6 1306s
 105285 101791 1976722.36 1202  317 2987319.89 1970371.30  34.0%   1.6 1310s
 105869 102388 1977701.06 1353  304 2987319.89 1970371.30  34.0%   1.6 1317s
H106166 102672                    2987319.8810 1970371.30  34.0%   1.6 1321s
 106450 102988 1977991.90 1500  303 2987319.88 1970371.30  34.0%   1.6 1325s
 107076 103613 1978208.57 1653  304 2987319.88 1970371.30  34.0%   1.6 1333s
 107391 103924 1978356.73 1730  296 2987319.88 1970371.30  34.0%   1.6 1337s
 107702 103926 1978547.26 1810  290 2987319.88 1970371.30  34.0%   1.6 1341s
 108045 104619 1978775.85 1901  290 2987319.88 1970371.30  34.0%   1.6 1349s
 108397 104907 1979015.30 1995  290 2987319.88 1970371.30  34.0%   1.6 1352s
 108685 105246 1979234.38 2081  290 2987319.88 1970371.30  34.0%   1.6 1355s
 109327 105879 1979677.62 2255  290 2987319.88 1970371.30  34.0%   1.6 1362s
 109657 106190 1979906.88 2345  290 2987319.88 1970371.30  34.0%   1.6 1365s
 110260 106814 1980311.93 2504  290 2987319.88 1970371.30  34.0%   1.6 1370s
 110917 107444 1980748.19 2674  290 2987319.88 1970371.30  34.0%   1.6 1376s
H111086 107444                    2985797.7348 1970371.30  34.0%   1.6 1376s
H111222 107767                    2985797.7046 1970371.30  34.0%   1.6 1379s
H111545 108057                    2985797.6793 1970371.30  34.0%   1.6 1382s
 111835 108382 1981343.60 2909  290 2985797.68 1970371.30  34.0%   1.6 1385s
 112484 109031 1981777.32 3078  290 2985797.68 1970371.30  34.0%   1.6 1392s
 112809 109033 1981988.10 3162  290 2985797.68 1970371.30  34.0%   1.7 1396s
 113115 109676 1982181.70 3238  290 2985797.68 1970371.30  34.0%   1.7 1402s
 113785 110332 1982629.70 3411  289 2985797.68 1970371.30  34.0%   1.7 1408s
 114110 110657 1982833.82 3494  290 2985797.68 1970371.30  34.0%   1.7 1411s
H114282 110657                    2985796.9327 1970371.30  34.0%   1.7 1411s
 114764 111296 1983275.17 3666  290 2985796.93 1970371.30  34.0%   1.7 1417s
 115074 111616 1983475.42 3743  289 2985796.93 1970371.30  34.0%   1.7 1420s
 115689 112231 1983870.58 3901  290 2985796.93 1970371.30  34.0%   1.7 1427s
 116324 112865 1984295.68 4065  289 2985796.93 1970371.30  34.0%   1.7 1431s
 116954 113494 1984708.68 4230  290 2985796.93 1970371.30  34.0%   1.7 1435s
 117582 114123 1985131.55 4396  290 2985796.93 1970371.30  34.0%   1.7 1441s
H117749 114123                    2985597.7759 1970371.30  34.0%   1.7 1441s
 117901 114125 1985348.73 4480  290 2985597.78 1970371.30  34.0%   1.7 1446s
 118197 114727 1985539.13 4556  290 2985597.78 1970371.30  34.0%   1.7 1452s
 118505 114997 1985742.91 4636  290 2985597.78 1970371.30  34.0%   1.7 1455s
 119067 115562 1986080.15 4779  287 2985597.78 1970371.30  34.0%   1.7 1462s
 119340 115838 1986160.03 4844  286 2985597.78 1970371.30  34.0%   1.7 1466s
 119898 116406 1986349.10 4975  286 2985597.78 1970371.30  34.0%   1.7 1472s
 120184 116682 1986459.95 5041  287 2985597.78 1970371.30  34.0%   1.7 1476s
 120460 116977 1986577.38 5107  285 2985597.78 1970371.30  34.0%   1.7 1480s
 121028 117552 1986897.99 5243  284 2985597.78 1970371.30  34.0%   1.7 1486s
 121330 117840 1987057.69 5318  279 2985597.78 1970371.30  34.0%   1.7 1490s
 121923 118396 1987200.17 5465  280 2985597.78 1970371.30  34.0%   1.7 1496s
 122174 118714 1987320.45 5536  279 2985597.78 1970371.30  34.0%   1.7 1500s
 122746 119260 1987479.55 5668  279 2985597.78 1970371.30  34.0%   1.7 1507s
 123038 119262 1987537.65 5745  280 2985597.78 1970371.30  34.0%   1.7 1513s
 123040 119549 1987543.51 5745  279 2985597.78 1970371.30  34.0%   1.7 1517s
 123327 119830 1987662.76 5820  279 2985597.78 1970371.30  34.0%   1.7 1520s
 123917 120445 1987810.05 5971  280 2985597.78 1970371.30  34.0%   1.7 1527s
 124223 120730 1987912.34 6051  279 2985597.78 1970371.30  34.0%   1.7 1531s
 124819 121318 1988104.57 6206  279 2985597.78 1970371.30  34.0%   1.7 1538s
 125096 121617 1988238.28 6273  279 2985597.78 1970371.30  34.0%   1.7 1541s
 125395 121893 1988386.43 6342  278 2985597.78 1970371.30  34.0%   1.7 1545s
 125974 122435 1988648.73 6481  279 2985597.78 1970371.30  34.0%   1.7 1551s
 126213 122741 1988882.54 6538  277 2985597.78 1970371.30  34.0%   1.7 1555s
 126764 123293 1989434.20 6670  277 2985597.78 1970371.30  34.0%   1.7 1562s
 127071 123596 1989743.47 6744  277 2985597.78 1970371.30  34.0%   1.7 1566s
 127374 123899 1990044.37 6816  277 2985597.78 1970371.30  34.0%   1.7 1570s
 127944 124467 1990601.29 6951  278 2985597.78 1970371.30  34.0%   1.7 1577s
 128245 124469 1990824.63 7023  276 2985597.78 1970371.30  34.0%   1.7 1582s
 128247 124734 1990820.66 7024  277 2985597.78 1970371.30  34.0%   1.7 1586s
 128736 125255 1991049.46 7148  277 2985597.78 1970371.30  34.0%   1.7 1593s
 129033 125551 1991189.98 7221  276 2985597.78 1970371.30  34.0%   1.7 1596s
 129626 126128 1991459.14 7370  277 2985597.78 1970371.30  34.0%   1.7 1603s
 129906 126414 1991588.33 7440  277 2985597.78 1970371.30  34.0%   1.7 1606s
 130192 126714 1991717.09 7508  277 2985597.78 1970371.30  34.0%   1.7 1610s
 130611 127113 1991909.02 7612  277 2985597.78 1970371.30  34.0%   1.7 1617s
 130891 127418 1992038.20 7682  277 2985597.78 1970371.30  34.0%   1.7 1621s
 131469 127953 1992304.62 7825  276 2985597.78 1970371.30  34.0%   1.7 1628s
 131731 128211 1992417.18 7889  277 2985597.78 1970371.30  34.0%   1.7 1631s
 132239 128772 1992676.72 8028  277 2985597.78 1970371.30  34.0%   1.7 1638s
 132550 129055 1992815.79 8105  277 2985597.78 1970371.30  34.0%   1.7 1642s
 132833 129362 1992950.52 8175  276 2985597.78 1970371.30  34.0%   1.7 1646s
 133140 129661 1993085.22 8251  277 2985597.78 1970371.30  34.0%   1.7 1650s
 133439 129799 1993219.69 8324  277 2985597.78 1970371.30  34.0%   1.7 1655s
 133851 130413 1993572.49 8460  274 2985597.78 1970371.30  34.0%   1.7 1662s
 134191 130751 1993670.83 8550  274 2985597.78 1970371.30  34.0%   1.6 1666s
 134529 131058 1993743.09 8640  274 2985597.78 1970371.30  34.0%   1.6 1670s
 135154 131692 1993869.50 8802  274 2985597.78 1970371.30  34.0%   1.6 1678s
 135470 131966 1993942.34 8885  274 2985597.78 1970371.30  34.0%   1.6 1682s
 135744 132291 1994005.61 8944  274 2985597.78 1970371.30  34.0%   1.6 1685s
 136402 132947 1994140.29 9121  274 2985597.78 1970371.30  34.0%   1.6 1693s
 136725 133291 1994220.16 9210  274 2985597.78 1970371.30  34.0%   1.6 1697s
 137069 133601 1994294.63 9304  274 2985597.78 1970371.30  34.0%   1.6 1700s
 137696 134255 1994404.72 9469  274 2985597.78 1970371.30  34.0%   1.6 1707s
 138033 134623 1994474.76 9555  274 2985597.78 1970371.30  34.0%   1.6 1711s
 138729 134953 1994601.31 9735  274 2985597.78 1970371.30  34.0%   1.6 1719s
 138731 135278 1994606.82 9735  273 2985597.78 1970371.30  34.0%   1.6 1722s
 139056 135592 1994718.52 9817  274 2985597.78 1970371.30  34.0%   1.6 1725s
 139702 136227 1994809.87 9982  274 2985597.78 1970371.30  34.0%   1.6 1732s
 140005 136569 1994870.03 10076  274 2985597.78 1970371.30  34.0%   1.6 1736s
 140347 136944 1994926.86 10161  274 2985597.78 1970371.30  34.0%   1.6 1740s
 141055 137650 1995219.43 10339  273 2985597.78 1970371.30  34.0%   1.6 1746s
 141774 138333 1995732.27 10522  273 2985597.78 1970371.30  34.0%   1.6 1751s
 142466 138978 1996230.58 10697  270 2985597.78 1970371.30  34.0%   1.6 1756s
 143118 139691 1996629.50 10869  271 2985597.78 1970371.30  34.0%   1.6 1763s
 143469 140052 1996862.74 10967  271 2985597.78 1970371.30  34.0%   1.6 1766s
 143830 140054 1997089.72 11062  271 2985597.78 1970371.30  34.0%   1.6 1770s
 144130 140657 1997273.30 11140  271 2985597.78 1970371.30  34.0%   1.6 1776s
 144435 141032 1997496.72 11229  270 2985597.78 1970371.30  34.0%   1.6 1780s
 145123 141687 1997608.49 11278  269 2985597.78 1970371.30  34.0%   1.6 1786s
 145531 142097 1997627.44 11279  270 2985597.78 1970371.30  34.0%   1.6 1791s
 145875 142432 1997638.32 11278  268 2985597.78 1970371.30  34.0%   1.6 1795s
 146851 143388 1997630.65 11281  269 2985597.78 1970371.30  34.0%   1.6 1802s
 147505 143905 1997627.94 11279  269 2985597.78 1970371.30  34.0%   1.6 1806s
 147683 144261 1997629.61 11279  269 2985597.78 1970371.30  34.0%   1.6 1810s
 148414 144971 1997633.56 11281  268 2985597.78 1970371.30  34.0%   1.6 1816s
 148749 145259 1997648.63 11280  267 2985597.78 1970371.30  34.0%   1.6 1823s
 149037 145567 1970776.11   99  360 2985597.78 1970397.20  34.0%   1.6 1827s
 149345 145902 1971174.20  162  359 2985597.78 1970397.20  34.0%   1.6 1830s
 150013 146539 1972085.46  298  342 2985597.78 1970397.20  34.0%   1.6 1837s
 150317 146878 1972505.80  362  342 2985597.78 1970397.20  34.0%   1.6 1840s
 150960 147498 1973299.08  492  343 2985597.78 1970397.20  34.0%   1.6 1847s
 151276 147770 1973658.86  556  332 2985597.78 1970397.20  34.0%   1.6 1850s
 151859 148362 1974275.81  681  331 2985597.78 1970397.20  34.0%   1.6 1857s
 152140 148675 1974427.05  738  332 2985597.78 1970397.20  34.0%   1.6 1860s
 152636 149066 1974927.05  864  318 2985597.78 1970397.20  34.0%   1.6 1865s
 153067 149574 1975283.02  963  319 2985597.78 1970397.20  34.0%   1.6 1873s
 153352 149797 1975706.08 1034  317 2985597.78 1970397.20  34.0%   1.6 1876s
 153575 150066 1975799.24 1090  316 2985597.78 1970397.20  34.0%   1.6 1880s
 154113 150337 1976887.16 1225  313 2985597.78 1970397.20  34.0%   1.6 1889s
 154115 150580 1976882.41 1226  314 2985597.78 1970397.20  34.0%   1.6 1893s
 154358 150844 1977397.72 1287  313 2985597.78 1970397.20  34.0%   1.6 1896s
 154922 151438 1977833.03 1428  303 2985597.78 1970397.20  34.0%   1.6 1904s
 155216 151695 1977931.04 1501  303 2985597.78 1970397.20  34.0%   1.6 1907s
H155323 151695                    2985594.3054 1970397.20  34.0%   1.6 1907s
 155473 151980 1978022.39 1555  303 2985594.31 1970397.20  34.0%   1.6 1911s
 155758 152266 1978178.14 1632  303 2985594.31 1970397.20  34.0%   1.6 1915s
 156324 152798 1978444.70 1786  292 2985594.31 1970397.20  34.0%   1.6 1921s
 156576 153095 1978630.68 1859  292 2985594.31 1970397.20  34.0%   1.6 1925s
 157174 153692 1979041.46 2019  292 2985594.31 1970397.20  34.0%   1.6 1931s
 157771 154301 1979445.84 2179  292 2985594.31 1970397.20  34.0%   1.6 1937s
 158079 154588 1979641.97 2256  292 2985594.31 1970397.20  34.0%   1.6 1940s
 158680 155211 1980040.03 2411  292 2985594.31 1970397.20  34.0%   1.6 1946s
 159301 155525 1980434.21 2567  292 2985594.31 1970397.20  34.0%   1.6 1955s
 159581 156111 1980617.62 2639  292 2985594.31 1970397.20  34.0%   1.6 1962s
 159889 156420 1980816.32 2717  292 2985594.31 1970397.20  34.0%   1.6 1965s
 160464 157013 1981186.34 2861  292 2985594.31 1970397.20  34.0%   1.6 1971s
 161112 157641 1981604.11 3025  292 2985594.31 1970397.20  34.0%   1.6 1977s
 161419 157964 1981804.36 3102  291 2985594.31 1970397.20  34.0%   1.6 1980s
 162044 158570 1982196.99 3259  292 2985594.31 1970397.20  34.0%   1.6 1986s
 162656 159183 1982589.29 3413  292 2985594.31 1970397.20  34.0%   1.6 1992s
 162961 159490 1982785.41 3490  292 2985594.31 1970397.20  34.0%   1.6 1995s
 163572 160101 1983185.03 3644  291 2985594.31 1970397.20  34.0%   1.6 2002s
 163879 160395 1983373.87 3721  292 2985594.31 1970397.20  34.0%   1.6 2005s
 164492 160860 1983770.93 3874  291 2985594.31 1970397.20  34.0%   1.6 2012s
 164934 161466 1984142.84 4020  291 2985594.31 1970397.20  34.0%   1.6 2018s
 165244 161709 1984341.54 4098  291 2985594.31 1970397.20  34.0%   1.6 2020s
 165812 162287 1984665.37 4228  292 2985594.31 1970397.20  34.0%   1.6 2027s
 166328 162879 1984987.01 4353  292 2985594.31 1970397.20  34.0%   1.6 2033s
 166657 163202 1985202.55 4436  291 2985594.31 1970397.20  34.0%   1.6 2036s
 167305 163828 1985608.57 4597  292 2985594.31 1970397.20  34.0%   1.6 2042s
 167606 164157 1985798.97 4673  292 2985594.31 1970397.20  34.0%   1.6 2046s
H168239 164603                    2985443.4171 1970397.20  34.0%   1.6 2052s
 168381 164899 1986264.16 4869  285 2985443.42 1970397.20  34.0%   1.6 2055s
 168964 165493 1986470.00 5011  285 2985443.42 1970397.20  34.0%   1.6 2062s
 169271 165754 1986570.73 5086  283 2985443.42 1970397.20  34.0%   1.6 2066s
H169407 165754                    2985317.9434 1970397.20  34.0%   1.6 2066s
 169659 165981 1986850.33 5217  283 2985317.94 1970397.20  34.0%   1.6 2075s
 170079 166628 1987091.33 5320  281 2985317.94 1970397.20  34.0%   1.6 2082s
 170406 166931 1987190.17 5402  281 2985317.94 1970397.20  34.0%   1.6 2085s
 170968 167551 1987378.17 5553  280 2985317.94 1970397.20  34.0%   1.6 2091s
 171329 167893 1987489.06 5645  280 2985317.94 1970397.20  34.0%   1.6 2095s
 172047 168577 1987697.74 5823  281 2985317.94 1970397.20  34.0%   1.6 2103s
 172355 168912 1987802.44 5905  280 2985317.94 1970397.20  34.0%   1.6 2107s
 172690 169209 1987910.92 5995  280 2985317.94 1970397.20  34.0%   1.6 2111s
H173017 169416                    2984546.7219 1970397.20  34.0%   1.6 2114s
 173194 169738 1988072.45 6134  281 2984546.72 1970397.20  34.0%   1.6 2118s
 173516 170033 1988172.64 6217  281 2984546.72 1970397.20  34.0%   1.6 2122s
 173811 170345 1988309.40 6298  279 2984546.72 1970397.20  34.0%   1.6 2126s
 174123 170645 1988474.69 6381  279 2984546.72 1970397.20  34.0%   1.6 2130s
H174423 170931                    2984114.9842 1970397.20  34.0%   1.6 2134s
H174709 171173                    2984113.9295 1970397.20  34.0%   1.6 2141s
H174983 171400                    2984113.2878 1970397.20  34.0%   1.6 2144s
 175178 171744 1989156.42 6629  277 2984113.29 1970397.20  34.0%   1.6 2147s
 175522 172083 1989489.67 6709  278 2984113.29 1970397.20  34.0%   1.6 2150s
H176040 172536                    2982806.2836 1970397.20  33.9%   1.6 2157s
 176314 172900 1990058.72 6846  278 2982806.28 1970397.20  33.9%   1.6 2161s
 176678 173240 1990409.78 6930  278 2982806.28 1970397.20  33.9%   1.6 2165s
 177377 173861 1990978.89 7093  277 2982806.28 1970397.20  33.9%   1.6 2173s
H177514 173861                    2982799.1965 1970397.20  33.9%   1.6 2173s
 177639 174199 1991109.93 7161  276 2982799.20 1970397.20  33.9%   1.6 2177s
 177977 174533 1991264.68 7248  277 2982799.20 1970397.20  33.9%   1.6 2181s
 178311 174821 1991423.39 7334  277 2982799.20 1970397.20  33.9%   1.6 2185s
H178747 175124                    2982542.3045 1970397.20  33.9%   1.6 2189s
 178902 175492 1991699.79 7482  277 2982542.30 1970397.20  33.9%   1.6 2193s
 179270 175839 1991851.53 7566  277 2982542.30 1970397.20  33.9%   1.6 2197s
 179617 176208 1991999.16 7646  277 2982542.30 1970397.20  33.9%   1.6 2201s
 179986 176280 1992156.28 7731  277 2982542.30 1970397.20  33.9%   1.6 2208s
 180058 176594 1992189.50 7749  277 2982542.30 1970397.20  33.9%   1.6 2212s
H180372 176811                    2982541.4759 1970397.20  33.9%   1.6 2216s
 180589 177118 1992434.69 7882  277 2982541.48 1970397.20  33.9%   1.6 2220s
 181221 177743 1992718.88 8036  277 2982541.48 1970397.20  33.9%   1.6 2228s
 181521 178027 1992870.21 8118  277 2982541.48 1970397.20  33.9%   1.6 2232s
 181805 178251 1993007.04 8189  276 2982541.48 1970397.20  33.9%   1.6 2235s
H181864 178251                    2978886.0762 1970397.20  33.9%   1.6 2235s
 182352 178904 1993254.06 8326  277 2978886.08 1970397.20  33.9%   1.6 2241s
 183006 179552 1993625.18 8489  274 2978886.08 1970397.20  33.9%   1.6 2247s
 183330 179897 1993730.03 8573  274 2978886.08 1970397.20  33.9%   1.6 2251s
 183675 180206 1993812.80 8664  273 2978886.08 1970397.20  33.9%   1.6 2255s
 184319 180874 1993952.88 8836  273 2978886.08 1970397.20  33.9%   1.6 2262s
H184497 180874                    2978497.1771 1970397.20  33.8%   1.6 2262s
 184652 181192 1994027.24 8925  274 2978497.18 1970397.20  33.8%   1.6 2266s
 184970 181509 1994088.57 9010  274 2978497.18 1970397.20  33.8%   1.6 2275s
 185596 182107 1994259.94 9167  274 2978497.18 1970397.20  33.8%   1.6 2283s
 185885 182456 1994332.26 9249  274 2978497.18 1970397.20  33.8%   1.6 2286s
 186587 183174 1994478.66 9439  274 2978497.18 1970397.20  33.8%   1.6 2294s
 186952 183521 1994528.99 9530  274 2978497.18 1970397.20  33.8%   1.6 2298s
 187299 183896 1994600.14 9618  274 2978497.18 1970397.20  33.8%   1.6 2302s
 187674 184125 1994653.27 9714  274 2978497.18 1970397.20  33.8%   1.6 2305s
 188284 184869 1994864.20 9868  274 2978497.18 1970397.20  33.8%   1.6 2312s
 188647 185255 1995112.10 9958  274 2978497.18 1970397.20  33.8%   1.6 2316s
 189399 185994 1995618.27 10138  274 2978497.18 1970397.20  33.8%   1.6 2321s
 190092 186530 1995886.05 10310  274 2978497.18 1970397.20  33.8%   1.6 2333s
 190308 186776 1996037.15 10364  274 2978497.18 1970397.20  33.8%   1.6 2337s
 190554 187138 1996098.97 10425  271 2978497.18 1970397.20  33.8%   1.6 2341s
 191105 187693 1996151.63 10597  271 2978497.18 1970397.20  33.8%   1.6 2348s
 191471 188044 1996205.86 10695  271 2978497.18 1970397.20  33.8%   1.6 2352s
 191822 188387 1996258.99 10791  271 2978497.18 1970397.20  33.8%   1.5 2356s
 192165 188772 1996307.69 10879  271 2978497.18 1970397.20  33.8%   1.5 2360s
 192923 189522 1996775.43 11074  270 2978497.18 1970397.20  33.8%   1.5 2367s
 193300 189853 1997014.34 11170  269 2978497.18 1970397.20  33.8%   1.5 2370s
 194021 190621 1970680.58   70  360 2978497.18 1970401.34  33.8%   1.5 2377s
 194735 191246 1971721.15  280  319 2978497.18 1970401.34  33.8%   1.5 2383s
 195024 191650 1971955.38  345  319 2978497.18 1970401.34  33.8%   1.5 2387s
 195428 191652 1972301.57  533  304 2978497.18 1970401.34  33.8%   1.5 2392s
 195430 191934 1972303.83  534  304 2978497.18 1970401.34  33.8%   1.5 2396s
 196005 192569 1972723.48  773  293 2978497.18 1970401.34  33.8%   1.5 2403s
 196347 192924 1972784.46  811  284 2978497.18 1970401.34  33.8%   1.5 2407s
H196507 192924                    2978497.1189 1970401.34  33.8%   1.5 2407s
 196702 193260 1972861.22  867  285 2978497.12 1970401.34  33.8%   1.5 2410s
 197381 193916 1973007.70  965  284 2978497.12 1970401.34  33.8%   1.5 2417s
 197694 194255 1973078.04 1016  285 2978497.12 1970401.34  33.8%   1.5 2420s
 198373 194928 1973260.50 1098  285 2978497.12 1970401.34  33.8%   1.5 2427s
 198706 195243 1973361.93 1142  285 2978497.12 1970401.34  33.8%   1.5 2430s
 199349 195880 1973543.21 1230  284 2978497.12 1970401.34  33.8%   1.5 2436s
 199658 196201 1973627.59 1283  282 2978497.12 1970401.34  33.8%   1.5 2440s
 200285 196793 1973744.67 1385  283 2978497.12 1970401.34  33.8%   1.5 2447s
 200571 196795 1973795.29 1427  283 2978497.12 1970401.34  33.8%   1.5 2452s
 200573 197064 1973796.33 1423  282 2978497.12 1970401.34  33.8%   1.5 2455s
 200981 197500 1973888.84 1495  282 2978497.12 1970401.34  33.8%   1.5 2462s
 201278 197844 1973924.91 1520  281 2978497.12 1970401.34  33.8%   1.5 2465s
 201951 198479 1974100.40 1666  281 2978497.12 1970401.34  33.8%   1.5 2473s
 202257 198816 1974189.57 1735  280 2978497.12 1970401.34  33.8%   1.5 2477s
 202594 199168 1974269.12 1801  280 2978497.12 1970401.34  33.8%   1.5 2481s
 202946 199469 1974353.51 1876  281 2978497.12 1970401.34  33.8%   1.5 2485s
 203531 200048 1974526.02 2019  281 2978497.12 1970401.34  33.8%   1.5 2492s
 203826 200344 1974609.48 2084  280 2978497.12 1970401.34  33.8%   1.5 2496s
 204122 200649 1974698.68 2158  280 2978497.12 1970401.34  33.8%   1.5 2500s
 204731 201295 1974912.89 2287  279 2978497.12 1970401.34  33.8%   1.5 2506s
 205483 202006 1975281.10 2473  279 2978497.12 1970401.34  33.8%   1.5 2519s
 205784 202301 1975384.44 2522  279 2978497.12 1970401.34  33.8%   1.5 2522s
 206079 202613 1975426.60 2545  278 2978497.12 1970401.34  33.8%   1.5 2526s
 206391 202933 1975454.90 2563  278 2978497.12 1970401.34  33.8%   1.5 2530s
 207030 203680 1975554.12 2657  272 2978497.12 1970401.34  33.8%   1.5 2538s
 207458 204217 1975660.48 2891  271 2978497.12 1970401.34  33.8%   1.5 2541s
 208515 205205 1976093.85 3674  271 2978497.12 1970401.34  33.8%   1.5 2547s
 208983 205689 1976285.85 4021  271 2978497.12 1970401.34  33.8%   1.5 2550s
 209496 205966 1976483.90 4364  272 2978497.12 1970401.34  33.8%   1.5 2555s
 210037 206524 1976516.69 4400  267 2978497.12 1970401.34  33.8%   1.5 2562s
 210302 206866 1976532.88 4429  266 2978497.12 1970401.34  33.8%   1.5 2566s
 210644 207008 1976550.59 4461  266 2978497.12 1970401.34  33.8%   1.5 2574s
 210786 207310 1976558.49 4476  265 2978497.12 1970401.34  33.8%   1.5 2577s
 211088 207633 1976572.27 4506  268 2978497.12 1970401.34  33.8%   1.5 2580s
 211709 208199 1976606.72 4564  267 2978497.12 1970401.34  33.8%   1.5 2587s
 211977 208500 1976623.79 4594  265 2978497.12 1970401.34  33.8%   1.5 2591s
 212570 209095 1976658.10 4656  265 2978497.12 1970401.34  33.8%   1.5 2597s
 213165 209702 1976691.05 4717  267 2978497.12 1970401.34  33.8%   1.5 2602s
 213480 209993 1976709.28 4748  267 2978497.12 1970401.34  33.8%   1.5 2605s
 214085 210628 1976743.60 4810  267 2978497.12 1970401.34  33.8%   1.5 2610s
 214796 211523 1976777.63 4872  267 2978497.12 1970401.34  33.8%   1.5 2615s
 215821 212115 1976810.11 4931  267 2978497.12 1970401.34  33.8%   1.5 2623s
 215893 212498 1976813.70 4938  267 2978497.12 1970401.34  33.8%   1.5 2625s
 216776 213352 1976844.55 4998  268 2978497.12 1970401.34  33.8%   1.5 2631s
 217410 213928 1976872.69 5043  266 2978497.12 1970401.34  33.8%   1.5 2637s
 217706 214203 1976887.72 5076  268 2978497.12 1970401.34  33.8%   1.5 2641s
 218280 214716 1976918.85 5128  267 2978497.12 1970401.34  33.8%   1.5 2647s
 218494 215027 1976941.29 5152  261 2978497.12 1970401.34  33.8%   1.5 2650s
 219097 215613 1976979.25 5192  255 2978497.12 1970401.34  33.8%   1.5 2657s
 219391 215942 1976999.85 5225  256 2978497.12 1970401.34  33.8%   1.5 2661s
 219982 216516 1977049.44 5263  252 2978497.12 1970401.34  33.8%   1.5 2667s
 220294 216761 1977059.28 5274  252 2978497.12 1970401.34  33.8%   1.5 2670s
 220843 217307 1977075.29 5286  251 2978497.12 1970401.34  33.8%   1.5 2681s
H221085 217507                    2978139.7964 1970401.34  33.8%   1.5 2685s
H221285 217806                    2977793.0628 1970401.34  33.8%   1.5 2690s
H221584 218122                    2977751.8094 1970401.34  33.8%   1.5 2694s
 221900 218446 1977096.22 5310  249 2977751.81 1970401.34  33.8%   1.5 2698s
 222224 218759 1977108.44 5321  247 2977751.81 1970401.34  33.8%   1.5 2702s
 222537 219062 1977115.04 5330  248 2977751.81 1970401.34  33.8%   1.5 2706s
 223125 219663 1977143.19 5389  245 2977751.81 1970401.34  33.8%   1.5 2713s
H223308 219663                    2977364.2939 1970401.34  33.8%   1.5 2713s
 223441 219969 1977160.05 5414  244 2977364.29 1970401.34  33.8%   1.5 2717s
 223747 220266 1977173.69 5428  246 2977364.29 1970401.34  33.8%   1.5 2720s
H224044 220559                    2977231.8309 1970401.34  33.8%   1.5 2724s
 224337 220854 1977199.78 5465  244 2977231.83 1970401.34  33.8%   1.5 2728s
 224632 221151 1977213.12 5478  243 2977231.83 1970401.34  33.8%   1.5 2731s
H224929 221432                    2977230.3142 1970401.34  33.8%   1.5 2734s
 225210 221722 1977236.04 5515  244 2977230.31 1970401.34  33.8%   1.5 2738s
 225500 222061 1977247.42 5529  244 2977230.31 1970401.34  33.8%   1.5 2742s
 225839 222346 1977258.93 5544  242 2977230.31 1970401.34  33.8%   1.5 2746s
 226124 222410 1977269.32 5565  243 2977230.31 1970401.34  33.8%   1.5 2753s
H226156 222410                    2976744.9777 1970401.34  33.8%   1.5 2753s
 226188 222665 1977271.65 5564  243 2976744.98 1970401.34  33.8%   1.5 2757s
 226443 222992 1977284.81 5576  244 2976744.98 1970401.34  33.8%   1.5 2761s
 226770 223290 1977292.60 5598  243 2976744.98 1970401.34  33.8%   1.5 2765s
 227361 223911 1977313.70 5627  243 2976744.98 1970401.34  33.8%   1.5 2773s
 227689 224211 1977324.96 5641  241 2976744.98 1970401.34  33.8%   1.5 2777s
 227989 224537 1977337.36 5664  242 2976744.98 1970401.34  33.8%   1.5 2781s
 228315 224853 1977350.93 5683  242 2976744.98 1970401.34  33.8%   1.5 2785s
H228790 225171                    2976720.7181 1970401.34  33.8%   1.5 2789s
 228949 225417 1977376.83 5714  241 2976720.72 1970401.34  33.8%   1.5 2792s
 229195 225664 1977383.92 5725  241 2976720.72 1970401.34  33.8%   1.5 2796s
 229442 225995 1977393.48 5738  241 2976720.72 1970401.34  33.8%   1.5 2800s
 230123 226620 1977421.23 5778  241 2976720.72 1970401.34  33.8%   1.5 2808s
 230398 226930 1977431.65 5794  241 2976720.72 1970401.34  33.8%   1.5 2811s
 231034 227569 1977456.25 5831  242 2976720.72 1970401.34  33.8%   1.5 2817s
 231347 227571 1977468.06 5848  242 2976720.72 1970401.34  33.8%   1.5 2823s
 231349 227837 1977468.16 5848  242 2976720.72 1970401.34  33.8%   1.5 2827s
 231615 228181 1977478.37 5861  242 2976720.72 1970401.34  33.8%   1.5 2831s
 231959 228349 1977492.03 5882  241 2976720.72 1970401.34  33.8%   1.5 2835s
H231997 228349                    2976331.6644 1970401.34  33.8%   1.5 2835s
H232127 228704                    2976330.8946 1970401.34  33.8%   1.5 2839s
 232482 229046 1977512.96 5911  241 2976330.89 1970401.34  33.8%   1.5 2843s
 232824 229391 1977526.15 5934  242 2976330.89 1970401.34  33.8%   1.5 2847s
H233169 229709                    2975756.0956 1970401.34  33.8%   1.5 2851s
 233487 230054 1977551.67 5966  241 2975756.10 1970401.34  33.8%   1.5 2855s
H233651 230054                    2975697.5993 1970401.34  33.8%   1.5 2855s
 234176 230737 1977578.78 6010  242 2975697.60 1970401.34  33.8%   1.5 2861s
H234341 230737                    2975257.7404 1970401.34  33.8%   1.5 2861s
 234515 231075 1977592.16 6025  242 2975257.74 1970401.34  33.8%   1.5 2865s
 235145 231706 1977623.71 6095  242 2975257.74 1970401.34  33.8%   1.5 2872s
 235484 231995 1977640.15 6118  241 2975257.74 1970401.34  33.8%   1.5 2876s
 235773 232333 1977654.80 6146  242 2975257.74 1970401.34  33.8%   1.5 2880s
H235929 232333                    2973361.5412 1970401.34  33.7%   1.5 2881s
 236452 232676 1977689.29 6196  242 2973361.54 1970401.34  33.7%   1.5 2888s
 236454 232954 1977689.47 6194  242 2973361.54 1970401.34  33.7%   1.5 2891s
 237080 233610 1977722.49 6243  242 2973361.54 1970401.34  33.7%   1.5 2897s
H237228 233610                    2971543.9145 1970401.34  33.7%   1.5 2898s
H237388 233948                    2971543.9140 1970401.34  33.7%   1.5 2901s
 237726 234288 1977755.89 6292  242 2971543.91 1970401.34  33.7%   1.5 2905s
H238238 234640                    2971075.8253 1970401.34  33.7%   1.5 2909s
 238418 234994 1977792.43 6340  242 2971075.83 1970401.34  33.7%   1.5 2913s
 238772 235344 1977810.58 6366  242 2971075.83 1970401.34  33.7%   1.5 2917s
 239122 235689 1977828.91 6395  242 2971075.83 1970401.34  33.7%   1.5 2920s
 239695 236261 1977851.50 6418  241 2971075.83 1970401.34  33.7%   1.5 2927s
 240039 236606 1977869.06 6467  240 2971075.83 1970401.34  33.7%   1.5 2930s
 240738 237174 1977917.10 6602  240 2971075.83 1970401.34  33.7%   1.5 2937s
 240952 237520 1977932.13 6645  240 2971075.83 1970401.34  33.7%   1.5 2941s
 241627 237851 1977979.47 6778  240 2971075.83 1970401.34  33.7%   1.5 2950s
 241928 238490 1978000.22 6830  240 2971075.83 1970401.34  33.7%   1.5 2956s
 242268 238824 1978024.26 6899  240 2971075.83 1970401.34  33.7%   1.5 2960s
 242900 239439 1978070.18 7034  240 2971075.83 1970401.34  33.7%   1.5 2967s
 243217 239713 1978092.86 7098  240 2971075.83 1970401.34  33.7%   1.5 2970s
 243822 240372 1978134.82 7217  240 2971075.83 1970401.34  33.7%   1.5 2977s
 244150 240673 1978158.03 7276  240 2971075.83 1970401.34  33.7%   1.5 2981s
 244758 241294 1978201.26 7398  240 2971075.83 1970401.34  33.7%   1.5 2988s
 245072 241552 1978223.41 7467  240 2971075.83 1970401.34  33.7%   1.5 2991s
 245647 242175 1978267.35 7591  240 2971075.83 1970401.34  33.7%   1.5 2997s
 245953 242467 1978289.14 7646  240 2971075.83 1970401.34  33.7%   1.5 3000s
 246578 243044 1978333.26 7771  240 2971075.83 1970401.34  33.7%   1.5 3012s
 246822 243319 1978350.32 7818  240 2971075.83 1970401.34  33.7%   1.5 3015s
 247409 243935 1978391.91 7936  240 2971075.83 1970401.34  33.7%   1.5 3023s
 247713 244341 1978412.94 7995  239 2971075.83 1970401.34  33.7%   1.5 3027s
 248119 244653 1978414.69 8223  239 2971075.83 1970401.34  33.7%   1.5 3030s
 248747 245268 1978424.59 8444  236 2971075.83 1970401.34  33.7%   1.5 3037s
 249046 245558 1978431.13 8471  231 2971075.83 1970401.34  33.7%   1.5 3041s
H249635 246066                    2971075.8247 1970401.34  33.7%   1.5 3046s
 249844 246372 1978452.79 8512  232 2971075.82 1970401.34  33.7%   1.5 3050s
 250451 246962 1978469.15 8548  231 2971075.82 1970401.34  33.7%   1.5 3057s
 250740 247246 1978476.84 8572  231 2971075.82 1970401.34  33.7%   1.5 3060s
 251305 247828 1978493.01 8602  232 2971075.82 1970401.34  33.7%   1.5 3066s
 251882 248126 1978511.09 8640  232 2971075.82 1970401.34  33.7%   1.5 3075s
 252138 248667 1978516.56 8653  232 2971075.82 1970401.34  33.7%   1.5 3082s
 252445 248964 1978526.05 8673  231 2971075.82 1970401.34  33.7%   1.5 3085s
 253045 249558 1978542.07 8709  232 2971075.82 1970401.34  33.7%   1.5 3093s
 253336 249862 1978551.05 8734  231 2971075.82 1970401.34  33.7%   1.5 3096s
 253640 250138 1978558.83 8752  231 2971075.82 1970401.34  33.7%   1.5 3100s
 254161 250651 1978570.85 8779  231 2971075.82 1970401.34  33.7%   1.5 3106s
 254429 251037 1978578.70 8795  232 2971075.82 1970401.34  33.7%   1.5 3110s
 255127 251630 1978596.15 8834  233 2971075.82 1970401.34  33.7%   1.5 3117s
 255408 251978 1978604.20 8851  232 2971075.82 1970401.34  33.7%   1.5 3121s
 256071 252656 1978623.14 8886  232 2971075.82 1970401.34  33.7%   1.5 3128s
 256434 252974 1978632.25 8906  232 2971075.82 1970401.34  33.7%   1.5 3131s
 257095 253319 1978647.21 8942  231 2971075.82 1970401.34  33.7%   1.5 3138s
 257097 253565 1978646.43 8944  233 2971075.82 1970401.34  33.7%   1.5 3141s
 257686 254237 1978661.95 8979  231 2971075.82 1970401.34  33.7%   1.5 3147s
 258015 254574 1978670.71 8997  232 2971075.82 1970401.34  33.7%   1.5 3150s
 258697 255327 1978684.37 9117  230 2971075.82 1970401.34  33.7%   1.6 3157s
 259105 255762 1978688.25 9354  231 2971075.82 1970401.34  33.7%   1.6 3160s
 260025 256757 1978689.75 9869  230 2971075.82 1970401.34  33.7%   1.5 3165s
 261025 257906 1978702.12 10490  226 2971075.82 1970401.34  33.7%   1.5 3171s
 262103 258455 1978707.32 11177  230 2971075.82 1970401.34  33.7%   1.5 3184s
 262233 258477 1978709.51 11181  230 2971075.82 1970401.34  33.7%   1.5 3185s
 262442 258799 1978706.63 11190  229 2971075.82 1970401.34  33.7%   1.5 3191s
H262577 259042                    2971074.0685 1970401.34  33.7%   1.6 3194s
 262820 259280 1978723.93 11246  227 2971074.07 1970401.34  33.7%   1.6 3197s
 263193 259552 1986101.07 11256  225 2971074.07 1970401.34  33.7%   1.6 3202s
 263489 259790 1993413.13 11256  225 2971074.07 1970401.34  33.7%   1.6 3206s
 263784 260005 2002617.14 11255  296 2971074.07 1970401.34  33.7%   1.6 3211s
 264149 260289 2015357.88 11259  226 2971074.07 1970401.34  33.7%   1.6 3217s
 264341 260493 2029555.56 11258  296 2971074.07 1970401.34  33.7%   1.6 3220s
H264636 260690                    2970925.2093 1970401.34  33.7%   1.6 3224s
 264742 260935 2012568.44 11279  279 2970925.21 1970401.34  33.7%   1.6 3227s
 265243 261434 2012619.78 11278  279 2970925.21 1970401.34  33.7%   1.7 3233s
 265486 261702 2012612.49 11282  276 2970925.21 1970401.34  33.7%   1.7 3236s
 265983 262179 2012687.61 11281  277 2970925.21 1970401.34  33.7%   1.7 3242s
 266231 262415 2012636.92 11281  275 2970925.21 1970401.34  33.7%   1.7 3246s
 266723 262914 2012798.22 11282  275 2970925.21 1970401.34  33.7%   1.7 3252s
 266966 263166 2012704.43 11282  275 2970925.21 1970401.34  33.7%   1.7 3256s
H267218 263338                    2970524.8575 1970401.34  33.7%   1.7 3264s
 267390 263468 2012673.92 11282  274 2970524.86 1970401.34  33.7%   1.7 3267s
 267652 263613 2012903.30 11282  274 2970524.86 1970401.34  33.7%   1.7 3270s
 268214 263916 2012634.22 11279  277 2970524.86 1970401.34  33.7%   1.7 3277s
 268526 264019 2012719.23 11282  274 2970524.86 1970401.34  33.7%   1.7 3280s
 269035 264419 2012721.77 11282  274 2970524.86 1970401.34  33.7%   1.7 3286s
H269489 264811                    2970254.9098 1970401.34  33.7%   1.7 3293s
 269672 264986 2014218.29   45  369 2970254.91 1970415.11  33.7%   1.7 3296s
 270008 265322 2116457.83   59  369 2970254.91 1970415.11  33.7%   1.7 3301s
 270632 266278 2161475.70  362  361 2970254.91 1970415.11  33.7%   1.7 3308s
 271143 266724 2162478.63  712  358 2970254.91 1970415.11  33.7%   1.7 3313s
 271641 267054 2163372.60 1023  348 2970254.91 1970415.11  33.7%   1.7 3316s
 271971 267303 2164236.21 1150  339 2970254.91 1970415.11  33.7%   1.7 3320s
 272574 267659 2171917.75 1369  318 2970254.91 1970415.11  33.7%   1.7 3330s
 272863 268287 2172039.97 1434  310 2970254.91 1970415.11  33.7%   1.7 3338s
 273204 268687 2172306.72 1616  308 2970254.91 1970415.11  33.7%   1.7 3342s
 273604 268998 2172636.85 1849  308 2970254.91 1970415.11  33.7%   1.7 3345s
 274214 269658 2173238.51 1926  303 2970254.91 1970415.11  33.7%   1.7 3353s
 274575 269976 2173552.19 1962  303 2970254.91 1970415.11  33.7%   1.7 3357s
 274893 270312 2173824.97 1988  303 2970254.91 1970415.11  33.7%   1.7 3360s
 275553 270899 2174385.04 2048  303 2970254.91 1970415.11  33.7%   1.7 3368s
 275816 271176 2174548.28 2100  302 2970254.91 1970415.11  33.7%   1.7 3371s
 276376 271714 2174956.19 2272  302 2970254.91 1970415.11  33.7%   1.7 3378s
 276631 271995 2175142.71 2350  302 2970254.91 1970415.11  33.7%   1.7 3382s
 276912 272265 2175348.29 2436  302 2970254.91 1970415.11  33.7%   1.7 3386s
 277439 272800 2175904.70 2473  293 2970254.91 1970415.11  33.7%   1.7 3391s
 277717 272802 2176274.34 2489  293 2970254.91 1970415.11  33.7%   1.7 3397s
 277719 273038 2176274.63 2490  293 2970254.91 1970415.11  33.7%   1.7 3401s
H278055 273252                    2970103.0559 1970415.11  33.7%   1.7 3404s
 278169 273477 2177414.25 2544  293 2970103.06 1970415.11  33.7%   1.7 3408s
 278399 273807 2177837.81 2553  291 2970103.06 1970415.11  33.7%   1.7 3411s
 278737 274064 2178176.30 2753  292 2970103.06 1970415.11  33.7%   1.7 3415s
H279201 274182                    2970100.0969 1970415.11  33.7%   1.7 3417s
 279321 274306 2179067.37 3050  293 2970100.10 1970415.11  33.7%   1.7 3421s
 279543 274453 2179385.24 3076  290 2970100.10 1970415.11  33.7%   1.7 3425s
 280063 274882 2179456.71 3131  290 2970100.10 1970415.11  33.7%   1.7 3431s
 280517 275338 2179530.20 3176  290 2970100.10 1970415.11  33.7%   1.7 3437s
 280926 275603 2179598.77 3229  290 2970100.10 1970415.11  33.7%   1.7 3442s
 281330 276003 2179628.46 3286  292 2970100.10 1970415.11  33.7%   1.7 3448s
 281598 276187 2179687.77 3319  291 2970100.10 1970415.11  33.7%   1.7 3452s
 281886 276398 2179812.07 3373  290 2970100.10 1970415.11  33.7%   1.7 3457s
 281993 276505 2180095.75 3383  289 2970100.10 1970415.11  33.7%   1.7 3460s
 282227 277042 2180014.14 3422  290 2970100.10 1970415.11  33.7%   1.7 3467s
 282637 277298 2180110.18 3453  290 2970100.10 1970415.11  33.7%   1.7 3472s
 282893 277628 2180315.89 3474  289 2970100.10 1970415.11  33.7%   1.7 3476s
 283589 278239 2180387.02 3525  290 2970100.10 1970415.11  33.7%   1.7 3482s
H283834 278512                    2969878.1664 1970415.11  33.7%   1.7 3485s
 284410 279021 2180953.93 3566  286 2969878.17 1970415.11  33.7%   1.7 3490s
 284893 279498 2180631.06 3614  286 2969878.17 1970415.11  33.7%   1.7 3498s
H285092 279498                    2969713.2609 1970415.11  33.6%   1.7 3498s
 285093 279718 2180673.09 3635  286 2969713.26 1970415.11  33.6%   1.7 3501s
H285247 279718                    2969627.7480 1970415.11  33.6%   1.7 3501s
H285545 280202                    2968322.3014 1970415.11  33.6%   1.7 3508s
H285797 280464                    2968322.2946 1970415.11  33.6%   1.7 3511s
H285923 280464                    2968161.1412 1970415.11  33.6%   1.7 3511s
H286059 280699                    2968161.0569 1970415.11  33.6%   1.7 3515s
 286552 281203 2180973.74 3778  285 2968161.06 1970415.11  33.6%   1.7 3522s
 286798 281463 2181024.15 3803  285 2968161.06 1970415.11  33.6%   1.7 3525s
 287285 281939 2181132.07 3860  286 2968161.06 1970415.11  33.6%   1.7 3531s
 287534 282212 2181511.57 3883  285 2968161.06 1970415.11  33.6%   1.7 3535s
 288060 282467 2181311.51 3941  286 2968161.06 1970415.11  33.6%   1.7 3545s
 288256 282944 2181351.79 3963  286 2968161.06 1970415.11  33.6%   1.7 3551s
 288539 283220 2181418.59 3991  286 2968161.06 1970415.11  33.6%   1.7 3555s
H288954 283515                    2968139.1411 1970415.11  33.6%   1.7 3559s
 289110 283784 2181551.13 4054  286 2968139.14 1970415.11  33.6%   1.7 3562s
 289379 284054 2181604.67 4075  285 2968139.14 1970415.11  33.6%   1.7 3565s
 289930 284669 2181733.68 4140  286 2968139.14 1970415.11  33.6%   1.7 3570s
 290556 285248 2181857.93 4195  286 2968139.14 1970415.11  33.6%   1.7 3577s
 290843 285546 2181918.23 4223  286 2968139.14 1970415.11  33.6%   1.7 3581s
 291441 286167 2182042.12 4282  286 2968139.14 1970415.11  33.6%   1.7 3588s
 291762 286441 2182106.15 4313  286 2968139.14 1970415.11  33.6%   1.7 3592s
 292036 286710 2182164.31 4337  286 2968139.14 1970415.11  33.6%   1.7 3596s
 292305 286972 2182210.52 4356  285 2968139.14 1970415.11  33.6%   1.7 3600s

Cutting planes:
  RLT: 195

Explored 292567 nodes (503841 simplex iterations) in 3600.30 seconds (1239.66 work units)
Thread count was 2 (of 24 available processors)

Solution count 10: 2.96814e+06 2.96816e+06 2.96832e+06 ... 2.97052e+06

Time limit reached
Best objective 2.968139141125e+06, best bound 1.970415109188e+06, gap 33.6145%
