
Gurobi 11.0.3 (linux64, Java) logging started dom 15 dez 2024 19:39:40 -03

Set parameter Username
Academic license - for non-commercial use only - expires 2025-10-10
Set parameter NonConvex to value 2
Set parameter TimeLimit to value 3600
Set parameter LogToConsole to value 0
Set parameter MIPGap to value 5.5922415627952831e-08
Set parameter Threads to value 2
Set parameter NodefileDir to value "/home/ps12398/experiment_epec/goalProgrammingMarcos/"
Set parameter NodefileStart to value 1
Gurobi Optimizer version 11.0.3 build v11.0.3rc0 (linux64)

CPU model: Intel(R) Xeon(R) CPU           X5650  @ 2.67GHz, instruction set [SSE2]
Thread count: 12 physical cores, 24 logical processors, using up to 2 threads

Optimize a model with 146159 rows, 100136 columns and 1217161 nonzeros
Model fingerprint: 0x0d06ec54
Model has 228 quadratic constraints
Variable types: 49958 continuous, 50178 integer (223 binary)
Coefficient statistics:
  Matrix range     [4e-03, 4e+06]
  QMatrix range    [4e-03, 7e+04]
  QLMatrix range   [1e+00, 7e+04]
  Objective range  [1e+00, 4e+07]
  Bounds range     [1e+00, 1e+08]
  RHS range        [1e+00, 3e+06]
  QRHS range       [1e-01, 1e-01]
Presolve removed 144661 rows and 98208 columns
Presolve time: 0.82s
Presolved: 2355 rows, 2197 columns, 239097 nonzeros
Presolved model has 2 SOS constraint(s)
Presolved model has 223 bilinear constraint(s)

Solving non-convex MIQCP

Variable types: 720 continuous, 1477 integer (225 binary)
Found heuristic solution: objective 8112475.8109

Root relaxation: objective 2.114830e+05, 320 iterations, 0.08 seconds (0.03 work units)

    Nodes    |    Current Node    |     Objective Bounds      |     Work
 Expl Unexpl |  Obj  Depth IntInf | Incumbent    BestBd   Gap | It/Node Time

     0     0 211482.957    0  226 8112475.81 211482.957  97.4%     -    1s
     0     0 211495.741    0  226 8112475.81 211495.741  97.4%     -    2s
     0     0 211497.326    0  226 8112475.81 211497.326  97.4%     -    2s
     0     0 211499.831    0  226 8112475.81 211499.831  97.4%     -    3s
     0     0 211501.311    0  226 8112475.81 211501.311  97.4%     -    3s
     0     0 211503.322    0  228 8112475.81 211503.322  97.4%     -    3s
     0     0 211503.572    0  230 8112475.81 211503.572  97.4%     -    3s
     0     0 211503.629    0  230 8112475.81 211503.629  97.4%     -    3s
     0     0 211505.146    0  230 8112475.81 211505.146  97.4%     -    3s
     0     0 211506.187    0  231 8112475.81 211506.187  97.4%     -    3s
     0     0 211507.609    0  227 8112475.81 211507.609  97.4%     -    4s
     0     0 211507.662    0  231 8112475.81 211507.662  97.4%     -    4s
     0     0 211508.682    0  231 8112475.81 211508.682  97.4%     -    4s
     0     0 211510.069    0  231 8112475.81 211510.069  97.4%     -    4s
     0     0 211511.421    0  231 8112475.81 211511.421  97.4%     -    4s
     0     0 211512.741    0  231 8112475.81 211512.741  97.4%     -    4s
     0     0 211514.029    0  231 8112475.81 211514.029  97.4%     -    4s
     0     0 211515.285    0  227 8112475.81 211515.285  97.4%     -    4s
     0     0 211515.289    0  231 8112475.81 211515.289  97.4%     -    4s
     0     0 211516.167    0  231 8112475.81 211516.167  97.4%     -    5s
     0     0 211517.372    0  231 8112475.81 211517.372  97.4%     -    5s
     0     0 211518.549    0  231 8112475.81 211518.549  97.4%     -    5s
     0     0 211519.699    0  231 8112475.81 211519.699  97.4%     -    5s
     0     0 211520.845    0  231 8112475.81 211520.845  97.4%     -    5s
     0     0 211521.995    0  231 8112475.81 211521.995  97.4%     -    5s
     0     0 211523.150    0  231 8112475.81 211523.150  97.4%     -    5s
     0     0 211524.308    0  231 8112475.81 211524.308  97.4%     -    5s
     0     0 211525.470    0  231 8112475.81 211525.470  97.4%     -    5s
     0     0 211526.935    0  234 8112475.81 211526.935  97.4%     -    5s
     0     0 211527.770    0  234 8112475.81 211527.770  97.4%     -    5s
     0     0 211528.948    0  234 8112475.81 211528.948  97.4%     -    5s
     0     0 211531.266    0  235 8112475.81 211531.266  97.4%     -    5s
     0     0 211531.305    0  236 8112475.81 211531.305  97.4%     -    6s
     0     0 211533.376    0  236 8112475.81 211533.376  97.4%     -    6s
     0     0 211535.325    0  236 8112475.81 211535.325  97.4%     -    6s
     0     0 211537.131    0  236 8112475.81 211537.131  97.4%     -    6s
     0     0 211538.287    0  240 8112475.81 211538.287  97.4%     -    6s
     0     0 211539.898    0  240 8112475.81 211539.898  97.4%     -    6s
     0     0 211540.662    0  240 8112475.81 211540.662  97.4%     -    6s
     0     0 211540.770    0  240 8112475.81 211540.770  97.4%     -    8s
H    0     0                    768295.66350 211540.770  72.5%     -    8s
     0     2 211540.781    0  240 768295.663 211540.781  72.5%     -    9s
    19    30 211540.957    8  233 768295.663 211540.821  72.5%   1.7   10s
    57    71 211541.374   18  230 768295.663 211540.821  72.5%   1.8   20s
H  254   356                    756872.85974 211540.821  72.1%   2.4   24s
H  355   473                    756866.45235 211540.821  72.1%   2.0   26s
   746   861 211542.907  357  227 756866.452 211540.821  72.1%   1.5   31s
H  802   861                    746878.04479 211540.821  71.7%   1.5   31s
   957  1090 211543.468  468  225 746878.045 211540.821  71.7%   1.4   36s
  1303  1271 215557.594  623  226 746878.045 211540.821  71.7%   1.5   41s
H 1563  1294                    746877.35865 211540.821  71.7%   1.5   44s
  1761  1355 infeasible  775      746877.359 211540.821  71.7%   1.5   47s
  2091  1356 infeasible  875      746877.359 211540.821  71.7%   1.6   51s
  2446  1471 infeasible  968      746877.359 211540.822  71.7%   1.5   58s
  2650  1679 211624.283   80  223 746877.359 211540.829  71.7%   2.1   61s
  3108  1905 215519.636  536  338 746877.359 211540.829  71.7%   3.3   65s
H 3118  1816                    691615.25688 211551.498  69.4%   3.3   69s
H 3120  1726                    689530.31310 211552.078  69.3%   3.3   69s
  3123  1728 212220.794  113   16 689530.313 211552.788  69.3%   3.3   70s
  3142  1741 211611.576   97   17 689530.313 211558.944  69.3%   3.3   75s
  3164  1755 246345.293   47   17 689530.313 211567.812  69.3%   3.3   80s
  3176  1763 211574.212   95   20 689530.313 211574.212  69.3%   3.2   85s
  3191  1775 212498.063  130   19 689530.313 211577.155  69.3%   3.4   90s
  3210  1788 215591.740  634   23 689530.313 211586.705  69.3%   3.4   95s
H 3210  1698                    667761.83953 211587.551  68.3%   3.4   95s
  3226  1708 217548.574  168   25 667761.840 211593.922  68.3%   3.4  100s
  3240  1719 211597.572  265    3 667761.840 211597.572  68.3%   3.5  105s
H 3246  1636                    660550.67342 211598.003  68.0%   3.5  108s
  3251  1640 211606.716  450   22 660550.673 211598.504  68.0%   3.5  110s
  3267  1650 211600.479  410   24 660550.673 211600.479  68.0%   3.5  115s
  3270  1652 211600.568   40   21 660550.673 211600.568  68.0%   3.5  120s
  3297  1679 211601.331   48  231 660550.673 211601.229  68.0%   3.7  125s
  3326  1735 211601.382   55  229 660550.673 211601.229  68.0%   3.7  133s
  3370  2023 211601.428   67  225 660550.673 211601.229  68.0%   3.7  142s
H 3410  1927                    452941.16423 211601.229  53.3%   3.7  142s
H 3484  1823                    389681.04234 211601.229  45.7%   3.8  142s
H 3677  2103                    389641.24022 211601.229  45.7%   4.1  150s
H 4263  2042                    387142.50540 211601.229  45.3%   5.4  153s
  4382  2138 212030.627  294  231 387142.505 211601.229  45.3%   5.7  157s
H 4383  2069                    387122.28828 211601.229  45.3%   5.7  157s
  4519  2225 212030.947  294  231 387122.288 211601.229  45.3%   5.7  161s
  5018  2432 213889.479  462  225 387122.288 211601.229  45.3%   5.8  167s
  5213  2549 216807.437  525  225 387122.288 211601.229  45.3%   6.0  172s
  5485  2780 372542.746  612  227 387122.288 211601.229  45.3%   6.1  177s
  5841  2898 373491.268  728  227 387122.288 211601.229  45.3%   6.1  181s
  6138  3162 374198.337  810  225 387122.288 211601.229  45.3%   6.1  186s
  6523  3325 374998.198  914  225 387122.288 211601.229  45.3%   6.0  192s
H 6850  3408                    387122.22659 211601.229  45.3%   5.9  196s
H 6951  3390                    385417.88604 211601.229  45.1%   6.2  196s
  7359  3919 211685.328  163  224 385417.886 211601.229  45.1%   6.2  205s
H 7676  4282                    384283.12757 211601.229  44.9%   6.4  211s
  8053  4687 212227.198  314  230 384283.128 211601.229  44.9%   6.3  217s
  8470  5094 213858.142  415  225 384283.128 211601.229  44.9%   6.2  224s
  8877  5508 214173.128  526  225 384283.128 211601.229  44.9%   6.1  230s
  9295  5734 214486.077  636  225 384283.128 211601.263  44.9%   6.0  235s
  9633  6036 211601.338   53  239 384283.128 211601.263  44.9%   5.9  241s
  9935  6340 211615.028   91  240 384283.128 211601.263  44.9%   5.9  247s
 10239  6626 211643.616  127  235 384283.128 211601.263  44.9%   5.9  252s
 10525  6909 211663.613  163  228 384283.128 211601.263  44.9%   5.9  258s
 10810  7184 211728.453  187  231 384283.128 211601.263  44.9%   6.0  264s
 11096  7493 infeasible  217      384283.128 211601.263  44.9%   6.1  270s
 11427  7642 212177.990  278  222 384283.128 211601.263  44.9%   6.1  275s
 11582  7932 213846.698  355  224 384283.128 211601.263  44.9%   6.1  281s
 11872  8357 214065.268  432  224 384283.128 211601.263  44.9%   6.0  288s
 12297  8767 214366.835  538  224 384283.128 211601.263  44.9%   5.9  295s
 12707  9180 214657.024  640  224 384283.128 211601.263  44.9%   5.8  301s
 13120  9476 214950.554  743  224 384283.128 211601.263  44.9%   5.7  305s
 13416  9871 215494.414  813  224 384283.128 211601.263  44.9%   5.7  312s
 13811 10000 215430.863  912  224 384283.128 211601.263  44.9%   5.6  315s
 13940 10354 215519.552  943  224 384283.128 211601.263  44.9%   5.6  322s
 14342 10359 294884.530 1045  222 384283.128 211601.263  44.9%   5.5  326s
 14375 10593 infeasible 1056      384283.128 211601.263  44.9%   5.5  332s
 14779 10711 336990.000 1180  224 384283.128 211601.266  44.9%   5.5  336s
 15095 10999 211623.610  119  241 384283.128 211601.266  44.9%   5.7  343s
 15211 11146 211761.853  130  235 384283.128 211601.266  44.9%   5.9  346s
 15382 11383 215808.964  179  235 384283.128 211601.266  44.9%   6.1  351s
 15667 11691 212077.927  250  229 384283.128 211601.266  44.9%   6.2  357s
 16019 12066 212502.773  336  225 384283.128 211601.266  44.9%   6.2  362s
 16398 12499 213379.689  429  224 384283.128 211601.266  44.9%   6.1  368s
 16831 12938 213482.251  547  224 384283.128 211601.266  44.9%   6.0  374s
 17270 13402 213581.337  661  224 384283.128 211601.266  44.9%   5.9  380s
 17734 13787 213680.362  774  224 384283.128 211601.266  44.9%   5.9  385s
 18119 14226 213760.325  866  224 384283.128 211601.266  44.9%   5.8  391s
 18558 14531 213855.805  975  224 384283.128 211601.266  44.9%   5.7  396s
 18947 14788 213949.550 1076  224 384283.128 211601.266  44.9%   5.7  401s
 19208 15088 214026.291 1172  224 384283.128 211601.266  44.9%   5.7  405s
 19508 15234 214121.645 1274  224 384283.128 211601.266  44.9%   5.7  410s
 19963 15898 215144.182 1448  224 384283.128 211601.266  44.9%   5.7  419s
 20339 16248 215234.034 1586  224 384283.128 211601.266  44.9%   5.7  423s
 20807 16796 215331.999 1737  224 384283.128 211601.266  44.9%   5.7  429s
 21260 17218 215425.457 1880  224 384283.128 211601.266  44.9%   5.6  433s
 21682 17707 215498.681 1993  224 384283.128 211601.266  44.9%   5.6  437s
 22171 18180 215587.804 2131  224 384283.128 211601.266  44.9%   5.5  442s
 22644 18590 215672.175 2260  224 384283.128 211601.266  44.9%   5.4  447s
 23054 19037 215746.672 2375  224 384283.128 211601.266  44.9%   5.3  453s
 23501 19425 215824.533 2494  224 384283.128 211601.266  44.9%   5.2  458s
 23899 19835 232165.372 2600  223 384283.128 211601.266  44.9%   5.2  464s
 24309 20171 233021.022 2704  223 384283.128 211601.266  44.9%   5.1  469s
 24645 20281 233792.537 2797  223 384283.128 211601.266  44.9%   5.1  473s
H24689 19539                    363814.37062 211601.266  41.8%   5.1  473s
 24755 19887 234061.900 2829  223 363814.371 211601.266  41.8%   5.1  478s
 25139 20109 234878.555 2929  223 363814.371 211601.266  41.8%   5.0  483s
 25397 20326 235632.678 3017  223 363814.371 211601.266  41.8%   5.0  488s
H25614 20355                    293232.95140 211601.266  27.8%   5.0  493s
 25878 20492 238481.239 3195  223 293232.951 211601.318  27.8%   5.1  496s
 26158 20725 218025.810  103  234 293232.951 211601.318  27.8%   5.2  502s
 26273 20888 211639.731  147  234 293232.951 211601.318  27.8%   5.3  506s
 26462 21053 211668.419  223  225 293232.951 211601.318  27.8%   5.4  510s
 26829 21366 211758.455  313  227 293232.951 211601.318  27.8%   5.6  517s
 27120 21562 233639.565  333  231 293232.951 211601.318  27.8%   5.7  521s
 27353 21941 infeasible  364      293232.951 211601.318  27.8%   5.8  526s
 27768 22386 212928.102  561  227 293232.951 211601.318  27.8%   5.7  531s
 28233 22681 214376.487  834  231 293232.951 211601.318  27.8%   5.7  536s
 28761 23164 214750.035  902  224 293232.951 211601.318  27.8%   5.7  544s
 29079 23444 214808.832  987  224 293232.951 211601.318  27.8%   5.7  550s
H29274 23444                    289824.93807 211601.318  27.0%   5.7  550s
 29596 23805 214889.012 1092  224 289824.938 211601.318  27.0%   5.7  559s
 29826 23821 215099.460 1107  224 289824.938 211601.318  27.0%   5.8  562s
 29846 23940 215100.816 1111  226 289824.938 211601.318  27.0%   5.8  565s
 30013 24090 217131.362 1121  224 289824.938 211601.318  27.0%   5.8  570s
H30498 24481                    278105.66938 211601.318  23.9%   5.9  579s
 30764 24652 226278.522 1168  222 278105.669 211601.351  23.9%   5.9  585s
 31245 25079 211616.841  104  238 278105.669 211601.351  23.9%   5.9  593s
 31448 25259 223737.718  137  234 278105.669 211601.351  23.9%   6.0  597s
 31635 25454 211914.258  180  233 278105.669 211601.351  23.9%   6.0  601s
 31872 25635 212136.137  227  206 278105.669 211601.351  23.9%   6.1  605s
 32362 26247 214021.879  306  190 278105.669 211601.351  23.9%   6.1  613s
 32718 26577 214040.279  417  188 278105.669 211601.351  23.9%   6.1  618s
 33048 26757 214069.210  462  185 278105.669 211601.351  23.9%   6.1  622s
 33318 26914 infeasible  479      278105.669 211601.364  23.9%   6.1  628s
 33535 27006 211606.491   80  239 278105.669 211601.364  23.9%   6.2  634s
 33734 27165 211619.991  117  236 278105.669 211601.364  23.9%   6.2  637s
 33900 27339 211684.461  170  230 278105.669 211601.364  23.9%   6.3  642s
H34004 27334                    276427.16504 211601.364  23.5%   6.3  642s
 34090 27425 238476.351  227  230 276427.165 211601.364  23.5%   6.4  645s
 34431 27935 221465.285  328  227 276427.165 211601.364  23.5%   6.5  653s
 34822 28073 221506.536  392  225 276427.165 211601.364  23.5%   6.5  658s
 34988 28413 221523.471  414  225 276427.165 211601.364  23.5%   6.5  662s
 35372 28752 221564.421  475  228 276427.165 211601.364  23.5%   6.5  666s
 35789 29133 221599.505  526  225 276427.165 211601.364  23.5%   6.5  671s
 36170 29448 221637.432  580  225 276427.165 211601.364  23.5%   6.5  675s
 36485 29830 221671.505  629  225 276427.165 211601.364  23.5%   6.5  680s
 36867 30184 221706.195  679  225 276427.165 211601.364  23.5%   6.4  685s
 37221 30539 221729.097  712  225 276427.165 211601.364  23.5%   6.4  691s
 37576 30842 221753.814  746  225 276427.165 211601.364  23.5%   6.4  695s
 37879 31190 221772.030  774  225 276427.165 211601.364  23.5%   6.4  700s
 38227 31540 221796.389  809  225 276427.165 211601.364  23.5%   6.4  705s
 38577 31821 221819.979  843  225 276427.165 211601.364  23.5%   6.4  710s
 39155 32404 221859.532  900  225 276427.165 211601.364  23.5%   6.3  719s
 39443 32711 221881.601  929  225 276427.165 211601.364  23.5%   6.3  724s
H39615 32711                    276384.05406 211601.364  23.4%   6.3  725s
 40043 33047 221922.818  992  225 276384.054 211601.364  23.4%   6.3  733s
 40086 33374 221926.055  996  225 276384.054 211601.364  23.4%   6.3  738s
 40413 33656 221949.727 1030  225 276384.054 211601.364  23.4%   6.3  743s
 40695 33959 221970.592 1057  226 276384.054 211601.364  23.4%   6.3  749s
 40998 34255 221992.199 1092  225 276384.054 211601.364  23.4%   6.2  753s
 41294 34564 222014.006 1123  228 276384.054 211601.364  23.4%   6.2  758s
 41603 34819 222036.208 1155  228 276384.054 211601.364  23.4%   6.2  763s
 41858 35143 222056.156 1183  225 276384.054 211601.364  23.4%   6.2  768s
 42182 35416 222079.745 1217  225 276384.054 211601.364  23.4%   6.2  773s
 42495 35623 222103.491 1250  225 276384.054 211601.364  23.4%   6.2  778s
 42804 35883 222124.149 1281  225 276384.054 211601.364  23.4%   6.2  783s
 43064 36154 222142.344 1306  225 276384.054 211601.364  23.4%   6.2  787s
 43337 36443 222161.377 1333  228 276384.054 211601.364  23.4%   6.2  790s
 43675 36864 222181.197 1362  225 276384.054 211601.364  23.4%   6.2  795s
H43854 36682                    241018.73335 211601.364  12.2%   6.2  795s
H44274 36970                    240586.90105 211601.364  12.0%   6.2  799s
 44681 37280 222213.290 1410  225 240586.901 211601.364  12.0%   6.2  804s
 44991 37595 222229.480 1434  225 240586.901 211601.364  12.0%   6.2  810s
H45411 37836                    240502.10423 211601.364  12.0%   6.1  814s
 45547 38194 222257.643 1471  225 240502.104 211601.364  12.0%   6.1  820s
 45905 38518 222274.899 1495  225 240502.104 211601.364  12.0%   6.1  825s
 46477 38925 222307.470 1544  225 240502.104 211601.364  12.0%   6.1  834s
H46666 39144                    240331.08223 211601.364  12.0%   6.1  839s
 46885 39373 222333.156 1583  228 240331.082 211601.364  12.0%   6.1  844s
 47121 39582 222350.329 1607  225 240331.082 211601.364  12.0%   6.2  850s
 47339 39874 222367.397 1632  225 240331.082 211601.364  12.0%   6.2  856s
 47650 40206 222383.966 1656  225 240331.082 211601.364  12.0%   6.2  861s
 47990 40424 222402.138 1679  226 240331.082 211601.364  12.0%   6.2  866s
H48120 40424                    240331.06835 211601.364  12.0%   6.2  866s
 48222 40527 222416.014 1699  226 240331.068 211601.364  12.0%   6.2  871s
H48416 39209                    232101.94229 211601.364  8.83%   6.2  874s
 48534 39281     cutoff 1704      232101.942 211601.364  8.83%   6.3  880s
 48734 39412 231843.883  124  225 232101.942 211601.364  8.83%   6.3  886s
 49129 39727 211601.364   79  242 232101.942 211601.364  8.83%   6.4  894s
 49351 39766 211635.464  131  237 232101.942 211601.371  8.83%   6.4  896s
 49394 40008 211685.657  147  243 232101.942 211601.371  8.83%   6.5  902s
 49674 40309 211738.032  194  237 232101.942 211601.371  8.83%   6.5  908s
 49989 40633     cutoff  240      232101.942 211601.371  8.83%   6.5  914s
H50327 40569                    231289.73622 211601.371  8.51%   6.5  919s
 50427 40866 215631.170  325  221 231289.736 211601.371  8.51%   6.5  924s
H50558 40862                    231179.75034 211601.371  8.47%   6.5  924s
 50734 41079 214626.266  391  220 231179.750 211601.371  8.47%   6.5  930s
H50921 41077                    230832.83400 211601.371  8.33%   6.4  930s
H51079 40950                    228818.41349 211601.371  7.52%   6.4  934s
 51287 41011     cutoff  102      228818.413 211601.375  7.52%   6.5  937s
 51388 41187 212006.226  126  233 228818.413 211601.375  7.52%   6.5  941s
 51592 41408 213460.689  199  238 228818.413 211601.375  7.52%   6.6  946s
 51827 41550 214908.703  315  226 228818.413 211601.375  7.52%   6.6  950s
 52023 41667 216038.301  385  226 228818.413 211601.375  7.52%   6.6  955s
 52248 41788     cutoff   79      228818.413 211601.376  7.52%   6.7  960s
 52515 41882     cutoff   76      228818.413 211601.377  7.52%   6.7  966s
 52878 41935 223478.026   59  235 228818.413 211601.378  7.52%   6.6  970s
 53088 42039 228663.499  103  231 228818.413 211601.381  7.52%   6.6  977s
 53401 42206 228689.954  178  225 228818.413 211601.392  7.52%   6.6  984s
H53508 42204                    228797.15545 211601.392  7.52%   6.7  984s
 53726 42432 227474.398   73  225 228797.155 211601.393  7.52%   6.6  991s
 54088 42676 211607.373   52  236 228797.155 211601.393  7.52%   6.6  997s
 54432 42802     cutoff  132      228797.155 211601.397  7.52%   6.6 1003s
H54594 41865                    227340.29910 211601.397  6.92%   6.6 1003s
 54700 41849     cutoff   78      227340.299 211601.397  6.92%   6.6 1008s
 54983 42017     cutoff  135      227340.299 211601.401  6.92%   6.6 1013s
H54984 40963                    224265.12410 211601.401  5.65%   6.6 1013s
 55296 41012 214820.686  109  225 224265.124 211601.401  5.65%   6.6 1018s
 55536 41011 211668.006  138  233 224265.124 211601.401  5.65%   6.6 1021s
 55685 41118 211741.700  157  231 224265.124 211601.401  5.65%   6.7 1029s
 55895 41238 211897.513  191  229 224265.124 211601.401  5.65%   6.7 1033s
 56078 41379     cutoff  243      224265.124 211601.401  5.65%   6.7 1038s
 56321 41574     cutoff  309      224265.124 211601.401  5.65%   6.7 1044s
 56575 41792 217072.156  387  223 224265.124 211601.401  5.65%   6.8 1049s
 56816 41942 218189.811  446  218 224265.124 211601.401  5.65%   6.8 1053s
 56984 42123 218477.895  499  219 224265.124 211601.427  5.65%   6.9 1058s
 57213 42259     cutoff   77      224265.124 211601.431  5.65%   6.9 1062s
 57461 42392     cutoff   74      224265.124 211601.432  5.65%   6.9 1067s
 57743 42598 223649.038  102  226 224265.124 211601.443  5.65%   6.9 1074s
 58134 42640 224212.131  151  226 224265.124 211601.445  5.65%   6.9 1079s
 58383 42721 224233.396  111  228 224265.124 211601.451  5.65%   6.9 1086s
 58704 42793 224020.831  104  198 224265.124 211601.455  5.65%   6.9 1093s
 58976 42855 221567.506   87  226 224265.124 211601.461  5.65%   6.9 1098s
 59240 42933     cutoff  127      224265.124 211601.468  5.65%   6.9 1101s
 59344 43103 211606.361   74  234 224265.124 211601.474  5.65%   6.9 1106s
 59534 43216 211637.518  126  227 224265.124 211601.474  5.65%   7.0 1110s
 59818 43629 223455.707  186  225 224265.124 211601.474  5.65%   7.2 1119s
 60167 43780 211920.864  266  226 224265.124 211601.474  5.65%   7.2 1125s
 60460 43976 213003.717  339  227 224265.124 211601.474  5.65%   7.2 1131s
 60772 44077 213655.944  417  225 224265.124 211601.498  5.65%   7.2 1137s
 61081 44137 211891.462   70  226 224265.124 211601.510  5.65%   7.2 1142s
 61319 44206 224147.765   71  227 224265.124 211601.515  5.65%   7.2 1148s
 61623 44281 223925.001   94  228 224265.124 211601.519  5.65%   7.2 1154s
 61934 44383 223762.839  121  227 224265.124 211601.528  5.65%   7.2 1161s
 62302 44499 224133.189  147  214 224265.124 211601.544  5.65%   7.2 1168s
H62411 43648                    223388.75364 211601.557  5.28%   7.2 1168s
 62570 43697 211611.602   83  241 223388.754 211601.557  5.28%   7.2 1174s
 62750 43697 211665.460  127  236 223388.754 211601.557  5.28%   7.2 1180s
 62796 43789 211700.340  137  234 223388.754 211601.557  5.28%   7.3 1187s
 63010 43873     cutoff  169      223388.754 211601.557  5.28%   7.3 1191s
 63250 44111     cutoff  198      223388.754 211601.557  5.28%   7.3 1197s
 63632 44297 212233.327  295  229 223388.754 211601.557  5.28%   7.3 1203s
 64036 44401 infeasible  386      223388.754 211601.590  5.28%   7.3 1209s
 64415 44521 211632.347   81  225 223388.754 211601.596  5.28%   7.3 1215s
 64657 44670 211749.099  131  228 223388.754 211601.596  5.28%   7.3 1222s
 64979 44873 212179.074  183  233 223388.754 211601.596  5.28%   7.3 1228s
 65282 45035 213270.979  271  221 223388.754 211601.596  5.28%   7.4 1232s
 65464 45164     cutoff  324      223388.754 211601.748  5.28%   7.4 1240s
 65793 45271     cutoff  127      223388.754 211601.752  5.28%   7.4 1245s
 66081 45653 211751.536  139  226 223388.754 211601.752  5.28%   7.5 1255s
 66395 45991 215272.203  192  227 223388.754 211601.752  5.28%   7.5 1260s
 66791 46146 216501.525  249  233 223388.754 211601.752  5.28%   7.5 1267s
 67140 46445 219172.036  321  224 223388.754 211601.752  5.28%   7.5 1273s
 67559 46738 219456.229  488  224 223388.754 211601.752  5.28%   7.5 1280s
 67998 47002 219711.398  642  224 223388.754 211601.752  5.28%   7.4 1286s
 68400 47083 219928.404  765  223 223388.754 211601.752  5.28%   7.4 1291s
 68610 47105 221894.059  779  229 223388.754 211601.752  5.28%   7.4 1296s
 68772 47169 223002.681  779  234 223388.754 211601.879  5.28%   7.4 1302s
 69102 47347 222951.113  118  227 223388.754 211601.969  5.28%   7.4 1308s
 69350 47522 215265.002  108  227 223388.754 211602.019  5.28%   7.4 1313s
 69560 47678 222631.738  176  231 223388.754 211602.019  5.28%   7.5 1317s
 69726 47920 212761.976  230  229 223388.754 211602.019  5.28%   7.5 1323s
 70025 48291 216681.736  276  221 223388.754 211602.019  5.28%   7.5 1330s
 70429 48508 215707.108  317  233 223388.754 211602.019  5.28%   7.5 1337s
H70574 48490                    223366.53490 211602.019  5.27%   7.5 1337s
 70742 48700     cutoff   87      223366.535 211602.019  5.27%   7.5 1343s
 71072 48700 223313.183  197  228 223366.535 211602.095  5.27%   7.5 1348s
 71082 48938 217154.205   67  225 223366.535 211602.095  5.27%   7.5 1353s
 71434 49066 223095.599  165  232 223366.535 211602.095  5.27%   7.5 1358s
 71658 49198 222623.132   51  229 223366.535 211602.095  5.27%   7.5 1363s
 71880 49384 infeasible  112      223366.535 211602.095  5.27%   7.5 1371s
H72049 49384                    223357.48824 211602.095  5.26%   7.5 1371s
 72141 49522 223067.268  193  223 223357.488 211602.096  5.26%   7.5 1378s
 72411 49669 221215.191   88  228 223357.488 211602.107  5.26%   7.5 1385s
H72611 49641                    223326.86011 211602.107  5.25%   7.5 1385s
 72714 49733     cutoff  138      223326.860 211602.107  5.25%   7.5 1390s
 72918 49755     cutoff  119      223326.860 211602.111  5.25%   7.5 1395s
 73038 49804 222894.310  115  225 223326.860 211602.121  5.25%   7.5 1401s
 73233 49917 211637.762   69  231 223326.860 211602.121  5.25%   7.5 1408s
 73498 50009 211722.809  108  233 223326.860 211602.121  5.25%   7.5 1414s
 73751 50190 214924.498  156  216 223326.860 211602.121  5.25%   7.6 1420s
 74049 50373 213157.295  283  225 223326.860 211602.121  5.25%   7.6 1429s
 74472 50427 219568.154  380  208 223326.860 211602.248  5.25%   7.6 1436s
 74777 50576     cutoff  162      223326.860 211602.276  5.25%   7.6 1444s
 75177 50665 223246.046  163  225 223326.860 211602.344  5.25%   7.6 1450s
 75368 50766 217165.224   66  224 223326.860 211602.379  5.25%   7.6 1458s
 75689 50851     cutoff   68      223326.860 211602.382  5.25%   7.6 1463s
 75887 50972 217184.252   54  224 223326.860 211602.404  5.25%   7.6 1469s
 76182 51005 223020.744   92  227 223326.860 211602.411  5.25%   7.7 1473s
 76245 51095 223038.498  117  231 223326.860 211602.431  5.25%   7.7 1477s
 76419 51197 223070.951   89  224 223326.860 211602.433  5.25%   7.7 1482s
 76639 51361     cutoff   97      223326.860 211602.454  5.25%   7.7 1490s
 76983 51559 223036.104  168  223 223326.860 211602.466  5.25%   7.7 1497s
 77351 51745 222645.036   88  226 223326.860 211602.490  5.25%   7.7 1505s
 77710 51847     cutoff  122      223326.860 211602.634  5.25%   7.7 1512s
 77974 52155 212701.666  107  233 223326.860 211602.785  5.25%   7.7 1520s
 78310 52682 213754.782  265  222 223326.860 211602.785  5.25%   7.7 1528s
 78882 52823 infeasible  693      223326.860 211602.785  5.25%   7.7 1533s
 79063 53213 217478.129  729  210 223326.860 211602.785  5.25%   7.7 1540s
 79459 53538 217713.962  782  210 223326.860 211602.785  5.25%   7.7 1547s
 79804 53547 infeasible  849      223326.860 211602.786  5.25%   7.7 1552s
 79973 53639 217165.674   68  224 223326.860 211602.836  5.25%   7.7 1560s
 80334 53687 222894.653   93  224 223326.860 211603.251  5.25%   7.7 1567s
 80602 53757 222902.817  114  230 223326.860 211604.232  5.25%   7.7 1573s
 80886 53921 213282.164   80  226 223326.860 211604.727  5.25%   7.7 1579s
 81214 54006 211861.884  148  243 223326.860 211604.727  5.25%   7.7 1587s
 81375 54076     cutoff  188      223326.860 211604.727  5.25%   7.7 1591s
 81547 54570 213230.615  227  239 223326.860 211604.727  5.25%   7.7 1599s
 82071 54887 214513.519  621  234 223326.860 211604.727  5.25%   7.7 1606s
 82446 55028 infeasible  757      223326.860 211605.091  5.25%   7.7 1612s
 82682 55167 223191.258   85  229 223326.860 211605.364  5.25%   7.7 1618s
 82939 55246     cutoff  133      223326.860 211605.751  5.25%   7.7 1624s
 83157 55312 223219.900  122  198 223326.860 211605.755  5.25%   7.7 1631s
 83484 55434 223207.157   69  230 223326.860 211606.421  5.25%   7.7 1640s
H83669 55392                    223262.36724 211606.421  5.22%   7.7 1640s
 83811 55468     cutoff  175      223262.367 211606.560  5.22%   7.7 1648s
H83943 55467                    223260.84870 211606.560  5.22%   7.7 1648s
 84120 55651 211643.368   80  244 223260.849 211606.560  5.22%   7.7 1654s
 84346 55756 211626.676  107  235 223260.849 211606.591  5.22%   7.7 1660s
H84418 54502                    222990.01595 211606.591  5.10%   7.8 1660s
H84487 54569                    222975.41728 211606.591  5.10%   7.8 1665s
 84654 54793 211764.945  186  226 222975.417 211606.591  5.10%   7.8 1671s
 84939 54996 212670.505  270  225 222975.417 211606.591  5.10%   7.8 1676s
 85191 55109 214203.997  310  228 222975.417 211606.709  5.10%   7.8 1683s
 85481 55252 221860.841   95  227 222975.417 211606.723  5.10%   7.8 1691s
 85726 55405 211630.000   90  236 222975.417 211606.739  5.10%   7.9 1698s
 85905 55460     cutoff  140      222975.417 211606.739  5.10%   7.9 1701s
 86008 55705 211800.746  166  233 222975.417 211606.739  5.10%   8.0 1709s
 86305 55959 212054.072  257  225 222975.417 211606.739  5.10%   8.0 1719s
 86587 56091 213001.422  328  227 222975.417 211606.739  5.10%   8.0 1724s
 86819 56195 213231.000  354  227 222975.417 211606.763  5.10%   8.0 1731s
 87055 56259     cutoff   94      222975.417 211606.814  5.10%   8.0 1737s
H87245 55067                    222446.02821 211606.814  4.87%   8.0 1737s
 87353 55135     cutoff   66      222446.028 211606.872  4.87%   8.0 1745s
 87653 55231 222165.990  168  222 222446.028 211607.089  4.87%   8.0 1752s
 87863 55371 211623.495   61  233 222446.028 211607.089  4.87%   8.0 1759s
 88071 55458 211639.566  122  239 222446.028 211607.089  4.87%   8.0 1765s
 88246 55630     cutoff  171      222446.028 211607.089  4.87%   8.0 1772s
 88564 55858 infeasible  257      222446.028 211607.231  4.87%   8.1 1780s
H89005 55953                    222440.40065 211607.302  4.87%   8.0 1788s
 89271 56016 211692.385   83  248 222440.401 211607.343  4.87%   8.1 1796s
 89510 56116 213422.155   50  239 222440.401 211607.346  4.87%   8.0 1804s
 89817 56235 222330.196   98  228 222440.401 211607.349  4.87%   8.1 1811s
 90189 56391     cutoff  109      222440.401 211607.352  4.87%   8.0 1819s
 90502 56451     cutoff  206      222440.401 211607.766  4.87%   8.0 1826s
 90784 56604 222176.841  132  234 222440.401 211607.766  4.87%   8.0 1834s
 91122 56726 222313.135  151  226 222440.401 211607.766  4.87%   8.0 1839s
 91366 56930 211611.788   60  238 222440.401 211607.784  4.87%   8.0 1846s
H91488 52610                    222039.02059 211607.784  4.70%   8.0 1847s
 91592 52705 211638.121  122  239 222039.021 211607.784  4.70%   8.1 1852s
 91719 52959     cutoff  150      222039.021 211607.784  4.70%   8.1 1859s
 91977 53363 211849.388  258  234 222039.021 211607.784  4.70%   8.1 1867s
 92401 53999 211865.796  381  234 222039.021 211607.784  4.70%   8.1 1877s
 93047 54310 211881.959  495  246 222039.021 211607.784  4.70%   8.1 1882s
 93410 54621 212130.605  699  234 222039.021 211607.784  4.70%   8.1 1891s
 93873 54759 212486.992  834  230 222039.021 211607.784  4.70%   8.1 1897s
 94110 54854 infeasible  896      222039.021 211607.819  4.70%   8.1 1905s
 94439 55018 211625.085   58  242 222039.021 211607.836  4.70%   8.1 1911s
 94627 55165 211633.874  107  237 222039.021 211607.836  4.70%   8.1 1916s
 94792 55395 211940.541  147  237 222039.021 211607.836  4.70%   8.1 1924s
H94926 55395                    222038.88821 211607.836  4.70%   8.1 1924s
 95027 55605 213794.440  214  226 222038.888 211607.836  4.70%   8.2 1929s
 95253 55891 216541.615  301  223 222038.888 211607.836  4.70%   8.2 1935s
 95599 56075     cutoff  390      222038.888 211607.933  4.70%   8.2 1942s
 95968 56187     cutoff  167      222038.888 211607.933  4.70%   8.1 1948s
 96168 56286 217577.154   62  231 222038.888 211607.948  4.70%   8.2 1953s
 96436 56422 221486.965   83  225 222038.888 211607.965  4.70%   8.2 1961s
H96535 56416                    222038.55970 211607.965  4.70%   8.2 1961s
 96742 56429 221520.911   97  225 222038.560 211607.991  4.70%   8.2 1970s
 96839 56519     cutoff  108      222038.560 211607.995  4.70%   8.2 1976s
 97071 56683     cutoff   96      222038.560 211608.015  4.70%   8.2 1983s
 97349 56803     cutoff   84      222038.560 211608.115  4.70%   8.2 1989s
 97701 56864 221858.125  120  226 222038.560 211608.314  4.70%   8.2 1995s
 97936 56904 219508.878   76  225 222038.560 211608.511  4.70%   8.2 2001s
 98132 57054 217211.516   56  224 222038.560 211608.579  4.70%   8.2 2010s
 98544 57237 211612.371   61  242 222038.560 211608.761  4.70%   8.2 2018s
 98942 57374 221901.310  230  200 222038.560 211608.761  4.70%   8.2 2024s
 99211 57581     cutoff  143      222038.560 211608.835  4.70%   8.2 2030s
 99470 57957 219793.274  187  204 222038.560 211608.835  4.70%   8.2 2036s
 99886 58262     cutoff   62      222038.560 211608.835  4.70%   8.2 2044s
 100307 58566 221755.336  159  230 222038.560 211608.962  4.70%   8.2 2052s
 100724 58873 221944.478  131  224 222038.560 211608.962  4.70%   8.2 2060s
 101130 59286     cutoff  128      222038.560 211609.089  4.70%   8.2 2067s
 101612 59462 211688.370   58  237 222038.560 211609.089  4.70%   8.2 2071s
 101792 59651 211700.622   91  237 222038.560 211609.089  4.70%   8.2 2080s
 102014 60035 212992.626  147  226 222038.560 211609.089  4.70%   8.2 2087s
 102427 60361 216484.419  326  226 222038.560 211609.089  4.70%   8.2 2093s
 102761 60668     cutoff  418      222038.560 211609.089  4.70%   8.2 2101s
 103076 60831 217736.054  486  206 222038.560 211609.089  4.70%   8.2 2107s
 103313 60994 219115.819  500  208 222038.560 211609.157  4.70%   8.2 2113s
 103568 61196 213998.859  112  228 222038.560 211609.160  4.70%   8.2 2120s
 103880 61377 221856.534  105  229 222038.560 211609.161  4.70%   8.2 2126s
 104164 61631 221551.625  115  228 222038.560 211609.182  4.70%   8.2 2132s
 104474 61878 221919.460   65  235 222038.560 211609.210  4.70%   8.2 2138s
 104769 62162 211634.050   72  238 222038.560 211609.210  4.70%   8.2 2145s
 105061 62488 212019.908  128  228 222038.560 211609.210  4.70%   8.2 2152s
 105395 62944 212325.176  205  228 222038.560 211609.210  4.70%   8.2 2160s
 105851 63289 212410.134  309  223 222038.560 211609.210  4.70%   8.2 2168s
 106202 63660 213012.097  375  228 222038.560 211609.210  4.70%   8.1 2174s
 106573 64056 215157.712  439  226 222038.560 211609.210  4.70%   8.1 2182s
 106971 64284 213716.192  521  223 222038.560 211609.210  4.70%   8.1 2188s
 107199 64685 213716.638  578  223 222038.560 211609.210  4.70%   8.1 2195s
 107600 64921 213717.318  667  223 222038.560 211609.210  4.70%   8.1 2202s
 107879 65122 213717.964  750  223 222038.560 211609.210  4.70%   8.1 2209s
 108132 65191 215861.200  833  224 222038.560 211609.216  4.70%   8.1 2216s
 108289 65305 215404.028  102  227 222038.560 211609.216  4.70%   8.1 2222s
 108481 65382 211874.442  145  242 222038.560 211609.216  4.70%   8.1 2229s
 108674 65441 218604.699  171  230 222038.560 211609.216  4.70%   8.1 2236s
 108845 65582 213996.940  196  245 222038.560 211609.216  4.70%   8.1 2243s
 109030 65636 219838.785  231  234 222038.560 211609.237  4.70%   8.2 2251s
 109230 65645     cutoff   67      222038.560 211609.243  4.70%   8.2 2255s
H109279 53897                    219489.70837 211609.244  3.59%   8.2 2259s
 109313 53956 217138.562   70  234 219489.708 211609.244  3.59%   8.2 2264s
 109484 54062 218122.335  125  234 219489.708 211609.250  3.59%   8.2 2271s
 109658 54209 infeasible   78      219489.708 211609.256  3.59%   8.2 2276s
 109854 54309 219446.435  103  228 219489.708 211609.259  3.59%   8.2 2282s
 110035 54339 217592.528   92  232 219489.708 211609.264  3.59%   8.2 2287s
 110101 54549 219290.686   80  231 219489.708 211609.269  3.59%   8.2 2293s
 110346 54645 211639.611  131  238 219489.708 211609.269  3.59%   8.2 2298s
 110506 54746 217308.453  166  237 219489.708 211609.269  3.59%   8.3 2303s
 110669 54909 218995.588  205  226 219489.708 211609.269  3.59%   8.3 2309s
 110914 55124 213895.175  272  227 219489.708 211609.269  3.59%   8.3 2315s
 111288 55615 214838.328  367  227 219489.708 211609.269  3.59%   8.3 2327s
 111687 55907 215857.493  509  229 219489.708 211609.269  3.59%   8.3 2334s
 112010 56018 217614.716  597  230 219489.708 211609.287  3.59%   8.3 2340s
 112271 56084 211662.177   97  241 219489.708 211609.287  3.59%   8.3 2346s
 112387 56104     cutoff  145      219489.708 211609.299  3.59%   8.3 2351s
 112522 56188 219179.837   81  225 219489.708 211609.391  3.59%   8.3 2358s
 112795 56251 219329.630  104  235 219489.708 211609.467  3.59%   8.3 2364s
H112849 56250                    219488.39922 211609.467  3.59%   8.3 2364s
 113046 56351     cutoff  120      219488.399 211609.467  3.59%   8.3 2369s
H113047 56287                    219456.89777 211609.467  3.58%   8.3 2369s
 113230 56369     cutoff  143      219456.898 211609.467  3.58%   8.3 2373s
 113382 56482 219207.178  196  227 219456.898 211609.467  3.58%   8.4 2377s
 113553 56552 219215.069  252  227 219456.898 211609.490  3.58%   8.4 2381s
 113681 56593 217174.837   73  226 219456.898 211609.497  3.58%   8.4 2387s
 113828 56798     cutoff  120      219456.898 211609.559  3.58%   8.4 2394s
 114100 56956 214555.826  107  233 219456.898 211609.559  3.58%   8.4 2401s
 114314 57166 211747.140  159  240 219456.898 211609.559  3.58%   8.5 2410s
 114632 57361 212627.746  238  227 219456.898 211609.559  3.58%   8.5 2418s
 114927 57594 212922.052  311  228 219456.898 211609.782  3.58%   8.5 2425s
 115247 57817 211640.207   77  240 219456.898 211609.889  3.58%   8.5 2432s
 115518 57945 211695.786  141  242 219456.898 211609.889  3.58%   8.5 2437s
 115688 58268 211774.384  181  225 219456.898 211609.889  3.58%   8.5 2443s
 116048 58434 214898.090  236  232 219456.898 211609.889  3.58%   8.5 2449s
 116275 58590 212541.728  289  231 219456.898 211609.900  3.58%   8.5 2456s
 116551 58699 217747.684   64  231 219456.898 211609.911  3.58%   8.6 2466s
 116870 58797 219354.659   85  231 219456.898 211609.924  3.58%   8.6 2476s
 117242 58947     cutoff   89      219456.898 211609.961  3.58%   8.6 2484s
H117531 58931                    219412.79753 211609.961  3.56%   8.6 2489s
 117686 59077     cutoff   88      219412.798 211610.107  3.56%   8.6 2497s
 118021 59309 218010.187  118  225 219412.798 211610.232  3.56%   8.6 2508s
 118451 59401 219040.675  138  225 219412.798 211610.394  3.56%   8.6 2514s
 118729 59600     cutoff   93      219412.798 211610.430  3.56%   8.6 2521s
H118990 59748                    219412.53438 211610.430  3.56%   8.6 2528s
 119178 60001 211764.309  177  231 219412.534 211610.430  3.56%   8.6 2536s
 119493 60302 213235.770  252  230 219412.534 211610.430  3.56%   8.7 2541s
 119845 60882 215347.556  427  229 219412.534 211610.430  3.56%   8.6 2551s
 120462 60957 217889.900  790  234 219412.534 211610.430  3.56%   8.6 2558s
 120654 61030     cutoff  797      219412.534 211610.432  3.56%   8.6 2566s
 120907 61107 219272.682  113  228 219412.534 211610.715  3.56%   8.6 2574s
 121190 61271 219380.130   94  229 219412.534 211611.150  3.56%   8.6 2582s
 121484 61367 219200.465  173  228 219412.534 211611.224  3.56%   8.6 2590s
 121785 61638 217233.380   82  237 219412.534 211611.413  3.56%   8.7 2602s
 122172 61781 219005.852   62  237 219412.534 211611.460  3.56%   8.7 2609s
 122455 61832     cutoff  106      219412.534 211611.513  3.56%   8.7 2614s
 122600 61940     cutoff  114      219412.534 211611.513  3.56%   8.7 2622s
 122835 62119 211642.583   78  240 219412.534 211611.552  3.56%   8.7 2630s
 123040 62322 211651.862  122  240 219412.534 211611.552  3.56%   8.7 2635s
 123283 62558 211758.617  172  228 219412.534 211611.552  3.56%   8.7 2642s
 123589 62819 212761.752  223  226 219412.534 211611.552  3.56%   8.7 2651s
 123913 62974 216755.955  264  223 219412.534 211611.552  3.56%   8.7 2660s
 124210 63041 218159.629   84  228 219412.534 211611.608  3.56%   8.8 2668s
H124343 63034                    219409.77127 211611.608  3.55%   8.7 2668s
 124489 63111 219219.549   72  238 219409.771 211611.668  3.55%   8.7 2675s
 124640 63232     cutoff   73      219409.771 211611.782  3.55%   8.8 2683s
 124897 63374 219202.156   98  208 219409.771 211611.785  3.55%   8.8 2691s
 125179 63442 219194.859   74  243 219409.771 211611.786  3.55%   8.8 2699s
 125409 63577 214024.884   71  236 219409.771 211611.792  3.55%   8.8 2708s
 125753 63817     cutoff  136      219409.771 211611.793  3.55%   8.8 2717s
 126119 64020 212598.510  151  228 219409.771 211611.843  3.55%   8.8 2725s
 126434 64323 214295.405  206  227 219409.771 211611.843  3.55%   8.8 2734s
 126869 64603 215464.989  309  223 219409.771 211611.843  3.55%   8.8 2741s
 127207 64885 216189.569  425  225 219409.771 211611.843  3.55%   8.8 2752s
 127601 64989 216461.687  544  223 219409.771 211611.843  3.55%   8.8 2759s
 127779 65313 216540.068  578  223 219409.771 211611.843  3.55%   8.8 2767s
 128167 65395 216784.506  684  224 219409.771 211611.893  3.55%   8.8 2774s
 128369 65556     cutoff   76      219409.771 211611.893  3.55%   8.8 2784s
 128704 65796     cutoff   91      219409.771 211611.893  3.55%   8.8 2794s
 129077 65848 219304.329   65  228 219409.771 211611.910  3.55%   8.8 2801s
 129336 65919 217650.072   88  233 219409.771 211611.919  3.55%   8.8 2809s
 129628 65995     cutoff   88      219409.771 211611.928  3.55%   8.8 2816s
 129906 66062     cutoff  155      219409.771 211611.931  3.55%   8.8 2823s
 130171 66195 217783.337  109  233 219409.771 211611.937  3.55%   8.8 2832s
 130445 66269 218697.238  166  234 219409.771 211611.937  3.55%   8.8 2839s
 130704 66326 218737.318  204  235 219409.771 211611.937  3.55%   8.8 2846s
 130966 66362     cutoff  233      219409.771 211611.937  3.55%   8.8 2853s
 131138 66521     cutoff  279      219409.771 211612.164  3.55%   8.8 2862s
 131461 66687 217326.514  218  224 219409.771 211612.164  3.55%   8.8 2870s
 131725 66775     cutoff  367      219409.771 211612.203  3.55%   8.8 2876s
 131935 66927 217808.694   74  235 219409.771 211612.234  3.55%   8.9 2885s
 132246 67138 211626.497   95  237 219409.771 211612.234  3.55%   8.9 2891s
 132515 67354     cutoff  140      219409.771 211612.234  3.55%   8.9 2900s
 132856 67400     cutoff  206      219409.771 211612.234  3.55%   8.9 2907s
 132934 67570 219205.390  221  230 219409.771 211612.374  3.55%   8.9 2917s
 133184 67687     cutoff   76      219409.771 211612.493  3.55%   8.9 2925s
 133455 68130 212568.735  101  238 219409.771 211612.576  3.55%   8.9 2935s
H133638 68124                    219407.82567 211612.576  3.55%   8.9 2935s
 133952 68748 214034.590  299  229 219407.826 211612.576  3.55%   8.9 2944s
 134588 69170 214741.732  581  228 219407.826 211612.576  3.55%   8.8 2951s
 135012 69487 215185.578  673  227 219407.826 211612.576  3.55%   8.8 2957s
 135329 69880 215270.341  689  227 219407.826 211612.576  3.55%   8.8 2963s
 135722 70254 215387.335  709  225 219407.826 211612.576  3.55%   8.8 2968s
H136096 70320                    219396.56382 211612.576  3.55%   8.8 2971s
 136186 70695 215567.953  745  227 219396.564 211612.576  3.55%   8.8 2978s
 136561 71079 215695.429  768  225 219396.564 211612.576  3.55%   8.8 2985s
 136945 71399 215833.485  793  225 219396.564 211612.576  3.55%   8.8 2994s
 137267 71569 215952.402  814  225 219396.564 211612.576  3.55%   8.8 2999s
 137515 71699 216235.144  834  227 219396.564 211612.576  3.55%   8.8 3004s
 137771 71859 216152.624  853  225 219396.564 211612.576  3.55%   8.8 3010s
 138132 72109 216290.727  881  227 219396.564 211612.576  3.55%   8.8 3021s
 138392 72213 216407.452  901  225 219396.564 211612.576  3.55%   8.8 3027s
 138532 72388 216503.234  920  225 219396.564 211612.576  3.55%   8.8 3034s
 138767 72688 216630.930  943  225 219396.564 211612.576  3.55%   8.9 3040s
 139122 72955 216766.400  966  227 219396.564 211612.781  3.55%   8.9 3048s
 139539 73052 218927.800  101  231 219396.564 211612.988  3.55%   8.9 3053s
 139760 73117 218722.051   80  230 219396.564 211613.122  3.55%   8.9 3061s
 140085 73270     cutoff   61      219396.564 211613.214  3.55%   8.9 3070s
 140454 73424 219287.431  177  198 219396.564 211613.324  3.55%   8.9 3076s
 140682 73623 211642.072  102  238 219396.564 211613.354  3.55%   8.9 3083s
 140909 73825 213219.163  180  237 219396.564 211613.354  3.55%   8.9 3090s
 141193 74214 215446.478  326  228 219396.564 211613.354  3.55%   8.9 3098s
 141759 74388 216120.087  649  225 219396.564 211613.664  3.55%   8.9 3107s
 142064 74588 211620.529   63  234 219396.564 211613.664  3.55%   8.9 3115s
 142338 74696 211648.687  120  237 219396.564 211613.664  3.55%   8.9 3122s
 142581 74736 211704.424  142  242 219396.564 211613.664  3.55%   8.9 3127s
 142681 74954 211910.961  170  235 219396.564 211613.664  3.55%   8.9 3134s
 142950 75069 212732.443  253  234 219396.564 211613.664  3.55%   8.9 3140s
 143117 75108 213168.063  266  228 219396.564 211613.664  3.55%   8.9 3146s
 143179 75221 213425.102  282  226 219396.564 211613.808  3.55%   8.9 3156s
H143540 75254                    219369.14488 211613.859  3.54%   8.9 3165s
 143809 75365     cutoff   62      219369.145 211613.964  3.54%   8.9 3174s
 144120 75457 217633.619   79  232 219369.145 211613.990  3.54%   9.0 3181s
 144323 75544 219239.890   75  231 219369.145 211614.123  3.54%   9.0 3190s
 144640 75713 211891.693   61  232 219369.145 211614.178  3.54%   9.0 3199s
 144923 75930 211635.624   89  233 219369.145 211614.236  3.54%   9.0 3205s
 145206 76185 211786.535  177  224 219369.145 211614.236  3.54%   9.0 3213s
 145543 76508 212687.287  298  228 219369.145 211614.236  3.54%   9.0 3219s
H145920 76732                    219369.14486 211614.236  3.54%   9.0 3226s
 146202 76818 214494.440  471  222 219369.145 211614.341  3.54%   9.0 3235s
 146426 76944     cutoff   92      219369.145 211614.462  3.53%   9.0 3243s
 146765 77123 217648.900   79  238 219369.145 211614.484  3.53%   9.0 3253s
 147169 77238 219148.583  102  231 219369.145 211614.510  3.53%   9.0 3260s
 147376 77311 219106.520  113  233 219369.145 211614.510  3.53%   9.0 3267s
 147577 77400     cutoff  137      219369.145 211614.510  3.53%   9.0 3275s
 147886 77444 218784.993  114  238 219369.145 211614.537  3.53%   9.0 3282s
 148103 77494 217633.831   77  236 219369.145 211614.573  3.53%   9.0 3287s
 148277 77506     cutoff  149      219369.145 211614.573  3.53%   9.0 3293s
 148349 77595     cutoff   86      219369.145 211614.707  3.53%   9.0 3301s
 148670 77723     cutoff   78      219369.145 211614.858  3.53%   9.0 3309s
 149034 77899 217718.860   60  228 219369.145 211614.954  3.53%   9.0 3318s
 149369 78129 211640.685   90  231 219369.145 211614.957  3.53%   9.0 3325s
 149653 78774 212094.700  152  226 219369.145 211614.957  3.53%   9.0 3332s
 150315 79154 216178.295  435  231 219369.145 211614.957  3.53%   9.0 3340s
 150761 79264 216936.512  493  224 219369.145 211614.957  3.53%   9.0 3349s
 151061 79360     cutoff  125      219369.145 211615.187  3.53%   9.0 3356s
 151399 79420 218560.949  136  230 219369.145 211615.320  3.53%   9.0 3364s
 151639 79569 219119.992  118  229 219369.145 211615.322  3.53%   9.0 3371s
 151864 79756 211661.030  118  234 219369.145 211615.327  3.53%   9.0 3378s
 152089 79926     cutoff  152      219369.145 211615.327  3.53%   9.0 3384s
 152310 80321 212627.814  203  223 219369.145 211615.327  3.53%   9.0 3392s
 152727 80759 213583.823  427  227 219369.145 211615.327  3.53%   9.0 3400s
 153189 81013 214223.953  751  226 219369.145 211615.327  3.53%   9.0 3409s
 153508 81547 214206.427  850  222 219369.145 211615.327  3.53%   9.0 3419s
 154106 81630 214428.624 1299  221 219369.145 211615.327  3.53%   9.0 3424s
 154255 81706 214473.826 1311  223 219369.145 211615.327  3.53%   9.0 3432s
 154470 81765 215423.331 1320  226 219369.145 211615.409  3.53%   9.0 3439s
 154713 81839 211618.885   55  249 219369.145 211615.409  3.53%   9.0 3448s
 154983 81913     cutoff   93      219369.145 211615.410  3.53%   9.0 3454s
 155201 82132 217758.216   68  235 219369.145 211615.416  3.53%   9.0 3462s
 155558 82276 218892.934  138  176 219369.145 211615.416  3.53%   9.0 3469s
 155796 82373 217763.691   58  234 219369.145 211615.416  3.53%   9.0 3476s
 155975 82543     cutoff  104      219369.145 211615.416  3.53%   9.0 3484s
 156284 82685 212019.949  191  225 219369.145 211615.416  3.53%   9.0 3492s
 156529 82822 213348.773  254  228 219369.145 211615.416  3.53%   9.0 3498s
 156806 82908 213858.880  326  221 219369.145 211615.416  3.53%   9.0 3504s
 157042 83017 211618.479   64  243 219369.145 211615.497  3.53%   9.0 3513s
 157335 83141 211633.209   63  233 219369.145 211615.518  3.53%   9.0 3520s
 157555 83220 214616.400  113  236 219369.145 211615.518  3.53%   9.1 3528s
 157768 83480 211732.394  148  236 219369.145 211615.518  3.53%   9.1 3537s
 158165 83749 213326.725  256  224 219369.145 211615.518  3.53%   9.1 3544s
 158551 83841 213276.031  374  222 219369.145 211615.518  3.53%   9.1 3548s
 158657 83862 214540.883  403  222 219369.145 211615.518  3.53%   9.1 3551s
 158682 83997 214763.277  410  222 219369.145 211615.518  3.53%   9.1 3557s
 158874 84266 215661.464  491  217 219369.145 211615.518  3.53%   9.1 3566s
 159248 84472 infeasible  597      219369.145 211615.518  3.53%   9.1 3575s
 159592 84875 216283.801  712  216 219369.145 211615.518  3.53%   9.1 3585s
 160109 85114 infeasible  825      219369.145 211615.518  3.53%   9.1 3592s
 160444 85209 216681.755  905  217 219369.145 211615.518  3.53%   9.1 3599s
 160704 85216 216695.371  979  216 219369.145 211615.518  3.53%   9.1 3600s

Cutting planes:
  RLT: 316

Explored 160717 nodes (1458711 simplex iterations) in 3600.32 seconds (1516.73 work units)
Thread count was 2 (of 24 available processors)

Solution count 10: 219369 219397 219408 ... 222039

Time limit reached
Best objective 2.193691448569e+05, best bound 2.116155179591e+05, gap 3.5345%
