
Gurobi 11.0.3 (linux64, Java) logging started ter 26 nov 2024 23:38:47 -03

Set parameter Username
Academic license - for non-commercial use only - expires 2025-10-10
Set parameter NonConvex to value 2
Set parameter TimeLimit to value 3600
Set parameter LogToConsole to value 0
Set parameter MIPGap to value 2.7413914365596508e-08
Set parameter Threads to value 2
Set parameter NodefileDir to value "/home/ps12398/experiment_hosp/goalProgrammingMarcos/"
Set parameter NodefileStart to value 1
Gurobi Optimizer version 11.0.3 build v11.0.3rc0 (linux64)

CPU model: Intel(R) Xeon(R) CPU           X5650  @ 2.67GHz, instruction set [SSE2]
Thread count: 12 physical cores, 24 logical processors, using up to 2 threads

Optimize a model with 100597 rows, 68273 columns and 492480 nonzeros
Model fingerprint: 0xf6d00da6
Model has 189 quadratic constraints
Variable types: 34046 continuous, 34227 integer (184 binary)
Coefficient statistics:
  Matrix range     [5e-03, 1e+07]
  QMatrix range    [5e-03, 2e+05]
  QLMatrix range   [1e+00, 2e+05]
  Objective range  [1e+00, 7e+07]
  Bounds range     [1e+00, 1e+08]
  RHS range        [1e+00, 2e+07]
  QRHS range       [2e-01, 2e-01]
Presolve removed 98431 rows and 66084 columns
Presolve time: 0.29s
Presolved: 3938 rows, 2721 columns, 282022 nonzeros
Presolved model has 2 SOS constraint(s)
Presolved model has 184 bilinear constraint(s)

Solving non-convex MIQCP

Variable types: 731 continuous, 1990 integer (186 binary)
Found heuristic solution: objective 3.430785e+07

Root relaxation: objective 0.000000e+00, 484 iterations, 0.09 seconds (0.05 work units)

    Nodes    |    Current Node    |     Objective Bounds      |     Work
 Expl Unexpl |  Obj  Depth IntInf | Incumbent    BestBd   Gap | It/Node Time

     0     0    0.00000    0  317 3.4308e+07    0.00000   100%     -    2s
     0     0    0.00000    0  355 3.4308e+07    0.00000   100%     -    3s
     0     0    0.00000    0  299 3.4308e+07    0.00000   100%     -    3s
     0     0    0.00000    0  262 3.4308e+07    0.00000   100%     -    5s
H    0     0                    2223652.6200    0.00000   100%     -    5s
     0     0    0.00000    0  260 2223652.62    0.00000   100%     -    5s
     0     0    0.00000    0  302 2223652.62    0.00000   100%     -    5s
H    0     0                    2212107.8095    0.00000   100%     -    5s
     0     0    0.00000    0  284 2212107.81    0.00000   100%     -    5s
     0     0    0.00000    0  238 2212107.81    0.00000   100%     -    7s
H    0     0                    1584192.2243    0.00000   100%     -    7s
H    0     0                    1584136.7204    0.00000   100%     -    7s
     0     0    0.00000    0  258 1584136.72    0.00000   100%     -    7s
     0     0    0.00000    0  294 1584136.72    0.00000   100%     -    8s
     0     0    0.00000    0  276 1584136.72    0.00000   100%     -    8s
     0     0    0.00000    0  243 1584136.72    0.00000   100%     -   10s
H    0     0                    1578364.3151    0.00000   100%     -   10s
     0     0    0.00000    0  259 1578364.32    0.00000   100%     -   10s
     0     0    0.00000    0  250 1578364.32    0.00000   100%     -   10s
     0     0    0.00000    0  250 1578364.32    0.00000   100%     -   11s
     0     2    0.00000    0  250 1578364.32    0.00000   100%     -   17s
H   55    64                    1577975.7878    0.00000   100%  19.3   20s
H  106   126                    1577920.2839    0.00000   100%  18.0   22s
H  132   181                    1339309.0313    0.00000   100%  17.3   24s
   180   239    0.00000   76  220 1339309.03    0.00000   100%  17.3   26s
H  189   239                    1262658.1497    0.00000   100%  17.4   26s
   322   385  442.83949  138  246 1262658.15    0.00000   100%  20.4   48s
H  395   587                    1231797.9831    0.00000   100%  23.4   54s
H  615   727                    1128893.7583    0.00000   100%  31.2   61s
H  801   856                    1092316.6903    0.00000   100%  36.3   65s
H  999   632                    490820.95996    0.00000   100%  38.6   69s
  1001   725     cutoff  426      490820.960    0.00000   100%  38.5   73s
  1118   757 237612.182  136  184 490820.960    0.00000   100%  46.8   77s
  1199   821 237612.182  155  184 490820.960    0.00000   100%  59.9   81s
  1290   881 237612.182  176  184 490820.960    0.00000   100%  69.1   85s
  1368   935 237612.182  199  184 490820.960    0.00000   100%  78.8   90s
H 1410   269                    163125.95288    0.00000   100%  82.4   90s
  1440   380     cutoff  219      163125.953    0.00000   100%  86.7   96s
  1717   567 infeasible  212      163125.953    0.00000   100%  76.1  103s
  2020   568 58556.6112   81  817 163125.953    0.00000   100%  66.9  123s
  2023   570    0.00000   42  179 163125.953    0.00000   100%  66.8  125s
  2028   573    0.00000  109  126 163125.953    0.00000   100%  66.7  130s
  2032   576    0.00000   88  109 163125.953    0.00000   100%  66.5  135s
  2036   579    0.00000   27   74 163125.953    0.00000   100%  66.4  140s
  2040   581 63995.9931  104   57 163125.953    0.00000   100%  66.3  146s
  2043   583 12210.8573  146   55 163125.953    0.00000   100%  66.2  154s
  2044   584    0.00000    3   55 163125.953    0.00000   100%  66.1  164s
  2045   588    0.00000   15  248 163125.953    0.00000   100%  72.8  165s
  2084   605    0.00000   26  252 163125.953    0.00000   100%  71.9  170s
  2127   636    0.00000   37  245 163125.953    0.00000   100%  70.9  176s
  2169   665    0.00000   49  249 163125.953    0.00000   100%  70.0  181s
  2226   702    0.00000   62  246 163125.953    0.00000   100%  68.9  185s
  2300   734    0.00000   84  224 163125.953    0.00000   100%  67.4  190s
  2387   774    0.00000  111  241 163125.953    0.00000   100%  65.9  197s
  2427   801    0.00000  122  225 163125.953    0.00000   100%  65.4  201s
  2474   834 60443.7437  134  201 163125.953    0.00000   100%  64.6  205s
  2528   850     cutoff  146      163125.953    0.00000   100%  63.6  210s
H 2530   801                    140924.39414    0.00000   100%  63.6  210s
  2677   868 18563.8996  197  225 140924.394    0.00000   100%  62.0  218s
H 2747   817                    139481.29282    0.00000   100%  60.8  218s
  2797   867    0.00000   60  213 139481.293    0.00000   100%  60.2  222s
  2925   938    0.00000   95  219 139481.293    0.00000   100%  58.6  227s
  3087   894    0.00000  123  195 139481.293    0.00000   100%  56.7  230s
  3153   988 infeasible  134      139481.293    0.00000   100%  56.0  238s
H 3220   939                    139203.77333    0.00000   100%  55.1  238s
H 3222   596                    7160.0026954    0.00000   100%  55.1  238s
  3311   593 infeasible  170      7160.00270    0.00000   100%  54.3  242s
H 3440   637                    3552.2493993    0.00000   100%  53.7  248s
  3581   721    0.00000  223  183 3552.24940    0.00000   100%  53.5  253s
H 3700   163                       0.0000000    0.00000  0.00%  54.0  257s

Cutting planes:
  Gomory: 7
  Implied bound: 22
  MIR: 119
  StrongCG: 9
  Flow cover: 6
  Zero half: 1
  RLT: 1
  Relax-and-lift: 6

Explored 3816 nodes (216945 simplex iterations) in 257.82 seconds (133.41 work units)
Thread count was 2 (of 24 available processors)

Solution count 10: 0 3552.25 7160 ... 1.12889e+06

Optimal solution found (tolerance 2.74e-08)
Best objective 0.000000000000e+00, best bound 0.000000000000e+00, gap 0.0000%
