
Gurobi 11.0.3 (linux64, Java) logging started sex 19 dez 2025 05:53:05 -03

Set parameter WLSAccessID
Set parameter WLSSecret
Set parameter LicenseID to value 2566693
Academic license 2566693 - for non-commercial use only - registered to ja___@ufv.br
Set parameter NonConvex to value 2
Set parameter TimeLimit to value 3600
Set parameter LogToConsole to value 0
Set parameter MIPGap to value 2.8398712201892718e-08
Set parameter Threads to value 1
Set parameter NodefileDir to value "/home/ps12398/gp-momulap/goalProgrammingMarcos/"
Set parameter NodefileStart to value 0.1
Gurobi Optimizer version 11.0.3 build v11.0.3rc0 (linux64)

CPU model: Intel(R) Xeon(R) CPU           X5650  @ 2.67GHz, instruction set [SSE2]
Thread count: 12 physical cores, 24 logical processors, using up to 1 threads

Academic license 2566693 - for non-commercial use only - registered to ja___@ufv.br
Optimize a model with 257348 rows, 174944 columns and 1943134 nonzeros
Model fingerprint: 0xf20300a0
Model has 300 quadratic constraints
Variable types: 87326 continuous, 87618 integer (295 binary)
Coefficient statistics:
  Matrix range     [3e-03, 3e+06]
  QMatrix range    [3e-03, 5e+04]
  QLMatrix range   [1e+00, 5e+04]
  Objective range  [1e+00, 7e+07]
  Bounds range     [1e+00, 1e+08]
  RHS range        [1e+00, 1e+07]
  QRHS range       [3e-03, 3e-03]
Presolve removed 253880 rows and 171206 columns
Presolve time: 0.98s
Presolved: 5482 rows, 4355 columns, 777638 nonzeros
Presolved model has 2 SOS constraint(s)
Presolved model has 295 bilinear constraint(s)

Solving non-convex MIQCP

Variable types: 1051 continuous, 3304 integer (297 binary)
Found heuristic solution: objective 2.981265e+07

Root relaxation: objective 0.000000e+00, 642 iterations, 0.32 seconds (0.28 work units)
Total elapsed time = 5.46s (DegenMoves)

    Nodes    |    Current Node    |     Objective Bounds      |     Work
 Expl Unexpl |  Obj  Depth IntInf | Incumbent    BestBd   Gap | It/Node Time

     0     0    0.00000    0  521 2.9813e+07    0.00000   100%     -    5s
H    0     0                    1.726479e+07    0.00000   100%     -    5s
     0     0    0.00000    0  467 1.7265e+07    0.00000   100%     -    7s
H    0     0                    9232917.1005    0.00000   100%     -    7s
     0     0    0.00000    0  467 9232917.10    0.00000   100%     -    8s
     0     0    0.00000    0  385 9232917.10    0.00000   100%     -   10s
H    0     0                    1441558.9479    0.00000   100%     -   11s
     0     0    0.00000    0  385 1441558.95    0.00000   100%     -   11s
     0     0    0.00000    0  385 1441558.95    0.00000   100%     -   12s
     0     0    0.00000    0  385 1441558.95    0.00000   100%     -   17s
H    0     0                    584647.69788    0.00000   100%     -   24s
     0     2    0.00000    0  385 584647.698    0.00000   100%     -   26s
    29    30    0.00000   21  352 584647.698    0.00000   100%  54.0   30s
    76    77    0.00000   55  334 584647.698    0.00000   100%  38.1   35s
H   89    88                    447936.04929    0.00000   100%  33.0   36s
   135   136    0.00000  109  304 447936.049    0.00000   100%  22.4   40s
   150   151    0.00000  123  295 447936.049    0.00000   100%  20.4   95s
   190   187    0.00000  144  363 447936.049    0.00000   100%  34.8  100s
H  234   229                    440758.76287    0.00000   100%  29.0  104s
   246   243    0.00000  191  334 440758.763    0.00000   100%  27.6  105s
   315   312    0.00000  255  307 440758.763    0.00000   100%  22.0  110s
H  364   359                    440758.71984    0.00000   100%  19.4  113s
   381   378    0.00000  313  300 440758.720    0.00000   100%  18.7  115s
   421   418    0.00000  346  304 440758.720    0.00000   100%  17.3  120s
   462   459    0.00000  382  332 440758.720    0.00000   100%  16.9  127s
   509   506    0.00000  422  301 440758.720    0.00000   100%  16.1  130s
   581   578    0.00000  467  295 440758.720    0.00000   100%  14.5  135s
   644   641    0.00000  501  302 440758.720    0.00000   100%  13.5  140s
   717   714    0.00000  557  297 440758.720    0.00000   100%  13.7  145s
   781   776    0.00000  607  297 440758.720    0.00000   100%  14.4  150s
   858   853 1005.19768  671  297 440758.720    0.00000   100%  14.9  155s
   925   920 2005.81059  735  297 440758.720    0.00000   100%  14.4  160s
   976   971 2402.84331  783  298 440758.720    0.00000   100%  14.1  165s
   993   988 2519.87835  798  297 440758.720    0.00000   100%  13.9  176s
  1048  1043 4786.20839  851  298 440758.720    0.00000   100%  13.5  180s
  1149  1144 5108.77772  950  296 440758.720    0.00000   100%  12.7  185s
  1204  1199 5703.88614  995  297 440758.720    0.00000   100%  12.4  190s
  1278  1273 14142.6681 1066  297 440758.720    0.00000   100%  11.9  195s
  1353  1348 14378.9141 1135  298 440758.720    0.00000   100%  11.6  200s
H 1364  1357                    277078.05983    0.00000   100%  11.5  204s
  1367  1362 14468.0271 1149  298 277078.060    0.00000   100%  11.5  205s
H 1378  1371                    276972.12287    0.00000   100%  11.5  205s
  1436  1431 15214.6508 1209  298 276972.123    0.00000   100%  11.4  210s
  1515  1510 26304.5243 1280  296 276972.123    0.00000   100%  11.2  215s
  1588  1583 112579.359 1336  299 276972.123    0.00000   100%  10.8  220s
  1663  1658 113822.830 1391  295 276972.123    0.00000   100%  10.5  225s
  1715  1710 113958.208 1426  297 276972.123    0.00000   100%  10.4  230s
  1762  1757 114091.532 1457  295 276972.123    0.00000   100%  10.3  235s
  1814  1809 114228.858 1492  297 276972.123    0.00000   100%  10.2  240s
  1938  1933 114666.387 1575  296 276972.123    0.00000   100%   9.7  245s
  2078  2073 114925.804 1669  296 276972.123    0.00000   100%   9.2  250s
  2214  2209 115182.520 1759  296 276972.123    0.00000   100%   8.7  255s
  2331  2326 115428.692 1844  295 276972.123    0.00000   100%   8.4  260s
H 2378  2371                    184463.68734    0.00000   100%   8.4  265s
  2427  2422 126724.552 1920  348 184463.687    0.00000   100%   8.4  270s
  2503  2498 133693.310 1977  332 184463.687    0.00000   100%   8.2  275s
  2551  2545 15512.7984 1258 1371 184463.687    0.00000   100%   8.0  297s
  2553  2546 114035.859 1445  289 184463.687    0.00000   100%   8.0  307s
  2555  2548 130029.733 1976  147 184463.687    0.00000   100%   8.0  311s
  2556  2548 1297.66390  697   53 184463.687    0.00000   100%   8.0  318s
  2557  2549 59205.4342  638   53 184463.687    0.00000   100%   8.0  323s
  2558  2550 29316.1345 1281   52 184463.687    0.00000   100%   8.0  327s
  2559  2550 14142.6681 1087   52 184463.687    0.00000   100%   8.0  336s
  2560  2553    0.00000   12  346 184463.687    0.00000   100%   9.4  345s
  2562  2554    0.00000   13  345 184463.687    0.00000   100%   9.4  351s
  2564  2556    0.00000   14  343 184463.687    0.00000   100%   9.4  356s
  2565  2556    0.00000   14  354 184463.687    0.00000   100%   9.4  360s
  2568  2558    0.00000   16  341 184463.687    0.00000   100%   9.4  367s
  2569  2559    0.00000   16  341 184463.687    0.00000   100%   9.4  370s
  2571  2560    0.00000   17  340 184463.687    0.00000   100%   9.4  375s
  2574  2562    0.00000   19  337 184463.687    0.00000   100%   9.4  382s
  2575  2563    0.00000   19  380 184463.687    0.00000   100%   9.5  385s
  2577  2564    0.00000   20  336 184463.687    0.00000   100%   9.5  392s
  2579  2566    0.00000   21  335 184463.687    0.00000   100%   9.5  397s
  2580  2566    0.00000   22  334 184463.687    0.00000   100%   9.5  400s
  2582  2568    0.00000   23  333 184463.687    0.00000   100%   9.4  406s
  2584  2569    0.00000   24  332 184463.687    0.00000   100%   9.4  412s
  2586  2570    0.00000   25  331 184463.687    0.00000   100%   9.4  416s
  2588  2572    0.00000   26  333 184463.687    0.00000   100%   9.4  420s
  2590  2573    0.00000   27  329 184463.687    0.00000   100%   9.4  425s
  2593  2575    0.00000   28  328 184463.687    0.00000   100%   9.4  432s
  2594  2576    0.00000   29  330 184463.687    0.00000   100%   9.4  435s
  2597  2578    0.00000   30  330 184463.687    0.00000   100%   9.5  442s
  2598  2578    0.00000   31  331 184463.687    0.00000   100%   9.5  445s
  2602  2581    0.00000   33  328 184463.687    0.00000   100%   9.5  452s
  2604  2582    0.00000   34  327 184463.687    0.00000   100%   9.5  457s
  2605  2583    0.00000   34  327 184463.687    0.00000   100%   9.5  460s
  2607  2584    0.00000   35  326 184463.687    0.00000   100%   9.5  466s
  2609  2586    0.00000   36  327 184463.687    0.00000   100%   9.5  471s
  2611  2587    0.00000   37  324 184463.687    0.00000   100%   9.5  477s
  2612  2588    0.00000   38  325 184463.687    0.00000   100%   9.5  480s
  2614  2589    0.00000   39  322 184463.687    0.00000   100%   9.5  487s
  2615  2590    0.00000   39  322 184463.687    0.00000   100%   9.5  490s
  2617  2591    0.00000   40  321 184463.687    0.00000   100%   9.5  496s
  2619  2592    0.00000   41  325 184463.687    0.00000   100%   9.5  502s
  2621  2594    0.00000   42  331 184463.687    0.00000   100%   9.5  505s
  2623  2595    0.00000   43  329 184463.687    0.00000   100%   9.5  512s
  2624  2596    0.00000   44  320 184463.687    0.00000   100%   9.5  515s
  2626  2597    0.00000   45  319 184463.687    0.00000   100%   9.5  521s
  2628  2598    0.00000   46  318 184463.687    0.00000   100%   9.5  526s
  2630  2600    0.00000   47  317 184463.687    0.00000   100%   9.5  532s
  2631  2600    0.00000   47  317 184463.687    0.00000   100%   9.5  535s
  2633  2602    0.00000   48  316 184463.687    0.00000   100%   9.5  540s
  2635  2603    0.00000   49  316 184463.687    0.00000   100%   9.5  546s
  2637  2604    0.00000   50  319 184463.687    0.00000   100%   9.5  552s
  2638  2605    0.00000   51  315 184463.687    0.00000   100%   9.5  555s
  2640  2606    0.00000   52  314 184463.687    0.00000   100%   9.5  562s
  2642  2608    0.00000   53  313 184463.687    0.00000   100%   9.5  566s
  2644  2609    0.00000   54  312 184463.687    0.00000   100%   9.4  572s
  2645  2610    0.00000   54  312 184463.687    0.00000   100%   9.4  575s
  2647  2611    0.00000   55  316 184463.687    0.00000   100%   9.4  581s
  2649  2612    0.00000   56  310 184463.687    0.00000   100%   9.4  587s
  2650  2613    0.00000   57  309 184463.687    0.00000   100%   9.4  590s
  2652  2614    0.00000   58  310 184463.687    0.00000   100%   9.4  596s
  2654  2616    0.00000   59  314 184463.687    0.00000   100%   9.4  602s
  2656  2617    0.00000   60  312 184463.687    0.00000   100%   9.4  606s
  2658  2618    0.00000   61  309 184463.687    0.00000   100%   9.4  612s
  2659  2619    0.00000   61  310 184463.687    0.00000   100%   9.4  615s
  2661  2620    0.00000   62  308 184463.687    0.00000   100%   9.4  621s
  2663  2622    0.00000   63  307 184463.687    0.00000   100%   9.4  627s
  2664  2622    0.00000   64  307 184463.687    0.00000   100%   9.4  631s
  2666  2624    0.00000   65  307 184463.687    0.00000   100%   9.4  637s
  2667  2624    0.00000   65  306 184463.687    0.00000   100%   9.4  640s
  2669  2626    0.00000   66  306 184463.687    0.00000   100%   9.4  646s
  2671  2627    0.00000   67  305 184463.687    0.00000   100%   9.4  653s
  2672  2628    0.00000   68  304 184463.687    0.00000   100%   9.4  656s
  2674  2629    0.00000   69  303 184463.687    0.00000   100%   9.4  662s
  2675  2630    0.00000   69  307 184463.687    0.00000   100%   9.4  665s
  2677  2631    0.00000   70  302 184463.687    0.00000   100%   9.4  671s
  2679  2632    0.00000   71  304 184463.687    0.00000   100%   9.4  678s
  2680  2633    0.00000   72  300 184463.687    0.00000   100%   9.4  681s
  2682  2634    0.00000   73  298 184463.687    0.00000   100%   9.4  687s
  2683  2635    0.00000   73  302 184463.687    0.00000   100%   9.4  690s
  2685  2636    0.00000   74  300 184463.687    0.00000   100%   9.4  695s
  2688  2638    0.00000   76  303 184463.687    0.00000   100%   9.4  700s
  2692  2641    0.00000   78  303 184463.687    0.00000   100%   9.4  706s
  2695  2643    0.00000   79  303 184463.687    0.00000   100%   9.5  711s
  2698  2645    0.00000   81  298 184463.687    0.00000   100%   9.6  716s
  2700  2646    0.00000   82  297 184463.687    0.00000   100%   9.6  720s
  2703  2648    0.00000   83  302 184463.687    0.00000   100%   9.6  726s
  2706  2650    0.00000   85  295 184463.687    0.00000   100%   9.6  732s
  2708  2652    0.00000   86  306 184463.687    0.00000   100%   9.6  736s
  2710  2653    0.00000   87  295 184463.687    0.00000   100%   9.6  741s
  2712  2654    0.00000   88  306 184463.687    0.00000   100%   9.6  746s
  2714  2656    0.00000   89  295 184463.687    0.00000   100%   9.6  751s
  2716  2657    0.00000   90  306 184463.687    0.00000   100%   9.6  755s
  2718  2658    0.00000   91  295 184463.687    0.00000   100%   9.6  760s
  2721  2660    0.00000   92  295 184463.687    0.00000   100%   9.6  767s
  2723  2662    0.00000   93  306 184463.687    0.00000   100%   9.7  771s
  2725  2663    0.00000   94  307 184463.687    0.00000   100%   9.7  776s
  2728  2665    0.00000   96  297 184463.687    0.00000   100%   9.7  780s
  2732  2668    0.00000   98  297 184463.687    0.00000   100%   9.7  787s
  2734  2669    0.00000   99  295 184463.687    0.00000   100%   9.7  791s
  2736  2670    0.00000  100  297 184463.687    0.00000   100%   9.7  796s
  2738  2672    0.00000  101  294 184463.687    0.00000   100%   9.7  800s
  2742  2674    0.00000  103  295 184463.687    0.00000   100%   9.7  805s
  2747  2678    0.00000  105  296 184463.687    0.00000   100%   9.7  810s
  2751  2680    0.00000  107  293 184463.687    0.00000   100%   9.7  815s
  2755  2683    0.00000  109  296 184463.687    0.00000   100%   9.7  820s
  2760  2684    0.00000  112  297 184463.687    0.00000   100%   9.8  825s
  2764  2687    0.00000  114  297 184463.687    0.00000   100%   9.8  830s
  2768  2690    0.00000  116  297 184463.687    0.00000   100%   9.8  835s
  2771  2692    0.00000  117  300 184463.687    0.00000   100%   9.9  841s
  2774  2694    0.00000  119  297 184463.687    0.00000   100%   9.9  845s
  2777  2696    0.00000  120  295 184463.687    0.00000   100%   9.9  850s
  2781  2698    0.00000  122  298 184463.687    0.00000   100%   9.9  855s
  2785  2701    0.00000  124  295 184463.687    0.00000   100%  10.0  860s
  2788  2703    0.00000  126  297 184463.687    0.00000   100%  10.0  865s
  2792  2706    0.00000  128  297 184463.687    0.00000   100%  10.1  870s
  2796  2708    0.00000  130  297 184463.687    0.00000   100%  10.1  875s
  2800  2711    0.00000  132  297 184463.687    0.00000   100%  10.2  881s
  2803  2713    0.00000  133  297 184463.687    0.00000   100%  10.4  885s
  2807  2716    0.00000  135  296 184463.687    0.00000   100%  10.4  890s
  2811  2718    0.00000  137  299 184463.687    0.00000   100%  10.5  895s
  2815  2721    0.00000  139  297 184463.687    0.00000   100%  10.5  900s
  2818  2723    0.00000  141  295 184463.687    0.00000   100%  10.5  905s
  2823  2726    0.00000  143  304 184463.687    0.00000   100%  10.5  910s
  2827  2729    0.00000  145  295 184463.687    0.00000   100%  10.5  915s
  2832  2732    0.00000  148  295 184463.687    0.00000   100%  10.5  921s
  2836  2735    0.00000  150  295 184463.687    0.00000   100%  10.5  926s
  2840  2738    0.00000  152  295 184463.687    0.00000   100%  10.6  930s
  2844  2740    0.00000  154  295 184463.687    0.00000   100%  10.6  935s
  2849  2744    0.00000  156  293 184463.687    0.00000   100%  10.6  940s
  2853  2746    0.00000  158  302 184463.687    0.00000   100%  10.6  946s
  2856  2748    0.00000  160  295 184463.687    0.00000   100%  10.6  950s
  2861  2752    0.00000  162  293 184463.687    0.00000   100%  10.7  955s
  2865  2754    0.00000  164  293 184463.687    0.00000   100%  10.6  960s
  2870  2758    0.00000  167  295 184463.687    0.00000   100%  10.7  966s
  2874  2760    0.00000  169  298 184463.687    0.00000   100%  10.6  970s
  2878  2763    0.00000  171  298 184463.687    0.00000   100%  10.7  975s
  2881  2765    0.00000  172  296 184463.687    0.00000   100%  10.7  980s
  2885  2768    0.00000  174  293 184463.687    0.00000   100%  10.7  985s
  2890  2771    0.00000  177  298 184463.687    0.00000   100%  10.7  991s
  2894  2774    0.00000  179  298 184463.687    0.00000   100%  10.7  995s
  2898  2776    0.00000  181  295 184463.687    0.00000   100%  10.8 1001s
  2902  2779    0.00000  183  295 184463.687    0.00000   100%  10.8 1005s
  2907  2782    0.00000  185  293 184463.687    0.00000   100%  10.7 1010s
  2911  2785    0.00000  187  293 184463.687    0.00000   100%  10.8 1015s
  2914  2787    0.00000  189  298 184463.687    0.00000   100%  10.8 1020s
  2918  2790    0.00000  191  295 184463.687    0.00000   100%  10.9 1025s
  2923  2793    0.00000  193  293 184463.687    0.00000   100%  10.8 1030s
  2927  2796    0.00000  195  293 184463.687    0.00000   100%  10.8 1035s
  2932  2799    0.00000  198  295 184463.687    0.00000   100%  10.8 1041s
  2936  2802    0.00000  200  295 184463.687    0.00000   100%  10.8 1045s
  2940  2804    0.00000  202  298 184463.687    0.00000   100%  10.8 1050s
  2943  2806    0.00000  203  298 184463.687    0.00000   100%  10.8 1055s
  2947  2809    0.00000  205  293 184463.687    0.00000   100%  10.8 1060s
  2951  2812    0.00000  207  293 184463.687    0.00000   100%  10.8 1065s
  2955  2814    0.00000  209  293 184463.687    0.00000   100%  10.8 1070s
  2958  2816    0.00000  211  295 184463.687    0.00000   100%  10.8 1076s
  2962  2819    0.00000  213  298 184463.687    0.00000   100%  10.8 1080s
  2966  2822    0.00000  215  295 184463.687    0.00000   100%  10.8 1085s
  2970  2824    0.00000  217  299 184463.687    0.00000   100%  10.8 1090s
  2975  2828    0.00000  219  293 184463.687    0.00000   100%  10.8 1095s
  2979  2830    0.00000  221  293 184463.687    0.00000   100%  10.8 1100s
  2984  2834    0.00000  224  295 184463.687    0.00000   100%  10.8 1105s
  2988  2836    0.00000  226  295 184463.687    0.00000   100%  10.8 1110s
  2992  2839    0.00000  228  295 184463.687    0.00000   100%  10.8 1115s
  2996  2842    0.00000  230  295 184463.687    0.00000   100%  10.8 1120s
  3000  2844    0.00000  232  295 184463.687    0.00000   100%  10.8 1125s
  3005  2848    0.00000  234  295 184463.687    0.00000   100%  10.8 1131s
  3009  2850    0.00000  236  293 184463.687    0.00000   100%  10.8 1135s
  3012  2852    0.00000  238  295 184463.687    0.00000   100%  10.8 1141s
  3016  2855    0.00000  240  295 184463.687    0.00000   100%  10.8 1145s
  3020  2858    0.00000  242  295 184463.687    0.00000   100%  10.8 1150s
  3024  2860    0.00000  244  295 184463.687    0.00000   100%  10.7 1155s
  3028  2863    0.00000  246  295 184463.687    0.00000   100%  10.8 1160s
  3033  2866    0.00000  248  299 184463.687    0.00000   100%  10.8 1165s
  3037  2869    0.00000  250  293 184463.687    0.00000   100%  10.8 1170s
  3042  2872    0.00000  253  295 184463.687    0.00000   100%  10.8 1176s
  3045  2874    0.00000  254  293 184463.687    0.00000   100%  10.9 1180s
  3049  2877    0.00000  256  293 184463.687    0.00000   100%  10.9 1185s
  3054  2880    0.00000  259  295 184463.687    0.00000   100%  10.9 1191s
  3058  2883    0.00000  261  297 184463.687    0.00000   100%  10.9 1196s
  3062  2886    0.00000  263  295 184463.687    0.00000   100%  10.8 1201s
  3066  2888    0.00000  265  295 184463.687    0.00000   100%  10.8 1205s
  3070  2891    0.00000  267  295 184463.687    0.00000   100%  10.8 1210s
  3074  2894    0.00000  269  298 184463.687    0.00000   100%  10.8 1215s
  3077  2896    0.00000  270  301 184463.687    0.00000   100%  10.9 1221s
  3080  2898    0.00000  272  297 184463.687    0.00000   100%  10.9 1225s
  3083  2900    0.00000  273  299 184463.687    0.00000   100%  10.9 1230s
  3088  2903    0.00000  276  295 184463.687    0.00000   100%  10.9 1236s
  3092  2906    0.00000  278  298 184463.687    0.00000   100%  10.9 1240s
  3096  2908    0.00000  280  295 184463.687    0.00000   100%  10.9 1245s
  3100  2911    0.00000  282  295 184463.687    0.00000   100%  10.9 1250s
  3104  2914    0.00000  284  298 184463.687    0.00000   100%  10.9 1255s
  3108  2916    0.00000  286  298 184463.687    0.00000   100%  10.9 1262s
  3111  2918    0.00000  287  304 184463.687    0.00000   100%  11.0 1265s
  3115  2921    0.00000  289  297 184463.687    0.00000   100%  11.0 1270s
  3120  2924    0.00000  292  295 184463.687    0.00000   100%  11.0 1275s
  3125  2928    0.00000  294  293 184463.687    0.00000   100%  11.0 1280s
  3130  2931    0.00000  297  295 184463.687    0.00000   100%  11.0 1285s
  3132  2932    0.00000  298  295 184463.687    0.00000   100%  11.0 1291s
  3137  2936    0.00000  300  293 184463.687    0.00000   100%  11.0 1295s
  3143  2940    0.00000  303  293 184463.687    0.00000   100%  11.0 1300s
  3148  2943    0.00000  306  299 184463.687    0.00000   100%  11.0 1305s
  3155  2948    0.00000  309  296 184463.687    0.00000   100%  11.0 1310s
  3162  2952    0.00000  313  298 184463.687    0.00000   100%  11.0 1315s
  3167  2956    0.00000  315  297 184463.687    0.00000   100%  11.0 1320s
  3172  2959    0.00000  318  297 184463.687    0.00000   100%  11.0 1325s
  3177  2962    0.00000  320  294 184463.687    0.00000   100%  11.0 1330s
  3181  2965    0.00000  322  296 184463.687    0.00000   100%  11.0 1335s
  3186  2968    0.00000  325  296 184463.687    0.00000   100%  10.9 1340s
  3192  2972    0.00000  328  295 184463.687    0.00000   100%  10.9 1345s
  3197  2976    0.00000  330  292 184463.687    0.00000   100%  10.9 1350s
  3202  2979    0.00000  333  297 184463.687    0.00000   100%  10.9 1355s
  3206  2982    0.00000  335  294 184463.687    0.00000   100%  10.9 1360s
  3208  2983    0.00000  336  292 184463.687    0.00000   100%  10.9 1365s
  3214  2984    0.00000  339  295 184463.687    0.00000   100%  10.9 1370s
  3220  2988    0.00000  342  293 184463.687    0.00000   100%  10.9 1375s
  3226  2990    0.00000  344  293 184463.687    0.00000   100%  10.9 1380s
  3234  2991 4161.33412  348  295 184463.687    0.00000   100%  10.9 1387s
  3238  2994 4259.51603  350  295 184463.687    0.00000   100%  10.8 1390s
  3245  2999 6084.46312  353  296 184463.687    0.00000   100%  10.8 1395s
  3252  3003 4652.82464  357  295 184463.687    0.00000   100%  10.8 1400s
  3259  3008 10063.1803  360  293 184463.687    0.00000   100%  10.8 1405s
  3264  3011 4940.78145  363  295 184463.687    0.00000   100%  10.8 1410s
  3271  3016 10063.1803  366  293 184463.687    0.00000   100%  10.7 1415s
  3278  3021 5220.67487  370  295 184463.687    0.00000   100%  10.7 1420s
  3285  3025 6457.85020  373  296 184463.687    0.00000   100%  10.7 1425s
  3291  3029 10063.1803  376  293 184463.687    0.00000   100%  10.7 1430s
  3298  3034 5672.38591  380  295 184463.687    0.00000   100%  10.7 1435s
  3304  3038 5848.67115  383  295 184463.687    0.00000   100%  10.7 1440s
  3311  3043 10063.1803  386  293 184463.687    0.00000   100%  10.6 1445s
  3318  3047 6101.67208  390  295 184463.687    0.00000   100%  10.6 1450s
  3324  3051 6259.61452  393  295 184463.687    0.00000   100%  10.6 1455s
  3331  3056 10063.1803  396  293 184463.687    0.00000   100%  10.6 1460s
  3339  3061 10063.1803  400  293 184463.687    0.00000   100%  10.6 1465s
  3346  3066 6657.54060  404  295 184463.687    0.00000   100%  10.5 1470s
  3353  3071 7075.04915  407  296 184463.687    0.00000   100%  10.5 1475s
  3360  3075 6954.15354  411  295 184463.687    0.00000   100%  10.5 1480s
  3368  3081 7101.73754  415  295 184463.687    0.00000   100%  10.5 1485s
  3371  3083 10063.1803  416  293 184463.687    0.00000   100%  10.5 1490s
  3377  3087 7294.94050  419  296 184463.687    0.00000   100%  10.5 1495s
  3384  3091 7376.86255  423  295 184463.687    0.00000   100%  10.4 1500s
  3390  3095 7423.21356  426  296 184463.687    0.00000   100%  10.4 1505s
  3395  3099 7471.61944  428  296 184463.687    0.00000   100%  10.4 1510s
  3399  3101 7458.16854  430  296 184463.687    0.00000   100%  10.4 1515s
  3406  3106 7432.98057  434  295 184463.687    0.00000   100%  10.4 1520s
  3413  3111 8267.92390  437  293 184463.687    0.00000   100%  10.4 1525s
  3420  3113 8267.92390  441  295 184463.687    0.00000   100%  10.4 1530s
  3424  3116 8267.92390  443  295 184463.687    0.00000   100%  10.4 1535s
  3431  3119 8267.92390  446  295 184463.687    0.00000   100%  10.4 1540s
  3439  3122 20305.0500  450  294 184463.687    0.00000   100%  10.4 1545s
  3450  3119 29056.5161  456  295 184463.687    0.00000   100%  10.4 1551s
  3460  3116 43245.8084  461  295 184463.687    0.00000   100%  10.5 1555s
  3471  3111 infeasible  466      184463.687    0.00000   100%  10.5 1560s
  3478  3110 52338.1919  470  295 184463.687    0.00000   100%  10.6 1565s
  3488  3107 66546.6783  475  295 184463.687    0.00000   100%  10.6 1570s
  3496  3104 81034.5441  479  295 184463.687    0.00000   100%  10.7 1575s
  3507  3099 infeasible  484      184463.687    0.00000   100%  10.8 1580s
  3518  3097 104505.075  490  295 184463.687    0.00000   100%  10.9 1585s
  3530  3093 118776.510  496  295 184463.687    0.00000   100%  11.1 1590s
  3536  3089 infeasible  499      184463.687    0.00000   100%  11.1 1595s
  3540  3089    0.00000   99  296 184463.687    0.00000   100%  11.1 1601s
  3542  3091    0.00000  100  299 184463.687    0.00000   100%  11.1 1605s
  3545  3093    0.00000  102  297 184463.687    0.00000   100%  11.1 1610s
  3549  3095    0.00000  104  298 184463.687    0.00000   100%  11.1 1615s
  3553  3096    0.00000  106  296 184463.687    0.00000   100%  11.2 1622s
  3559  3100    0.00000  109  295 184463.687    0.00000   100%  11.2 1625s
  3565  3104    0.00000  112  294 184463.687    0.00000   100%  11.2 1630s
  3574  3110    0.00000  116  295 184463.687    0.00000   100%  11.2 1635s
  3584  3117    0.00000  121  294 184463.687    0.00000   100%  11.3 1640s
  3593  3123    0.00000  126  294 184463.687    0.00000   100%  11.3 1645s
  3603  3129    0.00000  131  294 184463.687    0.00000   100%  11.2 1650s
  3613  3136    0.00000  136  298 184463.687    0.00000   100%  11.2 1655s
  3620  3141    0.00000  139  295 184463.687    0.00000   100%  11.2 1660s
  3630  3147    0.00000  144  294 184463.687    0.00000   100%  11.2 1665s
  3638  3153    0.00000  148  294 184463.687    0.00000   100%  11.2 1670s
  3646  3158    0.00000  152  294 184463.687    0.00000   100%  11.2 1675s
  3654  3163    0.00000  156  298 184463.687    0.00000   100%  11.2 1682s
  3660  3167    0.00000  159  297 184463.687    0.00000   100%  11.3 1686s
  3667  3172    0.00000  163  296 184463.687    0.00000   100%  11.3 1690s
  3674  3177    0.00000  166  297 184463.687    0.00000   100%  11.4 1695s
  3682  3182    0.00000  170  294 184463.687    0.00000   100%  11.5 1700s
  3691  3188    0.00000  175  293 184463.687    0.00000   100%  11.5 1705s
  3698  3193    0.00000  178  291 184463.687    0.00000   100%  11.6 1710s
  3708  3199    0.00000  183  293 184463.687    0.00000   100%  11.6 1715s
  3717  3205    0.00000  188  293 184463.687    0.00000   100%  11.6 1720s
  3725  3211    0.00000  192  293 184463.687    0.00000   100%  11.7 1725s
  3734  3217    0.00000  196  291 184463.687    0.00000   100%  11.7 1730s
  3743  3223    0.00000  201  293 184463.687    0.00000   100%  11.7 1735s
  3752  3228    0.00000  205  291 184463.687    0.00000   100%  11.7 1740s
  3761  3234    0.00000  210  296 184463.687    0.00000   100%  11.7 1745s
  3770  3239    0.00000  214  291 184463.687    0.00000   100%  11.7 1750s
  3778  3243    0.00000  218  291 184463.687    0.00000   100%  11.7 1755s
  3787  3249    0.00000  223  293 184463.687    0.00000   100%  11.7 1760s
  3797  3256    0.00000  228  293 184463.687    0.00000   100%  11.7 1765s
  3804  3260    0.00000  231  294 184463.687    0.00000   100%  11.8 1770s
  3814  3267    0.00000  236  291 184463.687    0.00000   100%  11.8 1775s
  3824  3274    0.00000  241  295 184463.687    0.00000   100%  11.8 1780s
  3832  3279    0.00000  245  292 184463.687    0.00000   100%  11.8 1785s
  3838  3283    0.00000  248  299 184463.687    0.00000   100%  11.9 1790s
  3849  3288    0.00000  254  295 184463.687    0.00000   100%  12.0 1795s
  3856  3293    0.00000  257  292 184463.687    0.00000   100%  12.0 1800s
  3859  3295    0.00000  259  292 184463.687    0.00000   100%  12.0 1805s
  3864  3298    0.00000  261  290 184463.687    0.00000   100%  12.0 1811s
  3869  3300    0.00000  264  294 184463.687    0.00000   100%  12.0 1815s
  3874  3302    0.00000  266  298 184463.687    0.00000   100%  12.0 1820s
  3880  3305    0.00000  269  290 184463.687    0.00000   100%  12.1 1825s
  3884  3308    0.00000  271  292 184463.687    0.00000   100%  12.1 1831s
  3887  3309    0.00000  273  297 184463.687    0.00000   100%  12.1 1835s
  3892  3311    0.00000  275  290 184463.687    0.00000   100%  12.1 1840s
  3897  3314    0.00000  278  295 184463.687    0.00000   100%  12.1 1845s
  3902  3317    0.00000  280  290 184463.687    0.00000   100%  12.2 1850s
  3907  3319    0.00000  283  298 184463.687    0.00000   100%  12.2 1855s
  3912  3322    0.00000  285  297 184463.687    0.00000   100%  12.2 1860s
  3918  3324    0.00000  289  292 184463.687    0.00000   100%  12.3 1865s
  3924  3327    0.00000  292  296 184463.687    0.00000   100%  12.3 1870s
  3930  3330    0.00000  295  297 184463.687    0.00000   100%  12.4 1875s
  3937  3335    0.00000  299  291 184463.687    0.00000   100%  12.4 1880s
  3941  3338    0.00000  301  291 184463.687    0.00000   100%  12.4 1909s
  3942  3338    0.00000  301  289 184463.687    0.00000   100%  12.4 1910s
  3949  3343    0.00000  305  292 184463.687    0.00000   100%  12.4 1915s
  3956  3348    0.00000  308  291 184463.687    0.00000   100%  12.4 1920s
  3962  3351    0.00000  311  293 184463.687    0.00000   100%  12.4 1925s
  3968  3353    0.00000  314  288 184463.687    0.00000   100%  12.4 1930s
  3980  3357    0.00000  320  289 184463.687    0.00000   100%  12.4 1935s
  3988  3362    0.00000  324  288 184463.687    0.00000   100%  12.4 1940s
  3996  3367    0.00000  328  288 184463.687    0.00000   100%  12.4 1945s
  4007  3375    0.00000  334  290 184463.687    0.00000   100%  12.3 1950s
  4017  3381    0.00000  339  290 184463.687    0.00000   100%  12.3 1955s
  4027  3388    0.00000  344  290 184463.687    0.00000   100%  12.3 1960s
  4038  3395    0.00000  349  288 184463.687    0.00000   100%  12.3 1965s
  4049  3403    0.00000  355  290 184463.687    0.00000   100%  12.2 1970s
  4059  3409    0.00000  360  293 184463.687    0.00000   100%  12.2 1975s
  4069  3416    0.00000  365  290 184463.687    0.00000   100%  12.2 1980s
  4079  3423    0.00000  370  290 184463.687    0.00000   100%  12.2 1985s
  4089  3429    0.00000  375  290 184463.687    0.00000   100%  12.2 1990s
  4100  3437    0.00000  380  288 184463.687    0.00000   100%  12.1 1995s
  4111  3444    0.00000  386  290 184463.687    0.00000   100%  12.1 2000s
  4121  3451    0.00000  391  291 184463.687    0.00000   100%  12.1 2005s
  4132  3458    0.00000  396  290 184463.687    0.00000   100%  12.1 2010s
  4142  3465    0.00000  401  288 184463.687    0.00000   100%  12.1 2015s
  4152  3471    0.00000  406  288 184463.687    0.00000   100%  12.0 2020s
  4163  3479    0.00000  412  292 184463.687    0.00000   100%  12.1 2025s
  4173  3485    0.00000  417  293 184463.687    0.00000   100%  12.0 2030s
  4182  3491    0.00000  421  290 184463.687    0.00000   100%  12.0 2037s
  4187  3494    0.00000  424  291 184463.687    0.00000   100%  12.0 2040s
  4200  3493 16240.6790  430  290 184463.687    0.00000   100%  12.0 2045s
  4211  3499 16245.0697  436  290 184463.687    0.00000   100%  12.0 2050s
  4221  3505 16245.0697  441  290 184463.687    0.00000   100%  11.9 2055s
  4231  3512 16251.9304  446  290 184463.687    0.00000   100%  11.9 2060s
  4241  3519 16251.9304  451  290 184463.687    0.00000   100%  11.9 2065s
  4251  3525 16257.2322  456  290 184463.687    0.00000   100%  11.9 2070s
  4262  3533 17429.6054  461  290 184463.687    0.00000   100%  11.9 2075s
  4269  3537 17469.5526  465  290 184463.687    0.00000   100%  11.8 2080s
  4277  3543 21886.6906  469  290 184463.687    0.00000   100%  11.8 2085s
  4286  3549 38742.5420  473  290 184463.687    0.00000   100%  11.8 2090s
  4293  3553 39552.6534  477  290 184463.687    0.00000   100%  11.8 2095s
  4301  3559 54106.0245  481  290 184463.687    0.00000   100%  11.8 2100s
  4309  3560 62121.7599  485  290 184463.687    0.00000   100%  11.8 2105s
  4320  3555 infeasible  490      184463.687    0.00000   100%  11.8 2110s
  4331  3553 78696.8055  496  290 184463.687    0.00000   100%  11.8 2115s
  4345  3548 113227.312  503  289 184463.687    0.00000   100%  11.9 2121s
  4355  3545 113232.089  508  289 184463.687    0.00000   100%  11.9 2125s
  4367  3541 134023.211  514  289 184463.687    0.00000   100%  11.9 2130s
  4378  3536    0.00000  109  293 184463.687    0.00000   100%  11.9 2135s
  4383  3539    0.00000  111  298 184463.687    0.00000   100%  11.9 2140s
  4390  3544    0.00000  115  298 184463.687    0.00000   100%  12.0 2145s
  4395  3547    0.00000  117  296 184463.687    0.00000   100%  12.0 2152s
  4396  3548    0.00000  118  300 184463.687    0.00000   100%  12.0 2155s
  4398  3549    0.00000  119  300 184463.687    0.00000   100%  12.0 2160s
  4401  3551    0.00000  120  298 184463.687    0.00000   100%  12.0 2165s
  4404  3553    0.00000  122  299 184463.687    0.00000   100%  12.0 2172s
  4406  3555    0.00000  123  296 184463.687    0.00000   100%  12.0 2176s
  4408  3556    0.00000  124  298 184463.687    0.00000   100%  12.0 2180s
  4410  3557    0.00000  125  296 184463.687    0.00000   100%  12.0 2186s
  4412  3559    0.00000  126  298 184463.687    0.00000   100%  12.0 2192s
  4414  3560    0.00000  127  300 184463.687    0.00000   100%  12.0 2197s
  4415  3561    0.00000  127  296 184463.687    0.00000   100%  12.0 2200s
  4417  3562    0.00000  128  298 184463.687    0.00000   100%  12.0 2205s
  4419  3563    0.00000  129  295 184463.687    0.00000   100%  12.0 2210s
  4422  3565    0.00000  131  298 184463.687    0.00000   100%  12.0 2217s
  4424  3567    0.00000  132  298 184463.687    0.00000   100%  12.0 2222s
  4426  3568    0.00000  133  298 184463.687    0.00000   100%  12.0 2226s
  4428  3569    0.00000  134  298 184463.687    0.00000   100%  12.1 2232s
  4430  3571    0.00000  135  298 184463.687    0.00000   100%  12.1 2235s
  4433  3573    0.00000  136  297 184463.687    0.00000   100%  12.1 2242s
  4434  3573    0.00000  137  297 184463.687    0.00000   100%  12.1 2245s
  4436  3575    0.00000  138  297 184463.687    0.00000   100%  12.1 2250s
  4438  3576    0.00000  139  295 184463.687    0.00000   100%  12.1 2256s
  4440  3577    0.00000  140  297 184463.687    0.00000   100%  12.1 2260s
  4442  3579    0.00000  141  297 184463.687    0.00000   100%  12.1 2266s
  4444  3580    0.00000  142  297 184463.687    0.00000   100%  12.1 2270s
  4448  3583    0.00000  144  297 184463.687    0.00000   100%  12.1 2277s
  4449  3583    0.00000  144  296 184463.687    0.00000   100%  12.1 2280s
  4451  3585    0.00000  145  296 184463.687    0.00000   100%  12.2 2285s
  4453  3586    0.00000  146  296 184463.687    0.00000   100%  12.2 2290s
  4455  3586    0.00000  147  304 184463.687    0.00000   100%  12.2 2296s
  4457  3588    0.00000  148  293 184463.687    0.00000   100%  12.2 2302s
  4458  3588    0.00000  149  295 184463.687    0.00000   100%  12.2 2305s
  4460  3590    0.00000  150  293 184463.687    0.00000   100%  12.2 2310s
  4462  3591    0.00000  151  298 184463.687    0.00000   100%  12.2 2317s
  4464  3592    0.00000  152  298 184463.687    0.00000   100%  12.2 2323s
  4466  3594    0.00000  153  298 184463.687    0.00000   100%  12.2 2327s
  4468  3595    0.00000  154  299 184463.687    0.00000   100%  12.3 2331s
  4470  3596    0.00000  155  299 184463.687    0.00000   100%  12.3 2337s
  4471  3597    0.00000  155  305 184463.687    0.00000   100%  12.4 2340s
  4474  3599    0.00000  157  299 184463.687    0.00000   100%  12.4 2346s
  4476  3600    0.00000  158  297 184463.687    0.00000   100%  12.4 2350s
  4480  3601    0.00000  160  293 184463.687    0.00000   100%  12.6 2356s
  4482  3602    0.00000  161  298 184463.687    0.00000   100%  12.6 2361s
  4486  3602    0.00000  163  295 184463.687    0.00000   100%  12.6 2366s
  4489  3603    0.00000  165  294 184463.687    0.00000   100%  12.6 2370s
  4492  3605    0.00000  167  295 184463.687    0.00000   100%  12.6 2376s
  4494  3606    0.00000  168  293 184463.687    0.00000   100%  12.6 2381s
  4496  3608    0.00000  169  291 184463.687    0.00000   100%  12.6 2385s
  4499  3610    0.00000  170  291 184463.687    0.00000   100%  12.6 2391s
  4503  3612    0.00000  172  292 184463.687    0.00000   100%  12.6 2395s
  4506  3614    0.00000  174  295 184463.687    0.00000   100%  12.7 2400s
  4511  3617    0.00000  176  301 184463.687    0.00000   100%  12.8 2405s
  4515  3619    0.00000  178  294 184463.687    0.00000   100%  12.8 2410s
  4519  3622    0.00000  180  296 184463.687    0.00000   100%  12.8 2416s
  4523  3625    0.00000  182  294 184463.687    0.00000   100%  12.8 2421s
  4527  3627    0.00000  184  297 184463.687    0.00000   100%  12.8 2426s
  4530  3629    0.00000  186  293 184463.687    0.00000   100%  12.8 2430s
  4533  3631    0.00000  187  292 184463.687    0.00000   100%  12.8 2435s
  4537  3634    0.00000  189  290 184463.687    0.00000   100%  12.8 2440s
  4541  3637    0.00000  191  291 184463.687    0.00000   100%  12.8 2446s
  4544  3639    0.00000  193  293 184463.687    0.00000   100%  12.8 2450s
  4547  3641    0.00000  194  293 184463.687    0.00000   100%  12.8 2455s
  4551  3643    0.00000  196  292 184463.687    0.00000   100%  12.8 2460s
  4556  3647    0.00000  199  295 184463.687    0.00000   100%  12.8 2465s
  4561  3650    0.00000  201  292 184463.687    0.00000   100%  12.8 2470s
  4564  3652    0.00000  203  291 184463.687    0.00000   100%  12.8 2475s
  4569  3655    0.00000  205  293 184463.687    0.00000   100%  12.8 2481s
  4573  3658    0.00000  207  292 184463.687    0.00000   100%  12.8 2485s
  4578  3661    0.00000  210  291 184463.687    0.00000   100%  12.8 2490s
  4582  3664    0.00000  212  291 184463.687    0.00000   100%  12.8 2495s
  4587  3667    0.00000  214  293 184463.687    0.00000   100%  12.8 2500s
  4591  3670    0.00000  216  296 184463.687    0.00000   100%  12.9 2506s
  4595  3673    0.00000  218  293 184463.687    0.00000   100%  12.9 2511s
  4598  3675    0.00000  220  291 184463.687    0.00000   100%  12.9 2515s
  4602  3677    0.00000  222  291 184463.687    0.00000   100%  12.9 2520s
  4606  3680    0.00000  224  291 184463.687    0.00000   100%  12.9 2525s
  4610  3683    0.00000  226  291 184463.687    0.00000   100%  12.9 2530s
  4614  3685    0.00000  228  291 184463.687    0.00000   100%  12.9 2535s
  4619  3689    0.00000  230  292 184463.687    0.00000   100%  12.9 2540s
  4623  3691    0.00000  232  290 184463.687    0.00000   100%  12.9 2545s
  4629  3695    0.00000  235  292 184463.687    0.00000   100%  12.9 2550s
  4634  3699    0.00000  238  294 184463.687    0.00000   100%  12.9 2555s
  4639  3702    0.00000  240  292 184463.687    0.00000   100%  12.9 2561s
  4642  3704    0.00000  242  291 184463.687    0.00000   100%  12.9 2566s
  4644  3705    0.00000  243  291 184463.687    0.00000   100%  12.9 2570s
  4649  3709    0.00000  245  293 184463.687    0.00000   100%  12.9 2575s
  4652  3711    0.00000  247  296 184463.687    0.00000   100%  12.9 2580s
  4656  3713    0.00000  249  292 184463.687    0.00000   100%  12.9 2585s
  4659  3715    0.00000  250  290 184463.687    0.00000   100%  12.9 2590s
  4663  3718    0.00000  252  298 184463.687    0.00000   100%  12.9 2595s
  4667  3721    0.00000  254  291 184463.687    0.00000   100%  12.9 2600s
  4672  3724    0.00000  257  292 184463.687    0.00000   100%  12.9 2606s
  4675  3726    0.00000  258  291 184463.687    0.00000   100%  13.0 2610s
  4679  3729    0.00000  260  291 184463.687    0.00000   100%  13.0 2615s
  4684  3732    0.00000  263  291 184463.687    0.00000   100%  12.9 2621s
  4688  3735    0.00000  265  291 184463.687    0.00000   100%  13.0 2625s
  4691  3737    0.00000  266  290 184463.687    0.00000   100%  13.0 2630s
  4696  3740    0.00000  269  291 184463.687    0.00000   100%  13.0 2636s
  4700  3743    0.00000  271  291 184463.687    0.00000   100%  13.0 2640s
  4704  3745    0.00000  273  291 184463.687    0.00000   100%  13.0 2645s
  4709  3749    0.00000  275  292 184463.687    0.00000   100%  13.0 2650s
  4713  3751    0.00000  277  293 184463.687    0.00000   100%  13.0 2655s
  4718  3755    0.00000  280  291 184463.687    0.00000   100%  13.0 2660s
  4722  3757    0.00000  282  291 184463.687    0.00000   100%  13.0 2665s
  4725  3759    0.00000  283  290 184463.687    0.00000   100%  13.0 2670s
  4727  3761    0.00000  284  294 184463.687    0.00000   100%  13.0 2675s
  4732  3764    0.00000  287  291 184463.687    0.00000   100%  13.0 2680s
  4736  3767    0.00000  289  291 184463.687    0.00000   100%  12.9 2685s
  4740  3769    0.00000  291  291 184463.687    0.00000   100%  12.9 2690s
  4745  3773    0.00000  293  290 184463.687    0.00000   100%  12.9 2696s
  4749  3775    0.00000  295  291 184463.687    0.00000   100%  12.9 2700s
  4753  3778    0.00000  297  290 184463.687    0.00000   100%  12.9 2705s
  4757  3781    0.00000  299  290 184463.687    0.00000   100%  12.9 2711s
  4760  3783    0.00000  301  291 184463.687    0.00000   100%  12.9 2718s
  4762  3784    0.00000  302  291 184463.687    0.00000   100%  12.9 2721s
  4766  3787    0.00000  304  293 184463.687    0.00000   100%  12.9 2725s
  4770  3789    0.00000  306  291 184463.687    0.00000   100%  12.9 2730s
  4775  3793    0.00000  308  292 184463.687    0.00000   100%  12.9 2735s
  4781  3797    0.00000  311  292 184463.687    0.00000   100%  12.8 2740s
  4786  3800    0.00000  314  293 184463.687    0.00000   100%  12.8 2745s
  4792  3804    0.00000  317  295 184463.687    0.00000   100%  12.8 2750s
  4795  3806    0.00000  318  293 184463.687    0.00000   100%  12.8 2755s
  4800  3809    0.00000  321  294 184463.687    0.00000   100%  12.8 2760s
  4804  3812    0.00000  323  292 184463.687    0.00000   100%  12.8 2765s
  4809  3815    0.00000  325  292 184463.687    0.00000   100%  12.8 2770s
  4814  3819    0.00000  328  292 184463.687    0.00000   100%  12.8 2775s
  4820  3823    0.00000  331  295 184463.687    0.00000   100%  12.8 2780s
  4825  3826    0.00000  333  292 184463.687    0.00000   100%  12.8 2785s
  4829  3829    0.00000  335  288 184463.687    0.00000   100%  12.8 2790s
  4833  3831    0.00000  337  289 184463.687    0.00000   100%  12.8 2795s
  4839  3835    0.00000  340  290 184463.687    0.00000   100%  12.7 2800s
  4845  3839    0.00000  343  292 184463.687    0.00000   100%  12.7 2805s
  4849  3842    0.00000  345  290 184463.687    0.00000   100%  12.7 2810s
  4854  3845    0.00000  348  288 184463.687    0.00000   100%  12.7 2816s
  4857  3847    0.00000  349  288 184463.687    0.00000   100%  12.7 2820s
  4860  3849    0.00000  351  291 184463.687    0.00000   100%  12.7 2825s
  4866  3853    0.00000  354  287 184463.687    0.00000   100%  12.7 2830s
  4872  3857    0.00000  357  287 184463.687    0.00000   100%  12.7 2835s
  4877  3861    0.00000  359  285 184463.687    0.00000   100%  12.7 2840s
  4882  3864    0.00000  362  287 184463.687    0.00000   100%  12.6 2845s
  4887  3867    0.00000  364  285 184463.687    0.00000   100%  12.6 2850s
  4893  3871    0.00000  367  285 184463.687    0.00000   100%  12.6 2855s
  4899  3875    0.00000  370  285 184463.687    0.00000   100%  12.6 2860s
  4904  3879    0.00000  373  287 184463.687    0.00000   100%  12.6 2865s
  4910  3883    0.00000  376  287 184463.687    0.00000   100%  12.6 2870s
  4913  3885    0.00000  377  285 184463.687    0.00000   100%  12.6 2876s
  4917  3887    0.00000  379  285 184463.687    0.00000   100%  12.6 2880s
  4923  3891    0.00000  382  285 184463.687    0.00000   100%  12.5 2885s
  4924  3892    0.00000  383  287 184463.687    0.00000   100%  12.5 2907s
  4927  3894    0.00000  384  285 184463.687    0.00000   100%  12.5 2910s
  4933  3898    0.00000  387  285 184463.687    0.00000   100%  12.5 2915s
  4939  3902    0.00000  390  285 184463.687    0.00000   100%  12.5 2920s
  4945  3903    0.00000  394  291 184463.687    0.00000   100%  12.5 2925s
  4950  3906    0.00000  396  290 184463.687    0.00000   100%  12.5 2930s
  4955  3910    0.00000  399  287 184463.687    0.00000   100%  12.5 2935s
  4961  3914    0.00000  402  291 184463.687    0.00000   100%  12.5 2940s
  4967  3918    0.00000  405  286 184463.687    0.00000   100%  12.5 2947s
  4972  3919    0.00000  407  289 184463.687    0.00000   100%  12.5 2950s
  4978  3923    0.00000  410  289 184463.687    0.00000   100%  12.5 2955s
  4985  3927    0.00000  414  291 184463.687    0.00000   100%  12.5 2960s
  4991  3930    0.00000  417  293 184463.687    0.00000   100%  12.5 2965s
  4999  3933    0.00000  421  289 184463.687    0.00000   100%  12.4 2970s
  5007  3936    0.00000  425  285 184463.687    0.00000   100%  12.4 2975s
  5014  3941    0.00000  428  283 184463.687    0.00000   100%  12.4 2980s
  5021  3946    0.00000  432  287 184463.687    0.00000   100%  12.4 2985s
  5027  3950 2779.90317  435  288 184463.687    0.00000   100%  12.4 2990s
  5034  3954    0.00000  438  286 184463.687    0.00000   100%  12.4 2995s
  5041  3959 3324.63263  442  287 184463.687    0.00000   100%  12.4 3000s
  5048  3964    0.00000  445  284 184463.687    0.00000   100%  12.3 3008s
  5051  3966    0.00000  447  286 184463.687    0.00000   100%  12.3 3010s
  5058  3970    0.00000  450  289 184463.687    0.00000   100%  12.3 3015s
  5065  3975    0.00000  454  283 184463.687    0.00000   100%  12.3 3020s
  5073  3978    0.00000  458  285 184463.687    0.00000   100%  12.3 3025s
  5079  3982  178.49554  461  288 184463.687    0.00000   100%  12.3 3030s
  5086  3987  178.49554  464  288 184463.687    0.00000   100%  12.3 3035s
  5092  3991    0.00000  467  285 184463.687    0.00000   100%  12.3 3040s
  5099  3996  178.49554  471  288 184463.687    0.00000   100%  12.3 3045s
  5105  4000    0.00000  474  285 184463.687    0.00000   100%  12.3 3050s
  5111  4004  178.49554  477  288 184463.687    0.00000   100%  12.3 3055s
  5118  4008  178.49554  480  288 184463.687    0.00000   100%  12.3 3060s
  5124  4012    0.00000  483  285 184463.687    0.00000   100%  12.2 3065s
  5130  4016  178.49554  486  288 184463.687    0.00000   100%  12.2 3070s
  5136  4020    0.00000  489  285 184463.687    0.00000   100%  12.2 3075s
  5143  4025  178.49554  493  288 184463.687    0.00000   100%  12.2 3080s
  5149  4029    0.00000  496  285 184463.687    0.00000   100%  12.2 3085s
  5155  4033    0.00000  499  284 184463.687    0.00000   100%  12.2 3090s
  5161  4037    0.00000  502  284 184463.687    0.00000   100%  12.2 3095s
  5167  4041    0.00000  505  284 184463.687    0.00000   100%  12.2 3100s
  5174  4046  178.49554  508  289 184463.687    0.00000   100%  12.2 3105s
  5180  4050  178.49554  511  289 184463.687    0.00000   100%  12.2 3110s
  5186  4054  178.49554  514  289 184463.687    0.00000   100%  12.2 3115s
  5192  4058    0.00000  517  284 184463.687    0.00000   100%  12.2 3120s
  5199  4062    0.00000  521  284 184463.687    0.00000   100%  12.2 3125s
  5205  4066    0.00000  524  284 184463.687    0.00000   100%  12.2 3130s
  5212  4071  178.49554  527  289 184463.687    0.00000   100%  12.1 3135s
  5218  4075    0.00000  530  284 184463.687    0.00000   100%  12.1 3140s
  5225  4080    0.00000  534  284 184463.687    0.00000   100%  12.1 3145s
  5231  4084    0.00000  537  284 184463.687    0.00000   100%  12.1 3150s
  5238  4088  178.49554  540  289 184463.687    0.00000   100%  12.1 3155s
  5243  4092    0.00000  543  284 184463.687    0.00000   100%  12.1 3160s
  5250  4096  178.49554  546  289 184463.687    0.00000   100%  12.1 3165s
  5256  4100  178.49554  549  289 184463.687    0.00000   100%  12.1 3170s
  5263  4105    0.00000  553  284 184463.687    0.00000   100%  12.1 3175s
  5269  4109    0.00000  556  284 184463.687    0.00000   100%  12.1 3180s
  5275  4113    0.00000  559  284 184463.687    0.00000   100%  12.1 3185s
  5282  4118  178.49554  562  289 184463.687    0.00000   100%  12.1 3190s
  5289  4122    0.00000  566  284 184463.687    0.00000   100%  12.1 3195s
  5294  4126  178.49554  568  289 184463.687    0.00000   100%  12.1 3200s
  5301  4130    0.00000  572  284 184463.687    0.00000   100%  12.1 3205s
  5307  4134    0.00000  575  284 184463.687    0.00000   100%  12.1 3210s
  5314  4139  178.49554  578  289 184463.687    0.00000   100%  12.0 3215s
  5320  4143  178.49554  581  289 184463.687    0.00000   100%  12.0 3220s
  5327  4148    0.00000  585  284 184463.687    0.00000   100%  12.0 3225s
  5333  4152    0.00000  588  284 184463.687    0.00000   100%  12.0 3230s
  5339  4156    0.00000  591  284 184463.687    0.00000   100%  12.0 3235s
  5345  4160    0.00000  594  284 184463.687    0.00000   100%  12.0 3240s
  5351  4164    0.00000  597  284 184463.687    0.00000   100%  12.0 3245s
  5358  4168  178.49554  600  289 184463.687    0.00000   100%  12.0 3250s
  5364  4172  178.49554  603  289 184463.687    0.00000   100%  12.0 3255s
  5371  4177    0.00000  607  284 184463.687    0.00000   100%  12.0 3260s
  5377  4181  178.49554  610  289 184463.687    0.00000   100%  12.0 3265s
  5384  4186  178.49554  613  289 184463.687    0.00000   100%  12.0 3270s
  5390  4190  178.49554  616  289 184463.687    0.00000   100%  12.0 3275s
  5396  4194  178.49554  619  289 184463.687    0.00000   100%  12.0 3280s
  5403  4198    0.00000  623  284 184463.687    0.00000   100%  12.0 3285s
  5409  4202    0.00000  626  284 184463.687    0.00000   100%  12.0 3290s
  5416  4207  178.49554  629  289 184463.687    0.00000   100%  12.0 3295s
  5422  4211  178.49554  632  289 184463.687    0.00000   100%  11.9 3300s
  5429  4216    0.00000  636  284 184463.687    0.00000   100%  11.9 3305s
  5435  4220    0.00000  639  284 184463.687    0.00000   100%  11.9 3310s
  5441  4224    0.00000  642  284 184463.687    0.00000   100%  11.9 3315s
  5448  4228  178.49554  645  289 184463.687    0.00000   100%  11.9 3320s
  5454  4232  178.49554  648  289 184463.687    0.00000   100%  11.9 3325s
  5461  4237    0.00000  652  284 184463.687    0.00000   100%  11.9 3330s
  5468  4242  178.49554  655  289 184463.687    0.00000   100%  11.9 3335s
  5474  4246  178.49554  658  289 184463.687    0.00000   100%  11.9 3340s
  5480  4250  178.49554  661  289 184463.687    0.00000   100%  11.9 3345s
  5487  4254    0.00000  665  284 184463.687    0.00000   100%  11.9 3350s
  5493  4258    0.00000  668  286 184463.687    0.00000   100%  11.9 3355s
  5500  4263    0.00000  671  285 184463.687    0.00000   100%  11.9 3360s
  5506  4267    0.00000  674  285 184463.687    0.00000   100%  11.9 3365s
  5513  4270  189.04412  678  289 184463.687    0.00000   100%  11.9 3370s
  5519  4274  219.17216  681  287 184463.687    0.00000   100%  11.9 3375s
  5525  4278  189.04412  684  286 184463.687    0.00000   100%  11.9 3380s
  5532  4282  219.17216  687  286 184463.687    0.00000   100%  11.9 3385s
  5534  4284  219.17216  688  286 184463.687    0.00000   100%  11.9 3390s
  5539  4287  219.17216  691  286 184463.687    0.00000   100%  11.9 3399s
  5540  4288  249.87200  691  286 184463.687    0.00000   100%  11.9 3400s
  5546  4292  249.87200  694  285 184463.687    0.00000   100%  11.8 3405s
  5553  4294  249.87200  698  285 184463.687    0.00000   100%  11.8 3410s
  5559  4298 2289.09253  701  288 184463.687    0.00000   100%  11.8 3415s
  5564  4302  249.87200  703  285 184463.687    0.00000   100%  11.8 3420s
  5571  4306 2289.09253  707  288 184463.687    0.00000   100%  11.8 3425s
  5577  4310  249.87200  710  285 184463.687    0.00000   100%  11.8 3430s
  5583  4314 2289.09253  713  288 184463.687    0.00000   100%  11.8 3435s
  5588  4318  249.87200  715  285 184463.687    0.00000   100%  11.8 3440s
  5594  4322 2289.09253  718  288 184463.687    0.00000   100%  11.8 3445s
  5601  4326  249.87200  722  285 184463.687    0.00000   100%  11.7 3450s
  5607  4330 2289.09253  725  288 184463.687    0.00000   100%  11.7 3455s
  5613  4334  249.87200  728  285 184463.687    0.00000   100%  11.7 3460s
  5616  4336  249.87200  729  285 184463.687    0.00000   100%  11.7 3465s
  5622  4340 2289.09253  732  288 184463.687    0.00000   100%  11.7 3470s
  5628  4344  249.87200  735  285 184463.687    0.00000   100%  11.7 3475s
  5634  4348 2289.09253  738  288 184463.687    0.00000   100%  11.7 3480s
  5640  4352  249.87200  741  285 184463.687    0.00000   100%  11.7 3485s
  5643  4354 2289.09253  743  288 184463.687    0.00000   100%  11.7 3490s
  5649  4358  249.87200  746  285 184463.687    0.00000   100%  11.7 3495s
  5656  4363  249.87200  749  285 184463.687    0.00000   100%  11.6 3500s
  5662  4367 2289.09253  752  288 184463.687    0.00000   100%  11.6 3505s
  5668  4371  249.87200  755  285 184463.687    0.00000   100%  11.6 3510s
  5674  4375 2289.09253  758  288 184463.687    0.00000   100%  11.6 3515s
  5680  4379 1234.61913  761  285 184463.687    0.00000   100%  11.6 3520s
  5686  4383 2289.09253  764  288 184463.687    0.00000   100%  11.6 3525s
  5692  4387 1323.28089  767  285 184463.687    0.00000   100%  11.6 3530s
  5698  4391 2289.09253  770  288 184463.687    0.00000   100%  11.6 3535s
  5705  4396 1411.79920  774  285 184463.687    0.00000   100%  11.6 3540s
  5711  4400 2289.09253  777  288 184463.687    0.00000   100%  11.5 3545s
  5717  4404 1500.17406  780  285 184463.687    0.00000   100%  11.5 3550s
  5724  4408 1559.01094  783  285 184463.687    0.00000   100%  11.5 3555s
  5729  4412 1588.40547  786  285 184463.687    0.00000   100%  11.5 3560s
  5735  4416 2289.09253  789  288 184463.687    0.00000   100%  11.5 3565s
  5742  4420 2289.09253  792  288 184463.687    0.00000   100%  11.5 3570s
  5748  4424 1735.13904  795  285 184463.687    0.00000   100%  11.5 3575s
  5754  4428 2289.09253  798  288 184463.687    0.00000   100%  11.5 3580s
  5760  4432 1822.98792  801  285 184463.687    0.00000   100%  11.5 3585s
  5767  4437 2289.09253  805  288 184463.687    0.00000   100%  11.4 3590s
  5773  4441 1910.69334  808  285 184463.687    0.00000   100%  11.4 3595s
  5779  4445 2289.09253  811  288 184463.687    0.00000   100%  11.4 3600s

Cutting planes:
  Gomory: 12
  Implied bound: 1
  MIR: 297
  StrongCG: 22
  Flow cover: 91
  RLT: 9
  Relax-and-lift: 2

Explored 5780 nodes (68611 simplex iterations) in 3600.06 seconds (1698.39 work units)
Thread count was 1 (of 24 available processors)

Solution count 10: 184464 276972 277078 ... 2.98126e+07

Time limit reached
Best objective 1.844636873353e+05, best bound 0.000000000000e+00, gap 100.0000%
