
Gurobi 11.0.3 (linux64, Java) logging started sex 19 dez 2025 03:31:18 -03

Set parameter WLSAccessID
Set parameter WLSSecret
Set parameter LicenseID to value 2566693
Academic license 2566693 - for non-commercial use only - registered to ja___@ufv.br
Set parameter NonConvex to value 2
Set parameter TimeLimit to value 3600
Set parameter LogToConsole to value 0
Set parameter MIPGap to value 2.8398712201892718e-08
Set parameter Threads to value 1
Set parameter NodefileDir to value "/home/ps12398/gp-momulap/goalProgrammingMarcos/"
Set parameter NodefileStart to value 0.1
Gurobi Optimizer version 11.0.3 build v11.0.3rc0 (linux64)

CPU model: Intel(R) Xeon(R) CPU           X5650  @ 2.67GHz, instruction set [SSE2]
Thread count: 12 physical cores, 24 logical processors, using up to 1 threads

Academic license 2566693 - for non-commercial use only - registered to ja___@ufv.br
Optimize a model with 257348 rows, 174944 columns and 1943134 nonzeros
Model fingerprint: 0x7735ff58
Model has 300 quadratic constraints
Variable types: 87326 continuous, 87618 integer (295 binary)
Coefficient statistics:
  Matrix range     [3e-03, 3e+06]
  QMatrix range    [3e-03, 5e+04]
  QLMatrix range   [1e+00, 5e+04]
  Objective range  [1e+00, 7e+07]
  Bounds range     [1e+00, 1e+08]
  RHS range        [1e+00, 1e+06]
  QRHS range       [1e-01, 1e-01]
Presolve removed 253880 rows and 171206 columns
Presolve time: 0.96s
Presolved: 5482 rows, 4355 columns, 777638 nonzeros
Presolved model has 2 SOS constraint(s)
Presolved model has 295 bilinear constraint(s)

Solving non-convex MIQCP

Variable types: 1051 continuous, 3304 integer (297 binary)
Found heuristic solution: objective 2.979209e+07

Root relaxation: objective 0.000000e+00, 463 iterations, 0.16 seconds (0.07 work units)
Total elapsed time = 5.67s (DegenMoves)

    Nodes    |    Current Node    |     Objective Bounds      |     Work
 Expl Unexpl |  Obj  Depth IntInf | Incumbent    BestBd   Gap | It/Node Time

     0     0    0.00000    0  436 2.9792e+07    0.00000   100%     -    5s
     0     0    0.00000    0  518 2.9792e+07    0.00000   100%     -    6s
     0     0    0.00000    0  511 2.9792e+07    0.00000   100%     -    7s
     0     0    0.00000    0  365 2.9792e+07    0.00000   100%     -   11s
     0     0    0.00000    0  364 2.9792e+07    0.00000   100%     -   12s
     0     0    0.00000    0  364 2.9792e+07    0.00000   100%     -   13s
     0     0    0.00000    0  364 2.9792e+07    0.00000   100%     -   15s
     0     0    0.00000    0  363 2.9792e+07    0.00000   100%     -   17s
     0     0    0.00000    0  363 2.9792e+07    0.00000   100%     -   20s
     0     2    0.00000    0  363 2.9792e+07    0.00000   100%     -   27s
    11    13    0.00000    8  382 2.9792e+07    0.00000   100%  65.3   30s
    28    30    0.00000   23  318 2.9792e+07    0.00000   100%  46.3   35s
    57    59    0.00000   46  312 2.9792e+07    0.00000   100%  63.2   40s
    79    81    0.00000   66  295 2.9792e+07    0.00000   100%  54.7   86s
   113   113    0.00000   90  296 2.9792e+07    0.00000   100%  51.7   90s
   156   156    0.00000  115  301 2.9792e+07    0.00000   100%  53.5   95s
   198   198    0.00000  156  295 2.9792e+07    0.00000   100%  42.4  100s
H  208   206                    2.502480e+07    0.00000   100%  40.4  103s
   225   225    0.00000  183  295 2.5025e+07    0.00000   100%  37.4  105s
H  234   232                    2.227419e+07    0.00000   100%  36.0  108s
   253   253    0.00000  211  297 2.2274e+07    0.00000   100%  34.2  110s
   324   324  253.57415  269  297 2.2274e+07    0.00000   100%  29.1  115s
H  351   349                    1294960.8141    0.00000   100%  27.0  120s
H  378   376                    1286293.5063    0.00000   100%  25.2  124s
   399   399  565.84461  334  297 1286293.51    0.00000   100%  23.9  125s
   469   469  641.80238  400  298 1286293.51    0.00000   100%  20.6  130s
   593   593  876.59512  500  298 1286293.51    0.00000   100%  16.6  135s
   705   705 1877.85450  591  297 1286293.51    0.00000   100%  14.4  140s
   784   784 3648.57995  658  298 1286293.51    0.00000   100%  13.2  146s
   880   880 5545.04895  753  299 1286293.51    0.00000   100%  11.9  150s
   993   993 10624.8537  860  295 1286293.51    0.00000   100%  11.3  156s
  1062  1062 23203.9065  919  296 1286293.51    0.00000   100%  11.3  160s
  1174  1174 24301.2924 1019  296 1286293.51    0.00000   100%  10.8  165s
  1274  1274 25425.7652 1119  296 1286293.51    0.00000   100%  10.2  170s
H 1378  1376                    816764.91257    0.00000   100%   9.6  176s
H 1405  1403                    762074.11527    0.00000   100%   9.5  178s
  1437  1437 27294.4823 1281  296 762074.115    0.00000   100%   9.3  180s
  1539  1539 28492.6219 1382  296 762074.115    0.00000   100%   8.9  185s
  1639  1639 29629.0404 1482  296 762074.115    0.00000   100%   8.6  190s
  1744  1744 30796.7532 1586  296 762074.115    0.00000   100%   8.2  195s
  1851  1851 39685.0802 1685  296 762074.115    0.00000   100%   8.8  200s
  1931  1931 47607.1674 1764  295 762074.115    0.00000   100%   9.5  205s
  1986  1986 49131.1372 1816  295 762074.115    0.00000   100%  10.0  212s
  2051  2051 51091.1326 1881  295 762074.115    0.00000   100%  10.6  215s
  2236  2236 56596.3660 2066  295 762074.115    0.00000   100%  12.2  220s
  2404  2404 61504.0585 2234  296 762074.115    0.00000   100%  13.5  225s
H 2405  2401                    223603.39971    0.00000   100%  13.5  231s
H 2458  2454                    137625.44454    0.00000   100%  13.8  234s
  2468  2460 81476.9036 2292  298 137625.445    0.00000   100%  13.8  235s
  2543  2531     cutoff 2363      137625.445    0.00000   100%  13.8  240s
  2551  2538 32970.5776 1631 1371 137625.445    0.00000   100%  13.8  256s
  2553  2539 30586.9017 1566  237 137625.445    0.00000   100%  13.8  270s
  2554  2540 40301.2230 1691  264 137625.445    0.00000   100%  13.8  276s
  2555  2541 27327.5937 1288  252 137625.445    0.00000   100%  13.8  280s
  2556  2541 55022.6703 2016  242 137625.445    0.00000   100%  13.8  291s
  2558  2543 10656.5563  846  246 137625.445    0.00000   100%  13.7  302s
  2559  2543 28897.5046 1419  214 137625.445    0.00000   100%  13.7  306s
  2560  2544 10659.0466  854   82 137625.445    0.00000   100%  13.7  315s
  2562  2545 3895.72788  486  182 137625.445    0.00000   100%  13.7  324s
  2563  2546 32324.1907 1625  182 137625.445    0.00000   100%  13.7  327s
H 2563  2418                    100451.62325    0.00000   100%  13.7  333s
  2565  2419 51985.2290 1910  152 100451.623    0.00000   100%  13.7  336s
  2566  2420 41262.8951 1698  119 100451.623    0.00000   100%  13.7  341s
  2568  2421 81752.0687 2306   99 100451.623    0.00000   100%  13.7  349s
  2569  2422 5514.44389  568   57 100451.623    0.00000   100%  13.7  350s
  2571  2423 48587.4508 1798   78 100451.623    0.00000   100%  13.7  359s
  2572  2424 33089.0413 1634   78 100451.623    0.00000   100%  13.7  372s
H 2572  2302                    80766.552418    0.00000   100%  21.2  376s
  2575  2306    0.00000   11  350 80766.5524    0.00000   100%  21.6  381s
  2579  2309    0.00000   13  342 80766.5524    0.00000   100%  21.6  386s
  2582  2311    0.00000   14  341 80766.5524    0.00000   100%  21.6  390s
  2587  2314    0.00000   17  340 80766.5524    0.00000   100%  21.7  395s
  2591  2317    0.00000   19  327 80766.5524    0.00000   100%  21.8  400s
  2594  2319    0.00000   20  320 80766.5524    0.00000   100%  21.8  406s
H 2598  2204                    73737.929101    0.00000   100%  21.9  412s
  2600  2208    0.00000   23  322 73737.9291    0.00000   100%  21.9  415s
  2605  2211    0.00000   26  321 73737.9291    0.00000   100%  22.0  421s
  2609  2214    0.00000   28  325 73737.9291    0.00000   100%  22.2  425s
  2612  2216    0.00000   29  323 73737.9291    0.00000   100%  22.3  430s
  2616  2218    0.00000   31  318 73737.9291    0.00000   100%  22.4  435s
  2620  2221    0.00000   33  316 73737.9291    0.00000   100%  22.5  441s
  2624  2224    0.00000   35  316 73737.9291    0.00000   100%  22.5  446s
  2627  2226    0.00000   37  335 73737.9291    0.00000   100%  22.6  450s
  2632  2229    0.00000   39  315 73737.9291    0.00000   100%  22.7  455s
  2638  2233    0.00000   42  316 73737.9291    0.00000   100%  22.7  460s
  2643  2236    0.00000   45  344 73737.9291    0.00000   100%  22.9  465s
  2647  2239    0.00000   47  333 73737.9291    0.00000   100%  22.9  470s
H 2650  2129                    73726.941755    0.00000   100%  23.1  476s
  2652  2132    0.00000   49  354 73726.9418    0.00000   100%  23.3  480s
  2655  2134    0.00000   51  326 73726.9418    0.00000   100%  23.4  485s
  2659  2137    0.00000   53  354 73726.9418    0.00000   100%  23.6  491s
  2662  2139    0.00000   54  319 73726.9418    0.00000   100%  23.7  495s
  2666  2142    0.00000   56  316 73726.9418    0.00000   100%  23.8  501s
  2669  2144    0.00000   58  314 73726.9418    0.00000   100%  23.8  505s
  2673  2146    0.00000   60  312 73726.9418    0.00000   100%  23.8  510s
  2676  2148    0.00000   61  322 73726.9418    0.00000   100%  23.9  515s
  2680  2151    0.00000   63  315 73726.9418    0.00000   100%  24.0  520s
  2684  2154    0.00000   65  329 73726.9418    0.00000   100%  24.0  525s
  2688  2156    0.00000   67  325 73726.9418    0.00000   100%  24.0  530s
  2692  2159    0.00000   70  324 73726.9418    0.00000   100%  24.0  535s
  2696  2162    0.00000   72  317 73726.9418    0.00000   100%  24.2  540s
  2700  2164    0.00000   74  313 73726.9418    0.00000   100%  24.2  545s
  2704  2167    0.00000   76  311 73726.9418    0.00000   100%  24.3  550s
  2708  2170    0.00000   78  310 73726.9418    0.00000   100%  24.3  555s
  2713  2173    0.00000   80  317 73726.9418    0.00000   100%  24.5  561s
  2718  2176    0.00000   83  306 73726.9418    0.00000   100%  24.6  565s
  2722  2178    0.00000   85  299 73726.9418    0.00000   100%  24.5  570s
  2726  2181    0.00000   87  308 73726.9418    0.00000   100%  24.5  575s
H 2728  2076                    73708.306902    0.00000   100%  24.5  578s
  2731  2080    0.00000   90  297 73708.3069    0.00000   100%  24.5  580s
  2739  2085    0.00000   94  296 73708.3069    0.00000   100%  24.5  585s
  2748  2091    0.00000   98  303 73708.3069    0.00000   100%  24.5  590s
  2756  2097    0.00000  102  294 73708.3069    0.00000   100%  24.5  595s
  2761  2100    0.00000  105  299 73708.3069    0.00000   100%  24.4  603s
  2764  2102    0.00000  106  300 73708.3069    0.00000   100%  24.4  606s
  2771  2107    0.00000  110  301 73708.3069    0.00000   100%  24.3  610s
  2778  2111    0.00000  113  295 73708.3069    0.00000   100%  24.3  615s
  2785  2116    0.00000  117  310 73708.3069    0.00000   100%  24.3  620s
  2793  2121    0.00000  121  302 73708.3069    0.00000   100%  24.3  625s
  2802  2127    0.00000  125  295 73708.3069    0.00000   100%  24.3  630s
  2811  2133    0.00000  130  294 73708.3069    0.00000   100%  24.2  635s
  2815  2134    0.00000  132  297 73708.3069    0.00000   100%  24.3  641s
  2822  2139    0.00000  135  294 73708.3069    0.00000   100%  24.2  645s
  2829  2143    0.00000  139  296 73708.3069    0.00000   100%  24.2  650s
  2834  2147    0.00000  141  298 73708.3069    0.00000   100%  24.1  655s
  2842  2152    0.00000  145  295 73708.3069    0.00000   100%  24.1  662s
  2846  2155    0.00000  147  295 73708.3069    0.00000   100%  24.0  665s
  2855  2161    0.00000  152  297 73708.3069    0.00000   100%  24.0  670s
  2860  2164    0.00000  154  296 73708.3069    0.00000   100%  23.9  675s
  2866  2168    0.00000  157  298 73708.3069    0.00000   100%  24.1  680s
H 2869  1782                       0.0000000    0.00000  0.00%  24.1  682s

Cutting planes:
  Gomory: 5
  MIR: 186
  Flow cover: 7
  RLT: 107

Explored 2870 nodes (71700 simplex iterations) in 682.50 seconds (350.56 work units)
Thread count was 1 (of 24 available processors)

Solution count 10: 0 73708.3 73726.9 ... 816765

Optimal solution found (tolerance 2.84e-08)
Best objective 0.000000000000e+00, best bound 0.000000000000e+00, gap 0.0000%
