
Gurobi 11.0.3 (linux64, Java) logging started qui 18 dez 2025 20:55:12 -03

Set parameter WLSAccessID
Set parameter WLSSecret
Set parameter LicenseID to value 2566693
Academic license 2566693 - for non-commercial use only - registered to ja___@ufv.br
Set parameter NonConvex to value 2
Set parameter TimeLimit to value 3600
Set parameter LogToConsole to value 0
Set parameter MIPGap to value 2.8398712201892718e-08
Set parameter Threads to value 1
Set parameter NodefileDir to value "/home/ps12398/gp-momulap/goalProgrammingMarcos/"
Set parameter NodefileStart to value 0.1
Gurobi Optimizer version 11.0.3 build v11.0.3rc0 (linux64)

CPU model: Intel(R) Xeon(R) CPU           X5650  @ 2.67GHz, instruction set [SSE2]
Thread count: 12 physical cores, 24 logical processors, using up to 1 threads

Academic license 2566693 - for non-commercial use only - registered to ja___@ufv.br
Optimize a model with 257348 rows, 174944 columns and 1943134 nonzeros
Model fingerprint: 0x7ada7ca9
Model has 300 quadratic constraints
Variable types: 87326 continuous, 87618 integer (295 binary)
Coefficient statistics:
  Matrix range     [3e-03, 3e+06]
  QMatrix range    [3e-03, 5e+04]
  QLMatrix range   [1e+00, 5e+04]
  Objective range  [1e+00, 7e+07]
  Bounds range     [1e+00, 1e+08]
  RHS range        [1e+00, 9e+06]
Presolve removed 253880 rows and 171206 columns
Presolve time: 1.11s
Presolved: 5482 rows, 4355 columns, 777638 nonzeros
Presolved model has 2 SOS constraint(s)
Presolved model has 295 bilinear constraint(s)

Solving non-convex MIQCP

Variable types: 1051 continuous, 3304 integer (297 binary)
Found heuristic solution: objective 3.266857e+07

Root relaxation: objective 0.000000e+00, 623 iterations, 0.34 seconds (0.21 work units)
Total elapsed time = 6.01s (DegenMoves)

    Nodes    |    Current Node    |     Objective Bounds      |     Work
 Expl Unexpl |  Obj  Depth IntInf | Incumbent    BestBd   Gap | It/Node Time

     0     0    0.00000    0  578 3.2669e+07    0.00000   100%     -    7s
H    0     0                    3.257462e+07    0.00000   100%     -    7s
     0     0    0.00000    0  462 3.2575e+07    0.00000   100%     -    8s
     0     0    0.00000    0  462 3.2575e+07    0.00000   100%     -   11s
     0     0    0.00000    0  444 3.2575e+07    0.00000   100%     -   13s
H    0     0                    2729986.9520    0.00000   100%     -   13s
     0     0    0.00000    0  444 2729986.95    0.00000   100%     -   14s
     0     0    0.00000    0  444 2729986.95    0.00000   100%     -   19s
     0     2    0.00000    0  444 2729986.95    0.00000   100%     -   26s
H   27    27                    1432913.5875    0.00000   100%  22.1   30s
    73    75    0.00000   57  366 1432913.59    0.00000   100%  10.6   35s
   129   131    0.00000  103  347 1432913.59    0.00000   100%   6.9   40s
H  156   156                    1416324.5900    0.00000   100%   6.0   42s
   162   164    0.00000  136  320 1416324.59    0.00000   100%   5.8   45s
   205   207    0.00000  176  303 1416324.59    0.00000   100%   5.1   50s
   222   224    0.00000  191  301 1416324.59    0.00000   100%   9.2   55s
   266   268 1285.38827  228  395 1416324.59    0.00000   100%  12.3   60s
   330   332 2597.73311  276  385 1416324.59    0.00000   100%  10.2   65s
H  364   364                    1404275.0634    0.00000   100%   9.4   68s
   382   384 2955.57994  313  376 1404275.06    0.00000   100%   9.0   70s
   434   436 5918.48444  353  382 1404275.06    0.00000   100%  10.4   75s
H  486   486                    1389183.8991    0.00000   100%  10.0   80s
   547   549 7815.24298  449  371 1389183.90    0.00000   100%   9.8   85s
   598   600 7855.77015  484  363 1389183.90    0.00000   100%   9.1   90s
   653   655 8479.91416  520  360 1389183.90    0.00000   100%   8.6   95s
   711   713 8455.82852  558  342 1389183.90    0.00000   100%   8.2  100s
H  735   735                    1375984.5338    0.00000   100%   8.6  102s
   765   767 8499.64302  594  331 1375984.53    0.00000   100%   9.0  105s
   833   835 11662.1122  647  356 1375984.53    0.00000   100%   9.0  110s
   912   914 11857.6719  721  332 1375984.53    0.00000   100%   8.3  115s
   984   986 12090.2086  778  320 1375984.53    0.00000   100%   7.8  120s
  1044  1046 13915.3664  824  340 1375984.53    0.00000   100%   7.8  125s
H 1093  1093                    1375500.0507    0.00000   100%   8.0  129s
  1106  1108 14107.3689  874  324 1375500.05    0.00000   100%   7.9  130s
  1178  1180 17007.9487  932  334 1375500.05    0.00000   100%   7.9  135s
  1255  1257 17161.7968  998  310 1375500.05    0.00000   100%   7.9  140s
  1323  1325 18932.0615 1059  312 1375500.05    0.00000   100%   8.1  145s
  1380  1382 18878.5849 1108  306 1375500.05    0.00000   100%   8.2  150s
  1440  1442 19513.4435 1165  305 1375500.05    0.00000   100%   8.0  155s
  1506  1508 20205.2068 1229  304 1375500.05    0.00000   100%   7.8  160s
  1561  1563 20842.4465 1283  306 1375500.05    0.00000   100%   7.9  165s
  1621  1623 21450.8810 1340  304 1375500.05    0.00000   100%   7.7  170s
  1681  1683 22235.4346 1395  303 1375500.05    0.00000   100%   7.6  175s
H 1685  1685                    1283396.2805    0.00000   100%   7.6  176s
  1732  1734 22996.7147 1444  305 1283396.28    0.00000   100%   7.4  180s
  1796  1798 23965.6232 1506  304 1283396.28    0.00000   100%   7.3  185s
  1857  1859 68018.8600 1563  303 1283396.28    0.00000   100%   7.1  190s
  1930  1932 25808.3664 1635  304 1283396.28    0.00000   100%   7.0  195s
H 1970  1970                    1258784.5076    0.00000   100%   6.9  198s
  1975  1977 26291.7629 1677  303 1258784.51    0.00000   100%   6.9  200s
  2038  2040 27245.3751 1738  304 1258784.51    0.00000   100%   6.8  205s
  2108  2110 28429.5244 1805  303 1258784.51    0.00000   100%   6.7  210s
  2186  2188 28762.8668 1881  303 1258784.51    0.00000   100%   6.5  215s
  2268  2270 29711.7832 1957  303 1258784.51    0.00000   100%   6.4  220s
  2344  2346 30822.8023 2030  304 1258784.51    0.00000   100%   6.4  225s
  2419  2421 32456.4784 2101  304 1258784.51    0.00000   100%   6.3  230s
H 2433  2433                    1176490.5600    0.00000   100%   6.3  234s
  2447  2449 32872.1287 2127  303 1176490.56    0.00000   100%   6.3  235s
  2519  2521 34044.4612 2199  304 1176490.56    0.00000   100%   6.3  240s
H 2550  2551                    1176490.4549    0.00000   100%   6.2  250s
  2551  2552 19613.9740 1176 1371 1176490.45    0.00000   100%   6.2  262s
  2553  2553    0.00000  109  289 1176490.45    0.00000   100%   6.2  270s
H 2553  2425                    1157392.7728    0.00000   100%   6.2  271s
H 2555  2305                    222349.48440    0.00000   100%   6.2  275s
H 2559  2192                    20231.886722    0.00000   100%   6.2  282s
H 2560  2083                    15820.043363    0.00000   100%   6.2  284s
H 2561  1980                    15526.748935    0.00000   100%   6.2  285s
  2564  1982 8535.41096  576    8 15526.7489    0.00000   100%   6.2  298s
  2596  2005    0.00000   30  299 15526.7489    0.00000   100%   7.0  300s
H 2642  1934                    11668.574376    0.00000   100%   7.0  302s
  2653  1943    0.00000   59  370 11668.5744    0.00000   100%   7.2  305s
H 2668  1857                    6884.4770779    0.00000   100%   7.3  307s
  2683  1869    0.00000   74  442 6884.47708    0.00000   100%   7.7  310s
  2704  1883    0.00000   84  439 6884.47708    0.00000   100%   8.0  315s
H 2720  1802                    6883.5615611    0.00000   100%   8.1  316s
  2742  1818    0.00000  103  428 6883.56156    0.00000   100%   8.5  320s
  2764  1833    0.00000  114  421 6883.56156    0.00000   100%   8.8  325s
H 2772  1751                    6883.4677740    0.00000   100%   8.8  326s
  2803  1772    0.00000  134  402 6883.46777    0.00000   100%   9.3  330s
  2832  1791    0.00000  148  394 6883.46777    0.00000   100%   9.6  335s
  2864  1811    0.00000  164  378 6883.46777    0.00000   100%   9.8  340s
  2915  1845    0.00000  190  357 6883.46777    0.00000   100%   9.9  345s
  2964  1877    0.00000  214  331 6883.46777    0.00000   100%   9.9  350s
  3057  1939    0.00000  261  319 6883.46777    0.00000   100%   9.7  355s
H 3084  1874                    4803.8444520    0.00000   100%   9.7  356s
  3118  1899    0.00000  291  332 4803.84445    0.00000   100%   9.9  360s
  3212  1962    0.00000  338  300 4803.84445    0.00000   100%   9.7  365s
H 3344  1972                    4803.8443339    0.00000   100%   9.5  369s
  3347  1976    0.00000  406  300 4803.84433    0.00000   100%   9.5  370s
  3494  2074    0.00000  479  299 4803.84433    0.00000   100%   9.2  375s
H 3557  2037                    1788.1520250    0.00000   100%   9.1  380s
  3571  2022    0.00000   39  302 1788.15202    0.00000   100%  10.5  385s
  3652  2076    0.00000   80   12 1788.15202    0.00000   100%  10.4  390s
  3723  2123   27.56282  115   13 1788.15202    0.00000   100%  10.3  395s
  3806  2175    0.00000  156   23 1788.15202    0.00000   100%  10.3  400s
  3842  2197    0.00000  174   25 1788.15202    0.00000   100%  10.4  405s
  3898  2234    0.00000  202   18 1788.15202    0.00000   100%  10.4  410s
  4003  2304    0.00000  254   18 1788.15202    0.00000   100%  10.2  415s
H 4048  2258                    1283.8735241    0.00000   100%  10.2  418s
  4070  2275    0.00000  288   48 1283.87352    0.00000   100%  10.1  420s
  4102  2296    0.00000  304   26 1283.87352    0.00000   100%  10.2  425s
  4143  2323    0.00000  324   27 1283.87352    0.00000   100%  10.2  430s
  4183  2350    0.00000  344   34 1283.87352    0.00000   100%  10.2  435s
  4246  2392    0.00000  376   25 1283.87352    0.00000   100%  10.2  440s
  4355  2465    0.00000  430   24 1283.87352    0.00000   100%  10.0  445s
  4442  2521    0.00000  474   26 1283.87352    0.00000   100%   9.9  450s
H 4464  2465                    1114.2732436    0.00000   100%  10.0  452s
  4483  2480    0.00000  494  314 1114.27324    0.00000   100%  10.0  455s
H 4542  2449                    1095.2781369    0.00000   100%  10.1  458s
  4578  2475    0.59102  541  309 1095.27814    0.00000   100%  10.0  460s
H 4724  2511                    1094.6930689    0.00000   100%   9.8  464s
  4746  2527    0.59102  625  308 1094.69307    0.00000   100%   9.7  465s
  4910  2637    0.59102  707  308 1094.69307    0.00000   100%   9.5  470s
  5108  2769    0.59102  806  307 1094.69307    0.00000   100%   9.2  475s
  5296  2894    0.59102  900  307 1094.69307    0.00000   100%   8.9  480s
  5488  3022    0.59102  996  307 1094.69307    0.00000   100%   8.7  485s
  5687  3155    0.59102 1096  308 1094.69307    0.00000   100%   8.5  490s
  5841  3257    0.59102 1173  302 1094.69307    0.00000   100%   8.3  495s
  6003  3387    0.59102 1254  302 1094.69307    0.00000   100%   8.1  500s
  6165  3549    0.59102 1335  302 1094.69307    0.00000   100%   7.9  505s
  6317  3701    0.59102 1411  302 1094.69307    0.00000   100%   7.8  510s
  6468  3852    0.59102 1486  303 1094.69307    0.00000   100%   7.6  515s
  6628  4012    0.59102 1566  303 1094.69307    0.00000   100%   7.5  520s
  6785  4169    0.59102 1645  301 1094.69307    0.00000   100%   7.4  525s
  6946  4330    0.59102 1725  301 1094.69307    0.00000   100%   7.2  530s
  7104  4488    0.59102 1804  303 1094.69307    0.00000   100%   7.1  535s
  7263  4647    0.59102 1884  301 1094.69307    0.00000   100%   7.0  540s
  7424  4808    0.59102 1964  303 1094.69307    0.00000   100%   6.9  545s
  7575  4959    0.59102 2040  301 1094.69307    0.00000   100%   6.8  550s
  7703  5057    0.59102 2104  295 1094.69307    0.00000   100%   7.5  555s
  7884  5226    0.59102 2194  294 1094.69307    0.00000   100%   7.8  560s
  8125  5467    0.59102 2315  294 1094.69307    0.00000   100%   7.9  565s
  8406  5748    0.59102 2455  294 1094.69307    0.00000   100%   8.0  570s
  8661  6003    0.59102 2583  294 1094.69307    0.00000   100%   8.1  575s
  8925  6267    0.59102 2715  294 1094.69307    0.00000   100%   8.2  580s
  9085  6427    0.59102 2795  292 1094.69307    0.00000   100%   8.4  585s
  9150  6482    9.87993 2827  292 1094.69307    0.00000   100%   8.5  590s
  9219  6551    0.59102 2862  293 1094.69307    0.00000   100%   8.5  595s
  9295  6621    0.59102 2900  293 1094.69307    0.00000   100%   8.5  600s
  9349  6673    0.59102 2927  292 1094.69307    0.00000   100%   8.5  605s
  9416  6740  178.14365 2960  291 1094.69307    0.00000   100%   8.4  610s
  9485  6809    0.59102 2995  292 1094.69307    0.00000   100%   8.4  615s
  9535  6859    0.59102 3020  292 1094.69307    0.00000   100%   8.4  620s
  9608  6932  178.14365 3056  291 1094.69307    0.00000   100%   8.3  625s
  9678  7002   25.14763 3091  292 1094.69307    0.00000   100%   8.3  630s
  9746  7070   25.14763 3125  292 1094.69307    0.00000   100%   8.2  635s
  9818  7142   25.14763 3161  292 1094.69307    0.00000   100%   8.2  640s
  9889  7213    0.59102 3197  292 1094.69307    0.00000   100%   8.1  645s
  9959  7283    0.59102 3232  292 1094.69307    0.00000   100%   8.1  650s
 10030  7354   25.14763 3267  292 1094.69307    0.00000   100%   8.1  655s
 10094  7418   25.14763 3299  292 1094.69307    0.00000   100%   8.0  660s
 10162  7486   25.14763 3333  292 1094.69307    0.00000   100%   8.0  665s
 10229  7553    0.59102 3367  292 1094.69307    0.00000   100%   8.0  670s
 10293  7617    0.59102 3399  292 1094.69307    0.00000   100%   7.9  675s
 10359  7683    0.59102 3432  292 1094.69307    0.00000   100%   7.9  680s
 10426  7750   25.14763 3465  292 1094.69307    0.00000   100%   7.9  685s
 10496  7820  178.14365 3500  291 1094.69307    0.00000   100%   7.8  690s
 10567  7891    0.59102 3536  292 1094.69307    0.00000   100%   7.8  695s
 10637  7961    0.59102 3571  292 1094.69307    0.00000   100%   7.7  700s
 10702  8026   25.14763 3603  292 1094.69307    0.00000   100%   7.7  705s
 10769  8093    0.59102 3637  292 1094.69307    0.00000   100%   7.7  710s
 10839  8163    0.59102 3672  292 1094.69307    0.00000   100%   7.6  715s
 10911  8235    0.59102 3708  292 1094.69307    0.00000   100%   7.6  720s
 10984  8308  178.14365 3744  291 1094.69307    0.00000   100%   7.6  725s
 11061  8385    0.59102 3783  292 1094.69307    0.00000   100%   7.5  730s
 11129  8453    0.59102 3817  292 1094.69307    0.00000   100%   7.5  735s
 11202  8526   25.14763 3853  292 1094.69307    0.00000   100%   7.5  740s
 11278  8602   25.14763 3891  292 1094.69307    0.00000   100%   7.4  745s
 11351  8675    0.59102 3928  292 1094.69307    0.00000   100%   7.4  750s
 11424  8748  178.14365 3964  291 1094.69307    0.00000   100%   7.4  755s
 11497  8821    0.59102 4001  292 1094.69307    0.00000   100%   7.4  760s
 11575  8899    0.59102 4040  292 1094.69307    0.00000   100%   7.3  765s
 11644  8968  178.14365 4074  291 1094.69307    0.00000   100%   7.3  770s
 11713  9037    0.59102 4109  292 1094.69307    0.00000   100%   7.3  775s
 11789  9113    0.59102 4147  292 1094.69307    0.00000   100%   7.2  780s
 11862  9186   25.14763 4183  292 1094.69307    0.00000   100%   7.2  785s
 11933  9257    0.59102 4219  292 1094.69307    0.00000   100%   7.2  790s
 11998  9322   25.14763 4251  292 1094.69307    0.00000   100%   7.1  795s
 12069  9393    0.59102 4287  292 1094.69307    0.00000   100%   7.1  800s
 12138  9462   25.14763 4321  292 1094.69307    0.00000   100%   7.1  805s
 12215  9539    0.59102 4360  292 1094.69307    0.00000   100%   7.1  810s
 12281  9605    0.59102 4393  292 1094.69307    0.00000   100%   7.0  815s
 12357  9681    0.59102 4431  292 1094.69307    0.00000   100%   7.0  820s
 12431  9755    0.59102 4468  292 1094.69307    0.00000   100%   7.0  825s
 12509  9833    0.59102 4507  292 1094.69307    0.00000   100%   7.0  830s
 12587  9911    0.59102 4546  292 1094.69307    0.00000   100%   6.9  835s
 12662  9986   25.14763 4583  292 1094.69307    0.00000   100%   6.9  840s
 12733 10057    0.59102 4619  292 1094.69307    0.00000   100%   6.9  845s
 12792 10116  178.14365 4648  291 1094.69307    0.00000   100%   6.9  850s
 12862 10186   25.14763 4683  292 1094.69307    0.00000   100%   6.8  855s
 12938 10262   25.14763 4721  292 1094.69307    0.00000   100%   6.8  860s
 13009 10333    0.59102 4757  292 1094.69307    0.00000   100%   6.8  865s
 13078 10402   25.14763 4791  292 1094.69307    0.00000   100%   6.8  870s
 13146 10470   25.14763 4825  292 1094.69307    0.00000   100%   6.7  875s
 13215 10539    0.59102 4860  292 1094.69307    0.00000   100%   6.7  880s
 13285 10609    0.59102 4895  292 1094.69307    0.00000   100%   6.7  885s
 13355 10679    0.59102 4930  292 1094.69307    0.00000   100%   6.7  890s
 13426 10750   25.14763 4965  292 1094.69307    0.00000   100%   6.7  895s
 13495 10819    0.59102 5000  292 1094.69307    0.00000   100%   6.6  900s
 13566 10890   25.14763 5035  292 1094.69307    0.00000   100%   6.6  905s
 13634 10958   25.14763 5069  292 1094.69307    0.00000   100%   6.6  910s
 13700 11024  178.14365 5102  291 1094.69307    0.00000   100%   6.6  915s
 13767 11091    0.59102 5136  292 1094.69307    0.00000   100%   6.6  920s
 13839 11163    0.59102 5172  292 1094.69307    0.00000   100%   6.5  925s
 13914 11238   25.14763 5209  292 1094.69307    0.00000   100%   6.5  930s
 13976 11300  178.14365 5240  291 1094.69307    0.00000   100%   6.5  935s
 14042 11366   25.14763 5273  292 1094.69307    0.00000   100%   6.5  940s
 14110 11434   25.14763 5307  292 1094.69307    0.00000   100%   6.5  945s
 14176 11500  178.14365 5340  291 1094.69307    0.00000   100%   6.4  950s
 14246 11570   25.14763 5375  292 1094.69307    0.00000   100%   6.4  955s
 14317 11641    0.59102 5411  292 1094.69307    0.00000   100%   6.4  960s
 14386 11710   25.14763 5445  292 1094.69307    0.00000   100%   6.4  965s
 14457 11781    0.59102 5481  292 1094.69307    0.00000   100%   6.4  970s
 14527 11851    0.59102 5516  292 1094.69307    0.00000   100%   6.3  975s
 14586 11910   25.14763 5545  292 1094.69307    0.00000   100%   6.3  982s
 14627 11951    0.59102 5566  292 1094.69307    0.00000   100%   6.3  985s
 14694 12018   25.14763 5599  292 1094.69307    0.00000   100%   6.3  990s
 14760 12084  178.14365 5632  291 1094.69307    0.00000   100%   6.3  995s
 14830 12154   25.14763 5667  292 1094.69307    0.00000   100%   6.3 1000s
 14899 12223    0.59102 5702  292 1094.69307    0.00000   100%   6.2 1005s
 14969 12293    0.59102 5737  292 1094.69307    0.00000   100%   6.2 1010s
 15040 12364  178.14365 5772  291 1094.69307    0.00000   100%   6.2 1015s
 15112 12436  178.14365 5808  291 1094.69307    0.00000   100%   6.2 1020s
 15181 12505    0.59102 5843  292 1094.69307    0.00000   100%   6.2 1025s
 15253 12577    0.59102 5879  292 1094.69307    0.00000   100%   6.2 1030s
 15330 12654   25.14763 5917  292 1094.69307    0.00000   100%   6.1 1035s
 15404 12728  178.14365 5954  291 1094.69307    0.00000   100%   6.1 1040s
 15474 12798   25.14763 5989  292 1094.69307    0.00000   100%   6.1 1045s
 15544 12868  178.14365 6024  291 1094.69307    0.00000   100%   6.1 1050s
 15619 12943    1.06580 6062  292 1094.69307    0.00000   100%   6.1 1055s
 15692 13016  178.14365 6098  291 1094.69307    0.00000   100%   6.1 1060s
 15762 13086   25.14763 6133  292 1094.69307    0.00000   100%   6.0 1065s
 15835 13159    1.43430 6170  292 1094.69307    0.00000   100%   6.0 1070s
 15904 13228  178.14365 6204  291 1094.69307    0.00000   100%   6.0 1075s
 15971 13295    1.67971 6238  292 1094.69307    0.00000   100%   6.0 1080s
 16041 13365    1.92491 6273  292 1094.69307    0.00000   100%   6.0 1085s
 16108 13432  178.14365 6306  291 1094.69307    0.00000   100%   5.9 1090s
 16180 13504  178.14365 6342  291 1094.69307    0.00000   100%   5.9 1095s
 16251 13575    2.29231 6378  292 1094.69307    0.00000   100%   5.9 1100s
 16317 13641    2.41467 6411  292 1094.69307    0.00000   100%   5.9 1105s
 16388 13712  178.14365 6446  291 1094.69307    0.00000   100%   5.9 1110s
 16459 13783    2.78143 6482  292 1094.69307    0.00000   100%   5.9 1115s
 16532 13856  178.14365 6518  291 1094.69307    0.00000   100%   5.8 1120s
 16599 13923    3.02568 6552  292 1094.69307    0.00000   100%   5.8 1125s
 16672 13996  178.14365 6588  291 1094.69307    0.00000   100%   5.8 1130s
 16736 14060  178.14365 6620  291 1094.69307    0.00000   100%   5.8 1135s
 16809 14133    3.44042 6657  292 1094.69307    0.00000   100%   5.8 1140s
 16882 14206   25.14763 6693  292 1094.69307    0.00000   100%   5.8 1145s
 16949 14273    3.68409 6727  292 1094.69307    0.00000   100%   5.8 1150s
 17015 14339    3.80585 6760  292 1094.69307    0.00000   100%   5.7 1155s
 17081 14405    4.04922 6793  292 1094.69307    0.00000   100%   5.7 1160s
H17083 10453                      83.9386819    0.00000   100%   5.7 1162s
H17103  6521                      21.6952961    0.00000   100%   5.7 1166s
 17144  6564    0.00000   80   10   21.69530    0.00000   100%   5.8 1170s
*17153     6              84       0.0000000    0.00000  0.00%   5.8 1170s

Cutting planes:
  Gomory: 12
  Implied bound: 1
  MIR: 151
  StrongCG: 24
  Flow cover: 155
  Zero half: 1
  RLT: 2

Explored 17154 nodes (101010 simplex iterations) in 1170.96 seconds (443.50 work units)
Thread count was 1 (of 24 available processors)

Solution count 10: 0 21.6953 83.9387 ... 6883.56

Optimal solution found (tolerance 2.84e-08)
Best objective 0.000000000000e+00, best bound 0.000000000000e+00, gap 0.0000%
