
Gurobi 11.0.3 (linux64, Java) logging started qui 18 dez 2025 17:19:30 -03

Set parameter WLSAccessID
Set parameter WLSSecret
Set parameter LicenseID to value 2566693
Academic license 2566693 - for non-commercial use only - registered to ja___@ufv.br
Set parameter NonConvex to value 2
Set parameter TimeLimit to value 3600
Set parameter LogToConsole to value 0
Set parameter MIPGap to value 2.8398712201892718e-08
Set parameter Threads to value 1
Set parameter NodefileDir to value "/home/ps12398/gp-momulap/goalProgrammingMarcos/"
Set parameter NodefileStart to value 0.1
Gurobi Optimizer version 11.0.3 build v11.0.3rc0 (linux64)

CPU model: Intel(R) Xeon(R) CPU           X5650  @ 2.67GHz, instruction set [SSE2]
Thread count: 12 physical cores, 24 logical processors, using up to 1 threads

Academic license 2566693 - for non-commercial use only - registered to ja___@ufv.br
Optimize a model with 257348 rows, 174944 columns and 1943134 nonzeros
Model fingerprint: 0x8eb1799f
Model has 300 quadratic constraints
Variable types: 87326 continuous, 87618 integer (295 binary)
Coefficient statistics:
  Matrix range     [3e-03, 3e+06]
  QMatrix range    [3e-03, 5e+04]
  QLMatrix range   [1e+00, 5e+04]
  Objective range  [1e+00, 7e+07]
  Bounds range     [1e+00, 1e+08]
  RHS range        [1e+00, 6e+06]
  QRHS range       [2e-01, 2e-01]
Presolve removed 253880 rows and 171206 columns
Presolve time: 2.04s
Presolved: 5482 rows, 4355 columns, 777638 nonzeros
Presolved model has 2 SOS constraint(s)
Presolved model has 295 bilinear constraint(s)

Solving non-convex MIQCP

Variable types: 1051 continuous, 3304 integer (297 binary)
Found heuristic solution: objective 3.506920e+07

Root simplex log...

Iteration    Objective       Primal Inf.    Dual Inf.      Time
       0    0.0000000e+00   9.638495e+03   0.000000e+00      7s
     622    0.0000000e+00   0.000000e+00   0.000000e+00      7s

Root relaxation: objective 0.000000e+00, 622 iterations, 0.30 seconds (0.08 work units)
Total elapsed time = 7.23s (DegenMoves)

    Nodes    |    Current Node    |     Objective Bounds      |     Work
 Expl Unexpl |  Obj  Depth IntInf | Incumbent    BestBd   Gap | It/Node Time

     0     0    0.00000    0  160 3.5069e+07    0.00000   100%     -    9s
H    0     0                    3.440804e+07    0.00000   100%     -   10s
     0     0    0.00000    0   15 3.4408e+07    0.00000   100%     -   10s
     0     0    0.00000    0   19 3.4408e+07    0.00000   100%     -   12s
     0     0    0.00000    0    8 3.4408e+07    0.00000   100%     -   14s
     0     0    0.00000    0   14 3.4408e+07    0.00000   100%     -   15s
     0     0    0.00000    0    8 3.4408e+07    0.00000   100%     -   19s
     0     0    0.00000    0    8 3.4408e+07    0.00000   100%     -   24s
     0     2    0.00000    0    8 3.4408e+07    0.00000   100%     -   30s
    31    33    0.00000   30    4 3.4408e+07    0.00000   100%   7.7   35s
*   44     2              43       0.0000000    0.00000  0.00%   6.6   37s

Cutting planes:
  Gomory: 9
  MIR: 117
  StrongCG: 60
  Relax-and-lift: 1

Explored 45 nodes (2628 simplex iterations) in 37.37 seconds (14.85 work units)
Thread count was 1 (of 24 available processors)

Solution count 3: 0 3.4408e+07 3.50692e+07 

Optimal solution found (tolerance 2.84e-08)
Best objective 0.000000000000e+00, best bound 0.000000000000e+00, gap 0.0000%
