
Gurobi 11.0.3 (linux64, Java) logging started qui 18 dez 2025 23:28:30 -03

Set parameter WLSAccessID
Set parameter WLSSecret
Set parameter LicenseID to value 2566693
Academic license 2566693 - for non-commercial use only - registered to ja___@ufv.br
Set parameter NonConvex to value 2
Set parameter TimeLimit to value 3600
Set parameter LogToConsole to value 0
Set parameter MIPGap to value 2.8398712201892718e-08
Set parameter Threads to value 1
Set parameter NodefileDir to value "/home/ps12398/efpe/goalProgrammingMarcos/"
Set parameter NodefileStart to value 0.1
Gurobi Optimizer version 11.0.3 build v11.0.3rc0 (linux64)

CPU model: Intel(R) Xeon(R) CPU           X5650  @ 2.67GHz, instruction set [SSE2]
Thread count: 12 physical cores, 24 logical processors, using up to 1 threads

Academic license 2566693 - for non-commercial use only - registered to ja___@ufv.br
Optimize a model with 257643 rows, 174944 columns and 1943429 nonzeros
Model fingerprint: 0x7288a112
Model has 300 quadratic constraints
Variable types: 87326 continuous, 87618 integer (295 binary)
Coefficient statistics:
  Matrix range     [3e-03, 3e+06]
  QMatrix range    [3e-03, 5e+04]
  QLMatrix range   [1e+00, 5e+04]
  Objective range  [1e+00, 7e+07]
  Bounds range     [1e+00, 1e+08]
  RHS range        [1e+00, 3e+06]
  QRHS range       [3e-03, 3e-03]
Presolve removed 255895 rows and 172676 columns
Presolve time: 1.35s
Presolved: 2891 rows, 2626 columns, 329427 nonzeros
Presolved model has 2 SOS constraint(s)
Presolved model has 295 bilinear constraint(s)

Solving non-convex MIQCP

Variable types: 953 continuous, 1673 integer (297 binary)
Found heuristic solution: objective 2.106489e+07

Root relaxation: objective 9.183271e+05, 674 iterations, 0.32 seconds (0.16 work units)

    Nodes    |    Current Node    |     Objective Bounds      |     Work
 Expl Unexpl |  Obj  Depth IntInf | Incumbent    BestBd   Gap | It/Node Time

     0     0 918327.133    0  392 2.1065e+07 918327.133  95.6%     -    2s
H    0     0                    8615556.7526 918327.133  89.3%     -    2s
     0     0 1064393.62    0  414 8615556.75 1064393.62  87.6%     -    3s
     0     0 1108779.45    0  426 8615556.75 1108779.45  87.1%     -    4s
     0     0 1112281.80    0  423 8615556.75 1112281.80  87.1%     -    5s
     0     0 1112354.22    0  424 8615556.75 1112354.22  87.1%     -    5s
     0     0 1112505.62    0  429 8615556.75 1112505.62  87.1%     -    5s
     0     0 1112543.01    0  430 8615556.75 1112543.01  87.1%     -    6s
     0     0 1112560.70    0  434 8615556.75 1112560.70  87.1%     -    6s
     0     0 1112587.56    0  434 8615556.75 1112587.56  87.1%     -    7s
H    0     0                    4663377.5767 1112591.58  76.1%     -    8s
     0     2 1112591.58    0  434 4663377.58 1112591.58  76.1%     -    9s
    11    13 1112591.58   10  434 4663377.58 1112591.58  76.1%   1.0   10s
    81    83 1112662.97   78  430 4663377.58 1112600.07  76.1%   1.1   15s
   201   203 1112911.53  197  426 4663377.58 1112600.07  76.1%   1.1   20s
   357   359 1114407.96  343  423 4663377.58 1112600.07  76.1%   1.1   25s
   495   497 1116347.01  435  423 4663377.58 1112600.07  76.1%   1.0   30s
   615   617 1117679.02  530  420 4663377.58 1112600.07  76.1%   1.0   35s
H  630   630                    4663333.5404 1112600.07  76.1%   1.0   36s
   777   779 1118578.27  691  419 4663333.54 1112600.07  76.1%   1.0   40s
  1044  1046 1119335.78  955  418 4663333.54 1112600.07  76.1%   1.0   45s
  1259  1261 1120360.49 1169  416 4663333.54 1112600.07  76.1%   1.0   50s
H 1441  1441                    4658789.5156 1112600.07  76.1%   1.0   54s
  1447  1449 1121331.69 1356  415 4658789.52 1112600.07  76.1%   1.0   55s
  1736  1738 1121980.62 1642  414 4658789.52 1112600.07  76.1%   1.0   60s
  2026  2028 1122788.78 1864  411 4658789.52 1112600.07  76.1%   1.0   65s
H 2194  2194                    4657439.6131 1112600.07  76.1%   1.0   68s
  2276  2278 1123482.53 2097  409 4657439.61 1112600.07  76.1%   1.0   70s
  2432  2434 1123908.78 2253  407 4657439.61 1112600.07  76.1%   1.0   75s
  2551  2552 1123198.22 1940  388 4657439.61 1112600.07  76.1%   1.0   83s
  2553  2553 1122869.47 1874  134 4657439.61 1112600.07  76.1%   1.0   87s
H 2553  2425                    4115046.1017 1172111.16  71.5%   1.0   87s
  2556  2427 1173824.99 2060  142 4115046.10 1173824.99  71.5%   1.0   90s
  2562  2432 1173944.03 1206  134 4115046.10 1173944.03  71.5%   1.4   95s
H 2562  2310                    3930081.9289 1173944.03  70.1%   1.4   95s
H 2569  2201                    3929785.8346 1174483.41  70.1%   1.8  101s
  2573  2203 1174526.79 1148  143 3929785.83 1174526.79  70.1%   1.8  107s
H 2573  2092                    3908531.8539 1174526.79  69.9%   1.8  108s
  2581  2100 1174620.93   42  434 3908531.85 1174572.63  69.9%   2.2  110s
  2626  2130 1175198.10   64  421 3908531.85 1174572.63  69.9%   2.2  115s
  2672  2160 1175206.22   87  422 3908531.85 1174572.63  69.9%   2.2  120s
  2719  2192 1175482.24  111  422 3908531.85 1174572.63  69.9%   2.2  125s
  2777  2230 1175814.41  140  422 3908531.85 1174572.63  69.9%   2.2  130s
  2856  2283 1176282.01  179  421 3908531.85 1174572.63  69.9%   2.2  135s
  2946  2343 1177020.98  224  421 3908531.85 1174572.63  69.9%   2.2  140s
  3030  2399 1177504.71  266  421 3908531.85 1174572.63  69.9%   2.2  145s
  3113  2454 1177797.96  308  419 3908531.85 1174572.63  69.9%   2.1  150s
  3199  2512 1178333.42  351  419 3908531.85 1174572.63  69.9%   2.1  155s
  3286  2570 1178882.31  394  417 3908531.85 1174572.63  69.9%   2.1  160s
  3371  2626 1179400.92  437  417 3908531.85 1174572.63  69.9%   2.1  165s
  3469  2692 1180014.51  486  417 3908531.85 1174572.63  69.9%   2.1  170s
  3573  2761 1180663.14  538  417 3908531.85 1174572.63  69.9%   2.0  175s
  3674  2828 1181248.84  588  419 3908531.85 1174572.63  69.9%   2.0  180s
  3768  2891 1181597.28  635  416 3908531.85 1174572.63  69.9%   2.0  185s
  3871  2960 1182039.97  687  417 3908531.85 1174572.63  69.9%   2.0  190s
  3973  3028 1182548.64  738  416 3908531.85 1174572.63  69.9%   2.0  195s
  4112  3120 1183074.12  807  414 3908531.85 1174572.63  69.9%   2.0  200s
  4236  3203 1183440.78  869  414 3908531.85 1174572.63  69.9%   2.0  205s
  4336  3270 1183736.47  919  414 3908531.85 1174572.63  69.9%   2.0  210s
  4429  3332 1183989.18  966  415 3908531.85 1174572.63  69.9%   2.0  215s
  4518  3391 1184394.25 1010  408 3908531.85 1174572.63  69.9%   2.0  220s
  4610  3452 1184792.74 1056  408 3908531.85 1174572.63  69.9%   2.0  225s
  4701  3513 1185178.62 1102  409 3908531.85 1174572.63  69.9%   2.0  230s
  4804  3582 1185638.37 1153  407 3908531.85 1174572.63  69.9%   2.0  235s
  4910  3652 1186253.01 1206  404 3908531.85 1174572.63  69.9%   2.0  240s
  4952  3680 1186122.32 1227  404 3908531.85 1174572.63  69.9%   2.0  245s
  5104  3782 1186317.59 1303  404 3908531.85 1174572.63  69.9%   2.0  250s
  5262  3887 1186705.23 1382  404 3908531.85 1174572.63  69.9%   2.0  255s
  5431  4000 1186791.96 1467  402 3908531.85 1174572.63  69.9%   2.0  260s
  5627  4130 1187966.21 1565  396 3908531.85 1174572.63  69.9%   1.9  265s
  5832  4267 1189379.64 1667  395 3908531.85 1174572.63  69.9%   1.9  270s
  5994  4375 1189148.31 1748  395 3908531.85 1174572.63  69.9%   1.9  275s
  6160  4486 1189263.52 1831  394 3908531.85 1174572.63  69.9%   1.9  280s
  6332  4600 1189864.08 1917  394 3908531.85 1174572.63  69.9%   1.9  285s
  6495  4709 1190389.80 1999  392 3908531.85 1174572.63  69.9%   1.9  290s
  6658  4818 1190909.70 2080  392 3908531.85 1174572.63  69.9%   1.9  295s
  6778  4898 1191146.93 2140  391 3908531.85 1174572.63  69.9%   1.9  300s
  6899  4978 1191398.05 2201  391 3908531.85 1174572.63  69.9%   2.0  305s
  7017  5057 1191641.70 2260  391 3908531.85 1174572.63  69.9%   2.0  310s
  7135  5136 1191897.61 2319  392 3908531.85 1174572.63  69.9%   2.0  315s
  7243  5208 1192129.01 2373  390 3908531.85 1174572.63  69.9%   2.0  320s
  7387  5304 1192428.79 2445  389 3908531.85 1174572.63  69.9%   2.0  325s
  7546  5410 1192855.77 2524  383 3908531.85 1174572.63  69.9%   2.0  330s
  7708  5518 1193781.40 2605  383 3908531.85 1174572.63  69.9%   2.0  335s
  7820  5592 1194179.32 2661  380 3908531.85 1174572.63  69.9%   1.9  340s
  7933  5668 1194545.13 2718  371 3908531.85 1174572.63  69.9%   1.9  345s
  8076  5763 1194875.61 2789  365 3908531.85 1174572.63  69.9%   1.9  350s
H 8186  5730                    3908516.8677 1174572.63  69.9%   1.9  353s
  8217  5753 1195001.55 2860  366 3908516.87 1174572.63  69.9%   1.9  355s
  8342  5836 1195173.18 2922  366 3908516.87 1174572.63  69.9%   1.9  360s
  8464  5918 1195353.22 2983  365 3908516.87 1174572.63  69.9%   1.9  365s
  8579  6007 1195455.95 3041  366 3908516.87 1174572.63  69.9%   1.9  370s
  8698  6126 1195668.37 3100  366 3908516.87 1174572.63  69.9%   1.9  375s
  8813  6241 1195924.02 3158  367 3908516.87 1174572.63  69.9%   1.9  380s
  8924  6352 1196233.25 3213  366 3908516.87 1174572.63  69.9%   1.9  385s
  9030  6458 1196367.31 3266  366 3908516.87 1174572.63  69.9%   1.9  390s
  9140  6568 1196554.84 3321  365 3908516.87 1174572.63  69.9%   1.8  395s
  9196  6624 1196918.31 3349  365 3908516.87 1174572.63  69.9%   1.8  400s
  9302  6730 1196673.58 3402  366 3908516.87 1174572.63  69.9%   1.8  405s
  9461  6889 1196834.81 3482  366 3908516.87 1174572.63  69.9%   1.8  410s
  9626  7054 1196995.52 3564  366 3908516.87 1174572.63  69.9%   1.8  415s
  9794  7222 1197225.68 3648  365 3908516.87 1174572.63  69.9%   1.8  420s
  9955  7383 1197469.65 3729  364 3908516.87 1174572.63  69.9%   1.8  425s
 10092  7520 1197702.38 3797  363 3908516.87 1174572.63  69.9%   1.9  430s
 10207  7635 1197866.69 3855  364 3908516.87 1174572.63  69.9%   1.9  435s
 10323  7751 1198049.95 3913  364 3908516.87 1174572.63  69.9%   1.9  440s
 10436  7864 1198279.12 3969  363 3908516.87 1174572.63  69.9%   1.9  445s
 10556  7984 1198519.32 4029  360 3908516.87 1174572.63  69.9%   1.9  450s
 10674  8102 1198692.36 4088  361 3908516.87 1174572.63  69.9%   1.8  455s
 10789  8217 1198868.38 4146  361 3908516.87 1174572.63  69.9%   1.8  460s
 10899  8327 1199041.87 4201  361 3908516.87 1174572.63  69.9%   1.8  465s
 11065  8493 1199321.42 4284  360 3908516.87 1174572.63  69.9%   1.8  470s
 11236  8664 1199702.07 4369  358 3908516.87 1174572.63  69.9%   1.8  475s
 11406  8834 1199920.21 4454  355 3908516.87 1174572.63  69.9%   1.8  480s
 11593  9021 1200270.99 4548  355 3908516.87 1174572.63  69.9%   1.8  485s
 11773  9201 1200615.72 4638  355 3908516.87 1174572.63  69.9%   1.8  490s
 11947  9375 1200947.31 4725  355 3908516.87 1174572.63  69.9%   1.8  495s
 12127  9555 1201301.35 4815  354 3908516.87 1174572.63  69.9%   1.8  500s
 12309  9737 1201707.60 4906  352 3908516.87 1174572.63  69.9%   1.8  505s
 12527  9955 1202341.08 5015  351 3908516.87 1174572.63  69.9%   1.8  510s
 12729 10157 1202888.25 5116  349 3908516.87 1174572.63  69.9%   1.8  515s
 12905 10333 1203143.55 5204  349 3908516.87 1174572.63  69.9%   1.8  520s
 13078 10506 1203375.43 5290  349 3908516.87 1174572.63  69.9%   1.8  525s
 13259 10687 1203603.57 5381  349 3908516.87 1174572.63  69.9%   1.8  530s
 13430 10858 1203908.50 5466  342 3908516.87 1174572.63  69.9%   1.8  535s
 13607 11035 1204115.74 5555  343 3908516.87 1174572.63  69.9%   1.8  540s
 13772 11200 1204342.28 5637  343 3908516.87 1174572.63  69.9%   1.7  545s
 13900 11328 1204535.79 5701  341 3908516.87 1174572.63  69.9%   1.7  550s
 14027 11455 1204669.01 5765  342 3908516.87 1174572.63  69.9%   1.7  555s
 14182 11610 1204857.10 5842  341 3908516.87 1174572.63  69.9%   1.7  560s
 14352 11780 1205051.15 5927  340 3908516.87 1174572.63  69.9%   1.7  565s
 14521 11949 1205231.22 6012  340 3908516.87 1174572.63  69.9%   1.7  570s
 14688 12116 1205439.00 6095  339 3908516.87 1174572.63  69.9%   1.7  575s
 14859 12287 1205616.78 6181  340 3908516.87 1174572.63  69.9%   1.7  580s
 15001 12429 1205785.37 6252  339 3908516.87 1174572.63  69.9%   1.7  588s
 15048 12476 1205839.66 6275  338 3908516.87 1174572.63  69.9%   1.7  590s
 15247 12675 1206035.45 6375  337 3908516.87 1174572.63  69.9%   1.7  595s
 15445 12873 1206194.51 6474  337 3908516.87 1174572.63  69.9%   1.7  600s
 15656 13084 1206375.62 6579  337 3908516.87 1174572.63  69.9%   1.7  605s
 15853 13281 1206558.25 6678  336 3908516.87 1174572.63  69.9%   1.6  610s
 16088 13516 1206897.47 6795  334 3908516.87 1174572.63  69.9%   1.6  615s
 16324 13752 1207322.14 6913  333 3908516.87 1174572.63  69.9%   1.6  620s
 16516 13944 1208216.80 7009  333 3908516.87 1174572.63  69.9%   1.7  625s
 16711 14139 1209106.56 7107  333 3908516.87 1174572.63  69.9%   1.7  630s
 16905 14333 1210017.68 7204  333 3908516.87 1174572.63  69.9%   1.7  635s
 17092 14520 1210900.76 7297  333 3908516.87 1174572.63  69.9%   1.7  640s
 17276 14704 1211225.60 7389  334 3908516.87 1174572.63  69.9%   1.7  645s
 17491 14919 1211334.12 7497  334 3908516.87 1174572.63  69.9%   1.7  650s
 17692 15120 1211466.06 7597  333 3908516.87 1174572.63  69.9%   1.7  655s
 17884 15312 1211580.42 7693  333 3908516.87 1174572.63  69.9%   1.7  660s
H17913 15339                    3900978.0369 1174572.63  69.9%   1.7  660s
 18035 15463 1211669.20 7769  334 3900978.04 1174572.63  69.9%   1.7  665s
 18145 15573 1211715.10 7824  334 3900978.04 1174572.63  69.9%   1.6  670s
 18323 15751 1211823.59 7913  334 3900978.04 1174572.63  69.9%   1.6  675s
 18524 15952 1212023.52 8013  332 3900978.04 1174572.63  69.9%   1.6  680s
 18696 16124 1212286.81 8099  331 3900978.04 1174572.63  69.9%   1.7  685s
 18872 16300 1212332.49 8187  331 3900978.04 1174572.63  69.9%   1.7  690s
 19057 16485 1212261.45 8280  333 3900978.04 1174572.63  69.9%   1.7  695s
 19251 16679 1212454.06 8377  333 3900978.04 1174572.63  69.9%   1.7  700s
 19444 16872 1212680.49 8473  333 3900978.04 1174572.63  69.9%   1.7  705s
 19659 17087 1212854.18 8581  332 3900978.04 1174572.63  69.9%   1.7  710s
 19877 17305 1213029.90 8690  332 3900978.04 1174572.63  69.9%   1.7  715s
 20072 17500 1213194.59 8787  331 3900978.04 1174572.63  69.9%   1.7  724s
 20097 17525 1213214.93 8800  332 3900978.04 1174572.63  69.9%   1.7  725s
 20318 17746 1213416.59 8910  331 3900978.04 1174572.63  69.9%   1.7  730s
 20553 17981 1213637.20 9028  332 3900978.04 1174572.63  69.9%   1.7  735s
 20782 18210 1213863.64 9142  331 3900978.04 1174572.63  69.9%   1.7  740s
 21001 18429 1214084.12 9252  332 3900978.04 1174572.63  69.9%   1.7  745s
 21210 18638 1214273.75 9356  328 3900978.04 1174572.63  69.9%   1.7  750s
 21399 18827 1214351.81 9451  328 3900978.04 1174572.63  69.9%   1.7  755s
 21595 19023 1214440.40 9549  328 3900978.04 1174572.63  69.9%   1.7  760s
 21795 19223 1214540.37 9649  327 3900978.04 1174572.63  69.9%   1.7  765s
 21999 19427 1214780.29 9751  325 3900978.04 1174572.63  69.9%   1.7  770s
 22194 19622 1215018.93 9848  322 3900978.04 1174572.63  69.9%   1.7  775s
 22393 19821 1215018.25 9948  321 3900978.04 1174572.63  69.9%   1.7  780s
 22561 19989 1215030.02 10032  321 3900978.04 1174572.63  69.9%   1.7  785s
 22736 20164 1215050.82 10119  320 3900978.04 1174572.63  69.9%   1.7  790s
 22914 20342 1215216.27 10208  319 3900978.04 1174572.63  69.9%   1.7  795s
 23088 20516 1215075.47 10295  320 3900978.04 1174572.63  69.9%   1.8  800s
 23280 20708 1215132.10 10391  320 3900978.04 1174572.63  69.9%   1.8  805s
 23512 20940 1215307.04 10507  319 3900978.04 1174572.63  69.9%   1.8  810s
 23678 21106 1215446.46 10590  309 3900978.04 1174572.63  69.9%   1.7  815s
 23858 21286 1215471.91 10680  309 3900978.04 1174572.63  69.9%   1.7  820s
 24037 21465 1215464.78 10770  310 3900978.04 1174572.63  69.9%   1.7  825s
 24222 21650 1215523.37 10862  309 3900978.04 1174572.63  69.9%   1.7  830s
 24385 21813 1215581.75 10944  307 3900978.04 1174572.63  69.9%   1.7  835s
 24549 21977 1215641.84 11026  307 3900978.04 1174572.63  69.9%   1.7  840s
 24718 22146 1215710.44 11110  301 3900978.04 1174572.63  69.9%   1.7  845s
 24892 22320 1215788.00 11197  304 3900978.04 1174572.63  69.9%   1.7  850s
 25053 22481 1215702.00 11278  302 3900978.04 1174572.63  69.9%   1.7  855s
 25143 22571 1215702.76 11323  302 3900978.04 1174572.63  69.9%   1.7  861s
 25236 22664 1215790.91 11369  304 3900978.04 1174572.63  69.9%   1.7  865s
 25420 22848 1215792.47 11461  304 3900978.04 1174572.63  69.9%   1.7  870s
 25600 23028 1215793.99 11551  304 3900978.04 1174572.63  69.9%   1.7  875s
 25786 23214 1215756.26 11644  300 3900978.04 1174572.63  69.9%   1.7  880s
 25983 23411 1215727.19 11743  301 3900978.04 1174572.63  69.9%   1.7  885s
 26168 23596 1215737.16 11835  301 3900978.04 1174572.63  69.9%   1.7  890s
 26356 23784 1215800.41 11929  299 3900978.04 1174572.63  69.9%   1.7  895s
 26519 23945 1289119.35 12011  299 3900978.04 1174572.63  69.9%   1.7  900s
H26686 24076                    3869163.8416 1174572.63  69.6%   1.7  904s
 26689 24077 infeasible 12096      3869163.84 1174572.63  69.6%   1.7  905s
H26777 24161                    3794889.9607 1174572.63  69.0%   1.8  909s
 26796 24182 1294610.25 12149  323 3794889.96 1174572.63  69.0%   1.8  910s
 26933 24293 1470811.91 12218  298 3794889.96 1174572.63  69.0%   1.8  915s
 27095 24449 1520022.80 12299  302 3794889.96 1174572.63  69.0%   1.9  920s
 27213 24533 infeasible 12358      3794889.96 1174572.63  69.0%   1.9  925s
 27374 24646 1791796.46 12438  297 3794889.96 1174572.63  69.0%   2.0  930s
 27531 24777 1908708.68 12517  297 3794889.96 1174572.63  69.0%   2.1  935s
 27695 24935 1934837.98 12599  299 3794889.96 1174572.63  69.0%   2.1  940s
 27887 25127 1934853.66 12695  299 3794889.96 1174572.63  69.0%   2.1  945s
H27890 25128                    3769628.8778 1174572.63  68.8%   2.1  945s
 28040 25280 1934871.08 12771  298 3769628.88 1174572.63  68.8%   2.1  950s
H28050 25288                    3769597.4455 1174572.63  68.8%   2.1  950s
 28201 25441 1934879.27 12852  299 3769597.45 1174572.63  68.8%   2.1  955s
H28323 25561                    3768781.2745 1174572.63  68.8%   2.1  958s
 28372 25612 1934898.20 12937  298 3768781.27 1174572.63  68.8%   2.1  960s
 28572 25812 1934914.54 13037  298 3768781.27 1174572.63  68.8%   2.0  965s
 28758 25998 1934933.51 13130  297 3768781.27 1174572.63  68.8%   2.0  970s
 28922 26162 1934946.91 13212  297 3768781.27 1174572.63  68.8%   2.0  975s
 29101 26341 1934956.79 13302  298 3768781.27 1174572.63  68.8%   2.0  980s
 29301 26541 1934973.13 13402  298 3768781.27 1174572.63  68.8%   2.0  985s
H29395 26633                    3767492.3483 1174572.63  68.8%   2.0  988s
 29433 26673 1934983.91 13468  298 3767492.35 1174572.63  68.8%   2.0  990s
 29584 26824 1934999.62 13543  298 3767492.35 1174572.63  68.8%   2.0  995s
 29773 27013 1935011.69 13638  298 3767492.35 1174572.63  68.8%   2.0 1000s
 29959 27199 1935026.85 13731  298 3767492.35 1174572.63  68.8%   2.0 1005s
 30132 27362 1955743.23 13737  302 3767492.35 1174572.63  68.8%   2.0 1010s
 30214 27444 1954741.60 13736  300 3767492.35 1174572.63  68.8%   2.0 1016s
 30327 27557 1956007.32 13737  305 3767492.35 1174572.63  68.8%   2.0 1020s
 30507 27737 1954730.92 13737  301 3767492.35 1174572.63  68.8%   2.0 1025s
 30706 27936 1956011.34 13738  302 3767492.35 1174572.63  68.8%   2.0 1030s
 30907 28137 1956315.54 13734  303 3767492.35 1174572.63  68.8%   2.0 1035s
 31098 28328 1956142.90 13738  303 3767492.35 1174572.63  68.8%   2.0 1040s
 31307 28537 1955453.67 13738  304 3767492.35 1174572.63  68.8%   2.0 1045s
 31488 28718 1954748.69 13734  300 3767492.35 1174572.63  68.8%   2.0 1050s
 31667 28897 1954817.32 13738  299 3767492.35 1174572.63  68.8%   2.0 1055s
 31848 29078 1955929.40 13738  300 3767492.35 1174572.63  68.8%   2.0 1060s
H31932 29160                    3767397.1195 1174572.63  68.8%   2.0 1063s
 31991 29221 1174572.63   40  436 3767397.12 1174572.63  68.8%   2.0 1065s
 32121 29349 1241424.25  105  423 3767397.12 1174581.04  68.8%   2.0 1070s
H32164 29390                    3762201.6900 1174581.04  68.8%   2.0 1072s
 32259 29486 1302402.66  174  413 3762201.69 1174581.04  68.8%   2.0 1075s
H32305 29530                    3462700.6886 1174581.04  66.1%   2.0 1076s
 32419 29646 1303567.07  254  413 3462700.69 1174581.04  66.1%   2.0 1080s
 32569 29796 1304285.70  329  409 3462700.69 1174581.04  66.1%   2.0 1085s
 32735 29962 1305425.55  412  411 3462700.69 1174581.04  66.1%   2.0 1090s
 32893 30120 1308400.19  491  405 3462700.69 1174581.04  66.1%   2.0 1095s
H32984 30209                    3458885.1145 1174581.04  66.0%   2.0 1098s
 33012 30239 1308572.69  551  405 3458885.11 1174581.04  66.0%   2.0 1100s
 33135 30362 1309058.33  612  404 3458885.11 1174581.04  66.0%   2.0 1105s
 33262 30489 1309542.24  676  405 3458885.11 1174581.04  66.0%   2.0 1110s
 33388 30615 1310031.65  739  405 3458885.11 1174581.04  66.0%   2.0 1115s
 33507 30734 1310778.88  798  405 3458885.11 1174581.04  66.0%   2.1 1120s
 33636 30863 1310982.26  863  404 3458885.11 1174581.04  66.0%   2.1 1125s
 33763 30990 1311680.35  926  402 3458885.11 1174581.04  66.0%   2.1 1130s
 33891 31118 1312473.62  990  402 3458885.11 1174581.04  66.0%   2.1 1135s
 34003 31230 1313167.73 1046  402 3458885.11 1174581.04  66.0%   2.1 1140s
 34130 31357 1313820.20 1110  402 3458885.11 1174581.04  66.0%   2.1 1145s
 34250 31477 1314563.89 1170  402 3458885.11 1174581.04  66.0%   2.1 1150s
 34361 31588 1315693.46 1225  400 3458885.11 1174581.04  66.0%   2.1 1155s
 34456 31683 1316162.78 1273  398 3458885.11 1174581.04  66.0%   2.1 1160s
 34568 31795 1316822.89 1329  398 3458885.11 1174581.04  66.0%   2.1 1165s
 34682 31909 1317503.16 1386  398 3458885.11 1174581.04  66.0%   2.1 1170s
 34784 32011 1318095.98 1437  398 3458885.11 1174581.04  66.0%   2.1 1175s
 34894 32121 1318752.67 1492  398 3458885.11 1174581.04  66.0%   2.1 1180s
 34988 32215 1320945.63 1539  396 3458885.11 1174581.04  66.0%   2.1 1185s
 35079 32306 1321163.27 1584  396 3458885.11 1174581.04  66.0%   2.1 1190s
 35156 32383 1321050.33 1623  396 3458885.11 1174581.04  66.0%   2.1 1195s
 35255 32482 1321275.47 1672  396 3458885.11 1174581.04  66.0%   2.1 1200s
 35285 32512 1321200.18 1687  395 3458885.11 1174581.04  66.0%   2.1 1208s
 35312 32539 1321147.95 1701  396 3458885.11 1174581.04  66.0%   2.1 1210s
 35439 32666 1321389.88 1764  394 3458885.11 1174581.04  66.0%   2.1 1215s
 35563 32790 1321549.18 1826  394 3458885.11 1174581.04  66.0%   2.1 1220s
 35682 32909 1321850.34 1886  395 3458885.11 1174581.04  66.0%   2.1 1225s
 35822 33049 1322249.61 1956  395 3458885.11 1174581.04  66.0%   2.1 1230s
 36007 33234 1323576.07 2048  394 3458885.11 1174581.04  66.0%   2.1 1235s
 36185 33412 1323056.30 2137  394 3458885.11 1174581.04  66.0%   2.1 1240s
 36340 33567 1323237.29 2215  395 3458885.11 1174581.04  66.0%   2.1 1245s
 36505 33732 1323649.35 2297  395 3458885.11 1174581.04  66.0%   2.1 1250s
 36679 33906 1323951.52 2384  395 3458885.11 1174581.04  66.0%   2.1 1255s
 36851 34078 1324316.63 2470  387 3458885.11 1174581.04  66.0%   2.1 1260s
 37012 34239 1324974.95 2551  386 3458885.11 1174581.04  66.0%   2.1 1265s
 37166 34393 1325576.84 2628  385 3458885.11 1174581.04  66.0%   2.1 1270s
 37316 34543 1326181.41 2703  385 3458885.11 1174581.04  66.0%   2.1 1275s
 37482 34709 1326881.79 2786  384 3458885.11 1174581.04  66.0%   2.1 1280s
 37668 34895 1328111.94 2879  382 3458885.11 1174581.04  66.0%   2.1 1285s
 37869 35096 1330387.35 2979  383 3458885.11 1174581.04  66.0%   2.1 1290s
 38023 35250 1351721.08 3056  380 3458885.11 1174581.04  66.0%   2.2 1295s
 38130 35357 1352442.85 3110  380 3458885.11 1174581.04  66.0%   2.2 1300s
 38252 35479 1352897.62 3171  377 3458885.11 1174581.04  66.0%   2.2 1305s
 38395 35622 1353361.38 3242  376 3458885.11 1174581.04  66.0%   2.2 1310s
 38522 35749 1353452.34 3306  377 3458885.11 1174581.04  66.0%   2.2 1315s
 38650 35877 1353716.21 3370  377 3458885.11 1174581.04  66.0%   2.2 1320s
 38784 36011 1353990.75 3437  376 3458885.11 1174581.04  66.0%   2.2 1325s
 38912 36139 1354287.93 3501  374 3458885.11 1174581.04  66.0%   2.2 1330s
 39047 36274 1354777.23 3568  372 3458885.11 1174581.04  66.0%   2.2 1335s
 39175 36402 1354904.65 3632  371 3458885.11 1174581.04  66.0%   2.2 1340s
 39297 36524 1355660.19 3693  372 3458885.11 1174581.04  66.0%   2.2 1345s
 39427 36654 1355214.85 3758  371 3458885.11 1174581.04  66.0%   2.2 1350s
 39565 36792 1355990.08 3827  372 3458885.11 1174581.04  66.0%   2.2 1355s
 39713 36940 1356172.26 3901  372 3458885.11 1174581.04  66.0%   2.2 1360s
 39857 37084 1356349.52 3973  372 3458885.11 1174581.04  66.0%   2.2 1365s
 40005 37232 1355940.14 4047  372 3458885.11 1174581.04  66.0%   2.2 1370s
 40166 37393 1356319.37 4128  371 3458885.11 1174581.04  66.0%   2.2 1375s
 40321 37548 1356798.44 4205  369 3458885.11 1174581.04  66.0%   2.2 1380s
 40356 37583 1356958.21 4223  370 3458885.11 1174581.04  66.0%   2.2 1386s
 40453 37680 1357465.04 4271  369 3458885.11 1174581.04  66.0%   2.2 1390s
 40569 37796 1358812.95 4329  371 3458885.11 1174581.04  66.0%   2.2 1395s
 40684 37911 1358450.25 4387  371 3458885.11 1174581.04  66.0%   2.2 1400s
 40860 38087 1359078.14 4475  371 3458885.11 1174581.04  66.0%   2.2 1405s
 41046 38273 1359748.63 4568  371 3458885.11 1174581.04  66.0%   2.2 1410s
 41232 38459 1360569.86 4661  371 3458885.11 1174581.04  66.0%   2.2 1415s
 41410 38637 1361514.98 4750  371 3458885.11 1174581.04  66.0%   2.2 1420s
 41580 38807 1362408.30 4835  371 3458885.11 1174581.04  66.0%   2.2 1425s
 41767 38994 1372684.84 4928  366 3458885.11 1174581.04  66.0%   2.2 1430s
 41945 39172 1373873.47 5017  365 3458885.11 1174581.04  66.0%   2.2 1435s
 42123 39350 1375078.79 5106  365 3458885.11 1174581.04  66.0%   2.2 1440s
 42283 39510 1376208.59 5186  365 3458885.11 1174581.04  66.0%   2.2 1445s
 42440 39667 1376739.43 5265  361 3458885.11 1174581.04  66.0%   2.2 1450s
 42595 39822 1376932.12 5342  361 3458885.11 1174581.04  66.0%   2.2 1455s
 42740 39967 1377114.69 5415  361 3458885.11 1174581.04  66.0%   2.2 1460s
 42889 40116 1378014.26 5489  361 3458885.11 1174581.04  66.0%   2.2 1465s
 43041 40268 1377778.96 5565  361 3458885.11 1174581.04  66.0%   2.2 1470s
 43186 40413 1379069.88 5638  361 3458885.11 1174581.04  66.0%   2.2 1475s
 43333 40560 1380068.67 5711  358 3458885.11 1174581.04  66.0%   2.2 1480s
 43469 40696 1380294.32 5779  358 3458885.11 1174581.04  66.0%   2.3 1485s
 43608 40835 1380479.22 5849  358 3458885.11 1174581.04  66.0%   2.3 1490s
 43745 40972 1381089.00 5917  358 3458885.11 1174581.04  66.0%   2.3 1495s
 43883 41110 1381815.66 5986  357 3458885.11 1174581.04  66.0%   2.3 1500s
 44005 41232 1382576.64 6047  357 3458885.11 1174581.04  66.0%   2.3 1505s
 44142 41369 1382209.06 6116  357 3458885.11 1174581.04  66.0%   2.3 1510s
 44272 41498 1391151.10 6181  355 3458885.11 1174581.04  66.0%   2.3 1515s
 44407 41633 1391322.26 6248  354 3458885.11 1174581.04  66.0%   2.3 1520s
 44581 41807 1392472.50 6335  355 3458885.11 1174581.04  66.0%   2.3 1525s
 44791 42017 1393913.21 6440  354 3458885.11 1174581.04  66.0%   2.3 1530s
 44974 42200 1394901.55 6532  353 3458885.11 1174581.04  66.0%   2.3 1535s
 45126 42352 1395851.59 6608  353 3458885.11 1174581.04  66.0%   2.3 1540s
 45281 42507 1396876.83 6685  353 3458885.11 1174581.04  66.0%   2.3 1545s
 45367 42593 1398241.88 6728  353 3458885.11 1174581.04  66.0%   2.3 1550s
 45427 42653 1398616.89 6758  353 3458885.11 1174581.04  66.0%   2.3 1559s
 45430 42656 1397751.67 6760  353 3458885.11 1174581.04  66.0%   2.3 1560s
 45588 42814 1398742.15 6839  353 3458885.11 1174581.04  66.0%   2.3 1565s
 45758 42984 1399801.75 6924  353 3458885.11 1174581.04  66.0%   2.4 1570s
 45902 43128 1400205.95 6996  352 3458885.11 1174581.04  66.0%   2.4 1575s
 46050 43276 1400283.53 7070  353 3458885.11 1174581.04  66.0%   2.4 1580s
 46213 43439 1400424.20 7151  354 3458885.11 1174581.04  66.0%   2.4 1585s
 46367 43593 1400576.52 7228  353 3458885.11 1174581.04  66.0%   2.4 1590s
 46513 43739 1401681.38 7301  353 3458885.11 1174581.04  66.0%   2.4 1595s
 46665 43891 1402636.25 7377  353 3458885.11 1174581.04  66.0%   2.4 1600s
 46825 44051 1403641.37 7457  353 3458885.11 1174581.04  66.0%   2.4 1605s
 46978 44204 1403980.64 7534  353 3458885.11 1174581.04  66.0%   2.4 1610s
 47138 44364 1404985.76 7614  353 3458885.11 1174581.04  66.0%   2.5 1615s
 47304 44530 1406469.92 7697  353 3458885.11 1174581.04  66.0%   2.5 1620s
 47450 44676 1416692.41 7770  352 3458885.11 1174581.04  66.0%   2.5 1625s
 47596 44822 1416929.03 7843  352 3458885.11 1174581.04  66.0%   2.5 1630s
 47759 44985 1417418.65 7924  349 3458885.11 1174581.04  66.0%   2.5 1635s
 47923 45149 1417493.80 8006  348 3458885.11 1174581.04  66.0%   2.5 1640s
 48087 45312 1427259.64 8088  347 3458885.11 1174581.04  66.0%   2.5 1645s
 48261 45486 1427868.91 8175  345 3458885.11 1174581.04  66.0%   2.5 1650s
 48451 45676 1428559.51 8270  345 3458885.11 1174581.04  66.0%   2.5 1655s
 48651 45876 1429254.23 8370  343 3458885.11 1174581.04  66.0%   2.5 1660s
 48854 46079 1430157.61 8472  343 3458885.11 1174581.04  66.0%   2.5 1665s
 49066 46291 1431098.65 8578  343 3458885.11 1174581.04  66.0%   2.5 1670s
 49272 46497 1431974.62 8681  343 3458885.11 1174581.04  66.0%   2.4 1675s
 49455 46680 1432661.29 8772  343 3458885.11 1174581.04  66.0%   2.4 1680s
 49609 46834 1433337.39 8849  341 3458885.11 1174581.04  66.0%   2.4 1685s
 49779 47004 1434390.26 8934  341 3458885.11 1174581.04  66.0%   2.4 1690s
 49910 47135 1434017.32 9000  342 3458885.11 1174581.04  66.0%   2.5 1695s
 50056 47281 1434343.03 9073  342 3458885.11 1174581.04  66.0%   2.5 1700s
 50199 47424 1435383.36 9144  340 3458885.11 1174581.04  66.0%   2.5 1705s
 50351 47576 1436259.61 9220  340 3458885.11 1174581.04  66.0%   2.5 1710s
 50498 47723 1436555.56 9294  339 3458885.11 1174581.04  66.0%   2.5 1718s
 50531 47756 1436611.25 9310  340 3458885.11 1174581.04  66.0%   2.5 1720s
 50702 47927 1436921.84 9396  339 3458885.11 1174581.04  66.0%   2.5 1725s
 50878 48103 1437505.33 9484  343 3458885.11 1174581.04  66.0%   2.5 1730s
 51041 48266 1438341.21 9565  343 3458885.11 1174581.04  66.0%   2.6 1735s
 51209 48434 1438508.14 9649  343 3458885.11 1174581.04  66.0%   2.6 1740s
 51366 48591 1439223.62 9728  343 3458885.11 1174581.04  66.0%   2.6 1745s
 51525 48750 1441468.44 9807  342 3458885.11 1174581.04  66.0%   2.6 1750s
 51687 48912 1442183.94 9888  343 3458885.11 1174581.04  66.0%   2.6 1755s
 51852 49077 1443293.60 9971  342 3458885.11 1174581.04  66.0%   2.6 1760s
 52031 49256 1445193.82 10060  344 3458885.11 1174581.04  66.0%   2.6 1765s
 52197 49422 1447702.92 10143  340 3458885.11 1174581.04  66.0%   2.7 1770s
 52365 49590 1447848.41 10227  339 3458885.11 1174581.04  66.0%   2.7 1775s
 52513 49738 1448020.68 10301  339 3458885.11 1174581.04  66.0%   2.6 1780s
 52671 49896 1448204.11 10380  340 3458885.11 1174581.04  66.0%   2.6 1785s
 52829 50054 1448390.69 10459  339 3458885.11 1174581.04  66.0%   2.6 1790s
 52987 50212 1448573.34 10538  339 3458885.11 1174581.04  66.0%   2.6 1795s
 53133 50358 1448726.05 10611  338 3458885.11 1174581.04  66.0%   2.6 1800s
 53303 50528 1448902.13 10696  339 3458885.11 1174581.04  66.0%   2.6 1805s
 53471 50696 1449079.96 10780  339 3458885.11 1174581.04  66.0%   2.6 1810s
 53636 50861 1449253.59 10863  339 3458885.11 1174581.04  66.0%   2.6 1815s
 53804 51029 1449428.57 10947  338 3458885.11 1174581.04  66.0%   2.6 1820s
 53959 51184 1449796.59 11024  338 3458885.11 1174581.04  66.0%   2.6 1825s
 54123 51348 1450410.81 11106  338 3458885.11 1174581.04  66.0%   2.6 1830s
 54271 51496 1450122.96 11180  338 3458885.11 1174581.04  66.0%   2.6 1835s
 54448 51673 1450759.65 11269  337 3458885.11 1174581.04  66.0%   2.6 1840s
 54596 51821 1450969.73 11343  337 3458885.11 1174581.04  66.0%   2.6 1845s
 54735 51960 1460432.66 11412  330 3458885.11 1174581.04  66.0%   2.6 1850s
 54867 52092 1460641.20 11478  330 3458885.11 1174581.04  66.0%   2.6 1855s
 55012 52237 1460720.44 11551  330 3458885.11 1174581.04  66.0%   2.6 1860s
 55154 52379 1460942.38 11622  330 3458885.11 1174581.04  66.0%   2.6 1865s
 55294 52519 1461163.55 11692  330 3458885.11 1174581.04  66.0%   2.6 1870s
 55419 52644 1461513.25 11754  330 3458885.11 1174581.04  66.0%   2.6 1875s
 55532 52757 1461541.95 11811  330 3458885.11 1174581.04  66.0%   2.7 1880s
 55569 52794 1462207.70 11829  330 3458885.11 1174581.04  66.0%   2.7 1888s
 55596 52821 1461643.05 11843  330 3458885.11 1174581.04  66.0%   2.7 1890s
 55706 52931 1461814.44 11898  330 3458885.11 1174581.04  66.0%   2.7 1895s
 55844 53069 1462405.26 11967  330 3458885.11 1174581.04  66.0%   2.7 1900s
 55986 53211 1463041.53 12038  330 3458885.11 1174581.04  66.0%   2.7 1905s
 56120 53345 1463668.88 12105  328 3458885.11 1174581.04  66.0%   2.7 1910s
 56261 53486 1465165.88 12175  328 3458885.11 1174581.04  66.0%   2.7 1915s
 56400 53625 1465227.51 12245  328 3458885.11 1174581.04  66.0%   2.7 1920s
 56527 53752 1466012.12 12308  328 3458885.11 1174581.04  66.0%   2.7 1925s
 56650 53875 1466622.76 12370  327 3458885.11 1174581.04  66.0%   2.7 1930s
 56771 53996 1467938.72 12430  329 3458885.11 1174581.04  66.0%   2.7 1935s
 56893 54118 1468987.60 12491  335 3458885.11 1174581.04  66.0%   2.7 1940s
 57028 54253 1479581.75 12559  325 3458885.11 1174581.04  66.0%   2.7 1945s
 57188 54413 1481670.03 12639  325 3458885.11 1174581.04  66.0%   2.7 1950s
 57352 54577 1483801.12 12721  326 3458885.11 1174581.04  66.0%   2.7 1955s
 57473 54698 1486882.95 12781  325 3458885.11 1174581.04  66.0%   2.7 1960s
 57604 54829 1487266.42 12847  326 3458885.11 1174581.04  66.0%   2.7 1965s
 57778 55003 1487796.17 12934  324 3458885.11 1174581.04  66.0%   2.7 1970s
 57948 55173 1487897.71 13019  323 3458885.11 1174581.04  66.0%   2.7 1975s
 58114 55339 1487984.06 13102  323 3458885.11 1174581.04  66.0%   2.7 1980s
 58274 55499 1488116.11 13182  321 3458885.11 1174581.04  66.0%   2.7 1985s
 58478 55703 1488367.00 13284  320 3458885.11 1174581.04  66.0%   2.7 1990s
 58660 55885 1488578.39 13375  322 3458885.11 1174581.04  66.0%   2.7 1995s
 58825 56050 1489134.49 13457  321 3458885.11 1174581.04  66.0%   2.7 2000s
 58993 56218 1489215.68 13541  321 3458885.11 1174581.04  66.0%   2.7 2005s
 59160 56385 1489136.45 13625  321 3458885.11 1174581.04  66.0%   2.7 2010s
 59305 56530 1489374.40 13697  321 3458885.11 1174581.04  66.0%   2.7 2015s
 59455 56680 1489709.98 13740  320 3458885.11 1174581.04  66.0%   2.7 2020s
 59609 56834 1491406.78 13740  320 3458885.11 1174581.04  66.0%   2.7 2025s
 59756 56981 1493033.35 13740  322 3458885.11 1174581.04  66.0%   2.7 2030s
 59899 57124 1489592.81 13739  323 3458885.11 1174581.04  66.0%   2.7 2035s
 60060 57285 1491730.96 13739  323 3458885.11 1174581.04  66.0%   2.7 2040s
 60205 57430 1495700.89 13740  322 3458885.11 1174581.04  66.0%   2.7 2045s
 60351 57576 1493269.17 13740  324 3458885.11 1174581.04  66.0%   2.7 2050s
 60491 57716 1493545.74 13740  320 3458885.11 1174581.04  66.0%   2.7 2055s
 60638 57863 1494315.68 13740  320 3458885.11 1174581.04  66.0%   2.7 2060s
 60640 57865 1494987.34 13738  320 3458885.11 1174581.04  66.0%   2.7 2067s
 60731 57956 1491685.00 13740  320 3458885.11 1174581.04  66.0%   2.7 2070s
 60909 58134 1491303.60 13733  321 3458885.11 1174581.04  66.0%   2.7 2075s
 61089 58314 1495493.02 13738  322 3458885.11 1174581.04  66.0%   2.7 2080s
 61284 58509 1492489.64 13740  323 3458885.11 1174581.04  66.0%   2.7 2085s
 61451 58676 1176994.77   57  434 3458885.11 1174581.04  66.0%   2.7 2090s
 61596 58816 1273301.29  129  420 3458885.11 1174581.04  66.0%   2.7 2095s
 61754 58972 1315092.06  208  421 3458885.11 1174581.04  66.0%   2.7 2100s
 61917 59135 1315223.32  290  422 3458885.11 1174581.04  66.0%   2.7 2105s
 62080 59298 1316310.61  371  417 3458885.11 1174581.04  66.0%   2.7 2110s
 62240 59458 1317002.79  451  416 3458885.11 1174581.04  66.0%   2.7 2115s
 62393 59611 1327627.77  528  414 3458885.11 1174581.04  66.0%   2.7 2120s
 62542 59760 1328819.26  602  413 3458885.11 1174581.04  66.0%   2.7 2125s
 62700 59918 1329532.17  681  413 3458885.11 1174581.04  66.0%   2.7 2130s
 62872 60090 1329920.94  767  413 3458885.11 1174581.04  66.0%   2.7 2135s
 63036 60254 1330751.48  849  413 3458885.11 1174581.04  66.0%   2.7 2140s
 63179 60397 1331365.00  921  414 3458885.11 1174581.04  66.0%   2.7 2145s
 63332 60550 1332467.01  997  413 3458885.11 1174581.04  66.0%   2.7 2150s
 63495 60713 1333077.66 1079  414 3458885.11 1174581.04  66.0%   2.7 2155s
 63648 60866 1333624.95 1155  413 3458885.11 1174581.04  66.0%   2.7 2160s
 63807 61025 1334136.21 1235  411 3458885.11 1174581.04  66.0%   2.7 2165s
 63948 61166 1334900.96 1305  412 3458885.11 1174581.04  66.0%   2.7 2170s
 64087 61305 1334414.44 1375  411 3458885.11 1174581.04  66.0%   2.7 2175s
 64256 61474 1335295.16 1459  410 3458885.11 1174581.04  66.0%   2.7 2180s
 64415 61633 1336218.10 1539  410 3458885.11 1174581.04  66.0%   2.7 2185s
 64579 61797 1337178.80 1621  410 3458885.11 1174581.04  66.0%   2.7 2190s
 64732 61950 1337818.01 1697  407 3458885.11 1174581.04  66.0%   2.6 2195s
 64874 62092 1338679.29 1768  407 3458885.11 1174581.04  66.0%   2.6 2200s
 65036 62254 1338198.27 1849  407 3458885.11 1174581.04  66.0%   2.6 2205s
 65200 62418 1338403.41 1931  407 3458885.11 1174581.04  66.0%   2.6 2210s
 65363 62581 1338657.74 2013  409 3458885.11 1174581.04  66.0%   2.6 2215s
 65523 62741 1340246.40 2093  407 3458885.11 1174581.04  66.0%   2.6 2220s
 65688 62906 1341869.50 2175  405 3458885.11 1174581.04  66.0%   2.6 2225s
 65711 62929 1341671.33 2187  406 3458885.11 1174581.04  66.0%   2.6 2230s
 65841 63059 1342485.90 2252  406 3458885.11 1174581.04  66.0%   2.6 2235s
 66025 63243 1343626.22 2344  406 3458885.11 1174581.04  66.0%   2.6 2240s
 66204 63422 1344917.00 2433  406 3458885.11 1174581.04  66.0%   2.6 2245s
 66371 63589 1346565.65 2517  406 3458885.11 1174581.04  66.0%   2.6 2250s
 66518 63736 1347297.87 2590  402 3458885.11 1174581.04  66.0%   2.6 2255s
 66677 63895 1347710.71 2670  403 3458885.11 1174581.04  66.0%   2.6 2260s
 66832 64050 1348439.86 2747  402 3458885.11 1174581.04  66.0%   2.6 2265s
Created node file directory '/home/ps12398/efpe/goalProgrammingMarcos//grbnodes22'
 66912 64130 1348740.68 2787  402 3458885.11 1174581.04  66.0%   2.6 2351s
 67020 64238 1349149.99 2841  402 3458885.11 1174581.04  66.0%   2.6 2355s
 67135 64353 1349434.88 2899  403 3458885.11 1174581.04  66.0%   2.6 2360s
 67265 64483 1349826.53 2964  402 3458885.11 1174581.04  66.0%   2.6 2365s
 67391 64609 1349981.90 3027  402 3458885.11 1174581.04  66.0%   2.6 2370s
 67515 64733 1350134.54 3089  402 3458885.11 1174581.04  66.0%   2.6 2375s
 67628 64846 1350960.76 3145  402 3458885.11 1174581.04  66.0%   2.6 2380s
 67748 64966 1351188.45 3205  402 3458885.11 1174581.04  66.0%   2.6 2385s
 67857 65075 1350781.87 3260  402 3458885.11 1174581.04  66.0%   2.6 2390s
 67957 65175 1351231.87 3310  401 3458885.11 1174581.04  66.0%   2.6 2395s
 68057 65275 1352138.53 3360  401 3458885.11 1174581.04  66.0%   2.6 2400s
 68147 65365 1352439.52 3405  399 3458885.11 1174581.04  66.0%   2.6 2405s
 68238 65456 1353249.26 3450  399 3458885.11 1174581.04  66.0%   2.6 2410s
 68328 65546 1361925.84 3495  393 3458885.11 1174581.04  66.0%   2.6 2415s
 68448 65666 1361861.06 3555  392 3458885.11 1174581.04  66.0%   2.6 2420s
 68565 65783 1361933.76 3614  390 3458885.11 1174581.04  66.0%   2.6 2425s
 68668 65886 1362018.52 3665  390 3458885.11 1174581.04  66.0%   2.6 2430s
 68785 66003 1362199.71 3724  390 3458885.11 1174581.04  66.0%   2.6 2435s
 68927 66145 1362396.67 3795  390 3458885.11 1174581.04  66.0%   2.6 2440s
 69096 66314 1362580.11 3879  391 3458885.11 1174581.04  66.0%   2.6 2445s
 69249 66467 1362988.66 3956  390 3458885.11 1174581.04  66.0%   2.6 2450s
 69401 66619 1363455.84 4032  390 3458885.11 1174581.04  66.0%   2.6 2455s
 69539 66757 1364039.56 4101  390 3458885.11 1174581.04  66.0%   2.6 2460s
 69705 66923 1365048.72 4184  390 3458885.11 1174581.04  66.0%   2.6 2465s
 69865 67083 1374726.90 4264  387 3458885.11 1174581.04  66.0%   2.6 2470s
 70018 67236 1376410.07 4340  387 3458885.11 1174581.04  66.0%   2.6 2475s
 70160 67378 1377160.03 4411  383 3458885.11 1174581.04  66.0%   2.5 2480s
 70320 67538 1377171.23 4491  383 3458885.11 1174581.04  66.0%   2.5 2485s
 70472 67690 1377181.87 4567  383 3458885.11 1174581.04  66.0%   2.5 2490s
 70638 67856 1376705.45 4650  381 3458885.11 1174581.04  66.0%   2.5 2495s
 70782 68000 1377135.51 4722  381 3458885.11 1174581.04  66.0%   2.5 2504s
 70785 68003 1377063.34 4724  382 3458885.11 1174581.04  66.0%   2.5 2505s
 70948 68166 1378670.11 4805  381 3458885.11 1174581.04  66.0%   2.5 2510s
 71115 68333 1380288.55 4889  382 3458885.11 1174581.04  66.0%   2.5 2515s
 71300 68518 1381639.81 4981  379 3458885.11 1174581.04  66.0%   2.5 2520s
 71468 68686 1381758.73 5065  379 3458885.11 1174581.04  66.0%   2.5 2591s
 71569 68787 1381304.27 5116  380 3458885.11 1174581.04  66.0%   2.5 2595s
 71735 68953 1381660.52 5199  379 3458885.11 1174581.04  66.0%   2.5 2600s
 71902 69120 1383645.68 5282  378 3458885.11 1174581.04  66.0%   2.5 2605s
 72072 69290 1386303.69 5367  379 3458885.11 1174581.04  66.0%   2.5 2610s
 72246 69464 1388875.15 5454  379 3458885.11 1174581.04  66.0%   2.5 2615s
 72416 69634 1389745.23 5539  378 3458885.11 1174581.04  66.0%   2.5 2620s
 72585 69803 1390084.98 5624  379 3458885.11 1174581.04  66.0%   2.5 2625s
 72760 69978 1390666.38 5711  379 3458885.11 1174581.04  66.0%   2.5 2630s
 72941 70159 1390933.95 5802  379 3458885.11 1174581.04  66.0%   2.5 2635s
 73123 70341 1391391.27 5893  379 3458885.11 1174581.04  66.0%   2.5 2640s
 73287 70505 1391805.79 5975  379 3458885.11 1174581.04  66.0%   2.5 2645s
 73456 70674 1392247.04 6059  379 3458885.11 1174581.04  66.0%   2.5 2650s
 73628 70846 1392674.12 6145  379 3458885.11 1174581.04  66.0%   2.5 2655s
 73787 71005 1392951.55 6225  379 3458885.11 1174581.04  66.0%   2.5 2660s
 73984 71202 1393417.32 6323  379 3458885.11 1174581.04  66.0%   2.5 2665s
 74153 71371 1393973.54 6408  378 3458885.11 1174581.04  66.0%   2.5 2670s
 74305 71523 1394620.72 6484  377 3458885.11 1174581.04  66.0%   2.5 2675s
 74445 71663 1395227.12 6554  377 3458885.11 1174581.04  66.0%   2.5 2680s
 74585 71803 1395628.78 6624  375 3458885.11 1174581.04  66.0%   2.5 2685s
 74717 71935 1395999.22 6690  374 3458885.11 1174581.04  66.0%   2.5 2690s
 74848 72066 1396759.24 6755  372 3458885.11 1174581.04  66.0%   2.5 2695s
 74989 72207 1396583.94 6826  373 3458885.11 1174581.04  66.0%   2.5 2700s
 75111 72329 1396869.35 6887  373 3458885.11 1174581.04  66.0%   2.5 2705s
 75251 72469 1397229.98 6957  373 3458885.11 1174581.04  66.0%   2.5 2710s
 75382 72600 1398405.81 7022  372 3458885.11 1174581.04  66.0%   2.5 2715s
 75509 72727 1397954.82 7086  372 3458885.11 1174581.04  66.0%   2.5 2720s
 75644 72862 1399171.44 7153  372 3458885.11 1174581.04  66.0%   2.5 2725s
 75772 72990 1399261.92 7217  372 3458885.11 1174581.04  66.0%   2.5 2730s
 75853 73071 1398897.05 7258  372 3458885.11 1174581.04  66.0%   2.5 2738s
 75898 73116 1399005.87 7280  371 3458885.11 1174581.04  66.0%   2.5 2740s
 76059 73277 1399384.03 7361  372 3458885.11 1174581.04  66.0%   2.4 2745s
 76224 73442 1400609.11 7443  372 3458885.11 1174581.04  66.0%   2.4 2750s
 76395 73613 1400209.93 7529  372 3458885.11 1174581.04  66.0%   2.4 2755s
 76563 73781 1409874.54 7613  370 3458885.11 1174581.04  66.0%   2.4 2760s
 76644 73862 1410587.79 7653  370 3458885.11 1174581.04  66.0%   2.4 2809s
 76674 73892 1410215.54 7668  369 3458885.11 1174581.04  66.0%   2.4 2810s
 76842 74060 1410526.19 7752  369 3458885.11 1174581.04  66.0%   2.4 2815s
 77008 74226 1411251.84 7835  370 3458885.11 1174581.04  66.0%   2.4 2820s
 77166 74384 1411526.34 7914  370 3458885.11 1174581.04  66.0%   2.4 2825s
 77325 74543 1411245.58 7994  370 3458885.11 1174581.04  66.0%   2.4 2830s
 77473 74691 1411504.41 8068  370 3458885.11 1174581.04  66.0%   2.4 2835s
 77610 74828 1412137.47 8136  369 3458885.11 1174581.04  66.0%   2.4 2840s
 77746 74964 1412802.41 8204  369 3458885.11 1174581.04  66.0%   2.4 2845s
 77887 75105 1413213.03 8275  369 3458885.11 1174581.04  66.0%   2.4 2850s
 78019 75237 1414066.96 8341  368 3458885.11 1174581.04  66.0%   2.4 2855s
 78202 75420 1415097.36 8432  367 3458885.11 1174581.04  66.0%   2.4 2860s
 78380 75598 1416706.17 8521  367 3458885.11 1174581.04  66.0%   2.4 2865s
 78554 75772 1417046.95 8608  367 3458885.11 1174581.04  66.0%   2.4 2870s
 78754 75972 1418274.29 8708  364 3458885.11 1174581.04  66.0%   2.4 2875s
 78936 76154 1418897.79 8799  363 3458885.11 1174581.04  66.0%   2.4 2880s
 79114 76332 1419506.98 8888  364 3458885.11 1174581.04  66.0%   2.4 2885s
 79300 76518 1421108.59 8981  363 3458885.11 1174581.04  66.0%   2.4 2890s
 79444 76662 1423038.03 9053  364 3458885.11 1174581.04  66.0%   2.4 2895s
 79583 76801 1423582.36 9123  364 3458885.11 1174581.04  66.0%   2.4 2900s
 79727 76945 1423932.77 9195  364 3458885.11 1174581.04  66.0%   2.4 2905s
 79876 77094 1424551.66 9269  363 3458885.11 1174581.04  66.0%   2.4 2910s
 80029 77247 1424718.08 9346  363 3458885.11 1174581.04  66.0%   2.4 2915s
 80182 77400 1425646.78 9422  359 3458885.11 1174581.04  66.0%   2.4 2920s
 80344 77562 1425878.41 9503  355 3458885.11 1174581.04  66.0%   2.4 2925s
 80501 77719 1426124.94 9582  354 3458885.11 1174581.04  66.0%   2.4 2930s
 80639 77857 1426348.57 9651  354 3458885.11 1174581.04  66.0%   2.4 2935s
 80793 78011 1426594.36 9728  354 3458885.11 1174581.04  66.0%   2.4 2940s
 80924 78142 1426812.61 9793  353 3458885.11 1174581.04  66.0%   2.4 2950s
 81070 78288 1428440.42 9866  353 3458885.11 1174581.04  66.0%   2.4 2955s
 81233 78451 1428478.94 9948  353 3458885.11 1174581.04  66.0%   2.4 2960s
 81405 78623 1429553.98 10034  353 3458885.11 1174581.04  66.0%   2.4 2965s
 81576 78794 1430713.31 10119  353 3458885.11 1174581.04  66.0%   2.4 2970s
 81736 78954 1431713.35 10199  353 3458885.11 1174581.04  66.0%   2.4 2975s
 81794 79012 1432965.60 10228  353 3458885.11 1174581.04  66.0%   2.4 3018s
 81830 79048 1433190.61 10246  353 3458885.11 1174581.04  66.0%   2.4 3020s
 82000 79218 1434110.75 10331  350 3458885.11 1174581.04  66.0%   2.4 3025s
 82169 79387 1434847.55 10416  351 3458885.11 1174581.04  66.0%   2.4 3030s
 82343 79561 1435448.35 10503  347 3458885.11 1174581.04  66.0%   2.4 3035s
 82508 79726 1436137.94 10585  347 3458885.11 1174581.04  66.0%   2.4 3040s
 82689 79907 1436449.15 10676  347 3458885.11 1174581.04  66.0%   2.4 3045s
 82851 80069 1436917.87 10757  347 3458885.11 1174581.04  66.0%   2.4 3050s
 83001 80219 1437351.70 10832  347 3458885.11 1174581.04  66.0%   2.4 3055s
 83164 80382 1438388.69 10913  348 3458885.11 1174581.04  66.0%   2.4 3060s
 83307 80525 1438848.42 10985  348 3458885.11 1174581.04  66.0%   2.4 3065s
 83456 80674 1439775.55 11059  345 3458885.11 1174581.04  66.0%   2.4 3070s
 83608 80826 1440100.36 11135  345 3458885.11 1174581.04  66.0%   2.4 3075s
 83741 80959 1440372.61 11202  346 3458885.11 1174581.04  66.0%   2.4 3080s
 83892 81110 1440730.36 11277  345 3458885.11 1174581.04  66.0%   2.4 3085s
 84047 81265 1441809.05 11355  345 3458885.11 1174581.04  66.0%   2.4 3090s
 84202 81420 1442948.74 11432  345 3458885.11 1174581.04  66.0%   2.4 3095s
 84346 81564 1444955.76 11504  344 3458885.11 1174581.04  66.0%   2.4 3100s
 84513 81731 1444565.68 11588  344 3458885.11 1174581.04  66.0%   2.4 3105s
 84663 81881 1445054.97 11663  344 3458885.11 1174581.04  66.0%   2.4 3110s
 84806 82024 1445521.66 11734  344 3458885.11 1174581.04  66.0%   2.4 3115s
 84986 82204 1446644.36 11824  344 3458885.11 1174581.04  66.0%   2.4 3120s
 85144 82362 1446644.15 11903  344 3458885.11 1174581.04  66.0%   2.4 3125s
 85283 82501 1448238.74 11973  336 3458885.11 1174581.04  66.0%   2.4 3130s
 85423 82641 1448385.43 12043  336 3458885.11 1174581.04  66.0%   2.4 3135s
 85566 82784 1448564.06 12114  335 3458885.11 1174581.04  66.0%   2.4 3140s
 85727 82945 1448703.97 12195  336 3458885.11 1174581.04  66.0%   2.4 3145s
 85869 83087 1449281.52 12266  335 3458885.11 1174581.04  66.0%   2.4 3150s
 85995 83213 1449823.18 12329  335 3458885.11 1174581.04  66.0%   2.4 3159s
 86008 83226 1449894.81 12335  334 3458885.11 1174581.04  66.0%   2.4 3160s
 86178 83396 1450723.24 12420  335 3458885.11 1174581.04  66.0%   2.4 3165s
 86353 83571 1451369.33 12508  335 3458885.11 1174581.04  66.0%   2.4 3170s
 86366 83584 1451534.20 12514  335 3458885.11 1174581.04  66.0%   2.4 3216s
 86489 83707 1451832.87 12576  333 3458885.11 1174581.04  66.0%   2.4 3220s
 86672 83890 1453038.04 12667  333 3458885.11 1174581.04  66.0%   2.4 3225s
 86851 84069 1453216.02 12757  333 3458885.11 1174581.04  66.0%   2.4 3230s
 87026 84244 1453991.99 12844  333 3458885.11 1174581.04  66.0%   2.4 3235s
 87201 84419 1454764.58 12932  333 3458885.11 1174581.04  66.0%   2.4 3240s
 87368 84586 1456623.00 13015  334 3458885.11 1174581.04  66.0%   2.4 3245s
 87542 84760 1458243.53 13102  331 3458885.11 1174581.04  66.0%   2.4 3250s
 87727 84945 1458433.96 13195  332 3458885.11 1174581.04  66.0%   2.4 3255s
 87914 85132 1458631.57 13288  331 3458885.11 1174581.04  66.0%   2.4 3260s
 88074 85292 1458798.46 13368  331 3458885.11 1174581.04  66.0%   2.4 3265s
 88233 85451 1458961.39 13448  332 3458885.11 1174581.04  66.0%   2.4 3270s
 88364 85582 1459237.37 13513  331 3458885.11 1174581.04  66.0%   2.4 3275s
 88502 85720 1459490.29 13582  330 3458885.11 1174581.04  66.0%   2.4 3280s
 88650 85868 1459787.35 13656  331 3458885.11 1174581.04  66.0%   2.4 3285s
 88795 86013 1460127.92 13729  333 3458885.11 1174581.04  66.0%   2.4 3290s
 88943 86161 1460429.62 13740  327 3458885.11 1174581.04  66.0%   2.4 3295s
 89083 86301 1461059.64 13739  329 3458885.11 1174581.04  66.0%   2.4 3300s
 89229 86447 1461028.86 13740  331 3458885.11 1174581.04  66.0%   2.4 3305s
 89335 86553 1461010.93 13740  329 3458885.11 1174581.04  66.0%   2.4 3310s
 89436 86654 1461565.12 13740  329 3458885.11 1174581.04  66.0%   2.4 3315s
 89546 86764 1461924.38 13740  329 3458885.11 1174581.04  66.0%   2.4 3320s
 89662 86880 1461818.43 13739  330 3458885.11 1174581.04  66.0%   2.4 3325s
 89768 86986 1461434.24 13739  330 3458885.11 1174581.04  66.0%   2.4 3330s
 89896 87114 1461098.90 13737  330 3458885.11 1174581.04  66.0%   2.4 3335s
 90018 87236 1462211.46 13740  330 3458885.11 1174581.04  66.0%   2.4 3340s
 90134 87352 1462259.27 13738  330 3458885.11 1174581.04  66.0%   2.4 3345s
 90266 87484 1462564.50 13740  330 3458885.11 1174581.04  66.0%   2.4 3350s
 90381 87599 1461336.67 13740  331 3458885.11 1174581.04  66.0%   2.4 3355s
 90410 87628 1460617.79 13739  331 3458885.11 1174581.04  66.0%   2.4 3439s
 90418 87636 1460635.25 13740  331 3458885.11 1174581.04  66.0%   2.4 3440s
 90605 87823 1461581.45 13740  332 3458885.11 1174581.04  66.0%   2.4 3445s
 90787 88005 1462153.53 13738  331 3458885.11 1174581.04  66.0%   2.4 3450s
 90930 88144 1249191.42   85  419 3458885.11 1174581.04  66.0%   2.4 3455s
H90990 88202                    3268247.4228 1174581.04  64.1%   2.4 3457s
 91066 88279 1316622.76  153  420 3268247.42 1174581.04  64.1%   2.4 3464s
 91086 88299 1314668.43  163  422 3268247.42 1174581.04  64.1%   2.4 3465s
 91249 88462 1326282.53  244  421 3268247.42 1174581.04  64.1%   2.4 3470s
 91419 88632 1326779.97  329  420 3268247.42 1174581.04  64.1%   2.4 3475s
 91598 88811 1326605.81  419  418 3268247.42 1174581.04  64.1%   2.4 3480s
 91762 88975 1327572.49  501  417 3268247.42 1174581.04  64.1%   2.5 3485s
 91923 89136 1328827.26  581  416 3268247.42 1174581.04  64.1%   2.5 3490s
 92082 89295 1329299.03  661  417 3268247.42 1174581.04  64.1%   2.5 3495s
 92239 89452 1331114.00  739  417 3268247.42 1174581.04  64.1%   2.5 3500s
 92410 89623 1332053.36  825  417 3268247.42 1174581.04  64.1%   2.5 3505s
 92581 89794 1332945.24  910  415 3268247.42 1174581.04  64.1%   2.5 3510s
 92745 89958 1333810.50  992  414 3268247.42 1174581.04  64.1%   2.5 3515s
 92904 90117 1334051.55 1072  414 3268247.42 1174581.04  64.1%   2.5 3520s
 93055 90268 1334997.51 1147  414 3268247.42 1174581.04  64.1%   2.5 3525s
 93191 90404 1335879.16 1215  414 3268247.42 1174581.04  64.1%   2.5 3530s
 93342 90555 1336449.41 1291  414 3268247.42 1174581.04  64.1%   2.5 3535s
 93493 90706 1337292.11 1366  414 3268247.42 1174581.04  64.1%   2.5 3540s
 93645 90858 1337866.86 1442  414 3268247.42 1174581.04  64.1%   2.5 3545s
 93786 90999 1338746.36 1513  413 3268247.42 1174581.04  64.1%   2.5 3550s
 93919 91132 1348658.08 1579  413 3268247.42 1174581.04  64.1%   2.5 3555s
 94057 91270 1349632.88 1648  412 3268247.42 1174581.04  64.1%   2.5 3560s
 94195 91408 1350049.59 1717  413 3268247.42 1174581.04  64.1%   2.5 3565s
 94335 91548 1350698.33 1787  413 3268247.42 1174581.04  64.1%   2.5 3570s
 94489 91702 1351789.29 1864  411 3268247.42 1174581.04  64.1%   2.5 3575s
 94635 91848 1352265.85 1937  411 3268247.42 1174581.04  64.1%   2.5 3580s
 94765 91978 1353430.11 2002  410 3268247.42 1174581.04  64.1%   2.5 3585s
 94900 92113 1352912.49 2070  409 3268247.42 1174581.04  64.1%   2.5 3590s
 95045 92258 1353780.35 2142  410 3268247.42 1174581.04  64.1%   2.5 3595s

Cutting planes:
  RLT: 134

Explored 95180 nodes (236144 simplex iterations) in 3600.43 seconds (800.54 work units)
Thread count was 1 (of 24 available processors)

Solution count 10: 3.26825e+06 3.45889e+06 3.4627e+06 ... 3.79489e+06

Time limit reached
Best objective 3.268247422833e+06, best bound 1.174581036795e+06, gap 64.0608%
