
Gurobi 11.0.3 (linux64, Java) logging started qui 18 dez 2025 19:26:30 -03

Set parameter WLSAccessID
Set parameter WLSSecret
Set parameter LicenseID to value 2566693
Academic license 2566693 - for non-commercial use only - registered to ja___@ufv.br
Set parameter NonConvex to value 2
Set parameter TimeLimit to value 3600
Set parameter LogToConsole to value 0
Set parameter MIPGap to value 2.8398712201892718e-08
Set parameter Threads to value 1
Set parameter NodefileDir to value "/home/ps12398/efpe/goalProgrammingMarcos/"
Set parameter NodefileStart to value 0.1
Gurobi Optimizer version 11.0.3 build v11.0.3rc0 (linux64)

CPU model: Intel(R) Xeon(R) CPU           X5650  @ 2.67GHz, instruction set [SSE2]
Thread count: 12 physical cores, 24 logical processors, using up to 1 threads

Academic license 2566693 - for non-commercial use only - registered to ja___@ufv.br
Optimize a model with 257643 rows, 174944 columns and 1943429 nonzeros
Model fingerprint: 0xbfc27287
Model has 300 quadratic constraints
Variable types: 87326 continuous, 87618 integer (295 binary)
Coefficient statistics:
  Matrix range     [3e-03, 3e+06]
  QMatrix range    [3e-03, 5e+04]
  QLMatrix range   [1e+00, 5e+04]
  Objective range  [1e+00, 7e+07]
  Bounds range     [1e+00, 1e+08]
  RHS range        [1e+00, 7e+06]
  QRHS range       [3e-02, 3e-02]
Presolve removed 255895 rows and 172676 columns
Presolve time: 1.50s
Presolved: 2891 rows, 2626 columns, 329427 nonzeros
Presolved model has 2 SOS constraint(s)
Presolved model has 295 bilinear constraint(s)

Solving non-convex MIQCP

Variable types: 953 continuous, 1673 integer (297 binary)
Found heuristic solution: objective 2.196453e+07

Root relaxation: objective 1.491965e+06, 387 iterations, 0.18 seconds (0.07 work units)

    Nodes    |    Current Node    |     Objective Bounds      |     Work
 Expl Unexpl |  Obj  Depth IntInf | Incumbent    BestBd   Gap | It/Node Time

     0     0 1491964.61    0  300 2.1965e+07 1491964.61  93.2%     -    2s
H    0     0                    1773183.4712 1491964.61  15.9%     -    2s
     0     0 1491964.61    0  300 1773183.47 1491964.61  15.9%     -    3s
     0     0 1491964.61    0  299 1773183.47 1491964.61  15.9%     -    3s
     0     0 1491964.61    0  301 1773183.47 1491964.61  15.9%     -    3s
H    0     0                    1571807.0927 1491964.61  5.08%     -    3s
     0     0 1491964.61    0  301 1571807.09 1491964.61  5.08%     -    3s
     0     0 1491964.61    0  301 1571807.09 1491964.61  5.08%     -    4s
     0     0 1491964.61    0  301 1571807.09 1491964.61  5.08%     -    4s
H    0     0                    1560391.0693 1491964.61  4.39%     -    5s
     0     2 1491964.61    0  301 1560391.07 1491964.61  4.39%     -    5s
    11    13 1491964.61   10  294 1560391.07 1491964.61  4.39%   1.0   21s
H   26    25                    1560391.0521 1491964.61  4.39%   1.3   22s
H   27    26                    1560179.2831 1491964.61  4.37%   1.3   23s
H   54    53                    1504739.4917 1491964.61  0.85%   1.1   24s
    63    64 1491964.61   61  296 1504739.49 1491964.61  0.85%   1.1   25s
H   78    77                    1504727.7003 1491964.61  0.85%   1.1   25s
H  162   161                    1501469.9622 1491964.61  0.63%   1.0   29s
   180   181 1491964.61  178  296 1501469.96 1491964.61  0.63%   1.1   30s
H  189   188                    1500319.9945 1491964.61  0.56%   1.0   30s
H  216   205                    1500103.2734 1491964.61  0.54%   1.6   32s
H  243   216                    1496778.5293 1491964.61  0.32%   2.7   33s
   270   229 1491964.61   17  296 1496778.53 1491964.61  0.32%   3.1   35s
   365   266 1494095.46   67  300 1496778.53 1491964.61  0.32%   3.8   40s
H  433   295                    1495736.9238 1491964.61  0.25%   4.2   43s
   466   313 1491964.61  117  293 1495736.92 1491964.61  0.25%   4.4   45s
   565   362 1492585.94  167  300 1495736.92 1491964.61  0.25%   4.8   50s
H  616   386                    1495736.9232 1491964.61  0.25%   5.0   52s
   653   406 1492355.74  211  300 1495736.92 1491964.61  0.25%   5.1   55s
   682   421 1492366.08  209    0 1495736.92 1491964.61  0.25%   5.2   60s
   684   423 1491964.61   93    0 1495736.92 1491964.61  0.25%   5.1   65s
   690   428 1491964.61  127    9 1495736.92 1491964.61  0.25%   5.3   74s
   692   430 1493842.85   75  124 1495736.92 1491964.61  0.25%   5.7   75s
   693   431 1495291.05   46  124 1495736.92 1491964.61  0.25%   5.7   80s
   696   433 1492366.08  215    9 1495736.92 1491964.61  0.25%   5.6   85s
   703   438 1493058.55  123    9 1495736.92 1491964.61  0.25%   6.1   93s
   709   444 1491964.61   51  297 1495736.92 1491964.61  0.25%   6.7   95s
H  731   433                    1494488.8184 1491964.61  0.17%   6.5   96s
H  756   426                    1494488.8183 1491964.61  0.17%   6.3   97s
H  785   352                    1491964.6089 1491964.61  0.00%   6.3   97s

Cutting planes:
  RLT: 4

Explored 786 nodes (5376 simplex iterations) in 97.63 seconds (27.52 work units)
Thread count was 1 (of 24 available processors)

Solution count 10: 1.49196e+06 1.49449e+06 1.49449e+06 ... 1.50474e+06

Optimal solution found (tolerance 2.84e-08)
Best objective 1.491964608885e+06, best bound 1.491964608885e+06, gap 0.0000%
