
Gurobi 11.0.3 (linux64, Java) logging started ter 26 nov 2024 16:10:14 -03

Set parameter Username
Academic license - for non-commercial use only - expires 2025-10-10
Set parameter NonConvex to value 2
Set parameter TimeLimit to value 3600
Set parameter LogToConsole to value 0
Set parameter MIPGap to value 6.5999916987576037e-07
Set parameter Threads to value 2
Set parameter NodefileDir to value "/home/ps12398/experiment_hosp/goalProgrammingMarcos/"
Set parameter NodefileStart to value 1
Gurobi Optimizer version 11.0.3 build v11.0.3rc0 (linux64)

CPU model: Intel(R) Xeon(R) CPU           X5650  @ 2.67GHz, instruction set [SSE2]
Thread count: 12 physical cores, 24 logical processors, using up to 2 threads

Optimize a model with 699 rows, 504 columns and 1925 nonzeros
Model fingerprint: 0xae4389f9
Model has 20 quadratic constraints
Variable types: 246 continuous, 258 integer (15 binary)
Coefficient statistics:
  Matrix range     [7e-02, 1e+06]
  QMatrix range    [7e-02, 2e+04]
  QLMatrix range   [1e+00, 2e+04]
  Objective range  [1e+00, 3e+06]
  Bounds range     [1e+00, 1e+08]
  RHS range        [1e+00, 3e+04]
Presolve removed 625 rows and 423 columns
Presolve time: 0.01s
Presolved: 201 rows, 119 columns, 864 nonzeros
Presolved model has 14 bilinear constraint(s)

Solving non-convex MIQCP

Variable types: 55 continuous, 64 integer (12 binary)
Found heuristic solution: objective 1219782.1816

Root relaxation: objective 0.000000e+00, 64 iterations, 0.00 seconds (0.00 work units)

    Nodes    |    Current Node    |     Objective Bounds      |     Work
 Expl Unexpl |  Obj  Depth IntInf | Incumbent    BestBd   Gap | It/Node Time

     0     0    0.00000    0   34 1219782.18    0.00000   100%     -    0s
H    0     0                    568916.76438    0.00000   100%     -    0s
H    0     0                    516204.06174    0.00000   100%     -    0s
     0     0 91571.7085    0   48 516204.062 91571.7085  82.3%     -    0s
     0     0 91571.7085    0   48 516204.062 91571.7085  82.3%     -    0s
H    0     0                    393478.98317 96913.2882  75.4%     -    0s
     0     0 96913.2882    0   53 393478.983 96913.2882  75.4%     -    0s
     0     0 96913.2882    0   53 393478.983 96913.2882  75.4%     -    0s
     0     0 98920.0476    0   53 393478.983 98920.0476  74.9%     -    0s
     0     0 98920.0476    0   54 393478.983 98920.0476  74.9%     -    0s
     0     0 98920.0476    0   54 393478.983 98920.0476  74.9%     -    0s
     0     0 98955.4802    0   49 393478.983 98955.4802  74.9%     -    0s
     0     0 99244.9827    0   55 393478.983 99244.9827  74.8%     -    0s
     0     0 99244.9827    0   27 393478.983 99244.9827  74.8%     -    0s
H    0     0                    387020.87567 99244.9827  74.4%     -    0s
     0     0 99244.9827    0   35 387020.876 99244.9827  74.4%     -    0s
H    0     0                    348974.08911 99882.0717  71.4%     -    0s
     0     0 99882.0717    0   37 348974.089 99882.0717  71.4%     -    0s
     0     0 99882.0717    0   41 348974.089 99882.0717  71.4%     -    0s
H    0     0                    345419.96719 100040.787  71.0%     -    0s
     0     0 100040.787    0   41 345419.967 100040.787  71.0%     -    0s
     0     0 100040.787    0   39 345419.967 100040.787  71.0%     -    0s
     0     0 101916.485    0   38 345419.967 101916.485  70.5%     -    0s
     0     0 101916.485    0   38 345419.967 101916.485  70.5%     -    0s
     0     2 101916.485    0   38 345419.967 101916.485  70.5%     -    0s
H    8     9                    340578.81878 106543.058  68.7%  10.5    0s
H   25    24                    229117.07802 106543.058  53.5%  15.1    0s
H   30    22                    203621.98634 106543.058  47.7%  13.8    0s
H   30    22                    200211.63695 106543.058  46.8%  13.8    0s
H   35    30                    186910.97186 106543.058  43.0%  12.1    0s
H   37    30                    186809.15775 106543.058  43.0%  11.8    0s
H   46    24                    186597.05211 106543.058  42.9%   9.7    0s
H   54    20                    186539.51509 106543.058  42.9%   8.4    0s
*   57    20              20    186539.48049 106543.058  42.9%   8.1    0s
H   58    20                    186530.36399 106543.058  42.9%   8.0    0s
*   66    16              20    186529.90865 112463.196  39.7%   8.6    0s
*   74    16              17    186497.87576 112463.196  39.7%   8.7    0s
*   75    16              17    186494.83029 112463.196  39.7%   8.6    0s
H   77    16                    186486.18824 112463.196  39.7%   8.4    0s
*   86     7              19    186486.18035 186475.279  0.01%   8.1    0s
*   89     7              18    186484.28055 186475.279  0.00%   7.8    0s
*   90     7              18    186482.75247 186475.279  0.00%   7.8    0s
H   93     7                    186481.31905 186475.279  0.00%   7.8    0s
H   94     4                    186481.02992 186475.279  0.00%   7.9    0s
H   94     4                    186480.64693 186475.279  0.00%   7.9    0s
H  102     4                    186480.54411 186480.117  0.00%   7.3    0s
*  107     4              21    186480.46883 186480.469  0.00%   7.1    0s

Cutting planes:
  Implied bound: 4
  MIR: 10
  Flow cover: 6
  RLT: 1
  Relax-and-lift: 2

Explored 111 nodes (1179 simplex iterations) in 0.31 seconds (0.12 work units)
Thread count was 2 (of 24 available processors)

Solution count 10: 186480 186481 186481 ... 186530

Optimal solution found (tolerance 6.60e-07)
Best objective 1.864804688291e+05, best bound 1.864804688291e+05, gap 0.0000%
