
Gurobi 11.0.3 (linux64, Java) logging started ter 26 nov 2024 16:09:29 -03

Set parameter Username
Academic license - for non-commercial use only - expires 2025-10-10
Set parameter NonConvex to value 2
Set parameter TimeLimit to value 3600
Set parameter LogToConsole to value 0
Set parameter MIPGap to value 6.5999916987576037e-07
Set parameter Threads to value 2
Set parameter NodefileDir to value "/home/ps12398/experiment_hosp/goalProgrammingMarcos/"
Set parameter NodefileStart to value 1
Gurobi Optimizer version 11.0.3 build v11.0.3rc0 (linux64)

CPU model: Intel(R) Xeon(R) CPU           X5650  @ 2.67GHz, instruction set [SSE2]
Thread count: 12 physical cores, 24 logical processors, using up to 2 threads

Optimize a model with 699 rows, 504 columns and 1925 nonzeros
Model fingerprint: 0xf2e5ab7c
Model has 20 quadratic constraints
Variable types: 246 continuous, 258 integer (15 binary)
Coefficient statistics:
  Matrix range     [7e-02, 1e+06]
  QMatrix range    [7e-02, 2e+04]
  QLMatrix range   [1e+00, 2e+04]
  Objective range  [1e+00, 3e+06]
  Bounds range     [1e+00, 1e+08]
  RHS range        [1e+00, 1e+05]
  QRHS range       [1e-01, 1e-01]
Presolve removed 624 rows and 421 columns
Presolve time: 0.01s
Presolved: 202 rows, 121 columns, 867 nonzeros
Presolved model has 14 bilinear constraint(s)

Solving non-convex MIQCP

Variable types: 57 continuous, 64 integer (12 binary)
Found heuristic solution: objective 1087468.2696

Root relaxation: objective 0.000000e+00, 19 iterations, 0.00 seconds (0.00 work units)

    Nodes    |    Current Node    |     Objective Bounds      |     Work
 Expl Unexpl |  Obj  Depth IntInf | Incumbent    BestBd   Gap | It/Node Time

     0     0    0.00000    0   19 1087468.27    0.00000   100%     -    0s
H    0     0                    135029.11115    0.00000   100%     -    0s
H    0     0                    24790.939710    0.00000   100%     -    0s
     0     0    0.00000    0   22 24790.9397    0.00000   100%     -    0s
     0     0    0.00000    0   22 24790.9397    0.00000   100%     -    0s
H    0     0                    11273.667759    0.00000   100%     -    0s
     0     0    0.00000    0   22 11273.6678    0.00000   100%     -    0s
     0     0    0.00000    0   22 11273.6678    0.00000   100%     -    0s
     0     0    0.00000    0   22 11273.6678    0.00000   100%     -    0s
     0     0    0.00000    0   22 11273.6678    0.00000   100%     -    0s
     0     0    0.00000    0   22 11273.6678    0.00000   100%     -    0s
H    0     0                    9633.1824062    0.00000   100%     -    0s
     0     0    0.00000    0   24 9633.18241    0.00000   100%     -    0s
     0     0    0.00000    0   24 9633.18241    0.00000   100%     -    0s
     0     0    0.00000    0   19 9633.18241    0.00000   100%     -    0s
     0     0    0.00000    0   24 9633.18241    0.00000   100%     -    0s
     0     0    0.00000    0   22 9633.18241    0.00000   100%     -    0s
     0     0    0.00000    0   23 9633.18241    0.00000   100%     -    0s
     0     0    0.00000    0   20 9633.18241    0.00000   100%     -    0s
     0     0    0.00000    0    5 9633.18241    0.00000   100%     -    0s
H    0     0                    9620.0280689    0.00000   100%     -    0s
     0     0    0.00000    0    5 9620.02807    0.00000   100%     -    0s
     0     2    0.00000    0    5 9620.02807    0.00000   100%     -    0s
H    3     6                    7188.5932163    0.00000   100%   3.3    0s
H   16    17                    5247.0857606    0.00000   100%  11.3    0s
H   19    21                    5247.0851120    0.00000   100%  10.7    0s
H   27    28                    5183.1690063    0.00000   100%  10.9    0s
*   30    28              11    5183.0741846    0.00000   100%  10.1    0s
H   35    28                    5180.2380405    0.00000   100%  10.5    0s
*   39    56              12    5180.0156321    0.00000   100%  10.0    0s
*   40    56              12    5179.6803507    0.00000   100%  10.0    0s
H   86    56                    3429.7582165    0.00000   100%  10.2    0s
*  152   104              44    2963.7006442    0.00000   100%   7.0    0s
*  426   278              31    2944.8839204    0.00000   100%   4.1    0s
*  427   278              31    2937.6328745    0.00000   100%   4.1    0s
*  509   278              51    2818.9793560    0.00000   100%   4.0    0s
*  510   278              51    2771.9963667    0.00000   100%   4.0    0s
*  511   278              50    2725.0133775    0.00000   100%   4.0    0s
*  512   278              49    2678.0303882    0.00000   100%   4.0    0s
*  540   285             196    2582.4464273    0.00000   100%   3.9    0s
*  541   285             196    2538.3091843    0.00000   100%   3.9    0s
*  629   284              31    2537.0814204    0.00000   100%   3.8    0s
*  632   282              31    2490.0984311    0.00000   100%   3.8    0s
*  633   282              29    2443.1154419    0.00000   100%   3.8    0s
H  994   378                    2275.5926240    0.00000   100%   3.3    0s
H 1071   201                     151.4902742    0.00000   100%   3.1    0s
* 1217   170              60     140.9489678    0.00000   100%   3.0    0s
* 1218   169              60     127.8816220    0.00000   100%   3.0    0s
* 1219   165              59      99.5691858    0.00000   100%   3.0    0s
* 1459   162              56      93.9659785    0.00000   100%   3.0    0s
* 1465   153              57      46.9829893    0.00000   100%   3.0    0s
* 1468   151              57      43.5474524    0.00000   100%   3.0    0s
* 1526   150              31      37.7354674    0.00000   100%   3.0    0s
* 1527   150              31      30.9478774    0.00000   100%   3.0    0s
* 1528   149              30      25.6766340    0.00000   100%   3.0    0s
* 1530   145              30      21.8997864    0.00000   100%   3.0    0s
* 1536   143              32      19.6653159    0.00000   100%   3.0    0s
H 1547   141                      19.0920102    0.00000   100%   3.0    0s
* 1549   141              35      19.0445649    0.00000   100%   3.0    0s
* 1582   141              32      18.8199944    0.00000   100%   3.0    0s
* 1583   141              32      18.3911741    0.00000   100%   3.0    0s
* 1662   122              31       9.2621498    0.00000   100%   3.0    0s
* 1664   121              32       8.6769378    0.00000   100%   3.0    0s
* 1668   121              34       8.4690173    0.00000   100%   3.0    0s
* 1670   121              35       8.0399048    0.00000   100%   3.0    0s
* 1685   116              35       2.5566026    0.00000   100%   3.0    0s
* 1700   115              34       1.1356784    0.00000   100%   3.0    0s
* 1701   115              34       0.7866943    0.00000   100%   3.0    0s
* 1772   108              36       0.0000000    0.00000  0.00%   3.0    0s

Cutting planes:
  Cover: 4
  Implied bound: 8
  MIR: 7
  Flow cover: 2
  RLT: 8
  Relax-and-lift: 1

Explored 1806 nodes (5557 simplex iterations) in 0.63 seconds (0.24 work units)
Thread count was 2 (of 24 available processors)

Solution count 10: 0 0.786694 1.13568 ... 18.82

Optimal solution found (tolerance 6.60e-07)
Best objective 0.000000000000e+00, best bound 0.000000000000e+00, gap 0.0000%
