
Gurobi 11.0.3 (linux64, Java) logging started ter 26 nov 2024 16:07:36 -03

Set parameter Username
Academic license - for non-commercial use only - expires 2025-10-10
Set parameter NonConvex to value 2
Set parameter TimeLimit to value 3600
Set parameter LogToConsole to value 0
Set parameter MIPGap to value 6.5999916987576037e-07
Set parameter Threads to value 2
Set parameter NodefileDir to value "/home/ps12398/experiment_hosp/goalProgrammingMarcos/"
Set parameter NodefileStart to value 1
Gurobi Optimizer version 11.0.3 build v11.0.3rc0 (linux64)

CPU model: Intel(R) Xeon(R) CPU           X5650  @ 2.67GHz, instruction set [SSE2]
Thread count: 12 physical cores, 24 logical processors, using up to 2 threads

Optimize a model with 699 rows, 504 columns and 1925 nonzeros
Model fingerprint: 0x7f00b69f
Model has 20 quadratic constraints
Variable types: 246 continuous, 258 integer (15 binary)
Coefficient statistics:
  Matrix range     [7e-02, 1e+06]
  QMatrix range    [7e-02, 2e+04]
  QLMatrix range   [1e+00, 2e+04]
  Objective range  [1e+00, 3e+06]
  Bounds range     [1e+00, 1e+08]
  RHS range        [1e+00, 8e+04]
  QRHS range       [5e-02, 5e-02]
Presolve removed 624 rows and 421 columns
Presolve time: 0.01s
Presolved: 202 rows, 121 columns, 867 nonzeros
Presolved model has 14 bilinear constraint(s)

Solving non-convex MIQCP

Variable types: 57 continuous, 64 integer (12 binary)
Found heuristic solution: objective 1201407.7725

Root relaxation: objective 0.000000e+00, 55 iterations, 0.00 seconds (0.00 work units)

    Nodes    |    Current Node    |     Objective Bounds      |     Work
 Expl Unexpl |  Obj  Depth IntInf | Incumbent    BestBd   Gap | It/Node Time

     0     0    0.00000    0   29 1201407.77    0.00000   100%     -    0s
H    0     0                    379758.57157    0.00000   100%     -    0s
     0     0    0.00000    0   37 379758.572    0.00000   100%     -    0s
     0     0    0.00000    0   33 379758.572    0.00000   100%     -    0s
     0     0    0.00000    0   33 379758.572    0.00000   100%     -    0s
     0     0    0.00000    0   31 379758.572    0.00000   100%     -    0s
H    0     0                    355765.23381    0.00000   100%     -    0s
H    0     0                    355490.37102    0.00000   100%     -    0s
     0     0    0.00000    0   33 355490.371    0.00000   100%     -    0s
     0     0  506.85254    0   45 355490.371  506.85254   100%     -    0s
     0     0  506.85254    0   45 355490.371  506.85254   100%     -    0s
H    0     0                    329399.98328 13933.1825  95.8%     -    0s
     0     0 13933.1825    0   51 329399.983 13933.1825  95.8%     -    0s
     0     0 21402.8019    0   55 329399.983 21402.8019  93.5%     -    0s
     0     0 21402.8019    0   55 329399.983 21402.8019  93.5%     -    0s
     0     0 22687.1776    0   61 329399.983 22687.1776  93.1%     -    0s
     0     0 23388.6330    0   49 329399.983 23388.6330  92.9%     -    0s
     0     0 24839.5337    0   49 329399.983 24839.5337  92.5%     -    0s
     0     0 26141.6026    0   55 329399.983 26141.6026  92.1%     -    0s
     0     0 26382.4177    0   61 329399.983 26382.4177  92.0%     -    0s
     0     0 26382.4177    0   66 329399.983 26382.4177  92.0%     -    0s
H    0     0                    263458.23833 26382.4177  90.0%     -    0s
     0     0 26881.1342    0   51 263458.238 26881.1342  89.8%     -    0s
     0     0 27394.3159    0   52 263458.238 27394.3159  89.6%     -    0s
     0     0 27452.7276    0   46 263458.238 27452.7276  89.6%     -    0s
     0     0 28358.0838    0   56 263458.238 28358.0838  89.2%     -    0s
     0     0 28358.0838    0   56 263458.238 28358.0838  89.2%     -    0s
H    0     0                    260424.31929 28358.0838  89.1%     -    0s
H    0     0                    154815.52378 28358.0838  81.7%     -    0s
     0     0 36468.8380    0   25 154815.524 36468.8380  76.4%     -    0s
     0     0 36468.8380    0   39 154815.524 36468.8380  76.4%     -    0s
     0     0 36468.8380    0   29 154815.524 36468.8380  76.4%     -    0s
     0     0 36468.8380    0   35 154815.524 36468.8380  76.4%     -    0s
     0     0 36468.8380    0   36 154815.524 36468.8380  76.4%     -    0s
     0     0 36468.8380    0   41 154815.524 36468.8380  76.4%     -    0s
     0     0 36468.8380    0   41 154815.524 36468.8380  76.4%     -    0s
     0     0 36468.8380    0   45 154815.524 36468.8380  76.4%     -    0s
     0     0 36468.8380    0   41 154815.524 36468.8380  76.4%     -    0s
     0     0 36468.8380    0   37 154815.524 36468.8380  76.4%     -    0s
     0     2 36468.8380    0   37 154815.524 36468.8380  76.4%     -    0s

Cutting planes:
  Learned: 1
  Implied bound: 6
  MIR: 18
  Flow cover: 1
  RLT: 3
  Relax-and-lift: 5

Explored 111 nodes (1301 simplex iterations) in 0.56 seconds (0.16 work units)
Thread count was 2 (of 24 available processors)

Solution count 8: 154816 260424 263458 ... 1.20141e+06

Optimal solution found (tolerance 6.60e-07)
Best objective 1.548155237825e+05, best bound 1.548155237825e+05, gap 0.0000%
