
Gurobi 11.0.3 (linux64, Java) logging started ter 26 nov 2024 16:08:39 -03

Set parameter Username
Academic license - for non-commercial use only - expires 2025-10-10
Set parameter NonConvex to value 2
Set parameter TimeLimit to value 3600
Set parameter LogToConsole to value 0
Set parameter MIPGap to value 6.5999916987576037e-07
Set parameter Threads to value 2
Set parameter NodefileDir to value "/home/ps12398/experiment_hosp/goalProgrammingMarcos/"
Set parameter NodefileStart to value 1
Gurobi Optimizer version 11.0.3 build v11.0.3rc0 (linux64)

CPU model: Intel(R) Xeon(R) CPU           X5650  @ 2.67GHz, instruction set [SSE2]
Thread count: 12 physical cores, 24 logical processors, using up to 2 threads

Optimize a model with 699 rows, 504 columns and 1925 nonzeros
Model fingerprint: 0x2341e7f4
Model has 20 quadratic constraints
Variable types: 246 continuous, 258 integer (15 binary)
Coefficient statistics:
  Matrix range     [7e-02, 1e+06]
  QMatrix range    [7e-02, 2e+04]
  QLMatrix range   [1e+00, 2e+04]
  Objective range  [1e+00, 3e+06]
  Bounds range     [1e+00, 1e+08]
  RHS range        [1e+00, 2e+04]
  QRHS range       [3e-03, 3e-03]
Presolve removed 624 rows and 422 columns
Presolve time: 0.01s
Presolved: 202 rows, 120 columns, 866 nonzeros
Presolved model has 14 bilinear constraint(s)

Solving non-convex MIQCP

Variable types: 56 continuous, 64 integer (12 binary)
Found heuristic solution: objective 1285414.2274

Root relaxation: objective 0.000000e+00, 73 iterations, 0.00 seconds (0.00 work units)

    Nodes    |    Current Node    |     Objective Bounds      |     Work
 Expl Unexpl |  Obj  Depth IntInf | Incumbent    BestBd   Gap | It/Node Time

     0     0    0.00000    0   40 1285414.23    0.00000   100%     -    0s
H    0     0                    550943.28038    0.00000   100%     -    0s
     0     0 101380.358    0   53 550943.280 101380.358  81.6%     -    0s
     0     0 101380.358    0   53 550943.280 101380.358  81.6%     -    0s
H    0     0                    537207.01420 110353.604  79.5%     -    0s
     0     0 121617.733    0   50 537207.014 121617.733  77.4%     -    0s
H    0     0                    389113.54060 131765.610  66.1%     -    0s
     0     0 131765.610    0   54 389113.541 131765.610  66.1%     -    0s
     0     0 131765.610    0   58 389113.541 131765.610  66.1%     -    0s
     0     0 131895.503    0   55 389113.541 131895.503  66.1%     -    0s
     0     0 131895.503    0   38 389113.541 131895.503  66.1%     -    0s
H    0     0                    361315.33442 132377.659  63.4%     -    0s
     0     0 132377.659    0   61 361315.334 132377.659  63.4%     -    0s
     0     0 134331.981    0   61 361315.334 134331.981  62.8%     -    0s
H    0     0                    250774.95780 138092.363  44.9%     -    0s
     0     0 145024.610    0   27 250774.958 145024.610  42.2%     -    0s
     0     0 145024.610    0   27 250774.958 145024.610  42.2%     -    0s
     0     0 176417.478    0   22 250774.958 176417.478  29.7%     -    0s
     0     0 177419.781    0   22 250774.958 177419.781  29.3%     -    0s
     0     0 208005.704    0   15 250774.958 208005.704  17.1%     -    0s
     0     0 214282.394    0   15 250774.958 214282.394  14.6%     -    0s
     0     0 242216.497    0   18 250774.958 242216.497  3.41%     -    0s
     0     0 245275.992    0   18 250774.958 245275.992  2.19%     -    0s
     0     0 248063.996    0   13 250774.958 248063.996  1.08%     -    0s
     0     0 248077.081    0    6 250774.958 248077.081  1.08%     -    0s
     0     0 249438.154    0    6 250774.958 249438.154  0.53%     -    0s
     0     2 249438.154    0    6 250774.958 249438.154  0.53%     -    0s
*   45     2              13    250774.88945 250756.201  0.01%   0.9    0s

Explored 53 nodes (428 simplex iterations) in 0.23 seconds (0.06 work units)
Thread count was 2 (of 24 available processors)

Solution count 6: 250775 361315 389114 ... 1.28541e+06

Optimal solution found (tolerance 6.60e-07)
Best objective 2.507748894514e+05, best bound 2.507748894514e+05, gap 0.0000%
