
Gurobi 11.0.3 (linux64, Java) logging started qua 24 dez 2025 04:46:26 -03

Set parameter WLSAccessID
Set parameter WLSSecret
Set parameter LicenseID to value 2566693
Academic license 2566693 - for non-commercial use only - registered to ja___@ufv.br
Set parameter NonConvex to value 2
Set parameter TimeLimit to value 3600
Set parameter LogToConsole to value 0
Set parameter MIPGap to value 1.8403064957571938e-08
Set parameter Threads to value 2
Set parameter Cuts to value 1
Set parameter NodefileDir to value "/home/ps12398/gp-momulap/goalProgrammingMarcos/"
Set parameter NodefileStart to value 0.1
Gurobi Optimizer version 11.0.3 build v11.0.3rc0 (linux64)

CPU model: Intel(R) Xeon(R) CPU           X5650  @ 2.67GHz, instruction set [SSE2]
Thread count: 12 physical cores, 24 logical processors, using up to 2 threads

Academic license 2566693 - for non-commercial use only - registered to ja___@ufv.br
Optimize a model with 733928 rows, 495518 columns and 5922184 nonzeros
Model fingerprint: 0xf7f15e35
Model has 502 quadratic constraints
Variable types: 247512 continuous, 248006 integer (497 binary)
Coefficient statistics:
  Matrix range     [2e-03, 7e+06]
  QMatrix range    [2e-03, 1e+05]
  QLMatrix range   [1e+00, 1e+05]
  Objective range  [1e+00, 1e+08]
  Bounds range     [1e+00, 1e+08]
  RHS range        [1e+00, 1e+07]
  QRHS range       [2e-01, 2e-01]
Presolve removed 723084 rows and 484661 columns (presolve time = 5s) ...
Presolve removed 728393 rows and 489419 columns
Presolve time: 6.46s
Presolved: 8645 rows, 7058 columns, 2079615 nonzeros
Presolved model has 2 SOS constraint(s)
Presolved model has 497 bilinear constraint(s)

Solving non-convex MIQCP

Variable types: 1727 continuous, 5331 integer (499 binary)

Root simplex log...

Iteration    Objective       Primal Inf.    Dual Inf.      Time
       0    0.0000000e+00   1.344495e+04   0.000000e+00     24s
     708    0.0000000e+00   0.000000e+00   0.000000e+00     24s

Root relaxation: objective 0.000000e+00, 708 iterations, 0.69 seconds (0.18 work units)
Total elapsed time = 24.41s (DegenMoves)
Total elapsed time = 27.10s (DegenMoves)

    Nodes    |    Current Node    |     Objective Bounds      |     Work
 Expl Unexpl |  Obj  Depth IntInf | Incumbent    BestBd   Gap | It/Node Time

     0     0    0.00000    0  680          -    0.00000      -     -   30s
     0     0    0.00000    0  552          -    0.00000      -     -   35s
     0     0    0.00000    0  542          -    0.00000      -     -   37s
     0     0    0.00000    0  529          -    0.00000      -     -   41s
     0     0    0.00000    0  540          -    0.00000      -     -   42s
     0     0    0.00000    0  514          -    0.00000      -     -   47s
     0     0    0.00000    0  512          -    0.00000      -     -   51s
     0     0    0.00000    0  511          -    0.00000      -     -   53s
     0     0    0.00000    0  511          -    0.00000      -     -   65s
H    0     0                    759977.06322    0.00000   100%     -  104s
H    0     0                    746509.95709    0.00000   100%     -  105s
     0     2    0.00000    0  509 746509.957    0.00000   100%     -  112s
     7     9    0.00000    4  537 746509.957    0.00000   100%  10.0  115s
    19    26    0.00000    9  534 746509.957    0.00000   100%  15.4  120s
H   26    32                    746454.53690    0.00000   100%  15.7  124s
H   27    32                    701176.24181    0.00000   100%  15.3  125s
    32    63    0.00000   16  537 701176.242    0.00000   100%  13.9  133s
    63   118    0.00000   33  532 701176.242    0.00000   100%  16.8  146s
H   85   118                    701120.82162    0.00000   100%  16.7  146s
   118   234    0.00000   51  532 701120.822    0.00000   100%  15.2  502s
H  234   428                       0.0000000    0.00000  0.00%  12.5  570s

Cutting planes:
  Gomory: 40
  Implied bound: 2
  MIR: 145
  StrongCG: 41
  RLT: 2

Explored 561 nodes (17809 simplex iterations) in 570.86 seconds (141.20 work units)
Thread count was 2 (of 24 available processors)

Solution count 6: 0 701121 701176 ... 759977

Optimal solution found (tolerance 1.84e-08)
Best objective 0.000000000000e+00, best bound 0.000000000000e+00, gap 0.0000%
