
Gurobi 11.0.3 (linux64, Java) logging started qui 18 dez 2025 08:05:00 -03

Set parameter WLSAccessID
Set parameter WLSSecret
Set parameter LicenseID to value 2566693
Academic license 2566693 - for non-commercial use only - registered to ja___@ufv.br

Gurobi 11.0.3 (linux64, Java) logging started qui 18 dez 2025 08:10:56 -03

Set parameter WLSAccessID
Set parameter WLSSecret
Set parameter LicenseID to value 2566693
Academic license 2566693 - for non-commercial use only - registered to ja___@ufv.br

Gurobi 11.0.3 (linux64, Java) logging started qui 18 dez 2025 08:12:23 -03

Set parameter WLSAccessID
Set parameter WLSSecret
Set parameter LicenseID to value 2566693
Academic license 2566693 - for non-commercial use only - registered to ja___@ufv.br

Gurobi 11.0.3 (linux64, Java) logging started qui 18 dez 2025 08:19:15 -03

Set parameter WLSAccessID
Set parameter WLSSecret
Set parameter LicenseID to value 2566693
Academic license 2566693 - for non-commercial use only - registered to ja___@ufv.br
Set parameter NonConvex to value 2
Set parameter TimeLimit to value 3600
Set parameter LogToConsole to value 0
Set parameter MIPGap to value 1.8403064957571938e-08
Set parameter Threads to value 2

Gurobi 11.0.3 (linux64, Java) logging started qui 18 dez 2025 08:36:30 -03

Set parameter WLSAccessID
Set parameter WLSSecret
Set parameter LicenseID to value 2566693
Academic license 2566693 - for non-commercial use only - registered to ja___@ufv.br

Gurobi 11.0.3 (linux64, Java) logging started qui 18 dez 2025 10:59:08 -03

Set parameter WLSAccessID
Set parameter WLSSecret
Set parameter LicenseID to value 2566693
Academic license 2566693 - for non-commercial use only - registered to ja___@ufv.br

Gurobi 11.0.3 (linux64, Java) logging started qui 18 dez 2025 11:29:45 -03

Set parameter WLSAccessID
Set parameter WLSSecret
Set parameter LicenseID to value 2566693
Academic license 2566693 - for non-commercial use only - registered to ja___@ufv.br

Gurobi 11.0.3 (linux64, Java) logging started qui 18 dez 2025 11:55:11 -03

Set parameter WLSAccessID
Set parameter WLSSecret
Set parameter LicenseID to value 2566693
Academic license 2566693 - for non-commercial use only - registered to ja___@ufv.br

Gurobi 11.0.3 (linux64, Java) logging started qui 18 dez 2025 15:05:10 -03

Set parameter WLSAccessID
Set parameter WLSSecret
Set parameter LicenseID to value 2566693
Academic license 2566693 - for non-commercial use only - registered to ja___@ufv.br

Gurobi 11.0.3 (linux64, Java) logging started ter 23 dez 2025 17:32:40 -03

Set parameter WLSAccessID
Set parameter WLSSecret
Set parameter LicenseID to value 2566693
Academic license 2566693 - for non-commercial use only - registered to ja___@ufv.br
Set parameter NonConvex to value 2
Set parameter TimeLimit to value 3600
Set parameter LogToConsole to value 0
Set parameter MIPGap to value 1.8403064957571938e-08
Set parameter Threads to value 2
Set parameter Cuts to value 1
Set parameter NodefileDir to value "/home/ps12398/gp-momulap/goalProgrammingMarcos/"
Set parameter NodefileStart to value 0.1
Gurobi Optimizer version 11.0.3 build v11.0.3rc0 (linux64)

CPU model: Intel(R) Xeon(R) CPU           X5650  @ 2.67GHz, instruction set [SSE2]
Thread count: 12 physical cores, 24 logical processors, using up to 2 threads

Academic license 2566693 - for non-commercial use only - registered to ja___@ufv.br
Optimize a model with 733928 rows, 495518 columns and 5922184 nonzeros
Model fingerprint: 0x086eb454
Model has 502 quadratic constraints
Variable types: 247512 continuous, 248006 integer (497 binary)
Coefficient statistics:
  Matrix range     [2e-03, 7e+06]
  QMatrix range    [2e-03, 1e+05]
  QLMatrix range   [1e+00, 1e+05]
  Objective range  [1e+00, 1e+08]
  Bounds range     [1e+00, 1e+08]
  RHS range        [1e+00, 2e+06]
  QRHS range       [2e-01, 2e-01]
Presolve removed 728396 rows and 489421 columns (presolve time = 5s) ...
Presolve removed 728393 rows and 489419 columns
Presolve time: 5.55s
Presolved: 8645 rows, 7058 columns, 2079615 nonzeros
Presolved model has 2 SOS constraint(s)
Presolved model has 497 bilinear constraint(s)

Solving non-convex MIQCP

Variable types: 1727 continuous, 5331 integer (499 binary)

Root simplex log...

Iteration    Objective       Primal Inf.    Dual Inf.      Time
       0    0.0000000e+00   1.438217e+04   0.000000e+00     24s
     748    0.0000000e+00   0.000000e+00   0.000000e+00     25s

Root relaxation: objective 0.000000e+00, 748 iterations, 0.97 seconds (0.20 work units)
Total elapsed time = 24.83s (DegenMoves)
Total elapsed time = 28.45s (DegenMoves)

    Nodes    |    Current Node    |     Objective Bounds      |     Work
 Expl Unexpl |  Obj  Depth IntInf | Incumbent    BestBd   Gap | It/Node Time

     0     0    0.00000    0  727          -    0.00000      -     -   28s
     0     0    0.00000    0  631          -    0.00000      -     -   33s
     0     0    0.00000    0  588          -    0.00000      -     -   36s
     0     0    0.00000    0  578          -    0.00000      -     -   49s
     0     0    0.00000    0  574          -    0.00000      -     -   52s
     0     0    0.00000    0  565          -    0.00000      -     -   66s
     0     0    0.00000    0  566          -    0.00000      -     -   69s
     0     0    0.00000    0  564          -    0.00000      -     -   76s
     0     0    0.00000    0  561          -    0.00000      -     -   78s
     0     0    0.00000    0  561          -    0.00000      -     -   89s
     0     0    0.00000    0  561          -    0.00000      -     -   92s
     0     0    0.00000    0  563          -    0.00000      -     -   97s
     0     0    0.00000    0  562          -    0.00000      -     -  111s
H    0     0                    5548820.8005    0.00000   100%     -  151s
     0     2    0.00000    0  562 5548820.80    0.00000   100%     -  167s
     1     4    0.00000    1  558 5548820.80    0.00000   100%   135  170s
     5     6    0.00000    3  561 5548820.80    0.00000   100%  62.4  175s
    11    11    0.00000    5  556 5548820.80    0.00000   100%  47.5  181s
    18    18    0.00000    7  554 5548820.80    0.00000   100%  63.7  185s
    26    27    0.00000    9  557 5548820.80    0.00000   100%  60.2  195s
    30    68    0.00000   11  553 5548820.80    0.00000   100%  64.2  205s
    71   190    0.00000   35  547 5548820.80    0.00000   100%  44.1  232s
   193   322    0.00000   93  540 5548820.80    0.00000   100%  57.4  262s
   326   425    0.00000  146  524 5548820.80    0.00000   100%  56.1  294s
H  429   585                    3796482.5581    0.00000   100%  48.3  331s
H  589   751                    3769445.1772    0.00000   100%  42.3  705s
   755  1035  377.36508  309  502 3769445.18    0.00000   100%  38.2  773s
H  756  1035                    3676252.0353    0.00000   100%  38.2  773s
  1057  1122 4114.98685  402  498 3676252.04    0.00000   100%  31.6  817s
H 1058  1122                    3642623.8808    0.00000   100%  31.5  817s
  1174  1376 infeasible  460      3642623.88    0.00000   100%  34.1  887s
H 1472  1478                    3186281.0524    0.00000   100%  37.3  928s
  1622  1721 3590.77143  642  465 3186281.05    0.00000   100%  48.6  982s
H 1746  1721                    3186278.9522    0.00000   100%  45.5  983s
H 1867  1721                    2831541.1833    0.00000   100%  48.7  983s
  1910  1898 3804.62807  793  463 2831541.18    0.00000   100%  49.6 1031s
  2144  1920 3817.45930  903  464 2831541.18    0.00000   100%  49.8 1078s
H 2166  1920                    2777751.4379    0.00000   100%  49.4 1078s
  2190  2109 3817.80713  925  464 2777751.44    0.00000   100%  50.2 1120s
H 2235  2109                    609125.86582    0.00000   100%  49.4 1120s
H 2238  2109                    608997.17838    0.00000   100%  49.4 1120s
  2403  2429 3906.70028 1006  464 608997.178    0.00000   100%  51.8 1188s
H 2550  2429                    528758.62396    0.00000   100%  49.2 1188s
H 2743  2637                    67123.592246    0.00000   100%  48.4 1237s
H 2927   346                       0.0000000    0.00000  0.00%  46.9 1237s

Cutting planes:
  Gomory: 42
  Implied bound: 7
  MIR: 184
  StrongCG: 19
  RLT: 3

Explored 2981 nodes (146905 simplex iterations) in 1238.06 seconds (373.63 work units)
Thread count was 2 (of 24 available processors)

Solution count 10: 0 67123.6 528759 ... 3.67625e+06

Optimal solution found (tolerance 1.84e-08)
Best objective 0.000000000000e+00, best bound 0.000000000000e+00, gap 0.0000%
