
Gurobi 11.0.3 (linux64, Java) logging started ter 26 nov 2024 01:35:06 -03

Set parameter Username
Academic license - for non-commercial use only - expires 2025-10-10
Set parameter NonConvex to value 2
Set parameter TimeLimit to value 3600
Set parameter LogToConsole to value 0
Set parameter MIPGap to value 1.8408048912002939e-08
Set parameter Threads to value 2
Set parameter NodefileDir to value "/home/ps12398/experiment_hosp/goalProgrammingMarcos/"
Set parameter NodefileStart to value 1
Gurobi Optimizer version 11.0.3 build v11.0.3rc0 (linux64)

CPU model: Intel(R) Xeon(R) CPU           X5650  @ 2.67GHz, instruction set [SSE2]
Thread count: 12 physical cores, 24 logical processors, using up to 2 threads

Optimize a model with 730984 rows, 493529 columns and 5887863 nonzeros
Model fingerprint: 0x68233402
Model has 501 quadratic constraints
Variable types: 246518 continuous, 247011 integer (496 binary)
Coefficient statistics:
  Matrix range     [2e-03, 7e+06]
  QMatrix range    [2e-03, 1e+05]
  QLMatrix range   [1e+00, 1e+05]
  Objective range  [1e+00, 1e+08]
  Bounds range     [1e+00, 1e+08]
  RHS range        [1e+00, 5e+06]
  QRHS range       [5e-02, 5e-02]
Presolve removed 725459 rows and 487442 columns
Presolve time: 4.98s
Presolved: 8632 rows, 7045 columns, 2071474 nonzeros
Presolved model has 2 SOS constraint(s)
Presolved model has 496 bilinear constraint(s)

Solving non-convex MIQCP

Variable types: 1724 continuous, 5321 integer (498 binary)

Root simplex log...

Iteration    Objective       Primal Inf.    Dual Inf.      Time
       0    0.0000000e+00   1.203800e+04   0.000000e+00     14s
     742    0.0000000e+00   0.000000e+00   0.000000e+00     15s

Root relaxation: objective 0.000000e+00, 742 iterations, 0.89 seconds (0.39 work units)
Total elapsed time = 14.95s (DegenMoves)
Total elapsed time = 18.21s (DegenMoves)
Total elapsed time = 21.41s (DegenMoves)
Total elapsed time = 25.29s (DegenMoves)

    Nodes    |    Current Node    |     Objective Bounds      |     Work
 Expl Unexpl |  Obj  Depth IntInf | Incumbent    BestBd   Gap | It/Node Time

     0     0    0.00000    0  695          -    0.00000      -     -   25s
     0     0    0.00000    0 1085          -    0.00000      -     -   40s
     0     0    0.00000    0 1079          -    0.00000      -     -   43s
     0     0    0.00000    0  710          -    0.00000      -     -   65s
     0     0    0.00000    0  685          -    0.00000      -     -   69s
     0     0    0.00000    0  647          -    0.00000      -     -   78s
     0     0    0.00000    0  645          -    0.00000      -     -   79s
     0     0    0.00000    0  639          -    0.00000      -     -   84s
     0     0    0.00000    0  623          -    0.00000      -     -   98s
     0     0    0.00000    0  623          -    0.00000      -     -  101s
     0     0    0.00000    0  624          -    0.00000      -     -  105s
     0     0    0.00000    0  627          -    0.00000      -     -  110s
     0     0    0.00000    0  627          -    0.00000      -     -  121s
H    0     0                    1.535476e+07    0.00000   100%     -  147s
H    0     0                    1.236210e+07    0.00000   100%     -  170s
     0     2    0.00000    0  623 1.2362e+07    0.00000   100%     -  177s
     3     6    0.00000    2  621 1.2362e+07    0.00000   100%   106  180s
    15    19    0.00000    6  630 1.2362e+07    0.00000   100%  30.9  186s
    24    31    0.00000    9  629 1.2362e+07    0.00000   100%  25.1  193s
    30    60    0.00000   10  625 1.2362e+07    0.00000   100%  21.9  203s
H   59   132                    1.236210e+07    0.00000   100%  15.6  227s
H   93   132                    1.236105e+07    0.00000   100%  13.3  227s
   131   245    0.00000   41  615 1.2361e+07    0.00000   100%  11.6  261s
H  244   354                    1.236105e+07    0.00000   100%  16.1  295s
   353   503    0.00000  117  544 1.2361e+07    0.00000   100%  25.6  652s
   503   514    0.00000  189  506 1.2361e+07    0.00000   100%  27.0  676s
H  513   514                    1.226600e+07    0.00000   100%  26.5  676s
   514  1052    0.00000  198  496 1.2266e+07    0.00000   100%  26.5  737s
  1058  1255    0.00000  422  494 1.2266e+07    0.00000   100%  16.4  771s
H 1167  1255                    1.127305e+07    0.00000   100%  15.4  771s
H 1271  1257                    1.102513e+07    0.00000   100%  15.9  847s
H 1271  1257                    1.086104e+07    0.00000   100%  15.9  847s
  1273  1368 infeasible  528      1.0861e+07    0.00000   100%  15.9  880s
H 1298  1368                    1.082758e+07    0.00000   100%  15.8  880s
H 1368  1368                    9250678.2593    0.00000   100%  16.6  880s
  1388  1499    0.00000  596  497 9250678.26    0.00000   100%  16.4  913s
H 1394  1499                    8524486.2172    0.00000   100%  16.3  913s
  1529  1657    0.00000  621  487 8524486.22    0.00000   100%  16.9  936s
  1695  2099  675.58452  675  492 8524486.22    0.00000   100%  21.7  960s
  2145  2379  730.93149 1023  492 8524486.22    0.00000   100%  20.3  986s
H 2425  2719                    8523138.1078    0.00000   100%  20.3 1014s
  2765  3043 3711.71290 1243  491 8523138.11    0.00000   100%  18.6 1045s
  3089  3344 7651.83006 1299  491 8523138.11    0.00000   100%  17.5 1077s
H 3111  3344                    1601009.2723    0.00000   100%  17.5 1077s
  3390  3690 13817.3177 1342  491 1601009.27    0.00000   100%  17.0 1111s
  3737  3691    0.00000  149 2190 1601009.27    0.00000   100%  16.2 1182s
  3740  3693    0.00000  784  643 1601009.27    0.00000   100%  16.2 1185s
  3743  3695    0.00000  827  179 1601009.27    0.00000   100%  16.2 1190s
  3748  3698    0.00000  273  198 1601009.27    0.00000   100%  16.1 1196s
  3752  3701    0.00000  756  509 1601009.27    0.00000   100%  16.1 1203s
  3754  3702 4657.54546 1184  189 1601009.27    0.00000   100%  16.1 1206s
  3757  3704  704.44812 1001  152 1601009.27    0.00000   100%  16.1 1212s
  3758  3705 31711.4108 1403  152 1601009.27    0.00000   100%  16.1 1215s
  3786  3728    0.00000   18  603 1601009.27    0.00000   100%  31.0 1220s
  3868  3854    0.00000   35  576 1601009.27    0.00000   100%  31.3 1227s
  3943  3968    0.00000   54  546 1601009.27    0.00000   100%  32.0 1231s
  4082  4214    0.00000   99  531 1601009.27    0.00000   100%  32.3 1236s
H 4380  4192                    536146.26225    0.00000   100%  31.3 1240s
H 4942  3396                       0.0000000    0.00000  0.00%  28.7 1244s

Cutting planes:
  Gomory: 5
  Implied bound: 10
  MIR: 229
  StrongCG: 7
  Flow cover: 37
  Zero half: 4
  RLT: 6

Explored 4968 nodes (149363 simplex iterations) in 1245.03 seconds (429.56 work units)
Thread count was 2 (of 24 available processors)

Solution count 10: 0 536146 1.60101e+06 ... 1.1273e+07

Optimal solution found (tolerance 1.84e-08)
Best objective 0.000000000000e+00, best bound 0.000000000000e+00, gap 0.0000%
