
Gurobi 11.0.3 (linux64, Java) logging started qua 24 dez 2025 13:56:38 -03

Set parameter WLSAccessID
Set parameter WLSSecret
Set parameter LicenseID to value 2566693
Academic license 2566693 - for non-commercial use only - registered to ja___@ufv.br
Set parameter NonConvex to value 2
Set parameter TimeLimit to value 3600
Set parameter LogToConsole to value 0
Set parameter MIPGap to value 1.8403064957571938e-08
Set parameter Threads to value 2
Set parameter Cuts to value 1
Set parameter NodefileDir to value "/home/ps12398/gp-momulap/goalProgrammingMarcos/"
Set parameter NodefileStart to value 0.1
Gurobi Optimizer version 11.0.3 build v11.0.3rc0 (linux64)

CPU model: Intel(R) Xeon(R) CPU           X5650  @ 2.67GHz, instruction set [SSE2]
Thread count: 12 physical cores, 24 logical processors, using up to 2 threads

Academic license 2566693 - for non-commercial use only - registered to ja___@ufv.br
Optimize a model with 733928 rows, 495518 columns and 5922184 nonzeros
Model fingerprint: 0x02268256
Model has 502 quadratic constraints
Variable types: 247512 continuous, 248006 integer (497 binary)
Coefficient statistics:
  Matrix range     [2e-03, 7e+06]
  QMatrix range    [2e-03, 1e+05]
  QLMatrix range   [1e+00, 1e+05]
  Objective range  [1e+00, 1e+08]
  Bounds range     [1e+00, 1e+08]
  RHS range        [1e+00, 7e+06]
  QRHS range       [1e-02, 1e-02]
Presolve removed 723084 rows and 484661 columns (presolve time = 5s) ...
Presolve removed 728393 rows and 489419 columns
Presolve time: 6.96s
Presolved: 8645 rows, 7058 columns, 2079615 nonzeros
Presolved model has 2 SOS constraint(s)
Presolved model has 497 bilinear constraint(s)

Solving non-convex MIQCP

Variable types: 1727 continuous, 5331 integer (499 binary)

Root simplex log...

Iteration    Objective       Primal Inf.    Dual Inf.      Time
       0    0.0000000e+00   1.250747e+04   0.000000e+00     26s
     835    0.0000000e+00   0.000000e+00   0.000000e+00     27s

Root relaxation: objective 0.000000e+00, 835 iterations, 1.52 seconds (0.57 work units)
Total elapsed time = 27.33s (DegenMoves)
Total elapsed time = 31.22s (DegenMoves)
Total elapsed time = 36.39s (DegenMoves)

    Nodes    |    Current Node    |     Objective Bounds      |     Work
 Expl Unexpl |  Obj  Depth IntInf | Incumbent    BestBd   Gap | It/Node Time

     0     0    0.00000    0  658          -    0.00000      -     -   39s
     0     0    0.00000    0  729          -    0.00000      -     -   50s
     0     0    0.00000    0  807          -    0.00000      -     -   54s
     0     0    0.00000    0  860          -    0.00000      -     -   65s
     0     0    0.00000    0  783          -    0.00000      -     -   68s
     0     0    0.00000    0  778          -    0.00000      -     -   88s
     0     0    0.00000    0  829          -    0.00000      -     -   89s
     0     0    0.00000    0  828          -    0.00000      -     -   95s
     0     0    0.00000    0  829          -    0.00000      -     -   96s
     0     0    0.00000    0  829          -    0.00000      -     -  103s
     0     0    0.00000    0  798          -    0.00000      -     -  128s
H    0     0                    1.780438e+07    0.00000   100%     -  162s
H    0     0                    1.487760e+07    0.00000   100%     -  199s
     0     2    0.00000    0  798 1.4878e+07    0.00000   100%     -  208s
     5     8    0.00000    2  794 1.4878e+07    0.00000   100%  72.2  210s
    21    30    0.00000    7  782 1.4878e+07    0.00000   100%  22.2  216s
    29    42    0.00000   10  780 1.4878e+07    0.00000   100%  18.6  221s
    41    77    0.00000   16  775 1.4878e+07    0.00000   100%  14.7  232s
    76   106    0.00000   26  785 1.4878e+07    0.00000   100%  14.7  250s
   105   176    0.00000   41  769 1.4878e+07    0.00000   100%  27.9  274s
   175   293    0.00000   63  768 1.4878e+07    0.00000   100%  44.8  318s
   292   432    0.00000   96  725 1.4878e+07    0.00000   100%  32.4  357s
   431   696    0.00000  155  690 1.4878e+07    0.00000   100%  32.4  400s
H  563   696                    1.479380e+07    0.00000   100%  26.1  400s
   695   843    0.00000  274  580 1.4794e+07    0.00000   100%  21.8  436s
H  696   843                    1.394023e+07    0.00000   100%  21.8  436s
H  842   886                    1.393142e+07    0.00000   100%  18.8  479s
H  885  1121                    1.351040e+07    0.00000   100%  18.2  859s
  1120  1182    0.00000  421  529 1.3510e+07    0.00000   100%  16.3  908s
H 1181  1636                    1.344887e+07    0.00000   100%  15.7  982s
H 1421  1636                    1.340795e+07    0.00000   100%  13.8  982s
H 1635  1988                    1.228973e+07    0.00000   100%  13.9 1035s
  1987  2336    0.00000  734  500 1.2290e+07    0.00000   100%  13.4 1085s
H 2335  2590                    8696101.9609    0.00000   100%  12.6 1136s
H 2429  2590                    8109273.2755    0.00000   100%  14.7 1136s
H 2430  2590                    7362318.1214    0.00000   100%  14.6 1136s
  2589  2910    0.00000  953  498 7362318.12    0.00000   100%  14.1 1184s
H 2909  3001                    7362317.9740    0.00000   100%  15.2 1254s
H 2910  3001                    7049103.5350    0.00000   100%  15.1 1254s
  3000  3293 2775.23066 1063  500 7049103.54    0.00000   100%  14.9 1308s
H 3179  3293                    7049103.2996    0.00000   100%  14.1 1308s
H 3292  3662                    7026290.5898    0.00000   100%  13.8 1363s
  3662  3663 9012.22632 1119 2194 7026290.59    0.00000   100%  12.8 1465s
  3666  3666    0.00000  574  365 7026290.59    0.00000   100%  12.8 1470s
  3671  3669    0.00000  188  445 7026290.59    0.00000   100%  12.8 1475s
  3674  3671    0.00000  369  430 7026290.59    0.00000   100%  12.7 1480s
  3677  3673 2946.37130 1069  284 7026290.59    0.00000   100%  12.7 1485s
  3682  3676    0.00000  115  283 7026290.59    0.00000   100%  12.7 1494s
  3683  3677    0.00000  962  283 7026290.59    0.00000   100%  12.7 1496s
  3700  3691    0.00000   15  749 7026290.59    0.00000   100%  25.4 1500s
  3737  3765    0.00000   26  705 7026290.59    0.00000   100%  26.2 1507s
  3788  3860    0.00000   39  646 7026290.59    0.00000   100%  27.0 1511s
  3900  3919    0.00000   69  647 7026290.59    0.00000   100%  29.0 1515s
  3996  4021    0.00000   94  621 7026290.59    0.00000   100%  30.8 1520s
  4130  4239    0.00000  130  602 7026290.59    0.00000   100%  34.3 1526s
H 4175  4039                    2131526.9479    0.00000   100%  34.0 1526s
H 4393  4053                    1627768.0525    0.00000   100%  34.7 1536s
H 4493  3854                    1296364.2385    0.00000   100%  34.7 1536s
  4655  4076    0.00000  278  508 1296364.24    0.00000   100%  33.9 1545s
H 4677  3911                    931756.50778    0.00000   100%  33.8 1546s
H 4931  4287                    845997.59913    0.00000   100%  32.3 1552s
  5542  4405    0.00000  412  500 845997.599    0.00000   100%  29.4 1556s
H 5692  4213                    785527.03087    0.00000   100%  28.8 1556s
H 5865  4129                    774459.15647    0.00000   100%  28.1 1562s
H 5922  3982                    714008.44326    0.00000   100%  28.1 1562s
  5979  4546    0.00000  516  499 714008.443    0.00000   100%  27.8 1570s
H 6381  4289                    656046.62518    0.00000   100%  26.4 1570s
  6565  4611 4808.06503  717  500 656046.625    0.00000   100%  26.1 1575s
H 6835  4405                    642434.76492    0.00000   100%  25.1 1575s
  6961  4898 4880.40649  852  498 642434.765    0.00000   100%  25.3 1583s
  7512  5493 111454.930 1030  523 642434.765    0.00000   100%  24.3 1591s
H 8290  5417                    581116.01935    0.00000   100%  22.2 1599s
H 8586  5771                    555127.62631    0.00000   100%  21.4 1606s
H 8804  5599                    544545.35693    0.00000   100%  20.9 1606s
H 9143  5966                    454431.64037    0.00000   100%  20.2 1612s
  9689  6558 129778.045 1367  514 454431.640    0.00000   100%  19.1 1617s
H10281  6879                    430725.64083    0.00000   100%  18.1 1622s
 10602  7619 129897.842 1527  515 430725.641    0.00000   100%  17.6 1628s
 11342  7922 131046.202 1715  502 430725.641    0.00000   100%  16.5 1633s
H11644  7918                    366124.09861    0.00000   100%  16.1 1633s
 11645  8513 131663.260 1866  502 366124.099    0.00000   100%  16.1 1637s
H12240  8955                    358431.02263    0.00000   100%  15.4 1643s
 12682  9580 132406.777 2048  503 358431.023    0.00000   100%  14.9 1647s
 13307  9973 133189.495 2240  503 358431.023    0.00000   100%  14.2 1652s
H13616  9972                    317054.99656    0.00000   100%  13.9 1652s
 13700 10285 235506.768 2395  499 317054.997    0.00000   100%  13.8 1657s
 14041 10676 255513.837 2413  495 317054.997    0.00000   100%  13.7 1661s
 14462 10678    0.00000  340  594 317054.997    0.00000   100%  13.7 1675s
H14489 11047                    317050.24489    0.00000   100%  13.7 1679s
H14833 11509                    307861.01849    0.00000   100%  13.4 1684s
 15295 11930    0.00000  444  500 307861.018    0.00000   100%  13.1 1688s
 15716 12245    0.00000  514  500 307861.018    0.00000   100%  12.8 1692s
H15868 12245                    299219.24614    0.00000   100%  12.8 1692s
 16031 12511    0.00000  590  511 299219.246    0.00000   100%  12.7 1697s
 16299 12828    0.00000  648  511 299219.246    0.00000   100%  12.6 1701s
 16618 13294    0.00000  697  525 299219.246    0.00000   100%  12.7 1705s
H17088 13528                    250704.38773    0.00000   100%  12.6 1711s
 17342 14149 7200.68122  862  528 250704.388    0.00000   100%  12.4 1717s
 17963 14660 8458.20520 1075  529 250704.388    0.00000   100%  12.0 1722s
H18353 14640                    229565.96568    0.00000   100%  11.8 1722s
H18474 14754                    204665.47941    0.00000   100%  11.8 1727s
H18656 14975                    204665.30403    0.00000   100%  11.7 1731s
 18921 15455 9231.82450 1463  518 204665.304    0.00000   100%  12.0 1735s
 19401 16090 9531.68355 1642  519 204665.304    0.00000   100%  11.8 1741s
 20036 16616 9549.36298 1791  516 204665.304    0.00000   100%  11.5 1745s
H20340 15073                    133772.92529    0.00000   100%  11.3 1745s
 20975 15497 49236.0758 2109  528 133772.925    0.00000   100%  11.2 1762s
H21026 12767                    106755.60916    0.00000   100%  11.2 1762s
 21028 12786 infeasible 2134      106755.609    0.00000   100%  11.3 1765s
H21217 13079                    106288.80642    0.00000   100%  11.7 1772s
H21291 12703                    100232.25892    0.00000   100%  11.7 1772s
 21380 13012    0.00000  538  548 100232.259    0.00000   100%  11.7 1776s
 21693 13356 22427.3610  619  554 100232.259    0.00000   100%  11.7 1780s
H22410 12555                    66594.243038    0.00000   100%  11.7 1787s
 22500 12606 infeasible  855      66594.2430    0.00000   100%  11.8 1791s
H22568  9044                    41749.308997    0.00000   100%  11.9 1791s
 22732  9286    0.00000  634  501 41749.3090    0.00000   100%  12.1 1797s
H22841  8675                    33083.831434    0.00000   100%  12.4 1800s
 22950  8776     cutoff  510      33083.8314    0.00000   100%  12.9 1807s
 23035  8810    0.00000  480  604 33083.8314    0.00000   100%  13.2 1810s
H23069  8808                    30693.210583    0.00000   100%  13.4 1810s
 23218  9073 infeasible  494      30693.2106    0.00000   100%  13.6 1815s
 23432  9361    0.00000  635  528 30693.2106    0.00000   100%  13.7 1820s
H23720   355                       0.0000000    0.00000  0.00%  13.7 1823s

Cutting planes:
  Gomory: 20
  Implied bound: 13
  MIR: 282
  StrongCG: 9
  Flow cover: 334
  Zero half: 5
  RLT: 140
  Relax-and-lift: 1

Explored 23960 nodes (342526 simplex iterations) in 1824.07 seconds (627.61 work units)
Thread count was 2 (of 24 available processors)

Solution count 10: 0 30693.2 33083.8 ... 204665

Optimal solution found (tolerance 1.84e-08)
Best objective 0.000000000000e+00, best bound 0.000000000000e+00, gap 0.0000%
