
Gurobi 11.0.3 (linux64, Java) logging started qua 27 nov 2024 20:24:50 -03

Set parameter Username
Academic license - for non-commercial use only - expires 2025-10-10
Set parameter NonConvex to value 2
Set parameter TimeLimit to value 3600
Set parameter LogToConsole to value 0
Set parameter MIPGap to value 1.0622098813775087e-07
Set parameter Threads to value 2
Set parameter NodefileDir to value "/home/ps12398/experiment_hosp/goalProgrammingMarcos/"
Set parameter NodefileStart to value 1
Gurobi Optimizer version 11.0.3 build v11.0.3rc0 (linux64)

CPU model: Intel(R) Xeon(R) CPU           X5650  @ 2.67GHz, instruction set [SSE2]
Thread count: 12 physical cores, 24 logical processors, using up to 2 threads

Optimize a model with 15775 rows, 11484 columns and 142661 nonzeros
Model fingerprint: 0x3fbf4020
Model has 80 quadratic constraints
Variable types: 5706 continuous, 5778 integer (75 binary)
Coefficient statistics:
  Matrix range     [1e-02, 3e+06]
  QMatrix range    [1e-02, 5e+04]
  QLMatrix range   [1e+00, 5e+04]
  Objective range  [1e+00, 2e+07]
  Bounds range     [1e+00, 1e+08]
  RHS range        [1e+00, 3e+05]
  QRHS range       [1e-01, 1e-01]
Presolve removed 15055 rows and 10772 columns
Presolve time: 0.33s
Presolved: 1142 rows, 843 columns, 12276 nonzeros
Presolved model has 75 bilinear constraint(s)

Solving non-convex MIQCP

Variable types: 212 continuous, 631 integer (28 binary)
Found heuristic solution: objective 8364964.1860

Root relaxation: objective 0.000000e+00, 430 iterations, 0.03 seconds (0.01 work units)

    Nodes    |    Current Node    |     Objective Bounds      |     Work
 Expl Unexpl |  Obj  Depth IntInf | Incumbent    BestBd   Gap | It/Node Time

     0     0    0.00000    0  131 8364964.19    0.00000   100%     -    0s
H    0     0                    3666004.9407    0.00000   100%     -    0s
     0     0    0.00000    0  107 3666004.94    0.00000   100%     -    0s
H    0     0                    1495601.3254    0.00000   100%     -    0s
     0     0    0.00000    0   90 1495601.33    0.00000   100%     -    0s
     0     0 1788.60835    0   96 1495601.33 1788.60835   100%     -    0s
     0     0 1788.60835    0   96 1495601.33 1788.60835   100%     -    0s
     0     0 2660.38052    0   94 1495601.33 2660.38052   100%     -    0s
     0     0 4010.84970    0   98 1495601.33 4010.84970   100%     -    0s
     0     0 4010.84970    0   97 1495601.33 4010.84970   100%     -    0s
     0     0 4871.94827    0   84 1495601.33 4871.94827   100%     -    1s
H    0     0                    1390589.8003 4872.19850   100%     -    1s
H    0     0                    1380913.7816 4872.19850   100%     -    1s
     0     0 4885.56826    0   85 1380913.78 4885.56826   100%     -    1s
     0     0 4997.04988    0   88 1380913.78 4997.04988   100%     -    1s
     0     0 5001.90026    0   88 1380913.78 5001.90026   100%     -    1s
     0     0 5109.21932    0  101 1380913.78 5109.21932   100%     -    1s
     0     0 5295.76839    0  103 1380913.78 5295.76839   100%     -    1s
     0     0 5370.08513    0  103 1380913.78 5370.08513   100%     -    1s
H    0     0                    1294359.2730 5370.95111   100%     -    1s
     0     0 5460.52507    0  119 1294359.27 5460.52507   100%     -    1s
     0     0 5470.05423    0  121 1294359.27 5470.05423   100%     -    1s
     0     0 5546.61889    0  124 1294359.27 5546.61889   100%     -    1s
     0     0 5562.42608    0  119 1294359.27 5562.42608   100%     -    1s
     0     0 5649.85141    0  123 1294359.27 5649.85141   100%     -    1s
     0     0 5656.54468    0  125 1294359.27 5656.54468   100%     -    1s
     0     0 5730.25493    0  125 1294359.27 5730.25493   100%     -    1s
     0     0 5824.57586    0  125 1294359.27 5824.57586   100%     -    1s
     0     0 5908.53644    0  123 1294359.27 5908.53644   100%     -    1s
     0     0 5910.79731    0  125 1294359.27 5910.79731   100%     -    1s
     0     0 5940.49892    0  125 1294359.27 5940.49892   100%     -    1s
     0     0 5940.59616    0  127 1294359.27 5940.59616   100%     -    1s
     0     0 5983.40619    0  125 1294359.27 5983.40619   100%     -    1s
     0     0 5985.98124    0  127 1294359.27 5985.98124   100%     -    1s
     0     0 5998.85029    0  128 1294359.27 5998.85029   100%     -    1s
H    0     0                    1161401.7532 5998.85142  99.5%     -    1s
H    0     0                    1161385.1147 5998.85142  99.5%     -    2s
     0     0 6000.75442    0  126 1161385.11 6000.75442  99.5%     -    2s
     0     0 6046.39648    0  129 1161385.11 6046.39648  99.5%     -    2s
     0     0 6048.46945    0  129 1161385.11 6048.46945  99.5%     -    2s
     0     0 6087.96268    0  125 1161385.11 6087.96268  99.5%     -    2s
H    0     0                    1094135.6338 6088.17266  99.4%     -    2s
     0     0 6091.24197    0  128 1094135.63 6091.24197  99.4%     -    2s
     0     0 6108.32420    0  132 1094135.63 6108.32420  99.4%     -    2s
     0     0 6108.40107    0  132 1094135.63 6108.40107  99.4%     -    2s
H    0     0                    545454.90551 6108.40107  98.9%     -    2s
     0     2 6108.65020    0  132 545454.906 6108.65020  98.9%     -    2s
H   32    36                    545451.13112 6134.09025  98.9%   4.7    3s
   425   450 40955.8010  214   78 545451.131 6134.09025  98.9%   2.6    5s
  2938  2928 63141.1562 1321   76 545451.131 6134.09025  98.9%   4.1   10s
  3703  3642 8832.20704  631   63 545451.131 6866.13343  98.7%   4.1   15s
  3750  3674 44817.6849  713   54 545451.131 7235.92278  98.7%   4.4   20s
  3774  3692 64088.3401 1371   49 545451.131 7698.01733  98.6%   4.5   25s
  3815  3721 10057.8805  831   55 545451.131 7862.64403  98.6%   4.7   30s
  3858  3752 8795.03817  524   66 545451.131 8795.03817  98.4%   5.1   35s
  3998  3853 9610.81961  120   78 545451.131 8800.44484  98.4%   5.1   40s
H 4232  3830                    491953.07502 8800.44484  98.2%   5.2   42s
H 4365  3748                    490794.99169 8800.44484  98.2%   5.2   43s
H 4629  3652                    63037.086212 8800.56760  86.0%   5.6   44s
  4829  3759 9374.32056  167   78 63037.0862 8800.56760  86.0%   5.5   45s
H 4902  3659                    60971.722229 8800.56760  85.6%   5.6   45s
H 5072  3538                    60971.128208 8800.56760  85.6%   5.5   46s
H 5851  3875                    39453.186497 8800.56760  77.7%   5.8   48s
  6084  4119 9069.65130  103  107 39453.1865 8801.42759  77.7%   5.9   50s
H 6456  4023                    39451.076997 8801.42759  77.7%   5.9   51s
  7782  4859 26487.6835  373   89 39451.0770 8801.45122  77.7%   6.1   55s
  9623  5757 11190.3614  428   74 39451.0770 8801.47079  77.7%   6.2   60s
 11909  7142 19792.6342  552   59 39451.0770 8801.51031  77.7%   6.2   65s
 14143  8930 38743.5983 1060   36 39451.0770 8801.51031  77.7%   6.0   70s
H14166  8907                    38891.369164 8801.51031  77.4%   6.0   70s
H14424  8866                    38423.262003 8801.60114  77.1%   5.9   70s
H14546  8776                    37496.519272 8801.60114  76.5%   5.9   70s
H14679  8997                    37445.431588 8801.60114  76.5%   5.9   71s
H14814  8978                    37012.342014 8801.60114  76.2%   5.9   71s
H14926  9055                    36496.467478 8801.60114  75.9%   5.9   72s
H15052  9181                    36468.380507 8801.60114  75.9%   5.9   72s
 16043 10185 21009.5064  483   77 36468.3805 8801.60114  75.9%   6.1   75s
H16431 10354                    36334.894207 8801.60114  75.8%   6.1   75s
H16895  9620                    29850.120135 8801.60114  70.5%   6.1   77s
H17531  9994                    29628.884807 8801.67009  70.3%   6.1   79s
H18005 10494                    29229.999757 8801.67009  69.9%   6.1   80s
H18275 10723                    28889.737371 8801.67009  69.5%   6.1   81s
H19080 11318                    28885.856049 8801.67009  69.5%   6.2   83s
 20203 12551 23335.8468  691   39 28885.8560 8801.67009  69.5%   6.0   85s
 22052 14051 10273.1907  135  104 28885.8560 8801.68730  69.5%   5.9   90s
 24412 16270 15420.7437  615   58 28885.8560 8801.68730  69.5%   5.8   95s
 25871 17187 10815.5547  123   87 28885.8560 8801.84533  69.5%   6.0  100s
 27874 18831 12242.1492  141  106 28885.8560 8801.94075  69.5%   6.1  105s
 29917 20555 27773.5123  148   88 28885.8560 8802.18795  69.5%   6.1  110s
 31516 21728     cutoff  117      28885.8560 8802.28043  69.5%   6.1  115s
H31683 21727                    28859.493814 8802.28043  69.5%   6.1  115s
H31694 21726                    28855.375503 8802.28043  69.5%   6.1  115s
H31770 21840                    28849.929455 8802.60388  69.5%   6.2  116s
 33068 23033     cutoff  119      28849.9295 8802.97191  69.5%   6.2  120s
H33931 22860                    26987.030592 8803.02602  67.4%   6.2  122s
H34028 22819                    26920.186839 8803.02602  67.3%   6.2  122s
H34036 19377                    23390.109324 8803.04395  62.4%   6.2  122s
H34250 19287                    23353.826975 8803.04395  62.3%   6.2  123s
H34332 19219                    23316.774884 8803.12890  62.2%   6.2  123s
H34426 19271                    23304.318573 8803.13966  62.2%   6.2  123s
H34495 18040                    22648.550206 8803.13966  61.1%   6.2  123s
H34550 18201                    22648.549974 8803.30333  61.1%   6.2  124s
 34877 18398 9507.89364   95  116 22648.5500 8803.56826  61.1%   6.2  125s
 35929 18996 21932.0079  163   68 22648.5500 8810.84208  61.1%   6.3  130s
 37319 19815 13918.3235  105   95 22648.5500 8915.93466  60.6%   6.5  135s
 39049 21130 15970.3771  154   67 22648.5500 8918.33250  60.6%   6.6  140s
 41154 22908 13961.8166  281   76 22648.5500 8979.20374  60.4%   6.6  145s
 42965 24273 14359.8259  249   60 22648.5500 9035.90807  60.1%   6.6  150s
 44670 25738 14582.9537  191   85 22648.5500 9037.29004  60.1%   6.7  155s
 46504 27141 21441.1569  238   52 22648.5500 9045.14382  60.1%   6.6  160s
 48268 28701 13362.6033  261   77 22648.5500 9054.54540  60.0%   6.6  165s
 49959 30181 12790.8859  168   87 22648.5500 9055.06298  60.0%   6.6  170s
H50950 30789                    22642.772826 9055.06298  60.0%   6.6  172s
 51633 31335 infeasible  183      22642.7728 9061.72627  60.0%   6.6  175s
H52561 31950                    22474.857428 9062.26634  59.7%   6.6  178s
H52711 31927                    22461.190646 9062.26634  59.7%   6.6  179s
H52774 31808                    22330.633096 9062.40180  59.4%   6.6  179s
 53184 32249 19646.8411  202   87 22330.6331 9062.49255  59.4%   6.6  180s
H53718 32816                    22290.034462 9062.52650  59.3%   6.6  181s
H54273 33303                    22283.290403 9062.52650  59.3%   6.6  183s
H54412 33303                    22279.171682 9062.52650  59.3%   6.6  183s
 55198 34135 13476.8038  810   85 22279.1717 9062.52650  59.3%   6.6  185s
H55295 34122                    22269.468429 9062.52650  59.3%   6.6  185s
H55501 34175                    22154.521142 9062.52650  59.1%   6.6  186s
 56728 35351 infeasible  218      22154.5211 9062.68390  59.1%   6.6  190s
*57229 35607             565    22153.783521 9063.00932  59.1%   6.6  191s
*57230 35599             565    22149.922393 9063.00932  59.1%   6.6  191s
H57688 36017                    22086.761765 9063.15066  59.0%   6.6  193s
H58149 36367                    22082.643044 9063.15066  59.0%   6.6  194s
H58212 36359                    22077.213704 9063.15066  58.9%   6.6  194s
 58478 36761 21748.4905  324   62 22077.2137 9063.16124  58.9%   6.6  195s
H58718 36855                    22070.469645 9063.16124  58.9%   6.6  196s
H58797 36847                    22064.520711 9063.28202  58.9%   6.6  196s
H59954 37856                    22060.401990 9063.40163  58.9%   6.6  199s
 60219 38069 infeasible  207      22060.4020 9063.52311  58.9%   6.6  200s
H60988 38645                    22052.639347 9064.45515  58.9%   6.6  202s
 61781 39162 infeasible  223      22052.6393 9094.59351  58.8%   6.6  205s
 62927 40053 10975.5052  117  106 22052.6393 9117.22463  58.7%   6.6  210s
 65018 41568 19797.9509  129   69 22052.6393 9125.45227  58.6%   6.6  215s
H65130 41538                    22023.436105 9125.45227  58.6%   6.6  215s
H65987 42321                    22016.025974 9125.57897  58.6%   6.6  218s
 66694 42902 16870.5665  261   53 22016.0260 9125.75651  58.5%   6.6  220s
 68180 44222 13754.0104  158   80 22016.0260 9125.83712  58.5%   6.5  225s
 70526 46218 17742.6601  344   53 22016.0260 9125.93183  58.5%   6.5  230s
 71897 47367     cutoff  157      22016.0260 9126.27476  58.5%   6.5  235s
*72720 46946            1108    21250.948665 9126.31866  57.1%   6.5  237s
H73608 47487                    21181.528721 9126.35952  56.9%   6.5  239s
 73727 47584 12787.6239  145   65 21181.5287 9126.69925  56.9%   6.5  240s
H74520 48104                    21163.507252 9126.77273  56.9%   6.5  242s
 75266 48718 13579.8148  158   73 21163.5073 9131.99658  56.9%   6.5  245s
 76710 49724 20905.5303  174  106 21163.5073 9132.51915  56.8%   6.5  250s
 78496 50846 13525.5175  144   94 21163.5073 9133.32401  56.8%   6.6  255s
H78784 50864                    21151.863287 9133.32401  56.8%   6.6  256s
 79793 51454 infeasible  130      21151.8633 9164.21050  56.7%   6.7  260s
H81515 52652                    21137.043025 9164.82684  56.6%   6.7  264s
 81676 52816     cutoff  178      21137.0430 9164.86638  56.6%   6.7  265s
 82758 53507 17431.4758  143   86 21137.0430 9168.18566  56.6%   6.7  270s
 84174 54521 16195.1551  152   57 21137.0430 9196.80219  56.5%   6.7  275s
 85991 55870 20975.2346  181   99 21137.0430 9197.52121  56.5%   6.7  280s
 87360 56775 infeasible  183      21137.0430 9198.45481  56.5%   6.7  285s
 89000 57672 14785.8313  162   88 21137.0430 9199.94955  56.5%   6.8  290s
 90269 58648 19382.9428  366   93 21137.0430 9202.14316  56.5%   6.8  295s
 91670 59593 19737.7753  157   58 21137.0430 9231.81486  56.3%   6.8  300s
 93067 60658 18336.9994  254   47 21137.0430 9249.41208  56.2%   6.9  305s
H94182 61494                    21136.319961 9249.60506  56.2%   6.8  307s
H94185 61466                    21127.046303 9249.60506  56.2%   6.8  307s
*94595 61532             529    21016.109390 9249.71113  56.0%   6.8  308s
H94822 60641                    20712.604908 9249.71113  55.3%   6.8  309s
 94942 60846 16208.3934  195   39 20712.6049 9249.71113  55.3%   6.8  310s
 96692 62436 18880.8738  295   50 20712.6049 9249.76748  55.3%   6.9  315s
 98003 63564 16442.2141  184   51 20712.6049 9249.89676  55.3%   6.9  320s
 99789 64922 13315.3239  142   82 20712.6049 9250.07497  55.3%   6.9  325s
 101269 66118 19596.7688  349   45 20712.6049 9250.29090  55.3%   6.9  330s
 102718 67353 18629.4805  233   47 20712.6049 9251.32838  55.3%   6.9  335s
 104263 68512 15078.5638  143   84 20712.6049 9257.17656  55.3%   6.9  340s
 105661 69605 14239.4144  146   76 20712.6049 9259.55499  55.3%   6.8  345s
 107103 70803 10977.3755  126  102 20712.6049 9261.15919  55.3%   6.8  350s
 108126 71627 18439.8486  206   56 20712.6049 9261.55600  55.3%   6.8  355s
 109740 72880 11036.6130  130   93 20712.6049 9261.74240  55.3%   6.8  360s
 111535 74120     cutoff  221      20712.6049 9262.45997  55.3%   6.8  365s
 113105 75545 11145.5458  145   99 20712.6049 9265.15628  55.3%   6.8  370s
 114770 76744 14457.0648  170   91 20712.6049 9266.83298  55.3%   6.8  375s
 116429 77741 11036.6937  153   91 20712.6049 9271.57811  55.2%   6.8  380s
*117675 78589             305    20705.883605 9275.67635  55.2%   6.8  383s
H117686 77999                    20556.711087 9275.67635  54.9%   6.8  384s
 117855 78118 14301.9500  273   84 20556.7111 9275.67635  54.9%   6.8  385s
H118161 76003                    20152.975025 9275.67635  54.0%   6.8  387s
 119192 76801 12536.6168  186   82 20152.9750 9307.17882  53.8%   6.9  390s
 121452 78257 18296.2772  160   86 20152.9750 9312.55296  53.8%   6.9  395s
 123240 79506 infeasible  263      20152.9750 9313.95254  53.8%   6.9  400s
 125017 80666 infeasible  151      20152.9750 9316.00337  53.8%   7.0  405s
 126688 81938 18131.5222  230   44 20152.9750 9320.97738  53.7%   7.0  410s
 128071 82953 14473.7577  159   68 20152.9750 9323.28287  53.7%   7.0  415s
 128837 83360 19757.3039  196   65 20152.9750 9323.97146  53.7%   7.0  420s
 130420 84619 15720.7510  149   99 20152.9750 9352.87737  53.6%   7.1  425s
H130894 84726                    20147.152889 9354.07616  53.6%   7.1  426s
H130899 84662                    20138.509289 9354.07616  53.6%   7.1  426s
H130918 84658                    20137.929459 9354.07616  53.5%   7.1  426s
 131657 85096 17118.4261  171   67 20137.9295 9376.81560  53.4%   7.1  430s
 133253 86382 11600.6114  104  108 20137.9295 9381.96258  53.4%   7.1  435s
 135003 87660 infeasible  244      20137.9295 9384.79128  53.4%   7.1  440s
 136461 88877 14343.3223  161   74 20137.9295 9385.47086  53.4%   7.1  445s
 137997 89936 infeasible  249      20137.9295 9386.24288  53.4%   7.1  450s
 139533 91068 20103.7870  168   71 20137.9295 9388.19296  53.4%   7.1  455s
 141295 92292 16301.9774  195   62 20137.9295 9389.08876  53.4%   7.1  460s
 143106 93689 18907.7261  199   65 20137.9295 9391.52245  53.4%   7.1  465s
 144399 94449 15178.6785  176   69 20137.9295 9394.98943  53.3%   7.2  470s
 145637 95095 20101.9577  224   64 20137.9295 9400.29934  53.3%   7.2  475s
 147103 96101 14943.2285  183   65 20137.9295 9403.10472  53.3%   7.2  480s
 148663 97048 infeasible   97      20137.9295 9411.54632  53.3%   7.2  485s
 150126 98272 15268.3617  195   66 20137.9295 9413.29989  53.3%   7.2  490s
 151771 99392 19451.3086  224  101 20137.9295 9419.05405  53.2%   7.2  495s
 153232 100143     cutoff  233      20137.9295 9425.69397  53.2%   7.2  500s
H153939 100410                    20135.213917 9430.06314  53.2%   7.3  503s
 154596 100693 16954.6643  225   68 20135.2139 9432.93480  53.2%   7.3  505s
 156873 102409 infeasible  243      20135.2139 9443.23072  53.1%   7.3  510s
 159152 103834 17159.1691  164   63 20135.2139 9454.22775  53.0%   7.3  515s
 160600 104652 infeasible  196      20135.2139 9466.26285  53.0%   7.3  520s
 162244 105963 11076.9641  103  113 20135.2139 9495.63346  52.8%   7.3  525s
 164134 107370 16380.9089  157   45 20135.2139 9514.64619  52.7%   7.3  530s
 165609 108507 18974.3178  131   93 20135.2139 9524.62741  52.7%   7.3  535s
H166558 108498                    20059.178762 9526.53636  52.5%   7.3  537s
 167187 109079 15367.1584  197   51 20059.1788 9530.81714  52.5%   7.3  540s
 168591 110109 19950.8962  156   53 20059.1788 9530.90237  52.5%   7.3  545s
 170092 111283 20042.5717  178   91 20059.1788 9530.94023  52.5%   7.3  550s
 171960 112711 17348.2772  258   33 20059.1788 9530.96698  52.5%   7.3  555s
 173121 113756 18313.3374  221   38 20059.1788 9530.98602  52.5%   7.3  560s
 174840 115062 16983.5054  106  110 20059.1788 9531.08083  52.5%   7.3  565s
 176138 115947 16615.9900  158   37 20059.1788 9531.18534  52.5%   7.3  570s
 177537 116975 18035.5687  159   66 20059.1788 9531.26055  52.5%   7.3  575s
 179030 117967     cutoff  107      20059.1788 9532.13691  52.5%   7.3  580s
 180374 119259 18189.9680  265   38 20059.1788 9532.33902  52.5%   7.3  585s
 182165 120681 18559.5708  257   60 20059.1788 9532.51418  52.5%   7.3  590s
 183137 121294 15976.7979  147   87 20059.1788 9532.95814  52.5%   7.3  595s
 184660 122371 14498.3392  114   69 20059.1788 9533.98057  52.5%   7.3  600s
 186138 123622 16987.9354  253   89 20059.1788 9534.59454  52.5%   7.3  605s
 187705 124770 infeasible  180      20059.1788 9535.18050  52.5%   7.3  611s
 188682 125627 19732.9160  247   50 20059.1788 9536.02848  52.5%   7.3  615s
 190222 126895 19503.9544  327   84 20059.1788 9545.83676  52.4%   7.3  620s
 191777 128136 13440.1351  133   83 20059.1788 9554.71659  52.4%   7.3  625s
 193429 129349 18305.3942  271   55 20059.1788 9555.00116  52.4%   7.3  630s
 194907 130470 16691.9262  153   66 20059.1788 9555.00489  52.4%   7.4  635s
 197200 132254 12251.2698  139   74 20059.1788 9555.03930  52.4%   7.4  640s
 199455 133891 17184.2967  244   50 20059.1788 9555.04834  52.4%   7.4  645s
 201771 135753 14418.8256  144   87 20059.1788 9555.06820  52.4%   7.4  650s
 203814 137264 infeasible  199      20059.1788 9555.06970  52.4%   7.4  655s
 205415 138454 infeasible  175      20059.1788 9555.07841  52.4%   7.3  660s
 206731 139497 18123.8672  242   36 20059.1788 9555.08774  52.4%   7.3  665s
 208283 140817 15091.0204  135   60 20059.1788 9555.10450  52.4%   7.3  670s
 209687 141726 14436.5942  131  109 20059.1788 9555.10970  52.4%   7.4  675s
 210965 142522 14188.1729  128   99 20059.1788 9555.11794  52.4%   7.4  680s
 212400 143617 14068.0681  119   92 20059.1788 9555.12278  52.4%   7.4  685s
*213221 143963             268    20058.482451 9555.12481  52.4%   7.4  688s
 213487 144420 16291.0402  155  100 20058.4825 9555.12830  52.4%   7.4  690s
 214932 145516 19573.4049  138  104 20058.4825 9555.13462  52.4%   7.4  695s
 216494 146591 17650.8104  109  100 20058.4825 9555.14986  52.4%   7.4  700s
 217950 147823 12959.1450  128   57 20058.4825 9555.15613  52.4%   7.3  705s
 219116 148622 19901.6122  234   39 20058.4825 9555.15613  52.4%   7.3  711s
H219218 148486                    20045.073261 9555.15866  52.3%   7.3  711s
*220093 147789             377    19935.289226 9555.16256  52.1%   7.3  713s
*220100 147679             377    19929.417375 9555.16256  52.1%   7.3  713s
 220466 148248 11706.8439  115   82 19929.4174 9555.16657  52.1%   7.3  715s
 222026 149372     cutoff  148      19929.4174 9555.17103  52.1%   7.3  720s
 224018 150765 15788.9567  153   39 19929.4174 9555.18374  52.1%   7.3  725s
*226129 152207             438    19925.267417 9555.19332  52.0%   7.3  729s
*226135 152165             438    19922.292950 9555.19332  52.0%   7.3  729s
 226442 152529 19177.6258  163  109 19922.2930 9555.20044  52.0%   7.3  730s
H228138 133787                    18925.704637 9555.20732  49.5%   7.3  733s
 228782 134465 15193.2166  131  108 18925.7046 9555.21747  49.5%   7.3  735s
 230891 135951 13600.3111  139   79 18925.7046 9555.24291  49.5%   7.3  740s
 232276 136926 13443.6319  133   90 18925.7046 9555.27429  49.5%   7.3  745s
 233780 138075 18840.8607  353   77 18925.7046 9555.29662  49.5%   7.3  750s
*233856 138070             388    18925.613306 9555.29662  49.5%   7.3  750s
 235157 139095 11946.0675  151   77 18925.6133 9555.32953  49.5%   7.4  755s
 236393 139988 15696.6584  146  100 18925.6133 9555.38496  49.5%   7.4  760s
 237504 140617 17134.7504  122   92 18925.6133 9555.44937  49.5%   7.4  765s
 238757 141536     cutoff  131      18925.6133 9555.51683  49.5%   7.4  770s
 240093 142416 17869.0107  240   40 18925.6133 9555.78207  49.5%   7.4  775s
 241513 143342     cutoff  180      18925.6133 9556.02797  49.5%   7.4  780s
 243215 144434 18375.9911  161   75 18925.6133 9557.28625  49.5%   7.4  785s
 244422 145349 15654.0822  149  103 18925.6133 9558.06380  49.5%   7.4  790s
 245655 146260 14451.0034  161   81 18925.6133 9560.60644  49.5%   7.4  795s
H245890 146207                    18919.539727 9560.60644  49.5%   7.4  795s
H246240 146369                    18915.658405 9562.53502  49.4%   7.4  797s
 246989 146928 17985.2749  179   48 18915.6584 9570.71167  49.4%   7.5  800s
 248413 147996 17710.3142  259   83 18915.6584 9575.67600  49.4%   7.5  805s
 249600 148867 18768.3465  193   51 18915.6584 9577.34144  49.4%   7.5  810s
 250774 149560 17695.5501  139   77 18915.6584 9578.03570  49.4%   7.5  815s
 251913 150484 15553.0414  149   71 18915.6584 9579.56628  49.4%   7.5  820s
 253404 151595 18792.1100  181   67 18915.6584 9579.78753  49.4%   7.5  825s
 254444 152278 17944.9240  218   64 18915.6584 9579.82566  49.4%   7.5  830s
 255838 153296 18619.9020  205   62 18915.6584 9579.90947  49.4%   7.5  836s
H256312 146687                    18663.713946 9579.94605  48.7%   7.5  837s
 256759 147081 infeasible  167      18663.7139 9579.96261  48.7%   7.5  840s
 258193 148059 17966.4187  170   49 18663.7139 9580.07214  48.7%   7.5  845s
 259418 148933 13417.3716  138   69 18663.7139 9580.13629  48.7%   7.5  850s
 260600 149804     cutoff  172      18663.7139 9580.20719  48.7%   7.5  855s
 262020 150683 13160.5958  142  105 18663.7139 9580.21528  48.7%   7.5  860s
 263586 151844 18226.7989  163   54 18663.7139 9580.24153  48.7%   7.5  865s
 264738 152517 14789.4722  133  103 18663.7139 9580.25554  48.7%   7.5  870s
 266309 153695 15960.8380  139   78 18663.7139 9580.27944  48.7%   7.5  876s
 267328 154289 10538.9886  128   98 18663.7139 9580.30535  48.7%   7.5  881s
 268529 154992 15213.1759  138  102 18663.7139 9580.32885  48.7%   7.5  885s
H269157 155132                    18662.161417 9580.33787  48.7%   7.5  888s
H269171 155018                    18658.265438 9580.33787  48.7%   7.5  888s
 269479 155397 18385.0697  217   63 18658.2654 9580.34809  48.7%   7.5  890s
 270627 156149 14233.2892  143   89 18658.2654 9580.38223  48.7%   7.5  895s
 271789 156843 13825.3992  136  101 18658.2654 9580.41536  48.7%   7.5  900s
 272997 157564 15093.5144  132   50 18658.2654 9580.42489  48.7%   7.5  905s
 274487 158579 18314.5590  224   68 18658.2654 9580.45556  48.7%   7.5  911s
 275665 159460 infeasible  170      18658.2654 9580.47368  48.7%   7.5  915s
 276978 160219 17608.0507  143   72 18658.2654 9580.48262  48.7%   7.5  920s
 278048 161114 17690.1826  170   61 18658.2654 9580.49504  48.7%   7.5  925s
 279280 161943     cutoff  255      18658.2654 9580.50906  48.7%   7.5  930s
 280679 162899 infeasible  152      18658.2654 9580.52766  48.7%   7.6  936s
 281902 163601 18317.3590  235   44 18658.2654 9580.54239  48.7%   7.6  940s
 282791 164116 infeasible  163      18658.2654 9580.56223  48.7%   7.6  945s
 284168 165049 16258.1184  136  109 18658.2654 9580.59128  48.7%   7.6  950s
 285386 165809 14597.4914  127  107 18658.2654 9580.61369  48.7%   7.6  955s
 286607 166604 18605.0693  163   77 18658.2654 9580.63850  48.7%   7.6  960s
 287699 167273 15095.4844  135  109 18658.2654 9580.66140  48.7%   7.6  965s
 288912 168199     cutoff  166      18658.2654 9580.69759  48.7%   7.6  970s
 290180 169051 17233.6176  140  105 18658.2654 9580.72834  48.7%   7.6  975s
 291342 169917 17423.7612  177   66 18658.2654 9580.75692  48.7%   7.6  980s
 292349 170575 16695.8745  160   58 18658.2654 9580.78176  48.7%   7.6  985s
 293644 171518 18207.0802  234   45 18658.2654 9580.81658  48.7%   7.6  990s
 294876 172437     cutoff  178      18658.2654 9580.86011  48.7%   7.6  995s
 296260 173293 infeasible  167      18658.2654 9580.87803  48.7%   7.6 1000s
 297380 174002 14550.2664  133  100 18658.2654 9580.93268  48.7%   7.6 1005s
 298371 174619 18475.8349  180   96 18658.2654 9580.94939  48.7%   7.6 1010s
 299616 175470 11752.0456  123   84 18658.2654 9580.99380  48.7%   7.6 1015s
 300785 176277 18132.5944  208   45 18658.2654 9581.02979  48.6%   7.6 1020s
H302063 177127                    18657.435974 9581.06048  48.6%   7.6 1024s
 302187 177301 17008.4483  154   78 18657.4360 9581.06647  48.6%   7.6 1026s
 303154 177917 12835.3271  129  100 18657.4360 9581.08352  48.6%   7.6 1030s
 304236 178716 11669.7054  123   81 18657.4360 9581.10994  48.6%   7.6 1035s
 305392 179450 17385.0511  169  105 18657.4360 9581.15419  48.6%   7.6 1040s
 306674 180368 16886.2611  168  104 18657.4360 9581.23057  48.6%   7.6 1045s
 307946 181199 18579.9418  235   48 18657.4360 9581.36728  48.6%   7.6 1050s
 308968 181972 18593.4516  182   92 18657.4360 9581.42503  48.6%   7.6 1055s
 310033 182735 16864.9488  147  111 18657.4360 9581.56209  48.6%   7.6 1060s
 311174 183580 infeasible  163      18657.4360 9581.79781  48.6%   7.6 1065s
 312467 184530 16624.1290  147   67 18657.4360 9581.92471  48.6%   7.6 1070s
 313524 185292 14994.0426  150   76 18657.4360 9582.04727  48.6%   7.6 1075s
*314386 185700             386    18651.900747 9582.12781  48.6%   7.6 1078s
 314696 186125 9654.06074  124  103 18651.9007 9582.19166  48.6%   7.6 1080s
 315887 186897 12957.8056  132   67 18651.9007 9582.31122  48.6%   7.7 1085s
H316703 187199                    18647.741127 9582.38673  48.6%   7.7 1088s
 317135 187612 16792.6206  182   99 18647.7411 9582.42202  48.6%   7.7 1090s
 318344 188441 14264.8929  132  103 18647.7411 9582.45556  48.6%   7.7 1095s
 319437 189334 16503.4640  146  110 18647.7411 9582.50992  48.6%   7.7 1100s
 320536 190113 15482.3389  154   51 18647.7411 9582.57468  48.6%   7.7 1105s
 321838 190986 infeasible  162      18647.7411 9582.64454  48.6%   7.7 1110s
 323070 191920 17235.5231  163   78 18647.7411 9582.71298  48.6%   7.7 1115s
 324318 192683 infeasible  218      18647.7411 9582.77036  48.6%   7.7 1120s
 325456 193438 17281.4143  152  112 18647.7411 9582.97769  48.6%   7.7 1125s
 326739 194382 12397.9612  131   79 18647.7411 9583.07656  48.6%   7.7 1131s
 328087 195337 17789.6988  165   63 18647.7411 9583.16369  48.6%   7.7 1135s
 329196 196104 14796.8926  155   50 18647.7411 9583.24205  48.6%   7.7 1141s
H329537 194266                    18588.807567 9583.26807  48.4%   7.7 1141s
 330184 194922 infeasible  143      18588.8076 9583.27927  48.4%   7.7 1145s
 331472 195906 15252.9376  131   73 18588.8076 9583.38064  48.4%   7.7 1150s
 332603 196552 13508.4102  123  106 18588.8076 9583.47170  48.4%   7.7 1155s
 333819 197389 18366.9741  151   80 18588.8076 9583.49867  48.4%   7.7 1160s
 335009 198482 16817.3602  155   84 18588.8076 9583.55653  48.4%   7.7 1165s
 336098 199127 14215.5661  141  110 18588.8076 9583.62741  48.4%   7.7 1170s
 337416 200163 14941.2509  177   75 18588.8076 9583.64701  48.4%   7.7 1175s
 338566 200916     cutoff  162      18588.8076 9583.68452  48.4%   7.7 1180s
 339361 201562 14706.1575  160   75 18588.8076 9583.72188  48.4%   7.7 1185s
 340578 202408 11247.0924  111   85 18588.8076 9583.78790  48.4%   7.7 1190s
 341841 203398 17384.1294  197   66 18588.8076 9583.82988  48.4%   7.7 1195s
 343213 204415 18475.7737  230   39 18588.8076 9583.88567  48.4%   7.7 1200s
 344316 205237 18287.6715  210   63 18588.8076 9583.92223  48.4%   7.7 1205s
 344639 205246 17785.5602  186   59 18588.8076 9583.92844  48.4%   7.7 1210s
 344669 205271 14230.2017  119   93 18588.8076 13520.3987  27.3%   7.7 1215s
 344834 205388 14249.6695  152   55 18588.8076 13585.0074  26.9%   7.7 1220s
 345044 205532 14316.0653  196   55 18588.8076 13585.0074  26.9%   7.7 1225s
 345249 205677 14474.2573  236   55 18588.8076 13585.0074  26.9%   7.7 1230s
 345416 205795 14776.0780  274   57 18588.8076 13585.0074  26.9%   7.7 1235s
H345598 195657                    18585.381261 13585.0074  26.9%   7.7 1240s
 345778 195787 16056.7990  357   62 18585.3813 13585.0074  26.9%   7.7 1245s
 346017 195908 13658.4637  137   85 18585.3813 13585.8276  26.9%   7.7 1250s
H346025 186133                    17504.763427 13585.8276  22.4%   7.7 1250s
 346213 186293 13947.9740  199   54 17504.7634 13585.8276  22.4%   7.7 1255s
 346390 186431 14093.2466  244   54 17504.7634 13585.8276  22.4%   7.7 1261s
 346626 186576 14419.0015  311   59 17504.7634 13585.8276  22.4%   7.7 1266s
 346737 186648 15108.7285  352   59 17504.7634 13585.8276  22.4%   7.7 1270s
 346946 186752 16835.8288  430   63 17504.7634 13587.8149  22.4%   7.7 1276s
H347008 177512                    17437.747206 13587.8691  22.1%   7.7 1278s
 347056 177587 13790.1536  152   73 17437.7472 13587.8691  22.1%   7.7 1280s
 347304 177762 13889.0061  214   55 17437.7472 13587.8691  22.1%   7.7 1286s
 347555 177946 14034.8221  269   55 17437.7472 13587.8691  22.1%   7.7 1292s
 347697 178054 14197.1039  304   55 17437.7472 13587.8691  22.1%   7.7 1296s
 347999 178256 14625.4474  389   62 17437.7472 13587.8691  22.1%   7.7 1303s
 348155 178373 14749.6717  431   61 17437.7472 13587.8691  22.1%   7.7 1307s
 348324 178486 15150.9938  468   56 17437.7472 13587.8691  22.1%   7.7 1310s
 348630 178658     cutoff  500      17437.7472 13588.5449  22.1%   7.7 1317s
 348813 178822 13789.3823  157   78 17437.7472 13588.5449  22.1%   7.7 1322s
 349038 178960 13979.5268  213   63 17437.7472 13588.5449  22.1%   7.7 1325s
 349269 179109 14348.0748  267   59 17437.7472 13588.5449  22.1%   7.7 1330s
 349521 179265 14432.9084  328   57 17437.7472 13588.5449  22.1%   7.7 1335s
 349946 179482 15184.5842  434   66 17437.7472 13588.5449  22.1%   7.7 1344s
H349957 170671                    17296.751551 13588.5449  21.4%   7.7 1344s
 350120 170806 15852.8317  480   63 17296.7516 13588.5449  21.4%   7.7 1348s
 350310 170880 16692.0459  521   60 17296.7516 13588.5449  21.4%   7.7 1353s
 350465 170934 13805.7016  127   91 17296.7516 13589.0956  21.4%   7.7 1356s
 350571 171008 13817.3252  159   58 17296.7516 13589.0956  21.4%   7.7 1360s
 350843 171154 14494.2061  233   66 17296.7516 13589.0956  21.4%   7.7 1368s
 350951 171190 15591.4607  257   70 17296.7516 13589.0956  21.4%   7.7 1371s
 351129 171263 14661.9620  127   97 17296.7516 13589.2832  21.4%   7.7 1377s
 351214 171299 15371.8322  145   94 17296.7516 13589.2832  21.4%   7.7 1381s
 351359 171338 15724.0240  190   72 17296.7516 13589.2832  21.4%   7.7 1386s
 351479 171382 16197.1214  211   62 17296.7516 13589.2832  21.4%   7.7 1390s
 351627 171450 infeasible  229      17296.7516 13589.2832  21.4%   7.7 1395s
 351820 171514 17075.3456  245   69 17296.7516 13589.5830  21.4%   7.7 1400s
 352014 171583 15503.3163  148   93 17296.7516 13589.5830  21.4%   7.7 1407s
 352088 171617 16164.0709  166   92 17296.7516 13589.5830  21.4%   7.7 1411s
 352225 171723 16210.7436  204   69 17296.7516 13589.5830  21.4%   7.7 1418s
 352303 171762 16244.1916  232   61 17296.7516 13589.5830  21.4%   7.7 1421s
 352368 171817 16305.3438  235   58 17296.7516 13589.5830  21.4%   7.7 1425s
 352475 171858 16415.2448  240   63 17296.7516 13589.5830  21.4%   7.7 1430s
 352635 171926 16595.8227  259   67 17296.7516 13589.5830  21.4%   7.7 1438s
 352717 172004 16902.4545  266   70 17296.7516 13589.5830  21.4%   7.7 1442s
 352844 172028     cutoff  278      17296.7516 13589.6359  21.4%   7.7 1448s
 352954 172044 15482.4521  148   91 17296.7516 13589.6359  21.4%   7.7 1451s
 353087 172112 16088.2116  175   88 17296.7516 13589.6359  21.4%   7.7 1458s
 353149 172149 16935.7531  187   86 17296.7516 13589.6359  21.4%   7.7 1462s
 353211 172202 16509.8891  203   83 17296.7516 13589.6359  21.4%   7.7 1466s
 353321 172227 16520.1996  215   67 17296.7516 13589.6359  21.4%   7.7 1471s
 353399 172264 16536.1803  230   59 17296.7516 13589.6359  21.4%   7.7 1475s
 353540 172349 16621.8709  254   57 17296.7516 13589.6359  21.4%   7.7 1483s
 353614 172401 16643.2907  265   62 17296.7516 13589.6359  21.4%   7.7 1487s
 353690 172477 16700.1887  276   59 17296.7516 13589.6359  21.4%   7.7 1491s
 353803 172494 16741.3685  281   59 17296.7516 13589.6359  21.4%   7.7 1495s
 353934 172593 16988.5286  303   62 17296.7516 13590.0302  21.4%   7.7 1502s
 354093 172653 14968.9779  137   95 17296.7516 13590.0364  21.4%   7.7 1506s
 354222 172682     cutoff  158      17296.7516 13590.0364  21.4%   7.7 1511s
 354308 172721 infeasible  177      17296.7516 13590.0364  21.4%   7.7 1515s
 354473 172817 16268.8175  218   65 17296.7516 13590.0364  21.4%   7.7 1523s
 354547 172868 16526.3015  230   68 17296.7516 13590.0364  21.4%   7.7 1528s
 354624 172916 16700.0010  237   65 17296.7516 13590.0364  21.4%   7.7 1532s
 354712 172974 16938.8387  246   65 17296.7516 13590.0364  21.4%   7.7 1536s
 354807 173014 17043.5690  250   63 17296.7516 13590.0364  21.4%   7.7 1540s
 354960 173080 17162.6012  271   52 17296.7516 13590.8980  21.4%   7.7 1546s
 355064 173122 15790.9180  151   88 17296.7516 13591.0760  21.4%   7.7 1551s
 355169 173169 15388.3808  148   93 17296.7516 13591.0760  21.4%   7.7 1556s
 355306 173229 16134.5122  175   97 17296.7516 13591.0760  21.4%   7.7 1561s
 355435 173301 16524.3399  199   89 17296.7516 13591.0760  21.4%   7.7 1567s
 355569 173333 16611.3108  225   60 17296.7516 13591.0760  21.4%   7.7 1572s
 355649 173387 16691.7965  242   52 17296.7516 13591.0760  21.4%   7.7 1577s
 355733 173444 16795.4445  261   49 17296.7516 13591.0760  21.4%   7.7 1582s
 355818 173483 16802.5886  281   52 17296.7516 13591.5831  21.4%   7.7 1587s
 355920 173560 14581.3547  141   93 17296.7516 13591.6331  21.4%   7.7 1593s
 356042 173598 16840.2645  157   88 17296.7516 13591.7885  21.4%   7.7 1599s
 356174 173651 15154.9513  134   81 17296.7516 13591.8560  21.4%   7.7 1605s
 356335 173708 infeasible  172      17296.7516 13592.0359  21.4%   7.7 1611s
 356490 173784 16772.9620  166   86 17296.7516 13592.4172  21.4%   7.7 1615s
 356782 173842 16254.2956  175   90 17296.7516 13592.4442  21.4%   7.7 1621s
 356944 173926 16793.8173  205   81 17296.7516 13592.4442  21.4%   7.7 1628s
 357020 173979 16826.9765  220   75 17296.7516 13592.4442  21.4%   7.7 1631s
 357204 174131 17044.0574  261   66 17296.7516 13592.4891  21.4%   7.7 1637s
 357343 174180 infeasible  172      17296.7516 13593.0042  21.4%   7.7 1641s
 357498 174269 16736.4562  163   89 17296.7516 13593.5132  21.4%   7.7 1646s
 357678 174299 15847.6526  172   88 17296.7516 13593.7682  21.4%   7.7 1650s
 357778 174351 16364.9116  198   89 17296.7516 13593.7682  21.4%   7.7 1656s
 357866 174402 16564.2552  220   71 17296.7516 13593.7682  21.4%   7.7 1661s
 357955 174486 17075.0510  242   68 17296.7516 13593.7839  21.4%   7.7 1668s
 358096 174548 15768.5295  148   88 17296.7516 13594.0639  21.4%   7.7 1674s
 358248 174671 17173.6125  167   82 17296.7516 13594.5578  21.4%   7.7 1681s
 358451 174695 16045.8547  164   88 17296.7516 13594.6541  21.4%   7.7 1687s
 358560 174742 16413.4776  181   88 17296.7516 13594.6541  21.4%   7.7 1692s
 358652 174800 16486.1192  202   69 17296.7516 13594.6541  21.4%   7.7 1697s
 358741 174874 16544.4520  227   67 17296.7516 13594.6541  21.4%   7.7 1703s
 358853 174934 16683.9239  250   66 17296.7516 13594.6541  21.4%   7.7 1708s
 358955 174993 16692.0181  265   65 17296.7516 13594.6541  21.4%   7.7 1714s
 359061 175082 16748.1534  280   61 17296.7516 13594.6541  21.4%   7.7 1719s
 359227 175150 16857.6731  292   59 17296.7516 13594.6541  21.4%   7.7 1726s
 359393 175223 infeasible  304      17296.7516 13594.9175  21.4%   7.7 1730s
 359608 175293 16342.2718  153   89 17296.7516 13596.8900  21.4%   7.7 1738s
 359831 175373 14852.7632  145   96 17296.7516 13603.4582  21.4%   7.7 1745s
 360125 175491 16441.3117  192   80 17296.7516 13603.4582  21.4%   7.7 1754s
 360255 175539 16485.9521  233   64 17296.7516 13603.4582  21.4%   7.7 1760s
 360353 175600 16538.8328  257   58 17296.7516 13603.4582  21.4%   7.7 1765s
 360451 175697 16580.3439  273   55 17296.7516 13603.4582  21.4%   7.7 1771s
 360590 175737 16770.4193  299   57 17296.7516 13603.4582  21.4%   7.7 1776s
 360681 175784 17231.3308  310   58 17296.7516 13626.4077  21.2%   7.7 1783s
 360860 175864 14418.1682  138   96 17296.7516 13637.4629  21.2%   7.7 1788s
 361048 175948 14752.6129  144   91 17296.7516 13639.6095  21.1%   7.7 1794s
 361234 176014 14746.0624  144   97 17296.7516 13640.8021  21.1%   7.7 1801s
 361395 176046 15986.1028  175   92 17296.7516 13640.8021  21.1%   7.7 1808s
 361496 176130 16384.2634  195   91 17296.7516 13640.8021  21.1%   7.7 1814s
 361616 176218 16418.1426  222   69 17296.7516 13640.8021  21.1%   7.7 1819s
 361754 176282 16508.7994  239   63 17296.7516 13640.8021  21.1%   7.7 1826s
 361906 176375 16545.6874  255   64 17296.7516 13640.8021  21.1%   7.7 1832s
 362087 176407 16758.0931  284   63 17296.7516 13640.8021  21.1%   7.7 1837s
 362207 176438 17002.1671  297   68 17296.7516 13641.3516  21.1%   7.7 1845s
 362372 176548     cutoff  166      17296.7516 13642.2286  21.1%   7.7 1853s
 362578 176570 16137.9191  174   91 17296.7516 13642.3530  21.1%   7.7 1858s
H362583 168207                    17296.247845 13642.3530  21.1%   7.7 1858s
H362606 160257                    17293.896706 13642.3530  21.1%   7.7 1858s
H362616 152696                    17272.505412 13642.3530  21.0%   7.7 1858s
 362680 152771 16217.4763  199   83 17272.5054 13642.3530  21.0%   7.7 1864s
H362683 145601                    17269.650568 13642.3530  21.0%   7.7 1864s
H362724 138778                    17269.079107 13642.3530  21.0%   7.7 1864s
 362782 138856 16552.0697  223   75 17269.0791 13642.3530  21.0%   7.7 1871s
H362793 132383                    17267.982415 13642.3530  21.0%   7.7 1871s
H362796 126237                    17267.462308 13642.3530  21.0%   7.7 1871s
H362801 120397                    17265.930075 13642.3530  21.0%   7.7 1871s
 362886 120459 16970.2952  251   71 17265.9301 13642.5778  21.0%   7.7 1877s
H362946 114893                    17264.231171 13642.5778  21.0%   7.7 1877s
 363024 114979 16804.0094  150   90 17264.2312 13643.3847  21.0%   7.7 1885s
H363027 109708                    17262.532266 13643.3847  21.0%   7.7 1885s
H363214 104762                    17260.833362 13645.0628  20.9%   7.7 1892s
 363404 104827 16032.9073  156   92 17260.8334 13646.5260  20.9%   7.7 1899s
 363577 104887 16967.8318  161   85 17260.8334 13651.9988  20.9%   7.7 1906s
 363751 104954 16501.9002  166   85 17260.8334 13656.1457  20.9%   7.7 1914s
 363944 105000 15941.7964  155   86 17260.8334 13658.6177  20.9%   7.7 1921s
 364083 105058 16563.2760  189   92 17260.8334 13658.6177  20.9%   7.7 1929s
 364193 105129 16590.4860  215   76 17260.8334 13658.6177  20.9%   7.7 1935s
 364304 105203 16786.2446  247   60 17260.8334 13658.8710  20.9%   7.7 1942s
 364493 105320 14501.4504  139   88 17260.8334 13658.9750  20.9%   7.7 1950s
 364711 105379 15425.0190  154   93 17260.8334 13658.9750  20.9%   7.7 1957s
 364895 105449 16078.9911  170   89 17260.8334 13658.9750  20.9%   7.7 1965s
 365069 105507 16685.4632  180   94 17260.8334 13658.9750  20.9%   7.7 1972s
 365218 105612 16511.5525  194   90 17260.8334 13658.9750  20.9%   7.7 1979s
 365394 105666 16570.3371  218   77 17260.8334 13658.9750  20.9%   7.7 1986s
 365515 105744 16542.8457  238   67 17260.8334 13658.9750  20.9%   7.7 1992s
 365634 105797 16714.8821  256   59 17260.8334 13658.9750  20.9%   7.7 1999s
 365738 105858 16720.2040  262   60 17260.8334 13658.9750  20.9%   7.7 2005s
 365842 105924 16941.0711  274   61 17260.8334 13658.9750  20.9%   7.7 2011s
 365967 106013 17147.6892  291   61 17260.8334 13666.5763  20.8%   7.7 2017s
 366189 106039 16237.3871  156   87 17260.8334 13669.3714  20.8%   7.7 2024s
 366366 106148 14608.7783  143   89 17260.8334 13674.6010  20.8%   7.7 2033s
 366590 106167     cutoff  165      17260.8334 13674.9949  20.8%   7.7 2040s
 366734 106301 15363.9513  150   81 17260.8334 13676.7612  20.8%   7.7 2047s
 366952 106340 16210.0983  166   87 17260.8334 13676.9046  20.8%   7.7 2053s
 367092 106422 15949.4683  162   84 17260.8334 13678.6632  20.8%   7.7 2059s
 367251 106502 infeasible  153      17260.8334 13682.4666  20.7%   7.7 2065s
 367431 106536 16112.5917  161   87 17260.8334 13682.4666  20.7%   7.7 2071s
 367548 106605 16682.7930  186   93 17260.8334 13682.4666  20.7%   7.7 2077s
 367668 106643 16950.9205  214   80 17260.8334 13682.4666  20.7%   7.7 2082s
 367802 106732 16916.2376  228   67 17260.8334 13683.8295  20.7%   7.7 2088s
 368006 106803 16560.8063  161   87 17260.8334 13684.4508  20.7%   7.7 2094s
 368240 106906 16269.6381  161   81 17260.8334 13687.0196  20.7%   7.7 2102s
 368455 106933 16283.9833  172   91 17260.8334 13687.0529  20.7%   7.7 2109s
 368568 106990 16469.8160  195   82 17260.8334 13687.0529  20.7%   7.7 2116s
 368667 107053 16541.1961  207   79 17260.8334 13687.0529  20.7%   7.7 2122s
 368789 107122 16898.0899  229   73 17260.8334 13687.1530  20.7%   7.7 2129s
 368927 107198 16397.4383  162   80 17260.8334 13687.1865  20.7%   7.7 2137s
 369090 107291 17246.9462  173   75 17260.8334 13689.3365  20.7%   7.7 2143s
 369283 107395 infeasible  173      17260.8334 13690.0737  20.7%   7.7 2150s
 369482 107451 16363.5386  177   91 17260.8334 13690.0737  20.7%   7.7 2158s
 369649 107535 16560.1600  207   84 17260.8334 13690.0737  20.7%   7.7 2166s
 369806 107610 16690.9474  236   63 17260.8334 13691.4098  20.7%   7.7 2173s
 369984 107677 16202.7470  159   86 17260.8334 13691.4927  20.7%   7.7 2180s
 370164 107739 14721.8534  148   84 17260.8334 13691.8354  20.7%   7.7 2188s
 370330 107823 15636.2174  170   81 17260.8334 13692.2202  20.7%   7.7 2195s
 370500 107926 16239.7449  157   83 17260.8334 13692.7624  20.7%   7.7 2203s
 370689 107977 16257.2785  187   84 17260.8334 13692.7624  20.7%   7.7 2211s
 370855 108043 16400.8821  216   78 17260.8334 13692.7624  20.7%   7.7 2220s
 371055 108120 16430.3986  241   66 17260.8334 13692.7624  20.7%   7.7 2227s
 371231 108160 16502.0818  257   62 17260.8334 13692.7624  20.7%   7.7 2234s
 371343 108250 16829.7481  270   69 17260.8334 13694.1574  20.7%   7.7 2241s
 371526 108320 14992.9887  156   78 17260.8334 13694.4499  20.7%   7.7 2249s
 371727 108383 15235.9172  161   83 17260.8334 13695.2729  20.7%   7.7 2256s
 371907 108460 16286.8308  193   93 17260.8334 13695.2729  20.7%   7.7 2263s
 372105 108529 16496.4154  229   65 17260.8334 13695.2729  20.7%   7.7 2269s
 372272 108633 16579.0443  259   63 17260.8334 13695.2729  20.7%   7.7 2278s
 372474 108701 16697.7367  290   63 17260.8334 13699.4827  20.6%   7.7 2284s
 372662 108783 15787.2427  152   86 17260.8334 13699.6531  20.6%   7.7 2293s
 372843 108821 15933.4265  179   81 17260.8334 13699.6531  20.6%   7.7 2301s
 372974 108898 16371.5397  206   85 17260.8334 13699.6531  20.6%   7.7 2309s
 373101 108963 infeasible  244      17260.8334 13702.3122  20.6%   7.7 2316s
 373243 109068 17068.7060  187   78 17260.8334 13703.3456  20.6%   7.7 2324s
 373489 109153 infeasible  189      17260.8334 13712.2041  20.6%   7.7 2334s
 373708 109188 16146.1322  176   87 17260.8334 13712.5351  20.6%   7.7 2341s
 373830 109278 16579.8040  205   70 17260.8334 13712.5351  20.6%   7.7 2347s
 373963 109366 16684.4589  233   63 17260.8334 13712.5351  20.6%   7.7 2353s
 374150 109424 17053.2699  254   65 17260.8334 13713.5807  20.6%   7.7 2360s
 374370 109488 infeasible  171      17260.8334 13715.0138  20.5%   7.7 2367s
 374594 109553 17084.9713  173   85 17260.8334 13716.2640  20.5%   7.7 2375s
 374806 109607 14820.1852  149   86 17260.8334 13718.4579  20.5%   7.7 2382s
 375003 109716 15305.7558  171   75 17260.8334 13723.0771  20.5%   7.7 2389s
 375243 109763 15733.8566  159   82 17260.8334 13723.3729  20.5%   7.7 2397s
 375389 109833 16244.4459  182   93 17260.8334 13723.3729  20.5%   7.7 2403s
 375536 109897 16550.9432  220   59 17260.8334 13723.3729  20.5%   7.7 2409s
 375651 109982 16640.5331  243   65 17260.8334 13723.3729  20.5%   7.7 2413s
 375774 110073 16688.4565  258   59 17260.8334 13723.3729  20.5%   7.7 2420s
 375906 110148 16967.0585  278   58 17260.8334 13723.4096  20.5%   7.7 2427s
 376077 110197 16321.2345  182   82 17260.8334 13723.8701  20.5%   7.7 2435s
 376259 110274 14146.7783  145   75 17260.8334 13724.4550  20.5%   7.7 2441s
H376370 105482                    17259.639188 13724.4550  20.5%   7.7 2441s
 376432 105573 15069.9899  152   86 17259.6392 13724.4550  20.5%   7.7 2448s
H376435 101053                    17258.445014 13724.4550  20.5%   7.7 2448s
 376562 101127 16415.0949  185   92 17258.4450 13724.4550  20.5%   7.7 2455s
H376563 96830                    17257.250840 13724.4550  20.5%   7.7 2455s
 376748 96925 16445.9199  213   80 17257.2508 13724.4550  20.5%   7.7 2463s
 376933 96977 16952.0691  258   59 17257.2508 13724.8417  20.5%   7.7 2470s
 377111 97070     cutoff  173      17257.2508 13726.5270  20.5%   7.7 2479s
 377318 97100     cutoff  200      17257.2508 13729.1093  20.4%   7.7 2488s
 377567 97145 14521.4810  175   75 17257.2508 13729.6299  20.4%   7.7 2496s
 377785 97232 15525.6999  187   81 17257.2508 13730.6228  20.4%   7.7 2506s
 378040 97301 15695.9764  192   79 17257.2508 13731.5951  20.4%   7.7 2516s
 378291 97373 16625.7160  194   76 17257.2508 13732.0124  20.4%   7.7 2524s
 378540 97468     cutoff  213      17257.2508 13732.3707  20.4%   7.7 2534s
 378844 97513 15525.7641  199   81 17257.2508 13732.6357  20.4%   7.7 2544s
 379090 97549 15649.4720  206   77 17257.2508 13733.0469  20.4%   7.7 2551s
 379298 97589 16458.9603  229   81 17257.2508 13733.0469  20.4%   7.7 2557s
 379476 97656 16646.9345  257   67 17257.2508 13733.0469  20.4%   7.7 2563s
 379638 97721 16678.5255  278   64 17257.2508 13733.0469  20.4%   7.7 2569s
 379814 97798 16702.9870  292   61 17257.2508 13733.0469  20.4%   7.7 2577s
 379971 97883 16716.4250  303   57 17257.2508 13733.0469  20.4%   7.7 2584s
 380128 97932 16959.1548  320   59 17257.2508 13733.0469  20.4%   7.7 2591s
 380250 97990 16866.1163  327   57 17257.2508 13734.2253  20.4%   7.7 2598s
 380387 98074 16805.6708  215   79 17257.2508 13734.4903  20.4%   7.7 2607s
 380554 98160 17184.5181  235   80 17257.2508 13734.6448  20.4%   7.7 2615s
 380742 98206 infeasible  233      17257.2508 13735.0202  20.4%   7.7 2622s
 380953 98273 14364.7032  206   70 17257.2508 13735.3066  20.4%   7.7 2630s
 381161 98338 16406.7608  253   80 17257.2508 13735.3066  20.4%   7.7 2639s
 381360 98384 infeasible  295      17257.2508 13736.2360  20.4%   7.7 2646s
 381568 98460 infeasible  235      17257.2508 13736.9958  20.4%   7.7 2655s
 381806 98558 14674.0699  134   91 17257.2508 13739.4225  20.4%   7.7 2664s
 382042 98620 16214.1489  172   92 17257.2508 13739.4225  20.4%   7.7 2673s
 382218 98662 16534.8115  202   71 17257.2508 13739.4225  20.4%   7.7 2677s
 382324 98736 16543.5826  222   55 17257.2508 13739.4225  20.4%   7.7 2682s
 382443 98812 16563.6169  245   58 17257.2508 13739.4225  20.4%   7.7 2687s
 382651 98914 16693.4021  267   58 17257.2508 13739.4225  20.4%   7.7 2696s
 382860 98954 16844.5771  290   59 17257.2508 13743.5100  20.4%   7.7 2704s
 383045 99032 17195.9931  184   86 17257.2508 13744.5982  20.4%   7.7 2710s
 383257 99111 16707.1275  191   79 17257.2508 13745.8276  20.3%   7.7 2718s
 383449 99205 14249.7526  134   88 17257.2508 13747.7778  20.3%   7.7 2725s
 383684 99262 17070.4713  200   81 17257.2508 13748.1627  20.3%   7.7 2734s
 383914 99312 17164.9963  205   78 17257.2508 13748.6820  20.3%   7.7 2744s
 384174 99400 infeasible  177      17257.2508 13749.0178  20.3%   7.7 2753s
 384399 99444 16346.9711  203   84 17257.2508 13749.1431  20.3%   7.7 2761s
 384526 99562 16604.9476  231   68 17257.2508 13749.1431  20.3%   7.7 2768s
 384705 99620 16963.4329  252   66 17257.2508 13749.3584  20.3%   7.7 2777s
 384877 99703 17095.0493  196   79 17257.2508 13749.7626  20.3%   7.7 2785s
 385065 99770 16316.1315  201   79 17257.2508 13750.0919  20.3%   7.7 2793s
 385307 99864 15606.3724  159   88 17257.2508 13750.9823  20.3%   7.7 2804s
 385541 99935 16431.3910  204   76 17257.2508 13751.0441  20.3%   7.7 2813s
 385699 100038 16498.3366  238   59 17257.2508 13751.0441  20.3%   7.7 2822s
 385854 100126 16532.4093  264   60 17257.2508 13751.0441  20.3%   7.7 2829s
 385996 100217 16618.1042  290   56 17257.2508 13751.0441  20.3%   7.7 2836s
 386199 100266 17091.4693  314   71 17257.2508 13751.1768  20.3%   7.7 2844s
 386427 100295 15778.6223  198   81 17257.2508 13751.6335  20.3%   7.7 2851s
 386639 100400 17245.7815  221   75 17257.2508 13752.3064  20.3%   7.7 2861s
 386900 100419 16333.8937  205   81 17257.2508 13752.5872  20.3%   7.7 2869s
 387111 100474 17164.9892  228   79 17257.2508 13752.9626  20.3%   7.7 2876s
 387362 100526 17223.3781  224   78 17257.2508 13753.4134  20.3%   7.7 2887s
 387597 100625 14857.2185  155   84 17257.2508 13753.8576  20.3%   7.7 2896s
 387801 100702 16252.5302  188   89 17257.2508 13753.8576  20.3%   7.7 2905s
 387955 100806 16581.3456  214   80 17257.2508 13753.8576  20.3%   7.7 2911s
 388112 100904 16610.1218  241   64 17257.2508 13753.8576  20.3%   7.7 2919s
 388267 100986 16660.5687  263   60 17257.2508 13753.8576  20.3%   7.7 2927s
 388460 101064 17140.5891  288   60 17257.2508 13754.0746  20.3%   7.7 2937s
 388693 101098 infeasible  227      17257.2508 13754.5087  20.3%   7.7 2946s
 388884 101156 17170.9055  248   66 17257.2508 13755.0030  20.3%   7.7 2955s
 389105 101205 infeasible  239      17257.2508 13755.4959  20.3%   7.7 2964s
 389357 101248 15854.8378  229   77 17257.2508 13756.1909  20.3%   7.7 2973s
H389455 97137                    17256.527775 13756.1909  20.3%   7.7 2973s
 389494 97249 16569.2964  260   68 17256.5278 13756.1909  20.3%   7.7 2979s
H389594 93332                    17251.708848 13756.1909  20.3%   7.7 2979s
 389655 93470 16678.7589  290   56 17251.7088 13757.3580  20.3%   7.7 2987s
H389661 89789                    17251.435879 13757.3580  20.3%   7.7 2987s
H389680 86287                    17251.414661 13757.3580  20.3%   7.7 2987s
H389730 82950                    17251.205142 13757.3580  20.3%   7.7 2987s
H389731 79795                    17250.985783 13757.3580  20.3%   7.7 2987s
H389759 76777                    17247.785397 13757.3672  20.2%   7.7 2987s
 389869 76866 15952.8564  154   85 17247.7854 13757.7632  20.2%   7.7 2995s
H389878 74001                    17241.115961 13757.7632  20.2%   7.7 2995s
 390053 74082 17237.0883  245   78 17241.1160 13758.3303  20.2%   7.7 3005s
 390237 74194 15744.8920  238   78 17241.1160 13758.4521  20.2%   7.7 3015s
 390471 74301 15578.5356  230   76 17241.1160 13758.9720  20.2%   7.7 3026s
 390734 74354 16152.8875  159   79 17241.1160 13759.6316  20.2%   7.7 3034s
 390890 74458 16554.3144  186   85 17241.1160 13759.6316  20.2%   7.7 3042s
 391064 74605 16700.8544  224   68 17241.1160 13759.6316  20.2%   7.7 3047s
 391289 74648 16861.7436  253   64 17241.1160 13759.7316  20.2%   7.7 3056s
 391528 74719 15293.7249  232   70 17241.1160 13760.4196  20.2%   7.7 3065s
 391742 74805 17039.3356  180   85 17241.1160 13761.0322  20.2%   7.7 3073s
 391980 74864 16975.7939  262   78 17241.1160 13761.7244  20.2%   7.7 3079s
 392230 74909 15247.1028  239   79 17241.1160 13762.9356  20.2%   7.7 3086s
 392492 74948 14758.2637  245   73 17241.1160 13763.8631  20.2%   7.7 3094s
 392733 75016     cutoff  181      17241.1160 13764.7368  20.2%   7.7 3103s
 392977 75070 17161.0090  175   85 17241.1160 13765.3578  20.2%   7.7 3112s
 393213 75167 15318.7437  161   85 17241.1160 13765.9731  20.2%   7.7 3119s
 393431 75216 16472.8938  204  101 17241.1160 13765.9731  20.2%   7.8 3127s
 393561 75359 16593.0438  236   72 17241.1160 13765.9731  20.2%   7.8 3136s
 393755 75415 16626.9152  270   60 17241.1160 13766.2751  20.2%   7.7 3144s
 393937 75491 15682.7466  255   78 17241.1160 13766.7182  20.2%   7.7 3155s
 394129 75551 infeasible  296      17241.1160 13766.9642  20.2%   7.7 3164s
 394300 75622 infeasible  185      17241.1160 13767.3319  20.1%   7.7 3169s
 394480 75683 16701.0968  241   78 17241.1160 13767.6534  20.1%   7.7 3176s
 394653 75747 15999.4148  166   79 17241.1160 13767.6534  20.1%   7.7 3185s
 394784 75817 16589.1372  199   75 17241.1160 13767.6534  20.1%   7.7 3193s
 394899 75913 16630.1524  225   66 17241.1160 13767.6534  20.1%   7.7 3201s
 395110 75972 infeasible  252      17241.1160 13767.8337  20.1%   7.7 3210s
 395333 76031 15117.9341  272   77 17241.1160 13768.3425  20.1%   7.7 3217s
 395577 76138 16728.2038  179   86 17241.1160 13768.8424  20.1%   7.7 3225s
 395821 76193 16337.0761  247   80 17241.1160 13768.8461  20.1%   7.8 3233s
 395967 76284 16572.6310  278   71 17241.1160 13768.8461  20.1%   7.8 3240s
 396144 76374 16721.0672  294   68 17241.1160 13768.8461  20.1%   7.8 3249s
 396358 76469 16967.8495  301   71 17241.1160 13768.8461  20.1%   7.7 3259s
 396576 76506 17128.4968  319   64 17241.1160 13769.0987  20.1%   7.8 3268s
 396811 76538 14753.7643  270   73 17241.1160 13769.4485  20.1%   7.8 3277s
 397013 76624 infeasible  272      17241.1160 13770.0795  20.1%   7.8 3286s
 397257 76688 16407.4995  261   84 17241.1160 13770.5300  20.1%   7.8 3295s
 397450 76757 15407.5892  282   78 17241.1160 13770.6396  20.1%   7.8 3303s
 397696 76872 17062.0051  260   76 17241.1160 13771.0419  20.1%   7.8 3312s
 397968 76913 16057.3653  186   82 17241.1160 13771.2148  20.1%   7.8 3319s
 398114 77017 16662.7573  214   84 17241.1160 13771.2148  20.1%   7.8 3328s
 398306 77127 16875.0686  255   59 17241.1160 13771.2148  20.1%   7.8 3336s
 398487 77203 17068.8354  287   56 17241.1160 13771.4033  20.1%   7.8 3345s
 398712 77268 15800.4978  169   87 17241.1160 13771.9726  20.1%   7.8 3354s
 398956 77321 17090.0370  267   80 17241.1160 13772.5486  20.1%   7.8 3363s
 399196 77367 16208.6494  265   83 17241.1160 13773.3056  20.1%   7.8 3373s
 399438 77393 infeasible  169      17241.1160 13773.6065  20.1%   7.8 3381s
 399676 77423 17071.6482  273   74 17241.1160 13774.2083  20.1%   7.8 3390s
 399928 77470 17157.6583  279   82 17241.1160 13775.0122  20.1%   7.8 3399s
 400170 77530 16190.7474  283   85 17241.1160 13775.2822  20.1%   7.8 3405s
 400333 77601 16711.9005  322   67 17241.1160 13775.5311  20.1%   7.8 3415s
 400510 77716     cutoff  280      17241.1160 13775.5413  20.1%   7.8 3424s
 400776 77745 16126.0337  237   86 17241.1160 13775.5522  20.1%   7.8 3433s
 400925 77830 16585.5735  265   76 17241.1160 13775.5522  20.1%   7.8 3440s
 401064 77885 16628.0531  293   64 17241.1160 13775.5522  20.1%   7.8 3448s
 401167 77951 16662.3709  299   64 17241.1160 13775.5522  20.1%   7.8 3456s
 401271 78040 16752.7755  318   52 17241.1160 13775.7147  20.1%   7.8 3463s
 401431 78123 16118.7594  273   82 17241.1160 13776.2365  20.1%   7.8 3471s
 401655 78188 17152.8576  284   79 17241.1160 13776.3357  20.1%   7.8 3480s
 401919 78261 16051.8737  276   82 17241.1160 13776.8756  20.1%   7.8 3488s
 402176 78313 15817.9127  277   80 17241.1160 13776.9158  20.1%   7.8 3496s
 402336 78391 16444.1253  304   73 17241.1160 13776.9158  20.1%   7.8 3503s
 402479 78460 16637.2904  319   66 17241.1160 13776.9158  20.1%   7.8 3513s
 402607 78557 16677.3316  330   68 17241.1160 13776.9158  20.1%   7.8 3520s
 402747 78669 16694.8713  349   65 17241.1160 13776.9158  20.1%   7.8 3529s
 402962 78722 16839.5106  374   59 17241.1160 13777.1456  20.1%   7.8 3537s
 403204 78769 17238.6224  248   81 17241.1160 13777.6734  20.1%   7.8 3546s
 403441 78790 17007.2903  295   79 17241.1160 13778.2073  20.1%   7.8 3555s
 403680 78823 17236.6146  308   74 17241.1160 13778.4690  20.1%   7.8 3564s
 403924 78866 17148.9085  307   81 17241.1160 13779.1808  20.1%   7.8 3573s
 404164 78940 16132.3423  176   88 17241.1160 13780.4544  20.1%   7.8 3583s
 404406 78999     cutoff  190      17241.1160 13781.4255  20.1%   7.8 3593s
 404665 79039 15966.4196  154   92 17241.1160 13781.7840  20.1%   7.8 3600s

Cutting planes:
  Gomory: 1
  MIR: 2
  RLT: 19

Explored 404930 nodes (3147697 simplex iterations) in 3600.03 seconds (2321.16 work units)
Thread count was 2 (of 24 available processors)

Solution count 10: 17241.1 17247.8 17251 ... 17258.4

Time limit reached
Best objective 1.724111596116e+04, best bound 1.378180094799e+04, gap 20.0643%
