
Gurobi 11.0.3 (linux64, Java) logging started qua 27 nov 2024 20:51:55 -03

Set parameter Username
Academic license - for non-commercial use only - expires 2025-10-10
Set parameter NonConvex to value 2
Set parameter TimeLimit to value 3600
Set parameter LogToConsole to value 0
Set parameter MIPGap to value 1.0622098813775087e-07
Set parameter Threads to value 2
Set parameter NodefileDir to value "/home/ps12398/experiment_hosp/goalProgrammingMarcos/"
Set parameter NodefileStart to value 1
Gurobi Optimizer version 11.0.3 build v11.0.3rc0 (linux64)

CPU model: Intel(R) Xeon(R) CPU           X5650  @ 2.67GHz, instruction set [SSE2]
Thread count: 12 physical cores, 24 logical processors, using up to 2 threads

Optimize a model with 15775 rows, 11484 columns and 142661 nonzeros
Model fingerprint: 0xc49a68c7
Model has 80 quadratic constraints
Variable types: 5706 continuous, 5778 integer (75 binary)
Coefficient statistics:
  Matrix range     [1e-02, 3e+06]
  QMatrix range    [1e-02, 5e+04]
  QLMatrix range   [1e+00, 5e+04]
  Objective range  [1e+00, 2e+07]
  Bounds range     [1e+00, 1e+08]
  RHS range        [1e+00, 6e+05]
  QRHS range       [1e-01, 1e-01]
Presolve removed 15055 rows and 10772 columns
Presolve time: 0.33s
Presolved: 1142 rows, 843 columns, 12276 nonzeros
Presolved model has 75 bilinear constraint(s)

Solving non-convex MIQCP

Variable types: 212 continuous, 631 integer (28 binary)
Found heuristic solution: objective 8364964.1860

Root relaxation: objective 0.000000e+00, 374 iterations, 0.03 seconds (0.01 work units)

    Nodes    |    Current Node    |     Objective Bounds      |     Work
 Expl Unexpl |  Obj  Depth IntInf | Incumbent    BestBd   Gap | It/Node Time

     0     0    0.00000    0  128 8364964.19    0.00000   100%     -    0s
H    0     0                    3930055.0654    0.00000   100%     -    0s
H    0     0                    1256467.4618    0.00000   100%     -    0s
H    0     0                    1250196.1257    0.00000   100%     -    0s
     0     0    0.00000    0   96 1250196.13    0.00000   100%     -    0s
H    0     0                    1090533.1681    0.00000   100%     -    0s
H    0     0                    1086554.9008    0.00000   100%     -    0s
     0     0    0.00000    0   95 1086554.90    0.00000   100%     -    0s
H    0     0                    1056168.5606    0.00000   100%     -    0s
     0     0    0.00000    0   88 1056168.56    0.00000   100%     -    0s
H    0     0                    1003703.3107    0.00000   100%     -    0s
     0     0    0.00000    0   88 1003703.31    0.00000   100%     -    0s
     0     0    0.00000    0   88 1003703.31    0.00000   100%     -    0s
H    0     0                    976822.99032    0.00000   100%     -    0s
     0     0    0.00000    0   83 976822.990    0.00000   100%     -    1s
     0     0    0.00000    0   83 976822.990    0.00000   100%     -    1s
     0     0    0.00000    0   83 976822.990    0.00000   100%     -    1s
     0     0    0.00000    0   83 976822.990    0.00000   100%     -    1s
     0     2    0.00000    0   83 976822.990    0.00000   100%     -    1s
H   30    32                    975206.97093    0.00000   100%   2.9    2s
H   97   116                    639878.14250    0.00000   100%   3.4    2s
   763   872    0.00000  271   77 639878.143    0.00000   100%  13.8    5s
H  861   872                    639286.38760    0.00000   100%  14.1    5s
H 1168  1240                    125145.63055    0.00000   100%  12.3    5s
H 1309  1432                    99648.257153    0.00000   100%  11.4    6s
H 1750  1815                    57515.776269    0.00000   100%   9.6    7s
H 1753  1815                    56474.046166    0.00000   100%   9.6    7s
H 2152  2351                    56467.098095    0.00000   100%   8.9    8s
H 2235  2351                    31948.422315    0.00000   100%   8.6    8s
H 2526  2540                    29713.780104    0.00000   100%   7.8    8s
H 2914  2713                    16784.891494    0.00000   100%   7.8    9s
  3122  2843     cutoff 1352      16784.8915    0.00000   100%   7.7   10s
H 3125  1719                    2042.4630572    0.00000   100%   7.7   10s
  3478  1798    0.00000  310   18 2042.46306    0.00000   100%   8.5   15s
H 3505  1729                    1985.7279723    0.00000   100%   9.0   19s
H 3526  1660                       0.0000000    0.00000  0.00%   9.0   19s

Cutting planes:
  Gomory: 7
  MIR: 27
  StrongCG: 10
  RLT: 65

Explored 3532 nodes (32669 simplex iterations) in 19.17 seconds (8.74 work units)
Thread count was 2 (of 24 available processors)

Solution count 10: 0 1985.73 2042.46 ... 57515.8

Optimal solution found (tolerance 1.06e-07)
Best objective 0.000000000000e+00, best bound 0.000000000000e+00, gap 0.0000%
