
Gurobi 11.0.3 (linux64, Java) logging started ter 03 dez 2024 11:46:20 -03

Set parameter Username
Academic license - for non-commercial use only - expires 2025-10-10
Set parameter NonConvex to value 2
Set parameter TimeLimit to value 3600
Set parameter LogToConsole to value 0
Set parameter MIPGap to value 8.6626826275457542e-07
Set parameter Threads to value 2
Set parameter NodefileDir to value "/home/ps12398/experiment_hosp/goalProgrammingMarcos/"
Set parameter NodefileStart to value 1
Gurobi Optimizer version 11.0.3 build v11.0.3rc0 (linux64)

CPU model: Intel(R) Xeon(R) CPU           X5650  @ 2.67GHz, instruction set [SSE2]
Thread count: 12 physical cores, 24 logical processors, using up to 2 threads

Optimize a model with 1485 rows, 1043 columns and 4028 nonzeros
Model fingerprint: 0x873d2d4c
Model has 27 quadratic constraints
Variable types: 512 continuous, 531 integer (22 binary)
Coefficient statistics:
  Matrix range     [5e-02, 6e+05]
  QMatrix range    [5e-02, 2e+04]
  QLMatrix range   [1e+00, 2e+04]
  Objective range  [1e+00, 2e+06]
  Bounds range     [1e+00, 1e+08]
  RHS range        [1e+00, 2e+05]
Presolve removed 1379 rows and 926 columns
Presolve time: 0.01s
Presolved: 299 rows, 175 columns, 1451 nonzeros
Presolved model has 22 bilinear constraint(s)

Solving non-convex MIQCP

Variable types: 84 continuous, 91 integer (18 binary)
Found heuristic solution: objective 925852.95735

Root relaxation: objective 0.000000e+00, 104 iterations, 0.00 seconds (0.00 work units)

    Nodes    |    Current Node    |     Objective Bounds      |     Work
 Expl Unexpl |  Obj  Depth IntInf | Incumbent    BestBd   Gap | It/Node Time

     0     0    0.00000    0   55 925852.957    0.00000   100%     -    0s
H    0     0                    894607.47258    0.00000   100%     -    0s
H    0     0                    894582.33315    0.00000   100%     -    0s
H    0     0                    847873.25881    0.00000   100%     -    0s
     0     0 49522.6211    0   89 847873.259 49522.6211  94.2%     -    0s
     0     0 49522.6211    0   89 847873.259 49522.6211  94.2%     -    0s
H    0     0                    545331.85906 61434.0322  88.7%     -    0s
     0     0 61434.0322    0  105 545331.859 61434.0322  88.7%     -    0s
     0     0 61434.0322    0   58 545331.859 61434.0322  88.7%     -    0s
H    0     0                    537822.26598 61434.0322  88.6%     -    0s
H    0     0                    469100.53886 61434.0322  86.9%     -    0s
     0     0 71808.9571    0   73 469100.539 71808.9571  84.7%     -    0s
H    0     0                    377818.29170 82636.2459  78.1%     -    0s
     0     0 82636.2459    0   78 377818.292 82636.2459  78.1%     -    0s
     0     0 85772.2167    0   72 377818.292 85772.2167  77.3%     -    0s
     0     0 98827.2748    0   76 377818.292 98827.2748  73.8%     -    0s
     0     0 107028.133    0   72 377818.292 107028.133  71.7%     -    0s
     0     0 117870.425    0   72 377818.292 117870.425  68.8%     -    0s
     0     0 118692.163    0   71 377818.292 118692.163  68.6%     -    0s
     0     0 122680.946    0   73 377818.292 122680.946  67.5%     -    0s
     0     0 122680.946    0   75 377818.292 122680.946  67.5%     -    0s
     0     0 122680.946    0   75 377818.292 122680.946  67.5%     -    0s
     0     0 122680.946    0   73 377818.292 122680.946  67.5%     -    0s
     0     0 123706.842    0   75 377818.292 123706.842  67.3%     -    0s
     0     0 123706.842    0   75 377818.292 123706.842  67.3%     -    0s
     0     0 123706.842    0   75 377818.292 123706.842  67.3%     -    0s
H    0     0                    359474.11403 123706.842  65.6%     -    0s
H    0     0                    349942.00062 123706.842  64.6%     -    0s
     0     2 123706.842    0   75 349942.001 123706.842  64.6%     -    0s
*  258   226              59    338464.10144 156773.021  53.7%   9.2    0s
H  262   187                    329392.93475 156773.021  52.4%   9.5    0s
H  961   357                    311787.74439 196200.855  37.1%  10.1    1s
* 2179   258              35    311630.95550 291418.008  6.49%  11.8    2s
* 2183   258              36    311622.88258 291418.008  6.48%  11.8    2s
* 2184   258              35    311615.00213 291418.008  6.48%  11.7    2s
* 2447   194              38    311562.30217 296769.245  4.75%  11.8    2s
* 2451   194              40    311562.10162 296769.245  4.75%  11.7    2s
* 2453   194              40    311560.89652 296769.245  4.75%  11.7    2s
* 2454   194              40    311560.74605 296769.245  4.75%  11.7    2s
* 2562   225              33    310993.23211 298038.174  4.17%  11.6    2s
* 2563   225              33    310988.45589 298038.174  4.16%  11.6    2s
* 2858   177              54    310929.63548 300762.297  3.27%  10.9    2s
* 2859   176              54    310904.16049 300762.297  3.26%  10.9    2s
* 2862   176              55    310892.09993 300762.297  3.26%  10.9    2s
* 2863   176              55    310888.51746 300762.297  3.26%  10.8    2s
* 2864   176              54    310882.62968 300762.297  3.26%  10.8    2s
* 3032   149              27    310870.69471 305287.454  1.80%  10.8    2s
* 3037   149              31    310868.93410 305287.454  1.80%  10.8    2s
* 3038   149              31    310868.67802 305287.454  1.80%  10.8    2s
* 3093   149              52    310794.10587 305287.454  1.77%  10.6    2s
* 3195   149              40    310760.24022 306708.449  1.30%  10.4    2s
* 3197   149              39    310758.05804 306708.449  1.30%  10.4    2s
* 3222   117              35    310709.60833 306923.925  1.22%  10.4    2s
* 3223   117              34    310708.17510 306923.925  1.22%  10.4    2s
* 3658    98              34    310706.69288 309300.818  0.45%   9.5    3s
* 3659    98              34    310706.61064 309300.818  0.45%   9.5    3s
* 3661    98              32    310706.54667 309300.818  0.45%   9.5    3s
* 3709   130              39    310676.53172 309316.074  0.44%   9.4    3s
* 3981   165              41    310673.52128 309886.738  0.25%   9.0    3s
* 3982   165              41    310659.07932 309886.738  0.25%   9.0    3s
* 3988   165              45    310657.45913 309886.738  0.25%   9.0    3s
* 3990   165              46    310657.25529 309886.738  0.25%   9.0    3s
* 3991   165              46    310657.23671 309886.738  0.25%   9.0    3s
* 4124   165              40    310656.80522 309886.738  0.25%   8.8    3s
* 4275   179              41    310656.40593 309945.272  0.23%   8.6    3s
* 4735   167              39    310655.36517 309982.585  0.22%   8.0    3s

Cutting planes:
  Implied bound: 4
  MIR: 53
  StrongCG: 1
  Flow cover: 27
  RLT: 14
  Relax-and-lift: 3

Explored 6280 nodes (42987 simplex iterations) in 4.29 seconds (1.60 work units)
Thread count was 2 (of 24 available processors)

Solution count 10: 310655 310656 310657 ... 310707

Optimal solution found (tolerance 8.66e-07)
Best objective 3.106553651722e+05, best bound 3.106553651722e+05, gap 0.0000%
