
Gurobi 11.0.3 (linux64, Java) logging started ter 03 dez 2024 12:00:33 -03

Set parameter Username
Academic license - for non-commercial use only - expires 2025-10-10
Set parameter NonConvex to value 2
Set parameter TimeLimit to value 3600
Set parameter LogToConsole to value 0
Set parameter MIPGap to value 8.6626826275457542e-07
Set parameter Threads to value 2
Set parameter NodefileDir to value "/home/ps12398/experiment_hosp/goalProgrammingMarcos/"
Set parameter NodefileStart to value 1
Gurobi Optimizer version 11.0.3 build v11.0.3rc0 (linux64)

CPU model: Intel(R) Xeon(R) CPU           X5650  @ 2.67GHz, instruction set [SSE2]
Thread count: 12 physical cores, 24 logical processors, using up to 2 threads

Optimize a model with 1485 rows, 1043 columns and 4028 nonzeros
Model fingerprint: 0x19d7895a
Model has 27 quadratic constraints
Variable types: 512 continuous, 531 integer (22 binary)
Coefficient statistics:
  Matrix range     [5e-02, 6e+05]
  QMatrix range    [5e-02, 2e+04]
  QLMatrix range   [1e+00, 2e+04]
  Objective range  [1e+00, 2e+06]
  Bounds range     [1e+00, 1e+08]
  RHS range        [1e+00, 6e+05]
  QRHS range       [1e-01, 1e-01]
Presolve removed 1378 rows and 924 columns
Presolve time: 0.01s
Presolved: 300 rows, 177 columns, 1454 nonzeros
Presolved model has 22 bilinear constraint(s)

Solving non-convex MIQCP

Variable types: 86 continuous, 91 integer (18 binary)
Found heuristic solution: objective 713356.67024

Root relaxation: objective 0.000000e+00, 23 iterations, 0.00 seconds (0.00 work units)

    Nodes    |    Current Node    |     Objective Bounds      |     Work
 Expl Unexpl |  Obj  Depth IntInf | Incumbent    BestBd   Gap | It/Node Time

     0     0    0.00000    0   31 713356.670    0.00000   100%     -    0s
H    0     0                    117350.89289    0.00000   100%     -    0s
     0     0    0.00000    0   28 117350.893    0.00000   100%     -    0s
H    0     0                    111211.82992    0.00000   100%     -    0s
H    0     0                    18613.490935    0.00000   100%     -    0s
     0     0    0.00000    0   30 18613.4909    0.00000   100%     -    0s
     0     0    0.00000    0   26 18613.4909    0.00000   100%     -    0s
     0     0    0.00000    0   32 18613.4909    0.00000   100%     -    0s
     0     0    0.00000    0   30 18613.4909    0.00000   100%     -    0s
H    0     0                    18560.648107    0.00000   100%     -    0s
H    0     0                    13797.611807    0.00000   100%     -    0s
     0     2    0.00000    0   30 13797.6118    0.00000   100%     -    0s
H   15    31                    13534.862016    0.00000   100%   5.4    0s
H   83    89                    11232.630168    0.00000   100%  10.0    0s
H  136   225                    7236.6709108    0.00000   100%  10.4    0s
*  169   225              67    7236.5761042    0.00000   100%   8.6    0s
H  242   225                     616.5731690    0.00000   100%   7.9    0s
*  250   225              31     603.3464930    0.00000   100%   7.7    0s
H  286   225                      -0.0000000   -0.00000  0.00%   6.9    0s

Cutting planes:
  Learned: 1
  Gomory: 2
  Implied bound: 7
  MIR: 7
  RLT: 21
  Relax-and-lift: 2
  PSD: 3

Explored 302 nodes (2215 simplex iterations) in 0.39 seconds (0.13 work units)
Thread count was 2 (of 24 available processors)

Solution count 10: -1.4539e-09 603.346 616.573 ... 111212

Optimal solution found (tolerance 8.66e-07)
Best objective -1.453897250957e-09, best bound -1.453897250957e-09, gap 0.0000%
