
Gurobi 11.0.3 (linux64, Java) logging started seg 16 dez 2024 13:00:10 -03

Set parameter Username
Academic license - for non-commercial use only - expires 2025-10-10
Set parameter NonConvex to value 2
Set parameter TimeLimit to value 3600
Set parameter LogToConsole to value 0
Set parameter MIPGap to value 5.0092666967390145e-08
Set parameter Threads to value 2
Set parameter NodefileDir to value "/home/ps12398/experiment_epec/goalProgrammingMarcos/"
Set parameter NodefileStart to value 1
Gurobi Optimizer version 11.0.3 build v11.0.3rc0 (linux64)

CPU model: Intel(R) Xeon(R) CPU           X5650  @ 2.67GHz, instruction set [SSE2]
Thread count: 12 physical cores, 24 logical processors, using up to 2 threads

Optimize a model with 140956 rows, 94838 columns and 549744 nonzeros
Model fingerprint: 0x33909288
Model has 222 quadratic constraints
Variable types: 47312 continuous, 47526 integer (217 binary)
Coefficient statistics:
  Matrix range     [5e-03, 5e+06]
  QMatrix range    [5e-03, 8e+04]
  QLMatrix range   [1e+00, 8e+04]
  Objective range  [1e+00, 4e+07]
  Bounds range     [1e+00, 1e+08]
  RHS range        [1e+00, 3e+06]
  QRHS range       [5e-02, 5e-02]
Presolve removed 140469 rows and 93766 columns
Presolve time: 0.38s
Presolved: 1248 rows, 1315 columns, 45434 nonzeros
Presolved model has 2 SOS constraint(s)
Presolved model has 217 bilinear constraint(s)

Solving non-convex MIQCP

Variable types: 682 continuous, 633 integer (219 binary)
Found heuristic solution: objective 7556500.3257

Root relaxation: objective 3.566696e+06, 467 iterations, 0.09 seconds (0.05 work units)

    Nodes    |    Current Node    |     Objective Bounds      |     Work
 Expl Unexpl |  Obj  Depth IntInf | Incumbent    BestBd   Gap | It/Node Time

     0     0 3566696.28    0  310 7556500.33 3566696.28  52.8%     -    0s
     0     0 4412864.78    0  310 7556500.33 4412864.78  41.6%     -    1s
     0     0 4458850.14    0  310 7556500.33 4458850.14  41.0%     -    1s
     0     0 4464124.47    0  310 7556500.33 4464124.47  40.9%     -    1s
     0     0 4465177.46    0  310 7556500.33 4465177.46  40.9%     -    1s
     0     0 4465195.18    0  310 7556500.33 4465195.18  40.9%     -    3s
H    0     0                    5788384.2862 4465197.86  22.9%     -    3s
     0     2 4465197.86    0  310 5788384.29 4465197.86  22.9%     -    3s
   101   293 4465204.66   45  305 5788384.29 4465204.66  22.9%   1.0    5s
H 1362  1450                    5784988.7678 4465204.66  22.8%   1.0    9s
  1449  1633 4465226.42  742  303 5784988.77 4465204.66  22.8%   1.0   10s
  2393  2591 4465267.10 1231  299 5784988.77 4465204.66  22.8%   1.0   15s
H 2942  3069                    5784897.5860 4465204.66  22.8%   1.0   16s
  3739  3740 4465309.33 1402   47 5784897.59 4465204.66  22.8%   1.0   20s
H 3741  3553                    5717489.1729 4591869.39  19.7%   1.0   21s
H 3742  3377                    5627188.0681 4605064.27  18.2%   1.0   22s
  3749  3383 4605064.27  162   92 5627188.07 4605064.27  18.2%   1.2   25s
H 3750  3214                    5616382.3710 4608951.21  17.9%   1.2   25s
  3759  3221 4608951.21 1110   92 5616382.37 4608951.21  17.9%   1.4   30s
  4585  3900 4703710.04  263  278 5616382.37 4609035.59  17.9%   2.4   35s
  5538  4518 4956002.89  467  264 5616382.37 4609035.59  17.9%   4.5   40s
H 5769  4407                    5605097.6023 4609035.59  17.8%   4.8   41s
  6369  4930 5256258.85  721  243 5605097.60 4609035.59  17.8%   5.5   45s
  7474  5693 5382161.17  989  248 5605097.60 4609035.59  17.8%   6.7   50s
  8772  6640 4609176.29   49  301 5605097.60 4609081.61  17.8%   8.0   55s
H 8952  6427                    5605097.1487 4609081.61  17.8%   7.9   55s
H 9752  6826                    5605008.1697 4609081.61  17.8%   8.5   58s
 10032  7023 4823696.19  401  276 5605008.17 4609081.61  17.8%   9.5   60s
 11287  7824 5010340.98  582  269 5605008.17 4609081.61  17.8%  10.5   65s
 12388  8718 5192727.72  866  257 5605008.17 4609081.61  17.8%  11.6   70s
H13296  9539                    5605006.6399 4609081.61  17.8%  12.7   74s
 13386  9771 5242212.56 1119  249 5605006.64 4609081.61  17.8%  12.8   75s
 14282 10623 5308076.40 1365  253 5605006.64 4609081.61  17.8%  13.6   80s
H14556 10817                    5605002.6745 4609081.61  17.8%  13.9   81s
 14912 11293 5400851.23 1511  244 5605002.67 4609081.61  17.8%  14.2   86s
H15321 11525                    5600104.5095 4609081.61  17.7%  14.4   87s
 15594 11976 5526881.36 1761  233 5600104.51 4609081.61  17.7%  14.7   91s
 16724 13108 4729959.78  236  281 5600104.51 4609096.90  17.7%  15.0   96s
 17637 13818 4974183.69  391  265 5600104.51 4609096.90  17.7%  15.3  100s
H18491 14752                    5599994.8467 4609096.90  17.7%  15.7  105s
H18719 14867                    5597720.1521 4609096.90  17.7%  15.8  106s
 19321 15685 5337280.36  806  244 5597720.15 4609096.90  17.7%  16.1  111s
H19884 16270                    5597653.0481 4609096.90  17.7%  16.3  113s
 20219 16272 5421850.89 1041  246 5597653.05 4609096.90  17.7%  16.3  118s
 20504 16788 5418921.44 1104  234 5597653.05 4609096.90  17.7%  16.4  120s
H20737 16996                    5597507.6147 4609096.90  17.7%  16.5  122s
H20945 17412                    5597507.5802 4609096.90  17.7%  16.8  124s
 21361 17958 5480378.06 1282  228 5597507.58 4609096.90  17.7%  16.9  126s
H21617 17958                    5596902.1412 4609096.90  17.6%  16.8  126s
 22824 19034 4837851.13  257  272 5596902.14 4609130.21  17.6%  16.6  130s
H23019 19034                    5596469.6622 4609130.21  17.6%  16.5  130s
 24033 20325 5176097.90  595  247 5596469.66 4609130.21  17.6%  16.5  135s
 25408 21655 5434740.31 1027  223 5596469.66 4609130.21  17.6%  16.8  140s
 26958 23030 4853946.87  286  277 5596469.66 4609134.50  17.6%  16.7  145s
 28104 24047 5077142.42  426  264 5596469.66 4609134.50  17.6%  16.9  150s
 29260 24881 5227463.83  542  262 5596469.66 4609134.50  17.6%  16.9  158s
 29263 25096 5225588.92  539  249 5596469.66 4609134.50  17.6%  16.9  160s
 30303 26206 5406887.07  682  241 5596469.66 4609134.50  17.6%  17.0  165s
 31591 27581 5544851.54  795  224 5596469.66 4609134.50  17.6%  17.6  170s
 32840 28779 4822281.74  285  272 5596469.66 4609143.78  17.6%  18.0  175s
 34674 30702 5107585.68  490  257 5596469.66 4609143.78  17.6%  18.5  180s
 36244 31725 5371309.16  700  238 5596469.66 4609143.78  17.6%  18.8  185s
 37247 33159 5509754.79  802  221 5596469.66 4609143.78  17.6%  18.9  190s
 38900 34624 4827713.17  239  271 5596469.66 4609145.65  17.6%  19.0  195s
 40476 35837 5066019.64  350  278 5596469.66 4609145.65  17.6%  19.4  204s
 40478 35899 5066325.03  352  262 5596469.66 4609145.65  17.6%  19.4  205s
 41119 36644 5145735.85  387  262 5596469.66 4609145.65  17.6%  19.7  210s
 42354 37957 5297692.36  443  262 5596469.66 4609145.65  17.6%  19.7  215s
 44051 39907 5492876.45  583  219 5596469.66 4609145.65  17.6%  19.8  221s
 45725 41083 5585988.53  700  209 5596469.66 4609145.65  17.6%  19.8  225s
 47159 42390 4975897.32  375  260 5596469.66 4609148.08  17.6%  19.8  230s
H47699 42726                    5596436.8471 4609148.08  17.6%  19.6  231s
H48195 43489                    5596393.5104 4609148.08  17.6%  19.6  233s
H48437 43483                    5595476.6603 4609148.08  17.6%  19.6  233s
H48838 43924                    5594754.3693 4609148.08  17.6%  19.6  234s
 49043 44382 5359333.25  715  236 5594754.37 4609148.08  17.6%  19.5  235s
H50045 45336                    5594690.5690 4609148.08  17.6%  19.5  238s
 50991 46331 5527436.47  840  225 5594690.57 4609148.08  17.6%  19.5  240s
 52573 47673 5347673.10  260  259 5594690.57 4609148.08  17.6%  19.4  245s
 53877 48772 5324163.28  459  249 5594690.57 4609151.52  17.6%  19.1  250s
H53932 48762                    5593849.0669 4609151.52  17.6%  19.0  250s
H54804 49472                    5593298.9807 4609154.86  17.6%  18.8  253s
 55216 50032 5293752.58  399  257 5593298.98 4609154.86  17.6%  18.6  255s
 56684 51086 4787014.17  311  275 5593298.98 4609156.18  17.6%  18.2  264s
 56718 51160 4803481.22  317  276 5593298.98 4609156.18  17.6%  18.2  265s
 57662 52222 5067797.06  526  255 5593298.98 4609156.18  17.6%  18.2  270s
H57775 52218                    5592791.4033 4609156.18  17.6%  18.2  270s
 59309 54012 5430506.94  820  232 5592791.40 4609156.18  17.6%  18.0  275s
 61101 55460 5300562.53  223  261 5592791.40 4609156.18  17.6%  18.1  280s
H61391 55618                    5592546.4508 4609156.18  17.6%  18.0  280s
 62766 56913 5464436.40  499  241 5592546.45 4609162.27  17.6%  17.6  285s
 64332 58254 5265992.66  340  250 5592546.45 4609162.50  17.6%  17.3  290s
 65921 59648 4972003.62  387  270 5592546.45 4609162.84  17.6%  17.0  295s
H67710 60738                    5581774.3781 4609162.84  17.4%  16.9  299s
 67857 61060 5315871.79  649  244 5581774.38 4609162.84  17.4%  16.9  300s
H68971 62067                    5581258.2035 4609162.84  17.4%  16.8  304s
 69245 62484 5466482.88  771  224 5581258.20 4609162.84  17.4%  16.8  305s
 71190 64118 4865952.86  185  268 5581258.20 4609170.26  17.4%  16.6  310s
 72587 65418 5567788.00  371  221 5581258.20 4609170.26  17.4%  16.4  315s
 74070 66925 5220471.93  191  270 5581258.20 4609173.34  17.4%  16.1  320s
 75539 68156     cutoff  333      5581258.20 4609175.75  17.4%  15.9  325s
 76624 69062 5063302.26  296  294 5581258.20 4609175.75  17.4%  15.7  330s
 78119 70726 5326343.26  679  216 5581258.20 4609175.75  17.4%  15.4  335s
 79973 72110 5188603.12  196  280 5581258.20 4609186.25  17.4%  15.1  340s
 80374 72471 5354377.15  370  259 5581258.20 4609186.25  17.4%  15.1  345s
 81729 73511 5559131.30  250  243 5581258.20 4609189.66  17.4%  14.8  351s
H81730 73507                    5581215.9434 4609189.66  17.4%  14.8  351s
H81734 73502                    5581161.7063 4609189.66  17.4%  14.8  351s
H81738 73494                    5580926.5958 4609189.66  17.4%  14.8  351s
H81751 73490                    5580883.4022 4609189.66  17.4%  14.8  351s
 82735 74762 4679337.82  157  288 5580883.40 4609190.56  17.4%  14.7  355s
H83130 74914                    5580875.4726 4609190.56  17.4%  14.7  356s
H84305 76054                    5580870.6836 4609190.56  17.4%  14.7  360s
 85461 77234 5336519.04  605  240 5580870.68 4609190.56  17.4%  14.6  365s
 87468 79020 5559233.35  786  228 5580870.68 4609190.56  17.4%  14.5  370s
 88834 80193 5134558.02  130  264 5580870.68 4609194.31  17.4%  14.3  375s
 90249 81447 5467127.29  240  240 5580870.68 4609194.31  17.4%  14.2  380s
H90690 81639                    5580858.9882 4609194.31  17.4%  14.1  381s
H91826 82943                    5580807.6303 4609197.98  17.4%  14.0  385s
 93425 84527 5540280.47  184  248 5580807.63 4609198.08  17.4%  13.8  390s
 94683 85559 4635210.89  101  300 5580807.63 4609200.80  17.4%  13.8  395s
 95846 86386 5014610.75  410  266 5580807.63 4609200.80  17.4%  13.6  402s
 96767 87716 5261880.29  613  255 5580807.63 4609200.80  17.4%  13.5  405s
 98584 89364 4765343.25  162  274 5580807.63 4609204.01  17.4%  13.4  410s
H99682 89711                    5577181.8879 4609204.01  17.4%  13.3  413s
 100271 90447 4805170.85  210  293 5577181.89 4609213.11  17.4%  13.2  415s
H100797 90688                    5576370.2651 4609213.11  17.3%  13.2  416s
 101724 91633 4813837.68  200  269 5576370.27 4609217.93  17.3%  13.1  420s
 103218 92994 5212618.44  427  245 5576370.27 4609217.93  17.3%  13.1  425s
 104519 94358 5444655.96  630  216 5576370.27 4609217.93  17.3%  13.1  430s
 106292 95800 4831543.41  234  292 5576370.27 4609227.26  17.3%  13.1  435s
H106397 95776                    5576182.9996 4609227.26  17.3%  13.1  435s
 106497 95811 5040036.84  338  270 5576183.00 4609227.26  17.3%  13.1  440s
H106532 96003                    5576173.6998 4609227.26  17.3%  13.1  440s
 107667 97003     cutoff  169      5576173.70 4609231.55  17.3%  13.0  445s
 108803 98172 4966759.67  143  267 5576173.70 4609232.73  17.3%  13.1  450s
 110460 99749 4840589.81  196  282 5576173.70 4609232.73  17.3%  12.9  455s
 111903 100919 4672427.52   77  288 5576173.70 4609246.74  17.3%  13.0  460s
 113571 102546 4977067.97  473  262 5576173.70 4609246.74  17.3%  13.0  465s
 115505 104552 5308959.00  686  250 5576173.70 4609246.74  17.3%  12.9  470s
 117194 106027 5396900.09  701  240 5576173.70 4609246.74  17.3%  12.8  475s
 118647 107474 5535151.30  865  215 5576173.70 4609246.74  17.3%  13.0  480s
 119999 108401 5563100.93  127  256 5576173.70 4609257.13  17.3%  12.9  485s
H120767 108650                    5574870.1102 4609300.16  17.3%  12.8  488s
 121083 109054 4633113.46   95  299 5574870.11 4609317.40  17.3%  12.8  494s
 121359 109279 4764427.18  169  267 5574870.11 4609317.40  17.3%  12.8  495s
H121471 109210                    5574174.9354 4609317.40  17.3%  12.8  495s
 122723 110421 5099521.62  410  238 5574174.94 4609317.40  17.3%  12.7  500s
H123291 110898                    5574152.6274 4609317.40  17.3%  12.7  501s
H124642 112040                    5574152.5893 4609317.40  17.3%  12.6  504s
 124740 112239 infeasible  589      5574152.59 4609317.40  17.3%  12.5  505s
H125784 112906                    5573245.9454 4609365.07  17.3%  12.5  508s
H125835 112891                    5573184.4523 4609365.07  17.3%  12.5  508s
 126190 113283 4889376.32  246  263 5573184.45 4609365.07  17.3%  12.5  510s
 128075 115323 5299493.12  484  236 5573184.45 4609365.07  17.3%  12.5  516s
 129687 116762 5511362.91  683  210 5573184.45 4609365.07  17.3%  12.6  520s
 130298 117152 5560477.90  734  204 5573184.45 4609370.08  17.3%  12.6  525s
 131487 118305 5314868.74  310  231 5573184.45 4609373.44  17.3%  12.6  530s
H132101 118637                    5573055.8140 4609383.24  17.3%  12.5  531s
 132896 119475 4897168.04  178  276 5573055.81 4609383.24  17.3%  12.5  535s
 134624 121137 4701701.85   56  300 5573055.81 4609400.02  17.3%  12.5  540s
 136444 122761 4722558.95   79  293 5573055.81 4609413.76  17.3%  12.5  545s
 137869 123903 4994225.19  332  262 5573055.81 4609413.76  17.3%  12.6  550s
 139625 125719 5346326.79  472  237 5573055.81 4609413.76  17.3%  12.5  555s
 141459 127308 4805214.52   71  305 5573055.81 4609478.01  17.3%  12.5  560s
 143010 128627 4632857.47   73  294 5573055.81 4609484.86  17.3%  12.4  569s
 143199 128760 4678727.66  106  296 5573055.81 4609484.86  17.3%  12.4  570s
H144416 129674                    5573031.8587 4609484.86  17.3%  12.4  574s
 144501 129875 5021655.12  316  275 5573031.86 4609484.86  17.3%  12.4  575s
H145510 130719                    5573024.0485 4609484.86  17.3%  12.3  577s
 146169 131366 5266862.31  489  267 5573024.05 4609484.86  17.3%  12.3  580s
H147460 132451                    5572956.6640 4609484.86  17.3%  12.3  584s
 147516 132584 5384103.80  600  249 5572956.66 4609484.86  17.3%  12.3  585s
H147666 132693                    5572884.8952 4609484.86  17.3%  12.3  585s
 148278 133159 5495209.64  646  220 5572884.90 4609484.86  17.3%  12.3  591s
 148857 134001 5531400.34  756  196 5572884.90 4609484.86  17.3%  12.3  596s
 150208 135356 5052807.85  256  268 5572884.90 4609573.92  17.3%  12.3  600s
 152042 136978 5138599.66  413  283 5572884.90 4609586.08  17.3%  12.2  605s
 153804 138439 4817159.18  161  293 5572884.90 4609620.44  17.3%  12.1  610s
H154114 138267                    5571056.8213 4609620.44  17.3%  12.1  610s
 154790 138893 4833687.92  191  280 5571056.82 4609627.28  17.3%  12.1  615s
 156287 140300 5111241.19  413  255 5571056.82 4609627.28  17.3%  12.1  620s
 157824 141714 5455563.95  541  223 5571056.82 4609627.28  17.3%  12.0  625s
H159100 142645                    5569893.6526 4609726.10  17.2%  11.9  629s
 159325 142802 4800779.04  164  284 5569893.65 4609726.10  17.2%  11.9  630s
 160032 143269 4944849.78  254  269 5569893.65 4609726.10  17.2%  11.9  635s
H160147 143110                    5568317.8288 4609726.10  17.2%  11.9  636s
H160487 143395                    5568311.5220 4609726.10  17.2%  11.9  637s
 160911 143945 5264378.03  368  255 5568311.52 4609726.10  17.2%  11.9  640s
 162110 145170 5534773.65  582  207 5568311.52 4609726.10  17.2%  11.9  645s
 163496 146393 4779132.45  114  296 5568311.52 4609770.98  17.2%  11.9  650s
 164856 147466 5556993.43  113  253 5568311.52 4609785.32  17.2%  11.9  655s
 166517 148845 5154580.36  277  252 5568311.52 4609792.81  17.2%  11.9  662s
 166864 149418 5223299.19  331  243 5568311.52 4609792.81  17.2%  11.9  665s
 168577 151224 5471397.78  499  198 5568311.52 4609792.81  17.2%  11.8  670s
 170387 152748 5110445.55  374  256 5568311.52 4609825.60  17.2%  11.8  675s
 171931 153981 4874646.37  276  272 5568311.52 4609904.67  17.2%  11.8  680s
 173232 155151 5128483.32  423  262 5568311.52 4609904.67  17.2%  11.7  685s
 174526 156518 5301851.39  466  247 5568311.52 4609904.67  17.2%  11.7  690s
 176149 158052 5543221.53  667  203 5568311.52 4609904.67  17.2%  11.6  695s
H176481 158195                    5568265.0569 4609904.67  17.2%  11.6  696s
 176893 158615 4800130.49  173  294 5568265.06 4609964.03  17.2%  11.6  703s
 177291 158987 5432359.35  395  229 5568265.06 4609964.03  17.2%  11.6  705s
 178342 159771 4836790.24  199  254 5568265.06 4609981.02  17.2%  11.5  710s
 179978 161346 5097568.63  386  226 5568265.06 4609981.02  17.2%  11.5  715s
 181548 162889 5370854.67  541  210 5568265.06 4609981.02  17.2%  11.4  720s
 183239 164158 4765883.45  121  276 5568265.06 4610059.62  17.2%  11.3  725s
 184348 165146 5022452.75  322  264 5568265.06 4610059.62  17.2%  11.3  730s
 185662 166273 5199402.07  371  263 5568265.06 4610059.62  17.2%  11.3  735s
 186575 167178 5365372.62  509  232 5568265.06 4610059.62  17.2%  11.2  740s
 188264 168628 4898541.77   87  267 5568265.06 4610129.02  17.2%  11.3  745s
 189294 169518 4675126.11   70  300 5568265.06 4610222.01  17.2%  11.3  750s
 190690 170750 5508835.66  513  231 5568265.06 4610235.89  17.2%  11.2  755s
 191863 171585 4832721.86  198  273 5568265.06 4610238.64  17.2%  11.2  763s
 192189 172005 4857776.61  229  271 5568265.06 4610238.64  17.2%  11.2  765s
 193269 173019 5111190.76  309  269 5568265.06 4610238.64  17.2%  11.2  770s
 194677 174250 5343907.75  395  236 5568265.06 4610238.64  17.2%  11.1  775s
 196247 175772 5473840.71  629  197 5568265.06 4610238.64  17.2%  11.2  780s
 197613 176926 4797370.33  156  287 5568265.06 4610296.72  17.2%  11.2  785s
 199230 178512 5074392.63  345  255 5568265.06 4610296.72  17.2%  11.2  790s
 200828 179838 5410292.26  456  239 5568265.06 4610296.72  17.2%  11.2  795s
 202320 181165 4694085.15   58  289 5568265.06 4610376.71  17.2%  11.1  800s
 203814 182523 4977337.25  352  262 5568265.06 4610376.71  17.2%  11.1  805s
 205173 183925 5171124.34  509  248 5568265.06 4610376.71  17.2%  11.1  810s
 206348 184983 5284614.37  570  243 5568265.06 4610376.71  17.2%  11.1  819s
 206534 185221 5314907.22  621  235 5568265.06 4610376.71  17.2%  11.1  820s
 207490 186095 5435043.64  813  201 5568265.06 4610376.71  17.2%  11.1  825s
 209700 187980 5565951.15  132  238 5568265.06 4610429.05  17.2%  11.1  830s
 210951 189107 5023015.77  260  241 5568265.06 4610432.91  17.2%  11.1  835s
 212556 190799 5453855.09  501  201 5568265.06 4610432.91  17.2%  11.1  840s
 214470 192497 4970429.65  162  274 5568265.06 4610437.05  17.2%  11.1  845s
 215981 193880     cutoff  308      5568265.06 4610446.03  17.2%  11.0  850s
 217221 194837 4855839.48  226  282 5568265.06 4610483.07  17.2%  11.0  855s
 218736 196139 5142854.63  367  264 5568265.06 4610483.07  17.2%  11.0  860s
 220008 197428 5343947.57  445  248 5568265.06 4610483.07  17.2%  10.9  865s
 221661 198883 5532157.37  648  179 5568265.06 4610483.07  17.2%  10.9  870s
 223362 200178 4880340.17  304  275 5568265.06 4610587.77  17.2%  10.9  875s
 224945 201696 5473813.95  199  264 5568265.06 4610637.60  17.2%  10.9  880s
 226394 202855 4821902.13  151  256 5568265.06 4610702.79  17.2%  10.9  885s
 226731 203053 4884415.12  214  246 5568265.06 4610702.79  17.2%  10.9  890s
 227706 204050 5046515.53  343  230 5568265.06 4610702.79  17.2%  10.9  895s
H229222 205572                    5568238.6701 4610702.79  17.2%  10.9  899s
 229444 205912 5342296.26  464  215 5568238.67 4610702.79  17.2%  10.9  900s
 230947 207282 5518490.22  658  184 5568238.67 4610702.79  17.2%  10.9  905s
 232276 208306 4848074.90  179  295 5568238.67 4610835.89  17.2%  10.9  910s
 233870 209559 4874491.99  178  292 5568238.67 4610840.05  17.2%  10.9  915s
 235285 211048 5165189.92  296  271 5568238.67 4610840.05  17.2%  10.9  920s
 236431 212160 5321713.16  338  261 5568238.67 4610840.05  17.2%  10.8  927s
 237037 212713 5374365.88  391  253 5568238.67 4610840.05  17.2%  10.8  930s
 238254 213740     cutoff  575      5568238.67 4610923.89  17.2%  10.9  935s
 239869 215083 4990100.41  308  255 5568238.67 4610984.25  17.2%  10.8  940s
 241149 216467 5461047.90  660  210 5568238.67 4610984.25  17.2%  10.8  945s
 242316 217378 4924405.96  190  280 5568238.67 4611004.58  17.2%  10.8  950s
 243697 218610 5236831.98  334  257 5568238.67 4611004.58  17.2%  10.8  955s
 245380 220095 5520306.31  601  225 5568238.67 4611004.58  17.2%  10.7  960s
 246011 220431 4719487.51   81  293 5568238.67 4611205.89  17.2%  10.7  966s
 246949 221635 5017314.98  201  247 5568238.67 4611209.93  17.2%  10.7  970s
 248692 223211 5056652.64  385  273 5568238.67 4611273.86  17.2%  10.7  975s
 249988 224154 5300416.26  106  264 5568238.67 4611325.47  17.2%  10.7  980s
 251440 225406 4982089.41  213  257 5568238.67 4611339.85  17.2%  10.7  985s
 252707 226415 5235909.77  290  259 5568238.67 4611339.85  17.2%  10.7  990s
 253947 227502 5420836.66  357  234 5568238.67 4611339.85  17.2%  10.6  995s
 255330 228719     cutoff  572      5568238.67 4611665.83  17.2%  10.6 1000s
 256286 229465     cutoff  424      5568238.67 4611698.40  17.2%  10.6 1006s
 257006 230162 5523410.89  129  229 5568238.67 4611746.66  17.2%  10.6 1010s
 258396 231133 4881873.70  272  287 5568238.67 4611867.74  17.2%  10.6 1015s
 259655 232144 5544684.37  333  255 5568238.67 4611956.88  17.2%  10.6 1020s
 261092 233117 5554330.93  249  244 5568238.67 4611993.50  17.2%  10.5 1025s
 262316 234102 4677900.78   82  283 5568238.67 4612208.06  17.2%  10.5 1030s
 264094 235760 4725610.85   70  289 5568238.67 4612226.14  17.2%  10.5 1035s
 265479 237059 4954201.56  215  280 5568238.67 4612226.14  17.2%  10.4 1040s
 266682 238015 5286032.76  294  262 5568238.67 4612226.14  17.2%  10.4 1045s
 267620 238743 5456560.91  361  240 5568238.67 4612226.14  17.2%  10.4 1053s
 268025 239236 5525265.41  419  218 5568238.67 4612226.14  17.2%  10.4 1055s
 269450 240338 4846077.51  123  249 5568238.67 4612288.08  17.2%  10.4 1060s
 270786 241597 5266112.66  296  274 5568238.67 4612288.08  17.2%  10.4 1065s
 272302 242782 5419212.52  418  248 5568238.67 4612288.08  17.2%  10.4 1070s
 273612 243864 5561557.14  539  220 5568238.67 4612376.53  17.2%  10.4 1075s
 274775 244677 4798358.39  101  290 5568238.67 4612506.48  17.2%  10.4 1080s
 276471 245890 5541403.79  487  203 5568238.67 4612533.89  17.2%  10.3 1085s
 278003 247373 5283687.56  363  221 5568238.67 4612534.03  17.2%  10.3 1090s
 279504 248856 5503769.24  517  196 5568238.67 4612534.03  17.2%  10.3 1095s
 280677 249858 5273974.62   94  270 5568238.67 4612558.42  17.2%  10.3 1100s
 282144 250900 5544810.87  207  222 5568238.67 4612563.48  17.2%  10.3 1108s
 282450 251125 5551714.56  133  218 5568238.67 4612613.65  17.2%  10.3 1110s
 283418 251769 5426676.15  228  189 5568238.67 4612643.67  17.2%  10.3 1115s
 284717 252844 4876865.03  108  277 5568238.67 4612768.48  17.2%  10.3 1120s
 286225 254226 5062953.43  261  255 5568238.67 4612768.48  17.2%  10.2 1125s
 287980 255904 5406026.72  403  236 5568238.67 4612768.48  17.2%  10.2 1130s
 289362 256839     cutoff  530      5568238.67 4612937.89  17.2%  10.2 1135s
 290562 257789     cutoff  123      5568238.67 4613055.50  17.2%  10.2 1140s
 292031 258740 4947728.68  173  267 5568238.67 4613182.79  17.2%  10.2 1145s
 293433 260066 5225919.46  329  241 5568238.67 4613182.79  17.2%  10.1 1150s
 294954 260998 5479475.00  414  241 5568238.67 4613182.79  17.2%  10.1 1158s
 295180 261558 5496282.34  441  229 5568238.67 4613182.79  17.2%  10.1 1160s
 296574 262718 4791884.90   84  262 5568238.67 4613294.05  17.1%  10.1 1165s
 298011 263934 5559401.78  118  239 5568238.67 4613303.65  17.1%  10.1 1170s
 299226 264702 5555723.75  106  230 5568238.67 4613307.34  17.1%  10.1 1175s
 300590 265515     cutoff  110      5568238.67 4613335.18  17.1%  10.0 1180s
 301930 266619 5121602.16  225  290 5568238.67 4613348.79  17.1%  10.0 1185s
 303634 268030 5293995.30  671  237 5568238.67 4613348.79  17.1%  10.0 1190s
 305012 268736 4872690.65  108  261 5568238.67 4613390.97  17.1%   9.9 1198s
 305177 269015 4902037.79  140  251 5568238.67 4613390.97  17.1%   9.9 1200s
 306108 269777 5069610.48  211  227 5568238.67 4613390.97  17.1%   9.9 1205s
 307490 271022 5325223.86  257  206 5568238.67 4613390.97  17.1%   9.9 1210s
 309306 272777 5514288.28  442  156 5568238.67 4613390.97  17.1%   9.9 1215s
 310921 274071     cutoff  454      5568238.67 4613587.38  17.1%   9.9 1220s
 312298 275121 4855419.71  135  302 5568238.67 4613623.25  17.1%   9.9 1225s
 313639 276340 5214508.38  255  281 5568238.67 4613623.25  17.1%   9.9 1230s
 315395 278082 5515192.10  492  188 5568238.67 4613623.25  17.1%   9.8 1235s
 316888 279309 5563207.84  132  262 5568238.67 4613678.34  17.1%   9.8 1240s
 318164 280235     cutoff  131      5568238.67 4613753.65  17.1%   9.8 1245s
 319488 281526 5172472.48  292  229 5568238.67 4613769.13  17.1%   9.8 1250s
 320303 282178 5331452.81  407  214 5568238.67 4613769.13  17.1%   9.8 1257s
 320676 282660 5392370.64  509  215 5568238.67 4613769.13  17.1%   9.8 1260s
 322308 284268 5543929.70  740  183 5568238.67 4613769.13  17.1%   9.8 1265s
H323500 285018                    5568192.2050 4613842.82  17.1%   9.7 1269s
 323793 285389 4935420.68  176  299 5568192.21 4613846.25  17.1%   9.7 1270s
 324967 286362 4825777.62  107  281 5568192.21 4613958.12  17.1%   9.7 1275s
 327105 288213 5556464.80  695  176 5568192.21 4613967.67  17.1%   9.7 1280s
 328333 289296     cutoff  116      5568192.21 4614009.32  17.1%   9.7 1285s
 329454 290300 4880126.05  134  299 5568192.21 4614026.38  17.1%   9.6 1290s
 330691 291273 5186287.75  218  249 5568192.21 4614026.38  17.1%   9.7 1295s
Created node file directory '/home/ps12398/experiment_epec/goalProgrammingMarcos//grbnodes22'
 331115 291571 5276609.22  247  271 5568192.21 4614026.38  17.1%   9.7 1313s
 331329 291689 5327464.98  266  240 5568192.21 4614026.38  17.1%   9.7 1315s
 332632 292691 5520989.65  370  209 5568192.21 4614026.38  17.1%   9.6 1321s
 333156 293386 5562300.32  402  193 5568192.21 4614270.93  17.1%   9.6 1325s
 334700 294739 4749498.54   64  298 5568192.21 4614341.64  17.1%   9.6 1330s
 335811 295493 5553054.74  145  230 5568192.21 4614380.14  17.1%   9.6 1335s
 336657 296320 4869467.17   83  251 5568192.21 4614529.24  17.1%   9.6 1340s
 338255 297658 5431446.51  314  217 5568192.21 4614565.43  17.1%   9.6 1345s
 339488 298641 4758138.12   73  296 5568192.21 4614616.63  17.1%   9.6 1350s
 340489 299580 5487285.17  274  194 5568192.21 4614623.35  17.1%   9.6 1358s
 340809 299844 5544811.03  378  175 5568192.21 4614631.00  17.1%   9.6 1360s
 342760 301417 4978190.76  177  288 5568192.21 4614659.97  17.1%   9.6 1365s
 344319 302893 5352374.91  283  236 5568192.21 4614659.97  17.1%   9.6 1370s
 344908 303599 5445853.09  346  221 5568192.21 4614659.97  17.1%   9.6 1388s
 345558 304254 5511007.58  420  201 5568192.21 4614659.97  17.1%   9.6 1390s
H345685 304254                    5568136.2214 4614659.97  17.1%   9.6 1390s
H346291 304727                    5568136.1557 4614662.95  17.1%   9.6 1391s
 347682 306051 5296779.10  233  252 5568136.16 4614663.33  17.1%   9.6 1395s
 349016 307020 5554220.13  128  254 5568136.16 4614816.05  17.1%   9.6 1400s
 350509 308303     cutoff  219      5568136.16 4614848.83  17.1%   9.6 1406s
 351755 309475     cutoff  156      5568136.16 4614863.46  17.1%   9.6 1410s
 352064 309477 4923177.10  155  245 5568136.16 4614863.46  17.1%   9.6 1415s
 352973 310434 5103118.04  264  228 5568136.16 4614863.46  17.1%   9.6 1420s
 354351 311642 5372296.47  373  208 5568136.16 4614863.46  17.1%   9.5 1425s
 355814 312819 5548573.99  510  183 5568136.16 4614954.73  17.1%   9.5 1430s
 356636 313442 4865729.75   90  253 5568136.16 4614966.47  17.1%   9.5 1448s
 357085 313908 5365366.76  339  183 5568136.16 4614975.78  17.1%   9.5 1450s
 358262 314842 4751471.19  104  273 5568136.16 4615026.61  17.1%   9.5 1455s
 359497 316059 4910054.10  165  294 5568136.16 4615030.68  17.1%   9.5 1460s
 360808 317258 5511227.02  449  186 5568136.16 4615030.68  17.1%   9.5 1465s
 362090 318283 5501077.39  114  234 5568136.16 4615074.47  17.1%   9.5 1470s
 363132 319076     cutoff  131      5568136.16 4615148.59  17.1%   9.5 1475s
 364735 320326 4924272.68  133  255 5568136.16 4615165.10  17.1%   9.5 1480s
 366172 321773 5164761.47  299  233 5568136.16 4615165.10  17.1%   9.5 1485s
 367511 322852 5367007.13  380  219 5568136.16 4615165.10  17.1%   9.5 1492s
 367671 323109 5381429.91  382  213 5568136.16 4615165.10  17.1%   9.5 1510s
 369605 325208 5536331.89  558  152 5568136.16 4615165.10  17.1%   9.5 1515s
 371226 326392 5493384.26  300  195 5568136.16 4615280.24  17.1%   9.5 1520s
 372758 327689 5233738.34  200  250 5568136.16 4615319.49  17.1%   9.4 1525s
 374149 328662 5521123.91  301  201 5568136.16 4615319.49  17.1%   9.4 1530s
 375408 329744 5045007.24  150  239 5568136.16 4615426.42  17.1%   9.4 1535s
 376779 330971 5441674.58  347  187 5568136.16 4615426.42  17.1%   9.4 1540s
 378327 332260 4992235.49  152  238 5568136.16 4615428.34  17.1%   9.4 1549s
 378608 332683 5463639.15  295  161 5568136.16 4615439.78  17.1%   9.4 1566s
 379836 333709     cutoff  121      5568136.16 4615456.60  17.1%   9.4 1570s
 381422 334850 5447983.61  154  211 5568136.16 4615578.22  17.1%   9.4 1575s
 382888 335992 5045319.46  191  251 5568136.16 4615641.24  17.1%   9.4 1580s
 384064 337150 5352824.04  281  227 5568136.16 4615641.24  17.1%   9.4 1585s
 385135 338337 5480350.29  402  188 5568136.16 4615641.24  17.1%   9.4 1590s
 386846 339520 5057926.58  102  233 5568136.16 4615706.20  17.1%   9.4 1595s
 388057 340349 4801080.49   85  255 5568136.16 4615828.20  17.1%   9.4 1600s
 388328 340526 4953870.46  105  303 5568136.16 4615891.49  17.1%   9.4 1605s
 389191 341242 5009906.75  168  244 5568136.16 4615901.40  17.1%   9.4 1610s
 389932 341958 5268628.73  229  226 5568136.16 4615901.40  17.1%   9.4 1631s
 391175 342979 5486481.59  299  198 5568136.16 4615901.40  17.1%   9.4 1636s
 392246 343889 5081035.70  162  275 5568136.16 4615974.70  17.1%   9.4 1640s
 393735 344985 5455476.18  460  199 5568136.16 4615974.70  17.1%   9.4 1645s
H394646 345609                    5568136.0602 4615974.70  17.1%   9.4 1648s
 395261 346203 5135848.85  118  226 5568136.06 4616134.25  17.1%   9.3 1650s
 396545 347366     cutoff  312      5568136.06 4616170.71  17.1%   9.3 1655s
 398396 349004 5556623.09  141  212 5568136.06 4616224.58  17.1%   9.3 1660s
 399595 349994 5273431.04  277  206 5568136.06 4616224.58  17.1%   9.3 1665s
 400257 350667 5482297.36  395  157 5568136.06 4616224.58  17.1%   9.3 1683s
 400800 350913     cutoff  441      5568136.06 4616240.21  17.1%   9.3 1685s
 401947 352002 4908670.95  138  247 5568136.06 4616248.39  17.1%   9.3 1690s
 402629 352294 5086844.54  270  228 5568136.06 4616248.39  17.1%   9.3 1696s
 403419 353167 5247986.70  333  216 5568136.06 4616248.39  17.1%   9.2 1701s
 404387 354049 5407680.12  401  193 5568136.06 4616248.39  17.1%   9.2 1705s
 405924 355476 5078890.11  244  278 5568136.06 4616311.00  17.1%   9.2 1711s
 407305 356586 5342117.32  456  241 5568136.06 4616311.00  17.1%   9.2 1715s
 408280 357658 5464761.80  559  226 5568136.06 4616311.00  17.1%   9.2 1720s
 409807 358746 4862173.87  136  246 5568136.06 4616349.07  17.1%   9.2 1725s
 410085 359002 5018866.59  172  253 5568136.06 4616349.07  17.1%   9.2 1739s
 410389 359169 5246787.52  259  223 5568136.06 4616349.07  17.1%   9.2 1740s
 412241 360546 5552929.50  448  158 5568136.06 4616404.42  17.1%   9.2 1745s
 413704 361730     cutoff  158      5568136.06 4616443.72  17.1%   9.1 1750s
 415041 362930 5008223.17  317  280 5568136.06 4616473.56  17.1%   9.1 1755s
 416073 363683 4982130.01  239  282 5568136.06 4616474.23  17.1%   9.1 1761s
 416799 364521 5125050.46  362  265 5568136.06 4616474.23  17.1%   9.1 1765s
 417914 365726 5336363.12  498  253 5568136.06 4616474.23  17.1%   9.1 1770s
 419529 367125 5563272.23  638  214 5568136.06 4616497.18  17.1%   9.1 1775s
 420708 368036 4816621.79   71  249 5568136.06 4616538.86  17.1%   9.1 1793s
 421562 368742 5527220.52  356  253 5568136.06 4616538.86  17.1%   9.1 1795s
 423055 370165 5523538.48  216  254 5568136.06 4616563.28  17.1%   9.1 1800s
 424569 371310 4880239.04  112  289 5568136.06 4616579.00  17.1%   9.1 1805s
 425977 372731 4948784.97  209  246 5568136.06 4616597.38  17.1%   9.1 1810s
 426695 373132 5058353.59  407  240 5568136.06 4616597.38  17.1%   9.1 1815s
 427982 374683 5178824.04  715  220 5568136.06 4616597.38  17.1%   9.0 1820s
 430150 376306 5416547.15  185  208 5568136.06 4616612.93  17.1%   9.0 1825s
 430914 376702     cutoff  101      5568136.06 4616655.52  17.1%   9.0 1841s
 432227 377906 5297527.76  200  224 5568136.06 4616696.27  17.1%   9.0 1845s
 433332 378686 4927934.71   88  242 5568136.06 4616782.19  17.1%   9.0 1850s
 434427 379518 5555190.94  142  212 5568136.06 4616813.05  17.1%   9.0 1855s
 435696 380668 5398790.62  402  245 5568136.06 4616833.12  17.1%   9.0 1860s
 436935 381498 5425248.41  198  213 5568136.06 4616890.15  17.1%   9.0 1867s
 437377 381806 5525090.62  175  230 5568136.06 4616967.23  17.1%   9.0 1870s
 438606 382930 5487664.51  156  234 5568136.06 4617026.12  17.1%   9.0 1875s
 440078 384414 5238623.35  431  210 5568136.06 4617026.12  17.1%   9.0 1880s
 441556 385731     cutoff  118      5568136.06 4617057.17  17.1%   9.0 1885s
 441930 386025 5338752.10  201  238 5568136.06 4617066.09  17.1%   9.0 1898s
 442573 386484 5070119.21  245  279 5568136.06 4617066.09  17.1%   9.0 1900s
 442865 386681 5461546.78  398  250 5568136.06 4617066.09  17.1%   9.0 1905s
 444159 387864 5546559.28  115  259 5568136.06 4617097.23  17.1%   9.0 1910s
 445593 389144     cutoff  134      5568136.06 4617145.63  17.1%   8.9 1915s
 447067 390270 5036133.61  181  247 5568136.06 4617177.09  17.1%   8.9 1920s
 448551 391511 5384748.64  249  207 5568136.06 4617177.09  17.1%   8.9 1925s
 449588 392588 5564943.61  438  143 5568136.06 4617198.93  17.1%   8.9 1930s
 451521 393690 5536293.58  282  259 5568136.06 4617269.61  17.1%   8.9 1937s
 452162 394369 5103566.33  124  242 5568136.06 4617389.74  17.1%   8.9 1940s
 452442 394521 5546557.24  121  223 5568136.06 4617408.08  17.1%   8.9 1953s
 452647 394523 5035364.64  104  236 5568136.06 4617408.08  17.1%   8.9 1955s
 454361 396387 4858430.54  135  248 5568136.06 4617441.31  17.1%   8.9 1960s
 455693 397410 4967541.75  265  257 5568136.06 4617441.31  17.1%   8.9 1965s
 457707 399002 5099277.37  363  232 5568136.06 4617441.31  17.1%   8.8 1970s
 459426 400679 5208732.75  431  222 5568136.06 4617441.31  17.1%   8.8 1975s
 461317 401979 5313757.52  465  220 5568136.06 4617441.31  17.1%   8.8 1984s
 461320 402127 5315363.35  461  221 5568136.06 4617441.31  17.1%   8.8 1985s
 462398 403245 5364105.18  478  211 5568136.06 4617441.31  17.1%   8.8 1990s
 463149 403924 5381372.76  485  207 5568136.06 4617441.31  17.1%   8.8 2006s
 464646 405336 5422237.66  503  204 5568136.06 4617441.31  17.1%   8.8 2010s
 466615 407287 5506591.41  583  180 5568136.06 4617441.31  17.1%   8.8 2015s
 468011 408562 5547382.55  651  166 5568136.06 4617441.31  17.1%   8.8 2020s
 469306 409498 5557369.10  189  232 5568136.06 4617477.22  17.1%   8.8 2025s
 470703 410912 5408304.13  130  217 5568136.06 4617477.22  17.1%   8.8 2030s
 472081 411901 5559098.00  107  224 5568136.06 4617480.00  17.1%   8.8 2035s
 472989 412488 5545520.95  112  271 5568136.06 4617488.97  17.1%   8.8 2051s
 473725 413073 4886687.85  105  281 5568136.06 4617490.69  17.1%   8.8 2055s
 475631 414911 4963954.86  208  275 5568136.06 4617490.69  17.1%   8.8 2060s
 477081 416389 5011111.68  254  268 5568136.06 4617490.69  17.1%   8.8 2065s
 477955 417145 5040720.28  293  264 5568136.06 4617490.69  17.1%   8.8 2070s
 479440 418656 5097881.43  351  263 5568136.06 4617490.69  17.1%   8.8 2075s
 480832 420066 5139262.40  380  258 5568136.06 4617490.69  17.1%   8.8 2080s
 482734 421987 5240468.31  449  250 5568136.06 4617490.69  17.1%   8.8 2085s
 483097 421989 5256575.06  453  248 5568136.06 4617490.69  17.1%   8.8 2102s
 483587 422765 5285064.76  461  246 5568136.06 4617490.69  17.1%   8.8 2105s
 485270 424541 5325187.89  474  247 5568136.06 4617490.69  17.1%   8.8 2110s
 487308 426466 5390616.12  496  233 5568136.06 4617490.69  17.1%   8.8 2115s
 488621 427484 5414602.09  510  232 5568136.06 4617490.69  17.1%   8.8 2120s
 490136 428933 5441147.49  584  230 5568136.06 4617490.69  17.1%   8.8 2125s
 491558 430305 5472434.54  648  222 5568136.06 4617490.69  17.1%   8.8 2137s
 492248 430690 5480112.76  703  178 5568136.06 4617490.69  17.1%   8.8 2143s
H492249 430690                    5562949.9038 4617490.69  17.0%   8.8 2143s
 492431 430948 5485371.73  708  176 5562949.90 4617490.69  17.0%   8.8 2145s
H493581 432304                    5562947.0695 4617490.69  17.0%   8.8 2149s
 493962 432617 5514188.87  797  171 5562947.07 4617490.69  17.0%   8.8 2150s
 495391 433599 infeasible   58      5562947.07 4617518.27  17.0%   8.8 2155s
H495635 433720                    5562796.2597 4617518.27  17.0%   8.8 2155s
 496626 434453 4860446.35   92  298 5562796.26 4617522.57  17.0%   8.8 2160s
H496667 434453                    5562772.7427 4617522.57  17.0%   8.8 2160s
 498113 435939 5002460.19  229  253 5562772.74 4617522.57  17.0%   8.8 2165s
 499327 436926 5132827.68  275  213 5562772.74 4617522.57  17.0%   8.8 2170s
 500218 437807 5146080.92  281  276 5562772.74 4617522.57  17.0%   8.8 2186s
 501548 438851 5208241.63  301  281 5562772.74 4617522.57  17.0%   8.8 2190s
 502608 439434 5242549.17  310  279 5562772.74 4617522.57  17.0%   8.8 2200s
 503287 439913 5276271.56  313  274 5562772.74 4617522.57  17.0%   8.7 2205s
 504155 440326 5271025.17  314  273 5562772.74 4617522.57  17.0%   8.7 2210s
 505355 441367 5300682.98  318  206 5562772.74 4617522.57  17.0%   8.7 2215s
 507448 443376 5360601.50  335  198 5562772.74 4617522.57  17.0%   8.7 2220s
 508780 444743 5381511.77  339  199 5562772.74 4617522.57  17.0%   8.7 2225s
 509627 445543 5392086.01  340  191 5562772.74 4617522.57  17.0%   8.7 2230s
 510137 446192 5401590.07  345  196 5562772.74 4617522.57  17.0%   8.7 2243s
 510782 446823 5419978.87  347  189 5562772.74 4617522.57  17.0%   8.7 2245s
 512239 448283 5460603.03  360  178 5562772.74 4617522.57  17.0%   8.7 2250s
 513823 449776 5503159.84  395  175 5562772.74 4617522.57  17.0%   8.6 2255s
 514708 450437 5533586.59  419  171 5562772.74 4617522.57  17.0%   8.6 2263s
 514926 450839 5527407.81  420  173 5562772.74 4617522.57  17.0%   8.6 2265s
 516003 451868 5553261.56  445  166 5562772.74 4617522.57  17.0%   8.6 2270s
 517252 452905 5395665.11   96  269 5562772.74 4617599.57  17.0%   8.6 2275s
 518499 453818 5123990.05  153  249 5562772.74 4617605.21  17.0%   8.6 2280s
 519546 454802 5006688.96  115  256 5562772.74 4617605.21  17.0%   8.6 2294s
 519870 454985 5066531.87  130  252 5562772.74 4617605.21  17.0%   8.6 2295s
 521221 455956 5502490.24  185  223 5562772.74 4617605.21  17.0%   8.6 2300s
 522632 457118     cutoff  197      5562772.74 4617612.19  17.0%   8.6 2305s
 523643 457828     cutoff  123      5562772.74 4617695.53  17.0%   8.6 2310s
 524676 458675 5148864.46  233  258 5562772.74 4617721.90  17.0%   8.6 2315s
 525533 459414 4820532.83   68  297 5562772.74 4617729.91  17.0%   8.6 2320s
 526247 459778 5012812.58   99  290 5562772.74 4617729.91  17.0%   8.6 2327s
 526709 460469 5287512.79  118  275 5562772.74 4617729.91  17.0%   8.5 2331s
 527471 461213 5511363.54  142  257 5562772.74 4617729.91  17.0%   8.5 2335s
 528543 461935     cutoff  166      5562772.74 4617729.91  17.0%   8.5 2340s
 529857 463439 4968777.00  234  255 5562772.74 4617738.70  17.0%   8.5 2356s
 531070 464450 5031488.82  274  240 5562772.74 4617738.70  17.0%   8.5 2360s
 532490 465914 5100038.84  343  238 5562772.74 4617738.70  17.0%   8.5 2365s
 533926 467368 5188095.97  376  226 5562772.74 4617738.70  17.0%   8.5 2370s
 535613 468928 5234933.26  386  230 5562772.74 4617738.70  17.0%   8.5 2375s
 536784 470162 5289252.27  402  230 5562772.74 4617738.70  17.0%   8.5 2380s
 538105 470949 5337780.70  415  220 5562772.74 4617738.70  17.0%   8.5 2385s
 539260 471802 5402854.89  440  212 5562772.74 4617738.70  17.0%   8.5 2390s
 540215 472644 5431551.10  451  209 5562772.74 4617738.70  17.0%   8.5 2405s
 541987 474392 5506873.36  537  187 5562772.74 4617738.70  17.0%   8.5 2410s
 542292 474428 5513064.55  541  182 5562772.74 4617738.70  17.0%   8.5 2416s
 542767 475055 5536659.57  549  182 5562772.74 4617738.70  17.0%   8.5 2420s
 543784 475804 5553982.15  581  171 5562772.74 4617808.23  17.0%   8.4 2425s
 545229 477227 4968523.97  128  277 5562772.74 4617808.23  17.0%   8.4 2430s
 546904 478895 5236459.84  174  262 5562772.74 4617808.23  17.0%   8.4 2435s
 547556 479545 5426519.71  183  259 5562772.74 4617808.23  17.0%   8.4 2450s
 548760 480643 5518313.28  210  246 5562772.74 4617808.23  17.0%   8.4 2455s
 549840 481427 4796186.17   61  263 5562772.74 4617813.90  17.0%   8.4 2460s
 551304 482799 4858607.71   93  265 5562772.74 4617824.54  17.0%   8.4 2465s
 552445 483409 5531569.58  131  234 5562772.74 4617867.29  17.0%   8.4 2470s
 553597 484453 4943286.58  135  259 5562772.74 4617885.31  17.0%   8.4 2475s
 555110 485862 5011410.29  171  290 5562772.74 4617885.31  17.0%   8.4 2480s
 556326 487083 5077493.51  198  243 5562772.74 4617885.31  17.0%   8.4 2485s
 557150 487952 5105696.61  206  292 5562772.74 4617885.31  17.0%   8.4 2497s
 557907 488703 5141030.35  210  289 5562772.74 4617885.31  17.0%   8.4 2500s
 558612 489203 5170538.93  219  295 5562772.74 4617885.31  17.0%   8.4 2505s
 558946 489506 5178052.79  218  293 5562772.74 4617885.31  17.0%   8.4 2513s
 559163 489972 5174187.46  220  295 5562772.74 4617885.31  17.0%   8.4 2515s
 560309 490876 5227133.79  229  289 5562772.74 4617885.31  17.0%   8.4 2520s
 561108 491483 5258948.90  234  286 5562772.74 4617885.31  17.0%   8.4 2525s
 562425 492451 5267136.65  237  287 5562772.74 4617885.31  17.0%   8.4 2530s
 563646 493363 5316018.32  249  279 5562772.74 4617885.31  17.0%   8.4 2535s
 564639 494477 5362321.08  271  262 5562772.74 4617885.31  17.0%   8.4 2541s
 565608 495321 5384937.16  284  258 5562772.74 4617885.31  17.0%   8.4 2545s
 566799 496593 5419206.74  297  205 5562772.74 4617885.31  17.0%   8.4 2550s
 567462 497329 5469450.80  350  197 5562772.74 4617885.31  17.0%   8.4 2561s
 568601 498480 5525308.72  458  170 5562772.74 4617885.31  17.0%   8.4 2565s
 570213 499795     cutoff  487      5562772.74 4617885.31  17.0%   8.4 2570s
 571421 500661 5440468.49  245  181 5562772.74 4618037.29  17.0%   8.4 2575s
 572808 501621 4992119.11   87  265 5562772.74 4618051.04  17.0%   8.4 2580s
 574456 503019     cutoff  163      5562772.74 4618051.04  17.0%   8.4 2585s
 575557 503641 5476804.61  142  224 5562772.74 4618063.87  17.0%   8.4 2590s
 576707 504522 4891679.45  110  245 5562772.74 4618114.61  17.0%   8.4 2596s
 577740 505568 4930363.45  166  299 5562772.74 4618114.61  17.0%   8.4 2600s
 578147 505927 4939878.03  170  298 5562772.74 4618114.61  17.0%   8.4 2618s
 578480 506312 4975324.06  178  292 5562772.74 4618114.61  17.0%   8.4 2620s
 580233 508142 5015429.51  194  295 5562772.74 4618114.61  17.0%   8.4 2625s
 582205 510225 5114508.69  221  287 5562772.74 4618114.61  17.0%   8.4 2630s
 583989 511646 5175624.70  232  286 5562772.74 4618114.61  17.0%   8.4 2635s
 585265 512646 5210471.69  240  284 5562772.74 4618114.61  17.0%   8.4 2640s
 586432 513400 5259995.97  250  280 5562772.74 4618114.61  17.0%   8.4 2645s
 587618 514536 5280956.63  253  279 5562772.74 4618114.61  17.0%   8.4 2650s
 588186 514869 5295838.14  256  282 5562772.74 4618114.61  17.0%   8.4 2664s
 588388 514923 5297399.20  256  279 5562772.74 4618114.61  17.0%   8.4 2665s
 589708 516174 5308563.61  258  278 5562772.74 4618114.61  17.0%   8.4 2670s
 590875 517186 5319932.94  264  273 5562772.74 4618114.61  17.0%   8.4 2678s
 591163 517523 5337802.96  262  211 5562772.74 4618114.61  17.0%   8.4 2680s
 592345 518807 5370606.61  280  225 5562772.74 4618114.61  17.0%   8.4 2685s
 593531 520036 5397227.37  296  204 5562772.74 4618114.61  17.0%   8.4 2690s
 594933 521466 5462744.15  324  195 5562772.74 4618114.61  17.0%   8.4 2696s
 596204 522671 5494836.67  358  184 5562772.74 4618114.61  17.0%   8.4 2700s
 596990 523401 5529950.37  401  176 5562772.74 4618114.61  17.0%   8.4 2712s
 597674 523943 5551030.82  426  168 5562772.74 4618114.61  17.0%   8.4 2715s
 598700 524595     cutoff  110      5562772.74 4618273.12  17.0%   8.4 2720s
 599800 525442 5026356.25  149  234 5562772.74 4618306.85  17.0%   8.4 2725s
 600647 526070 5467631.23  190  209 5562772.74 4618306.85  17.0%   8.4 2733s
 600920 526478 5426106.22  196  211 5562772.74 4618306.85  17.0%   8.4 2735s
 601866 527123     cutoff  235      5562772.74 4618306.85  17.0%   8.4 2741s
 602735 527835 4923769.59  158  237 5562772.74 4618328.54  17.0%   8.4 2745s
 603814 528972 5025005.37  192  227 5562772.74 4618328.54  17.0%   8.4 2750s
 605652 530783 5126905.40  224  227 5562772.74 4618328.54  17.0%   8.4 2765s
 607281 532391 5202235.01  248  214 5562772.74 4618328.54  17.0%   8.4 2770s
 608958 534042 5284256.94  279  213 5562772.74 4618328.54  17.0%   8.4 2775s
 610401 535463 5356229.28  312  209 5562772.74 4618328.54  17.0%   8.4 2780s
 611867 536369 5421962.58  341  198 5562772.74 4618328.54  17.0%   8.4 2785s
 613399 537527 5462111.71  356  194 5562772.74 4618328.54  17.0%   8.4 2790s
 614305 538136 5490917.31  369  199 5562772.74 4618328.54  17.0%   8.4 2804s
 614565 538437 5497820.73  370  189 5562772.74 4618328.54  17.0%   8.4 2806s
 615928 539610 5543439.64  414  180 5562772.74 4618328.54  17.0%   8.4 2810s
 616894 540527 5550904.11  415  177 5562772.74 4618328.54  17.0%   8.4 2815s
 618075 541322     cutoff  184      5562772.74 4618492.17  17.0%   8.4 2820s
 619405 542232 5550770.56  123  219 5562772.74 4618557.05  17.0%   8.4 2825s
 620658 543262 4864614.80  104  293 5562772.74 4618568.72  17.0%   8.4 2830s
 622493 544727 4964279.95  206  220 5562772.74 4618568.72  17.0%   8.4 2835s
 623834 546087 5016177.01  234  214 5562772.74 4618568.72  17.0%   8.4 2850s
 625429 547716 5130685.72  299  205 5562772.74 4618568.72  17.0%   8.3 2855s
 627740 550060 5229130.81  327  194 5562772.74 4618568.72  17.0%   8.3 2860s
 629864 552143 5301136.87  352  187 5562772.74 4618568.72  17.0%   8.3 2865s
 631446 553667 5363614.19  386  180 5562772.74 4618568.72  17.0%   8.3 2870s
 632236 554227 5381384.31  393  182 5562772.74 4618568.72  17.0%   8.3 2883s
 632774 554810 5399898.79  400  183 5562772.74 4618568.72  17.0%   8.3 2885s
 634456 556370 5422702.93  405  181 5562772.74 4618568.72  17.0%   8.3 2890s
 635866 557633 5446407.33  408  177 5562772.74 4618568.72  17.0%   8.3 2895s
 637799 559010 5497179.20  462  176 5562772.74 4618568.72  17.0%   8.3 2900s
 639647 560264     cutoff  534      5562772.74 4618568.72  17.0%   8.3 2905s
 640599 561084 4897763.24  142  253 5562772.74 4618735.59  17.0%   8.3 2919s
 640928 561478 4914738.53  152  250 5562772.74 4618735.59  17.0%   8.3 2921s
 642471 562874 4985306.37  189  241 5562772.74 4618735.59  17.0%   8.3 2925s
 644075 564402 5021558.48  204  238 5562772.74 4618735.59  17.0%   8.3 2930s
 645406 565737 5119782.93  260  228 5562772.74 4618735.59  17.0%   8.3 2935s
 647380 567775 5201584.33  308  216 5562772.74 4618735.59  17.0%   8.3 2940s
 649494 569862 5319959.35  339  210 5562772.74 4618735.59  17.0%   8.3 2945s
 650668 571031 5359505.83  350  211 5562772.74 4618735.59  17.0%   8.3 2956s
 651889 572298 5384763.75  352  206 5562772.74 4618735.59  17.0%   8.3 2960s
 653500 573927 5406688.98  357  201 5562772.74 4618735.59  17.0%   8.3 2965s
 655231 575590 5416623.22  361  195 5562772.74 4618735.59  17.0%   8.2 2970s
 656854 577238 5483561.17  395  191 5562772.74 4618735.59  17.0%   8.2 2975s
 658684 578991 5527031.82  465  165 5562772.74 4618735.59  17.0%   8.2 2980s
 659739 579860     cutoff  504      5562772.74 4618735.59  17.0%   8.2 2990s
 661129 581063 4852124.10   75  298 5562772.74 4618764.18  17.0%   8.2 2995s
 662615 582564 5422380.52  138  222 5562772.74 4618764.18  17.0%   8.2 3000s
 664608 584208     cutoff  186      5562772.74 4618764.18  17.0%   8.2 3005s
 665520 584463 5554441.82  123  216 5562772.74 4618807.28  17.0%   8.2 3010s
 666709 585171     cutoff  114      5562772.74 4618902.56  17.0%   8.2 3015s
 668085 586072 5491465.98  109  209 5562772.74 4618913.16  17.0%   8.2 3020s
 669148 586920 5536802.25  146  206 5562772.74 4618930.45  17.0%   8.2 3025s
 670012 587708 5538404.34  147  227 5562772.74 4618938.40  17.0%   8.2 3037s
 670900 588498 5521569.22  336  257 5562772.74 4618938.40  17.0%   8.2 3040s
 672096 589526     cutoff  345      5562772.74 4618938.40  17.0%   8.2 3045s
 672952 590299 5543337.54  344  259 5562772.74 4618938.40  17.0%   8.2 3050s
 674113 591332 5545049.51  346  258 5562772.74 4618938.40  17.0%   8.2 3055s
 675639 592571 4632827.28  129  306 5562772.74 4618990.51  17.0%   8.2 3060s
 677224 594077 5153228.45  104  250 5562772.74 4618995.67  17.0%   8.2 3065s
 678338 595156 5457459.48  139  222 5562772.74 4618995.67  17.0%   8.2 3077s
 679243 595793 5536895.91  157  222 5562772.74 4618995.67  17.0%   8.2 3080s
 680330 596462 5545621.00  126  222 5562772.74 4619013.54  17.0%   8.2 3085s
 681978 598120 4952207.44  186  245 5562772.74 4619013.54  17.0%   8.1 3090s
 683764 599838 5043577.69  225  234 5562772.74 4619013.54  17.0%   8.2 3095s
 685119 601233 5119225.71  239  228 5562772.74 4619013.54  17.0%   8.2 3100s
 686813 602603 5179928.36  252  226 5562772.74 4619013.54  17.0%   8.2 3105s
 687714 603331 5220565.71  257  222 5562772.74 4619013.54  17.0%   8.2 3116s
 688636 603915 5269108.33  267  220 5562772.74 4619013.54  17.0%   8.2 3120s
 689671 604492 5310349.90  276  214 5562772.74 4619013.54  17.0%   8.2 3125s
 690532 605254 5324632.61  277  212 5562772.74 4619013.54  17.0%   8.2 3130s
 691746 606280 5330112.54  280  214 5562772.74 4619013.54  17.0%   8.2 3135s
 692681 607081 5340568.10  282  217 5562772.74 4619013.54  17.0%   8.1 3140s
 693909 608104 5349375.98  283  214 5562772.74 4619013.54  17.0%   8.1 3145s
 695561 609633 5387382.95  291  206 5562772.74 4619013.54  17.0%   8.1 3150s
 697081 611214 5447332.19  308  199 5562772.74 4619013.54  17.0%   8.1 3155s
 697338 611451 5448931.82  309  200 5562772.74 4619013.54  17.0%   8.1 3163s
 697997 612093 5458156.75  310  196 5562772.74 4619013.54  17.0%   8.1 3165s
 699424 613574 5495919.51  320  192 5562772.74 4619013.54  17.0%   8.1 3170s
 700915 615041 5522299.58  329  193 5562772.74 4619013.54  17.0%   8.1 3175s
 702322 616401 5549139.96  335  187 5562772.74 4619013.54  17.0%   8.1 3180s
 704187 617946     cutoff  306      5562772.74 4619083.10  17.0%   8.1 3185s
 705401 618988     cutoff  345      5562772.74 4619093.14  17.0%   8.1 3197s
 706520 619899 4819405.59   69  267 5562772.74 4619099.24  17.0%   8.1 3200s
 708280 620528 5552929.72  161  211 5562772.74 4619136.40  17.0%   8.1 3205s
 708996 620802 4844736.78  149  302 5562772.74 4619165.15  17.0%   8.1 3210s
 710627 622241 4964133.04  203  244 5562772.74 4619165.15  17.0%   8.1 3215s
 712333 623613 5084028.70  238  230 5562772.74 4619165.15  17.0%   8.1 3220s
 713999 624928 5148001.95  247  224 5562772.74 4619165.15  17.0%   8.1 3225s
 715674 626462 5204357.68  257  222 5562772.74 4619165.15  17.0%   8.1 3237s
 717051 627833 5255470.30  270  227 5562772.74 4619165.15  17.0%   8.1 3240s
 718724 629497 5317150.90  279  220 5562772.74 4619165.15  17.0%   8.1 3245s
 720713 631473 5380339.67  296  216 5562772.74 4619165.15  17.0%   8.0 3250s
 722907 633536 5417455.48  302  209 5562772.74 4619165.15  17.0%   8.0 3255s
 724077 634706 5440190.69  308  205 5562772.74 4619165.15  17.0%   8.0 3266s
 725329 635848 5465609.81  313  205 5562772.74 4619165.15  17.0%   8.0 3270s
 726656 637197 5503998.53  320  197 5562772.74 4619165.15  17.0%   8.0 3275s
 727877 638387 5513392.48  326  199 5562772.74 4619165.15  17.0%   8.0 3280s
 729217 639435 infeasible   80      5562772.74 4619297.93  17.0%   8.0 3285s
 730582 640690 5537630.69  141  215 5562772.74 4619297.93  17.0%   8.0 3290s
 732191 641611 5548316.33  103  209 5562772.74 4619306.20  17.0%   8.0 3295s
 733922 642903 4903230.85   98  253 5562772.74 4619323.94  17.0%   8.0 3308s
 734650 643635 4933998.48  168  241 5562772.74 4619323.94  17.0%   8.0 3310s
 736247 645062 5032359.99  234  231 5562772.74 4619323.94  17.0%   8.0 3315s
 738410 647212 5120624.68  253  228 5562772.74 4619323.94  17.0%   8.0 3320s
 740598 649423 5183349.04  264  227 5562772.74 4619323.94  17.0%   8.0 3325s
 742726 651567 5222390.61  272  225 5562772.74 4619323.94  17.0%   8.0 3330s
 743460 652285 5228268.50  274  227 5562772.74 4619323.94  17.0%   8.0 3343s
 743911 652698 5236590.38  273  224 5562772.74 4619323.94  17.0%   8.0 3345s
 745386 654153 5267420.14  280  221 5562772.74 4619323.94  17.0%   8.0 3350s
 746856 655614 5283021.86  284  273 5562772.74 4619323.94  17.0%   8.0 3355s
 748483 657251 5360314.84  316  204 5562772.74 4619323.94  17.0%   8.0 3360s
 750368 659200 5436796.87  395  187 5562772.74 4619323.94  17.0%   8.0 3365s
 752263 661113 5484785.49  434  179 5562772.74 4619323.94  17.0%   8.0 3370s
 753664 662352 5539469.34  479  158 5562772.74 4619323.94  17.0%   8.0 3380s
 754881 662950 4893115.01   91  231 5562772.74 4619383.68  17.0%   8.0 3385s
 755905 663515 5214187.70  132  218 5562772.74 4619383.68  17.0%   8.0 3390s
 756276 663622 5240001.53  136  216 5562772.74 4619383.68  17.0%   8.0 3395s
 756501 663843 5388945.04  146  210 5562772.74 4619383.68  17.0%   8.0 3400s
 756707 664052 5472210.40  159  206 5562772.74 4619383.68  17.0%   8.0 3405s
 756913 664260 5475148.08  159  205 5562772.74 4619383.68  17.0%   8.0 3410s
 757606 665060 5544115.94  179  198 5562772.74 4619383.68  17.0%   8.0 3415s
 758725 665968     cutoff  188      5562772.74 4619383.68  17.0%   8.0 3420s
 760361 667402 5451939.10  287  171 5562772.74 4619502.45  17.0%   8.0 3425s
 760664 667627 5538301.10  349  124 5562772.74 4619502.45  17.0%   8.0 3433s
 761277 668138 4908284.41   88  256 5562772.74 4619518.90  17.0%   8.0 3436s
 762702 669424 4959141.64  270  282 5562772.74 4619540.63  17.0%   7.9 3440s
 764028 670509 5538787.03  401  263 5562772.74 4619540.63  17.0%   7.9 3445s
 765041 671430 4988267.57   92  237 5562772.74 4619549.09  17.0%   7.9 3450s
 766714 672821 5528391.33  169  209 5562772.74 4619549.09  17.0%   7.9 3455s
 768004 673769 4878980.22  121  243 5562772.74 4619578.51  17.0%   7.9 3460s
 769488 675251 4955347.22  135  239 5562772.74 4619578.51  17.0%   7.9 3471s
 770673 676461 4994895.24  141  238 5562772.74 4619578.51  17.0%   7.9 3475s
 772181 677965 5055700.82  154  236 5562772.74 4619578.51  17.0%   7.9 3480s
 773940 679720 5114076.55  166  237 5562772.74 4619578.51  17.0%   7.9 3485s
 775412 681072 5157958.05  173  233 5562772.74 4619578.51  17.0%   7.9 3490s
 776787 682512 5184400.30  179  229 5562772.74 4619578.51  17.0%   7.9 3495s
 777789 683425 5221404.81  185  224 5562772.74 4619578.51  17.0%   7.9 3506s
 778825 684391 5260081.44  193  221 5562772.74 4619578.51  17.0%   7.9 3510s
 780324 685625 5295997.16  202  212 5562772.74 4619578.51  17.0%   7.8 3516s
 781470 686395 5383358.96  232  203 5562772.74 4619578.51  17.0%   7.8 3520s
 783092 687718 5419022.19  242  195 5562772.74 4619578.51  17.0%   7.8 3525s
 784485 688780 5445345.30  250  195 5562772.74 4619578.51  17.0%   7.8 3530s
 785772 690064 5473002.95  254  190 5562772.74 4619578.51  17.0%   7.8 3535s
 787531 691925 5508714.20  280  174 5562772.74 4619578.51  17.0%   7.8 3547s
 788641 692939 5542516.35  409  161 5562772.74 4619578.51  17.0%   7.8 3550s
 789925 693957 5074475.32   88  282 5562772.74 4619732.55  17.0%   7.8 3555s
 791289 695045 5550624.67  120  225 5562772.74 4619743.52  17.0%   7.8 3560s
 792867 696323     cutoff  130      5562772.74 4619763.97  17.0%   7.8 3565s
 794134 697445 4898396.87  103  249 5562772.74 4619777.44  17.0%   7.8 3570s
 795995 699308 5000949.38  186  230 5562772.74 4619777.44  17.0%   7.8 3575s
 796614 699901 5049349.37  204  229 5562772.74 4619777.44  17.0%   7.8 3583s
 797146 700400 5088548.03  215  227 5562772.74 4619777.44  17.0%   7.8 3585s
 798941 702092 5171530.49  250  223 5562772.74 4619777.44  17.0%   7.8 3590s
 800398 703495 5223143.37  272  220 5562772.74 4619777.44  17.0%   7.8 3595s
 801451 704532 5268756.35  292  209 5562772.74 4619777.44  17.0%   7.7 3600s

Cutting planes:
  RLT: 218

Explored 801562 nodes (6210328 simplex iterations) in 3600.16 seconds (1847.80 work units)
Thread count was 2 (of 24 available processors)

Solution count 10: 5.56277e+06 5.5628e+06 5.56295e+06 ... 5.57106e+06

Time limit reached
Best objective 5.562772742692e+06, best bound 4.619777435003e+06, gap 16.9519%
