
Gurobi 11.0.3 (linux64, Java) logging started dom 15 dez 2024 12:28:30 -03

Set parameter Username
Academic license - for non-commercial use only - expires 2025-10-10
Set parameter NonConvex to value 2
Set parameter TimeLimit to value 3600
Set parameter LogToConsole to value 0
Set parameter MIPGap to value 5.0092666967390145e-08
Set parameter Threads to value 2
Set parameter NodefileDir to value "/home/ps12398/experiment_epec/goalProgrammingMarcos/"
Set parameter NodefileStart to value 1
Gurobi Optimizer version 11.0.3 build v11.0.3rc0 (linux64)

CPU model: Intel(R) Xeon(R) CPU           X5650  @ 2.67GHz, instruction set [SSE2]
Thread count: 12 physical cores, 24 logical processors, using up to 2 threads

Optimize a model with 140956 rows, 94838 columns and 549744 nonzeros
Model fingerprint: 0x3af8535c
Model has 222 quadratic constraints
Variable types: 47312 continuous, 47526 integer (217 binary)
Coefficient statistics:
  Matrix range     [5e-03, 5e+06]
  QMatrix range    [5e-03, 8e+04]
  QLMatrix range   [1e+00, 8e+04]
  Objective range  [1e+00, 4e+07]
  Bounds range     [1e+00, 1e+08]
  RHS range        [1e+00, 6e+06]
  QRHS range       [1e-02, 1e-02]
Presolve removed 140469 rows and 93766 columns
Presolve time: 0.34s
Presolved: 1248 rows, 1315 columns, 45434 nonzeros
Presolved model has 2 SOS constraint(s)
Presolved model has 217 bilinear constraint(s)

Solving non-convex MIQCP

Variable types: 682 continuous, 633 integer (219 binary)
Found heuristic solution: objective 1.202624e+07

Root relaxation: objective 8.036438e+06, 327 iterations, 0.06 seconds (0.04 work units)

    Nodes    |    Current Node    |     Objective Bounds      |     Work
 Expl Unexpl |  Obj  Depth IntInf | Incumbent    BestBd   Gap | It/Node Time

     0     0 8036437.62    0  309 1.2026e+07 8036437.62  33.2%     -    0s
H    0     0                    1.142951e+07 8036437.62  29.7%     -    0s
     0     0 8882606.12    0  309 1.1430e+07 8882606.12  22.3%     -    1s
H    0     0                    1.081671e+07 8882606.12  17.9%     -    1s
     0     0 8928591.48    0  309 1.0817e+07 8928591.48  17.5%     -    1s
H    0     0                    1.050158e+07 8928591.48  15.0%     -    1s
     0     0 8933865.80    0  309 1.0502e+07 8933865.80  14.9%     -    1s
     0     0 8934918.80    0  309 1.0502e+07 8934918.80  14.9%     -    1s
     0     0 8934927.00    0  309 1.0502e+07 8934927.00  14.9%     -    3s
H    0     0                    1.025581e+07 8934932.29  12.9%     -    3s
     0     2 8934932.29    0  309 1.0256e+07 8934932.29  12.9%     -    3s
   329   332 8964908.74  140  300 1.0256e+07 8935082.32  12.9%   2.5    5s
H 1486  1490                    1.015508e+07 8935082.32  12.0%   3.4    8s
H 1581  1620                    1.015115e+07 8935082.32  12.0%   3.5    8s
H 1767  1791                    1.014625e+07 8935082.32  11.9%   3.8    9s
  1879  1958 9292522.04  749  266 1.0146e+07 8935082.32  11.9%   4.0   10s
H 2555  2579                    1.014568e+07 8935082.32  11.9%   5.5   12s
H 2623  2716                    1.014559e+07 8935082.32  11.9%   5.9   13s
  3454  3635 9753680.85 1476  245 1.0146e+07 8935082.32  11.9%   6.3   15s
  3638  3638 9563018.75 1076   92 1.0146e+07 9061589.85  10.7%   6.3   20s
H 3638  3456                    1.009693e+07 9074781.28  10.1%   6.3   20s
H 3646  3289                    1.008612e+07 9078673.05  10.0%   6.5   23s
  3652  3294 9078673.05    9   92 1.0086e+07 9078673.05  10.0%   6.7   25s
  3866  3501 9120073.88   93  275 1.0086e+07 9078785.65  10.0%   6.7   30s
H 4716  3841                    1.008612e+07 9078785.65  10.0%   6.9   33s
  5083  4180 9294164.03  384  265 1.0086e+07 9078785.65  10.0%   7.5   35s
H 5650  4350                    1.007425e+07 9078785.65  9.88%   8.1   37s
  6146  4764 9669889.11  663  252 1.0074e+07 9078785.65  9.88%   8.4   40s
H 6805  5055                    1.007399e+07 9078785.65  9.88%   9.1   43s
  7105  5367 9795918.82  907  242 1.0074e+07 9078785.65  9.88%   9.3   45s
  8328  6196 9947695.89 1248  224 1.0074e+07 9078785.65  9.88%  10.0   50s
H 8832  6356                    1.007173e+07 9078785.65  9.86%  10.7   52s
  9546  6901 9142133.12  168  293 1.0072e+07 9078814.46  9.86%  11.3   56s
 10293  7313 9232037.71  317  275 1.0072e+07 9078814.46  9.86%  11.8   60s
 11429  7998 9458671.98  544  264 1.0072e+07 9078814.46  9.86%  12.5   65s
 12540  8960 9631368.14  831  263 1.0072e+07 9078814.46  9.86%  13.3   70s
 13682 10138 9776963.10 1070  249 1.0072e+07 9078814.46  9.86%  14.2   75s
 14469 10944 9881738.77 1264  242 1.0072e+07 9078814.46  9.86%  15.1   80s
 15166 11864 9984943.43 1473  237 1.0072e+07 9078814.46  9.86%  15.8   86s
H15607 12269                    1.007172e+07 9078814.46  9.86%  15.6   88s
 16050 12704 9135136.86  128  293 1.0072e+07 9078836.28  9.86%  15.3   90s
H16182 12704                    1.007172e+07 9078836.28  9.86%  15.4   90s
H16937 13253                    1.007135e+07 9078836.28  9.85%  15.1   93s
H17257 13588                    1.007134e+07 9078836.28  9.85%  15.1   95s
H18258 14560                    1.006981e+07 9078836.28  9.84%  15.2   98s
 18647 15263 9842005.39  731  238 1.0070e+07 9078836.28  9.84%  15.5  100s
H19120 15640                    1.006938e+07 9078836.28  9.84%  15.8  102s
H19397 15640                    1.006805e+07 9078836.28  9.83%  15.9  102s
 19847 16146 9133280.94  113  295 1.0068e+07 9078846.16  9.83%  15.9  105s
H20118 16256                    1.006388e+07 9078846.16  9.79%  16.0  106s
 20176 16258 9298223.90  208  275 1.0064e+07 9078846.16  9.79%  16.1  111s
H20710 16987                    1.006385e+07 9078846.16  9.79%  16.4  114s
 20907 17191 9557647.27  369  267 1.0064e+07 9078846.16  9.79%  16.5  116s
 21743 18071 9824344.26  584  256 1.0064e+07 9078846.16  9.79%  17.1  121s
 22704 19090 9897636.96  719  248 1.0064e+07 9078846.16  9.79%  17.7  125s
 24055 20271 9193378.33  209  282 1.0064e+07 9078867.89  9.79%  17.6  130s
 25091 21294 9501308.19  349  262 1.0064e+07 9078867.89  9.79%  17.8  135s
 25909 21888 9615350.05  399  257 1.0064e+07 9078867.89  9.79%  18.1  142s
 26513 22565 9651698.61  411  254 1.0064e+07 9078867.89  9.79%  18.0  145s
 27994 24312 9855905.82  526  240 1.0064e+07 9078867.89  9.79%  18.4  151s
 28927 25173 9970971.99  620  229 1.0064e+07 9078867.89  9.79%  18.6  155s
 30437 26473 9215101.68  235  279 1.0064e+07 9078869.51  9.79%  19.2  160s
 32111 28241 9485184.28  340  264 1.0064e+07 9078869.51  9.79%  19.6  165s
 33417 29159 9693632.59  418  255 1.0064e+07 9078869.51  9.79%  19.5  170s
 34684 30929 9859749.93  493  242 1.0064e+07 9078869.51  9.79%  19.5  175s
 36581 32402 1.0053e+07  663  220 1.0064e+07 9078869.51  9.79%  19.7  185s
 37991 33596 9372176.80  282  272 1.0064e+07 9078875.05  9.79%  19.6  190s
 39632 35332 9872414.69  477  250 1.0064e+07 9078875.05  9.79%  19.7  195s
H41062 36605                    1.006358e+07 9078878.31  9.78%  20.2  200s
 42830 38520 9551041.15  291  259 1.0064e+07 9078878.31  9.78%  20.2  206s
 43968 39548 9738702.90  393  251 1.0064e+07 9078878.31  9.78%  20.4  210s
 45891 41579 1.0030e+07  579  225 1.0064e+07 9078878.31  9.78%  20.5  216s
H47180 42390                    1.006352e+07 9078886.99  9.78%  20.2  219s
 47237 42761 9983833.05  429  251 1.0064e+07 9078886.99  9.78%  20.2  220s
 48901 44180 1.0051e+07  657  256 1.0064e+07 9078888.76  9.78%  19.7  225s
 49929 44935 9383936.86  173  271 1.0064e+07 9078889.89  9.78%  19.5  235s
 50909 46018 9255760.27  167  282 1.0064e+07 9078891.25  9.78%  19.4  240s
H51318 46414                    1.006293e+07 9078891.25  9.78%  19.4  242s
 51822 46921 9462099.34  225  268 1.0063e+07 9078891.25  9.78%  19.4  245s
 53197 48161 9663223.46  308  258 1.0063e+07 9078891.25  9.78%  19.2  250s
H53770 48662                    1.006288e+07 9078891.25  9.78%  19.1  252s
 54504 49328 9864489.44  402  248 1.0063e+07 9078891.25  9.78%  19.0  255s
 55821 50702 9668400.15  262  275 1.0063e+07 9078891.25  9.78%  19.4  260s
 57470 52264 9734770.27  242  273 1.0063e+07 9078891.25  9.78%  19.1  265s
 58605 53341     cutoff  394      1.0063e+07 9078891.25  9.78%  18.8  270s
 60128 54811 9485350.94  312  270 1.0063e+07 9078895.21  9.78%  18.7  275s
 61421 56242 9658504.99  408  256 1.0063e+07 9078895.21  9.78%  18.7  280s
 62995 57706 9808376.32  482  244 1.0063e+07 9078895.21  9.78%  18.5  285s
 64974 59554 1.0041e+07  693  224 1.0063e+07 9078895.21  9.78%  18.6  290s
 66732 60860 9648686.66  215  264 1.0063e+07 9078896.91  9.78%  18.3  295s
 68535 62877 9348722.56  167  290 1.0063e+07 9078897.99  9.78%  18.1  301s
 69937 64007 9919824.46  369  253 1.0063e+07 9078901.30  9.78%  17.8  305s
 70276 64095 9906223.02  136  239 1.0063e+07 9078901.41  9.78%  17.7  310s
 71185 65028 9935839.37  292  249 1.0063e+07 9078903.93  9.78%  17.5  315s
 72642 66276     cutoff  288      1.0063e+07 9078908.13  9.78%  17.4  320s
 73643 67370 9479706.65  249  269 1.0063e+07 9078910.35  9.78%  17.4  325s
 75048 68701 9727688.44  392  260 1.0063e+07 9078910.35  9.78%  17.3  330s
 76317 69740 9163274.11   55  299 1.0063e+07 9078921.90  9.78%  17.1  335s
 78166 71611 9595021.95  305  257 1.0063e+07 9078922.26  9.78%  16.9  340s
 79760 73418 9863976.67  466  235 1.0063e+07 9078922.26  9.78%  16.8  345s
 81408 74502 1.0035e+07  584  217 1.0063e+07 9078922.26  9.78%  16.6  353s
 81589 74777 1.0044e+07  587  215 1.0063e+07 9078922.26  9.78%  16.6  355s
 82837 75835 1.0040e+07  366  247 1.0063e+07 9078922.78  9.78%  16.4  360s
 84462 77492 9572302.97  358  262 1.0063e+07 9078926.40  9.78%  16.2  365s
 85967 78903 9837371.79  694  236 1.0063e+07 9078926.40  9.78%  16.0  370s
 87473 80382 1.0005e+07 1190  208 1.0063e+07 9078926.40  9.78%  16.0  375s
 89229 81774 9998648.50  323  254 1.0063e+07 9078926.40  9.78%  15.9  380s
 90300 82661 9079127.08   53  300 1.0063e+07 9078929.15  9.78%  15.9  385s
 91784 83914 9469321.46  158  280 1.0063e+07 9078929.15  9.78%  15.7  390s
 92961 84743 1.0054e+07  139  270 1.0063e+07 9078931.88  9.78%  15.6  397s
H93109 85072                    1.006288e+07 9078932.03  9.78%  15.6  399s
 93433 85306 1.0011e+07  306  249 1.0063e+07 9078932.03  9.78%  15.6  400s
 94445 86271 9148939.99  129  285 1.0063e+07 9078932.66  9.78%  15.5  405s
 95972 87816 9635596.87  365  254 1.0063e+07 9078932.66  9.78%  15.4  411s
 97306 89303 9850382.34  453  241 1.0063e+07 9078932.66  9.78%  15.2  415s
 99010 90694     cutoff  608      1.0063e+07 9078932.66  9.78%  15.0  421s
 100180 91556     cutoff  252      1.0063e+07 9078936.55  9.78%  14.9  426s
 101227 92514 9395709.51  248  281 1.0063e+07 9078937.79  9.78%  14.9  430s
 102294 93428 9603091.25  378  274 1.0063e+07 9078937.79  9.78%  14.8  439s
 102477 93610 9627232.78  397  271 1.0063e+07 9078937.79  9.78%  14.8  440s
 103753 94955 9804266.45  488  260 1.0063e+07 9078937.79  9.78%  14.8  446s
 105102 96318 1.0008e+07  630  221 1.0063e+07 9078937.79  9.78%  14.8  450s
H105892 96635                    1.006267e+07 9078946.28  9.78%  14.8  452s
 106516 97486     cutoff  306      1.0063e+07 9078946.28  9.78%  14.8  455s
 107776 98590     cutoff  380      1.0063e+07 9078946.70  9.78%  14.8  460s
 109358 100154 9262339.56  118  283 1.0063e+07 9078947.68  9.78%  14.9  466s
 110652 101261 infeasible  219      1.0063e+07 9078947.68  9.78%  14.9  470s
 112067 102419 9802886.51  533  223 1.0063e+07 9078947.68  9.78%  14.9  475s
H112165 102404                    1.006213e+07 9078947.68  9.77%  14.9  475s
 113956 103970 9992777.98  768  203 1.0062e+07 9078947.68  9.77%  15.0  483s
 114277 104620 1.0013e+07  783  201 1.0062e+07 9078947.68  9.77%  15.0  485s
 115605 105753 9307117.23  100  279 1.0062e+07 9078954.70  9.77%  15.1  490s
H116645 106431                    1.006213e+07 9078960.85  9.77%  15.0  493s
 117006 106922 9662190.11  236  276 1.0062e+07 9078962.50  9.77%  15.0  495s
 118225 108201 9913763.29  299  241 1.0062e+07 9078963.24  9.77%  15.0  500s
 119742 109420 9286670.18  207  278 1.0062e+07 9078968.00  9.77%  15.0  505s
 120980 110465 9544139.35  318  271 1.0062e+07 9078968.00  9.77%  14.9  510s
 121769 111086 9693873.37  380  267 1.0062e+07 9078968.00  9.77%  15.0  519s
 121817 111316 9724638.72  388  254 1.0062e+07 9078968.00  9.77%  15.0  520s
H121895 111316                    1.006213e+07 9078968.00  9.77%  15.0  520s
 123003 112425 9895621.06  434  247 1.0062e+07 9078968.00  9.77%  14.9  525s
 124374 113765 1.0038e+07  554  215 1.0062e+07 9078974.62  9.77%  14.9  530s
 125626 114843 9329431.87  274  277 1.0062e+07 9078977.44  9.77%  14.9  535s
 127157 116385 9612994.85  461  255 1.0062e+07 9078977.44  9.77%  14.8  540s
 129008 118296 9870263.92  624  241 1.0062e+07 9078977.44  9.77%  14.8  545s
 130982 119842 1.0050e+07  833  213 1.0062e+07 9078977.44  9.77%  14.8  551s
 132364 121087 9166259.57  137  292 1.0062e+07 9078982.25  9.77%  14.8  555s
 134087 122690 9601853.01  283  275 1.0062e+07 9078982.25  9.77%  14.7  560s
 134986 123714 9752626.16  372  252 1.0062e+07 9078982.25  9.77%  14.6  565s
 136820 125229 1.0060e+07  579  205 1.0062e+07 9078982.25  9.77%  14.6  570s
 138132 126223 9931161.77  200  249 1.0062e+07 9078986.19  9.77%  14.5  577s
 138248 126651 9924517.31  198  251 1.0062e+07 9078986.19  9.77%  14.5  580s
 139397 127652 9121762.72   78  295 1.0062e+07 9078986.34  9.77%  14.4  585s
 141202 129258 9597314.30  338  258 1.0062e+07 9078986.34  9.77%  14.4  590s
 142657 130874 9894797.19  573  226 1.0062e+07 9078986.34  9.77%  14.5  595s
 144369 132330     cutoff  109      1.0062e+07 9078986.72  9.77%  14.6  600s
 145976 133540 9681670.54  219  264 1.0062e+07 9078988.95  9.77%  14.5  605s
 147024 134505     cutoff  356      1.0062e+07 9078989.59  9.77%  14.5  610s
 147608 134760 9257820.19   74  286 1.0062e+07 9078992.85  9.77%  14.4  615s
 148487 135734 9404229.31  143  278 1.0062e+07 9078994.41  9.77%  14.4  620s
 150079 137240 9921565.37  363  245 1.0062e+07 9078994.41  9.77%  14.3  626s
 151364 138270 9238652.01  214  273 1.0062e+07 9078996.34  9.77%  14.2  630s
 153286 140168 9867521.94  800  220 1.0062e+07 9078996.34  9.77%  14.2  635s
 155208 141973 9809674.19  227  264 1.0062e+07 9078998.12  9.77%  14.1  640s
 157155 143731 9859929.21  257  242 1.0062e+07 9078998.12  9.77%  13.9  645s
 158292 144526 9102065.97   53  295 1.0062e+07 9079000.18  9.77%  13.9  650s
 158894 145058 9382762.11  196  268 1.0062e+07 9079000.18  9.77%  13.8  655s
 160057 146296 9630550.18  287  255 1.0062e+07 9079000.18  9.77%  13.8  660s
 161720 147567 9832563.61  536  226 1.0062e+07 9079000.18  9.77%  13.8  665s
 163594 149517 1.0003e+07  731  205 1.0062e+07 9079000.18  9.77%  13.9  670s
 164836 150484 1.0043e+07  140  254 1.0062e+07 9079005.83  9.77%  14.0  675s
 166436 152131 9332967.18  122  268 1.0062e+07 9079005.90  9.77%  13.9  680s
 167811 153040 1.0049e+07  224  220 1.0062e+07 9079006.21  9.77%  13.9  685s
 168227 153336 9105927.04   74  288 1.0062e+07 9079006.32  9.77%  13.9  690s
 169879 154997 9456543.50  317  262 1.0062e+07 9079006.32  9.77%  13.9  695s
 171885 157087 9846894.10  501  235 1.0062e+07 9079006.32  9.77%  13.9  700s
 173162 158343 1.0014e+07  566  230 1.0062e+07 9079006.32  9.77%  13.9  705s
 174606 159236 9980879.65   96  237 1.0062e+07 9079009.75  9.77%  13.9  710s
 176097 160364 1.0017e+07  103  232 1.0062e+07 9079018.55  9.77%  13.8  715s
 178268 162422 9676553.10  391  242 1.0062e+07 9079019.46  9.77%  13.8  720s
 180305 164492 1.0026e+07  659  210 1.0062e+07 9079019.46  9.77%  13.8  726s
H181675 161087                    1.004200e+07 9079020.86  9.59%  13.8  733s
H181681 161133                    1.004200e+07 9079020.86  9.59%  13.8  734s
H181745 160841                    1.004105e+07 9079021.11  9.58%  13.8  734s
 181747 161048 9187803.18   56  306 1.0041e+07 9079021.11  9.58%  13.8  735s
 182785 161880 9079445.77   55  299 1.0041e+07 9079021.52  9.58%  13.8  740s
H183337 162075                    1.004049e+07 9079023.28  9.58%  13.8  741s
 184597 163306     cutoff  117      1.0040e+07 9079024.38  9.58%  13.7  745s
H184713 163000                    1.003966e+07 9079024.38  9.57%  13.7  745s
 186180 164599 9776005.82  404  228 1.0040e+07 9079024.41  9.57%  13.6  750s
 188058 166014 9167088.09  108  287 1.0040e+07 9079030.89  9.57%  13.6  756s
 189367 167264 9579828.67  330  254 1.0040e+07 9079030.89  9.57%  13.5  760s
 190958 168995 9823813.84  454  239 1.0040e+07 9079030.89  9.57%  13.5  765s
H191420 169303                    1.003962e+07 9079030.89  9.57%  13.4  766s
 192693 170463 1.0024e+07  710  212 1.0040e+07 9079030.89  9.57%  13.5  770s
 193916 171544 9188051.34   56  300 1.0040e+07 9079033.88  9.57%  13.5  775s
 195252 172557 9879901.95  219  216 1.0040e+07 9079038.64  9.57%  13.4  783s
 195553 172883 9950350.75   85  246 1.0040e+07 9079039.53  9.57%  13.4  786s
H196222 173107                    1.003903e+07 9079039.77  9.56%  13.4  788s
 196660 173405     cutoff  365      1.0039e+07 9079041.50  9.56%  13.4  790s
H197665 173977                    1.003875e+07 9079052.15  9.56%  13.3  794s
 197781 174272 9780382.94  170  227 1.0039e+07 9079052.15  9.56%  13.3  795s
 199524 175871 9755539.66  349  229 1.0039e+07 9079056.69  9.56%  13.3  800s
 201233 177540 1.0019e+07   98  240 1.0039e+07 9079056.90  9.56%  13.3  806s
 202684 178842 9388468.67  227  275 1.0039e+07 9079071.70  9.56%  13.3  810s
 204080 180010 9275004.60  180  281 1.0039e+07 9079073.80  9.56%  13.3  815s
H205364 178785                    1.003195e+07 9079073.80  9.50%  13.3  819s
 205432 179013 9502961.69  291  257 1.0032e+07 9079073.80  9.50%  13.3  820s
 206035 179349 9594453.87  306  255 1.0032e+07 9079073.80  9.50%  13.3  825s
 207150 180594 9726170.58  327  250 1.0032e+07 9079073.80  9.50%  13.2  830s
 209216 182431 9953836.69  497  201 1.0032e+07 9079073.80  9.50%  13.1  835s
 210964 183761 infeasible  277      1.0032e+07 9079084.52  9.50%  13.1  843s
 211105 184059 9446968.96  283  265 1.0032e+07 9079084.52  9.50%  13.1  845s
H211702 184546                    1.003185e+07 9079084.52  9.50%  13.1  846s
H211801 184773                    1.003185e+07 9079084.52  9.50%  13.1  847s
 212335 185448 9777189.45  358  250 1.0032e+07 9079084.52  9.50%  13.1  850s
H213293 186053                    1.003164e+07 9079084.52  9.50%  13.1  852s
 213840 186657 9965955.23  532  209 1.0032e+07 9079084.52  9.50%  13.0  855s
 215267 187592     cutoff  354      1.0032e+07 9079095.87  9.50%  13.0  860s
 216887 189082 1.0010e+07  248  221 1.0032e+07 9079098.80  9.50%  13.0  865s
 217884 189899 9150588.98   76  283 1.0032e+07 9079103.88  9.50%  13.0  874s
 218047 190150 9198195.75  106  297 1.0032e+07 9079103.88  9.50%  12.9  875s
 219362 191648 9562864.84  403  274 1.0032e+07 9079103.88  9.50%  12.9  880s
 221307 193180 9262678.97   89  261 1.0032e+07 9079109.65  9.50%  12.8  885s
 223142 194629 9755421.42  358  229 1.0032e+07 9079109.65  9.50%  12.8  890s
 224535 196081 9936895.67  515  193 1.0032e+07 9079109.65  9.50%  12.7  895s
H226037 197033                    1.003162e+07 9079120.44  9.50%  12.8  901s
 226866 198008 9334271.69   74  271 1.0032e+07 9079141.19  9.49%  12.8  905s
 228469 199384 9483637.86   74  264 1.0032e+07 9079141.44  9.49%  12.8  914s
 228677 199664 1.0019e+07   91  245 1.0032e+07 9079145.46  9.49%  12.8  915s
H229054 199899                    1.003161e+07 9079145.46  9.49%  12.7  916s
 229367 200395 9270868.68  101  281 1.0032e+07 9079148.72  9.49%  12.7  920s
 230720 201463 9509910.49  346  274 1.0032e+07 9079148.72  9.49%  12.7  925s
 232605 203214 9832040.11  637  248 1.0032e+07 9079148.72  9.49%  12.7  931s
 234162 204770 9962627.61  805  231 1.0032e+07 9079148.72  9.49%  12.7  936s
 235372 205844 9254591.84  143  297 1.0032e+07 9079175.38  9.49%  12.8  940s
 237192 207430 9293030.87  152  292 1.0032e+07 9079178.31  9.49%  12.7  945s
 237896 207605     cutoff  105      1.0032e+07 9079181.78  9.49%  12.7  950s
 238576 208368 9257118.73  224  295 1.0032e+07 9079186.53  9.49%  12.7  955s
 240257 210039 9713708.99  369  259 1.0032e+07 9079189.28  9.49%  12.6  960s
 242132 211678 9251423.67   94  289 1.0032e+07 9079190.53  9.49%  12.6  965s
 243941 213314 9713608.24  261  277 1.0032e+07 9079190.53  9.49%  12.6  970s
 245180 214502 9946629.09  359  247 1.0032e+07 9079190.53  9.49%  12.6  975s
 246862 215688 9285452.43  129  297 1.0032e+07 9079220.96  9.49%  12.6  980s
 247423 216104     cutoff  402      1.0032e+07 9079229.04  9.49%  12.6  986s
 248078 216945 9478408.58  179  286 1.0032e+07 9079229.04  9.49%  12.6  990s
 249847 218702 9781322.23  523  227 1.0032e+07 9079229.04  9.49%  12.5  995s
 251800 220008 9159725.57  144  293 1.0032e+07 9079242.98  9.49%  12.4 1001s
 252725 221003 9492863.86  280  250 1.0032e+07 9079242.98  9.49%  12.4 1005s
 254274 222737 9840416.86  416  236 1.0032e+07 9079242.98  9.49%  12.4 1010s
 255989 224064 1.0022e+07  586  216 1.0032e+07 9079247.39  9.49%  12.4 1015s
 257516 225277 9403957.10  301  272 1.0032e+07 9079252.36  9.49%  12.4 1020s
 257886 225654 9520393.40  356  263 1.0032e+07 9079252.36  9.49%  12.4 1025s
H258189 225763                    1.003161e+07 9079252.36  9.49%  12.4 1025s
 259597 227636 9869020.44  470  241 1.0032e+07 9079252.36  9.49%  12.4 1031s
 261539 229505 9985483.97  618  226 1.0032e+07 9079252.36  9.49%  12.3 1035s
 263139 230852 9747141.53  324  257 1.0032e+07 9079273.15  9.49%  12.3 1040s
 264617 231914 9184014.76   57  296 1.0032e+07 9079283.46  9.49%  12.2 1045s
H265884 232896                    1.003161e+07 9079285.56  9.49%  12.2 1049s
 265978 233093 9324066.15  158  299 1.0032e+07 9079285.56  9.49%  12.2 1050s
H267313 234307                    1.003153e+07 9079285.56  9.49%  12.2 1054s
H267459 234480                    1.003153e+07 9079285.56  9.49%  12.2 1054s
 267579 234639 9717718.64  289  239 1.0032e+07 9079285.56  9.49%  12.2 1055s
 268735 235946 infeasible  334      1.0032e+07 9079285.56  9.49%  12.2 1063s
 269324 236219 9972638.08  377  189 1.0032e+07 9079285.56  9.49%  12.3 1065s
 270500 237450 1.0007e+07  107  238 1.0032e+07 9079294.02  9.49%  12.3 1070s
 272241 238945 9423056.34  306  275 1.0032e+07 9079309.18  9.49%  12.3 1075s
 273970 240717 9892003.01  520  243 1.0032e+07 9079309.18  9.49%  12.3 1080s
 275652 242414 9317425.41  190  282 1.0032e+07 9079312.10  9.49%  12.2 1085s
 277230 243686 9095980.45   61  297 1.0032e+07 9079320.73  9.49%  12.2 1091s
 278550 244671 9312407.51  111  250 1.0032e+07 9079329.24  9.49%  12.2 1096s
 279505 245822 9742820.94  225  214 1.0032e+07 9079329.24  9.49%  12.1 1100s
 280294 246493 9426692.93   78  255 1.0032e+07 9079343.50  9.49%  12.1 1105s
 281954 248021 9370316.29  177  287 1.0032e+07 9079346.95  9.49%  12.1 1110s
 283551 249366 9313765.60  116  276 1.0032e+07 9079357.92  9.49%  12.1 1115s
 284045 249662 9450848.75  245  268 1.0032e+07 9079357.92  9.49%  12.1 1120s
 285685 251410 9722207.47  312  255 1.0032e+07 9079357.92  9.49%  12.0 1125s
 287803 253348 9987896.54  532  212 1.0032e+07 9079357.92  9.49%  12.0 1130s
 288950 254325 9294175.80  177  277 1.0032e+07 9079373.65  9.49%  12.0 1138s
 289460 254502     cutoff  357      1.0032e+07 9079377.03  9.49%  12.0 1140s
 290837 255685 9981011.43   92  234 1.0032e+07 9079417.25  9.49%  11.9 1145s
 292185 256828 9399778.75  238  245 1.0032e+07 9079420.95  9.49%  11.9 1150s
 294023 258422 9784142.54  572  217 1.0032e+07 9079420.95  9.49%  11.9 1155s
 295495 259799 1.0019e+07  708  181 1.0032e+07 9079451.06  9.49%  11.9 1160s
 297295 261616 9804537.59  464  238 1.0032e+07 9079451.06  9.49%  11.9 1165s
 297631 261724     cutoff  550      1.0032e+07 9079461.76  9.49%  11.9 1170s
 298552 262685 9289854.06   66  257 1.0032e+07 9079468.81  9.49%  11.8 1175s
 300160 263977 9983958.25  136  218 1.0032e+07 9079477.29  9.49%  11.8 1180s
 301112 264646 9437090.74  169  288 1.0032e+07 9079478.83  9.49%  11.8 1185s
 302504 265757 9754295.03  254  266 1.0032e+07 9079478.83  9.49%  11.8 1190s
 303660 267275 9936983.23  368  193 1.0032e+07 9079478.83  9.49%  11.8 1195s
 305792 268779 9266963.08  208  261 1.0032e+07 9079512.58  9.49%  11.7 1200s
 306782 269622 9618525.97  380  234 1.0032e+07 9079512.58  9.49%  11.7 1207s
 307182 269954 9708408.75  403  235 1.0032e+07 9079512.58  9.49%  11.7 1210s
 308647 271456 9969898.30  580  194 1.0032e+07 9079512.58  9.49%  11.7 1215s
 310571 272973 1.0028e+07  113  235 1.0032e+07 9079568.81  9.49%  11.7 1220s
 312223 274225 9628789.74  298  242 1.0032e+07 9079571.22  9.49%  11.6 1228s
 312558 274859 9650976.59  383  242 1.0032e+07 9079571.22  9.49%  11.6 1230s
 313608 275827 9725843.09  602  214 1.0032e+07 9079571.22  9.49%  11.6 1235s
Created node file directory '/home/ps12398/experiment_epec/goalProgrammingMarcos//grbnodes19'
 315375 277341 infeasible   80      1.0032e+07 9079607.61  9.49%  11.6 1257s
 316517 278405 9193365.02   87  286 1.0032e+07 9079614.56  9.49%  11.5 1260s
 318001 279634 9181583.12  104  299 1.0032e+07 9079634.30  9.49%  11.5 1265s
 319895 281366 9524903.23  323  257 1.0032e+07 9079634.30  9.49%  11.5 1271s
 321206 282575 9739120.43  362  247 1.0032e+07 9079634.30  9.49%  11.5 1275s
 322159 283201 9851836.38  453  235 1.0032e+07 9079634.30  9.49%  11.4 1281s
 323174 284319 1.0017e+07  535  216 1.0032e+07 9079649.96  9.49%  11.4 1285s
 324336 285251 9206416.83  101  285 1.0032e+07 9079689.01  9.49%  11.4 1290s
 325857 286666 9282501.40  123  296 1.0032e+07 9079703.36  9.49%  11.4 1295s
 326389 287170 9449357.76  248  271 1.0032e+07 9079703.36  9.49%  11.4 1313s
 327219 288011 9628320.52  285  268 1.0032e+07 9079703.36  9.49%  11.3 1315s
 328815 289322 9855909.17  482  240 1.0032e+07 9079703.36  9.49%  11.3 1321s
 330347 290512 1.0007e+07  658  222 1.0032e+07 9079740.71  9.49%  11.3 1325s
 331427 291313 9394970.07  268  272 1.0032e+07 9079752.53  9.49%  11.3 1331s
 332091 292300 9599613.13  377  260 1.0032e+07 9079752.53  9.49%  11.3 1336s
 333419 293623 9871276.62  479  242 1.0032e+07 9079752.53  9.49%  11.3 1340s
 335053 295085 9583196.65   81  257 1.0032e+07 9079785.04  9.49%  11.3 1345s
 336627 296511 9333936.93  227  271 1.0032e+07 9079792.65  9.49%  11.3 1367s
 337556 297456 9830911.63  468  248 1.0032e+07 9079792.65  9.49%  11.3 1370s
 339194 298840 9268839.10  211  285 1.0032e+07 9079802.29  9.49%  11.3 1375s
 340607 300167 9687252.89  438  250 1.0032e+07 9079802.29  9.49%  11.3 1381s
 341667 301451 9831165.67  469  248 1.0032e+07 9079802.29  9.49%  11.2 1386s
 343330 303066 9343267.45  163  271 1.0032e+07 9079802.31  9.49%  11.2 1391s
 344786 304031 9985962.78  404  169 1.0032e+07 9079832.30  9.49%  11.2 1395s
 345603 304692     cutoff  337      1.0032e+07 9079862.44  9.49%  11.1 1415s
 346235 305039 9507639.42  229  248 1.0032e+07 9079882.53  9.49%  11.1 1422s
 346865 305643 9218235.55   76  301 1.0032e+07 9079902.18  9.49%  11.1 1425s
 348154 306677 9550240.97  292  264 1.0032e+07 9079902.18  9.49%  11.1 1430s
 349190 307653 9791731.29  352  251 1.0032e+07 9079902.18  9.49%  11.1 1435s
 350950 309356 1.0005e+07  554  214 1.0032e+07 9079998.58  9.49%  11.1 1440s
 352865 311317 9738361.30  450  207 1.0032e+07 9080007.15  9.49%  11.1 1445s
 355137 312976     cutoff  204      1.0032e+07 9080033.35  9.49%  11.1 1450s
 355871 313574 9353020.52  194  281 1.0032e+07 9080055.76  9.48%  11.1 1469s
 356328 314024 9449673.25  237  274 1.0032e+07 9080055.76  9.48%  11.1 1470s
H356875 314296                    1.003150e+07 9080055.76  9.48%  11.1 1472s
 357564 314998 9681912.61  280  264 1.0032e+07 9080055.76  9.48%  11.1 1475s
 358141 315515 9794367.04  392  250 1.0032e+07 9080055.76  9.48%  11.1 1480s
 359951 317576 9979977.02  603  221 1.0032e+07 9080055.76  9.48%  11.1 1485s
 361597 318867 9417227.37  262  270 1.0032e+07 9080111.90  9.48%  11.1 1490s
H362226 319355                    1.003150e+07 9080111.90  9.48%  11.1 1492s
H362499 319656                    1.003060e+07 9080111.90  9.48%  11.1 1493s
 362927 320323 9753065.61  447  246 1.0031e+07 9080111.90  9.48%  11.1 1495s
 363560 320871 9852122.74  468  243 1.0031e+07 9080111.90  9.48%  11.1 1500s
H363645 320869                    1.002980e+07 9080111.90  9.47%  11.1 1500s
H364832 321929                    1.002975e+07 9080111.90  9.47%  11.1 1502s
 365313 322365 9299608.11   66  306 1.0030e+07 9080122.54  9.47%  11.1 1505s
 365889 322829 9197162.82   71  277 1.0030e+07 9080170.32  9.47%  11.1 1523s
 366387 323099 9326845.51   75  258 1.0030e+07 9080182.68  9.47%  11.1 1525s
H366581 323325                    1.002892e+07 9080193.42  9.46%  11.1 1527s
 367677 324230 9776139.37  344  246 1.0029e+07 9080196.95  9.46%  11.0 1530s
 368407 324838 9995118.72   92  227 1.0029e+07 9080206.47  9.46%  11.0 1535s
H368410 324981                    1.002892e+07 9080213.71  9.46%  11.0 1536s
H368730 325209                    1.002833e+07 9080217.57  9.45%  11.0 1537s
 369218 325788 9373071.38  215  246 1.0028e+07 9080217.57  9.45%  11.0 1540s
 370724 326948 9688607.04  287  232 1.0028e+07 9080217.57  9.45%  11.0 1545s
H370775 326948                    1.002832e+07 9080217.57  9.45%  11.0 1545s
 372084 328324 9916725.72  446  184 1.0028e+07 9080217.57  9.45%  11.0 1550s
 373912 330052 9849322.98  222  238 1.0028e+07 9080320.37  9.45%  11.0 1555s
 375188 331271 9837031.88  224  239 1.0028e+07 9080320.37  9.45%  11.0 1574s
 375488 331557 1.0013e+07  246  227 1.0028e+07 9080345.47  9.45%  11.0 1575s
 377093 332737 9336042.15  189  281 1.0028e+07 9080389.51  9.45%  10.9 1580s
 378412 334106 9659064.24  343  261 1.0028e+07 9080389.51  9.45%  10.9 1587s
 379236 334999 9798003.82  431  251 1.0028e+07 9080389.51  9.45%  10.9 1590s
 380860 336508 1.0002e+07  695  222 1.0028e+07 9080389.51  9.45%  11.0 1595s
 382604 337765 9330875.55  165  267 1.0028e+07 9080541.89  9.45%  11.0 1600s
 383541 338723 9587386.89  302  242 1.0028e+07 9080541.89  9.45%  11.0 1605s
 384155 339473 9727299.36  329  239 1.0028e+07 9080541.89  9.45%  11.0 1610s
 384477 339730 9778642.75  341  235 1.0028e+07 9080541.89  9.45%  11.0 1626s
 385638 340716 9941330.10  510  206 1.0028e+07 9080541.89  9.45%  11.0 1630s
 387053 341818 9981796.65  100  228 1.0028e+07 9080707.18  9.45%  11.0 1635s
 388149 342695 9438433.09   76  251 1.0028e+07 9080824.10  9.45%  11.0 1640s
 390269 344636 9657196.30  288  226 1.0028e+07 9080824.10  9.45%  11.0 1645s
 391713 345821 9921090.72  527  179 1.0028e+07 9080824.10  9.45%  11.0 1650s
 392440 346432 9990348.08  620  159 1.0028e+07 9080824.10  9.45%  11.0 1655s
 393572 347638 9608767.69  115  248 1.0028e+07 9081020.64  9.45%  11.0 1661s
 394638 348314 9793924.23   86  237 1.0028e+07 9081035.35  9.45%  11.0 1678s
 395052 348630 9993646.65  170  247 1.0028e+07 9081038.93  9.45%  11.0 1680s
 396340 349740 9387310.21  209  272 1.0028e+07 9081072.22  9.45%  11.0 1685s
 397653 350653 9757289.27  377  257 1.0028e+07 9081072.22  9.45%  10.9 1693s
 398016 351129 9829673.03  402  248 1.0028e+07 9081072.22  9.45%  10.9 1695s
 399371 352574 1.0001e+07  534  221 1.0028e+07 9081072.22  9.45%  10.9 1700s
 400856 353749 9550464.89  300  270 1.0028e+07 9081133.84  9.45%  10.9 1705s
 401999 354881 9930581.04  651  225 1.0028e+07 9081133.84  9.45%  10.9 1710s
 403415 356023 1.0017e+07 1133  222 1.0028e+07 9081196.27  9.44%  10.9 1715s
 403942 356528 9620861.39   81  265 1.0028e+07 9081271.11  9.44%  10.9 1733s
 404498 357113 9180672.09   80  282 1.0028e+07 9081329.32  9.44%  10.9 1735s
 405595 357871 1.0014e+07  228  219 1.0028e+07 9081329.32  9.44%  10.9 1744s
H405596 357871                    1.002832e+07 9081329.32  9.44%  10.9 1744s
 405704 358075 9464166.93  101  281 1.0028e+07 9081344.46  9.44%  10.9 1745s
 406699 358690 9760493.73  125  265 1.0028e+07 9081409.21  9.44%  10.9 1750s
 407841 359778     cutoff  200      1.0028e+07 9081519.53  9.44%  10.8 1756s
 409074 360759 9270084.32   96  255 1.0028e+07 9081581.28  9.44%  10.8 1760s
 410586 362154 9796016.04  466  216 1.0028e+07 9081581.28  9.44%  10.8 1765s
H411411 362749                    1.002790e+07 9081581.28  9.44%  10.8 1767s
 411878 363215 1.0027e+07  207  248 1.0028e+07 9081684.83  9.44%  10.8 1770s
 412693 363942 9330440.95   63  259 1.0028e+07 9081837.37  9.43%  10.8 1775s
 413733 364870 9735398.21  257  276 1.0028e+07 9081844.32  9.43%  10.8 1792s
 414477 365624 9710265.28  220  268 1.0028e+07 9081847.42  9.43%  10.8 1795s
 416520 367555 9682812.12  256  237 1.0028e+07 9081847.42  9.43%  10.8 1800s
 418127 369014 9938989.81  391  245 1.0028e+07 9081847.42  9.43%  10.8 1805s
 419532 370114 9401708.17  123  241 1.0028e+07 9081935.83  9.43%  10.8 1810s
 419788 370386 9509786.22  169  228 1.0028e+07 9081935.83  9.43%  10.8 1816s
 420599 370941 9674147.36  236  211 1.0028e+07 9081935.83  9.43%  10.8 1820s
 422185 372544 9957792.07  429  166 1.0028e+07 9081935.83  9.43%  10.8 1825s
H422687 372830                    1.002787e+07 9081935.83  9.43%  10.8 1826s
H422791 372830                    1.002786e+07 9081935.83  9.43%  10.8 1826s
 423306 373424 9996395.14  146  251 1.0028e+07 9082074.43  9.43%  10.8 1842s
H423332 373424                    1.002786e+07 9082074.43  9.43%  10.8 1842s
 423824 373953 9548409.19  174  230 1.0028e+07 9082103.32  9.43%  10.9 1845s
 425291 375310 1.0001e+07  235  258 1.0028e+07 9082128.98  9.43%  10.8 1850s
 426496 376036 1.0000e+07  219  258 1.0028e+07 9082186.99  9.43%  10.8 1857s
 426754 376382 9983488.61   95  238 1.0028e+07 9082214.88  9.43%  10.8 1860s
 428209 377678 9425625.14  255  253 1.0028e+07 9082316.33  9.43%  10.8 1865s
 429548 378990 9919946.26  537  238 1.0028e+07 9082316.33  9.43%  10.8 1870s
 430807 379792 9459037.86  194  290 1.0028e+07 9082365.49  9.43%  10.8 1875s
 432317 380997 9520359.62  281  242 1.0028e+07 9082383.85  9.43%  10.8 1880s
 433074 381554 9747247.69  349  230 1.0028e+07 9082383.85  9.43%  10.8 1887s
 433268 381972 9791757.05  357  225 1.0028e+07 9082383.85  9.43%  10.8 1903s
 433678 382270 9854786.32  372  216 1.0028e+07 9082383.85  9.43%  10.8 1906s
 434858 383506 1.0012e+07  568  206 1.0028e+07 9082383.85  9.43%  10.8 1910s
H436063 384259                    1.002786e+07 9082934.60  9.42%  10.8 1914s
 436081 384492 9229509.22   58  303 1.0028e+07 9082939.55  9.42%  10.8 1915s
 437249 385508 9994995.52  104  231 1.0028e+07 9082949.74  9.42%  10.7 1920s
 439059 387033 9704605.69  228  236 1.0028e+07 9082949.74  9.42%  10.7 1925s
 440382 388335 9957136.23  318  199 1.0028e+07 9082949.74  9.42%  10.7 1930s
H441999 389533                    1.002778e+07 9083051.90  9.42%  10.7 1936s
 442330 389692 9794477.34  140  229 1.0028e+07 9083068.91  9.42%  10.7 1951s
H442641 390023                    1.002778e+07 9083072.03  9.42%  10.7 1953s
 443489 390833 9493357.54  178  295 1.0028e+07 9083082.68  9.42%  10.7 1956s
H443952 391060                    1.002769e+07 9083082.68  9.42%  10.7 1957s
 444279 391387 9771191.97  230  225 1.0028e+07 9083082.68  9.42%  10.7 1962s
 444677 391849 9828091.41  248  215 1.0028e+07 9083082.68  9.42%  10.7 1965s
 445837 393097 1.0009e+07  342  184 1.0028e+07 9083082.68  9.42%  10.7 1970s
 447110 394038 9287058.05   75  259 1.0028e+07 9083132.74  9.42%  10.7 1975s
 448367 394811 9716135.19  240  217 1.0028e+07 9083132.74  9.42%  10.7 1980s
 449614 396144 9916827.88  360  181 1.0028e+07 9083132.74  9.42%  10.7 1985s
 450959 397267 9501878.06   66  250 1.0028e+07 9083147.86  9.42%  10.7 1990s
H451647 397574                    1.002740e+07 9083152.53  9.42%  10.7 1992s
 452375 398525     cutoff  103      1.0027e+07 9083155.33  9.42%  10.7 2008s
 452824 398890 9266646.60   93  294 1.0027e+07 9083155.33  9.42%  10.7 2010s
H453040 398890                    1.002739e+07 9083155.33  9.42%  10.7 2010s
H453197 399151                    1.002739e+07 9083155.33  9.42%  10.7 2011s
H453419 399151                    1.002739e+07 9083155.33  9.42%  10.7 2011s
 453842 399383 9310286.35  149  295 1.0027e+07 9083155.33  9.42%  10.7 2016s
 454276 399846 9327649.31  153  293 1.0027e+07 9083155.33  9.42%  10.7 2020s
H455068 400490                    1.002721e+07 9083155.33  9.41%  10.7 2023s
 455546 400893 9428488.61  188  236 1.0027e+07 9083155.33  9.41%  10.7 2025s
 456456 401371 9497965.33  203  274 1.0027e+07 9083155.33  9.41%  10.7 2030s
H456864 401604                    1.002716e+07 9083155.33  9.41%  10.7 2033s
 457340 402289 9500269.21  206  280 1.0027e+07 9083155.33  9.41%  10.7 2036s
H458107 402986                    1.002716e+07 9083155.33  9.41%  10.7 2038s
 458733 403582 9504793.57  207  280 1.0027e+07 9083155.33  9.41%  10.7 2041s
 459138 403863 9513621.56  207  280 1.0027e+07 9083155.33  9.41%  10.7 2045s
H459452 404159                    1.002714e+07 9083155.33  9.41%  10.8 2047s
 460030 404859 9537134.76  212  287 1.0027e+07 9083155.33  9.41%  10.8 2050s
H460287 404857                    1.002707e+07 9083155.33  9.41%  10.8 2050s
 461145 406031 9595616.94  221  286 1.0027e+07 9083155.33  9.41%  10.8 2067s
H461275 406031                    1.002699e+07 9083155.33  9.41%  10.8 2067s
H461443 406031                    1.002683e+07 9083155.33  9.41%  10.8 2067s
 461832 406647 9615871.96  224  290 1.0027e+07 9083155.33  9.41%  10.8 2070s
H462749 407611                    1.002653e+07 9083155.33  9.41%  10.8 2073s
 463423 408093 9676820.81  233  286 1.0027e+07 9083155.33  9.41%  10.8 2075s
 464305 408854 9710014.44  246  275 1.0027e+07 9083155.33  9.41%  10.8 2082s
 464601 409417 9697836.62  248  280 1.0027e+07 9083155.33  9.41%  10.8 2085s
H465710 410386                    1.002618e+07 9083155.33  9.41%  10.8 2089s
 465839 410467 9731363.75  260  271 1.0026e+07 9083155.33  9.41%  10.8 2091s
 466917 411678 9767825.57  268  269 1.0026e+07 9083155.33  9.41%  10.8 2095s
 468192 413003 9792757.58  271  264 1.0026e+07 9083155.33  9.41%  10.8 2100s
 468993 413813 9816429.07  274  264 1.0026e+07 9083155.33  9.41%  10.8 2115s
 469534 414083 9814375.26  274  263 1.0026e+07 9083155.33  9.41%  10.8 2121s
 469869 414650 9827407.79  276  261 1.0026e+07 9083155.33  9.41%  10.8 2125s
 471468 416286 9847310.56  279  211 1.0026e+07 9083155.33  9.41%  10.8 2130s
 472875 417734 9912926.74  298  204 1.0026e+07 9083155.33  9.41%  10.7 2135s
 474462 419377 9979808.06  326  195 1.0026e+07 9083155.33  9.41%  10.7 2140s
 475927 420705 9420770.02   73  264 1.0026e+07 9083166.34  9.41%  10.7 2145s
H477015 421461                    1.002568e+07 9083166.34  9.40%  10.7 2149s
 477144 421691 1.0017e+07  138  228 1.0026e+07 9083166.34  9.40%  10.7 2150s
H477569 421878                    1.002568e+07 9083166.34  9.40%  10.7 2152s
 478003 422154     cutoff  148      1.0026e+07 9083166.70  9.40%  10.7 2158s
H478250 422253                    1.002568e+07 9083166.70  9.40%  10.7 2160s
 479187 423123 9594358.48   70  250 1.0026e+07 9083169.95  9.40%  10.7 2176s
H479492 423123                    1.002547e+07 9083169.95  9.40%  10.7 2176s
H479802 423494                    1.002527e+07 9083169.95  9.40%  10.7 2178s
H480381 424117                    1.002505e+07 9083169.95  9.40%  10.7 2180s
 481371 425229 9397071.16  180  283 1.0025e+07 9083169.95  9.40%  10.7 2185s
 482758 426540 9464791.17  204  283 1.0025e+07 9083169.95  9.40%  10.8 2191s
 483399 426721 9476495.13  208  282 1.0025e+07 9083169.95  9.40%  10.8 2196s
H483629 426904                    1.002497e+07 9083169.95  9.39%  10.8 2199s
 483752 427308 9515461.38  212  243 1.0025e+07 9083169.95  9.39%  10.8 2201s
H484776 428317                    1.002497e+07 9083169.95  9.39%  10.8 2205s
 486467 429953 9584469.68  223  283 1.0025e+07 9083169.95  9.39%  10.8 2210s
 487919 431100 9600541.94  229  292 1.0025e+07 9083169.95  9.39%  10.7 2226s
 488704 431603 9632680.22  239  286 1.0025e+07 9083169.95  9.39%  10.7 2230s
 489693 432174 9694898.27  253  280 1.0025e+07 9083169.95  9.39%  10.8 2238s
 489912 432522 9698359.15  251  280 1.0025e+07 9083169.95  9.39%  10.8 2240s
H490690 432919                    1.002465e+07 9083169.95  9.39%  10.8 2243s
 490898 433088 9736119.58  274  279 1.0025e+07 9083169.95  9.39%  10.8 2245s
H491800 433869                    1.002448e+07 9083169.95  9.39%  10.8 2249s
 492095 434043 9825729.89  293  263 1.0024e+07 9083169.95  9.39%  10.8 2250s
H492700 434434                    1.002447e+07 9083169.95  9.39%  10.7 2252s
H493264 435243                    1.002447e+07 9083169.95  9.39%  10.7 2255s
H493898 435674                    1.002441e+07 9083169.95  9.39%  10.7 2257s
H494148 435986                    1.002438e+07 9083169.95  9.39%  10.7 2258s
 494460 436469 9859162.84  299  222 1.0024e+07 9083169.95  9.39%  10.7 2260s
 495939 437848 9877510.38  301  209 1.0024e+07 9083169.95  9.39%  10.7 2265s
 496322 438356 9879375.16  303  213 1.0024e+07 9083169.95  9.39%  10.7 2277s
 497340 439313 9879746.81  303  219 1.0024e+07 9083169.95  9.39%  10.7 2281s
 498172 440108 9894683.83  304  208 1.0024e+07 9083169.95  9.39%  10.7 2285s
 499081 440609 9896060.42  305  211 1.0024e+07 9083169.95  9.39%  10.7 2291s
 500327 442254 9933880.49  331  206 1.0024e+07 9083169.95  9.39%  10.6 2295s
 502511 444440 9973854.79  385  191 1.0024e+07 9083169.95  9.39%  10.6 2300s
 504213 445916 9494156.45   68  250 1.0024e+07 9083204.70  9.39%  10.6 2305s
 505177 446733 9986929.51  162  248 1.0024e+07 9083209.50  9.39%  10.6 2319s
 505512 447021 1.0007e+07  103  242 1.0024e+07 9083215.74  9.39%  10.6 2320s
 507152 448289 9478029.47   92  253 1.0024e+07 9083223.04  9.39%  10.6 2325s
 507924 449358 9746734.93  117  238 1.0024e+07 9083223.04  9.39%  10.6 2330s
 509306 450746 9983589.77  144  226 1.0024e+07 9083223.04  9.39%  10.5 2335s
 510284 451337 1.0008e+07  152  224 1.0024e+07 9083223.04  9.39%  10.5 2341s
 511215 452314 1.0023e+07  159  220 1.0024e+07 9083223.04  9.39%  10.5 2345s
 512961 453684     cutoff  110      1.0024e+07 9083225.31  9.39%  10.5 2350s
 514632 455238 9306844.93  105  256 1.0024e+07 9083226.51  9.39%  10.5 2356s
 515256 455853 9317193.50  105  255 1.0024e+07 9083226.51  9.39%  10.4 2367s
 516153 456700 9391764.91  149  238 1.0024e+07 9083226.51  9.39%  10.4 2370s
 516737 457168 9436979.10  160  243 1.0024e+07 9083226.51  9.39%  10.4 2375s
H516796 457168                    1.002415e+07 9083226.51  9.39%  10.4 2375s
 517858 458417 9452997.73  163  245 1.0024e+07 9083226.51  9.39%  10.4 2380s
 519852 460248 9479307.31  165  239 1.0024e+07 9083226.51  9.39%  10.4 2386s
 520906 461462 9480303.07  165  237 1.0024e+07 9083226.51  9.39%  10.4 2390s
 521811 462086 9492846.70  168  239 1.0024e+07 9083226.51  9.39%  10.4 2397s
H521812 462086                    1.002413e+07 9083226.51  9.39%  10.4 2397s
 522327 462786 9503794.52  170  236 1.0024e+07 9083226.51  9.39%  10.4 2401s
 523347 463519 9510548.73  171  241 1.0024e+07 9083226.51  9.39%  10.4 2405s
 524425 464316 9546515.84  179  239 1.0024e+07 9083226.51  9.39%  10.4 2418s
 525128 465054 9555156.47  180  242 1.0024e+07 9083226.51  9.39%  10.4 2420s
 526461 466185 9577429.43  183  239 1.0024e+07 9083226.51  9.39%  10.4 2425s
 527554 467069 9586436.48  185  246 1.0024e+07 9083226.51  9.39%  10.4 2430s
 529089 468653 9631763.53  198  241 1.0024e+07 9083226.51  9.39%  10.4 2435s
 530516 470006 9689534.38  212  235 1.0024e+07 9083226.51  9.39%  10.4 2441s
 531649 471126 9726066.25  227  237 1.0024e+07 9083226.51  9.39%  10.4 2446s
 533133 472582 9775865.30  253  233 1.0024e+07 9083226.51  9.39%  10.4 2460s
 534391 473576 9794431.42  256  231 1.0024e+07 9083226.51  9.39%  10.4 2465s
 535755 475096 9821351.33  275  224 1.0024e+07 9083226.51  9.39%  10.5 2470s
 536610 475982 9859663.00  330  203 1.0024e+07 9083226.51  9.39%  10.5 2475s
 538321 477642 9918739.11  384  194 1.0024e+07 9083226.51  9.39%  10.5 2480s
 539371 478485 9949208.64  414  188 1.0024e+07 9083226.51  9.39%  10.5 2485s
 540594 480010 9985908.21  488  157 1.0024e+07 9083226.51  9.39%  10.5 2490s
 542021 480968     cutoff  111      1.0024e+07 9083303.25  9.39%  10.5 2496s
 542882 481466     cutoff  165      1.0024e+07 9083328.19  9.39%  10.5 2509s
 543046 481570     cutoff  175      1.0024e+07 9083328.19  9.39%  10.5 2510s
 544353 482753 9813467.48  108  235 1.0024e+07 9083335.47  9.39%  10.5 2519s
 544535 482924 9918290.41  114  231 1.0024e+07 9083335.47  9.39%  10.5 2520s
 545771 484223 9339457.44  119  253 1.0024e+07 9083338.71  9.39%  10.5 2525s
 547456 485884 9377902.23  132  256 1.0024e+07 9083338.71  9.39%  10.5 2530s
 548822 487302 9437691.45  142  250 1.0024e+07 9083338.71  9.39%  10.5 2535s
 549648 487700 9467916.77  151  245 1.0024e+07 9083338.71  9.39%  10.5 2540s
 550028 488407 9503220.32  154  243 1.0024e+07 9083338.71  9.39%  10.5 2545s
 550357 488670 9501314.80  159  243 1.0024e+07 9083338.71  9.39%  10.5 2556s
 551361 489505 9555877.01  169  242 1.0024e+07 9083338.71  9.39%  10.5 2560s
 552732 490806 9648986.97  186  239 1.0024e+07 9083338.71  9.39%  10.6 2565s
 554408 492133 9761851.21  209  228 1.0024e+07 9083338.71  9.39%  10.6 2571s
 555587 493072 9780734.97  213  226 1.0024e+07 9083338.71  9.39%  10.6 2576s
 556849 494258 9814208.44  218  226 1.0024e+07 9083338.71  9.39%  10.6 2580s
 558552 495893 9879936.64  228  215 1.0024e+07 9083338.71  9.39%  10.6 2585s
 559442 496616 9888429.20  230  213 1.0024e+07 9083338.71  9.39%  10.6 2600s
 559773 497162 9907104.43  231  210 1.0024e+07 9083338.71  9.39%  10.6 2605s
 561054 498499 9923275.09  246  209 1.0024e+07 9083338.71  9.39%  10.6 2611s
 562101 499540 9913610.71  251  212 1.0024e+07 9083338.71  9.39%  10.5 2616s
 563163 500565 9938663.12  256  210 1.0024e+07 9083338.71  9.39%  10.5 2620s
 564852 502057 9967688.60  268  206 1.0024e+07 9083338.71  9.39%  10.5 2629s
 564980 502320 9972246.07  269  204 1.0024e+07 9083338.71  9.39%  10.5 2630s
 565883 503290 9977412.22  269  205 1.0024e+07 9083338.71  9.39%  10.5 2636s
 566949 504398 9992318.63  276  210 1.0024e+07 9083338.71  9.39%  10.5 2640s
 567936 505233     cutoff  291      1.0024e+07 9083338.71  9.39%  10.5 2653s
 568499 505670     cutoff  294      1.0024e+07 9083338.71  9.39%  10.5 2656s
 569433 506665 9286474.47   67  260 1.0024e+07 9083433.79  9.38%  10.5 2660s
 571155 508368 9577228.21  130  240 1.0024e+07 9083433.79  9.38%  10.5 2665s
 572888 510002 9907464.15  172  227 1.0024e+07 9083433.79  9.38%  10.5 2670s
 574370 510948 1.0017e+07  202  252 1.0024e+07 9083433.79  9.38%  10.4 2675s
 575824 512301 9898635.04  264  209 1.0024e+07 9083475.31  9.38%  10.4 2680s
 576449 512942 9682057.81  173  226 1.0024e+07 9083487.84  9.38%  10.4 2685s
 577666 513949 9270465.23  110  266 1.0024e+07 9083509.17  9.38%  10.4 2696s
 578935 515234 9311399.31  123  266 1.0024e+07 9083509.17  9.38%  10.4 2701s
 579805 516024 9353235.36  127  265 1.0024e+07 9083509.17  9.38%  10.4 2705s
 581187 517075 9413512.28  138  265 1.0024e+07 9083509.17  9.38%  10.4 2710s
 582960 518437 9472298.94  146  261 1.0024e+07 9083509.17  9.38%  10.4 2715s
 584061 519342 9496396.09  149  260 1.0024e+07 9083509.17  9.38%  10.3 2722s
 584646 520005 9502653.65  151  264 1.0024e+07 9083509.17  9.38%  10.3 2725s
 586064 521377 9540012.94  155  261 1.0024e+07 9083509.17  9.38%  10.3 2739s
 586391 521724 9548656.00  158  263 1.0024e+07 9083509.17  9.38%  10.3 2741s
 587782 523088 9570841.99  161  259 1.0024e+07 9083509.17  9.38%  10.3 2745s
 589430 524745 9597251.79  165  261 1.0024e+07 9083509.17  9.38%  10.3 2750s
 590962 526255 9615116.44  168  258 1.0024e+07 9083509.17  9.38%  10.3 2755s
 592613 527962 9639263.43  171  253 1.0024e+07 9083509.17  9.38%  10.3 2760s
 594281 529611 9667571.23  175  247 1.0024e+07 9083509.17  9.38%  10.3 2774s
 594625 529943 9668237.06  176  253 1.0024e+07 9083509.17  9.38%  10.3 2775s
 596240 531626 9694381.80  180  251 1.0024e+07 9083509.17  9.38%  10.3 2780s
 597033 532038 9714992.20  182  246 1.0024e+07 9083509.17  9.38%  10.3 2786s
 597746 533026 9752365.50  193  248 1.0024e+07 9083509.17  9.38%  10.2 2790s
 599650 534888 9831320.67  211  235 1.0024e+07 9083509.17  9.38%  10.2 2795s
 601333 536463 9880786.61  220  228 1.0024e+07 9083509.17  9.38%  10.2 2800s
 602853 538077 9928799.91  237  218 1.0024e+07 9083509.17  9.38%  10.2 2812s
 603552 538721 9950729.05  244  212 1.0024e+07 9083509.17  9.38%  10.2 2815s
 605004 540097 1.0013e+07  329  169 1.0024e+07 9083571.28  9.38%  10.2 2820s
 606299 541261 9732448.28  248  285 1.0024e+07 9083580.22  9.38%  10.2 2825s
 607281 541857 9260434.12   67  264 1.0024e+07 9083596.64  9.38%  10.2 2830s
 607561 542003 9412639.37   81  253 1.0024e+07 9083596.64  9.38%  10.2 2835s
 608426 542769 9614327.86  108  242 1.0024e+07 9083596.64  9.38%  10.2 2840s
 609378 543539 9970883.61  158  228 1.0024e+07 9083596.64  9.38%  10.2 2845s
 610614 544532 1.0000e+07  171  223 1.0024e+07 9083596.64  9.38%  10.2 2850s
 611614 545383 9575946.77   78  255 1.0024e+07 9083646.44  9.38%  10.2 2863s
 612019 545659 9759939.09  145  262 1.0024e+07 9083646.44  9.38%  10.2 2865s
 613349 546727 1.0000e+07  100  240 1.0024e+07 9083667.40  9.38%  10.2 2870s
 614664 548139 9444275.99   93  250 1.0024e+07 9083671.52  9.38%  10.1 2875s
 616495 549912 9826263.95  145  234 1.0024e+07 9083671.52  9.38%  10.1 2880s
 617815 550560 1.0017e+07  182  219 1.0024e+07 9083671.52  9.38%  10.1 2887s
 618090 551022 9587341.83  112  279 1.0024e+07 9083671.52  9.38%  10.1 2890s
 619264 552243 9442297.99  139  247 1.0024e+07 9083673.49  9.38%  10.1 2895s
 621325 554272 9937321.22  534  184 1.0024e+07 9083673.49  9.38%  10.1 2909s
 621787 554649 9949340.51  662  190 1.0024e+07 9083673.49  9.38%  10.1 2910s
 622749 555404 9255331.65   89  296 1.0024e+07 9083677.00  9.38%  10.1 2916s
 624203 556817 9305973.36  115  289 1.0024e+07 9083677.00  9.38%  10.1 2920s
 625687 558268 9352985.70  154  295 1.0024e+07 9083677.00  9.38%  10.1 2925s
 627087 559631 9376514.24  164  290 1.0024e+07 9083677.00  9.38%  10.1 2930s
 628224 560274 9455632.11  186  281 1.0024e+07 9083677.00  9.38%  10.1 2937s
 628633 560806 9467994.49  189  288 1.0024e+07 9083677.00  9.38%  10.1 2940s
 629505 561510 9467323.61  188  287 1.0024e+07 9083677.00  9.38%  10.1 2945s
 629828 561808 9471776.03  188  237 1.0024e+07 9083677.00  9.38%  10.1 2954s
 630126 562165 9505356.67  191  242 1.0024e+07 9083677.00  9.38%  10.1 2956s
 631166 563193 9505509.64  191  280 1.0024e+07 9083677.00  9.38%  10.1 2960s
 632530 564497 9549270.56  198  284 1.0024e+07 9083677.00  9.38%  10.1 2965s
 633886 565620 9582670.45  206  290 1.0024e+07 9083677.00  9.38%  10.1 2970s
 635033 566463 9616721.81  208  286 1.0024e+07 9083677.00  9.38%  10.1 2975s
 635708 567322 9654638.45  213  283 1.0024e+07 9083677.00  9.38%  10.1 2982s
 636762 568316 9648214.75  214  288 1.0024e+07 9083677.00  9.38%  10.1 2985s
 637899 569386 9667980.02  219  287 1.0024e+07 9083677.00  9.38%  10.1 2996s
 639035 570637 9719129.15  227  282 1.0024e+07 9083677.00  9.38%  10.1 3000s
 640482 572006 9762056.61  243  275 1.0024e+07 9083677.00  9.38%  10.1 3005s
 642198 573670 9796249.16  255  225 1.0024e+07 9083677.00  9.38%  10.1 3010s
H643358 574714                    1.002413e+07 9083677.00  9.38%  10.1 3013s
 643819 575345 9831650.65  261  223 1.0024e+07 9083677.00  9.38%  10.1 3015s
 645930 577427 9906075.48  280  209 1.0024e+07 9083677.00  9.38%  10.1 3020s
 646750 577944 9907378.43  280  210 1.0024e+07 9083677.00  9.38%  10.1 3034s
 646913 578314 9910174.25  281  210 1.0024e+07 9083677.00  9.38%  10.1 3035s
 648174 579715 9932418.31  284  201 1.0024e+07 9083677.00  9.38%  10.1 3040s
 649723 581243 9943675.36  287  201 1.0024e+07 9083677.00  9.38%  10.1 3045s
 652217 583684 9960523.92  297  205 1.0024e+07 9083677.00  9.38%  10.1 3050s
 653867 584881 1.0016e+07  412  180 1.0024e+07 9083677.00  9.38%  10.1 3055s
 654661 585352 9894671.05  171  258 1.0024e+07 9083711.03  9.38%  10.1 3063s
 654794 585497     cutoff  186      1.0024e+07 9083711.03  9.38%  10.1 3065s
 655848 586431 9805005.11  218  214 1.0024e+07 9083766.72  9.38%  10.1 3070s
 656952 587364 9716791.77  128  262 1.0024e+07 9083770.73  9.38%  10.1 3082s
 657624 587948 9246473.60   68  266 1.0024e+07 9083776.25  9.38%  10.1 3085s
 659365 589765 9319891.29  215  261 1.0024e+07 9083776.25  9.38%  10.1 3090s
 660711 590969 9394928.87  277  247 1.0024e+07 9083776.25  9.38%  10.1 3095s
 661996 592217 9425627.45  293  244 1.0024e+07 9083776.25  9.38%  10.1 3100s
H662826 592973                    1.002407e+07 9083776.25  9.38%  10.1 3103s
 663304 593522 9484263.97  309  235 1.0024e+07 9083776.25  9.38%  10.1 3105s
H663870 594105                    1.002407e+07 9083776.25  9.38%  10.1 3107s
 664727 594868 9515842.96  317  234 1.0024e+07 9083776.25  9.38%  10.1 3113s
 664944 595035 9510971.75  319  238 1.0024e+07 9083776.25  9.38%  10.1 3123s
 665378 595628 9538716.49  322  234 1.0024e+07 9083776.25  9.38%  10.1 3125s
H665704 595861                    1.002365e+07 9083776.25  9.38%  10.1 3126s
H666291 596492                    1.002364e+07 9083776.25  9.38%  10.1 3129s
H666392 596492                    1.002364e+07 9083776.25  9.38%  10.1 3129s
 666568 596838 9563818.48  325  234 1.0024e+07 9083776.25  9.38%  10.1 3130s
H667740 597831                    1.002351e+07 9083776.25  9.38%  10.1 3133s
 668240 598481 9622189.37  336  230 1.0024e+07 9083776.25  9.38%  10.1 3135s
 669515 599724 9647405.33  339  226 1.0024e+07 9083776.25  9.38%  10.1 3140s
 670109 600148 9651699.11  340  229 1.0024e+07 9083776.25  9.38%  10.1 3145s
 671024 601260 9660126.19  341  229 1.0024e+07 9083776.25  9.38%  10.1 3150s
 672543 602784 9684552.75  347  232 1.0024e+07 9083776.25  9.38%  10.1 3155s
 673937 604089 9727247.45  355  229 1.0024e+07 9083776.25  9.38%  10.1 3166s
 674948 605143 9763367.75  369  219 1.0024e+07 9083776.25  9.38%  10.1 3170s
 676631 606902 9802256.12  374  213 1.0024e+07 9083776.25  9.38%  10.1 3175s
 678291 608479 9808870.79  376  220 1.0024e+07 9083776.25  9.38%  10.2 3180s
 678901 608781 9814460.87  376  215 1.0024e+07 9083776.25  9.38%  10.2 3185s
 679987 609703 9845632.78  382  211 1.0024e+07 9083776.25  9.38%  10.2 3190s
 681204 610452 9868147.55  385  209 1.0024e+07 9083776.25  9.38%  10.1 3195s
 682428 611933 9878957.29  391  208 1.0024e+07 9083776.25  9.38%  10.1 3210s
 684007 613130 9988353.70  459  186 1.0024e+07 9083776.25  9.38%  10.1 3217s
H684009 613278                    1.002351e+07 9083776.25  9.38%  10.1 3219s
 684158 613616 9985733.84  458  186 1.0024e+07 9083776.25  9.38%  10.1 3220s
 685132 614518 9227312.45   68  300 1.0024e+07 9083846.07  9.37%  10.1 3225s
 686796 616104 9648620.30  130  242 1.0024e+07 9083846.07  9.37%  10.1 3230s
 688243 617478 9905148.07  181  221 1.0024e+07 9083846.07  9.37%  10.1 3235s
 690029 619052 9947729.19  206  214 1.0024e+07 9083846.07  9.37%  10.1 3249s
 690134 619342 9975454.56  207  209 1.0024e+07 9083846.07  9.37%  10.1 3250s
 691509 620626 9998336.32  215  213 1.0024e+07 9083846.07  9.37%  10.0 3255s
 692855 621840 1.0014e+07  223  214 1.0024e+07 9083846.07  9.37%  10.0 3260s
 693862 622560 1.0019e+07  228  211 1.0024e+07 9083846.07  9.37%  10.0 3267s
 694354 623084     cutoff  104      1.0024e+07 9083856.70  9.37%  10.0 3270s
 696334 624872 1.0021e+07  437  148 1.0024e+07 9083857.83  9.37%  10.0 3275s
 697806 625753     cutoff  104      1.0024e+07 9083863.17  9.37%  10.0 3280s
 699062 626968     cutoff  144      1.0024e+07 9083893.99  9.37%  10.0 3293s
 699786 627677 9291732.53  154  303 1.0024e+07 9083893.99  9.37%  10.0 3295s
 701495 629302 9314970.25  174  255 1.0024e+07 9083893.99  9.37%  10.0 3300s
 703142 630897 9353035.43  188  288 1.0024e+07 9083893.99  9.37%  10.0 3305s
 704574 632224 9432615.77  217  279 1.0024e+07 9083893.99  9.37%  10.0 3310s
 704878 632515 9433020.76  218  278 1.0024e+07 9083893.99  9.37%  10.0 3315s
 705989 633693 9482116.82  224  279 1.0024e+07 9083893.99  9.37%  10.0 3320s
 707220 634885 9511719.61  233  276 1.0024e+07 9083893.99  9.37%  10.0 3325s
 708198 635900 9541135.04  234  275 1.0024e+07 9083893.99  9.37%  10.0 3330s
 708412 636141 9538416.56  235  231 1.0024e+07 9083893.99  9.37%  10.0 3337s
 708862 636558 9561672.39  239  278 1.0024e+07 9083893.99  9.37%  10.0 3340s
 709634 637250 9607291.63  243  274 1.0024e+07 9083893.99  9.37%  10.0 3345s
 710278 637492 9633126.46  244  228 1.0024e+07 9083893.99  9.37%  10.0 3352s
 710661 637953 9632095.15  248  272 1.0024e+07 9083893.99  9.37%  10.0 3356s
 711341 638711 9649730.04  250  271 1.0024e+07 9083893.99  9.37%  10.0 3360s
 712636 639794 9657116.52  254  276 1.0024e+07 9083893.99  9.37%  10.0 3365s
 713448 640329 9677868.43  258  274 1.0024e+07 9083893.99  9.37%  10.0 3370s
 714213 640800 9707214.52  267  271 1.0024e+07 9083893.99  9.37%  10.0 3375s
 715624 642298 9768091.98  302  264 1.0024e+07 9083893.99  9.37%   9.9 3380s
 716231 642909 9794222.61  309  260 1.0024e+07 9083893.99  9.37%   9.9 3390s
 717746 644369 9850241.96  327  254 1.0024e+07 9083893.99  9.37%   9.9 3395s
 718663 645041 9866302.86  334  209 1.0024e+07 9083893.99  9.37%   9.9 3404s
 718695 645258 9869139.44  334  253 1.0024e+07 9083893.99  9.37%   9.9 3405s
 719935 646576 9931319.04  365  250 1.0024e+07 9083893.99  9.37%   9.9 3410s
 721230 647874 9970501.26  383  248 1.0024e+07 9083893.99  9.37%   9.9 3415s
 722728 649219     cutoff  389      1.0024e+07 9083893.99  9.37%   9.9 3420s
 723877 650088 9401409.18  147  292 1.0024e+07 9083944.60  9.37%   9.9 3425s
 724206 650401 9765941.52  219  272 1.0024e+07 9083944.60  9.37%   9.9 3435s
 725570 651476     cutoff  112      1.0024e+07 9083959.31  9.37%   9.9 3440s
 726814 652317 1.0004e+07  114  242 1.0024e+07 9083991.14  9.37%   9.9 3445s
 728342 653744 9356846.03  176  281 1.0024e+07 9083991.14  9.37%   9.9 3450s
 729221 654581 9406131.37  196  279 1.0024e+07 9083991.14  9.37%   9.9 3458s
 729632 654988 9465898.18  220  273 1.0024e+07 9083991.14  9.37%   9.9 3460s
 730668 656093 9517841.84  236  273 1.0024e+07 9083991.14  9.37%   9.9 3465s
 732354 657801 9558490.04  242  279 1.0024e+07 9083991.14  9.37%   9.9 3470s
 733195 658669 9600127.16  249  276 1.0024e+07 9083991.14  9.37%   9.9 3481s
 734293 659440 9620283.34  252  272 1.0024e+07 9083991.14  9.37%   9.9 3485s
 735640 660393 9639176.01  254  273 1.0024e+07 9083991.14  9.37%   9.9 3490s
 736931 661599 9657291.00  258  269 1.0024e+07 9083991.14  9.37%   9.9 3495s
 737952 662341 9653744.34  256  272 1.0024e+07 9083991.14  9.37%   9.9 3501s
 738674 663171 9673699.11  261  272 1.0024e+07 9083991.14  9.37%   9.9 3505s
 739555 663882 9685185.44  262  272 1.0024e+07 9083991.14  9.37%   9.9 3510s
 739874 664122 9691243.02  263  266 1.0024e+07 9083991.14  9.37%   9.9 3515s
 740219 664207 9690306.65  263  269 1.0024e+07 9083991.14  9.37%   9.9 3520s
 740603 664400 9695127.88  263  268 1.0024e+07 9083991.14  9.37%   9.9 3532s
 740719 664531 9692709.89  264  271 1.0024e+07 9083991.14  9.37%   9.9 3535s
 741025 665069 9700887.77  264  271 1.0024e+07 9083991.14  9.37%   9.9 3540s
 742134 666164 9710126.31  267  271 1.0024e+07 9083991.14  9.37%   9.9 3545s
 742997 666930 9719888.88  268  272 1.0024e+07 9083991.14  9.37%   9.9 3551s
 743610 667706 9733336.98  268  269 1.0024e+07 9083991.14  9.37%   9.9 3555s
 744828 668909 9761157.70  274  270 1.0024e+07 9083991.14  9.37%   9.9 3560s
 746148 670204 9822297.66  311  258 1.0024e+07 9083991.14  9.37%   9.9 3565s
 747384 671579 9922593.31  427  238 1.0024e+07 9083991.14  9.37%   9.9 3570s
 748364 672085 9946630.36  494  231 1.0024e+07 9083991.14  9.37%   9.9 3575s
 749328 673536 9990498.98  543  159 1.0024e+07 9083991.14  9.37%   9.9 3587s
 750526 674293     cutoff  562      1.0024e+07 9084066.99  9.37%   9.9 3590s
 751597 675020 1.0006e+07  151  243 1.0024e+07 9084076.25  9.37%   9.9 3595s
 752693 675688 9996983.37  107  233 1.0024e+07 9084128.91  9.37%   9.9 3600s

Cutting planes:
  RLT: 217

Explored 752850 nodes (7476279 simplex iterations) in 3600.14 seconds (1906.34 work units)
Thread count was 2 (of 24 available processors)

Solution count 10: 1.00235e+07 1.00236e+07 1.00236e+07 ... 1.00244e+07

Time limit reached
Best objective 1.002350842858e+07, best bound 9.084128908297e+06, gap 9.3718%
