
Gurobi 11.0.3 (linux64, Java) logging started ter 17 dez 2024 04:36:33 -03

Set parameter Username
Academic license - for non-commercial use only - expires 2025-10-10
Set parameter NonConvex to value 2
Set parameter TimeLimit to value 3600
Set parameter LogToConsole to value 0
Set parameter MIPGap to value 5.0092666967390145e-08
Set parameter Threads to value 2
Set parameter NodefileDir to value "/home/ps12398/experiment_epec/goalProgrammingMarcos/"
Set parameter NodefileStart to value 1
Gurobi Optimizer version 11.0.3 build v11.0.3rc0 (linux64)

CPU model: Intel(R) Xeon(R) CPU           X5650  @ 2.67GHz, instruction set [SSE2]
Thread count: 12 physical cores, 24 logical processors, using up to 2 threads

Optimize a model with 140956 rows, 94838 columns and 549744 nonzeros
Model fingerprint: 0x2421133c
Model has 222 quadratic constraints
Variable types: 47312 continuous, 47526 integer (217 binary)
Coefficient statistics:
  Matrix range     [5e-03, 5e+06]
  QMatrix range    [5e-03, 8e+04]
  QLMatrix range   [1e+00, 8e+04]
  Objective range  [1e+00, 4e+07]
  Bounds range     [1e+00, 1e+08]
  RHS range        [1e+00, 9e+05]
  QRHS range       [2e-01, 2e-01]
Presolve removed 140469 rows and 93766 columns
Presolve time: 0.38s
Presolved: 1248 rows, 1315 columns, 45434 nonzeros
Presolved model has 2 SOS constraint(s)
Presolved model has 217 bilinear constraint(s)

Solving non-convex MIQCP

Variable types: 682 continuous, 633 integer (219 binary)
Found heuristic solution: objective 2991000.3891

Root relaxation: objective 1.094685e+06, 344 iterations, 0.05 seconds (0.03 work units)

    Nodes    |    Current Node    |     Objective Bounds      |     Work
 Expl Unexpl |  Obj  Depth IntInf | Incumbent    BestBd   Gap | It/Node Time

     0     0 1094684.87    0  271 2991000.39 1094684.87  63.4%     -    0s
     0     0 1123199.93    0  271 2991000.39 1123199.93  62.4%     -    0s
H    0     0                    2788882.2842 1123201.08  59.7%     -    1s
     0     0 1133988.67    0  274 2788882.28 1133988.67  59.3%     -    1s
     0     0 1134286.31    0  273 2788882.28 1134286.31  59.3%     -    1s
     0     0 1141109.17    0  277 2788882.28 1141109.17  59.1%     -    1s
     0     0 1145663.23    0  277 2788882.28 1145663.23  58.9%     -    1s
     0     0 1147840.66    0  278 2788882.28 1147840.66  58.8%     -    1s
     0     0 1149771.31    0  279 2788882.28 1149771.31  58.8%     -    1s
     0     0 1150274.04    0  280 2788882.28 1150274.04  58.8%     -    1s
     0     0 1151052.76    0  282 2788882.28 1151052.76  58.7%     -    1s
     0     0 1151080.11    0  282 2788882.28 1151080.11  58.7%     -    1s
     0     0 1151399.76    0  280 2788882.28 1151399.76  58.7%     -    1s
     0     0 1151435.84    0  281 2788882.28 1151435.84  58.7%     -    1s
     0     0 1151844.50    0  282 2788882.28 1151844.50  58.7%     -    1s
     0     0 1152391.87    0  281 2788882.28 1152391.87  58.7%     -    2s
     0     0 1152403.06    0  281 2788882.28 1152403.06  58.7%     -    2s
     0     0 1152737.69    0  284 2788882.28 1152737.69  58.7%     -    2s
H    0     0                    2339893.6112 1152740.93  50.7%     -    2s
     0     0 1152749.84    0  284 2339893.61 1152749.84  50.7%     -    2s
     0     0 1153085.92    0  283 2339893.61 1153085.92  50.7%     -    2s
     0     0 1153103.44    0  282 2339893.61 1153103.44  50.7%     -    2s
     0     0 1153437.00    0  281 2339893.61 1153437.00  50.7%     -    2s
     0     0 1153437.80    0  281 2339893.61 1153437.80  50.7%     -    2s
     0     0 1153765.61    0  283 2339893.61 1153765.61  50.7%     -    2s
     0     0 1153770.33    0  283 2339893.61 1153770.33  50.7%     -    2s
     0     0 1154037.92    0  284 2339893.61 1154037.92  50.7%     -    2s
     0     0 1154057.71    0  283 2339893.61 1154057.71  50.7%     -    2s
     0     0 1154353.08    0  283 2339893.61 1154353.08  50.7%     -    2s
     0     0 1154362.30    0  285 2339893.61 1154362.30  50.7%     -    2s
     0     0 1154643.35    0  283 2339893.61 1154643.35  50.7%     -    2s
     0     0 1154664.39    0  284 2339893.61 1154664.39  50.7%     -    2s
     0     0 1154925.23    0  284 2339893.61 1154925.23  50.6%     -    2s
     0     0 1154940.95    0  284 2339893.61 1154940.95  50.6%     -    2s
     0     0 1155202.35    0  283 2339893.61 1155202.35  50.6%     -    2s
     0     0 1155225.50    0  284 2339893.61 1155225.50  50.6%     -    2s
     0     0 1155494.40    0  284 2339893.61 1155494.40  50.6%     -    2s
     0     0 1155506.75    0  284 2339893.61 1155506.75  50.6%     -    2s
     0     0 1155760.01    0  284 2339893.61 1155760.01  50.6%     -    2s
     0     0 1155774.77    0  284 2339893.61 1155774.77  50.6%     -    2s
     0     0 1155994.00    0  285 2339893.61 1155994.00  50.6%     -    2s
     0     0 1155994.00    0  285 2339893.61 1155994.00  50.6%     -    3s
H    0     0                    2308355.6444 1155994.00  49.9%     -    3s
     0     2 1155994.00    0  285 2308355.64 1155994.00  49.9%     -    3s
H  145   242                    2200437.3284 1156037.11  47.5%   1.6    4s
   241   404 1156075.09  115  270 2200437.33 1156037.11  47.5%   1.4    5s
  1363  1492 1156341.16  642  239 2200437.33 1156037.11  47.5%   1.9   10s
  2295  2491 1156470.55 1094  239 2200437.33 1156037.11  47.5%   1.9   15s
  3569  3866 1156969.67 1734  235 2200437.33 1156037.11  47.5%   1.9   20s
H 3872  3677                    2190883.8500 1164704.50  46.8%   1.8   24s
  3874  3678 1164720.12  750   70 2190883.85 1164720.12  46.8%   1.8   25s
  3931  3716 1167205.22   46   81 2190883.85 1167205.22  46.7%   1.8   30s
H 3953  3543                    2170172.6008 1167760.84  46.2%   1.8   31s
H 3957  3367                    2169336.5238 1167836.79  46.2%   1.8   31s
H 4000  3223                    2146775.9250 1168243.61  45.6%   1.8   34s
  4017  3236 1168280.20 1010   70 2146775.93 1168280.20  45.6%   2.3   35s
H 4025  3078                    2126543.7843 1168334.81  45.1%   2.3   38s
  4042  3090 1168370.00  174   80 2126543.78 1168370.00  45.1%   2.3   40s
H 4048  2939                    2119624.1267 1168391.58  44.9%   2.3   40s
H 4080  2815                    2119259.4955 1168663.10  44.9%   2.5   43s
  4196  3138 1168740.31   63  264 2119259.50 1168663.10  44.9%   2.5   45s
H 4291  2967                    2119208.3576 1168663.10  44.9%   2.5   45s
H 4389  2801                    2111378.3319 1168663.10  44.6%   2.6   45s
H 4569  2803                    2110758.8150 1168663.10  44.6%   2.6   46s
H 4967  2904                    2109952.0976 1168663.10  44.6%   2.8   47s
H 5271  3066                    1928686.0634 1168663.10  39.4%   2.9   49s
H 5364  3037                    1908507.5492 1168663.10  38.8%   3.0   49s
  5475  3150 1169387.08  374  247 1908507.55 1168663.10  38.8%   3.1   50s
H 6063  3361                    1908353.0490 1168663.10  38.8%   3.5   52s
H 6229  3354                    1908324.4558 1168663.10  38.8%   3.7   53s
  6512  3690 1169840.23  680  238 1908324.46 1168663.10  38.8%   3.9   55s
H 6633  3557                    1454392.0133 1168663.10  19.6%   3.9   55s
  7475  4301 1169939.06  956  228 1454392.01 1168663.10  19.6%   4.3   61s
  8360  4915 1169994.64 1198  233 1454392.01 1168663.10  19.6%   4.7   66s
H 8496  4781                    1454352.1445 1168663.10  19.6%   4.7   66s
  9022  5340 1169991.62 1367  234 1454352.14 1168663.10  19.6%   4.9   70s
 10001  6257 1170042.61 1673  235 1454352.14 1168663.10  19.6%   5.2   75s
 10977  7241 1170216.85 1964  230 1454352.14 1168663.10  19.6%   5.5   81s
 11580  7859 1170342.48 2156  219 1454352.14 1168663.10  19.6%   5.6   85s
 12540  8888 1170486.12 2465  223 1454352.14 1168663.10  19.6%   5.8   90s
 13622  9864 1170652.14 2810  219 1454352.14 1168663.10  19.6%   5.8   96s
 14214 10462 1170844.38 2990  221 1454352.14 1168663.10  19.6%   5.9  100s
 14838 10935 1170875.03 3180  219 1454352.14 1168663.10  19.6%   5.9  107s
 15218 11483 1170972.81 3292  220 1454352.14 1168663.10  19.6%   6.0  111s
 16013 12285 1171354.83 3521  221 1454352.14 1168663.10  19.6%   6.1  116s
 16913 13129 1172318.87 3781  222 1454352.14 1168663.10  19.6%   6.3  120s
 18015 14239 1174660.46 4124  232 1454352.14 1168663.10  19.6%   6.4  125s
 19065 15248 1175316.67 4435  226 1454352.14 1168663.10  19.6%   6.7  130s
 20126 16077 1177369.84 4756  224 1454352.14 1168663.10  19.6%   6.9  137s
 20341 16562 1178192.94 4825  227 1454352.14 1168663.10  19.6%   6.9  140s
 21356 17353 1180850.60 5106  231 1454352.14 1168663.10  19.6%   7.1  145s
 21848 18030 1181634.24 5233  232 1454352.14 1168663.10  19.6%   7.2  150s
 22744 18898 1181901.13 5464  221 1454352.14 1168663.10  19.6%   7.5  155s
 23811 20032 1183587.20 5747  223 1454352.14 1168663.10  19.6%   7.7  160s
 25023 21244 1184718.56 5791  231 1454352.14 1168663.10  19.6%   7.8  166s
 25295 21246 1185291.67 5795  237 1454352.14 1168663.10  19.6%   7.8  171s
 25825 22046 1184840.60 5794  230 1454352.14 1168663.10  19.6%   7.8  175s
 26716 22968 1184545.99 5795  237 1454352.14 1168663.10  19.6%   7.9  181s
 27625 23877 1168811.63  139  231 1454352.14 1168663.10  19.6%   7.9  186s
 28522 24698 1170498.56  405  235 1454352.14 1168663.10  19.6%   8.1  190s
 29238 25412 1170894.41  609  226 1454352.14 1168663.10  19.6%   8.2  195s
 29916 26102 1171641.35  812  247 1454352.14 1168663.10  19.6%   8.4  200s
 30433 26492 1171930.09  969  239 1454352.14 1168663.10  19.6%   8.5  206s
H30674 26737                    1454352.0876 1168663.10  19.6%   8.6  207s
 31086 27309 1172493.57 1125  230 1454352.09 1168663.10  19.6%   8.7  211s
 31816 28114 1173326.46 1369  225 1454352.09 1168663.10  19.6%   8.7  216s
 32880 29216 1173759.49 1625  226 1454352.09 1168663.10  19.6%   8.8  221s
 33579 29892 1174147.91 1803  223 1454352.09 1168663.10  19.6%   8.7  225s
 34618 30891 1175064.27 2081  227 1454352.09 1168663.10  19.6%   8.7  231s
 35530 31481 1175810.83 2359  226 1454352.09 1168663.10  19.6%   8.8  238s
 35532 31755 1175953.33 2359  236 1454352.09 1168663.10  19.6%   8.8  240s
 36394 32580 1176879.21 2624  221 1454352.09 1168663.10  19.6%   8.8  245s
 37335 33645 1177908.98 2851  225 1454352.09 1168663.10  19.6%   8.8  251s
 38357 34692 1179172.96 3085  234 1454352.09 1168663.10  19.6%   8.8  255s
 39414 35652 1180317.13 3311  226 1454352.09 1168663.10  19.6%   8.8  261s
 40059 36365 1180998.87 3442  228 1454352.09 1168663.10  19.6%   8.8  265s
 40721 36672 1181671.09 3585  220 1454352.09 1168663.10  19.6%   8.8  271s
 41368 37645 1182336.16 3724  222 1454352.09 1168663.10  19.6%   8.8  275s
 42599 38905 1183612.09 3949  228 1454352.09 1168663.10  19.6%   8.7  281s
 43738 39943 1184690.57 4200  235 1454352.09 1168663.10  19.6%   8.7  286s
 44389 40683 1185378.05 4342  220 1454352.09 1168663.10  19.6%   8.6  290s
 45468 41755 1186145.92 4547  221 1454352.09 1168663.10  19.6%   8.6  295s
 45808 42007 1186586.39 4611  223 1454352.09 1168663.10  19.6%   8.6  300s
 46989 43178 1188933.49 4863  223 1454352.09 1168663.10  19.6%   8.6  306s
 47655 43852 1190265.76 5038  223 1454352.09 1168663.10  19.6%   8.7  310s
 48805 44986 1192330.25 5343  221 1454352.09 1168663.10  19.6%   8.8  315s
 49754 45978 1197792.83 5588  249 1454352.09 1168663.10  19.6%   8.9  320s
 50784 46923 1199957.73 5831  248 1454352.09 1168663.10  19.6%   9.0  327s
 51182 47376 1200858.28 5831  249 1454352.09 1168663.10  19.6%   9.0  330s
 52225 48459 1201359.71 5830  251 1454352.09 1168663.10  19.6%   9.0  335s
 53101 49395 1197850.71 5830  248 1454352.09 1168663.10  19.6%   9.0  340s
 53905 50080 1198652.16 5828  250 1454352.09 1168663.10  19.6%   9.1  346s
 54631 50810 1199995.78 5830  249 1454352.09 1168663.10  19.6%   9.2  351s
 55101 51326 1199094.16 5831  251 1454352.09 1168663.88  19.6%   9.2  355s
 56054 52005 1169384.66  312  224 1454352.09 1168664.17  19.6%   9.2  362s
 56342 52619 1169478.78  399  227 1454352.09 1168664.17  19.6%   9.2  366s
 56968 53251 1169788.17  598  222 1454352.09 1168664.17  19.6%   9.2  370s
 57908 54161 1170204.48  891  223 1454352.09 1168664.17  19.6%   9.2  375s
 58909 55137 1171038.09 1210  229 1454352.09 1168664.17  19.6%   9.2  380s
H59188 55359                    1428482.1546 1168664.17  18.2%   9.3  383s
 59410 55637 1171205.11 1418  221 1428482.15 1168664.17  18.2%   9.2  385s
H59688 56037                    1427409.2704 1168664.17  18.1%   9.2  387s
 60415 56720 1171433.10 1725  221 1427409.27 1168664.17  18.1%   9.2  390s
H60771 56999                    1391806.0095 1168664.17  16.0%   9.3  391s
 61050 57153 1171599.19 1933  229 1391806.01 1168664.17  16.0%   9.3  398s
H61126 57153                    1390425.9477 1168664.17  15.9%   9.3  398s
 61204 57461 1171633.53 1972  221 1390425.95 1168664.17  15.9%   9.3  400s
H61512 57825                    1390207.8161 1168664.17  15.9%   9.3  402s
 62243 58561 1172306.01 2269  232 1390207.82 1168664.17  15.9%   9.2  405s
 63315 59664 1173090.80 2603  223 1390207.82 1168664.17  15.9%   9.2  410s
 64514 60970 1173633.72 2944  222 1390207.82 1168664.17  15.9%   9.2  415s
 66120 62360 1175339.33 3333  222 1390207.82 1168664.17  15.9%   9.2  424s
 66411 62608 1175871.38 3401  226 1390207.82 1168664.17  15.9%   9.2  426s
 67013 63317 1176607.47 3530  225 1390207.82 1168664.17  15.9%   9.2  430s
 67990 64227 1178194.38 3735  223 1390207.82 1168664.17  15.9%   9.2  435s
 68918 65157 1180017.66 3950  223 1390207.82 1168664.17  15.9%   9.2  440s
 69912 66133 1181361.24 4147  220 1390207.82 1168664.17  15.9%   9.2  445s
 71209 67447 1183318.40 4409  243 1390207.82 1168664.17  15.9%   9.2  451s
 71500 67764 1183340.91 4461  225 1390207.82 1168664.17  15.9%   9.2  456s
 72158 68475 1184616.48 4603  238 1390207.82 1168664.17  15.9%   9.2  460s
 73454 69688 1186173.63 4918  219 1390207.82 1168664.17  15.9%   9.2  465s
 74440 70625 1188268.23 5133  238 1390207.82 1168664.17  15.9%   9.2  470s
 75525 71698 1190381.71 5372  227 1390207.82 1168664.17  15.9%   9.2  475s
 76588 72539 1192534.71 5606  225 1390207.82 1168664.17  15.9%   9.3  483s
 76590 72733 1192642.29 5606  242 1390207.82 1168664.17  15.9%   9.3  485s
 77664 73939 1194619.98 5795  249 1390207.82 1168664.17  15.9%   9.3  491s
 78568 74755 1197868.68 5796  248 1390207.82 1168664.17  15.9%   9.3  495s
 79565 75798 1201778.70 5795  245 1390207.82 1168664.17  15.9%   9.4  500s
 80663 76918 1194569.40 5790  251 1390207.82 1168664.17  15.9%   9.4  505s
 81481 77741 1195518.45 5795  250 1390207.82 1168664.17  15.9%   9.5  510s
 81794 78068 1168686.25   48  276 1390207.82 1168664.45  15.9%   9.5  516s
 82460 78818 1169464.76  235  231 1390207.82 1168664.45  15.9%   9.4  520s
 83597 79913 1169892.04  600  222 1390207.82 1168664.45  15.9%   9.4  525s
 84702 80947 1170281.52  935  225 1390207.82 1168664.45  15.9%   9.4  530s
 85700 82075 1170519.90 1240  220 1390207.82 1168664.45  15.9%   9.4  535s
 86874 82825 1170901.70 1581  224 1390207.82 1168664.45  15.9%   9.3  546s
 87173 83460 1170978.72 1669  220 1390207.82 1168664.45  15.9%   9.3  550s
 88596 84861 1171293.10 2047  236 1390207.82 1168664.45  15.9%   9.3  555s
 89876 86097 1171711.57 2360  222 1390207.82 1168664.45  15.9%   9.3  561s
 90670 86951 1173163.51 2592  229 1390207.82 1168664.45  15.9%   9.3  566s
 91608 87919 1174014.81 2832  219 1390207.82 1168664.45  15.9%   9.3  571s
 91970 87921 1174345.69 2935  220 1390207.82 1168664.45  15.9%   9.3  578s
 92251 88473 1174565.34 3008  221 1390207.82 1168664.45  15.9%   9.3  581s
 92827 89131 1175138.92 3174  222 1390207.82 1168664.45  15.9%   9.3  585s
 93764 90026 1176251.57 3398  219 1390207.82 1168664.45  15.9%   9.3  590s
 94859 91155 1177088.03 3621  223 1390207.82 1168664.45  15.9%   9.4  595s
 95720 91903 1177818.57 3811  222 1390207.82 1168664.45  15.9%   9.4  600s
 96703 92901 1178535.48 4065  225 1390207.82 1168664.45  15.9%   9.4  605s
 97134 93359 1178822.42 4171  225 1390207.82 1168664.45  15.9%   9.4  610s
 98417 94663 1180053.60 4460  221 1390207.82 1168664.45  15.9%   9.4  616s
 99244 95373 1180541.23 4618  231 1390207.82 1168664.45  15.9%   9.5  620s
 99952 96171 1181268.69 4760  221 1390207.82 1168664.45  15.9%   9.5  625s
 101057 97236 1182577.63 4972  244 1390207.82 1168664.45  15.9%   9.6  630s
 101879 98078 1183250.06 5153  243 1390207.82 1168664.45  15.9%   9.6  635s
 102281 98478 1185000.01 5236  257 1390207.82 1168664.45  15.9%   9.7  641s
 103091 99273 1184751.92 5380  249 1390207.82 1168664.45  15.9%   9.7  646s
 103887 100099 1185072.30 5520  225 1390207.82 1168664.45  15.9%   9.7  651s
 104690 100900 1186305.37 5679  250 1390207.82 1168664.45  15.9%   9.8  655s
 105547 102137 1168699.62   67  266 1390207.82 1168664.47  15.9%   9.8  661s
 106687 103176 1169664.39  635  224 1390207.82 1168664.47  15.9%   9.7  665s
 107477 103725 1170301.80  933  220 1390207.82 1168664.47  15.9%   9.7  671s
 108678 104937 1175386.40 1446  230 1390207.82 1168664.47  15.9%   9.7  676s
 109695 106102 1182837.08 1841  224 1390207.82 1168664.47  15.9%   9.6  680s
 110919 107035 1192433.21 2620  216 1390207.82 1168664.47  15.9%   9.6  685s
 111626 107729 1201758.40 2864  238 1390207.82 1168664.47  15.9%   9.7  690s
 112136 108439 1212141.45 3061  233 1390207.82 1168664.47  15.9%   9.7  695s
 112577 108785 1213042.43 3356  226 1390207.82 1168664.47  15.9%   9.7  700s
 113555 109804 1222035.21 3946  218 1390207.82 1168664.47  15.9%   9.8  705s
 114922 110976 1235527.82 4985  217 1390207.82 1168664.47  15.9%   9.7  710s
 116505 112040 1258064.22 5795  227 1390207.82 1168664.47  15.9%   9.8  715s
H116611 112040                    1387827.0163 1168664.47  15.8%   9.8  715s
 117162 112646 1258396.30 5796  227 1387827.02 1168664.47  15.8%   9.9  720s
 117469 113051 1260378.76 5794  227 1387827.02 1168664.47  15.8%  10.0  725s
 117961 113613 1264953.84 5796  226 1387827.02 1168664.48  15.8%  10.0  730s
 118774 114399 1175125.79  269  228 1387827.02 1168664.48  15.8%  10.0  735s
 119713 115316 1175736.54  680  220 1387827.02 1168664.48  15.8%  10.0  740s
 120730 116576 1176218.26 1099  220 1387827.02 1168664.48  15.8%  10.0  745s
 122035 117647 1176917.21 1589  219 1387827.02 1168664.48  15.8%  10.0  750s
 122682 118094 1177574.55 1801  220 1387827.02 1168664.48  15.8%  10.0  757s
 123139 118906 1178313.18 1951  244 1387827.02 1168664.48  15.8%  10.0  760s
 124656 120352 1182418.90 2382  218 1387827.02 1168664.48  15.8%   9.9  765s
 125996 121611 1187142.94 2801  217 1387827.02 1168664.48  15.8%   9.9  771s
 127287 123002 1192046.89 3243  217 1387827.02 1168664.48  15.8%   9.8  775s
 127664 123328 1194184.91 3457  217 1387827.02 1168664.48  15.8%   9.8  780s
 128774 124419 1200470.88 4078  224 1387827.02 1168664.48  15.8%   9.7  785s
 129765 125244 1204903.06 4346  224 1387827.02 1168664.48  15.8%   9.7  790s
 130524 126024 1207576.73 4493  225 1387827.02 1168664.48  15.8%   9.8  795s
 131489 126941 1209287.10 4683  225 1387827.02 1168664.48  15.8%   9.9  800s
 132153 127553 1210559.83 4798  227 1387827.02 1168664.48  15.8%   9.9  805s
 132964 128185 1213760.59 4905  244 1387827.02 1168664.48  15.8%   9.9  811s
 133666 129008 1212288.20 5020  225 1387827.02 1168664.48  15.8%  10.0  816s
 134421 129713 1213816.29 5143  226 1387827.02 1168664.48  15.8%  10.0  820s
 135284 130599 1218594.59 5298  241 1387827.02 1168664.48  15.8%  10.1  825s
 136194 131546 1220303.52 5527  234 1387827.02 1168664.48  15.8%  10.1  830s
 137156 132463 1224902.17 5715  243 1387827.02 1168664.48  15.8%  10.1  835s
 137896 133127 1225836.80 5788  241 1387827.02 1168664.48  15.8%  10.1  841s
H138150 133201                    1385214.0668 1168664.48  15.6%  10.1  848s
 138224 133301 1227136.61 5793  242 1385214.07 1168664.48  15.6%  10.1  850s
H138319 133301                    1385024.9267 1168664.48  15.6%  10.1  850s
 138984 134321 1229023.71 5794  241 1385024.93 1168664.48  15.6%  10.1  856s
H139344 134632                    1385024.8395 1168664.48  15.6%  10.1  857s
 140003 135201 1230197.41 5796  238 1385024.84 1168664.48  15.6%  10.1  860s
H140630 135992                    1380217.8089 1168664.48  15.3%  10.1  864s
 141015 136205 1232426.41 5795  241 1380217.81 1168664.48  15.3%  10.1  866s
 141601 136974 1230586.36 5796  242 1380217.81 1168664.48  15.3%  10.1  870s
 142917 138048 1239122.73 5796  242 1380217.81 1168664.48  15.3%  10.1  876s
H142984 138048                    1378835.2277 1168664.48  15.2%  10.1  876s
 143124 138365 1170839.76   45  291 1378835.23 1168664.77  15.2%  10.1  880s
 143902 139334 1176021.65  343  237 1378835.23 1168664.77  15.2%  10.0  885s
 145209 140517 1175712.57  837  222 1378835.23 1168664.77  15.2%  10.0  890s
 146384 141801 1176118.51 1284  226 1378835.23 1168664.77  15.2%  10.0  896s
 147410 142735 1176340.01 1607  222 1378835.23 1168664.77  15.2%   9.9  900s
 148303 143625 1176599.99 1858  240 1378835.23 1168664.77  15.2%   9.9  907s
 149102 144476 1177244.75 2101  220 1378835.23 1168664.77  15.2%   9.9  910s
 150189 145404 1178253.96 2423  231 1378835.23 1168664.77  15.2%   9.8  915s
 151111 146332 1181388.16 2813  223 1378835.23 1168664.77  15.2%   9.8  920s
 152174 147311 1186795.13 3249  243 1378835.23 1168664.77  15.2%   9.8  925s
 152987 148126 1189727.75 3488  228 1378835.23 1168664.77  15.2%   9.8  930s
 153767 148695 1194696.40 3751  221 1378835.23 1168664.77  15.2%   9.8  938s
 153985 149179 1197006.55 3919  229 1378835.23 1168664.77  15.2%   9.8  940s
 155066 150500 1206006.91 4402  231 1378835.23 1168664.77  15.2%   9.8  945s
H155991 150956                    1378788.1995 1168664.77  15.2%   9.8  949s
 156038 151171 1213573.17 4817  215 1378788.20 1168664.77  15.2%   9.8  951s
 156876 151994 1219098.71 4957  229 1378788.20 1168664.77  15.2%   9.8  955s
 157683 152828 1224220.22 5176  233 1378788.20 1168664.77  15.2%   9.9  960s
 158659 153813 1230894.02 5346  236 1378788.20 1168664.77  15.2%   9.9  965s
 158895 153815 1232260.41 5391  230 1378788.20 1168664.77  15.2%   9.9  971s
 159496 154661 1235485.65 5665  224 1378788.20 1168664.77  15.2%   9.9  975s
 160626 155546 1248052.39 5795  233 1378788.20 1168664.77  15.2%   9.9  980s
 162439 156962 1249149.67 5796  234 1378788.20 1168664.77  15.2%  10.0  986s
 163794 157537 1179472.87   35  286 1378788.20 1168665.05  15.2%   9.9  991s
 164767 158341 1175214.74  294  230 1378788.20 1168665.05  15.2%   9.9  995s
 165738 159310 1176055.51  737  219 1378788.20 1168665.05  15.2%  10.0 1000s
 166832 160503 1176520.72 1126  220 1378788.20 1168665.05  15.2%  10.0 1005s
 167749 161463 1177121.01 1411  257 1378788.20 1168665.05  15.2%  10.0 1010s
 168943 162555 1179315.95 1744  245 1378788.20 1168665.05  15.2%   9.9 1020s
 170216 163756 1185126.85 2094  228 1378788.20 1168665.05  15.2%   9.9 1026s
 170970 164569 1187621.71 2349  225 1378788.20 1168665.05  15.2%   9.9 1030s
 171772 165435 1191517.65 2690  228 1378788.20 1168665.05  15.2%   9.9 1035s
 172901 166574 1197162.91 3234  224 1378788.20 1168665.05  15.2%   9.9 1040s
 174126 167799 1203280.65 3730  232 1378788.20 1168665.05  15.2%   9.8 1049s
 174472 168037 1204882.32 3846  240 1378788.20 1168665.05  15.2%   9.8 1050s
 175828 169456 1215370.70 4269  239 1378788.20 1168665.05  15.2%   9.8 1055s
 177492 171135 1226273.14 4833  235 1378788.20 1168665.05  15.2%   9.8 1060s
 178727 172340 1232235.05 5182  222 1378788.20 1168665.05  15.2%   9.7 1065s
 179383 173026 1239554.67 5496  230 1378788.20 1168665.05  15.2%   9.8 1073s
 179945 173512 1246718.04 5787  231 1378788.20 1168665.05  15.2%   9.8 1075s
 181027 174722 1248433.63 5791  244 1378788.20 1168665.05  15.2%   9.7 1081s
 181968 175716 1255209.01 5796  241 1378788.20 1168665.05  15.2%   9.7 1086s
 182901 176576 1259837.05 5795  240 1378788.20 1168665.05  15.2%   9.7 1090s
 184269 177752 1252676.59 5796  240 1378788.20 1168665.47  15.2%   9.6 1096s
 184905 178123 1176062.89  124  258 1378788.20 1168665.47  15.2%   9.6 1107s
 185123 178544 1176491.60  164  257 1378788.20 1168665.47  15.2%   9.6 1110s
 185760 179105 1179506.08  322  250 1378788.20 1168665.47  15.2%   9.6 1115s
 186889 180279 1180151.85  598  231 1378788.20 1168665.47  15.2%   9.6 1121s
 187554 181027 1181703.10  774  249 1378788.20 1168665.47  15.2%   9.6 1125s
 188751 182002 1181946.57 1025  223 1378788.20 1168665.47  15.2%   9.6 1130s
 189954 182979 1182897.33 1325  219 1378788.20 1168665.47  15.2%   9.5 1142s
H189977 182979                    1378397.8568 1168665.47  15.2%   9.5 1142s
 190191 183359 1182974.84 1385  219 1378397.86 1168665.47  15.2%   9.5 1145s
 191109 184344 1183822.05 1584  218 1378397.86 1168665.47  15.2%   9.5 1150s
 192317 185614 1184716.35 1800  219 1378397.86 1168665.47  15.2%   9.5 1155s
 193628 186965 1185819.83 2023  219 1378397.86 1168665.47  15.2%   9.5 1160s
 194855 188091 1187956.87 2253  250 1378397.86 1168665.47  15.2%   9.5 1165s
 195307 188542 1187517.59 2336  228 1378397.86 1168665.47  15.2%   9.5 1170s
 196490 189747 1189590.91 2588  219 1378397.86 1168665.47  15.2%   9.5 1175s
 197641 190911 1193487.56 2929  225 1378397.86 1168665.47  15.2%   9.5 1181s
 198675 191941 1195142.14 3231  224 1378397.86 1168665.47  15.2%   9.5 1186s
 199529 192718 1196436.43 3438  217 1378397.86 1168665.47  15.2%   9.5 1190s
 200271 193437 1197207.73 3576  220 1378397.86 1168665.47  15.2%   9.6 1196s
 201339 194638 1198091.00 3759  216 1378397.86 1168665.47  15.2%   9.6 1200s
 202596 195884 1199116.10 3937  215 1378397.86 1168665.47  15.2%   9.6 1206s
 203357 196663 1199916.41 4055  216 1378397.86 1168665.47  15.2%   9.6 1210s
 204646 197934 1201509.62 4273  216 1378397.86 1168665.47  15.2%   9.6 1215s
 205230 198397 1202333.94 4391  214 1378397.86 1168665.47  15.2%   9.6 1226s
 205886 199031 1203645.58 4523  217 1378397.86 1168665.47  15.2%   9.7 1230s
 206989 200369 1205463.64 4707  215 1378397.86 1168665.47  15.2%   9.6 1236s
 207950 201248 1206982.54 4851  217 1378397.86 1168665.47  15.2%   9.6 1240s
 209310 202495 1209180.56 5071  220 1378397.86 1168665.47  15.2%   9.6 1245s
 210295 203412 1211550.08 5297  214 1378397.86 1168665.47  15.2%   9.6 1250s
 210596 203414 1212172.67 5372  215 1378397.86 1168665.47  15.2%   9.6 1255s
 211185 204220 1212994.15 5480  216 1378397.86 1168665.47  15.2%   9.6 1260s
 211901 204802 1214939.68 5626  242 1378397.86 1168665.47  15.2%   9.6 1265s
 213037 205768 1215842.79 5792  218 1378397.86 1168665.47  15.2%   9.6 1271s
 213747 206711 1219812.35 5796  237 1378397.86 1168665.47  15.2%   9.6 1275s
 214637 207378 1224184.70 5793  240 1378397.86 1168665.47  15.2%   9.6 1280s
 215537 208198 1222325.75 5792  242 1378397.86 1168665.47  15.2%   9.6 1286s
 215990 208810 1221525.77 5795  242 1378397.86 1168665.47  15.2%   9.6 1290s
 217129 209950 1224159.40 5796  238 1378397.86 1168665.47  15.2%   9.6 1295s
 218298 211127 1349476.84  213  226 1378397.86 1168667.57  15.2%   9.6 1301s
H219190 212018                    1378397.8515 1168667.57  15.2%   9.6 1304s
 219645 212242 1342708.29  307  236 1378397.85 1168667.58  15.2%   9.6 1305s
 220816 213191 1353506.11  650  222 1378397.85 1168667.58  15.2%   9.5 1311s
 221586 214186     cutoff  983      1378397.85 1168667.65  15.2%   9.5 1315s
 222689 215140 1169300.15   34  291 1378397.85 1168667.83  15.2%   9.5 1320s
 223770 216326 1178958.73  297  232 1378397.85 1168667.83  15.2%   9.5 1326s
 224995 217352 1181888.28  610  219 1378397.85 1168667.83  15.2%   9.5 1331s
 226013 218251 1183565.33  875  222 1378397.85 1168667.83  15.2%   9.4 1336s
 226967 219611 1184614.67 1079  220 1378397.85 1168667.83  15.2%   9.4 1341s
 228581 221107 1187107.20 1459  220 1378397.85 1168667.83  15.2%   9.4 1345s
 229909 222441 1188282.93 1743  229 1378397.85 1168667.83  15.2%   9.4 1351s
 230867 223396 1189669.12 1968  236 1378397.85 1168667.83  15.2%   9.3 1355s
H231198 223398                    1378339.4825 1168667.83  15.2%   9.3 1359s
 231200 223587 1189851.83 2039  224 1378339.48 1168667.83  15.2%   9.3 1360s
 232291 224615 1191180.69 2307  233 1378339.48 1168667.83  15.2%   9.3 1365s
 232979 225491 1192319.28 2443  245 1378339.48 1168667.83  15.2%   9.3 1370s
 234436 226796 1195298.43 2776  225 1378339.48 1168667.83  15.2%   9.3 1375s
 235809 228046 1197683.92 3121  220 1378339.48 1168667.83  15.2%   9.3 1380s
 236307 228320 1198023.36 3223  219 1378339.48 1168667.83  15.2%   9.3 1386s
 236980 229234 1198442.62 3333  220 1378339.48 1168667.83  15.2%   9.3 1390s
 238188 230462 1199827.57 3544  219 1378339.48 1168667.83  15.2%   9.3 1396s
 239094 231393 1201234.48 3738  222 1378339.48 1168667.83  15.2%   9.3 1400s
 240194 232284 1203630.34 3976  227 1378339.48 1168667.83  15.2%   9.3 1405s
 240997 232937 1206247.88 4188  233 1378339.48 1168667.83  15.2%   9.3 1410s
 241671 233495 1208050.24 4345  230 1378339.48 1168667.83  15.2%   9.3 1416s
 242690 234286 1210801.58 4575  233 1378339.48 1168667.83  15.2%   9.3 1420s
 243670 234960 1213884.72 4813  235 1378339.48 1168667.83  15.2%   9.3 1425s
 244896 236025 1218113.24 5135  243 1378339.48 1168667.83  15.2%   9.3 1430s
 245901 236819 1221772.71 5420  226 1378339.48 1168667.83  15.2%   9.3 1435s
 246311 237085 infeasible 5529      1378339.48 1168667.83  15.2%   9.3 1440s
 247227 237851 infeasible 5790      1378339.48 1168667.83  15.2%   9.2 1445s
 248540 239119 1232631.88 5796  234 1378339.48 1168667.83  15.2%   9.2 1451s
 249378 239811 1233814.64 5796  237 1378339.48 1168668.41  15.2%   9.2 1455s
 250609 241192 1361647.75  541  209 1378339.48 1168668.43  15.2%   9.2 1461s
 251603 241826 1366538.12 1277  209 1378339.48 1168668.43  15.2%   9.2 1467s
 251924 242338 1219018.79   43  273 1378339.48 1168668.48  15.2%   9.2 1471s
 252581 242996 1245899.75  174  261 1378339.48 1168668.76  15.2%   9.2 1475s
 253450 243851 1198417.79   75  268 1378339.48 1168668.88  15.2%   9.2 1480s
H253823 241882                    1366495.0556 1168668.88  14.5%   9.2 1481s
 254672 242887 1219017.89   50  267 1366495.06 1168668.99  14.5%   9.2 1486s
 255711 243738 1316229.77  195  230 1366495.06 1168669.00  14.5%   9.2 1490s
 256690 244310 1219488.22  119  243 1366495.06 1168669.02  14.5%   9.2 1504s
 256692 244481 1219497.52  120  243 1366495.06 1168669.02  14.5%   9.2 1505s
H256863 244640                    1366264.0741 1168669.02  14.5%   9.2 1507s
H257133 244776                    1365876.1637 1168669.02  14.4%   9.2 1508s
 257416 245061 1295278.15  226  240 1365876.16 1168669.23  14.4%   9.2 1510s
 258290 245759 1348801.07  563  217 1365876.16 1168669.61  14.4%   9.2 1515s
 259274 246762 1270795.41  250  236 1365876.16 1168669.61  14.4%   9.2 1520s
 260364 247692 1172720.95   51  276 1365876.16 1168669.62  14.4%   9.1 1525s
 261558 248850 1180685.10  313  232 1365876.16 1168669.62  14.4%   9.1 1534s
 261940 249249 1181397.73  401  249 1365876.16 1168669.62  14.4%   9.1 1536s
 263480 250786 1183250.68  719  226 1365876.16 1168669.62  14.4%   9.1 1541s
 264935 252265 1185396.80 1041  228 1365876.16 1168669.62  14.4%   9.1 1545s
 266537 253763 1188446.34 1391  222 1365876.16 1168669.62  14.4%   9.0 1550s
 267105 254014 1189697.33 1538  240 1365876.16 1168669.62  14.4%   9.0 1560s
 267857 254955 1190331.96 1736  237 1365876.16 1168669.62  14.4%   9.0 1565s
 268617 255736 1191618.15 1960  241 1365876.16 1168669.62  14.4%   9.1 1570s
 269654 256823 1192527.08 2282  223 1365876.16 1168669.62  14.4%   9.1 1575s
 270766 257855 1193634.81 2561  217 1365876.16 1168669.62  14.4%   9.1 1580s
 271848 258918 1194827.07 2834  218 1365876.16 1168669.62  14.4%   9.1 1585s
 272180 259086 1195219.96 2911  217 1365876.16 1168669.62  14.4%   9.1 1597s
 272359 259321 1195449.54 2954  217 1365876.16 1168669.62  14.4%   9.2 1600s
H272883 259789                    1365773.4888 1168669.62  14.4%   9.2 1604s
 272930 259913 1196527.53 3071  218 1365773.49 1168669.62  14.4%   9.2 1605s
 273626 260745 1198967.59 3196  229 1365773.49 1168669.62  14.4%   9.3 1610s
 274846 262021 1201649.87 3415  222 1365773.49 1168669.62  14.4%   9.3 1616s
 275485 262534 1201773.12 3524  219 1365773.49 1168669.62  14.4%   9.3 1620s
 276541 263464 1205614.56 3653  222 1365773.49 1168669.62  14.4%   9.3 1625s
 277332 264140 1204651.43 3817  223 1365773.49 1168669.62  14.4%   9.4 1631s
 277606 264142 1206447.21 3892  235 1365773.49 1168669.62  14.4%   9.4 1635s
 278268 265135 1206640.68 4019  217 1365773.49 1168669.62  14.4%   9.4 1640s
 279371 265954 1208503.65 4226  222 1365773.49 1168669.62  14.4%   9.4 1645s
 280266 266943 1210071.81 4407  220 1365773.49 1168669.62  14.4%   9.4 1651s
 280895 267256 1213946.80 4549  223 1365773.49 1168669.62  14.4%   9.4 1655s
 281590 267934 1219171.06 4746  235 1365773.49 1168669.62  14.4%   9.5 1660s
 282735 268732 1233449.10 4990  239 1365773.49 1168669.62  14.4%   9.5 1675s
 283267 269710 1224213.04 5115  235 1365773.49 1168669.62  14.4%   9.5 1680s
 284330 270705 1224880.16 5347  221 1365773.49 1168669.62  14.4%   9.5 1686s
 285412 271771 1227129.82 5641  225 1365773.49 1168669.62  14.4%   9.5 1691s
 286361 272810 1239686.52 5794  229 1365773.49 1168669.62  14.4%   9.5 1695s
 287575 273878 1235196.16 5795  235 1365773.49 1168669.62  14.4%   9.4 1700s
 288836 275162 infeasible 5796      1365773.49 1168669.62  14.4%   9.4 1705s
 290024 276287 1217899.33   41  275 1365773.49 1168670.33  14.4%   9.4 1710s
 291279 277289 infeasible  387      1365773.49 1168670.35  14.4%   9.4 1715s
 292174 278233 1212416.85  143  243 1365773.49 1168670.38  14.4%   9.4 1721s
 293078 278864 1299490.33  395  231 1365773.49 1168670.38  14.4%   9.4 1725s
 294369 279847 1219818.17   84  267 1365773.49 1168670.43  14.4%   9.3 1731s
 295063 280779 1338321.20  486  220 1365773.49 1168670.43  14.4%   9.3 1735s
 296317 282010 1343191.81 1189  222 1365773.49 1168670.43  14.4%   9.3 1740s
 297479 283062 1350802.17 1823  231 1365773.49 1168670.43  14.4%   9.3 1746s
H298270 283413                    1365637.8544 1168670.44  14.4%   9.3 1749s
 298343 283805 1292364.05  118  235 1365637.85 1168670.44  14.4%   9.3 1750s
 299764 285174 1302395.48  445  238 1365637.85 1168670.49  14.4%   9.2 1755s
 301338 286750 1330354.90 1253  218 1365637.85 1168670.49  14.4%   9.2 1760s
 302530 287562 1332549.56 1850  218 1365637.85 1168670.49  14.4%   9.2 1771s
 302960 288234 1337394.82 2067  221 1365637.85 1168670.49  14.4%   9.2 1775s
 304153 289489 1341708.63 2703  217 1365637.85 1168670.49  14.4%   9.1 1780s
 305295 290708 1345666.63 3268  219 1365637.85 1168670.49  14.4%   9.1 1785s
 306802 291874 1353691.88 4021  229 1365637.85 1168670.52  14.4%   9.1 1790s
 307688 292893 1180551.86  254  225 1365637.85 1168670.55  14.4%   9.1 1796s
 308513 293757 1181225.59  480  220 1365637.85 1168670.55  14.4%   9.0 1800s
 309485 294632 1184783.58  735  220 1365637.85 1168670.55  14.4%   9.0 1805s
 310413 295625 1185579.53  978  215 1365637.85 1168670.55  14.4%   9.0 1810s
H311056 293839                    1359960.7375 1168670.55  14.1%   9.0 1812s
H311112 293832                    1359898.2411 1168670.55  14.1%   9.0 1812s
H311160 294075                    1359884.8925 1168670.55  14.1%   9.0 1813s
 311403 294375 1187744.75 1225  212 1359884.89 1168670.55  14.1%   9.0 1815s
 312477 295393 1190049.41 1496  232 1359884.89 1168670.55  14.1%   9.0 1820s
 313444 296392 1192865.30 1726  226 1359884.89 1168670.55  14.1%   9.0 1825s
 314529 297382 1193978.66 1977  237 1359884.89 1168670.55  14.1%   9.0 1830s
 315471 298192 1196113.28 2229  232 1359884.89 1168670.55  14.1%   9.0 1835s
 316392 299073 1197907.69 2491  233 1359884.89 1168670.55  14.1%   9.0 1840s
 317181 299829 1202632.35 2743  216 1359884.89 1168670.55  14.1%   9.1 1846s
 317863 300622 1212733.10 2960  246 1359884.89 1168670.55  14.1%   9.1 1850s
 318659 301409 1206851.89 3167  215 1359884.89 1168670.55  14.1%   9.1 1855s
 319810 302308 1208867.78 3428  213 1359884.89 1168670.55  14.1%   9.1 1866s
 320179 302959 1209709.92 3513  220 1359884.89 1168670.55  14.1%   9.1 1870s
 321400 303934 1214198.14 3817  216 1359884.89 1168670.55  14.1%   9.1 1876s
 322181 304606 1217338.47 4015  218 1359884.89 1168670.55  14.1%   9.1 1880s
 323495 305621 1222446.79 4341  215 1359884.89 1168670.55  14.1%   9.1 1886s
 324439 306364 1226345.44 4566  213 1359884.89 1168670.55  14.1%   9.1 1890s
 325733 307407 1231085.78 4851  216 1359884.89 1168670.55  14.1%   9.2 1895s
 327454 308741 1245622.54 5257  233 1359884.89 1168670.55  14.1%   9.2 1900s
H328755 309628                    1359793.5551 1168670.55  14.1%   9.1 1904s
 328920 309840 1261791.79 5669  221 1359793.56 1168670.55  14.1%   9.1 1906s
 329666 310477 1217915.17   44  273 1359793.56 1168670.56  14.1%   9.1 1910s
 330771 311561 1288893.49   94  239 1359793.56 1168670.60  14.1%   9.1 1915s
 332037 312384 1340830.57  342  235 1359793.56 1168670.62  14.1%   9.1 1922s
 332365 313165 1347308.10  508  216 1359793.56 1168670.62  14.1%   9.1 1925s
 333786 314072 1349606.39  222  237 1359793.56 1168670.86  14.1%   9.1 1931s
 334538 314850 1179505.99   45  277 1359793.56 1168671.28  14.1%   9.1 1935s
 335189 315523 1317289.09   96  240 1359793.56 1168671.63  14.1%   9.1 1940s
 336661 317029 1289229.58  415  242 1359793.56 1168671.67  14.1%   9.0 1945s
 338016 318009 1289354.55  968  240 1359793.56 1168671.67  14.1%   9.0 1952s
 338356 318693 1289401.54 1076  237 1359793.56 1168671.67  14.1%   9.0 1955s
 339660 319999 1345844.94 1790  219 1359793.56 1168671.67  14.1%   9.0 1960s
 340619 320783 1222266.24  129  259 1359793.56 1168671.87  14.1%   9.0 1965s
H341564 321076                    1357008.3020 1168671.92  13.9%   9.0 1970s
 342259 322076 1302591.94  470  237 1357008.30 1168671.92  13.9%   8.9 1975s
 343139 322742 1317297.73  881  230 1357008.30 1168671.92  13.9%   8.9 1981s
 344486 324137 1276129.43  220  228 1357008.30 1168671.93  13.9%   8.9 1985s
 345902 325352 1168699.09   38  288 1357008.30 1168672.49  13.9%   8.9 1990s
 346753 326222 1178204.35  226  245 1357008.30 1168672.49  13.9%   8.9 1995s
 347775 327201 1180818.30  476  245 1357008.30 1168672.49  13.9%   8.9 2000s
 348126 327549 1181673.07  591  226 1357008.30 1168672.49  13.9%   8.9 2008s
 348457 327934 1182143.91  679  227 1357008.30 1168672.49  13.9%   8.9 2010s
 349191 328703 1183316.69  894  225 1357008.30 1168672.49  13.9%   8.9 2016s
H349831 325500                    1348751.0355 1168672.49  13.4%   8.9 2019s
 349946 325741 1185337.22 1101  224 1348751.04 1168672.49  13.4%   8.9 2020s
 350574 326448 1185616.09 1235  220 1348751.04 1168672.49  13.4%   8.9 2025s
H350894 326753                    1348750.9821 1168672.49  13.4%   8.9 2027s
 351479 327428 1186430.07 1454  218 1348750.98 1168672.49  13.4%   8.9 2030s
 352877 328814 1187613.97 1708  222 1348750.98 1168672.49  13.4%   8.9 2036s
 353260 329024 1187977.73 1778  219 1348750.98 1168672.49  13.4%   8.9 2047s
H353556 326027                    1343804.2692 1168672.49  13.0%   8.9 2048s
 353562 326239 1188555.90 1873  235 1343804.27 1168672.49  13.0%   8.9 2050s
H354311 326850                    1343781.2674 1168672.49  13.0%   8.9 2054s
 354464 326977 1190179.87 2122  231 1343781.27 1168672.49  13.0%   8.9 2056s
 355214 327857 1190684.27 2316  221 1343781.27 1168672.49  13.0%   8.9 2061s
 356367 328874 1191461.70 2534  217 1343781.27 1168672.49  13.0%   8.9 2065s
 357598 329763 1192595.79 2823  216 1343781.27 1168672.49  13.0%   8.9 2071s
 358438 330256 1193419.34 3035  216 1343781.27 1168672.49  13.0%   8.9 2075s
 359516 331373 1194125.32 3289  235 1343781.27 1168672.49  13.0%   8.9 2080s
 360550 332403 1194951.82 3553  237 1343781.27 1168672.49  13.0%   8.9 2085s
 361459 333350 1195127.77 3767  217 1343781.27 1168672.49  13.0%   8.9 2090s
 362821 334845 1195473.88 3996  215 1343781.27 1168672.49  13.0%   8.9 2095s
 364506 336287 1196539.44 4315  220 1343781.27 1168672.49  13.0%   8.8 2100s
 365506 337431 1198344.91 4578  239 1343781.27 1168672.49  13.0%   8.8 2105s
 366836 338854 1198356.82 4876  227 1343781.27 1168672.49  13.0%   8.8 2110s
 367415 339017 1198195.50 4995  219 1343781.27 1168672.49  13.0%   8.8 2120s
 368172 340095 1198448.46 5158  220 1343781.27 1168672.49  13.0%   8.8 2126s
 369132 341052 1199484.55 5358  219 1343781.27 1168672.49  13.0%   8.8 2130s
 370201 342007 1200639.87 5512  220 1343781.27 1168672.49  13.0%   8.8 2136s
 370924 342795 1201166.48 5594  220 1343781.27 1168672.49  13.0%   8.8 2140s
 371956 343790 1202048.28 5750  224 1343781.27 1168672.49  13.0%   8.8 2145s
 373115 344774 1203356.58 5793  246 1343781.27 1168672.49  13.0%   8.8 2150s
 373953 345669 1203982.59 5795  243 1343781.27 1168672.49  13.0%   8.8 2155s
 375387 346972 1208318.25 5795  240 1343781.27 1168673.24  13.0%   8.8 2160s
 376496 348111 1332245.31  443  223 1343781.27 1168673.24  13.0%   8.8 2165s
 378088 349384 1172219.60   52  286 1343781.27 1168673.33  13.0%   8.7 2171s
 379053 350477 1181967.00  514  240 1343781.27 1168673.33  13.0%   8.7 2175s
 380181 351563 1182850.08  966  221 1343781.27 1168673.33  13.0%   8.7 2180s
 381298 352421 1185660.95 1473  214 1343781.27 1168673.33  13.0%   8.7 2194s
 381500 352561 1186141.77 1560  214 1343781.27 1168673.33  13.0%   8.7 2196s
 382176 353484 1189751.25 1911  234 1343781.27 1168673.33  13.0%   8.7 2200s
 383562 354807 1197848.80 2759  216 1343781.27 1168673.33  13.0%   8.7 2205s
 385648 356424 1213424.14 4205  216 1343781.27 1168673.33  13.0%   8.7 2210s
 386782 357438 1219788.99 4793  221 1343781.27 1168673.33  13.0%   8.7 2216s
 387652 358300 1226030.07 5227  215 1343781.27 1168673.33  13.0%   8.7 2221s
 388378 359031 1228386.44 5401  217 1343781.27 1168673.33  13.0%   8.7 2225s
 389148 359769 1231097.25 5566  216 1343781.27 1168673.33  13.0%   8.7 2230s
 389926 360545 1233177.36 5695  233 1343781.27 1168673.33  13.0%   8.7 2235s
 390245 360704 1234567.35 5764  217 1343781.27 1168673.33  13.0%   8.7 2246s
 390645 361285 1241057.52 5795  231 1343781.27 1168673.33  13.0%   8.7 2250s
 391576 362282 1247161.06 5795  225 1343781.27 1168673.33  13.0%   8.8 2256s
 392493 363315 1247310.71 5794  234 1343781.27 1168673.33  13.0%   8.8 2261s
 393495 364183 1294459.07  224  223 1343781.27 1168673.97  13.0%   8.7 2266s
 394483 365263 1304256.26  389  225 1343781.27 1168673.97  13.0%   8.7 2271s
 395531 366085 1338536.11  986  232 1343781.27 1168673.98  13.0%   8.7 2275s
 396268 366811 1331532.17  205  240 1343781.27 1168674.00  13.0%   8.7 2281s
 397321 367950 1319761.07  730  216 1343781.27 1168674.00  13.0%   8.7 2286s
 398234 368718 1249277.44  195  238 1343781.27 1168674.25  13.0%   8.7 2290s
 399606 370134 1319643.60  867  217 1343781.27 1168674.25  13.0%   8.7 2295s
 400481 370839 1175139.43  207  258 1343781.27 1168674.34  13.0%   8.7 2300s
 401553 371894 1184208.90  827  219 1343781.27 1168674.34  13.0%   8.7 2305s
 402529 372940 1184535.53 1257  219 1343781.27 1168674.34  13.0%   8.7 2310s
 403618 374015 1185552.00 1714  221 1343781.27 1168674.34  13.0%   8.7 2315s
 404430 374797 1187052.66 2017  221 1343781.27 1168674.34  13.0%   8.8 2320s
 405214 375510 1205259.47 2134  234 1343781.27 1168674.34  13.0%   8.8 2328s
H405595 375727                    1343678.6052 1168674.34  13.0%   8.8 2330s
 406436 376837 1209103.26 2815  219 1343678.61 1168674.34  13.0%   8.8 2335s
H406761 377067                    1343678.3089 1168674.34  13.0%   8.8 2336s
H407582 377247                    1342903.1688 1168674.34  13.0%   8.8 2339s
 407634 377526 1213698.28 3689  224 1342903.17 1168674.34  13.0%   8.8 2341s
 408704 378502 1216808.69 4341  222 1342903.17 1168674.34  13.0%   8.8 2346s
 409784 379198 1220113.05 5002  222 1342903.17 1168674.34  13.0%   8.8 2350s
 410336 379617 1221117.23 5160  221 1342903.17 1168674.34  13.0%   8.9 2357s
 410746 379937 1221900.69 5294  220 1342903.17 1168674.34  13.0%   8.9 2360s
 411347 380334 1223257.54 5484  219 1342903.17 1168674.34  13.0%   9.0 2365s
 412117 381193 1226435.13 5704  218 1342903.17 1168674.34  13.0%   9.0 2370s
 412910 381886 1232486.36 5807  236 1342903.17 1168674.34  13.0%   9.0 2376s
 413547 382615 1230102.26 5803  237 1342903.17 1168674.34  13.0%   9.0 2380s
 414646 383552 1232517.22 5806  241 1342903.17 1168674.34  13.0%   9.0 2385s
 415401 384367 1232635.97 5806  237 1342903.17 1168674.34  13.0%   9.0 2393s
 415811 384797 1237067.47 5807  235 1342903.17 1168674.34  13.0%   9.0 2395s
 417169 385851 1242033.26 5807  234 1342903.17 1168674.72  13.0%   9.0 2400s
 418076 386808 1316912.45  123  230 1342903.17 1168675.09  13.0%   9.0 2406s
 418858 387544 1242397.36  112  242 1342903.17 1168675.17  13.0%   9.0 2410s
 419740 388268 1172572.14   62  276 1342903.17 1168675.36  13.0%   9.0 2415s
 420582 389357 1183029.83  464  232 1342903.17 1168675.36  13.0%   8.9 2421s
 421115 389359 1183384.64  742  227 1342903.17 1168675.36  13.0%   8.9 2432s
 421418 389961 1183621.38  929  225 1342903.17 1168675.36  13.0%   8.9 2436s
 422866 391575 1185950.36 1835  223 1342903.17 1168675.36  13.0%   8.9 2441s
 424124 392749 1187929.86 2468  217 1342903.17 1168675.36  13.0%   8.9 2445s
 425630 394310 1189953.31 3053  219 1342903.17 1168675.36  13.0%   8.9 2450s
 427173 395796 1192566.35 3496  218 1342903.17 1168675.36  13.0%   8.9 2455s
 428601 396843 1196152.13 3942  220 1342903.17 1168675.36  13.0%   8.8 2462s
 428896 397591 1196899.91 4077  218 1342903.17 1168675.36  13.0%   8.8 2465s
 430506 399141 1203309.87 4577  221 1342903.17 1168675.36  13.0%   8.8 2471s
 431728 400291 1209432.66 5056  220 1342903.17 1168675.36  13.0%   8.8 2475s
 433269 401613 1217902.24 5575  217 1342903.17 1168675.36  13.0%   8.8 2481s
 433501 401867 1218419.98 5633  218 1342903.17 1168675.36  13.0%   8.8 2485s
 434395 402732 1220592.96 5807  234 1342903.17 1168675.36  13.0%   8.8 2490s
 435260 403548 1223170.80 5814  236 1342903.17 1168675.36  13.0%   8.8 2495s
 436206 404531 1225323.05 5809  239 1342903.17 1168675.36  13.0%   8.8 2500s
 437029 405137 1225466.18 5813  243 1342903.17 1168675.36  13.0%   8.8 2506s
 437597 405705 1224759.71 5814  234 1342903.17 1168675.36  13.0%   8.8 2510s
 438538 406558 1226859.10 5813  244 1342903.17 1168675.36  13.0%   8.8 2515s
 438836 406786 1231882.11 5813  240 1342903.17 1168675.86  13.0%   8.8 2521s
 439713 407546 1302232.28  101  244 1342903.17 1168676.19  13.0%   8.8 2526s
 440445 408142 1303622.29  488  224 1342903.17 1168676.19  13.0%   8.8 2530s
 441659 408979 1173587.65   97  270 1342903.17 1168676.84  13.0%   8.8 2535s
 442977 410439 1178784.98  555  234 1342903.17 1168676.84  13.0%   8.8 2541s
 444038 411069 1180137.25 1088  233 1342903.17 1168676.84  13.0%   8.8 2548s
 444281 411683 1180466.08 1182  232 1342903.17 1168676.84  13.0%   8.8 2551s
 445310 412728 1184003.27 1530  218 1342903.17 1168676.84  13.0%   8.8 2555s
 446505 413898 1187979.48 2025  216 1342903.17 1168676.84  13.0%   8.7 2560s
 447750 415030 1193076.82 2394  219 1342903.17 1168676.84  13.0%   8.7 2565s
 448882 416134 1196688.91 2801  215 1342903.17 1168676.84  13.0%   8.7 2570s
 449105 416146 1197618.19 2898  217 1342903.17 1168676.84  13.0%   8.7 2579s
 449117 416340 1197679.17 2904  218 1342903.17 1168676.84  13.0%   8.7 2581s
 450154 417416 1203338.17 3359  225 1342903.17 1168676.84  13.0%   8.7 2585s
Created node file directory '/home/ps12398/experiment_epec/goalProgrammingMarcos//grbnodes24'
 450388 417675 1204796.73 3483  222 1342903.17 1168676.84  13.0%   8.7 2598s
 450941 418303 1207881.81 3705  216 1342903.17 1168676.84  13.0%   8.7 2600s
 452105 419311 1216658.15 4261  216 1342903.17 1168676.84  13.0%   8.7 2605s
 453253 420604 1221205.85 4572  218 1342903.17 1168676.84  13.0%   8.7 2611s
 454258 421286 1227224.07 4973  222 1342903.17 1168676.84  13.0%   8.7 2618s
 454260 421559 1227239.53 4974  220 1342903.17 1168676.84  13.0%   8.7 2620s
 454533 421917 1228921.27 5112  217 1342903.17 1168676.84  13.0%   8.7 2627s
 455211 422463 1232641.88 5387  216 1342903.17 1168676.84  13.0%   8.7 2630s
 456251 423440 1240936.95 5811  236 1342903.17 1168676.84  13.0%   8.7 2635s
 457271 424529 1241481.00 5811  235 1342903.17 1168676.84  13.0%   8.8 2641s
 458111 425254 1244127.95 5811  242 1342903.17 1168676.84  13.0%   8.8 2645s
 458880 426122 1243583.50 5810  238 1342903.17 1168676.84  13.0%   8.8 2650s
 459358 426273 1241744.28 5811  237 1342903.17 1168676.84  13.0%   8.8 2655s
 459466 426527 1243591.52 5811  237 1342903.17 1168676.84  13.0%   8.8 2663s
 459674 426862 1242048.03 5811  234 1342903.17 1168676.84  13.0%   8.8 2665s
 460429 427553 1242311.29 5811  237 1342903.17 1168676.84  13.0%   8.8 2671s
 461106 428076 1244082.15 5811  242 1342903.17 1168676.84  13.0%   8.8 2675s
 461925 429012 1242664.82 5811  241 1342903.17 1168676.84  13.0%   8.8 2680s
 462984 429934 1173040.23   66  280 1342903.17 1168677.46  13.0%   8.8 2686s
 463674 430456 1180463.69  253  233 1342903.17 1168677.46  13.0%   8.8 2690s
 464297 431101 1181998.87  462  235 1342903.17 1168677.46  13.0%   8.8 2696s
 464890 431885 1183190.22  612  219 1342903.17 1168677.46  13.0%   8.8 2700s
 466120 433089 1184904.38  866  234 1342903.17 1168677.46  13.0%   8.8 2705s
 466898 433783 1188749.87 1050  251 1342903.17 1168677.46  13.0%   8.8 2713s
 467247 434125 1190077.30 1137  238 1342903.17 1168677.46  13.0%   8.8 2715s
 468409 435201 1194935.66 1418  220 1342903.17 1168677.46  13.0%   8.8 2720s
 469147 435957 1195786.66 1491  221 1342903.17 1168677.46  13.0%   8.8 2725s
 469453 436167 1196029.96 1516  219 1342903.17 1168677.46  13.0%   8.8 2730s
 471057 437184 1197593.68 1659  227 1342903.17 1168677.46  13.0%   8.8 2736s
 472857 438223 1203654.09 1910  229 1342903.17 1168677.46  13.0%   8.7 2741s
 473430 438757 1206393.85 2021  230 1342903.17 1168677.46  13.0%   8.7 2749s
 473766 438995 1207775.85 2086  229 1342903.17 1168677.46  13.0%   8.7 2750s
 474675 439644 1213270.53 2271  233 1342903.17 1168677.46  13.0%   8.7 2765s
 475500 440333 1223142.91 2478  245 1342903.17 1168677.46  13.0%   8.7 2770s
 476801 441336 1230709.82 2813  237 1342903.17 1168677.46  13.0%   8.7 2775s
 477841 442198 1237076.66 3112  234 1342903.17 1168677.46  13.0%   8.7 2780s
 478375 442715 1239519.90 3231  235 1342903.17 1168677.46  13.0%   8.8 2812s
 478886 443251 1245195.99 3360  236 1342903.17 1168677.46  13.0%   8.8 2816s
 479610 443985 1257762.76 3581  236 1342903.17 1168677.46  13.0%   8.7 2820s
 480078 443986 infeasible 3711      1342903.17 1168677.46  13.0%   8.7 2825s
 480662 444495 1274522.12 3888  233 1342903.17 1168677.46  13.0%   8.7 2830s
 481704 444800 1288767.32 4234  233 1342903.17 1168677.46  13.0%   8.7 2835s
 482926 445520 1295555.82 4524  232 1342903.17 1168677.46  13.0%   8.7 2841s
 484100 446147 1301318.70 4771  235 1342903.17 1168678.28  13.0%   8.7 2845s
 484797 446798 1335716.77  414  234 1342903.17 1168678.59  13.0%   8.7 2850s
 485192 447178 1232958.15  131  250 1342903.17 1168678.59  13.0%   8.7 2856s
 486238 447931     cutoff  429      1342903.17 1168678.59  13.0%   8.7 2861s
 487023 448547 1334067.38  436  233 1342903.17 1168678.90  13.0%   8.7 2865s
 487160 448634     cutoff  486      1342903.17 1168679.33  13.0%   8.7 2899s
 487261 449059 1179514.20   45  276 1342903.17 1168679.33  13.0%   8.7 2901s
 488066 449973 1291812.39  472  234 1342903.17 1168679.33  13.0%   8.7 2905s
 489635 451386 1315363.30 1275  217 1342903.17 1168679.33  13.0%   8.7 2910s
 490338 451659 1179513.36   49  279 1342903.17 1168679.33  13.0%   8.6 2915s
 490929 452612 1245796.49  121  248 1342903.17 1168679.49  13.0%   8.6 2921s
 492188 453729 1207047.68   52  267 1342903.17 1168679.72  13.0%   8.6 2926s
 493169 454575 1296475.35  193  254 1342903.17 1168680.06  13.0%   8.6 2930s
 494288 455594 1177796.58  148  255 1342903.17 1168680.06  13.0%   8.6 2935s
 495146 456543 1181077.97  373  244 1342903.17 1168680.06  13.0%   8.6 2940s
 495430 456545 1180610.98  415  225 1342903.17 1168680.06  13.0%   8.6 2954s
 495432 456699 1180618.61  416  228 1342903.17 1168680.06  13.0%   8.6 2955s
 496425 457749 1182860.82  629  227 1342903.17 1168680.06  13.0%   8.6 2960s
 497377 458757 1185382.72  940  238 1342903.17 1168680.06  13.0%   8.6 3016s
 498044 459370 1185499.50 1160  223 1342903.17 1168680.06  13.0%   8.6 3020s
 498963 460327 1187066.42 1475  242 1342903.17 1168680.06  13.0%   8.6 3025s
 500016 461443 1186836.83 1809  219 1342903.17 1168680.06  13.0%   8.6 3031s
 500973 462415 1187333.77 2096  221 1342903.17 1168680.06  13.0%   8.6 3035s
 502262 463726 1187992.03 2411  219 1342903.17 1168680.06  13.0%   8.6 3041s
 503221 464707 1188604.98 2656  222 1342903.17 1168680.06  13.0%   8.6 3046s
 504284 465690 1189551.24 2907  231 1342903.17 1168680.06  13.0%   8.6 3051s
 504585 466078 1189340.02 2993  218 1342903.17 1168680.06  13.0%   8.6 3129s
 504973 466386 1189855.75 3084  229 1342903.17 1168680.06  13.0%   8.6 3130s
 506093 467598 1190126.33 3320  218 1342903.17 1168680.06  13.0%   8.6 3135s
 507230 468527 1191270.36 3587  215 1342903.17 1168680.06  13.0%   8.6 3140s
 507806 468853 1192131.46 3678  215 1342903.17 1168680.06  13.0%   8.6 3145s
 508390 469678 1193248.69 3832  219 1342903.17 1168680.06  13.0%   8.6 3150s
 509197 470431 1194466.80 4011  217 1342903.17 1168680.06  13.0%   8.6 3156s
 510023 471317 1195518.47 4122  222 1342903.17 1168680.06  13.0%   8.6 3160s
 511010 472202 1197741.43 4307  224 1342903.17 1168680.06  13.0%   8.6 3166s
 511917 473112 1201977.36 4566  232 1342903.17 1168680.06  13.0%   8.6 3170s
 512840 473664 1208280.59 4857  234 1342903.17 1168680.06  13.0%   8.6 3182s
 513107 473961 1210825.42 4963  238 1342903.17 1168680.06  13.0%   8.6 3185s
 514098 474872 1219137.78 5309  236 1342903.17 1168680.06  13.0%   8.6 3190s
 514381 475222 1221502.75 5407  238 1342903.17 1168680.06  13.0%   8.6 3244s
 514780 475519 1225004.41 5528  242 1342903.17 1168680.06  13.0%   8.6 3246s
 515672 476393 1234093.08 5819  242 1342903.17 1168680.06  13.0%   8.6 3250s
 517112 477650 1271642.01   72  255 1342903.17 1168680.13  13.0%   8.6 3255s
 518198 478617 1341308.99  569  256 1342903.17 1168680.13  13.0%   8.6 3260s
 519253 479565 1337118.27  220  234 1342903.17 1168680.43  13.0%   8.6 3266s
 519975 480317 1201450.62  363  246 1342903.17 1168680.43  13.0%   8.6 3270s
 520861 481168 1261615.53  256  253 1342903.17 1168680.63  13.0%   8.6 3275s
 521705 481988 1218135.46   63  260 1342903.17 1168680.67  13.0%   8.6 3280s
 522593 482653 1301917.34  246  240 1342903.17 1168680.67  13.0%   8.6 3345s
 523596 483597     cutoff 1006      1342903.17 1168680.67  13.0%   8.6 3351s
 524264 484150 1169488.00   50  285 1342903.17 1168680.96  13.0%   8.6 3356s
 524895 484893 1182020.41  455  227 1342903.17 1168680.96  13.0%   8.6 3361s
 525701 485655 1189738.09  930  231 1342903.17 1168680.96  13.0%   8.6 3365s
 525910 485691 1190883.75 1067  228 1342903.17 1168680.96  13.0%   8.6 3373s
 525946 485907 1191100.95 1096  225 1342903.17 1168680.96  13.0%   8.6 3375s
 526702 486641 1196085.97 1643  220 1342903.17 1168680.96  13.0%   8.6 3380s
 527581 487615 1202177.06 2246  213 1342903.17 1168680.96  13.0%   8.6 3385s
 528776 488914 1207934.40 2840  215 1342903.17 1168680.96  13.0%   8.6 3390s
 530004 490000 1216084.28 3269  239 1342903.17 1168680.96  13.0%   8.5 3395s
 530784 490647 1215972.25 3428  225 1342903.17 1168680.96  13.0%   8.6 3401s
 531531 491362 1216750.16 3600  213 1342903.17 1168680.96  13.0%   8.6 3406s
 532021 491713 1217544.12 3664  212 1342903.17 1168680.96  13.0%   8.6 3470s
 532980 492610 1221539.65 4084  215 1342903.17 1168680.96  13.0%   8.6 3475s
 533938 493583 1228517.39 4655  212 1342903.17 1168680.96  13.0%   8.6 3480s
 534946 494255 1235530.22 5274  219 1342903.17 1168680.96  13.0%   8.6 3487s
H535539 495126                    1342781.9868 1168680.96  13.0%   8.6 3491s
 536506 496100 1249173.10 5814  226 1342781.99 1168680.96  13.0%   8.6 3496s
 537437 496937 1263406.75 5815  231 1342781.99 1168680.96  13.0%   8.6 3501s
 538339 497842 1265873.78 5815  234 1342781.99 1168681.47  13.0%   8.5 3505s
 539343 498718 1219336.23   49  270 1342781.99 1168681.60  13.0%   8.5 3510s
 540106 499174 1293388.57  490  240 1342781.99 1168681.60  13.0%   8.5 3600s

Cutting planes:
  RLT: 224

Explored 540124 nodes (4612313 simplex iterations) in 3600.24 seconds (1898.67 work units)
Thread count was 2 (of 24 available processors)

Solution count 10: 1.34278e+06 1.3429e+06 1.34368e+06 ... 1.3599e+06

Time limit reached
Best objective 1.342781986818e+06, best bound 1.168681600323e+06, gap 12.9656%
