
Gurobi 11.0.3 (linux64, Java) logging started sáb 20 dez 2025 03:46:31 -03

Set parameter WLSAccessID
Set parameter WLSSecret
Set parameter LicenseID to value 2566693
Academic license 2566693 - for non-commercial use only - registered to ja___@ufv.br
Set parameter NonConvex to value 2
Set parameter TimeLimit to value 3600
Set parameter LogToConsole to value 0
Set parameter MIPGap to value 4.7478399160473358e-08
Set parameter Threads to value 1
Set parameter NodefileDir to value "/home/ps12398/efpe/goalProgrammingMarcos/"
Set parameter NodefileStart to value 0.1
Gurobi Optimizer version 11.0.3 build v11.0.3rc0 (linux64)

CPU model: Intel(R) Xeon(R) CPU           X5650  @ 2.67GHz, instruction set [SSE2]
Thread count: 12 physical cores, 24 logical processors, using up to 1 threads

Academic license 2566693 - for non-commercial use only - registered to ja___@ufv.br
Optimize a model with 62245 rows, 41913 columns and 208202 nonzeros
Model fingerprint: 0x2658590b
Model has 149 quadratic constraints
Variable types: 20886 continuous, 21027 integer (144 binary)
Coefficient statistics:
  Matrix range     [7e-03, 6e+06]
  QMatrix range    [7e-03, 1e+05]
  QLMatrix range   [1e+00, 1e+05]
  Objective range  [1e+00, 4e+07]
  Bounds range     [1e+00, 1e+08]
  RHS range        [1e+00, 3e+06]
  QRHS range       [3e-03, 3e-03]
Presolve removed 61899 rows and 41199 columns
Presolve time: 0.09s
Presolved: 915 rows, 891 columns, 20832 nonzeros
Presolved model has 2 SOS constraint(s)
Presolved model has 144 bilinear constraint(s)

Solving non-convex MIQCP

Variable types: 470 continuous, 421 integer (146 binary)
Found heuristic solution: objective 9703447.9290

Root relaxation: objective 5.751330e+06, 208 iterations, 0.01 seconds (0.01 work units)

    Nodes    |    Current Node    |     Objective Bounds      |     Work
 Expl Unexpl |  Obj  Depth IntInf | Incumbent    BestBd   Gap | It/Node Time

     0     0 5751329.88    0  137 9703447.93 5751329.88  40.7%     -    0s
H    0     0                    7989442.7191 5751329.88  28.0%     -    0s
     0     0 6237569.60    0  139 7989442.72 6237569.60  21.9%     -    0s
H    0     0                    7486581.1194 6237569.60  16.7%     -    0s
     0     0 6268062.99    0  140 7486581.12 6268062.99  16.3%     -    0s
H    0     0                    7309583.8741 6268062.99  14.2%     -    0s
     0     0 6268520.00    0  140 7309583.87 6268520.00  14.2%     -    0s
H    0     0                    7255389.4066 6268520.00  13.6%     -    0s
     0     0 6268546.85    0  141 7255389.41 6268546.85  13.6%     -    0s
     0     0 6268683.90    0  140 7255389.41 6268683.90  13.6%     -    0s
     0     2 6268706.88    0  140 7255389.41 6268706.88  13.6%     -    0s
H   78    78                    7225100.6462 6268774.34  13.2%   1.3    0s
H  564   564                    7223788.4425 6268774.34  13.2%   1.1    2s
H  664   664                    7219964.6808 6268774.34  13.2%   1.1    2s
H 1362  1362                    7167382.2217 6268774.34  12.5%   1.1    4s
H 1556  1556                    7166542.2885 6268774.34  12.5%   1.1    4s
  1559  1561 6309378.63 1517  126 7166542.29 6268774.34  12.5%   1.1    5s
H 1653  1653                    7163925.1811 6268774.34  12.5%   1.1    5s
H 1847  1847                    7160318.1794 6268774.34  12.5%   1.1    5s
H 2041  2041                    7157596.4060 6268774.34  12.4%   1.2    6s
H 2332  2332                    7145991.9120 6268774.34  12.3%   1.2    7s
H 2429  2429                    7139863.8145 6268774.34  12.2%   1.2    7s
H 2526  2526                    7137886.2130 6268774.34  12.2%   1.2    7s
H 2556  2427                    7115849.9472 6350201.42  10.8%   1.2    8s
H 2564  2312                    7102654.0172 6352465.75  10.6%   1.3    8s
H 2572  2203                    7100976.1501 6354091.15  10.5%   1.4    9s
  2596  2224 6355591.76  490   53 7100976.15 6355591.76  10.5%   1.8   10s
H 2602  2117                    7100929.2594 6623892.00  6.72%   2.0   10s
H 2602  2011                    7100468.1028 6623892.00  6.71%   2.0   10s
H 2604  1912                    7090241.1487 6624157.62  6.57%   2.0   10s
H 2604  1817                    7089779.9980 6624157.62  6.57%   2.0   10s
H 2991  1984                    7084679.2803 6652439.51  6.10%   2.2   12s
  4740  3152 6739396.17 1150  126 7084679.28 6652439.51  6.10%   5.1   15s
H 5436  3527                    7067984.3975 6652439.51  5.88%   5.9   15s
H 5727  3639                    7062483.4635 6652439.51  5.81%   6.4   16s
H 5958  3715                    7057822.0367 6652439.51  5.74%   6.9   16s
  8197  5585 6679065.13  245  120 7057822.04 6652463.91  5.74%   7.5   20s
 12443  9831 6899457.75 2368  106 7057822.04 6652463.91  5.74%   7.3   25s
 16688 14076 6915636.11 1854   94 7057822.04 6652474.70  5.74%   6.7   30s
H18319 15705                    7057459.6082 6652474.70  5.74%   6.6   31s
H18320 15706                    7057458.0331 6652474.70  5.74%   6.6   31s
H18333 15719                    7057367.1464 6652474.70  5.74%   6.6   31s
H18335 15721                    7054489.9125 6652474.70  5.70%   6.6   31s
H18338 15724                    7054443.3372 6652474.70  5.70%   6.6   31s
H18340 15726                    7054368.2068 6652474.70  5.70%   6.6   31s
H19468 16854                    7054354.6913 6652501.91  5.70%   6.4   33s
 21000 18388 6895837.57 1372   98 7054354.69 6652501.91  5.70%   6.2   35s
H24925 22311                    7050451.1119 6652527.69  5.64%   5.8   38s
H25321 22707                    7047022.8127 6652527.69  5.60%   5.8   39s
H25709 23095                    7045988.9093 6652527.69  5.58%   5.8   39s
 25903 23291 6854197.00 1188  102 7045988.91 6652527.69  5.58%   5.8   40s
H26097 23483                    7045026.9510 6652527.69  5.57%   5.8   40s
H26291 23677                    7044013.8300 6652527.69  5.56%   5.7   40s
H26485 23871                    7043860.3540 6652527.69  5.56%   5.7   40s
H27746 25132                    7040129.3052 6652527.69  5.51%   5.7   42s
H27916 25300                    7035007.9130 6652527.69  5.44%   5.7   42s
 29900 27286 6824470.52  548  114 7035007.91 6652554.79  5.44%   5.6   45s
 34263 31649 6937629.21 2482   99 7035007.91 6652554.79  5.44%   5.8   50s
 38155 35541 6919569.35 2035   94 7035007.91 6652572.45  5.44%   6.0   55s
H40282 37666                    7034998.1476 6652572.51  5.44%   6.2   57s
H40283 37667                    7034885.5171 6652572.51  5.43%   6.2   57s
H40285 37669                    7034381.7602 6652572.51  5.43%   6.2   57s
H40287 37671                    7034379.9910 6652572.51  5.43%   6.2   57s
H40291 37675                    7033818.1610 6652572.51  5.42%   6.2   57s
H40295 37679                    7033747.8962 6652572.51  5.42%   6.2   57s
 42656 40042 6881800.72 1839   97 7033747.90 6652572.51  5.42%   6.1   60s
 46793 44155 7023266.31 1245   90 7033747.90 6652581.81  5.42%   6.3   65s
 50835 48153 6676947.60  152  124 7033747.90 6652614.37  5.42%   6.3   70s
H52658 49974                    7033679.0929 6652614.37  5.42%   6.3   72s
H52660 49974                    7031552.0619 6652614.37  5.39%   6.3   72s
H52669 49983                    7031543.7055 6652614.37  5.39%   6.3   72s
 54625 51941 6914883.63 2024  106 7031543.71 6652614.37  5.39%   6.7   75s
H55197 52509                    7030542.1261 6652614.37  5.38%   6.7   75s
 58480 55686 6966748.59 1655  109 7030542.13 6652634.03  5.38%   6.7   80s
 61631 58781 6902054.33  861  109 7030542.13 6652655.88  5.37%   6.8   85s
 65552 62702 6950460.67  720  108 7030542.13 6652678.22  5.37%   6.7   90s
H67559 64707                    7030537.6574 6652678.22  5.37%   6.6   91s
H67568 64685                    7029428.5446 6652678.22  5.36%   6.6   92s
H67571 64684                    7029219.6918 6652678.22  5.36%   6.6   92s
 69998 67097 7007350.30 1393   90 7029219.69 6652687.49  5.36%   6.5   95s
H70717 67701                    7027682.0491 6652687.49  5.34%   6.5   95s
*70719 67701            1865    7027681.5936 6652687.49  5.34%   6.5   95s
H72781 69542                    7024938.4364 6652691.74  5.30%   6.5   99s
 73041 69804 6969159.50 1236  101 7024938.44 6652691.74  5.30%   6.5  100s
 76415 73142 6813527.83  198   92 7024938.44 6652766.38  5.30%   6.4  105s
H76925 73279                    7020352.4060 6652766.38  5.24%   6.3  105s
H77022 73359                    7019978.2750 6652766.38  5.23%   6.3  105s
*77213 73532             991    7019884.6912 6652766.38  5.23%   6.3  105s
 80760 77059 6988514.37 1862   98 7019884.69 6652788.54  5.23%   6.2  110s
H83327 79318                    7016512.8448 6652871.95  5.18%   6.1  113s
*83371 79338             425    7016494.6392 6652871.95  5.18%   6.1  113s
 84240 80207 6944255.87  527  107 7016494.64 6652873.30  5.18%   6.1  115s
H84394 80318                    7015619.7917 6652873.30  5.17%   6.1  115s
H84491 80406                    7015359.6953 6652873.30  5.17%   6.1  115s
H84685 80587                    7015069.4790 6652873.30  5.16%   6.1  115s
H84745 80060                    7011114.2601 6652873.30  5.11%   6.1  115s
H85267 77783                    6992701.1791 6652873.30  4.86%   6.1  116s
H85364 77861                    6992543.8582 6652873.30  4.86%   6.1  116s
 88923 81070 6879053.72  211   78 6992543.86 6652943.86  4.86%   5.9  120s
 93077 84991 6862994.82  264   88 6992543.86 6653064.14  4.85%   5.8  125s
 96278 87978 6844050.54  214   87 6992543.86 6653109.27  4.85%   5.8  130s
H97737 89149                    6992538.8984 6653138.15  4.85%   5.7  131s
H97749 89065                    6991949.0539 6653138.15  4.85%   5.7  131s
H97753 89067                    6991947.3156 6653138.15  4.85%   5.7  131s
H97754 89068                    6991946.1273 6653138.15  4.85%   5.7  131s
H97756 87751                    6988224.4594 6653138.15  4.80%   5.7  131s
H97762 87689                    6987609.6551 6653138.15  4.79%   5.7  132s
H97766 87347                    6986510.2360 6653139.38  4.77%   5.7  132s
H97769 87319                    6986483.9379 6653139.38  4.77%   5.7  132s
H97773 87136                    6985938.1304 6653139.38  4.76%   5.7  132s
H97777 86670                    6985285.6689 6653139.38  4.75%   5.7  132s
 99170 88003 6827338.07  182   89 6985285.67 6653156.97  4.75%   5.8  135s
Created node file directory '/home/ps12398/efpe/goalProgrammingMarcos//grbnodes1'
 101961 90566 6944882.97  203   77 6985285.67 6653299.41  4.75%   5.7  142s
 103971 92456 6956657.13  542  103 6985285.67 6653358.66  4.75%   5.7  145s
 106912 95327 6849014.35 1412   73 6985285.67 6653389.77  4.75%   5.7  150s
H110136 98549                    6985277.4421 6653402.27  4.75%   5.8  153s
H110138 98551                    6985272.7198 6653402.27  4.75%   5.8  153s
H110147 98560                    6985015.3718 6653402.27  4.75%   5.8  153s
H110155 98568                    6984912.8397 6653402.27  4.75%   5.8  153s
H110157 98566                    6984063.3230 6653402.27  4.73%   5.8  153s
 111260 99607 6964934.30  735  102 6984063.32 6653423.37  4.73%   5.7  155s
 115036 103147 6887639.48  431   79 6984063.32 6653533.75  4.73%   5.7  160s
 118490 106387 6823712.38  276  127 6984063.32 6653656.57  4.73%   5.6  165s
 119431 107328 6910313.04  747  115 6984063.32 6653656.57  4.73%   5.5  170s
H122516 110411                    6984013.7491 6653656.57  4.73%   5.6  175s
H122517 110412                    6983957.0805 6653656.57  4.73%   5.6  175s
H122525 110420                    6983956.9205 6653656.57  4.73%   5.6  175s
H122535 110430                    6982685.5015 6653656.57  4.71%   5.6  175s
H122539 110434                    6982682.5653 6653656.57  4.71%   5.6  175s
 126069 113768 6767564.28   98   98 6982682.57 6653736.59  4.71%   5.5  180s
 129138 116691 6918840.56  917  104 6982682.57 6653775.83  4.71%   5.5  185s
 130462 117903 6795814.33  145   88 6982682.57 6653806.97  4.71%   5.5  192s
 132385 119710 6884823.60  273  126 6982682.57 6653819.85  4.71%   5.4  195s
H134899 122220                    6982680.6982 6653819.85  4.71%   5.5  199s
H134905 122226                    6982669.2573 6653819.85  4.71%   5.5  199s
H134910 122231                    6982588.0290 6653819.85  4.71%   5.5  200s
H134915 122236                    6980276.3019 6653819.85  4.68%   5.5  200s
H134919 122240                    6980255.7555 6653819.85  4.68%   5.5  200s
 137891 124856 6948437.52  850  106 6980255.76 6653843.13  4.68%   5.5  205s
 141753 128451     cutoff  275      6980255.76 6653891.49  4.68%   5.4  210s
H142176 128854                    6979453.1734 6653892.77  4.66%   5.4  210s
 144580 131070 6961853.10  285  110 6979453.17 6653927.89  4.66%   5.4  217s
 146009 132475 6870000.68  801  119 6979453.17 6653936.42  4.66%   5.4  220s
 148653 135117 6933959.87 2123  116 6979453.17 6653936.42  4.66%   5.5  225s
 152193 138471 6905568.90  381  110 6979453.17 6653963.77  4.66%   5.4  230s
H154536 140650                    6979311.5081 6653997.57  4.66%   5.4  233s
H154539 140653                    6979234.1478 6653997.57  4.66%   5.4  233s
H154540 140654                    6979196.2477 6653997.57  4.66%   5.4  233s
H154542 140652                    6977488.1865 6653997.57  4.64%   5.4  233s
H154556 140664                    6976695.5977 6653997.57  4.63%   5.4  233s
H154559 140633                    6972047.6934 6653997.57  4.56%   5.4  233s
H154561 140624                    6970881.1545 6653997.57  4.55%   5.4  233s
H154573 140635                    6970841.5117 6653997.57  4.55%   5.4  233s
 155210 141214 6913920.18  408  114 6970841.51 6653999.96  4.55%   5.4  235s
 157712 143592 6907987.30  269   77 6970841.51 6654014.23  4.55%   5.4  242s
 159454 145208 6905921.90  268  107 6970841.51 6654046.52  4.54%   5.4  245s
 163308 148812 6773398.95  135  127 6970841.51 6654080.57  4.54%   5.3  250s
 166459 151827 6910132.74  870   87 6970841.51 6654128.05  4.54%   5.2  255s
H166932 152298                    6970837.1805 6654128.05  4.54%   5.2  255s
H166936 152302                    6970806.8341 6654128.05  4.54%   5.2  255s
H166947 152313                    6970759.1766 6654128.05  4.54%   5.2  255s
H166949 152315                    6970303.2176 6654128.05  4.54%   5.2  255s
H166956 152322                    6970271.9716 6654128.05  4.54%   5.2  255s
H166957 152323                    6970271.7545 6654128.05  4.54%   5.2  255s
 169788 155144 6947879.50 2529   57 6970271.75 6654128.05  4.54%   5.2  264s
 170099 155401 6775676.50  177  125 6970271.75 6654133.59  4.54%   5.2  265s
 173552 158564 6955965.47  297   78 6970271.75 6654193.21  4.53%   5.2  270s
 176361 161094 6781283.72  168  135 6970271.75 6654248.13  4.53%   5.2  275s
 179402 163968 6946383.23  411   75 6970271.75 6654276.54  4.53%   5.2  280s
H179720 164270                    6970103.7622 6654278.05  4.53%   5.2  280s
 182349 166686 6761105.41  110  131 6970103.76 6654346.59  4.53%   5.2  285s
 183585 167864 6923185.67  308  124 6970103.76 6654361.85  4.53%   5.2  290s
 186455 170550 6932070.46 1170  112 6970103.76 6654372.34  4.53%   5.2  295s
 189275 173225 6966555.03  252   73 6970103.76 6654410.56  4.53%   5.2  300s
H192079 175741                    6970079.5313 6654451.35  4.53%   5.2  304s
H192097 175757                    6969584.0647 6654451.35  4.52%   5.2  304s
H192100 175760                    6969168.1455 6654451.35  4.52%   5.2  304s
H192103 175763                    6969167.5472 6654451.35  4.52%   5.2  304s
H192109 175769                    6969163.5365 6654451.35  4.52%   5.2  304s
 192576 176178 6843549.87  212   94 6969163.54 6654467.86  4.52%   5.2  305s
 195559 178936 6943341.74  318  106 6969163.54 6654490.31  4.52%   5.1  310s
 196827 180088 6868615.60  261  124 6969163.54 6654504.38  4.52%   5.1  315s
 200428 183482 6933801.73  317   75 6969163.54 6654565.28  4.51%   5.1  320s
H202894 185910                    6969150.7814 6654575.35  4.51%   5.1  324s
H203507 186523                    6969150.1272 6654575.35  4.51%   5.1  325s
 206443 189313 6855967.40  202  121 6969150.13 6654617.37  4.51%   5.1  330s
H206828 189654                    6969150.0536 6654621.83  4.51%   5.1  330s
H207828 190528                    6968989.8211 6654658.71  4.51%   5.1  332s
 209009 191624 6894735.06  417  110 6968989.82 6654662.57  4.51%   5.1  336s
 211105 193565 6949519.60  393   78 6968989.82 6654676.90  4.51%   5.1  340s
 214625 196990 6866807.12  230  121 6968989.82 6654703.71  4.51%   5.0  345s
 217602 199795 6928793.15  585   75 6968989.82 6654714.39  4.51%   5.0  350s
H220191 202140                    6968964.0421 6654743.93  4.51%   5.0  353s
H220201 202150                    6968950.9637 6654743.93  4.51%   5.0  354s
H220202 202151                    6968906.9914 6654743.93  4.51%   5.0  354s
H220213 202162                    6968899.2797 6654743.93  4.51%   5.0  354s
H220215 202164                    6968897.3700 6654743.93  4.51%   5.0  354s
H220226 202175                    6968850.2316 6654743.93  4.51%   5.0  354s
H220228 202177                    6968768.3060 6654743.93  4.51%   5.0  354s
H220237 202184                    6968310.0256 6654743.93  4.50%   5.0  354s
H220239 202186                    6968306.8757 6654743.93  4.50%   5.0  354s
H220240 202187                    6968305.0853 6654743.93  4.50%   5.0  354s
H220242 202189                    6968110.3771 6654743.93  4.50%   5.0  354s
H220244 202191                    6967668.7762 6654743.93  4.49%   5.0  354s
H220246 202193                    6967620.5104 6654743.93  4.49%   5.0  354s
H220250 202197                    6967618.7081 6654743.93  4.49%   5.0  354s
H220252 202199                    6967591.8176 6654743.93  4.49%   5.0  354s
 220506 202455 6908212.85  352   82 6967591.82 6654743.93  4.49%   5.0  355s
 223352 204904 6771295.85  126  133 6967591.82 6654832.34  4.49%   5.0  360s
 225014 206474 6900029.33  211   83 6967591.82 6654865.84  4.49%   5.0  365s
 228215 209461 6890913.09  313  119 6967591.82 6654892.61  4.49%   5.0  370s
 231654 212661 6837564.58  273  125 6967591.82 6654929.48  4.49%   5.0  375s
H232614 213579                    6967591.6170 6654947.24  4.49%   4.9  376s
H232616 213581                    6967484.1266 6654947.24  4.49%   4.9  376s
H232618 213583                    6967479.5182 6654947.24  4.49%   4.9  376s
H232625 213590                    6967367.4843 6654947.24  4.48%   4.9  376s
H232627 213592                    6966943.9671 6654947.24  4.48%   4.9  376s
H232638 213603                    6966870.3529 6654947.24  4.48%   4.9  376s
 234502 215296 6797856.14  240  128 6966870.35 6654971.25  4.48%   4.9  380s
 236295 217089 6906522.03 1136   99 6966870.35 6654971.25  4.48%   4.9  385s
 239479 220018 6942334.56  210   74 6966870.35 6655017.34  4.48%   4.9  390s
 242563 222838 6829698.88  427  127 6966870.35 6655055.86  4.48%   4.9  395s
H244997 225270                    6966863.6806 6655055.86  4.48%   5.0  398s
H245007 225280                    6966863.6644 6655055.86  4.48%   5.0  398s
H245009 225282                    6966861.7256 6655055.86  4.48%   5.0  398s
H245012 225285                    6966851.3360 6655055.86  4.48%   5.0  398s
H245025 225298                    6966840.7166 6655055.86  4.48%   5.0  398s
 246666 226941 6907417.02 2478   70 6966840.72 6655055.86  4.48%   5.0  400s
 247182 227393 6941588.62 2545   60 6966840.72 6655055.86  4.48%   5.0  405s
 250500 230397 6950057.24  298   75 6966840.72 6655089.31  4.47%   5.0  410s
 253833 233483 6887812.53  469  123 6966840.72 6655136.45  4.47%   4.9  415s
 257162 236488     cutoff  182      6966840.72 6655179.71  4.47%   4.9  420s
 259617 238793 6861235.71  162   94 6966840.72 6655204.38  4.47%   4.9  426s
H260669 239752                    6966540.5381 6655238.75  4.47%   4.9  427s
 261573 240658 6931882.88  629  115 6966540.54 6655238.75  4.47%   4.9  430s
 264953 243998 6951514.52  484  103 6966540.54 6655239.91  4.47%   4.9  435s
 268357 247111 6784477.68  185  133 6966540.54 6655305.64  4.47%   4.9  440s
 270591 249339 6900214.21 1621   52 6966540.54 6655305.64  4.47%   4.9  445s
H273030 251566                    6966457.2562 6655366.50  4.47%   4.9  449s
H273038 251574                    6966441.4791 6655366.50  4.47%   4.9  449s
H273039 251575                    6966343.4477 6655366.50  4.46%   4.9  449s
H273046 251582                    6966001.7255 6655366.50  4.46%   4.9  449s
H273047 251583                    6966001.0511 6655366.50  4.46%   4.9  449s
 273344 251882 6845560.56  772  121 6966001.05 6655366.50  4.46%   4.9  450s
H273358 251892                    6964294.9678 6655366.50  4.44%   4.9  450s
 276612 254972 6874785.94  209  123 6964294.97 6655385.13  4.44%   4.9  455s
 279271 257359 6836762.09  118   92 6964294.97 6655491.77  4.43%   4.9  460s
H282007 259875                    6964294.9671 6655554.74  4.43%   4.9  463s
 282609 260367 6814535.67  185  126 6964294.97 6655585.23  4.43%   4.9  465s
 284166 261840 6947233.27  491   80 6964294.97 6655617.71  4.43%   4.9  470s
 286190 263641 6845474.89  277  127 6964294.97 6655650.35  4.43%   4.9  475s
 288499 265806 6920566.28 1443   69 6964294.97 6655683.43  4.43%   4.9  480s
 290568 267713 6863485.44  585  124 6964294.97 6655732.87  4.43%   4.9  485s
 292702 269655 6946032.16  738   75 6964294.97 6655780.13  4.43%   4.9  490s
 294464 271284 6853630.52  669  122 6964294.97 6655819.99  4.43%   4.9  495s
 295971 272751 6925636.32  217   81 6964294.97 6655820.26  4.43%   4.9  501s
 297731 274451 6778176.08  202  126 6964294.97 6655849.30  4.43%   4.9  505s
 300470 277190 6910723.38 1923   58 6964294.97 6655849.30  4.43%   4.9  510s
 302731 279230     cutoff  183      6964294.97 6655885.75  4.43%   4.9  515s
 304976 281291 6939833.33  989   72 6964294.97 6655908.04  4.43%   4.9  520s
 306755 282874 6822921.88  113   92 6964294.97 6655961.68  4.43%   4.9  525s
 307859 283913 6933031.04  425  105 6964294.97 6656009.39  4.43%   4.9  531s
 309554 285536 6897225.68 1533   82 6964294.97 6656024.00  4.43%   4.9  535s
 311446 287202 6915261.06  316  118 6964294.97 6656136.03  4.42%   4.9  540s
 313233 288828     cutoff  278      6964294.97 6656159.10  4.42%   4.9  545s
 315147 290431 6845534.19  344   90 6964294.97 6656279.93  4.42%   4.9  550s
 317393 292384 6871601.03  133   90 6964294.97 6656358.85  4.42%   4.9  555s
 320012 294712 6946560.59  265   80 6964294.97 6656438.15  4.42%   4.9  560s
 321853 296352 6917882.07  202  119 6964294.97 6656478.41  4.42%   4.9  565s
 323880 298240 6867732.38  779  110 6964294.97 6656526.45  4.42%   4.9  570s
 326016 300220 6925377.70  382  112 6964294.97 6656584.46  4.42%   4.9  575s
 327600 301572 6943608.93  200   71 6964294.97 6656657.56  4.42%   4.9  580s
 329657 303365 6796277.68  158  134 6964294.97 6656724.01  4.42%   4.9  585s
 331497 304769 6807948.58  183  128 6964294.97 6656816.34  4.42%   4.9  590s
 333122 306268 6914374.95  239   83 6964294.97 6656847.46  4.41%   4.9  596s
 334546 307493 6867806.89  329  117 6964294.97 6656881.02  4.41%   4.9  600s
 336096 308855 6837793.55  225  124 6964294.97 6656912.29  4.41%   4.9  605s
 337958 310553 6907716.05  404  117 6964294.97 6656942.67  4.41%   4.9  610s
 339523 311863 6850639.85  341  127 6964294.97 6656993.37  4.41%   4.9  615s
 341641 313624 6941946.18  333  106 6964294.97 6657013.07  4.41%   4.9  620s
 343682 315333 6828886.60  208  126 6964294.97 6657106.02  4.41%   4.9  625s
 345574 317053 6815406.39  180  134 6964294.97 6657136.10  4.41%   4.9  630s
 346691 318083 6821392.74  231  126 6964294.97 6657180.54  4.41%   4.9  635s
 348435 319618     cutoff  222      6964294.97 6657220.00  4.41%   4.9  640s
 350388 321331 6786012.07  132  132 6964294.97 6657268.60  4.41%   4.9  645s
 352229 322961     cutoff  296      6964294.97 6657334.83  4.41%   4.9  650s
 355091 325496 6894101.48  170   88 6964294.97 6657437.59  4.41%   4.9  655s
 357744 327720 6958745.29  350   78 6964294.97 6657667.23  4.40%   4.9  660s
 359896 329794 6863373.23 1059  124 6964294.97 6657701.59  4.40%   4.9  665s
 362880 332595 6865984.00  290  119 6964294.97 6657744.85  4.40%   4.9  670s
 366094 335462 6823645.15  237  131 6964294.97 6657822.71  4.40%   4.9  675s
 369284 338338 6928416.24  291  110 6964294.97 6657900.68  4.40%   4.9  680s
 371500 340270 6842427.78  277  123 6964294.97 6657950.65  4.40%   4.9  685s
 373263 341970 6918148.95  279   77 6964294.97 6657982.81  4.40%   4.9  690s
 374866 343326 6864721.10  367  126 6964294.97 6658064.22  4.40%   4.9  695s
 376826 345004 6794936.02  261  132 6964294.97 6658115.01  4.40%   4.9  700s
 378737 346728 6951084.64  346   80 6964294.97 6658235.20  4.39%   4.9  705s
 380964 348641 6818279.49  142  130 6964294.97 6658353.28  4.39%   4.9  710s
 383262 350646 6857989.12  237   91 6964294.97 6658416.03  4.39%   4.9  715s
 384534 351761 6936780.35  590   95 6964294.97 6658525.68  4.39%   4.9  720s
 386569 353371 6932439.87  303   71 6964294.97 6658578.77  4.39%   4.9  725s
 388623 355138 6928424.60  277   82 6964294.97 6658661.00  4.39%   4.9  730s
 390798 357097 6827620.15  396  128 6964294.97 6658719.24  4.39%   4.9  735s
 393023 359120 6898453.66  264   89 6964294.97 6658771.73  4.39%   4.9  740s
 395261 361068 6937561.25  211   78 6964294.97 6658880.37  4.39%   4.9  745s
 396443 362212 6934802.65  673   63 6964294.97 6658895.00  4.39%   4.9  750s
 398929 364451 6942779.87  352  113 6964294.97 6658997.02  4.38%   4.9  755s
 400990 366280 6798642.06  143  131 6964294.97 6659062.19  4.38%   4.9  760s
 403673 368707 6875095.56  266  120 6964294.97 6659186.91  4.38%   4.9  765s
 405741 370462 6852704.60  257  123 6964294.97 6659268.65  4.38%   4.9  770s
 408049 372522     cutoff  306      6964294.97 6659357.73  4.38%   4.9  775s
 409467 373762 6890756.28  252   88 6964294.97 6659382.79  4.38%   4.9  780s
 411655 375656 6950950.92  299   75 6964294.97 6659473.89  4.38%   4.9  785s
 413929 377683 6926625.06  313  114 6964294.97 6659596.94  4.38%   4.9  790s
 416663 380010 6850364.98  441  120 6964294.97 6659772.96  4.37%   4.9  795s
 420706 383734 6916042.70 1520   57 6964294.97 6660019.13  4.37%   4.9  800s
 422980 385501     cutoff  211      6964294.97 6660179.29  4.37%   4.9  805s
 426263 388423 6840392.09  411  127 6964294.97 6660331.92  4.36%   4.9  810s
 429756 391502 6949042.53  181   74 6964294.97 6660495.36  4.36%   4.9  815s
 433128 394159 6933253.78  348   74 6964294.97 6660640.08  4.36%   4.9  820s
 435011 395843     cutoff  347      6964294.97 6660773.91  4.36%   4.9  825s
 437172 397729     cutoff  522      6964294.97 6660821.69  4.36%   4.9  830s
 439990 399733 6847807.06  271   95 6964294.97 6660942.60  4.36%   4.9  835s
 443302 402639     cutoff  225      6964294.97 6661061.04  4.35%   4.9  840s
 446671 405523 6888727.41  134   69 6964294.97 6661238.79  4.35%   4.9  845s
 449176 407673     cutoff  378      6964294.97 6661387.94  4.35%   4.9  850s
 452356 410453 6886272.99  211  121 6964294.97 6661478.34  4.35%   4.9  855s
 455290 412887     cutoff  180      6964294.97 6661483.13  4.35%   4.9  860s
 458838 415948 6941197.92  608   73 6964294.97 6661556.07  4.35%   4.9  865s
 460981 417382 6935682.43  211   80 6964294.97 6661624.28  4.35%   4.9  870s
 464193 420213 6947983.08  317  113 6964294.97 6661646.37  4.35%   4.9  875s
 467037 422267 6951292.29  363   75 6964294.97 6661690.28  4.35%   4.9  880s
 470083 424538 6845426.29  158  121 6964294.97 6661798.39  4.34%   4.9  885s
 473277 426778 6802074.56  213  129 6964294.97 6661899.77  4.34%   4.9  890s
 476079 429356     cutoff  497      6964294.97 6661899.77  4.34%   4.9  895s
 478685 431078     cutoff  196      6964294.97 6661989.66  4.34%   4.9  900s
 482044 434059 6951602.82  364  114 6964294.97 6662046.88  4.34%   5.0  905s
 484576 435469 6904854.73  356  121 6964294.97 6662139.49  4.34%   5.0  910s
 487631 437860     cutoff  304      6964294.97 6662177.81  4.34%   5.0  915s
 489813 439502 6847952.26  313  117 6964294.97 6662229.65  4.34%   5.0  920s
 492614 441759 6951484.41  172   77 6964294.97 6662233.37  4.34%   5.0  925s
 495379 443498 6816006.67  153  127 6964294.97 6662306.50  4.34%   5.0  930s
 499037 446718 6927594.33  491  104 6964294.97 6662382.00  4.34%   5.0  935s
 502258 449292 6927105.37  464   78 6964294.97 6662417.92  4.33%   5.0  940s
 504143 450523 6916471.78  332  125 6964294.97 6662437.22  4.33%   5.0  945s
 506571 451935 6837760.03  406  126 6964294.97 6662557.08  4.33%   5.0  950s
 509643 454447 6910903.40  321   87 6964294.97 6662626.24  4.33%   5.0  955s
 512860 457292 6949858.25  393  107 6964294.97 6662673.38  4.33%   5.0  960s
 515329 458867     cutoff  178      6964294.97 6662731.13  4.33%   5.0  965s
 517782 461108     cutoff  208      6964294.97 6662742.05  4.33%   5.0  970s
 520702 463026 6834755.92  382  126 6964294.97 6662868.18  4.33%   5.1  975s
 524027 465597 6832269.27  117   74 6964294.97 6662939.47  4.33%   5.1  980s
 526626 467978 6914962.61  557  114 6964294.97 6663002.40  4.33%   5.1  985s
 529563 470423     cutoff  508      6964294.97 6663044.28  4.33%   5.1  990s
 531988 472162 6892330.85  522   85 6964294.97 6663108.61  4.32%   5.1  995s
 534581 474190     cutoff  168      6964294.97 6663181.76  4.32%   5.1 1000s
 537508 476530 6862775.16  225  124 6964294.97 6663305.88  4.32%   5.1 1005s
 540201 478463 6849654.72  454  127 6964294.97 6663457.95  4.32%   5.1 1010s
 543137 480827     cutoff  354      6964294.97 6663516.09  4.32%   5.1 1015s
 546239 483363 6942580.44  488  109 6964294.97 6663537.48  4.32%   5.1 1020s
 548243 484465 6923503.68  213   69 6964294.97 6663625.00  4.32%   5.1 1025s
 551080 486648 6884725.32  283  117 6964294.97 6663635.82  4.32%   5.1 1030s
 554097 489067 6946036.29  511   90 6964294.97 6663727.38  4.32%   5.1 1035s
 557409 491952 6846759.70  322   96 6964294.97 6663820.65  4.31%   5.1 1040s
 559981 493474 6803464.13  342  127 6964294.97 6663958.42  4.31%   5.1 1045s
 562849 496150 6924258.33  370  111 6964294.97 6664001.10  4.31%   5.1 1050s
 565513 497960 6878223.97  238  117 6964294.97 6664092.07  4.31%   5.1 1055s
 568199 500048 6919750.19  183  119 6964294.97 6664145.81  4.31%   5.1 1060s
 570871 501840 6867563.04  221  121 6964294.97 6664235.37  4.31%   5.2 1065s
 573959 504424 6955272.10  387  113 6964294.97 6664303.80  4.31%   5.2 1070s
 576436 506382 6853237.59  410  119 6964294.97 6664355.33  4.31%   5.2 1075s
 579767 509219     cutoff  401      6964294.97 6664388.74  4.31%   5.2 1080s
 582694 511418 6914023.63  312  111 6964294.97 6664475.29  4.31%   5.2 1085s
 585266 512848 6923746.02  252   79 6964294.97 6664588.07  4.30%   5.2 1090s
 588520 515418     cutoff  261      6964294.97 6664655.61  4.30%   5.2 1095s
 590753 516968 6877556.19  398  118 6964294.97 6664706.01  4.30%   5.2 1100s
 593450 518859 6793142.70  120  131 6964294.97 6664835.16  4.30%   5.2 1105s
 596610 521615 6915774.43  366   84 6964294.97 6664923.45  4.30%   5.2 1110s
 599814 524400 6926464.12  430  108 6964294.97 6664987.41  4.30%   5.2 1115s
 602503 526014 6791508.11  111  132 6964294.97 6665042.56  4.30%   5.2 1120s
 604814 527961 6919056.06  538   79 6964294.97 6665075.07  4.30%   5.2 1125s
 607726 530327 6948335.88  181  115 6964294.97 6665171.25  4.30%   5.2 1130s
 610624 532201 6954143.74  210   76 6964294.97 6665205.44  4.29%   5.2 1135s
 613507 534192 6814920.36  249  131 6964294.97 6665314.98  4.29%   5.2 1140s
 616725 537018     cutoff  424      6964294.97 6665429.05  4.29%   5.2 1145s
 619184 539103 6900586.85  529  117 6964294.97 6665511.05  4.29%   5.2 1150s
 622242 541505     cutoff  293      6964294.97 6665673.82  4.29%   5.2 1155s
 625392 544363     cutoff  407      6964294.97 6665692.01  4.29%   5.2 1160s
 627693 545814 6947516.33  337  115 6964294.97 6665762.72  4.29%   5.2 1165s
 630316 548098 6921261.80  338  110 6964294.97 6665795.08  4.29%   5.2 1170s
 633212 550645 6944184.05  403   81 6964294.97 6665838.33  4.29%   5.3 1175s
 636067 552804 6879635.29  275  115 6964294.97 6665869.62  4.29%   5.3 1180s
 639391 555427     cutoff  158      6964294.97 6665912.53  4.28%   5.3 1185s
 642816 558360 6861885.58  224  125 6964294.97 6665934.85  4.28%   5.3 1190s
 645587 560972     cutoff  387      6964294.97 6665943.91  4.28%   5.3 1195s
 648584 563193 6906787.17  381   85 6964294.97 6666048.98  4.28%   5.3 1200s
 651567 565790 6938570.48  463  107 6964294.97 6666063.47  4.28%   5.3 1205s
 654157 567267 6794916.27  364  100 6964294.97 6666183.04  4.28%   5.3 1210s
 657273 569734 6909115.27  155   81 6964294.97 6666367.75  4.28%   5.3 1215s
 659949 572283     cutoff  341      6964294.97 6666399.06  4.28%   5.3 1220s
 662349 573552     cutoff  443      6964294.97 6666428.24  4.28%   5.3 1225s
 665591 576243     cutoff  254      6964294.97 6666582.64  4.27%   5.3 1230s
 668502 578691 6917674.75  272  110 6964294.97 6666661.29  4.27%   5.3 1235s
 670818 580468 6850252.41  379   96 6964294.97 6666717.82  4.27%   5.3 1240s
 673888 583008 6947031.50  691   72 6964294.97 6666805.66  4.27%   5.3 1245s
 676514 584816 6942897.83  423  119 6964294.97 6666956.72  4.27%   5.3 1250s
 679133 586834 6897074.27  353   76 6964294.97 6667049.30  4.27%   5.3 1255s
 681799 588714 6838536.75  180  125 6964294.97 6667121.16  4.27%   5.3 1260s
 684995 591384 6908336.45  368  116 6964294.97 6667174.33  4.27%   5.3 1265s
 687149 592997 6867383.41  205  124 6964294.97 6667208.76  4.27%   5.3 1270s
 690278 595911 6950806.60  422  117 6964294.97 6667212.92  4.27%   5.3 1275s
 692390 597153 6833182.68  188  126 6964294.97 6667377.55  4.26%   5.3 1280s
 695435 599650 6924973.58  243   78 6964294.97 6667405.98  4.26%   5.3 1285s
 697609 600532 6825094.44  153  126 6964294.97 6667448.67  4.26%   5.4 1290s
 699819 602306     cutoff  186      6964294.97 6667459.33  4.26%   5.4 1295s
 702515 604079 6859593.13  530  120 6964294.97 6667519.38  4.26%   5.4 1300s
 704988 605635     cutoff  430      6964294.97 6667587.46  4.26%   5.4 1305s
 707627 607722 6954706.77  183   68 6964294.97 6667617.93  4.26%   5.4 1310s
 710117 609186 6963169.26  433   76 6964294.97 6667688.59  4.26%   5.4 1315s
 712900 611309 6940103.13  433  118 6964294.97 6667828.95  4.26%   5.4 1320s
 715331 613045     cutoff  440      6964294.97 6667953.05  4.26%   5.4 1325s
 717386 613990 6798922.89  125  132 6964294.97 6668100.47  4.25%   5.4 1330s
 720485 616747 6863679.42  116   79 6964294.97 6668168.41  4.25%   5.4 1335s
 722770 618165 6953047.32  349   79 6964294.97 6668305.01  4.25%   5.4 1340s
 725805 620598 6963288.83  449  117 6964294.97 6668364.06  4.25%   5.4 1345s
 728880 622239     cutoff 1471      6964294.97 6668431.08  4.25%   5.4 1350s
 731425 623924 6911159.61  435  109 6964294.97 6668444.95  4.25%   5.4 1355s
 733599 625386 6934970.91  244   87 6964294.97 6668482.67  4.25%   5.4 1360s
 736329 627617 6865164.25  249  118 6964294.97 6668589.24  4.25%   5.5 1365s
 739057 629617     cutoff  177      6964294.97 6668620.07  4.25%   5.5 1370s
 742061 631647 6845034.98  489  122 6964294.97 6668661.09  4.24%   5.5 1375s
 744748 633401 6899970.90  432   89 6964294.97 6668718.72  4.24%   5.5 1380s
 747206 635793 6932489.13  303  106 6964294.97 6668736.66  4.24%   5.5 1385s
 749488 636822 6959170.63  182   58 6964294.97 6668760.11  4.24%   5.5 1390s
 752093 638585 6917576.38  541   82 6964294.97 6668786.60  4.24%   5.5 1395s
 754328 640362 6957875.64  225  110 6964294.97 6668810.94  4.24%   5.5 1400s
 756892 642016 6952227.56  572  110 6964294.97 6668856.22  4.24%   5.5 1405s
 758799 643801 6933855.90  216  111 6964294.97 6668865.41  4.24%   5.5 1410s
 760883 644886 6956794.77  266  107 6964294.97 6668937.74  4.24%   5.5 1415s
 763208 646379 6848626.76  257  122 6964294.97 6669008.11  4.24%   5.5 1420s
 766237 648953 6933720.65  162   55 6964294.97 6669032.40  4.24%   5.5 1425s
 769314 651258     cutoff  541      6964294.97 6669127.68  4.24%   5.5 1430s
 771844 652911 6858389.99  295  123 6964294.97 6669184.13  4.24%   5.5 1435s
 774855 655390 6894519.70  385  112 6964294.97 6669212.69  4.24%   5.5 1440s
 776877 656523 6948527.42  232   76 6964294.97 6669232.88  4.24%   5.5 1445s
 779310 658279 6839202.20  252  125 6964294.97 6669292.48  4.24%   5.5 1450s
 781797 660230 6881131.90  244   75 6964294.97 6669326.39  4.24%   5.5 1455s
 784214 660957     cutoff  409      6964294.97 6669343.23  4.24%   5.5 1460s
 787021 663081 6916759.86  400  113 6964294.97 6669358.17  4.23%   5.5 1465s
 789181 664340     cutoff  222      6964294.97 6669403.61  4.23%   5.5 1470s
 791505 666190 6952218.02  457   75 6964294.97 6669486.12  4.23%   5.5 1475s
 793568 667024 6813726.34  159  127 6964294.97 6669646.62  4.23%   5.6 1480s
 796330 669338 6928750.39  189   73 6964294.97 6669649.56  4.23%   5.6 1485s
 798985 671229 6863787.16  432  117 6964294.97 6669752.19  4.23%   5.6 1490s
 802421 674445     cutoff  409      6964294.97 6669753.45  4.23%   5.6 1495s
 804604 675577 6927677.56  150  119 6964294.97 6669771.88  4.23%   5.6 1500s
 806712 677187 6857104.51  235  121 6964294.97 6669805.77  4.23%   5.6 1505s
 809160 679085     cutoff  283      6964294.97 6669859.07  4.23%   5.6 1510s
 811206 680028     cutoff  270      6964294.97 6669893.61  4.23%   5.6 1515s
 813666 681590 6950755.21  345   70 6964294.97 6669979.03  4.23%   5.6 1520s
 815777 682759 6838593.05  244  126 6964294.97 6670023.52  4.23%   5.6 1525s
 819167 685779 6861905.16  238   80 6964294.97 6670050.45  4.23%   5.6 1530s
 821547 687609 6895294.52  419   78 6964294.97 6670127.77  4.22%   5.6 1535s
 823018 689006 6846928.12  145  128 6964294.97 6670128.93  4.22%   5.6 1540s
 824906 690196 6952959.93  315  115 6964294.97 6670215.59  4.22%   5.6 1545s
 827885 692825     cutoff  235      6964294.97 6670230.54  4.22%   5.6 1550s
 830043 693873 6947055.89  203   64 6964294.97 6670240.30  4.22%   5.6 1555s
 832946 696340 6893921.41  275   76 6964294.97 6670324.02  4.22%   5.6 1560s
 835327 698225 6880065.47  341   81 6964294.97 6670481.27  4.22%   5.6 1565s
 837558 699982     cutoff  198      6964294.97 6670550.32  4.22%   5.6 1570s
 839465 700887     cutoff  198      6964294.97 6670581.50  4.22%   5.6 1575s
 842011 702765 6829566.78  132   85 6964294.97 6670618.59  4.22%   5.6 1580s
 844278 703904     cutoff  177      6964294.97 6670668.75  4.22%   5.6 1585s
 846712 705469 6847342.89  122   80 6964294.97 6670766.41  4.21%   5.6 1590s
 848915 707163 6901844.25  332  109 6964294.97 6670830.97  4.21%   5.6 1595s
 850951 708541     cutoff  482      6964294.97 6670846.13  4.21%   5.6 1600s
 853819 710743 6951832.61  503  116 6964294.97 6670862.87  4.21%   5.6 1605s
 855814 711654     cutoff  247      6964294.97 6670898.71  4.21%   5.6 1610s
 858849 714283 6944828.09  313  113 6964294.97 6670924.53  4.21%   5.6 1615s
 860564 715518 6927171.76  468   79 6964294.97 6670944.63  4.21%   5.6 1620s
 862237 716573 6855325.01  323  127 6964294.97 6671006.74  4.21%   5.6 1625s
 864142 718478 6946811.25  444  108 6964294.97 6671006.74  4.21%   5.6 1630s
 865787 719441     cutoff  166      6964294.97 6671050.02  4.21%   5.7 1635s
 868173 721363 6935897.62  649   76 6964294.97 6671098.28  4.21%   5.7 1640s
 870226 722200 6827505.89  141  133 6964294.97 6671256.16  4.21%   5.7 1645s
 872627 724095     cutoff  191      6964294.97 6671258.81  4.21%   5.7 1650s
 874582 725036     cutoff  518      6964294.97 6671353.37  4.21%   5.7 1655s
 877348 727226 infeasible  267      6964294.97 6671411.85  4.21%   5.7 1660s
 880088 729266 6844492.32  596   84 6964294.97 6671501.31  4.20%   5.7 1665s
 882557 731523 6934028.21  155  116 6964294.97 6671514.10  4.20%   5.7 1670s
 884416 732284 6933474.53  309  119 6964294.97 6671608.40  4.20%   5.7 1675s
 887005 734450     cutoff  177      6964294.97 6671644.90  4.20%   5.7 1680s
 889152 735581 6805868.20  440   99 6964294.97 6671722.51  4.20%   5.7 1685s
 892069 738168     cutoff  465      6964294.97 6671747.58  4.20%   5.7 1690s
 894409 739682 6830171.39  467  133 6964294.97 6671912.83  4.20%   5.7 1695s
 896137 740836 6952988.17  353   79 6964294.97 6671944.08  4.20%   5.7 1700s
 898166 741886     cutoff  225      6964294.97 6671978.11  4.20%   5.7 1705s
 900889 744291 6959962.65  357   61 6964294.97 6672020.62  4.20%   5.7 1710s
 903067 745369 6934272.48  279   82 6964294.97 6672108.35  4.20%   5.7 1715s
 905856 747574     cutoff  335      6964294.97 6672147.58  4.19%   5.7 1720s
 907541 748216 6819234.78  469  122 6964294.97 6672202.81  4.19%   5.7 1725s
 910056 749956     cutoff  207      6964294.97 6672208.65  4.19%   5.8 1730s
 912191 751134 6877678.63  589   79 6964294.97 6672270.49  4.19%   5.8 1735s
 914769 753254     cutoff  219      6964294.97 6672280.45  4.19%   5.8 1740s
 916751 753921 6841371.25  296   95 6964294.97 6672389.71  4.19%   5.8 1745s
 919719 756405 6842425.38  146  127 6964294.97 6672403.60  4.19%   5.8 1750s
 921601 757321 6818745.61  284  131 6964294.97 6672411.60  4.19%   5.8 1755s
 924119 759587     cutoff  357      6964294.97 6672415.59  4.19%   5.8 1760s
 926334 760600     cutoff  270      6964294.97 6672429.81  4.19%   5.8 1765s
 928391 762429 6912626.20  386  115 6964294.97 6672431.32  4.19%   5.8 1770s
 929237 763275 6940892.08  432  106 6964294.97 6672431.32  4.19%   5.8 1775s
H930176 763710                    6964077.0777 6672437.16  4.19%   5.8 1780s
H930709 763895                    6964004.9371 6672440.07  4.19%   5.8 1783s
 931406 764310 6688080.30  451  135 6964004.94 6672441.88  4.19%   5.8 1785s
H931709 764611                    6964003.6943 6672441.88  4.19%   5.8 1785s
 934199 766751 6932080.41  299  112 6964003.69 6672445.38  4.19%   5.8 1790s
 936292 767759     cutoff  199      6964003.69 6672509.44  4.19%   5.8 1795s
 938896 770104 6931096.94  202   76 6964003.69 6672510.51  4.19%   5.8 1800s
 940836 770750 6931888.80  207   75 6964003.69 6672512.93  4.19%   5.8 1805s
 943329 773092 6943273.29  284  106 6964003.69 6672513.64  4.19%   5.8 1810s
 945390 774207 6962411.56  261   59 6964003.69 6672517.94  4.19%   5.8 1815s
 947772 776159 6954537.27  376  102 6964003.69 6672520.81  4.19%   5.8 1820s
 949971 776929 6811124.65  212  130 6964003.69 6672607.65  4.18%   5.8 1825s
 953044 780002 6945775.91  459  105 6964003.69 6672607.65  4.18%   5.8 1830s
H953744 780382                    6963870.7642 6672608.18  4.18%   5.8 1831s
H954744 780908                    6963867.3717 6672611.09  4.18%   5.8 1834s
 955035 781021     cutoff  276      6963867.37 6672613.28  4.18%   5.8 1835s
 956274 781586 6840409.04  211  123 6963867.37 6672616.92  4.18%   5.8 1840s
 958082 782990 6958780.26  222   69 6963867.37 6672619.04  4.18%   5.8 1845s
 959339 783605     cutoff  223      6963867.37 6672622.22  4.18%   5.8 1850s
 960678 784409 6878926.37  270  122 6963867.37 6672625.26  4.18%   5.8 1855s
 962121 785310 6954095.31  230   71 6963867.37 6672626.32  4.18%   5.8 1860s
 963125 785521 6828684.22  203  126 6963867.37 6672631.48  4.18%   5.9 1865s
 964562 786296     cutoff  229      6963867.37 6672633.23  4.18%   5.9 1870s
 965901 787421 6913936.46  349  115 6963867.37 6672633.87  4.18%   5.9 1875s
H967103 788420                    6963859.7138 6672634.30  4.18%   5.9 1878s
H967104 788421                    6963848.6334 6672634.30  4.18%   5.9 1878s
H967110 788425                    6963671.0846 6672634.30  4.18%   5.9 1878s
H967113 788428                    6963594.2933 6672634.30  4.18%   5.9 1878s
H967118 788433                    6963579.7905 6672634.30  4.18%   5.9 1878s
H967128 788441                    6963493.1445 6672634.30  4.18%   5.9 1878s
H967139 788452                    6963463.9824 6672634.30  4.18%   5.9 1878s
H967145 788458                    6963436.4043 6672634.30  4.18%   5.9 1878s
 967498 788529 6894911.32  226   77 6963436.40 6672636.78  4.18%   5.9 1880s
 968620 788809 6915100.82  289   77 6963436.40 6672638.29  4.18%   5.9 1885s
 970057 789553 6872351.35  296  118 6963436.40 6672642.28  4.18%   5.9 1890s
 971968 791154 6857731.36  266  125 6963436.40 6672643.13  4.18%   5.9 1895s
 973186 791709     cutoff  270      6963436.40 6672646.26  4.18%   5.9 1900s
 974284 792363 6866793.62  342  124 6963436.40 6672650.25  4.18%   5.9 1905s
 976088 793865 6883171.13  285   83 6963436.40 6672650.67  4.18%   5.9 1910s
 977391 794571     cutoff  343      6963436.40 6672651.86  4.18%   5.9 1915s
 979112 795660 6920471.49  335  119 6963436.40 6672653.16  4.18%   5.9 1920s
H979509 796055                    6963435.1754 6672653.16  4.18%   5.9 1921s
H979510 796056                    6963432.6978 6672653.16  4.18%   5.9 1921s
H979511 796057                    6963429.0169 6672653.16  4.18%   5.9 1921s
H979515 796061                    6963428.9635 6672653.16  4.18%   5.9 1921s
H979518 796064                    6963417.7401 6672653.16  4.18%   5.9 1921s
H979519 796063                    6963375.2898 6672653.16  4.18%   5.9 1921s
H979531 796075                    6963371.5140 6672653.16  4.17%   5.9 1921s
H979539 796083                    6963365.0729 6672653.16  4.17%   5.9 1921s
H979545 796089                    6963340.1455 6672653.16  4.17%   5.9 1921s
 980906 797276 6943162.86  418  106 6963340.15 6672653.16  4.17%   5.9 1925s
 982378 798028 6943402.54  309  114 6963340.15 6672653.87  4.17%   5.9 1930s
 983628 798596 6833530.10  254  128 6963340.15 6672654.94  4.17%   5.9 1935s
 985564 800508     cutoff  394      6963340.15 6672654.94  4.17%   5.9 1940s
 986873 800934 6900844.26  332  112 6963340.15 6672656.56  4.17%   5.9 1945s
 988337 801814 6879909.52  295  121 6963340.15 6672657.16  4.17%   5.9 1950s
 989862 803315 6955614.03  374  109 6963340.15 6672657.16  4.17%   5.9 1955s
 991598 804135 6891986.89  246  121 6963340.15 6672658.23  4.17%   5.9 1960s
H991904 804439                    6963338.5330 6672658.23  4.17%   5.9 1960s
H991906 804441                    6963313.2890 6672658.23  4.17%   5.9 1960s
H991915 804450                    6963308.3448 6672658.23  4.17%   5.9 1960s
H991917 804452                    6963307.5224 6672658.23  4.17%   5.9 1960s
H991923 804458                    6963275.5100 6672658.23  4.17%   5.9 1960s
H991930 804465                    6963141.1442 6672658.23  4.17%   5.9 1960s
 993657 805654 6891102.32  352  118 6963141.14 6672658.85  4.17%   5.9 1965s
 995759 807266     cutoff  301      6963141.14 6672660.07  4.17%   5.9 1970s
 997647 808052 6828261.28  258  129 6963141.14 6672660.99  4.17%   5.9 1975s
 1000344 810047 6846192.75  219   73 6963141.14 6672662.29  4.17%   5.9 1980s
 1003193 812305 6934400.48  386  112 6963141.14 6672663.01  4.17%   5.9 1985s
H1004289 813141                    6963136.6095 6672663.12  4.17%   5.9 1987s
H1004304 813156                    6963134.7980 6672663.12  4.17%   5.9 1987s
H1004322 813162                    6963011.4584 6672663.12  4.17%   5.9 1988s
H1004323 813163                    6962939.2263 6672663.12  4.17%   5.9 1988s
H1004335 813173                    6962936.2933 6672663.12  4.17%   5.9 1988s
H1004338 813176                    6962934.3466 6672663.12  4.17%   5.9 1988s
H1004341 813177                    6962725.2381 6672663.12  4.17%   5.9 1988s
 1004796 813331 6874001.39  292  116 6962725.24 6672663.72  4.17%   5.9 1990s
H1005341 813461                    6962721.0342 6672664.54  4.17%   5.9 1991s
 1006848 814642 6901730.02  368  115 6962721.03 6672665.16  4.17%   5.9 1995s
 1009351 816277 6945068.73  333  106 6962721.03 6672666.32  4.17%   5.9 2000s
 1011771 818292 6923707.19  285  115 6962721.03 6672667.03  4.17%   5.9 2005s
 1013959 819602 6959831.98  270  113 6962721.03 6672668.10  4.17%   5.9 2010s
 1016097 820856 6923175.75  370  118 6962721.03 6672669.17  4.17%   5.9 2015s
H1017701 821903                    6962719.0279 6672670.89  4.17%   5.9 2018s
H1017703 821905                    6962716.8489 6672670.89  4.17%   5.9 2018s
H1017716 821918                    6962716.1932 6672670.89  4.17%   5.9 2018s
H1017719 821921                    6962711.6582 6672670.89  4.17%   5.9 2018s
H1017720 821922                    6962692.8368 6672670.89  4.17%   5.9 2018s
H1017722 821924                    6962679.2860 6672670.89  4.17%   5.9 2018s
H1017727 821929                    6962678.4617 6672670.89  4.17%   5.9 2018s
H1017734 821932                    6962220.8201 6672670.89  4.16%   5.9 2018s
H1017745 821943                    6962177.2070 6672670.89  4.16%   5.9 2018s
H1017746 821944                    6962174.2259 6672670.89  4.16%   5.9 2018s
 1018095 822175 6882997.94  241   69 6962174.23 6672671.60  4.16%   5.9 2020s
H1018746 822740                    6962140.9162 6672671.60  4.16%   5.9 2021s
 1020472 823839 6893779.21  375  116 6962140.92 6672673.04  4.16%   5.9 2025s
 1022815 825484     cutoff  247      6962140.92 6672674.61  4.16%   5.9 2030s
 1025641 827643 6936524.95  457  106 6962140.92 6672677.33  4.16%   5.9 2035s
 1027733 828393     cutoff  221      6962140.92 6672680.95  4.16%   5.9 2040s
 1030650 830866     cutoff  232      6962140.92 6672682.14  4.16%   5.9 2045s
H1031111 830923                    6962140.3451 6672683.06  4.16%   5.9 2046s
H1031116 830923                    6962092.7384 6672683.06  4.16%   5.9 2046s
H1031126 830925                    6962054.6093 6672683.33  4.16%   5.9 2046s
H1031130 830927                    6962039.2768 6672683.33  4.16%   5.9 2046s
H1031133 830930                    6962034.7316 6672683.33  4.16%   5.9 2046s
H1031134 830929                    6961978.9384 6672683.33  4.16%   5.9 2046s
H1031141 830936                    6961971.7464 6672683.33  4.16%   5.9 2046s
 1032635 831724 6869383.18  319  122 6961971.75 6672685.21  4.16%   5.9 2050s
 1034695 833624 6946357.16  202  122 6961971.75 6672686.13  4.16%   5.9 2055s
 1036647 834467 6842688.36  199  126 6961971.75 6672690.93  4.16%   5.9 2060s
 1039501 836831     cutoff  278      6961971.75 6672694.10  4.16%   5.9 2065s
 1041822 838216 6882847.55  348  120 6961971.75 6672705.34  4.15%   5.9 2070s
H1043501 839485                    6961955.7835 6672706.05  4.15%   5.9 2073s
H1043509 839483                    6961939.0542 6672706.05  4.15%   5.9 2073s
H1043517 839485                    6961909.3877 6672706.05  4.15%   5.9 2073s
 1044054 839656 6708884.46  266  116 6961909.39 6672712.95  4.15%   5.9 2075s
 1046857 841797 6865310.75  306  123 6961909.39 6672750.09  4.15%   5.9 2080s
 1049499 843638     cutoff  393      6961909.39 6672785.00  4.15%   6.0 2085s
 1051323 844922 6946276.02  167  118 6961909.39 6672794.62  4.15%   6.0 2090s
 1053861 846822 6909193.04  383  113 6961909.39 6672817.79  4.15%   6.0 2095s
 1056423 848528 6948502.20  355   79 6961909.39 6672892.82  4.15%   6.0 2100s
 1058905 850274 6872147.51  328  118 6961909.39 6672988.00  4.15%   6.0 2105s
 1061996 852691     cutoff  506      6961909.39 6673102.36  4.15%   6.0 2110s
 1064768 854637     cutoff  203      6961909.39 6673133.58  4.15%   6.0 2115s
 1066579 855639 6842526.28  152  127 6961909.39 6673183.38  4.15%   6.0 2120s
 1069348 858062     cutoff  165      6961909.39 6673194.11  4.15%   6.0 2125s
 1071965 859888 6902219.89  265  110 6961909.39 6673226.10  4.15%   6.0 2130s
 1074466 861578 6954248.43  170  115 6961909.39 6673263.46  4.15%   6.0 2135s
 1077132 863469 6928639.09  780   72 6961909.39 6673305.34  4.15%   6.0 2140s
 1079274 864493 6941516.73  188   72 6961909.39 6673372.17  4.14%   6.0 2145s
 1081305 865990     cutoff  189      6961909.39 6673378.04  4.14%   6.0 2150s
 1083488 867309     cutoff  511      6961909.39 6673492.01  4.14%   6.0 2155s
 1085724 869153     cutoff  529      6961909.39 6673511.62  4.14%   6.0 2160s
 1087858 869989 6839460.52  523  121 6961909.39 6673678.28  4.14%   6.0 2165s
 1090670 871835 6826110.84  489   94 6961909.39 6673771.75  4.14%   6.0 2170s
 1093631 874368 6939138.62  343  107 6961909.39 6673829.90  4.14%   6.0 2175s
 1096283 875999 6878010.12  531   86 6961909.39 6673993.63  4.14%   6.0 2180s
 1098375 877817 6935536.67  178   71 6961909.39 6674052.58  4.13%   6.0 2185s
 1100854 879488 6879334.57  621   80 6961909.39 6674142.68  4.13%   6.0 2190s
 1103516 881474     cutoff  345      6961909.39 6674203.47  4.13%   6.0 2195s
 1106472 883847 6926449.88  436   74 6961909.39 6674232.33  4.13%   6.0 2200s
 1108886 885285 6893653.27  154  119 6961909.39 6674311.55  4.13%   6.0 2205s
 1110600 886419 6854850.08  223  122 6961909.39 6674339.56  4.13%   6.0 2210s
 1112447 887996     cutoff  523      6961909.39 6674351.69  4.13%   6.0 2215s
 1113858 888749 6954052.15  216   62 6961909.39 6674391.12  4.13%   6.0 2220s
 1115020 888953 6804492.53  288  125 6961909.39 6674463.73  4.13%   6.1 2225s
 1116865 890500 6888037.34  605   82 6961909.39 6674471.04  4.13%   6.1 2230s
 1118479 891578 6942743.25  149   74 6961909.39 6674504.64  4.13%   6.1 2235s
 1119625 891976     cutoff  207      6961909.39 6674584.96  4.13%   6.1 2240s
 1121753 893990 6887409.41  531   73 6961909.39 6674590.39  4.13%   6.1 2245s
 1122958 894815 6922937.94  179   72 6961909.39 6674617.10  4.13%   6.1 2250s
 1124499 895712 6813389.11  367  126 6961909.39 6674697.36  4.13%   6.1 2255s
 1126520 897294 6925454.03  518  126 6961909.39 6674712.05  4.13%   6.1 2260s
 1127535 897925     cutoff  524      6961909.39 6674779.31  4.12%   6.1 2265s
 1129184 899079 6885812.69  612  119 6961909.39 6674836.21  4.12%   6.1 2270s
 1130752 900077 6881963.37  161   85 6961909.39 6674854.34  4.12%   6.1 2275s
 1132422 901204 6959131.43  180   73 6961909.39 6674895.77  4.12%   6.1 2280s
 1134226 902498 6928129.78  558   97 6961909.39 6674948.45  4.12%   6.1 2285s
 1135195 902739 6826830.49  532   90 6961909.39 6675004.16  4.12%   6.1 2290s
 1136691 903603 6826082.65  510  125 6961909.39 6675084.52  4.12%   6.1 2295s
 1138799 905421     cutoff  169      6961909.39 6675135.62  4.12%   6.1 2300s
 1140140 906096 6940622.87  553   68 6961909.39 6675194.34  4.12%   6.1 2305s
 1141965 907659 6893437.01  277  113 6961909.39 6675208.68  4.12%   6.1 2310s
 1143299 908685     cutoff  539      6961909.39 6675227.27  4.12%   6.1 2315s
 1144712 909257 6874662.71  244   83 6961909.39 6675332.83  4.12%   6.1 2320s
 1146322 910700 6882909.47  293  114 6961909.39 6675348.20  4.12%   6.1 2325s
 1148314 912399     cutoff  537      6961909.39 6675357.58  4.12%   6.1 2330s
 1149574 912781 6917404.82  262   75 6961909.39 6675425.86  4.12%   6.1 2335s
 1151283 914024 6857987.94  630   87 6961909.39 6675469.50  4.11%   6.1 2340s
 1153348 915937 6949543.83  378   76 6961909.39 6675470.82  4.11%   6.1 2345s
 1154816 916637     cutoff  307      6961909.39 6675534.70  4.11%   6.1 2350s
 1156591 917962 6888652.80  322  121 6961909.39 6675551.54  4.11%   6.1 2355s
 1158081 919410 6950405.18  400  107 6961909.39 6675551.54  4.11%   6.1 2360s
 1159766 920441     cutoff  575      6961909.39 6675582.49  4.11%   6.1 2365s
 1161262 921145     cutoff  310      6961909.39 6675596.58  4.11%   6.1 2370s
 1163385 923082 6945092.93  433  111 6961909.39 6675633.49  4.11%   6.1 2375s
 1165007 923997 6905811.15  334   85 6961909.39 6675705.28  4.11%   6.1 2380s
 1166319 924647 6906402.44  298   72 6961909.39 6675716.24  4.11%   6.1 2385s
 1167772 925966 6901938.76  358  113 6961909.39 6675743.98  4.11%   6.1 2390s
 1169845 927322 6947287.19  711   76 6961909.39 6675791.16  4.11%   6.1 2395s
 1172333 928971 6890421.83  650   78 6961909.39 6675829.42  4.11%   6.1 2400s
 1174278 930207     cutoff  350      6961909.39 6675891.24  4.11%   6.1 2405s
 1176591 931812 6853116.08  221  123 6961909.39 6676018.75  4.11%   6.1 2410s
 1178943 933157 6879537.11  434  125 6961909.39 6676147.42  4.10%   6.1 2415s
 1181142 935031 6959869.84  566  112 6961909.39 6676155.41  4.10%   6.1 2420s
 1182730 935440 6949584.38  185   72 6961909.39 6676311.20  4.10%   6.1 2425s
 1185489 937563 6953058.45  404   74 6961909.39 6676383.40  4.10%   6.2 2430s
 1188127 939337     cutoff  521      6961909.39 6676495.80  4.10%   6.2 2435s
 1190147 940681 6955300.45  576   71 6961909.39 6676587.01  4.10%   6.2 2440s
 1192763 942390 6955453.28  566   80 6961909.39 6676681.80  4.10%   6.2 2445s
 1195044 943658     cutoff  552      6961909.39 6676797.75  4.10%   6.2 2450s
 1197753 946101     cutoff  888      6961909.39 6676819.51  4.09%   6.2 2455s
 1199931 947152 6953137.80  173   79 6961909.39 6676936.80  4.09%   6.2 2460s
 1202693 949574 6955319.12  786  108 6961909.39 6676950.98  4.09%   6.2 2465s
 1204547 950137 6944523.13  636  117 6961909.39 6677128.98  4.09%   6.2 2470s
 1207209 952665 6936420.64  362  105 6961909.39 6677137.53  4.09%   6.2 2475s
 1209303 953881 6874600.64  218  120 6961909.39 6677343.14  4.09%   6.2 2480s
 1211738 955402     cutoff  167      6961909.39 6677454.20  4.09%   6.2 2485s
 1214572 957670     cutoff  567      6961909.39 6677553.24  4.08%   6.2 2490s
 1216678 958666 6958217.78  209  108 6961909.39 6677708.43  4.08%   6.2 2495s
 1218905 960435 6931354.43  429  105 6961909.39 6677740.10  4.08%   6.2 2500s
 1221234 961958 6960051.01  175   80 6961909.39 6677820.83  4.08%   6.2 2505s
 1224009 964125 6923672.05  668   76 6961909.39 6677905.96  4.08%   6.2 2510s
 1225999 965373 6866998.64  380   81 6961909.39 6678040.32  4.08%   6.2 2515s
 1228560 967126 6889851.88  674   81 6961909.39 6678111.83  4.08%   6.2 2520s
 1231044 968587 6856302.57  160  125 6961909.39 6678324.63  4.07%   6.2 2525s
 1233787 971120 6930900.65  383  109 6961909.39 6678339.85  4.07%   6.2 2530s
 1235795 972264     cutoff  582      6961909.39 6678469.96  4.07%   6.2 2535s
 1238597 974516 6832079.28  363  129 6961909.39 6678506.36  4.07%   6.2 2540s
 1241017 975842 6846256.73  208  125 6961909.39 6678588.44  4.07%   6.2 2545s
 1243910 978409 6838939.06  544  130 6961909.39 6678599.84  4.07%   6.2 2550s
 1246411 980006 6944749.85  564   76 6961909.39 6678701.68  4.07%   6.2 2555s
 1248880 981902 6844193.83  206   88 6961909.39 6678791.66  4.07%   6.2 2560s
 1251500 983665 6898847.47  685   75 6961909.39 6678836.04  4.07%   6.2 2565s
 1253984 985303     cutoff  172      6961909.39 6678870.58  4.07%   6.2 2570s
 1256660 987038     cutoff  389      6961909.39 6678896.80  4.07%   6.2 2575s
 1258708 988506 6877529.20  280  122 6961909.39 6678928.14  4.06%   6.2 2580s
 1261330 990616     cutoff  420      6961909.39 6678963.12  4.06%   6.2 2585s
 1263547 992361 6900277.66  262  107 6961909.39 6679001.76  4.06%   6.2 2590s
 1265797 993685 6843290.95  384  129 6961909.39 6679097.05  4.06%   6.2 2595s
 1268623 995877 6955232.21  586   81 6961909.39 6679151.46  4.06%   6.2 2600s
 1270393 996563 6831056.27  265  126 6961909.39 6679260.42  4.06%   6.2 2605s
 1272884 998404     cutoff  572      6961909.39 6679299.59  4.06%   6.2 2610s
 1275527 1000365 6895524.54  316   75 6961909.39 6679430.19  4.06%   6.2 2615s
 1278423 1002433 6819066.27  373  127 6961909.39 6679517.93  4.06%   6.2 2621s
 1280449 1003923 6884533.44  337  119 6961909.39 6679565.80  4.06%   6.2 2625s
 1282761 1005617 6960194.87  202   65 6961909.39 6679578.46  4.06%   6.2 2630s
 1284981 1006892 6897541.15  345  111 6961909.39 6679702.01  4.05%   6.2 2635s
 1287697 1008740     cutoff  306      6961909.39 6679742.34  4.05%   6.3 2640s
 1290556 1010952 6921977.79  258  111 6961909.39 6679764.73  4.05%   6.2 2645s
 1292552 1011736 6952893.18  248   71 6961909.39 6679833.70  4.05%   6.3 2650s
 1294384 1013175 6901072.49  429   85 6961909.39 6679851.87  4.05%   6.3 2655s
 1297134 1015313 6959236.42  163   70 6961909.39 6679861.78  4.05%   6.3 2660s
 1299778 1017161 6919821.84  358  112 6961909.39 6679950.18  4.05%   6.3 2665s
 1302085 1018463 6948968.31  612  115 6961909.39 6680060.44  4.05%   6.3 2670s
 1305255 1021252     cutoff  294      6961909.39 6680093.66  4.05%   6.3 2675s
 1307595 1022532 6949962.79  451   82 6961909.39 6680241.90  4.05%   6.3 2680s
 1310055 1024476 6927061.43  685   74 6961909.39 6680304.49  4.04%   6.3 2685s
 1312230 1025869     cutoff  155      6961909.39 6680326.23  4.04%   6.3 2690s
 1314928 1027937     cutoff  760      6961909.39 6680400.13  4.04%   6.3 2695s
 1317597 1029710 6885274.71  363  116 6961909.39 6680463.15  4.04%   6.3 2700s
 1319820 1031029     cutoff  173      6961909.39 6680513.36  4.04%   6.3 2705s
 1322503 1032984     cutoff  184      6961909.39 6680568.08  4.04%   6.3 2710s
 1324400 1033795 6856025.26  205  123 6961909.39 6680656.51  4.04%   6.3 2715s
 1326911 1036280     cutoff  649      6961909.39 6680656.51  4.04%   6.3 2720s
 1328945 1037319 6953383.53  637  114 6961909.39 6680730.03  4.04%   6.3 2725s
 1331881 1039515 6951291.35  459   85 6961909.39 6680795.23  4.04%   6.3 2730s
 1334243 1041044     cutoff  301      6961909.39 6680850.50  4.04%   6.3 2735s
 1336943 1043090 6960657.01  384  111 6961909.39 6680966.28  4.04%   6.3 2740s
 1338553 1043906     cutoff  232      6961909.39 6681037.62  4.03%   6.3 2745s
 1341445 1046360 6931774.95  426   81 6961909.39 6681088.21  4.03%   6.3 2750s
 1343163 1047058     cutoff  330      6961909.39 6681186.11  4.03%   6.3 2755s
 1346605 1050382     cutoff  328      6961909.39 6681213.75  4.03%   6.3 2760s
 1348780 1051470 6862909.47  182  121 6961909.39 6681322.00  4.03%   6.3 2765s
 1351629 1053807 6948444.66  477   85 6961909.39 6681345.80  4.03%   6.3 2770s
 1353408 1054635 6844544.77  300  127 6961909.39 6681411.15  4.03%   6.3 2775s
 1355769 1056708 6904683.00  442   86 6961909.39 6681419.09  4.03%   6.3 2780s
 1358140 1058277 6844566.33  313  123 6961909.39 6681541.62  4.03%   6.3 2785s
 1360185 1060108     cutoff  221      6961909.39 6681581.59  4.03%   6.3 2790s
 1361740 1061087     cutoff  205      6961909.39 6681695.24  4.02%   6.3 2795s
 1363664 1062723 6883603.19  170  127 6961909.39 6681754.12  4.02%   6.3 2800s
 1365259 1063646 6960113.73  349   60 6961909.39 6681783.40  4.02%   6.3 2805s
 1366666 1064545 6889330.73  236  113 6961909.39 6681826.41  4.02%   6.3 2811s
 1368229 1065850 6916022.91  239   77 6961909.39 6681858.15  4.02%   6.3 2815s
 1369435 1066400 6939022.47  158   67 6961909.39 6681895.77  4.02%   6.3 2820s
 1370640 1066845 6837836.80  283  128 6961909.39 6681938.67  4.02%   6.3 2825s
 1372162 1068367 6938988.97  433  104 6961909.39 6681938.67  4.02%   6.3 2830s
 1373561 1068942     cutoff  198      6961909.39 6681965.59  4.02%   6.3 2835s
 1375049 1069722     cutoff  220      6961909.39 6681969.47  4.02%   6.3 2840s
 1376808 1071167 6926229.66  326  110 6961909.39 6681974.60  4.02%   6.3 2845s
 1378259 1072014 6955594.98  185   78 6961909.39 6681991.08  4.02%   6.3 2850s
 1379382 1072349 6947259.77  183  110 6961909.39 6682029.69  4.02%   6.3 2855s
 1381079 1073724     cutoff  189      6961909.39 6682047.08  4.02%   6.3 2860s
 1382243 1074099 6923913.08  188   70 6961909.39 6682074.46  4.02%   6.3 2865s
 1383447 1074873 6832844.02  181  126 6961909.39 6682100.89  4.02%   6.3 2870s
 1385390 1076610     cutoff  194      6961909.39 6682107.88  4.02%   6.3 2875s
 1386560 1077101     cutoff  200      6961909.39 6682161.37  4.02%   6.3 2880s
 1388077 1077856 6856778.40  327  127 6961909.39 6682223.42  4.02%   6.3 2885s
 1390061 1079616     cutoff  467      6961909.39 6682228.88  4.02%   6.3 2890s
 1391749 1080920 6892614.36  198  122 6961909.39 6682276.02  4.02%   6.3 2895s
 1392906 1081333     cutoff  523      6961909.39 6682390.93  4.01%   6.3 2900s
 1394964 1083249 6960613.86  309  103 6961909.39 6682403.29  4.01%   6.3 2905s
 1396405 1083891 6946135.74  459   83 6961909.39 6682451.19  4.01%   6.3 2910s
 1398287 1085425 6938024.09  524  113 6961909.39 6682491.43  4.01%   6.3 2916s
 1399756 1086357 6961041.04  321   70 6961909.39 6682665.65  4.01%   6.3 2920s
 1402039 1087648 6836137.94  209  124 6961909.39 6682858.16  4.01%   6.3 2925s
 1405293 1090782     cutoff  314      6961909.39 6682869.11  4.01%   6.3 2930s
 1407323 1091478 6820665.63  130  133 6961909.39 6683120.41  4.00%   6.3 2935s
 1410228 1094091 6935259.92  309  105 6961909.39 6683162.59  4.00%   6.3 2940s
 1412407 1094992 6893335.49  213  115 6961909.39 6683276.64  4.00%   6.3 2945s
 1415254 1097714     cutoff  172      6961909.39 6683299.30  4.00%   6.3 2950s
 1417423 1098865     cutoff  250      6961909.39 6683415.92  4.00%   6.3 2955s
 1420084 1101078 6915189.77  301  111 6961909.39 6683475.37  4.00%   6.3 2960s
 1422493 1102595 6956468.21  246  112 6961909.39 6683494.76  4.00%   6.3 2965s
 1425341 1104886 6924159.31  374  106 6961909.39 6683552.79  4.00%   6.3 2970s
 1427657 1106363 6930012.37  447   79 6961909.39 6683651.02  4.00%   6.3 2975s
 1429839 1108053 6941390.26  301  107 6961909.39 6683719.30  4.00%   6.3 2980s
 1431785 1109012 6951454.82  202  113 6961909.39 6683832.83  3.99%   6.3 2985s
 1433896 1110275 6892873.64  563  117 6961909.39 6683861.38  3.99%   6.3 2990s
 1436325 1111947     cutoff  179      6961909.39 6683998.14  3.99%   6.3 2995s
 1439049 1114059 6924935.81  604   70 6961909.39 6684119.00  3.99%   6.3 3000s
 1441486 1115495 6950273.52  315   71 6961909.39 6684240.85  3.99%   6.3 3005s
 1443502 1117311 6927512.65  598  120 6961909.39 6684254.85  3.99%   6.3 3010s
 1446357 1119591 6949316.28  728   66 6961909.39 6684327.65  3.99%   6.3 3015s
 1448493 1120711     cutoff  283      6961909.39 6684440.25  3.99%   6.3 3020s
 1451064 1122568 6916790.48  339   74 6961909.39 6684499.50  3.98%   6.3 3025s
 1453555 1124225 6924350.18  646  120 6961909.39 6684638.77  3.98%   6.3 3030s
 1456229 1126785 6927416.38  272  106 6961909.39 6684705.70  3.98%   6.3 3035s
 1458275 1127929 6916634.51  197   73 6961909.39 6684814.80  3.98%   6.3 3040s
 1460092 1128336     cutoff  206      6961909.39 6684824.75  3.98%   6.3 3045s
 1462649 1130381 6946314.47  208   69 6961909.39 6684846.98  3.98%   6.3 3050s
 1465037 1131887     cutoff  431      6961909.39 6684970.45  3.98%   6.3 3055s
 1467769 1134061     cutoff  514      6961909.39 6685084.47  3.98%   6.3 3060s
 1469449 1134427 6960127.84  497   76 6961909.39 6685155.54  3.98%   6.4 3065s
 1472350 1136773     cutoff  313      6961909.39 6685220.79  3.97%   6.4 3070s
 1474111 1137474 6880458.60  290   84 6961909.39 6685331.59  3.97%   6.4 3075s
 1476652 1139477     cutoff  321      6961909.39 6685456.71  3.97%   6.4 3080s
 1479328 1141361     cutoff  491      6961909.39 6685506.70  3.97%   6.4 3085s
 1481725 1142902 6841496.49  514  119 6961909.39 6685598.09  3.97%   6.4 3090s
 1484485 1144946 6885981.90  479   87 6961909.39 6685647.89  3.97%   6.4 3095s
 1486138 1146043 6955816.58  210   63 6961909.39 6685686.01  3.97%   6.4 3100s
 1488029 1147648 6920806.90  302  108 6961909.39 6685688.25  3.97%   6.4 3105s
 1489160 1148541 6960038.52  299  108 6961909.39 6685700.80  3.97%   6.4 3110s
 1490325 1148859     cutoff  226      6961909.39 6685715.31  3.97%   6.4 3115s
 1492044 1150090 6707030.33  586  133 6961909.39 6685761.43  3.97%   6.4 3120s
 1494106 1151958     cutoff  613      6961909.39 6685774.56  3.97%   6.4 3125s
 1495439 1152569     cutoff  435      6961909.39 6685888.61  3.96%   6.4 3130s
 1496976 1153540 6951532.92  222   69 6961909.39 6685923.31  3.96%   6.4 3135s
 1498372 1154216 6860033.82  335  118 6961909.39 6685935.12  3.96%   6.4 3140s
 1500025 1155533     cutoff  204      6961909.39 6685944.69  3.96%   6.4 3145s
 1501140 1155911     cutoff  225      6961909.39 6685979.57  3.96%   6.4 3150s
 1502795 1157180 6905339.83  322  113 6961909.39 6686006.42  3.96%   6.4 3155s
 1505367 1158900 6939650.91  492   81 6961909.39 6686091.05  3.96%   6.4 3160s
 1507231 1160414 6929918.03  576  115 6961909.39 6686111.62  3.96%   6.4 3165s
 1508547 1161328 6950575.34  464   78 6961909.39 6686147.17  3.96%   6.4 3170s
 1509890 1161981 6838646.74  294  124 6961909.39 6686204.71  3.96%   6.4 3175s
 1511452 1163499 6961786.15  454   64 6961909.39 6686204.71  3.96%   6.4 3180s
 1512633 1163780     cutoff  189      6961909.39 6686258.81  3.96%   6.4 3185s
 1514357 1165220 6921029.15  316  112 6961909.39 6686294.48  3.96%   6.4 3190s
 1515773 1166050 6843188.46  179  122 6961909.39 6686321.85  3.96%   6.4 3195s
 1517424 1167023 6955678.93  474   70 6961909.39 6686345.04  3.96%   6.4 3200s
 1519091 1168464 6941049.58  406  109 6961909.39 6686356.83  3.96%   6.4 3205s
 1520422 1169326     cutoff  192      6961909.39 6686388.15  3.96%   6.4 3210s
 1521757 1169893 6898393.05  301   79 6961909.39 6686391.88  3.96%   6.4 3215s
 1523272 1170865 6872214.45  310  113 6961909.39 6686404.77  3.96%   6.4 3220s
 1525104 1172171     cutoff  294      6961909.39 6686442.62  3.96%   6.4 3225s
 1526543 1172948 6924661.87  388   78 6961909.39 6686472.90  3.96%   6.4 3230s
 1528324 1174407 6880197.01  380  114 6961909.39 6686485.76  3.96%   6.4 3235s
 1529952 1175531     cutoff  225      6961909.39 6686506.48  3.96%   6.4 3240s
 1531292 1176225 6851633.47  196   82 6961909.39 6686543.04  3.96%   6.4 3245s
 1533472 1178303 6954319.32  301  109 6961909.39 6686543.04  3.96%   6.4 3250s
 1535569 1179366 6912553.77  655  117 6961909.39 6686573.02  3.95%   6.4 3255s
 1537714 1181121 6939162.81  517   70 6961909.39 6686601.12  3.95%   6.4 3260s
 1539754 1181439     cutoff  435      6961909.39 6686617.14  3.95%   6.4 3265s
 1542023 1182704 6935768.30  226   67 6961909.39 6686696.48  3.95%   6.4 3270s
 1545339 1185520 6915315.37  348  110 6961909.39 6686756.03  3.95%   6.4 3275s
 1547975 1187590 6935156.31  404   64 6961909.39 6686825.22  3.95%   6.4 3280s
 1550607 1189380 6885920.84  503   85 6961909.39 6686927.20  3.95%   6.4 3285s
 1552951 1191153 6827917.60  117  129 6961909.39 6687025.79  3.95%   6.4 3290s
 1555891 1193455 6957625.63  670  119 6961909.39 6687059.67  3.95%   6.4 3295s
 1558084 1194726 6840770.96  178  122 6961909.39 6687157.06  3.95%   6.4 3300s
 1560585 1196889 6958590.18  323   64 6961909.39 6687206.37  3.95%   6.4 3305s
 1563203 1198600 6853854.42  220  119 6961909.39 6687374.24  3.94%   6.4 3310s
 1565551 1200402 6922501.39  464   89 6961909.39 6687515.45  3.94%   6.4 3315s
 1568209 1202284     cutoff  640      6961909.39 6687619.34  3.94%   6.4 3320s
 1570766 1203901 6893376.58  188  113 6961909.39 6687722.96  3.94%   6.4 3325s
 1573237 1205776 6933381.76  151   75 6961909.39 6687774.15  3.94%   6.4 3330s
 1575322 1206944 6865532.01  585   79 6961909.39 6687833.62  3.94%   6.4 3335s
 1577851 1208475     cutoff  157      6961909.39 6687913.88  3.94%   6.4 3340s
 1580359 1210081 6914451.15  632   77 6961909.39 6687951.14  3.94%   6.4 3345s
 1582393 1211292 6858809.49  187   83 6961909.39 6688117.01  3.93%   6.4 3350s
 1585127 1213405 6907622.51  258  114 6961909.39 6688118.22  3.93%   6.4 3355s
 1587450 1214744 6960725.91  236   67 6961909.39 6688185.37  3.93%   6.4 3360s
 1590392 1217041 6945287.53  197   66 6961909.39 6688275.68  3.93%   6.4 3365s
 1592915 1218522 6911284.90  325  111 6961909.39 6688335.71  3.93%   6.4 3370s
 1595218 1219951     cutoff  550      6961909.39 6688378.08  3.93%   6.4 3375s
 1597616 1222049 6940897.64  297  110 6961909.39 6688408.23  3.93%   6.4 3380s
 1599833 1223108 6839858.46  603  127 6961909.39 6688489.40  3.93%   6.4 3385s
 1602353 1225304 6949261.92  292   70 6961909.39 6688493.81  3.93%   6.4 3390s
 1604406 1226309 6959559.25  203   71 6961909.39 6688511.18  3.93%   6.4 3395s
 1607355 1228772 6943122.42  690  116 6961909.39 6688535.43  3.93%   6.4 3400s
 1609454 1229686 6957876.46  339   70 6961909.39 6688614.64  3.93%   6.4 3405s
 1611978 1231998     cutoff  693      6961909.39 6688627.51  3.93%   6.4 3410s
 1613941 1232765     cutoff  183      6961909.39 6688665.52  3.92%   6.4 3415s
 1616938 1235205     cutoff  222      6961909.39 6688695.44  3.92%   6.4 3420s
 1619158 1236415 6873452.50  234  116 6961909.39 6688753.19  3.92%   6.4 3425s
 1621788 1238080     cutoff  497      6961909.39 6688777.79  3.92%   6.4 3430s
 1624630 1240410 6928879.89  248  113 6961909.39 6688886.52  3.92%   6.4 3435s
 1626828 1241508     cutoff  329      6961909.39 6688931.21  3.92%   6.4 3440s
 1628696 1243148     cutoff  357      6961909.39 6688938.31  3.92%   6.4 3445s
 1631083 1244602     cutoff  155      6961909.39 6688965.49  3.92%   6.4 3450s
 1633626 1246517     cutoff  172      6961909.39 6689059.64  3.92%   6.4 3455s
 1635528 1247282     cutoff  166      6961909.39 6689100.31  3.92%   6.4 3460s
 1638440 1249538 6942869.52  662  116 6961909.39 6689175.43  3.92%   6.4 3465s
 1640962 1251586 6892691.34  712   77 6961909.39 6689200.80  3.92%   6.4 3470s
 1643226 1253050 6832686.47  502  124 6961909.39 6689284.01  3.92%   6.4 3475s
 1646228 1255412 6908905.57  206  118 6961909.39 6689310.79  3.92%   6.4 3480s
 1648428 1256592 6942515.87  717  116 6961909.39 6689349.58  3.92%   6.4 3485s
 1651722 1259514 6950850.36  391   98 6961909.39 6689377.03  3.91%   6.4 3490s
 1654282 1261117     cutoff  188      6961909.39 6689405.32  3.91%   6.4 3495s
 1656279 1262702 6892085.57  312  115 6961909.39 6689428.60  3.91%   6.4 3500s
 1659094 1264879 6943581.68  266   67 6961909.39 6689451.55  3.91%   6.4 3505s
 1661574 1266351 6886517.16  724   83 6961909.39 6689516.21  3.91%   6.4 3510s
 1664056 1268056 6837180.89  629   93 6961909.39 6689540.69  3.91%   6.4 3515s
 1667481 1271309 6960084.02  449   99 6961909.39 6689545.06  3.91%   6.4 3520s
 1669527 1272262     cutoff  259      6961909.39 6689569.72  3.91%   6.4 3525s
 1671953 1274258 6919764.99  234   73 6961909.39 6689580.60  3.91%   6.4 3530s
 1674335 1275624 6863028.31  216  116 6961909.39 6689622.85  3.91%   6.4 3535s
 1677118 1277623     cutoff  297      6961909.39 6689642.54  3.91%   6.4 3540s
 1679887 1279666     cutoff  252      6961909.39 6689674.35  3.91%   6.4 3545s
 1682016 1280796 6881747.15  362  118 6961909.39 6689717.96  3.91%   6.4 3550s
 1684315 1282773 6954266.08  334  115 6961909.39 6689727.66  3.91%   6.4 3555s
 1686540 1283927 6877359.99  743   80 6961909.39 6689758.57  3.91%   6.4 3560s
 1688761 1285519 6955752.00  324   78 6961909.39 6689767.60  3.91%   6.4 3565s
 1691447 1287373 6887849.99  838   74 6961909.39 6689815.33  3.91%   6.4 3570s
 1694236 1289551 6939709.31  677   69 6961909.39 6689837.63  3.91%   6.4 3575s
 1696628 1290832 6917270.09  344  104 6961909.39 6689861.68  3.91%   6.4 3580s
 1698775 1292021 6951833.70  739  113 6961909.39 6689906.81  3.91%   6.4 3585s
 1700898 1293824 6899450.42  323   82 6961909.39 6689955.19  3.91%   6.4 3590s
 1702080 1294202 6897752.62  321   80 6961909.39 6690033.73  3.91%   6.4 3596s

Cutting planes:
  RLT: 56

Explored 1704077 nodes (10978781 simplex iterations) in 3600.04 seconds (1978.41 work units)
Thread count was 1 (of 24 available processors)

Solution count 10: 6.96191e+06 6.96194e+06 6.96196e+06 ... 6.96214e+06

Time limit reached
Best objective 6.961909387708e+06, best bound 6.690040097391e+06, gap 3.9051%
