
Gurobi 11.0.3 (linux64, Java) logging started qui 18 dez 2025 23:45:21 -03

Set parameter WLSAccessID
Set parameter WLSSecret
Set parameter LicenseID to value 2566693
Academic license 2566693 - for non-commercial use only - registered to ja___@ufv.br
Set parameter NonConvex to value 2
Set parameter TimeLimit to value 3600
Set parameter LogToConsole to value 0
Set parameter MIPGap to value 4.7478399160473358e-08
Set parameter Threads to value 1
Set parameter NodefileDir to value "/home/ps12398/efpe/goalProgrammingMarcos/"
Set parameter NodefileStart to value 0.1
Gurobi Optimizer version 11.0.3 build v11.0.3rc0 (linux64)

CPU model: Intel(R) Xeon(R) CPU           X5650  @ 2.67GHz, instruction set [SSE2]
Thread count: 12 physical cores, 24 logical processors, using up to 1 threads

Academic license 2566693 - for non-commercial use only - registered to ja___@ufv.br
Optimize a model with 62245 rows, 41913 columns and 208202 nonzeros
Model fingerprint: 0x09532868
Model has 149 quadratic constraints
Variable types: 20886 continuous, 21027 integer (144 binary)
Coefficient statistics:
  Matrix range     [7e-03, 6e+06]
  QMatrix range    [7e-03, 1e+05]
  QLMatrix range   [1e+00, 1e+05]
  Objective range  [1e+00, 4e+07]
  Bounds range     [1e+00, 1e+08]
  RHS range        [1e+00, 9e+06]
  QRHS range       [5e-02, 5e-02]
Presolve removed 61899 rows and 41199 columns
Presolve time: 0.09s
Presolved: 915 rows, 891 columns, 20832 nonzeros
Presolved model has 2 SOS constraint(s)
Presolved model has 144 bilinear constraint(s)

Solving non-convex MIQCP

Variable types: 470 continuous, 421 integer (146 binary)
Found heuristic solution: objective 1.126442e+07

Root relaxation: objective 7.317645e+06, 144 iterations, 0.01 seconds (0.00 work units)

    Nodes    |    Current Node    |     Objective Bounds      |     Work
 Expl Unexpl |  Obj  Depth IntInf | Incumbent    BestBd   Gap | It/Node Time

     0     0 7317645.13    0  136 1.1264e+07 7317645.13  35.0%     -    0s
H    0     0                    9509868.2246 7317645.13  23.1%     -    0s
H    0     0                    9509312.2733 7317645.13  23.0%     -    0s
     0     0 7803049.78    0  139 9509312.27 7803049.78  17.9%     -    0s
H    0     0                    9043996.7459 7803049.78  13.7%     -    0s
     0     0 7833590.01    0  140 9043996.75 7833590.01  13.4%     -    0s
     0     0 7834056.22    0  140 9043996.75 7834056.22  13.4%     -    0s
H    0     0                    8811284.1189 7834056.22  11.1%     -    0s
     0     0 7834083.08    0  141 8811284.12 7834083.08  11.1%     -    0s
     0     0 7834164.82    0  140 8811284.12 7834164.82  11.1%     -    0s
H    0     0                    8777898.2211 7834187.41  10.8%     -    0s
     0     2 7834188.69    0  140 8777898.22 7834188.69  10.8%     -    0s
H  620   620                    8660956.2822 7834475.63  9.54%   1.8    1s
H  994   994                    8644194.4223 7834475.63  9.37%   1.7    2s
H 1168  1168                    8628677.6872 7834475.63  9.20%   1.7    2s
H 1362  1362                    8614443.6447 7834475.63  9.05%   1.9    2s
H 1556  1556                    8599703.9339 7834475.63  8.90%   2.0    2s
H 2138  2138                    8594371.9333 7834475.63  8.84%   2.1    3s
  2570  2567 7919573.68  346   51 8594371.93 7919573.68  7.85%   2.5    5s
  2835  2750 8240240.49  197  126 8594371.93 8234688.14  4.19%   2.9   10s
  3205  2997 8250069.52  382  134 8594371.93 8234688.14  4.19%   2.9   15s
  3572  3242 8258162.70  566  131 8594371.93 8234688.14  4.19%   2.9   20s
  3960  3500 8275792.29  760  124 8594371.93 8234688.14  4.19%   3.1   25s
  4658  3966 8355312.71 1109  121 8594371.93 8234688.14  4.19%   3.8   30s
  5365  4437 8390730.74 1462  118 8594371.93 8234688.14  4.19%   4.4   35s
H 5817  4606                    8593723.0446 8234688.14  4.18%   5.3   38s
  6053  4766 8431627.02 1806  106 8593723.04 8234688.14  4.18%   5.9   40s
  6739  5223 8484917.16 2149  111 8593723.04 8234688.14  4.18%   6.8   45s
H 6817  5148                    8587884.9332 8234688.14  4.11%   6.8   45s
  7427  5521 8341682.25  194  135 8587884.93 8234700.14  4.11%   6.6   50s
  8123  5985 8421021.49  542  118 8587884.93 8234700.14  4.11%   6.4   55s
  8831  6457 8431549.99  896  120 8587884.93 8234700.14  4.11%   6.1   60s
  9525  6919 8433606.52 1243  117 8587884.93 8234700.14  4.11%   5.8   65s
 10243  7608 8445571.04 1602  121 8587884.93 8234700.14  4.11%   5.7   70s
H10848  8209                    8581305.2823 8234700.14  4.04%   5.6   74s
H10868  8187                    8571194.0019 8234700.14  3.93%   5.6   74s
H10965  8228                    8565957.4277 8234700.14  3.87%   5.6   74s
H10970  8233                    8565726.7979 8234700.14  3.86%   5.6   74s
H11062  8321                    8565150.9379 8234700.14  3.86%   5.6   74s
H11256  8491                    8560752.4260 8234700.14  3.81%   5.6   74s
 11453  8690 8527021.89 2207  107 8560752.43 8234700.14  3.81%   5.7   75s
 14945 12028 8411082.53  902  118 8560752.43 8234726.57  3.81%   6.2   80s
 18434 15475 8467383.58 1136  117 8560752.43 8234749.22  3.81%   6.1   85s
H19113 16122                    8557749.4249 8234749.22  3.77%   6.1   85s
H21441 18165                    8555522.7374 8234760.87  3.75%   5.9   88s
H21635 18259                    8555071.7444 8234760.87  3.74%   5.9   88s
 23064 18257     cutoff 1520      8555071.74 8234760.87  3.74%   5.6   90s
 27131 20861 8474839.42  596  112 8555071.74 8235402.90  3.74%   5.2   95s
H28910 21936                    8547783.2014 8235435.01  3.65%   5.1   97s
H29007 21974                    8547146.3783 8235435.01  3.65%   5.1   97s
*31702 23805            2454    8538363.0430 8235435.01  3.55%   4.9   99s
 32447 24538 8377597.16  480  123 8538363.04 8235530.96  3.55%   4.9  100s
 37016 29037 8506028.65 1408   69 8538363.04 8235550.88  3.55%   5.1  105s
 41418 33196 8491805.10  420  107 8538363.04 8235723.76  3.54%   5.1  110s
H44063 34101                    8538183.4833 8235811.81  3.54%   5.2  113s
H44064 34002                    8537634.7523 8235811.81  3.54%   5.2  113s
 45083 34961 8470360.42  423  117 8537634.75 8235947.74  3.53%   5.2  115s
 49267 38756 8248332.07   94  131 8537634.75 8236169.86  3.53%   5.2  120s
H53037 42230                    8537634.3173 8236323.08  3.53%   5.2  124s
 53666 42797 8386486.49  254   92 8537634.32 8236369.88  3.53%   5.2  125s
 57887 46609     cutoff  160      8537634.32 8236548.32  3.53%   5.1  130s
 62440 50915 8487348.07  544  104 8537634.32 8236651.68  3.53%   5.1  135s
 65950 53884 8364649.82  151  128 8537634.32 8236752.47  3.52%   5.1  140s
 70078 57668 8514671.78  407   78 8537634.32 8236917.90  3.52%   5.1  145s
 73888 60957 8455066.68  181  115 8537634.32 8237182.48  3.52%   5.2  150s
 77541 64106     cutoff  137      8537634.32 8237321.58  3.52%   5.3  155s
 81389 67563 8517750.72  193  110 8537634.32 8237393.75  3.52%   5.3  160s
 85189 70772 8519315.19  349   76 8537634.32 8237568.00  3.51%   5.3  165s
 88619 73643 8404044.72  330  125 8537634.32 8237672.81  3.51%   5.3  170s
 92274 76815 8382268.04  320  129 8537634.32 8237755.14  3.51%   5.3  175s
H95369 79486                    8537366.4706 8237830.31  3.51%   5.3  179s
H95396 79513                    8537366.4323 8237830.31  3.51%   5.3  179s
 95506 79567 8365238.21   91   96 8537366.43 8237831.18  3.51%   5.3  180s
 98697 82267 8502557.10  273   82 8537366.43 8237938.51  3.51%   5.3  185s
 102252 85341 8529359.44  330   69 8537366.43 8238043.55  3.51%   5.3  190s
H103395 86143                    8537159.2435 8238094.40  3.50%   5.3  191s
 105511 87994 8418472.30  277  123 8537159.24 8238150.52  3.50%   5.3  195s
 108908 90718 8370335.38  126  130 8537159.24 8238267.87  3.50%   5.3  200s
 112202 93562 8334805.14  106  128 8537159.24 8238303.09  3.50%   5.3  205s
 115711 96559     cutoff  163      8537159.24 8238349.89  3.50%   5.3  210s
H115754 96506                    8536918.2687 8238354.89  3.50%   5.3  210s
 118596 98905 8510284.29  317   80 8536918.27 8238440.19  3.50%   5.3  215s
 121791 101523 8474824.09  272  124 8536918.27 8238531.94  3.50%   5.4  220s
 125167 104383 8492809.98  338   74 8536918.27 8238633.57  3.49%   5.5  225s
H128141 106116                    8534923.0398 8238700.68  3.47%   5.4  229s
H128155 106092                    8534893.0675 8238703.89  3.47%   5.4  229s
H128204 106111                    8534892.9328 8238703.89  3.47%   5.4  229s
H128205 106112                    8534892.9157 8238709.98  3.47%   5.4  229s
H128209 105855                    8534234.7656 8238709.98  3.46%   5.4  229s
 128722 106352 8458930.05  272  117 8534234.77 8238710.26  3.46%   5.4  230s
 131885 108968     cutoff  143      8534234.77 8238769.52  3.46%   5.4  235s
 135186 111749 8250187.98  133  133 8534234.77 8238836.19  3.46%   5.5  240s
 138629 114692 8397053.12  181  130 8534234.77 8238936.99  3.46%   5.5  245s
 142105 117623 8364711.65  143  133 8534234.77 8239049.67  3.46%   5.4  250s
 147454 122367 8386199.77  196  132 8534234.77 8239120.46  3.46%   5.4  255s
Created node file directory '/home/ps12398/efpe/goalProgrammingMarcos//grbnodes11'
 149400 124005     cutoff  158      8534234.77 8239207.80  3.46%   5.4  260s
 152667 126751 8342855.55  184   98 8534234.77 8239329.45  3.46%   5.4  265s
 155883 129518 8503783.40  213  115 8534234.77 8239410.20  3.45%   5.4  270s
 159621 132435 8466236.46  469  115 8534234.77 8239476.14  3.45%   5.4  275s
 162815 135017 8511452.62  153   80 8534234.77 8239673.69  3.45%   5.4  280s
 166029 137701 8403423.35  133  124 8534234.77 8239862.80  3.45%   5.5  285s
 167865 139167 8524389.69  237  116 8534234.77 8239952.72  3.45%   5.5  290s
 170894 141667     cutoff  381      8534234.77 8240188.89  3.45%   5.5  295s
 174171 144268 8505635.90  358   83 8534234.77 8240443.51  3.44%   5.5  300s
 177454 146902 8463010.17  292  118 8534234.77 8240708.20  3.44%   5.5  305s
 181001 149859 8445939.60  323  128 8534234.77 8240959.55  3.44%   5.5  310s
 184229 152505     cutoff  289      8534234.77 8241277.06  3.43%   5.5  315s
 186885 154564 8499800.21  251  114 8534234.77 8241534.61  3.43%   5.6  320s
 189230 156531 8503631.09  393   82 8534234.77 8241772.37  3.43%   5.6  325s
 192483 159249 8505717.28  401  113 8534234.77 8242087.86  3.42%   5.6  330s
 195926 162152 infeasible  372      8534234.77 8242455.97  3.42%   5.6  335s
 199148 164749 8525887.69  117  113 8534234.77 8242780.61  3.42%   5.6  340s
 202634 167576 8407165.50  105  123 8534234.77 8242986.07  3.41%   5.6  345s
 205449 169852 8404901.67  115  130 8534234.77 8243143.16  3.41%   5.6  350s
 208327 172374 8367087.68  111   93 8534234.77 8243280.05  3.41%   5.5  355s
 212020 175664 8373710.97  129  133 8534234.77 8243346.48  3.41%   5.5  360s
 215739 179029 8448165.00  277   84 8534234.77 8243442.23  3.41%   5.5  365s
 218954 181612 8480935.85  281  117 8534234.77 8243528.90  3.41%   5.5  370s
 221911 184351 8482555.03  351   76 8534234.77 8243539.08  3.41%   5.4  375s
 224764 186067 8511506.53  144   79 8534234.77 8243611.51  3.41%   5.5  380s
 228272 189051     cutoff  538      8534234.77 8243615.07  3.41%   5.4  385s
 230610 189919 8360885.17  107  131 8534234.77 8243652.69  3.40%   5.5  390s
 234710 193750 8513718.42  149  114 8534234.77 8243653.01  3.40%   5.4  395s
 237264 194739 8364253.25  130  124 8534234.77 8243680.79  3.40%   5.4  400s
 240637 198112 8522006.66  402  103 8534234.77 8243680.79  3.40%   5.4  405s
 242774 198864 8519026.50  170   97 8534234.77 8243701.00  3.40%   5.4  410s
 246260 201480 8483497.12  282  113 8534234.77 8243713.68  3.40%   5.4  415s
 249250 203554 8500844.03  161  116 8534234.77 8243744.46  3.40%   5.4  420s
 252693 206545 8497851.91  386   86 8534234.77 8243756.63  3.40%   5.4  425s
 255000 208809 8530056.46  429   75 8534234.77 8243756.63  3.40%   5.4  430s
 257186 209047 8412752.43  124  132 8534234.77 8243790.33  3.40%   5.4  435s
 261124 212581 8517936.07  257  105 8534234.77 8243791.53  3.40%   5.4  440s
 263492 213333 8360911.02  128  128 8534234.77 8243829.77  3.40%   5.4  445s
 267691 217108 8531194.38  138   78 8534234.77 8243830.50  3.40%   5.4  450s
 270145 218317 8404220.50  170  130 8534234.77 8243863.00  3.40%   5.4  455s
 273188 221360 8526816.37  402   69 8534234.77 8243863.00  3.40%   5.4  460s
 275461 221917 8533042.20  155  114 8534234.77 8243907.25  3.40%   5.4  465s
 279193 225279     cutoff  125      8534234.77 8243909.24  3.40%   5.4  470s
 281847 226669 8354706.63  117   95 8534234.77 8243947.01  3.40%   5.4  475s
 284813 228979 8446439.04  209  124 8534234.77 8243958.69  3.40%   5.4  480s
 288472 232426     cutoff  148      8534234.77 8243964.96  3.40%   5.4  485s
 290580 233596     cutoff  139      8534234.77 8243979.74  3.40%   5.4  490s
 294096 236568 8501747.56  276   77 8534234.77 8243983.44  3.40%   5.4  495s
 297082 239354     cutoff  141      8534234.77 8243984.90  3.40%   5.5  500s
 299251 240183 8505013.21  305  119 8534234.77 8244008.03  3.40%   5.5  505s
 302382 242842 8475611.86  242  107 8534234.77 8244015.42  3.40%   5.5  510s
 305105 244559     cutoff  146      8534234.77 8244028.16  3.40%   5.5  515s
 308783 247691 8483761.41  267  119 8534234.77 8244048.43  3.40%   5.4  520s
 311536 249897 8520681.01  134   78 8534234.77 8244058.38  3.40%   5.5  525s
 314368 251706 8433013.67  200  125 8534234.77 8244082.92  3.40%   5.5  530s
 317313 254651 8500905.96  247  114 8534234.77 8244082.92  3.40%   5.5  535s
 320158 257086 8523209.22  161  111 8534234.77 8244086.64  3.40%   5.5  540s
 322987 258612 8398871.95  184  129 8534234.77 8244111.08  3.40%   5.5  545s
 326279 261394     cutoff  140      8534234.77 8244119.82  3.40%   5.5  550s
 329208 263086 8404142.00  169  130 8534234.77 8244136.07  3.40%   5.5  555s
 332670 266066     cutoff  331      8534234.77 8244139.76  3.40%   5.5  560s
 335606 267808 8427559.40  189  124 8534234.77 8244178.22  3.40%   5.5  565s
 338719 270391     cutoff  147      8534234.77 8244180.94  3.40%   5.5  570s
 341061 271220     cutoff  183      8534234.77 8244201.44  3.40%   5.5  575s
 345114 275011 8513354.87  269  108 8534234.77 8244212.45  3.40%   5.5  580s
 347915 277794 8532318.05  290  101 8534234.77 8244212.45  3.40%   5.4  585s
 350414 278711 8468941.65  128  120 8534234.77 8244238.42  3.40%   5.5  590s
 353934 281687 8504787.46  450  112 8534234.77 8244239.84  3.40%   5.4  595s
 356032 282493 8492101.33  170  116 8534234.77 8244253.69  3.40%   5.5  600s
 359147 284680 8449303.81  236  122 8534234.77 8244291.22  3.40%   5.5  605s
 361863 287196 8345189.07  113  128 8534234.77 8244294.01  3.40%   5.5  610s
 364518 288476 8448896.71  110   86 8534234.77 8244307.32  3.40%   5.5  615s
 368250 291727 8489104.86  248  114 8534234.77 8244314.53  3.40%   5.5  620s
 371208 293491 8516267.76  144   79 8534234.77 8244323.75  3.40%   5.5  625s
 374743 296594 8498990.10  276  112 8534234.77 8244346.40  3.40%   5.5  630s
 376820 298373     cutoff  305      8534234.77 8244346.40  3.40%   5.5  635s
 379519 299545     cutoff  329      8534234.77 8244367.89  3.40%   5.5  640s
 383488 303070 8513785.56  372  107 8534234.77 8244374.15  3.40%   5.5  645s
 385711 304314 8531287.56  171  121 8534234.77 8244387.90  3.40%   5.5  650s
 389797 308030 8519061.31  412  103 8534234.77 8244396.27  3.40%   5.5  655s
 392280 308866 8430602.47  123   91 8534234.77 8244415.41  3.40%   5.5  660s
 395535 311927     cutoff  566      8534234.77 8244421.87  3.40%   5.5  665s
 398383 313409 8434559.77  198  122 8534234.77 8244454.42  3.40%   5.5  670s
 401597 315965     cutoff  148      8534234.77 8244487.31  3.40%   5.5  675s
 404028 317211 8394349.52  163  130 8534234.77 8244507.16  3.39%   5.5  680s
 407321 320504 8517937.03  324   82 8534234.77 8244507.16  3.39%   5.6  685s
 409322 321405     cutoff  162      8534234.77 8244528.15  3.39%   5.6  690s
 412272 323527 8477378.61  254  116 8534234.77 8244538.71  3.39%   5.6  695s
 415048 325559 8406214.60  170  129 8534234.77 8244547.20  3.39%   5.6  700s
 417873 327241 8377588.43  153  132 8534234.77 8244609.73  3.39%   5.6  705s
 421493 330861 8521223.73  302  109 8534234.77 8244609.73  3.39%   5.6  710s
 423176 331560     cutoff  150      8534234.77 8244618.74  3.39%   5.7  715s
 425584 332800 8377927.52  128  127 8534234.77 8244655.03  3.39%   5.7  720s
 429088 335982     cutoff  143      8534234.77 8244657.83  3.39%   5.7  725s
 431517 336852     cutoff  145      8534234.77 8244697.87  3.39%   5.7  730s
 435125 340426 8525744.10  474   77 8534234.77 8244710.38  3.39%   5.6  735s
 436992 340865 8511056.10  328  116 8534234.77 8244718.22  3.39%   5.7  740s
 440251 343352 8424781.90  224  116 8534234.77 8244729.50  3.39%   5.7  745s
 445520 348621 8508958.21 1285   97 8534234.77 8244729.50  3.39%   5.7  750s
H446010 349101                    8533406.1344 8244729.50  3.38%   5.6  750s
H446398 349475                    8531965.0544 8244729.50  3.37%   5.6  751s
H446495 349572                    8531960.9222 8244729.50  3.37%   5.6  753s
H446583 349660                    8530574.3589 8244729.50  3.35%   5.6  753s
H446739 349806                    8530542.4904 8244729.50  3.35%   5.6  753s
 447500 350057 8521670.34  155  113 8530542.49 8244731.44  3.35%   5.6  755s
 449991 350999 8398580.13  163  127 8530542.49 8244781.33  3.35%   5.6  760s
 453388 354140     cutoff  342      8530542.49 8244788.02  3.35%   5.6  765s
 456153 355452 8410005.13  164  128 8530542.49 8244802.94  3.35%   5.6  770s
H459108 358401                    8530539.3492 8244802.94  3.35%   5.6  774s
H459118 358400                    8530519.6530 8244802.94  3.35%   5.6  774s
H459120 358391                    8530480.1794 8244802.94  3.35%   5.6  774s
H459127 358377                    8530440.1594 8244802.94  3.35%   5.6  774s
 459345 358597 8520573.18  288   74 8530440.16 8244802.94  3.35%   5.7  775s
H460127 359362                    8530386.6116 8244802.94  3.35%   5.7  776s
 461254 359669 8253315.50  111  132 8530386.61 8244807.40  3.35%   5.7  780s
 463805 360549     cutoff  170      8530386.61 8244835.06  3.35%   5.7  785s
 466900 363250     cutoff  127      8530386.61 8244853.32  3.35%   5.7  790s
 469262 364360 8392768.71  157  129 8530386.61 8244905.05  3.35%   5.7  795s
 473044 368142 8527814.02  317   68 8530386.61 8244905.05  3.35%   5.7  800s
 475537 368860     cutoff  148      8530386.61 8244926.94  3.35%   5.7  805s
 479081 371404 8442475.50  216  115 8530386.61 8244942.32  3.35%   5.7  810s
 482057 374380 8526396.48  283   69 8530386.61 8244942.32  3.35%   5.7  815s
 484446 374990 8501128.41  152   85 8530386.61 8244989.12  3.35%   5.7  820s
 486302 376520 8372076.85  103  131 8530386.61 8244992.31  3.35%   5.8  825s
 490066 379666 8516206.18  170  117 8530386.61 8245017.21  3.35%   5.8  830s
 492801 380759 8414442.49  155   82 8530386.61 8245080.74  3.34%   5.8  835s
 496147 383315 8524852.22  169  114 8530386.61 8245106.19  3.34%   5.8  840s
 498997 385439 8476674.24  255   86 8530386.61 8245163.16  3.34%   5.8  845s
 501928 388138 8528883.95  325   69 8530386.61 8245163.16  3.34%   5.8  850s
 504230 388615     cutoff  146      8530386.61 8245198.42  3.34%   5.8  855s
 508017 392015 8509047.49  299  109 8530386.61 8245219.94  3.34%   5.8  860s
 510691 393359     cutoff  147      8530386.61 8245270.83  3.34%   5.8  865s
 514019 396339 8501147.05  354  112 8530386.61 8245280.10  3.34%   5.8  870s
 516611 397949 8462968.54  143   86 8530386.61 8245321.16  3.34%   5.7  875s
 519877 400231 8453752.39  262  116 8530386.61 8245342.37  3.34%   5.7  880s
 523038 402324 8385910.87  110  126 8530386.61 8245402.06  3.34%   5.7  885s
 526832 405818 8510733.42  254  113 8530386.61 8245444.02  3.34%   5.7  890s
 528964 406616 8524118.59  139   77 8530386.61 8245490.81  3.34%   5.7  895s
 532631 409692 8474008.55  261   85 8530386.61 8245537.12  3.34%   5.7  900s
 535198 411423 8435641.70  121  120 8530386.61 8245589.92  3.34%   5.7  905s
 538767 414364 8498564.68  240   79 8530386.61 8245627.14  3.34%   5.7  910s
 541367 416120 8412721.72  114  126 8530386.61 8245669.08  3.34%   5.7  915s
 544966 419263 8479931.90  291  113 8530386.61 8245690.81  3.34%   5.7  920s
 548248 421603 8381674.61  111   89 8530386.61 8245702.84  3.34%   5.7  925s
 551909 424668 8477051.53  269   85 8530386.61 8245735.21  3.34%   5.7  930s
 554599 426544 8364455.02  166  126 8530386.61 8245780.23  3.34%   5.7  935s
 557080 427657     cutoff  237      8530386.61 8245802.44  3.34%   5.7  940s
 560463 430686 8488100.63  358  112 8530386.61 8245807.66  3.34%   5.7  945s
 563458 432963     cutoff  346      8530386.61 8245813.68  3.34%   5.7  950s
 566467 435062 8480587.99  391   81 8530386.61 8245828.50  3.34%   5.7  955s
 569419 436862 8500029.41  324   86 8530386.61 8245899.28  3.33%   5.7  960s
 572255 439090 8458186.49  253   88 8530386.61 8245906.08  3.33%   5.7  965s
 574730 440889 8453653.24  157   88 8530386.61 8245948.90  3.33%   5.7  970s
 578123 443512 8487329.45  242   79 8530386.61 8245972.74  3.33%   5.7  975s
 580884 444913 8411006.13  129   88 8530386.61 8246008.85  3.33%   5.7  980s
 584374 447881 8521640.77  287  113 8530386.61 8246027.05  3.33%   5.7  985s
 586677 448837 8523502.93  342  122 8530386.61 8246088.54  3.33%   5.7  990s
 589752 451046 8448725.85  270  119 8530386.61 8246128.78  3.33%   5.7  995s
 593395 453915 8504303.92  134  113 8530386.61 8246135.14  3.33%   5.7 1000s
H593605 454075                    8530373.6571 8246144.05  3.33%   5.7 1000s
 595545 454851     cutoff  195      8530373.66 8246183.55  3.33%   5.7 1005s
 599350 458594 8508770.15  327   77 8530373.66 8246195.04  3.33%   5.7 1010s
 601583 459839 8529594.11  189   73 8530373.66 8246222.86  3.33%   5.7 1015s
 604889 462059 8473137.21  362  118 8530373.66 8246236.82  3.33%   5.7 1020s
 607613 463779 8512443.31  168   74 8530373.66 8246279.81  3.33%   5.7 1025s
 611166 466872 8501680.72  302  108 8530373.66 8246290.70  3.33%   5.7 1030s
 613696 468108 8515643.29  141  113 8530373.66 8246351.35  3.33%   5.7 1035s
 616562 470524 8471060.68  241   88 8530373.66 8246360.41  3.33%   5.7 1040s
 619321 471925     cutoff  208      8530373.66 8246409.07  3.33%   5.7 1045s
 623161 475217 8507086.47  249   77 8530373.66 8246422.36  3.33%   5.7 1050s
 625903 477073 8526059.38  331  119 8530373.66 8246463.94  3.33%   5.7 1055s
 628830 479306 8479700.81  303  119 8530373.66 8246500.48  3.33%   5.7 1060s
 631386 481677     cutoff  345      8530373.66 8246500.48  3.33%   5.7 1065s
 633999 482724 8393982.12  324   96 8530373.66 8246541.11  3.33%   5.7 1070s
 636785 485056     cutoff  138      8530373.66 8246543.57  3.33%   5.7 1075s
 639588 486837 8419430.85  189  122 8530373.66 8246589.19  3.33%   5.7 1080s
 642794 489405     cutoff  139      8530373.66 8246589.19  3.33%   5.7 1085s
 645542 490436 8368370.28  151  127 8530373.66 8246676.54  3.33%   5.7 1090s
 649294 494188 8514133.56  299  101 8530373.66 8246676.54  3.33%   5.7 1095s
 651930 495282 8493841.01  130  120 8530373.66 8246705.88  3.33%   5.7 1100s
 655831 498877 8491554.09  256  117 8530373.66 8246722.44  3.33%   5.7 1105s
 658278 501148     cutoff  307      8530373.66 8246722.44  3.33%   5.7 1110s
 660788 501464 8372403.02  115  128 8530373.66 8246780.70  3.32%   5.7 1115s
 664182 504444 8452753.86  206   88 8530373.66 8246794.13  3.32%   5.7 1120s
 667306 506370 8469148.23  426  117 8530373.66 8246833.70  3.32%   5.7 1125s
 670318 508239 8385624.68  203  131 8530373.66 8246898.65  3.32%   5.7 1130s
 673964 511885 8513960.12  400  108 8530373.66 8246898.65  3.32%   5.7 1135s
 676569 513059 8520817.39  248  116 8530373.66 8246946.81  3.32%   5.7 1140s
 679917 515783 8492948.67  312   85 8530373.66 8246985.72  3.32%   5.6 1145s
 682228 517552 8424744.51  201   90 8530373.66 8247024.18  3.32%   5.7 1150s
 685102 519386 8402124.44  184  130 8530373.66 8247068.48  3.32%   5.7 1155s
 688122 522406 8502929.15  307   78 8530373.66 8247068.48  3.32%   5.7 1160s
 690759 524221 8514574.94  147  112 8530373.66 8247103.62  3.32%   5.7 1165s
 693630 525764 8414758.96  205  124 8530373.66 8247115.96  3.32%   5.7 1170s
 697435 528503 8520683.09  238   75 8530373.66 8247121.57  3.32%   5.7 1175s
 699841 529517 8526261.48  375  115 8530373.66 8247187.91  3.32%   5.7 1180s
 702427 531929 8512958.03  520  113 8530373.66 8247214.81  3.32%   5.7 1185s
 704941 532866     cutoff  173      8530373.66 8247258.80  3.32%   5.7 1190s
 708534 536121 8524420.49  444  109 8530373.66 8247279.12  3.32%   5.7 1195s
 711062 536963 8355707.20  115  129 8530373.66 8247351.74  3.32%   5.7 1200s
 715099 540880     cutoff  492      8530373.66 8247351.74  3.32%   5.7 1205s
 717825 542096     cutoff  132      8530373.66 8247412.56  3.32%   5.7 1210s
 720725 544806 8505766.68  375  111 8530373.66 8247421.80  3.32%   5.7 1215s
 722790 545941     cutoff  155      8530373.66 8247442.29  3.32%   5.8 1220s
 725876 547850 8439005.89  209  122 8530373.66 8247526.15  3.32%   5.8 1225s
 729279 550447 8480269.47  215  121 8530373.66 8247579.56  3.32%   5.7 1230s
 731811 552179 8437890.28  295  121 8530373.66 8247622.47  3.31%   5.7 1235s
 734955 555323 8495976.63  351   81 8530373.66 8247622.47  3.31%   5.7 1240s
 737557 557174 8513487.47  224  116 8530373.66 8247671.55  3.31%   5.7 1245s
 740286 558534 8510047.68  236   82 8530373.66 8247739.23  3.31%   5.7 1250s
 744260 562498 8529140.71  405  111 8530373.66 8247747.51  3.31%   5.7 1255s
 746804 563491 8460803.72  328   91 8530373.66 8247799.56  3.31%   5.7 1260s
 748868 565551 8526463.73  454  111 8530373.66 8247799.56  3.31%   5.8 1265s
 751303 566456 8385711.71  146  127 8530373.66 8247919.49  3.31%   5.8 1270s
 754876 569691     cutoff  310      8530373.66 8247919.49  3.31%   5.8 1275s
 757382 570608 8528216.73  350  117 8530373.66 8247966.40  3.31%   5.8 1280s
 760826 573528 8484553.46  157  121 8530373.66 8248000.93  3.31%   5.8 1285s
 763308 575066 8410903.27  188  130 8530373.66 8248041.75  3.31%   5.8 1290s
 766461 578219 8516656.30  305   77 8530373.66 8248041.75  3.31%   5.8 1295s
 768828 579594     cutoff  374      8530373.66 8248066.98  3.31%   5.8 1300s
 771448 580534 8377890.62  136  129 8530373.66 8248100.17  3.31%   5.8 1305s
 775557 584053 8525716.90  157  112 8530373.66 8248146.77  3.31%   5.8 1310s
 777442 585186 8401342.27  156  126 8530373.66 8248180.26  3.31%   5.8 1315s
 781039 587785 8487820.96  444  121 8530373.66 8248190.05  3.31%   5.8 1320s
 784070 589826 8424120.84  219  125 8530373.66 8248260.02  3.31%   5.8 1325s
 787695 592633     cutoff  157      8530373.66 8248284.03  3.31%   5.8 1330s
 790130 593924 8405216.61  195  121 8530373.66 8248317.18  3.31%   5.8 1335s
 794031 597825 8514114.57  311   68 8530373.66 8248317.18  3.31%   5.8 1340s
 796765 599555 8516732.29  270  113 8530373.66 8248331.75  3.31%   5.8 1345s
 799188 600338 8427591.43  336   93 8530373.66 8248415.99  3.31%   5.8 1350s
 802110 602889 8455056.52  346  130 8530373.66 8248424.53  3.31%   5.8 1355s
 805273 605039 8431927.58  208  123 8530373.66 8248457.26  3.30%   5.8 1360s
 808894 608578 8529912.65  308  100 8530373.66 8248457.26  3.30%   5.8 1365s
 811219 609621     cutoff  372      8530373.66 8248543.88  3.30%   5.8 1370s
 814525 612681 8506594.06  379  113 8530373.66 8248561.78  3.30%   5.8 1375s
 817221 614186 8521359.45  140   79 8530373.66 8248595.66  3.30%   5.8 1380s
 820826 617471 8507359.15  332  105 8530373.66 8248610.86  3.30%   5.8 1385s
 824008 619759 8525292.17  246  115 8530373.66 8248656.87  3.30%   5.8 1390s
H824894 620321                    8529321.4491 8248663.23  3.29%   5.8 1391s
 826192 621137 8384760.93  129  131 8529321.45 8248671.55  3.29%   5.8 1395s
 829966 624433 8495709.12  367  118 8529321.45 8248689.11  3.29%   5.8 1400s
 832159 625436 8376737.28  148  124 8529321.45 8248754.78  3.29%   5.8 1405s
 835815 628706     cutoff  164      8529321.45 8248755.81  3.29%   5.8 1410s
H837255 628958                    8529313.8421 8248783.11  3.29%   5.8 1413s
 838087 629406 8375828.52  142  129 8529313.84 8248791.80  3.29%   5.8 1415s
 841974 633293 8499748.42  229   80 8529313.84 8248791.80  3.29%   5.8 1420s
 845061 635886     cutoff  157      8529313.84 8248803.76  3.29%   5.8 1425s
 847225 636394 8385543.92  337  127 8529313.84 8248866.53  3.29%   5.8 1430s
 850547 639716 8511992.64  442  116 8529313.84 8248866.53  3.29%   5.8 1435s
 853106 640928 8488686.67  247   83 8529313.84 8248884.12  3.29%   5.8 1440s
 856490 643504 8503508.98  514  116 8529313.84 8248926.73  3.29%   5.8 1445s
 859002 644912     cutoff  136      8529313.84 8248977.67  3.29%   5.8 1450s
 862622 648008 8492292.17  234   75 8529313.84 8248983.10  3.29%   5.8 1455s
 864833 649007     cutoff  344      8529313.84 8249015.11  3.29%   5.8 1460s
 868368 652034 8451718.06  193  118 8529313.84 8249029.73  3.29%   5.8 1465s
 872047 655177     cutoff  135      8529313.84 8249035.38  3.29%   5.8 1470s
 874151 655836     cutoff  162      8529313.84 8249071.80  3.29%   5.8 1475s
 877710 659248 8512331.21  264  107 8529313.84 8249072.25  3.29%   5.8 1480s
 880341 660273 8514864.38  349  114 8529313.84 8249113.57  3.29%   5.8 1485s
 884587 664431 8520140.25  338   63 8529313.84 8249115.08  3.29%   5.8 1490s
 887222 665549 8512000.91  267   80 8529313.84 8249164.53  3.28%   5.8 1495s
 890380 668489 8509124.81  130   75 8529313.84 8249165.59  3.28%   5.8 1500s
 892648 669703 8403739.72  192  124 8529313.84 8249207.65  3.28%   5.8 1505s
 896303 673202     cutoff  139      8529313.84 8249207.65  3.28%   5.8 1510s
 898745 674051 8507888.81  164  116 8529313.84 8249247.66  3.28%   5.8 1515s
 902183 677185 8474585.79  221  121 8529313.84 8249267.26  3.28%   5.8 1520s
 904678 679674 8523049.27  276   75 8529313.84 8249267.26  3.28%   5.8 1525s
 907226 680386     cutoff  407      8529313.84 8249302.69  3.28%   5.8 1530s
 911163 683665 8508064.66  342  108 8529313.84 8249316.94  3.28%   5.8 1535s
 914043 685331 8515995.31  177  114 8529313.84 8249372.65  3.28%   5.8 1540s
 917529 688560 8506499.38  270  109 8529313.84 8249375.78  3.28%   5.8 1545s
 920718 690709 8445980.51  421   88 8529313.84 8249449.99  3.28%   5.8 1550s
 923459 692936 8529312.72  247   71 8529313.84 8249462.27  3.28%   5.8 1555s
 926178 694153 8412222.76  164  125 8529313.84 8249516.87  3.28%   5.8 1560s
 930005 697295 8522422.26  156  109 8529313.84 8249522.73  3.28%   5.8 1565s
 933530 699798 8468202.29  235  113 8529313.84 8249561.75  3.28%   5.8 1570s
 936285 701653 infeasible  275      8529313.84 8249561.75  3.28%   5.8 1575s
 938536 702327 8410282.41  133  126 8529313.84 8249582.07  3.28%   5.8 1580s
 941722 704981 8506016.93  229   78 8529313.84 8249612.90  3.28%   5.8 1585s
 944365 706948 8529034.03  162  111 8529313.84 8249633.20  3.28%   5.8 1590s
 947632 709161 8440948.06  188  123 8529313.84 8249652.47  3.28%   5.8 1595s
 951293 712822 8515208.64  252   72 8529313.84 8249652.47  3.28%   5.8 1600s
 953878 714063     cutoff  405      8529313.84 8249666.16  3.28%   5.8 1605s
 957320 716749 8470323.25  208  115 8529313.84 8249680.97  3.28%   5.8 1610s
 960234 718809 8490424.77  458  124 8529313.84 8249694.09  3.28%   5.8 1615s
 963360 720801 8448858.38  200  119 8529313.84 8249712.76  3.28%   5.8 1620s
 966722 724163 8522619.47  287  112 8529313.84 8249712.76  3.28%   5.8 1625s
 969434 724815 8373194.47  396   93 8529313.84 8249763.62  3.28%   5.8 1630s
 972830 728038 8516485.58  154  120 8529313.84 8249766.01  3.28%   5.8 1635s
 975264 729120 8397364.92  192  127 8529313.84 8249793.60  3.28%   5.8 1640s
 978538 732356 8522937.54  289   70 8529313.84 8249793.60  3.28%   5.8 1645s
 981104 733544 8505737.29  144   80 8529313.84 8249820.02  3.28%   5.8 1650s
 984751 736471 8491690.34  567  115 8529313.84 8249846.67  3.28%   5.8 1655s
 987431 738183 8464495.67  138   80 8529313.84 8249878.59  3.28%   5.8 1660s
 991168 741516 8522971.17  272  110 8529313.84 8249900.27  3.28%   5.8 1665s
 993745 742538     cutoff  173      8529313.84 8249962.51  3.28%   5.8 1670s
 997210 745927 8498158.08  262   74 8529313.84 8249963.28  3.28%   5.8 1675s
 999895 747558     cutoff  135      8529313.84 8249983.89  3.27%   5.8 1680s
 1003019 750306 8503878.79  436  116 8529313.84 8250026.70  3.27%   5.8 1685s
 1005403 751754 8518268.74  178  113 8529313.84 8250066.63  3.27%   5.8 1690s
 1008697 754552 8520675.77  559  113 8529313.84 8250074.72  3.27%   5.8 1695s
 1010730 754751 8525063.78  135   73 8529313.84 8250120.53  3.27%   5.8 1700s
 1014512 758045 8488609.22  227   79 8529313.84 8250131.76  3.27%   5.8 1705s
 1016899 759746 8363652.71  128  129 8529313.84 8250136.15  3.27%   5.8 1710s
 1019434 760796     cutoff  161      8529313.84 8250167.62  3.27%   5.8 1715s
 1023060 764142 8485069.66  457   83 8529313.84 8250176.24  3.27%   5.8 1720s
 1025702 766208 8516291.62  164  119 8529313.84 8250192.59  3.27%   5.8 1725s
 1028573 767737 8433623.08  177  125 8529313.84 8250230.67  3.27%   5.8 1730s
 1032455 771383     cutoff  301      8529313.84 8250230.67  3.27%   5.8 1735s
 1034625 772466     cutoff  152      8529313.84 8250274.53  3.27%   5.8 1740s
 1037655 775074 8493439.21  248   75 8529313.84 8250304.72  3.27%   5.8 1745s
 1040349 776397 8476798.24  138  118 8529313.84 8250335.93  3.27%   5.8 1750s
 1043487 778909 8505900.83  592  116 8529313.84 8250368.42  3.27%   5.8 1755s
 1045342 779822 8519710.12  162  112 8529313.84 8250393.97  3.27%   5.8 1760s
 1048826 782353 8482954.88  230  116 8529313.84 8250426.75  3.27%   5.8 1765s
 1052127 784522     cutoff  160      8529313.84 8250483.63  3.27%   5.8 1770s
 1055542 787439 8489167.06  357  113 8529313.84 8250490.22  3.27%   5.8 1775s
 1058351 789021 8517147.99  192  111 8529313.84 8250528.97  3.27%   5.8 1780s
 1061826 792110 8495799.22  246  116 8529313.84 8250532.52  3.27%   5.8 1785s
 1064605 793722     cutoff  137      8529313.84 8250551.95  3.27%   5.8 1790s
 1067801 796372 8486425.61  241  119 8529313.84 8250589.65  3.27%   5.8 1795s
 1070403 798190 8422001.55  362   85 8529313.84 8250606.22  3.27%   5.8 1800s
 1073977 801058 8497986.18  521  113 8529313.84 8250649.36  3.27%   5.8 1805s
 1076071 802255     cutoff  169      8529313.84 8250676.81  3.27%   5.8 1810s
 1079994 805660 8488647.93  297  116 8529313.84 8250715.27  3.27%   5.8 1815s
 1082733 807325     cutoff  434      8529313.84 8250757.84  3.27%   5.8 1820s
 1086295 810094 8461966.27  249  114 8529313.84 8250792.70  3.27%   5.8 1825s
 1089474 812303     cutoff  147      8529313.84 8250811.82  3.27%   5.8 1830s
 1092896 815219 8515807.11  538  116 8529313.84 8250854.82  3.26%   5.8 1835s
 1094929 815942 8354006.27  110  130 8529313.84 8250913.17  3.26%   5.8 1840s
 1098809 819356 8522398.24  260   62 8529313.84 8250929.09  3.26%   5.8 1845s
 1101386 820238     cutoff  427      8529313.84 8251024.47  3.26%   5.8 1850s
 1104298 823066     cutoff  503      8529313.84 8251038.05  3.26%   5.8 1855s
 1107579 825213 8443191.11  240  125 8529313.84 8251087.91  3.26%   5.8 1860s
 1110962 828596 8525551.16  302   71 8529313.84 8251087.91  3.26%   5.8 1865s
 1113594 829586 8513974.05  179   77 8529313.84 8251144.38  3.26%   5.8 1870s
 1116558 832424 8507605.71  519  117 8529313.84 8251161.19  3.26%   5.8 1875s
 1118949 833563 8468568.14  426  121 8529313.84 8251239.81  3.26%   5.9 1880s
 1122228 836138 8503883.15  465  113 8529313.84 8251253.25  3.26%   5.9 1885s
 1124453 837136     cutoff  241      8529313.84 8251258.90  3.26%   5.9 1890s
 1126846 837853 8397167.73  379   92 8529313.84 8251284.14  3.26%   5.9 1895s
 1129623 840630 8519086.84  538  111 8529313.84 8251284.14  3.26%   5.9 1900s
 1132257 841558 8360044.07  108  127 8529313.84 8251344.37  3.26%   5.9 1905s
 1136279 845580 8509354.70  372   73 8529313.84 8251344.37  3.26%   5.9 1910s
 1138976 847213     cutoff  195      8529313.84 8251383.72  3.26%   5.9 1915s
 1142257 849986 8482191.79  471  116 8529313.84 8251423.15  3.26%   5.9 1920s
 1145090 851923     cutoff  447      8529313.84 8251445.58  3.26%   5.9 1925s
 1148606 854631 8479204.71  468   67 8529313.84 8251520.85  3.26%   5.9 1930s
 1151640 856677 8502163.72  410  120 8529313.84 8251560.15  3.26%   5.9 1935s
 1154592 858379 8435091.57  491  126 8529313.84 8251612.16  3.26%   5.9 1940s
 1157251 861036 8520893.54  551   72 8529313.84 8251612.16  3.26%   5.9 1945s
 1159676 861875 8383932.53  240  132 8529313.84 8251670.02  3.26%   5.9 1950s
 1163249 865444 8524564.07  348   73 8529313.84 8251670.02  3.26%   5.9 1955s
 1165847 866416 8453000.82  136  128 8529313.84 8251727.65  3.25%   5.9 1960s
 1169142 869649 8517852.15  564   73 8529313.84 8251734.23  3.25%   5.9 1965s
 1171545 870640 8373465.27  132  132 8529313.84 8251801.84  3.25%   5.9 1970s
 1175026 873659     cutoff  460      8529313.84 8251806.52  3.25%   5.9 1975s
 1178365 875927 8490204.60  470  116 8529313.84 8251834.60  3.25%   5.9 1980s
 1180696 877487 8508391.96  456  121 8529313.84 8251845.49  3.25%   5.9 1985s
 1183659 879346 8453713.84  330  114 8529313.84 8251885.20  3.25%   5.9 1990s
 1186740 881813 8517617.03  459  117 8529313.84 8251893.39  3.25%   5.9 1995s
 1190088 884177 8446059.78  193  120 8529313.84 8251961.40  3.25%   5.9 2000s
 1193617 887706 8514634.40  241   76 8529313.84 8251961.40  3.25%   5.9 2005s
 1196301 889338 8501288.86  187  114 8529313.84 8251987.94  3.25%   5.9 2010s
 1199121 891546 8494766.60  525  121 8529313.84 8252028.57  3.25%   5.9 2015s
 1201849 892939     cutoff  148      8529313.84 8252044.18  3.25%   5.9 2020s
 1205028 895348 8450119.17  252  118 8529313.84 8252092.85  3.25%   5.9 2025s
 1208561 898037 8447767.33  289   83 8529313.84 8252137.11  3.25%   5.9 2030s
 1211309 900185 8480561.70  315   79 8529313.84 8252172.93  3.25%   5.9 2035s
 1214117 901847 8518392.75  163   75 8529313.84 8252185.29  3.25%   5.9 2040s
 1218006 905130 8504654.69  281  106 8529313.84 8252206.26  3.25%   5.9 2045s
 1220932 906666 8518484.84  253   83 8529313.84 8252287.35  3.25%   5.9 2050s
 1224779 910293 8507286.54  248   67 8529313.84 8252295.46  3.25%   5.9 2055s
 1227356 911740 8526969.54  313  117 8529313.84 8252313.14  3.25%   5.9 2060s
 1230538 913682 8464465.15  269  115 8529313.84 8252342.99  3.25%   5.9 2065s
 1233750 916197 8490618.83  155  115 8529313.84 8252355.12  3.25%   5.9 2070s
 1237108 918763 8446671.00  193  118 8529313.84 8252427.83  3.25%   5.8 2075s
 1240066 921721 8524753.44  297   65 8529313.84 8252427.83  3.25%   5.8 2080s
 1242879 923119 8381084.12  135  131 8529313.84 8252460.65  3.25%   5.8 2085s
 1246843 927027     cutoff  328      8529313.84 8252460.65  3.25%   5.8 2090s
 1249463 928279 8494039.44  156  113 8529313.84 8252503.67  3.25%   5.8 2095s
 1252760 931282 8489504.76  301  108 8529313.84 8252513.25  3.25%   5.8 2100s
 1255355 932657 8512908.88  438  117 8529313.84 8252540.11  3.24%   5.8 2105s
 1259157 936061     cutoff  426      8529313.84 8252552.26  3.24%   5.8 2110s
 1262053 937683 8412906.73  215  119 8529313.84 8252610.91  3.24%   5.8 2115s
 1265421 939897 8524368.72  130  113 8529313.84 8252648.27  3.24%   5.8 2120s
 1268249 942227 8471578.07  329   82 8529313.84 8252659.91  3.24%   5.8 2125s
 1271088 944154 8524225.45  148   75 8529313.84 8252669.50  3.24%   5.8 2130s
 1274162 946484 8525007.60  522  112 8529313.84 8252724.62  3.24%   5.8 2135s
 1276989 947966 8397284.16  145  124 8529313.84 8252781.83  3.24%   5.8 2140s
 1281229 952206 8510399.62  287  107 8529313.84 8252781.83  3.24%   5.8 2145s
 1284406 955181 8529013.96  313  101 8529313.84 8252781.83  3.24%   5.8 2150s
 1287165 956494 8399488.56  203  129 8529313.84 8252845.43  3.24%   5.8 2155s
 1290789 959274 8353124.17  106  131 8529313.84 8252872.93  3.24%   5.8 2160s
 1294051 962037 8451693.06  216  118 8529313.84 8252884.56  3.24%   5.8 2165s
 1297102 964624 8528512.45  159   66 8529313.84 8252906.48  3.24%   5.8 2170s
 1300780 967690 8384546.73  111  126 8529313.84 8252935.17  3.24%   5.8 2175s
 1303578 968752     cutoff  489      8529313.84 8252964.66  3.24%   5.8 2180s
 1306942 971960 8483086.53  417  110 8529313.84 8252971.12  3.24%   5.8 2185s
 1309744 973612 8514859.35  457  122 8529313.84 8253012.10  3.24%   5.8 2190s
 1313202 976432 8516820.93  549  117 8529313.84 8253039.10  3.24%   5.8 2195s
 1315529 977439 8372646.88  124  132 8529313.84 8253103.13  3.24%   5.8 2200s
 1319005 980437 8516875.32  487  122 8529313.84 8253112.61  3.24%   5.8 2205s
 1321750 981692 8514720.74  468  116 8529313.84 8253198.87  3.24%   5.8 2210s
 1324793 984465 8489175.23  321  124 8529313.84 8253201.59  3.24%   5.8 2215s
 1327769 986755 8525564.05  463  120 8529313.84 8253232.39  3.24%   5.8 2220s
 1331125 989058 8424720.82  298  120 8529313.84 8253265.77  3.24%   5.8 2225s
 1334696 991639 8363715.93  119  133 8529313.84 8253297.88  3.24%   5.8 2230s
 1337411 993242 8472766.49  510  120 8529313.84 8253313.01  3.24%   5.8 2235s
 1339802 995166     cutoff  187      8529313.84 8253342.30  3.24%   5.8 2240s
 1343552 998132 8493805.31  438  114 8529313.84 8253361.00  3.24%   5.8 2245s
 1346476 1000212 8512071.27  246   75 8529313.84 8253373.32  3.24%   5.8 2250s
 1349205 1001561 8427828.45  193  123 8529313.84 8253435.42  3.23%   5.8 2255s
 1352792 1005148 8518053.27  306   66 8529313.84 8253435.42  3.23%   5.8 2260s
 1355497 1006878     cutoff  204      8529313.84 8253453.39  3.23%   5.8 2265s
 1358519 1008994 8463217.66  289  116 8529313.84 8253489.63  3.23%   5.8 2270s
 1360730 1010757     cutoff  358      8529313.84 8253489.63  3.23%   5.8 2275s
 1362513 1011409 8520256.17  332   77 8529313.84 8253561.95  3.23%   5.8 2280s
 1364577 1013085 8462664.86  201  116 8529313.84 8253565.50  3.23%   5.8 2285s
 1366855 1014977     cutoff  139      8529313.84 8253568.42  3.23%   5.8 2290s
 1368638 1015559 8369926.89   98   97 8529313.84 8253587.72  3.23%   5.8 2295s
 1371487 1018408 8497552.55  492  110 8529313.84 8253587.72  3.23%   5.8 2300s
 1373616 1019697     cutoff  477      8529313.84 8253619.62  3.23%   5.8 2305s
 1375909 1021560 8434289.66  344   87 8529313.84 8253647.06  3.23%   5.8 2310s
 1378083 1023476     cutoff  140      8529313.84 8253648.96  3.23%   5.8 2315s
 1380167 1024796 8414801.86  282  128 8529313.84 8253703.15  3.23%   5.8 2320s
 1382215 1026844 8489618.85  362  115 8529313.84 8253703.15  3.23%   5.8 2325s
 1384086 1028671 8525011.53  395   71 8529313.84 8253703.15  3.23%   5.8 2330s
 1385758 1029321     cutoff  486      8529313.84 8253742.43  3.23%   5.8 2335s
 1387467 1029666     cutoff  495      8529313.84 8253785.88  3.23%   5.8 2340s
 1390146 1032183 8486412.27  384  116 8529313.84 8253793.71  3.23%   5.8 2345s
 1392148 1033695 8498004.28  180   73 8529313.84 8253807.74  3.23%   5.8 2350s
 1393362 1033963 8416243.17  474   94 8529313.84 8253882.59  3.23%   5.8 2355s
 1395205 1035682 8502284.86  535  119 8529313.84 8253894.35  3.23%   5.8 2360s
 1396820 1036770 8472997.96  274  122 8529313.84 8253914.98  3.23%   5.8 2365s
 1398926 1038203 8460678.10  512   84 8529313.84 8253974.88  3.23%   5.8 2370s
 1400860 1039883     cutoff  130      8529313.84 8253977.44  3.23%   5.8 2375s
 1402648 1040723 8418858.83  475   94 8529313.84 8254036.97  3.23%   5.8 2380s
 1405130 1043011 8381510.49  135  130 8529313.84 8254057.13  3.23%   5.8 2385s
 1406897 1043856 8509075.00  200  119 8529313.84 8254108.98  3.23%   5.8 2390s
 1409660 1046359 8475029.04  455  104 8529313.84 8254111.53  3.23%   5.8 2395s
 1411461 1047558     cutoff  194      8529313.84 8254136.34  3.23%   5.8 2400s
 1413858 1049263 8455483.60  512   88 8529313.84 8254160.65  3.23%   5.8 2405s
 1415782 1051127     cutoff  302      8529313.84 8254162.95  3.23%   5.8 2410s
 1416984 1051319 8515878.69  500   81 8529313.84 8254227.49  3.23%   5.8 2415s
 1419505 1053568 8510260.99  341  113 8529313.84 8254241.17  3.23%   5.8 2420s
 1421416 1054807     cutoff  504      8529313.84 8254262.71  3.22%   5.8 2425s
 1423234 1055549 8361095.22  251  130 8529313.84 8254304.43  3.22%   5.8 2430s
 1425403 1057434 8498504.29  570  120 8529313.84 8254312.11  3.22%   5.8 2435s
 1426917 1058500     cutoff  285      8529313.84 8254330.31  3.22%   5.8 2440s
 1428417 1059258 8492653.68  197   80 8529313.84 8254366.89  3.22%   5.8 2445s
 1431342 1062099 8507241.88  285  113 8529313.84 8254369.19  3.22%   5.8 2450s
 1433211 1063218 8518270.08  159  109 8529313.84 8254385.68  3.22%   5.8 2455s
 1434991 1064225 8504435.28  319   81 8529313.84 8254398.66  3.22%   5.8 2460s
 1436649 1064727     cutoff  254      8529313.84 8254421.08  3.22%   5.8 2465s
 1438820 1066896 8514033.72  571  114 8529313.84 8254425.90  3.22%   5.8 2470s
 1439946 1067377 8399205.88  134   91 8529313.84 8254441.22  3.22%   5.8 2475s
 1441673 1068575     cutoff  176      8529313.84 8254446.29  3.22%   5.8 2480s
 1444379 1071023 8472007.56  408  116 8529313.84 8254455.55  3.22%   5.8 2485s
 1446515 1072821 8508197.11  209   84 8529313.84 8254457.54  3.22%   5.8 2490s
 1448092 1073156     cutoff  507      8529313.84 8254500.64  3.22%   5.8 2495s
 1450058 1074564 8409673.87  139  122 8529313.84 8254520.59  3.22%   5.8 2500s
 1452918 1077424 8519662.96  282   66 8529313.84 8254520.59  3.22%   5.8 2505s
 1455156 1078414     cutoff  390      8529313.84 8254570.99  3.22%   5.8 2510s
 1458940 1081666     cutoff  292      8529313.84 8254576.15  3.22%   5.8 2515s
 1461872 1083313 8410444.62  138  129 8529313.84 8254631.89  3.22%   5.8 2520s
 1466021 1086728 8496786.95  195   77 8529313.84 8254653.76  3.22%   5.8 2525s
 1469097 1089184 8498990.60  569   76 8529313.84 8254720.44  3.22%   5.8 2530s
 1471511 1090704 8497859.47  165   71 8529313.84 8254762.67  3.22%   5.8 2535s
 1474817 1093016 8515791.22  397   71 8529313.84 8254791.29  3.22%   5.8 2540s
 1477445 1094123     cutoff  150      8529313.84 8254829.58  3.22%   5.8 2545s
 1480905 1096643     cutoff  152      8529313.84 8254845.07  3.22%   5.8 2550s
 1483876 1098572 8465130.25  540  122 8529313.84 8254895.05  3.22%   5.8 2555s
 1486148 1100206     cutoff  524      8529313.84 8254906.56  3.22%   5.8 2560s
 1489524 1102636     cutoff  344      8529313.84 8254982.89  3.22%   5.8 2565s
 1492905 1104915 8451147.76  339  113 8529313.84 8255047.11  3.22%   5.8 2570s
 1496047 1107411     cutoff  130      8529313.84 8255064.50  3.22%   5.8 2575s
 1499421 1110105 8478107.45  230  110 8529313.84 8255098.38  3.21%   5.8 2580s
 1502354 1112162 8521337.28  162  119 8529313.84 8255136.30  3.21%   5.8 2585s
 1506667 1115835 8494955.42  369  102 8529313.84 8255168.84  3.21%   5.8 2590s
 1509384 1116908     cutoff  528      8529313.84 8255209.55  3.21%   5.8 2595s
 1513138 1120610 8523556.89  354   94 8529313.84 8255211.81  3.21%   5.8 2600s
 1515806 1121722 8510248.62  143   75 8529313.84 8255249.86  3.21%   5.8 2605s
 1519394 1125218 8508686.69  261  110 8529313.84 8255252.72  3.21%   5.8 2610s
 1522038 1126304 8509171.10  135  125 8529313.84 8255304.53  3.21%   5.8 2615s
 1525093 1129125 8525052.21  706  114 8529313.84 8255306.75  3.21%   5.8 2620s
 1527369 1129735 8415118.34  526   85 8529313.84 8255379.18  3.21%   5.8 2625s
 1530842 1132694 8472221.38  531   79 8529313.84 8255399.48  3.21%   5.8 2630s
 1533831 1134393 8422824.00  212  125 8529313.84 8255440.93  3.21%   5.8 2635s
 1537257 1137221 8511544.80  128  114 8529313.84 8255449.96  3.21%   5.8 2640s
 1540620 1139596 8501512.41  625  117 8529313.84 8255488.11  3.21%   5.8 2645s
 1543036 1141126 8516551.78  129   73 8529313.84 8255510.76  3.21%   5.8 2650s
 1546791 1144263 8510022.71  268  110 8529313.84 8255529.72  3.21%   5.8 2655s
 1549552 1145700     cutoff  188      8529313.84 8255555.41  3.21%   5.8 2660s
 1552788 1148276 8474770.02  283  114 8529313.84 8255564.95  3.21%   5.8 2665s
 1555691 1149539     cutoff  148      8529313.84 8255594.93  3.21%   5.8 2670s
 1559415 1152887 8514011.67  292  105 8529313.84 8255622.83  3.21%   5.8 2675s
 1562391 1154607 8420770.22  308  124 8529313.84 8255684.25  3.21%   5.8 2680s
 1565954 1157592 8396519.06  141   90 8529313.84 8255710.81  3.21%   5.8 2685s
 1568252 1158196 8381590.78  154  127 8529313.84 8255748.95  3.21%   5.8 2690s
 1571395 1161025 8432719.96  196   93 8529313.84 8255756.27  3.21%   5.8 2695s
 1574267 1162211 8423765.99  527   89 8529313.84 8255815.94  3.21%   5.8 2700s
 1577724 1165108 8512350.90  163   68 8529313.84 8255852.44  3.21%   5.8 2705s
 1580496 1166874 8439924.54  221  121 8529313.84 8255890.12  3.21%   5.8 2710s
 1583787 1169153 8417731.79  103  126 8529313.84 8255926.45  3.21%   5.8 2715s
 1587027 1171821 8479315.32  269  110 8529313.84 8255953.12  3.20%   5.8 2720s
 1589891 1173178 8505665.91  141   70 8529313.84 8255975.34  3.20%   5.8 2725s
 1593743 1176561 8507284.52  318  111 8529313.84 8256009.69  3.20%   5.8 2730s
 1596046 1177216     cutoff  148      8529313.84 8256074.88  3.20%   5.8 2735s
 1599987 1180770 8478746.37  345  113 8529313.84 8256078.95  3.20%   5.8 2740s
 1602642 1182007     cutoff  176      8529313.84 8256122.52  3.20%   5.8 2745s
 1606136 1184921 8526537.96  543  116 8529313.84 8256182.61  3.20%   5.8 2750s
 1609591 1187486 8500745.02  249  113 8529313.84 8256248.68  3.20%   5.8 2755s
 1612108 1188935     cutoff  141      8529313.84 8256328.13  3.20%   5.8 2760s
 1615364 1191925 8511836.72  324  109 8529313.84 8256351.66  3.20%   5.8 2765s
 1618134 1193535 8363631.59  202  126 8529313.84 8256462.64  3.20%   5.8 2770s
 1621657 1196742 8497307.17  212   77 8529313.84 8256497.44  3.20%   5.8 2775s
 1624429 1198575 8488242.85  543   78 8529313.84 8256549.85  3.20%   5.8 2780s
 1627973 1201291 8459654.58  316  114 8529313.84 8256576.17  3.20%   5.8 2785s
 1631137 1203895     cutoff  565      8529313.84 8256600.89  3.20%   5.8 2790s
 1634232 1205683 8427266.06  176  124 8529313.84 8256698.31  3.20%   5.8 2795s
 1638198 1208955 8529221.97  565  116 8529313.84 8256710.85  3.20%   5.8 2800s
 1641369 1211316 8474811.38  262  111 8529313.84 8256762.99  3.20%   5.8 2805s
 1644102 1212961 8484261.90  545  121 8529313.84 8256835.26  3.19%   5.8 2810s
 1648170 1216220     cutoff  315      8529313.84 8256863.71  3.19%   5.8 2815s
 1651261 1217969 8455922.87  581  123 8529313.84 8256941.34  3.19%   5.8 2820s
 1653765 1219445     cutoff  569      8529313.84 8257000.99  3.19%   5.8 2825s
 1657917 1223335 8512039.05  337  100 8529313.84 8257018.97  3.19%   5.8 2830s
 1660756 1225790 8514003.53  154  113 8529313.84 8257023.19  3.19%   5.8 2835s
 1663950 1227772 8426115.69  312   89 8529313.84 8257059.86  3.19%   5.8 2840s
 1667251 1230331 8435404.78  127  125 8529313.84 8257089.37  3.19%   5.8 2845s
 1669506 1231066 8503749.64  211   74 8529313.84 8257108.95  3.19%   5.8 2850s
 1673263 1234799 8489560.04  233  109 8529313.84 8257111.85  3.19%   5.8 2855s
 1676151 1236481 8528877.81  186  110 8529313.84 8257129.56  3.19%   5.8 2860s
 1678990 1238196     cutoff  155      8529313.84 8257186.38  3.19%   5.8 2865s
 1683258 1241987 8507064.63  309   96 8529313.84 8257193.18  3.19%   5.8 2870s
 1685810 1243337 8404996.89  193  127 8529313.84 8257242.95  3.19%   5.8 2875s
 1689625 1247146 8512123.07  299  114 8529313.84 8257242.95  3.19%   5.8 2880s
 1692143 1248862     cutoff  127      8529313.84 8257279.53  3.19%   5.8 2885s
 1695484 1251147 8470065.97  177   81 8529313.84 8257321.10  3.19%   5.8 2890s
 1698391 1253317 8514591.78  556  118 8529313.84 8257346.84  3.19%   5.8 2895s
 1701400 1255688 8525763.31  669  111 8529313.84 8257383.73  3.19%   5.8 2900s
 1704129 1256923 8510640.13  574  124 8529313.84 8257451.35  3.19%   5.8 2905s
 1707940 1260392 8518044.16  262   68 8529313.84 8257455.22  3.19%   5.8 2910s
 1710087 1261013     cutoff  154      8529313.84 8257489.64  3.19%   5.8 2915s
 1713185 1263591 8520202.63  131   72 8529313.84 8257527.58  3.19%   5.8 2920s
 1715699 1264956     cutoff  166      8529313.84 8257550.76  3.19%   5.8 2925s
 1719835 1268736 8523833.45  311  103 8529313.84 8257555.17  3.19%   5.8 2930s
 1722184 1269487 8523366.60  318  115 8529313.84 8257579.74  3.19%   5.8 2935s
 1725766 1272795 8516765.68  514  113 8529313.84 8257588.06  3.19%   5.8 2940s
 1728951 1274898 8413792.44  184  123 8529313.84 8257646.43  3.19%   5.8 2945s
 1733227 1279174 8525118.44  310  104 8529313.84 8257646.43  3.19%   5.8 2950s
 1735958 1280536 8517108.92  159   68 8529313.84 8257722.94  3.18%   5.8 2955s
 1738909 1283385     cutoff  703      8529313.84 8257726.45  3.18%   5.8 2960s
 1741612 1284372     cutoff  124      8529313.84 8257811.53  3.18%   5.8 2965s
H1742239 1284989                    8529172.4243 8257811.53  3.18%   5.8 2967s
 1744608 1287340 8468268.68  365  105 8529172.42 8257811.53  3.18%   5.8 2970s
 1747888 1289856 8371709.33  110  132 8529172.42 8257847.77  3.18%   5.8 2975s
 1751617 1292949 8478319.46  279  108 8529172.42 8257856.59  3.18%   5.8 2980s
 1754414 1294438     cutoff  151      8529172.42 8257900.13  3.18%   5.8 2985s
 1757405 1296807 8471725.06  635  122 8529172.42 8257967.15  3.18%   5.8 2990s
 1759705 1298341 8508761.02  598  117 8529172.42 8258021.53  3.18%   5.8 2995s
 1763400 1301318 8517206.79  733  108 8529172.42 8258081.64  3.18%   5.8 3000s
 1766338 1302690 8436427.84  394  122 8529172.42 8258184.92  3.18%   5.8 3005s
 1769964 1305540 8506240.68  595   81 8529172.42 8258194.38  3.18%   5.8 3010s
 1772389 1306383 8404445.26  323  121 8529172.42 8258260.65  3.18%   5.8 3015s
 1775526 1309288 8511511.46  176  112 8529172.42 8258262.30  3.18%   5.8 3020s
 1778283 1310295     cutoff  130      8529172.42 8258289.61  3.18%   5.8 3025s
 1781599 1312762     cutoff  583      8529172.42 8258320.08  3.18%   5.8 3030s
 1784825 1314941     cutoff  304      8529172.42 8258417.79  3.17%   5.8 3035s
 1787862 1317052 8419458.99  568   93 8529172.42 8258456.13  3.17%   5.8 3040s
 1791142 1319874 8472797.14  440  121 8529172.42 8258465.43  3.17%   5.8 3045s
 1794474 1321924     cutoff  238      8529172.42 8258543.08  3.17%   5.8 3050s
 1798355 1325243 8497008.89  300  108 8529172.42 8258567.69  3.17%   5.8 3055s
 1801184 1326878 8510317.38  130  115 8529172.42 8258635.64  3.17%   5.8 3060s
 1804528 1329940     cutoff  468      8529172.42 8258638.77  3.17%   5.8 3065s
 1807635 1331717 8466593.28  313  111 8529172.42 8258708.31  3.17%   5.8 3070s
 1810614 1333749 8525435.68  142  111 8529172.42 8258756.38  3.17%   5.8 3075s
 1814313 1337030 8522614.66  372  112 8529172.42 8258769.86  3.17%   5.8 3080s
 1817112 1338463     cutoff  147      8529172.42 8258817.27  3.17%   5.8 3085s
 1820406 1341477 8490441.72  283  109 8529172.42 8258822.98  3.17%   5.8 3090s
 1823416 1343511 8480456.88  140  119 8529172.42 8258884.55  3.17%   5.8 3095s
 1826575 1345502 8450052.21  207  114 8529172.42 8258908.45  3.17%   5.8 3100s
 1830009 1348630 8519383.65  592  122 8529172.42 8258914.95  3.17%   5.8 3105s
 1832688 1349897     cutoff  180      8529172.42 8258961.30  3.17%   5.8 3110s
 1836047 1352904 8417059.30  581   95 8529172.42 8258980.62  3.17%   5.8 3115s
 1838827 1354232 8520748.66  140   70 8529172.42 8259027.33  3.17%   5.8 3120s
 1842225 1356994     cutoff  176      8529172.42 8259062.95  3.17%   5.8 3125s
 1845519 1359168 8486416.00  678  121 8529172.42 8259115.19  3.17%   5.8 3130s
 1847951 1360980 8514119.47  608  117 8529172.42 8259136.72  3.17%   5.8 3135s
 1850794 1362645 8411496.15  178  124 8529172.42 8259179.99  3.17%   5.8 3140s
 1855085 1366313 8476845.54  596   80 8529172.42 8259201.81  3.17%   5.8 3145s
 1858412 1368248 8471848.12  343  113 8529172.42 8259226.03  3.16%   5.8 3150s
 1861188 1370066     cutoff  156      8529172.42 8259252.10  3.16%   5.8 3155s
 1864211 1371771 8435709.28  306  121 8529172.42 8259294.66  3.16%   5.8 3160s
 1867521 1374089 8521460.29  151  113 8529172.42 8259319.11  3.16%   5.8 3165s
 1871174 1377090 8476403.99  297  113 8529172.42 8259365.05  3.16%   5.8 3170s
 1874338 1379014 8389712.29  136  132 8529172.42 8259388.78  3.16%   5.8 3175s
 1877565 1381902 8504619.90  690  117 8529172.42 8259430.13  3.16%   5.8 3180s
 1879476 1382813     cutoff  324      8529172.42 8259472.65  3.16%   5.8 3185s
 1883224 1386039 8490420.92  328  104 8529172.42 8259485.75  3.16%   5.8 3190s
 1886270 1387767 8514702.47  271   73 8529172.42 8259566.08  3.16%   5.8 3195s
 1889543 1390617 8505468.92  373   70 8529172.42 8259574.63  3.16%   5.8 3200s
 1892200 1392252     cutoff  627      8529172.42 8259584.06  3.16%   5.8 3205s
 1895554 1394824 8454941.00  221  117 8529172.42 8259639.16  3.16%   5.8 3210s
 1899002 1398272 8523114.39  330   60 8529172.42 8259639.16  3.16%   5.8 3215s
H1901793 1400405                    8529162.3122 8259676.87  3.16%   5.8 3219s
 1901794 1400408 8510392.73  149  111 8529162.31 8259676.87  3.16%   5.8 3220s
H1901819 1400425                    8529162.1882 8259676.87  3.16%   5.8 3220s
H1901979 1400439                    8529162.1724 8259679.87  3.16%   5.8 3220s
 1904610 1402382 8499093.83  691  117 8529162.17 8259706.73  3.16%   5.8 3225s
 1907670 1404332 8511513.64  157   76 8529162.17 8259731.91  3.16%   5.8 3230s
 1911595 1407485     cutoff  146      8529162.17 8259783.92  3.16%   5.8 3235s
 1914076 1408036 8378720.93   99  132 8529162.17 8259848.34  3.16%   5.8 3240s
 1917911 1411871 8513193.48  303   61 8529162.17 8259848.34  3.16%   5.8 3245s
 1920898 1413519 8396927.71  207  127 8529162.17 8259973.70  3.16%   5.8 3250s
 1924357 1416738 8520782.77  447   67 8529162.17 8259976.15  3.16%   5.8 3255s
 1927157 1417920 8397979.94  306  129 8529162.17 8260032.94  3.16%   5.8 3260s
 1930617 1421218 8430815.40  610  124 8529162.17 8260040.42  3.16%   5.8 3265s
 1933218 1422201 8386642.13  120  129 8529162.17 8260076.35  3.15%   5.8 3270s
 1936784 1425205     cutoff  351      8529162.17 8260100.28  3.15%   5.8 3275s
 1939047 1426074 8399482.40  116  130 8529162.17 8260160.67  3.15%   5.8 3280s
 1943191 1430218 8526275.91  325   96 8529162.17 8260160.67  3.15%   5.8 3285s
 1945977 1431556 8404951.06  218  126 8529162.17 8260203.13  3.15%   5.8 3290s
 1949765 1435344 8518204.27  353  112 8529162.17 8260203.13  3.15%   5.8 3295s
 1952518 1436545     cutoff  256      8529162.17 8260253.23  3.15%   5.8 3300s
 1956323 1440240 8524776.66  416  102 8529162.17 8260281.37  3.15%   5.8 3305s
 1958726 1440877 8460024.54  172  118 8529162.17 8260395.23  3.15%   5.8 3310s
 1961809 1443622 8524054.96  705  117 8529162.17 8260401.11  3.15%   5.8 3315s
 1964747 1445182 8416066.54  259  122 8529162.17 8260478.68  3.15%   5.8 3320s
 1968170 1448373 8371920.57  135   95 8529162.17 8260484.26  3.15%   5.8 3325s
 1971102 1449719 8405124.73  158  125 8529162.17 8260513.50  3.15%   5.8 3330s
 1974925 1453322 8528118.68  138   68 8529162.17 8260517.11  3.15%   5.8 3335s
 1978164 1455317 8473757.17  362  117 8529162.17 8260571.31  3.15%   5.8 3340s
 1981429 1458044     cutoff  369      8529162.17 8260574.30  3.15%   5.8 3345s
 1984302 1459623 8422243.53  185   86 8529162.17 8260681.72  3.15%   5.8 3350s
 1987638 1461832     cutoff  361      8529162.17 8260718.90  3.15%   5.8 3355s
 1990804 1463622 8438585.55  390  122 8529162.17 8260773.66  3.15%   5.8 3360s
 1993315 1465745 8525240.97  159   61 8529162.17 8260780.69  3.15%   5.8 3365s
 1996276 1467426 8421737.46  226  123 8529162.17 8260839.57  3.15%   5.8 3370s
 1999956 1470384 8514533.19  135   76 8529162.17 8260862.46  3.15%   5.7 3375s
 2002749 1472009 8402617.00  126  131 8529162.17 8260933.89  3.14%   5.7 3380s
 2006685 1475745     cutoff  138      8529162.17 8260935.66  3.14%   5.7 3385s
H2007023 1475795                    8529162.1077 8260940.49  3.14%   5.7 3385s
H2007155 1475843                    8529128.3074 8260942.19  3.14%   5.7 3386s
H2007183 1475841                    8529127.0456 8260942.19  3.14%   5.7 3386s
 2009161 1477109 8438978.28  314  121 8529127.05 8260961.42  3.14%   5.7 3390s
 2012557 1479781 8447798.22  154   81 8529127.05 8260970.44  3.14%   5.7 3395s
 2014861 1480747     cutoff  140      8529127.05 8261009.26  3.14%   5.7 3400s
 2018098 1483654     cutoff  454      8529127.05 8261027.89  3.14%   5.7 3405s
 2021256 1485518 8435947.86  176  118 8529127.05 8261062.79  3.14%   5.7 3410s
 2025669 1489931 8526673.33  308   54 8529127.05 8261062.79  3.14%   5.7 3415s
 2028480 1491349 infeasible  173      8529127.05 8261099.23  3.14%   5.7 3420s
 2031997 1494548 8511640.87  393  114 8529127.05 8261117.33  3.14%   5.7 3425s
 2034670 1495765 8514821.61  630  118 8529127.05 8261194.21  3.14%   5.7 3430s
 2038560 1499149 8500035.83  267  119 8529127.05 8261215.14  3.14%   5.7 3435s
 2041303 1500344 8407664.82  159   92 8529127.05 8261295.10  3.14%   5.7 3440s
 2044794 1503147 8485521.15  436   83 8529127.05 8261322.53  3.14%   5.7 3445s
 2047451 1504634     cutoff  120      8529127.05 8261388.78  3.14%   5.7 3450s
 2050726 1507627 8513562.02  602  102 8529127.05 8261394.41  3.14%   5.7 3455s
 2053393 1508438 8418179.71  125  129 8529127.05 8261484.36  3.14%   5.7 3460s
 2057688 1512176 8505032.05  177  110 8529127.05 8261494.22  3.14%   5.7 3465s
 2060352 1513216 8422807.92  332  129 8529127.05 8261589.87  3.14%   5.7 3470s
 2063471 1516335 8520307.89  542   64 8529127.05 8261589.87  3.14%   5.7 3475s
 2065753 1517373 8509477.30  165   70 8529127.05 8261628.00  3.14%   5.7 3480s
 2067458 1518090 8419331.71  207  119 8529127.05 8261723.72  3.14%   5.7 3485s
 2069856 1520488 8505569.06  329   60 8529127.05 8261723.72  3.14%   5.7 3490s
 2072236 1522685     cutoff  383      8529127.05 8261723.72  3.14%   5.7 3495s
 2073787 1522894 8516082.11  127  116 8529127.05 8261777.03  3.13%   5.7 3500s
 2076194 1524863 8459244.06  201  113 8529127.05 8261787.94  3.13%   5.7 3505s
 2078494 1527163 8518184.61  281  103 8529127.05 8261787.94  3.13%   5.7 3510s
 2080317 1527676     cutoff  171      8529127.05 8261824.04  3.13%   5.7 3515s
 2082070 1528687 8395283.81  182  123 8529127.05 8261864.40  3.13%   5.7 3520s
 2084950 1531567 8512509.08  318   73 8529127.05 8261864.40  3.13%   5.7 3525s
 2086380 1532357 8525729.80  144   75 8529127.05 8261892.81  3.13%   5.7 3530s
 2088181 1533010 8484378.02  123   75 8529127.05 8261947.01  3.13%   5.7 3535s
 2091204 1535745 8481205.70  373  109 8529127.05 8261953.43  3.13%   5.7 3540s
 2094066 1537949 8502456.65  371   80 8529127.05 8261983.61  3.13%   5.7 3545s
 2097577 1540651 8503930.38  506  115 8529127.05 8262032.74  3.13%   5.7 3550s
 2100320 1542556     cutoff  383      8529127.05 8262055.30  3.13%   5.7 3555s
 2103305 1544565 8439325.55  224  115 8529127.05 8262169.62  3.13%   5.7 3560s
 2106685 1547568 8458499.38  355  126 8529127.05 8262185.79  3.13%   5.7 3565s
 2109430 1548731 8411401.93  182  123 8529127.05 8262228.36  3.13%   5.7 3570s
 2113119 1551520 8428746.54  147   89 8529127.05 8262261.39  3.13%   5.7 3575s
 2115730 1552991 8413298.47  160  127 8529127.05 8262296.66  3.13%   5.7 3580s
 2119699 1556334     cutoff  153      8529127.05 8262325.93  3.13%   5.7 3585s
 2122415 1558102 8450810.36  296  114 8529127.05 8262405.89  3.13%   5.7 3590s
 2125712 1560287 8475877.93  352  120 8529127.05 8262429.31  3.13%   5.7 3595s

Cutting planes:
  RLT: 56

Explored 2129332 nodes (12178145 simplex iterations) in 3600.03 seconds (2193.34 work units)
Thread count was 1 (of 24 available processors)

Solution count 10: 8.52913e+06 8.52916e+06 8.52917e+06 ... 8.53052e+06

Time limit reached
Best objective 8.529127045618e+06, best bound 8.262454387527e+06, gap 3.1266%
