
Gurobi 11.0.3 (linux64, Java) logging started sex 19 dez 2025 01:45:24 -03

Set parameter WLSAccessID
Set parameter WLSSecret
Set parameter LicenseID to value 2566693
Academic license 2566693 - for non-commercial use only - registered to ja___@ufv.br
Set parameter NonConvex to value 2
Set parameter TimeLimit to value 3600
Set parameter LogToConsole to value 0
Set parameter MIPGap to value 4.7478399160473358e-08
Set parameter Threads to value 1
Set parameter NodefileDir to value "/home/ps12398/efpe/goalProgrammingMarcos/"
Set parameter NodefileStart to value 0.1
Gurobi Optimizer version 11.0.3 build v11.0.3rc0 (linux64)

CPU model: Intel(R) Xeon(R) CPU           X5650  @ 2.67GHz, instruction set [SSE2]
Thread count: 12 physical cores, 24 logical processors, using up to 1 threads

Academic license 2566693 - for non-commercial use only - registered to ja___@ufv.br
Optimize a model with 62245 rows, 41913 columns and 208202 nonzeros
Model fingerprint: 0xe20f800f
Model has 149 quadratic constraints
Variable types: 20886 continuous, 21027 integer (144 binary)
Coefficient statistics:
  Matrix range     [7e-03, 6e+06]
  QMatrix range    [7e-03, 1e+05]
  QLMatrix range   [1e+00, 1e+05]
  Objective range  [1e+00, 4e+07]
  Bounds range     [1e+00, 1e+08]
  RHS range        [1e+00, 2e+06]
  QRHS range       [1e-02, 1e-02]
Presolve removed 61899 rows and 41199 columns
Presolve time: 0.09s
Presolved: 915 rows, 891 columns, 20832 nonzeros
Presolved model has 2 SOS constraint(s)
Presolved model has 144 bilinear constraint(s)

Solving non-convex MIQCP

Variable types: 470 continuous, 421 integer (146 binary)
Found heuristic solution: objective 1.212235e+07

Root relaxation: objective 8.170228e+06, 133 iterations, 0.01 seconds (0.00 work units)

    Nodes    |    Current Node    |     Objective Bounds      |     Work
 Expl Unexpl |  Obj  Depth IntInf | Incumbent    BestBd   Gap | It/Node Time

     0     0 8170227.57    0  136 1.2122e+07 8170227.57  32.6%     -    0s
H    0     0                    1.040841e+07 8170227.57  21.5%     -    0s
     0     0 8656467.30    0  139 1.0408e+07 8656467.30  16.8%     -    0s
H    0     0                    9905478.8117 8656467.30  12.6%     -    0s
     0     0 8686960.68    0  140 9905478.81 8686960.68  12.3%     -    0s
H    0     0                    9728189.7602 8686960.68  10.7%     -    0s
     0     0 8687417.69    0  140 9728189.76 8687417.69  10.7%     -    0s
     0     0 8687444.55    0  141 9728189.76 8687444.55  10.7%     -    0s
     0     0 8687472.22    0  138 9728189.76 8687472.22  10.7%     -    0s
H    0     0                    9681244.4899 8687472.22  10.3%     -    0s
     0     2 8687472.22    0  138 9681244.49 8687472.22  10.3%     -    0s
H  147   147                    9625711.6321 8688074.09  9.74%   1.2    1s
H  246   246                    9625669.5066 8688074.09  9.74%   1.1    1s
H  510   510                    9624043.9491 8688074.09  9.73%   1.1    2s
H  642   642                    9623479.4283 8688074.09  9.72%   1.1    2s
H 1071  1071                    9616817.6476 8688074.09  9.66%   1.1    3s
H 1265  1265                    9614465.8893 8688074.09  9.64%   1.1    4s
H 1362  1362                    9613119.6747 8688074.09  9.62%   1.1    4s
H 1459  1459                    9612811.1914 8688074.09  9.62%   1.1    4s
  1531  1533 8696596.62 1509  128 9612811.19 8688074.09  9.62%   1.1    5s
H 1556  1556                    9611115.4408 8688074.09  9.60%   1.1    5s
H 1653  1653                    9610936.6701 8688074.09  9.60%   1.1    5s
H 1750  1750                    9610168.5804 8688074.09  9.59%   1.1    5s
H 2000  2000                    9609500.4154 8688074.09  9.59%   1.1    6s
H 2138  2138                    9595005.3381 8688074.09  9.45%   1.1    6s
H 2235  2235                    9573937.2646 8688074.09  9.25%   1.2    6s
H 2332  2332                    9555576.8894 8688074.09  9.08%   1.2    7s
H 2526  2526                    9544882.0626 8688074.09  8.98%   1.3    7s
H 2562  2432                    9542441.8866 8755502.14  8.25%   1.5    8s
H 2568  2315                    9520542.7977 9025357.19  5.20%   1.6    9s
H 2570  2201                    9510923.0500 9025718.81  5.10%   1.6    9s
  2580  2209 9025784.96 1007   52 9510923.05 9025784.96  5.10%   1.7   10s
H 3399  2644                    9505312.3713 9067542.82  4.61%   2.3   11s
H 3496  2604                    9502864.6894 9067542.82  4.58%   2.4   11s
H 3593  2568                    9500688.3975 9067542.82  4.56%   2.5   12s
H 4078  2797                    9495295.6554 9067542.82  4.50%   3.1   12s
H 4175  2771                    9494636.7003 9067542.82  4.50%   3.1   12s
H 4272  2751                    9483430.5706 9067542.82  4.39%   3.2   12s
H 4369  2734                    9476971.1372 9067542.82  4.32%   3.3   12s
H 4563  2786                    9475675.9715 9067542.82  4.31%   3.4   13s
H 4660  2778                    9469860.5264 9067542.82  4.25%   3.5   13s
H 4757  2772                    9466226.5703 9067542.82  4.21%   3.5   13s
H 4854  2771                    9460374.9664 9067542.82  4.15%   3.5   13s
H 4985  2795                    9453402.1143 9067542.82  4.08%   3.6   13s
H 5985  3404                    9453343.9481 9067542.82  4.08%   4.5   14s
  6469  3890 9192361.87 1986   91 9453343.95 9067542.82  4.08%   4.7   15s
 10556  7977 9268633.11 1395  106 9453343.95 9067562.71  4.08%   5.1   20s
H14195 11614                    9451758.3242 9067602.97  4.06%   5.1   24s
 14731 12152 9141889.87  847  117 9451758.32 9067602.97  4.06%   5.2   25s
 18613 16034 9089789.54  150  109 9451758.32 9067604.60  4.06%   6.4   30s
 23352 20773 9315268.90 2434   98 9451758.32 9067604.60  4.06%   5.8   35s
H26555 23974                    9451749.5384 9067615.94  4.06%   5.8   38s
H26562 23981                    9450760.9959 9067615.94  4.05%   5.8   38s
H26585 24004                    9450760.9545 9067615.94  4.05%   5.8   39s
 27219 24640 9408667.13 1819   98 9450760.95 9067615.94  4.05%   5.9   40s
 31707 28992 9217359.01  144   69 9450760.95 9067689.20  4.05%   5.6   45s
*36343 33439            1051    9446904.5185 9067703.69  4.01%   5.4   49s
 36579 33650 9279464.43  194   82 9446904.52 9067785.21  4.01%   5.4   50s
H39289 36184                    9443015.5944 9067794.38  3.97%   5.2   52s
*40100 36830             937    9438031.2723 9067794.38  3.92%   5.1   53s
 41625 38279 9359578.17  243   74 9438031.27 9067828.24  3.92%   5.0   55s
 46744 43076 9420344.73  249   60 9438031.27 9067911.90  3.92%   4.8   60s
 50777 46520 9194707.78   88   93 9438031.27 9068041.55  3.92%   4.7   65s
H52459 47042                    9436086.6515 9068061.10  3.90%   4.7   66s
H52475 47023                    9435679.2478 9068061.10  3.90%   4.7   66s
 55128 49401 9329071.47  311   73 9435679.25 9068275.86  3.89%   4.6   70s
 59504 53513 9421029.56 1689   57 9435679.25 9068345.29  3.89%   4.5   75s
 63959 57814 9306655.48  122   81 9435679.25 9068421.42  3.89%   4.5   80s
 68335 61882 9414604.44  963   90 9435679.25 9068530.36  3.89%   4.4   85s
 72936 66017 9319282.82  409  118 9435679.25 9068691.32  3.89%   4.3   90s
 77054 69835 9336192.15  188   75 9435679.25 9068837.93  3.89%   4.3   95s
 81957 74263 9304723.60  146   81 9435679.25 9069027.89  3.89%   4.2  100s
 86113 78139 9403818.55  471   97 9435679.25 9069206.98  3.88%   4.2  105s
*86686 76915             762    9425787.6434 9069206.98  3.78%   4.2  105s
 89726 79630 9421560.43  203   61 9425787.64 9069325.45  3.78%   4.2  110s
 92916 82429 9402017.01  384   97 9425787.64 9069416.63  3.78%   4.3  115s
 97168 85611 9425478.24 1215   45 9425787.64 9069474.04  3.78%   4.2  120s
H99063 86974                    9425695.5898 9069544.07  3.78%   4.2  122s
H99064 84857                    9421302.8845 9069544.07  3.73%   4.2  122s
 100979 86634 9255694.16  137   93 9421302.88 9069569.63  3.73%   4.2  125s
 104596 89842 9194430.77   97   95 9421302.88 9069666.56  3.73%   4.3  130s
 108469 93409 9319245.87  282  117 9421302.88 9069726.75  3.73%   4.2  135s
 112117 96592 9386269.67  217   68 9421302.88 9069844.91  3.73%   4.3  140s
 115732 99720     cutoff  143      9421302.88 9069891.39  3.73%   4.3  145s
 119524 103123     cutoff  436      9421302.88 9069969.54  3.73%   4.3  150s
 123497 106520     cutoff  231      9421302.88 9070029.88  3.73%   4.3  155s
Created node file directory '/home/ps12398/efpe/goalProgrammingMarcos//grbnodes10'
 124717 107612 9379231.60  309   89 9421302.88 9070063.93  3.73%   4.3  160s
 127838 110345 9369225.28  119   69 9421302.88 9070115.00  3.73%   4.3  165s
 131267 112866 9308163.59  110   78 9421302.88 9070134.05  3.73%   4.3  170s
 134801 116011 9351076.21  108   69 9421302.88 9070191.42  3.73%   4.3  175s
 138165 118850 9310239.66  252  119 9421302.88 9070250.45  3.73%   4.3  180s
 139072 119638 9200854.17   70  131 9421302.88 9070259.11  3.73%   4.3  185s
 141327 121705 9393762.39  348  103 9421302.88 9070284.01  3.73%   4.3  190s
 143366 123455 9291626.00  262  113 9421302.88 9070368.61  3.72%   4.3  195s
 146947 126642 9417958.70  501   46 9421302.88 9070459.30  3.72%   4.3  200s
 150202 129494 9242020.47  196  118 9421302.88 9070566.31  3.72%   4.4  205s
 153541 132426     cutoff  131      9421302.88 9070667.35  3.72%   4.4  210s
 156097 134741 9277791.10   78   80 9421302.88 9070698.10  3.72%   4.4  215s
H157823 136322                    9419247.7796 9070754.51  3.70%   4.4  218s
H157902 136401                    9419239.7208 9070754.51  3.70%   4.4  218s
H157980 136479                    9419058.1382 9070754.51  3.70%   4.4  218s
H158032 136531                    9419057.9920 9070754.51  3.70%   4.4  218s
H158194 136667                    9419020.2262 9070754.51  3.70%   4.4  219s
H158222 136665                    9419020.0347 9070754.51  3.70%   4.4  219s
 158674 137012 9347459.80  103   68 9419020.03 9070777.13  3.70%   4.4  220s
H159222 137452                    9419002.4117 9070812.54  3.70%   4.4  220s
H160067 138253                    9419002.0738 9070854.62  3.70%   4.4  222s
 161998 139929 9318942.95  175   79 9419002.07 9070923.79  3.70%   4.4  225s
H164710 142204                    9416209.1058 9071045.31  3.67%   4.4  229s
 165512 142326 9416203.24  709   21 9416209.11 9071045.31  3.67%   4.4  230s
H166646 142787                    9416209.0975 9071080.31  3.67%   4.4  231s
 168608 144472 9228863.54  109  127 9416209.10 9071132.31  3.66%   4.4  235s
 171965 147433 9375809.42  515   68 9416209.10 9071237.98  3.66%   4.4  240s
H172854 148176                    9416209.0942 9071293.85  3.66%   4.4  243s
 173731 148918 9253816.91  280  126 9416209.09 9071340.02  3.66%   4.4  245s
 176873 151764 infeasible  501      9416209.09 9071414.39  3.66%   4.4  250s
 180210 154706 9227333.66   98  124 9416209.09 9071538.18  3.66%   4.4  255s
 183424 157464 9303609.40  220  123 9416209.09 9071626.66  3.66%   4.4  260s
H185258 159024                    9416139.0562 9071713.81  3.66%   4.4  262s
H185261 159027                    9416138.7962 9071713.81  3.66%   4.4  263s
H185268 159032                    9415933.3308 9071713.81  3.66%   4.4  263s
H185272 159036                    9415931.2830 9071713.81  3.66%   4.4  263s
H185273 159025                    9415722.7155 9071713.81  3.65%   4.4  263s
H185339 159085                    9415722.5582 9071713.81  3.65%   4.4  263s
 185905 159559 9237227.00  253  128 9415722.56 9071782.99  3.65%   4.4  265s
 188127 161554 9373498.58  195  119 9415722.56 9071871.38  3.65%   4.4  270s
 190904 163946     cutoff  200      9415722.56 9072001.32  3.65%   4.4  275s
 193923 166513 9322368.86  257   78 9415722.56 9072074.02  3.65%   4.5  280s
 197181 169274 9282789.36  120   80 9415722.56 9072175.11  3.65%   4.5  285s
H197699 169650                    9415722.4607 9072190.20  3.65%   4.5  285s
H197708 169642                    9415244.9417 9072190.20  3.64%   4.5  286s
H197710 169639                    9415024.9661 9072190.20  3.64%   4.5  286s
 200503 172208 9371858.44  207   69 9415024.97 9072269.89  3.64%   4.5  290s
 203040 174403 9361041.32  415   68 9415024.97 9072383.88  3.64%   4.5  295s
 205558 176564 9412916.92  155   94 9415024.97 9072437.49  3.64%   4.5  300s
 209000 179604 9185453.36   55  133 9415024.97 9072577.73  3.64%   4.5  305s
 212146 182291 9271106.81  249  121 9415024.97 9072734.12  3.64%   4.5  310s
 215399 185103 9203686.02   85  131 9415024.97 9072852.32  3.63%   4.5  315s
 218104 187595 9343113.72  230   75 9415024.97 9072885.61  3.63%   4.5  320s
 221230 190299 9359511.80  376   70 9415024.97 9072960.83  3.63%   4.5  325s
 224401 192636 9408065.27  794   91 9415024.97 9072996.03  3.63%   4.5  330s
 227566 195036 9404777.36  488   96 9415024.97 9073022.21  3.63%   4.6  335s
 229732 196895 9405640.04  261   73 9415024.97 9073059.15  3.63%   4.6  340s
 232924 199658 9371556.90  329   99 9415024.97 9073137.50  3.63%   4.6  345s
 235850 202157 9253665.94  159  125 9415024.97 9073208.63  3.63%   4.6  350s
 238945 204719 9394833.34  171   60 9415024.97 9073278.00  3.63%   4.6  355s
 242020 207411 9289878.61  251  123 9415024.97 9073356.18  3.63%   4.6  360s
 244897 210198 9378299.35  152   67 9415024.97 9073364.13  3.63%   4.6  365s
 247879 212667 9240487.37  155  126 9415024.97 9073471.00  3.63%   4.6  370s
 251172 215611 9399746.68  159   57 9415024.97 9073586.77  3.63%   4.6  375s
H251962 215957                    9405263.9896 9073646.17  3.53%   4.6  376s
 253818 217637     cutoff  200      9405263.99 9073714.89  3.53%   4.6  380s
 256701 219938 9334609.94  286   84 9405263.99 9073868.71  3.52%   4.6  385s
 259224 222096 9379771.41  335  103 9405263.99 9073968.25  3.52%   4.6  390s
 261505 223932 9386417.26  144   71 9405263.99 9074086.66  3.52%   4.6  395s
 264351 226266 9259351.21  158  127 9405263.99 9074209.94  3.52%   4.6  400s
 267152 228693 9324035.11   84   76 9405263.99 9074266.53  3.52%   4.7  405s
 269928 231011 9241816.76  157  131 9405263.99 9074347.21  3.52%   4.7  410s
 272889 233538     cutoff  292      9405263.99 9074409.07  3.52%   4.7  415s
 274651 234975 9249988.26  116   87 9405263.99 9074450.52  3.52%   4.7  420s
 276750 236794     cutoff  267      9405263.99 9074497.56  3.52%   4.7  425s
 278635 238377 9113959.85  129  126 9405263.99 9074565.19  3.52%   4.7  430s
 280389 239927 9336095.20  136  120 9405263.99 9074611.45  3.52%   4.7  435s
 282435 241759 9390141.95  536   48 9405263.99 9074655.69  3.52%   4.7  440s
 284427 243427 9385906.67  372  101 9405263.99 9074809.55  3.51%   4.7  445s
 286379 245011 9318296.83  271   76 9405263.99 9074899.26  3.51%   4.7  450s
 289336 247850 9384616.33  146   76 9405263.99 9074907.51  3.51%   4.7  455s
 291257 249479 9370122.87  340   73 9405263.99 9075000.66  3.51%   4.7  460s
 293097 251013 9337419.83  365   75 9405263.99 9075107.39  3.51%   4.7  465s
 294714 252301 9387110.63  189   66 9405263.99 9075191.49  3.51%   4.7  470s
 297540 254642 9360543.65  280  117 9405263.99 9075326.07  3.51%   4.7  475s
 300665 257329     cutoff  371      9405263.99 9075376.53  3.51%   4.7  480s
 302260 258050 9309460.60  260   85 9405263.99 9075436.97  3.51%   4.8  485s
 305473 260929 9355563.34  266  105 9405263.99 9075445.89  3.51%   4.8  490s
H306484 261580                    9405263.6716 9075458.97  3.51%   4.8  492s
H306692 261787                    9405261.8951 9075458.97  3.51%   4.8  492s
 307423 262226     cutoff  212      9405261.90 9075458.97  3.51%   4.8  495s
 309541 262848 9377550.05  248   75 9405261.90 9075508.10  3.51%   4.8  500s
 312098 264851     cutoff  161      9405261.90 9075562.83  3.51%   4.8  505s
 314533 266248     cutoff  282      9405261.90 9075676.25  3.50%   4.8  510s
 316946 268202 9353647.78  406   64 9405261.90 9075702.94  3.50%   4.8  515s
 319692 270086 9318431.78  102   81 9405261.90 9075791.95  3.50%   4.9  520s
 322377 272133 9278052.32  211  129 9405261.90 9075859.22  3.50%   4.9  525s
 326217 275666     cutoff  163      9405261.90 9075865.00  3.50%   4.9  530s
 328659 276887 9394754.49  304   62 9405261.90 9075931.24  3.50%   4.9  535s
 330993 279001 9335038.91  229  105 9405261.90 9075972.41  3.50%   4.9  540s
 333204 280102 9213926.72  239   91 9405261.90 9076022.00  3.50%   4.9  545s
 335446 281758 9245401.75  161  125 9405261.90 9076058.74  3.50%   4.9  550s
 338610 284498     cutoff  326      9405261.90 9076084.97  3.50%   4.9  555s
 341280 286147 9324637.05  395   74 9405261.90 9076156.93  3.50%   4.9  560s
 344103 288523     cutoff  192      9405261.90 9076175.88  3.50%   4.9  565s
 346486 290079 9251498.75  236  126 9405261.90 9076268.83  3.50%   5.0  570s
 349446 293039 9389239.97  412   54 9405261.90 9076268.83  3.50%   5.0  575s
 351314 293860     cutoff  161      9405261.90 9076306.66  3.50%   5.0  580s
 354871 297195 9366267.40  245   93 9405261.90 9076310.52  3.50%   5.0  585s
 358047 300317     cutoff 1805      9405261.90 9076310.52  3.50%   5.0  590s
 360554 301763 9387452.71  135   73 9405261.90 9076352.65  3.50%   5.0  595s
 364129 305046 9386406.03  342  100 9405261.90 9076363.47  3.50%   5.0  600s
 366598 306664     cutoff  145      9405261.90 9076402.75  3.50%   5.1  605s
 369333 308937 9331369.40  216  107 9405261.90 9076421.95  3.50%   5.1  610s
 372155 310870 9112496.01  103  127 9405261.90 9076467.18  3.50%   5.1  615s
 374072 312048 9228227.75  182  131 9405261.90 9076485.63  3.50%   5.1  620s
 377582 315268 9107163.70  104  127 9405261.90 9076496.55  3.50%   5.1  625s
 380050 316328 9245473.27  117   81 9405261.90 9076544.93  3.50%   5.1  630s
 382704 318692 9383669.05  335  114 9405261.90 9076556.92  3.49%   5.1  635s
 384909 320118 9291792.23  178  122 9405261.90 9076603.79  3.49%   5.1  640s
 388024 322923     cutoff  260      9405261.90 9076608.64  3.49%   5.1  645s
 390020 323879 9252145.50  296  127 9405261.90 9076649.55  3.49%   5.2  650s
 393317 326723 9367344.57  148   69 9405261.90 9076671.99  3.49%   5.1  655s
 395211 327666 9302112.01  141  126 9405261.90 9076702.61  3.49%   5.2  660s
 398653 330862     cutoff  169      9405261.90 9076714.67  3.49%   5.2  665s
H399714 331119                    9405261.7651 9076732.22  3.49%   5.2  667s
 400383 331284     cutoff  316      9405261.77 9076740.22  3.49%   5.2  670s
H402141 332952                    9405241.3942 9076746.64  3.49%   5.2  673s
 402614 333427 9369125.49  256  110 9405241.39 9076746.64  3.49%   5.2  675s
H403016 333827                    9405241.3776 9076746.64  3.49%   5.2  675s
 404907 335086 9311545.84  184   80 9405241.38 9076782.16  3.49%   5.2  680s
H406440 335903                    9405241.3463 9076795.58  3.49%   5.3  683s
H407549 337012                    9405241.1664 9076795.58  3.49%   5.3  684s
 407695 337160 9290853.78  243  119 9405241.17 9076795.58  3.49%   5.3  685s
 410641 339517 9326970.06  135   75 9405241.17 9076815.00  3.49%   5.3  690s
 412993 341331 9276897.38  341   86 9405241.17 9076827.92  3.49%   5.3  695s
H413563 341899                    9405240.9324 9076827.92  3.49%   5.3  695s
H415715 343979                    9405240.8622 9076827.92  3.49%   5.3  699s
 416164 344153 9392118.88  131   63 9405240.86 9076834.56  3.49%   5.3  700s
H416660 344316                    9405240.8388 9076842.91  3.49%   5.3  701s
 418567 345661 9274147.93  187  124 9405240.84 9076863.35  3.49%   5.3  705s
 421583 348439 9246530.42  169  130 9405240.84 9076865.36  3.49%   5.3  710s
 423302 348949     cutoff  185      9405240.84 9076886.67  3.49%   5.3  715s
 426364 351895 9371166.33  326  103 9405240.84 9076895.02  3.49%   5.3  720s
 428526 352935     cutoff  342      9405240.84 9076912.58  3.49%   5.4  725s
 430975 354773 9343945.48  306  107 9405240.84 9076930.13  3.49%   5.4  730s
 433214 356386 9379081.88  240  112 9405240.84 9076947.92  3.49%   5.4  735s
 435431 357751 9280588.57  234  121 9405240.84 9076960.97  3.49%   5.4  740s
 438604 360326 9131160.15  409  125 9405240.84 9076975.75  3.49%   5.4  745s
 441021 361883 9255169.71  202   85 9405240.84 9077005.28  3.49%   5.4  750s
 444471 365163 9304498.18  446   79 9405240.84 9077006.07  3.49%   5.4  755s
 446807 366397 9267010.47  304   90 9405240.84 9077061.97  3.49%   5.5  760s
 449502 369070 9400781.85  594   92 9405240.84 9077061.97  3.49%   5.4  765s
 451941 370549 9300176.36  303  120 9405240.84 9077333.55  3.49%   5.5  770s
 455213 373245 9393201.97   94   57 9405240.84 9077412.23  3.49%   5.5  775s
 457659 374588 9244594.71  290  129 9405240.84 9077678.49  3.48%   5.5  780s
 460260 377189 9372855.60  444   56 9405240.84 9077678.49  3.48%   5.5  785s
 462844 379202 9380440.12  139  108 9405240.84 9077693.07  3.48%   5.5  790s
 465022 380450 9332074.28  250  121 9405240.84 9077745.78  3.48%   5.5  795s
 468447 383493 9386296.14  479  106 9405240.84 9077753.68  3.48%   5.5  800s
 470655 384927 9217156.14  254   92 9405240.84 9077786.28  3.48%   5.5  805s
 473053 387070 9342628.77  434   69 9405240.84 9077810.89  3.48%   5.5  810s
 475964 389357     cutoff  256      9405240.84 9077872.02  3.48%   5.5  815s
 478424 391239 9304293.30  409   82 9405240.84 9077975.80  3.48%   5.5  820s
 481470 393382     cutoff  260      9405240.84 9078124.46  3.48%   5.5  825s
 483921 394881 9218897.76  215  123 9405240.84 9078136.35  3.48%   5.5  830s
 487093 397774 9385897.41  248   69 9405240.84 9078144.22  3.48%   5.5  835s
 489057 398685     cutoff  473      9405240.84 9078165.74  3.48%   5.5  840s
 491576 400431 9233009.97  150  129 9405240.84 9078194.88  3.48%   5.5  845s
 495081 403462 9404051.15  285   54 9405240.84 9078206.62  3.48%   5.5  850s
 497286 404468 9243326.06  116  127 9405240.84 9078325.15  3.48%   5.5  855s
 500322 407368     cutoff  291      9405240.84 9078325.15  3.48%   5.5  860s
 502779 408403     cutoff  183      9405240.84 9078621.33  3.47%   5.5  865s
 505674 411064 9379381.08  512   65 9405240.84 9078643.69  3.47%   5.5  870s
 508010 412479 9395943.24  455  101 9405240.84 9078673.19  3.47%   5.5  875s
 510131 413460 9246620.18  311  131 9405240.84 9078715.55  3.47%   5.6  880s
 513476 416549 9312012.21  251  116 9405240.84 9078734.99  3.47%   5.5  885s
 516090 418340     cutoff  350      9405240.84 9078768.68  3.47%   5.6  890s
 518288 419658 9286996.84  366  124 9405240.84 9078805.91  3.47%   5.6  895s
 521767 422794 9402016.50  364   55 9405240.84 9078814.91  3.47%   5.5  900s
 523534 423578 9212503.45  290   95 9405240.84 9078883.14  3.47%   5.6  905s
 526877 426732 9355844.77  438   67 9405240.84 9078896.10  3.47%   5.6  910s
 529433 428326 9322087.66  393   81 9405240.84 9078948.84  3.47%   5.6  915s
 531666 430279 9283052.10  351   84 9405240.84 9078976.22  3.47%   5.6  920s
 535142 433317 9300086.44  241   79 9405240.84 9079055.02  3.47%   5.6  925s
 537766 435390 9295801.05  349  120 9405240.84 9079093.76  3.47%   5.6  930s
 540980 437930 9390682.56  346   70 9405240.84 9079155.99  3.47%   5.6  935s
 543792 439961 9344286.92  429  115 9405240.84 9079207.80  3.47%   5.6  940s
 546380 442221     cutoff  381      9405240.84 9079234.01  3.47%   5.6  945s
 548620 443359     cutoff  320      9405240.84 9079303.24  3.47%   5.6  950s
 552075 446640     cutoff  249      9405240.84 9079336.71  3.47%   5.6  955s
 554458 447821 9252741.21  350  128 9405240.84 9079440.87  3.46%   5.6  960s
 557492 450843 9396943.96  519   52 9405240.84 9079440.87  3.46%   5.6  965s
 559649 452355 9390539.49  369   72 9405240.84 9079522.56  3.46%   5.6  970s
 562279 454287 9326081.20  443   67 9405240.84 9079574.72  3.46%   5.6  975s
 565479 456807     cutoff  580      9405240.84 9079680.89  3.46%   5.6  980s
 567957 458558 9275146.42  372   86 9405240.84 9079872.89  3.46%   5.6  985s
 571019 460857     cutoff  372      9405240.84 9079890.29  3.46%   5.7  990s
 573246 462484 9357184.96  371   73 9405240.84 9079948.02  3.46%   5.6  995s
 576942 466006 9399618.27  334   95 9405240.84 9080056.24  3.46%   5.6 1000s
 579119 466742 9401994.48  272   99 9405240.84 9080273.70  3.46%   5.7 1005s
 581435 468308 9295159.75  210  116 9405240.84 9080336.58  3.45%   5.7 1010s
 584547 471084 9325853.11  101   86 9405240.84 9080363.33  3.45%   5.7 1015s
 586182 472050 9391406.95  254  115 9405240.84 9080477.74  3.45%   5.7 1020s
 589792 475336 9362223.27  320   99 9405240.84 9080584.08  3.45%   5.7 1025s
 592851 477817 9400174.29  398   56 9405240.84 9080646.84  3.45%   5.7 1030s
 595212 479198 9308027.75  184  119 9405240.84 9080918.47  3.45%   5.7 1035s
 597808 481100 9237142.53  229  131 9405240.84 9081146.38  3.45%   5.7 1040s
 599896 482298 9372392.31  196   65 9405240.84 9081221.31  3.45%   5.7 1045s
 602284 484224     cutoff  261      9405240.84 9081229.25  3.45%   5.7 1050s
 604460 485041 9249689.02  169   89 9405240.84 9081549.82  3.44%   5.7 1055s
 607602 487677 9268343.87  142   88 9405240.84 9081610.81  3.44%   5.7 1060s
 610349 489768 9196706.82   59  130 9405240.84 9081728.77  3.44%   5.7 1065s
 613939 493358 9390417.81  599   90 9405240.84 9081728.77  3.44%   5.7 1070s
 615675 493975 9398240.51  173  108 9405240.84 9081814.30  3.44%   5.7 1075s
 619135 497073 9370727.13  681   61 9405240.84 9081860.74  3.44%   5.7 1080s
 621649 498466     cutoff  174      9405240.84 9081929.27  3.44%   5.7 1085s
 624835 501188 9374007.54  352  101 9405240.84 9081997.00  3.44%   5.7 1090s
 627380 503497 9390256.01  408   63 9405240.84 9082091.63  3.44%   5.7 1095s
 629400 504387 9377632.27  170   64 9405240.84 9082214.54  3.43%   5.7 1100s
 632734 507343 9393521.76  669   99 9405240.84 9082401.66  3.43%   5.7 1105s
 635191 508653 9379019.06  287   60 9405240.84 9082549.21  3.43%   5.7 1110s
 637949 510701 9315615.53  314  117 9405240.84 9082579.79  3.43%   5.7 1115s
 641002 513093 9391196.98  115   71 9405240.84 9082641.01  3.43%   5.7 1120s
 642641 514216 9398641.60  269  108 9405240.84 9082660.30  3.43%   5.7 1125s
 645352 516020 9331028.02  273  118 9405240.84 9082712.40  3.43%   5.7 1130s
 648074 518116 9264522.31  117  119 9405240.84 9082755.26  3.43%   5.7 1135s
 650100 519154 9237768.82  215  132 9405240.84 9082832.84  3.43%   5.8 1140s
 653380 522236 9402175.16  122   60 9405240.84 9082837.69  3.43%   5.8 1145s
H653816 511636                    9400256.9520 9082839.55  3.38%   5.8 1146s
 655175 512219     cutoff  267      9400256.95 9082872.92  3.38%   5.8 1150s
 657974 514396 9330476.58  249  114 9400256.95 9082911.80  3.38%   5.8 1155s
 660353 516235 9387414.64  277   57 9400256.95 9082921.82  3.38%   5.8 1160s
 663025 518191 9315306.99  226  120 9400256.95 9082966.72  3.38%   5.8 1165s
 666191 520985 9280406.82  266  122 9400256.95 9083018.80  3.37%   5.8 1170s
H666192 520984                    9400256.9220 9083018.80  3.37%   5.8 1170s
H666193 520985                    9400256.9197 9083018.80  3.37%   5.8 1170s
 668166 521978 9248857.16  160   89 9400256.92 9083041.07  3.37%   5.8 1175s
 671359 524959     cutoff  129      9400256.92 9083047.99  3.37%   5.8 1180s
 673367 526341     cutoff  142      9400256.92 9083080.78  3.37%   5.8 1185s
H675475 528000                    9399777.4635 9083111.11  3.37%   5.8 1188s
 676356 528883 9348081.19  272  106 9399777.46 9083111.11  3.37%   5.8 1190s
 679012 530453 9291237.82  223  122 9399777.46 9083161.68  3.37%   5.8 1195s
 681826 532236 9260910.35  149  126 9399777.46 9083222.67  3.37%   5.8 1200s
 685958 536366 9390789.22 2054   91 9399777.46 9083222.67  3.37%   5.8 1205s
 687755 537100 9286924.89   89  122 9399777.46 9083277.54  3.37%   5.8 1210s
H687889 537232                    9399754.3744 9083277.54  3.37%   5.8 1210s
 690402 539371 9304207.19  165  118 9399754.37 9083297.62  3.37%   5.8 1215s
 694099 542492 9393570.11  912   88 9399754.37 9083297.62  3.37%   5.8 1220s
 696694 543887 9350329.66  118   70 9399754.37 9083362.58  3.37%   5.8 1225s
 699304 546212 9355689.32  238  109 9399754.37 9083378.29  3.37%   5.8 1230s
 701729 547658 9353034.20  289  114 9399754.37 9083406.18  3.37%   5.8 1235s
 705077 550701 9377161.93  425  104 9399754.37 9083429.93  3.37%   5.8 1240s
 707447 551950     cutoff  419      9399754.37 9083484.74  3.36%   5.8 1245s
 710889 555037 9396638.32  400  103 9399754.37 9083494.20  3.36%   5.8 1250s
 713352 556201 9221785.41   74  133 9399754.37 9083569.84  3.36%   5.8 1255s
 717141 559936 9387935.22 1397   90 9399754.37 9083569.84  3.36%   5.8 1260s
 720365 562188     cutoff  114      9399754.37 9083606.64  3.36%   5.8 1265s
H721452 562778                    9399673.2505 9083632.27  3.36%   5.8 1267s
 722852 563918 9276020.10  189  121 9399673.25 9083647.46  3.36%   5.8 1270s
H723669 564733                    9399672.8596 9083647.46  3.36%   5.8 1271s
 726912 567823     cutoff  293      9399672.86 9083647.92  3.36%   5.8 1275s
 729556 569537 9217235.01  135  129 9399672.86 9083710.61  3.36%   5.8 1280s
 732557 572300 9385671.20  284  101 9399672.86 9083710.61  3.36%   5.8 1285s
 734985 573820 9296755.26  188  124 9399672.86 9083772.98  3.36%   5.8 1290s
 737351 575539 9302081.73  125  118 9399672.86 9083808.36  3.36%   5.8 1295s
 740288 577545     cutoff  235      9399672.86 9083845.67  3.36%   5.8 1300s
 742934 579441 9299519.64  415   83 9399672.86 9083947.25  3.36%   5.8 1305s
 746023 582214 9381910.25  185  111 9399672.86 9084008.99  3.36%   5.8 1310s
 748550 583844 9331040.44  249  118 9399672.86 9084087.02  3.36%   5.8 1315s
 751246 585745 9356858.20  287   62 9399672.86 9084113.54  3.36%   5.8 1320s
H751335 585792                    9399648.7165 9084113.54  3.36%   5.8 1320s
H751732 585858                    9399641.2444 9084148.01  3.36%   5.8 1321s
H751758 585856                    9399641.2163 9084148.01  3.36%   5.8 1322s
H751919 585925                    9399608.2034 9084149.39  3.36%   5.8 1322s
H751946 585920                    9399608.1442 9084149.39  3.36%   5.8 1322s
H751972 585946                    9399606.5536 9084151.87  3.36%   5.8 1322s
H752028 585974                    9399606.4821 9084151.87  3.36%   5.8 1322s
H752582 586447                    9399599.5580 9084183.95  3.36%   5.8 1324s
 752693 586560 9262800.19  239  127 9399599.56 9084183.95  3.36%   5.8 1325s
 754054 587921 9342185.33  324  114 9399599.56 9084183.95  3.36%   5.8 1330s
 755469 588996     cutoff  346      9399599.56 9084185.75  3.36%   5.8 1335s
 757385 590023     cutoff  434      9399599.56 9084214.98  3.36%   5.8 1340s
 759627 591823 9308431.45  273  117 9399599.56 9084271.37  3.35%   5.8 1345s
H760979 593171                    9399599.3684 9084271.37  3.35%   5.8 1347s
 761854 593780     cutoff  143      9399599.37 9084319.37  3.35%   5.8 1350s
 763261 594247 9291418.98  249  125 9399599.37 9084362.90  3.35%   5.8 1355s
 764954 595582 9308257.40  270  120 9399599.37 9084387.35  3.35%   5.8 1360s
 766841 597104 9398082.09  335   63 9399599.37 9084391.98  3.35%   5.8 1365s
 768073 597708 9329063.93  203  120 9399599.37 9084452.98  3.35%   5.8 1370s
 769447 598474 9241734.53  227  128 9399599.37 9084498.08  3.35%   5.8 1375s
H769627 598650                    9399533.0401 9084498.08  3.35%   5.8 1375s
 770275 599300 9296007.15  266  120 9399533.04 9084498.08  3.35%   5.8 1380s
 772031 601056 9383099.10  343  105 9399533.04 9084498.08  3.35%   5.8 1385s
 773545 601727 9394115.24  249   68 9399533.04 9084576.33  3.35%   5.8 1390s
 775325 603123 9249687.10  262  129 9399533.04 9084627.43  3.35%   5.8 1395s
 778108 605906 9366131.59  423  105 9399533.04 9084627.43  3.35%   5.8 1400s
 780602 608139     cutoff  143      9399533.04 9084629.09  3.35%   5.8 1405s
 781991 608638 9306653.04  392   80 9399533.04 9084676.43  3.35%   5.8 1410s
 782837 608869 9258877.84  114   73 9399533.04 9084688.42  3.35%   5.8 1415s
 783729 609761 9312630.15  201   72 9399533.04 9084688.42  3.35%   5.9 1420s
 785517 611539 9293106.21  286  111 9399533.04 9084688.42  3.35%   5.9 1425s
 787285 612661 9389243.61  297   63 9399533.04 9084716.25  3.35%   5.9 1430s
 788857 613393 9246943.35  383   92 9399533.04 9084770.51  3.35%   5.9 1435s
 791549 616085 9394049.41  767   98 9399533.04 9084770.51  3.35%   5.9 1440s
 793337 617195     cutoff  317      9399533.04 9084812.54  3.35%   5.9 1445s
 795180 618436 9268618.16  418   85 9399533.04 9084873.54  3.35%   5.9 1450s
 796882 620138 9349614.93  474   71 9399533.04 9084873.54  3.35%   5.9 1455s
 798560 621542 9398345.05  262  111 9399533.04 9084881.30  3.35%   5.9 1460s
 800165 622459     cutoff  203      9399533.04 9084897.80  3.35%   5.9 1465s
H801848 623558                    9399533.0029 9084960.64  3.35%   5.9 1468s
H801900 623610                    9399512.7704 9084960.64  3.35%   5.9 1468s
H802446 624156                    9399512.7583 9084960.64  3.35%   5.9 1469s
 802856 624568 9336705.93  320  110 9399512.76 9084960.64  3.35%   5.9 1470s
 805579 626751 9388134.09  404   62 9399512.76 9085001.91  3.35%   5.9 1475s
H806465 627074                    9398811.9705 9085007.47  3.34%   5.9 1478s
 807374 627515 9374764.25  200   72 9398811.97 9085022.76  3.34%   5.9 1480s
H807810 627913                    9398811.9347 9085028.03  3.34%   5.9 1481s
 809277 629382 9362591.36  342  109 9398811.93 9085028.03  3.34%   5.9 1485s
H810511 630083                    9398811.7022 9085063.02  3.34%   5.9 1488s
 811096 630449     cutoff  231      9398811.70 9085090.62  3.34%   5.9 1490s
 814276 633333 9338498.59  471   70 9398811.70 9085138.22  3.34%   5.9 1495s
 817302 635546 9384472.18  150  105 9398811.70 9085234.62  3.34%   5.9 1500s
 820236 638091 9344348.00  221  112 9398811.70 9085239.64  3.34%   5.9 1505s
H822870 639640                    9398329.2069 9085297.14  3.33%   5.9 1509s
 822934 639640     cutoff  178      9398329.21 9085297.14  3.33%   5.9 1510s
H823836 640060                    9398329.1927 9085331.35  3.33%   5.9 1512s
 825081 641307 9311983.76  420   78 9398329.19 9085331.35  3.33%   5.9 1515s
 828335 644174 9275842.29  166  121 9398329.19 9085354.24  3.33%   5.9 1520s
 830489 645427 9254999.15  244  124 9398329.19 9085422.18  3.33%   5.9 1525s
 833060 647794 9271425.73  233  128 9398329.19 9085467.71  3.33%   5.9 1530s
 835759 649553 9319372.01  293  121 9398329.19 9085530.07  3.33%   5.9 1535s
 837452 651082 9323756.35  326   74 9398329.19 9085531.06  3.33%   5.9 1540s
 839254 652732 9397139.17  268   58 9398329.19 9085542.35  3.33%   5.9 1545s
 840694 653473 9362783.47  298  111 9398329.19 9085570.62  3.33%   5.9 1550s
 842446 654699 9285492.84  224   87 9398329.19 9085620.69  3.33%   5.9 1555s
 844591 656659 infeasible  305      9398329.19 9085652.06  3.33%   5.9 1560s
 846136 657692     cutoff  286      9398329.19 9085713.28  3.33%   5.9 1565s
 848962 660020 9349052.88  263   69 9398329.19 9085749.59  3.33%   5.9 1570s
 851590 661816 9280033.76   83  124 9398329.19 9085810.65  3.33%   5.9 1575s
 854346 664250 9369035.19  178  113 9398329.19 9085849.38  3.32%   5.9 1580s
 857475 667223 9298398.63   85  123 9398329.19 9085851.98  3.32%   5.9 1585s
 860070 668861 9307973.30  231   73 9398329.19 9085984.92  3.32%   5.9 1590s
H862386 670383                    9398329.1571 9086047.44  3.32%   6.0 1594s
 862387 670386 9229243.24  362   97 9398329.16 9086047.44  3.32%   6.0 1595s
 865109 673108 9374922.70  605   61 9398329.16 9086047.44  3.32%   5.9 1600s
 867093 674614 9308616.25  260   83 9398329.16 9086064.84  3.32%   6.0 1605s
 869308 676135 9305627.73  223   80 9398329.16 9086109.96  3.32%   6.0 1610s
 872286 678824 9384283.97  285   70 9398329.16 9086122.04  3.32%   6.0 1615s
 874412 680075 9126143.12  244  127 9398329.16 9086184.62  3.32%   6.0 1620s
 877147 682550     cutoff  295      9398329.16 9086196.47  3.32%   6.0 1625s
 879232 683795 9329720.24  217   77 9398329.16 9086223.37  3.32%   6.0 1630s
 881857 686380 9384946.88  431  101 9398329.16 9086223.43  3.32%   6.0 1635s
 883684 686496     cutoff  322      9398329.16 9086223.52  3.32%   6.0 1640s
 886178 688076     cutoff  422      9398329.16 9086239.17  3.32%   6.0 1645s
 889294 690832 9328464.18  473   69 9398329.16 9086253.92  3.32%   6.0 1650s
 892037 692624 9368317.77  140   63 9398329.16 9086282.60  3.32%   6.0 1655s
 894314 694675 9292003.18  464   87 9398329.16 9086288.70  3.32%   6.0 1660s
 897833 697900 9390513.53  464  109 9398329.16 9086313.52  3.32%   6.0 1665s
 900755 700256 9326335.93  315  118 9398329.16 9086396.51  3.32%   6.0 1670s
 903528 702533 9362270.38  216   69 9398329.16 9086414.04  3.32%   6.0 1675s
 905284 703458 9136211.06  204  127 9398329.16 9086509.74  3.32%   6.1 1680s
 907915 705963 9385732.22  458  108 9398329.16 9086509.74  3.32%   6.1 1685s
 910182 707476 9277624.13  291  121 9398329.16 9086595.20  3.32%   6.1 1690s
 914091 711107     cutoff  329      9398329.16 9086653.86  3.32%   6.1 1695s
 916841 713318 9259397.45  421   87 9398329.16 9086710.63  3.32%   6.1 1700s
 920121 716356     cutoff  410      9398329.16 9086715.77  3.32%   6.1 1705s
 922761 718299 9262542.89  284  128 9398329.16 9086778.50  3.31%   6.1 1710s
 925758 721038     cutoff  286      9398329.16 9086797.68  3.31%   6.1 1715s
 928404 722906 9269369.43  121  124 9398329.16 9086867.30  3.31%   6.1 1720s
 931415 725627 9393143.83  345   55 9398329.16 9086868.20  3.31%   6.1 1725s
 933540 726701 9131615.54  218  129 9398329.16 9086931.09  3.31%   6.1 1730s
 936484 729645 9372268.63  420   60 9398329.16 9086931.09  3.31%   6.1 1735s
 938933 731166     cutoff  158      9398329.16 9086989.74  3.31%   6.1 1740s
 941982 734041 9322420.53  871  102 9398329.16 9086993.90  3.31%   6.1 1745s
 944205 735068 9349858.68  288   70 9398329.16 9087065.20  3.31%   6.1 1750s
 945895 736284 9297622.44  285  120 9398329.16 9087103.15  3.31%   6.1 1755s
 948492 738568     cutoff  162      9398329.16 9087114.65  3.31%   6.1 1760s
 950562 739577 9249968.42  406   89 9398329.16 9087227.79  3.31%   6.1 1765s
 953898 742573     cutoff  425      9398329.16 9087264.73  3.31%   6.1 1770s
 955860 743811 9258147.03  421   92 9398329.16 9087333.07  3.31%   6.1 1775s
 958996 746539     cutoff  181      9398329.16 9087334.78  3.31%   6.1 1780s
 960797 747237 9347855.47  257  115 9398329.16 9087421.95  3.31%   6.1 1785s
 964059 750307 9376733.84  463   67 9398329.16 9087465.47  3.31%   6.1 1790s
 966367 751433 9375530.86  304  110 9398329.16 9087618.44  3.31%   6.1 1795s
 969057 753899 9310551.46  322   72 9398329.16 9087658.30  3.31%   6.1 1800s
 971833 755994 9388305.87  593   70 9398329.16 9087813.03  3.30%   6.1 1805s
 974495 758518 9388122.25  240   98 9398329.16 9087826.38  3.30%   6.1 1810s
 976721 759673 9301000.49  408   76 9398329.16 9087971.57  3.30%   6.2 1815s
 978458 760820 9267409.68  248   85 9398329.16 9088004.33  3.30%   6.2 1820s
 981293 763377 9212672.12   71  136 9398329.16 9088010.32  3.30%   6.2 1825s
 983506 764603 9254875.46   95   90 9398329.16 9088063.44  3.30%   6.2 1830s
 985282 766289 9311719.86  305  120 9398329.16 9088074.80  3.30%   6.2 1835s
 988017 768213 9365155.83  262   75 9398329.16 9088144.95  3.30%   6.2 1840s
 990374 769694 9279540.28  314  124 9398329.16 9088174.28  3.30%   6.2 1845s
 993995 773017 9395140.62  494   99 9398329.16 9088174.28  3.30%   6.2 1850s
 996149 774271 9385829.46  292   66 9398329.16 9088220.86  3.30%   6.2 1855s
 998528 776294 9326315.21  532   72 9398329.16 9088249.44  3.30%   6.2 1860s
 1001486 778441 9378365.04  386   65 9398329.16 9088298.45  3.30%   6.2 1865s
 1004500 780868 9245125.37  106  130 9398329.16 9088350.41  3.30%   6.2 1870s
 1007264 783001 9353279.37  215  104 9398329.16 9088385.90  3.30%   6.2 1875s
 1009519 784105 9294784.07  259   80 9398329.16 9088418.23  3.30%   6.2 1880s
 1012289 786843 9389216.61  645  104 9398329.16 9088418.71  3.30%   6.2 1885s
 1014996 788778 9275881.13  416   86 9398329.16 9088513.20  3.30%   6.2 1890s
 1018271 791615 9385552.14   99   71 9398329.16 9088532.82  3.30%   6.2 1895s
 1020716 793337 9315536.14  291  122 9398329.16 9088579.94  3.30%   6.2 1900s
 1023935 796084 9287662.60  276   72 9398329.16 9088599.92  3.30%   6.2 1905s
 1025772 797461 9314824.06  155  124 9398329.16 9088663.03  3.29%   6.2 1910s
 1028564 799581 9391764.97  287  109 9398329.16 9088675.65  3.29%   6.2 1915s
 1030279 800383 9138550.78  133  123 9398329.16 9088726.15  3.29%   6.2 1920s
 1032636 802460     cutoff  177      9398329.16 9088753.32  3.29%   6.3 1925s
 1034795 803791 9138175.39  282  127 9398329.16 9088800.19  3.29%   6.3 1930s
 1037444 806278 9391538.75  312   50 9398329.16 9088800.63  3.29%   6.3 1935s
 1039518 807269     cutoff  153      9398329.16 9088834.06  3.29%   6.3 1940s
 1041188 808601     cutoff  311      9398329.16 9088844.38  3.29%   6.3 1945s
 1043237 809731 9309395.68  154  124 9398329.16 9088875.22  3.29%   6.3 1950s
 1045192 811288 9319523.58  280  122 9398329.16 9088886.19  3.29%   6.4 1955s
 1047231 812353 9312875.91  288  122 9398329.16 9088945.10  3.29%   6.4 1960s
 1049724 814608     cutoff  323      9398329.16 9088948.01  3.29%   6.4 1965s
 1051705 815582 9396000.91  276   60 9398329.16 9089056.49  3.29%   6.4 1970s
 1055004 818298 9395050.74  436   61 9398329.16 9089100.24  3.29%   6.4 1975s
 1057420 820013 9247509.61  120  123 9398329.16 9089171.92  3.29%   6.4 1980s
 1060774 823039     cutoff  328      9398329.16 9089237.10  3.29%   6.4 1985s
 1063204 824406     cutoff  434      9398329.16 9089376.32  3.29%   6.4 1990s
 1065381 826161     cutoff  438      9398329.16 9089407.98  3.29%   6.4 1995s
 1067198 827015 9265951.33  440   86 9398329.16 9089462.85  3.29%   6.4 2000s
 1070412 829786 9380389.33  311   65 9398329.16 9089493.52  3.29%   6.4 2005s
 1072950 831668 9330450.63  379   70 9398329.16 9089549.26  3.29%   6.4 2010s
 1075957 834211 9395648.01  328  106 9398329.16 9089587.90  3.29%   6.4 2015s
 1078238 835258 9270120.52  296  124 9398329.16 9089631.90  3.28%   6.4 2020s
 1080742 837414 9216494.82  122  130 9398329.16 9089664.91  3.28%   6.4 2025s
 1083203 838866 9274804.81  138  119 9398329.16 9089708.25  3.28%   6.4 2030s
 1086695 842358 9386462.17  683   95 9398329.16 9089708.25  3.28%   6.4 2035s
 1089263 844029 9390927.25  461   62 9398329.16 9089736.33  3.28%   6.4 2040s
 1092097 846270 9386186.85  428  103 9398329.16 9089770.28  3.28%   6.4 2045s
 1094049 847338     cutoff  304      9398329.16 9089854.91  3.28%   6.4 2050s
 1097625 850687 9371341.50  427  102 9398329.16 9089876.02  3.28%   6.4 2055s
 1100124 852301 9387785.06  535  107 9398329.16 9090030.62  3.28%   6.4 2060s
 1102840 854382 9276251.06  145  119 9398329.16 9090100.30  3.28%   6.4 2065s
 1105536 856750 9386972.16  462   69 9398329.16 9090113.07  3.28%   6.4 2070s
 1107883 858121 9294431.47  461   86 9398329.16 9090182.81  3.28%   6.4 2075s
 1111092 860880     cutoff  403      9398329.16 9090207.58  3.28%   6.4 2080s
 1113103 862121 9283421.05  471   82 9398329.16 9090307.46  3.28%   6.4 2085s
 1115892 864805     cutoff  187      9398329.16 9090308.05  3.28%   6.4 2090s
 1117833 865668 9155073.46  303  119 9398329.16 9090367.80  3.28%   6.4 2095s
 1119850 867348 9262546.07  424   92 9398329.16 9090409.44  3.28%   6.4 2100s
 1121816 868744 9278640.37  451   88 9398329.16 9090423.81  3.28%   6.4 2105s
 1125138 871622     cutoff  464      9398329.16 9090433.99  3.28%   6.4 2110s
 1127165 872414 9157300.42  324  125 9398329.16 9090456.02  3.28%   6.4 2115s
 1129526 874535 9352056.54  440  107 9398329.16 9090456.02  3.28%   6.4 2120s
 1131828 875631 9373907.31  465  113 9398329.16 9090501.36  3.28%   6.4 2125s
 1134177 877574 9314576.40  379  116 9398329.16 9090507.73  3.28%   6.4 2130s
 1137677 880282 9392645.67 1476   90 9398329.16 9090507.73  3.28%   6.4 2135s
 1140642 881861 9377395.44  562   99 9398329.16 9090510.86  3.28%   6.4 2140s
 1142507 883130 9203138.54  460  115 9398329.16 9090609.42  3.27%   6.4 2145s
 1144853 884428 9364638.04  406  110 9398329.16 9090673.40  3.27%   6.5 2150s
 1146146 885599 9287064.51  364   82 9398329.16 9090676.53  3.27%   6.5 2155s
 1148460 887839     cutoff  520      9398329.16 9090676.53  3.27%   6.5 2160s
 1150074 888984 9208875.36   60  135 9398329.16 9090722.05  3.27%   6.5 2165s
 1151491 889335 9393010.75  316   63 9398329.16 9090745.05  3.27%   6.5 2170s
 1154869 892547 9393829.36  487   51 9398329.16 9090757.92  3.27%   6.5 2175s
 1156983 893451 9308203.22  290   77 9398329.16 9090801.46  3.27%   6.5 2180s
 1160124 896080 9354431.96  406  108 9398329.16 9090828.05  3.27%   6.5 2185s
 1162526 897722     cutoff  290      9398329.16 9090901.08  3.27%   6.5 2190s
 1164640 899175 9312270.81  435   75 9398329.16 9090936.20  3.27%   6.5 2195s
 1167816 901755     cutoff  126      9398329.16 9090985.08  3.27%   6.5 2200s
 1169941 902984 9287449.00  166   78 9398329.16 9091028.27  3.27%   6.5 2205s
 1172208 905175 9367109.06  332   67 9398329.16 9091028.27  3.27%   6.5 2210s
 1174265 906172 9148882.81  161  125 9398329.16 9091168.45  3.27%   6.5 2215s
 1176075 907982 9364555.83  265   74 9398329.16 9091168.45  3.27%   6.5 2220s
 1178238 908848 9337318.12  317   73 9398329.16 9091258.09  3.27%   6.5 2225s
 1181045 911419 9251862.83  119  130 9398329.16 9091262.92  3.27%   6.5 2230s
 1182978 912087     cutoff  330      9398329.16 9091286.79  3.27%   6.5 2235s
 1185749 914500     cutoff  285      9398329.16 9091307.14  3.27%   6.5 2240s
 1188023 915588     cutoff  608      9398329.16 9091346.65  3.27%   6.5 2245s
 1191514 919011 9369230.73  741   66 9398329.16 9091374.43  3.27%   6.5 2250s
 1194258 921755 9371986.34  980   64 9398329.16 9091374.43  3.27%   6.5 2255s
 1197149 924324 9371009.76  517  110 9398329.16 9091386.36  3.27%   6.5 2260s
 1199504 926058 9374625.81  349  108 9398329.16 9091421.51  3.27%   6.5 2265s
 1202405 928122     cutoff  320      9398329.16 9091436.98  3.27%   6.5 2270s
 1203981 929169 9372034.02   99   68 9398329.16 9091457.18  3.27%   6.5 2275s
 1206115 930924 9312661.56  484   76 9398329.16 9091478.33  3.26%   6.5 2280s
 1209350 933773 9331997.89  133  113 9398329.16 9091507.66  3.26%   6.5 2285s
 1211632 935315 9273267.05  378   89 9398329.16 9091548.62  3.26%   6.5 2290s
 1214653 937869 9372211.40  279   71 9398329.16 9091577.89  3.26%   6.5 2295s
 1217299 939513 9305776.39  522   86 9398329.16 9091609.54  3.26%   6.5 2300s
 1219668 941391 9389117.23  361   65 9398329.16 9091645.53  3.26%   6.5 2305s
 1223077 944370 9339875.88  623   74 9398329.16 9091658.58  3.26%   6.5 2310s
 1225931 946432 9392890.77  775  105 9398329.16 9091684.03  3.26%   6.5 2315s
 1229032 949285 9332290.66  278   76 9398329.16 9091715.05  3.26%   6.5 2320s
 1231318 950615 9263550.85  467   91 9398329.16 9091739.90  3.26%   6.5 2325s
 1233964 953249 9385613.21  734  103 9398329.16 9091739.90  3.26%   6.5 2330s
 1236518 954871 9228652.30  445   94 9398329.16 9091779.95  3.26%   6.5 2335s
 1239659 957546 9372358.98  327   60 9398329.16 9091797.37  3.26%   6.5 2340s
 1241697 958794 9251971.67  335  127 9398329.16 9091815.41  3.26%   6.5 2345s
 1244598 961685     cutoff  500      9398329.16 9091815.41  3.26%   6.5 2350s
 1246931 962909     cutoff  335      9398329.16 9091880.56  3.26%   6.5 2355s
 1249428 964534     cutoff  167      9398329.16 9091922.58  3.26%   6.5 2360s
 1252059 966462     cutoff  468      9398329.16 9091971.32  3.26%   6.5 2365s
 1253908 967383 9093585.38   59  129 9398329.16 9091999.46  3.26%   6.5 2370s
 1257008 970093 9371629.46  461   58 9398329.16 9092014.35  3.26%   6.5 2375s
 1259059 971496 9380291.87  104   61 9398329.16 9092025.41  3.26%   6.5 2380s
 1261701 973285 9306015.66  208  112 9398329.16 9092110.41  3.26%   6.5 2385s
 1263950 974858 9309806.35  314   80 9398329.16 9092135.91  3.26%   6.5 2390s
 1266462 976888 9333415.36  363   79 9398329.16 9092176.23  3.26%   6.5 2395s
 1269153 979059 9284835.18  308  126 9398329.16 9092226.90  3.26%   6.5 2400s
 1271533 980641 9304010.47  370   84 9398329.16 9092261.14  3.26%   6.5 2405s
 1273852 982239     cutoff  357      9398329.16 9092288.72  3.26%   6.5 2410s
 1275765 982989 9238679.24  474   93 9398329.16 9092320.03  3.26%   6.6 2415s
 1278952 986127     cutoff  762      9398329.16 9092320.03  3.26%   6.6 2420s
 1281151 987248 9262669.96  386   91 9398329.16 9092365.76  3.26%   6.6 2425s
 1284134 989921     cutoff  522      9398329.16 9092384.37  3.26%   6.6 2430s
 1286538 991511 9310793.06  408   82 9398329.16 9092467.15  3.25%   6.6 2435s
 1288667 993429     cutoff  378      9398329.16 9092468.36  3.25%   6.6 2440s
 1290819 994946 9298543.76  526   87 9398329.16 9092534.03  3.25%   6.6 2445s
 1294076 997680 9285087.24  289  121 9398329.16 9092578.29  3.25%   6.6 2450s
 1296788 999838 9289399.46  420   85 9398329.16 9092608.88  3.25%   6.6 2455s
 1299794 1002460 9382807.16  308   71 9398329.16 9092649.31  3.25%   6.6 2460s
 1301553 1003653 9249116.85   67   87 9398329.16 9092676.53  3.25%   6.6 2465s
 1305296 1007232 9393046.19  331   72 9398329.16 9092678.74  3.25%   6.6 2470s
 1307517 1008351 9251151.60  126  127 9398329.16 9092766.39  3.25%   6.6 2475s
 1310514 1011032 9354720.84  347  116 9398329.16 9092766.72  3.25%   6.6 2480s
 1312942 1012665 9379903.46  158   65 9398329.16 9092840.26  3.25%   6.6 2485s
 1315900 1015277 9318722.86  341   81 9398329.16 9092864.04  3.25%   6.6 2490s
 1319058 1017706 9349209.27  560   71 9398329.16 9092923.33  3.25%   6.6 2495s
 1321720 1019460 9388653.30  346  106 9398329.16 9092949.58  3.25%   6.6 2500s
 1324360 1021440 9297901.94  401   79 9398329.16 9092967.66  3.25%   6.6 2505s
 1327177 1023875 9270586.12  354  128 9398329.16 9092983.61  3.25%   6.6 2510s
 1328949 1024745 infeasible  127      9398329.16 9093009.63  3.25%   6.6 2515s
 1331533 1027289 9388196.51  718  102 9398329.16 9093013.35  3.25%   6.6 2520s
 1333195 1028389 9385795.20  147   68 9398329.16 9093051.63  3.25%   6.6 2525s
 1334523 1028661 9244155.74  260  128 9398329.16 9093110.22  3.25%   6.6 2530s
 1337062 1031200 9346724.15  440  102 9398329.16 9093110.22  3.25%   6.6 2535s
 1339643 1033781 9382350.25 2263   95 9398329.16 9093110.22  3.25%   6.6 2540s
 1341171 1034533 9284055.95  346  129 9398329.16 9093140.32  3.25%   6.6 2545s
 1342508 1035313 9396200.79  175  107 9398329.16 9093152.04  3.25%   6.6 2550s
 1344371 1037036 9323909.10  471   80 9398329.16 9093157.86  3.25%   6.6 2555s
 1346389 1038684 9384280.85  195   57 9398329.16 9093172.47  3.25%   6.6 2560s
 1347372 1038987 9286426.25  146   83 9398329.16 9093196.55  3.25%   6.6 2565s
 1348633 1039860 9156581.23  328  117 9398329.16 9093200.32  3.25%   6.6 2570s
 1349675 1040894 9348639.95  381  117 9398329.16 9093200.32  3.25%   6.6 2575s
 1351186 1041851 9392414.57  352   75 9398329.16 9093217.26  3.25%   6.6 2580s
 1352624 1042621 9235650.95  330  118 9398329.16 9093269.36  3.25%   6.6 2585s
 1354349 1044346 9331947.15  446  118 9398329.16 9093269.36  3.25%   6.6 2590s
 1356606 1046193 9397064.45  406  113 9398329.16 9093293.71  3.25%   6.6 2595s
 1357882 1046463 9372489.50  356   61 9398329.16 9093318.38  3.25%   6.6 2600s
 1359928 1048425 9337540.91  419   75 9398329.16 9093345.36  3.25%   6.6 2605s
 1361525 1049756 9386158.48  387   68 9398329.16 9093347.48  3.25%   6.6 2610s
 1362880 1050280     cutoff  235      9398329.16 9093375.40  3.24%   6.6 2615s
 1364357 1051415 9278052.95  129  122 9398329.16 9093396.04  3.24%   6.6 2620s
 1367105 1054163 9373749.95  379   97 9398329.16 9093396.04  3.24%   6.6 2625s
 1368912 1055970 9379758.02 1056   96 9398329.16 9093396.04  3.24%   6.6 2630s
 1370982 1058040 9380257.96 2038   93 9398329.16 9093396.04  3.24%   6.6 2635s
 1372319 1059147 9371846.37  162   61 9398329.16 9093400.38  3.24%   6.6 2640s
 1374160 1060607     cutoff  313      9398329.16 9093409.01  3.24%   6.6 2645s
 1375487 1061014 9397042.20  395   72 9398329.16 9093409.26  3.24%   6.6 2650s
 1377153 1062252 9328988.98  215  114 9398329.16 9093439.23  3.24%   6.6 2655s
 1379189 1063962     cutoff  173      9398329.16 9093439.44  3.24%   6.6 2660s
 1380700 1064813 9372430.96  387   77 9398329.16 9093471.92  3.24%   6.6 2665s
 1382513 1066046 9270540.14  583   86 9398329.16 9093520.22  3.24%   6.6 2670s
 1384939 1068466 9379708.42  810  102 9398329.16 9093520.22  3.24%   6.6 2675s
 1387002 1069479 9362006.45  348  115 9398329.16 9093546.05  3.24%   6.6 2680s
 1390098 1072120 9380026.35  736  100 9398329.16 9093549.70  3.24%   6.6 2685s
 1392366 1073301 9381888.58  157   65 9398329.16 9093571.91  3.24%   6.6 2690s
 1394417 1074918 9294723.52  623   84 9398329.16 9093578.19  3.24%   6.6 2695s
 1397221 1077170     cutoff  338      9398329.16 9093606.48  3.24%   6.6 2700s
 1400429 1079906 9356253.54  535   68 9398329.16 9093621.45  3.24%   6.6 2705s
 1402689 1081146     cutoff  330      9398329.16 9093683.56  3.24%   6.6 2710s
 1405860 1084005 9387809.60  680  100 9398329.16 9093710.09  3.24%   6.6 2715s
 1408056 1085262 9369005.13  364  109 9398329.16 9093808.14  3.24%   6.6 2720s
 1410515 1087521     cutoff  467      9398329.16 9093821.25  3.24%   6.6 2725s
 1412957 1089092 9267196.59  127  128 9398329.16 9093873.66  3.24%   6.6 2730s
 1416803 1092938 9386706.93 1100   94 9398329.16 9093873.66  3.24%   6.6 2735s
 1418949 1094556     cutoff  333      9398329.16 9093923.32  3.24%   6.6 2740s
 1421334 1096296 9308949.91  416   82 9398329.16 9093944.20  3.24%   6.6 2745s
 1423831 1098308 9109001.44   63  131 9398329.16 9093986.69  3.24%   6.6 2750s
 1426412 1100178 9286470.34  434   84 9398329.16 9094022.97  3.24%   6.6 2755s
 1429250 1102310     cutoff  328      9398329.16 9094059.68  3.24%   6.6 2760s
 1432318 1104873 9344424.62  579   72 9398329.16 9094095.99  3.24%   6.6 2765s
 1434916 1106684 9279808.12  324   90 9398329.16 9094176.01  3.24%   6.6 2770s
 1437319 1109087 9379254.74  468   68 9398329.16 9094176.01  3.24%   6.6 2775s
 1439506 1110370     cutoff  164      9398329.16 9094235.63  3.24%   6.6 2780s
 1441112 1111147 9293704.42  300  120 9398329.16 9094261.95  3.24%   6.6 2785s
 1443681 1113124 9346736.77  374   76 9398329.16 9094281.46  3.24%   6.6 2790s
 1446313 1114819 9286864.27  516   85 9398329.16 9094360.65  3.23%   6.6 2795s
 1449214 1117256 9395017.40  172   62 9398329.16 9094388.75  3.23%   6.6 2800s
 1450707 1118142 9304495.44   85  124 9398329.16 9094417.20  3.23%   6.6 2805s
 1454042 1120882     cutoff  428      9398329.16 9094437.62  3.23%   6.6 2810s
 1456120 1121858 9258974.24  334   92 9398329.16 9094515.75  3.23%   6.6 2815s
 1458764 1123868     cutoff  182      9398329.16 9094558.59  3.23%   6.6 2820s
 1460832 1125130 9287323.48  346   85 9398329.16 9094588.44  3.23%   6.6 2825s
 1463584 1127366     cutoff  396      9398329.16 9094592.94  3.23%   6.6 2830s
 1465527 1128414 9281590.57  506   85 9398329.16 9094655.07  3.23%   6.6 2835s
 1468184 1130725 9370547.12  371  112 9398329.16 9094681.25  3.23%   6.6 2840s
 1470398 1132146 9285853.13  147  121 9398329.16 9094718.21  3.23%   6.6 2845s
 1472991 1134393 9363507.62  181   64 9398329.16 9094735.36  3.23%   6.6 2850s
 1474132 1134681 9302121.31   82   78 9398329.16 9094756.28  3.23%   6.6 2855s
 1474978 1135491 9306462.11  327   68 9398329.16 9094756.28  3.23%   6.6 2860s
 1476678 1137101     cutoff  425      9398329.16 9094756.28  3.23%   6.6 2865s
 1477989 1138000 9330577.95  102   78 9398329.16 9094791.09  3.23%   6.6 2870s
 1479276 1138632 9397327.64  120  113 9398329.16 9094812.33  3.23%   6.6 2875s
 1480404 1139344 9320141.74  185   80 9398329.16 9094853.57  3.23%   6.7 2880s
 1481743 1140455     cutoff  283      9398329.16 9094853.57  3.23%   6.7 2885s
 1483362 1141296 9396089.46  148   56 9398329.16 9094874.99  3.23%   6.7 2890s
 1484490 1141810 9238932.19   77   87 9398329.16 9094910.77  3.23%   6.7 2895s
 1485979 1143299 9283566.10  128   83 9398329.16 9094910.77  3.23%   6.7 2900s
 1488564 1145884 9377589.28  299   46 9398329.16 9094910.77  3.23%   6.7 2905s
 1490264 1147224 9393209.10  150   57 9398329.16 9094921.11  3.23%   6.7 2910s
 1491521 1147659 9261807.41  360   89 9398329.16 9095054.14  3.23%   6.7 2915s
 1493766 1149802 9107633.03   64  132 9398329.16 9095076.82  3.23%   6.7 2920s
 1495288 1150610 9227288.41   76  123 9398329.16 9095160.31  3.23%   6.7 2925s
 1496396 1151718 9249608.97  137  122 9398329.16 9095160.31  3.23%   6.7 2930s
 1498397 1153719 9342412.95  222  105 9398329.16 9095160.31  3.23%   6.7 2935s
 1500480 1155390 9113459.95   71  126 9398329.16 9095228.92  3.23%   6.7 2940s
 1501740 1155685 9260730.58  360   82 9398329.16 9095254.73  3.22%   6.7 2945s
 1503292 1157099 9276806.32  135  120 9398329.16 9095275.91  3.22%   6.7 2950s
 1505545 1159352 9351187.41  241  107 9398329.16 9095275.91  3.22%   6.7 2955s
 1508174 1161825 9360241.97  108   68 9398329.16 9095291.86  3.22%   6.7 2960s
 1509571 1162481 9375083.51  189  105 9398329.16 9095329.99  3.22%   6.7 2965s
 1511501 1163842 9286710.22  219  118 9398329.16 9095391.32  3.22%   6.7 2970s
 1513845 1166071 9390186.29  399  114 9398329.16 9095424.43  3.22%   6.7 2975s
 1515099 1166858     cutoff  185      9398329.16 9095484.66  3.22%   6.7 2980s
 1516291 1167530 9247012.00   95  123 9398329.16 9095577.34  3.22%   6.7 2985s
 1518241 1169480 9327770.29  191  106 9398329.16 9095577.34  3.22%   6.7 2990s
 1520472 1171329 9099112.88   63  132 9398329.16 9095616.06  3.22%   6.7 2995s
 1521853 1172099 9386734.85  115   67 9398329.16 9095621.73  3.22%   6.7 3000s
 1523046 1172545 9162542.03  352  125 9398329.16 9095643.45  3.22%   6.7 3005s
 1524535 1173506 9395672.09  131   53 9398329.16 9095649.51  3.22%   6.7 3010s
 1525809 1174089 9290182.89  156  120 9398329.16 9095696.34  3.22%   6.7 3015s
 1527455 1175381 9283881.31  124  121 9398329.16 9095702.18  3.22%   6.7 3020s
 1530135 1177897 9327747.54   96   71 9398329.16 9095709.58  3.22%   6.7 3025s
 1531698 1178741 9302182.29  362   86 9398329.16 9095746.38  3.22%   6.7 3030s
 1533186 1179932 9290421.54  111  125 9398329.16 9095750.82  3.22%   6.7 3035s
 1535146 1181892 9364034.93  237   94 9398329.16 9095750.82  3.22%   6.7 3040s
 1536672 1182728 9254593.47  149  126 9398329.16 9095800.86  3.22%   6.7 3045s
 1538452 1184230 9323673.34  401  115 9398329.16 9095815.40  3.22%   6.7 3050s
 1541212 1186990 9379001.36  713   90 9398329.16 9095815.40  3.22%   6.7 3055s
 1543115 1188893 9380205.07 1509   91 9398329.16 9095815.40  3.22%   6.7 3060s
 1545895 1191225     cutoff  144      9398329.16 9095819.40  3.22%   6.7 3065s
 1547107 1191607 9247274.58   70   85 9398329.16 9095896.18  3.22%   6.7 3070s
 1549579 1194079 9336959.39  221   99 9398329.16 9095896.18  3.22%   6.7 3075s
 1551417 1195443 9287798.96   71   86 9398329.16 9095904.41  3.22%   6.7 3080s
 1552624 1196048 9295185.40  135   71 9398329.16 9095936.92  3.22%   6.7 3085s
 1554274 1197208 9260138.30  146   81 9398329.16 9095963.69  3.22%   6.7 3090s
 1556176 1199110 9334786.98  261   64 9398329.16 9095963.69  3.22%   6.7 3095s
 1557907 1200841 9389791.29  413   90 9398329.16 9095963.69  3.22%   6.7 3100s
 1559563 1201833 9388464.87  163   68 9398329.16 9095997.21  3.22%   6.7 3105s
 1560928 1202309 9277570.38  137  124 9398329.16 9096018.20  3.22%   6.7 3110s
 1562912 1204185 9392924.10  256  106 9398329.16 9096018.20  3.22%   6.7 3115s
 1564412 1204847 9299002.38  383   84 9398329.16 9096045.67  3.22%   6.7 3120s
 1566058 1205883 9257125.12  490   88 9398329.16 9096060.60  3.22%   6.7 3125s
 1568687 1208446 9243150.90   72   86 9398329.16 9096088.00  3.22%   6.7 3130s
 1570247 1209087 9347526.60  169   67 9398329.16 9096124.69  3.22%   6.7 3135s
 1573460 1211811 9326057.01  265  115 9398329.16 9096127.94  3.22%   6.7 3140s
 1576143 1213440 9392633.78  144  105 9398329.16 9096156.41  3.22%   6.7 3145s
 1579599 1216449 9318109.74  250  118 9398329.16 9096200.83  3.21%   6.7 3150s
 1582080 1218168 9396880.48  189   61 9398329.16 9096214.22  3.21%   6.7 3155s
 1584717 1220517 9314853.39  402  119 9398329.16 9096262.44  3.21%   6.7 3160s
 1587215 1222909 9337291.87   79   77 9398329.16 9096269.09  3.21%   6.7 3165s
 1588587 1223466     cutoff  125      9398329.16 9096284.52  3.21%   6.7 3170s
 1590054 1224339 9259948.54  109  126 9398329.16 9096309.21  3.21%   6.7 3175s
 1592832 1227117 9375787.76  259   53 9398329.16 9096309.21  3.21%   6.7 3180s
 1594155 1227794 9117574.04  510  125 9398329.16 9096324.84  3.21%   6.7 3185s
 1596295 1229752 9314858.57  435  117 9398329.16 9096331.60  3.21%   6.7 3190s
 1598077 1231454 9394489.62  605   89 9398329.16 9096331.60  3.21%   6.7 3195s
 1599634 1232289 9271898.68  516   84 9398329.16 9096355.18  3.21%   6.7 3200s
 1601255 1233456 9275446.83  133  116 9398329.16 9096379.44  3.21%   6.7 3205s
 1603984 1236159     cutoff  334      9398329.16 9096379.44  3.21%   6.7 3210s
 1605904 1237480 9388857.12  103  106 9398329.16 9096399.69  3.21%   6.7 3215s
 1607588 1238708 9358781.34  113  108 9398329.16 9096404.21  3.21%   6.7 3220s
 1609021 1239984 9336839.48  115  115 9398329.16 9096409.13  3.21%   6.7 3225s
 1611432 1242395 9379962.65  456   92 9398329.16 9096409.13  3.21%   6.7 3230s
 1614270 1244976 9382578.25  566  111 9398329.16 9096413.28  3.21%   6.6 3235s
 1615878 1245709     cutoff  243      9398329.16 9096450.18  3.21%   6.6 3240s
 1617411 1246894 9272346.28  538   88 9398329.16 9096460.43  3.21%   6.6 3245s
 1620127 1249558 9380179.23  545  106 9398329.16 9096467.16  3.21%   6.6 3250s
 1621599 1250246 9389272.87  636  111 9398329.16 9096495.74  3.21%   6.6 3255s
 1622857 1251446 9283512.27  172  110 9398329.16 9096496.01  3.21%   6.6 3260s
 1625450 1253883     cutoff  345      9398329.16 9096496.01  3.21%   6.6 3265s
 1627406 1255312 9374720.66  553   66 9398329.16 9096525.61  3.21%   6.6 3270s
 1630780 1258044 9349251.97  661   70 9398329.16 9096550.78  3.21%   6.6 3275s
 1633362 1259941 9246924.14  508   91 9398329.16 9096567.48  3.21%   6.6 3280s
 1635999 1261996 9298692.38  191  118 9398329.16 9096593.48  3.21%   6.7 3285s
 1638987 1264634 9386251.44  394   63 9398329.16 9096603.19  3.21%   6.6 3290s
 1641381 1266226 9263500.62  525   88 9398329.16 9096628.76  3.21%   6.7 3295s
 1645409 1269905 9391251.26 1342   91 9398329.16 9096628.76  3.21%   6.6 3300s
 1647748 1271841     cutoff  407      9398329.16 9096637.26  3.21%   6.6 3305s
 1649664 1272882 9237541.22   87  128 9398329.16 9096674.10  3.21%   6.7 3310s
 1653071 1276017     cutoff  133      9398329.16 9096694.09  3.21%   6.6 3315s
 1655213 1277494 9270234.66  112  119 9398329.16 9096757.52  3.21%   6.7 3320s
 1658845 1280744     cutoff  370      9398329.16 9096770.94  3.21%   6.6 3325s
 1661482 1282687 9281753.24  176  116 9398329.16 9096815.23  3.21%   6.7 3330s
 1664756 1285907 9390217.98 1029   91 9398329.16 9096815.23  3.21%   6.6 3335s
 1667362 1287407 9238855.90   98  126 9398329.16 9096905.72  3.21%   6.6 3340s
 1670974 1291019 9380778.24  285   96 9398329.16 9096905.72  3.21%   6.6 3345s
 1673302 1292168 9244266.98   73   85 9398329.16 9096979.66  3.21%   6.6 3350s
 1676640 1295506 9384355.55  519   90 9398329.16 9096979.66  3.21%   6.6 3355s
 1680489 1298862 9389667.63  176  103 9398329.16 9096987.77  3.21%   6.6 3360s
 1683247 1300965 9242275.79  127  129 9398329.16 9097128.71  3.20%   6.6 3365s
 1686209 1303927 9382433.81  303   99 9398329.16 9097128.71  3.20%   6.6 3370s
 1689058 1305748     cutoff  137      9398329.16 9097141.58  3.20%   6.6 3375s
 1692219 1308255 9375628.56  442  106 9398329.16 9097171.53  3.20%   6.6 3380s
 1694545 1309626 9303450.41   95  120 9398329.16 9097240.08  3.20%   6.6 3385s
 1696938 1311403 9269925.01  157  118 9398329.16 9097245.60  3.20%   6.6 3390s
 1700050 1314355     cutoff  312      9398329.16 9097245.60  3.20%   6.6 3395s
 1702864 1316339 9271103.85  188  122 9398329.16 9097367.32  3.20%   6.6 3400s
 1705964 1318813 9348779.96  428   72 9398329.16 9097435.79  3.20%   6.6 3405s
 1709657 1322219 9366780.79  671   66 9398329.16 9097446.26  3.20%   6.6 3410s
 1711831 1323689     cutoff  113      9398329.16 9097500.66  3.20%   6.6 3415s
 1714518 1325897 9339704.65  211  104 9398329.16 9097558.78  3.20%   6.6 3420s
 1717071 1327094 9395726.10  550   93 9398329.16 9097558.78  3.20%   6.6 3425s
 1719396 1328313 9394099.13  183   47 9398329.16 9097588.98  3.20%   6.6 3430s
 1723003 1331580 9368696.94  364  104 9398329.16 9097624.23  3.20%   6.6 3435s
 1725734 1333639     cutoff  329      9398329.16 9097669.82  3.20%   6.6 3440s
 1728520 1336029 9312714.82  178  110 9398329.16 9097679.17  3.20%   6.6 3445s
 1731923 1338942 9390121.26  619  107 9398329.16 9097696.77  3.20%   6.6 3450s
 1734194 1340791 9282899.79  142  119 9398329.16 9097728.14  3.20%   6.6 3455s
 1737740 1344030 9389464.83  574  106 9398329.16 9097741.28  3.20%   6.6 3460s
 1739896 1345567 9236984.70   79  129 9398329.16 9097760.86  3.20%   6.6 3465s
 1742914 1348566 9363319.94  253   97 9398329.16 9097760.86  3.20%   6.6 3470s
 1746191 1351200 9361897.27  131  101 9398329.16 9097787.70  3.20%   6.6 3475s
 1749261 1353526     cutoff  178      9398329.16 9097809.28  3.20%   6.6 3480s
 1752316 1356064 9347035.54  278  104 9398329.16 9097894.82  3.20%   6.6 3485s
 1754645 1357951     cutoff  366      9398329.16 9097940.50  3.20%   6.6 3490s
 1757918 1360526 9359129.90  479   72 9398329.16 9098019.26  3.20%   6.6 3495s
 1760489 1362372 9390729.88  144   59 9398329.16 9098077.38  3.19%   6.6 3500s
 1761687 1362919 9252259.36   75  128 9398329.16 9098112.65  3.19%   6.6 3505s
 1763878 1365110 9344086.14  185  111 9398329.16 9098112.65  3.19%   6.6 3510s
 1765467 1366140     cutoff  426      9398329.16 9098123.33  3.19%   6.6 3515s
 1766532 1366787 9303449.98   88   85 9398329.16 9098177.06  3.19%   6.6 3520s
 1767873 1367840 9244936.05   81   84 9398329.16 9098178.86  3.19%   6.6 3525s
 1769648 1369222 9292405.50  154  114 9398329.16 9098220.67  3.19%   6.6 3530s
 1772133 1371647     cutoff  329      9398329.16 9098220.67  3.19%   6.6 3535s
 1773715 1372167 9390958.93  129  107 9398329.16 9098297.68  3.19%   6.6 3540s
 1775311 1373160 9222485.49   76  132 9398329.16 9098384.99  3.19%   6.6 3545s
 1777652 1375455 9353995.80  288   57 9398329.16 9098384.99  3.19%   6.6 3550s
 1779347 1376767 9115077.53   72  127 9398329.16 9098439.34  3.19%   6.6 3555s
 1780951 1377722 9290912.69   93   75 9398329.16 9098513.13  3.19%   6.6 3560s
 1782497 1378929     cutoff  166      9398329.16 9098513.13  3.19%   6.6 3565s
 1784970 1381290 9319650.70  189  106 9398329.16 9098548.38  3.19%   6.6 3570s
 1787924 1384238 9395619.37  718   93 9398329.16 9098548.38  3.19%   6.6 3575s
 1789300 1384620 9383349.46  177   61 9398329.16 9098627.43  3.19%   6.6 3580s
 1791031 1385874 9284396.58  136  114 9398329.16 9098673.36  3.19%   6.6 3585s
 1793287 1388130 9351660.92  238  103 9398329.16 9098673.36  3.19%   6.6 3590s
 1795282 1389849     cutoff   95      9398329.16 9098673.91  3.19%   6.6 3595s

Cutting planes:
  RLT: 59

Explored 1796493 nodes (11898362 simplex iterations) in 3600.05 seconds (1962.66 work units)
Thread count was 1 (of 24 available processors)

Solution count 10: 9.39833e+06 9.39881e+06 9.39951e+06 ... 9.39967e+06

Time limit reached
Best objective 9.398329157122e+06, best bound 9.098713893483e+06, gap 3.1880%
