
Gurobi 11.0.3 (linux64, Java) logging started sex 19 dez 2025 14:46:00 -03

Set parameter WLSAccessID
Set parameter WLSSecret
Set parameter LicenseID to value 2566693
Academic license 2566693 - for non-commercial use only - registered to ja___@ufv.br
Set parameter NonConvex to value 2
Set parameter TimeLimit to value 3600
Set parameter LogToConsole to value 0
Set parameter MIPGap to value 4.7478399160473358e-08
Set parameter Threads to value 1
Set parameter NodefileDir to value "/home/ps12398/efpe/goalProgrammingMarcos/"
Set parameter NodefileStart to value 0.1
Gurobi Optimizer version 11.0.3 build v11.0.3rc0 (linux64)

CPU model: Intel(R) Xeon(R) CPU           X5650  @ 2.67GHz, instruction set [SSE2]
Thread count: 12 physical cores, 24 logical processors, using up to 1 threads

Academic license 2566693 - for non-commercial use only - registered to ja___@ufv.br
Optimize a model with 62245 rows, 41913 columns and 208202 nonzeros
Model fingerprint: 0xc88e4e48
Model has 149 quadratic constraints
Variable types: 20886 continuous, 21027 integer (144 binary)
Coefficient statistics:
  Matrix range     [7e-03, 6e+06]
  QMatrix range    [7e-03, 1e+05]
  QLMatrix range   [1e+00, 1e+05]
  Objective range  [1e+00, 4e+07]
  Bounds range     [1e+00, 1e+08]
  RHS range        [1e+00, 3e+06]
Presolve removed 61899 rows and 41199 columns
Presolve time: 0.08s
Presolved: 915 rows, 891 columns, 20832 nonzeros
Presolved model has 2 SOS constraint(s)
Presolved model has 144 bilinear constraint(s)

Solving non-convex MIQCP

Variable types: 470 continuous, 421 integer (146 binary)
Found heuristic solution: objective 1.123793e+07

Root relaxation: objective 7.285813e+06, 204 iterations, 0.01 seconds (0.01 work units)

    Nodes    |    Current Node    |     Objective Bounds      |     Work
 Expl Unexpl |  Obj  Depth IntInf | Incumbent    BestBd   Gap | It/Node Time

     0     0 7285812.84    0  137 1.1238e+07 7285812.84  35.2%     -    0s
H    0     0                    9524151.0722 7285812.84  23.5%     -    0s
     0     0 7772052.57    0  139 9524151.07 7772052.57  18.4%     -    0s
H    0     0                    9021064.0815 7772052.57  13.8%     -    0s
     0     0 7802545.95    0  140 9021064.08 7802545.95  13.5%     -    0s
H    0     0                    8843955.5352 7802545.95  11.8%     -    0s
     0     0 7803002.96    0  140 8843955.54 7803002.96  11.8%     -    0s
H    0     0                    8789576.1454 7803002.96  11.2%     -    0s
     0     0 7803029.82    0  141 8789576.15 7803029.82  11.2%     -    0s
     0     0 7803148.20    0  140 8789576.15 7803148.20  11.2%     -    0s
     0     2 7803173.19    0  140 8789576.15 7803173.19  11.2%     -    0s
H  136   136                    8784787.8151 7803451.28  11.2%   1.1    0s
H  202   202                    8760310.6062 7803451.28  10.9%   1.1    1s
H  376   376                    8728581.2807 7803451.28  10.6%   1.3    1s
H 1071  1071                    8727522.7886 7803451.28  10.6%   1.4    3s
H 1168  1168                    8721474.9307 7803451.28  10.5%   1.4    3s
H 1265  1265                    8716323.8350 7803451.28  10.5%   1.4    4s
H 1362  1362                    8713979.7294 7803451.28  10.4%   1.4    4s
  1617  1619 7844697.44 1565  128 8713979.73 7803451.28  10.4%   1.4    5s
H 1653  1653                    8709649.2893 7803451.28  10.4%   1.4    5s
H 1847  1847                    8709061.6268 7803451.28  10.4%   1.3    5s
H 1994  1994                    8700193.1053 7803451.28  10.3%   1.3    5s
H 2555  2427                    8689196.5110 7883960.42  9.27%   1.4    7s
H 2556  2305                    8651162.0163 7883992.25  8.87%   1.4    7s
H 2564  2196                    8642688.5065 7884787.93  8.77%   1.5    8s
H 2570  2090                    8636767.6327 8150286.42  5.63%   1.7    8s
H 2572  1988                    8622711.7539 8151074.08  5.47%   1.7    8s
  2818  2155 8193330.75  161  130 8622711.75 8187580.50  5.05%   2.1   10s
H 3787  2699                    8621426.8474 8187580.50  5.03%   3.0   11s
H 4369  2992                    8603439.2179 8187580.50  4.83%   3.8   12s
H 4991  3317                    8599645.4635 8187580.50  4.79%   4.7   12s
H 6116  3981                    8597730.5426 8187580.50  4.77%   5.3   14s
  6470  4219 8358814.25 1987  120 8597730.54 8187580.50  4.77%   6.3   15s
H 6979  4475                    8574903.4621 8187580.50  4.52%   7.6   15s
H 6982  4400                    8573913.4783 8187580.50  4.51%   7.6   15s
 10231  7589 8471703.32 1473   95 8573913.48 8187627.41  4.51%   6.9   20s
 14046 11218 8351852.53  230  127 8573913.48 8187680.12  4.50%   6.9   25s
 17683 14749 8513551.01  557  104 8573913.48 8187702.69  4.50%   6.7   30s
 21354 18374     cutoff  912      8573913.48 8187738.95  4.50%   6.8   35s
H23284 20220                    8568805.4093 8187755.49  4.45%   6.6   37s
H24739 21593                    8563292.6931 8187755.49  4.39%   6.3   38s
 25628 22474 8466655.40  329  100 8563292.69 8187778.08  4.39%   6.2   40s
H25739 22581                    8563232.1388 8187778.08  4.38%   6.2   40s
 30813 27591 8293142.05   57  133 8563232.14 8187790.23  4.38%   5.6   45s
 35666 32422 8525924.57  594   92 8563232.14 8187802.82  4.38%   5.6   50s
H35700 32274                    8556686.8359 8187802.82  4.31%   5.6   50s
H39192 34974                    8550766.1983 8187830.91  4.24%   5.5   54s
 39385 35169 8530009.52  729   95 8550766.20 8187830.91  4.24%   5.5   55s
H40192 35967                    8550641.1973 8187830.91  4.24%   5.4   55s
H40300 36075                    8550641.1836 8187830.91  4.24%   5.4   55s
 43454 39127 8355007.74  241  128 8550641.18 8187866.90  4.24%   5.2   60s
 47481 42995 8480498.39  209   70 8550641.18 8187985.25  4.24%   5.1   65s
 51611 46703 8438111.19  310  115 8550641.18 8188213.82  4.24%   5.0   70s
H52660 47686                    8550640.8758 8188233.37  4.24%   5.0   71s
H52669 47693                    8550591.5867 8188233.37  4.24%   5.0   71s
H52675 47519                    8548944.5051 8188233.37  4.22%   5.0   71s
H52677 46469                    8547442.0331 8188233.37  4.20%   5.0   71s
 55725 49322 8498553.23  510  106 8547442.03 8188316.87  4.20%   4.9   75s
H55745 49340                    8547442.0052 8188316.87  4.20%   4.9   75s
 59220 52635 8429611.90  177   78 8547442.01 8188493.64  4.20%   4.8   80s
H60754 54050                    8547434.1100 8188613.41  4.20%   4.8   81s
 63094 56185 8338567.57   86   97 8547434.11 8188658.45  4.20%   4.7   85s
H64319 57309                    8547378.5774 8188671.73  4.20%   4.7   86s
 66650 59499 8406592.92  666  105 8547378.58 8188681.01  4.20%   4.7   90s
 70720 63164 8484214.74  354  106 8547378.58 8188723.80  4.20%   4.7   95s
 74341 66445 8413082.74  209  113 8547378.58 8188791.45  4.20%   4.6  100s
H75898 67568                    8547378.5714 8188791.45  4.20%   4.5  101s
 78150 69044 8303075.45   83   98 8547378.57 8188836.78  4.19%   4.5  105s
H79836 70494                    8547242.0472 8189083.03  4.19%   4.5  108s
H80020 70677                    8547241.3134 8189083.03  4.19%   4.5  108s
 81195 71761 8458981.73  187   74 8547241.31 8189148.59  4.19%   4.5  110s
H82357 67791                    8540928.4180 8189233.78  4.12%   4.4  111s
H82667 68100                    8540928.2281 8189233.78  4.12%   4.5  112s
 84756 70189 8505425.53 1507   55 8540928.23 8189233.78  4.12%   4.6  115s
H84879 65923                    8530360.8586 8189233.78  4.00%   4.6  115s
 88568 69239 8388299.13  208  115 8530360.86 8189385.97  4.00%   4.5  120s
 92277 72620 8504213.59  439  106 8530360.86 8189499.62  4.00%   4.5  125s
 96056 75178 8301462.02   56   99 8530360.86 8189584.83  3.99%   4.6  130s
 99191 77859 8419732.61  136  119 8530360.86 8189667.75  3.99%   4.6  135s
 102771 81099 8396271.18  221  118 8530360.86 8189755.59  3.99%   4.6  140s
 106152 84048 8325039.46   83  127 8530360.86 8189910.14  3.99%   4.6  145s
 109691 87061 8416878.41  233  122 8530360.86 8190078.96  3.99%   4.6  150s
 113095 90031 8524638.08  173   76 8530360.86 8190258.19  3.99%   4.6  155s
 116454 92916 8503043.62  156   77 8530360.86 8190366.24  3.99%   4.6  160s
 119701 95812 8453056.11  235  120 8530360.86 8190453.23  3.98%   4.7  165s
 122899 98540 8511598.54  201  109 8530360.86 8190603.05  3.98%   4.7  170s
 126094 101288     cutoff  195      8530360.86 8190725.39  3.98%   4.7  175s
 129354 104101 8517219.81  511   83 8530360.86 8191039.88  3.98%   4.7  180s
 132894 107277 8448403.18  285  110 8530360.86 8191346.13  3.97%   4.7  185s
Created node file directory '/home/ps12398/efpe/goalProgrammingMarcos//grbnodes10'
 133738 107975 8312192.60  109  128 8530360.86 8191390.04  3.97%   4.7  190s
 137866 111933 8506805.67  548   61 8530360.86 8191446.83  3.97%   4.7  195s
 141337 114915 8509479.43  508   83 8530360.86 8191573.48  3.97%   4.7  200s
 145010 117647 8371926.10  149  131 8530360.86 8191886.28  3.97%   4.7  205s
 148267 120528 8410385.95  192  118 8530360.86 8192060.89  3.97%   4.7  210s
 150241 122222 8503062.46  410   57 8530360.86 8192130.60  3.97%   4.7  215s
 152486 124212 8435881.81  259  118 8530360.86 8192340.97  3.96%   4.7  220s
 156658 127369 8495000.42 1663   81 8530360.86 8192372.43  3.96%   4.8  225s
 159815 129716 8371873.11  153  126 8530360.86 8192538.86  3.96%   4.8  230s
 162695 132113 8512411.45  198  106 8530360.86 8192741.72  3.96%   4.8  235s
 164898 133923 8306532.09  146   98 8530360.86 8192879.83  3.96%   4.9  240s
 166499 135416 8474948.51  198  114 8530360.86 8192943.70  3.96%   4.9  245s
 169556 138042     cutoff  186      8530360.86 8193107.22  3.95%   4.9  250s
 172801 140948     cutoff  343      8530360.86 8193290.99  3.95%   4.9  255s
H175089 142813                    8526602.2335 8193406.37  3.91%   4.9  259s
 175727 143453 8470859.51  606   86 8526602.23 8193406.37  3.91%   4.9  260s
 180092 147083 8430473.40  301   84 8526602.23 8193476.52  3.91%   4.9  265s
 181796 148464 8440827.40  160  110 8526602.23 8193630.90  3.91%   4.9  271s
 184031 150305     cutoff  120      8526602.23 8193769.31  3.90%   4.9  275s
 187200 153005 8490480.88  458  105 8526602.23 8194041.22  3.90%   4.9  280s
 189743 154994 8315898.97  186  115 8526602.23 8194222.46  3.90%   4.9  285s
 192838 157551 8421504.02  290  115 8526602.23 8194356.79  3.90%   4.9  290s
 195412 159816 8519795.12  926   40 8526602.23 8194442.10  3.90%   4.9  296s
 197963 162226     cutoff  408      8526602.23 8194463.90  3.90%   4.9  300s
 200835 164506     cutoff  130      8526602.23 8194635.58  3.89%   4.9  305s
 203703 166893 8489253.60  289  105 8526602.23 8194744.47  3.89%   4.9  310s
 206482 169182     cutoff   87      8526602.23 8194926.82  3.89%   5.0  315s
 208990 171207 8412973.88  205  118 8526602.23 8195115.65  3.89%   5.0  320s
 210668 172598 8507156.08  440   46 8526602.23 8195192.57  3.89%   5.1  325s
 214425 174847 8497835.70  283   92 8526602.23 8195197.95  3.89%   5.0  330s
 217733 177666 8522008.75  151  110 8526602.23 8195332.83  3.89%   5.0  335s
 220391 179766     cutoff  230      8526602.23 8195442.32  3.88%   5.0  340s
 223384 182418 8483606.47  328   75 8526602.23 8195586.50  3.88%   5.0  345s
 225138 183815 8367858.18  150  118 8526602.23 8195647.47  3.88%   5.1  350s
 228033 186330 8498056.52  145  106 8526602.23 8195679.61  3.88%   5.1  355s
 230569 188394 8327934.79  106   96 8526602.23 8195723.22  3.88%   5.1  360s
 233513 190855 8317875.55  228   97 8526602.23 8195851.00  3.88%   5.1  365s
H235132 192200                    8525495.6940 8195941.99  3.87%   5.1  367s
H235229 192293                    8525068.6778 8195941.99  3.86%   5.1  368s
H235341 192403                    8525068.6406 8195941.99  3.86%   5.1  368s
 236203 193132     cutoff  267      8525068.64 8195954.94  3.86%   5.1  370s
 238928 195279 8397409.32  213  126 8525068.64 8196060.62  3.86%   5.1  375s
 241660 198011 8491981.64 1640   84 8525068.64 8196060.62  3.86%   5.1  380s
 244347 200070 8489254.90  246  114 8525068.64 8196195.92  3.86%   5.1  385s
 246939 202158 8446425.59  302  115 8525068.64 8196323.99  3.86%   5.2  390s
H247701 202833                    8524169.2448 8196344.32  3.85%   5.2  391s
H247703 202813                    8521832.3943 8196344.32  3.82%   5.2  391s
H247705 202812                    8521578.3783 8196344.32  3.82%   5.2  391s
H247709 202815                    8521456.3871 8196344.32  3.82%   5.2  391s
H247714 202820                    8521453.2701 8196344.32  3.82%   5.2  391s
H247715 202821                    8521424.2972 8196344.32  3.81%   5.2  391s
 250085 205010 8507889.13  425   62 8521424.30 8196404.20  3.81%   5.2  395s
 252613 207203 8361998.60  227  129 8521424.30 8196476.09  3.81%   5.2  401s
H253624 208025                    8521423.8716 8196524.16  3.81%   5.2  404s
 253874 208203 8481043.22  100  118 8521423.87 8196537.13  3.81%   5.2  405s
 255793 209871 8444523.11  343  126 8521423.87 8196626.95  3.81%   5.2  410s
 257636 211596 8388667.51  219   93 8521423.87 8196641.97  3.81%   5.2  415s
H258606 212427                    8518380.1806 8196641.97  3.78%   5.2  417s
H259606 213423                    8518132.8819 8196641.97  3.77%   5.2  419s
 259918 213735 8514550.96  752   79 8518132.88 8196641.97  3.77%   5.2  420s
 261460 214992 8455414.56  370  111 8518132.88 8196769.65  3.77%   5.2  425s
 263399 216654 8357595.92  235  127 8518132.88 8196875.50  3.77%   5.2  430s
 264936 217889 8498119.57  107  107 8518132.88 8197004.43  3.77%   5.2  435s
 266955 219742 8369327.26  188   85 8518132.88 8197058.49  3.77%   5.2  440s
 267452 220056     cutoff  168      8518132.88 8197119.99  3.77%   5.3  445s
 269352 221627 8359085.80  106  132 8518132.88 8197247.48  3.77%   5.3  450s
H271967 223795                    8518120.6491 8197378.07  3.77%   5.3  454s
H271972 223794                    8518053.1473 8197378.07  3.76%   5.3  454s
H271973 223795                    8518050.2296 8197378.07  3.76%   5.3  454s
H271981 223795                    8518045.4725 8197378.07  3.76%   5.3  454s
H272000 223802                    8518020.3626 8197378.07  3.76%   5.3  454s
H272013 223814                    8518019.4446 8197378.07  3.76%   5.3  454s
H272015 223816                    8517978.3194 8197378.07  3.76%   5.3  455s
H272024 223820                    8517568.0682 8197378.07  3.76%   5.3  455s
 274714 226098 8436265.97  280  121 8517568.07 8197523.03  3.76%   5.3  460s
 277310 228228 8447410.06  150   83 8517568.07 8197787.02  3.75%   5.3  465s
H277840 228549                    8517568.0413 8197907.27  3.75%   5.4  466s
 279666 230044     cutoff  262      8517568.04 8197993.59  3.75%   5.4  470s
 282363 232145 8478673.28  343  108 8517568.04 8198220.93  3.75%   5.4  475s
 284333 233757 8404777.33  318  122 8517568.04 8198314.35  3.75%   5.4  480s
 287196 235530     cutoff  264      8517568.04 8198417.07  3.75%   5.4  485s
 289465 237439 8422479.73  205  121 8517568.04 8198457.34  3.75%   5.5  490s
H290210 238180                    8516992.2484 8198457.34  3.74%   5.5  491s
H290212 238182                    8516710.7010 8198457.34  3.74%   5.5  492s
H290215 238185                    8516673.6854 8198457.34  3.74%   5.5  492s
H290219 238189                    8516654.0847 8198457.34  3.74%   5.5  492s
H290221 238191                    8516644.5415 8198457.34  3.74%   5.5  492s
H290225 238195                    8516644.4321 8198457.34  3.74%   5.5  492s
H290229 238199                    8516642.4569 8198457.34  3.74%   5.5  492s
H290232 238202                    8516636.6660 8198457.34  3.74%   5.5  492s
H290233 238203                    8516524.0815 8198457.34  3.73%   5.5  492s
H290234 238202                    8516421.6731 8198457.34  3.73%   5.5  492s
H290241 238209                    8516344.8917 8198457.34  3.73%   5.5  492s
H290249 227782                    8515160.3758 8198457.34  3.72%   5.5  492s
 291169 228704 8488708.18  259   75 8515160.38 8198457.34  3.72%   5.6  495s
H291797 229060                    8515160.3403 8198461.47  3.72%   5.6  496s
 293179 229868     cutoff  176      8515160.34 8198466.57  3.72%   5.6  500s
 295320 231261 8412081.14  309  122 8515160.34 8198572.30  3.72%   5.7  505s
 297572 233049 8463893.36  390  116 8515160.34 8198640.68  3.72%   5.7  510s
 298887 233831     cutoff  114      8515160.34 8198655.44  3.72%   5.7  515s
 299873 233927     cutoff  272      8515160.34 8198726.58  3.72%   5.7  520s
 301668 235562 8446200.74  349  118 8515160.34 8198731.60  3.72%   5.7  525s
 303387 237279 8486073.24  421   76 8515160.34 8198731.60  3.72%   5.8  530s
H304163 238053                    8515063.3784 8198731.60  3.71%   5.8  531s
H304164 238054                    8515021.4865 8198731.60  3.71%   5.8  531s
H304167 238057                    8514957.2039 8198731.60  3.71%   5.8  532s
H304170 238060                    8514949.3288 8198731.60  3.71%   5.8  532s
H304172 238062                    8514768.7884 8198731.60  3.71%   5.8  532s
H304177 238065                    8514685.1503 8198731.60  3.71%   5.8  532s
H304180 238068                    8514684.7750 8198731.60  3.71%   5.8  532s
H304188 238072                    8514676.6204 8198731.60  3.71%   5.8  532s
H304195 238078                    8514045.8177 8198731.60  3.70%   5.8  532s
H304204 238075                    8514036.2191 8198731.60  3.70%   5.8  532s
H304206 238077                    8514035.8819 8198731.60  3.70%   5.8  532s
H304230 238065                    8514035.1884 8198731.60  3.70%   5.8  532s
H304240 238067                    8513630.5210 8198731.60  3.70%   5.8  532s
 304787 238089     cutoff  320      8513630.52 8198756.09  3.70%   5.8  535s
H304874 238090                    8513630.5066 8198756.09  3.70%   5.8  535s
 306282 238983 8476660.27  103  117 8513630.51 8198779.52  3.70%   5.8  540s
 307810 239613 8357714.64  307  126 8513630.51 8198797.49  3.70%   5.8  545s
 311103 242906 8504540.38  479   67 8513630.51 8198797.49  3.70%   5.8  550s
 312158 243062     cutoff  215      8513630.51 8198812.98  3.70%   5.8  555s
 313431 243709 8388309.32  206   89 8513630.51 8198852.44  3.70%   5.8  560s
 314983 244644 8347646.26  308  126 8513630.51 8198866.68  3.70%   5.8  565s
 317210 246869 8497462.72  547   70 8513630.51 8198866.68  3.70%   5.8  570s
H317234 246891                    8513499.5073 8198866.68  3.70%   5.8  570s
H317240 246897                    8513463.9021 8198866.68  3.70%   5.8  570s
H317243 246900                    8513390.5365 8198866.68  3.69%   5.8  570s
H317244 246901                    8513385.2212 8198866.68  3.69%   5.8  570s
H317247 246904                    8513375.1723 8198866.68  3.69%   5.8  570s
H317264 246917                    8512685.4974 8198866.68  3.69%   5.8  570s
H317269 246917                    8511404.7951 8198866.68  3.67%   5.8  570s
H317510 246994                    8511404.7824 8198866.68  3.67%   5.8  572s
 318100 247030 8505201.42  293  114 8511404.78 8198873.15  3.67%   5.8  575s
 319155 247163 8506673.24  332   81 8511404.78 8198911.15  3.67%   5.9  580s
 320964 248065 8362162.70  298  129 8511404.78 8199015.66  3.67%   5.9  585s
 323819 250168     cutoff  225      8511404.78 8199087.90  3.67%   5.9  590s
 326019 251291 8407676.30  362  119 8511404.78 8199198.19  3.67%   5.9  595s
 329048 253778 8472562.53  426  108 8511404.78 8199237.33  3.67%   5.9  600s
H329907 254031                    8511395.8002 8199259.40  3.67%   6.0  602s
H329916 254030                    8511353.4159 8199259.40  3.67%   6.0  602s
H329920 254021                    8510781.3923 8199259.40  3.66%   6.0  602s
H330044 254070                    8510781.3710 8199261.00  3.66%   6.0  603s
H330045 254071                    8510761.1782 8199261.00  3.66%   6.0  603s
 330497 254186 8342361.99  231  112 8510761.18 8199274.83  3.66%   6.0  605s
 333269 256946     cutoff  516      8510761.18 8199274.83  3.66%   6.0  610s
 335093 257263     cutoff  297      8510761.18 8199408.49  3.66%   6.0  615s
 337774 259650     cutoff  334      8510761.18 8199427.80  3.66%   6.0  620s
 340151 261032 8492789.70  300  115 8510761.18 8199526.48  3.66%   6.0  625s
H342405 263110                    8510740.4218 8199546.04  3.66%   6.0  628s
H342416 263121                    8510726.5353 8199546.04  3.66%   6.0  628s
H342417 263122                    8510392.6596 8199546.04  3.65%   6.0  628s
H342438 263140                    8509539.2963 8199546.04  3.64%   6.0  628s
 343002 263706 8482791.14  470   75 8509539.30 8199546.04  3.64%   6.0  630s
H343191 263893                    8509539.2179 8199546.04  3.64%   6.0  631s
 344272 264424     cutoff  331      8509539.22 8199571.11  3.64%   6.1  635s
 346451 265389 8468111.08  218   78 8509539.22 8199642.92  3.64%   6.1  640s
 349342 267584     cutoff  240      8509539.22 8199680.68  3.64%   6.1  645s
 351072 268403 8497864.73  278   85 8509539.22 8199788.99  3.64%   6.1  650s
 354009 271110 8474549.58  467   75 8509539.22 8199801.46  3.64%   6.1  655s
H355556 272292                    8509455.8458 8199813.16  3.64%   6.1  658s
H355607 272338                    8509455.8298 8199813.16  3.64%   6.1  658s
H355625 272346                    8509328.7224 8199813.16  3.64%   6.1  658s
H355632 272345                    8509297.5957 8199813.16  3.64%   6.1  658s
H355635 272344                    8509190.6505 8199813.16  3.64%   6.1  658s
H355645 272339                    8509084.7324 8199813.16  3.63%   6.1  658s
H355650 272340                    8509078.9902 8199813.16  3.63%   6.1  658s
H355651 272339                    8509076.6516 8199813.16  3.63%   6.1  658s
 356062 272383     cutoff  309      8509076.65 8199870.54  3.63%   6.1  660s
 358145 273346 8347072.30  308  130 8509076.65 8199982.34  3.63%   6.2  665s
 360426 275387     cutoff  333      8509076.65 8200013.19  3.63%   6.2  670s
 362000 275650 infeasible  351      8509076.65 8200108.08  3.63%   6.2  675s
 364925 278166 8494637.05  503   77 8509076.65 8200202.96  3.63%   6.2  680s
 366778 279177     cutoff  262      8509076.65 8200217.53  3.63%   6.2  685s
H368010 279380                    8509073.0581 8200285.89  3.63%   6.2  688s
H368012 279382                    8509058.9167 8200300.02  3.63%   6.2  688s
H368018 279388                    8509057.4857 8200300.02  3.63%   6.2  688s
H368022 279382                    8508881.7605 8200300.02  3.63%   6.2  688s
H368167 279527                    8508881.7400 8200300.02  3.63%   6.2  688s
 368992 280354 8368201.97  258  125 8508881.74 8200300.02  3.63%   6.2  690s
 372222 283576 8496218.09  486  107 8508881.74 8200300.02  3.63%   6.2  695s
 374672 284840 8494108.25   93   72 8508881.74 8200325.89  3.63%   6.2  700s
 376712 286359 8387799.15  146  125 8508881.74 8200398.23  3.63%   6.2  705s
 379928 288995     cutoff  123      8508881.74 8200411.65  3.63%   6.2  710s
H380566 289115                    8508862.9782 8200429.56  3.62%   6.2  711s
H380580 289115                    8508851.2365 8200429.56  3.62%   6.2  711s
H380596 289113                    8508844.4634 8200429.56  3.62%   6.2  711s
H380598 289115                    8508843.5242 8200429.56  3.62%   6.2  712s
H380614 289115                    8508813.3623 8200429.56  3.62%   6.2  712s
 381934 290092 8411999.11  342  117 8508813.36 8200495.05  3.62%   6.2  715s
 384240 291519 8375769.02  245  128 8508813.36 8200614.84  3.62%   6.2  720s
 386487 292869 8393387.71  370  123 8508813.36 8200653.16  3.62%   6.2  725s
 388976 294867 8506199.61  355  116 8508813.36 8200655.36  3.62%   6.3  730s
 390844 295160 8487748.88  116   71 8508813.36 8200749.09  3.62%   6.3  735s
H392973 296794                    8508812.9966 8200764.97  3.62%   6.3  739s
H392978 296799                    8508645.1600 8200764.97  3.62%   6.3  739s
H392980 296801                    8508642.5787 8200764.97  3.62%   6.3  739s
H392981 296800                    8508633.4763 8200764.97  3.62%   6.3  739s
H392982 296801                    8508625.8499 8200764.97  3.62%   6.3  739s
H392989 296806                    8508575.0988 8200764.97  3.62%   6.3  739s
H392993 296810                    8508511.2818 8200764.97  3.62%   6.3  739s
H392996 296813                    8508487.2676 8200764.97  3.62%   6.3  739s
 393156 296975 8414400.50  422  119 8508487.27 8200764.97  3.62%   6.3  740s
 394939 298194     cutoff  373      8508487.27 8200796.21  3.62%   6.3  745s
 397246 299666 8384908.43  333  124 8508487.27 8200872.31  3.62%   6.3  750s
 399951 302351 8485427.54  395   75 8508487.27 8200872.31  3.62%   6.3  755s
 402107 303466 8430453.51  104   77 8508487.27 8200916.90  3.61%   6.4  760s
 404577 305381 8458457.79  369  111 8508487.27 8200941.26  3.61%   6.4  765s
 406292 306768     cutoff  123      8508487.27 8200967.61  3.61%   6.4  770s
 408255 307657 8482371.86  271   77 8508487.27 8201147.64  3.61%   6.4  775s
 410847 310155 8462718.39  414  112 8508487.27 8201154.06  3.61%   6.4  780s
 413420 311686 8479459.14  303   81 8508487.27 8201202.85  3.61%   6.4  785s
 415536 312515     cutoff  363      8508487.27 8201312.34  3.61%   6.4  790s
 418414 314874 8500675.03  381   77 8508487.27 8201373.20  3.61%   6.4  795s
 420153 315491     cutoff  347      8508487.27 8201435.79  3.61%   6.4  800s
 422738 317740 8472520.61  399   73 8508487.27 8201467.34  3.61%   6.5  805s
 424860 318775 8344544.96  265  132 8508487.27 8201602.25  3.61%   6.5  810s
 427010 320661 8412830.13  228  117 8508487.27 8201621.24  3.61%   6.5  815s
 430112 322937 8467866.30  113  111 8508487.27 8201659.39  3.61%   6.5  820s
 432547 324810 8437840.68  424  115 8508487.27 8201732.37  3.61%   6.4  825s
 434860 326288     cutoff  367      8508487.27 8201798.75  3.60%   6.5  830s
 437525 328305 8474787.70  382   66 8508487.27 8201834.93  3.60%   6.5  835s
 439953 329877 8329499.02  324   98 8508487.27 8201866.61  3.60%   6.5  840s
 442065 331273 8427642.35  550  119 8508487.27 8201893.97  3.60%   6.5  845s
 443340 332408 8440475.62  425   88 8508487.27 8201915.19  3.60%   6.5  850s
 444864 333403     cutoff  205      8508487.27 8201940.11  3.60%   6.5  855s
 446001 333540 8482529.08  120   67 8508487.27 8201969.27  3.60%   6.5  860s
 447641 334526 8425916.09  309   82 8508487.27 8202008.21  3.60%   6.5  865s
 449433 335891 8489449.88  193  110 8508487.27 8202060.10  3.60%   6.5  870s
 450711 336445 8209560.25  321  126 8508487.27 8202100.80  3.60%   6.5  875s
 452805 337929 8414626.34  354  116 8508487.27 8202142.31  3.60%   6.5  880s
 455236 339526 8485623.31  382  121 8508487.27 8202219.00  3.60%   6.5  885s
 457137 340591 8330078.36  140  127 8508487.27 8202297.72  3.60%   6.5  890s
 459649 343098 8500040.62  385   71 8508487.27 8202297.72  3.60%   6.5  895s
 460709 343231 8495948.89  358  114 8508487.27 8202435.02  3.60%   6.6  900s
 462231 344255     cutoff  311      8508487.27 8202497.06  3.60%   6.6  905s
 463905 345689 8422005.30  441  118 8508487.27 8202513.18  3.60%   6.6  910s
 465611 347393 8496220.34  532  108 8508487.27 8202513.18  3.60%   6.6  915s
 466849 347777 8330846.83  354   94 8508487.27 8202558.01  3.60%   6.6  920s
 468010 348038 8492388.41  363  115 8508487.27 8202637.68  3.59%   6.6  925s
 469883 349875 8430588.12  288   89 8508487.27 8202665.62  3.59%   6.6  930s
H470054 350042                    8507620.6912 8202665.62  3.58%   6.6  930s
 471367 351121     cutoff  114      8507620.69 8202715.53  3.58%   6.6  935s
 472710 351752     cutoff  164      8507620.69 8202777.42  3.58%   6.6  940s
 474621 353255 8431044.02  429   79 8507620.69 8202835.93  3.58%   6.6  945s
 475759 354211 infeasible  280      8507620.69 8202845.10  3.58%   6.6  950s
 477078 354980     cutoff  178      8507620.69 8202889.22  3.58%   6.6  955s
 478246 355202     cutoff  309      8507620.69 8202919.97  3.58%   6.6  960s
 480530 357278 8455712.97  553  110 8507620.69 8202933.99  3.58%   6.6  965s
H482489 358803                    8507611.0854 8202942.65  3.58%   6.6  968s
H482491 358803                    8507610.9025 8202942.65  3.58%   6.6  969s
H482495 358803                    8507544.1876 8202942.65  3.58%   6.6  969s
H482510 358806                    8507544.0500 8202942.65  3.58%   6.6  969s
H482522 358804                    8507539.9097 8202942.65  3.58%   6.6  969s
H482529 358803                    8507530.9296 8202942.65  3.58%   6.6  969s
H482538 358804                    8507528.8678 8202942.65  3.58%   6.6  969s
H482547 358801                    8507504.8839 8202942.65  3.58%   6.6  969s
 482748 358828 8228972.79   94  127 8507504.88 8202954.57  3.58%   6.6  970s
 484681 359573 8503562.63  390  114 8507504.88 8203005.74  3.58%   6.6  975s
 487450 362143 8457538.87  459  118 8507504.88 8203027.94  3.58%   6.7  980s
 489660 363950 8469723.47  283   80 8507504.88 8203043.22  3.58%   6.7  985s
 491541 364494 8372525.92  139  125 8507504.88 8203112.97  3.58%   6.7  990s
 493605 366205 8392372.29  353  126 8507504.88 8203116.68  3.58%   6.7  995s
H494908 367504                    8507503.7716 8203116.68  3.58%   6.7  996s
H494919 367515                    8507491.0863 8203116.68  3.58%   6.7  997s
H494922 357094                    8503373.8844 8203116.68  3.53%   6.7  997s
H495013 357185                    8503373.6111 8203116.68  3.53%   6.7  998s
 495394 357318     cutoff  371      8503373.61 8203157.64  3.53%   6.7 1000s
 496717 357905 8498538.03  261   84 8503373.61 8203261.68  3.53%   6.7 1005s
 498404 359248 8404665.24  346  124 8503373.61 8203282.98  3.53%   6.7 1010s
H500143 360965                    8503373.5629 8203282.98  3.53%   6.7 1014s
 500165 360989 8465117.12  382  111 8503373.56 8203282.98  3.53%   6.7 1015s
H501144 361868                    8503350.2127 8203282.98  3.53%   6.7 1018s
 501690 362021     cutoff  163      8503350.21 8203345.54  3.53%   6.7 1020s
 503031 362618 8357134.52  113  128 8503350.21 8203431.10  3.53%   6.7 1025s
 504755 364342 8445484.23  314  113 8503350.21 8203431.10  3.53%   6.7 1030s
 506894 365997 8422076.44  321   91 8503350.21 8203480.13  3.53%   6.7 1035s
 509157 367337 8415213.44  494  123 8503350.21 8203531.56  3.53%   6.7 1040s
H510187 368365                    8503350.1903 8203531.56  3.53%   6.7 1041s
 511544 369660     cutoff  568      8503350.19 8203531.56  3.53%   6.8 1045s
 513373 370443     cutoff  381      8503350.19 8203623.19  3.52%   6.8 1050s
 515788 371895 8424610.23  499  117 8503350.19 8203720.62  3.52%   6.8 1055s
 517852 372940 8462276.41  340   85 8503350.19 8203799.53  3.52%   6.8 1060s
 520468 375182 8461014.39  423  118 8503350.19 8203808.77  3.52%   6.8 1065s
 521866 376356 8367358.50  145   90 8503350.19 8203816.84  3.52%   6.9 1070s
H522548 376547                    8503343.9802 8203846.36  3.52%   6.9 1073s
H522551 376548                    8503339.9045 8203846.36  3.52%   6.9 1074s
H522552 376549                    8503316.9299 8203846.36  3.52%   6.9 1074s
H522602 376545                    8503316.6840 8203846.36  3.52%   6.9 1074s
H522606 376545                    8503306.5164 8203846.36  3.52%   6.9 1074s
H522614 376545                    8503299.9732 8203846.36  3.52%   6.9 1074s
H522617 376546                    8503297.0751 8203846.36  3.52%   6.9 1074s
H522621 376544                    8503286.0249 8203846.36  3.52%   6.9 1074s
 522649 376546     cutoff  247      8503286.02 8203846.36  3.52%   6.9 1075s
H522656 376543                    8503285.7921 8203846.36  3.52%   6.9 1075s
H522663 376550                    8503268.6695 8203847.01  3.52%   6.9 1075s
H522669 376556                    8503259.8179 8203847.01  3.52%   6.9 1075s
H522676 376563                    8503239.6969 8203847.01  3.52%   6.9 1075s
H522677 376564                    8503230.5212 8203847.01  3.52%   6.9 1075s
H522687 376574                    8503212.7133 8203847.01  3.52%   6.9 1075s
H522697 376584                    8503208.8267 8203847.01  3.52%   6.9 1075s
H522710 376597                    8503206.9305 8203847.01  3.52%   6.9 1075s
H522711 376598                    8503196.7894 8203847.01  3.52%   6.9 1075s
H522715 376602                    8503194.5340 8203847.01  3.52%   6.9 1075s
H522717 376604                    8501135.7039 8203847.01  3.50%   6.9 1075s
 523664 377046 8437843.36  405  126 8501135.70 8203861.90  3.50%   6.9 1080s
 525763 378879     cutoff  349      8501135.70 8203899.84  3.50%   6.9 1085s
 527756 379585 8486493.13  410  120 8501135.70 8203958.93  3.50%   6.9 1090s
 530104 381275 8441703.69  461  111 8501135.70 8203984.48  3.50%   6.9 1095s
 531521 382176 8501069.91  386  117 8501135.70 8204057.36  3.49%   6.9 1101s
 533016 382985 8476699.26  162   81 8501135.70 8204111.44  3.49%   6.9 1105s
 535180 384783 8463943.97  418  114 8501135.70 8204112.14  3.49%   7.0 1110s
 537322 386369 8386133.56  218  124 8501135.70 8204144.47  3.49%   7.0 1115s
 538586 387087 8474376.18  351   82 8501135.70 8204158.77  3.49%   7.0 1120s
 541100 389009 8479419.79  714   74 8501135.70 8204189.42  3.49%   7.0 1125s
 543163 389730     cutoff  366      8501135.70 8204244.96  3.49%   7.0 1130s
 545486 391509 8449864.60  399   70 8501135.70 8204286.97  3.49%   7.0 1135s
 548038 393273     cutoff  434      8501135.70 8204297.40  3.49%   7.0 1140s
 549752 393525 8490512.46  159  116 8501135.70 8204374.14  3.49%   7.0 1145s
 552547 395949     cutoff  256      8501135.70 8204380.66  3.49%   7.0 1150s
 554745 397028 8443693.91  249  116 8501135.70 8204413.43  3.49%   7.0 1155s
 557265 399506 8492895.44  375   70 8501135.70 8204414.22  3.49%   7.0 1160s
 559115 400008 8436320.35   99  118 8501135.70 8204531.85  3.49%   7.0 1165s
 561401 401886 8466064.39  491  110 8501135.70 8204543.71  3.49%   7.0 1170s
 563331 402726 8376007.83  164  127 8501135.70 8204619.28  3.49%   7.0 1175s
 565857 404676 8362870.87  345  132 8501135.70 8204676.52  3.49%   7.0 1180s
 568155 406906     cutoff  560      8501135.70 8204676.52  3.49%   7.1 1185s
 569842 407143 8485058.68  265   76 8501135.70 8204743.17  3.49%   7.1 1190s
 572352 409074 8456564.55  338  107 8501135.70 8204828.54  3.49%   7.1 1195s
 574147 410269 8484405.30  357   71 8501135.70 8204845.29  3.49%   7.1 1200s
 576177 411007 8390592.45  183   95 8501135.70 8204914.75  3.48%   7.1 1205s
 578437 412743 8384667.00  329  130 8501135.70 8204917.01  3.48%   7.2 1210s
 580173 413325     cutoff  119      8501135.70 8204959.79  3.48%   7.2 1215s
 582707 415381 8460360.58  500  113 8501135.70 8205013.17  3.48%   7.2 1220s
 585093 416950 8434178.99   92  126 8501135.70 8205042.46  3.48%   7.2 1225s
 586712 417332 8494808.64  427  117 8501135.70 8205080.09  3.48%   7.2 1230s
 588898 419367 8487096.60  509  103 8501135.70 8205084.77  3.48%   7.2 1235s
 590992 420339     cutoff  361      8501135.70 8205137.88  3.48%   7.2 1240s
 593947 422736 8458434.28  452  115 8501135.70 8205159.69  3.48%   7.2 1245s
 595932 423503 8485925.25  359   78 8501135.70 8205201.24  3.48%   7.2 1250s
 597706 424258 8343311.95  346   96 8501135.70 8205276.55  3.48%   7.2 1255s
 600574 426839 8479083.69  415  119 8501135.70 8205283.91  3.48%   7.2 1260s
 602461 427501     cutoff  147      8501135.70 8205327.73  3.48%   7.2 1265s
 605260 430060 8484368.86  551  109 8501135.70 8205330.75  3.48%   7.2 1270s
 606948 430510     cutoff  439      8501135.70 8205416.00  3.48%   7.2 1275s
 609321 432597 8479851.90  625  107 8501135.70 8205423.70  3.48%   7.2 1280s
 611640 434064 8468838.68  408  121 8501135.70 8205479.43  3.48%   7.2 1285s
 613086 434381     cutoff  436      8501135.70 8205518.71  3.48%   7.2 1290s
 615806 436963 8480474.47  172   79 8501135.70 8205519.98  3.48%   7.2 1295s
 617722 437848 8487324.90  438  115 8501135.70 8205584.08  3.48%   7.2 1300s
 620529 439857 8430317.32  132   84 8501135.70 8205623.34  3.48%   7.2 1305s
 622132 440458 8468815.55  436  120 8501135.70 8205665.60  3.48%   7.3 1310s
 624205 441783 8389638.85  172  121 8501135.70 8205688.17  3.48%   7.3 1315s
 626261 443673     cutoff  427      8501135.70 8205695.84  3.48%   7.2 1320s
 627205 443773 8483570.04  181   71 8501135.70 8205717.98  3.48%   7.3 1325s
 628260 444058 8452797.95  143  126 8501135.70 8205782.32  3.47%   7.3 1330s
 629594 444772 8351385.01  373  132 8501135.70 8205850.26  3.47%   7.3 1335s
 632057 447235 8467715.35  458  114 8501135.70 8205850.26  3.47%   7.3 1340s
 633346 447960     cutoff  427      8501135.70 8205934.74  3.47%   7.3 1345s
 634698 448594 8335934.09  140   97 8501135.70 8205965.57  3.47%   7.3 1350s
 636474 450370 8452564.35  412   79 8501135.70 8205965.57  3.47%   7.3 1355s
 638197 451452 8494943.66  327   69 8501135.70 8205979.68  3.47%   7.3 1360s
 640424 452817 8417535.33  190  111 8501135.70 8206036.51  3.47%   7.3 1365s
 642427 454502 8493501.76  102   83 8501135.70 8206038.63  3.47%   7.3 1370s
 643933 454891 8451560.70  146   75 8501135.70 8206078.27  3.47%   7.3 1375s
 646539 457171 8467768.72  538  116 8501135.70 8206082.96  3.47%   7.3 1380s
 648254 457884 8448494.73  109  112 8501135.70 8206102.15  3.47%   7.3 1385s
 650898 459805 8476648.56  499  107 8501135.70 8206247.16  3.47%   7.3 1390s
 652879 460654     cutoff  165      8501135.70 8206290.43  3.47%   7.3 1395s
 655283 462758 8429273.63  351  119 8501135.70 8206296.66  3.47%   7.3 1400s
 657524 464504     cutoff  452      8501135.70 8206312.87  3.47%   7.3 1405s
 659236 465364 8215183.20  137  134 8501135.70 8206367.09  3.47%   7.3 1410s
 661753 467599 8483716.89  427   71 8501135.70 8206398.02  3.47%   7.3 1415s
 664293 469467 8487654.33  153  113 8501135.70 8206457.73  3.47%   7.3 1420s
 666799 471219 8441906.42  481   81 8501135.70 8206474.60  3.47%   7.3 1425s
 668865 473051 8495782.61  507   72 8501135.70 8206474.60  3.47%   7.3 1430s
 670479 473406     cutoff  437      8501135.70 8206590.84  3.46%   7.4 1435s
 672213 474773 8375087.97  161  125 8501135.70 8206636.76  3.46%   7.4 1440s
 674909 477343 8468945.46  281   80 8501135.70 8206639.70  3.46%   7.3 1445s
 676804 477846     cutoff  436      8501135.70 8206713.32  3.46%   7.3 1450s
 679502 479772 8487440.44  469  115 8501135.70 8206799.69  3.46%   7.3 1455s
 681797 481129 8404331.81  356  121 8501135.70 8206897.37  3.46%   7.3 1460s
 684378 483260 8393658.32  117  129 8501135.70 8206911.62  3.46%   7.3 1466s
 685581 483849 8220486.43  410  125 8501135.70 8206926.44  3.46%   7.3 1470s
 687596 484656 8403050.04  180   81 8501135.70 8206977.02  3.46%   7.3 1475s
 689902 485929     cutoff  140      8501135.70 8207017.14  3.46%   7.4 1480s
 692372 488079 8376389.20  419   93 8501135.70 8207050.91  3.46%   7.4 1485s
 694524 489199 8489461.67  476  116 8501135.70 8207204.13  3.46%   7.4 1490s
 697385 492038 8489133.89  417   74 8501135.70 8207210.64  3.46%   7.4 1495s
 699175 492778     cutoff  535      8501135.70 8207265.22  3.46%   7.4 1500s
 701748 494425 8407986.41  528  120 8501135.70 8207315.40  3.46%   7.4 1505s
 703124 495795 8461704.11  558   77 8501135.70 8207315.40  3.46%   7.3 1510s
 704686 496639     cutoff  141      8501135.70 8207405.27  3.46%   7.4 1515s
 706795 497927 8379257.42  276  124 8501135.70 8207453.15  3.45%   7.4 1520s
 709399 499977 8477372.06  455  121 8501135.70 8207485.81  3.45%   7.4 1525s
 711432 500682 8364393.72  126  121 8501135.70 8207539.59  3.45%   7.4 1530s
 713969 502907 8463258.22  474   84 8501135.70 8207545.59  3.45%   7.4 1535s
 715875 503618 8490309.34  139  112 8501135.70 8207652.11  3.45%   7.4 1540s
 718107 505746 8474656.78  557  118 8501135.70 8207652.94  3.45%   7.4 1545s
 718979 506618 8486579.65  566  117 8501135.70 8207652.94  3.45%   7.4 1550s
H719535 506858                    8500842.4384 8207677.69  3.45%   7.4 1552s
 719991 507010 8399273.76  281  131 8500842.44 8207700.49  3.45%   7.4 1555s
 721126 507569     cutoff  105      8500842.44 8207739.46  3.45%   7.4 1560s
 724022 510085 8484339.29  322  112 8500842.44 8207812.28  3.45%   7.4 1565s
 725881 511082 8484265.33  180   68 8500842.44 8207861.01  3.45%   7.4 1570s
 728044 511869 8346165.96  122  129 8500842.44 8207903.64  3.45%   7.4 1575s
 731272 514931     cutoff  190      8500842.44 8207924.07  3.45%   7.4 1580s
 732980 515271 8458312.66  289   83 8500842.44 8208035.86  3.44%   7.5 1585s
 735625 517672 8458106.73  576   78 8500842.44 8208056.29  3.44%   7.4 1590s
 738090 519413 8479570.95  206   68 8500842.44 8208147.65  3.44%   7.4 1595s
 740147 520380 8480152.08  462  121 8500842.44 8208301.66  3.44%   7.4 1600s
 742866 522857 8467553.52  564  117 8500842.44 8208338.21  3.44%   7.4 1605s
 744278 523736     cutoff  149      8500842.44 8208357.29  3.44%   7.5 1610s
 746026 524090     cutoff  326      8500842.44 8208405.90  3.44%   7.5 1615s
 748750 526295 8487064.86  153   70 8500842.44 8208483.02  3.44%   7.5 1620s
 750538 526759 8486638.80  477  118 8500842.44 8208596.26  3.44%   7.5 1625s
 752938 529013 8456941.50  567   81 8500842.44 8208610.37  3.44%   7.5 1630s
 755202 530674 8488378.40  174  112 8500842.44 8208626.17  3.44%   7.5 1635s
 757480 532004 8398262.64  504   85 8500842.44 8208752.47  3.44%   7.5 1640s
 759988 533908 8222605.22  444  127 8500842.44 8208828.24  3.44%   7.5 1645s
 762266 535492 8425505.39  235  117 8500842.44 8208940.10  3.43%   7.5 1650s
 764724 537024 8449033.37  318   79 8500842.44 8209104.98  3.43%   7.5 1656s
 766548 538031 8382314.98  191  119 8500842.44 8209143.11  3.43%   7.5 1660s
 769509 540658     cutoff  396      8500842.44 8209226.60  3.43%   7.5 1665s
 771276 541415 8462593.62  309   72 8500842.44 8209384.57  3.43%   7.5 1670s
 773918 543435 8482483.12  628  112 8500842.44 8209390.71  3.43%   7.5 1675s
 776033 543884 8456845.70  143   69 8500842.44 8209572.26  3.43%   7.5 1680s
 779043 546644     cutoff  155      8500842.44 8209691.66  3.42%   7.5 1685s
 781212 547507 8382191.57  373  129 8500842.44 8209899.99  3.42%   7.5 1690s
 783510 549749 8487734.42  484   74 8500842.44 8209899.99  3.42%   7.5 1695s
H784086 539486                    8493289.3573 8209951.55  3.34%   7.5 1697s
H784851 539924                    8493289.2959 8209985.00  3.34%   7.5 1699s
 785190 540043     cutoff  344      8493289.30 8210034.91  3.34%   7.5 1700s
 788014 542287 8462642.45  494  119 8493289.30 8210143.22  3.33%   7.5 1705s
 789630 543439 8396347.96  156  124 8493289.30 8210192.08  3.33%   7.5 1710s
 791713 544291 8487193.55  378  110 8493289.30 8210239.51  3.33%   7.5 1715s
 794232 545992 8481060.83  174   76 8493289.30 8210362.60  3.33%   7.5 1720s
 796310 547224 8392899.14  206  123 8493289.30 8210469.78  3.33%   7.5 1725s
H797273 548185                    8493289.2883 8210469.78  3.33%   7.5 1727s
 798270 549016 8466088.44  154   72 8493289.29 8210471.59  3.33%   7.5 1730s
 800279 550097     cutoff  114      8493289.29 8210495.21  3.33%   7.5 1735s
 803045 552333 8479960.34  540   64 8493289.29 8210537.58  3.33%   7.5 1740s
 804853 552715     cutoff  158      8493289.29 8210621.46  3.33%   7.5 1745s
 807653 555161 8445589.97  505   78 8493289.29 8210631.33  3.33%   7.5 1750s
 809742 556483     cutoff  158      8493289.29 8210666.30  3.33%   7.5 1755s
 811461 556986 8366589.67  141  126 8493289.29 8210706.38  3.33%   7.5 1760s
 813987 559288     cutoff  429      8493289.29 8210708.18  3.33%   7.5 1765s
 815662 559661 8361107.31  156  126 8493289.29 8210798.22  3.33%   7.5 1770s
 817686 561133 8474918.83  161   76 8493289.29 8210806.37  3.33%   7.5 1775s
 819247 561344 8461340.55  165   76 8493289.29 8210888.14  3.32%   7.6 1780s
 821822 563597 8451141.11  291   78 8493289.29 8210918.58  3.32%   7.6 1785s
 824033 564802 8467726.05  164   71 8493289.29 8211033.67  3.32%   7.6 1790s
 826301 566379 8410462.23  490  118 8493289.29 8211136.71  3.32%   7.6 1795s
 828794 568536 8492010.36  351   75 8493289.29 8211149.76  3.32%   7.6 1800s
 830500 568738 8473966.70  129   73 8493289.29 8211211.47  3.32%   7.6 1805s
 832537 569675 8381198.77  170  123 8493289.29 8211251.37  3.32%   7.6 1810s
 834397 570949 8435936.07  162   78 8493289.29 8211280.94  3.32%   7.6 1815s
 836178 571632 8458624.44  493   82 8493289.29 8211372.92  3.32%   7.6 1820s
 838827 573897     cutoff  428      8493289.29 8211380.33  3.32%   7.6 1825s
H839679 574027                    8493289.0344 8211395.03  3.32%   7.6 1827s
 840430 574268     cutoff  179      8493289.03 8211433.01  3.32%   7.6 1830s
 842847 576334 8396421.25  399  126 8493289.03 8211447.27  3.32%   7.6 1835s
 844667 576722 8468391.14  165   79 8493289.03 8211501.32  3.32%   7.6 1840s
 847499 579317 8459376.41  442   82 8493289.03 8211566.03  3.32%   7.6 1845s
 849351 579808 8476924.29  172   76 8493289.03 8211616.35  3.32%   7.6 1850s
 851447 581311 8409898.30  522   89 8493289.03 8211646.00  3.32%   7.6 1855s
 853640 582836 8474369.66  134   70 8493289.03 8211668.91  3.32%   7.6 1860s
 855418 583722 8479849.79  494   79 8493289.03 8211680.20  3.32%   7.6 1865s
 857933 585643 8462550.14  555   87 8493289.03 8211696.73  3.32%   7.6 1870s
 859813 586495     cutoff  164      8493289.03 8211729.01  3.32%   7.6 1875s
 862280 588542 8480513.48  318  110 8493289.03 8211757.62  3.31%   7.6 1880s
 864282 589464 8421179.32  152   72 8493289.03 8211784.66  3.31%   7.7 1885s
 866221 590855 8391256.40  191  122 8493289.03 8211817.59  3.31%   7.7 1890s
 868376 592402     cutoff  586      8493289.03 8211828.37  3.31%   7.7 1895s
 870291 593107     cutoff  513      8493289.03 8211858.28  3.31%   7.7 1900s
 873092 595520 8476461.98  176  108 8493289.03 8211863.35  3.31%   7.7 1905s
 874960 596132 8396326.17  490  124 8493289.03 8211883.22  3.31%   7.7 1910s
 877708 598730 8479381.21  495   78 8493289.03 8211886.11  3.31%   7.7 1915s
 879432 599114 8481902.69  158   69 8493289.03 8211905.75  3.31%   7.7 1920s
 881715 601301 8473069.64  368  106 8493289.03 8211908.84  3.31%   7.7 1925s
 883598 602006     cutoff  149      8493289.03 8211925.77  3.31%   7.7 1930s
 885850 603680 8426948.36  562   81 8493289.03 8211941.80  3.31%   7.7 1935s
 887962 605626     cutoff  220      8493289.03 8211943.24  3.31%   7.7 1940s
 889942 606452 8453464.99  144   74 8493289.03 8211971.51  3.31%   7.7 1945s
 892382 608246 8462773.55  417  112 8493289.03 8211998.98  3.31%   7.7 1950s
 893968 608724     cutoff  185      8493289.03 8212037.52  3.31%   7.7 1955s
 895996 609642 8488663.17  140   75 8493289.03 8212053.74  3.31%   7.7 1960s
 898257 611473     cutoff  520      8493289.03 8212060.90  3.31%   7.7 1965s
 900148 611974     cutoff  182      8493289.03 8212099.08  3.31%   7.7 1970s
 902665 614105     cutoff  127      8493289.03 8212111.47  3.31%   7.7 1975s
 904291 614594 8485623.13  153   65 8493289.03 8212176.77  3.31%   7.7 1980s
 906748 616301 8474999.69  573   72 8493289.03 8212197.17  3.31%   7.7 1985s
 908488 616601 8410155.33  146  118 8493289.03 8212390.57  3.31%   7.7 1990s
 911251 618927 8489697.28  138   64 8493289.03 8212410.96  3.31%   7.7 1995s
 913279 619869     cutoff  165      8493289.03 8212551.80  3.31%   7.7 2000s
H914625 621057                    8493288.1605 8212576.42  3.31%   7.7 2002s
 915734 622054     cutoff  545      8493288.16 8212576.42  3.31%   7.7 2005s
 917380 622886 8492017.74  197  115 8493288.16 8212634.48  3.30%   7.8 2010s
 919552 624193 8429737.02  294   81 8493288.16 8212740.42  3.30%   7.8 2015s
 921776 625402 8229100.59  123  132 8493288.16 8212851.47  3.30%   7.8 2020s
 923872 626901 8402045.62  213  117 8493288.16 8212877.44  3.30%   7.8 2025s
 926279 628719 8398202.97  494   88 8493288.16 8212894.80  3.30%   7.8 2030s
H927013 629065                    8493244.4631 8212900.87  3.30%   7.8 2031s
 928132 629654     cutoff  521      8493244.46 8212918.33  3.30%   7.8 2035s
 930720 632010 8480115.84  554  116 8493244.46 8212928.69  3.30%   7.8 2040s
 932661 632797 8364933.60  506   92 8493244.46 8212979.02  3.30%   7.8 2045s
 934972 635100 8490435.15  665  116 8493244.46 8212979.02  3.30%   7.8 2050s
 936843 635625 8476416.25  524   83 8493244.46 8213002.91  3.30%   7.8 2055s
 939394 637978     cutoff  616      8493244.46 8213027.95  3.30%   7.8 2060s
 941088 638220     cutoff  228      8493244.46 8213041.31  3.30%   7.8 2065s
 944212 641218 8464509.47  606   81 8493244.46 8213050.30  3.30%   7.8 2070s
 946460 642361 8395409.81  527   83 8493244.46 8213080.60  3.30%   7.8 2075s
 948482 643779 8453866.37  621   71 8493244.46 8213089.52  3.30%   7.8 2080s
 950558 644993 8420997.87  389   84 8493244.46 8213115.55  3.30%   7.8 2085s
 952737 646364 8421025.41  470  123 8493244.46 8213125.72  3.30%   7.8 2090s
 954677 647350     cutoff  528      8493244.46 8213144.27  3.30%   7.8 2095s
 956621 648324 8354692.13  372  123 8493244.46 8213208.89  3.30%   7.8 2100s
 958868 650557 8481874.32  500   68 8493244.46 8213208.89  3.30%   7.8 2105s
 960819 651000 8470780.95  187   68 8493244.46 8213313.47  3.30%   7.8 2110s
 963020 652400 8424358.18  180   84 8493244.46 8213340.27  3.30%   7.8 2115s
 964800 653616     cutoff  160      8493244.46 8213354.43  3.30%   7.8 2120s
 966328 653828 8483660.01  173   76 8493244.46 8213402.81  3.29%   7.8 2125s
 968741 655826     cutoff  523      8493244.46 8213445.14  3.29%   7.8 2130s
 970495 656100     cutoff  166      8493244.46 8213618.58  3.29%   7.8 2135s
 973030 658362     cutoff  310      8493244.46 8213646.19  3.29%   7.8 2140s
 975054 659634 8484890.90  503   72 8493244.46 8213858.78  3.29%   7.8 2145s
 977726 661884 8471179.29  352  109 8493244.46 8213891.07  3.29%   7.8 2150s
 979616 662454 8491669.76  149   80 8493244.46 8214046.90  3.29%   7.8 2155s
 981652 664036     cutoff  153      8493244.46 8214071.40  3.29%   7.8 2160s
 983655 664844 8484907.71  198   65 8493244.46 8214119.14  3.29%   7.9 2165s
 986278 667041 8468320.88  310   75 8493244.46 8214132.74  3.29%   7.9 2170s
 988038 667711 8470515.83  416   78 8493244.46 8214174.57  3.29%   7.9 2175s
 989956 668789 8372358.91  128  126 8493244.46 8214205.57  3.29%   7.9 2180s
 992638 671324     cutoff  189      8493244.46 8214211.35  3.29%   7.9 2185s
 994439 671882     cutoff  162      8493244.46 8214277.86  3.28%   7.9 2190s
 996956 673745 8433946.07  327   83 8493244.46 8214321.03  3.28%   7.9 2195s
 999397 675298 8478370.81  138   85 8493244.46 8214362.30  3.28%   7.9 2200s
 1000461 675696 8458041.92  149   88 8493244.46 8214414.00  3.28%   7.9 2205s
 1001963 677116 8463331.48  365   77 8493244.46 8214414.77  3.28%   7.9 2210s
 1003069 677198 8483747.32  421   80 8493244.46 8214441.02  3.28%   7.9 2215s
 1004229 677376 8489186.81  163  117 8493244.46 8214567.93  3.28%   7.9 2220s
 1006081 679210 8462846.30  262   74 8493244.46 8214573.13  3.28%   7.9 2225s
 1007439 680120 8473015.83  158   82 8493244.46 8214593.20  3.28%   7.9 2230s
 1008383 680338     cutoff  172      8493244.46 8214640.57  3.28%   7.9 2235s
 1009615 680664 8409757.86  555   87 8493244.46 8214681.60  3.28%   7.9 2240s
 1011513 682556 8464792.07  647   79 8493244.46 8214681.60  3.28%   7.9 2245s
 1012646 683043 8362583.80  520   92 8493244.46 8214727.17  3.28%   7.9 2250s
 1014033 683764     cutoff  392      8493244.46 8214733.66  3.28%   7.9 2255s
 1015197 684248 8348215.67  144  133 8493244.46 8214776.15  3.28%   7.9 2260s
 1016630 685681 8426631.83  381  120 8493244.46 8214776.15  3.28%   7.9 2265s
 1017785 686286     cutoff  101      8493244.46 8214786.91  3.28%   7.9 2270s
 1019067 686829     cutoff  160      8493244.46 8214812.58  3.28%   7.9 2275s
 1020823 688073 8427246.89  590   80 8493244.46 8214863.22  3.28%   7.9 2280s
 1022457 689375     cutoff  153      8493244.46 8214876.77  3.28%   7.9 2285s
 1024081 689806 8431895.71  424  126 8493244.46 8214936.85  3.28%   7.9 2290s
 1026114 691121 8417478.25  180   79 8493244.46 8214972.73  3.28%   7.9 2295s
 1028416 692623     cutoff  167      8493244.46 8215015.15  3.28%   7.9 2300s
 1030480 693125 8381963.82  445  124 8493244.46 8215189.73  3.27%   7.9 2305s
 1032828 695330     cutoff  568      8493244.46 8215189.73  3.27%   7.9 2310s
 1034493 695733 8234359.98  119  133 8493244.46 8215283.52  3.27%   7.9 2315s
 1037382 698382 8488406.12  439   66 8493244.46 8215292.17  3.27%   7.9 2320s
 1039151 699210     cutoff  151      8493244.46 8215340.99  3.27%   7.9 2325s
 1041321 700489 8406533.88  433  127 8493244.46 8215375.46  3.27%   7.9 2330s
 1043570 702252 8466656.78  436   79 8493244.46 8215444.55  3.27%   7.9 2335s
 1045435 703202 8451368.55  235  118 8493244.46 8215503.16  3.27%   7.9 2340s
 1047612 704446 8442712.36  182   85 8493244.46 8215547.68  3.27%   7.9 2345s
 1049270 705422 8474125.84   99   79 8493244.46 8215571.25  3.27%   7.9 2350s
 1050891 705823 8473264.63  579  119 8493244.46 8215681.77  3.27%   7.9 2355s
 1053126 707954 8476230.35  593   81 8493244.46 8215707.24  3.27%   7.9 2360s
 1054303 708506 8489072.92  556  118 8493244.46 8215737.64  3.27%   7.9 2365s
 1055464 708869     cutoff  582      8493244.46 8215741.39  3.27%   7.9 2370s
 1057031 710104 8453658.77  266   81 8493244.46 8215745.97  3.27%   7.9 2375s
 1058188 710649 8485379.26  395   72 8493244.46 8215773.21  3.27%   7.9 2380s
 1059669 711552 8402907.37  584  125 8493244.46 8215784.71  3.27%   7.9 2385s
 1061177 713059 8469684.77  632   76 8493244.46 8215784.71  3.27%   7.9 2390s
 1062435 713801 8391226.86  139   91 8493244.46 8215801.90  3.27%   7.9 2395s
 1063519 713995     cutoff  547      8493244.46 8215825.41  3.27%   8.0 2400s
 1065246 715578 8441143.36  206   77 8493244.46 8215827.89  3.27%   8.0 2405s
 1066579 716803 8388815.91  142  127 8493244.46 8215832.26  3.27%   8.0 2410s
 1068018 717696 infeasible  466      8493244.46 8215835.54  3.27%   8.0 2415s
 1068912 717856     cutoff  562      8493244.46 8215894.80  3.27%   8.0 2420s
 1070621 719521 8453105.77  464   81 8493244.46 8215906.66  3.27%   7.9 2425s
 1072237 720763     cutoff  145      8493244.46 8215940.05  3.26%   7.9 2430s
 1073305 721218     cutoff  219      8493244.46 8215952.10  3.26%   8.0 2435s
 1074780 722183 8436826.07  370  115 8493244.46 8215966.69  3.26%   8.0 2440s
 1076415 723234     cutoff  452      8493244.46 8215979.29  3.26%   8.0 2445s
 1078225 723836     cutoff  570      8493244.46 8216024.21  3.26%   8.0 2450s
 1080503 725806 8487405.11  169   72 8493244.46 8216031.84  3.26%   8.0 2455s
 1082338 726561     cutoff  237      8493244.46 8216050.54  3.26%   8.0 2460s
 1084414 728045 8461656.64  625   77 8493244.46 8216074.14  3.26%   8.0 2465s
 1086395 729264 8428909.25  165   78 8493244.46 8216097.83  3.26%   8.0 2470s
 1088261 729816     cutoff  165      8493244.46 8216158.03  3.26%   8.0 2475s
 1091234 732769 8480138.47  508  116 8493244.46 8216162.71  3.26%   8.0 2480s
 1092554 733133     cutoff  146      8493244.46 8216232.48  3.26%   8.0 2485s
 1095007 735058 8473372.32  674   76 8493244.46 8216315.96  3.26%   8.0 2490s
 1096751 735680 8459710.44  139   75 8493244.46 8216357.18  3.26%   8.0 2495s
 1098530 737385 8445509.51  208   80 8493244.46 8216371.60  3.26%   8.0 2500s
 1099990 738349 8479800.85  572   84 8493244.46 8216389.89  3.26%   8.0 2505s
 1101222 738803     cutoff  211      8493244.46 8216427.02  3.26%   8.0 2510s
 1103000 740321 8442338.38  623   81 8493244.46 8216443.70  3.26%   8.0 2515s
 1104486 741555     cutoff  159      8493244.46 8216448.98  3.26%   8.0 2520s
 1105512 742038 8428856.47  580   82 8493244.46 8216456.58  3.26%   8.0 2525s
 1106746 742500     cutoff  418      8493244.46 8216491.88  3.26%   8.0 2530s
 1108433 743953 8460060.60  657   72 8493244.46 8216523.30  3.26%   8.0 2535s
 1109611 744395     cutoff  177      8493244.46 8216549.76  3.26%   8.0 2540s
 1110720 745137     cutoff  186      8493244.46 8216601.03  3.26%   8.0 2545s
 1112391 746482 8458899.15  517   68 8493244.46 8216628.63  3.26%   8.0 2551s
 1113433 747098 8488562.25  474   79 8493244.46 8216719.40  3.26%   8.0 2555s
 1114806 747767 8381859.28  120  118 8493244.46 8216768.12  3.26%   8.0 2560s
 1116121 748540 8365319.98  145   92 8493244.46 8216800.99  3.25%   8.0 2565s
 1118066 750485 8479245.15  279   69 8493244.46 8216800.99  3.25%   8.0 2570s
 1119660 751531 8442480.53  219   76 8493244.46 8216892.67  3.25%   8.0 2575s
 1120690 751652 8477638.59  481   80 8493244.46 8216922.91  3.25%   8.0 2580s
 1121958 752229 8402328.22  203   75 8493244.46 8216958.97  3.25%   8.0 2585s
 1123676 753865     cutoff  316      8493244.46 8216958.97  3.25%   8.0 2590s
 1124795 754145 8490768.26  242   66 8493244.46 8217029.20  3.25%   8.0 2595s
 1126113 754845 8411569.41  278   89 8493244.46 8217092.51  3.25%   8.0 2600s
 1127726 756320 8364248.30  116   92 8493244.46 8217093.67  3.25%   8.0 2605s
 1128800 756678 8478663.93  142   74 8493244.46 8217125.76  3.25%   8.0 2610s
H1129647 756805                    8492449.6860 8217164.38  3.24%   8.0 2614s
 1129711 756807 8482981.92  170   76 8492449.69 8217164.38  3.24%   8.0 2615s
H1130200 757070                    8492437.6560 8217227.80  3.24%   8.0 2617s
H1130304 757174                    8492437.5599 8217227.80  3.24%   8.0 2617s
 1131084 757956 8439127.53  339  117 8492437.56 8217227.80  3.24%   8.0 2620s
 1132486 758950 8450678.56  426   80 8492437.56 8217274.91  3.24%   8.0 2625s
 1133620 759156 8483335.69  162   72 8492437.56 8217292.91  3.24%   8.1 2630s
 1134718 759612 8460091.28  428   77 8492437.56 8217331.93  3.24%   8.1 2635s
 1136586 761158 8417628.35  477  118 8492437.56 8217373.71  3.24%   8.0 2640s
 1138196 762541     cutoff  166      8492437.56 8217374.18  3.24%   8.0 2645s
 1139312 762701 8478893.72  166   74 8492437.56 8217420.05  3.24%   8.1 2650s
 1140642 763629 8393344.70  475  123 8492437.56 8217522.26  3.24%   8.1 2655s
 1142533 765520 8484444.77  569   71 8492437.56 8217522.26  3.24%   8.1 2660s
 1143337 765766 8489717.56  158  111 8492437.56 8217557.13  3.24%   8.1 2665s
 1144676 766517 8413938.67  380   83 8492437.56 8217676.64  3.24%   8.1 2670s
 1146063 767046 8355281.94  422  123 8492437.56 8217744.92  3.23%   8.1 2675s
 1147562 768545 8468775.01  613  113 8492437.56 8217744.92  3.23%   8.1 2680s
 1148742 769011     cutoff  152      8492437.56 8217934.17  3.23%   8.1 2685s
 1150149 769764 8364693.37  461  126 8492437.56 8218063.81  3.23%   8.1 2690s
 1152050 771557 8476901.57  271   62 8492437.56 8218087.74  3.23%   8.1 2695s
 1153071 771656 8482894.99  183  115 8492437.56 8218162.40  3.23%   8.1 2700s
 1154526 772493 8374601.96  456  126 8492437.56 8218235.73  3.23%   8.1 2705s
 1156426 774393 8484530.29  601   70 8492437.56 8218235.73  3.23%   8.1 2710s
 1157535 774736 8490246.05  598  121 8492437.56 8218300.17  3.23%   8.1 2715s
 1158941 775424 8410096.50  248  120 8492437.56 8218350.51  3.23%   8.1 2720s
 1160454 776805     cutoff  497      8492437.56 8218350.51  3.23%   8.1 2725s
 1161668 777245     cutoff  239      8492437.56 8218387.53  3.23%   8.1 2730s
 1162664 777407     cutoff  112      8492437.56 8218523.44  3.23%   8.1 2735s
 1163985 778654 8453801.98  207   79 8492437.56 8218530.86  3.23%   8.1 2740s
 1165493 779624 8477369.77  373   75 8492437.56 8218614.16  3.22%   8.1 2745s
 1166811 780044 8485626.14  505  116 8492437.56 8218665.81  3.22%   8.1 2750s
 1168178 781147 8385524.72  274  123 8492437.56 8218737.99  3.22%   8.1 2755s
 1170327 783292 8485681.28  368  106 8492437.56 8218737.99  3.22%   8.1 2760s
 1171588 783565     cutoff  458      8492437.56 8218789.55  3.22%   8.1 2765s
 1173051 784230 8471906.33  379   77 8492437.56 8218871.08  3.22%   8.1 2770s
 1174625 785236 8449440.48  208   85 8492437.56 8218962.13  3.22%   8.1 2775s
 1176208 786615 8443955.14  106   78 8492437.56 8218971.71  3.22%   8.1 2780s
 1177380 786883 8478452.65  378   75 8492437.56 8219092.95  3.22%   8.1 2785s
 1178405 787140 8375705.55  389  126 8492437.56 8219199.57  3.22%   8.1 2790s
 1179852 788583 8482481.05  479   63 8492437.56 8219199.57  3.22%   8.1 2795s
 1180793 788676     cutoff  126      8492437.56 8219332.51  3.22%   8.1 2800s
 1181838 788743     cutoff  432      8492437.56 8219391.64  3.22%   8.1 2805s
 1183448 789949 8407014.50  477   86 8492437.56 8219572.46  3.21%   8.1 2810s
 1185172 791669 8485164.98  543   70 8492437.56 8219572.46  3.21%   8.1 2815s
 1186354 791807     cutoff  429      8492437.56 8219740.18  3.21%   8.1 2820s
 1187575 792544 8445600.31  608   89 8492437.56 8219789.60  3.21%   8.1 2825s
 1189308 794187 8469242.19  594   79 8492437.56 8219803.12  3.21%   8.1 2830s
 1190421 794344 8424623.96  374   84 8492437.56 8219845.28  3.21%   8.1 2835s
 1191700 794701     cutoff  274      8492437.56 8219879.13  3.21%   8.1 2840s
 1193708 796685 8457419.42  698  117 8492437.56 8219880.60  3.21%   8.1 2845s
 1195013 797562 8482062.20  447  117 8492437.56 8219905.18  3.21%   8.1 2850s
 1195978 797695     cutoff  618      8492437.56 8219951.95  3.21%   8.1 2855s
 1197592 798795 8443825.97  654  124 8492437.56 8220052.22  3.21%   8.1 2860s
 1198941 799583     cutoff  150      8492437.56 8220123.43  3.21%   8.1 2865s
 1200155 800015 8476686.95  170  116 8492437.56 8220187.69  3.21%   8.1 2870s
 1201279 800883 8393883.53  148   86 8492437.56 8220202.86  3.21%   8.1 2875s
 1203331 802927 8484725.06  296  102 8492437.56 8220202.86  3.21%   8.1 2880s
 1204446 802998     cutoff  450      8492437.56 8220254.96  3.20%   8.1 2885s
 1205618 803485     cutoff  599      8492437.56 8220312.14  3.20%   8.1 2890s
 1206555 803673     cutoff  155      8492437.56 8220340.93  3.20%   8.1 2895s
 1208519 805547     cutoff  304      8492437.56 8220340.93  3.20%   8.1 2900s
 1210630 806704     cutoff  608      8492437.56 8220471.53  3.20%   8.1 2905s
 1213280 809164 8478249.46  536  108 8492437.56 8220486.74  3.20%   8.1 2910s
 1214912 809556     cutoff  613      8492437.56 8220517.45  3.20%   8.1 2915s
 1216991 810545 8398290.98  246  128 8492437.56 8220658.87  3.20%   8.1 2920s
 1218229 811557     cutoff  391      8492437.56 8220658.87  3.20%   8.1 2925s
 1219326 811704     cutoff  212      8492437.56 8220700.21  3.20%   8.1 2930s
 1220374 811845 8479755.05  620  119 8492437.56 8220736.07  3.20%   8.1 2935s
 1221905 813208 8481465.75  340  111 8492437.56 8220740.11  3.20%   8.1 2940s
 1223020 813731     cutoff  150      8492437.56 8220744.30  3.20%   8.1 2945s
 1224414 814353     cutoff  646      8492437.56 8220761.84  3.20%   8.1 2950s
 1226316 815861 8427591.17  650  122 8492437.56 8220775.04  3.20%   8.1 2955s
 1227746 816870 8485080.64  627  121 8492437.56 8220783.16  3.20%   8.1 2960s
 1228897 817283 8452463.57  616  122 8492437.56 8220786.23  3.20%   8.1 2965s
 1230064 817584 8382233.69  613   77 8492437.56 8220810.24  3.20%   8.1 2970s
 1232013 819533 8484118.32  658   64 8492437.56 8220810.24  3.20%   8.1 2975s
 1232975 819827 8483018.92  637  120 8492437.56 8220824.04  3.20%   8.1 2980s
 1234289 820573 8475793.63  155  116 8492437.56 8220884.11  3.20%   8.1 2985s
 1235390 820756 8478333.45  482   80 8492437.56 8220986.41  3.20%   8.1 2990s
 1237123 822289 8407691.26  241   82 8492437.56 8220990.12  3.20%   8.1 2995s
 1238619 823753     cutoff  351      8492437.56 8220990.12  3.20%   8.1 3000s
 1239658 823820 8474562.06  260   69 8492437.56 8220999.87  3.20%   8.1 3005s
 1241122 824502     cutoff  446      8492437.56 8221073.65  3.20%   8.2 3010s
 1243544 826499 8491580.78  173  117 8492437.56 8221119.71  3.19%   8.2 3015s
 1245239 826740     cutoff  263      8492437.56 8221296.70  3.19%   8.2 3020s
 1247576 828441 8436299.53  511  120 8492437.56 8221324.80  3.19%   8.2 3025s
 1249742 829945     cutoff  146      8492437.56 8221418.13  3.19%   8.2 3030s
 1250809 830214 8433576.08  133   82 8492437.56 8221578.94  3.19%   8.2 3035s
 1252745 832073 8469969.70  516   77 8492437.56 8221624.19  3.19%   8.2 3040s
 1254701 833235     cutoff  210      8492437.56 8221645.08  3.19%   8.2 3045s
 1256317 833491 8383282.98  615   89 8492437.56 8221729.75  3.19%   8.2 3050s
 1258746 835370     cutoff  172      8492437.56 8221749.17  3.19%   8.2 3055s
 1260475 835933 8391822.56  605   89 8492437.56 8221868.67  3.19%   8.2 3060s
 1262886 837856 8479623.37  163   74 8492437.56 8221900.22  3.19%   8.2 3065s
 1265125 839134 8394738.31  516  129 8492437.56 8222005.27  3.18%   8.2 3070s
 1267490 840957 8475328.92  721  120 8492437.56 8222036.00  3.18%   8.2 3075s
 1269114 841801 8386393.40  238   88 8492437.56 8222060.48  3.18%   8.2 3080s
 1271213 843460     cutoff  610      8492437.56 8222069.15  3.18%   8.2 3085s
 1273251 844409     cutoff  492      8492437.56 8222113.24  3.18%   8.2 3090s
 1275891 846685 8452097.08  269   70 8492437.56 8222127.55  3.18%   8.2 3095s
 1278105 847759     cutoff  421      8492437.56 8222210.45  3.18%   8.2 3100s
 1280324 849415     cutoff  159      8492437.56 8222274.47  3.18%   8.2 3105s
 1282226 850209 8465227.14  639  117 8492437.56 8222478.82  3.18%   8.2 3110s
 1284185 852040 8463092.32  562   76 8492437.56 8222481.68  3.18%   8.2 3115s
 1285423 852826     cutoff  644      8492437.56 8222496.19  3.18%   8.2 3120s
 1286602 853037 8466907.51  633  117 8492437.56 8222565.62  3.18%   8.2 3125s
 1288361 854610 8452445.40  417  112 8492437.56 8222574.75  3.18%   8.2 3130s
 1289843 855620 8423430.00  138   82 8492437.56 8222608.65  3.18%   8.2 3135s
 1291050 856242     cutoff  152      8492437.56 8222627.57  3.18%   8.2 3140s
 1292092 856394 8382565.83  129   92 8492437.56 8222664.36  3.18%   8.2 3145s
 1294490 858260     cutoff  226      8492437.56 8222704.65  3.18%   8.2 3150s
 1296055 858545 8403552.25  212  121 8492437.56 8222802.40  3.18%   8.2 3155s
 1298303 860049     cutoff  148      8492437.56 8222871.61  3.17%   8.2 3160s
 1300091 860967 8456707.41  335  120 8492437.56 8222990.68  3.17%   8.2 3165s
 1301607 862463 8480459.03  484  108 8492437.56 8222990.68  3.17%   8.2 3170s
 1302710 862652 8470265.10  146   78 8492437.56 8223178.54  3.17%   8.2 3175s
 1303916 863128 8424402.19  111  120 8492437.56 8223271.66  3.17%   8.2 3180s
 1305184 863916 8394686.68  182  127 8492437.56 8223294.05  3.17%   8.2 3185s
 1307162 865894 8459769.19  499  108 8492437.56 8223294.05  3.17%   8.2 3190s
 1308566 866448     cutoff  121      8492437.56 8223334.05  3.17%   8.2 3195s
 1309839 866697 8474106.90  130   72 8492437.56 8223370.94  3.17%   8.2 3200s
 1312126 868222 8458016.53  686   81 8492437.56 8223380.97  3.17%   8.2 3205s
 1314046 869206 8492064.55  501   78 8492437.56 8223444.99  3.17%   8.2 3210s
 1316012 870105 8374359.15  198  127 8492437.56 8223517.08  3.17%   8.3 3215s
 1318361 872192 8465027.69  492   80 8492437.56 8223542.33  3.17%   8.2 3220s
 1320104 873039 8381498.62  192   87 8492437.56 8223583.24  3.17%   8.3 3225s
 1322866 875417 8392416.32  309  131 8492437.56 8223599.00  3.17%   8.2 3230s
 1324698 876129 8455534.61  643  120 8492437.56 8223652.90  3.16%   8.3 3235s
 1327204 878083 8491183.11  650  123 8492437.56 8223673.03  3.16%   8.2 3240s
 1329081 878826 8368805.11  143   91 8492437.56 8223845.13  3.16%   8.3 3245s
 1332015 881468 8477189.61  634  119 8492437.56 8223939.77  3.16%   8.2 3250s
 1334080 882393 8433412.23  263  117 8492437.56 8224230.87  3.16%   8.3 3255s
 1335999 883515 8394727.51  248  122 8492437.56 8224571.52  3.15%   8.3 3260s
 1337390 884689 8424170.35  205  122 8492437.56 8224583.87  3.15%   8.3 3265s
 1338586 885612 8479446.54  166   78 8492437.56 8224653.05  3.15%   8.3 3270s
 1339653 885747     cutoff  152      8492437.56 8224781.66  3.15%   8.3 3275s
 1341110 886517 8419949.00  560  121 8492437.56 8224831.40  3.15%   8.3 3280s
 1342636 887855     cutoff  631      8492437.56 8224831.40  3.15%   8.3 3285s
 1343789 888518 infeasible  150      8492437.56 8224897.13  3.15%   8.3 3290s
 1344865 888788     cutoff  153      8492437.56 8224989.00  3.15%   8.3 3295s
 1346230 889440 8414241.42  569  123 8492437.56 8225042.57  3.15%   8.3 3300s
 1348651 891195 8396577.54  647  119 8492437.56 8225055.36  3.15%   8.3 3305s
 1350414 891983 8388143.74  722   87 8492437.56 8225093.90  3.15%   8.3 3310s
 1352463 893714 8477399.77  670  119 8492437.56 8225123.89  3.15%   8.3 3315s
 1354684 895003 8409669.89  277  120 8492437.56 8225173.00  3.15%   8.3 3320s
 1356806 896049 8478751.60  161   68 8492437.56 8225231.73  3.15%   8.3 3325s
 1359227 897778 8449136.70  341  120 8492437.56 8225295.27  3.15%   8.3 3330s
 1360901 898364     cutoff  228      8492437.56 8225380.07  3.14%   8.3 3335s
 1362876 899455 8396027.56  188  124 8492437.56 8225538.17  3.14%   8.3 3340s
 1365029 900666 8472536.44  647  122 8492437.56 8225584.57  3.14%   8.3 3345s
 1367391 902507 8463889.11  490  113 8492437.56 8225665.34  3.14%   8.3 3350s
 1368881 902913 8468753.55  237   74 8492437.56 8225723.90  3.14%   8.3 3355s
 1370861 904177 8435305.76  166   81 8492437.56 8225768.84  3.14%   8.3 3360s
 1373313 906057     cutoff  512      8492437.56 8225866.04  3.14%   8.3 3365s
 1374959 906654     cutoff  150      8492437.56 8225988.93  3.14%   8.3 3370s
 1377731 909082 8484999.38  143   77 8492437.56 8226108.04  3.14%   8.3 3375s
 1379587 909754     cutoff  689      8492437.56 8226238.29  3.13%   8.3 3380s
 1382518 912417     cutoff  449      8492437.56 8226257.82  3.13%   8.3 3385s
 1384521 913344 8472412.29  693  124 8492437.56 8226397.70  3.13%   8.3 3390s
 1386416 915077 8478547.16  749   71 8492437.56 8226400.89  3.13%   8.3 3395s
 1388091 915567     cutoff  142      8492437.56 8226581.47  3.13%   8.3 3400s
 1390677 917459 8460998.42  792   76 8492437.56 8226627.81  3.13%   8.3 3405s
 1392508 918594     cutoff  154      8492437.56 8226712.67  3.13%   8.3 3410s
 1394184 919467 8390177.58  157   85 8492437.56 8226758.92  3.13%   8.4 3415s
 1397132 922015     cutoff  493      8492437.56 8226781.66  3.13%   8.4 3420s
 1399515 923573 8401749.31  174   91 8492437.56 8226927.85  3.13%   8.4 3425s
 1401553 925405     cutoff  143      8492437.56 8226939.96  3.13%   8.3 3430s
 1403161 926319     cutoff  162      8492437.56 8226987.85  3.13%   8.4 3435s
 1405179 927653 8449530.89  705   79 8492437.56 8227026.64  3.13%   8.4 3440s
 1406428 928406 8475458.30  329   68 8492437.56 8227058.04  3.12%   8.4 3445s
 1407705 929005 8416427.06  679   91 8492437.56 8227091.38  3.12%   8.4 3450s
 1408989 930289 8486146.81  775  114 8492437.56 8227091.38  3.12%   8.4 3455s
 1410094 930556 8474430.30  152   80 8492437.56 8227131.54  3.12%   8.4 3460s
 1411617 931571 8423868.26  684   88 8492437.56 8227208.41  3.12%   8.4 3465s
 1413135 933081 8491747.94  782  109 8492437.56 8227208.41  3.12%   8.4 3470s
 1414463 933332 8488323.32  474   77 8492437.56 8227401.86  3.12%   8.4 3475s
 1416686 935045 8410099.56  349  121 8492437.56 8227453.33  3.12%   8.4 3480s
 1419072 937239     cutoff  149      8492437.56 8227473.60  3.12%   8.4 3485s
 1420551 937422 8397765.19  237  124 8492437.56 8227613.05  3.12%   8.4 3490s
 1423137 939316 8444608.38  144   86 8492437.56 8227681.76  3.12%   8.4 3495s
 1424805 939658 8473686.41  207   79 8492437.56 8227809.23  3.12%   8.4 3500s
 1427454 941761 8478426.10  687  116 8492437.56 8227834.40  3.12%   8.4 3505s
 1429877 943510     cutoff  791      8492437.56 8227854.80  3.12%   8.4 3510s
 1431426 943885 8480990.35  712  121 8492437.56 8227865.51  3.12%   8.4 3515s
 1432452 943925 8483461.43  272   66 8492437.56 8227873.60  3.12%   8.4 3520s
 1433484 943949     cutoff  320      8492437.56 8227873.60  3.12%   8.4 3525s
 1434885 943994     cutoff  415      8492437.56 8227873.60  3.12%   8.4 3530s
 1436803 945482 8454706.29  720   84 8492437.56 8227874.57  3.12%   8.4 3535s
 1438809 946930     cutoff  673      8492437.56 8227887.57  3.12%   8.5 3540s
 1441026 948409 8440780.72  693   84 8492437.56 8227907.18  3.11%   8.5 3545s
 1442889 949906     cutoff  262      8492437.56 8227916.69  3.11%   8.5 3550s
 1444564 950683 8414304.30  399  121 8492437.56 8227930.01  3.11%   8.5 3555s
 1446157 952010     cutoff  710      8492437.56 8227933.89  3.11%   8.5 3560s
 1447811 952362 8469938.91  717   83 8492437.56 8227971.76  3.11%   8.5 3565s
 1450002 953785     cutoff  161      8492437.56 8227988.50  3.11%   8.5 3570s
 1451803 954570 8359874.14  128  123 8492437.56 8228034.79  3.11%   8.5 3575s
 1453975 956520 8488626.35  160   67 8492437.56 8228041.85  3.11%   8.5 3580s
 1455579 956748     cutoff  144      8492437.56 8228072.94  3.11%   8.5 3585s
 1457612 958054 8489186.48  267   62 8492437.56 8228091.58  3.11%   8.5 3590s
 1459364 958720 8394756.52  166  128 8492437.56 8228150.38  3.11%   8.5 3595s

Cutting planes:
  RLT: 57

Explored 1461293 nodes (12455524 simplex iterations) in 3600.14 seconds (2163.30 work units)
Thread count was 1 (of 24 available processors)

Solution count 10: 8.49244e+06 8.49245e+06 8.49324e+06 ... 8.50321e+06

Time limit reached
Best objective 8.492437559913e+06, best bound 8.228162232160e+06, gap 3.1119%
