
Gurobi 11.0.3 (linux64, Java) logging started seg 22 dez 2025 09:52:10 -03

Set parameter WLSAccessID
Set parameter WLSSecret
Set parameter LicenseID to value 2566693
Academic license 2566693 - for non-commercial use only - registered to ja___@ufv.br
Set parameter NonConvex to value 2
Set parameter TimeLimit to value 3600
Set parameter LogToConsole to value 0
Set parameter MIPGap to value 1.2178160141013063e-07
Set parameter Threads to value 1
Set parameter NodefileDir to value "/home/ps12398/gp-momulap/goalProgrammingMarcos/"
Set parameter NodefileStart to value 0.1
Gurobi Optimizer version 11.0.3 build v11.0.3rc0 (linux64)

CPU model: Intel(R) Xeon(R) CPU           X5650  @ 2.67GHz, instruction set [SSE2]
Thread count: 12 physical cores, 24 logical processors, using up to 1 threads

Academic license 2566693 - for non-commercial use only - registered to ja___@ufv.br
Optimize a model with 18767 rows, 12728 columns and 54721 nonzeros
Model fingerprint: 0x118b28a2
Model has 84 quadratic constraints
Variable types: 6326 continuous, 6402 integer (79 binary)
Coefficient statistics:
  Matrix range     [1e-02, 4e+06]
  QMatrix range    [1e-02, 7e+04]
  QLMatrix range   [1e+00, 7e+04]
  Objective range  [2e+00, 2e+07]
  Bounds range     [1e+00, 1e+08]
  RHS range        [1e+00, 1e+06]
  QRHS range       [1e-01, 1e-01]
Presolve removed 18301 rows and 12234 columns
Presolve time: 1.57s
Presolved: 1194 rows, 713 columns, 13539 nonzeros
Presolved model has 79 bilinear constraint(s)

Solving non-convex MIQCP

Variable types: 304 continuous, 409 integer (70 binary)
Found heuristic solution: objective 6322931.9986

Root relaxation: objective 0.000000e+00, 228 iterations, 0.14 seconds (0.01 work units)

    Nodes    |    Current Node    |     Objective Bounds      |     Work
 Expl Unexpl |  Obj  Depth IntInf | Incumbent    BestBd   Gap | It/Node Time

     0     0    0.00000    0  119 6322932.00    0.00000   100%     -    2s
H    0     0                    1900700.1287    0.00000   100%     -    3s
     0     0    0.00000    0  211 1900700.13    0.00000   100%     -    4s
     0     0    0.00000    0  179 1900700.13    0.00000   100%     -    5s
     0     0    0.00000    0  153 1900700.13    0.00000   100%     -    7s
     0     0    0.00000    0  131 1900700.13    0.00000   100%     -    7s
     0     0    0.00000    0  134 1900700.13    0.00000   100%     -    9s
     0     0    0.00000    0  147 1900700.13    0.00000   100%     -   11s
     0     0    0.00000    0  118 1900700.13    0.00000   100%     -   16s
H    0     0                    1426218.6592    0.00000   100%     -   18s
     0     0    0.00000    0   98 1426218.66    0.00000   100%     -   24s
     0     0    0.00000    0  161 1426218.66    0.00000   100%     -   24s
     0     0    0.00000    0  159 1426218.66    0.00000   100%     -   26s

Gurobi 11.0.3 (linux64, Java) logging started seg 22 dez 2025 09:55:57 -03

Set parameter WLSAccessID
Set parameter WLSSecret
Set parameter LicenseID to value 2566693
Academic license 2566693 - for non-commercial use only - registered to ja___@ufv.br
Set parameter NonConvex to value 2
Set parameter TimeLimit to value 3600
Set parameter LogToConsole to value 0
Set parameter MIPGap to value 1.2178160141013063e-07
Set parameter Threads to value 1
Set parameter NodefileDir to value "/home/ps12398/gp-momulap/goalProgrammingMarcos/"
Set parameter NodefileStart to value 0.1
Gurobi Optimizer version 11.0.3 build v11.0.3rc0 (linux64)

CPU model: Intel(R) Xeon(R) CPU           X5650  @ 2.67GHz, instruction set [SSE2]
Thread count: 12 physical cores, 24 logical processors, using up to 1 threads

Academic license 2566693 - for non-commercial use only - registered to ja___@ufv.br
Optimize a model with 18767 rows, 12728 columns and 54721 nonzeros
Model fingerprint: 0x118b28a2
Model has 84 quadratic constraints
Variable types: 6326 continuous, 6402 integer (79 binary)
Coefficient statistics:
  Matrix range     [1e-02, 4e+06]
  QMatrix range    [1e-02, 7e+04]
  QLMatrix range   [1e+00, 7e+04]
  Objective range  [2e+00, 2e+07]
  Bounds range     [1e+00, 1e+08]
  RHS range        [1e+00, 1e+06]
  QRHS range       [1e-01, 1e-01]
Presolve removed 18301 rows and 12234 columns
Presolve time: 1.35s
Presolved: 1194 rows, 713 columns, 13539 nonzeros
Presolved model has 79 bilinear constraint(s)

Solving non-convex MIQCP

Variable types: 304 continuous, 409 integer (70 binary)
Found heuristic solution: objective 6322931.9986

Root relaxation: objective 0.000000e+00, 228 iterations, 0.12 seconds (0.01 work units)

    Nodes    |    Current Node    |     Objective Bounds      |     Work
 Expl Unexpl |  Obj  Depth IntInf | Incumbent    BestBd   Gap | It/Node Time

     0     0    0.00000    0  119 6322932.00    0.00000   100%     -    2s
H    0     0                    1900700.1287    0.00000   100%     -    2s
     0     0    0.00000    0  211 1900700.13    0.00000   100%     -    3s
     0     0    0.00000    0  179 1900700.13    0.00000   100%     -    3s
     0     0    0.00000    0  153 1900700.13    0.00000   100%     -    6s
     0     0    0.00000    0  131 1900700.13    0.00000   100%     -    6s
     0     0    0.00000    0  134 1900700.13    0.00000   100%     -    7s
     0     0    0.00000    0  147 1900700.13    0.00000   100%     -    8s
     0     0    0.00000    0  118 1900700.13    0.00000   100%     -   12s
H    0     0                    1426218.6592    0.00000   100%     -   14s
     0     0    0.00000    0   98 1426218.66    0.00000   100%     -   18s
     0     0    0.00000    0  161 1426218.66    0.00000   100%     -   20s
     0     0    0.00000    0  159 1426218.66    0.00000   100%     -   22s
     0     0    0.00000    0  144 1426218.66    0.00000   100%     -   24s
     0     0    0.00000    0  134 1426218.66    0.00000   100%     -   27s
     0     0    0.00000    0  125 1426218.66    0.00000   100%     -   30s

Gurobi 11.0.3 (linux64, Java) logging started seg 22 dez 2025 11:15:51 -03

Set parameter WLSAccessID
Set parameter WLSSecret
Set parameter LicenseID to value 2566693
Academic license 2566693 - for non-commercial use only - registered to ja___@ufv.br
Set parameter NonConvex to value 2
Set parameter TimeLimit to value 3600
Set parameter LogToConsole to value 0
Set parameter MIPGap to value 1.2178160141013063e-07
Set parameter Threads to value 2
Set parameter Cuts to value 1
Set parameter NodefileDir to value "/home/ps12398/gp-momulap/goalProgrammingMarcos/"
Set parameter NodefileStart to value 0.1
Gurobi Optimizer version 11.0.3 build v11.0.3rc0 (linux64)

CPU model: Intel(R) Xeon(R) CPU           X5650  @ 2.67GHz, instruction set [SSE2]
Thread count: 12 physical cores, 24 logical processors, using up to 2 threads

Academic license 2566693 - for non-commercial use only - registered to ja___@ufv.br
Optimize a model with 18767 rows, 12728 columns and 54721 nonzeros
Model fingerprint: 0x118b28a2
Model has 84 quadratic constraints
Variable types: 6326 continuous, 6402 integer (79 binary)
Coefficient statistics:
  Matrix range     [1e-02, 4e+06]
  QMatrix range    [1e-02, 7e+04]
  QLMatrix range   [1e+00, 7e+04]
  Objective range  [2e+00, 2e+07]
  Bounds range     [1e+00, 1e+08]
  RHS range        [1e+00, 1e+06]
  QRHS range       [1e-01, 1e-01]
Presolve removed 18301 rows and 12234 columns
Presolve time: 2.08s
Presolved: 1194 rows, 713 columns, 13539 nonzeros
Presolved model has 79 bilinear constraint(s)

Solving non-convex MIQCP

Variable types: 304 continuous, 409 integer (70 binary)
Found heuristic solution: objective 6322931.9986

Root relaxation: objective 0.000000e+00, 228 iterations, 0.24 seconds (0.01 work units)

    Nodes    |    Current Node    |     Objective Bounds      |     Work
 Expl Unexpl |  Obj  Depth IntInf | Incumbent    BestBd   Gap | It/Node Time

     0     0    0.00000    0  119 6322932.00    0.00000   100%     -    3s
H    0     0                    1900700.1287    0.00000   100%     -    3s
     0     0    0.00000    0  211 1900700.13    0.00000   100%     -    5s
     0     0    0.00000    0  179 1900700.13    0.00000   100%     -    6s
     0     0    0.00000    0  153 1900700.13    0.00000   100%     -   11s
     0     0    0.00000    0  131 1900700.13    0.00000   100%     -   11s
     0     0    0.00000    0  134 1900700.13    0.00000   100%     -   14s
     0     0    0.00000    0  147 1900700.13    0.00000   100%     -   15s

Gurobi 11.0.3 (linux64, Java) logging started seg 22 dez 2025 11:38:29 -03

Set parameter WLSAccessID
Set parameter WLSSecret
Set parameter LicenseID to value 2566693
Academic license 2566693 - for non-commercial use only - registered to ja___@ufv.br
Set parameter NonConvex to value 2
Set parameter TimeLimit to value 3600
Set parameter LogToConsole to value 0
Set parameter MIPGap to value 1.2178160141013063e-07
Set parameter Threads to value 2
Set parameter Cuts to value 1
Set parameter NodefileDir to value "/home/ps12398/gp-momulap/goalProgrammingMarcos/"
Set parameter NodefileStart to value 0.1
Gurobi Optimizer version 11.0.3 build v11.0.3rc0 (linux64)

CPU model: Intel(R) Xeon(R) CPU           X5650  @ 2.67GHz, instruction set [SSE2]
Thread count: 12 physical cores, 24 logical processors, using up to 2 threads

Academic license 2566693 - for non-commercial use only - registered to ja___@ufv.br
Optimize a model with 18767 rows, 12728 columns and 54721 nonzeros
Model fingerprint: 0x118b28a2
Model has 84 quadratic constraints
Variable types: 6326 continuous, 6402 integer (79 binary)
Coefficient statistics:
  Matrix range     [1e-02, 4e+06]
  QMatrix range    [1e-02, 7e+04]
  QLMatrix range   [1e+00, 7e+04]
  Objective range  [2e+00, 2e+07]
  Bounds range     [1e+00, 1e+08]
  RHS range        [1e+00, 1e+06]
  QRHS range       [1e-01, 1e-01]
Presolve removed 18301 rows and 12234 columns
Presolve time: 1.63s
Presolved: 1194 rows, 713 columns, 13539 nonzeros
Presolved model has 79 bilinear constraint(s)

Solving non-convex MIQCP

Variable types: 304 continuous, 409 integer (70 binary)
Found heuristic solution: objective 6322931.9986

Root relaxation: objective 0.000000e+00, 228 iterations, 0.17 seconds (0.01 work units)

    Nodes    |    Current Node    |     Objective Bounds      |     Work
 Expl Unexpl |  Obj  Depth IntInf | Incumbent    BestBd   Gap | It/Node Time

     0     0    0.00000    0  119 6322932.00    0.00000   100%     -    2s
H    0     0                    1900700.1287    0.00000   100%     -    2s
     0     0    0.00000    0  211 1900700.13    0.00000   100%     -    3s
     0     0    0.00000    0  179 1900700.13    0.00000   100%     -    4s
     0     0    0.00000    0  153 1900700.13    0.00000   100%     -    7s
     0     0    0.00000    0  131 1900700.13    0.00000   100%     -    8s
     0     0    0.00000    0  134 1900700.13    0.00000   100%     -    9s
     0     0    0.00000    0  147 1900700.13    0.00000   100%     -   12s

Gurobi 11.0.3 (linux64, Java) logging started seg 22 dez 2025 11:55:57 -03

Set parameter WLSAccessID
Set parameter WLSSecret
Set parameter LicenseID to value 2566693
Academic license 2566693 - for non-commercial use only - registered to ja___@ufv.br
Set parameter NonConvex to value 2
Set parameter TimeLimit to value 3600
Set parameter LogToConsole to value 0
Set parameter MIPGap to value 1.2178160141013063e-07
Set parameter Threads to value 2
Set parameter Cuts to value 1
Set parameter NodefileDir to value "/home/ps12398/gp-momulap/goalProgrammingMarcos/"
Set parameter NodefileStart to value 0.1
Gurobi Optimizer version 11.0.3 build v11.0.3rc0 (linux64)

CPU model: Intel(R) Xeon(R) CPU           X5650  @ 2.67GHz, instruction set [SSE2]
Thread count: 12 physical cores, 24 logical processors, using up to 2 threads

Academic license 2566693 - for non-commercial use only - registered to ja___@ufv.br
Optimize a model with 18767 rows, 12728 columns and 54721 nonzeros
Model fingerprint: 0x118b28a2
Model has 84 quadratic constraints
Variable types: 6326 continuous, 6402 integer (79 binary)
Coefficient statistics:
  Matrix range     [1e-02, 4e+06]
  QMatrix range    [1e-02, 7e+04]
  QLMatrix range   [1e+00, 7e+04]
  Objective range  [2e+00, 2e+07]
  Bounds range     [1e+00, 1e+08]
  RHS range        [1e+00, 1e+06]
  QRHS range       [1e-01, 1e-01]
Presolve removed 18301 rows and 12234 columns
Presolve time: 2.42s
Presolved: 1194 rows, 713 columns, 13539 nonzeros
Presolved model has 79 bilinear constraint(s)

Solving non-convex MIQCP

Variable types: 304 continuous, 409 integer (70 binary)
Found heuristic solution: objective 6322931.9986

Root relaxation: objective 0.000000e+00, 228 iterations, 0.16 seconds (0.01 work units)

    Nodes    |    Current Node    |     Objective Bounds      |     Work
 Expl Unexpl |  Obj  Depth IntInf | Incumbent    BestBd   Gap | It/Node Time

     0     0    0.00000    0  119 6322932.00    0.00000   100%     -    3s
H    0     0                    1900700.1287    0.00000   100%     -    4s
     0     0    0.00000    0  211 1900700.13    0.00000   100%     -    5s
     0     0    0.00000    0  179 1900700.13    0.00000   100%     -    6s
     0     0    0.00000    0  153 1900700.13    0.00000   100%     -   10s
     0     0    0.00000    0  131 1900700.13    0.00000   100%     -   11s
     0     0    0.00000    0  134 1900700.13    0.00000   100%     -   13s

Gurobi 11.0.3 (linux64, Java) logging started ter 23 dez 2025 17:14:41 -03

Set parameter WLSAccessID
Set parameter WLSSecret
Set parameter LicenseID to value 2566693
Academic license 2566693 - for non-commercial use only - registered to ja___@ufv.br
Set parameter NonConvex to value 2
Set parameter TimeLimit to value 3600
Set parameter LogToConsole to value 0
Set parameter MIPGap to value 1.2178160141013063e-07
Set parameter Threads to value 2
Set parameter Cuts to value 1
Set parameter NodefileDir to value "/home/ps12398/gp-momulap/goalProgrammingMarcos/"
Set parameter NodefileStart to value 0.1
Gurobi Optimizer version 11.0.3 build v11.0.3rc0 (linux64)

CPU model: Intel(R) Xeon(R) CPU           X5650  @ 2.67GHz, instruction set [SSE2]
Thread count: 12 physical cores, 24 logical processors, using up to 2 threads

Academic license 2566693 - for non-commercial use only - registered to ja___@ufv.br
Optimize a model with 18767 rows, 12728 columns and 54721 nonzeros
Model fingerprint: 0x118b28a2
Model has 84 quadratic constraints
Variable types: 6326 continuous, 6402 integer (79 binary)
Coefficient statistics:
  Matrix range     [1e-02, 4e+06]
  QMatrix range    [1e-02, 7e+04]
  QLMatrix range   [1e+00, 7e+04]
  Objective range  [2e+00, 2e+07]
  Bounds range     [1e+00, 1e+08]
  RHS range        [1e+00, 1e+06]
  QRHS range       [1e-01, 1e-01]
Presolve removed 18301 rows and 12234 columns
Presolve time: 0.16s
Presolved: 1194 rows, 713 columns, 13539 nonzeros
Presolved model has 79 bilinear constraint(s)

Solving non-convex MIQCP

Variable types: 304 continuous, 409 integer (70 binary)
Found heuristic solution: objective 6322931.9986

Root relaxation: objective 0.000000e+00, 228 iterations, 0.01 seconds (0.01 work units)

    Nodes    |    Current Node    |     Objective Bounds      |     Work
 Expl Unexpl |  Obj  Depth IntInf | Incumbent    BestBd   Gap | It/Node Time

     0     0    0.00000    0  119 6322932.00    0.00000   100%     -    0s
H    0     0                    1900700.1287    0.00000   100%     -    0s
     0     0    0.00000    0  211 1900700.13    0.00000   100%     -    0s
     0     0    0.00000    0  179 1900700.13    0.00000   100%     -    0s
     0     0    0.00000    0  153 1900700.13    0.00000   100%     -    0s
     0     0    0.00000    0  131 1900700.13    0.00000   100%     -    0s
     0     0    0.00000    0  134 1900700.13    0.00000   100%     -    0s
     0     0    0.00000    0  147 1900700.13    0.00000   100%     -    0s
     0     0    0.00000    0  118 1900700.13    0.00000   100%     -    1s
H    0     0                    1426218.6592    0.00000   100%     -    1s
     0     0    0.00000    0   98 1426218.66    0.00000   100%     -    1s
     0     0    0.00000    0  161 1426218.66    0.00000   100%     -    1s
     0     0    0.00000    0  159 1426218.66    0.00000   100%     -    1s
     0     0    0.00000    0  144 1426218.66    0.00000   100%     -    1s
     0     0    0.00000    0  134 1426218.66    0.00000   100%     -    1s
     0     0    0.00000    0  125 1426218.66    0.00000   100%     -    2s
     0     0    0.00000    0  150 1426218.66    0.00000   100%     -    2s
     0     0    0.00000    0  149 1426218.66    0.00000   100%     -    2s
     0     0    0.00000    0  146 1426218.66    0.00000   100%     -    2s
H    0     0                    1406322.5273    0.00000   100%     -    2s
     0     2    0.00000    0  146 1406322.53    0.00000   100%     -    2s
    37    78    0.00000   14  143 1406322.53    0.00000   100%   117    6s
H  114   292                    1400220.8920    0.00000   100%  61.7    9s
H  143   292                    1361902.4870    0.00000   100%  53.7    9s
   291   832 296572.261   60  119 1361902.49    0.00000   100%  34.6   10s
H  571   832                    1140434.4147    0.00000   100%  25.4   10s
H  582   832                    1119876.7503    0.00000   100%  25.3   10s
H  593   832                    1082634.4792    0.00000   100%  25.1   10s
H  670   832                    1071227.3197    0.00000   100%  24.1   10s
H  769   832                    1061494.2475    0.00000   100%  23.7   10s
H  922  1049                    1024441.9435    0.00000   100%  24.2   11s
H 1187  1278                    989593.42053    0.00000   100%  23.0   11s
H 1671  1616                    912669.44128    0.00000   100%  20.5   12s
  1782  1622 641640.595  151   84 912669.441    0.00000   100%  19.5   15s
  1800  1635    0.00000   15   79 912669.441    0.00000   100%  21.7   20s
  1809  1641 547145.853   71   70 912669.441    0.00000   100%  21.6   25s
  1829  1655 698538.770  766   65 912669.441    0.00000   100%  23.3   32s
  1857  1686    0.00000   38  139 912669.441    0.00000   100%  26.9   35s
  1942  2022    0.00000   58  122 912669.441    0.00000   100%  28.6   44s
H 1978  1926                    882757.15168    0.00000   100%  29.0   44s
  2251  2397 855842.579  182   96 882757.152    0.00000   100%  30.3   45s
H 2823  2506                    861248.78171    0.00000   100%  27.4   46s
H 3140  1999                    846655.45426    0.00000   100%  25.1   46s
H 3209  1998                    846655.45417    0.00000   100%  24.7   47s
H 3496  1501                    687955.08844    0.00000   100%  24.7   48s
  4050  1791 414492.393  253   90 687955.088    0.00000   100%  24.7   50s
H 4078  1630                    642563.31003    0.00000   100%  24.6   50s
H 4349  1731                    642562.79282    0.00000   100%  24.6   51s
H 5242  2120                    624181.63430    0.00000   100%  21.4   53s
  5537  2299 565731.521  806   88 624181.634    0.00000   100%  20.6   55s
H 5824  2355                    555689.93030    0.00000   100%  20.2   57s
H 6221  2138                    501691.79680    0.00000   100%  19.4   58s
  7270  3302 360535.689  561   91 501691.797    0.00000   100%  17.8   61s
H 7279  2833                    408033.18954    0.00000   100%  17.8   61s
H 7376  2833                    407767.33255    0.00000   100%  17.6   61s
H 7570  2833                    407410.53402    0.00000   100%  17.2   61s
* 8881  3639             673    397492.35066    0.00000   100%  15.8   62s
  9482  4270 105707.105  286  104 397492.351    0.00000   100%  16.3   65s
H 9920  3237                    351107.03915    0.00000   100%  16.5   66s
H10403  2855                    313021.08034    0.00000   100%  16.5   66s
H11353  3528                    307281.56035    0.00000   100%  15.9   69s
H11560  3667                    307258.78259    0.00000   100%  15.9   70s
 13414  4811 96479.8299  143  103 307258.783    0.00000   100%  15.6   75s
H14069  4856                    288079.45417    0.00000   100%  15.7   77s
 15279  5606     cutoff  135      288079.454    0.00000   100%  15.8   80s
H16051  5175                    260102.61417    0.00000   100%  16.1   82s
H16426  4845                    248939.39032    0.00000   100%  16.2   82s
H17192  5340                    248939.19366    0.00000   100%  16.7   85s
H17959  5652                    248179.29384    0.00000   100%  17.2   87s
 18539  5979 214645.108  129   85 248179.294    0.00000   100%  17.5   90s
H19856  6356                    238272.67311    0.00000   100%  18.6   95s
H20571  6624                    238272.44623    0.00000   100%  19.4   98s
H20760  6768                    238271.94384    0.00000   100%  19.6   99s
 21132  6930 129470.128  124  101 238271.944    0.00000   100%  20.1  100s
H22160  7201                    236907.30620    0.00000   100%  21.4  104s
 22250  7333    0.00000  105  108 236907.306    0.00000   100%  21.6  105s
 23706  7818 83462.2169  119  102 236907.306    0.00000   100%  22.9  110s
H23787  7796                    234827.20814    0.00000   100%  22.9  110s
 24646  8182 106468.150  118  100 234827.208    0.00000   100%  23.6  115s
H24749  8181                    234776.64296    0.00000   100%  23.7  115s
H25047  8437                    234776.62392    0.00000   100%  24.0  116s
 25832  8774 116590.115  113   98 234776.624    0.00000   100%  24.5  120s
H26130  8691                    228177.68949    0.00000   100%  24.6  121s
 27244  9163     cutoff  120      228177.689    0.00000   100%  25.2  125s
H28293  9531                    227527.99627    0.00000   100%  25.8  129s
 28404  9635 infeasible  122      227527.996    0.00000   100%  25.9  130s
H29494  8341                    186720.35289    0.00000   100%  26.5  134s
 29584  8342     cutoff  109      186720.353    0.00000   100%  26.6  135s
H29863  8320                    185398.06243    0.00000   100%  26.9  136s
 30491  8452 125659.875   92  121 185398.062    0.00000   100%  27.7  140s
 31581  8720 82218.7638  106  119 185398.062    0.00000   100%  28.7  145s
 32439  9142    0.00000   90  122 185398.062    0.00000   100%  29.8  150s
 33382  9566     cutoff  118      185398.062    0.00000   100%  30.4  155s
H34237  9804                    182436.15363    0.00000   100%  31.5  160s
 34872 10105    0.00000   86  137 182436.154    0.00000   100%  32.5  165s
H35395 10296                    182434.85723    0.00000   100%  33.2  169s
 35453 10403    0.00000   97  120 182434.857    0.00000   100%  33.3  170s
 36247 10667 110274.449   92  124 182434.857    0.00000   100%  33.8  175s
 37011 10918 147102.001   99  116 182434.857    0.00000   100%  34.5  180s
H37558 11174                    182426.72048    0.00000   100%  35.1  183s
 37624 11337     cutoff   90      182426.720    0.00000   100%  35.2  185s
H37626 11336                    182425.58549    0.00000   100%  35.2  185s
 38521 11778    0.00000   75  148 182425.585    0.00000   100%  35.8  190s
 39155 12109 58759.8400   96  122 182425.585    0.00000   100%  36.1  195s
 39919 12351 154839.938  115  116 182425.585    0.00000   100%  36.2  201s
 40358 12635 53477.1286  142  102 182425.585    0.00000   100%  36.0  205s
 41137 13115 infeasible  170      182425.585    0.00000   100%  35.6  210s
 42080 13398 infeasible  162      182425.585    0.00000   100%  35.1  215s
H42679 13499                    182415.83855    0.00000   100%  34.7  217s
 43139 13741 93836.6204  153  104 182415.839    0.00000   100%  34.5  220s
 44203 14010 infeasible  141      182415.839    0.00000   100%  34.2  226s
 44980 14172    0.00000  129   98 182415.839    0.00000   100%  34.0  230s
 45724 14485 11608.8297  142  101 182415.839    0.00000   100%  33.9  235s
 46628 14679 infeasible  136      182415.839    0.00000   100%  33.7  240s
 47834 15111 51416.6827  129   91 182415.839    0.00000   100%  33.6  245s
 48663 15407 117779.351  136   81 182415.839    0.00000   100%  33.5  250s
 49838 15677 infeasible  136      182415.839    0.00000   100%  33.5  256s
H50099  3176                    1497.2234624    0.00000   100%  33.5  259s
 50104  3181     cutoff  145      1497.22346    0.00000   100%  33.5  261s
H50129  3172                    1145.9327124    0.00000   100%  33.5  261s
 50558  3217 infeasible  131      1145.93271    0.00000   100%  33.9  265s
 51519  3361 infeasible  131      1145.93271    0.00000   100%  34.4  270s
 52136  3419    0.00000  135  102 1145.93271    0.00000   100%  34.9  275s
 53488  3850    0.00000  146  103 1145.93271    0.00000   100%  35.1  281s
 55056  3949    0.00000  170   92 1145.93271    0.00000   100%  34.7  287s
 55740  4032 infeasible  145      1145.93271    0.00000   100%  34.5  291s
 57072  4117 infeasible  208      1145.93271    0.00000   100%  34.1  296s
 58470  4354    0.00000  184   98 1145.93271    0.00000   100%  33.6  301s
 59786  4403 infeasible  150      1145.93271    0.00000   100%  33.3  306s
 60498  4537    0.00000  184   97 1145.93271    0.00000   100%  33.0  311s
 61534  4715 infeasible  204      1145.93271    0.00000   100%  32.7  315s
 62510  4914     cutoff  237      1145.93271    0.00000   100%  32.4  320s
 63199  4960 infeasible  220      1145.93271    0.00000   100%  32.2  325s
 64536  5066    0.00000  212   98 1145.93271    0.00000   100%  31.9  330s
 65503  5146    0.00000  209   99 1145.93271    0.00000   100%  31.6  335s
 67016  5309 infeasible  198      1145.93271    0.00000   100%  31.3  340s
 68328  5385    0.00000  183  106 1145.93271    0.00000   100%  31.0  346s
 69381  5473    0.00000  219  101 1145.93271    0.00000   100%  30.7  350s
 70625  5519    0.00000  181   96 1145.93271    0.00000   100%  30.5  356s
H70807   100                       0.0000000    0.00000  0.00%  30.4  356s

Cutting planes:
  Gomory: 8
  Implied bound: 10
  MIR: 182
  Flow cover: 241
  Mod-K: 1
  RLT: 79
  Relax-and-lift: 7

Explored 70808 nodes (2158806 simplex iterations) in 356.26 seconds (208.67 work units)
Thread count was 2 (of 24 available processors)

Solution count 10: 0 1145.93 1497.22 ... 228178

Optimal solution found (tolerance 1.22e-07)
Best objective 0.000000000000e+00, best bound 0.000000000000e+00, gap 0.0000%
