
Gurobi 11.0.3 (linux64, Java) logging started qua 27 nov 2024 22:30:42 -03

Set parameter Username
Academic license - for non-commercial use only - expires 2025-10-10
Set parameter NonConvex to value 2
Set parameter TimeLimit to value 3600
Set parameter LogToConsole to value 0
Set parameter MIPGap to value 1.2352135373468347e-07
Set parameter Threads to value 2
Set parameter NodefileDir to value "/home/ps12398/experiment_hosp/goalProgrammingMarcos/"
Set parameter NodefileStart to value 1
Gurobi Optimizer version 11.0.3 build v11.0.3rc0 (linux64)

CPU model: Intel(R) Xeon(R) CPU           X5650  @ 2.67GHz, instruction set [SSE2]
Thread count: 12 physical cores, 24 logical processors, using up to 2 threads

Optimize a model with 18295 rows, 12411 columns and 53324 nonzeros
Model fingerprint: 0x539642f4
Model has 83 quadratic constraints
Variable types: 6168 continuous, 6243 integer (78 binary)
Coefficient statistics:
  Matrix range     [1e-02, 4e+06]
  QMatrix range    [1e-02, 7e+04]
  QLMatrix range   [1e+00, 7e+04]
  Objective range  [2e+00, 2e+07]
  Bounds range     [1e+00, 1e+08]
  RHS range        [1e+00, 1e+06]
  QRHS range       [3e-02, 3e-02]
Presolve removed 17831 rows and 11919 columns
Presolve time: 0.10s
Presolved: 1189 rows, 710 columns, 13379 nonzeros
Presolved model has 78 bilinear constraint(s)

Solving non-convex MIQCP

Variable types: 302 continuous, 408 integer (70 binary)
Found heuristic solution: objective 5320029.7572

Root relaxation: objective 0.000000e+00, 227 iterations, 0.01 seconds (0.01 work units)

    Nodes    |    Current Node    |     Objective Bounds      |     Work
 Expl Unexpl |  Obj  Depth IntInf | Incumbent    BestBd   Gap | It/Node Time

     0     0    0.00000    0  150 5320029.76    0.00000   100%     -    0s
H    0     0                    1737096.8622    0.00000   100%     -    0s
     0     0    0.00000    0  178 1737096.86    0.00000   100%     -    0s
H    0     0                    1501552.3108    0.00000   100%     -    0s
     0     0    0.00000    0  186 1501552.31    0.00000   100%     -    0s
     0     0    0.00000    0  268 1501552.31    0.00000   100%     -    0s
     0     0    0.00000    0  210 1501552.31    0.00000   100%     -    0s
     0     0    0.00000    0  291 1501552.31    0.00000   100%     -    0s
     0     0    0.00000    0  160 1501552.31    0.00000   100%     -    0s
     0     0    0.00000    0  214 1501552.31    0.00000   100%     -    1s
     0     0    0.00000    0  185 1501552.31    0.00000   100%     -    1s
     0     0    0.00000    0  170 1501552.31    0.00000   100%     -    1s
     0     0    0.00000    0  185 1501552.31    0.00000   100%     -    1s
     0     0    0.00000    0  197 1501552.31    0.00000   100%     -    1s
     0     0    0.00000    0  183 1501552.31    0.00000   100%     -    1s
     0     2    0.00000    0  180 1501552.31    0.00000   100%     -    2s
    29    45    0.00000   11  178 1501552.31    0.00000   100%   100    6s
    81   187 330340.099   34  167 1501552.31    0.00000   100%  78.8   13s
   209   234    0.00000   23  190 1501552.31    0.00000   100%  53.4   17s
   256   302 165986.486   47  172 1501552.31    0.00000   100%  62.7   21s
   338   370 1110219.43   72  124 1501552.31    0.00000   100%  56.9   26s
   555   541 837671.699   52  114 1501552.31    0.00000   100%  52.9   31s
   753   721 1444248.70  116  110 1501552.31    0.00000   100%  52.3   37s
   877   725 1463888.48  142   68 1501552.31    0.00000   100%  47.7   40s
   892   738    0.00000   16  207 1501552.31    0.00000   100%  52.9   45s
   932   792    0.00000   26  208 1501552.31    0.00000   100%  57.2   50s
  1055  1337 422231.446   60  132 1501552.31    0.00000   100%  71.0   61s
H 1330  1208                    1457713.4161    0.00000   100%  61.0   61s
H 1415  1145                    1408005.6308    0.00000   100%  58.6   61s
H 2935  2541                    1399053.0497    0.00000   100%  34.9   66s
H 3216  2533                    1393172.7078    0.00000   100%  32.3   66s
H 3577  2862                    1391656.5603    0.00000   100%  29.2   66s
H 3777  2780                    1356581.1823    0.00000   100%  28.0   66s
H 4071  2783                    1356569.5892    0.00000   100%  26.6   67s
H 4193  2698                    1318971.7936    0.00000   100%  26.1   67s
H 4369  2852                    1283428.3955    0.00000   100%  25.4   68s
H 4660  3105                    1269611.4825    0.00000   100%  24.6   69s
H 4757  3059                    1250860.7575    0.00000   100%  24.2   69s
H 4854  3041                    1235201.6266    0.00000   100%  23.8   69s
  5069  3448 1010362.62  275   84 1235201.63    0.00000   100%  23.4   70s
H 5145  3434                    1218541.5436    0.00000   100%  23.1   70s
H 5242  3433                    1216931.3216    0.00000   100%  22.7   70s
H 5533  4002                    1215834.3201    0.00000   100%  22.1   70s
H 5824  4002                    1215393.0493    0.00000   100%  21.2   70s
H 6979  5193                    1210613.8104    0.00000   100%  19.1   73s
H 6982  5189                    1206697.4115    0.00000   100%  19.1   73s
H 7320  5580                    1206695.4837    0.00000   100%  18.7   74s
H 7694  5580                    1206695.4835    0.00000   100%  18.0   74s
  8052  6314 1060142.89 1499   83 1206695.48    0.00000   100%  17.8   75s
H 8055  6300                    1192525.2110    0.00000   100%  17.8   75s
H 8540  6522                    1190986.7565    0.00000   100%  17.0   76s
 10054  8016 815480.410  152   94 1190986.76    0.00000   100%  16.3   80s
 11865  9572 413922.254   70  121 1190986.76    0.00000   100%  15.5   85s
H12903  9983                    1175820.8149    0.00000   100%  15.6   88s
H13056 10030                    1174199.1966    0.00000   100%  15.6   88s
 13486 10320 107943.855   55  138 1174199.20    0.00000   100%  16.0   90s
H14081  9895                    1127487.6562    0.00000   100%  16.3   93s
 14485 10199 788204.656   74  117 1127487.66    0.00000   100%  16.7   95s
 15837 11175     cutoff   88      1127487.66    0.00000   100%  17.7  100s
H15845 11065                    1119350.3024    0.00000   100%  17.7  100s
H16369 11252                    1113677.6279    0.00000   100%  17.9  101s
 17311 12139    0.00000   50  130 1113677.63    0.00000   100%  18.2  105s
 18587 13122 634110.582   84  101 1113677.63    0.00000   100%  18.5  110s
 19687 13668 92127.7406   65  132 1113677.63    0.00000   100%  18.9  115s
 21117 14833 1032296.49  233  108 1113677.63    0.00000   100%  18.9  120s
H21987 15479                    1108456.0911    0.00000   100%  19.2  123s
 22481 15797 597818.506   75  105 1108456.09    0.00000   100%  19.4  125s
 24110 16885 23917.8318   58  135 1108456.09    0.00000   100%  19.7  131s
 25159 17716     cutoff   75      1108456.09    0.00000   100%  19.5  135s
 26652 18617 467288.180   63  117 1108456.09    0.00000   100%  19.9  140s
 28206 19802 373153.177   66  128 1108456.09    0.00000   100%  19.7  145s
 30134 21130 1034468.25  123  105 1108456.09    0.00000   100%  19.8  150s
 31418 21955 222832.927   59  134 1108456.09    0.00000   100%  19.9  155s
 32657 22908 411261.497   67  126 1108456.09    0.00000   100%  20.2  160s
 34535 24191     cutoff  136      1108456.09    0.00000   100%  19.9  165s
 35664 25137 834951.987  107  101 1108456.09    0.00000   100%  19.9  170s
 37679 26727 709241.642   66  113 1108456.09    0.00000   100%  19.9  175s
 39607 27923 1019798.21  111  109 1108456.09    0.00000   100%  19.6  180s
 40575 28817    0.00000   40  136 1108456.09    0.00000   100%  19.8  185s
 42395 30232     cutoff   86      1108456.09    0.00000   100%  19.7  190s
 43687 31037 115904.891   61  135 1108456.09    0.00000   100%  19.9  195s
 44697 31688 551995.663   58  128 1108456.09    0.00000   100%  20.0  200s
 46061 32933 276941.900   59  127 1108456.09    0.00000   100%  20.1  205s
 47910 34593 354743.416   67  122 1108456.09    0.00000   100%  19.8  211s
 49346 35337 883586.907   80  103 1108456.09    0.00000   100%  19.9  215s
 50443 36337 386129.885   69  112 1108456.09    0.00000   100%  19.9  220s
 52571 37901 701221.810   66  113 1108456.09    0.00000   100%  19.8  226s
 53915 39160 596313.746   71  113 1108456.09    0.00000   100%  19.7  230s
 55533 40018     cutoff   85      1108456.09    0.00000   100%  19.7  235s
 56773 41043    0.00000   48  133 1108456.09    0.00000   100%  19.9  240s
 58117 42427 761837.395  161   99 1108456.09    0.00000   100%  20.0  245s
 59681 43247 581363.401   69  107 1108456.09    0.00000   100%  20.1  250s
 60983 44406 125458.201   54  132 1108456.09    0.00000   100%  20.2  256s
 62491 45426    0.00000   53  132 1108456.09    0.00000   100%  20.2  260s
 64256 46832 107967.069   60  138 1108456.09    0.00000   100%  20.1  265s
 65652 47643 93953.7585   44  152 1108456.09    0.00000   100%  20.0  270s
 67383 49229 418711.726   69  119 1108456.09    0.00000   100%  20.0  275s
 69278 50528 533577.433   62  122 1108456.09    0.00000   100%  20.0  281s
 70448 51430 791063.120   92  101 1108456.09    0.00000   100%  20.0  285s
H70851 51423                    1107900.2474    0.00000   100%  19.9  285s
H71008 51176                    1095282.9786    0.00000   100%  19.9  286s
H71374 51667                    1095167.0765    0.00000   100%  19.8  287s
 72556 52481 200223.905   53  141 1095167.08    0.00000   100%  19.7  290s
H73778 52883                    1076089.0059    0.00000   100%  19.7  294s
H73781 52411                    1065748.8322    0.00000   100%  19.7  294s
H73784 46961                    1031596.6611    0.00000   100%  19.7  294s
H73821 42932                    979213.89204    0.00000   100%  19.7  294s
H73918 41275                    956238.34456    0.00000   100%  19.7  294s
H74242 40969                    949506.59119    0.00000   100%  19.6  295s
H74306 40093                    938200.45670    0.00000   100%  19.6  295s
H74750 40281                    938170.02888    0.00000   100%  19.5  296s
 76508 42093 803862.524  278  110 938170.029    0.00000   100%  19.2  300s
 78260 43627 650971.212  164  109 938170.029    0.00000   100%  19.1  305s
H78283 41296                    912171.38341    0.00000   100%  19.0  305s
H78380 39722                    889991.65625    0.00000   100%  19.0  305s
H78477 39204                    882694.96603    0.00000   100%  19.0  305s
H78574 38991                    880201.82806    0.00000   100%  19.0  305s
H78763 39090                    877555.89409    0.00000   100%  19.0  306s
H78865 38411                    869541.97475    0.00000   100%  18.9  306s
H78962 36311                    848720.62252    0.00000   100%  18.9  306s
H79059 36241                    844487.66938    0.00000   100%  18.9  307s
H79156 35134                    831280.48759    0.00000   100%  18.9  307s
H79253 35050                    830449.99563    0.00000   100%  18.9  307s
H79427 34738                    823420.49022    0.00000   100%  18.9  308s
 80128 34737 661091.316   92  125 823420.490    0.00000   100%  18.8  310s
H80602 35037                    823420.18465    0.00000   100%  18.9  312s
H80854 34909                    821034.06304    0.00000   100%  19.0  314s
 81189 35249     cutoff  142      821034.063    0.00000   100%  18.9  315s
H81963 35453                    819728.87846    0.00000   100%  19.0  318s
 82464 35844     cutoff   84      819728.878    0.00000   100%  19.0  320s
 84177 37539 749110.715  597   94 819728.878    0.00000   100%  18.9  325s
 85997 38811 784159.571  163  111 819728.878    0.00000   100%  18.9  330s
 87018 39582 757688.304   80  127 819728.878    0.00000   100%  19.0  335s
 88730 40677     cutoff   84      819728.878    0.00000   100%  19.2  340s
 89967 41480 368276.662   77  121 819728.878    0.00000   100%  19.4  345s
 91082 41963 234907.088   67  131 819728.878    0.00000   100%  19.7  350s
H91593 42390                    819725.29246    0.00000   100%  19.7  353s
 92208 42711 150075.029   74  121 819725.292    0.00000   100%  19.8  355s
H93228 43462                    819725.23211    0.00000   100%  19.9  359s
 93465 43580 198578.275   70  132 819725.232    0.00000   100%  19.9  360s
H93586 43571                    819648.14034    0.00000   100%  19.9  360s
 94542 44241 651561.586   83  121 819648.140    0.00000   100%  20.2  365s
 95835 44981 485858.050   77  116 819648.140    0.00000   100%  20.4  370s
H95921 44981                    819648.10385    0.00000   100%  20.5  370s
 96610 45326     cutoff   83      819648.104    0.00000   100%  20.7  375s
 97583 45844 702225.288   82  124 819648.104    0.00000   100%  20.9  380s
 98672 46601 460660.157   73  118 819648.104    0.00000   100%  21.3  385s
 99912 47426 767576.912   92  111 819648.104    0.00000   100%  21.5  390s
H100335 46608                    812166.63451    0.00000   100%  21.5  391s
 101132 47045 758748.743   95  113 812166.635    0.00000   100%  21.7  395s
 102170 47678 743821.979   88  113 812166.635    0.00000   100%  22.0  400s
 103259 48207 153419.344   74  134 812166.635    0.00000   100%  22.1  405s
 104457 48902 100429.875   55  134 812166.635    0.00000   100%  22.4  410s
 105587 49526 503177.471   77  115 812166.635    0.00000   100%  22.6  415s
 106419 49912 311416.357   69  136 812166.635    0.00000   100%  22.9  420s
 107745 50708 676703.381   74  118 812166.635    0.00000   100%  23.1  425s
 108923 51392 790749.951   77  118 812166.635    0.00000   100%  23.3  430s
 109828 51944 713781.979   66  123 812166.635    0.00000   100%  23.5  435s
 110802 52618 707500.005   83  120 812166.635    0.00000   100%  23.7  440s
 112186 53557 802724.025  140  109 812166.635    0.00000   100%  23.7  445s
 113234 54013     cutoff   82      812166.635    0.00000   100%  23.8  451s
 113989 54844 265213.365   71  124 812166.635    0.00000   100%  23.8  455s
 116131 56129    0.00000   69  134 812166.635    0.00000   100%  23.8  461s
 117215 56936 23137.3924   68  128 812166.635    0.00000   100%  24.0  466s
 118453 57530     cutoff   76      812166.635    0.00000   100%  24.1  470s
 119487 58015 21076.9963   71  131 812166.635    0.00000   100%  24.2  475s
 120896 58962 158550.449   75  127 812166.635    0.00000   100%  24.2  480s
 122297 59667 591611.815   84  118 812166.635    0.00000   100%  24.3  485s
 123379 60282 67379.9668   71  127 812166.635    0.00000   100%  24.4  490s
 124479 60767    0.00000   68  127 812166.635    0.00000   100%  24.5  495s
 125747 61403 691082.578   81  120 812166.635    0.00000   100%  24.8  500s
 126910 62058 764084.981  102  110 812166.635    0.00000   100%  24.8  505s
 127978 62636 382939.573   82  121 812166.635    0.00000   100%  24.9  511s
 128979 63269 106505.607   73  127 812166.635    0.00000   100%  25.1  516s
 130098 63766 infeasible   75      812166.635    0.00000   100%  25.2  520s
 131289 64390 263514.958   75  133 812166.635    0.00000   100%  25.3  525s
 132577 65061    0.00000   67  134 812166.635    0.00000   100%  25.4  530s
 133484 65689 229022.835   78  133 812166.635    0.00000   100%  25.5  535s
 134627 66268     cutoff   80      812166.635    0.00000   100%  25.7  540s
 135814 66847 168315.087   76  130 812166.635    0.00000   100%  25.8  545s
 136907 67382    0.00000   66  129 812166.635    0.00000   100%  25.9  550s
 138317 67952 46722.1863   71  131 812166.635    0.00000   100%  26.1  556s
 139564 68597 118914.843   62  133 812166.635    0.00000   100%  26.2  560s
 140538 69038 708147.341   79  111 812166.635    0.00000   100%  26.4  565s
 141637 69745 258018.065   70  132 812166.635    0.00000   100%  26.5  570s
 142860 70236 449502.155   81  122 812166.635    0.00000   100%  26.6  575s
 143842 70730     cutoff   81      812166.635    0.00000   100%  26.7  580s
 145071 71292 629919.004   80  128 812166.635    0.00000   100%  26.8  585s
 146206 71819 23296.1964   71  132 812166.635    0.00000   100%  26.9  590s
 147142 72331 130175.258   72  139 812166.635    0.00000   100%  27.1  595s
H147627 70445                    795561.70650    0.00000   100%  27.1  598s
H147914 70289                    793622.16028    0.00000   100%  27.2  599s
H147975 70168                    791893.33098    0.00000   100%  27.2  601s
 148857 70760     cutoff   71      791893.331    0.00000   100%  27.3  605s
 150116 71644 503238.547   67  123 791893.331    0.00000   100%  27.5  611s
 151245 72300    0.00000   52  135 791893.331    0.00000   100%  27.5  615s
 152647 73138     cutoff   79      791893.331    0.00000   100%  27.6  620s
 153776 73910 138620.610   65  134 791893.331    0.00000   100%  27.6  626s
 154997 74779 317833.472   50  163 791893.331    0.00000   100%  27.7  631s
 155944 75365     cutoff  110      791893.331    0.00000   100%  27.7  635s
 157298 76044 22786.7196   68  131 791893.331    0.00000   100%  27.8  640s
 159107 77043 733634.052   97  100 791893.331    0.00000   100%  27.9  645s
 160718 77794 759587.278   84  117 791893.331    0.00000   100%  28.2  650s
 161963 78753 734139.795   74  126 791893.331    0.00000   100%  28.2  656s
 163232 79511 20108.3882   67  131 791893.331    0.00000   100%  28.3  661s
 163955 80003 106761.952   54  141 791893.331    0.00000   100%  28.3  665s
 165254 80752 108938.841   72  123 791893.331    0.00000   100%  28.4  670s
 166652 81778 45491.0214   69  129 791893.331    0.00000   100%  28.4  676s
 168202 82790 531815.815  101  109 791893.331    0.00000   100%  28.3  680s
 169301 84146 383245.823   81  121 791893.331    0.00000   100%  28.2  685s
 171506 85467 690430.095  189   97 791893.331    0.00000   100%  28.0  690s
 173005 86618 317302.900   69  127 791893.331    0.00000   100%  28.1  695s
 173941 87035 infeasible   80      791893.331    0.00000   100%  28.1  700s
 174861 87752     cutoff   82      791893.331    0.00000   100%  28.1  705s
 175828 88348     cutoff   85      791893.331    0.00000   100%  28.2  710s
 177245 89108 11084.3736   68  129 791893.331    0.00000   100%  28.3  715s
 178182 89632 infeasible   89      791893.331    0.00000   100%  28.4  720s
 179010 90082 371734.003   69  127 791893.331    0.00000   100%  28.5  725s
 180301 90727 735167.779  109  110 791893.331    0.00000   100%  28.6  730s
H180819 90786                    790234.61160    0.00000   100%  28.7  732s
H181192 90889                    789358.70064    0.00000   100%  28.7  733s
 181555 91223 124390.825   70  127 789358.701    0.00000   100%  28.7  735s
 182761 91942 679700.175   71  131 789358.701    0.00000   100%  28.8  740s
 184351 92875 31337.7069   71  135 789358.701    0.00000   100%  28.8  746s
 184997 93366 595869.617   78  127 789358.701    0.00000   100%  28.9  750s
H185803 92048                    780483.07885    0.00000   100%  28.9  752s
 186347 92513 665165.252   83  122 780483.079    0.00000   100%  28.9  755s
H187638 93216                    780482.42195    0.00000   100%  28.9  760s
 188824 93970     cutoff   76      780482.422    0.00000   100%  28.9  765s
H189264 91672                    767895.42818    0.00000   100%  29.0  767s
 189448 91786     cutoff   80      767895.428    0.00000   100%  29.0  770s
 190449 92558 231868.948   57  134 767895.428    0.00000   100%  29.0  775s
H190610 89894                    755484.36152    0.00000   100%  29.1  775s
 191586 90629 608219.381   75  114 755484.362    0.00000   100%  29.1  780s
 192933 91318    0.00000   49  141 755484.362    0.00000   100%  29.1  786s
 193763 91799     cutoff   81      755484.362    0.00000   100%  29.2  790s
H194013 91642                    753947.85004    0.00000   100%  29.2  791s
H194716 91070                    749865.92632    0.00000   100%  29.2  794s
 194751 91303 61045.0762   64  130 749865.926    0.00000   100%  29.2  796s
H194900 90868                    747479.47498    0.00000   100%  29.2  796s
 195703 91560 136858.875   65  130 747479.475    0.00000   100%  29.2  800s
H196620 91062                    743058.70106    0.00000   100%  29.3  802s
 197139 91623 3734.02224   57  134 743058.701    0.00000   100%  29.3  805s
H197919 91726                    741996.04676    0.00000   100%  29.3  807s
H198086 91820                    741996.02961    0.00000   100%  29.3  808s
 198271 92163 126501.184   53  134 741996.030    0.00000   100%  29.3  810s
H198722 92353                    741996.02521    0.00000   100%  29.3  811s
 199612 92955 101580.646   56  142 741996.025    0.00000   100%  29.3  816s
 201121 93949 730799.366   95  117 741996.025    0.00000   100%  29.2  820s
 202807 94774 353265.897   70  129 741996.025    0.00000   100%  29.3  825s
 204264 95555     cutoff  119      741996.025    0.00000   100%  29.3  830s
 205239 96201 95565.7273   42  157 741996.025    0.00000   100%  29.4  835s
 206585 97045 632137.326   71  121 741996.025    0.00000   100%  29.3  841s
H206942 97015                    740808.02643    0.00000   100%  29.3  842s
 207847 97584 223845.745   53  142 740808.026    0.00000   100%  29.4  845s
 209062 98345    0.00000   44  149 740808.026    0.00000   100%  29.4  850s
H209506 96310                    731467.88443    0.00000   100%  29.4  853s
 210191 96635 100238.738   62  128 731467.884    0.00000   100%  29.4  855s
 212284 98495 660692.461   78  120 731467.884    0.00000   100%  29.3  860s
H212371 98442                    731348.25333    0.00000   100%  29.3  860s
 213905 99427     cutoff  103      731348.253    0.00000   100%  29.2  865s
 215286 100055 65908.4649   73  129 731348.253    0.00000   100%  29.1  870s
 216753 101271 591641.998   82  121 731348.253    0.00000   100%  29.1  875s
 218168 102099 728908.000   96  115 731348.253    0.00000   100%  29.1  880s
 219324 103087 615851.915   95  109 731348.253    0.00000   100%  29.0  885s
 221404 104100 521851.913   69  120 731348.253    0.00000   100%  29.0  890s
 223312 104965     cutoff   80      731348.253    0.00000   100%  29.0  895s
H223702 104648                    729766.81556    0.00000   100%  29.0  895s
H225494 105706                    729766.65375    0.00000   100%  28.9  900s
 227692 107101 11459.9208   72  129 729766.654    0.00000   100%  28.9  905s
H228101 107205                    729727.81102    0.00000   100%  28.8  906s
 229486 108226 31471.6656   69  126 729727.811    0.00000   100%  28.8  910s
 230945 109182 329939.501   70  124 729727.811    0.00000   100%  28.7  915s
H231227 108231                    725212.43514    0.00000   100%  28.7  915s
H231575 108447                    725212.42996    0.00000   100%  28.7  916s
 233472 110346 719466.525  167  113 725212.430    0.00000   100%  28.5  920s
 235315 111254 108499.792   60  141 725212.430    0.00000   100%  28.5  925s
 236315 111819     cutoff   78      725212.430    0.00000   100%  28.5  930s
 237741 112855    0.00000   53  144 725212.430    0.00000   100%  28.4  935s
 239289 113866 633513.168  206  107 725212.430    0.00000   100%  28.4  940s
 240512 114636    0.00000   48  131 725212.430    0.00000   100%  28.4  945s
H240821 108188                    699514.90789    0.00000   100%  28.4  948s
 241132 108684     cutoff   79      699514.908    0.00000   100%  28.4  950s
H242198 109222                    699495.75157    0.00000   100%  28.4  953s
 242631 109683    0.00000   50  143 699495.752    0.00000   100%  28.4  955s
 243771 110265 486810.861   75  117 699495.752    0.00000   100%  28.5  960s
 244994 111026 390381.341   69  127 699495.752    0.00000   100%  28.6  965s
 245982 111521    0.00000   53  142 699495.752    0.00000   100%  28.6  970s
 247065 112341 630672.729   74  128 699495.752    0.00000   100%  28.6  975s
 248718 113291    0.00000   46  145 699495.752    0.00000   100%  28.6  980s
 250061 114163 419600.250   74  136 699495.752    0.00000   100%  28.6  985s
H250956 114716                    699464.75996    0.00000   100%  28.7  989s
 251194 114787 366069.110   63  136 699464.760    0.00000   100%  28.7  990s
 252343 115529 538838.976   73  119 699464.760    0.00000   100%  28.7  995s
 252914 115860 536386.556   79  118 699464.760    0.00000   100%  28.8 1000s
 254383 116859 699180.541   82  122 699464.760    0.00000   100%  28.8 1005s
 255624 117582 358211.095   59  128 699464.760    0.00000   100%  28.8 1010s
 256305 117913    0.00000   54  141 699464.760    0.00000   100%  28.8 1015s
 257658 118811 569020.859   56  137 699464.760    0.00000   100%  28.8 1020s
 258948 119599 246798.660   68  126 699464.760    0.00000   100%  28.8 1025s
 260278 120334 236222.770   65  143 699464.760    0.00000   100%  28.9 1030s
 261454 120898 114614.655   74  125 699464.760    0.00000   100%  28.9 1035s
 263285 121803 571926.335   73  114 699464.760    0.00000   100%  28.9 1040s
 264147 122310 656910.356   73  117 699464.760    0.00000   100%  28.9 1046s
 264687 122861    0.00000   58  124 699464.760    0.00000   100%  29.0 1050s
H265748 123373                    699464.75989    0.00000   100%  29.0 1053s
 266439 123843 458304.864   89  113 699464.760    0.00000   100%  29.0 1056s
H266514 122455                    694257.47864    0.00000   100%  29.0 1056s
 267394 123159    0.00000   55  136 694257.479    0.00000   100%  29.0 1060s
 268533 123959 594517.831   79  112 694257.479    0.00000   100%  29.1 1065s
 270085 124905    0.00000   52  131 694257.479    0.00000   100%  29.1 1070s
 271109 125683 5475.68892   58  141 694257.479    0.00000   100%  29.1 1075s
 272052 126248 219130.758   57  152 694257.479    0.00000   100%  29.2 1080s
 273517 127513  864.05855   61  141 694257.479    0.00000   100%  29.1 1085s
 274883 128327 571992.039   99  117 694257.479    0.00000   100%  29.1 1090s
 276267 129046 344068.346   70  123 694257.479    0.00000   100%  29.1 1095s
 277103 129622 93489.9284   51  145 694257.479    0.00000   100%  29.2 1100s
 278420 130586 65051.4738   70  121 694257.479    0.00000   100%  29.2 1105s
 279753 131293 469443.221   71  119 694257.479    0.00000   100%  29.2 1111s
 280781 132022 199349.600   51  145 694257.479    0.00000   100%  29.2 1115s
 281798 132617 253544.738   67  129 694257.479    0.00000   100%  29.2 1121s
 283089 133708 614825.242  528   97 694257.479    0.00000   100%  29.2 1125s
 284218 134461 672207.537   84  113 694257.479    0.00000   100%  29.2 1130s
 285739 135202     cutoff   84      694257.479    0.00000   100%  29.2 1135s
 286937 135859 28603.7919   66  143 694257.479    0.00000   100%  29.2 1140s
 288503 136813 259557.304   72  125 694257.479    0.00000   100%  29.2 1145s
 289419 137450     cutoff   66      694257.479    0.00000   100%  29.3 1150s
 290672 138199 infeasible  153      694257.479    0.00000   100%  29.3 1155s
 292101 139159 592836.587  117  119 694257.479    0.00000   100%  29.3 1160s
 293157 139919 113399.911   62  143 694257.479    0.00000   100%  29.3 1165s
 294616 140746 7179.56658   62  140 694257.479    0.00000   100%  29.3 1171s
 295766 141442 655668.647   78  130 694257.479    0.00000   100%  29.3 1175s
 296834 142126 1651.80449   62  139 694257.479    0.00000   100%  29.4 1180s
 297880 142966 521422.617   73  122 694257.479    0.00000   100%  29.4 1185s
 299090 143740     cutoff   86      694257.479    0.00000   100%  29.4 1190s
 300735 144596 8265.73080   62  138 694257.479    0.00000   100%  29.4 1195s
 302012 145340     cutoff  112      694257.479    0.00000   100%  29.5 1200s
 303053 145965 176224.704   76  119 694257.479    0.00000   100%  29.5 1205s
 304096 146516 607387.327   86  116 694257.479    0.00000   100%  29.5 1210s
 305409 147241     cutoff   66      694257.479    0.00000   100%  29.6 1215s
 306602 147982 206233.391   50  148 694257.479    0.00000   100%  29.6 1220s
 307721 148471 5349.68910   70  127 694257.479    0.00000   100%  29.6 1225s
 308627 149171     cutoff   82      694257.479    0.00000   100%  29.7 1230s
 309903 149799 96120.4586   55  150 694257.479    0.00000   100%  29.7 1235s
 311051 150562 66781.0733   62  133 694257.479    0.00000   100%  29.7 1240s
 312297 151272 573147.578   78  124 694257.479    0.00000   100%  29.7 1245s
 313166 151843     cutoff   78      694257.479    0.00000   100%  29.7 1250s
 314507 152513 114325.897   62  132 694257.479    0.00000   100%  29.7 1255s
 315886 153520 21343.8006   58  143 694257.479    0.00000   100%  29.7 1260s
 317243 154393 infeasible   62      694257.479    0.00000   100%  29.7 1265s
 318240 154896 infeasible   79      694257.479    0.00000   100%  29.7 1270s
 319555 155741 131567.995   68  131 694257.479    0.00000   100%  29.8 1275s
 320682 156307 542015.918   85  106 694257.479    0.00000   100%  29.8 1280s
 321833 156929     cutoff   79      694257.479    0.00000   100%  29.8 1285s
 323248 157679     cutoff   85      694257.479    0.00000   100%  29.9 1291s
 323910 158196 2714.00242   59  142 694257.479    0.00000   100%  29.9 1295s
 325624 159548 425788.831   68  123 694257.479    0.00000   100%  29.9 1300s
 327055 160378 221719.194   62  133 694257.479    0.00000   100%  29.9 1305s
 328213 161091 432136.502   69  118 694257.479    0.00000   100%  29.9 1311s
 328973 161521 374566.869   72  123 694257.479    0.00000   100%  29.9 1315s
 330019 162280 107890.008   58  148 694257.479    0.00000   100%  29.9 1320s
 331117 162903 156216.880   65  124 694257.479    0.00000   100%  30.0 1325s
 332184 163609 469986.026   72  120 694257.479    0.00000   100%  30.0 1330s
 333667 164405 660994.215  106  116 694257.479    0.00000   100%  30.0 1335s
 334744 165282 8083.16806   63  137 694257.479    0.00000   100%  30.1 1340s
 336410 166444 448764.158  100  113 694257.479    0.00000   100%  30.0 1345s
 337948 167328 581834.714   74  111 694257.479    0.00000   100%  30.0 1350s
 338787 167716    0.00000   53  138 694257.479    0.00000   100%  30.0 1355s
 339856 168429 125132.779   69  138 694257.479    0.00000   100%  30.1 1361s
 340890 169038 615211.864   77  116 694257.479    0.00000   100%  30.1 1365s
 341676 169495 345495.621   73  120 694257.479    0.00000   100%  30.2 1370s
 343011 170381 338683.427   61  147 694257.479    0.00000   100%  30.2 1375s
 344234 171108 108352.515   61  149 694257.479    0.00000   100%  30.2 1380s
 345370 171737 3572.78019   61  138 694257.479    0.00000   100%  30.2 1385s
 347158 172942     cutoff  127      694257.479    0.00000   100%  30.2 1390s
 348576 173694     cutoff   78      694257.479    0.00000   100%  30.2 1395s
 349613 174370 135394.594   63  133 694257.479    0.00000   100%  30.2 1400s
 350948 175291 95136.9807   52  150 694257.479    0.00000   100%  30.2 1405s
 352300 176168    0.00000   56  134 694257.479    0.00000   100%  30.2 1411s
H352718 175757                    692282.94872    0.00000   100%  30.2 1412s
H352992 175932                    692282.89433    0.00000   100%  30.2 1413s
H352992 175932                    692282.11774    0.00000   100%  30.2 1413s
 353162 176119 327283.131   55  136 692282.118    0.00000   100%  30.2 1415s
H353312 176119                    692282.10651    0.00000   100%  30.2 1415s
 354378 176734 317263.454   57  145 692282.107    0.00000   100%  30.2 1421s
H354470 176804                    692185.00101    0.00000   100%  30.2 1422s
 355131 177295 209277.854   55  149 692185.001    0.00000   100%  30.2 1425s
 356138 177830 326071.393   60  138 692185.001    0.00000   100%  30.3 1430s
 357645 178888 112731.464   63  137 692185.001    0.00000   100%  30.3 1435s
 358815 179612 286324.558   73  140 692185.001    0.00000   100%  30.3 1440s
H359563 177187                    683301.67723    0.00000   100%  30.3 1443s
 359737 177518 infeasible   78      683301.677    0.00000   100%  30.3 1445s
 361095 178237     cutoff  133      683301.677    0.00000   100%  30.3 1451s
 362295 179045 318936.080   65  124 683301.677    0.00000   100%  30.3 1456s
 363097 179624 327677.820   65  122 683301.677    0.00000   100%  30.4 1460s
 364270 180375    0.00000   50  136 683301.677    0.00000   100%  30.4 1465s
H364734 180526                    683300.42507    0.00000   100%  30.4 1469s
 364735 180619 625593.227   67  133 683300.425    0.00000   100%  30.4 1470s
H364888 180832                    683286.72220    0.00000   100%  30.4 1471s
 365849 181534 278726.272   67  120 683286.722    0.00000   100%  30.4 1475s
 366967 182149     cutoff   57      683286.722    0.00000   100%  30.4 1480s
 367977 182879   92.00922   60  144 683286.722    0.00000   100%  30.4 1485s
 369232 183559 16728.9421   70  131 683286.722    0.00000   100%  30.5 1490s
 370208 184194 233097.838   60  138 683286.722    0.00000   100%  30.5 1495s
 371362 184943 237552.028   66  134 683286.722    0.00000   100%  30.5 1500s
 372643 185774 469068.400   67  125 683286.722    0.00000   100%  30.5 1505s
 373917 186455 580406.543   62  124 683286.722    0.00000   100%  30.5 1510s
 375340 187502 322472.629   59  135 683286.722    0.00000   100%  30.5 1516s
 376280 188058 601827.853   84  119 683286.722    0.00000   100%  30.5 1520s
 377480 188666 586499.049   81  110 683286.722    0.00000   100%  30.5 1525s
 378515 189446 117151.792   62  138 683286.722    0.00000   100%  30.5 1530s
 379782 190270 83353.0347   74  132 683286.722    0.00000   100%  30.6 1535s
 380603 190753 598032.221  122  114 683286.722    0.00000   100%  30.6 1540s
 381757 191540 1911.52754   62  140 683286.722    0.00000   100%  30.6 1545s
 383094 192518 infeasible   83      683286.722    0.00000   100%  30.6 1551s
 384322 193219 6313.94789   59  161 683286.722    0.00000   100%  30.6 1556s
 385233 193727 319793.707   64  145 683286.722    0.00000   100%  30.6 1561s
 386226 194469 2928.07338   59  139 683286.722    0.00000   100%  30.6 1565s
 387648 195188     cutoff   77      683286.722    0.00000   100%  30.6 1570s
 389078 196073 1666.39443   57  142 683286.722    0.00000   100%  30.6 1575s
H390150 196724                    683286.71941    0.00000   100%  30.6 1579s
 390286 196936 108209.998   60  143 683286.719    0.00000   100%  30.6 1581s
 391115 197393 537110.845   83  122 683286.719    0.00000   100%  30.7 1585s
 392450 198300 311849.362   54  135 683286.719    0.00000   100%  30.7 1590s
 393441 198912 infeasible   67      683286.719    0.00000   100%  30.7 1595s
 394912 199880 infeasible   66      683286.719    0.00000   100%  30.7 1600s
H395760 198628                    677639.25177    0.00000   100%  30.7 1602s
 396531 199221 91312.9718   46  142 677639.252    0.00000   100%  30.7 1605s
H397313 199702                    677187.89673    0.00000   100%  30.8 1607s
H397622 199787                    676939.70989    0.00000   100%  30.8 1608s
 398471 200436 88915.4363   55  141 676939.710    0.00000   100%  30.8 1610s
 400513 201786     cutoff  104      676939.710    0.00000   100%  30.8 1615s
 401511 202291 467970.243   62  131 676939.710    0.00000   100%  30.8 1620s
 402614 202981 132135.881   68  132 676939.710    0.00000   100%  30.8 1625s
 403965 203794 113831.226   58  140 676939.710    0.00000   100%  30.8 1631s
 405077 204448 259058.804   71  128 676939.710    0.00000   100%  30.8 1636s
 406157 205162 infeasible   89      676939.710    0.00000   100%  30.8 1641s
 407061 205857 212909.019   53  145 676939.710    0.00000   100%  30.9 1645s
 408656 206478     cutoff   79      676939.710    0.00000   100%  30.8 1651s
 409795 207150 230133.397   94  114 676939.710    0.00000   100%  30.9 1656s
 410515 207519 572571.543   80  121 676939.710    0.00000   100%  30.9 1660s
 412142 208582 233156.655   65  138 676939.710    0.00000   100%  30.9 1665s
 413814 209517 472352.218   71  123 676939.710    0.00000   100%  30.9 1671s
 414633 210154 561478.317   98  116 676939.710    0.00000   100%  30.9 1675s
 415800 210681 infeasible   79      676939.710    0.00000   100%  31.0 1680s
 417600 212144 630100.142   82  119 676939.710    0.00000   100%  30.9 1685s
 419654 213487 589304.987  124  115 676939.710    0.00000   100%  30.8 1690s
 421064 214326 424534.761   71  125 676939.710    0.00000   100%  30.8 1695s
 421944 214966 89266.4887   48  151 676939.710    0.00000   100%  30.8 1700s
 423464 215984 102612.896   49  138 676939.710    0.00000   100%  30.8 1705s
 425254 217153 410821.510   67  122 676939.710    0.00000   100%  30.8 1710s
 426532 217905 91961.2446   48  146 676939.710    0.00000   100%  30.8 1715s
 427455 218612 91633.6225   45  153 676939.710    0.00000   100%  30.9 1720s
 428858 219414 109384.998   54  144 676939.710    0.00000   100%  30.9 1725s
 430012 220258 98750.9710   50  145 676939.710    0.00000   100%  30.9 1730s
 431144 220954 113205.026   58  155 676939.710    0.00000   100%  30.9 1735s
 432379 221597 219092.421   60  140 676939.710    0.00000   100%  30.9 1740s
 433428 222262     cutoff   76      676939.710    0.00000   100%  30.9 1745s
 434833 222943     cutoff   83      676939.710    0.00000   100%  31.0 1750s
 436228 223854    0.00000   56  132 676939.710    0.00000   100%  31.0 1755s
 437306 224532     cutoff   79      676939.710    0.00000   100%  31.0 1760s
 438487 225339 462290.951   73  112 676939.710    0.00000   100%  31.0 1765s
 439785 226147     cutoff   75      676939.710    0.00000   100%  31.0 1770s
 440884 226797 489145.074   71  115 676939.710    0.00000   100%  31.0 1775s
 442042 227417 130565.492   61  135 676939.710    0.00000   100%  31.1 1780s
 442926 228032    0.00000   64  132 676939.710    0.00000   100%  31.1 1786s
 444193 228819 44553.7049   62  128 676939.710    0.00000   100%  31.1 1791s
 445068 229377 113108.322   49  136 676939.710    0.00000   100%  31.1 1795s
 446289 230122 307426.755   47  172 676939.710    0.00000   100%  31.1 1800s
 447442 230716 infeasible   70      676939.710    0.00000   100%  31.1 1806s
 447974 231092 575694.923   72  115 676939.710    0.00000   100%  31.2 1810s
 449161 231907 6705.49009   59  144 676939.710    0.00000   100%  31.2 1815s
 450282 232769 98750.0507   49  146 676939.710    0.00000   100%  31.2 1820s
 451633 233802 37528.1760   61  136 676939.710    0.00000   100%  31.2 1825s
 452847 234527 675096.038   71  126 676939.710    0.00000   100%  31.2 1831s
 453963 235230 101288.602   57  139 676939.710    0.00000   100%  31.2 1835s
 455053 235880 676857.635   70  129 676939.710    0.00000   100%  31.2 1840s
 456466 236637 115597.978   61  140 676939.710    0.00000   100%  31.3 1845s
 457648 237229     cutoff   73      676939.710    0.00000   100%  31.3 1850s
H457690 204705                    595589.78809    0.00000   100%  31.3 1850s
 458550 205496     cutoff   72      595589.788    0.00000   100%  31.3 1855s
 460181 206334 112302.917   63  136 595589.788    0.00000   100%  31.3 1861s
 461248 206956 471773.536   72  116 595589.788    0.00000   100%  31.4 1866s
H461903 206762                    594282.34523    0.00000   100%  31.4 1869s
 462130 206902     cutoff   72      594282.345    0.00000   100%  31.4 1870s
 463350 207485 212436.206   59  141 594282.345    0.00000   100%  31.5 1875s
H463744 207651                    594267.47815    0.00000   100%  31.5 1876s
 464473 208182 224911.356   63  127 594267.478    0.00000   100%  31.5 1880s
 465603 208760 122179.117   68  127 594267.478    0.00000   100%  31.5 1885s
 466621 209387 482299.663   69  122 594267.478    0.00000   100%  31.6 1890s
 467715 210135 470529.825   71  117 594267.478    0.00000   100%  31.6 1897s
 468719 210698 466754.598   66  147 594267.478    0.00000   100%  31.6 1901s
 469748 211334    0.00000   53  133 594267.478    0.00000   100%  31.6 1905s
 471062 212053 124575.033   63  143 594267.478    0.00000   100%  31.6 1910s
 472190 212730     cutoff  102      594267.478    0.00000   100%  31.6 1916s
 473051 213152 411854.615   66  131 594267.478    0.00000   100%  31.6 1920s
 474247 213723 514040.270   68  122 594267.478    0.00000   100%  31.7 1925s
H474570 213873                    594254.43523    0.00000   100%  31.7 1927s
 475332 214353     cutoff   70      594254.435    0.00000   100%  31.7 1931s
 476493 215016    0.00000   51  142 594254.435    0.00000   100%  31.7 1935s
 477699 215629 500382.507   79  127 594254.435    0.00000   100%  31.7 1941s
 478379 216068 50185.1054   56  146 594254.435    0.00000   100%  31.8 1945s
 479244 216720 329588.170   68  133 594254.435    0.00000   100%  31.8 1950s
 480802 217753    0.00000   58  142 594254.435    0.00000   100%  31.8 1956s
 482066 218457    0.00000   55  130 594254.435    0.00000   100%  31.8 1961s
 482965 219064 220579.002   68  140 594254.435    0.00000   100%  31.8 1965s
 483890 219558 434923.514   76  118 594254.435    0.00000   100%  31.8 1970s
 485050 220154 209791.843   52  166 594254.435    0.00000   100%  31.8 1976s
 485882 220722 586061.194   71  122 594254.435    0.00000   100%  31.8 1980s
 487241 221515 224524.660   67  118 594254.435    0.00000   100%  31.8 1985s
 488120 221927 infeasible   69      594254.435    0.00000   100%  31.8 1991s
 488705 222197 145421.324   66  148 594254.435    0.00000   100%  31.9 1995s
 489886 222861 263288.379   45  145 594254.435    0.00000   100%  31.9 2001s
 490846 223478 441802.159   66  125 594254.435    0.00000   100%  31.9 2005s
H491164 222137                    590981.35946    0.00000   100%  31.9 2006s
H491422 222321                    590981.35486    0.00000   100%  31.9 2008s
 492082 222687 87738.6000   42  156 590981.355    0.00000   100%  31.9 2011s
 493018 223191 102841.635   56  132 590981.355    0.00000   100%  31.9 2015s
 493844 223702 145751.377   63  127 590981.355    0.00000   100%  31.9 2020s
 495015 224314 205046.554   54  150 590981.355    0.00000   100%  31.9 2025s
H495262 224518                    590884.56858    0.00000   100%  31.9 2027s
 495914 224766 301519.223   69  125 590884.569    0.00000   100%  31.9 2030s
 497238 225510 466638.451   74  119 590884.569    0.00000   100%  31.9 2035s
 498346 226210     cutoff   70      590884.569    0.00000   100%  32.0 2041s
 499139 226596    0.00000   58  140 590884.569    0.00000   100%  32.0 2045s
 500343 227347 486206.955   65  121 590884.569    0.00000   100%  32.0 2050s
 501716 228193 270944.092   67  126 590884.569    0.00000   100%  32.0 2055s
 502890 228795 191432.401   64  138 590884.569    0.00000   100%  32.0 2061s
 503739 229318     cutoff   68      590884.569    0.00000   100%  32.0 2065s
 504809 229867     cutoff   79      590884.569    0.00000   100%  32.0 2071s
 505761 230460    0.00000   55  135 590884.569    0.00000   100%  32.0 2075s
 507460 231386 109635.997   74  132 590884.569    0.00000   100%  32.0 2080s
H508145 230146                    587850.81012    0.00000   100%  32.1 2083s
 508178 230376 33178.7130   74  138 587850.810    0.00000   100%  32.1 2085s
 509408 230969     cutoff   87      587850.810    0.00000   100%  32.1 2091s
 510217 231440 485092.605   71  121 587850.810    0.00000   100%  32.1 2095s
 511338 232109 infeasible   77      587850.810    0.00000   100%  32.1 2100s
 512447 232624 123624.715   64  127 587850.810    0.00000   100%  32.1 2105s
 513513 233191 114204.854   63  129 587850.810    0.00000   100%  32.1 2110s
 514389 233657 28445.4940   61  138 587850.810    0.00000   100%  32.1 2115s
H514675 233623                    587529.15537    0.00000   100%  32.1 2116s
H515041 233858                    587518.15693    0.00000   100%  32.1 2118s
 515532 234265     cutoff   65      587518.157    0.00000   100%  32.1 2120s
H516080 234220                    586969.69433    0.00000   100%  32.1 2122s
 516828 234770 121794.438   63  133 586969.694    0.00000   100%  32.2 2126s
 517951 235525 295068.685   49  145 586969.694    0.00000   100%  32.2 2131s
 518979 235915 infeasible   58      586969.694    0.00000   100%  32.2 2135s
 519944 236488    0.00000   53  134 586969.694    0.00000   100%  32.2 2140s
 521132 237156 319472.248   79  126 586969.694    0.00000   100%  32.2 2146s
 522188 237756 325853.072   68  123 586969.694    0.00000   100%  32.2 2150s
 523403 238340 343781.462   74  123 586969.694    0.00000   100%  32.2 2155s
 524291 238876    0.00000   47  139 586969.694    0.00000   100%  32.3 2160s
H524726 239012                    586969.61316    0.00000   100%  32.3 2163s
 525052 239358 305080.763   55  135 586969.613    0.00000   100%  32.3 2165s
H526081 239820                    586933.66819    0.00000   100%  32.3 2169s
 526222 240074 87021.1698   51  144 586933.668    0.00000   100%  32.3 2171s
H526619 240221                    586893.29574    0.00000   100%  32.3 2172s
H526892 240419                    586893.25738    0.00000   100%  32.3 2173s
 527506 240726 484624.089   79  121 586893.257    0.00000   100%  32.3 2176s
H528370 240558                    585428.34423    0.00000   100%  32.3 2179s
 528587 240741 527142.864   63  126 585428.344    0.00000   100%  32.3 2180s
 529953 241338 496834.356   71  117 585428.344    0.00000   100%  32.3 2186s
H530178 241593                    585253.14955    0.00000   100%  32.3 2188s
H530349 241278                    584606.00731    0.00000   100%  32.3 2188s
H530645 241387                    584605.91787    0.00000   100%  32.3 2189s
 530741 241551    0.00000   42  149 584605.918    0.00000   100%  32.3 2191s
H531835 236554                    573128.09928    0.00000   100%  32.3 2195s
 532838 237163 461918.403   67  111 573128.099    0.00000   100%  32.3 2200s
 533787 237873 3884.04540   55  144 573128.099    0.00000   100%  32.3 2205s
 534948 238522 329956.412   55  145 573128.099    0.00000   100%  32.3 2212s
 535495 238989 88947.5712   44  154 573128.099    0.00000   100%  32.3 2215s
 536629 239715 256769.682   59  130 573128.099    0.00000   100%  32.4 2220s
 537766 240543 210861.300   54  136 573128.099    0.00000   100%  32.4 2225s
 539154 241370 149312.313   54  140 573128.099    0.00000   100%  32.4 2230s
 540192 241730 157306.826   61  132 573128.099    0.00000   100%  32.4 2236s
H540209 237476                    564251.47934    0.00000   100%  32.4 2236s
 540840 237980 76981.0128   64  129 564251.479    0.00000   100%  32.4 2240s
 542633 238847     cutoff   74      564251.479    0.00000   100%  32.4 2245s
 543914 239588 340698.221   59  128 564251.479    0.00000   100%  32.5 2251s
 545009 240267    0.00000   48  136 564251.479    0.00000   100%  32.5 2256s
 545589 240746 290185.352   59  128 564251.479    0.00000   100%  32.5 2260s
 546867 241535 26766.6175   57  137 564251.479    0.00000   100%  32.5 2266s
 548027 242137    0.00000   43  134 564251.479    0.00000   100%  32.5 2270s
 549424 242928     cutoff   76      564251.479    0.00000   100%  32.5 2275s
 550264 243409 496520.561   69  114 564251.479    0.00000   100%  32.5 2281s
H550564 243409                    564251.43153    0.00000   100%  32.5 2281s
 551585 244312    0.00000   49  139 564251.432    0.00000   100%  32.5 2286s
 552496 244768     cutoff   67      564251.432    0.00000   100%  32.5 2290s
 553702 245547 409199.158   75  117 564251.432    0.00000   100%  32.5 2296s
H554240 245693                    564182.70716    0.00000   100%  32.5 2297s
H554847 246105                    564182.68564    0.00000   100%  32.5 2301s
 555771 246576 319108.430   51  164 564182.686    0.00000   100%  32.5 2305s
 557081 247352 372790.903   63  131 564182.686    0.00000   100%  32.5 2310s
 558279 248094 194168.993   42  185 564182.686    0.00000   100%  32.5 2315s
 559628 248896 453692.214   70  131 564182.686    0.00000   100%  32.5 2320s
 560812 249501 342209.388   74  124 564182.686    0.00000   100%  32.5 2325s
 562270 250327 infeasible   65      564182.686    0.00000   100%  32.5 2330s
 563444 250830     cutoff   78      564182.686    0.00000   100%  32.5 2335s
 564592 251567 521475.811   80  127 564182.686    0.00000   100%  32.5 2340s
 565806 252178 91607.2961   48  143 564182.686    0.00000   100%  32.5 2345s
 566633 252607 161885.899   66  135 564182.686    0.00000   100%  32.5 2351s
H567003 252749                    564132.88213    0.00000   100%  32.6 2352s
 567478 253104 329178.818   75  127 564132.882    0.00000   100%  32.6 2355s
H567777 253375                    564132.87816    0.00000   100%  32.6 2356s
 569256 254118 93871.9895   50  145 564132.878    0.00000   100%  32.6 2361s
H569387 253958                    563841.05070    0.00000   100%  32.6 2361s
H569532 254076                    563841.02094    0.00000   100%  32.6 2362s
H569905 254252                    563839.85157    0.00000   100%  32.6 2363s
 570046 254563 103650.642   53  142 563839.852    0.00000   100%  32.6 2365s
H570854 254831                    563762.05847    0.00000   100%  32.6 2367s
H571024 254999                    563762.04991    0.00000   100%  32.6 2369s
 571327 255176 107973.865   54  153 563762.050    0.00000   100%  32.6 2370s
 572770 256028     cutoff   68      563762.050    0.00000   100%  32.5 2376s
 573662 256790 432397.336   52  176 563762.050    0.00000   100%  32.5 2380s
 575223 257859 497838.145   73  118 563762.050    0.00000   100%  32.5 2385s
 576496 258739 infeasible   77      563762.050    0.00000   100%  32.5 2390s
 577772 259391 18127.6229   58  130 563762.050    0.00000   100%  32.5 2395s
 579234 260088 97631.4142   53  139 563762.050    0.00000   100%  32.5 2401s
 580458 260699 72349.9069   67  122 563762.050    0.00000   100%  32.5 2405s
 581430 261152 95711.8003   51  151 563762.050    0.00000   100%  32.5 2410s
 582577 261782 23214.6428   66  141 563762.050    0.00000   100%  32.5 2415s
 583954 262398     cutoff   76      563762.050    0.00000   100%  32.5 2420s
 584630 262938 476677.702  114  121 563762.050    0.00000   100%  32.5 2426s
 585932 263675 322135.426   59  142 563762.050    0.00000   100%  32.5 2430s
 586802 263996 131701.362   72  127 563762.050    0.00000   100%  32.5 2435s
 588115 264931 106788.550   54  154 563762.050    0.00000   100%  32.4 2440s
 589436 265710    0.00000   50  134 563762.050    0.00000   100%  32.5 2445s
 590365 266379 43922.8737   70  137 563762.050    0.00000   100%  32.5 2450s
 591635 267037     cutoff   77      563762.050    0.00000   100%  32.5 2456s
 592537 267579 14512.2095   60  147 563762.050    0.00000   100%  32.5 2460s
 594059 268248 438654.795   83  116 563762.050    0.00000   100%  32.5 2466s
 595167 268869    0.00000   59  148 563762.050    0.00000   100%  32.5 2470s
H596069 268271                    561723.09258    0.00000   100%  32.5 2472s
H596191 268421                    561723.08996    0.00000   100%  32.5 2474s
 596482 268559 72843.4635   68  134 561723.090    0.00000   100%  32.5 2475s
 597500 269145 414351.279   72  127 561723.090    0.00000   100%  32.5 2480s
 598563 269731    0.00000   37  149 561723.090    0.00000   100%  32.5 2485s
 600182 271017 439004.238  182  115 561723.090    0.00000   100%  32.4 2491s
 601633 271710 442091.844   69  126 561723.090    0.00000   100%  32.4 2496s
H601907 271006                    560056.73206    0.00000   100%  32.4 2497s
 602237 271351 61277.0937   65  139 560056.732    0.00000   100%  32.4 2500s
H602642 271541                    560056.73200    0.00000   100%  32.4 2501s
 603703 272118     cutoff   70      560056.732    0.00000   100%  32.4 2505s
 604929 272964 410221.600   88  113 560056.732    0.00000   100%  32.4 2511s
 606066 273650 264588.748   66  124 560056.732    0.00000   100%  32.4 2515s
 606914 274158 106467.899   54  140 560056.732    0.00000   100%  32.4 2520s
 608184 274922 338832.770   74  122 560056.732    0.00000   100%  32.4 2525s
H608841 275165                    559919.11214    0.00000   100%  32.4 2528s
 609479 275398 387857.719   81  121 559919.112    0.00000   100%  32.4 2530s
 610966 276134     cutoff   78      559919.112    0.00000   100%  32.4 2535s
 612056 276838 382750.115   76  122 559919.112    0.00000   100%  32.4 2540s
 613240 277750 246788.512   72  117 559919.112    0.00000   100%  32.4 2545s
 614382 278432 228089.060   76  119 559919.112    0.00000   100%  32.3 2550s
 616243 279321 358005.564   67  129 559919.112    0.00000   100%  32.3 2555s
 617435 280137 98102.6982   50  152 559919.112    0.00000   100%  32.3 2560s
H618349 280496                    559877.03224    0.00000   100%  32.3 2562s
 618780 280802 28429.7006   62  147 559877.032    0.00000   100%  32.3 2565s
 619982 281435 410617.013   72  114 559877.032    0.00000   100%  32.3 2571s
 620914 281986    0.00000   58  139 559877.032    0.00000   100%  32.3 2575s
 621771 282495 13701.2769   69  132 559877.032    0.00000   100%  32.3 2580s
 622573 283007 513705.804   74  120 559877.032    0.00000   100%  32.3 2585s
 623859 283631 4094.58859   60  138 559877.032    0.00000   100%  32.3 2590s
H624626 283967                    559789.08543    0.00000   100%  32.3 2593s
 625123 284293    0.00000   52  139 559789.085    0.00000   100%  32.4 2595s
 626173 284837 5098.23850   57  153 559789.085    0.00000   100%  32.4 2600s
 627291 285547    0.00000   52  129 559789.085    0.00000   100%  32.4 2605s
 628399 286106 234983.264   63  135 559789.085    0.00000   100%  32.4 2610s
 629566 286801     cutoff   71      559789.085    0.00000   100%  32.4 2615s
H630233 287012                    559775.06001    0.00000   100%  32.4 2617s
 630634 287289    0.00000   52  131 559775.060    0.00000   100%  32.4 2620s
H631409 286892                    558602.69083    0.00000   100%  32.4 2624s
 631734 287052 8137.18187   63  143 558602.691    0.00000   100%  32.4 2625s
 632828 287529 112041.916   63  136 558602.691    0.00000   100%  32.4 2630s
 633627 288271 infeasible   75      558602.691    0.00000   100%  32.4 2635s
H634015 282523                    545627.42644    0.00000   100%  32.4 2636s
 635321 283194 250933.845   71  120 545627.426    0.00000   100%  32.4 2640s
H636400 283725                    545427.09841    0.00000   100%  32.4 2644s
 636557 283867     cutoff   82      545427.098    0.00000   100%  32.4 2645s
 637886 284465     cutoff   82      545427.098    0.00000   100%  32.4 2651s
 638854 285256 188411.251   45  152 545427.098    0.00000   100%  32.4 2655s
 640267 286093    0.00000   48  135 545427.098    0.00000   100%  32.4 2660s
 641639 286828 480911.910   73  110 545427.098    0.00000   100%  32.4 2665s
 643132 287414 infeasible   83      545427.098    0.00000   100%  32.3 2670s
H643855 287552                    545023.50580    0.00000   100%  32.3 2673s
 644387 287969 34853.9396   68  139 545023.506    0.00000   100%  32.3 2675s
 645756 288617     cutoff   78      545023.506    0.00000   100%  32.3 2680s
 646912 289239 218920.049   65  130 545023.506    0.00000   100%  32.3 2685s
 648191 289709 278398.210   76  118 545023.506    0.00000   100%  32.3 2690s
 649762 290644 421312.497  147  105 545023.506    0.00000   100%  32.3 2695s
 651043 291318 130088.866   72  135 545023.506    0.00000   100%  32.2 2700s
 652459 292174     cutoff   85      545023.506    0.00000   100%  32.2 2706s
H652923 292175                    544733.56790    0.00000   100%  32.2 2707s
 653331 292432 114850.924   55  134 544733.568    0.00000   100%  32.2 2710s
 654790 293102 7736.50952   64  135 544733.568    0.00000   100%  32.2 2716s
 656035 293604     cutoff   91      544733.568    0.00000   100%  32.2 2720s
 657239 294211 112670.524   49  141 544733.568    0.00000   100%  32.2 2725s
 658604 294889     cutoff   69      544733.568    0.00000   100%  32.2 2731s
 659476 295630 496528.143   76  125 544733.568    0.00000   100%  32.2 2735s
 660701 296265 53745.1337   67  130 544733.568    0.00000   100%  32.2 2740s
 661943 297044 317030.940   76  120 544733.568    0.00000   100%  32.2 2745s
H663173 297430                    544653.46166    0.00000   100%  32.1 2748s
 663265 297719     cutoff   75      544653.462    0.00000   100%  32.1 2750s
 664893 298837 147361.790   68  132 544653.462    0.00000   100%  32.1 2755s
 666576 299784  950.19272   54  136 544653.462    0.00000   100%  32.1 2760s
 667864 300445 19757.2094   57  144 544653.462    0.00000   100%  32.1 2765s
 669211 301176 86183.6635   75  123 544653.462    0.00000   100%  32.0 2770s
 670813 302485 6441.11975   53  153 544653.462    0.00000   100%  32.0 2775s
 672554 303424 198472.577   74  118 544653.462    0.00000   100%  32.0 2780s
 673708 304026     cutoff   94      544653.462    0.00000   100%  32.0 2785s
 674619 304516 111116.902   59  147 544653.462    0.00000   100%  31.9 2790s
 675969 305099     cutoff   78      544653.462    0.00000   100%  31.9 2795s
 676569 305488 59168.9496   67  133 544653.462    0.00000   100%  31.9 2800s
 677727 306101     cutoff   73      544653.462    0.00000   100%  31.9 2805s
 679131 306799 54132.4805   64  137 544653.462    0.00000   100%  31.9 2810s
 680302 307645 384038.325   71  128 544653.462    0.00000   100%  31.9 2816s
 681443 308328    0.00000   48  142 544653.462    0.00000   100%  31.9 2820s
H681750 308512                    544442.40311    0.00000   100%  31.9 2821s
 682897 308946 160763.684   73  117 544442.403    0.00000   100%  31.9 2825s
H683549 309204                    544426.30367    0.00000   100%  31.9 2828s
 683987 309455 243393.723   76  118 544426.304    0.00000   100%  31.9 2830s
 685053 310243 301958.399  130  117 544426.304    0.00000   100%  31.8 2835s
 686773 311185 473325.911   66  124 544426.304    0.00000   100%  31.8 2840s
 688045 311998 477771.437   75  118 544426.304    0.00000   100%  31.8 2845s
 689307 312666 127826.287   68  133 544426.304    0.00000   100%  31.8 2850s
 690796 313606     cutoff  105      544426.304    0.00000   100%  31.8 2855s
 692504 314967 424206.014  112  120 544426.304    0.00000   100%  31.7 2860s
H694072 315183                    543035.42501    0.00000   100%  31.7 2866s
 695047 315751 122980.835   64  128 543035.425    0.00000   100%  31.7 2870s
 696427 316691 338221.068  129  112 543035.425    0.00000   100%  31.7 2876s
 697823 317419 500646.184  128  119 543035.425    0.00000   100%  31.6 2880s
 699335 318405 13612.2874   62  145 543035.425    0.00000   100%  31.6 2885s
H699678 316897                    540058.87669    0.00000   100%  31.6 2886s
 700399 317399 230910.865   60  141 540058.877    0.00000   100%  31.6 2890s
 701687 318022 54585.4168   66  127 540058.877    0.00000   100%  31.6 2895s
 702801 318707 378425.684   83  115 540058.877    0.00000   100%  31.6 2900s
 704259 319707 355495.404  111  112 540058.877    0.00000   100%  31.6 2905s
 705406 320339 66255.1321   69  131 540058.877    0.00000   100%  31.6 2910s
 706610 321016    0.00000   46  140 540058.877    0.00000   100%  31.6 2915s
 707916 321677 457698.336   63  124 540058.877    0.00000   100%  31.6 2920s
 709147 322330 345400.490   64  139 540058.877    0.00000   100%  31.6 2925s
 710021 322761 131774.880   66  138 540058.877    0.00000   100%  31.6 2930s
 711084 323282 94019.3741   47  155 540058.877    0.00000   100%  31.6 2936s
 712118 323838 499055.523   68  121 540058.877    0.00000   100%  31.6 2940s
 712970 324354 234209.585   54  148 540058.877    0.00000   100%  31.6 2945s
 714024 324987 209206.326   53  143 540058.877    0.00000   100%  31.6 2950s
 714980 325480 279154.095   66  121 540058.877    0.00000   100%  31.6 2955s
 715806 326008 110461.123   58  141 540058.877    0.00000   100%  31.6 2960s
 717037 326659     cutoff   79      540058.877    0.00000   100%  31.6 2965s
 718056 327224 178856.317   56  135 540058.877    0.00000   100%  31.7 2970s
 719226 327898 223618.595   66  129 540058.877    0.00000   100%  31.7 2975s
H720219 328117                    539565.02301    0.00000   100%  31.7 2980s
 721120 328812 83168.9423   48  159 539565.023    0.00000   100%  31.7 2985s
 722244 329330 infeasible   66      539565.023    0.00000   100%  31.7 2990s
 723229 329881 118340.411   50  135 539565.023    0.00000   100%  31.7 2996s
 724332 330430 438900.455   63  134 539565.023    0.00000   100%  31.7 3001s
 725355 330941 450836.195   89  112 539565.023    0.00000   100%  31.7 3006s
 726215 331512 94879.9728   46  152 539565.023    0.00000   100%  31.8 3010s
 727492 332293 219733.944   51  134 539565.023    0.00000   100%  31.8 3015s
 728887 333124 5013.33095   59  151 539565.023    0.00000   100%  31.8 3021s
 729877 333673 94625.0328   48  148 539565.023    0.00000   100%  31.8 3025s
H730183 333841                    539533.56719    0.00000   100%  31.8 3027s
 730874 334181 482300.556   74  119 539533.567    0.00000   100%  31.8 3031s
 731843 334678 204885.730   72  127 539533.567    0.00000   100%  31.8 3035s
 733057 335413 451169.989   90  115 539533.567    0.00000   100%  31.8 3040s
 734533 336311 296900.112   73  125 539533.567    0.00000   100%  31.8 3045s
 735887 336988 470066.848   75  124 539533.567    0.00000   100%  31.8 3050s
 737042 337645 106478.455   57  139 539533.567    0.00000   100%  31.8 3056s
 738245 338398 477019.983   68  121 539533.567    0.00000   100%  31.8 3061s
 739393 339030     cutoff  133      539533.567    0.00000   100%  31.8 3065s
 740783 339775 infeasible  137      539533.567    0.00000   100%  31.8 3071s
 741395 340293 62980.8927   68  135 539533.567    0.00000   100%  31.8 3075s
 742846 340927 25303.8307   56  141 539533.567    0.00000   100%  31.8 3080s
 743845 341543 436235.725   68  121 539533.567    0.00000   100%  31.8 3086s
 744946 342253 350300.917   80  110 539533.567    0.00000   100%  31.8 3090s
 746378 343108 468425.618   78  120 539533.567    0.00000   100%  31.8 3096s
 747720 343711 430072.563   68  127 539533.567    0.00000   100%  31.8 3100s
H748755 344366                    539505.72501    0.00000   100%  31.8 3103s
 748977 345066 185271.867   85  110 539505.725    0.00000   100%  31.7 3105s
H749790 345528                    539505.70095    0.00000   100%  31.7 3107s
 751311 346536 412255.893  144  106 539505.701    0.00000   100%  31.7 3111s
 752412 347405 382357.756  149  120 539505.701    0.00000   100%  31.6 3115s
 754230 348373 23250.6505   74  126 539505.701    0.00000   100%  31.6 3120s
 755381 349096    0.00000   60  125 539505.701    0.00000   100%  31.6 3125s
 756718 349905     cutoff   77      539505.701    0.00000   100%  31.6 3130s
 757891 350573 143326.639   67  131 539505.701    0.00000   100%  31.5 3135s
 759918 351825 387662.110   80  116 539505.701    0.00000   100%  31.5 3141s
 761234 352414 472463.173   73  141 539505.701    0.00000   100%  31.5 3145s
 762026 352756 15921.2684   62  140 539505.701    0.00000   100%  31.5 3150s
 763504 353781     cutoff   75      539505.701    0.00000   100%  31.5 3155s
 764799 354515     cutoff   73      539505.701    0.00000   100%  31.4 3160s
 766678 355521 384881.304  190  106 539505.701    0.00000   100%  31.4 3166s
 767665 356265 138895.330   71  125 539505.701    0.00000   100%  31.4 3170s
 769086 357162     cutoff   79      539505.701    0.00000   100%  31.4 3175s
 770599 357786 403871.793   80  116 539505.701    0.00000   100%  31.4 3180s
 771643 358321 301073.077   67  124 539505.701    0.00000   100%  31.3 3185s
 773126 359059     cutoff   94      539505.701    0.00000   100%  31.3 3190s
 774521 360081 239423.991   67  131 539505.701    0.00000   100%  31.3 3195s
 776049 360677     cutoff   72      539505.701    0.00000   100%  31.3 3200s
 777799 361627 42226.0341   73  134 539505.701    0.00000   100%  31.3 3205s
 779639 362837 468268.454   74  123 539505.701    0.00000   100%  31.2 3210s
 781514 363815    0.00000   65  131 539505.701    0.00000   100%  31.2 3215s
 783369 364852 62922.9696   61  126 539505.701    0.00000   100%  31.2 3220s
 784866 366023 289180.249  136  111 539505.701    0.00000   100%  31.1 3225s
 786654 367046     cutoff   80      539505.701    0.00000   100%  31.1 3230s
 788277 368008 504572.377   79  129 539505.701    0.00000   100%  31.1 3235s
 789820 368725     cutoff   80      539505.701    0.00000   100%  31.0 3240s
 791004 369272     cutoff   78      539505.701    0.00000   100%  31.0 3245s
 792337 369880    0.00000   57  132 539505.701    0.00000   100%  31.0 3250s
 793574 370619     cutoff   88      539505.701    0.00000   100%  31.0 3255s
 794773 371378 1053.48801   59  140 539505.701    0.00000   100%  31.0 3260s
 796287 372564 516237.666  101  105 539505.701    0.00000   100%  31.0 3265s
H797644 373377                    539458.81235    0.00000   100%  30.9 3269s
 797769 373454 225653.240   71  127 539458.812    0.00000   100%  30.9 3270s
 799202 374478 296574.254   82  123 539458.812    0.00000   100%  30.9 3275s
 800703 375359 313413.685   66  138 539458.812    0.00000   100%  30.9 3280s
H800877 375359                    539458.81230    0.00000   100%  30.9 3280s
 802399 376434 9938.89567   77  119 539458.812    0.00000   100%  30.9 3285s
 803923 377298 530890.847   82  104 539458.812    0.00000   100%  30.8 3291s
 805223 377814 130062.784   75  120 539458.812    0.00000   100%  30.8 3295s
 806545 378394    0.00000   69  122 539458.812    0.00000   100%  30.8 3300s
 807795 379065 102450.380   73  132 539458.812    0.00000   100%  30.8 3305s
 808924 379696    0.00000   54  133 539458.812    0.00000   100%  30.8 3310s
H809846 379969                    539453.40956    0.00000   100%  30.8 3313s
 810302 380273 226546.958   67  129 539453.410    0.00000   100%  30.8 3315s
H810840 380519                    539446.89684    0.00000   100%  30.8 3316s
H811011 380599                    539445.36948    0.00000   100%  30.8 3317s
 811780 380943 322111.927   69  122 539445.369    0.00000   100%  30.8 3321s
 812862 381372    0.00000   63  129 539445.369    0.00000   100%  30.8 3325s
 813951 381914     cutoff   81      539445.369    0.00000   100%  30.8 3330s
 815138 382615 259640.808   57  128 539445.369    0.00000   100%  30.7 3335s
 816701 383224 304183.986   69  126 539445.369    0.00000   100%  30.7 3340s
 817977 383762     cutoff  181      539445.369    0.00000   100%  30.7 3345s
 819140 384284     cutoff   84      539445.369    0.00000   100%  30.7 3350s
 820679 384937 347328.112   86  121 539445.369    0.00000   100%  30.7 3355s
 821902 385561 334467.370   80  119 539445.369    0.00000   100%  30.7 3360s
H822138 383426                    535244.66116    0.00000   100%  30.7 3361s
H822549 383533                    535166.37234    0.00000   100%  30.7 3362s
 823325 383946 200072.875   77  119 535166.372    0.00000   100%  30.7 3366s
 824247 384282     cutoff   57      535166.372    0.00000   100%  30.7 3370s
 825160 384784 infeasible   75      535166.372    0.00000   100%  30.7 3375s
 826550 385447    0.00000   53  150 535166.372    0.00000   100%  30.7 3380s
H826969 385506                    534998.48694    0.00000   100%  30.7 3381s
 827817 386220     cutoff   81      534998.487    0.00000   100%  30.7 3385s
 829011 387123 323491.501   73  120 534998.487    0.00000   100%  30.6 3390s
 830884 388321 195918.490  102  109 534998.487    0.00000   100%  30.6 3396s
 832278 389483 357523.104  194  110 534998.487    0.00000   100%  30.6 3401s
 833935 390558 404574.774  418  109 534998.487    0.00000   100%  30.5 3405s
 835476 391383    0.00000   63  140 534998.487    0.00000   100%  30.5 3410s
 836802 392119 259471.137   72  125 534998.487    0.00000   100%  30.5 3415s
 838527 393347 441950.836   98  114 534998.487    0.00000   100%  30.5 3420s
 839667 393787 441673.105  103  105 534998.487    0.00000   100%  30.4 3426s
H839710 393787                    534998.34349    0.00000   100%  30.4 3426s
 840442 394411 527655.957   84  121 534998.343    0.00000   100%  30.4 3430s
 841966 395126 313792.319   65  140 534998.343    0.00000   100%  30.4 3435s
 843382 395874 127825.429   77  114 534998.343    0.00000   100%  30.4 3440s
 844553 396554 infeasible  113      534998.343    0.00000   100%  30.4 3445s
 845853 397221     cutoff   80      534998.343    0.00000   100%  30.4 3450s
 847200 397840 324889.025   78  116 534998.343    0.00000   100%  30.4 3455s
 848295 398317 285096.033   74  125 534998.343    0.00000   100%  30.4 3460s
 849579 398879     cutoff   83      534998.343    0.00000   100%  30.4 3465s
 851310 399674 470359.688   79  111 534998.343    0.00000   100%  30.3 3470s
 852600 400341 418266.765   73  129 534998.343    0.00000   100%  30.3 3475s
H853554 400750                    534998.29231    0.00000   100%  30.3 3479s
H853554 400750                    534996.81602    0.00000   100%  30.3 3479s
 853807 400864 469923.858   80  121 534996.816    0.00000   100%  30.3 3480s
 854933 401308     cutoff   74      534996.816    0.00000   100%  30.3 3485s
 856062 401830     cutoff   74      534996.816    0.00000   100%  30.3 3490s
 857453 402475    0.00000   72  133 534996.816    0.00000   100%  30.3 3495s
 858835 403278 421483.726   72  119 534996.816    0.00000   100%  30.3 3500s
 859865 403815    0.00000   62  121 534996.816    0.00000   100%  30.3 3505s
 861595 404613    0.00000   59  142 534996.816    0.00000   100%  30.3 3510s
 862755 405184 10127.4900   69  139 534996.816    0.00000   100%  30.3 3515s
 864082 405972 300868.588   66  115 534996.816    0.00000   100%  30.2 3520s
 865417 406442     cutoff   81      534996.816    0.00000   100%  30.2 3525s
H866253 406604                    534560.84471    0.00000   100%  30.2 3529s
 866705 406844 521517.655   77  119 534560.845    0.00000   100%  30.2 3531s
 867854 407382 446496.821   70  123 534560.845    0.00000   100%  30.2 3535s
 869271 408097 459552.733   76  118 534560.845    0.00000   100%  30.2 3540s
 870255 408535 53651.1946   70  131 534560.845    0.00000   100%  30.2 3545s
 871706 409251 327722.697   81  116 534560.845    0.00000   100%  30.2 3550s
 873193 410045 438276.622   93  108 534560.845    0.00000   100%  30.2 3555s
H873543 408997                    532211.53957    0.00000   100%  30.2 3556s
 874650 409412 392433.383   74  123 532211.540    0.00000   100%  30.2 3560s
 875952 409996 49628.2316   67  133 532211.540    0.00000   100%  30.2 3565s
 877266 410679 351121.473   77  111 532211.540    0.00000   100%  30.2 3570s
H877652 409313                    529757.52073    0.00000   100%  30.2 3571s
 878745 409820 322657.301   88  124 529757.521    0.00000   100%  30.1 3575s
H880122 410511                    529757.50284    0.00000   100%  30.1 3579s
H880231 410600                    529756.40188    0.00000   100%  30.1 3580s
 881378 411223    0.00000   66  128 529756.402    0.00000   100%  30.1 3585s
H882315 411807                    529590.52665    0.00000   100%  30.1 3588s
 882939 412227 209499.410   72  133 529590.527    0.00000   100%  30.1 3590s
H883120 412227                    529590.47797    0.00000   100%  30.1 3590s
 885038 413198 238579.028   72  119 529590.478    0.00000   100%  30.1 3595s
 886851 414114 101125.928   56  150 529590.478    0.00000   100%  30.1 3600s

Cutting planes:
  Implied bound: 7
  MIR: 74
  StrongCG: 1
  Flow cover: 9
  Zero half: 1
  RLT: 15
  Relax-and-lift: 10

Explored 886982 nodes (26687181 simplex iterations) in 3600.02 seconds (2606.02 work units)
Thread count was 2 (of 24 available processors)

Solution count 10: 529590 529591 529756 ... 535245

Time limit reached
Best objective 5.295904779742e+05, best bound 0.000000000000e+00, gap 100.0000%
