
Gurobi 11.0.3 (linux64, Java) logging started seg 22 dez 2025 09:52:18 -03

Set parameter WLSAccessID
Set parameter WLSSecret
Set parameter LicenseID to value 2566693
Academic license 2566693 - for non-commercial use only - registered to ja___@ufv.br
Set parameter NonConvex to value 2
Set parameter TimeLimit to value 3600
Set parameter LogToConsole to value 0
Set parameter MIPGap to value 1.2178160141013063e-07
Set parameter Threads to value 1
Set parameter NodefileDir to value "/home/ps12398/gp-momulap/goalProgrammingMarcos/"
Set parameter NodefileStart to value 0.1
Gurobi Optimizer version 11.0.3 build v11.0.3rc0 (linux64)

CPU model: Intel(R) Xeon(R) CPU           X5650  @ 2.67GHz, instruction set [SSE2]
Thread count: 12 physical cores, 24 logical processors, using up to 1 threads

Academic license 2566693 - for non-commercial use only - registered to ja___@ufv.br
Optimize a model with 18767 rows, 12728 columns and 54721 nonzeros
Model fingerprint: 0x88237da1
Model has 84 quadratic constraints
Variable types: 6326 continuous, 6402 integer (79 binary)
Coefficient statistics:
  Matrix range     [1e-02, 4e+06]
  QMatrix range    [1e-02, 7e+04]
  QLMatrix range   [1e+00, 7e+04]
  Objective range  [2e+00, 2e+07]
  Bounds range     [1e+00, 1e+08]
  RHS range        [1e+00, 4e+05]
Presolve removed 18302 rows and 12236 columns
Presolve time: 2.88s
Presolved: 1193 rows, 711 columns, 13536 nonzeros
Presolved model has 79 bilinear constraint(s)

Solving non-convex MIQCP

Variable types: 302 continuous, 409 integer (70 binary)
Found heuristic solution: objective 6216565.5834

Root relaxation: objective 0.000000e+00, 370 iterations, 0.49 seconds (0.02 work units)

    Nodes    |    Current Node    |     Objective Bounds      |     Work
 Expl Unexpl |  Obj  Depth IntInf | Incumbent    BestBd   Gap | It/Node Time

     0     0    0.00000    0  201 6216565.58    0.00000   100%     -    5s
H    0     0                    3411504.6520    0.00000   100%     -    5s
     0     0 54995.4547    0  324 3411504.65 54995.4547  98.4%     -    9s
     0     0 54995.4547    0  301 3411504.65 54995.4547  98.4%     -    9s
     0     0 56141.9518    0  307 3411504.65 56141.9518  98.4%     -   11s
     0     0 60207.1652    0  369 3411504.65 60207.1652  98.2%     -   14s
     0     0 60207.1652    0  226 3411504.65 60207.1652  98.2%     -   18s

Gurobi 11.0.3 (linux64, Java) logging started seg 22 dez 2025 09:56:04 -03

Set parameter WLSAccessID
Set parameter WLSSecret
Set parameter LicenseID to value 2566693
Academic license 2566693 - for non-commercial use only - registered to ja___@ufv.br
Set parameter NonConvex to value 2
Set parameter TimeLimit to value 3600
Set parameter LogToConsole to value 0
Set parameter MIPGap to value 1.2178160141013063e-07
Set parameter Threads to value 1
Set parameter NodefileDir to value "/home/ps12398/gp-momulap/goalProgrammingMarcos/"
Set parameter NodefileStart to value 0.1
Gurobi Optimizer version 11.0.3 build v11.0.3rc0 (linux64)

CPU model: Intel(R) Xeon(R) CPU           X5650  @ 2.67GHz, instruction set [SSE2]
Thread count: 12 physical cores, 24 logical processors, using up to 1 threads

Academic license 2566693 - for non-commercial use only - registered to ja___@ufv.br
Optimize a model with 18767 rows, 12728 columns and 54721 nonzeros
Model fingerprint: 0x88237da1
Model has 84 quadratic constraints
Variable types: 6326 continuous, 6402 integer (79 binary)
Coefficient statistics:
  Matrix range     [1e-02, 4e+06]
  QMatrix range    [1e-02, 7e+04]
  QLMatrix range   [1e+00, 7e+04]
  Objective range  [2e+00, 2e+07]
  Bounds range     [1e+00, 1e+08]
  RHS range        [1e+00, 4e+05]
Presolve removed 18302 rows and 12236 columns
Presolve time: 2.03s
Presolved: 1193 rows, 711 columns, 13536 nonzeros
Presolved model has 79 bilinear constraint(s)

Solving non-convex MIQCP

Variable types: 302 continuous, 409 integer (70 binary)
Found heuristic solution: objective 6216565.5834

Root relaxation: objective 0.000000e+00, 370 iterations, 0.37 seconds (0.02 work units)

    Nodes    |    Current Node    |     Objective Bounds      |     Work
 Expl Unexpl |  Obj  Depth IntInf | Incumbent    BestBd   Gap | It/Node Time

     0     0    0.00000    0  201 6216565.58    0.00000   100%     -    3s
H    0     0                    3411504.6520    0.00000   100%     -    4s
     0     0 54995.4547    0  324 3411504.65 54995.4547  98.4%     -    7s
     0     0 54995.4547    0  301 3411504.65 54995.4547  98.4%     -    7s
     0     0 56141.9518    0  307 3411504.65 56141.9518  98.4%     -    8s
     0     0 60207.1652    0  369 3411504.65 60207.1652  98.2%     -   11s
     0     0 60207.1652    0  226 3411504.65 60207.1652  98.2%     -   15s
     0     0 66652.1331    0  257 3411504.65 66652.1331  98.0%     -   18s
H    0     0                    3241372.4627 68267.9948  97.9%     -   19s
     0     0 68267.9948    0  253 3241372.46 68267.9948  97.9%     -   21s

Gurobi 11.0.3 (linux64, Java) logging started seg 22 dez 2025 11:15:57 -03

Set parameter WLSAccessID
Set parameter WLSSecret
Set parameter LicenseID to value 2566693
Academic license 2566693 - for non-commercial use only - registered to ja___@ufv.br
Set parameter NonConvex to value 2
Set parameter TimeLimit to value 3600
Set parameter LogToConsole to value 0
Set parameter MIPGap to value 1.2178160141013063e-07
Set parameter Threads to value 2
Set parameter Cuts to value 1
Set parameter NodefileDir to value "/home/ps12398/gp-momulap/goalProgrammingMarcos/"
Set parameter NodefileStart to value 0.1
Gurobi Optimizer version 11.0.3 build v11.0.3rc0 (linux64)

CPU model: Intel(R) Xeon(R) CPU           X5650  @ 2.67GHz, instruction set [SSE2]
Thread count: 12 physical cores, 24 logical processors, using up to 2 threads

Academic license 2566693 - for non-commercial use only - registered to ja___@ufv.br
Optimize a model with 18767 rows, 12728 columns and 54721 nonzeros
Model fingerprint: 0x88237da1
Model has 84 quadratic constraints
Variable types: 6326 continuous, 6402 integer (79 binary)
Coefficient statistics:
  Matrix range     [1e-02, 4e+06]
  QMatrix range    [1e-02, 7e+04]
  QLMatrix range   [1e+00, 7e+04]
  Objective range  [2e+00, 2e+07]
  Bounds range     [1e+00, 1e+08]
  RHS range        [1e+00, 4e+05]
Presolve removed 18302 rows and 12236 columns
Presolve time: 3.57s
Presolved: 1193 rows, 711 columns, 13536 nonzeros
Presolved model has 79 bilinear constraint(s)

Solving non-convex MIQCP

Variable types: 302 continuous, 409 integer (70 binary)
Found heuristic solution: objective 6216565.5834

Root relaxation: objective 0.000000e+00, 370 iterations, 0.47 seconds (0.02 work units)
Total elapsed time = 5.87s (DegenMoves)

    Nodes    |    Current Node    |     Objective Bounds      |     Work
 Expl Unexpl |  Obj  Depth IntInf | Incumbent    BestBd   Gap | It/Node Time

     0     0    0.00000    0  201 6216565.58    0.00000   100%     -    6s
H    0     0                    3411504.6520    0.00000   100%     -    6s

Gurobi 11.0.3 (linux64, Java) logging started seg 22 dez 2025 11:38:35 -03

Set parameter WLSAccessID
Set parameter WLSSecret
Set parameter LicenseID to value 2566693
Academic license 2566693 - for non-commercial use only - registered to ja___@ufv.br
Set parameter NonConvex to value 2
Set parameter TimeLimit to value 3600
Set parameter LogToConsole to value 0
Set parameter MIPGap to value 1.2178160141013063e-07
Set parameter Threads to value 2
Set parameter Cuts to value 1
Set parameter NodefileDir to value "/home/ps12398/gp-momulap/goalProgrammingMarcos/"
Set parameter NodefileStart to value 0.1
Gurobi Optimizer version 11.0.3 build v11.0.3rc0 (linux64)

CPU model: Intel(R) Xeon(R) CPU           X5650  @ 2.67GHz, instruction set [SSE2]
Thread count: 12 physical cores, 24 logical processors, using up to 2 threads

Academic license 2566693 - for non-commercial use only - registered to ja___@ufv.br
Optimize a model with 18767 rows, 12728 columns and 54721 nonzeros
Model fingerprint: 0x88237da1
Model has 84 quadratic constraints
Variable types: 6326 continuous, 6402 integer (79 binary)
Coefficient statistics:
  Matrix range     [1e-02, 4e+06]
  QMatrix range    [1e-02, 7e+04]
  QLMatrix range   [1e+00, 7e+04]
  Objective range  [2e+00, 2e+07]
  Bounds range     [1e+00, 1e+08]
  RHS range        [1e+00, 4e+05]
Presolve removed 18302 rows and 12236 columns
Presolve time: 3.13s
Presolved: 1193 rows, 711 columns, 13536 nonzeros
Presolved model has 79 bilinear constraint(s)

Solving non-convex MIQCP

Variable types: 302 continuous, 409 integer (70 binary)
Found heuristic solution: objective 6216565.5834

Root relaxation: objective 0.000000e+00, 370 iterations, 0.54 seconds (0.02 work units)

    Nodes    |    Current Node    |     Objective Bounds      |     Work
 Expl Unexpl |  Obj  Depth IntInf | Incumbent    BestBd   Gap | It/Node Time

     0     0    0.00000    0  201 6216565.58    0.00000   100%     -    4s
H    0     0                    3411504.6520    0.00000   100%     -    4s
     0     0 54995.4547    0  324 3411504.65 54995.4547  98.4%     -    7s
     0     0 54995.4547    0  301 3411504.65 54995.4547  98.4%     -    8s

Gurobi 11.0.3 (linux64, Java) logging started seg 22 dez 2025 11:56:02 -03

Set parameter WLSAccessID
Set parameter WLSSecret
Set parameter LicenseID to value 2566693
Academic license 2566693 - for non-commercial use only - registered to ja___@ufv.br
Set parameter NonConvex to value 2
Set parameter TimeLimit to value 3600
Set parameter LogToConsole to value 0
Set parameter MIPGap to value 1.2178160141013063e-07
Set parameter Threads to value 2
Set parameter Cuts to value 1
Set parameter NodefileDir to value "/home/ps12398/gp-momulap/goalProgrammingMarcos/"
Set parameter NodefileStart to value 0.1
Gurobi Optimizer version 11.0.3 build v11.0.3rc0 (linux64)

CPU model: Intel(R) Xeon(R) CPU           X5650  @ 2.67GHz, instruction set [SSE2]
Thread count: 12 physical cores, 24 logical processors, using up to 2 threads

Academic license 2566693 - for non-commercial use only - registered to ja___@ufv.br
Optimize a model with 18767 rows, 12728 columns and 54721 nonzeros
Model fingerprint: 0x88237da1
Model has 84 quadratic constraints
Variable types: 6326 continuous, 6402 integer (79 binary)
Coefficient statistics:
  Matrix range     [1e-02, 4e+06]
  QMatrix range    [1e-02, 7e+04]
  QLMatrix range   [1e+00, 7e+04]
  Objective range  [2e+00, 2e+07]
  Bounds range     [1e+00, 1e+08]
  RHS range        [1e+00, 4e+05]
Presolve removed 18302 rows and 12236 columns
Presolve time: 3.04s
Presolved: 1193 rows, 711 columns, 13536 nonzeros
Presolved model has 79 bilinear constraint(s)

Solving non-convex MIQCP

Variable types: 302 continuous, 409 integer (70 binary)
Found heuristic solution: objective 6216565.5834

Root relaxation: objective 0.000000e+00, 370 iterations, 0.59 seconds (0.02 work units)
Total elapsed time = 5.33s (DegenMoves)

    Nodes    |    Current Node    |     Objective Bounds      |     Work
 Expl Unexpl |  Obj  Depth IntInf | Incumbent    BestBd   Gap | It/Node Time

     0     0    0.00000    0  201 6216565.58    0.00000   100%     -    5s
H    0     0                    3411504.6520    0.00000   100%     -    5s

Gurobi 11.0.3 (linux64, Java) logging started ter 23 dez 2025 18:52:41 -03

Set parameter WLSAccessID
Set parameter WLSSecret
Set parameter LicenseID to value 2566693

Gurobi 11.0.3 (linux64, Java) logging started sáb 27 dez 2025 00:33:45 -03

Set parameter WLSAccessID
Set parameter WLSSecret
Set parameter LicenseID to value 2566693
Academic license 2566693 - for non-commercial use only - registered to ja___@ufv.br
Set parameter NonConvex to value 2
Set parameter TimeLimit to value 3600
Set parameter LogToConsole to value 0
Set parameter MIPGap to value 1.2178160141013063e-07
Set parameter Threads to value 2
Set parameter Cuts to value 1
Set parameter NodefileDir to value "/home/ps12398/gp-momulap/goalProgrammingMarcos/"
Set parameter NodefileStart to value 0.1
Gurobi Optimizer version 11.0.3 build v11.0.3rc0 (linux64)

CPU model: Intel(R) Xeon(R) CPU           X5650  @ 2.67GHz, instruction set [SSE2]
Thread count: 12 physical cores, 24 logical processors, using up to 2 threads

Academic license 2566693 - for non-commercial use only - registered to ja___@ufv.br
Optimize a model with 18767 rows, 12728 columns and 54721 nonzeros
Model fingerprint: 0x88237da1
Model has 84 quadratic constraints
Variable types: 6326 continuous, 6402 integer (79 binary)
Coefficient statistics:
  Matrix range     [1e-02, 4e+06]
  QMatrix range    [1e-02, 7e+04]
  QLMatrix range   [1e+00, 7e+04]
  Objective range  [2e+00, 2e+07]
  Bounds range     [1e+00, 1e+08]
  RHS range        [1e+00, 4e+05]
Presolve removed 18302 rows and 12236 columns
Presolve time: 0.14s
Presolved: 1193 rows, 711 columns, 13536 nonzeros
Presolved model has 79 bilinear constraint(s)

Solving non-convex MIQCP

Variable types: 302 continuous, 409 integer (70 binary)
Found heuristic solution: objective 6216565.5834

Root relaxation: objective 0.000000e+00, 370 iterations, 0.02 seconds (0.02 work units)

    Nodes    |    Current Node    |     Objective Bounds      |     Work
 Expl Unexpl |  Obj  Depth IntInf | Incumbent    BestBd   Gap | It/Node Time

     0     0    0.00000    0  201 6216565.58    0.00000   100%     -    0s
H    0     0                    3411504.6520    0.00000   100%     -    0s
     0     0 54995.4547    0  324 3411504.65 54995.4547  98.4%     -    0s
     0     0 54995.4547    0  301 3411504.65 54995.4547  98.4%     -    0s
     0     0 56141.9518    0  307 3411504.65 56141.9518  98.4%     -    0s
     0     0 60207.1652    0  369 3411504.65 60207.1652  98.2%     -    0s
     0     0 60207.1652    0  226 3411504.65 60207.1652  98.2%     -    0s
     0     0 66652.1331    0  257 3411504.65 66652.1331  98.0%     -    1s
H    0     0                    3241372.4627 68267.9948  97.9%     -    1s
     0     0 68267.9948    0  253 3241372.46 68267.9948  97.9%     -    1s
     0     0 72729.9837    0  261 3241372.46 72729.9837  97.8%     -    1s
H    0     0                    3216870.2246 84785.9384  97.4%     -    1s
     0     0 84785.9384    0  268 3216870.22 84785.9384  97.4%     -    1s
     0     0 84785.9384    0  264 3216870.22 84785.9384  97.4%     -    1s
     0     0 84785.9384    0  267 3216870.22 84785.9384  97.4%     -    1s
     0     0 84785.9384    0  262 3216870.22 84785.9384  97.4%     -    2s
     0     0 84785.9384    0  267 3216870.22 84785.9384  97.4%     -    2s
     0     0 84785.9384    0  268 3216870.22 84785.9384  97.4%     -    2s
     0     0 84785.9384    0  267 3216870.22 84785.9384  97.4%     -    2s
     0     0 84785.9384    0  265 3216870.22 84785.9384  97.4%     -    2s
H    0     0                    3212037.3341 84785.9384  97.4%     -    2s
     0     0 84785.9384    0  263 3212037.33 84785.9384  97.4%     -    2s
     0     0 84785.9384    0  262 3212037.33 84785.9384  97.4%     -    3s
H    0     0                    3142859.4921 84785.9384  97.3%     -    3s
     0     0 84785.9384    0  266 3142859.49 84785.9384  97.3%     -    3s
     0     0 84785.9384    0  264 3142859.49 84785.9384  97.3%     -    3s
     0     0 84785.9384    0  263 3142859.49 84785.9384  97.3%     -    4s
     0     2 84785.9384    0  262 3142859.49 84785.9384  97.3%     -    4s
     5     8 168027.983    2  253 3142859.49 97722.4030  96.9%   321    5s
H   69    78                    3117637.8924 97722.4030  96.9%   121    8s
H  278   312                    3098466.2093 97722.4030  96.8%  48.0    9s
H  454   477                    3053824.7075 97722.4030  96.8%  30.5    9s
   583   639 2180792.13  233  102 3053824.71 97722.4030  96.8%  24.6   10s
H 1191  1217                    2616542.2239 97722.4030  96.3%  14.6   11s
H 1249  1307                    2614486.4613 97722.4030  96.3%  14.4   11s
H 1855  1819                    2608090.6356 97722.4030  96.3%  10.8   13s
H 1861  1895                    2592995.8622 105947.494  95.9%  10.8   13s
  2728  2867 1539989.26  151  119 2592995.86 106565.014  95.9%   8.8   15s
H 2956  3011                    2581246.2240 106565.014  95.9%   8.3   15s
  3832  3782 2245636.82  510  181 2581246.22 122397.657  95.3%   6.7   20s
H 3834  3594                    2570947.9770 122397.657  95.2%   6.7   20s
  3860  3614 188234.230   21  241 2570947.98 127207.186  95.1%   8.4   25s
  3894  3638 362706.119   30  212 2570947.98 127869.985  95.0%   9.3   30s
  3955  3681 681816.058   48  165 2570947.98 127869.985  95.0%   9.8   35s
  3991  3704 971236.770   57  155 2570947.98 127869.985  95.0%   9.9   40s
H 3994  3523                    2488695.8405 127869.985  94.9%   9.9   40s
  4024  3548 1531507.77   67  152 2488695.84 127869.985  94.9%   9.9   45s
  4061  3574 1754400.06   77  127 2488695.84 127869.985  94.9%   9.9   50s
  4115  3615 2246323.83   90  115 2488695.84 127869.985  94.9%  10.1   55s
  4171  3652 2280774.97  101  115 2488695.84 127869.985  94.9%  10.1   60s
  4238  3702 2298017.86  114  113 2488695.84 127869.985  94.9%  10.2   65s
  4287  3734 2331276.06  125  112 2488695.84 127869.985  94.9%  10.3   70s
  4345  3779 2362306.85  138  107 2488695.84 127869.985  94.9%  10.3   76s
  4419  3832 2359614.06  153  108 2488695.84 127869.985  94.9%  10.3   82s
  4473  3871 2364018.29  164  104 2488695.84 127869.985  94.9%  10.3   85s
  4564  3934 2418988.19  182  107 2488695.84 127869.985  94.9%  10.4   91s
  4632  3987 2417082.16  197  111 2488695.84 127869.985  94.9%  10.5   96s
  4728  4029 201351.812   27  225 2488695.84 128808.775  94.8%  10.7  100s
  4813  4083 706183.589   46  179 2488695.84 128808.775  94.8%  11.0  108s
  4853  4108 855176.585   54  174 2488695.84 128808.775  94.8%  11.1  113s
H 4889  3873                    2413066.0746 128808.775  94.7%  11.1  113s
  4891  3914 1081380.18   61  155 2413066.07 128808.775  94.7%  11.1  116s
  4933  3939 1217852.94   69  139 2413066.07 128808.775  94.7%  11.2  120s
  5020  4000 2125575.21   87  118 2413066.07 128808.775  94.7%  11.4  127s
H 5065  3708                    2344264.9802 128808.775  94.5%  11.4  127s
  5068  3743 2130161.16   97  118 2344264.98 128808.775  94.5%  11.4  130s
  5141  3793 2163992.18  118  118 2344264.98 128808.775  94.5%  11.4  136s
  5222  3843 2196587.86  140  117 2344264.98 128808.775  94.5%  11.3  142s
  5263  3867 2211896.29  151  114 2344264.98 128808.775  94.5%  11.2  145s
  5367  3910 2239104.98  176  114 2344264.98 128808.775  94.5%  11.3  154s
  5414  3943 2240763.29  189  110 2344264.98 128808.775  94.5%  11.4  159s
  5463  3973 2261782.38  202  113 2344264.98 128808.775  94.5%  11.4  163s
  5509  4006 2267375.53  216  112 2344264.98 128808.775  94.5%  11.4  168s
  5558  4044 2274045.25  230  115 2344264.98 128808.775  94.5%  11.4  172s
  5612  4074 2272133.82  245  109 2344264.98 128808.775  94.5%  11.4  177s
  5674  4111 2283171.01  261  111 2344264.98 128808.775  94.5%  11.5  181s
  5734  4146 2295431.18  277  112 2344264.98 128808.775  94.5%  11.5  186s
  5799  4169 2332784.04  293  115 2344264.98 139961.159  94.0%  11.5  192s
  5873  4202 371549.027   29  206 2344264.98 139961.159  94.0%  11.6  199s
  5945  4250 687905.306   45  173 2344264.98 139961.159  94.0%  11.8  208s
  6017  4309 1198105.23   62  135 2344264.98 139961.159  94.0%  12.0  219s
  6100  4362 1941448.59   84  111 2344264.98 139961.159  94.0%  12.1  227s
  6197  4404 1993091.74  109  112 2344264.98 146768.940  93.7%  12.0  234s
  6287  4455 269919.824   22  225 2344264.98 146768.940  93.7%  12.1  244s
  6368  4508 752361.667   43  180 2344264.98 146768.940  93.7%  12.5  254s
  6448  4557 1320528.27   63  140 2344264.98 146768.940  93.7%  12.6  263s
  6542  4610 2128298.09   84  112 2344264.98 146768.940  93.7%  13.0  275s
  6626  4664 2194913.91  104  108 2344264.98 146768.940  93.7%  13.1  284s
  6708  4729 2209006.22  124  106 2344264.98 146768.940  93.7%  13.2  292s
  6800  4788 2269623.93  146  107 2344264.98 146768.940  93.7%  13.1  302s
  6892  4837 2286930.51  171  104 2344264.98 146768.940  93.7%  12.9  314s
  7000  5171 2313636.14  197  102 2344264.98 147874.918  93.7%  12.9  325s
H 7106  4980                    2344077.4467 147874.918  93.7%  13.0  325s
H 7154  4809                    2341142.0751 147874.918  93.7%  13.0  325s
H 7251  4495                    2298980.5877 147874.918  93.6%  13.0  325s
H 7348  4223                    2281381.9705 147874.918  93.5%  13.0  325s
H 7828  4404                    2260569.4036 147874.918  93.5%  12.6  327s
  8096  5167 2020689.68  191  104 2260569.40 147874.918  93.5%  12.7  330s
  8948  6867 2086166.91  414  102 2260569.40 153271.143  93.2%  12.5  337s
H10414  6209                    2255783.2368 153271.143  93.2%  12.3  337s
 10950  7364 1649304.29  116  119 2255783.24 153271.143  93.2%  12.5  341s
H10967  7291                    2249272.3287 153271.143  93.2%  12.5  341s
H11256  7214                    2237700.9648 153271.143  93.2%  12.4  341s
H12420  8132                    2220085.1048 153271.143  93.1%  12.7  343s
H12517  8126                    2219397.6312 153271.143  93.1%  12.7  343s
H12614  8069                    2211602.0068 153271.143  93.1%  12.6  343s
H12711  8056                    2209154.8277 153271.143  93.1%  12.6  343s
H12808  8022                    2204804.3227 153271.143  93.0%  12.6  343s
H13375  8623                    2203100.8784 153271.143  93.0%  12.4  345s
H13778  8607                    2200997.3591 153271.143  93.0%  12.3  345s
 14755  9865 2018413.85 1165   94 2200997.36 153271.143  93.0%  12.6  350s
H14942  9683                    2196872.4678 153271.143  93.0%  12.6  350s
H14955  9652                    2193224.1980 153271.143  93.0%  12.6  350s
H14961  9636                    2189407.5387 153271.143  93.0%  12.6  350s
H15605  9990                    2173479.1091 153271.143  92.9%  12.9  352s
 16024 10649 430141.100   30  205 2173479.11 184379.649  91.5%  13.2  355s
 17177 11740 1174347.09   64  140 2173479.11 188259.817  91.3%  13.5  361s
 18363 12770 611516.979   41  186 2173479.11 189020.793  91.3%  13.9  366s
 19282 13544 1664143.87   81  115 2173479.11 189065.854  91.3%  14.2  370s
 20491 14772 2012127.56  400  100 2173479.11 189065.854  91.3%  14.2  378s
H20568 14725                    2168857.8259 189065.854  91.3%  14.2  378s
H20665 14697                    2166194.0770 189065.854  91.3%  14.2  378s
 20861 15234 2072366.08  492   91 2166194.08 189065.854  91.3%  14.1  380s
H20956 15215                    2164460.5838 189065.854  91.3%  14.1  380s
H21423 15157                    2158263.8973 189065.854  91.2%  14.0  380s
H21530 15474                    2157387.8074 199947.318  90.7%  14.0  381s
H22041 15788                    2155674.6837 201359.241  90.7%  14.0  382s
 22541 16539 392519.451   30  223 2155674.68 201946.572  90.6%  13.8  385s
H22730 16524                    2154303.1582 201946.572  90.6%  13.8  385s
H23199 16768                    2152561.8917 206227.680  90.4%  13.8  388s
H23499 17105                    2148318.4935 207113.739  90.4%  13.8  391s
H24164 17025                    2130612.4142 207655.249  90.3%  13.8  394s
 24340 17230 2086256.12   89  112 2130612.41 208132.836  90.2%  13.7  396s
 24978 17638 320015.498   23  208 2130612.41 209761.408  90.2%  14.3  400s
 25920 18458 2009009.88  237  104 2130612.41 209761.408  90.2%  14.5  406s
 26439 18955 817436.587   45  174 2130612.41 220951.700  89.6%  14.6  410s
 27345 19743 432909.810   29  218 2130612.41 227058.433  89.3%  14.8  415s
 28346 20552 1637059.95   82  117 2130612.41 229606.367  89.2%  15.0  420s
 29071 21162 1245459.05   56  153 2130612.41 238751.898  88.8%  15.3  425s
 30068 22360 1922449.67  179  109 2130612.41 239585.206  88.8%  15.4  431s
 31051 22741 1541641.71   68  145 2130612.41 240943.609  88.7%  15.4  445s
 31712 23389 818018.329   48  185 2130612.41 242331.349  88.6%  15.7  450s
 32909 24651 1064570.76   54  165 2130612.41 247230.223  88.4%  15.8  455s
 33682 25154 1142785.36   55  140 2130612.41 250947.053  88.2%  16.0  460s
 34447 25747 685929.757   36  212 2130612.41 252343.850  88.2%  16.4  465s
 35275 26436 573412.745   39  197 2130612.41 256290.837  88.0%  16.7  470s
 36234 27228 1970257.27  238  111 2130612.41 256632.356  88.0%  16.6  477s
 36687 27918 2001861.91  528  109 2130612.41 256632.356  88.0%  16.5  480s
H36973 27872                    2130112.9775 256740.796  87.9%  16.6  481s
H36989 27881                    2130103.7440 256740.796  87.9%  16.6  482s
H36990 27788                    2127474.1287 256740.796  87.9%  16.6  482s
 37276 28155 1300203.82   57  154 2127474.13 257477.440  87.9%  16.6  485s
 38464 29360 2007663.79  391  110 2127474.13 258585.933  87.8%  16.5  490s
 39191 30038 425306.127   33  207 2127474.13 263145.845  87.6%  16.7  495s
 40402 31066 1297975.90   70  144 2127474.13 266642.506  87.5%  16.6  500s
 41370 31853 1834197.56   85  106 2127474.13 268316.616  87.4%  16.5  507s
 41991 32477 479582.956   31  212 2127474.13 269425.103  87.3%  16.5  510s
 43109 33390 865963.600   49  174 2127474.13 271779.247  87.2%  16.5  515s
 44154 34199 533123.795   27  219 2127474.13 273224.998  87.2%  16.6  520s
 44924 34835     cutoff   79      2127474.13 274039.898  87.1%  16.9  525s
 45786 35688 1491992.80   66  143 2127474.13 275327.860  87.1%  17.0  530s
 46964 36502     cutoff   72      2127474.13 276276.616  87.0%  17.0  535s
 48016 37318 558828.468   37  191 2127474.13 279401.474  86.9%  17.1  540s
 48633 37707 651067.587   38  195 2127474.13 279524.813  86.9%  17.3  545s
 48992 38022 1502945.87   63  146 2127474.13 279524.813  86.9%  17.5  550s
 49415 38451 564560.828   41  188 2127474.13 280215.454  86.8%  17.5  555s
 50602 39319     cutoff   71      2127474.13 281672.381  86.8%  17.6  560s
 51629 40114 445717.542   29  224 2127474.13 283129.308  86.7%  17.7  574s
 51730 40324 828102.864   41  187 2127474.13 284008.783  86.7%  17.6  575s
 52772 41251 360639.881   26  220 2127474.13 285269.115  86.6%  17.5  580s
 53939 42258 1611910.52   84  121 2127474.13 286262.041  86.5%  17.4  585s
 55397 43393 1936599.12  114  110 2127474.13 287155.045  86.5%  17.4  590s
 56390 44136 1472042.73   59  156 2127474.13 289661.573  86.4%  17.4  595s
 57097 44712 664701.207   41  204 2127474.13 291096.291  86.3%  17.6  600s
 58080 45657 572882.140   38  197 2127474.13 291891.833  86.3%  17.7  605s
 59233 46749 2070708.41  407   98 2127474.13 292417.033  86.3%  17.8  610s
 60136 47478 947380.658   47  193 2127474.13 293251.060  86.2%  17.9  615s
 61168 48268 1989848.49   75  127 2127474.13 293920.407  86.2%  18.0  620s
 61912 48941 548922.327   32  203 2127474.13 294790.487  86.1%  18.2  625s
 62623 49537 711069.170   29  186 2127474.13 295202.933  86.1%  18.3  630s
 63358 50141 1283069.54   52  172 2127474.13 295347.847  86.1%  18.6  635s
 64072 50845 2026347.57  139  107 2127474.13 295421.894  86.1%  18.7  640s
 65096 51817 1645817.88   74  134 2127474.13 297383.641  86.0%  18.7  645s
 66399 52960 1994286.45   81  121 2127474.13 298065.320  86.0%  18.7  650s
 67604 53829 1143638.45   52  167 2127474.13 298702.179  86.0%  18.6  655s
 68476 54524 1628457.66   79  130 2127474.13 299645.826  85.9%  18.7  660s
 69479 55569 898704.698   49  185 2127474.13 300316.682  85.9%  18.7  665s
 70371 56213 780571.338   43  189 2127474.13 300756.046  85.9%  18.8  670s
 71439 57069 949859.848   50  180 2127474.13 301238.259  85.8%  18.8  675s
 72412 57809 416589.536   30  211 2127474.13 301803.159  85.8%  18.8  680s
 73397 58656 1647261.82   66  149 2127474.13 302218.856  85.8%  18.8  685s
 74431 59607 434394.253   30  208 2127474.13 302600.044  85.8%  18.8  690s
 75315 60500 1493274.67   66  145 2127474.13 303633.563  85.7%  18.8  696s
Created node file directory '/home/ps12398/gp-momulap/goalProgrammingMarcos//grbnodes9'
 76361 61265 671976.985   43  179 2127474.13 304233.802  85.7%  18.8  705s
 77775 62361 798592.407   47  182 2127474.13 304870.384  85.7%  18.7  710s
 78778 63161 2078369.67  174   97 2127474.13 305250.942  85.7%  18.6  716s
 79642 63552 1097051.27   54  172 2127474.13 305605.536  85.6%  18.6  720s
 80434 64246 449491.703   32  226 2127474.13 306424.393  85.6%  18.6  725s
 81816 65433 1293079.91   64  150 2127474.13 307285.894  85.6%  18.5  730s
 82733 66359 1869472.70  139  115 2127474.13 307991.822  85.5%  18.5  735s
 84196 67438 522420.293   34  202 2127474.13 308608.147  85.5%  18.4  740s
 85138 68260 808379.635   46  174 2127474.13 309381.756  85.5%  18.5  745s
 86032 69084     cutoff  200      2127474.13 309940.095  85.4%  18.4  750s
 87204 70033 2056510.59   77  128 2127474.13 311513.595  85.4%  18.4  755s
 88186 70854 471482.055   36  212 2127474.13 313227.774  85.3%  18.4  760s
 89083 71519 838374.907   46  191 2127474.13 314091.174  85.2%  18.4  765s
 89933 72170 1905490.32   74  129 2127474.13 314589.998  85.2%  18.5  773s
 90234 72329 719797.565   43  188 2127474.13 314706.989  85.2%  18.4  775s
 91372 73442 487835.618   29  225 2127474.13 315582.882  85.2%  18.5  780s
 92333 74226 885248.913   48  178 2127474.13 315958.738  85.1%  18.5  785s
 93336 75214 605625.760   33  196 2127474.13 316395.740  85.1%  18.5  790s
 94585 76249 1768056.77   69  137 2127474.13 316888.501  85.1%  18.5  795s
 95627 77008 1700070.79   80  123 2127474.13 317448.947  85.1%  18.6  800s
 96666 77885 858653.825   47  170 2127474.13 318242.785  85.0%  18.6  805s
 97821 78880 956159.046   50  174 2127474.13 318571.445  85.0%  18.6  810s
 98520 79615 2003684.86   83  116 2127474.13 318704.640  85.0%  18.7  815s
 99545 80353 777857.854   37  207 2127474.13 318960.701  85.0%  18.7  820s
 100922 81732 1337366.65   57  147 2127474.13 319014.492  85.0%  18.7  825s
 101967 82802 1444993.30   60  150 2127474.13 319150.404  85.0%  18.6  830s
*102649 83023            1389    2116587.0049 319150.404  84.9%  18.5  831s
 103013 83570 2005195.13  177  108 2116587.00 319150.404  84.9%  18.5  835s
 103953 84308 1229449.64   50  174 2116587.00 319676.280  84.9%  18.5  840s
 105048 85131     cutoff  188      2116587.00 319900.887  84.9%  18.5  845s
 105985 85989 2022584.88  180  109 2116587.00 319929.098  84.9%  18.5  850s
 106524 86414 2092083.28   72  126 2116587.00 320015.498  84.9%  18.7  855s
 107350 87112 1135954.95   53  163 2116587.00 320167.729  84.9%  18.7  860s
 108312 87932 1056310.25   51  182 2116587.00 320837.280  84.8%  18.8  865s
 109078 88521 424860.638   30  202 2116587.00 321196.075  84.8%  18.8  870s
 110379 89663 1409151.09   61  145 2116587.00 321562.223  84.8%  18.8  875s
 111581 90764 392887.722   31  212 2116587.00 322076.530  84.8%  18.8  880s
 112605 91725 930953.110   51  167 2116587.00 322407.898  84.8%  18.8  886s
 113673 92488 525770.123   33  209 2116587.00 322681.096  84.8%  18.7  890s
 115136 93687 1299717.53   59  142 2116587.00 322969.792  84.7%  18.7  895s
H115271 93702                    2115276.5625 322980.650  84.7%  18.7  895s
H115276 93698                    2113781.0575 322980.650  84.7%  18.7  895s
H116291 94748                    2113748.4438 323435.151  84.7%  18.7  902s
 116956 95417 733400.139   44  199 2113748.44 323632.029  84.7%  18.7  905s
H117529 95689                    2113719.7328 323775.658  84.7%  18.7  907s
 117871 96078 700521.646   42  191 2113719.73 323856.068  84.7%  18.8  910s
 118570 96649 1394828.89   55  166 2113719.73 324422.101  84.7%  18.9  915s
 119547 97611 1943379.99   82  114 2113719.73 324864.279  84.6%  18.9  920s
 120676 98701 972520.670   51  177 2113719.73 325208.071  84.6%  18.9  925s
 121798 99573 1239625.55   56  155 2113719.73 325560.014  84.6%  18.9  930s
 122843 100344 1159883.29   53  173 2113719.73 325686.388  84.6%  18.9  935s
 123593 101022 472298.691   35  198 2113719.73 326014.943  84.6%  18.9  940s
 124808 101829     cutoff   92      2113719.73 326490.467  84.6%  18.9  945s
 125680 102459 894022.673   56  166 2113719.73 326490.467  84.6%  18.9  950s
 127006 103399 1160815.85   64  152 2113719.73 326490.467  84.6%  18.8  955s
 127904 103798 1438856.71   70  142 2113719.73 326490.467  84.6%  18.8  960s
 128617 104448 1498069.00   71  137 2113719.73 326490.467  84.6%  18.8  968s
 129175 104972 1650127.42   72  130 2113719.73 326490.467  84.6%  18.7  970s
H130330 105987                    2113694.2022 326490.467  84.6%  18.7  974s
 130504 106330 1979465.58   96  120 2113694.20 326490.467  84.6%  18.7  975s
H131465 107246                    2112847.0775 326490.467  84.5%  18.7  979s
 131783 107416     cutoff  137      2112847.08 326490.467  84.5%  18.6  980s
H132611 107429                    2112742.9899 327257.870  84.5%  18.6  984s
 132693 107572 2068120.38   68  120 2112742.99 327259.996  84.5%  18.6  985s
H133708 107701                    2109395.4685 327418.817  84.5%  18.6  989s
 134079 107807 1105896.91   61  138 2109395.47 327598.869  84.5%  18.6  990s
 134913 108219 2085812.91   68  133 2109395.47 327621.038  84.5%  18.6  995s
 135794 108695     cutoff   77      2109395.47 327681.907  84.5%  18.6 1000s
 137132 109936 798726.448   44  185 2109395.47 327721.129  84.5%  18.5 1005s
 138292 111037 1409033.76   62  149 2109395.47 327721.129  84.5%  18.5 1010s
 139678 111730 2026527.66   69  127 2109395.47 327727.478  84.5%  18.5 1015s
*140985 112473             722    2100090.2881 327779.082  84.4%  18.4 1020s
 141528 112579     cutoff   84      2100090.29 327835.553  84.4%  18.4 1025s
 142465 112723 2020899.36   82  126 2100090.29 327835.553  84.4%  18.4 1030s
 143412 113497 1954603.63   63  143 2100090.29 328016.700  84.4%  18.3 1035s
 143969 113740 2091904.30  112  112 2100090.29 328021.788  84.4%  18.3 1040s
 144288 113904     cutoff   74      2100090.29 328032.419  84.4%  18.3 1046s
 144730 114074 341653.386   26  234 2100090.29 328033.044  84.4%  18.3 1050s
 145161 114526 488794.552   33  198 2100090.29 328033.044  84.4%  18.4 1055s
 145635 114775 680770.061   37  199 2100090.29 328033.044  84.4%  18.4 1060s
 146155 115322 897506.960   47  181 2100090.29 328033.044  84.4%  18.5 1066s
 146989 115624 2021632.76   72  135 2100090.29 328033.044  84.4%  18.4 1070s
 147876 116503 987205.087   57  139 2100090.29 328073.198  84.4%  18.4 1075s
 149250 117848 1533552.73  133  111 2100090.29 328073.198  84.4%  18.4 1080s
 150817 119217 1740082.07  218   96 2100090.29 328073.198  84.4%  18.4 1085s
 151985 119885 1836927.90  247   93 2100090.29 328073.198  84.4%  18.4 1090s
 152848 120721 1897641.23  291   85 2100090.29 328073.198  84.4%  18.4 1095s
H153944 121244                    2098107.9874 328165.413  84.4%  18.3 1098s
H153946 121244                    2096688.4365 328165.413  84.3%  18.3 1098s
 154108 121330 478575.047   30  215 2096688.44 328165.413  84.3%  18.3 1100s
 154993 122131 1523115.84   56  150 2096688.44 328165.413  84.3%  18.3 1105s
 155734 122810 2016335.94   73  125 2096688.44 328165.413  84.3%  18.3 1110s
 157029 123840     cutoff  178      2096688.44 328331.304  84.3%  18.3 1115s
 158495 124653 2042667.99   74  124 2096688.44 328376.276  84.3%  18.2 1121s
 159197 124892 1577734.49   61  139 2096688.44 328434.124  84.3%  18.2 1125s
 160295 125237 628717.702   33  200 2096688.44 328462.845  84.3%  18.1 1130s
 160797 125858 843977.650   43  179 2096688.44 328462.845  84.3%  18.2 1135s
 161852 126735 1958380.91   68  118 2096688.44 328462.845  84.3%  18.2 1140s
 162618 127137 338432.086   27  217 2096688.44 328609.706  84.3%  18.2 1145s
 163521 127503 425862.840   37  189 2096688.44 328766.171  84.3%  18.2 1150s
 164410 127692 462446.435   33  207 2096688.44 328855.346  84.3%  18.2 1155s
 165307 128553 1616326.46   80  126 2096688.44 328855.346  84.3%  18.2 1160s
 165835 128850 1785762.85  109  112 2096688.44 328855.346  84.3%  18.2 1165s
 166653 129386 2070972.96  210   97 2096688.44 328855.346  84.3%  18.2 1170s
 167792 129964     cutoff   80      2096688.44 328975.881  84.3%  18.2 1175s
 169042 130970 1237504.81   56  164 2096688.44 329084.833  84.3%  18.2 1180s
 169936 132063 1524294.12   62  148 2096688.44 329084.833  84.3%  18.2 1185s
H170249 132264                    2095847.7672 329084.833  84.3%  18.1 1185s
H170347 132264                    2094722.1041 329084.833  84.3%  18.1 1185s
 171269 132989     cutoff   71      2094722.10 329117.008  84.3%  18.1 1190s
 172008 133552 353143.800   28  213 2094722.10 329193.041  84.3%  18.1 1195s
 173069 133790     cutoff   73      2094722.10 329418.423  84.3%  18.1 1200s
 174026 133980 1803544.12   69  142 2094722.10 329538.488  84.3%  18.1 1205s
 174949 134660 1266237.26   50  177 2094722.10 329652.893  84.3%  18.1 1210s
 175859 135134 1963195.80   71  143 2094722.10 329652.893  84.3%  18.1 1215s
 176455 135176     cutoff   78      2094722.10 329657.894  84.3%  18.1 1220s
 177126 135313 534453.533   37  193 2094722.10 329893.154  84.3%  18.0 1225s
 177949 135989 1346542.69   63  144 2094722.10 329893.154  84.3%  18.0 1230s
 178775 136462 1878812.95  114  129 2094722.10 329893.154  84.3%  18.0 1235s
 179497 136816 1827761.38  124  117 2094722.10 329893.154  84.3%  18.0 1240s
 180426 137814 1958742.73  267  109 2094722.10 329893.154  84.3%  17.9 1245s
 181755 138509 972030.662   56  152 2094722.10 330101.211  84.2%  18.0 1251s
 182626 139125 1690749.04   75  116 2094722.10 330101.211  84.2%  18.0 1255s
 183692 139587 407425.074   30  212 2094722.10 330101.211  84.2%  18.0 1260s
 184453 139862 2068097.68   74  132 2094722.10 330314.831  84.2%  18.0 1265s
 185562 140781 1048950.65   61  155 2094722.10 330365.517  84.2%  18.1 1271s
 186243 141106 1699017.47   79  127 2094722.10 330365.517  84.2%  18.0 1275s
 187026 141842 1846698.24   99  114 2094722.10 330365.517  84.2%  18.0 1280s
 188481 142798 1991683.78  213   99 2094722.10 330365.517  84.2%  18.0 1286s
 189437 143309 2066069.26  272   92 2094722.10 330365.517  84.2%  18.0 1290s
 190363 143519 2020780.85   73  130 2094722.10 330644.097  84.2%  18.0 1295s
 191433 144076 2008648.75   78  123 2094722.10 330671.612  84.2%  18.0 1300s
 192528 144900 434369.419   30  214 2094722.10 330767.348  84.2%  18.0 1305s
 193671 145625 1984811.08   76  127 2094722.10 330782.006  84.2%  17.9 1310s
 194832 146094 511393.598   31  203 2094722.10 330938.779  84.2%  17.9 1315s
 195592 146531 352678.194   25  222 2094722.10 330938.779  84.2%  17.9 1320s
 196295 147493 1041082.00   46  169 2094722.10 330938.779  84.2%  18.0 1326s
 197237 148101 2013789.64   69  131 2094722.10 330938.779  84.2%  18.0 1330s
 198180 148236 1966366.77   65  145 2094722.10 331044.494  84.2%  18.0 1335s
 199114 148482 1811880.80   69  138 2094722.10 331270.075  84.2%  18.0 1340s
 199902 148575 430405.389   28  205 2094722.10 331414.174  84.2%  18.0 1345s
 201019 149117     cutoff   68      2094722.10 331597.969  84.2%  17.9 1350s
 201952 149608 2072547.36   73  123 2094722.10 331705.217  84.2%  17.9 1355s
 202716 150193 1929560.43   69  128 2094722.10 331750.594  84.2%  17.9 1360s
 203860 151011 441468.951   36  198 2094722.10 331848.696  84.2%  17.9 1366s
 204745 151238 1884708.51   74  133 2094722.10 331848.696  84.2%  17.9 1370s
 205306 151513 349923.474   27  222 2094722.10 331883.038  84.2%  17.9 1375s
 206326 151870 489208.908   24  237 2094722.10 331968.753  84.2%  17.9 1380s
 207220 152406 2072811.39  164  104 2094722.10 332264.765  84.1%  17.9 1385s
 207665 152581 infeasible   75      2094722.10 332266.074  84.1%  17.9 1390s
 208314 152795 391567.050   30  216 2094722.10 332291.940  84.1%  17.9 1395s
 209205 153612 2055333.89   87  117 2094722.10 332305.342  84.1%  17.9 1400s
 210116 153833 502396.381   37  203 2094722.10 332368.192  84.1%  17.9 1405s
 211148 154349 1998003.19   75  125 2094722.10 332368.192  84.1%  17.8 1410s
 212027 155115     cutoff   75      2094722.10 332492.996  84.1%  17.8 1415s
 213595 156257 2045808.81   74  139 2094722.10 332516.776  84.1%  17.8 1420s
 214865 156964 424373.909   27  210 2094722.10 332558.796  84.1%  17.7 1425s
 215870 157203 2034817.80   75  136 2094722.10 332694.431  84.1%  17.7 1430s
 216803 158041 623980.228   36  200 2094722.10 332716.410  84.1%  17.7 1435s
 217671 158547 1602625.03   77  137 2094722.10 332716.410  84.1%  17.7 1440s
 218790 159457 1818427.51  178  107 2094722.10 332716.410  84.1%  17.7 1445s
 220042 160171 2058683.83  157  109 2094722.10 332935.814  84.1%  17.7 1450s
 220796 160485 685239.375   45  189 2094722.10 333025.171  84.1%  17.7 1455s
 222250 161917 1269851.45   63  141 2094722.10 333025.171  84.1%  17.6 1462s
 223078 162450 1569276.10   72  130 2094722.10 333025.171  84.1%  17.6 1465s
 224033 162730 1921891.33   77  121 2094722.10 333025.171  84.1%  17.6 1470s
 225089 163370 2056350.81  135  108 2094722.10 333025.171  84.1%  17.5 1475s
 225978 163567 1967567.47   72  134 2094722.10 333166.756  84.1%  17.5 1480s
 226937 163760 757249.042   39  184 2094722.10 333292.252  84.1%  17.5 1485s
 228017 164763 1219650.81   61  148 2094722.10 333292.252  84.1%  17.5 1490s
 229211 166006 1422471.02   65  139 2094722.10 333292.252  84.1%  17.5 1495s
 230513 167142 1724228.01   71  126 2094722.10 333292.252  84.1%  17.5 1500s
 231519 167829 2012331.76   97  118 2094722.10 333292.252  84.1%  17.5 1505s
 232601 168232     cutoff  113      2094722.10 333292.252  84.1%  17.4 1510s
 233604 168540 586792.396   40  200 2094722.10 333673.459  84.1%  17.4 1515s
 234456 169036 1222500.91   63  155 2094722.10 333673.459  84.1%  17.4 1520s
 235566 169832 1902323.61   98  118 2094722.10 333673.459  84.1%  17.4 1525s
 236492 170553 2083396.99  174  104 2094722.10 333673.459  84.1%  17.4 1530s
 237556 170985 1878570.66   69  143 2094722.10 333958.596  84.1%  17.4 1535s
 238407 171164 412491.852   33  200 2094722.10 334111.676  84.0%  17.4 1540s
 239234 171559 1521696.82   76  127 2094722.10 334111.676  84.0%  17.4 1545s
 239796 171934 1782300.46   95  110 2094722.10 334111.676  84.0%  17.4 1550s
 240882 172663 2035696.50  198  107 2094722.10 334111.676  84.0%  17.3 1555s
 242068 173532 1971123.68   76  123 2094722.10 334354.500  84.0%  17.4 1560s
 242445 173607 2063278.18   73  133 2094722.10 334354.500  84.0%  17.4 1565s
 242936 173710     cutoff   76      2094722.10 334354.500  84.0%  17.4 1570s
 244063 173960 2090796.33   80  127 2094722.10 334722.453  84.0%  17.4 1575s
 245064 174445 1957568.74   79  125 2094722.10 334853.997  84.0%  17.4 1580s
 245946 175134     cutoff   72      2094722.10 334933.748  84.0%  17.4 1585s
 246979 175357     cutoff   75      2094722.10 334933.748  84.0%  17.4 1590s
 247676 175451 2077561.95   77  126 2094722.10 335081.479  84.0%  17.4 1595s
 248558 175484 1950877.45   71  137 2094722.10 335204.093  84.0%  17.4 1600s
 249478 176004 1909952.46   70  140 2094722.10 335204.093  84.0%  17.4 1605s
 250516 176391     cutoff   75      2094722.10 335204.093  84.0%  17.4 1610s
 251393 176798 438964.544   32  198 2094722.10 335269.051  84.0%  17.4 1615s
 252282 177130 2089931.65   76  127 2094722.10 335269.051  84.0%  17.4 1620s
 253214 177295     cutoff   77      2094722.10 335492.986  84.0%  17.4 1625s
 254404 177874     cutoff   91      2094722.10 335690.405  84.0%  17.3 1630s
 255168 178650 546236.383   33  201 2094722.10 335696.149  84.0%  17.3 1635s
 255891 179386 730596.167   40  193 2094722.10 335696.149  84.0%  17.3 1640s
 257063 180490 1373674.26   53  163 2094722.10 335696.149  84.0%  17.3 1645s
 258300 181240 1989657.85   72  134 2094722.10 335696.149  84.0%  17.4 1650s
 259248 181386     cutoff   71      2094722.10 336087.338  84.0%  17.4 1655s
 259970 181784 789678.849   52  172 2094722.10 336148.889  84.0%  17.4 1660s
 260971 183018 1407915.50   67  139 2094722.10 336148.889  84.0%  17.3 1665s
 262254 184261 1494857.74   68  134 2094722.10 336148.889  84.0%  17.3 1670s
 263079 184937 1626911.02   73  127 2094722.10 336148.889  84.0%  17.3 1675s
 263902 185705 1587069.30   72  130 2094722.10 336148.889  84.0%  17.3 1680s
 264585 185965 1587366.11   71  136 2094722.10 336148.889  84.0%  17.4 1685s
 265199 186282 1614981.93   72  132 2094722.10 336148.889  84.0%  17.4 1690s
 265532 186989 1686671.24   75  133 2094722.10 336148.889  84.0%  17.4 1695s
 266569 187402 2084848.71  137  114 2094722.10 336148.889  84.0%  17.4 1700s
 267399 187638 504406.421   37  199 2094722.10 336491.162  83.9%  17.4 1705s
 268090 188130 1108434.87   56  160 2094722.10 336494.843  83.9%  17.4 1710s
 268682 188678 1984350.97   83  124 2094722.10 336494.843  83.9%  17.4 1715s
 269318 189191 1052149.23   52  164 2094722.10 336505.912  83.9%  17.4 1720s
 270249 189792 871273.517   54  169 2094722.10 336722.665  83.9%  17.4 1725s
 271309 190634 714368.873   40  195 2094722.10 336722.665  83.9%  17.4 1730s
 272337 191255 1342966.85   58  150 2094722.10 336722.665  83.9%  17.4 1735s
 273374 191624 2093292.07   76  123 2094722.10 336722.665  83.9%  17.4 1740s
 274362 191864 1104953.04   55  175 2094722.10 337120.300  83.9%  17.4 1745s
 275332 192086 2060806.96  115  110 2094722.10 337239.652  83.9%  17.4 1750s
 275940 192378     cutoff  132      2094722.10 337239.652  83.9%  17.4 1755s
 276564 193242 1703211.37  104  119 2094722.10 337239.652  83.9%  17.5 1760s
 277804 194356 1932255.52  191  107 2094722.10 337239.652  83.9%  17.6 1765s
 278951 195487 1990856.98  224  106 2094722.10 337239.652  83.9%  17.6 1771s
 279703 196067 2076955.66  271   95 2094722.10 337287.124  83.9%  17.7 1775s
 280645 196339     cutoff   79      2094722.10 337652.670  83.9%  17.7 1780s
 281391 196555     cutoff   75      2094722.10 337665.620  83.9%  17.7 1785s
 282347 196677 1903238.94   68  141 2094722.10 337820.524  83.9%  17.7 1790s
 283216 197474 786702.967   36  218 2094722.10 337820.524  83.9%  17.7 1797s
 283804 198128 923698.032   40  201 2094722.10 337820.524  83.9%  17.8 1800s
 284653 198623 1230119.36   54  166 2094722.10 337820.524  83.9%  17.8 1805s
 285695 198955 1931607.65   79  129 2094722.10 337820.524  83.9%  17.8 1810s
 286836 199416     cutoff   74      2094722.10 338373.892  83.8%  17.7 1815s
 287595 199911 1321305.91   48  192 2094722.10 338397.752  83.8%  17.8 1820s
 288296 200658 1762565.19   68  149 2094722.10 338397.752  83.8%  17.8 1825s
 288947 201015 1771276.75   66  148 2094722.10 338397.752  83.8%  17.8 1830s
 289551 201102     cutoff   70      2094722.10 338450.779  83.8%  17.7 1835s
 290716 201953     cutoff   72      2094722.10 338484.931  83.8%  17.7 1841s
 291940 202857 2060483.41   82  125 2094722.10 338547.597  83.8%  17.7 1846s
 293024 203851 1995907.54   78  130 2094722.10 338703.513  83.8%  17.7 1850s
 294386 204910 521538.329   29  215 2094722.10 338712.892  83.8%  17.6 1855s
 295537 205693 1549497.85   66  132 2094722.10 338712.892  83.8%  17.6 1860s
 296192 206024     cutoff  108      2094722.10 338712.892  83.8%  17.6 1867s
 296680 206398 2079045.47  290   98 2094722.10 338871.246  83.8%  17.6 1870s
 297348 206813 419697.835   31  203 2094722.10 338919.547  83.8%  17.6 1875s
 298213 207181 441751.007   35  209 2094722.10 338974.746  83.8%  17.6 1880s
 299199 207372     cutoff   78      2094722.10 339050.041  83.8%  17.6 1885s
 300419 208476     cutoff   78      2094722.10 339069.635  83.8%  17.6 1890s
 301822 209527 2026423.32   76  134 2094722.10 339135.498  83.8%  17.6 1895s
H302273 209908                    2080220.7427 339135.498  83.7%  17.6 1897s
H302447 209904                    2072071.5972 339135.498  83.6%  17.6 1902s
 302716 210412 1031489.62   52  162 2072071.60 339135.498  83.6%  17.6 1905s
H302810 210412                    2072071.1718 339135.498  83.6%  17.6 1905s
H303612 211147                    2071982.5849 339135.498  83.6%  17.6 1907s
 304165 211231     cutoff   81      2071982.58 339135.943  83.6%  17.6 1910s
 304933 211335 1985303.13   82  128 2071982.58 339256.959  83.6%  17.6 1915s
 305851 211802 502107.509   36  198 2071982.58 339302.468  83.6%  17.6 1920s
 306813 212442 1944188.57   73  133 2071982.58 339302.987  83.6%  17.6 1925s
 307970 213252 1924568.64   70  136 2071982.58 339343.172  83.6%  17.5 1930s
 309216 214332 560625.313   40  191 2071982.58 339390.604  83.6%  17.5 1935s
 310371 215175 1894692.60   77  116 2071982.58 339470.097  83.6%  17.5 1940s
 311586 216002 816767.817   46  176 2071982.58 339564.785  83.6%  17.5 1945s
 312647 216662 1465191.10   67  147 2071982.58 339564.785  83.6%  17.5 1951s
 313629 217296 1558198.01   69  142 2071982.58 339564.785  83.6%  17.4 1955s
 314599 217653 1847910.33   75  127 2071982.58 339564.785  83.6%  17.4 1960s
 315417 217996 436286.373   30  203 2071982.58 339690.901  83.6%  17.4 1965s
 316261 218399 1741288.51   71  140 2071982.58 339724.068  83.6%  17.4 1970s
 317245 219144 1204135.19   57  156 2071982.58 339814.012  83.6%  17.4 1975s
 317935 219718     cutoff   78      2071982.58 339814.012  83.6%  17.4 1980s
 319215 220738 infeasible   73      2071982.58 339914.402  83.6%  17.4 1986s
 320044 220929 1916920.68   74  126 2071982.58 339941.971  83.6%  17.4 1990s
 321021 221182 1927155.50  103  113 2071982.58 339980.326  83.6%  17.4 1995s
 321915 221524 987461.804   52  168 2071982.58 340035.232  83.6%  17.4 2001s
 322757 222218 1433391.47   66  137 2071982.58 340035.232  83.6%  17.4 2005s
 323866 222986 1884825.23  107  116 2071982.58 340035.232  83.6%  17.4 2010s
 324894 223621 2025928.29  140  110 2071982.58 340035.232  83.6%  17.4 2015s
 325632 223752     cutoff   78      2071982.58 340428.527  83.6%  17.4 2020s
 326565 224036 522659.961   35  208 2071982.58 340531.009  83.6%  17.4 2025s
 327430 224995 2035736.55   69  128 2071982.58 340531.009  83.6%  17.4 2030s
 328504 225278     cutoff   71      2071982.58 340531.009  83.6%  17.4 2036s
H329146 225301                    2071945.4016 340551.653  83.6%  17.4 2039s
 329205 225292     cutoff   75      2071945.40 340551.653  83.6%  17.4 2040s
 330072 225379     cutoff   73      2071945.40 340585.334  83.6%  17.4 2045s
H330233 225378                    2071919.3802 340585.334  83.6%  17.4 2046s
H330340 225380                    2071919.3591 340585.334  83.6%  17.4 2047s
 330706 225504     cutoff   73      2071919.36 340652.575  83.6%  17.5 2050s
 331498 225788 744595.882   42  193 2071919.36 340700.676  83.6%  17.5 2055s
 332537 226915 1312365.13   59  155 2071919.36 340700.676  83.6%  17.4 2060s
 333452 227578 1778166.88   83  128 2071919.36 340700.676  83.6%  17.4 2065s
 334719 228250 2028555.87  126  109 2071919.36 340700.676  83.6%  17.4 2071s
 335413 228522 1997373.51   83  125 2071919.36 340852.270  83.5%  17.4 2075s
 336354 228947 1043807.30   49  161 2071919.36 340954.217  83.5%  17.4 2080s
 337381 229545     cutoff   84      2071919.36 340954.217  83.5%  17.4 2085s
 338049 229666 566509.468   35  186 2071919.36 341204.356  83.5%  17.4 2090s
 338755 230089 996346.626   46  167 2071919.36 341204.356  83.5%  17.5 2095s
 339884 231134     cutoff   71      2071919.36 341308.382  83.5%  17.5 2100s
 341121 232083 1993817.86   69  117 2071919.36 341328.372  83.5%  17.5 2105s
 342302 232788 360645.738   32  215 2071919.36 341384.300  83.5%  17.5 2110s
 342911 233194 2054416.36   74  133 2071919.36 341450.844  83.5%  17.5 2115s
H343966 233695                    2058027.3825 341474.486  83.4%  17.5 2119s
 344036 233800 1987453.86   72  135 2058027.38 341474.486  83.4%  17.5 2120s
 344945 234643 691410.505   37  203 2058027.38 341477.045  83.4%  17.6 2125s
H345123 234643                    2057651.9883 341477.045  83.4%  17.6 2125s
 345989 235638 1935980.08   67  131 2057651.99 341477.045  83.4%  17.6 2130s
 346452 235901     cutoff   70      2057651.99 341477.045  83.4%  17.6 2136s
 347669 236667 1073011.21   50  171 2057651.99 341480.036  83.4%  17.6 2140s
H347830 236660                    2049919.6612 341480.036  83.3%  17.6 2140s
 348425 237308     cutoff   73      2049919.66 341480.540  83.3%  17.6 2145s
*349314 237776             775    2049758.0629 341484.989  83.3%  17.6 2147s
 349820 238077 1117811.94   56  146 2049758.06 341484.989  83.3%  17.6 2150s
H350359 238274                    2048288.5039 341484.989  83.3%  17.6 2153s
 350690 238491 1203934.33   59  134 2048288.50 341484.989  83.3%  17.6 2155s
H351269 229924                    2034302.9340 341484.989  83.2%  17.6 2157s
 351709 230045 787308.079   48  170 2034302.93 341608.176  83.2%  17.5 2160s
 352613 230242 2005176.54  131  111 2034302.93 341667.679  83.2%  17.6 2165s
 353246 230340 2022014.52   69  142 2034302.93 341835.683  83.2%  17.6 2170s
 353668 230662     cutoff   70      2034302.93 341835.683  83.2%  17.6 2176s
 354305 231173 2022816.24   74  125 2034302.93 341890.077  83.2%  17.6 2180s
 355657 232013 670130.376   40  183 2034302.93 341989.720  83.2%  17.6 2185s
 356484 232136 2014945.36   75  130 2034302.93 342107.370  83.2%  17.6 2190s
 357398 232577 1359419.76   57  155 2034302.93 342182.249  83.2%  17.6 2197s
 358275 233636 1878290.68  179  108 2034302.93 342182.249  83.2%  17.6 2200s
 359919 235141 1997519.47  221  100 2034302.93 342182.249  83.2%  17.5 2205s
 360938 235779 1872130.18   74  127 2034302.93 342232.596  83.2%  17.5 2210s
 361921 235926 1854358.45   71  130 2034302.93 342397.326  83.2%  17.6 2215s
 362643 236140 1799116.44   68  154 2034302.93 342489.937  83.2%  17.6 2220s
 363489 236644 560789.777   37  195 2034302.93 342512.671  83.2%  17.6 2225s
H364099 237251                    2030925.4781 342512.671  83.1%  17.6 2228s
 364179 237582 1310888.32   57  149 2030925.48 342512.671  83.1%  17.6 2230s
 365590 238444     cutoff   75      2030925.48 342521.396  83.1%  17.5 2235s
 366339 238631     cutoff   73      2030925.48 342606.023  83.1%  17.6 2240s
 367292 238866     cutoff   72      2030925.48 342629.965  83.1%  17.6 2245s
 368469 239474 1972156.82   71  136 2030925.48 342688.444  83.1%  17.5 2250s
 369549 240294 2000735.66  112  114 2030925.48 342715.252  83.1%  17.5 2255s
 370692 240574     cutoff   88      2030925.48 342782.578  83.1%  17.5 2260s
 371556 240739 1201821.18   59  152 2030925.48 342804.283  83.1%  17.5 2265s
 372639 241228 1404421.89   73  138 2030925.48 342871.213  83.1%  17.5 2270s
 373424 241501 1700217.19   80  135 2030925.48 342871.213  83.1%  17.5 2275s
 374026 242094 1882892.78  110  115 2030925.48 342871.213  83.1%  17.5 2280s
 375150 242595 1740499.04   77  128 2030925.48 343124.990  83.1%  17.5 2285s
 376003 243006 1055004.46   61  163 2030925.48 343143.775  83.1%  17.5 2290s
 376996 243602 1765782.40   84  130 2030925.48 343143.775  83.1%  17.5 2295s
 377867 243737     cutoff   81      2030925.48 343379.436  83.1%  17.5 2300s
 378653 243845 1931469.77   76  131 2030925.48 343379.436  83.1%  17.5 2305s
 379654 244493 1725876.04   61  142 2030925.48 343447.079  83.1%  17.5 2310s
 380728 244907 infeasible   68      2030925.48 343447.079  83.1%  17.4 2315s
 382202 245856     cutoff   77      2030925.48 343525.026  83.1%  17.4 2320s
 383514 246850 1907202.68   72  123 2030925.48 343534.992  83.1%  17.4 2325s
 384608 247126 1440139.08   67  144 2030925.48 343700.815  83.1%  17.4 2330s
 385568 247573 390593.791   22  244 2030925.48 343794.655  83.1%  17.4 2335s
 386390 247716     cutoff   75      2030925.48 343801.603  83.1%  17.4 2340s
 387300 247791 1889480.94   71  138 2030925.48 343901.057  83.1%  17.4 2345s
 388211 247925 492890.236   24  254 2030925.48 344008.856  83.1%  17.4 2350s
 388951 247997 1915869.62   75  128 2030925.48 344008.856  83.1%  17.4 2355s
 389999 248098 infeasible   72      2030925.48 344091.950  83.1%  17.4 2360s
 390980 248387 372650.074   32  205 2030925.48 344376.607  83.0%  17.4 2365s
 391930 249414 1701968.09   70  126 2030925.48 344376.607  83.0%  17.4 2370s
 392879 250163 2002212.91   80  126 2030925.48 344428.955  83.0%  17.3 2375s
 393986 250880     cutoff   70      2030925.48 344456.335  83.0%  17.3 2381s
 394675 251377 619475.568   36  186 2030925.48 344456.335  83.0%  17.3 2385s
 395440 251638 824379.142   44  185 2030925.48 344456.335  83.0%  17.4 2390s
 395843 251833 1072622.66   53  167 2030925.48 344456.335  83.0%  17.4 2395s
 396758 252382 infeasible   72      2030925.48 344456.335  83.0%  17.4 2400s
 397544 252600 951122.332   46  180 2030925.48 344593.239  83.0%  17.4 2405s
 398538 253275 1728455.72   71  130 2030925.48 344593.239  83.0%  17.4 2410s
 399339 253422 1849375.33   70  156 2030925.48 344713.907  83.0%  17.4 2415s
 400441 253535 1955589.95   74  133 2030925.48 344770.335  83.0%  17.4 2420s
 401222 253875 1548429.18   74  136 2030925.48 344770.749  83.0%  17.4 2425s
 402470 254780 1947569.04  149  112 2030925.48 344770.749  83.0%  17.4 2430s
 403476 255067     cutoff   94      2030925.48 344920.878  83.0%  17.4 2435s
 404440 255966 1640182.25   65  151 2030925.48 344935.030  83.0%  17.4 2440s
 405357 256267     cutoff   72      2030925.48 344981.541  83.0%  17.4 2445s
 406661 257041 1889004.45   71  130 2030925.48 345004.166  83.0%  17.4 2450s
 407231 257572 505332.816   36  191 2030925.48 345005.506  83.0%  17.4 2455s
 408019 257891 infeasible  139      2030925.48 345005.506  83.0%  17.4 2460s
 408808 258261 402526.139   37  216 2030925.48 345063.866  83.0%  17.4 2465s
 409752 258348     cutoff   79      2030925.48 345094.923  83.0%  17.4 2470s
 410505 258456 1991975.55   73  135 2030925.48 345111.875  83.0%  17.4 2475s
 411386 259428 1304992.71   60  144 2030925.48 345113.611  83.0%  17.4 2482s
 411965 260074 1660154.31   75  132 2030925.48 345113.611  83.0%  17.4 2485s
 413704 261393 1777857.93   74  131 2030925.48 345127.999  83.0%  17.3 2491s
 414549 261445     cutoff   75      2030925.48 345136.195  83.0%  17.3 2495s
 415517 261622 2002282.76   76  138 2030925.48 345256.124  83.0%  17.3 2500s
 416779 262831 1529199.83  297   98 2030925.48 345256.124  83.0%  17.3 2506s
 418077 263689 1674691.77  661   85 2030925.48 345256.124  83.0%  17.3 2510s
 419342 264380 1965126.88 1029   76 2030925.48 345405.106  83.0%  17.3 2515s
 420267 264568 1734480.31   68  139 2030925.48 345410.453  83.0%  17.3 2520s
 421127 264725 1884587.68   70  135 2030925.48 345439.616  83.0%  17.3 2525s
 422221 265476 infeasible   72      2030925.48 345473.950  83.0%  17.3 2530s
 423383 266459 infeasible   74      2030925.48 345473.950  83.0%  17.3 2536s
 424183 266556     cutoff   73      2030925.48 345492.283  83.0%  17.3 2540s
 425162 267300     cutoff  128      2030925.48 345519.119  83.0%  17.3 2545s
 426045 267431 1923963.02   72  132 2030925.48 345532.511  83.0%  17.3 2550s
 426916 267633 1077474.52   58  134 2030925.48 345592.968  83.0%  17.3 2555s
 427966 267750     cutoff   77      2030925.48 345592.968  83.0%  17.3 2560s
 429026 268346 1131075.91   53  169 2030925.48 345712.979  83.0%  17.3 2565s
 429840 268646 1980083.89   70  145 2030925.48 345829.857  83.0%  17.3 2570s
 430876 269371 1602597.60  116  119 2030925.48 345829.857  83.0%  17.3 2577s
 431672 269922 1654271.86  142  113 2030925.48 345829.857  83.0%  17.3 2580s
 432917 270819 1791854.32  199  108 2030925.48 345829.857  83.0%  17.3 2585s
 434089 271482 1882147.22  256  103 2030925.48 345829.857  83.0%  17.3 2590s
 434794 272113 1954436.51  279   92 2030925.48 345829.857  83.0%  17.3 2595s
 435665 273043 1992361.14  295   97 2030925.48 345829.857  83.0%  17.3 2600s
 436691 273223 369318.208   34  213 2030925.48 345921.016  83.0%  17.3 2605s
 437558 273631     cutoff   76      2030925.48 345935.590  83.0%  17.3 2610s
 438447 274201 420343.504   35  209 2030925.48 345983.351  83.0%  17.3 2615s
 439728 274952     cutoff   72      2030925.48 345996.857  83.0%  17.3 2620s
 440342 275130 1801973.87   71  141 2030925.48 345996.857  83.0%  17.3 2625s
 440872 275349 1953177.41   79  130 2030925.48 346001.591  83.0%  17.3 2630s
 441838 276173 539071.474   37  204 2030925.48 346101.967  83.0%  17.3 2635s
 442585 276613 523037.352   36  198 2030925.48 346103.589  83.0%  17.3 2640s
 443125 276996 1673926.61   63  148 2030925.48 346103.589  83.0%  17.3 2647s
 443726 277446 1950761.19   79  122 2030925.48 346144.984  83.0%  17.3 2650s
 445017 278287     cutoff   74      2030925.48 346144.984  83.0%  17.3 2656s
 445839 278768 1836208.86   69  149 2030925.48 346144.984  83.0%  17.3 2660s
 446801 279089 2018882.99  102  115 2030925.48 346186.128  83.0%  17.3 2665s
 447917 279633 1245328.76   62  147 2030925.48 346272.854  82.9%  17.3 2670s
 448827 280201     cutoff   98      2030925.48 346272.854  82.9%  17.3 2675s
 449796 280986 1846564.26  119  115 2030925.48 346272.854  82.9%  17.3 2680s
 450987 281937 1957321.57  199  105 2030925.48 346272.854  82.9%  17.3 2686s
 451821 282142 1014750.36   48  179 2030925.48 346455.959  82.9%  17.3 2690s
 452474 282260 1972847.62   68  142 2030925.48 346480.248  82.9%  17.3 2695s
 453637 283006 1671136.00   72  121 2030925.48 346480.248  82.9%  17.3 2700s
 454766 284003 1895760.49  140  113 2030925.48 346480.248  82.9%  17.3 2705s
 455972 284444 1931724.71   76  127 2030925.48 346631.810  82.9%  17.3 2710s
 456760 284561 1854055.42   72  130 2030925.48 346637.513  82.9%  17.3 2715s
 457773 284678 1829235.25   67  137 2030925.48 346675.812  82.9%  17.3 2720s
 458609 284709     cutoff   76      2030925.48 346744.116  82.9%  17.3 2725s
 459533 284781 1946958.35   79  127 2030925.48 346771.090  82.9%  17.3 2730s
 459997 285328 951789.191   45  158 2030925.48 346785.250  82.9%  17.3 2735s
 461094 285981     cutoff   68      2030925.48 346785.250  82.9%  17.3 2740s
 462016 286086 487241.182   26  237 2030925.48 346911.425  82.9%  17.3 2745s
 462915 286413 1983371.05   72  120 2030925.48 347112.424  82.9%  17.3 2750s
 463739 286493 1911908.13   73  121 2030925.48 347168.383  82.9%  17.3 2755s
 464499 286660 848777.017   46  180 2030925.48 347255.860  82.9%  17.3 2760s
 465107 286906 1067357.47   55  164 2030925.48 347255.860  82.9%  17.3 2765s
 466016 287297     cutoff   76      2030925.48 347255.860  82.9%  17.3 2770s
 467102 287906 1660711.79   65  133 2030925.48 347380.053  82.9%  17.3 2776s
 468093 288295 1863447.40   73  123 2030925.48 347380.053  82.9%  17.3 2780s
 469123 288543     cutoff  100      2030925.48 347440.372  82.9%  17.3 2785s
 469825 288718 423852.068   30  205 2030925.48 347545.951  82.9%  17.3 2791s
 470548 289076 457614.448   32  211 2030925.48 347566.301  82.9%  17.3 2795s
 471576 289422 2008047.75   82  114 2030925.48 347601.658  82.9%  17.3 2800s
 472467 289941 1134350.05   57  154 2030925.48 347601.658  82.9%  17.3 2805s
 473380 290272 1718904.81   74  131 2030925.48 347601.658  82.9%  17.3 2810s
 474222 290641 448725.097   31  211 2030925.48 347806.557  82.9%  17.3 2815s
 474843 290710     cutoff   72      2030925.48 347827.539  82.9%  17.3 2826s
 475387 290757 1884228.40   69  142 2030925.48 347827.539  82.9%  17.3 2831s
 475919 291194 1020025.82   47  166 2030925.48 347847.567  82.9%  17.3 2835s
 476664 291874 1908393.16   69  153 2030925.48 347847.567  82.9%  17.3 2840s
 477869 292041 1180164.66   60  160 2030925.48 347916.737  82.9%  17.3 2846s
 478843 292137 2010611.87   73  142 2030925.48 348053.693  82.9%  17.3 2850s
 479738 292281 719672.333   45  183 2030925.48 348138.351  82.9%  17.2 2855s
 480582 293105 1761270.38   66  127 2030925.48 348138.351  82.9%  17.3 2860s
 481445 293447 1897447.74   72  128 2030925.48 348138.351  82.9%  17.2 2865s
 482329 293593 1892013.51   73  131 2030925.48 348179.676  82.9%  17.2 2870s
 483241 293650     cutoff   75      2030925.48 348192.392  82.9%  17.2 2875s
 484415 293828 443025.948   25  219 2030925.48 348226.753  82.9%  17.2 2880s
 485428 295177 1094044.95   59  160 2030925.48 348226.939  82.9%  17.2 2885s
 487124 296296 1668210.89   75  137 2030925.48 348226.939  82.9%  17.2 2890s
 487512 296597 1696345.43   75  135 2030925.48 348226.939  82.9%  17.2 2895s
 487943 297090 1772747.25   79  133 2030925.48 348226.939  82.9%  17.2 2900s
 488536 297340 1987284.82   98  117 2030925.48 348226.939  82.9%  17.2 2905s
 489498 297536 1893086.20   70  145 2030925.48 348322.633  82.8%  17.2 2910s
 490519 297833 1830071.91   78  127 2030925.48 348413.522  82.8%  17.2 2915s
 491151 298514 1953759.79   74  127 2030925.48 348418.567  82.8%  17.2 2920s
 492472 299300     cutoff   76      2030925.48 348460.849  82.8%  17.2 2925s
 493667 299860 464136.828   37  202 2030925.48 348496.236  82.8%  17.2 2930s
 494431 300077     cutoff  145      2030925.48 348510.187  82.8%  17.2 2935s
 495404 300545 1179355.68   62  144 2030925.48 348537.108  82.8%  17.2 2940s
 496477 301146 1883946.20   83  123 2030925.48 348537.108  82.8%  17.2 2945s
 497222 301345 939900.607   46  178 2030925.48 348626.800  82.8%  17.2 2950s
 498409 301808 1360562.67   56  158 2030925.48 348649.502  82.8%  17.2 2955s
 499206 302181     cutoff   69      2030925.48 348649.502  82.8%  17.2 2960s
 500161 302578 1126915.15   53  165 2030925.48 348700.548  82.8%  17.2 2965s
 501148 302906 1851884.44   80  129 2030925.48 348805.087  82.8%  17.2 2970s
 502108 303377 439683.857   38  194 2030925.48 348873.560  82.8%  17.2 2976s
 502627 303785 1828696.57   68  139 2030925.48 348873.560  82.8%  17.2 2980s
 503708 304845 1624889.58   76  135 2030925.48 348897.142  82.8%  17.2 2985s
 504378 305258 1686942.37   76  137 2030925.48 348897.142  82.8%  17.2 2990s
 505127 305512 476520.962   34  204 2030925.48 348938.465  82.8%  17.2 2995s
 506056 305630     cutoff   67      2030925.48 348962.779  82.8%  17.2 3000s
 507037 305728 infeasible   68      2030925.48 348962.779  82.8%  17.2 3005s
 508083 306354 984108.737   57  156 2030925.48 349099.251  82.8%  17.2 3010s
 509011 307189 1771698.74   95  119 2030925.48 349099.251  82.8%  17.2 3015s
 510139 308548 1922624.67  153  104 2030925.48 349099.251  82.8%  17.2 3021s
 511471 309155 1864423.74   70  135 2030925.48 349108.560  82.8%  17.2 3025s
 512372 309257     cutoff   76      2030925.48 349188.256  82.8%  17.2 3030s
 513253 309357 1970037.34   77  130 2030925.48 349188.256  82.8%  17.2 3035s
 513860 309852 603829.479   47  190 2030925.48 349245.040  82.8%  17.2 3040s
 514906 310319 1687970.86   82  130 2030925.48 349245.040  82.8%  17.2 3045s
 515607 310942 1771726.40   68  145 2030925.48 349283.251  82.8%  17.2 3050s
 516614 311320 990511.473   47  172 2030925.48 349387.005  82.8%  17.2 3055s
 517386 311708 926482.474   57  142 2030925.48 349411.387  82.8%  17.2 3060s
 518630 312381 1180143.14   65  149 2030925.48 349433.429  82.8%  17.2 3065s
 519481 312941 1647438.55  109  119 2030925.48 349433.429  82.8%  17.2 3070s
 520313 313784 1765988.81  131  114 2030925.48 349433.429  82.8%  17.2 3075s
 521433 314985 1815185.87  145  110 2030925.48 349433.429  82.8%  17.2 3080s
 522793 315839 1882876.50  153  105 2030925.48 349433.429  82.8%  17.2 3085s
 523705 316413 1965734.38  183  108 2030925.48 349433.429  82.8%  17.2 3090s
 524308 316550     cutoff   73      2030925.48 349481.266  82.8%  17.2 3095s
 525228 316766 2010839.72  161   99 2030925.48 349498.325  82.8%  17.3 3100s
 526006 316941 480044.574   37  211 2030925.48 349510.237  82.8%  17.3 3105s
 526915 317202 1731519.76   77  143 2030925.48 349510.237  82.8%  17.3 3110s
 527420 317476 1786347.44   81  131 2030925.48 349510.237  82.8%  17.3 3115s
 528355 317825     cutoff   89      2030925.48 349621.631  82.8%  17.3 3121s
 529126 318249 1422969.92   59  156 2030925.48 349621.631  82.8%  17.3 3125s
 530373 318319 525490.201   30  206 2030925.48 349718.914  82.8%  17.3 3130s
 531237 318759 1322001.44   66  146 2030925.48 349807.029  82.8%  17.3 3135s
 532184 319176     cutoff  116      2030925.48 349842.786  82.8%  17.3 3140s
 533103 319321     cutoff   77      2030925.48 349904.981  82.8%  17.3 3145s
 534187 319417 1954855.63   76  136 2030925.48 349940.903  82.8%  17.3 3150s
 534792 320145 1097722.46   55  159 2030925.48 349959.414  82.8%  17.3 3155s
 535825 321269 1896262.01  103  111 2030925.48 349959.414  82.8%  17.3 3160s
 537390 322371 1987063.37  165  107 2030925.48 350015.856  82.8%  17.3 3166s
 538244 322659     cutoff   70      2030925.48 350081.344  82.8%  17.3 3170s
 539236 322850 infeasible   78      2030925.48 350171.298  82.8%  17.3 3175s
 540053 323826 1533731.97   63  146 2030925.48 350181.209  82.8%  17.3 3180s
 540913 324249 1904790.75   80  125 2030925.48 350181.209  82.8%  17.3 3185s
 541575 324308 1926281.50   79  130 2030925.48 350227.628  82.8%  17.3 3190s
 542460 324636 infeasible   78      2030925.48 350289.116  82.8%  17.3 3195s
 543464 324834 1080264.09   57  151 2030925.48 350357.572  82.7%  17.3 3200s
 544530 325852 1738885.02  127  112 2030925.48 350357.572  82.7%  17.3 3205s
 546061 326882 1862984.03  178  110 2030925.48 350357.572  82.7%  17.3 3210s
 547258 327642     cutoff   75      2030925.48 350416.303  82.7%  17.3 3215s
 548177 327796 1820946.99   61  124 2030925.48 350529.444  82.7%  17.3 3220s
 549169 328279 1727601.91   82  130 2030925.48 350529.444  82.7%  17.3 3225s
 549950 328776 1966724.73  107  117 2030925.48 350529.444  82.7%  17.3 3231s
 550730 329353 461360.170   33  205 2030925.48 350590.659  82.7%  17.3 3235s
 551517 329510 551026.695   36  204 2030925.48 350626.329  82.7%  17.3 3240s
 552424 329848 infeasible   68      2030925.48 350688.090  82.7%  17.3 3245s
 553459 330741     cutoff   73      2030925.48 350750.676  82.7%  17.3 3250s
 555433 332274 1029215.37   52  169 2030925.48 350780.244  82.7%  17.3 3255s
 556659 333183 1158906.50   56  160 2030925.48 350800.043  82.7%  17.3 3260s
 557559 333478     cutoff   73      2030925.48 350853.643  82.7%  17.3 3265s
 558280 333576 1792990.55   68  145 2030925.48 350949.780  82.7%  17.3 3276s
 558719 333585     cutoff   71      2030925.48 350949.780  82.7%  17.3 3280s
 559650 333708 1815135.74   69  138 2030925.48 351023.591  82.7%  17.3 3285s
 560491 333707     cutoff   74      2030925.48 351023.591  82.7%  17.3 3290s
 561500 333843 1061441.52   54  176 2030925.48 351080.747  82.7%  17.2 3295s
 562531 333987 486687.623   32  208 2030925.48 351090.418  82.7%  17.2 3300s
 563459 334796 1719638.82   95  111 2030925.48 351104.223  82.7%  17.3 3305s
 564549 335045 infeasible   84      2030925.48 351124.764  82.7%  17.2 3310s
 565292 335188     cutoff   67      2030925.48 351222.492  82.7%  17.2 3315s
 566162 335770 1866287.58   70  135 2030925.48 351241.396  82.7%  17.3 3321s
 566573 335827 1868265.10   70  134 2030925.48 351241.396  82.7%  17.3 3325s
 567379 336600 1468205.71   65  145 2030925.48 351245.775  82.7%  17.3 3331s
 568473 337254     cutoff  101      2030925.48 351248.534  82.7%  17.3 3335s
 569158 337273 2000538.15   75  131 2030925.48 351263.632  82.7%  17.3 3340s
 569950 337457 1916967.37   71  137 2030925.48 351292.918  82.7%  17.3 3345s
 571045 337644 1957039.17   69  138 2030925.48 351418.079  82.7%  17.3 3350s
 572032 338351 1791673.29  111  114 2030925.48 351418.079  82.7%  17.3 3355s
 572846 338580 991072.011   42  183 2030925.48 351520.014  82.7%  17.3 3360s
 573886 338749     cutoff   76      2030925.48 351574.891  82.7%  17.3 3365s
 574931 338855     cutoff   75      2030925.48 351640.675  82.7%  17.3 3370s
 575685 339018 1659659.83   70  151 2030925.48 351657.068  82.7%  17.3 3375s
 576419 339250 1935795.28   76  142 2030925.48 351657.068  82.7%  17.3 3380s
 577275 339707     cutoff   86      2030925.48 351684.173  82.7%  17.3 3385s
 578165 339853 1574663.70   76  127 2030925.48 351702.808  82.7%  17.3 3390s
 578914 339933     cutoff   74      2030925.48 351703.238  82.7%  17.3 3395s
 579915 340141 1979745.89   74  139 2030925.48 351773.714  82.7%  17.3 3400s
 580499 340598 989830.297   45  179 2030925.48 351810.015  82.7%  17.3 3405s
 581235 341058 infeasible   73      2030925.48 351810.015  82.7%  17.3 3410s
 582269 341411     cutoff   72      2030925.48 351866.758  82.7%  17.3 3415s
 583078 341496     cutoff   75      2030925.48 351889.305  82.7%  17.3 3420s
 584122 341670 371191.355   32  214 2030925.48 351912.092  82.7%  17.3 3425s
 584957 341834 613697.053   39  191 2030925.48 351971.966  82.7%  17.3 3430s
 585721 341916 1914326.76   81  122 2030925.48 352013.933  82.7%  17.3 3435s
 586648 342270 1918985.60   71  134 2030925.48 352013.933  82.7%  17.3 3440s
 587817 342956     cutoff   67      2030925.48 352019.554  82.7%  17.3 3446s
 588576 343061 1924638.71   73  136 2030925.48 352040.067  82.7%  17.3 3450s
 589409 343296 1860839.18   72  140 2030925.48 352040.067  82.7%  17.3 3455s
 590312 343733 infeasible   72      2030925.48 352093.337  82.7%  17.3 3460s
 591534 344260     cutoff   77      2030925.48 352119.091  82.7%  17.3 3465s
 592547 344942 1924523.90   74  134 2030925.48 352142.212  82.7%  17.3 3470s
 593482 345103     cutoff  107      2030925.48 352255.611  82.7%  17.3 3476s
 594433 345478 486769.992   39  201 2030925.48 352290.237  82.7%  17.3 3480s
 595352 346316     cutoff   74      2030925.48 352290.237  82.7%  17.3 3485s
 596222 346611 440093.369   39  201 2030925.48 352298.584  82.7%  17.3 3490s
 597083 347144 1998109.56   74  131 2030925.48 352306.129  82.7%  17.3 3495s
 597891 347411 828146.497   41  180 2030925.48 352347.949  82.7%  17.3 3500s
 598993 347473 1950467.29   72  135 2030925.48 352356.245  82.7%  17.3 3506s
 599920 347957 1010062.61   52  166 2030925.48 352413.013  82.6%  17.3 3510s
 601143 348718 1800894.28   74  122 2030925.48 352413.013  82.6%  17.3 3516s
 601981 348981 1969065.42  103  110 2030925.48 352553.918  82.6%  17.3 3520s
 602970 349125     cutoff   74      2030925.48 352562.731  82.6%  17.3 3525s
 603876 349425 1164611.62   54  153 2030925.48 352612.710  82.6%  17.3 3530s
 605133 350114 1907782.60  121  104 2030925.48 352612.710  82.6%  17.3 3535s
 605857 350298     cutoff   72      2030925.48 352735.930  82.6%  17.3 3540s
 606813 350549 1110177.06   57  159 2030925.48 352769.956  82.6%  17.3 3545s
 607487 350852 1867081.15   80  119 2030925.48 352769.956  82.6%  17.3 3550s
 608363 351498 1784771.85  113  118 2030925.48 352769.956  82.6%  17.3 3555s
 609744 352371 1899516.34  158  111 2030925.48 352769.956  82.6%  17.3 3560s
 610853 353182 1973813.92  184  108 2030925.48 352769.956  82.6%  17.3 3565s
 611648 353708 1508151.67   63  163 2030925.48 352825.693  82.6%  17.3 3570s
 612688 354208 1874740.29   70  127 2030925.48 352891.606  82.6%  17.3 3575s
 613491 354365 1752471.82   72  140 2030925.48 352927.169  82.6%  17.4 3580s
 614529 354515     cutoff   73      2030925.48 352994.793  82.6%  17.4 3586s
 615422 354995 1369827.07   51  161 2030925.48 352994.793  82.6%  17.4 3590s
 616271 355354 1951718.05   67  135 2030925.48 353039.301  82.6%  17.4 3595s
 617079 355474 1933616.18   68  146 2030925.48 353064.826  82.6%  17.4 3600s

Cutting planes:
  Gomory: 68
  Implied bound: 4
  MIR: 282
  StrongCG: 1
  Flow cover: 93
  RLT: 59
  Relax-and-lift: 13

Explored 617177 nodes (10720410 simplex iterations) in 3600.04 seconds (2263.93 work units)
Thread count was 2 (of 24 available processors)

Solution count 10: 2.03093e+06 2.0343e+06 2.04829e+06 ... 2.07198e+06

Time limit reached
Best objective 2.030925478143e+06, best bound 3.530648260894e+05, gap 82.6156%
