
Gurobi 11.0.3 (linux64, Java) logging started sex 19 dez 2025 03:27:16 -03

Set parameter WLSAccessID
Set parameter WLSSecret
Set parameter LicenseID to value 2566693
Academic license 2566693 - for non-commercial use only - registered to ja___@ufv.br
Set parameter NonConvex to value 2
Set parameter TimeLimit to value 3600
Set parameter LogToConsole to value 0
Set parameter MIPGap to value 1.2178160141013063e-07
Set parameter Threads to value 1
Set parameter NodefileDir to value "/home/ps12398/gp-momulap/goalProgrammingMarcos/"
Set parameter NodefileStart to value 0.1
Gurobi Optimizer version 11.0.3 build v11.0.3rc0 (linux64)

CPU model: Intel(R) Xeon(R) CPU           X5650  @ 2.67GHz, instruction set [SSE2]
Thread count: 12 physical cores, 24 logical processors, using up to 1 threads

Academic license 2566693 - for non-commercial use only - registered to ja___@ufv.br
Optimize a model with 18767 rows, 12728 columns and 54721 nonzeros
Model fingerprint: 0x653e90c3
Model has 84 quadratic constraints
Variable types: 6326 continuous, 6402 integer (79 binary)
Coefficient statistics:
  Matrix range     [1e-02, 4e+06]
  QMatrix range    [1e-02, 7e+04]
  QLMatrix range   [1e+00, 7e+04]
  Objective range  [2e+00, 2e+07]
  Bounds range     [1e+00, 1e+08]
  RHS range        [1e+00, 2e+06]
Presolve removed 18302 rows and 12236 columns
Presolve time: 0.14s
Presolved: 1193 rows, 711 columns, 13536 nonzeros
Presolved model has 79 bilinear constraint(s)

Solving non-convex MIQCP

Variable types: 302 continuous, 409 integer (70 binary)
Found heuristic solution: objective 8086200.7953

Root relaxation: objective 1.242285e+05, 589 iterations, 0.03 seconds (0.02 work units)

    Nodes    |    Current Node    |     Objective Bounds      |     Work
 Expl Unexpl |  Obj  Depth IntInf | Incumbent    BestBd   Gap | It/Node Time

     0     0 124228.525    0  197 8086200.80 124228.525  98.5%     -    0s
     0     0 124228.525    0  196 8086200.80 124228.525  98.5%     -    0s
H    0     0                    4637660.5838 124228.525  97.3%     -    0s
     0     0 240876.341    0  259 4637660.58 240876.341  94.8%     -    0s
     0     0 240876.341    0  253 4637660.58 240876.341  94.8%     -    0s
     0     0 258993.982    0  230 4637660.58 258993.982  94.4%     -    0s
     0     0 258993.982    0  230 4637660.58 258993.982  94.4%     -    0s
     0     0 301287.402    0  253 4637660.58 301287.402  93.5%     -    0s
     0     0 301287.402    0  248 4637660.58 301287.402  93.5%     -    0s
H    0     0                    3540265.7155 325260.911  90.8%     -    0s
     0     0 325260.911    0  249 3540265.72 325260.911  90.8%     -    0s
     0     0 346422.574    0  289 3540265.72 346422.574  90.2%     -    0s
     0     0 346422.574    0  285 3540265.72 346422.574  90.2%     -    0s
     0     0 349395.717    0  269 3540265.72 349395.717  90.1%     -    0s
     0     0 375494.493    0  310 3540265.72 375494.493  89.4%     -    0s
     0     0 375500.567    0  309 3540265.72 375500.567  89.4%     -    0s
     0     0 376247.839    0  310 3540265.72 376247.839  89.4%     -    0s
     0     0 380559.396    0  325 3540265.72 380559.396  89.3%     -    1s
     0     0 381242.519    0  317 3540265.72 381242.519  89.2%     -    1s
     0     0 388877.989    0  277 3540265.72 388877.989  89.0%     -    1s
     0     0 388877.989    0  277 3540265.72 388877.989  89.0%     -    1s
     0     0 392425.985    0  272 3540265.72 392425.985  88.9%     -    1s
     0     0 392425.985    0  304 3540265.72 392425.985  88.9%     -    1s
     0     0 392425.985    0  144 3540265.72 392425.985  88.9%     -    1s
     0     0 435460.061    0  178 3540265.72 435460.061  87.7%     -    1s
     0     0 515757.001    0  200 3540265.72 515757.001  85.4%     -    1s
     0     0 555128.206    0  224 3540265.72 555128.206  84.3%     -    1s
     0     0 573318.752    0  226 3540265.72 573318.752  83.8%     -    1s
     0     0 591516.335    0  226 3540265.72 591516.335  83.3%     -    2s
     0     0 601062.176    0  224 3540265.72 601062.176  83.0%     -    2s
     0     0 610970.377    0  237 3540265.72 610970.377  82.7%     -    2s
     0     0 612653.159    0  232 3540265.72 612653.159  82.7%     -    2s
     0     0 613363.226    0  239 3540265.72 613363.226  82.7%     -    2s
     0     0 613415.299    0  242 3540265.72 613415.299  82.7%     -    2s
     0     0 616930.875    0  226 3540265.72 616930.875  82.6%     -    2s
     0     0 621487.312    0  247 3540265.72 621487.312  82.4%     -    3s
     0     0 639823.862    0  224 3540265.72 639823.862  81.9%     -    3s
     0     0 639823.862    0  223 3540265.72 639823.862  81.9%     -    3s
     0     0 639823.862    0  232 3540265.72 639823.862  81.9%     -    3s
     0     0 639823.862    0  235 3540265.72 639823.862  81.9%     -    3s
     0     0 639823.862    0  234 3540265.72 639823.862  81.9%     -    3s
     0     2 642664.415    0  233 3540265.72 642664.415  81.8%     -    3s
    27    29 1103706.37   21  163 3540265.72 642664.415  81.8%  32.2    5s
H   74    74                    3499201.4169 642664.415  81.6%  27.9    6s
H  189   189                    3436983.1384 642664.415  81.3%  18.3    7s
   621   621 3199138.73  515   77 3436983.14 642664.415  81.3%   7.9   10s
H  891   888                    3427896.2773 642664.415  81.3%   6.1   11s
  1705  1633 3158943.12  456   72 3427896.28 662434.422  80.7%   4.1   15s
  1728  1649 3256608.87 1133  178 3427896.28 796612.585  76.8%   4.0   20s
  1745  1660 3339091.27 1422  206 3427896.28 837187.900  75.6%   4.0   25s
H 1751  1580                    3397316.6506 846259.885  75.1%   3.9   26s
  1773  1596 3234377.46  583   72 3397316.65 850692.439  75.0%   5.9   30s
  1793  1610 3256058.44  970  210 3397316.65 861102.052  74.7%   5.8   35s
  1807  1620 3234547.81  774  205 3397316.65 862234.484  74.6%   6.8   40s
  1818  1628 3256920.99 1227  216 3397316.65 864529.772  74.6%   6.8   49s
  1824  1633 3256166.48 1003  176 3397316.65 864529.772  74.6%   7.6   50s
  1840  1643 3305195.87 1404  205 3397316.65 876408.806  74.2%   7.5   61s
  1875  1669 1183582.87   53  183 3397316.65 877347.166  74.2%   9.8   65s
H 1908  1606                    3301625.8334 877347.166  73.4%  10.5   67s
H 1994  1585                    3057728.2088 877347.166  71.3%  11.3   68s
  2127  1664 2823782.74  179  114 3057728.21 877347.166  71.3%  11.5   70s
H 2165  1598                    2952302.7952 877347.166  70.3%  11.4   70s
  2435  1726 1053786.06   52  199 2952302.80 892521.806  69.8%  13.6   75s
H 2720  1843                    2943068.9371 892521.806  69.7%  14.0   77s
H 2817  1775                    2842069.6707 892521.806  68.6%  14.0   78s
  2991  1893 2493234.25  330   94 2842069.67 892521.806  68.6%  13.6   80s
H 3029  1728                    2708763.5898 892521.806  67.1%  13.5   80s
  3712  2153 1989965.78  134  120 2708763.59 892722.390  67.0%  14.1   85s
H 4029  2290                    2708763.5722 892722.390  67.0%  13.8   86s
H 4448  2473                    2704485.5933 904675.608  66.5%  14.2   89s
  4547  2541 2261235.37  245  106 2704485.59 904675.608  66.5%  14.1   90s
H 5315  2875                    2692536.3564 907773.049  66.3%  13.8   94s
  5385  2939 2600088.12  161  105 2692536.36 907773.049  66.3%  13.8   95s
H 5490  3041                    2688694.0976 907773.049  66.2%  13.8   95s
H 5766  3297                    2688692.4148 908264.145  66.2%  14.1   97s
  6255  3720 913137.145   41  246 2688692.41 908609.628  66.2%  13.4  100s
  6893  4356 2235006.99  360   89 2688692.41 908609.628  66.2%  13.1  105s
  7767  5161 1336533.27   58  161 2688692.41 909752.302  66.2%  12.8  110s
H 8793  5794                    2646191.5853 909752.302  65.6%  11.7  113s
 10468  7471 2196445.25 2644   86 2646191.59 909752.302  65.6%  10.1  115s
 11664  8611 2595938.58  148  111 2646191.59 913316.845  65.5%  10.2  120s
 12384  9267 1682710.08   70  144 2646191.59 914194.610  65.5%  10.4  125s
 13004  9812 2394102.16  177  111 2646191.59 914379.537  65.4%  10.8  130s
 13490 10225 2561303.15  118  109 2646191.59 915647.241  65.4%  11.3  135s
H13531 10149                    2623771.8071 915939.496  65.1%  11.4  135s
 14633 11229 2296295.01  763   87 2623771.81 915950.348  65.1%  11.0  140s
 15862 12439 2602165.14 1734   88 2623771.81 915950.348  65.1%  10.4  145s
 16372 12846 1049448.96   46  252 2623771.81 917328.421  65.0%  10.8  150s
 16817 13176     cutoff   98      2623771.81 920170.414  64.9%  11.4  155s
 17381 13664 2347054.99  119  113 2623771.81 921899.989  64.9%  11.7  160s
 18070 14245 1437619.65   67  174 2623771.81 922450.609  64.8%  11.7  165s
H18114 14267                    2623770.1243 922450.609  64.8%  11.7  165s
 18634 14709 2073210.77  153  101 2623770.12 923622.913  64.8%  12.0  170s
 20207 16267 2594402.37 1557   87 2623770.12 923622.913  64.8%  11.2  175s
 20684 16637 1005769.73   49  222 2623770.12 925727.754  64.7%  11.6  180s
H21193 16233                    2574099.7191 927366.817  64.0%  11.9  184s
 21247 16263 1326144.16   74  146 2574099.72 927996.245  63.9%  12.0  185s
*21632 15313             379    2553734.6290 927996.245  63.7%  11.8  186s
*21635 15314             381    2553733.4663 927996.245  63.7%  11.8  186s
*21641 15312             382    2553659.3478 927996.245  63.7%  11.8  186s
*21649 15310             380    2553655.3460 927996.245  63.7%  11.8  186s
 22131 15766 2511355.09  286  104 2553655.35 928156.121  63.7%  11.8  190s
 22673 16180     cutoff  180      2553655.35 929073.223  63.6%  12.0  195s
 23051 16495 2538326.98   94  132 2553655.35 929613.868  63.6%  12.3  200s
H23345 14315                    2414337.4972 931527.267  61.4%  12.4  202s
 23657 14432 1927105.54   73  143 2414337.50 931586.123  61.4%  12.3  205s
 24125 14832 2305317.56  153  104 2414337.50 932817.726  61.4%  12.6  210s
 24569 15209     cutoff   92      2414337.50 935072.149  61.3%  12.8  215s
H25051 15617                    2414336.7352 936175.963  61.2%  12.9  219s
 25074 15622 1052481.47   49  223 2414336.74 936748.700  61.2%  12.9  220s
H25128 15635                    2414012.9570 936932.836  61.2%  13.0  220s
H25481 15931                    2414012.1675 938790.330  61.1%  13.2  224s
 25538 15981 2286713.36   98  124 2414012.17 938985.869  61.1%  13.2  225s
 26077 16459 1962000.74   80  155 2414012.17 941059.252  61.0%  13.4  230s
 26758 17059 958463.007   45  246 2414012.17 941319.747  61.0%  13.4  235s
 27258 17476 2368938.24   95  135 2414012.17 943996.463  60.9%  13.7  240s
H27502 17608                    2413691.4982 944909.238  60.9%  13.8  242s
H27833 17914                    2413691.4972 944978.282  60.8%  13.8  244s
 27874 17951 1626607.74   81  130 2413691.50 944979.788  60.8%  13.8  245s
H28209 18244                    2413690.6795 945157.858  60.8%  13.8  247s
 28569 18604 2389119.30  229  105 2413690.68 945268.535  60.8%  13.8  250s
 29224 19233     cutoff  557      2413690.68 945268.535  60.8%  13.8  255s
 29768 19627 1259901.29   56  184 2413690.68 946045.014  60.8%  13.9  260s
 30231 20012 2016921.33   86  126 2413690.68 946478.416  60.8%  14.0  265s
 30733 20422 1788280.21   76  135 2413690.68 947831.001  60.7%  14.3  270s
 31422 20977 2290441.42   90  125 2413690.68 948316.334  60.7%  14.3  275s
 32004 21481     cutoff   91      2413690.68 948804.381  60.7%  14.4  280s
H32473 20895                    2387310.6275 949679.414  60.2%  14.6  285s
 33024 21355 1589668.59   79  144 2387310.63 950332.886  60.2%  14.7  290s
 33569 21760 1028688.38   46  220 2387310.63 951457.107  60.1%  14.9  295s
 34126 22189 1085529.96   53  186 2387310.63 952553.279  60.1%  15.1  300s
 34691 22629 1145368.32   52  201 2387310.63 953391.776  60.1%  15.2  305s
 35200 23002 957186.778   48  237 2387310.63 954591.845  60.0%  15.4  310s
 36272 24003 1118507.34   51  213 2387310.63 954640.001  60.0%  15.2  315s
 36877 24462 1729967.16   85  124 2387310.63 955407.712  60.0%  15.3  320s
 37445 24909     cutoff   94      2387310.63 955922.696  60.0%  15.5  325s
 37962 25315 1115703.79   47  217 2387310.63 956436.729  59.9%  15.7  330s
 38552 25792 1737703.34   76  151 2387310.63 956717.706  59.9%  15.8  335s
 39150 26274 968240.151   45  239 2387310.63 957085.660  59.9%  15.9  340s
 39737 26744 2204135.95  158  107 2387310.63 957299.505  59.9%  16.0  345s
 40245 27141 2282898.61   88  121 2387310.63 957729.574  59.9%  16.2  350s
 40794 27566 1852597.74   81  144 2387310.63 958471.540  59.9%  16.4  355s
 41326 27964 1735667.94   79  118 2387310.63 958639.069  59.8%  16.5  360s
 41884 28426 infeasible   88      2387310.63 958845.234  59.8%  16.6  365s
 42377 28813 1446399.93   75  142 2387310.63 959171.960  59.8%  16.7  370s
 42910 29220 1662944.79   74  161 2387310.63 959637.435  59.8%  16.9  375s
 43601 29692 1410958.93   65  169 2387310.63 959827.857  59.8%  16.8  380s
 44201 30136 1606199.78   75  167 2387310.63 960086.711  59.8%  16.8  385s
 44823 30605 1574939.37   69  144 2387310.63 960475.239  59.8%  16.9  390s
 45319 31034 2048475.80   93  115 2387310.63 960574.391  59.8%  16.9  395s
 46026 31613 2381887.53  103  132 2387310.63 960763.327  59.8%  16.9  400s
 47183 32743 1960394.48  773   97 2387310.63 960843.013  59.8%  16.7  405s
 48226 33708 1078220.84   52  224 2387310.63 960987.571  59.7%  16.7  410s
 48785 34136 1821240.77   82  145 2387310.63 961419.789  59.7%  16.8  415s
 49372 34592     cutoff   95      2387310.63 961665.716  59.7%  16.9  420s
 49937 35001 1157504.39   55  206 2387310.63 961958.520  59.7%  17.0  425s
 50496 35424 962589.719   46  237 2387310.63 962316.352  59.7%  17.1  430s
 51209 36003 2298646.54  181   95 2387310.63 962406.873  59.7%  17.1  435s
 51763 36430 1539919.54   70  144 2387310.63 962977.386  59.7%  17.2  440s
 52403 36966 2336250.85  113  113 2387310.63 963054.448  59.7%  17.2  445s
 53015 37486 2186147.97  126  111 2387310.63 963205.779  59.7%  17.3  450s
 53573 37907 982682.605   50  232 2387310.63 963471.064  59.6%  17.3  455s
 54739 38931 2344101.81  102  126 2387310.63 963643.387  59.6%  17.2  460s
 55266 39336 1049349.99   57  190 2387310.63 964040.980  59.6%  17.3  465s
 55851 39824 1698279.14   78  149 2387310.63 964245.765  59.6%  17.3  470s
 56464 40351 2265870.91  258  105 2387310.63 964463.305  59.6%  17.4  475s
 56886 40640 1472306.70   66  152 2387310.63 964795.802  59.6%  17.4  480s
 58347 41960     cutoff 1070      2387310.63 964926.073  59.6%  17.3  485s
 58946 42426 1942025.34   86  144 2387310.63 965281.162  59.6%  17.3  490s
 59486 42841 1186140.59   55  201 2387310.63 965476.333  59.6%  17.4  495s
 60137 43416 2287830.02  185  103 2387310.63 966103.080  59.5%  17.4  500s
 62286 45456 1472010.67   72  138 2387310.63 966468.631  59.5%  16.9  505s
 63177 46285 2052891.86  381   90 2387310.63 966513.954  59.5%  16.9  510s
 63857 46857 2047689.00   86  130 2387310.63 966778.516  59.5%  16.9  515s
 64368 47231 1469162.96   71  160 2387310.63 967176.823  59.5%  17.0  520s
 64924 47650 1172028.07   54  203 2387310.63 967419.739  59.5%  17.1  525s
H65107 47781                    2387309.8098 967518.395  59.5%  17.1  526s
 65615 48181 1362893.65   70  156 2387309.81 967622.177  59.5%  17.1  530s
 66220 48684 1684503.26   78  161 2387309.81 968003.010  59.5%  17.1  535s
 66720 49067 1100890.35   53  193 2387309.81 968272.945  59.4%  17.2  541s
 67121 49369 1443394.58   66  170 2387309.81 968363.655  59.4%  17.2  545s
*67391 49456             261    2385240.6978 968375.253  59.4%  17.2  546s
 68015 50002 1840297.51  345   83 2385240.70 968438.869  59.4%  17.1  550s
 70163 52029 2287619.62   92  125 2385240.70 968704.152  59.4%  16.8  555s
H70180 52028                    2385240.4078 968737.250  59.4%  16.8  555s
 70620 52362 1884175.46   94  113 2385240.41 968890.090  59.4%  16.8  560s
 71230 52851 1517689.80   73  150 2385240.41 969282.593  59.4%  16.9  565s
*71471 51163             184    2336121.5964 969357.768  58.5%  16.9  566s
*71479 51163             190    2336117.0298 969357.768  58.5%  16.9  566s
H71847 51488                    2336116.7934 969620.259  58.5%  16.9  568s
 71966 51577     cutoff   95      2336116.79 969653.984  58.5%  16.9  570s
 72463 51998 2298179.74  137  111 2336116.79 969784.803  58.5%  16.9  575s
 72971 52358 1766743.87   72  162 2336116.79 970113.058  58.5%  17.0  580s
 73484 52769 1932122.30  102  108 2336116.79 970365.680  58.5%  17.0  585s
 74009 53210 2296486.98   91  135 2336116.79 970480.223  58.5%  17.1  590s
 74641 53709 1526659.67   75  143 2336116.79 970771.062  58.4%  17.2  595s
 75189 54137 1147952.11   51  207 2336116.79 971046.223  58.4%  17.2  600s
 75944 54805 1209024.60   54  195 2336116.79 971202.342  58.4%  17.2  605s
 76456 55227 2091360.59   77  127 2336116.79 971555.892  58.4%  17.3  610s
 77054 55719 2220154.55   91  140 2336116.79 971839.235  58.4%  17.4  615s
 77531 56146 2021723.06  231  111 2336116.79 971877.179  58.4%  17.4  621s
 77908 56462     cutoff  103      2336116.79 971962.845  58.4%  17.4  625s
*78477 54448             208    2314130.5888 972197.051  58.0%  17.4  629s
 78538 54496 2245057.03  102  124 2314130.59 972214.671  58.0%  17.4  630s
H78602 54526                    2313995.4121 972222.934  58.0%  17.4  630s
 79122 54915 1426735.88   76  138 2313995.41 972365.293  58.0%  17.5  635s
 79764 55458 1997354.53  119  111 2313995.41 972567.752  58.0%  17.5  640s
 80503 56055 1231383.68   61  184 2313995.41 972683.434  58.0%  17.4  645s
 81071 56530 1753690.96   82  122 2313995.41 972965.371  58.0%  17.5  650s
 81710 57076 1289181.17   67  160 2313995.41 973105.953  57.9%  17.5  655s
 82396 57642 1313267.48   69  167 2313995.41 973181.871  57.9%  17.5  660s
 82992 58150 1983694.70  172   88 2313995.41 973516.337  57.9%  17.5  665s
H83607 58686                    2312278.5292 973516.337  57.9%  17.4  668s
 83781 58809 1273027.83   59  192 2312278.53 973535.935  57.9%  17.4  670s
 84224 59146 2023951.97   99  119 2312278.53 973644.545  57.9%  17.5  675s
 84797 59624 1654064.94   79  146 2312278.53 973850.711  57.9%  17.5  680s
 85364 60105 1223071.39   65  167 2312278.53 973910.800  57.9%  17.5  685s
 86016 60677 989946.352   49  234 2312278.53 974002.378  57.9%  17.6  690s
 86601 61145 1144364.69   53  213 2312278.53 974301.767  57.9%  17.6  695s
 87228 61677 1671994.66   66  179 2312278.53 974443.250  57.9%  17.6  700s
 87897 62273 2088547.00  237   94 2312278.53 974665.497  57.8%  17.6  705s
 88299 62550 979081.609   48  230 2312278.53 974696.336  57.8%  17.6  710s
 88938 63067     cutoff   93      2312278.53 974798.007  57.8%  17.6  715s
 89439 63459 1214855.24   57  184 2312278.53 975013.793  57.8%  17.7  720s
 90075 63943 1562881.73   66  165 2312278.53 975204.573  57.8%  17.7  725s
 90637 64389 1686058.11   89  132 2312278.53 975261.342  57.8%  17.8  730s
H91133 64782                    2312235.2690 975425.357  57.8%  17.8  734s
 91219 64858 2116669.14  138  101 2312235.27 975425.357  57.8%  17.8  735s
H91596 65108                    2312235.0726 975693.510  57.8%  17.8  738s
 91773 65253     cutoff   91      2312235.07 975702.308  57.8%  17.8  740s
 92348 65714 1977451.89   85  127 2312235.07 975949.424  57.8%  17.9  745s
 92956 66220 1041240.73   61  183 2312235.07 976161.381  57.8%  17.9  750s
*94475 67727            1580    2312208.7119 976161.381  57.8%  17.6  753s
*94477 67699            1579    2311784.2743 976161.381  57.8%  17.6  753s
*94481 67693            1578    2311610.1360 976161.381  57.8%  17.6  753s
*94486 67689            1575    2311537.6907 976161.381  57.8%  17.6  753s
 94591 67779 1134512.80   53  202 2311537.69 976205.623  57.8%  17.6  755s
 95228 68330 2061802.44  197  106 2311537.69 976333.897  57.8%  17.7  760s
 95914 68910 1552090.37   65  158 2311537.69 976413.727  57.8%  17.7  765s
 96594 69481 1902779.17   83  132 2311537.69 976588.569  57.8%  17.7  770s
 97154 69934 1358999.46   64  182 2311537.69 976873.513  57.7%  17.7  775s
 97867 70572 2192117.10  133  110 2311537.69 977071.098  57.7%  17.7  780s
 98286 70884 1420124.41   59  174 2311537.69 977214.461  57.7%  17.8  785s
 98870 71324 2180106.56   85  133 2311537.69 977305.705  57.7%  17.8  790s
 99441 71737 1595486.82   76  152 2311537.69 977486.925  57.7%  17.8  795s
 99950 72122 1514280.63   63  186 2311537.69 977668.250  57.7%  17.9  800s
 100563 72610 2070693.95   72  160 2311537.69 977748.359  57.7%  17.9  805s
 101170 73107 1945825.22  179   89 2311537.69 977884.237  57.7%  17.9  810s
 101940 73758 1167294.47   68  171 2311537.69 978085.555  57.7%  17.9  815s
 102537 74241 996226.868   52  218 2311537.69 978201.078  57.7%  17.9  820s
 103130 74691 2287515.04   86  133 2311537.69 978299.685  57.7%  17.9  825s
 103515 74988 1484421.85   72  158 2311537.69 978415.504  57.7%  18.0  830s
 104087 75435 1788337.16   88  116 2311537.69 978487.248  57.7%  18.0  835s
 104603 75865 infeasible   99      2311537.69 978613.806  57.7%  18.0  840s
 105285 76435 1362977.59   65  171 2311537.69 978735.581  57.7%  18.0  845s
 105846 76815 988272.775   51  222 2311537.69 978912.488  57.7%  18.0  850s
*106154 74849             257    2282865.1513 978912.488  57.1%  18.0  851s
*106159 74820             257    2282175.0735 978912.488  57.1%  18.0  851s
H106210 74724                    2279413.9088 978932.306  57.1%  18.0  851s
 106607 75068 2093937.94   90  127 2279413.91 979017.137  57.0%  18.0  855s
 107251 75594 2074054.81   95  118 2279413.91 979083.952  57.0%  18.0  860s
H107744 75535                    2276233.5055 979353.465  57.0%  18.0  864s
 107807 75584 1691604.78   78  154 2276233.51 979367.334  57.0%  18.0  865s
 108347 75986 1800244.26   78  133 2276233.51 979433.419  57.0%  18.0  870s
 108945 76465 2095504.97  165   97 2276233.51 979532.664  57.0%  18.0  875s
 109614 77001 1056680.17   59  188 2276233.51 979628.788  57.0%  18.0  880s
 110042 77364 1069858.93   60  174 2276233.51 979744.576  57.0%  18.1  885s
 110555 77769 1631385.54   76  144 2276233.51 979833.295  57.0%  18.1  890s
 111096 78162 2143634.59   99  123 2276233.51 980000.972  56.9%  18.1  895s
 111752 78705     cutoff   98      2276233.51 980158.069  56.9%  18.1  900s
 112275 79115 1657269.99   79  136 2276233.51 980472.323  56.9%  18.1  905s
Created node file directory '/home/ps12398/gp-momulap/goalProgrammingMarcos//grbnodes7'
 112639 79449 2075846.88  181   91 2276233.51 980491.864  56.9%  18.1  911s
 113185 79973 1668891.27   84  133 2276233.51 980497.720  56.9%  18.1  915s
 113641 80332 2006116.49  104  103 2276233.51 980620.801  56.9%  18.1  920s
 114259 80811 1133949.53   55  183 2276233.51 980780.696  56.9%  18.1  925s
 114860 81317     cutoff   91      2276233.51 980910.100  56.9%  18.2  930s
 115431 81781 1922061.19  103  115 2276233.51 981055.044  56.9%  18.2  935s
 115981 82207 987901.165   53  213 2276233.51 981263.949  56.9%  18.2  940s
 116533 82687 2134483.70   92  133 2276233.51 981358.393  56.9%  18.2  945s
 117083 83044 1364298.97   62  161 2276233.51 981458.073  56.9%  18.2  950s
 117704 83437 2048571.04   91  115 2276233.51 981480.970  56.9%  18.3  955s
 118247 83598 2149792.64   96  125 2276233.51 981549.903  56.9%  18.3  960s
 118684 83813     cutoff  180      2276233.51 981552.648  56.9%  18.3  965s
 119254 83931 2260381.35   99  121 2276233.51 981562.771  56.9%  18.3  970s
 119736 84146 1662281.97  113  114 2276233.51 981621.225  56.9%  18.4  975s
H120110 84469                    2272221.8403 981621.225  56.8%  18.4  977s
H120112 84471                    2272220.5763 981621.225  56.8%  18.4  977s
H120115 84474                    2272131.7281 981621.225  56.8%  18.4  978s
 120231 84584 1957713.28  189   94 2272131.73 981621.225  56.8%  18.4  980s
H120738 85081                    2272131.7118 981621.225  56.8%  18.4  982s
 121341 85572 1102857.95   61  188 2272131.71 981664.724  56.8%  18.4  985s
H121374 85603                    2272130.2844 981664.724  56.8%  18.4  985s
 121889 85828     cutoff   91      2272130.28 981664.724  56.8%  18.4  990s
 122475 86063 2169334.70   89  141 2272130.28 981757.999  56.8%  18.4  995s
 123000 86135 2156769.52   98  109 2272130.28 981782.915  56.8%  18.4 1000s
 123466 86213 982976.639   47  237 2272130.28 981856.987  56.8%  18.5 1005s
 124054 86641 1895284.53  132  106 2272130.28 981878.134  56.8%  18.5 1010s
 124946 87441 2193613.44  224   90 2272130.28 981878.134  56.8%  18.4 1015s
 125465 87508     cutoff   81      2272130.28 981912.527  56.8%  18.5 1020s
 125723 87716 1423688.64   66  164 2272130.28 981948.321  56.8%  18.5 1025s
 126186 88031     cutoff  104      2272130.28 981977.985  56.8%  18.5 1030s
H126319 88033                    2272003.7224 981994.448  56.8%  18.5 1032s
H126430 88088                    2272002.2235 981994.448  56.8%  18.6 1033s
 126574 88119     cutoff   99      2272002.22 982011.521  56.8%  18.6 1035s
 127098 88228 2101852.51   83  133 2272002.22 982061.062  56.8%  18.6 1040s
 127660 88688 1911240.16  136  106 2272002.22 982072.653  56.8%  18.6 1045s
 128067 88975     cutoff  165      2272002.22 982072.653  56.8%  18.6 1050s
 128448 89113 1804444.61  108   98 2272002.22 982089.734  56.8%  18.7 1055s
 128655 89221     cutoff   86      2272002.22 982097.038  56.8%  18.7 1060s
 129141 89537 1508572.04   68  157 2272002.22 982187.494  56.8%  18.7 1065s
 129716 89899     cutoff   97      2272002.22 982187.494  56.8%  18.7 1070s
 130169 89953     cutoff   96      2272002.22 982193.271  56.8%  18.8 1075s
 130727 90290 1945735.27  106  105 2272002.22 982210.754  56.8%  18.8 1080s
 131198 90623 2233510.18  112  111 2272002.22 982227.642  56.8%  18.9 1085s
 131615 90660     cutoff   95      2272002.22 982237.718  56.8%  19.0 1090s
 132141 90864     cutoff   89      2272002.22 982273.279  56.8%  19.0 1095s
 132621 90996 1391683.72   69  169 2272002.22 982306.879  56.8%  19.0 1101s
 132740 91115 1489342.09   74  155 2272002.22 982306.879  56.8%  19.1 1105s
 133224 91428 2011019.40   94  115 2272002.22 982306.879  56.8%  19.1 1110s
 133706 91648 2185752.62  110  117 2272002.22 982306.879  56.8%  19.2 1117s
 133879 91673 2113184.52   95  117 2272002.22 982314.279  56.8%  19.2 1120s
 134298 91698 2215043.12   84  139 2272002.22 982316.265  56.8%  19.2 1125s
 134874 92238 2133748.93  164  106 2272002.22 982337.280  56.8%  19.2 1130s
 135403 92520 1055485.38   54  203 2272002.22 982422.449  56.8%  19.3 1135s
 135901 92674 2144926.09   89  122 2272002.22 982491.595  56.8%  19.3 1140s
 136386 92800     cutoff  130      2272002.22 982561.510  56.8%  19.3 1145s
 136818 92825     cutoff   94      2272002.22 982567.426  56.8%  19.4 1150s
 137168 92876 1529321.86   61  179 2272002.22 982583.165  56.8%  19.5 1155s
 137778 93394 2218949.33  101  113 2272002.22 982583.165  56.8%  19.4 1160s
 138135 93430 2212937.17  142  109 2272002.22 982583.165  56.8%  19.5 1165s
H138265 93424                    2271878.6204 982583.165  56.8%  19.5 1167s
 138470 93427     cutoff  204      2271878.62 982583.165  56.8%  19.5 1170s
H138534 93423                    2271878.5954 982583.165  56.8%  19.5 1171s
 138779 93426 2214480.44  260  113 2271878.60 982583.165  56.8%  19.6 1175s
H138795 93428                    2271877.0648 982583.165  56.8%  19.6 1175s
 139105 93436 2222865.37  309  108 2271877.06 982583.165  56.8%  19.6 1180s
 139646 93857 2183193.59  127  127 2271877.06 982594.106  56.7%  19.6 1185s
 139960 94026 2202378.41   85  139 2271877.06 982600.329  56.7%  19.6 1190s
 140478 94245 2256434.60  188  112 2271877.06 982625.476  56.7%  19.6 1195s
 140977 94363 2149955.68   96  114 2271877.06 982659.379  56.7%  19.7 1200s
 141483 94389     cutoff   89      2271877.06 982660.769  56.7%  19.7 1205s
 141942 94567 1616422.32   82  125 2271877.06 982672.114  56.7%  19.7 1210s
 142525 95086 1324407.86   50  203 2271877.06 982683.614  56.7%  19.8 1215s
H142823 95382                    2271756.4221 982683.614  56.7%  19.8 1217s
 143082 95599 2102140.39   76  157 2271756.42 982683.614  56.7%  19.8 1220s
H143371 95604                    2271756.3920 982725.695  56.7%  19.8 1223s
 143553 95652 1683953.54   78  138 2271756.39 982745.914  56.7%  19.8 1225s
H143616 95660                    2271754.8083 982745.914  56.7%  19.8 1225s
 143851 95695 2159819.67   88  130 2271754.81 982767.421  56.7%  19.8 1230s
 144283 95967 1093476.87   53  214 2271754.81 982773.906  56.7%  19.8 1237s
 144504 96051 1870254.75   82  137 2271754.81 982776.652  56.7%  19.8 1240s
 145010 96126     cutoff   96      2271754.81 982822.632  56.7%  19.8 1245s
 145449 96153     cutoff   88      2271754.81 982831.315  56.7%  19.9 1250s
 145778 96434 2108024.44   95  122 2271754.81 982846.253  56.7%  19.9 1255s
 146275 96460     cutoff   89      2271754.81 982846.603  56.7%  19.9 1260s
 146765 96496 2212536.51   95  118 2271754.81 982866.719  56.7%  19.9 1265s
 147245 96609 1877704.20   95  118 2271754.81 982918.021  56.7%  20.0 1270s
 147758 96670 1060412.72   50  229 2271754.81 982970.405  56.7%  20.0 1275s
 148252 96788 2109490.59   88  136 2271754.81 983022.416  56.7%  20.0 1280s
 148767 96997 1968803.51  102  130 2271754.81 983045.737  56.7%  20.0 1285s
 148965 97195 2108721.55  103  104 2271754.81 983045.737  56.7%  20.0 1290s
 149261 97469     cutoff  114      2271754.81 983045.737  56.7%  20.1 1295s
 149682 97482 2234842.18   90  147 2271754.81 983066.293  56.7%  20.1 1300s
 150063 97643 2192905.82   82  147 2271754.81 983130.915  56.7%  20.1 1305s
 150565 97964 1796233.02   82  128 2271754.81 983161.589  56.7%  20.1 1310s
 151076 98118 2220382.73  112  121 2271754.81 983165.133  56.7%  20.2 1315s
 151532 98200     cutoff   88      2271754.81 983172.785  56.7%  20.2 1320s
 152006 98250 1841862.27   80  154 2271754.81 983184.343  56.7%  20.2 1325s
 152491 98284 1427701.75   76  136 2271754.81 983210.348  56.7%  20.2 1330s
 153408 99111     cutoff  233      2271754.81 983210.348  56.7%  20.2 1335s
 153789 99138 1011773.44   53  217 2271754.81 983238.603  56.7%  20.2 1340s
 154051 99241 2212953.68   91  131 2271754.81 983241.700  56.7%  20.2 1345s
 154498 99417 1156308.51   63  194 2271754.81 983307.041  56.7%  20.2 1350s
 155100 99989     cutoff   93      2271754.81 983307.041  56.7%  20.2 1355s
 155575 100222 1554833.09   78  139 2271754.81 983380.373  56.7%  20.2 1360s
H155983 100502                    2271686.4119 983389.205  56.7%  20.2 1363s
 156012 100533 1882665.00  193   99 2271686.41 983389.205  56.7%  20.2 1365s
 157085 101592 2133379.74  725   98 2271686.41 983389.205  56.7%  20.2 1370s
 157959 102366 2065197.64  116  113 2271686.41 983412.885  56.7%  20.2 1375s
H158117 102513                    2271684.7885 983412.885  56.7%  20.2 1377s
 158362 102577     cutoff   89      2271684.79 983423.391  56.7%  20.2 1380s
 158809 102686 2021643.54   85  131 2271684.79 983505.114  56.7%  20.2 1385s
 159183 102774 2188000.67   89  122 2271684.79 983536.488  56.7%  20.2 1390s
 159640 102909 1131849.39   59  194 2271684.79 983613.548  56.7%  20.3 1395s
 160108 103377 1462765.33   74  156 2271684.79 983613.548  56.7%  20.3 1400s
 160582 103529 1971045.96   85  130 2271684.79 983620.771  56.7%  20.3 1405s
 161138 103845 1449086.16   69  160 2271684.79 983697.562  56.7%  20.3 1410s
 161606 103915 1097640.33   56  168 2271684.79 983706.345  56.7%  20.4 1415s
 162090 104028 2247068.52   99  131 2271684.79 983718.246  56.7%  20.4 1420s
 162563 104208     cutoff   94      2271684.79 983727.563  56.7%  20.4 1425s
 163073 104540 2219054.37  108  120 2271684.79 983746.513  56.7%  20.4 1430s
 163482 104603 2203381.56   97  117 2271684.79 983759.013  56.7%  20.5 1435s
 163968 104749 991680.273   51  204 2271684.79 983856.151  56.7%  20.5 1440s
 164354 104827 2195586.61   91  126 2271684.79 983864.125  56.7%  20.5 1445s
 164929 105118 1949643.15  112  111 2271684.79 983882.562  56.7%  20.5 1450s
 165486 105366 1023500.57   56  198 2271684.79 983899.242  56.7%  20.5 1455s
 165778 105658 1471998.23   74  155 2271684.79 983899.242  56.7%  20.5 1460s
 166327 105962 2217326.90  107  106 2271684.79 983899.242  56.7%  20.5 1465s
 166779 106102 1711868.62  115  122 2271684.79 983921.360  56.7%  20.6 1470s
 167301 106310 1000377.89   55  197 2271684.79 983966.657  56.7%  20.6 1475s
 167720 106451 2102698.76   92  125 2271684.79 983987.389  56.7%  20.6 1480s
 168329 106927 1869652.34  148  110 2271684.79 984018.392  56.7%  20.6 1485s
 168819 107399 2145761.83  194   99 2271684.79 984018.392  56.7%  20.6 1490s
 169275 107731     cutoff  102      2271684.79 984059.424  56.7%  20.6 1495s
H169306 107724                    2271668.1776 984071.574  56.7%  20.6 1495s
 169693 107800 993314.687   47  242 2271668.18 984078.058  56.7%  20.6 1500s
 170144 108251 1644550.90   73  143 2271668.18 984078.058  56.7%  20.7 1505s
 170611 108566 infeasible   90      2271668.18 984078.058  56.7%  20.7 1510s
H170862 108585                    2271666.5343 984109.491  56.7%  20.7 1513s
 171021 108588 2092363.73   96  134 2271666.53 984109.491  56.7%  20.7 1515s
 171433 108619 2230052.12   91  141 2271666.53 984123.056  56.7%  20.8 1520s
 171821 108687     cutoff   98      2271666.53 984181.014  56.7%  20.8 1525s
 172250 108799     cutoff  110      2271666.53 984230.460  56.7%  20.8 1530s
 173634 110100 2048433.44 1000  103 2271666.53 984233.765  56.7%  20.7 1535s
 174138 110307     cutoff   88      2271666.53 984251.299  56.7%  20.7 1540s
 174517 110342     cutoff   96      2271666.53 984317.805  56.7%  20.7 1545s
 174992 110372 1139075.77   53  226 2271666.53 984331.642  56.7%  20.8 1550s
 175436 110409 994694.351   55  213 2271666.53 984331.835  56.7%  20.8 1555s
 175840 110517     cutoff   91      2271666.53 984356.747  56.7%  20.8 1560s
 176328 110594     cutoff   88      2271666.53 984360.186  56.7%  20.8 1565s
 176829 110847 2066946.35  107  122 2271666.53 984387.135  56.7%  20.8 1570s
 177313 110963 1341223.47   73  144 2271666.53 984402.187  56.7%  20.9 1575s
 177780 111056 2229075.69   97  124 2271666.53 984417.136  56.7%  20.9 1580s
 178216 111118     cutoff   86      2271666.53 984433.879  56.7%  20.9 1585s
 178692 111199 2131127.82   92  124 2271666.53 984443.422  56.7%  20.9 1590s
 179205 111654     cutoff   92      2271666.53 984453.625  56.7%  20.9 1595s
 179651 112046 2153342.88  108   96 2271666.53 984453.625  56.7%  20.9 1600s
 180133 112082 2230581.05   95  140 2271666.53 984470.038  56.7%  20.9 1605s
 180559 112159 1514772.39   76  155 2271666.53 984498.254  56.7%  20.9 1610s
 180909 112356 1682589.30   74  165 2271666.53 984501.851  56.7%  21.0 1615s
 181373 112406 2203726.22   95  133 2271666.53 984512.859  56.7%  21.0 1620s
 181808 112446 2097712.27   97  126 2271666.53 984516.071  56.7%  21.0 1625s
 182296 112547     cutoff   90      2271666.53 984553.003  56.7%  21.0 1630s
 182667 112631 1299090.37   61  170 2271666.53 984592.332  56.7%  21.1 1635s
 182890 112651 1246153.48   53  215 2271666.53 984622.949  56.7%  21.1 1640s
 183237 112974 1858832.42   84  153 2271666.53 984622.949  56.7%  21.1 1645s
 183586 113029     cutoff   91      2271666.53 984622.949  56.7%  21.1 1650s
 184158 113569 2028469.16  140  123 2271666.53 984630.387  56.7%  21.1 1655s
 184625 113891 2271262.61  100  126 2271666.53 984641.445  56.7%  21.1 1660s
 185122 114014     cutoff  125      2271666.53 984709.263  56.7%  21.1 1665s
 185520 114195 1533109.54   71  151 2271666.53 984765.802  56.7%  21.2 1670s
 186081 114389 2143046.65   88  145 2271666.53 984790.211  56.6%  21.2 1675s
 186526 114420     cutoff   89      2271666.53 984791.439  56.6%  21.2 1680s
 187108 114807 2033812.77  119  102 2271666.53 984796.786  56.6%  21.2 1685s
 187472 115171 2132202.17  137  115 2271666.53 984796.786  56.6%  21.2 1690s
 187888 115458 1166374.24   61  183 2271666.53 984812.100  56.6%  21.2 1695s
 188364 115817     cutoff   88      2271666.53 984812.100  56.6%  21.2 1700s
 188773 115843     cutoff   88      2271666.53 984816.390  56.6%  21.2 1705s
 189257 115930 2142754.26   87  125 2271666.53 984867.787  56.6%  21.2 1710s
 189627 115961 2220927.55   87  143 2271666.53 984878.009  56.6%  21.2 1715s
 190108 116030     cutoff   95      2271666.53 984904.533  56.6%  21.3 1720s
 190610 116106 1014956.06   54  194 2271666.53 984922.795  56.6%  21.3 1725s
 191238 116575     cutoff   94      2271666.53 984968.947  56.6%  21.3 1730s
 191681 116611 2214690.61   91  125 2271666.53 984988.647  56.6%  21.3 1735s
 192089 116880 1316809.13   66  173 2271666.53 985001.833  56.6%  21.3 1740s
 192613 117223 1003108.36   49  228 2271666.53 985023.101  56.6%  21.3 1745s
 193051 117278 1031960.80   49  205 2271666.53 985100.856  56.6%  21.3 1750s
 193401 117384 2141235.78  103  130 2271666.53 985111.866  56.6%  21.4 1755s
 193842 117513 1253814.68   63  172 2271666.53 985193.119  56.6%  21.4 1760s
 194510 118065 2217907.67  167   96 2271666.53 985193.119  56.6%  21.4 1765s
 194869 118168 2078510.09  100  123 2271666.53 985207.013  56.6%  21.4 1770s
 195407 118476 1742336.88   75  142 2271666.53 985218.613  56.6%  21.4 1775s
 195847 118701 1319389.02   70  154 2271666.53 985257.705  56.6%  21.4 1780s
 196353 118797 2194524.89   95  124 2271666.53 985279.614  56.6%  21.5 1785s
 196811 119008 1921318.07   86  124 2271666.53 985293.154  56.6%  21.5 1790s
 197218 119154 1209972.99   69  163 2271666.53 985315.700  56.6%  21.5 1795s
 197703 119262     cutoff   93      2271666.53 985337.028  56.6%  21.5 1800s
 198072 119468 1598560.62   68  159 2271666.53 985374.746  56.6%  21.5 1805s
 198630 119895     cutoff  100      2271666.53 985374.746  56.6%  21.5 1810s
 199041 119994 2176831.97  111  110 2271666.53 985478.846  56.6%  21.6 1815s
 199499 120023     cutoff   89      2271666.53 985481.032  56.6%  21.6 1820s
 200113 120631 2011120.55  168  100 2271666.53 985486.011  56.6%  21.5 1825s
 200877 121202 1017132.41   52  200 2271666.53 985511.029  56.6%  21.5 1830s
 201431 121411 1038886.50   64  188 2271666.53 985548.369  56.6%  21.5 1835s
 201917 121512     cutoff   95      2271666.53 985591.099  56.6%  21.6 1840s
 202337 121651 1768432.20   80  137 2271666.53 985612.457  56.6%  21.6 1845s
 202928 122141 2048774.65   98  108 2271666.53 985652.282  56.6%  21.6 1850s
 203385 122311 987360.557   49  234 2271666.53 985750.775  56.6%  21.6 1855s
 203865 122486 2180643.75  118  117 2271666.53 985769.739  56.6%  21.6 1860s
 204284 122566 2193567.31  104  113 2271666.53 985789.738  56.6%  21.7 1865s
 204706 122643 2141295.88   99  129 2271666.53 985804.946  56.6%  21.7 1872s
 204907 122683     cutoff   97      2271666.53 985813.896  56.6%  21.7 1875s
 205353 122876 1816058.98   88  129 2271666.53 985835.025  56.6%  21.7 1880s
 205894 123197     cutoff  122      2271666.53 985861.645  56.6%  21.8 1885s
 206351 123280 1064628.84   57  198 2271666.53 985889.814  56.6%  21.8 1890s
 206821 123453 2183712.38   94  129 2271666.53 985904.066  56.6%  21.8 1895s
 207315 123563     cutoff  105      2271666.53 985974.472  56.6%  21.8 1900s
 207872 123837 2037087.16  114  124 2271666.53 986022.432  56.6%  21.8 1905s
 208414 124200 1224629.86   58  193 2271666.53 986026.678  56.6%  21.8 1910s
 208754 124498 2099846.16   79  134 2271666.53 986026.678  56.6%  21.8 1915s
 209136 124522 1273164.89   68  168 2271666.53 986037.278  56.6%  21.8 1920s
 209623 124734 2086663.58   91  127 2271666.53 986083.158  56.6%  21.8 1925s
 209975 124799 2094902.24   85  152 2271666.53 986136.264  56.6%  21.8 1930s
 210456 124798 2230394.56   90  146 2271666.53 986136.264  56.6%  21.8 1935s
 210979 125154 1868350.83  113  111 2271666.53 986181.499  56.6%  21.9 1940s
 211699 125817     cutoff  187      2271666.53 986181.499  56.6%  21.9 1945s
 212169 126056 1266610.57   65  190 2271666.53 986202.544  56.6%  21.9 1950s
 212694 126500 2063064.58   88  134 2271666.53 986202.544  56.6%  21.9 1955s
 213090 126515 1303758.53   64  175 2271666.53 986217.613  56.6%  21.9 1960s
 213539 126564 2235005.19   86  142 2271666.53 986220.483  56.6%  21.9 1965s
 214031 126683 1020456.87   59  190 2271666.53 986242.628  56.6%  21.9 1970s
 214474 126799 2234143.50  111  113 2271666.53 986307.929  56.6%  21.9 1975s
 214972 127265 1898418.59  118  106 2271666.53 986314.073  56.6%  21.9 1980s
 215581 127846 2212406.38  252  117 2271666.53 986314.073  56.6%  21.9 1985s
 216158 128095     cutoff  123      2271666.53 986363.035  56.6%  21.9 1990s
 216559 128246 1233891.50   62  168 2271666.53 986378.727  56.6%  22.0 1995s
 217096 128731 2119485.81   89  110 2271666.53 986378.727  56.6%  21.9 2000s
 217446 128898 1793957.08   78  139 2271666.53 986385.139  56.6%  22.0 2005s
 217928 129010     cutoff  110      2271666.53 986403.680  56.6%  22.0 2010s
 218414 129352 2139096.88  118  118 2271666.53 986434.323  56.6%  22.0 2015s
 218783 129469     cutoff  102      2271666.53 986454.159  56.6%  22.0 2020s
 219227 129548 2163090.23   83  143 2271666.53 986493.012  56.6%  22.1 2025s
 219698 129649 2236387.81  118  120 2271666.53 986523.791  56.6%  22.1 2030s
 220063 129676 999456.421   59  215 2271666.53 986545.552  56.6%  22.1 2035s
 220512 130067 2215055.08   87  153 2271666.53 986545.552  56.6%  22.1 2040s
 220886 130090 infeasible   87      2271666.53 986545.552  56.6%  22.1 2045s
 221252 130116     cutoff   90      2271666.53 986573.938  56.6%  22.2 2050s
 221842 130528     cutoff  118      2271666.53 986601.368  56.6%  22.2 2055s
 222258 130629     cutoff  116      2271666.53 986616.692  56.6%  22.2 2060s
 222753 130748 2238110.34   93  132 2271666.53 986649.300  56.6%  22.2 2065s
 223236 130926 1012400.87   53  224 2271666.53 986699.686  56.6%  22.2 2070s
 223690 131017 2230887.27  125  117 2271666.53 986703.391  56.6%  22.3 2075s
 224091 131361 2264053.97   79  156 2271666.53 986715.227  56.6%  22.3 2080s
 224671 131746 1953832.00  124  101 2271666.53 986730.475  56.6%  22.3 2085s
 225116 132145 2268481.77  156   91 2271666.53 986730.475  56.6%  22.2 2090s
 225647 132239 2182746.16   80  139 2271666.53 986751.987  56.6%  22.2 2095s
 226069 132312     cutoff   88      2271666.53 986772.575  56.6%  22.3 2100s
 226497 132367 2113983.24   79  137 2271666.53 986781.722  56.6%  22.3 2105s
 226957 132449     cutoff  114      2271666.53 986804.442  56.6%  22.3 2110s
 227488 132734 2123051.17   98  107 2271666.53 986832.891  56.6%  22.3 2115s
 227750 132818 1732815.53   97  110 2271666.53 986833.152  56.6%  22.3 2120s
 228306 133217 1925448.75  153  115 2271666.53 986859.637  56.6%  22.3 2125s
 228787 133414     cutoff   81      2271666.53 986873.947  56.6%  22.3 2130s
 229204 133449     cutoff   95      2271666.53 986874.258  56.6%  22.3 2135s
 229612 133510 2023776.06   88  133 2271666.53 986890.007  56.6%  22.3 2140s
 230049 133546 infeasible   96      2271666.53 986910.484  56.6%  22.3 2145s
 230477 133583 2199313.80   92  131 2271666.53 986915.513  56.6%  22.3 2150s
 231120 134141 2068113.27  125  115 2271666.53 986917.303  56.6%  22.3 2155s
 231585 134370 2200833.19  118  121 2271666.53 986957.386  56.6%  22.3 2160s
 232035 134591 1623668.60   69  162 2271666.53 986972.356  56.6%  22.3 2165s
 232489 134884 2207503.20   85  141 2271666.53 986972.356  56.6%  22.3 2170s
 232918 134947 2197549.68   82  145 2271666.53 986993.485  56.6%  22.4 2175s
 233394 135137 2213146.69  119  101 2271666.53 987072.297  56.5%  22.4 2180s
 233968 135564 1925017.91  183   96 2271666.53 987104.840  56.5%  22.4 2185s
 234949 136522 2219406.99  419  104 2271666.53 987104.840  56.5%  22.3 2190s
 235135 136638 2159642.94  107  120 2271666.53 987110.663  56.5%  22.3 2195s
 235526 136749 2130292.11  102  121 2271666.53 987160.491  56.5%  22.3 2200s
 236093 136876 1147512.30   56  184 2271666.53 987169.753  56.5%  22.4 2205s
 236600 137297     cutoff   88      2271666.53 987169.753  56.5%  22.4 2210s
 237017 137354 1631678.32   83  125 2271666.53 987186.128  56.5%  22.4 2215s
 237543 137524 2125891.52   86  118 2271666.53 987199.452  56.5%  22.4 2220s
 238035 137825 1994269.56  111  114 2271666.53 987207.136  56.5%  22.4 2225s
 238627 138190 2164543.98   91  126 2271666.53 987223.438  56.5%  22.4 2230s
 239078 138289     cutoff  112      2271666.53 987247.995  56.5%  22.4 2235s
 239540 138344 2079774.05   79  136 2271666.53 987272.054  56.5%  22.4 2240s
 239973 138556 1472684.72   63  165 2271666.53 987273.682  56.5%  22.4 2245s
 240233 138804 2137885.78   84  123 2271666.53 987273.682  56.5%  22.4 2250s
 240726 138953 2252163.38  118  111 2271666.53 987284.711  56.5%  22.4 2255s
 241237 139308 1856451.77   93  116 2271666.53 987315.565  56.5%  22.4 2260s
 242001 139946 2237447.57   89  133 2271666.53 987321.012  56.5%  22.4 2265s
 242510 140044 2137070.52   92  126 2271666.53 987347.740  56.5%  22.4 2270s
 243021 140212     cutoff   95      2271666.53 987391.152  56.5%  22.4 2275s
 243515 140612 1800111.38   74  150 2271666.53 987397.050  56.5%  22.4 2280s
 243997 140934 1190484.66   59  191 2271666.53 987407.122  56.5%  22.4 2285s
H244583 141244                    2258477.7099 987412.791  56.3%  22.4 2290s
 244938 141601 2109801.38  121  114 2258477.71 987412.791  56.3%  22.5 2295s
 245199 141862 2153971.37  128  118 2258477.71 987412.791  56.3%  22.4 2300s
 245415 142019 2122392.54   89  125 2258477.71 987419.565  56.3%  22.5 2305s
 245831 142109     cutoff  103      2258477.71 987427.135  56.3%  22.5 2310s
H245881 142106                    2258476.0995 987448.558  56.3%  22.5 2310s
 246324 142330 2177504.10  132  113 2258476.10 987449.858  56.3%  22.5 2315s
 246798 142454     cutoff  108      2258476.10 987469.942  56.3%  22.5 2320s
 247164 142691 1883542.01   98  125 2258476.10 987488.097  56.3%  22.5 2325s
H247448 142959                    2252852.9599 987488.097  56.2%  22.5 2327s
 247665 143007     cutoff  118      2252852.96 987520.456  56.2%  22.5 2330s
H247785 143051                    2252851.3495 987522.558  56.2%  22.5 2331s
 248164 143079 2022590.62   81  143 2252851.35 987535.690  56.2%  22.6 2335s
 248712 143302 2188212.49  106  118 2252851.35 987558.815  56.2%  22.6 2340s
 249240 143376     cutoff   94      2252851.35 987570.697  56.2%  22.6 2345s
 249698 143437     cutoff   93      2252851.35 987578.126  56.2%  22.6 2350s
 250258 143706 2043033.49  153  108 2252851.35 987580.056  56.2%  22.6 2355s
 250588 143920 1355486.57   62  195 2252851.35 987593.410  56.2%  22.6 2360s
 251148 144446 2181531.53   84  142 2252851.35 987593.410  56.2%  22.6 2365s
 251552 144528 1361188.24   73  129 2252851.35 987608.378  56.2%  22.6 2370s
 252140 144779     cutoff  120      2252851.35 987630.399  56.2%  22.6 2375s
 252539 144817 1002381.17   53  207 2252851.35 987670.508  56.2%  22.6 2380s
 252980 144951 2120230.58   92  128 2252851.35 987703.713  56.2%  22.7 2385s
 253544 145253 1838428.95  100  101 2252851.35 987735.385  56.2%  22.7 2390s
 254222 145931 2137652.31  154   98 2252851.35 987735.385  56.2%  22.7 2395s
 254721 146070     cutoff   95      2252851.35 987763.357  56.2%  22.7 2400s
H255071 146143                    2243217.8259 987789.611  56.0%  22.7 2404s
 255172 146174 2227714.12  129  118 2243217.83 987789.611  56.0%  22.7 2405s
 255515 146223 1304057.84   69  167 2243217.83 987800.471  56.0%  22.7 2410s
H255812 146315                    2243216.2155 987809.230  56.0%  22.7 2412s
 256044 146315 2131932.96   91  133 2243216.22 987809.230  56.0%  22.7 2415s
 256498 146382 1939787.93   93  126 2243216.22 987824.591  56.0%  22.7 2420s
 257117 146949 1944416.24  128  114 2243216.22 987824.902  56.0%  22.7 2425s
 257757 147446     cutoff  100      2243216.22 987827.876  56.0%  22.7 2430s
 258218 147565 2163362.06  100  120 2243216.22 987855.152  56.0%  22.7 2435s
 258709 147989 1860270.38   84  121 2243216.22 987894.879  56.0%  22.7 2440s
 259110 148056     cutoff   94      2243216.22 987901.165  56.0%  22.8 2445s
 259639 148220 1136093.95   60  173 2243216.22 987909.120  56.0%  22.8 2450s
 260259 148689 1917239.38  133  113 2243216.22 987916.890  56.0%  22.8 2455s
 260662 148785 1955946.78   90  133 2243216.22 987939.628  56.0%  22.8 2460s
 261115 148918 2173823.60  142  105 2243216.22 987950.487  56.0%  22.8 2465s
 261636 149036     cutoff  103      2243216.22 987983.656  56.0%  22.8 2470s
 262183 149479     cutoff   92      2243216.22 987987.252  56.0%  22.8 2475s
 262583 149496 2232769.58   94  114 2243216.22 987987.252  56.0%  22.8 2480s
 262969 149482     cutoff   86      2243216.22 987991.501  56.0%  22.9 2485s
 263460 149861 2161712.48  106  122 2243216.22 988021.250  56.0%  22.9 2490s
 263866 149955     cutoff   91      2243216.22 988048.138  56.0%  22.9 2495s
 264303 150021 2187974.56   87  143 2243216.22 988084.683  56.0%  22.9 2500s
 264824 150134 2122059.13  129   94 2243216.22 988092.693  56.0%  22.9 2505s
 265310 150161     cutoff   90      2243216.22 988093.268  56.0%  22.9 2510s
 265665 150226 2165699.69   87  120 2243216.22 988143.502  55.9%  22.9 2515s
 266081 150373 2066765.52   76  164 2243216.22 988171.351  55.9%  23.0 2520s
 266667 150754 2000423.40  110   99 2243216.22 988171.351  55.9%  22.9 2525s
H266893 150955                    2235211.1912 988171.351  55.8%  22.9 2527s
 267045 151103     cutoff  147      2235211.19 988171.351  55.8%  22.9 2530s
H267049 151105                    2234893.1790 988171.351  55.8%  22.9 2530s
 267451 151157     cutoff   93      2234893.18 988173.355  55.8%  22.9 2535s
 267906 151223 2165696.49   85  150 2234893.18 988217.678  55.8%  23.0 2540s
H268165 151264                    2234042.3216 988224.850  55.8%  23.0 2542s
H268204 151300                    2233569.6031 988224.850  55.8%  23.0 2543s
 268579 151677 2087183.48  266   95 2233569.60 988224.850  55.8%  22.9 2545s
H268687 151783                    2233568.0151 988224.850  55.8%  22.9 2545s
H269179 152275                    2233279.7793 988224.850  55.8%  22.9 2546s
H269769 152865                    2233279.5961 988224.850  55.8%  22.8 2549s
 269855 152953 2087183.48  904   95 2233279.60 988224.850  55.8%  22.8 2550s
 271575 154673 2087183.48 1764   95 2233279.60 988224.850  55.8%  22.7 2555s
H272181 155277                    2230146.8427 988224.850  55.7%  22.7 2557s
H272477 155573                    2228395.7572 988224.850  55.7%  22.7 2558s
 272872 155970 2122091.27 2413   93 2228395.76 988224.850  55.7%  22.6 2560s
H272962 156058                    2218483.1526 988224.850  55.5%  22.6 2560s
 273664 156672     cutoff 2770      2218483.15 988224.850  55.5%  22.6 2565s
 274144 156790     cutoff   93      2218483.15 988234.082  55.5%  22.6 2570s
 274570 156847     cutoff   86      2218483.15 988265.082  55.5%  22.6 2575s
 275027 157048 1870538.27   88  120 2218483.15 988289.139  55.5%  22.6 2580s
 275531 157424 1727592.95   70  146 2218483.15 988293.586  55.5%  22.6 2585s
H275737 148355                    2160119.9266 988293.586  54.2%  22.6 2587s
 275938 148371 2126698.51   84  137 2160119.93 988293.586  54.2%  22.6 2590s
H276409 148444                    2160014.8611 988312.721  54.2%  22.6 2595s
 276831 148466 1651719.46   78  142 2160014.86 988361.559  54.2%  22.7 2600s
 277216 148573 1170989.47   64  174 2160014.86 988399.250  54.2%  22.7 2605s
H277337 148596                    2160014.8396 988399.250  54.2%  22.7 2606s
 277676 148662     cutoff   86      2160014.84 988426.111  54.2%  22.7 2610s
 278154 148883 1110288.02   61  187 2160014.84 988449.365  54.2%  22.7 2615s
 278780 149348 1349002.17   66  181 2160014.84 988449.687  54.2%  22.7 2620s
 279252 149626 1994964.81   88  129 2160014.84 988449.687  54.2%  22.7 2625s
 279677 149659     cutoff   97      2160014.84 988454.950  54.2%  22.7 2630s
 280062 149692 1781471.56   89  130 2160014.84 988464.980  54.2%  22.7 2635s
 280528 149750 1733292.72   82  133 2160014.84 988526.332  54.2%  22.7 2640s
 280861 149835     cutoff   89      2160014.84 988538.099  54.2%  22.8 2645s
 281333 149888     cutoff  110      2160014.84 988557.081  54.2%  22.8 2650s
 281888 150181     cutoff   92      2160014.84 988569.212  54.2%  22.8 2655s
 282398 150289 1996823.80   86  129 2160014.84 988585.485  54.2%  22.8 2660s
 282834 150288 2128471.16   88  141 2160014.84 988585.485  54.2%  22.8 2665s
 283329 150773 1839967.67   72  132 2160014.84 988589.472  54.2%  22.8 2670s
 283739 150888     cutoff   93      2160014.84 988589.472  54.2%  22.8 2675s
 284268 150965 infeasible  129      2160014.84 988598.110  54.2%  22.8 2680s
 284878 150965     cutoff  172      2160014.84 988598.110  54.2%  22.8 2685s
 285339 150966 2141883.98  204  121 2160014.84 988598.110  54.2%  22.8 2690s
 285751 150966 2142344.77  234  121 2160014.84 988598.110  54.2%  22.8 2695s
 286073 150966 2136973.24  257  116 2160014.84 988598.110  54.2%  22.8 2700s
 286470 150977 1442490.30   70  181 2160014.84 988611.256  54.2%  22.8 2705s
 286980 151191 1794038.40  136  104 2160014.84 988643.180  54.2%  22.8 2710s
 287562 151623     cutoff  128      2160014.84 988654.071  54.2%  22.8 2715s
 288007 151669     cutoff   88      2160014.84 988668.843  54.2%  22.8 2720s
 288477 151772 1072268.16   58  191 2160014.84 988721.103  54.2%  22.8 2725s
 289035 151915 1312340.86   53  201 2160014.84 988792.699  54.2%  22.9 2730s
 289614 152158 1769743.10  116   96 2160014.84 988814.505  54.2%  22.8 2735s
 290037 152572 1892571.01  246   93 2160014.84 988814.505  54.2%  22.8 2740s
 290546 152730 2008093.85   82  133 2160014.84 988831.786  54.2%  22.8 2745s
 290953 152792 2025004.15   91  137 2160014.84 988833.652  54.2%  22.8 2750s
 291418 152954 2104991.28  106  102 2160014.84 988839.091  54.2%  22.8 2755s
 291899 153253 1363339.95   71  159 2160014.84 988861.944  54.2%  22.8 2760s
 292433 153553 2062754.39   90  137 2160014.84 988861.944  54.2%  22.8 2765s
 292893 153605 1808098.39   79  146 2160014.84 988892.583  54.2%  22.9 2770s
H293049 153642                    2159779.6241 988907.643  54.2%  22.9 2771s
 293549 154062 1847358.94  175   94 2159779.62 988907.643  54.2%  22.8 2775s
 293976 154117 2099035.34   89  145 2159779.62 988909.207  54.2%  22.9 2780s
 294393 154172 2041702.23   82  135 2159779.62 988928.402  54.2%  22.9 2785s
 294873 154295 2096730.00   86  138 2159779.62 988970.170  54.2%  22.9 2790s
 295315 154316     cutoff   83      2159779.62 988973.097  54.2%  22.9 2795s
 295757 154373 2055695.51   87  116 2159779.62 988986.673  54.2%  22.9 2800s
 296141 154585 1955484.06  100  115 2159779.62 989007.327  54.2%  22.9 2807s
 296333 154656     cutoff  109      2159779.62 989007.327  54.2%  22.9 2810s
 296824 154742     cutoff   87      2159779.62 989070.471  54.2%  22.9 2815s
 297286 154941 2097826.30   94  136 2159779.62 989089.535  54.2%  22.9 2820s
 297773 155036     cutoff   93      2159779.62 989165.539  54.2%  22.9 2825s
 298248 155105     cutoff   90      2159779.62 989198.826  54.2%  22.9 2830s
 298732 155464 2131216.61   84  143 2159779.62 989218.874  54.2%  22.9 2835s
 299200 155705 1682958.71   75  148 2159779.62 989225.896  54.2%  22.9 2840s
 299700 155955     cutoff   91      2159779.62 989225.896  54.2%  22.9 2845s
 300123 156000 1104020.49   50  214 2159779.62 989246.371  54.2%  22.9 2850s
H300276 156023                    2155147.3688 989246.371  54.1%  22.9 2851s
 300581 156109     cutoff   96      2155147.37 989271.034  54.1%  23.0 2855s
 300940 156106 1034426.62   51  203 2155147.37 989307.116  54.1%  23.0 2860s
 301378 156286 2106728.27   91  130 2155147.37 989326.277  54.1%  23.0 2865s
 301956 156675 1952571.11  162  110 2155147.37 989333.354  54.1%  23.0 2870s
 302428 156909     cutoff  100      2155147.37 989361.602  54.1%  23.0 2875s
 302870 156994 2114779.66  127  111 2155147.37 989370.503  54.1%  23.0 2880s
 303312 157374 2011618.15   79  144 2155147.37 989371.735  54.1%  23.0 2885s
 303688 157486     cutoff   89      2155147.37 989378.168  54.1%  23.0 2890s
 304124 157574     cutoff   83      2155147.37 989399.713  54.1%  23.0 2895s
 304549 157682 1414030.71   72  160 2155147.37 989433.067  54.1%  23.0 2900s
 304992 157861 2077347.46   88  120 2155147.37 989438.816  54.1%  23.0 2905s
 305485 157921 1966725.88   83  147 2155147.37 989476.485  54.1%  23.0 2910s
 305915 158120 1449914.02   62  178 2155147.37 989508.257  54.1%  23.0 2915s
H306166 158347                    2141928.2319 989508.257  53.8%  23.0 2922s
 306400 158426     cutoff   91      2141928.23 989508.257  53.8%  23.0 2925s
 306804 158444     cutoff   96      2141928.23 989516.557  53.8%  23.1 2930s
 307282 158596     cutoff  133      2141928.23 989540.899  53.8%  23.1 2935s
 307758 158802 2073123.03   91  124 2141928.23 989552.985  53.8%  23.1 2940s
 308184 158860 2074384.87   88  118 2141928.23 989554.517  53.8%  23.1 2945s
 308700 158984     cutoff   89      2141928.23 989583.573  53.8%  23.1 2950s
 309070 159047 2073034.12   85  133 2141928.23 989614.888  53.8%  23.1 2955s
 309532 159070 1003884.41   51  219 2141928.23 989633.064  53.8%  23.1 2960s
 309931 159308 2018134.70   83  128 2141928.23 989633.064  53.8%  23.1 2965s
 310433 159536 2134003.58  101  119 2141928.23 989660.778  53.8%  23.1 2970s
 310949 159636 1890847.69   92  119 2141928.23 989680.872  53.8%  23.1 2975s
 311688 160213 1288572.42   70  159 2141928.23 989709.662  53.8%  23.1 2980s
 312207 160477 2093383.57   88  122 2141928.23 989727.187  53.8%  23.1 2985s
 312502 160517 1201891.30   65  185 2141928.23 989763.194  53.8%  23.1 2990s
 312873 160586 1264696.12   65  171 2141928.23 989819.971  53.8%  23.1 2995s
 313281 160858     cutoff   93      2141928.23 989824.198  53.8%  23.1 3000s
 313787 160955 1145161.58   59  183 2141928.23 989853.057  53.8%  23.1 3005s
 314310 161102 2081970.46   84  144 2141928.23 989866.501  53.8%  23.1 3010s
 314868 161287     cutoff   88      2141928.23 989887.096  53.8%  23.1 3015s
 315530 161752 1973440.53  259   96 2141928.23 989906.918  53.8%  23.1 3020s
 316064 162136     cutoff   77      2141928.23 989934.230  53.8%  23.1 3025s
 316480 162289 1999574.64  120  113 2141928.23 989940.226  53.8%  23.1 3030s
 316880 162392     cutoff  101      2141928.23 989942.831  53.8%  23.1 3035s
 317315 162416 1984814.16   85  126 2141928.23 989945.083  53.8%  23.1 3040s
 317754 162483     cutoff   89      2141928.23 989962.926  53.8%  23.2 3045s
 318184 162553 2062925.49   93  129 2141928.23 989986.830  53.8%  23.2 3050s
H318531 162871                    2141922.9695 989996.157  53.8%  23.2 3053s
 318718 163056 1920542.37  159   97 2141922.97 989996.157  53.8%  23.2 3055s
 319210 163261 1298209.30   66  159 2141922.97 990018.676  53.8%  23.2 3060s
 319682 163610     cutoff   88      2141922.97 990018.676  53.8%  23.2 3065s
 320094 163638 1906829.85   95  135 2141922.97 990019.125  53.8%  23.2 3070s
 320469 163685     cutoff  101      2141922.97 990024.268  53.8%  23.2 3075s
 320883 163772 2073390.42   88  125 2141922.97 990074.514  53.8%  23.2 3080s
 321337 163817 1347020.49   67  161 2141922.97 990089.248  53.8%  23.2 3085s
 321915 164234 2121595.98  170  115 2141922.97 990090.741  53.8%  23.2 3090s
 322357 164291 1012801.66   52  215 2141922.97 990122.760  53.8%  23.2 3095s
 322843 164365 1065585.15   53  196 2141922.97 990139.372  53.8%  23.2 3100s
 323301 164821 2022269.09   82  120 2141922.97 990139.372  53.8%  23.2 3105s
 323805 165048     cutoff   87      2141922.97 990156.649  53.8%  23.2 3110s
 324282 165079     cutoff   95      2141922.97 990172.467  53.8%  23.2 3115s
 324698 165160     cutoff  112      2141922.97 990177.103  53.8%  23.3 3120s
 325210 165492     cutoff  117      2141922.97 990196.212  53.8%  23.3 3125s
 325649 165530 2090396.90   92  129 2141922.97 990218.306  53.8%  23.3 3130s
 326069 165584     cutoff   91      2141922.97 990241.285  53.8%  23.3 3135s
 326440 165651 2075444.21   87  127 2141922.97 990268.908  53.8%  23.3 3140s
 326866 165953 1865596.77   76  144 2141922.97 990271.665  53.8%  23.3 3145s
 327293 166138 1013394.40   53  200 2141922.97 990289.442  53.8%  23.3 3150s
 327792 166325     cutoff   92      2141922.97 990301.732  53.8%  23.3 3155s
 328252 166411 2100340.36  109  111 2141922.97 990320.685  53.8%  23.3 3160s
 328726 166548 2039841.21   83  129 2141922.97 990341.075  53.8%  23.3 3165s
 329106 166571     cutoff   86      2141922.97 990341.763  53.8%  23.3 3170s
 329627 167054 1978707.23   77  151 2141922.97 990349.671  53.8%  23.3 3175s
 330065 167189     cutoff   92      2141922.97 990352.003  53.8%  23.3 3180s
 330747 167645 1063672.13   53  188 2141922.97 990366.621  53.8%  23.3 3185s
 331162 167792 996392.275   51  215 2141922.97 990386.721  53.8%  23.3 3190s
 331617 167979 2094974.63   86  147 2141922.97 990388.712  53.8%  23.3 3195s
 332035 168048 1914864.05   91  127 2141922.97 990437.138  53.8%  23.3 3200s
 332511 168073     cutoff   85      2141922.97 990464.927  53.8%  23.4 3205s
 332868 168126 1244537.78   68  164 2141922.97 990470.683  53.8%  23.4 3210s
 333383 168553 1763480.46   69  171 2141922.97 990473.255  53.8%  23.4 3215s
 333812 168596     cutoff   99      2141922.97 990484.291  53.8%  23.4 3220s
 334281 168711 2113198.14   88  139 2141922.97 990518.509  53.8%  23.4 3225s
 334723 168804     cutoff   98      2141922.97 990563.323  53.8%  23.4 3230s
 335214 168832 2116300.44   90  131 2141922.97 990565.103  53.8%  23.4 3235s
 335759 169186 1999646.28  142  111 2141922.97 990605.166  53.8%  23.4 3240s
 336134 169318 1246725.28   64  168 2141922.97 990676.134  53.7%  23.4 3245s
 336594 169503 1982542.91   92  117 2141922.97 990708.208  53.7%  23.4 3250s
 336950 169567     cutoff   94      2141922.97 990744.386  53.7%  23.4 3255s
 337392 169652     cutoff   89      2141922.97 990811.154  53.7%  23.4 3260s
 337913 169979 2130685.09  112  114 2141922.97 990819.762  53.7%  23.5 3265s
 338344 170121 1066364.53   54  199 2141922.97 990838.589  53.7%  23.5 3270s
 338769 170302     cutoff   73      2141922.97 990838.589  53.7%  23.5 3275s
 339194 170396 2037109.55   95  119 2141922.97 990865.219  53.7%  23.5 3280s
 339608 170546 1061724.45   53  203 2141922.97 990945.313  53.7%  23.5 3285s
 340083 170755 1952803.67   90  142 2141922.97 990974.449  53.7%  23.5 3290s
 340513 170781     cutoff   85      2141922.97 990993.384  53.7%  23.5 3295s
 340938 170841 infeasible   87      2141922.97 991016.004  53.7%  23.5 3300s
 341324 170962 1481105.60   61  173 2141922.97 991016.926  53.7%  23.5 3305s
 341752 171366 1934245.53   79  132 2141922.97 991016.926  53.7%  23.5 3310s
 342164 171426 2030706.13   88  140 2141922.97 991030.321  53.7%  23.6 3315s
 342594 171550 2053847.69  103  112 2141922.97 991036.560  53.7%  23.6 3320s
 343039 171728 2021242.21  108  106 2141922.97 991065.208  53.7%  23.6 3325s
 343458 171795 1995164.27   86  125 2141922.97 991085.300  53.7%  23.6 3330s
 343863 171828     cutoff   95      2141922.97 991088.008  53.7%  23.6 3335s
 344275 171877 994379.817   47  239 2141922.97 991112.061  53.7%  23.6 3340s
 344698 171976 1788031.16   83  127 2141922.97 991138.728  53.7%  23.6 3345s
 345053 172230 1855541.68   77  139 2141922.97 991166.791  53.7%  23.6 3350s
 345512 172487 1761503.78   90  112 2141922.97 991173.587  53.7%  23.6 3355s
 346003 172873 2066967.58  110  109 2141922.97 991194.275  53.7%  23.6 3360s
 346488 172991 2096165.92   97  118 2141922.97 991238.030  53.7%  23.6 3365s
 346736 173052 1549389.77   75  144 2141922.97 991259.910  53.7%  23.6 3371s
 347092 173115     cutoff   84      2141922.97 991283.335  53.7%  23.6 3375s
 347524 173234 1050989.33   58  193 2141922.97 991297.432  53.7%  23.6 3380s
 348016 173726 1835722.87   79  144 2141922.97 991297.432  53.7%  23.6 3385s
 348533 173985     cutoff  120      2141922.97 991313.362  53.7%  23.6 3390s
 349034 174034 1959383.18   99  120 2141922.97 991327.905  53.7%  23.6 3395s
 349488 174097 2063498.82   82  151 2141922.97 991365.160  53.7%  23.6 3400s
 349973 174256 2033729.61   88  134 2141922.97 991377.352  53.7%  23.6 3405s
 350460 174351     cutoff   88      2141922.97 991424.245  53.7%  23.6 3410s
 350949 174384     cutoff   91      2141922.97 991428.886  53.7%  23.6 3415s
 351420 174404 2098396.67   83  141 2141922.97 991430.986  53.7%  23.6 3420s
 351844 174652 1893866.23  108  118 2141922.97 991446.397  53.7%  23.6 3425s
 352328 175039 1645868.84   64  167 2141922.97 991454.644  53.7%  23.6 3430s
 352745 175338 2110841.28   81  154 2141922.97 991454.644  53.7%  23.6 3435s
 353172 175386 2106243.38   96  110 2141922.97 991464.080  53.7%  23.7 3440s
 353636 175522     cutoff   97      2141922.97 991492.887  53.7%  23.7 3445s
 354128 175612     cutoff   90      2141922.97 991527.611  53.7%  23.7 3450s
 354662 176001 1000281.17   54  226 2141922.97 991543.459  53.7%  23.7 3455s
 355122 176256 1445301.54   65  168 2141922.97 991564.305  53.7%  23.7 3460s
 355660 176524     cutoff   88      2141922.97 991564.305  53.7%  23.7 3465s
 356114 176644 2047674.92   78  142 2141922.97 991651.621  53.7%  23.7 3470s
 356524 176701 2041639.31   82  153 2141922.97 991674.652  53.7%  23.7 3475s
 356878 176736 2014092.17   88  115 2141922.97 991681.506  53.7%  23.7 3480s
 357306 176744 1004273.64   54  190 2141922.97 991682.985  53.7%  23.7 3485s
 357782 176981 1010895.43   53  225 2141922.97 991683.447  53.7%  23.7 3490s
 358164 177046     cutoff   98      2141922.97 991693.518  53.7%  23.7 3495s
 358608 177149 2028816.46   83  120 2141922.97 991705.110  53.7%  23.7 3500s
 359085 177214 2030428.34   88  137 2141922.97 991756.925  53.7%  23.7 3505s
 359543 177346 2015456.97   91  117 2141922.97 991763.868  53.7%  23.7 3510s
 360018 177547     cutoff  107      2141922.97 991770.186  53.7%  23.8 3515s
 360226 177585 1795053.05   79  143 2141922.97 991789.411  53.7%  23.8 3520s
 360661 177705     cutoff  106      2141922.97 991835.285  53.7%  23.8 3525s
 361138 178108 1844481.49   75  145 2141922.97 991841.951  53.7%  23.8 3530s
 361576 178298 1013065.65   46  215 2141922.97 991845.855  53.7%  23.8 3535s
 361951 178559 2100508.77   97  132 2141922.97 991852.242  53.7%  23.7 3542s
 362174 178558 2073520.18   98  132 2141922.97 991852.242  53.7%  23.8 3545s
 362590 178637 1745812.19   74  158 2141922.97 991855.930  53.7%  23.8 3550s
 363050 178808 2103851.94   92  137 2141922.97 991890.085  53.7%  23.8 3555s
 363480 178884 1985244.64   87  140 2141922.97 991934.057  53.7%  23.8 3560s
 364026 179104 1812114.70  165   96 2141922.97 991945.519  53.7%  23.8 3565s
 364727 179616 1252162.96   61  182 2141922.97 992003.924  53.7%  23.8 3570s
 365248 179917     cutoff   99      2141922.97 992008.325  53.7%  23.8 3575s
 365873 180321 1689142.38   86  128 2141922.97 992030.378  53.7%  23.8 3580s
 366309 180406 2055670.02   87  139 2141922.97 992049.049  53.7%  23.8 3585s
 366758 180448     cutoff  109      2141922.97 992065.469  53.7%  23.8 3590s
 367064 180470 1044534.24   58  201 2141922.97 992066.636  53.7%  23.8 3595s

Cutting planes:
  Gomory: 41
  Implied bound: 18
  MIR: 144
  StrongCG: 3
  Flow cover: 238
  RLT: 26
  Relax-and-lift: 10

Explored 367498 nodes (8750347 simplex iterations) in 3600.02 seconds (1111.97 work units)
Thread count was 1 (of 24 available processors)

Solution count 10: 2.14192e+06 2.14193e+06 2.15515e+06 ... 2.23328e+06

Time limit reached
Best objective 2.141922969531e+06, best bound 9.920909960045e+05, gap 53.6822%
