
Gurobi 11.0.3 (linux64, Java) logging started ter 03 dez 2024 17:06:44 -03

Set parameter Username
Academic license - for non-commercial use only - expires 2025-10-10
Set parameter NonConvex to value 2
Set parameter TimeLimit to value 3600
Set parameter LogToConsole to value 0
Set parameter MIPGap to value 8.0361613825754059e-07
Set parameter Threads to value 2
Set parameter NodefileDir to value "/home/ps12398/experiment_hosp/goalProgrammingMarcos/"
Set parameter NodefileStart to value 1
Gurobi Optimizer version 11.0.3 build v11.0.3rc0 (linux64)

CPU model: Intel(R) Xeon(R) CPU           X5650  @ 2.67GHz, instruction set [SSE2]
Thread count: 12 physical cores, 24 logical processors, using up to 2 threads

Optimize a model with 790 rows, 569 columns and 2241 nonzeros
Model fingerprint: 0x85a68dbd
Model has 21 quadratic constraints
Variable types: 278 continuous, 291 integer (16 binary)
Coefficient statistics:
  Matrix range     [6e-02, 9e+05]
  QMatrix range    [6e-02, 3e+04]
  QLMatrix range   [1e+00, 3e+04]
  Objective range  [1e+00, 2e+06]
  Bounds range     [1e+00, 1e+08]
  RHS range        [1e+00, 3e+04]
  QRHS range       [5e-02, 5e-02]
Presolve removed 707 rows and 481 columns
Presolve time: 0.01s
Presolved: 220 rows, 129 columns, 959 nonzeros
Presolved model has 15 bilinear constraint(s)

Solving non-convex MIQCP

Variable types: 60 continuous, 69 integer (13 binary)
Found heuristic solution: objective 1098533.0751

Root relaxation: objective 0.000000e+00, 59 iterations, 0.00 seconds (0.00 work units)

    Nodes    |    Current Node    |     Objective Bounds      |     Work
 Expl Unexpl |  Obj  Depth IntInf | Incumbent    BestBd   Gap | It/Node Time

     0     0    0.00000    0   33 1098533.08    0.00000   100%     -    0s
     0     0    0.00000    0   31 1098533.08    0.00000   100%     -    0s
H    0     0                    431699.81750    0.00000   100%     -    0s
     0     0  833.00369    0   52 431699.817  833.00369   100%     -    0s
     0     0  842.92700    0   52 431699.817  842.92700   100%     -    0s
     0     0 3197.84329    0   64 431699.817 3197.84329  99.3%     -    0s
H    0     0                    429699.61463 3197.84329  99.3%     -    0s
     0     0 3197.84329    0   68 429699.615 3197.84329  99.3%     -    0s
     0     0 3462.21259    0   62 429699.615 3462.21259  99.2%     -    0s
     0     0 3462.21259    0   31 429699.615 3462.21259  99.2%     -    0s
     0     0 3462.21259    0   45 429699.615 3462.21259  99.2%     -    0s
     0     0 3476.20958    0   44 429699.615 3476.20958  99.2%     -    0s
     0     0 4308.79350    0   47 429699.615 4308.79350  99.0%     -    0s
     0     0 14809.0744    0   44 429699.615 14809.0744  96.6%     -    0s
     0     0 14809.0744    0   46 429699.615 14809.0744  96.6%     -    0s
H    0     0                    428733.79470 14809.0744  96.5%     -    0s
     0     0 14809.0744    0   47 428733.795 14809.0744  96.5%     -    0s
     0     0 14809.0744    0   46 428733.795 14809.0744  96.5%     -    0s
H    0     0                    428234.95077 14809.0744  96.5%     -    0s
     0     0 14809.0744    0   47 428234.951 14809.0744  96.5%     -    0s
     0     0 14809.0744    0   47 428234.951 14809.0744  96.5%     -    0s
     0     0 14929.9716    0   44 428234.951 14929.9716  96.5%     -    0s
     0     0 14929.9716    0   47 428234.951 14929.9716  96.5%     -    0s
     0     0 14929.9716    0   45 428234.951 14929.9716  96.5%     -    0s
     0     0 21116.7117    0   48 428234.951 21116.7117  95.1%     -    0s
     0     0 21116.7117    0   48 428234.951 21116.7117  95.1%     -    0s
     0     0 21116.7117    0   47 428234.951 21116.7117  95.1%     -    0s
     0     0 21116.7117    0   48 428234.951 21116.7117  95.1%     -    0s
H    0     0                    424723.68260 21116.7117  95.0%     -    0s
     0     0 21116.7117    0   46 424723.683 21116.7117  95.0%     -    0s
H    0     0                    424402.65378 21116.7117  95.0%     -    0s
     0     0 21116.7117    0   47 424402.654 21116.7117  95.0%     -    0s
     0     0 21116.7117    0   49 424402.654 21116.7117  95.0%     -    0s
H    0     0                    422496.45733 21116.7117  95.0%     -    0s
H    0     0                    411129.88938 21116.7117  94.9%     -    0s
     0     0 21116.7117    0   49 411129.889 21116.7117  94.9%     -    0s
     0     0 21116.7117    0   49 411129.889 21116.7117  94.9%     -    0s
     0     0 21116.7117    0   50 411129.889 21116.7117  94.9%     -    0s
     0     0 21116.7117    0   50 411129.889 21116.7117  94.9%     -    0s
     0     0 21116.7117    0   50 411129.889 21116.7117  94.9%     -    0s
     0     0 21116.7117    0   50 411129.889 21116.7117  94.9%     -    0s
     0     2 21116.7117    0   50 411129.889 21116.7117  94.9%     -    0s
H   11    16                    409365.66384 25856.9367  93.7%  17.4    0s
H   16    20                    361404.77325 25856.9367  92.8%  15.8    0s
H   19    24                    331789.33084 25856.9367  92.2%  14.5    0s
H  513   554                    329152.05270 73478.9757  77.7%   3.7    0s
H  888   760                    312453.34810 73478.9757  76.5%   2.8    0s
H  894   726                    312441.26840 73478.9757  76.5%   2.8    0s
H  898   695                    312429.19757 73478.9757  76.5%   2.8    0s
H  930   683                    312417.13560 73478.9757  76.5%   3.0    0s
H  947   657                    271083.84625 73478.9757  72.9%   3.2    0s
H  948   626                    269853.04431 73478.9757  72.8%   3.2    0s
H  959   598                    254046.69469 73478.9757  71.1%   3.2    0s
H  993   594                    253641.33654 73478.9757  71.0%   3.3    0s
H 1037   589                    253625.71046 91739.4859  63.8%   3.4    0s
H 1088   567                    235315.73608 91739.4859  61.0%   3.5    1s
H 1222   590                    233662.58613 95177.6857  59.3%   3.6    1s
H 1301   586                    225560.75380 95177.6857  57.8%   3.7    1s
H 1575   731                    225029.46690 107678.099  52.1%   4.0    1s
H 1847   792                    215640.94666 107678.099  50.1%   3.9    1s
* 2295   744              81    215592.19341 177937.098  17.5%   4.4    1s
* 2297   741              82    215332.61299 177937.098  17.4%   4.4    1s
* 2298   741              82    215299.49186 177937.098  17.4%   4.4    1s
* 2303   738              83    215051.86924 177937.098  17.3%   4.4    1s
H 2429   752                    213681.61939 185233.943  13.3%   4.4    1s
H 3169  1230                    213655.35518 188607.597  11.7%   4.1    1s
H 3302  1177                    212994.07165 188802.957  11.4%   4.1    1s
H 7024  2580                    212991.16404 198282.439  6.91%   4.3    3s
H 7819  2602                    212964.62951 200209.778  5.99%   4.4    3s
H 9014  2636                    212942.35375 202102.339  5.09%   4.6    3s
*10242  2572              96    212877.83788 203320.673  4.49%   4.8    4s
H10360  2532                    212877.19573 203398.440  4.45%   4.8    4s
H10508  2484                    212689.68271 203698.770  4.23%   4.9    4s
 12249  2511     cutoff  125      212689.683 205379.982  3.44%   5.2    5s
*14368  2679              85    212682.60227 206844.490  2.74%   5.4    5s
H14640  2692                    212682.15072 206951.896  2.69%   5.5    5s
*21108  2529              86    212675.21592 208909.446  1.77%   6.0    8s
*21120  2528              97    212672.60131 208909.446  1.77%   6.0    8s
H21402  2524                    212671.88276 208930.699  1.76%   6.0    8s
 24333  2224     cutoff   60      212671.883 209472.218  1.50%   6.3   10s
*28140  1539              88    212671.26921 210635.203  0.96%   6.6   11s
*28144  1533              88    212669.52906 210635.203  0.96%   6.6   11s
*28145  1533              87    212668.65555 210635.203  0.96%   6.6   11s
*31944   679              82    212662.43291 211814.415  0.40%   6.9   13s
*31945   679              82    212662.20641 211814.415  0.40%   6.9   13s
*31946   679              81    212662.17730 211814.415  0.40%   6.9   13s
*33102   383              85    212660.13253 212236.027  0.20%   7.0   14s
*33107   383              83    212660.09701 212236.027  0.20%   7.0   14s
*34024   137              82    212658.22089 212545.517  0.05%   7.0   14s
*34185    52              79    212657.52355 212546.271  0.05%   7.0   14s
H34399     0                    212657.16902 212601.712  0.03%   7.0   14s
*34432     0              83    212656.73509 212601.712  0.03%   7.0   14s
*34439     0              87    212656.36317 212601.712  0.03%   7.0   14s
*34449     0              85    212655.98093 212601.712  0.03%   7.0   14s
*34489     0              89    212655.89877 212601.712  0.03%   7.0   14s

Explored 34570 nodes (241948 simplex iterations) in 14.69 seconds (5.50 work units)
Thread count was 2 (of 24 available processors)

Solution count 10: 212656 212656 212656 ... 212662

Optimal solution found (tolerance 8.04e-07)
Best objective 2.126558987685e+05, best bound 2.126558987685e+05, gap 0.0000%
