
Gurobi 11.0.3 (linux64, Java) logging started ter 03 dez 2024 18:56:44 -03

Set parameter Username
Academic license - for non-commercial use only - expires 2025-10-10
Set parameter NonConvex to value 2
Set parameter TimeLimit to value 3600
Set parameter LogToConsole to value 0
Set parameter MIPGap to value 8.0361613825754059e-07
Set parameter Threads to value 2
Set parameter NodefileDir to value "/home/ps12398/experiment_hosp/goalProgrammingMarcos/"
Set parameter NodefileStart to value 1
Gurobi Optimizer version 11.0.3 build v11.0.3rc0 (linux64)

CPU model: Intel(R) Xeon(R) CPU           X5650  @ 2.67GHz, instruction set [SSE2]
Thread count: 12 physical cores, 24 logical processors, using up to 2 threads

Optimize a model with 790 rows, 569 columns and 2241 nonzeros
Model fingerprint: 0x3b070043
Model has 21 quadratic constraints
Variable types: 278 continuous, 291 integer (16 binary)
Coefficient statistics:
  Matrix range     [6e-02, 9e+05]
  QMatrix range    [6e-02, 3e+04]
  QLMatrix range   [1e+00, 3e+04]
  Objective range  [1e+00, 2e+06]
  Bounds range     [1e+00, 1e+08]
  RHS range        [1e+00, 2e+05]
  QRHS range       [3e-03, 3e-03]
Presolve removed 707 rows and 480 columns
Presolve time: 0.01s
Presolved: 220 rows, 130 columns, 960 nonzeros
Presolved model has 15 bilinear constraint(s)

Solving non-convex MIQCP

Variable types: 61 continuous, 69 integer (13 binary)
Found heuristic solution: objective 1177249.3921

Root relaxation: objective 0.000000e+00, 78 iterations, 0.00 seconds (0.00 work units)

    Nodes    |    Current Node    |     Objective Bounds      |     Work
 Expl Unexpl |  Obj  Depth IntInf | Incumbent    BestBd   Gap | It/Node Time

     0     0    0.00000    0   36 1177249.39    0.00000   100%     -    0s
H    0     0                    525663.75619    0.00000   100%     -    0s
     0     0 90603.0602    0   55 525663.756 90603.0602  82.8%     -    0s
     0     0 90728.8242    0   55 525663.756 90728.8242  82.7%     -    0s
     0     0 96086.7823    0   68 525663.756 96086.7823  81.7%     -    0s
     0     0 96086.7823    0   68 525663.756 96086.7823  81.7%     -    0s
     0     0 100702.748    0   68 525663.756 100702.748  80.8%     -    0s
     0     0 100702.748    0   69 525663.756 100702.748  80.8%     -    0s
H    0     0                    523890.09653 105857.717  79.8%     -    0s
     0     0 105857.717    0   73 523890.097 105857.717  79.8%     -    0s
     0     0 105857.717    0   73 523890.097 105857.717  79.8%     -    0s
     0     0 105857.717    0   37 523890.097 105857.717  79.8%     -    0s
     0     0 105857.717    0   48 523890.097 105857.717  79.8%     -    0s
H    0     0                    443468.19231 113906.412  74.3%     -    0s
     0     0 113906.412    0   48 443468.192 113906.412  74.3%     -    0s
     0     0 118732.985    0   49 443468.192 118732.985  73.2%     -    0s
H    0     0                    400401.05417 137440.530  65.7%     -    0s
     0     0 137440.530    0   51 400401.054 137440.530  65.7%     -    0s
     0     0 137440.530    0   49 400401.054 137440.530  65.7%     -    0s
     0     0 137440.530    0   50 400401.054 137440.530  65.7%     -    0s
     0     0 137440.530    0   50 400401.054 137440.530  65.7%     -    0s
     0     0 137440.530    0   51 400401.054 137440.530  65.7%     -    0s
     0     0 137440.530    0   49 400401.054 137440.530  65.7%     -    0s
     0     0 137440.530    0   50 400401.054 137440.530  65.7%     -    0s
     0     0 137440.530    0   52 400401.054 137440.530  65.7%     -    0s
     0     0 137440.530    0   51 400401.054 137440.530  65.7%     -    0s
     0     2 137440.530    0   51 400401.054 137440.530  65.7%     -    0s
H   16    20                    326053.96300 151212.884  53.6%  22.8    0s
H   24    28                    325197.34237 151212.884  53.5%  19.1    0s
H   65    75                    317748.39522 151212.884  52.4%  10.0    0s
*   79    81              30    317748.32704 154014.498  51.5%   8.3    0s
*  466   302             178    277366.46249 154014.498  44.5%   4.3    0s
H  727   520                    277210.23120 164328.677  40.7%   4.8    0s
H 1016   554                    272043.26556 164328.677  39.6%   6.5    2s
H 1071   538                    250306.56097 164328.677  34.3%   6.6    2s
H 1093   526                    250306.56094 164328.677  34.3%   6.7    2s
H 1154   500                    250275.77185 164328.677  34.3%   6.5    2s
* 1266   449              70    244690.74790 164328.677  32.8%   6.3    2s
* 2552   544              94    243261.16430 191315.846  21.4%   6.2    3s
H 3662   740                    243243.30142 215651.841  11.3%   6.6    3s
H 4776  1133                    241980.66593 221861.835  8.31%   5.9    4s
H 4787  1128                    241980.66590 221861.835  8.31%   5.9    4s
* 4891  1125             253    241934.58653 222060.665  8.21%   5.9    4s
* 5304  1371             182    241623.31871 222560.743  7.89%   5.6    4s
H 5727  1488                    241623.31868 223228.375  7.61%   5.6    4s
  6712  1652     cutoff   50      241623.319 226236.105  6.37%   5.3    5s
*14424  3819              89    241389.36530 229790.533  4.81%   4.5    7s
H14807  3822                    241293.68307 229877.047  4.73%   4.5    7s
 20907  4928 240880.659   76   18 241293.683 232037.045  3.84%   4.4   10s
 32510  6584     cutoff   51      241293.683 236372.327  2.04%   4.3   15s
*37059  6647              74    241285.04476 237417.433  1.60%   4.3   16s
*37067  6647              81    241284.88695 237417.433  1.60%   4.3   16s
*37104  6750              74    241282.76024 237417.867  1.60%   4.3   16s
*37105  6738              74    241271.33241 237417.867  1.60%   4.3   16s
*37108  6725              74    241259.25102 237417.867  1.59%   4.3   16s
*44427  7459              71    241254.05472 238522.459  1.13%   4.3   19s
*44428  7452              71    241250.14878 238522.459  1.13%   4.3   19s
*44429  7448              70    241246.81119 238522.459  1.13%   4.3   19s
H44430  7286                    241221.59201 238522.459  1.12%   4.3   19s
*44522  7321              73    241218.50809 238558.874  1.10%   4.3   19s
*44528  7313              74    241217.45247 238558.874  1.10%   4.3   19s
 45348  7359 240870.775  102   19 241217.452 238694.901  1.05%   4.3   20s
H47256  7523                    241213.85884 238801.197  1.00%   4.3   20s
H52418  7194                    241198.34754 239464.202  0.72%   4.3   22s
H55590  6761                    241198.34752 239805.545  0.58%   4.3   24s
 57012  6689 infeasible   94      241198.348 239864.153  0.55%   4.3   25s
H58674  6272                    241196.57213 240084.306  0.46%   4.3   25s
*59639  5958              71    241196.54472 240226.953  0.40%   4.3   26s
*59642  5957              73    241196.21138 240226.953  0.40%   4.3   26s
*59643  5957              73    241196.20231 240226.953  0.40%   4.3   26s
*60726  5680              90    241195.80986 240339.343  0.36%   4.4   26s
*60730  5680              89    241195.80749 240339.343  0.36%   4.4   26s
*62624  5171              91    241194.73926 240517.315  0.28%   4.4   27s
 67852  3908 infeasible  134      241194.739 240832.515  0.15%   4.5   30s
 79528  5341 infeasible  105      241194.739 240983.919  0.09%   4.5   35s
H86083  6707                    241193.91124 241004.799  0.08%   4.5   37s
 90882  7789     cutoff  159      241193.911 241016.619  0.07%   4.6   40s
 103986 12274 infeasible  133      241193.911 241030.041  0.07%   4.6   45s
 117121 15457 241089.115  225   13 241193.911 241043.791  0.06%   4.7   50s
 129640 17803 241070.264  111    8 241193.911 241050.390  0.06%   4.8   55s
 141818 20018     cutoff  156      241193.911 241055.453  0.06%   4.7   60s
 154424 22146 241087.792  160    9 241193.911 241059.260  0.06%   4.7   65s
 165788 22956 241103.080  255   12 241193.911 241065.199  0.05%   4.7   70s
 179245 24361     cutoff  144      241193.911 241070.147  0.05%   4.6   75s
 191110 26072 241105.638  232   12 241193.911 241076.350  0.05%   4.6   80s
 204366 27909 infeasible  148      241193.911 241080.834  0.05%   4.5   85s
 217191 28487     cutoff  220      241193.911 241086.438  0.04%   4.5   90s
 230663 30430 241102.806  137   10 241193.911 241090.222  0.04%   4.4   95s
 243439 32422 infeasible  165      241193.911 241093.825  0.04%   4.4  100s
 255617 33156 241109.204   95   10 241193.911 241098.501  0.04%   4.3  105s
 269195 34588     cutoff  242      241193.911 241102.504  0.04%   4.3  110s
 281898 35288 241159.397  264    9 241193.911 241106.504  0.04%   4.2  115s
 294318 34347 241184.465  114   16 241193.911 241112.125  0.03%   4.2  120s
 306554 32859 241158.478  241    9 241193.911 241117.678  0.03%   4.2  125s
 317584 30961 241174.675  252   16 241193.911 241124.265  0.03%   4.2  130s
 329107 29662 241181.039  258   16 241193.911 241129.765  0.03%   4.2  135s
 340926 27752     cutoff  249      241193.911 241135.304  0.02%   4.2  140s
 352446 25888     cutoff  166      241193.911 241140.557  0.02%   4.2  145s
 363483 24009 infeasible  121      241193.911 241145.419  0.02%   4.2  150s
 375506 22787 241185.186  240   17 241193.911 241150.270  0.02%   4.2  155s
 386973 20724 241173.615  257   17 241193.911 241155.579  0.02%   4.2  160s
 398271 19399 infeasible  210      241193.911 241159.873  0.01%   4.1  165s
 409592 17605     cutoff  197      241193.911 241163.380  0.01%   4.1  170s
 420429 16073 infeasible  269      241193.911 241167.073  0.01%   4.1  175s
 431187 12632 241177.041  100   16 241193.911 241172.347  0.01%   4.1  180s
 440194  6268 infeasible  248      241193.911 241179.949  0.01%   4.1  185s
H445214  1766                    241192.69950 241186.845  0.00%   4.1  187s

Cutting planes:
  Gomory: 15
  Implied bound: 3
  MIR: 6
  StrongCG: 1
  Flow cover: 17
  RLT: 9
  Relax-and-lift: 2

Explored 447424 nodes (1853769 simplex iterations) in 188.65 seconds (90.97 work units)
Thread count was 2 (of 24 available processors)

Solution count 10: 241193 241194 241195 ... 241198

Optimal solution found (tolerance 8.04e-07)
Warning: max constraint violation (1.2621e-06) exceeds tolerance
Best objective 2.411926995041e+05, best bound 2.411926995041e+05, gap 0.0000%
