
Gurobi 11.0.3 (linux64, Java) logging started ter 03 dez 2024 14:07:31 -03

Set parameter Username
Academic license - for non-commercial use only - expires 2025-10-10
Set parameter NonConvex to value 2
Set parameter TimeLimit to value 3600
Set parameter LogToConsole to value 0
Set parameter MIPGap to value 8.0361613825754059e-07
Set parameter Threads to value 2
Set parameter NodefileDir to value "/home/ps12398/experiment_hosp/goalProgrammingMarcos/"
Set parameter NodefileStart to value 1
Gurobi Optimizer version 11.0.3 build v11.0.3rc0 (linux64)

CPU model: Intel(R) Xeon(R) CPU           X5650  @ 2.67GHz, instruction set [SSE2]
Thread count: 12 physical cores, 24 logical processors, using up to 2 threads

Optimize a model with 790 rows, 569 columns and 2241 nonzeros
Model fingerprint: 0x45ea53a9
Model has 21 quadratic constraints
Variable types: 278 continuous, 291 integer (16 binary)
Coefficient statistics:
  Matrix range     [6e-02, 9e+05]
  QMatrix range    [6e-02, 3e+04]
  QLMatrix range   [1e+00, 3e+04]
  Objective range  [1e+00, 2e+06]
  Bounds range     [1e+00, 1e+08]
  RHS range        [1e+00, 4e+04]
  QRHS range       [3e-02, 3e-02]
Presolve removed 707 rows and 480 columns
Presolve time: 0.01s
Presolved: 220 rows, 130 columns, 960 nonzeros
Presolved model has 15 bilinear constraint(s)

Solving non-convex MIQCP

Variable types: 61 continuous, 69 integer (13 binary)
Found heuristic solution: objective 1225309.8221

Root relaxation: objective 0.000000e+00, 76 iterations, 0.00 seconds (0.00 work units)

    Nodes    |    Current Node    |     Objective Bounds      |     Work
 Expl Unexpl |  Obj  Depth IntInf | Incumbent    BestBd   Gap | It/Node Time

     0     0    0.00000    0   32 1225309.82    0.00000   100%     -    0s
     0     0    0.00000    0   29 1225309.82    0.00000   100%     -    0s
H    0     0                    583488.86699    0.00000   100%     -    0s
H    0     0                    562307.03115    0.00000   100%     -    0s
     0     0 73265.7056    0   61 562307.031 73265.7056  87.0%     -    0s
     0     0 73265.7056    0   56 562307.031 73265.7056  87.0%     -    0s
     0     0 85648.5093    0   56 562307.031 85648.5093  84.8%     -    0s
     0     0 85648.5093    0   39 562307.031 85648.5093  84.8%     -    0s
H    0     0                    542749.02427 85648.5093  84.2%     -    0s
H    0     0                    524615.07168 85648.5093  83.7%     -    0s
     0     0 91018.6567    0   41 524615.072 91018.6567  82.7%     -    0s
H    0     0                    491599.01397 100939.969  79.5%     -    0s
     0     0 100939.969    0   37 491599.014 100939.969  79.5%     -    0s
     0     0 100939.969    0   39 491599.014 100939.969  79.5%     -    0s
     0     0 102478.325    0   39 491599.014 102478.325  79.2%     -    0s
     0     0 102478.325    0   39 491599.014 102478.325  79.2%     -    0s
H    0     0                    451635.94315 109538.889  75.7%     -    0s
     0     0 109538.889    0   39 451635.943 109538.889  75.7%     -    0s
H    0     0                    450641.85536 109538.889  75.7%     -    0s
     0     2 109538.889    0   39 450641.855 109538.889  75.7%     -    0s
H    4     6                    388538.81347 109538.889  71.8%  10.5    0s
H   21    24                    366600.90738 109538.889  70.1%   9.7    0s
H   58    62                    365288.89359 109538.889  70.0%   6.3    0s
H  139   164                    363828.22134 109538.889  69.9%   3.6    0s
H  179   193                    353330.77466 109538.889  69.0%   3.2    0s
H  186   191                    335190.28415 109538.889  67.3%   3.1    0s
H  948   841                    331207.00842 166278.584  49.8%   3.1    1s
* 1091   841              70    328091.32368 166278.584  49.3%   3.2    1s
H 1168   787                    313321.44399 167663.981  46.5%   3.3    1s
H 1268   803                    301763.76922 167663.981  44.4%   3.4    1s
H 1362   816                    288825.58132 167663.981  41.9%   3.5    1s
H 3039  1290                    288737.74919 224932.438  22.1%   4.1    2s
H 5048  2328                    288341.74572 246930.467  14.4%   3.9    2s
* 5494  2418              52    288309.90869 250293.489  13.2%   3.9    2s
* 5742  2569              72    288200.68952 250703.964  13.0%   3.8    3s
* 6072  2675              75    288189.70421 251544.727  12.7%   3.8    3s
* 6075  2675              75    288187.88541 251544.727  12.7%   3.8    3s
* 6083  2666              75    288144.20328 251544.727  12.7%   3.8    3s
* 6946  2971             116    288133.35501 253946.057  11.9%   3.9    3s
* 6947  2971             116    288118.42543 253946.057  11.9%   3.9    3s
* 6948  2968             115    288103.49585 253946.057  11.9%   3.9    3s
* 6949  2964             114    288088.51936 253946.057  11.9%   3.9    3s
* 6950  2963             113    288073.58978 253946.057  11.8%   3.9    3s
* 7064  2925              67    287786.78165 254180.018  11.7%   3.9    3s
* 7170  2945              76    287602.79169 254199.320  11.6%   3.9    3s
* 7328  2835              86    287046.51271 254301.917  11.4%   3.9    3s
* 7331  2831              85    286985.94383 254301.917  11.4%   3.9    3s
H 7361  2850                    286976.62285 254306.749  11.4%   3.9    3s
H 7692  3024                    286960.99676 254549.234  11.3%   3.8    3s
H 8353  3303                    286874.00150 256913.941  10.4%   3.9    4s
* 8389  3303              69    286860.68349 256944.779  10.4%   3.9    4s
* 8624  3367              91    286704.93030 257180.493  10.3%   3.8    4s
H 8891  3375                    286658.57272 257312.380  10.2%   3.9    4s
* 9147  3381              83    286372.78137 257581.736  10.1%   3.9    4s
*10274  3484              72    286295.43614 260433.735  9.03%   4.1    4s
 10350  3464     cutoff   37      286295.436 260618.801  8.97%   4.1    5s
*11147  3697              77    286293.08239 262371.140  8.36%   4.1    5s
*11149  3692              77    286278.15281 262371.140  8.35%   4.1    5s
*11323  3584              79    285607.59945 262937.059  7.94%   4.1    5s
*11796  3748              75    285596.01985 263677.257  7.67%   4.1    5s
*11797  3747              74    285581.02235 263677.257  7.67%   4.1    5s
*11798  3744              73    285565.66453 263677.257  7.66%   4.1    5s
H11871  3604                    285169.43846 264391.531  7.29%   4.1    5s
*12374  3692              88    285123.56039 265392.559  6.92%   4.1    5s
*16544  4172              85    285119.20013 272372.873  4.47%   4.4    7s
H16600  4124                    285009.12471 272372.873  4.43%   4.4    7s
*19258  4594              70    285006.35750 275471.323  3.35%   4.4    8s
*19259  4583              70    284990.23551 275471.323  3.34%   4.4    8s
 21851  5121     cutoff   93      284990.236 276705.710  2.91%   4.4   10s
*25064  5612              72    284986.33218 277393.955  2.66%   4.4   11s
*25065  5609              71    284983.64394 277393.955  2.66%   4.4   11s
H27012  5727                    284955.29359 277787.389  2.52%   4.4   12s
H27061  5694                    284897.72936 277787.389  2.50%   4.4   12s
H27064  5636                    284811.20471 277787.389  2.47%   4.4   12s
 33104  5943 284572.106   71   19 284811.205 278700.200  2.15%   4.5   15s
*34333  6039              83    284797.66711 278885.909  2.08%   4.5   15s
*34335  6037              84    284793.17289 278885.909  2.07%   4.5   15s
H36225  6219                    284777.72516 279094.942  2.00%   4.5   16s
H37322  6124                    284777.49591 279366.044  1.90%   4.5   16s
H38562  5957                    284762.60257 279822.730  1.73%   4.6   17s
H39580  6027                    284729.08137 279986.274  1.67%   4.6   17s
H40025  6011                    284719.72455 280054.352  1.64%   4.5   18s
H40626  6079                    284684.76968 280138.400  1.60%   4.5   18s
H40931  6115                    284669.14360 280173.980  1.58%   4.5   18s
H42873  6264                    284665.15021 280326.696  1.52%   4.5   19s
 44017  6316     cutoff   62      284665.150 280414.971  1.49%   4.5   20s
H50273  6786                    284656.94996 280799.283  1.36%   4.5   22s
H51159  6825                    284644.80647 280836.414  1.34%   4.5   23s
H52102  7072                    284629.18039 280860.432  1.32%   4.5   23s
 55510  7306     cutoff   90      284629.180 280989.989  1.28%   4.5   25s
H64970  8074                    284627.93697 281287.843  1.17%   4.5   29s
 66501  8256     cutoff   60      284627.937 281335.924  1.16%   4.5   30s
 78104  8922 284374.248   44   19 284627.937 281635.800  1.05%   4.6   35s
 89701  9286     cutoff   95      284627.937 281839.339  0.98%   4.7   40s
 100643  9317 283878.406   79   18 284627.937 281993.895  0.93%   4.8   45s
 111295  8933     cutoff   67      284627.937 282163.364  0.87%   4.9   50s
*111406  8930              81    284623.56953 282163.364  0.86%   4.9   50s
*111410  8930              84    284622.79594 282163.364  0.86%   4.9   50s
*111413  8930              84    284622.51644 282163.364  0.86%   4.9   50s
*111415  8929              82    284622.06116 282163.364  0.86%   4.9   50s
H114225  8763                    284618.85023 282211.261  0.85%   4.9   51s
H120945  8539                    284618.77742 282340.806  0.80%   4.9   54s
 122678  8442     cutoff   73      284618.777 282386.783  0.78%   4.9   55s
*129970  8517              67    284618.77382 282676.364  0.68%   4.9   57s
*129972  8517              68    284618.77023 282676.364  0.68%   4.9   57s
 134735  8323     cutoff   99      284618.770 282847.923  0.62%   4.9   60s
 146750  8078 283302.994   68   19 284618.770 283084.773  0.54%   4.8   65s
 159568  7858 284364.090   70   18 284618.770 283218.310  0.49%   4.8   70s
 171959  7304 283322.546   66   19 284618.770 283318.095  0.46%   4.8   75s
 184134  6457     cutoff   73      284618.770 283474.523  0.40%   4.8   80s
*190656  5991              82    284618.55029 283581.564  0.36%   4.8   82s
*190658  5991              81    284618.44723 283581.564  0.36%   4.8   82s
*193218  5824              84    284617.80894 283619.815  0.35%   4.8   83s
 195818  5601 284238.427   65   18 284617.809 283667.907  0.33%   4.8   85s
H205977  4830                    284617.51587 283849.883  0.27%   4.8   89s
 207573  4649     cutoff   51      284617.516 283877.828  0.26%   4.8   90s
*216258  3895             104    284617.03612 284046.985  0.20%   4.7   93s
*216261  3895             104    284616.97167 284046.985  0.20%   4.7   93s
*216265  3895             107    284616.80090 284046.985  0.20%   4.7   93s
 220189  3522     cutoff   77      284616.801 284119.253  0.17%   4.7   95s
 233458  2003     cutoff   90      284616.801 284344.405  0.10%   4.6  100s
*235741  1615              82    284616.79082 284414.611  0.07%   4.6  100s
*240625   750              63    284616.39412 284521.865  0.03%   4.6  102s

Cutting planes:
  Gomory: 8
  Implied bound: 1
  MIR: 10
  Flow cover: 8
  RLT: 9
  Relax-and-lift: 4

Explored 242855 nodes (1107426 simplex iterations) in 103.57 seconds (35.58 work units)
Thread count was 2 (of 24 available processors)

Solution count 10: 284616 284617 284617 ... 284619

Optimal solution found (tolerance 8.04e-07)
Best objective 2.846163941196e+05, best bound 2.846163941196e+05, gap 0.0000%
