
Gurobi 11.0.3 (linux64, Java) logging started ter 03 dez 2024 18:45:11 -03

Set parameter Username
Academic license - for non-commercial use only - expires 2025-10-10
Set parameter NonConvex to value 2
Set parameter TimeLimit to value 3600
Set parameter LogToConsole to value 0
Set parameter MIPGap to value 8.0361613825754059e-07
Set parameter Threads to value 2
Set parameter NodefileDir to value "/home/ps12398/experiment_hosp/goalProgrammingMarcos/"
Set parameter NodefileStart to value 1
Gurobi Optimizer version 11.0.3 build v11.0.3rc0 (linux64)

CPU model: Intel(R) Xeon(R) CPU           X5650  @ 2.67GHz, instruction set [SSE2]
Thread count: 12 physical cores, 24 logical processors, using up to 2 threads

Optimize a model with 790 rows, 569 columns and 2241 nonzeros
Model fingerprint: 0xf407d50c
Model has 21 quadratic constraints
Variable types: 278 continuous, 291 integer (16 binary)
Coefficient statistics:
  Matrix range     [6e-02, 9e+05]
  QMatrix range    [6e-02, 3e+04]
  QLMatrix range   [1e+00, 3e+04]
  Objective range  [1e+00, 2e+06]
  Bounds range     [1e+00, 1e+08]
  RHS range        [1e+00, 3e+04]
  QRHS range       [8e-02, 8e-02]
Presolve removed 707 rows and 480 columns
Presolve time: 0.01s
Presolved: 220 rows, 130 columns, 960 nonzeros
Presolved model has 15 bilinear constraint(s)

Solving non-convex MIQCP

Variable types: 61 continuous, 69 integer (13 binary)
Found heuristic solution: objective 1039105.3897

Root relaxation: objective 0.000000e+00, 34 iterations, 0.00 seconds (0.00 work units)

    Nodes    |    Current Node    |     Objective Bounds      |     Work
 Expl Unexpl |  Obj  Depth IntInf | Incumbent    BestBd   Gap | It/Node Time

     0     0    0.00000    0   27 1039105.39    0.00000   100%     -    0s
     0     0    0.00000    0   29 1039105.39    0.00000   100%     -    0s
H    0     0                    201989.01942    0.00000   100%     -    0s
     0     0    0.00000    0   37 201989.019    0.00000   100%     -    0s
     0     0    0.00000    0   37 201989.019    0.00000   100%     -    0s
     0     0    0.00000    0   38 201989.019    0.00000   100%     -    0s
     0     0    0.00000    0   38 201989.019    0.00000   100%     -    0s
     0     0    0.00000    0   40 201989.019    0.00000   100%     -    0s
     0     0    0.00000    0   40 201989.019    0.00000   100%     -    0s
     0     0    0.00000    0   31 201989.019    0.00000   100%     -    0s
     0     0    0.00000    0   36 201989.019    0.00000   100%     -    0s
     0     0    0.00000    0   37 201989.019    0.00000   100%     -    0s
     0     0    0.00000    0   33 201989.019    0.00000   100%     -    0s
     0     0    0.00000    0   35 201989.019    0.00000   100%     -    0s
     0     0    0.00000    0   34 201989.019    0.00000   100%     -    0s
     0     0    0.00000    0   27 201989.019    0.00000   100%     -    0s
     0     0    0.00000    0   34 201989.019    0.00000   100%     -    0s
     0     0    0.00000    0   30 201989.019    0.00000   100%     -    0s
     0     0    0.00000    0   30 201989.019    0.00000   100%     -    0s
     0     2    0.00000    0   28 201989.019    0.00000   100%     -    0s
H   32    39                    182248.76902    0.00000   100%  23.1    0s
H   41    47                    149429.46267    0.00000   100%  22.1    0s
H   43    47                    146194.29968    0.00000   100%  21.2    0s
H  376   240                    146099.53462 1130.52054  99.2%   7.9    0s
H  661   428                    145302.21565 7512.21539  94.8%   7.4    0s
*  726   253              38    113032.11531 7512.21539  93.4%   7.0    0s
H  780   217                    112795.41669 14568.9002  87.1%   6.9    0s
H  857   200                    111915.72152 23581.3082  78.9%   7.5    0s
H  884   183                    109176.86817 23581.3082  78.4%   7.3    0s
H  912   253                    109145.64124 25027.9866  77.1%   7.2    0s
H 1191   254                    108907.68769 25230.0602  76.8%   8.1    1s
H 1219   247                    103617.48102 25230.0602  75.7%   8.2    1s
H 1265   290                    100694.65271 25230.0602  74.9%   8.1    1s
H 1362   340                    92148.198910 25230.0602  72.6%   7.7    1s
H 1412   328                    89650.639159 25230.0602  71.9%   7.5    1s
H 1481   378                    89649.858404 25230.0602  71.9%   7.2    1s
* 1827   580              83    89468.698790 25230.0602  71.8%   6.4    1s
H 2031   619                    87511.242508 25230.0602  71.2%   6.1    2s
* 2118   670             141    86501.800226 28074.0411  67.5%   5.9    2s
* 2120   662             142    86322.848864 28074.0411  67.5%   5.9    2s
H 2210   639                    85543.532969 38706.8695  54.8%   5.7    2s
H 2456   710                    85520.807006 38723.3825  54.7%   5.5    2s
H 2504   839                    85192.659218 38723.3825  54.5%   5.5    2s
H 3566   983                    84781.797674 39186.4703  53.8%   6.1    2s
H 3618   951                    83509.104968 39277.6896  53.0%   6.2    2s
* 3974   860              71    82468.639595 40688.8740  50.7%   6.6    2s
* 3975   855              71    82445.688198 40688.8740  50.6%   6.6    2s
* 3976   855              70    82438.212146 40688.8740  50.6%   6.6    2s
* 3979   855              71    82437.030051 40688.8740  50.6%   6.6    2s
* 3980   855              71    82434.223022 40688.8740  50.6%   6.6    2s
* 3985   855              73    82434.138546 40688.8740  50.6%   6.5    2s
* 5874  1514              63    82334.933926 67482.2167  18.0%   6.1    3s
H 5916  1656                    82333.673173 67482.2167  18.0%   6.1    3s
* 5926  1654              59    82327.361582 67574.1754  17.9%   6.1    3s
* 5930  1654              62    82326.530959 67574.1754  17.9%   6.1    3s
H 6501  1889                    82045.261425 67983.1777  17.1%   5.8    3s
* 6559  1874              71    81888.915016 68010.3740  16.9%   5.8    3s
H 6625  2011                    81592.025358 68010.3740  16.6%   5.8    3s
H 7165  2281                    81534.792679 68375.9332  16.1%   5.6    3s
H 8682  3019                    81490.541953 69453.4522  14.8%   5.2    4s
H 9840  3508                    81457.974078 70061.8031  14.0%   5.1    4s
 10487  3752     cutoff   92      81457.9741 70572.7279  13.4%   5.1    5s
H10488  3748                    81437.089052 70572.7279  13.3%   5.1    5s
H11708  3905                    81419.111816 71114.5346  12.7%   5.1    5s
H13262  4453                    81408.528120 71425.8479  12.3%   5.0    5s
 24550  6145     cutoff  143      81408.5281 75151.1009  7.69%   5.0   10s
*25178  6103              69    81341.825811 75364.3487  7.35%   5.0   10s
H25293  6091                    81341.758574 75417.2705  7.28%   5.0   10s
*31821  5714              77    81265.318816 76982.1742  5.27%   5.0   12s
 38193  4216 80119.5897   53   20 81265.3188 78733.7513  3.12%   5.1   15s
*39831  3676              69    81249.884627 78982.3776  2.79%   5.1   15s
*39832  3662              69    81204.608146 78982.3776  2.74%   5.1   15s
H39924  3568                    81203.652120 78982.8557  2.73%   5.1   15s
H41047  3098                    81177.720158 79160.4803  2.48%   5.1   16s
*42179  2759              80    81174.848111 79396.7911  2.19%   5.1   16s
H42182  2757                    81171.312174 79396.7911  2.19%   5.1   16s
H42769  2485                    81170.987950 79554.4041  1.99%   5.2   16s
H43073  2328                    81170.452497 79606.7826  1.93%   5.2   16s
*45061  1483              82    81154.868724 80159.5927  1.23%   5.2   17s
*45066  1483              83    81153.097903 80159.5927  1.22%   5.2   17s
H45378  1435                    81153.090765 80226.5513  1.14%   5.2   17s
*45669  1424              82    81131.527008 80250.8906  1.09%   5.2   17s
*45671  1424              83    81131.507881 80250.8906  1.09%   5.2   17s
*46463  1435              83    81121.709434 80330.3106  0.98%   5.2   18s
*46467  1434              86    81120.247203 80330.3106  0.97%   5.2   18s
*46468  1434              86    81120.122854 80330.3106  0.97%   5.2   18s
*46471  1434              85    81120.118453 80330.3106  0.97%   5.2   18s
H46516  1426                    81120.117655 80331.3729  0.97%   5.2   18s
*48794  1402              87    81111.209235 80501.9691  0.75%   5.2   19s
H48795  1397                    81107.738783 80501.9691  0.75%   5.2   19s
*49445  1393              89    81103.770818 80541.2314  0.69%   5.2   19s
*49446  1392              89    81103.275243 80541.2314  0.69%   5.2   19s
*50570  1303              92    81102.553662 80621.0241  0.59%   5.3   19s
*50583  1303              91    81102.446227 80621.0241  0.59%   5.3   19s
*50584  1303              92    81102.327873 80621.0241  0.59%   5.3   19s
 50682  1276     cutoff   78      81102.3279 80635.1208  0.58%   5.3   20s
H50802  1276                    81101.659398 80644.9231  0.56%   5.3   20s

Explored 55285 nodes (299094 simplex iterations) in 21.94 seconds (8.01 work units)
Thread count was 2 (of 24 available processors)

Solution count 10: 81101.7 81101.7 81102.4 ... 81120.1

Optimal solution found (tolerance 8.04e-07)
Best objective 8.110165939827e+04, best bound 8.110165939827e+04, gap 0.0000%
