
Gurobi 11.0.3 (linux64, Java) logging started ter 03 dez 2024 15:35:48 -03

Set parameter Username
Academic license - for non-commercial use only - expires 2025-10-10
Set parameter NonConvex to value 2
Set parameter TimeLimit to value 3600
Set parameter LogToConsole to value 0
Set parameter MIPGap to value 8.0361613825754059e-07
Set parameter Threads to value 2
Set parameter NodefileDir to value "/home/ps12398/experiment_hosp/goalProgrammingMarcos/"
Set parameter NodefileStart to value 1
Gurobi Optimizer version 11.0.3 build v11.0.3rc0 (linux64)

CPU model: Intel(R) Xeon(R) CPU           X5650  @ 2.67GHz, instruction set [SSE2]
Thread count: 12 physical cores, 24 logical processors, using up to 2 threads

Optimize a model with 790 rows, 569 columns and 2241 nonzeros
Model fingerprint: 0xfad97937
Model has 21 quadratic constraints
Variable types: 278 continuous, 291 integer (16 binary)
Coefficient statistics:
  Matrix range     [6e-02, 9e+05]
  QMatrix range    [6e-02, 3e+04]
  QLMatrix range   [1e+00, 3e+04]
  Objective range  [1e+00, 2e+06]
  Bounds range     [1e+00, 1e+08]
  RHS range        [1e+00, 4e+04]
  QRHS range       [5e-02, 5e-02]
Presolve removed 707 rows and 480 columns
Presolve time: 0.01s
Presolved: 220 rows, 130 columns, 960 nonzeros
Presolved model has 15 bilinear constraint(s)

Solving non-convex MIQCP

Variable types: 61 continuous, 69 integer (13 binary)
Found heuristic solution: objective 1135036.7774

Root relaxation: objective 0.000000e+00, 63 iterations, 0.00 seconds (0.00 work units)

    Nodes    |    Current Node    |     Objective Bounds      |     Work
 Expl Unexpl |  Obj  Depth IntInf | Incumbent    BestBd   Gap | It/Node Time

     0     0    0.00000    0   34 1135036.78    0.00000   100%     -    0s
     0     0    0.00000    0   37 1135036.78    0.00000   100%     -    0s
H    0     0                    453172.17256    0.00000   100%     -    0s
     0     0    0.00000    0   60 453172.173    0.00000   100%     -    0s
     0     0    0.00000    0   53 453172.173    0.00000   100%     -    0s
     0     0    0.00000    0   57 453172.173    0.00000   100%     -    0s
     0     0    0.00000    0   52 453172.173    0.00000   100%     -    0s
     0     0    0.00000    0   54 453172.173    0.00000   100%     -    0s
     0     0    0.00000    0   34 453172.173    0.00000   100%     -    0s
     0     0    0.00000    0   39 453172.173    0.00000   100%     -    0s
     0     0    0.00000    0   40 453172.173    0.00000   100%     -    0s
     0     0    0.00000    0   35 453172.173    0.00000   100%     -    0s
H    0     0                    450929.35705    0.00000   100%     -    0s
H    0     0                    436066.21363    0.00000   100%     -    0s
H    0     0                    405096.94642    0.00000   100%     -    0s
H    0     0                    405087.34156    0.00000   100%     -    0s
     0     0    0.00000    0   44 405087.342    0.00000   100%     -    0s
     0     0    0.00000    0   35 405087.342    0.00000   100%     -    0s
H    0     0                    364764.21482    0.00000   100%     -    0s
H    0     0                    363508.90989    0.00000   100%     -    0s
     0     0    0.00000    0   36 363508.910    0.00000   100%     -    0s
     0     0    0.00000    0   34 363508.910    0.00000   100%     -    0s
     0     0    0.00000    0   34 363508.910    0.00000   100%     -    0s
     0     2    0.00000    0   34 363508.910    0.00000   100%     -    0s
H    3     6                    320585.96654 11352.6283  96.5%  27.0    0s
H   19    24                    311326.13120 19391.8398  93.8%  13.8    0s
H   27    30                    288172.26592 19391.8398  93.3%  11.9    0s
H  181   170                    288145.41084 21841.7574  92.4%   4.8    0s
H  392   392                    286450.34597 21841.7574  92.4%   3.1    0s
H  511   574                    285403.39826 21841.7574  92.3%   2.7    0s
H  565   536                    278183.67496 21841.7574  92.1%   2.5    0s
H  573   536                    278124.33669 21841.7574  92.1%   2.5    0s
H  675   629                    277507.67001 27008.4483  90.3%   2.7    0s
H  715   629                    277351.88056 28229.2605  89.8%   2.8    0s
H  889   738                    277305.00231 28229.2605  89.8%   2.5    0s
H  922   728                    246400.75671 48505.7456  80.3%   3.0    0s
H 1002   735                    246101.78537 48505.7456  80.3%   3.5    1s
H 1074   763                    241674.64415 48505.7456  79.9%   3.4    1s
H 1168   756                    235627.92744 48505.7456  79.4%   3.5    1s
H 1193   718                    233175.50108 48505.7456  79.2%   3.5    1s
H 1198   731                    232706.71852 48505.7456  79.2%   3.5    1s
H 1256   693                    231013.08320 48505.7456  79.0%   3.6    1s
* 3585  1720             232    230921.22569 195903.502  15.2%   3.9    1s
H 3690  1646                    226591.97356 195937.181  13.5%   3.8    1s
H 3890  1657                    225873.17364 196088.204  13.2%   3.8    2s
H 6523  3472                    225843.73984 199036.391  11.9%   3.4    2s
H 7330  3793                    225833.19809 199896.526  11.5%   3.4    2s
H 8388  4219                    225816.52561 202266.559  10.4%   3.4    3s
H 9302  4471                    223489.70912 203549.221  8.92%   3.5    3s
H 9636  4475                    223462.79506 204056.681  8.68%   3.5    3s
H 9716  4505                    223438.65926 204270.846  8.58%   3.6    3s
H10480  4644                    223428.35829 205816.502  7.88%   3.7    4s
*10482  4643              76    223424.57078 205816.502  7.88%   3.7    4s
*10494  4641              82    223411.98187 205816.502  7.88%   3.7    4s
H10560  4584                    222771.35078 206315.760  7.39%   3.7    4s
H11717  4768                    222764.20031 208589.206  6.36%   3.9    4s
 13063  4881     cutoff   68      222764.200 210137.741  5.67%   4.0    5s
H17196  5338                    222747.35487 213592.770  4.11%   4.3    6s
*20669  5984              77    222652.32731 214547.078  3.64%   4.4    7s
H20850  5995                    222527.06349 214598.856  3.56%   4.4    7s
*21551  6042              77    222510.19403 214773.275  3.48%   4.4    8s
*21557  6041              79    222506.94353 214773.275  3.48%   4.4    8s
*21558  6041              78    222503.60610 214773.275  3.47%   4.4    8s
H21912  6064                    222457.07745 214868.429  3.41%   4.4    8s
 26467  6166     cutoff   63      222457.077 216017.118  2.89%   4.6   10s
H29410  6395                    222452.56329 216577.952  2.64%   4.6   11s
H33334  6686                    222450.81582 217214.183  2.35%   4.7   12s
H40416  7146                    222450.50192 218315.142  1.86%   4.8   14s
 40452  7152 219713.606   70   19 222450.502 218317.876  1.86%   4.8   15s
H43266  7308                    222446.34386 218628.113  1.72%   4.8   16s
*43282  7308              80    222444.70158 218628.113  1.72%   4.8   16s
*43284  7307              78    222442.57102 218628.113  1.71%   4.8   16s
H45165  7457                    222333.04362 218839.960  1.57%   4.9   16s
H45493  7434                    222323.30825 218902.577  1.54%   4.9   16s
*45904  7425              89    222318.81166 218938.938  1.52%   4.9   17s
*45909  7425              89    222318.63777 218938.938  1.52%   4.9   17s
H46149  7416                    222303.05712 218951.472  1.51%   4.9   17s
 53670  6729     cutoff   67      222303.057 219690.888  1.18%   5.0   20s
*66052  3717              84    222302.39073 220955.560  0.61%   5.2   24s
*66054  3717              85    222302.06667 220955.560  0.61%   5.2   24s
 66838  3376     cutoff   83      222302.067 221013.156  0.58%   5.2   25s
*72676   645              82    222298.20414 221709.504  0.26%   5.3   27s
*72681   644              83    222295.73304 221709.504  0.26%   5.3   27s
*72997   512              88    222294.93011 221726.095  0.26%   5.3   27s
*72998   512              88    222294.29314 221726.095  0.26%   5.3   27s
*73912   167              90    222294.13761 222077.371  0.10%   5.4   28s
*73913   167              90    222294.03803 222077.371  0.10%   5.4   28s
*74146   121             101    222293.16442 222137.134  0.07%   5.4   28s
*74147   121             100    222290.50264 222137.134  0.07%   5.4   28s
*74314     4              88    222289.85877 222184.692  0.05%   5.4   28s

Cutting planes:
  MIR: 5
  Flow cover: 1
  RLT: 1
  Relax-and-lift: 6

Explored 74436 nodes (400546 simplex iterations) in 28.24 seconds (9.93 work units)
Thread count was 2 (of 24 available processors)

Solution count 10: 222290 222291 222293 ... 222302

Optimal solution found (tolerance 8.04e-07)
Best objective 2.222898587715e+05, best bound 2.222898587715e+05, gap 0.0000%
