
Gurobi 11.0.3 (linux64, Java) logging started dom 08 dez 2024 23:06:21 -03

Set parameter Username
Academic license - for non-commercial use only - expires 2025-10-10
Set parameter NonConvex to value 2
Set parameter TimeLimit to value 3600
Set parameter LogToConsole to value 0
Set parameter MIPGap to value 1.7445418436480762e-08
Set parameter Threads to value 2
Set parameter NodefileDir to value "/home/ps12398/experiment_epec/goalProgrammingMarcos/"
Set parameter NodefileStart to value 1
Gurobi Optimizer version 11.0.3 build v11.0.3rc0 (linux64)

CPU model: Intel(R) Xeon(R) CPU           X5650  @ 2.67GHz, instruction set [SSE2]
Thread count: 12 physical cores, 24 logical processors, using up to 2 threads

Optimize a model with 520401 rows, 349038 columns and 2312721 nonzeros
Model fingerprint: 0x264871d2
Model has 422 quadratic constraints
Variable types: 174312 continuous, 174726 integer (417 binary)
Coefficient statistics:
  Matrix range     [2e-03, 1e+07]
  QMatrix range    [2e-03, 2e+05]
  QLMatrix range   [1e+00, 2e+05]
  Objective range  [1e+00, 1e+08]
  Bounds range     [1e+00, 1e+08]
  RHS range        [1e+00, 2e+07]
Presolve removed 519017 rows and 346681 columns
Presolve time: 1.41s
Presolved: 2958 rows, 2854 columns, 292550 nonzeros
Presolved model has 2 SOS constraint(s)
Presolved model has 417 bilinear constraint(s)

Solving non-convex MIQCP

Variable types: 1336 continuous, 1518 integer (419 binary)
Found heuristic solution: objective 3.629943e+07

Root relaxation: objective 1.526301e+07, 927 iterations, 0.41 seconds (0.33 work units)

    Nodes    |    Current Node    |     Objective Bounds      |     Work
 Expl Unexpl |  Obj  Depth IntInf | Incumbent    BestBd   Gap | It/Node Time

     0     0 1.5263e+07    0  654 3.6299e+07 1.5263e+07  58.0%     -    2s
     0     0 1.7508e+07    0  653 3.6299e+07 1.7508e+07  51.8%     -    4s
     0     0 1.7558e+07    0  650 3.6299e+07 1.7558e+07  51.6%     -    6s
     0     0 1.7563e+07    0  650 3.6299e+07 1.7563e+07  51.6%     -    6s
     0     0 1.7564e+07    0  655 3.6299e+07 1.7564e+07  51.6%     -    7s
H    0     0                    2.227271e+07 1.7564e+07  21.1%     -    9s
     0     2 1.7564e+07    0  655 2.2273e+07 1.7564e+07  21.1%     -   10s
    74   201 1.7564e+07   38  655 2.2273e+07 1.7564e+07  21.1%   1.0   17s
   200   340 1.7564e+07   99  655 2.2273e+07 1.7564e+07  21.1%   1.0   21s
   339   473 1.7564e+07  165  653 2.2273e+07 1.7564e+07  21.1%   1.0   25s
   491   671 1.7564e+07  243  653 2.2273e+07 1.7564e+07  21.1%   1.0   31s
   840  1014 1.7564e+07  387  653 2.2273e+07 1.7564e+07  21.1%   1.0   37s
  1182  1272 1.7564e+07  576  649 2.2273e+07 1.7564e+07  21.1%   1.0   41s
  1385  1511 1.7564e+07  662  641 2.2273e+07 1.7564e+07  21.1%   1.2   46s
  1629  1746 1.7564e+07  742  642 2.2273e+07 1.7564e+07  21.1%   1.3   52s
  1745  1799 1.7564e+07  798  642 2.2273e+07 1.7564e+07  21.1%   1.3   55s
  1862  1997 1.7564e+07  864  642 2.2273e+07 1.7564e+07  21.1%   1.3   64s
  1996  2086 1.7564e+07  924  640 2.2273e+07 1.7564e+07  21.1%   1.3   68s
  2085  2176 1.7564e+07  966  640 2.2273e+07 1.7564e+07  21.1%   1.3   71s
  2175  2326 1.7564e+07 1017  639 2.2273e+07 1.7564e+07  21.1%   1.3   76s
  2325  2511 1.7564e+07 1092  639 2.2273e+07 1.7564e+07  21.1%   1.3   81s
  2510  2691 1.7564e+07 1174  639 2.2273e+07 1.7564e+07  21.1%   1.2   86s
  2690  2770 1.7564e+07 1259  639 2.2273e+07 1.7564e+07  21.1%   1.2   90s
  2973  3151 1.7564e+07 1379  638 2.2273e+07 1.7564e+07  21.1%   1.2   99s
  3150  3440 1.7564e+07 1459  638 2.2273e+07 1.7564e+07  21.1%   1.2  105s
  3439  3530 1.7564e+07 1602  638 2.2273e+07 1.7564e+07  21.1%   1.2  116s
  3529  3756 1.7564e+07 1603  638 2.2273e+07 1.7564e+07  21.1%   1.2  124s
  3756  3757 1.7564e+07  547  123 2.2273e+07 1.7564e+07  21.1%   1.2  130s
  3758  3758 1.7564e+07  774  228 2.2273e+07 1.7564e+07  21.1%   1.2  135s
H 3758  3570                    2.190348e+07 1.8043e+07  17.6%   1.2  137s
H 3758  3391                    2.190267e+07 1.8043e+07  17.6%   1.2  137s
H 3759  3222                    2.181797e+07 1.8052e+07  17.3%   1.2  139s
H 3760  3062                    2.178364e+07 1.8052e+07  17.1%   1.2  140s
  3768  3068 1.8052e+07  164  230 2.1784e+07 1.8052e+07  17.1%   1.5  148s
H 3769  2915                    2.174680e+07 1.8052e+07  17.0%   1.5  150s
  3771  2916 1.8052e+07  408  230 2.1747e+07 1.8052e+07  17.0%   1.5  155s
H 3771  2770                    2.173795e+07 1.8052e+07  17.0%   1.5  155s
  3800  2792 1.8052e+07   28  639 2.1738e+07 1.8052e+07  17.0%   1.8  162s
  3878  2966 1.8052e+07   48  619 2.1738e+07 1.8052e+07  17.0%   1.8  167s
  4020  3005 1.8057e+07   82  586 2.1738e+07 1.8052e+07  17.0%   2.2  171s
  4202  3130 1.8065e+07  123  558 2.1738e+07 1.8052e+07  17.0%   3.1  175s
  4404  3255 1.8067e+07  173  561 2.1738e+07 1.8052e+07  17.0%   4.3  183s
  4466  3353 1.8068e+07  188  557 2.1738e+07 1.8052e+07  17.0%   4.6  186s
  4585  3418 1.8069e+07  218  559 2.1738e+07 1.8052e+07  17.0%   5.4  190s
H 4608  3271                    2.173793e+07 1.8052e+07  17.0%   5.5  190s
  4689  3348 1.8071e+07  246  561 2.1738e+07 1.8052e+07  17.0%   6.3  196s
  4793  3454 1.8072e+07  270  565 2.1738e+07 1.8052e+07  17.0%   7.2  204s
  4934  3526 1.8084e+07  311  565 2.1738e+07 1.8052e+07  17.0%   7.7  208s
H 4985  3378                    2.173429e+07 1.8052e+07  16.9%   7.8  208s
H 4988  3251                    2.171712e+07 1.8052e+07  16.9%   7.8  208s
  5053  3434 1.8075e+07  342  553 2.1717e+07 1.8052e+07  16.9%   8.0  215s
  5257  3533 1.8078e+07  392  561 2.1717e+07 1.8052e+07  16.9%   8.5  220s
  5424  3669 1.8080e+07  434  555 2.1717e+07 1.8052e+07  16.9%   9.0  225s
  5616  3743 1.8082e+07  475  556 2.1717e+07 1.8052e+07  16.9%   9.5  231s
  5754  3853 1.8094e+07  519  557 2.1717e+07 1.8052e+07  16.9%  10.0  237s
  5910  3968 1.8091e+07  551  548 2.1717e+07 1.8052e+07  16.9%  10.4  243s
H 6073  3796                    2.171168e+07 1.8052e+07  16.9%  10.8  243s
H 6076  3682                    2.170875e+07 1.8052e+07  16.8%  10.8  243s
  6077  3870 1.8095e+07  597  555 2.1709e+07 1.8052e+07  16.8%  10.8  249s
  6266  4059 1.8097e+07  640  555 2.1709e+07 1.8052e+07  16.8%  11.2  255s
  6518  4166 1.8100e+07  699  552 2.1709e+07 1.8052e+07  16.8%  11.7  263s
  6709  4273 1.8112e+07  751  557 2.1709e+07 1.8052e+07  16.8%  11.9  272s
H 6711  4164                    2.170027e+07 1.8052e+07  16.8%  11.9  272s
  6879  4406 1.8105e+07  788  556 2.1700e+07 1.8052e+07  16.8%  12.3  281s
  7177  4613 1.8108e+07  863  551 2.1700e+07 1.8052e+07  16.8%  12.5  291s
  7483  4771 1.8128e+07  951  542 2.1700e+07 1.8052e+07  16.8%  12.4  299s
H 7743  4836                    2.170027e+07 1.8052e+07  16.8%  12.9  310s
  7997  5412 1.8134e+07 1077  543 2.1700e+07 1.8052e+07  16.8%  13.1  321s
  8658  5655 1.8151e+07 1267  540 2.1700e+07 1.8052e+07  16.8%  12.9  335s
  9121  5805 1.8167e+07 1361  536 2.1700e+07 1.8052e+07  16.8%  12.7  344s
  9425  5971 1.8166e+07 1432  541 2.1700e+07 1.8052e+07  16.8%  12.9  351s
  9693  6267 1.8168e+07 1489  535 2.1700e+07 1.8052e+07  16.8%  13.3  359s
 10038  6661 1.8194e+07 1569  533 2.1700e+07 1.8052e+07  16.8%  13.3  369s
 10432  7064 1.8177e+07 1677  535 2.1700e+07 1.8052e+07  16.8%  13.4  379s
 10835  7280 1.8188e+07 1782  533 2.1700e+07 1.8052e+07  16.8%  13.3  386s
 11051  7594 1.8191e+07 1837  538 2.1700e+07 1.8052e+07  16.8%  13.6  396s
 11365  8096 1.8202e+07 1895  526 2.1700e+07 1.8052e+07  16.8%  13.8  406s
H11820  8096                    2.169535e+07 1.8052e+07  16.8%  13.6  406s
 11867  8361 1.8230e+07 2032  503 2.1695e+07 1.8052e+07  16.8%  13.6  414s
H11935  8361                    2.168741e+07 1.8052e+07  16.8%  13.6  414s
H12095  8361                    2.166256e+07 1.8052e+07  16.7%  13.8  414s
 12132  8672 1.8258e+07 2097  506 2.1663e+07 1.8052e+07  16.7%  13.8  421s
H12273  8672                    2.155520e+07 1.8052e+07  16.3%  14.0  421s
 12443  8944 1.8276e+07 2168  584 2.1555e+07 1.8052e+07  16.3%  14.0  429s
H12573  8944                    2.153744e+07 1.8052e+07  16.2%  14.3  429s
 12715  9156 1.8304e+07 2233  511 2.1537e+07 1.8052e+07  16.2%  14.4  435s
 12927  9484 1.8315e+07 2288  545 2.1537e+07 1.8052e+07  16.2%  14.8  444s
 13255  9752 1.8319e+07 2353  497 2.1537e+07 1.8052e+07  16.2%  15.0  452s
 13523 10012 1.8329e+07 2413  534 2.1537e+07 1.8052e+07  16.2%  15.4  459s
H13630 10012                    2.153743e+07 1.8052e+07  16.2%  15.5  459s
 13783 10215 1.8347e+07 2466  515 2.1537e+07 1.8052e+07  16.2%  15.7  466s
 13986 10468 1.8394e+07 2512  513 2.1537e+07 1.8052e+07  16.2%  16.0  473s
 14239 10470 1.8380e+07 2574  532 2.1537e+07 1.8052e+07  16.2%  16.4  528s
 14241 10758 1.8414e+07 2574  510 2.1537e+07 1.8052e+07  16.2%  16.4  534s
 14529 11034 1.8412e+07 2634  535 2.1537e+07 1.8052e+07  16.2%  16.6  540s
H14805 11284                    2.153743e+07 1.8052e+07  16.2%  17.0  546s
 15055 11493 1.8473e+07 2765  496 2.1537e+07 1.8052e+07  16.2%  17.4  551s
 15264 11808 1.8492e+07 2824  493 2.1537e+07 1.8052e+07  16.2%  17.8  557s
 15579 12168 1.8542e+07 2910  558 2.1537e+07 1.8052e+07  16.2%  17.9  564s
 15939 12479 1.8555e+07 2971  549 2.1537e+07 1.8052e+07  16.2%  18.0  572s
H16183 12479                    2.153678e+07 1.8052e+07  16.2%  18.0  572s
 16250 12942 1.8568e+07 3093  544 2.1537e+07 1.8052e+07  16.2%  18.2  585s
 16713 13320 1.8570e+07 3120  544 2.1537e+07 1.8052e+07  16.2%  18.1  597s
H16819 13320                    2.153672e+07 1.8052e+07  16.2%  18.2  597s
 17091 13758 1.8575e+07 3173  542 2.1537e+07 1.8052e+07  16.2%  18.1  609s
 17529 14022 1.8587e+07 3285  548 2.1537e+07 1.8052e+07  16.2%  17.9  618s
 17793 14351 1.8592e+07 3321  549 2.1537e+07 1.8052e+07  16.2%  18.2  624s
H18122 14677                    2.153623e+07 1.8052e+07  16.2%  18.4  633s
 18448 15068 1.8630e+07 3491  554 2.1536e+07 1.8052e+07  16.2%  18.4  642s
 18839 15286 1.8628e+07 3546  547 2.1536e+07 1.8052e+07  16.2%  18.5  649s
 19057 15536 1.8650e+07 3593  540 2.1536e+07 1.8052e+07  16.2%  18.8  656s
 19307 15678 1.8664e+07 3633  539 2.1536e+07 1.8052e+07  16.2%  19.2  661s
 19449 15812 1.8686e+07 3676  537 2.1536e+07 1.8052e+07  16.2%  19.7  669s
 19583 16128 1.8696e+07 3711  532 2.1536e+07 1.8052e+07  16.2%  20.1  678s
 19899 16318 1.8711e+07 3752  530 2.1536e+07 1.8052e+07  16.2%  20.4  686s
 20089 16547 1.8728e+07 3791  531 2.1536e+07 1.8052e+07  16.2%  20.4  693s
 20318 16731 1.8760e+07 3854  525 2.1536e+07 1.8052e+07  16.2%  20.7  711s
 20502 17028 1.8789e+07 3873  528 2.1536e+07 1.8052e+07  16.2%  21.1  719s
 20799 17253 1.8810e+07 3929  513 2.1536e+07 1.8052e+07  16.2%  21.3  727s
 21024 17547 1.8830e+07 3964  509 2.1536e+07 1.8052e+07  16.2%  21.7  735s
 21318 17741 1.8880e+07 4058  505 2.1536e+07 1.8052e+07  16.2%  21.9  741s
H21435 17741                    2.153621e+07 1.8052e+07  16.2%  22.2  742s
 21512 17960 1.8936e+07 4104  514 2.1536e+07 1.8052e+07  16.2%  22.4  748s
 21731 18214 1.8924e+07 4149  497 2.1536e+07 1.8052e+07  16.2%  22.4  756s
 21985 18440 1.8950e+07 4200  495 2.1536e+07 1.8052e+07  16.2%  22.7  762s
 22211 18620 1.8973e+07 4249  503 2.1536e+07 1.8052e+07  16.2%  23.2  768s
 22391 18882 1.9021e+07 4299  508 2.1536e+07 1.8052e+07  16.2%  23.5  774s
 22653 19126 1.9045e+07 4363  502 2.1536e+07 1.8052e+07  16.2%  23.9  781s
 22897 19319 1.9051e+07 4419  475 2.1536e+07 1.8052e+07  16.2%  24.3  789s
 23090 19560 1.9064e+07 4446  495 2.1536e+07 1.8052e+07  16.2%  24.7  796s
 23331 19859 1.9089e+07 4502  503 2.1536e+07 1.8052e+07  16.2%  25.0  806s
 23630 20073 1.9113e+07 4576  484 2.1536e+07 1.8052e+07  16.2%  25.2  813s
 23844 20228 1.9144e+07 4619  491 2.1536e+07 1.8052e+07  16.2%  25.7  820s
 23999 20470 1.9164e+07 4654  492 2.1536e+07 1.8052e+07  16.2%  26.1  827s
 24241 20786 1.9188e+07 4700  484 2.1536e+07 1.8052e+07  16.2%  26.5  835s
 24557 21024 1.9216e+07 4779  470 2.1536e+07 1.8052e+07  16.2%  26.7  842s
 24795 21333 1.9260e+07 4834  487 2.1536e+07 1.8052e+07  16.2%  26.8  851s
 25104 21618 1.9299e+07 4901  486 2.1536e+07 1.8052e+07  16.2%  27.0  861s
 25389 21927 1.9323e+07 4955  478 2.1536e+07 1.8052e+07  16.2%  27.1  872s
 25698 21929 1.9376e+07 5044  488 2.1536e+07 1.8052e+07  16.2%  27.4  908s
 25700 22214 1.9389e+07 5045  480 2.1536e+07 1.8052e+07  16.2%  27.4  916s
 25985 22626 1.9438e+07 5145  455 2.1536e+07 1.8052e+07  16.2%  27.4  926s
 26397 23021 1.9511e+07 5252  451 2.1536e+07 1.8052e+07  16.2%  27.5  936s
 26792 23511 1.9566e+07 5334  475 2.1536e+07 1.8052e+07  16.2%  27.7  947s
 27282 24005 1.9611e+07 5449  452 2.1536e+07 1.8052e+07  16.2%  27.7  957s
 27776 24224 1.9699e+07 5575  448 2.1536e+07 1.8052e+07  16.2%  27.8  967s
 27995 24694 1.9749e+07 5672  452 2.1536e+07 1.8052e+07  16.2%  27.9  977s
 28465 25212 1.9822e+07 5808  473 2.1536e+07 1.8052e+07  16.2%  28.0  987s
 28983 25744 1.9815e+07 5968  442 2.1536e+07 1.8052e+07  16.2%  28.0  996s
 29515 26248 1.9870e+07 6106  456 2.1536e+07 1.8052e+07  16.2%  28.2 1006s
 30019 26650 1.9885e+07 6215  433 2.1536e+07 1.8052e+07  16.2%  28.3 1016s
 30421 27070 1.9896e+07 6297  448 2.1536e+07 1.8052e+07  16.2%  28.5 1026s
 30841 27446 1.9907e+07 6387  433 2.1536e+07 1.8052e+07  16.2%  28.7 1034s
 31217 27790 1.9909e+07 6454  432 2.1536e+07 1.8052e+07  16.2%  28.9 1043s
 31561 27792 1.9911e+07 6526  432 2.1536e+07 1.8052e+07  16.2%  29.0 1069s
 31563 28128 1.9964e+07 6526  456 2.1536e+07 1.8052e+07  16.2%  29.0 1076s
 31899 28386 1.9932e+07 6603  434 2.1536e+07 1.8052e+07  16.2%  29.2 1083s
 32157 28816 1.9933e+07 6686  433 2.1536e+07 1.8052e+07  16.2%  29.2 1092s
 32587 29233 1.9934e+07 6792  435 2.1536e+07 1.8052e+07  16.2%  29.3 1100s
 33004 29660 1.9959e+07 6895  471 2.1536e+07 1.8052e+07  16.2%  29.4 1108s
 33431 30042 1.9964e+07 6999  468 2.1536e+07 1.8052e+07  16.2%  29.4 1117s
 33813 30368 1.9938e+07 7091  436 2.1536e+07 1.8052e+07  16.2%  29.5 1125s
 34139 30425 1.9941e+07 7179  434 2.1536e+07 1.8052e+07  16.2%  29.6 1136s
H34141 30425                    2.153618e+07 1.8052e+07  16.2%  29.6 1136s
H34150 30425                    2.153525e+07 1.8052e+07  16.2%  29.6 1136s
H34195 30425                    2.153471e+07 1.8052e+07  16.2%  29.6 1136s
 34196 30799 1.9961e+07 7193  457 2.1535e+07 1.8052e+07  16.2%  29.6 1144s
 34570 31262 2.0019e+07 7292  475 2.1535e+07 1.8052e+07  16.2%  29.6 1152s
 35033 31741 1.9964e+07 7408  435 2.1535e+07 1.8052e+07  16.2%  29.7 1161s
H35512 32172                    2.153468e+07 1.8052e+07  16.2%  29.7 1170s
H35721 32172                    2.153454e+07 1.8052e+07  16.2%  29.7 1170s
 35943 32649 1.9967e+07 7617  433 2.1535e+07 1.8052e+07  16.2%  29.7 1177s
 36420 33159 1.9988e+07 7734  443 2.1535e+07 1.8052e+07  16.2%  29.6 1184s
 36930 33466 1.9988e+07 7865  441 2.1535e+07 1.8052e+07  16.2%  29.6 1192s
H37076 33466                    2.153395e+07 1.8052e+07  16.2%  29.6 1192s
 37237 33860 2.0029e+07 7938  454 2.1534e+07 1.8052e+07  16.2%  29.6 1200s
 37631 34250 2.0068e+07 8026  438 2.1534e+07 1.8052e+07  16.2%  29.6 1207s
 38021 34553 2.0088e+07 8112  439 2.1534e+07 1.8052e+07  16.2%  29.6 1214s
H38324 34909                    2.153359e+07 1.8052e+07  16.2%  29.7 1221s
 38680 35332 2.0090e+07 8280  428 2.1534e+07 1.8052e+07  16.2%  29.7 1230s
 39103 35547 2.0096e+07 8397  425 2.1534e+07 1.8052e+07  16.2%  29.7 1274s
 39318 35906 2.0117e+07 8456  438 2.1534e+07 1.8052e+07  16.2%  29.7 1279s
H39677 36245                    2.152595e+07 1.8052e+07  16.1%  29.7 1287s
 40016 36549 2.0121e+07 8673  425 2.1526e+07 1.8052e+07  16.1%  29.7 1294s
 40320 36940 2.0125e+07 8775  426 2.1526e+07 1.8052e+07  16.1%  29.7 1300s
 40711 37294 2.0134e+07 8892  426 2.1526e+07 1.8052e+07  16.1%  29.7 1307s
 41065 37690 2.0142e+07 8998  428 2.1526e+07 1.8052e+07  16.1%  29.8 1314s
 41461 38016 2.0203e+07 9113  483 2.1526e+07 1.8052e+07  16.1%  29.8 1320s
 41787 38355 2.0152e+07 9212  427 2.1526e+07 1.8052e+07  16.1%  29.8 1327s
 42126 38475 2.0245e+07 9308  485 2.1526e+07 1.8052e+07  16.1%  29.9 1334s
 42246 38798 2.0174e+07 9368  430 2.1526e+07 1.8052e+07  16.1%  29.9 1341s
 42569 39232 2.0176e+07 9455  427 2.1526e+07 1.8052e+07  16.1%  29.9 1349s
 43003 39668 2.0179e+07 9580  423 2.1526e+07 1.8052e+07  16.1%  29.9 1357s
 43439 40104 2.0190e+07 9701  430 2.1526e+07 1.8052e+07  16.1%  29.9 1366s
 43875 40555 2.0224e+07 9829  449 2.1526e+07 1.8052e+07  16.1%  29.8 1373s
 44326 40967 2.0219e+07 9971  447 2.1526e+07 1.8052e+07  16.1%  29.8 1382s
 44738 41441 2.0244e+07 10100  458 2.1526e+07 1.8052e+07  16.1%  29.7 1390s
 45212 41889 2.0244e+07 10215  458 2.1526e+07 1.8052e+07  16.1%  29.6 1396s
 45660 42395 2.0255e+07 10318  466 2.1526e+07 1.8052e+07  16.1%  29.4 1404s
 46166 42890 2.0266e+07 10425  467 2.1526e+07 1.8052e+07  16.1%  29.1 1410s
 46661 43279 2.0298e+07 10564  442 2.1526e+07 1.8052e+07  16.1%  28.9 1415s
 47050 43593 2.0308e+07 10690  426 2.1526e+07 1.8052e+07  16.1%  28.8 1421s
 47364 43962 2.0315e+07 10790  424 2.1526e+07 1.8052e+07  16.1%  28.8 1427s
 47733 44454 2.0342e+07 10809  477 2.1526e+07 1.8052e+07  16.1%  28.7 1433s
 48225 44905 2.0452e+07 10810  475 2.1526e+07 1.8052e+07  16.1%  28.5 1440s
 48676 45244 2.0363e+07 10810  472 2.1526e+07 1.8052e+07  16.1%  28.3 1445s
 49015 45619 2.0360e+07 10809  473 2.1526e+07 1.8052e+07  16.1%  28.2 1450s
 49390 45932 2.0358e+07 10808  472 2.1526e+07 1.8052e+07  16.1%  28.0 1456s
 49703 46297 2.0366e+07 10810  476 2.1526e+07 1.8052e+07  16.1%  27.9 1461s
 50068 46624 2.0383e+07 10809  479 2.1526e+07 1.8052e+07  16.1%  27.8 1466s
 50395 47032 2.0357e+07 10810  471 2.1526e+07 1.8052e+07  16.1%  27.7 1474s
 50803 47221 1.8053e+07   72  599 2.1526e+07 1.8052e+07  16.1%  27.5 1479s
 50992 47520 1.8077e+07  125  553 2.1526e+07 1.8052e+07  16.1%  27.5 1485s
 51291 47753 1.8146e+07  189  552 2.1526e+07 1.8052e+07  16.1%  27.4 1492s
 51524 47937 1.8174e+07  231  546 2.1526e+07 1.8052e+07  16.1%  27.4 1497s
 51708 48022 1.8185e+07  279  544 2.1526e+07 1.8052e+07  16.1%  27.4 1502s
 51793 48213 1.8187e+07  321  540 2.1526e+07 1.8052e+07  16.1%  27.4 1508s
 51984 48476 1.8198e+07  354  541 2.1526e+07 1.8052e+07  16.1%  27.3 1514s
 52247 48697 1.8193e+07  419  545 2.1526e+07 1.8052e+07  16.1%  27.3 1520s
 52468 48975 1.8195e+07  464  542 2.1526e+07 1.8052e+07  16.1%  27.3 1529s
H52469 48975                    2.152543e+07 1.8052e+07  16.1%  27.3 1529s
H52471 48975                    2.152443e+07 1.8052e+07  16.1%  27.3 1529s
 52746 49168 1.8244e+07  511  536 2.1524e+07 1.8052e+07  16.1%  27.2 1533s
 52939 49401 1.8254e+07  559  544 2.1524e+07 1.8052e+07  16.1%  27.2 1537s
 53172 49675 1.8248e+07  620  543 2.1524e+07 1.8052e+07  16.1%  27.2 1543s
 53446 49943 1.8267e+07  703  541 2.1524e+07 1.8052e+07  16.1%  27.1 1550s
 53714 50067 1.8279e+07  787  542 2.1524e+07 1.8052e+07  16.1%  27.1 1555s
H53775 50067                    2.152440e+07 1.8052e+07  16.1%  27.1 1555s
 53980 50396 1.8284e+07  845  532 2.1524e+07 1.8052e+07  16.1%  27.2 1565s
 54167 50591 1.8285e+07  891  535 2.1524e+07 1.8052e+07  16.1%  27.2 1570s
 54362 50750 1.8284e+07  950  537 2.1524e+07 1.8052e+07  16.1%  27.2 1575s
 54521 50956 1.8285e+07  992  534 2.1524e+07 1.8052e+07  16.1%  27.2 1583s
 54727 51208 1.8331e+07 1045  534 2.1524e+07 1.8052e+07  16.1%  27.2 1588s
 54979 51451 1.8358e+07 1112  532 2.1524e+07 1.8052e+07  16.1%  27.2 1594s
 55222 51738 1.8402e+07 1152  506 2.1524e+07 1.8052e+07  16.1%  27.2 1603s
 55509 52087 1.8508e+07 1190  505 2.1524e+07 1.8052e+07  16.1%  27.1 1609s
 55858 52345 1.8616e+07 1250  487 2.1524e+07 1.8052e+07  16.1%  27.1 1617s
 56116 52647 1.8663e+07 1288  504 2.1524e+07 1.8052e+07  16.1%  27.1 1623s
 56418 52878 1.8769e+07 1368  537 2.1524e+07 1.8052e+07  16.1%  27.0 1628s
 56649 53024 1.8772e+07 1420  532 2.1524e+07 1.8052e+07  16.1%  27.1 1632s
 56795 53177 1.8774e+07 1448  528 2.1524e+07 1.8052e+07  16.1%  27.1 1637s
 56948 53424 1.8777e+07 1479  528 2.1524e+07 1.8052e+07  16.1%  27.2 1643s
 57195 53550 1.8806e+07 1537  538 2.1524e+07 1.8052e+07  16.1%  27.3 1649s
 57321 53552 1.8781e+07 1559  532 2.1524e+07 1.8052e+07  16.1%  27.3 1681s
 57323 53858 1.8793e+07 1559  538 2.1524e+07 1.8052e+07  16.1%  27.3 1688s
 57629 54351 1.8785e+07 1661  532 2.1524e+07 1.8052e+07  16.1%  27.2 1697s
 58122 54559 1.8818e+07 1761  527 2.1524e+07 1.8052e+07  16.1%  27.1 1703s
 58330 54851 1.8827e+07 1804  524 2.1524e+07 1.8052e+07  16.1%  27.1 1711s
 58622 55121 1.8857e+07 1929  528 2.1524e+07 1.8052e+07  16.1%  27.1 1717s
 58892 55300 1.8873e+07 2016  521 2.1524e+07 1.8052e+07  16.1%  27.2 1723s
 59071 55512 1.8891e+07 2065  535 2.1524e+07 1.8052e+07  16.1%  27.2 1729s
 59283 55738 1.8905e+07 2118  526 2.1524e+07 1.8052e+07  16.1%  27.2 1735s
 59509 56010 1.8922e+07 2182  522 2.1524e+07 1.8052e+07  16.1%  27.3 1743s
 59781 56170 1.8951e+07 2262  507 2.1524e+07 1.8052e+07  16.1%  27.2 1750s
 59941 56403 1.8974e+07 2311  500 2.1524e+07 1.8052e+07  16.1%  27.3 1757s
 60174 56691 1.9001e+07 2382  481 2.1524e+07 1.8052e+07  16.1%  27.3 1763s
 60462 56878 1.9036e+07 2463  488 2.1524e+07 1.8052e+07  16.1%  27.3 1769s
 60649 57138 1.9063e+07 2543  480 2.1524e+07 1.8052e+07  16.1%  27.4 1775s
 60909 57308 1.9110e+07 2629  478 2.1524e+07 1.8052e+07  16.1%  27.5 1780s
 61079 57518 1.9141e+07 2670  514 2.1524e+07 1.8052e+07  16.1%  27.5 1786s
 61289 57735 1.9145e+07 2713  492 2.1524e+07 1.8052e+07  16.1%  27.5 1792s
H61389 57735                    2.151705e+07 1.8052e+07  16.1%  27.5 1792s
 61506 57953 1.9155e+07 2763  481 2.1517e+07 1.8052e+07  16.1%  27.6 1796s
 61724 58100 1.9173e+07 2810  494 2.1517e+07 1.8052e+07  16.1%  27.6 1802s
 61871 58338 1.9179e+07 2857  481 2.1517e+07 1.8052e+07  16.1%  27.6 1807s
 62109 58600 1.9201e+07 2916  514 2.1517e+07 1.8052e+07  16.1%  27.6 1813s
 62371 58751 1.9227e+07 2981  504 2.1517e+07 1.8052e+07  16.1%  27.7 1819s
 62522 58930 1.9231e+07 3009  488 2.1517e+07 1.8052e+07  16.1%  27.8 1825s
H62632 58930                    2.151704e+07 1.8052e+07  16.1%  27.8 1825s
 62701 59124 1.9242e+07 3064  476 2.1517e+07 1.8052e+07  16.1%  27.8 1831s
 62895 59265 1.9253e+07 3118  489 2.1517e+07 1.8052e+07  16.1%  27.9 1837s
 63036 59354 1.9254e+07 3141  468 2.1517e+07 1.8052e+07  16.1%  28.1 1842s
 63125 59561 1.9255e+07 3144  468 2.1517e+07 1.8052e+07  16.1%  28.1 1848s
 63332 59852 1.9272e+07 3201  482 2.1517e+07 1.8052e+07  16.1%  28.1 1855s
 63623 60102 1.9281e+07 3290  469 2.1517e+07 1.8052e+07  16.1%  28.2 1863s
H63873 60280                    2.151367e+07 1.8052e+07  16.1%  28.2 1868s
 64051 60458 1.9306e+07 3418  455 2.1514e+07 1.8052e+07  16.1%  28.3 1873s
 64229 60508 1.9307e+07 3477  454 2.1514e+07 1.8052e+07  16.1%  28.5 1911s
 64279 60612 1.9323e+07 3493  498 2.1514e+07 1.8052e+07  16.1%  28.5 1915s
 64383 60850 1.9403e+07 3493  545 2.1514e+07 1.8052e+07  16.1%  28.5 1923s
 64621 61070 1.9324e+07 3565  454 2.1514e+07 1.8052e+07  16.1%  28.6 1929s
 64841 61255 1.9324e+07 3627  455 2.1514e+07 1.8052e+07  16.1%  28.7 1936s
 65026 61432 1.9324e+07 3682  454 2.1514e+07 1.8052e+07  16.1%  28.8 1943s
H65138 61432                    2.150325e+07 1.8052e+07  16.0%  28.9 1943s
 65203 61635 1.9325e+07 3738  456 2.1503e+07 1.8052e+07  16.0%  29.0 1949s
 65406 61856 1.9325e+07 3797  454 2.1503e+07 1.8052e+07  16.0%  29.1 1956s
 65627 62086 1.9325e+07 3861  456 2.1503e+07 1.8052e+07  16.0%  29.2 1962s
 65857 62299 1.9364e+07 3916  510 2.1503e+07 1.8052e+07  16.0%  29.3 1970s
 66070 62461 1.9325e+07 3966  462 2.1503e+07 1.8052e+07  16.0%  29.4 1977s
H66232 62672                    2.149241e+07 1.8052e+07  16.0%  29.4 1985s
 66443 62918 1.9326e+07 4044  458 2.1492e+07 1.8052e+07  16.0%  29.5 1993s
 66689 63160 1.9328e+07 4108  455 2.1492e+07 1.8052e+07  16.0%  29.6 1998s
 66931 63441 1.9416e+07 4173  543 2.1492e+07 1.8052e+07  16.0%  29.7 2005s
 67212 63711 1.9331e+07 4241  454 2.1492e+07 1.8052e+07  16.0%  29.8 2012s
H67482 63907                    2.149221e+07 1.8052e+07  16.0%  29.9 2019s
 67678 64184 1.9354e+07 4348  469 2.1492e+07 1.8052e+07  16.0%  30.0 2027s
 67955 64444 1.9357e+07 4418  455 2.1492e+07 1.8052e+07  16.0%  30.1 2035s
 68215 64774 1.9374e+07 4490  500 2.1492e+07 1.8052e+07  16.0%  30.2 2042s
 68545 65018 1.9380e+07 4568  471 2.1492e+07 1.8052e+07  16.0%  30.3 2050s
 68789 65208 1.9439e+07 4620  534 2.1492e+07 1.8052e+07  16.0%  30.4 2057s
 68979 65483 1.9417e+07 4655  470 2.1492e+07 1.8052e+07  16.0%  30.5 2064s
H69115 65483                    2.149204e+07 1.8052e+07  16.0%  30.5 2064s
 69254 65746 1.9420e+07 4723  455 2.1492e+07 1.8052e+07  16.0%  30.6 2072s
H69384 65746                    2.149204e+07 1.8052e+07  16.0%  30.6 2072s
 69517 66014 1.9421e+07 4788  452 2.1492e+07 1.8052e+07  16.0%  30.7 2079s
 69785 66171 1.9423e+07 4860  452 2.1492e+07 1.8052e+07  16.0%  30.7 2085s
 69942 66476 1.9447e+07 4887  524 2.1492e+07 1.8052e+07  16.0%  30.8 2094s
 70247 66708 1.9426e+07 4974  450 2.1492e+07 1.8052e+07  16.0%  30.9 2102s
 70479 66907 1.9427e+07 5020  452 2.1492e+07 1.8052e+07  16.0%  31.2 2108s
 70678 67089 1.9506e+07 5072  541 2.1492e+07 1.8052e+07  16.0%  31.4 2116s
 70860 67302 1.9458e+07 5108  499 2.1492e+07 1.8052e+07  16.0%  31.6 2126s
 71073 67568 1.9431e+07 5167  450 2.1492e+07 1.8052e+07  16.0%  31.7 2134s
 71339 67841 1.9466e+07 5228  484 2.1492e+07 1.8052e+07  16.0%  31.8 2142s
 71612 68158 1.9474e+07 5291  466 2.1492e+07 1.8052e+07  16.0%  32.0 2150s
 71929 68160 1.9483e+07 5371  460 2.1492e+07 1.8052e+07  16.0%  32.0 2188s
 71931 68336 1.9507e+07 5371  508 2.1492e+07 1.8052e+07  16.0%  32.0 2194s
 72107 68530 1.9495e+07 5404  478 2.1492e+07 1.8052e+07  16.0%  32.1 2202s
 72301 68850 1.9516e+07 5435  479 2.1492e+07 1.8052e+07  16.0%  32.1 2210s
 72621 69131 1.9525e+07 5512  452 2.1492e+07 1.8052e+07  16.0%  32.2 2218s
 72902 69452 1.9527e+07 5577  450 2.1492e+07 1.8052e+07  16.0%  32.4 2227s
 73223 69656 1.9554e+07 5655  497 2.1492e+07 1.8052e+07  16.0%  32.5 2234s
 73427 70024 1.9531e+07 5727  450 2.1492e+07 1.8052e+07  16.0%  32.6 2242s
 73795 70376 1.9534e+07 5825  449 2.1492e+07 1.8052e+07  16.0%  32.7 2252s
 74147 70739 1.9537e+07 5921  452 2.1492e+07 1.8052e+07  16.0%  32.7 2258s
 74510 71064 1.9539e+07 6019  449 2.1492e+07 1.8052e+07  16.0%  32.8 2267s
 74835 71454 1.9542e+07 6105  448 2.1492e+07 1.8052e+07  16.0%  32.9 2275s
 75225 71839 1.9545e+07 6218  446 2.1492e+07 1.8052e+07  16.0%  32.9 2285s
 75610 72151 1.9612e+07 6329  530 2.1492e+07 1.8052e+07  16.0%  33.0 2294s
H75631 72151                    2.149183e+07 1.8052e+07  16.0%  33.0 2294s
 75922 72488 1.9551e+07 6414  451 2.1492e+07 1.8052e+07  16.0%  33.0 2303s
 76259 72768 1.9556e+07 6510  450 2.1492e+07 1.8052e+07  16.0%  33.1 2311s
 76539 73053 1.9559e+07 6573  453 2.1492e+07 1.8052e+07  16.0%  33.2 2320s
 76824 73388 1.9596e+07 6645  532 2.1492e+07 1.8052e+07  16.0%  33.2 2328s
 77159 73686 1.9568e+07 6727  449 2.1492e+07 1.8052e+07  16.0%  33.3 2336s
 77457 74008 1.9572e+07 6805  450 2.1492e+07 1.8052e+07  16.0%  33.4 2345s
 77779 74272 1.9691e+07 6880  527 2.1492e+07 1.8052e+07  16.0%  33.4 2354s
 78043 74559 1.9612e+07 6949  481 2.1492e+07 1.8052e+07  16.0%  33.5 2360s
 78330 74764 1.9652e+07 7018  498 2.1492e+07 1.8052e+07  16.0%  33.6 2366s
 78535 75044 1.9660e+07 7051  479 2.1492e+07 1.8052e+07  16.0%  33.7 2373s
 78815 75422 1.9667e+07 7121  445 2.1492e+07 1.8052e+07  16.0%  33.8 2382s
 79193 75762 1.9673e+07 7223  444 2.1492e+07 1.8052e+07  16.0%  33.8 2389s
 79533 76019 1.9680e+07 7316  444 2.1492e+07 1.8052e+07  16.0%  33.9 2399s
 79790 76371 1.9684e+07 7388  444 2.1492e+07 1.8052e+07  16.0%  34.0 2408s
 80142 76624 1.9735e+07 7481  492 2.1492e+07 1.8052e+07  16.0%  34.0 2417s
 80395 76907 1.9692e+07 7571  444 2.1492e+07 1.8052e+07  16.0%  34.2 2426s
 80678 77253 1.9802e+07 7661  528 2.1492e+07 1.8052e+07  16.0%  34.3 2436s
 81024 77547 1.9711e+07 7752  445 2.1492e+07 1.8052e+07  16.0%  34.3 2446s
 81318 77549 1.9727e+07 7831  481 2.1492e+07 1.8052e+07  16.0%  34.4 2475s
 81320 77799 1.9720e+07 7831  444 2.1492e+07 1.8052e+07  16.0%  34.4 2483s
 81570 78114 1.9727e+07 7913  444 2.1492e+07 1.8052e+07  16.0%  34.4 2490s
 81885 78449 1.9733e+07 7994  440 2.1492e+07 1.8052e+07  16.0%  34.5 2498s
 82220 78796 1.9735e+07 8086  440 2.1492e+07 1.8052e+07  16.0%  34.6 2507s
 82567 79142 1.9737e+07 8180  441 2.1492e+07 1.8052e+07  16.0%  34.6 2515s
 82913 79299 1.9752e+07 8264  487 2.1492e+07 1.8052e+07  16.0%  34.7 2523s
 83070 79719 1.9753e+07 8342  444 2.1492e+07 1.8052e+07  16.0%  34.7 2532s
 83490 80024 1.9754e+07 8439  442 2.1492e+07 1.8052e+07  16.0%  34.7 2540s
 83795 80336 1.9756e+07 8518  444 2.1492e+07 1.8052e+07  16.0%  34.8 2548s
 84107 80690 1.9791e+07 8594  450 2.1492e+07 1.8052e+07  16.0%  34.9 2554s
 84461 80987 1.9811e+07 8679  456 2.1492e+07 1.8052e+07  16.0%  35.0 2561s
 84758 81322 1.9864e+07 8753  502 2.1492e+07 1.8052e+07  16.0%  35.0 2568s
 85093 81651 1.9875e+07 8836  452 2.1492e+07 1.8052e+07  16.0%  35.1 2576s
 85422 81962 1.9909e+07 8908  453 2.1492e+07 1.8052e+07  16.0%  35.2 2585s
 85733 82464 1.9923e+07 8991  434 2.1492e+07 1.8052e+07  16.0%  35.3 2595s
 86235 82771 1.9943e+07 9115  482 2.1492e+07 1.8052e+07  16.0%  35.3 2603s
 86542 82773 1.9951e+07 9191  459 2.1492e+07 1.8052e+07  16.0%  35.3 2635s
 86544 83059 1.9956e+07 9191  464 2.1492e+07 1.8052e+07  16.0%  35.3 2643s
 86830 83353 2.0004e+07 9259  463 2.1492e+07 1.8052e+07  16.0%  35.4 2650s
H87124 83690                    2.149182e+07 1.8052e+07  16.0%  35.4 2657s
 87461 83910 2.0083e+07 9403  437 2.1492e+07 1.8052e+07  16.0%  35.5 2664s
 87681 84228 2.0121e+07 9450  443 2.1492e+07 1.8052e+07  16.0%  35.6 2673s
 87999 84580 2.0177e+07 9536  480 2.1492e+07 1.8052e+07  16.0%  35.6 2680s
H88351 84854                    2.149176e+07 1.8052e+07  16.0%  35.7 2689s
 88625 85146 2.0184e+07 9698  431 2.1492e+07 1.8052e+07  16.0%  35.7 2696s
 88917 85452 2.0237e+07 9778  428 2.1492e+07 1.8052e+07  16.0%  35.8 2703s
 89223 85634 2.0298e+07 9864  464 2.1492e+07 1.8052e+07  16.0%  35.9 2711s
 89405 85976 2.0297e+07 9889  431 2.1492e+07 1.8052e+07  16.0%  36.0 2719s
 89747 86323 2.0309e+07 9976  450 2.1492e+07 1.8052e+07  16.0%  36.1 2727s
 90094 86663 2.0367e+07 10061  435 2.1492e+07 1.8052e+07  16.0%  36.2 2735s
 90434 86958 2.0417e+07 10157  448 2.1492e+07 1.8052e+07  16.0%  36.2 2741s
 90729 87304 2.0436e+07 10230  425 2.1492e+07 1.8052e+07  16.0%  36.3 2749s
 91075 87628 2.0487e+07 10315  433 2.1492e+07 1.8052e+07  16.0%  36.4 2757s
 91399 87939 2.0513e+07 10412  420 2.1492e+07 1.8052e+07  16.0%  36.5 2764s
 91710 88290 2.0517e+07 10488  426 2.1492e+07 1.8052e+07  16.0%  36.5 2772s
 92061 88650 2.0519e+07 10572  423 2.1492e+07 1.8052e+07  16.0%  36.6 2779s
 92421 89012 2.0524e+07 10668  427 2.1492e+07 1.8052e+07  16.0%  36.7 2787s
 92783 89388 2.0530e+07 10763  421 2.1492e+07 1.8052e+07  16.0%  36.8 2794s
 93159 89531 2.0575e+07 10811  484 2.1492e+07 1.8052e+07  16.0%  36.8 2799s
 93302 89845 2.0594e+07 10808  486 2.1492e+07 1.8052e+07  16.0%  36.8 2807s
 93616 90200 2.0621e+07 10811  486 2.1492e+07 1.8052e+07  16.0%  36.8 2815s
 93971 90566 2.0615e+07 10810  487 2.1492e+07 1.8052e+07  16.0%  36.8 2823s
 94337 90890 2.0618e+07 10810  484 2.1492e+07 1.8052e+07  16.0%  36.8 2831s
 94661 91280 2.0599e+07 10811  485 2.1492e+07 1.8052e+07  16.0%  36.9 2838s
 95051 91614 2.0590e+07 10810  490 2.1492e+07 1.8052e+07  16.0%  36.9 2845s
 95385 91962 2.0608e+07 10811  487 2.1492e+07 1.8052e+07  16.0%  36.9 2851s
 95733 92319 2.0616e+07 10811  485 2.1492e+07 1.8052e+07  16.0%  36.9 2858s
 96090 92649 2.0580e+07 10810  487 2.1492e+07 1.8052e+07  16.0%  36.9 2865s
 96420 92985 2.0589e+07 10810  486 2.1492e+07 1.8052e+07  16.0%  36.9 2871s
 96756 93313 2.0610e+07 10810  488 2.1492e+07 1.8052e+07  16.0%  36.9 2878s
 97084 93683 1.8052e+07   31  636 2.1492e+07 1.8052e+07  16.0%  36.9 2887s
 97454 93939 1.8095e+07  133  557 2.1492e+07 1.8052e+07  16.0%  36.8 2895s
 97710 93941 1.8129e+07  190  551 2.1492e+07 1.8052e+07  16.0%  36.8 2918s
 97712 94170 1.8134e+07  191  548 2.1492e+07 1.8052e+07  16.0%  36.8 2926s
 97941 94498 1.8132e+07  246  543 2.1492e+07 1.8052e+07  16.0%  36.8 2934s
 98269 94720 1.8173e+07  324  537 2.1492e+07 1.8052e+07  16.0%  36.7 2940s
 98491 94913 1.8190e+07  367  529 2.1492e+07 1.8052e+07  16.0%  36.8 2946s
 98684 95089 1.8191e+07  390  529 2.1492e+07 1.8052e+07  16.0%  36.8 2953s
 98860 95234 1.8192e+07  414  529 2.1492e+07 1.8052e+07  16.0%  36.8 2959s
 99005 95622 1.8194e+07  437  529 2.1492e+07 1.8052e+07  16.0%  36.9 2968s
 99393 96113 1.8216e+07  536  537 2.1492e+07 1.8052e+07  16.0%  36.8 2980s
 99884 96424 1.8225e+07  693  533 2.1492e+07 1.8052e+07  16.0%  36.7 2986s
 100195 96747 1.8236e+07  785  529 2.1492e+07 1.8052e+07  16.0%  36.6 2996s
 100518 97409 1.8260e+07  895  529 2.1492e+07 1.8052e+07  16.0%  36.5 3006s
 101180 97576 1.8320e+07 1137  525 2.1492e+07 1.8052e+07  16.0%  36.4 3011s
 101347 97666 1.8382e+07 1204  517 2.1492e+07 1.8052e+07  16.0%  36.3 3021s
H101360 97666                    2.149164e+07 1.8052e+07  16.0%  36.3 3021s
 101437 97788 1.8383e+07 1227  515 2.1492e+07 1.8052e+07  16.0%  36.3 3030s
H101453 97788                    2.149072e+07 1.8052e+07  16.0%  36.3 3030s
H101497 97788                    2.148570e+07 1.8052e+07  16.0%  36.3 3030s
 101559 98046 1.8403e+07 1254  516 2.1486e+07 1.8052e+07  16.0%  36.3 3037s
 101817 98389 1.8493e+07 1314  495 2.1486e+07 1.8052e+07  16.0%  36.3 3043s
 102160 98678 1.8697e+07 1426  477 2.1486e+07 1.8052e+07  16.0%  36.2 3049s
 102449 99002 1.8778e+07 1530  479 2.1486e+07 1.8052e+07  16.0%  36.2 3056s
 102773 99022 1.8805e+07 1635  523 2.1486e+07 1.8052e+07  16.0%  36.2 3069s
 102793 99264 1.8805e+07 1640  521 2.1486e+07 1.8052e+07  16.0%  36.2 3077s
 103035 99691 1.8827e+07 1708  523 2.1486e+07 1.8052e+07  16.0%  36.2 3085s
H103355 99691                    2.148570e+07 1.8052e+07  16.0%  36.1 3085s
 103462 99873 1.8848e+07 1868  519 2.1486e+07 1.8052e+07  16.0%  36.0 3090s
 103644 100026 1.8870e+07 1916  515 2.1486e+07 1.8052e+07  16.0%  36.0 3097s
 103797 100387 1.8889e+07 1947  533 2.1486e+07 1.8052e+07  16.0%  36.0 3104s
 104158 100629 1.8923e+07 2066  505 2.1486e+07 1.8052e+07  16.0%  36.0 3111s
 104400 100936 1.8946e+07 2143  497 2.1486e+07 1.8052e+07  16.0%  35.9 3118s
H104555 100936                    2.148570e+07 1.8052e+07  16.0%  35.9 3118s
 104707 101208 1.8967e+07 2221  502 2.1486e+07 1.8052e+07  16.0%  35.9 3124s
 104979 101466 1.8992e+07 2286  517 2.1486e+07 1.8052e+07  16.0%  35.9 3131s
H105086 101466                    2.148566e+07 1.8052e+07  16.0%  35.9 3131s
 105237 101671 1.8994e+07 2339  507 2.1486e+07 1.8052e+07  16.0%  35.9 3138s
 105442 101906 1.9016e+07 2381  532 2.1486e+07 1.8052e+07  16.0%  35.9 3146s
 105677 102099 1.9037e+07 2421  516 2.1486e+07 1.8052e+07  16.0%  35.8 3153s
H105732 102099                    2.148566e+07 1.8052e+07  16.0%  35.9 3153s
 105870 102271 1.9040e+07 2457  538 2.1486e+07 1.8052e+07  16.0%  35.9 3159s
 106042 102470 1.9037e+07 2504  511 2.1486e+07 1.8052e+07  16.0%  35.9 3167s
 106241 102714 1.9042e+07 2552  485 2.1486e+07 1.8052e+07  16.0%  35.9 3174s
 106485 102875 1.9058e+07 2625  510 2.1486e+07 1.8052e+07  16.0%  35.9 3180s
 106646 103009 1.9070e+07 2667  521 2.1486e+07 1.8052e+07  16.0%  36.0 3188s
 106780 103180 1.9065e+07 2694  477 2.1486e+07 1.8052e+07  16.0%  36.0 3195s
 106951 103370 1.9111e+07 2741  549 2.1486e+07 1.8052e+07  16.0%  36.1 3202s
 107141 103603 1.9114e+07 2801  513 2.1486e+07 1.8052e+07  16.0%  36.1 3209s
 107374 103808 1.9123e+07 2856  497 2.1486e+07 1.8052e+07  16.0%  36.1 3216s
 107579 103995 1.9147e+07 2910  528 2.1486e+07 1.8052e+07  16.0%  36.2 3221s
 107766 104169 1.9150e+07 2959  509 2.1486e+07 1.8052e+07  16.0%  36.2 3241s
 107940 104504 1.9161e+07 2997  528 2.1486e+07 1.8052e+07  16.0%  36.2 3251s
 108275 104859 1.9159e+07 3072  495 2.1486e+07 1.8052e+07  16.0%  36.2 3261s
 108630 105100 1.9199e+07 3151  517 2.1486e+07 1.8052e+07  16.0%  36.2 3268s
 108871 105301 1.9203e+07 3205  500 2.1486e+07 1.8052e+07  16.0%  36.2 3274s
 109072 105446 1.9212e+07 3262  476 2.1486e+07 1.8052e+07  16.0%  36.3 3280s
 109217 105658 1.9245e+07 3288  543 2.1486e+07 1.8052e+07  16.0%  36.3 3288s
H109386 105658                    2.148537e+07 1.8052e+07  16.0%  36.4 3288s
 109429 105843 1.9253e+07 3320  545 2.1485e+07 1.8052e+07  16.0%  36.4 3293s
 109614 105953 1.9240e+07 3357  502 2.1485e+07 1.8052e+07  16.0%  36.4 3301s
 109724 106213 1.9249e+07 3411  476 2.1485e+07 1.8052e+07  16.0%  36.5 3309s
 109984 106409 1.9292e+07 3496  522 2.1485e+07 1.8052e+07  16.0%  36.5 3315s
 110180 106661 1.9314e+07 3548  530 2.1485e+07 1.8052e+07  16.0%  36.6 3321s
 110432 106921 1.9314e+07 3615  485 2.1485e+07 1.8052e+07  16.0%  36.6 3329s
 110692 107132 1.9381e+07 3682  553 2.1485e+07 1.8052e+07  16.0%  36.7 3336s
 110903 107328 1.9366e+07 3732  539 2.1485e+07 1.8052e+07  16.0%  36.7 3344s
 111099 107564 1.9359e+07 3777  489 2.1485e+07 1.8052e+07  16.0%  36.8 3350s
 111335 107782 1.9373e+07 3827  499 2.1485e+07 1.8052e+07  16.0%  36.9 3358s
 111553 108056 1.9389e+07 3866  504 2.1485e+07 1.8052e+07  16.0%  36.9 3366s
 111827 108241 1.9398e+07 3927  472 2.1485e+07 1.8052e+07  16.0%  36.9 3375s
 112012 108463 1.9421e+07 3975  497 2.1485e+07 1.8052e+07  16.0%  37.0 3383s
 112234 108688 1.9427e+07 4028  480 2.1485e+07 1.8052e+07  16.0%  37.1 3392s
 112459 108927 1.9436e+07 4087  478 2.1485e+07 1.8052e+07  16.0%  37.1 3399s
 112698 109243 1.9467e+07 4149  509 2.1485e+07 1.8052e+07  16.0%  37.2 3406s
 113014 109245 1.9498e+07 4216  516 2.1485e+07 1.8052e+07  16.0%  37.2 3427s
 113016 109441 1.9472e+07 4217  477 2.1485e+07 1.8052e+07  16.0%  37.2 3435s
 113212 109642 1.9529e+07 4276  531 2.1485e+07 1.8052e+07  16.0%  37.2 3443s
 113413 109884 1.9529e+07 4352  473 2.1485e+07 1.8052e+07  16.0%  37.2 3449s
 113655 110091 1.9543e+07 4414  488 2.1485e+07 1.8052e+07  16.0%  37.3 3455s
 113862 110249 1.9575e+07 4475  489 2.1485e+07 1.8052e+07  16.0%  37.4 3464s
 114020 110474 1.9594e+07 4525  477 2.1485e+07 1.8052e+07  16.0%  37.4 3471s
 114245 110724 1.9615e+07 4593  490 2.1485e+07 1.8052e+07  16.0%  37.5 3479s
 114495 111002 1.9622e+07 4661  462 2.1485e+07 1.8052e+07  16.0%  37.5 3487s
 114773 111265 1.9684e+07 4741  512 2.1485e+07 1.8052e+07  16.0%  37.6 3495s
 115036 111549 1.9701e+07 4820  492 2.1485e+07 1.8052e+07  16.0%  37.7 3503s
 115320 111810 1.9716e+07 4886  471 2.1485e+07 1.8052e+07  16.0%  37.7 3511s
 115581 112128 1.9757e+07 4963  473 2.1485e+07 1.8052e+07  16.0%  37.8 3518s
 115899 112384 1.9776e+07 5034  475 2.1485e+07 1.8052e+07  16.0%  37.9 3526s
 116155 112647 1.9804e+07 5106  460 2.1485e+07 1.8052e+07  16.0%  38.0 3532s
H116307 112647                    2.148439e+07 1.8052e+07  16.0%  38.0 3532s
 116418 112938 1.9823e+07 5184  452 2.1484e+07 1.8052e+07  16.0%  38.1 3539s
 116709 113241 1.9863e+07 5255  471 2.1484e+07 1.8052e+07  16.0%  38.1 3547s
H116792 113241                    2.148211e+07 1.8052e+07  16.0%  38.1 3547s
 117012 113507 1.9887e+07 5342  468 2.1482e+07 1.8052e+07  16.0%  38.2 3553s
 117278 113800 1.9915e+07 5412  463 2.1482e+07 1.8052e+07  16.0%  38.3 3560s
 117571 114081 1.9975e+07 5508  474 2.1482e+07 1.8052e+07  16.0%  38.3 3569s
H117646 114081                    2.148177e+07 1.8052e+07  16.0%  38.3 3569s
H117649 114081                    2.147667e+07 1.8052e+07  15.9%  38.3 3569s
H117665 114081                    2.147394e+07 1.8052e+07  15.9%  38.3 3569s
 117852 114403 1.9997e+07 5599  447 2.1474e+07 1.8052e+07  15.9%  38.4 3578s
H117956 114403                    2.147050e+07 1.8052e+07  15.9%  38.4 3578s
 118174 114554 2.0049e+07 5681  447 2.1471e+07 1.8052e+07  15.9%  38.3 3599s
H118247 114554                    2.146412e+07 1.8052e+07  15.9%  38.3 3599s
 118325 114556 2.0080e+07 5756  443 2.1464e+07 1.8052e+07  15.9%  38.4 3600s

Cutting planes:
  RLT: 414

Explored 118327 nodes (4539779 simplex iterations) in 3600.72 seconds (2676.09 work units)
Thread count was 2 (of 24 available processors)

Solution count 10: 2.14641e+07 2.14705e+07 2.14739e+07 ... 2.14857e+07

Time limit reached
Best objective 2.146411856238e+07, best bound 1.805215106563e+07, gap 15.8961%
