
Gurobi 11.0.3 (linux64, Java) logging started dom 08 dez 2024 19:04:26 -03

Set parameter Username
Academic license - for non-commercial use only - expires 2025-10-10
Set parameter NonConvex to value 2
Set parameter TimeLimit to value 3600
Set parameter LogToConsole to value 0
Set parameter MIPGap to value 1.7445418436480762e-08
Set parameter Threads to value 2
Set parameter NodefileDir to value "/home/ps12398/experiment_epec/goalProgrammingMarcos/"
Set parameter NodefileStart to value 1
Gurobi Optimizer version 11.0.3 build v11.0.3rc0 (linux64)

CPU model: Intel(R) Xeon(R) CPU           X5650  @ 2.67GHz, instruction set [SSE2]
Thread count: 12 physical cores, 24 logical processors, using up to 2 threads

Optimize a model with 520401 rows, 349038 columns and 2312721 nonzeros
Model fingerprint: 0x26e627d6
Model has 422 quadratic constraints
Variable types: 174312 continuous, 174726 integer (417 binary)
Coefficient statistics:
  Matrix range     [2e-03, 1e+07]
  QMatrix range    [2e-03, 2e+05]
  QLMatrix range   [1e+00, 2e+05]
  Objective range  [1e+00, 1e+08]
  Bounds range     [1e+00, 1e+08]
  RHS range        [1e+00, 7e+06]
  QRHS range       [8e-02, 8e-02]
Presolve removed 519017 rows and 346681 columns
Presolve time: 1.30s
Presolved: 2958 rows, 2854 columns, 292550 nonzeros
Presolved model has 2 SOS constraint(s)
Presolved model has 417 bilinear constraint(s)

Solving non-convex MIQCP

Variable types: 1336 continuous, 1518 integer (419 binary)
Found heuristic solution: objective 2.745350e+07

Root relaxation: objective 6.508195e+06, 991 iterations, 0.65 seconds (0.44 work units)

    Nodes    |    Current Node    |     Objective Bounds      |     Work
 Expl Unexpl |  Obj  Depth IntInf | Incumbent    BestBd   Gap | It/Node Time

     0     0 6508194.60    0  649 2.7453e+07 6508194.60  76.3%     -    2s
H    0     0                    2.029682e+07 6508194.60  67.9%     -    3s
     0     0 8927804.73    0  651 2.0297e+07 8927804.73  56.0%     -    4s
H    0     0                    1.486081e+07 8927835.55  39.9%     -    5s
     0     0 8975209.64    0  650 1.4861e+07 8975209.64  39.6%     -    6s
     0     0 8979003.61    0  650 1.4861e+07 8979003.61  39.6%     -    7s
     0     0 8979625.62    0  651 1.4861e+07 8979625.62  39.6%     -    8s
     0     0 8979636.17    0  651 1.4861e+07 8979636.17  39.6%     -   10s
     0     2 8979636.17    0  651 1.4861e+07 8979636.17  39.6%     -   10s
    42    64 8979656.56   14  651 1.4861e+07 8979655.36  39.6%   1.3   16s
H   43    64                    1.435263e+07 8979655.36  37.4%   1.3   16s
    63   257 8979673.95   26  651 1.4353e+07 8979655.36  37.4%   1.3   21s
   256   518 8979797.18  111  651 1.4353e+07 8979655.36  37.4%   1.1   25s
   734   788 8980934.08  338  645 1.4353e+07 8979655.36  37.4%   1.0   31s
   998  1190 8981673.05  462  643 1.4353e+07 8979655.36  37.4%   1.0   37s
  1189  1353 8982274.50  565  643 1.4353e+07 8979655.36  37.4%   1.0   41s
  1352  1547 8982799.68  656  643 1.4353e+07 8979655.36  37.4%   1.0   45s
  1714  1890 8983273.98  800  639 1.4353e+07 8979655.36  37.4%   1.0   54s
  1889  1947 8983383.62  853  638 1.4353e+07 8979655.36  37.4%   1.0   56s
  1946  2175 8983495.80  906  632 1.4353e+07 8979655.36  37.4%   1.0   60s
  2416  2607 8984000.62 1196  632 1.4353e+07 8979655.36  37.4%   1.1   68s
  2606  2932 8984176.85 1297  632 1.4353e+07 8979655.36  37.4%   1.1   71s
  2931  3228 8984473.66 1460  632 1.4353e+07 8979655.36  37.4%   1.0   77s
  3227  3435 8984722.36 1595  632 1.4353e+07 8979655.36  37.4%   1.0   82s
  3434  3607 8984892.95 1688  632 1.4353e+07 8979655.36  37.4%   1.0   85s
  3606  3889 8985029.62 1772  626 1.4353e+07 8979655.36  37.4%   1.0   92s
  3889  3890 8981297.98  271  231 1.4353e+07 8979655.36  37.4%   1.0   97s
  3891  3891 8982094.00  531  236 1.4353e+07 8979655.36  37.4%   1.0  101s
H 3891  3696                    1.320739e+07 9164107.09  30.6%   1.0  102s
H 3892  3512                    1.310091e+07 9187259.20  29.9%   1.0  104s
  3895  3514 9187661.85 1623  237 1.3101e+07 9187661.85  29.9%   1.0  105s
H 3895  3338                    1.301703e+07 9187760.60  29.4%   1.0  105s
  3903  3344 9187864.24  825  236 1.3017e+07 9187864.24  29.4%   1.6  113s
  3904  3345 9238359.45 1626  234 1.3017e+07 9238359.45  29.0%   1.6  115s
H 3905  3178                    1.300928e+07 9267171.71  28.8%   1.6  115s
H 3905  3019                    1.300921e+07 9267171.71  28.8%   1.6  116s
H 3907  2869                    1.298447e+07 9267459.06  28.6%   1.6  116s
  3918  2877 9267773.23  901  233 1.2984e+07 9267773.23  28.6%   2.1  123s
  3919  2878 9267773.23 1223  234 1.2984e+07 9267773.23  28.6%   2.1  125s
H 3920  2735                    1.292257e+07 9269523.08  28.3%   2.1  126s
H 3920  2598                    1.292240e+07 9269523.08  28.3%   2.1  126s
  3932  2607 9270010.57  678  237 1.2922e+07 9270010.57  28.3%   2.7  132s
  3933  2608 9270010.57 1663  234 1.2922e+07 9270010.57  28.3%   2.7  135s
  3943  2616 9273706.70  277  234 1.2922e+07 9273706.70  28.2%   3.3  141s
  3948  2620 9273713.74  470  241 1.2922e+07 9273713.74  28.2%   3.3  145s
  3951  2625 9273784.70   63  657 1.2922e+07 9273713.74  28.2%   3.8  151s
  3982  2660 9273828.72   71  650 1.2922e+07 9273738.96  28.2%   3.8  155s
  4022  2752 9273934.22   81  641 1.2922e+07 9273738.96  28.2%   3.8  162s
  4104  2939 9274147.37  102  622 1.2922e+07 9273738.96  28.2%   3.8  170s
H 4175  2783                    1.291468e+07 9273738.96  28.2%   3.7  170s
  4318  2992 9274412.32  156  579 1.2915e+07 9273738.96  28.2%   3.7  178s
  4575  3102 9274672.53  220  532 1.2915e+07 9273738.96  28.2%   3.6  184s
  4770  3279 9274760.34  261  519 1.2915e+07 9273738.96  28.2%   3.5  190s
H 4981  3084                    1.291376e+07 9273738.96  28.2%   3.4  190s
  5151  3358 9275225.44  364  511 1.2914e+07 9273738.96  28.2%   3.3  199s
H 5262  3202                    1.285425e+07 9273738.96  27.9%   3.3  199s
  5342  3383 9275340.92  419  511 1.2854e+07 9273738.96  27.9%   3.3  204s
  5550  3516 9275432.69  475  512 1.2854e+07 9273738.96  27.9%   3.2  210s
  5752  3669 9275543.71  535  512 1.2854e+07 9273738.96  27.9%   3.1  215s
  6168  3974 9275755.28  643  511 1.2854e+07 9273738.96  27.9%   3.1  225s
  6416  4087 9275881.10  711  511 1.2854e+07 9273738.96  27.9%   3.0  230s
  6862  4349 9276110.55  835  511 1.2854e+07 9273738.96  27.9%   2.9  241s
  7023  4544 9276148.57  858  512 1.2854e+07 9273738.96  27.9%   2.9  248s
  7271  4752 9276270.28  928  512 1.2854e+07 9273738.96  27.9%   2.9  255s
  7562  4896 9276422.01 1010  512 1.2854e+07 9273738.96  27.9%   2.9  263s
H 7737  4726                    1.282481e+07 9273738.96  27.7%   2.8  263s
  7803  4957 9276633.87 1097  511 1.2825e+07 9273738.96  27.7%   2.8  269s
  8056  5155 9276843.68 1184  511 1.2825e+07 9273738.96  27.7%   2.7  277s
  8339  5359 9277083.47 1282  511 1.2825e+07 9273738.96  27.7%   2.7  285s
  8637  5575 9277331.56 1387  512 1.2825e+07 9273738.96  27.7%   2.6  293s
  8952  5740 9277607.45 1497  510 1.2825e+07 9273738.96  27.7%   2.6  301s
  9222  5935 9277848.65 1595  510 1.2825e+07 9273738.96  27.7%   2.5  307s
  9507  6130 9278089.35 1690  509 1.2825e+07 9273738.96  27.7%   2.5  314s
  9797  6341 9278291.37 1771  509 1.2825e+07 9273738.96  27.7%   2.4  322s
 10105  6519 9278502.81 1858  510 1.2825e+07 9273738.96  27.7%   2.4  328s
H10386  6716                    1.282481e+07 9273738.96  27.7%   2.4  337s
 10665  6956 9278862.69 1997  507 1.2825e+07 9273738.96  27.7%   2.4  345s
 10905  7152 9278988.76 2046  507 1.2825e+07 9273738.96  27.7%   2.3  351s
 11101  7353 9279114.08 2094  507 1.2825e+07 9273738.96  27.7%   2.3  356s
 11302  7546 9279245.45 2141  506 1.2825e+07 9273738.96  27.7%   2.3  362s
 11495  7681 9279376.00 2191  506 1.2825e+07 9273738.96  27.7%   2.3  369s
H11566  7681                    1.282087e+07 9273738.96  27.7%   2.3  369s
 11630  7903 9279454.19 2227  504 1.2821e+07 9273738.96  27.7%   2.3  376s
H11852  8084                    1.281873e+07 9273738.96  27.7%   2.3  383s
 12033  8285 9279715.28 2327  504 1.2819e+07 9273738.96  27.7%   2.3  389s
 12234  8506 9279850.17 2378  504 1.2819e+07 9273738.96  27.7%   2.2  395s
 12455  8721 9280004.21 2433  502 1.2819e+07 9273738.96  27.7%   2.2  401s
 12670  8954 9280146.78 2488  502 1.2819e+07 9273738.96  27.7%   2.2  409s
H12903  9217                    1.280336e+07 9273738.96  27.6%   2.2  417s
 13166  9340 9280336.67 2623  478 1.2803e+07 9273738.96  27.6%   2.2  424s
 13289  9633 9280324.26 2624  479 1.2803e+07 9273738.96  27.6%   2.2  433s
 13582  9979 9280405.98 2709  478 1.2803e+07 9273738.96  27.6%   2.2  441s
 13928 10238 9280489.81 2810  478 1.2803e+07 9273738.96  27.6%   2.1  447s
 14187 10304 9280533.80 2884  479 1.2803e+07 9273738.96  27.6%   2.1  467s
 14253 10606 9280562.34 2900  478 1.2803e+07 9273738.96  27.6%   2.1  476s
 14555 10957 9280634.87 2990  478 1.2803e+07 9273738.96  27.6%   2.1  484s
 14906 11283 9280702.37 3093  479 1.2803e+07 9273738.96  27.6%   2.1  492s
 15232 11621 9280779.74 3189  479 1.2803e+07 9273738.96  27.6%   2.0  501s
 15570 11924 9280858.72 3287  479 1.2803e+07 9273738.96  27.6%   2.0  511s
 15873 12242 9280925.48 3371  479 1.2803e+07 9273738.96  27.6%   2.0  520s
 16191 12583 9281013.64 3464  478 1.2803e+07 9273738.96  27.6%   2.0  528s
H16392 12583                    1.280032e+07 9273738.96  27.6%   2.0  528s
H16532 12918                    1.279173e+07 9273738.96  27.5%   1.9  538s
 16867 13233 9281165.34 3653  477 1.2792e+07 9273738.96  27.5%   1.9  545s
 17182 13604 9281239.08 3743  476 1.2792e+07 9273738.96  27.5%   1.9  553s
 17553 13925 9281352.33 3847  475 1.2792e+07 9273738.96  27.5%   1.9  561s
 17874 14292 9281439.17 3937  475 1.2792e+07 9273738.96  27.5%   1.9  568s
 18241 14634 9281526.62 4041  476 1.2792e+07 9273738.96  27.5%   1.9  577s
 18583 14920 9281632.15 4137  475 1.2792e+07 9273738.96  27.5%   1.8  586s
 18869 15252 9281697.26 4218  476 1.2792e+07 9273738.96  27.5%   1.8  594s
 19201 15498 9281778.33 4317  474 1.2792e+07 9273738.96  27.5%   1.8  614s
 19447 15659 9281828.66 4378  469 1.2792e+07 9273738.96  27.5%   1.8  621s
 19608 15952 9281917.75 4458  469 1.2792e+07 9273738.96  27.5%   1.8  630s
 19901 16352 9281965.32 4545  470 1.2792e+07 9273738.96  27.5%   1.8  638s
 20301 16759 9282085.81 4657  469 1.2792e+07 9273738.96  27.5%   1.8  647s
 20708 17116 9282262.71 4774  467 1.2792e+07 9273738.96  27.5%   1.8  656s
 21065 17512 9282350.28 4876  467 1.2792e+07 9273738.96  27.5%   1.8  664s
 21461 17843 9282438.12 4989  467 1.2792e+07 9273738.96  27.5%   1.8  674s
 21792 18230 9282513.49 5076  467 1.2792e+07 9273738.96  27.5%   1.8  684s
 22179 18616 9282598.92 5186  467 1.2792e+07 9273738.96  27.5%   1.8  694s
 22565 18986 9282689.46 5297  467 1.2792e+07 9273738.96  27.5%   1.8  702s
H22786 18986                    1.278878e+07 9273738.96  27.5%   1.8  702s
 22935 19307 9282779.79 5407  466 1.2789e+07 9273738.96  27.5%   1.8  709s
H23256 19671                    1.278732e+07 9273738.96  27.5%   1.8  717s
 23620 20047 9282955.68 5598  465 1.2787e+07 9273738.96  27.5%   1.8  723s
 23996 20403 9283018.21 5707  466 1.2787e+07 9273738.96  27.5%   1.8  730s
 24352 20711 9283107.71 5809  468 1.2787e+07 9273738.96  27.5%   1.8  745s
 24660 21075 9283176.67 5892  465 1.2787e+07 9273738.96  27.5%   1.8  753s
 25024 21515 9283293.51 5983  463 1.2787e+07 9273738.96  27.5%   1.8  763s
H25254 21515                    1.277506e+07 9273738.96  27.4%   1.8  763s
 25464 21916 9283396.43 6098  464 1.2775e+07 9273738.96  27.4%   1.7  769s
 25865 22345 9283505.25 6200  464 1.2775e+07 9273738.96  27.4%   1.7  776s
 26294 22575 9283621.97 6310  464 1.2775e+07 9273738.96  27.4%   1.7  783s
 26524 22924 9283677.02 6343  463 1.2775e+07 9273738.96  27.4%   1.7  791s
 26873 23362 9283770.48 6430  462 1.2775e+07 9273738.96  27.4%   1.7  800s
 27311 23801 9283887.83 6540  462 1.2775e+07 9273738.96  27.4%   1.7  809s
 27750 24224 9283984.28 6649  463 1.2775e+07 9273738.96  27.4%   1.7  818s
 28173 24613 9284097.36 6755  463 1.2775e+07 9273738.96  27.4%   1.7  828s
 28562 24971 9284220.68 6852  462 1.2775e+07 9273738.96  27.4%   1.7  836s
 28920 25370 9284291.19 6942  463 1.2775e+07 9273738.96  27.4%   1.7  846s
 29319 25795 9284400.43 7040  460 1.2775e+07 9273738.96  27.4%   1.7  856s
H29744 25797                    1.277303e+07 9273738.96  27.4%   1.7  864s
 29746 26127 9284511.40 7146  460 1.2773e+07 9273738.96  27.4%   1.7  873s
 30076 26541 9284594.73 7229  460 1.2773e+07 9273738.96  27.4%   1.7  882s
 30490 26932 9284703.61 7333  460 1.2773e+07 9273738.96  27.4%   1.7  891s
 30881 27300 9284806.21 7431  460 1.2773e+07 9273738.96  27.4%   1.6  899s
 31249 27704 9284913.41 7530  460 1.2773e+07 9273738.96  27.4%   1.6  908s
 31653 28064 9285020.19 7632  460 1.2773e+07 9273738.96  27.4%   1.6  917s
 32013 28463 9285111.90 7723  460 1.2773e+07 9273738.96  27.4%   1.6  926s
 32412 28741 9285217.43 7824  460 1.2773e+07 9273738.96  27.4%   1.6  932s
H32562 28741                    1.276940e+07 9273738.96  27.4%   1.6  932s
 32690 29117 9285296.15 7899  460 1.2769e+07 9273738.96  27.4%   1.6  938s
H32888 29117                    1.276865e+07 9273738.96  27.4%   1.6  938s
 33066 29507 9285399.59 7998  460 1.2769e+07 9273738.96  27.4%   1.6  944s
 33456 29893 9285505.95 8096  460 1.2769e+07 9273738.96  27.4%   1.6  949s
 33842 30277 9285604.78 8194  460 1.2769e+07 9273738.96  27.4%   1.6  957s
 34226 30595 9285709.05 8290  460 1.2769e+07 9273738.96  27.4%   1.6  964s
 34544 30953 9285915.99 8363  457 1.2769e+07 9273738.96  27.4%   1.6  973s
H34902 30955                    1.276865e+07 9273738.96  27.4%   1.6  982s
H34903 30955                    1.276864e+07 9273738.96  27.4%   1.6  982s
 34904 31301 9286113.84 8457  442 1.2769e+07 9273738.96  27.4%   1.6  990s
 35250 31729 9286219.72 8551  442 1.2769e+07 9273738.96  27.4%   1.6  998s
 35678 32119 9286351.72 8667  442 1.2769e+07 9273738.96  27.4%   1.6 1007s
 36068 32484 9286471.12 8773  442 1.2769e+07 9273738.96  27.4%   1.6 1017s
H36433 32783                    1.276864e+07 9273738.96  27.4%   1.6 1025s
 36732 33197 9286660.63 8942  443 1.2769e+07 9273738.96  27.4%   1.6 1033s
 37146 33584 9286780.71 9049  442 1.2769e+07 9273738.96  27.4%   1.6 1042s
 37533 33812 9287051.43 9150  441 1.2769e+07 9273738.96  27.4%   1.6 1049s
 37761 34213 9287189.53 9209  442 1.2769e+07 9273738.96  27.4%   1.6 1058s
 38162 34573 9287459.50 9315  442 1.2769e+07 9273738.96  27.4%   1.6 1065s
 38522 34966 9287715.71 9416  442 1.2769e+07 9273738.96  27.4%   1.6 1075s
 38915 35304 9287980.59 9520  442 1.2769e+07 9273738.96  27.4%   1.6 1082s
 39253 35641 9288219.99 9614  442 1.2769e+07 9273738.96  27.4%   1.6 1090s
 39590 36027 9288442.02 9696  441 1.2769e+07 9273738.96  27.4%   1.6 1098s
 39976 36029 9288701.81 9798  441 1.2769e+07 9273738.96  27.4%   1.6 1108s
 39978 36323 9288692.20 9799  442 1.2769e+07 9273738.96  27.4%   1.6 1115s
 40272 36565 9288883.51 9871  441 1.2769e+07 9273738.96  27.4%   1.6 1122s
 40514 36902 9289058.95 9943  442 1.2769e+07 9273738.96  27.4%   1.6 1129s
 40851 37301 9289297.78 10032  441 1.2769e+07 9273738.96  27.4%   1.6 1138s
 41250 37649 9289554.56 10138  442 1.2769e+07 9273738.96  27.4%   1.6 1146s
 41598 38049 9289781.69 10222  441 1.2769e+07 9273738.96  27.4%   1.6 1155s
 41998 38363 9290046.56 10326  441 1.2769e+07 9273738.96  27.4%   1.6 1161s
 42312 38681 9290265.60 10412  441 1.2769e+07 9273738.96  27.4%   1.6 1168s
 42630 39039 9290487.52 10495  437 1.2769e+07 9273738.96  27.4%   1.6 1176s
 42988 39446 9290869.57 10584  436 1.2769e+07 9273738.96  27.4%   1.6 1183s
 43395 39812 9291182.54 10686  436 1.2769e+07 9273738.96  27.4%   1.6 1190s
 43761 40146 9291464.83 10778  436 1.2769e+07 9273738.96  27.4%   1.6 1198s
 44095 40482 9291641.23 10871  437 1.2769e+07 9273738.96  27.4%   1.6 1205s
 44431 40851 9291919.71 10962  437 1.2769e+07 9273738.96  27.4%   1.6 1213s
 44800 41166 9292213.99 11057  437 1.2769e+07 9273738.96  27.4%   1.6 1220s
 45115 41168 9292382.00 11137  433 1.2769e+07 9273738.96  27.4%   1.6 1229s
 45117 41390 9292381.79 11138  433 1.2769e+07 9273738.96  27.4%   1.6 1235s
 45339 41738 9292397.75 11193  433 1.2769e+07 9273738.96  27.4%   1.6 1242s
 45687 42134 9292421.05 11277  433 1.2769e+07 9273738.96  27.4%   1.6 1250s
 46083 42509 9292450.62 11381  433 1.2769e+07 9273738.96  27.4%   1.6 1258s
 46458 42816 9292550.35 11480  432 1.2769e+07 9273738.96  27.4%   1.6 1266s
 46765 43151 9292502.93 11567  433 1.2769e+07 9273738.96  27.4%   1.6 1273s
 47100 43424 9292525.22 11648  433 1.2769e+07 9273738.96  27.4%   1.6 1280s
 47373 43780 9292545.47 11720  433 1.2769e+07 9273738.96  27.4%   1.6 1288s
 47729 44130 9292643.15 11810  432 1.2769e+07 9273738.96  27.4%   1.6 1296s
 48079 44445 9292667.90 11898  432 1.2769e+07 9273738.96  27.4%   1.6 1305s
 48394 44815 9292620.73 11987  433 1.2769e+07 9273738.96  27.4%   1.6 1313s
 48764 45181 9292648.61 12085  433 1.2769e+07 9273738.96  27.4%   1.6 1320s
 49130 45525 9292747.78 12182  432 1.2769e+07 9273738.96  27.4%   1.6 1328s
 49474 45561 9292700.04 12269  433 1.2769e+07 9273738.96  27.4%   1.6 1333s
 49510 45607 9292702.85 12279  433 1.2769e+07 9273738.96  27.4%   1.6 1338s
 49556 45921 9292705.42 12287  433 1.2769e+07 9273738.96  27.4%   1.6 1344s
 49870 46192 9292731.65 12371  431 1.2769e+07 9273738.96  27.4%   1.6 1350s
 50141 46286 9292768.44 12420  421 1.2769e+07 9273738.96  27.4%   1.7 1359s
 50235 46481 9336242.62 12443  482 1.2769e+07 9273738.96  27.4%   1.7 1365s
 50430 46691 9293180.48 12480  425 1.2769e+07 9273738.96  27.4%   1.8 1370s
 50640 46965 9292967.24 12510  421 1.2769e+07 9273738.96  27.4%   1.8 1376s
 50914 47191 9293060.02 12552  421 1.2769e+07 9273738.96  27.4%   1.9 1383s
 51140 47491 9293163.39 12595  422 1.2769e+07 9273738.96  27.4%   2.0 1390s
 51440 47764 9294089.72 12646  426 1.2769e+07 9273738.96  27.4%   2.0 1398s
 51713 48082 9295744.51 12688  441 1.2769e+07 9273738.96  27.4%   2.1 1407s
 52031 48352 9297645.04 12752  448 1.2769e+07 9273738.96  27.4%   2.1 1412s
 52301 48649 9298546.50 12791  455 1.2769e+07 9273738.96  27.4%   2.1 1418s
 52598 48919 9300035.70 12839  461 1.2769e+07 9273738.96  27.4%   2.2 1424s
 52868 49248 9301656.32 12890  461 1.2769e+07 9273738.96  27.4%   2.2 1432s
 53197 49566 9303541.16 12950  462 1.2769e+07 9273738.96  27.4%   2.2 1439s
 53515 49832 9305566.20 13017  465 1.2769e+07 9273738.96  27.4%   2.2 1445s
 53781 50067 9332563.60 13052  478 1.2769e+07 9273738.96  27.4%   2.2 1452s
 54016 50368 9306968.54 13050  468 1.2769e+07 9273738.96  27.4%   2.2 1457s
 54317 50569 9352896.16 13052  480 1.2769e+07 9273738.96  27.4%   2.2 1463s
 54518 50707 9371132.18 13052  478 1.2769e+07 9273738.96  27.4%   2.3 1467s
 54656 50863 9358335.84 13052  479 1.2769e+07 9273738.96  27.4%   2.3 1472s
 54812 50987 9333334.19 13051  476 1.2769e+07 9273738.96  27.4%   2.4 1478s
 54936 51172 9312752.03 13049  472 1.2769e+07 9273738.96  27.4%   2.5 1483s
 55121 51337 9321917.69 13047  474 1.2769e+07 9273738.96  27.4%   2.6 1488s
 55286 51377 9323520.56 13052  477 1.2769e+07 9273738.96  27.4%   2.7 1500s
 55481 51703 9349839.20 13052  479 1.2769e+07 9273738.96  27.4%   2.8 1510s
 55812 52010 9343144.28 13049  477 1.2769e+07 9273738.96  27.4%   3.0 1518s
 55959 52194 9353931.38 13052  476 1.2769e+07 9273738.96  27.4%   3.0 1523s
 56143 52366 9361191.66 13051  479 1.2769e+07 9273738.96  27.4%   3.1 1528s
 56315 52550 9342441.55 13049  477 1.2769e+07 9273738.96  27.4%   3.2 1534s
 56499 52714 9354764.86 13052  480 1.2769e+07 9273738.96  27.4%   3.3 1539s
 56663 52916 9363957.76 13051  480 1.2769e+07 9273738.96  27.4%   3.4 1546s
 56865 53133 9366086.58 13052  479 1.2769e+07 9273738.96  27.4%   3.5 1552s
 57082 53264 9379266.20 13052  479 1.2769e+07 9273738.96  27.4%   3.6 1558s
 57213 53420 9274030.65  105  624 1.2769e+07 9273752.19  27.4%   3.7 1565s
 57369 53639 9274271.07  148  588 1.2769e+07 9273752.19  27.4%   3.8 1573s
 57588 53840 9274634.28  221  536 1.2769e+07 9273752.19  27.4%   3.9 1579s
 57789 53994 9274728.63  284  501 1.2769e+07 9273752.19  27.4%   4.0 1584s
 57943 54237 9274779.22  332  501 1.2769e+07 9273752.19  27.4%   4.1 1590s
 58186 54388 9274852.52  416  500 1.2769e+07 9273752.19  27.4%   4.1 1595s
 58337 54558 9274934.78  460  500 1.2769e+07 9273752.19  27.4%   4.2 1600s
 58507 54722 9275029.34  513  501 1.2769e+07 9273752.19  27.4%   4.3 1605s
 58671 54857 9275119.08  561  501 1.2769e+07 9273752.19  27.4%   4.4 1610s
 58806 55019 9275192.30  604  501 1.2769e+07 9273752.19  27.4%   4.5 1616s
 58968 55185 9275293.25  658  501 1.2769e+07 9273752.19  27.4%   4.6 1621s
 59134 55363 9275394.21  712  501 1.2769e+07 9273752.19  27.4%   4.6 1626s
 59312 55517 9275496.40  767  501 1.2769e+07 9273752.19  27.4%   4.7 1632s
 59466 55681 9275581.16  812  501 1.2769e+07 9273752.19  27.4%   4.8 1637s
 59630 55871 9275690.08  864  500 1.2769e+07 9273752.19  27.4%   4.8 1642s
H59725 55871                    1.276864e+07 9273752.19  27.4%   4.8 1642s
 59820 56011 9275768.12  912  501 1.2769e+07 9273752.19  27.4%   4.9 1648s
 59960 56208 9275845.04  950  499 1.2769e+07 9273752.19  27.4%   4.9 1654s
 60157 56406 9275926.74 1012  498 1.2769e+07 9273752.19  27.4%   5.0 1660s
 60355 56490 9276121.65 1077  496 1.2769e+07 9273752.19  27.4%   5.0 1675s
 60439 56675 9276075.53 1098  496 1.2769e+07 9273752.19  27.4%   5.1 1681s
 60624 56847 9276155.16 1160  486 1.2769e+07 9273752.19  27.4%   5.1 1686s
 60796 57041 9276193.36 1215  486 1.2769e+07 9273752.19  27.4%   5.2 1693s
 60990 57265 9276212.88 1259  487 1.2769e+07 9273752.19  27.4%   5.2 1700s
 61214 57490 9276270.99 1332  486 1.2769e+07 9273752.19  27.4%   5.2 1707s
 61439 57700 9276352.50 1410  485 1.2769e+07 9273752.19  27.4%   5.2 1713s
 61649 57942 9276416.71 1486  485 1.2769e+07 9273752.19  27.4%   5.3 1719s
 61891 58169 9276480.96 1565  485 1.2769e+07 9273752.19  27.4%   5.3 1727s
 62118 58421 9276537.95 1648  486 1.2769e+07 9273752.19  27.4%   5.4 1734s
 62370 58657 9276609.89 1733  486 1.2769e+07 9273752.19  27.4%   5.4 1742s
 62606 58887 9276674.80 1810  486 1.2769e+07 9273752.19  27.4%   5.4 1749s
 62836 59086 9276747.92 1881  485 1.2769e+07 9273752.19  27.4%   5.4 1754s
 63035 59323 9276810.38 1952  485 1.2769e+07 9273752.19  27.4%   5.5 1759s
 63272 59535 9276874.64 2031  485 1.2769e+07 9273752.19  27.4%   5.5 1764s
 63484 59756 9276927.54 2109  486 1.2769e+07 9273752.19  27.4%   5.6 1770s
 63705 60012 9276992.45 2186  486 1.2769e+07 9273752.19  27.4%   5.6 1778s
 63961 60265 9277056.66 2262  486 1.2769e+07 9273752.19  27.4%   5.6 1786s
 64214 60488 9277134.64 2352  484 1.2769e+07 9273752.19  27.4%   5.7 1794s
 64437 60718 9277223.55 2428  483 1.2769e+07 9273752.19  27.4%   5.7 1801s
 64667 60966 9277299.57 2509  483 1.2769e+07 9273752.19  27.4%   5.8 1807s
 64915 61269 9277368.81 2594  484 1.2769e+07 9273752.19  27.4%   5.8 1814s
 65218 61576 9277455.90 2684  484 1.2769e+07 9273752.19  27.4%   5.9 1824s
 65525 61578 9277546.75 2762  483 1.2769e+07 9273752.19  27.4%   5.8 1836s
 65527 61895 9277532.50 2763  484 1.2769e+07 9273752.19  27.4%   5.8 1846s
 65844 62198 9277616.96 2837  483 1.2769e+07 9273752.19  27.4%   5.8 1853s
 66147 62554 9277846.55 2927  483 1.2769e+07 9273752.19  27.4%   5.8 1860s
 66503 62828 9278145.14 3025  481 1.2769e+07 9273752.19  27.4%   5.8 1866s
 66777 63166 9278375.07 3104  481 1.2769e+07 9273752.19  27.4%   5.8 1874s
H66960 63166                    1.276861e+07 9273752.19  27.4%   5.7 1874s
 67115 63510 9278652.38 3201  482 1.2769e+07 9273752.19  27.4%   5.7 1882s
 67459 63875 9278928.64 3292  481 1.2769e+07 9273752.19  27.4%   5.7 1892s
 67824 64214 9279211.31 3388  481 1.2769e+07 9273752.19  27.4%   5.7 1900s
 68163 64476 9279453.28 3473  482 1.2769e+07 9273752.19  27.4%   5.7 1908s
H68425 64797                    1.276788e+07 9273752.19  27.4%   5.7 1916s
 68746 65149 9279889.07 3621  482 1.2768e+07 9273752.19  27.4%   5.6 1924s
 69098 65459 9280170.96 3713  481 1.2768e+07 9273752.19  27.4%   5.6 1932s
 69408 65808 9280412.41 3795  481 1.2768e+07 9273752.19  27.4%   5.6 1942s
 69757 66123 9280672.30 3887  482 1.2768e+07 9273752.19  27.4%   5.6 1948s
 70072 66431 9280954.20 3979  481 1.2768e+07 9273752.19  27.4%   5.6 1956s
 70380 66790 9281183.67 4060  482 1.2768e+07 9273752.19  27.4%   5.6 1965s
 70739 66792 9281460.45 4154  482 1.2768e+07 9273752.19  27.4%   5.5 1973s
 70741 67024 9281466.79 4154  481 1.2768e+07 9273752.19  27.4%   5.5 1980s
 70973 67360 9281643.01 4216  482 1.2768e+07 9273752.19  27.4%   5.5 1989s
 71309 67735 9281902.12 4304  482 1.2768e+07 9273752.19  27.4%   5.5 1999s
 71684 67911 9282117.41 4411  459 1.2768e+07 9273752.19  27.4%   5.5 2007s
 71860 68327 9282149.14 4422  458 1.2768e+07 9273752.19  27.4%   5.5 2017s
 72276 68751 9282257.06 4547  459 1.2768e+07 9273752.19  27.4%   5.5 2029s
 72700 69101 9282389.34 4671  459 1.2768e+07 9273752.19  27.4%   5.4 2038s
 73050 69524 9282524.67 4774  458 1.2768e+07 9273752.19  27.4%   5.4 2046s
 73473 69942 9282638.02 4899  459 1.2768e+07 9273752.19  27.4%   5.4 2056s
 73891 70338 9282764.87 5023  459 1.2768e+07 9273752.19  27.4%   5.4 2065s
H74132 70338                    1.276134e+07 9273752.19  27.3%   5.4 2065s
 74287 70718 9282898.33 5143  459 1.2761e+07 9273752.19  27.3%   5.4 2073s
 74667 71122 9283008.10 5251  459 1.2761e+07 9273752.19  27.3%   5.4 2082s
 75071 71476 9283126.46 5362  459 1.2761e+07 9273752.19  27.3%   5.4 2090s
 75425 71737 9283238.54 5467  459 1.2761e+07 9273752.19  27.3%   5.3 2097s
 75686 71989 9283320.79 5539  459 1.2761e+07 9273752.19  27.3%   5.3 2113s
 75938 72396 9283408.00 5602  458 1.2761e+07 9273752.19  27.3%   5.3 2122s
 76345 72556 9283503.11 5715  459 1.2761e+07 9273752.19  27.3%   5.3 2130s
 76505 72911 9283508.55 5715  459 1.2761e+07 9273752.19  27.3%   5.3 2139s
 76860 73333 9283599.13 5805  459 1.2761e+07 9273752.19  27.3%   5.3 2148s
 77282 73755 9283722.88 5921  459 1.2761e+07 9273752.19  27.3%   5.2 2157s
 77704 74166 9283852.07 6037  459 1.2761e+07 9273752.19  27.3%   5.2 2165s
 78115 74513 9283973.69 6151  459 1.2761e+07 9273752.19  27.3%   5.2 2175s
H78314 74513                    1.276127e+07 9273752.19  27.3%   5.2 2175s
 78462 74880 9284074.93 6251  459 1.2761e+07 9273752.19  27.3%   5.2 2184s
H78672 74880                    1.276066e+07 9273752.19  27.3%   5.2 2184s
 78829 75227 9284186.89 6356  459 1.2761e+07 9273752.19  27.3%   5.2 2192s
 79176 75575 9284308.40 6446  458 1.2761e+07 9273752.19  27.3%   5.2 2200s
 79524 75888 9284402.29 6534  458 1.2761e+07 9273752.19  27.3%   5.1 2207s
 79837 76224 9284477.23 6623  459 1.2761e+07 9273752.19  27.3%   5.1 2215s
H80027 76224                    1.274462e+07 9273752.19  27.2%   5.1 2215s
 80173 76591 9284598.58 6718  458 1.2745e+07 9273752.19  27.2%   5.1 2222s
 80540 76937 9284707.40 6820  458 1.2745e+07 9273752.19  27.2%   5.1 2228s
 80886 77183 9284794.44 6919  456 1.2745e+07 9273752.19  27.2%   5.1 2242s
 81132 77481 9284892.89 6980  455 1.2745e+07 9273752.19  27.2%   5.1 2251s
 81430 77851 9284942.26 7060  456 1.2745e+07 9273752.19  27.2%   5.1 2260s
 81800 78279 9285056.17 7169  456 1.2745e+07 9273752.19  27.2%   5.0 2268s
 82228 78677 9285183.35 7287  455 1.2745e+07 9273752.19  27.2%   5.0 2276s
 82626 79039 9285291.93 7394  456 1.2745e+07 9273752.19  27.2%   5.0 2284s
 82988 79369 9285393.26 7491  456 1.2745e+07 9273752.19  27.2%   5.0 2291s
 83318 79796 9285521.03 7580  455 1.2745e+07 9273752.19  27.2%   5.0 2301s
 83745 80139 9285604.74 7693  456 1.2745e+07 9273752.19  27.2%   5.0 2309s
H84088 80350                    1.274458e+07 9273752.19  27.2%   5.0 2315s
 84299 80774 9285813.28 7892  456 1.2745e+07 9273752.19  27.2%   4.9 2323s
 84723 81133 9285932.62 8006  456 1.2745e+07 9273752.19  27.2%   4.9 2329s
 85082 81546 9286067.51 8102  455 1.2745e+07 9273752.19  27.2%   4.9 2337s
 85495 81878 9286149.12 8213  456 1.2745e+07 9273752.19  27.2%   4.9 2345s
 85827 82307 9286256.14 8303  452 1.2745e+07 9273752.19  27.2%   4.9 2352s
 86256 82309 9286377.47 8423  443 1.2745e+07 9273752.19  27.2%   4.9 2360s
 86258 82670 9286378.85 8423  443 1.2745e+07 9273752.19  27.2%   4.9 2369s
 86619 83002 9286493.05 8522  441 1.2745e+07 9273752.19  27.2%   4.9 2378s
 86951 83433 9286606.15 8624  440 1.2745e+07 9273752.19  27.2%   4.9 2386s
 87382 83797 9286743.58 8746  440 1.2745e+07 9273752.19  27.2%   4.8 2395s
 87746 83942 9286867.90 8842  440 1.2745e+07 9273752.19  27.2%   4.8 2400s
 87891 84292 9286872.25 8843  440 1.2745e+07 9273752.19  27.2%   4.8 2409s
 88241 84678 9287129.99 8939  438 1.2745e+07 9273752.19  27.2%   4.8 2417s
 88627 85103 9287392.56 9048  440 1.2745e+07 9273752.19  27.2%   4.8 2426s
 89052 85478 9287698.19 9168  440 1.2745e+07 9273752.19  27.2%   4.8 2433s
 89427 85891 9287963.06 9272  440 1.2745e+07 9273752.19  27.2%   4.8 2442s
 89840 86266 9288262.85 9389  440 1.2745e+07 9273752.19  27.2%   4.8 2450s
 90215 86664 9288532.82 9495  440 1.2745e+07 9273752.19  27.2%   4.8 2459s
 90613 87016 9288816.58 9606  439 1.2745e+07 9273752.19  27.2%   4.8 2468s
 90965 87409 9289071.27 9706  439 1.2745e+07 9273752.19  27.2%   4.7 2476s
 91358 87528 9289351.43 9816  439 1.2745e+07 9273752.19  27.2%   4.7 2484s
 91477 87918 9289348.57 9816  440 1.2745e+07 9273752.19  27.2%   4.7 2493s
 91867 88302 9289628.73 9926  440 1.2745e+07 9273752.19  27.2%   4.7 2502s
 92251 88669 9289903.79 10034  440 1.2745e+07 9273752.19  27.2%   4.7 2510s
 92618 89060 9290181.16 10137  438 1.2745e+07 9273752.19  27.2%   4.7 2520s
 93009 89443 9290495.56 10248  425 1.2745e+07 9273752.19  27.2%   4.7 2528s
 93392 89845 9290452.24 10354  426 1.2745e+07 9273752.19  27.2%   4.7 2536s
 93794 90212 9290482.50 10461  426 1.2745e+07 9273752.19  27.2%   4.7 2544s
 94161 90624 9290509.61 10558  426 1.2745e+07 9273752.19  27.2%   4.7 2553s
 94573 90982 9290541.88 10671  426 1.2745e+07 9273752.19  27.2%   4.6 2561s
 94931 91351 9290568.56 10767  426 1.2745e+07 9273752.19  27.2%   4.6 2570s
 95300 91719 9290596.44 10865  426 1.2745e+07 9273752.19  27.2%   4.6 2578s
 95668 92013 9290624.00 10963  426 1.2745e+07 9273752.19  27.2%   4.6 2585s
 95962 92414 9290718.86 11042  425 1.2745e+07 9273752.19  27.2%   4.6 2592s
 96363 92550 9290677.11 11153  426 1.2745e+07 9273752.19  27.2%   4.6 2603s
 96499 92879 9290686.68 11187  426 1.2745e+07 9273752.19  27.2%   4.6 2611s
 96828 92918 9290710.98 11274  426 1.2745e+07 9273752.19  27.2%   4.6 2617s
 96867 93209 9290714.00 11283  426 1.2745e+07 9273752.19  27.2%   4.6 2625s
 97158 93596 9290733.48 11354  426 1.2745e+07 9273752.19  27.2%   4.5 2633s
 97545 93862 9290762.61 11457  426 1.2745e+07 9273752.19  27.2%   4.5 2640s
 97811 94171 9290778.65 11526  423 1.2745e+07 9273752.19  27.2%   4.5 2647s
 98120 94433 9290861.55 11592  422 1.2745e+07 9273752.19  27.2%   4.6 2653s
 98382 94691 9290962.78 11642  422 1.2745e+07 9273752.19  27.2%   4.6 2660s
 98640 94929 9291064.66 11684  422 1.2745e+07 9273752.19  27.2%   4.6 2665s
 98878 95145 9292411.06 11709  468 1.2745e+07 9273752.19  27.2%   4.6 2670s
 99094 95377 9292608.65 11724  460 1.2745e+07 9273752.19  27.2%   4.7 2676s
 99326 95558 9292731.09 11741  460 1.2745e+07 9273752.19  27.2%   4.7 2681s
 99507 95788 9292820.00 11753  460 1.2745e+07 9273752.19  27.2%   4.7 2688s
 99737 96036 9292949.49 11770  460 1.2745e+07 9273752.19  27.2%   4.7 2694s
 99985 96276 9321431.63 11784  538 1.2745e+07 9273752.19  27.2%   4.8 2700s
 100225 96487 9307879.98 11797  541 1.2745e+07 9273752.19  27.2%   4.8 2706s
 100436 96748 9293275.51 11814  460 1.2745e+07 9273752.19  27.2%   4.8 2713s
 100697 96957 9293397.96 11831  460 1.2745e+07 9273752.19  27.2%   4.8 2719s
 100906 97221 9293486.87 11843  460 1.2745e+07 9273752.19  27.2%   4.8 2725s
 101170 97448 9293620.24 11861  460 1.2745e+07 9273752.19  27.2%   4.9 2731s
 101397 97657 9293734.91 11876  460 1.2745e+07 9273752.19  27.2%   4.9 2741s
 101606 97854 9293868.28 11894  460 1.2745e+07 9273752.19  27.2%   4.9 2748s
 101803 97976 9294001.66 11912  460 1.2745e+07 9273752.19  27.2%   5.0 2753s
 101925 98058 9294135.03 11930  460 1.2745e+07 9273752.19  27.2%   5.0 2757s
 102007 98138 9294257.47 11947  460 1.2745e+07 9273752.19  27.2%   5.1 2760s
 102194 98341 9295658.82 11988  462 1.2745e+07 9273752.19  27.2%   5.3 2766s
 102290 98438 9296373.01 12011  461 1.2745e+07 9273752.19  27.2%   5.4 2770s
 102387 98528 9297151.09 12035  462 1.2745e+07 9273752.19  27.2%   5.5 2775s
 102566 98728 9308780.04 12079  449 1.2745e+07 9273752.19  27.2%   5.6 2784s
 102677 98796 9299516.84 12110  453 1.2745e+07 9273752.19  27.2%   5.7 2788s
 102745 98885 9311299.11 12130  507 1.2745e+07 9273752.19  27.2%   5.8 2794s
 102834 98982 9333837.16 12148  536 1.2745e+07 9273752.19  27.2%   5.8 2798s
 102931 99079 9344535.03 12170  517 1.2745e+07 9273752.19  27.2%   5.9 2801s
 103028 99176 9333038.32 12191  510 1.2745e+07 9273752.19  27.2%   6.0 2805s
 103234 99413 9351734.93 12235  476 1.2745e+07 9273752.19  27.2%   6.1 2816s
 103362 99581 9361906.85 12273  505 1.2745e+07 9273752.19  27.2%   6.1 2821s
 103530 99680 9353314.14 12314  527 1.2745e+07 9273752.19  27.2%   6.2 2827s
 103629 99780 9334911.26 12344  450 1.2745e+07 9273752.19  27.2%   6.2 2832s
 103729 99877 9335261.04 12374  449 1.2745e+07 9273752.19  27.2%   6.3 2836s
H103775 99877                    1.274455e+07 9273752.19  27.2%   6.4 2836s
 103826 99979 9335518.23 12397  449 1.2745e+07 9273752.19  27.2%   6.4 2841s
 103928 100092 9355760.69 12424  527 1.2745e+07 9273752.19  27.2%   6.4 2846s
 104041 100198 9356320.12 12450  527 1.2745e+07 9273752.19  27.2%   6.5 2852s
 104147 100311 9337910.14 12477  450 1.2745e+07 9273752.19  27.2%   6.5 2857s
 104260 100420 9372534.60 12507  526 1.2745e+07 9273752.19  27.2%   6.6 2863s
 104369 100618 9358217.81 12536  527 1.2745e+07 9273752.19  27.2%   6.6 2869s
 104567 100806 9352229.71 12585  449 1.2745e+07 9273752.19  27.2%   6.7 2876s
 104755 101035 9345713.76 12620  472 1.2745e+07 9273752.19  27.2%   6.7 2883s
 104984 101181 9347869.99 12648  482 1.2745e+07 9273752.19  27.2%   6.8 2888s
 105130 101377 9353712.57 12648  458 1.2745e+07 9273752.19  27.2%   6.8 2894s
 105326 101606 9350536.98 12678  494 1.2745e+07 9273752.19  27.2%   6.8 2900s
 105555 101860 9352640.91 12715  496 1.2745e+07 9273752.19  27.2%   6.8 2909s
 105809 102118 9354640.48 12757  496 1.2745e+07 9273752.19  27.2%   6.9 2917s
 106067 102317 9356705.21 12800  504 1.2745e+07 9273752.19  27.2%   6.9 2924s
 106266 102534 9375734.45 12839  534 1.2745e+07 9273752.19  27.2%   6.9 2932s
 106483 102756 9359675.40 12869  508 1.2745e+07 9273752.19  27.2%   6.9 2939s
 106705 102758 9360447.91 12890  506 1.2745e+07 9273752.19  27.2%   7.0 2958s
 106707 102976 9390361.74 12890  533 1.2745e+07 9273752.19  27.2%   7.0 2966s
 106925 103206 9361237.24 12912  507 1.2745e+07 9273752.19  27.2%   7.0 2973s
 107155 103368 9362307.16 12945  508 1.2745e+07 9273752.19  27.2%   7.0 2980s
 107317 103554 9362936.26 12962  506 1.2745e+07 9273752.19  27.2%   7.1 2986s
 107503 103718 9364104.56 12995  504 1.2745e+07 9273752.19  27.2%   7.1 2993s
 107667 103874 9371564.12 13032  483 1.2745e+07 9273752.19  27.2%   7.1 2999s
 107823 104057 9413447.01 13052  480 1.2745e+07 9273752.19  27.2%   7.2 3005s
 108006 104317 9425853.48 13051  451 1.2745e+07 9273752.19  27.2%   7.2 3014s
 108266 104507 9450331.32 13053  489 1.2745e+07 9273752.19  27.2%   7.3 3022s
 108456 104720 9436914.30 13053  483 1.2745e+07 9273752.19  27.2%   7.3 3030s
 108669 104868 9413416.58 13050  480 1.2745e+07 9273752.19  27.2%   7.4 3036s
 108817 105112 9481196.90 13053  529 1.2745e+07 9273752.19  27.2%   7.5 3046s
 109061 105253 9398465.10 13050  495 1.2745e+07 9273752.19  27.2%   7.5 3053s
 109202 105430 9438176.00 13049  530 1.2745e+07 9273752.19  27.2%   7.6 3062s
 109379 105628 9452818.24 13053  526 1.2745e+07 9273752.19  27.2%   7.7 3070s
 109577 105790 9474535.00 13052  527 1.2745e+07 9273752.19  27.2%   7.7 3079s
 109739 105891 9489826.38 13052  529 1.2745e+07 9273752.19  27.2%   7.8 3087s
 109840 106036 9439369.41 13053  530 1.2745e+07 9273752.19  27.2%   7.8 3093s
 109985 106338 9460245.41 13050  531 1.2745e+07 9273752.19  27.2%   7.9 3105s
 110287 106642 9416054.00 13053  451 1.2745e+07 9273752.19  27.2%   7.9 3114s
 110591 106892 9453384.73 13053  458 1.2745e+07 9273752.19  27.2%   8.0 3120s
 110841 107127 9426835.31 13052  510 1.2745e+07 9273752.19  27.2%   8.0 3129s
 111076 107446 9455050.60 13053  468 1.2745e+07 9273752.19  27.2%   8.1 3139s
 111395 107832 9465757.87 13053  436 1.2745e+07 9273752.19  27.2%   8.1 3150s
 111781 107834 9274198.28  149  592 1.2745e+07 9273755.04  27.2%   8.2 3166s
 111783 108200 9274174.22  150  592 1.2745e+07 9273755.04  27.2%   8.2 3179s
 112149 108519 9274527.59  261  528 1.2745e+07 9273755.04  27.2%   8.2 3187s
 112468 108853 9274688.62  346  493 1.2745e+07 9273755.04  27.2%   8.2 3197s
 112802 109144 9274769.09  424  490 1.2745e+07 9273755.04  27.2%   8.2 3206s
 113093 109398 9274809.60  508  491 1.2745e+07 9273755.04  27.2%   8.2 3215s
 113347 109647 9274917.89  591  487 1.2745e+07 9273755.04  27.2%   8.2 3224s
 113596 109916 9275026.03  673  486 1.2745e+07 9273755.04  27.2%   8.3 3231s
 113865 110238 9275144.97  758  485 1.2745e+07 9273755.04  27.2%   8.3 3240s
 114187 110548 9275677.45  868  483 1.2745e+07 9273755.04  27.2%   8.3 3247s
 114497 110956 9276191.10  976  479 1.2745e+07 9273755.04  27.2%   8.3 3257s
 114905 111377 9276573.41 1105  475 1.2745e+07 9273755.04  27.2%   8.3 3267s
 115326 111887 9276914.44 1220  475 1.2745e+07 9273755.04  27.2%   8.3 3275s
H115836 112324                    1.274453e+07 9273755.04  27.2%   8.3 3287s
 116273 112738 9277606.62 1456  474 1.2745e+07 9273755.04  27.2%   8.3 3297s
 116687 113072 9277925.34 1563  474 1.2745e+07 9273755.04  27.2%   8.3 3315s
 117021 113385 9278162.34 1647  475 1.2745e+07 9273755.04  27.2%   8.3 3326s
 117334 113731 9278469.44 1752  475 1.2745e+07 9273755.04  27.2%   8.3 3337s
 117680 114084 9278777.30 1858  473 1.2745e+07 9273755.04  27.2%   8.3 3348s
 118033 114494 9279108.15 1966  472 1.2745e+07 9273755.04  27.2%   8.3 3359s
 118443 114949 9279439.60 2081  473 1.2745e+07 9273755.04  27.2%   8.3 3369s
 118898 115245 9279801.80 2200  471 1.2745e+07 9273755.04  27.2%   8.3 3378s
 119194 115611 9280123.69 2312  472 1.2745e+07 9273755.04  27.2%   8.3 3387s
 119560 116046 9280473.44 2429  472 1.2745e+07 9273755.04  27.2%   8.3 3397s
 119995 116418 9280707.99 2561  457 1.2745e+07 9273755.04  27.2%   8.2 3406s
 120367 116857 9280834.86 2666  458 1.2745e+07 9273755.04  27.2%   8.2 3416s
 120806 117172 9280974.06 2780  458 1.2745e+07 9273755.04  27.2%   8.2 3424s
 121121 117630 9281052.52 2876  457 1.2745e+07 9273755.04  27.2%   8.2 3435s
 121579 118074 9281178.63 3001  455 1.2745e+07 9273755.04  27.2%   8.2 3446s
 122023 118212 9281273.79 3117  454 1.2745e+07 9273755.04  27.2%   8.2 3464s
 122161 118499 9281274.69 3152  458 1.2745e+07 9273755.04  27.2%   8.1 3474s
 122448 118872 9281376.67 3244  458 1.2745e+07 9273755.04  27.2%   8.1 3484s
 122821 119291 9281432.19 3347  459 1.2745e+07 9273755.04  27.2%   8.1 3495s
 123240 119724 9281526.43 3463  458 1.2745e+07 9273755.04  27.2%   8.1 3506s
 123673 120093 9281627.24 3586  459 1.2745e+07 9273755.04  27.2%   8.1 3516s
 124042 120481 9281710.86 3683  459 1.2745e+07 9273755.04  27.2%   8.1 3524s
 124430 120897 9281800.37 3799  457 1.2745e+07 9273755.04  27.2%   8.0 3535s
 124846 121210 9281910.40 3931  457 1.2745e+07 9273755.04  27.2%   8.0 3544s
 125159 121580 9281992.88 4030  457 1.2745e+07 9273755.04  27.2%   8.0 3553s
 125529 121936 9282112.40 4140  456 1.2745e+07 9273755.04  27.2%   8.0 3563s
 125885 122354 9282178.91 4255  456 1.2745e+07 9273755.04  27.2%   8.0 3571s
 126303 122708 9282287.28 4385  456 1.2745e+07 9273755.04  27.2%   8.0 3580s
 126657 123094 9282388.35 4501  456 1.2745e+07 9273755.04  27.2%   7.9 3588s
 127043 123418 9282488.38 4621  456 1.2745e+07 9273755.04  27.2%   7.9 3600s

Cutting planes:
  RLT: 421

Explored 127367 nodes (1008910 simplex iterations) in 3600.64 seconds (1447.13 work units)
Thread count was 2 (of 24 available processors)

Solution count 10: 1.27445e+07 1.27445e+07 1.27446e+07 ... 1.27687e+07

Time limit reached
Best objective 1.274452951235e+07, best bound 9.273755043522e+06, gap 27.2334%
