
Gurobi 11.0.3 (linux64, Java) logging started dom 29 dez 2024 15:43:26 -03

Set parameter Username
Academic license - for non-commercial use only - expires 2025-10-10
Set parameter NonConvex to value 2
Set parameter TimeLimit to value 3600
Set parameter LogToConsole to value 0
Set parameter MIPGap to value 7.7716481645149384e-08
Set parameter Threads to value 2
Set parameter NodefileDir to value "/home/ps12398/experiment_epec/goalProgrammingMarcos/"
Set parameter NodefileStart to value 1
Gurobi Optimizer version 11.0.3 build v11.0.3rc0 (linux64)

CPU model: Intel(R) Xeon(R) CPU           X5650  @ 2.67GHz, instruction set [SSE2]
Thread count: 12 physical cores, 24 logical processors, using up to 2 threads

Optimize a model with 150015 rows, 101033 columns and 647718 nonzeros
Model fingerprint: 0x4d13c33e
Model has 229 quadratic constraints
Variable types: 50406 continuous, 50627 integer (224 binary)
Coefficient statistics:
  Matrix range     [4e-03, 4e+06]
  QMatrix range    [4e-03, 7e+04]
  QLMatrix range   [1e+00, 7e+04]
  Objective range  [1e+00, 3e+07]
  Bounds range     [1e+00, 1e+08]
  RHS range        [1e+00, 3e+06]
Presolve removed 149662 rows and 100030 columns
Presolve time: 0.41s
Presolved: 1083 rows, 1241 columns, 24299 nonzeros
Presolved model has 2 SOS constraint(s)
Presolved model has 224 bilinear constraint(s)

Solving non-convex MIQCP

Variable types: 690 continuous, 551 integer (226 binary)
Found heuristic solution: objective 1507884.8994

Root relaxation: objective 1.309398e+06, 480 iterations, 0.07 seconds (0.05 work units)

    Nodes    |    Current Node    |     Objective Bounds      |     Work
 Expl Unexpl |  Obj  Depth IntInf | Incumbent    BestBd   Gap | It/Node Time

     0     0 1309398.01    0  296 1507884.90 1309398.01  13.2%     -    0s
     0     0 1364789.70    0  272 1507884.90 1364789.70  9.49%     -    0s
     0     0 1364789.70    0  296 1507884.90 1364789.70  9.49%     -    0s
     0     0 1364789.70    0  296 1507884.90 1364789.70  9.49%     -    1s
     0     0 1364789.70    0  295 1507884.90 1364789.70  9.49%     -    1s
     0     0 1364789.70    0  294 1507884.90 1364789.70  9.49%     -    2s
     0     2 1364789.70    0  292 1507884.90 1364789.70  9.49%     -    2s
    51    61 1366491.49   23  288 1507884.90 1364807.19  9.49%  13.4    5s
   184   198 1371908.86   71  286 1507884.90 1364807.19  9.49%  21.0   10s
   267   285 1371908.86  108  279 1507884.90 1364807.19  9.49%  18.1   15s
   377   402 1371908.86  151  276 1507884.90 1364807.19  9.49%  16.4   20s
H  445   448                    1507840.4622 1364807.19  9.49%  16.7   22s
   474   499 1375098.86  187  287 1507840.46 1364807.19  9.49%  16.4   25s
   579   610 1379458.49  233  287 1507840.46 1364807.19  9.49%  15.6   30s
   710   747 1382310.07  281  284 1507840.46 1364807.19  9.49%  14.0   36s
   822   864 1384629.63  330  279 1507840.46 1364807.19  9.49%  13.1   41s
   950   999 1387716.83  389  273 1507840.46 1364807.19  9.49%  11.9   46s
  1046  1100 1389879.46  431  272 1507840.46 1364807.19  9.49%  11.3   50s
  1153  1209 1392715.16  476  269 1507840.46 1364807.19  9.49%  10.8   55s
  1324  1387 1399430.51  545  276 1507840.46 1364807.19  9.49%  10.1   62s
  1386  1452 1399969.58  572  269 1507840.46 1364807.19  9.49%   9.8   65s
  1513  1581 1404839.60  628  270 1507840.46 1364807.19  9.49%   9.3   71s
  1647  1718 1409389.43  689  267 1507840.46 1364807.19  9.49%   8.8   78s
  1717  1791 1411061.44  722  263 1507840.46 1364807.19  9.49%   8.7   81s
  1790  1866 1414192.84  756  267 1507840.46 1364807.19  9.49%   8.5   85s
  1944  2022 1420935.60  826  262 1507840.46 1364807.19  9.49%   8.2   92s
  2021  2102 1423019.96  860  267 1507840.46 1364807.19  9.49%   8.3   96s
  2101  2189 1425517.14  897  260 1507840.46 1364807.19  9.49%   8.1  101s
  2188  2280 1429267.76  939  259 1507840.46 1364807.19  9.49%   8.1  105s
  2279  2375 1433354.92  983  255 1507840.46 1364807.19  9.49%   7.8  110s
  2478  2650 1445629.18 1077  250 1507840.46 1364807.19  9.49%   7.8  119s
H 2591  2650                    1504433.6105 1364807.19  9.28%   7.8  119s
H 2649  3180                    1504222.0965 1364807.19  9.27%   7.9  120s
H 2720  3135                    1483416.1477 1364807.19  8.00%   8.5  120s
H 2817  3112                    1479603.0436 1364807.19  7.76%   8.4  120s
H 3426  3142                    1479534.5402 1364809.82  7.75%   7.5  122s
H 3832  3598                    1479491.3457 1364809.82  7.75%   7.3  123s
  4041  3599 1478768.65 1289   36 1479491.35 1364809.82  7.75%   7.4  126s
  4051  3607 1407930.75  275   72 1479491.35 1365701.73  7.69%   7.5  131s
  4054  3609 1389112.97  400   71 1479491.35 1365704.31  7.69%   7.5  135s
  4062  3616 1478246.99 1257   72 1479491.35 1410682.83  4.65%   7.5  140s
  4072  3626 1432521.38   60   36 1479491.35 1432521.38  3.17%   7.8  145s
H 4081  3452                    1479490.3829 1443686.53  2.42%   7.8  149s
  4085  3454 1478728.39 1286   72 1479490.38 1443686.53  2.42%   7.8  150s
H 4114  3304                    1479490.3787 1443686.53  2.42%   8.0  152s
H 4180  3196                    1479486.7890 1443686.53  2.42%   8.0  154s
  4194  3239 1443686.53   98  291 1479486.79 1443686.53  2.42%   8.1  155s
  4422  3496 1444807.94  164  276 1479486.79 1443686.53  2.42%   9.0  161s
H 4720  3541                    1479262.8898 1443686.53  2.41%  10.8  166s
H 5037  3597                    1479230.9554 1443686.53  2.40%  12.6  171s
  5338  3793 1446129.79  389  238 1479230.96 1443686.53  2.40%  14.4  177s
  5630  3989 1446733.24  460  262 1479230.96 1443686.53  2.40%  15.5  181s
H 5698  3826                    1477246.6118 1443686.53  2.27%  15.7  181s
H 5848  3781                    1477203.7108 1443686.53  2.27%  16.1  184s
  5914  3920 1446880.31  530  251 1477203.71 1443686.53  2.27%  16.2  187s
H 6075  3887                    1477194.4539 1443686.53  2.27%  16.4  191s
H 6148  3742                    1477024.1654 1443686.53  2.26%  16.4  191s
  6223  3900 1447969.61  612  253 1477024.17 1443686.53  2.26%  16.4  196s
H 6316  3754                    1476981.4054 1443686.53  2.25%  16.5  196s
  6406  3904 1448603.81  659  263 1476981.41 1443686.53  2.25%  16.5  200s
H 6586  3917                    1476981.4010 1443686.53  2.25%  16.5  203s
H 6768  3922                    1476930.2585 1443686.53  2.25%  16.9  207s
H 6937  3941                    1476882.7162 1443686.53  2.25%  17.4  212s
H 7111  3964                    1476882.7134 1443686.53  2.25%  18.1  217s
H 7190  3848                    1476882.6901 1443686.53  2.25%  18.4  217s
H 7285  3921                    1476882.6346 1443686.53  2.25%  18.6  222s
  7473  4074 1455209.58  939  266 1476882.63 1443686.53  2.25%  19.3  226s
H 7689  4158                    1476874.1027 1443686.53  2.25%  20.2  230s
H 7783  4050                    1475289.7903 1443686.53  2.14%  20.5  231s
H 8249  4963                    1473858.0255 1443686.53  2.05%  21.6  234s
H 8649  4963                    1470747.7718 1443686.53  1.84%  22.1  234s
H 8746  4963                    1468485.5966 1443686.53  1.69%  22.2  234s
H 9049  4973                    1465628.5589 1443686.53  1.50%  21.6  237s
H 9219  4825                    1463942.2311 1443686.53  1.38%  22.0  237s
 10639  5523 1448099.72  200  258 1463942.23 1443692.73  1.38%  21.2  240s
H11694  6083                    1463652.0409 1443692.73  1.36%  22.6  242s
H11983  6400                    1463651.3005 1443692.73  1.36%  23.4  244s
 12154  6649 1457683.54  606  258 1463651.30 1443692.73  1.36%  23.9  245s
H12831  7449                    1463651.2930 1443694.68  1.36%  24.6  247s
H13030  7449                    1463651.2928 1443694.68  1.36%  24.8  247s
H13724  8053                    1463583.1082 1443694.68  1.36%  25.7  249s
 13862  8231 1457860.65  451  257 1463583.11 1443694.68  1.36%  26.0  250s
H14076  8494                    1463574.0948 1443694.68  1.36%  26.8  251s
 14746  9113 1449508.26  234  264 1463574.09 1443699.10  1.36%  27.3  255s
H14917  9075                    1463475.7541 1443699.10  1.35%  27.5  255s
H15755 10076                    1463475.7332 1443699.10  1.35%  28.0  258s
 16263 10701 1447886.21  114  276 1463475.73 1443699.61  1.35%  29.0  260s
H17065 11343                    1463447.2102 1443699.61  1.35%  28.8  262s
H17410 11517                    1463428.0350 1443700.82  1.35%  29.4  263s
H17859 12072                    1463426.4014 1443700.82  1.35%  29.7  265s
H18717 12941                    1463426.3887 1443702.09  1.35%  30.2  268s
 19318 13497 1456918.95  280  263 1463426.39 1443702.09  1.35%  30.6  270s
 20234 14347 1454203.29  241  265 1463426.39 1443705.63  1.35%  31.0  275s
 21789 15852 1449934.89  254  250 1463426.39 1443707.09  1.35%  31.6  280s
H22563 16456                    1463303.7070 1443707.09  1.34%  31.7  282s
 23548 17603 1450726.66  329  253 1463303.71 1443707.57  1.34%  31.9  285s
H24071 17652                    1463233.2143 1443707.57  1.33%  31.4  286s
H24271 17850                    1463173.6917 1443707.57  1.33%  31.7  287s
H24742 18216                    1463173.3214 1443713.25  1.33%  31.6  288s
 24985 18689 1448746.62  195  266 1463173.32 1443713.25  1.33%  31.4  292s
H25474 18917                    1463173.3210 1443713.25  1.33%  31.0  293s
 25772 19214 1449180.90  120  278 1463173.32 1443716.37  1.33%  30.9  295s
H26099 19600                    1463173.3197 1443716.37  1.33%  30.8  296s
 27028 20485     cutoff  302      1463173.32 1443718.01  1.33%  31.2  300s
H27334 20485                    1463173.2607 1443718.79  1.33%  31.0  300s
 28246 21482     cutoff  150      1463173.26 1443720.98  1.33%  31.3  306s
H28887 21769                    1463173.1257 1443720.98  1.33%  31.2  308s
 29167 22100 1457404.33  120  273 1463173.13 1443724.18  1.33%  31.4  310s
 30417 23080 1453152.57  248  256 1463173.13 1443728.17  1.33%  31.2  315s
 31612 24084 1451921.30  116  278 1463173.13 1443741.72  1.33%  30.8  320s
H31838 24107                    1463005.0868 1443744.09  1.32%  30.9  322s
 32509 24924 1449864.58  127  270 1463005.09 1443745.92  1.32%  30.7  325s
H33034 25100                    1463005.0858 1443749.67  1.32%  30.7  326s
H33944 26181                    1462919.2219 1443749.97  1.31%  30.7  331s
H34371 26447                    1462914.5359 1443750.59  1.31%  30.9  332s
 34880 26904     cutoff  137      1462914.54 1443751.91  1.31%  30.9  335s
H34981 26903                    1462914.4834 1443751.91  1.31%  30.9  335s
H35110 27179                    1462717.3561 1443754.13  1.30%  31.0  337s
H35519 27147                    1462651.3693 1443757.59  1.29%  31.0  339s
 35527 27447 1451055.26  382  274 1462651.37 1443757.59  1.29%  31.0  340s
H35773 27447                    1462651.3692 1443757.59  1.29%  30.9  340s
H35956 27534                    1462578.2585 1443757.59  1.29%  31.0  342s
H36074 27872                    1462578.1492 1443757.59  1.29%  31.0  344s
 36432 28383     cutoff  207      1462578.15 1443761.38  1.29%  30.9  345s
H37475 28969                    1462556.0440 1443762.25  1.28%  30.9  349s
 37672 29121 1462003.85  108  270 1462556.04 1443764.86  1.28%  31.1  350s
H38036 29402                    1462553.6161 1443768.34  1.28%  31.1  351s
 38803 30287 1453081.70  360  255 1462553.62 1443768.34  1.28%  31.3  355s
H39165 30540                    1462542.6995 1443768.34  1.28%  31.5  356s
H39528 31219                    1462542.6683 1443768.37  1.28%  31.7  359s
 40043 31465 1455258.53  568  271 1462542.67 1443768.37  1.28%  31.4  361s
H40180 31465                    1462542.6588 1443768.37  1.28%  31.4  361s
 40514 31776     cutoff  170      1462542.66 1443771.87  1.28%  31.5  366s
H40819 32049                    1462539.3487 1443772.89  1.28%  31.5  367s
 41200 32481 1456567.41  115  273 1462539.35 1443774.16  1.28%  31.6  370s
H41801 33090                    1462533.1914 1443774.22  1.28%  31.3  372s
H42391 33369                    1462478.0901 1443776.83  1.28%  31.2  374s
 42547 33600 1451605.06  112  279 1462478.09 1443783.39  1.28%  31.3  375s
H42942 33828                    1462187.5031 1443784.55  1.26%  31.2  377s
H43108 34171                    1462140.3850 1443784.55  1.26%  31.2  378s
H43471 34353                    1462079.6349 1443784.55  1.25%  31.2  379s
H43708 34528                    1461988.4605 1443784.55  1.25%  31.3  381s
H44424 35244                    1461988.3843 1443785.54  1.25%  31.2  384s
 44775 35423 1445137.99  142  279 1461988.38 1443785.54  1.25%  31.2  386s
 45525 36108 1449123.14  375  259 1461988.38 1443785.54  1.25%  31.3  390s
H45783 36110                    1461988.3836 1443785.54  1.25%  31.3  393s
H45810 36411                    1461988.3831 1443785.54  1.25%  31.3  394s
H45910 36411                    1461988.3791 1443785.54  1.25%  31.4  394s
 46086 36656 1455867.21  507  266 1461988.38 1443785.54  1.25%  31.3  396s
H46347 36765                    1461988.3789 1443785.54  1.25%  31.4  397s
 46782 37107 1446520.95  113  283 1461988.38 1443793.22  1.24%  31.4  400s
H47337 37695                    1461988.3786 1443793.86  1.24%  31.2  402s
H47828 37993                    1461988.3781 1443793.86  1.24%  31.0  403s
 47968 38101 1461346.54  553  262 1461988.38 1443796.00  1.24%  31.0  405s
H48166 38311                    1461988.3778 1443797.30  1.24%  31.1  406s
 49236 39318 1461740.04  495  277 1461988.38 1443799.83  1.24%  30.9  410s
 50002 40072 1459126.18  153  264 1461988.38 1443803.60  1.24%  31.1  416s
 50876 40549 1446744.34  131  278 1461988.38 1443807.36  1.24%  30.8  421s
 51429 41326 1449808.11  247  263 1461988.38 1443807.36  1.24%  30.9  425s
 52730 42417     cutoff  417      1461988.38 1443807.36  1.24%  30.8  431s
H53007 42446                    1461934.9691 1443813.90  1.24%  30.9  432s
H53276 42898                    1461934.9682 1443817.09  1.24%  30.9  435s
H53426 42897                    1461930.4206 1443817.09  1.24%  30.9  435s
H53559 43191                    1461930.3728 1443817.09  1.24%  30.9  436s
H53853 43497                    1461930.3703 1443817.09  1.24%  31.0  437s
H54250 43769                    1461930.3528 1443817.09  1.24%  31.0  439s
 54431 44002 1452748.91  404  266 1461930.35 1443817.09  1.24%  31.0  440s
H54540 44002                    1461930.3522 1443817.09  1.24%  31.0  440s
H54664 44178                    1461930.3518 1443817.09  1.24%  31.1  441s
H55092 44515                    1461930.3517 1443818.01  1.24%  31.3  444s
 55275 44736     cutoff  177      1461930.35 1443818.64  1.24%  31.3  445s
H55532 44962                    1461930.3344 1443818.64  1.24%  31.3  447s
 55945 45095 infeasible  159      1461930.33 1443820.11  1.24%  31.4  451s
H55946 45095                    1461930.3342 1443820.11  1.24%  31.4  451s
 56277 45965 1448427.43  151  266 1461930.33 1443823.48  1.24%  31.5  455s
 57761 47049 1448102.61  133  282 1461930.33 1443827.49  1.24%  31.1  460s
H57917 47049                    1461930.3057 1443827.49  1.24%  31.1  460s
 58977 48106 1453888.11  433  253 1461930.31 1443827.49  1.24%  31.2  465s
 59832 48821 1454930.27   97  283 1461930.31 1443833.31  1.24%  31.4  471s
 60633 49671 1444286.50  107  286 1461930.31 1443839.52  1.24%  31.5  476s
 61043 50005 1452634.49  346  249 1461930.31 1443839.52  1.24%  31.4  481s
H61721 50365                    1461916.9681 1443842.62  1.24%  31.4  483s
H61721 50348                    1461889.7133 1443842.62  1.23%  31.4  483s
 61777 50494 1451970.73  211  255 1461889.71 1443842.62  1.23%  31.4  485s
 62567 51313 1447119.57  126  285 1461889.71 1443847.85  1.23%  31.6  490s
H63219 51635                    1461865.2214 1443857.18  1.23%  31.5  492s
H63339 51812                    1461865.2204 1443860.40  1.23%  31.5  493s
 63574 52238 1444959.64  107  281 1461865.22 1443868.65  1.23%  31.5  495s
 64676 52856 1460204.61  146  273 1461865.22 1443883.41  1.23%  31.4  500s
 65875 54000 1454465.60  378  268 1461865.22 1443883.96  1.23%  31.5  505s
 67302 55233 1459730.13  109  271 1461865.22 1443901.80  1.23%  31.4  511s
 68394 56246 1453316.08  477  265 1461865.22 1443903.21  1.23%  31.2  515s
 69564 57327 1455129.59  371  274 1461865.22 1443915.61  1.23%  31.1  520s
 70620 58306 1446928.12  172  264 1461865.22 1443922.53  1.23%  31.2  526s
 71933 59393 1454027.05  179  263 1461865.22 1443930.36  1.23%  31.1  530s
H72692 59949                    1461865.2202 1443937.59  1.23%  31.2  534s
 72903 60113     cutoff  158      1461865.22 1443941.47  1.23%  31.2  535s
 74273 61334     cutoff  615      1461865.22 1443947.73  1.23%  31.1  541s
 75339 62290 1458671.84  138  269 1461865.22 1443973.06  1.22%  31.0  545s
 76939 63983 1444671.98   88  284 1461865.22 1443986.12  1.22%  30.8  550s
 78786 65324     cutoff  171      1461865.22 1443994.78  1.22%  30.4  555s
 80318 66578 1456620.93  544  257 1461865.22 1443998.79  1.22%  30.2  560s
H81183 67299                    1461865.2200 1444002.04  1.22%  30.2  563s
H81307 67545                    1461855.2279 1444002.04  1.22%  30.2  564s
 81575 67861 1450605.68  237  267 1461855.23 1444004.72  1.22%  30.2  566s
 82544 68510 1446782.60  155  273 1461855.23 1444011.02  1.22%  30.2  570s
H82805 68739                    1461855.2253 1444011.02  1.22%  30.2  572s
 83612 69620 1452615.57  408  262 1461855.23 1444011.02  1.22%  30.3  576s
H83721 69620                    1461855.2079 1444011.02  1.22%  30.4  576s
H83863 69594                    1461820.4839 1444011.02  1.22%  30.4  576s
H84263 70079                    1461820.4608 1444011.02  1.22%  30.5  578s
 84503 70550 1445328.41  128  282 1461820.46 1444013.46  1.22%  30.6  581s
H84882 70851                    1461820.4605 1444013.46  1.22%  30.6  582s
 85608 71553 1458557.69  152  260 1461820.46 1444017.58  1.22%  30.6  586s
 86829 72435 1453148.66  161  268 1461820.46 1444020.23  1.22%  30.4  590s
 88128 73554     cutoff  481      1461820.46 1444023.73  1.22%  30.2  595s
 89152 74626 1451203.04  317  272 1461820.46 1444023.76  1.22%  30.3  600s
 90252 75568 1444070.63  104  288 1461820.46 1444026.06  1.22%  30.5  606s
 90787 75815 1460992.54  192  264 1461820.46 1444026.06  1.22%  30.5  610s
 91385 76534     cutoff  171      1461820.46 1444027.46  1.22%  30.6  615s
 92573 77766 1450280.78  222  250 1461820.46 1444029.22  1.22%  30.6  620s
 93666 78587 1461097.48  419  262 1461820.46 1444031.13  1.22%  30.7  625s
 94956 79726 1457255.22  187  257 1461820.46 1444032.65  1.22%  30.5  630s
 95859 80485 1459476.88  656  261 1461820.46 1444033.21  1.22%  30.5  636s
 96442 81191 1445795.35  117  281 1461820.46 1444035.28  1.22%  30.6  640s
 97690 81923 1454381.79  102  282 1461820.46 1444037.18  1.22%  30.4  647s
 97781 81986     cutoff  119      1461820.46 1444037.51  1.22%  30.5  650s
 98440 82897 1451408.56  239  258 1461820.46 1444037.51  1.22%  30.5  655s
 99576 83993 1444502.01  125  284 1461820.46 1444038.25  1.22%  30.6  660s
 100710 84699 1445064.06  107  286 1461820.46 1444040.68  1.22%  30.5  665s
 101644 85817 1444444.61  102  286 1461820.46 1444041.59  1.22%  30.6  670s
 102762 86437 1444508.89  100  289 1461820.46 1444042.53  1.22%  30.6  677s
H102796 85856                    1461351.3780 1444042.53  1.18%  30.6  677s
H102831 85736                    1461259.4002 1444042.53  1.18%  30.6  677s
 103115 86343 1449280.70  177  270 1461259.40 1444042.53  1.18%  30.6  680s
H104233 87229                    1461259.3950 1444042.53  1.18%  30.6  684s
 104351 87414 1453288.44  482  258 1461259.40 1444042.53  1.18%  30.7  685s
 105476 88586 1460232.60  141  263 1461259.40 1444044.71  1.18%  30.7  690s
 107381 90276 1452991.43  322  262 1461259.40 1444045.57  1.18%  30.6  695s
 108717 91341 1453399.54  366  272 1461259.40 1444046.35  1.18%  30.5  700s
 109774 92448 1453228.75  309  265 1461259.40 1444046.84  1.18%  30.6  705s
 110683 92926 1455004.97  157  259 1461259.40 1444047.46  1.18%  30.7  712s
 111005 93275 1456838.84  127  265 1461259.40 1444049.33  1.18%  30.7  716s
 111861 94126 1453166.18  161  263 1461259.40 1444050.57  1.18%  30.6  720s
 113286 95152 1460697.74  106  282 1461259.40 1444052.29  1.18%  30.6  725s
 114506 96269 1448296.62   97  288 1461259.40 1444052.99  1.18%  30.7  731s
 115646 97310     cutoff  454      1461259.40 1444054.45  1.18%  30.6  735s
H115949 97349                    1461240.8940 1444054.51  1.18%  30.6  739s
 115951 97498 1458448.68  125  275 1461240.89 1444054.91  1.18%  30.6  740s
H116000 97434                    1461204.8424 1444055.01  1.17%  30.6  740s
 116939 98669 1454440.22  281  266 1461204.84 1444055.01  1.17%  30.7  746s
H117575 99025                    1461204.8337 1444055.01  1.17%  30.6  747s
 118037 99376 1458949.15  137  267 1461204.83 1444058.39  1.17%  30.6  750s
 119544 100862 1447400.14  188  267 1461204.83 1444061.55  1.17%  30.5  756s
 120493 101662 1454604.26  364  264 1461204.83 1444061.55  1.17%  30.5  760s
 121683 102777 1454854.47  369  274 1461204.83 1444063.31  1.17%  30.5  765s
 122801 103822 1452018.92  317  264 1461204.83 1444063.69  1.17%  30.5  771s
 123385 104111 1451839.98  507  255 1461204.83 1444063.69  1.17%  30.5  776s
 123930 104794 1458936.40  634  265 1461204.83 1444064.25  1.17%  30.6  780s
 124908 105607     cutoff  147      1461204.83 1444065.76  1.17%  30.6  785s
 126091 106628 1451398.47  171  261 1461204.83 1444068.88  1.17%  30.6  791s
 126870 107241     cutoff  368      1461204.83 1444069.40  1.17%  30.8  795s
 127771 108149 1460003.76  129  273 1461204.83 1444071.32  1.17%  30.8  800s
 128940 108941 1445798.27  138  281 1461204.83 1444073.19  1.17%  30.7  805s
 130195 110055     cutoff  524      1461204.83 1444073.94  1.17%  30.6  810s
 130956 110881 1457899.85  354  273 1461204.83 1444074.48  1.17%  30.6  816s
 131873 111483 1452971.84  147  265 1461204.83 1444075.96  1.17%  30.6  820s
 132508 112165 1452033.78  414  266 1461204.83 1444076.47  1.17%  30.5  826s
H132898 112245                    1461200.2281 1444077.48  1.17%  30.6  827s
H132982 112323                    1461200.1434 1444077.48  1.17%  30.6  828s
 133424 113219 1446734.91  171  276 1461200.14 1444078.56  1.17%  30.6  831s
 134605 113751 1453890.20  109  280 1461200.14 1444079.54  1.17%  30.5  835s
 135890 114972 1456093.45  350  260 1461200.14 1444079.92  1.17%  30.4  841s
 137212 116206 1448347.37  236  255 1461200.14 1444081.15  1.17%  30.4  846s
 138120 117185 1451519.37  501  261 1461200.14 1444081.15  1.17%  30.4  850s
H139271 117889                    1461191.2115 1444081.15  1.17%  30.5  854s
 139272 118301 1461011.79  713  260 1461191.21 1444084.58  1.17%  30.5  856s
H139821 118462                    1461191.2104 1444084.58  1.17%  30.4  857s
 140284 118869     cutoff  145      1461191.21 1444086.81  1.17%  30.5  860s
 141412 119831 1456497.01  507  266 1461191.21 1444088.75  1.17%  30.4  868s
H141499 119823                    1461184.9737 1444088.75  1.17%  30.4  868s
 141588 120008 1446558.80  105  282 1461184.97 1444089.56  1.17%  30.4  870s
 142713 121102 1455583.34  309  269 1461184.97 1444090.01  1.17%  30.3  875s
H142842 121102                    1461184.9721 1444090.01  1.17%  30.4  875s
 143614 121801 1453499.00  150  268 1461184.97 1444092.64  1.17%  30.4  880s
H143944 122046                    1461182.7473 1444092.71  1.17%  30.4  882s
H144054 121990                    1461155.3424 1444092.71  1.17%  30.4  882s
 144417 122588 1455339.79  315  265 1461155.34 1444092.71  1.17%  30.4  885s
 145606 123627 1459337.48  451  276 1461155.34 1444093.46  1.17%  30.5  891s
 146367 124443 1448314.64  170  268 1461155.34 1444095.28  1.17%  30.6  896s
 147602 125411     cutoff  411      1461155.34 1444095.43  1.17%  30.7  901s
 148313 126036     cutoff  154      1461155.34 1444098.25  1.17%  30.7  905s
 148943 126652 1451686.92  323  266 1461155.34 1444098.25  1.17%  30.7  910s
 149705 127347 1444892.90   81  289 1461155.34 1444098.48  1.17%  30.8  915s
 150755 128081 1446435.07   87  284 1461155.34 1444101.42  1.17%  30.8  920s
 151621 129017 1450880.66  262  268 1461155.34 1444102.12  1.17%  30.8  925s
 152617 129861 1456827.31  401  271 1461155.34 1444108.46  1.17%  30.8  931s
 153426 130809 1452383.89  267  265 1461155.34 1444108.74  1.17%  30.9  935s
 154170 131301     cutoff  147      1461155.34 1444109.42  1.17%  31.0  940s
 155014 132071 1445595.20  106  282 1461155.34 1444112.16  1.17%  31.0  946s
 155954 132760 1447438.55  127  277 1461155.34 1444113.21  1.17%  31.0  950s
 156864 133533 1451046.81  285  268 1461155.34 1444113.21  1.17%  31.0  955s
 157882 134554 1449277.26  155  269 1461155.34 1444116.49  1.17%  31.0  961s
 158654 135042 1449394.14  121  276 1461155.34 1444121.35  1.17%  31.1  965s
 159099 135221 1457647.50  129  264 1461155.34 1444122.93  1.17%  31.1  970s
 160147 136393     cutoff  534      1461155.34 1444123.93  1.17%  31.0  975s
 161632 137516     cutoff  152      1461155.34 1444131.86  1.17%  31.0  981s
 162837 138645 1452715.07  286  265 1461155.34 1444131.86  1.17%  30.9  985s
 163700 139377 1446358.82  128  280 1461155.34 1444137.18  1.16%  30.9  991s
 165303 140702 1446327.17  138  281 1461155.34 1444139.44  1.16%  30.9  996s
 166378 141833 1452949.26  254  272 1461155.34 1444142.02  1.16%  30.9 1000s
 167421 142549 1458511.24  130  280 1461155.34 1444146.09  1.16%  31.0 1005s
 168351 143308 1460425.53  129  274 1461155.34 1444146.52  1.16%  31.0 1011s
 169313 144079 1455320.22  256  264 1461155.34 1444146.81  1.16%  31.0 1015s
 169518 144288 1447033.45  109  281 1461155.34 1444148.15  1.16%  31.0 1020s
 170651 145505 1453173.08  250  265 1461155.34 1444149.63  1.16%  31.0 1026s
 171518 146007 1457306.48  128  266 1461155.34 1444150.31  1.16%  31.1 1030s
 172924 147288 1454680.66  156  274 1461155.34 1444151.17  1.16%  31.0 1036s
 173655 148285 1446456.32  189  274 1461155.34 1444151.20  1.16%  31.0 1040s
 174645 148644 1445198.32  117  284 1461155.34 1444152.01  1.16%  31.0 1046s
 175291 149377 1444409.17  108  289 1461155.34 1444153.51  1.16%  31.0 1050s
 176638 150513 1447152.25  104  281 1461155.34 1444155.64  1.16%  30.9 1056s
 177570 151502 1453441.16  299  261 1461155.34 1444155.78  1.16%  30.9 1060s
 178788 152435 1453296.62  137  265 1461155.34 1444157.83  1.16%  30.9 1065s
 179554 153151 1458596.71  124  283 1461155.34 1444159.58  1.16%  31.0 1071s
 180346 153947 1451470.86  351  251 1461155.34 1444159.60  1.16%  30.9 1076s
 181252 154814 1448200.08  161  270 1461155.34 1444160.98  1.16%  30.9 1080s
 182469 155747 1460144.38  405  254 1461155.34 1444161.81  1.16%  30.9 1085s
 183806 156997 1445868.06  113  283 1461155.34 1444163.28  1.16%  30.9 1090s
 185005 158087     cutoff  358      1461155.34 1444163.38  1.16%  30.9 1096s
 185846 158742 1459394.31  484  266 1461155.34 1444164.10  1.16%  30.9 1100s
 186799 159750 1450526.33  194  258 1461155.34 1444165.82  1.16%  30.9 1106s
 187650 160307 1446680.46  137  283 1461155.34 1444166.18  1.16%  31.0 1110s
 188991 161611 1446960.78  140  277 1461155.34 1444168.18  1.16%  30.9 1115s
 190035 162375     cutoff  397      1461155.34 1444168.33  1.16%  31.0 1123s
 190400 162751     cutoff  196      1461155.34 1444168.68  1.16%  31.0 1126s
 191343 163655 1458705.07  615  260 1461155.34 1444169.49  1.16%  31.0 1130s
 192142 164738 1446305.13  161  275 1461155.34 1444170.33  1.16%  30.9 1135s
 193403 165498 1459153.92  193  263 1461155.34 1444171.62  1.16%  30.9 1140s
 194585 166612 1452920.90  224  264 1461155.34 1444172.06  1.16%  30.9 1145s
 195221 166882 1456853.50  393  257 1461155.34 1444172.06  1.16%  30.9 1151s
 195866 167548 1444548.71  105  289 1461155.34 1444172.41  1.16%  30.9 1155s
 197074 168645 1456850.66  608  248 1461155.34 1444173.11  1.16%  30.8 1160s
 198180 169663 1450689.87  180  263 1461155.34 1444173.58  1.16%  30.8 1165s
 199004 170605 1444721.87  110  288 1461155.34 1444173.60  1.16%  30.8 1170s
 200318 171273 1445510.40  116  287 1461155.34 1444174.74  1.16%  30.8 1177s
 200519 171581 1450318.50  113  286 1461155.34 1444175.42  1.16%  30.8 1180s
 201667 172673 1455018.33  308  263 1461155.34 1444175.76  1.16%  30.8 1186s
 202515 173960 1448583.95  349  250 1461155.34 1444177.00  1.16%  30.8 1190s
 204076 174873 1448341.08  143  273 1461155.34 1444178.94  1.16%  30.8 1195s
 205242 175809 1456536.70  370  265 1461155.34 1444179.05  1.16%  30.8 1200s
 205660 176649 1446526.44  137  279 1461155.34 1444179.89  1.16%  30.8 1206s
 206705 177129 1444550.60  104  289 1461155.34 1444181.48  1.16%  30.8 1210s
 207953 178285 1446369.44   98  286 1461155.34 1444182.12  1.16%  30.7 1215s
 209103 179413 1454920.13  311  250 1461155.34 1444183.43  1.16%  30.7 1220s
 210238 180456 1451809.49  396  268 1461155.34 1444183.89  1.16%  30.7 1226s
 210616 180458 1455307.31  600  261 1461155.34 1444183.89  1.16%  30.7 1230s
 211375 181268 1444855.20  124  285 1461155.34 1444186.75  1.16%  30.7 1235s
 212642 182392 1456302.26  193  261 1461155.34 1444187.96  1.16%  30.6 1241s
 213883 183432 1458901.59  625  258 1461155.34 1444190.95  1.16%  30.5 1245s
 214933 184480 1445574.52  106  286 1461155.34 1444192.03  1.16%  30.5 1250s
 215622 184956     cutoff  157      1461155.34 1444193.23  1.16%  30.6 1256s
 216301 185755 1453598.44  228  272 1461155.34 1444193.27  1.16%  30.6 1261s
 216998 186263 1450709.75  146  275 1461155.34 1444193.63  1.16%  30.6 1265s
 218071 187311 1451823.01  217  263 1461155.34 1444197.00  1.16%  30.6 1270s
 219056 188030 1444694.70  105  288 1461155.34 1444199.64  1.16%  30.7 1275s
 219817 188852     cutoff  190      1461155.34 1444201.91  1.16%  30.7 1280s
 220846 189540 1450887.89  118  283 1461155.34 1444203.05  1.16%  30.6 1285s
 221795 190599 1452897.02  470  262 1461155.34 1444203.85  1.16%  30.5 1290s
 222878 191478 1449355.03  121  274 1461155.34 1444206.14  1.16%  30.6 1296s
 224121 192513     cutoff  655      1461155.34 1444206.95  1.16%  30.5 1300s
 224814 193196 1449027.21  319  261 1461155.34 1444208.11  1.16%  30.5 1305s
 225629 193823 1453322.62  161  268 1461155.34 1444211.05  1.16%  30.5 1310s
 226254 194220     cutoff  149      1461155.34 1444211.28  1.16%  30.5 1315s
 227637 195540 1453162.76  188  266 1461155.34 1444212.15  1.16%  30.4 1320s
 228667 196422 1445361.53   93  286 1461155.34 1444215.28  1.16%  30.4 1325s
 229737 197362 1452197.17  287  253 1461155.34 1444215.49  1.16%  30.4 1330s
 230869 198127 1453385.52  130  280 1461155.34 1444217.70  1.16%  30.4 1335s
 231086 198484 1445959.47  138  282 1461155.34 1444217.70  1.16%  30.4 1340s
 232139 199510 1453877.06  339  263 1461155.34 1444217.70  1.16%  30.4 1345s
 233135 200413 1450606.08  200  273 1461155.34 1444220.77  1.16%  30.4 1350s
 234306 201279 infeasible  173      1461155.34 1444221.95  1.16%  30.5 1355s
 235467 202415 1451317.35  351  262 1461155.34 1444222.11  1.16%  30.5 1361s
 235982 202942 1456687.69  464  264 1461155.34 1444222.11  1.16%  30.5 1365s
 236975 203857 1445898.92  122  289 1461155.34 1444224.09  1.16%  30.6 1370s
 238074 205042 1446546.06  202  279 1461155.34 1444225.67  1.16%  30.6 1376s
 239180 205755 1447295.08  140  276 1461155.34 1444226.40  1.16%  30.5 1380s
 240271 206597     cutoff  177      1461155.34 1444226.75  1.16%  30.6 1386s
 241129 207489 1451585.41  225  265 1461155.34 1444227.33  1.16%  30.6 1390s
 241643 208118 1453135.48  347  266 1461155.34 1444227.33  1.16%  30.6 1396s
 242629 208728 1453804.78  146  270 1461155.34 1444228.98  1.16%  30.6 1400s
 243514 209476 1458604.89  158  261 1461155.34 1444230.94  1.16%  30.6 1405s
 244650 210313 1444767.30  134  286 1461155.34 1444232.82  1.16%  30.6 1410s
 245809 211524 1453802.47  285  265 1461155.34 1444233.55  1.16%  30.6 1416s
 246366 211910 1445430.38  118  289 1461155.34 1444234.49  1.16%  30.6 1421s
H246856 211819                    1461003.7143 1444235.72  1.15%  30.6 1424s
 247067 212046     cutoff  138      1461003.71 1444235.93  1.15%  30.6 1426s
 248198 213048 1455783.18  148  265 1461003.71 1444237.53  1.15%  30.5 1431s
 249033 213720 1447833.95  131  275 1461003.71 1444238.38  1.15%  30.5 1436s
H249266 214019                    1460998.1692 1444238.38  1.15%  30.6 1437s
 249991 214777 1452746.00  401  264 1460998.17 1444238.38  1.15%  30.6 1441s
H250479 214998                    1460998.0530 1444238.38  1.15%  30.6 1442s
 251017 215613 1459243.38  146  266 1460998.05 1444239.24  1.15%  30.6 1445s
 251567 216132 1447567.93  183  273 1460998.05 1444239.45  1.15%  30.6 1452s
 252177 216674 1455804.86  286  260 1460998.05 1444239.45  1.15%  30.6 1455s
 253678 217939 1450112.00  104  279 1460998.05 1444239.99  1.15%  30.6 1460s
 255024 219219 1452669.58  361  269 1460998.05 1444240.32  1.15%  30.6 1465s
 256236 220466 1444585.70  134  284 1460998.05 1444240.97  1.15%  30.6 1470s
 257233 221185 1446238.36  120  289 1460998.05 1444241.66  1.15%  30.6 1475s
 258569 222259 1460763.35  623  265 1460998.05 1444241.92  1.15%  30.6 1480s
H258722 222440                    1460981.8216 1444242.00  1.15%  30.6 1481s
 259588 223287 1445665.06  148  281 1460981.82 1444242.62  1.15%  30.6 1485s
 260653 224422 1444660.48  117  289 1460981.82 1444244.18  1.15%  30.6 1490s
 262085 225172 1451157.72  167  261 1460981.82 1444245.84  1.15%  30.5 1498s
 262413 225915 1453447.28  224  266 1460981.82 1444245.84  1.15%  30.5 1501s
 263293 226313 1447939.49  123  275 1460981.82 1444246.10  1.15%  30.5 1505s
 264446 227524 1451553.69  212  264 1460981.82 1444247.99  1.15%  30.5 1511s
 265173 228198 1449992.07  114  278 1460981.82 1444248.63  1.15%  30.5 1515s
 266401 229154 1450900.83  202  268 1460981.82 1444249.86  1.15%  30.5 1520s
 267138 229564     cutoff  197      1460981.82 1444250.05  1.15%  30.5 1526s
H267215 229725                    1460970.2768 1444250.30  1.14%  30.5 1528s
 267703 230191 1448889.90  152  276 1460970.28 1444250.75  1.14%  30.5 1530s
 268613 231021 1456916.24  348  268 1460970.28 1444251.29  1.14%  30.5 1535s
 269876 232123     cutoff  594      1460970.28 1444251.63  1.14%  30.5 1540s
 271140 233308     cutoff  558      1460970.28 1444252.61  1.14%  30.4 1546s
H271143 233304                    1460968.9308 1444252.61  1.14%  30.4 1546s
 272090 234242 1447533.32  179  276 1460968.93 1444253.09  1.14%  30.4 1550s
 273309 235634 1447557.17  191  276 1460968.93 1444253.71  1.14%  30.4 1556s
 274453 236231 1459444.09  185  269 1460968.93 1444254.10  1.14%  30.4 1560s
H275565 237171                    1460968.5470 1444254.33  1.14%  30.3 1564s
 275831 237433 1459042.98  158  260 1460968.55 1444254.49  1.14%  30.3 1565s
H276057 237433                    1460968.5443 1444254.70  1.14%  30.3 1565s
 276717 237993 1460497.98  499  262 1460968.54 1444255.07  1.14%  30.3 1570s
H277272 238471                    1460966.5115 1444255.18  1.14%  30.3 1572s
 277413 238473 1451194.64  180  257 1460966.51 1444255.18  1.14%  30.3 1575s
 278202 239276 1460471.51  346  258 1460966.51 1444255.65  1.14%  30.3 1580s
 278973 239897     cutoff  174      1460966.51 1444256.95  1.14%  30.3 1585s
 280085 241097 1454380.14  260  260 1460966.51 1444257.29  1.14%  30.3 1591s
 281023 241711 1457869.60  446  266 1460966.51 1444257.39  1.14%  30.4 1595s
 282163 242534 1460404.37  132  280 1460966.51 1444259.14  1.14%  30.4 1600s
 282502 243220 1446140.69  143  284 1460966.51 1444260.23  1.14%  30.4 1606s
 283572 243828     cutoff  117      1460966.51 1444260.68  1.14%  30.3 1610s
 284437 244435     cutoff  165      1460966.51 1444261.26  1.14%  30.3 1615s
 285811 245830 1445504.00  102  286 1460966.51 1444262.05  1.14%  30.3 1621s
 286748 246635 1452326.48  302  264 1460966.51 1444262.05  1.14%  30.3 1625s
 287564 247312 1459183.10  419  263 1460966.51 1444262.05  1.14%  30.3 1631s
 288228 247851 1460790.31  143  267 1460966.51 1444263.10  1.14%  30.3 1635s
 289342 248687 1458700.75  149  265 1460966.51 1444263.18  1.14%  30.3 1640s
 290043 249327 1456343.25  264  274 1460966.51 1444263.19  1.14%  30.4 1646s
 290302 249880 1457755.51  309  272 1460966.51 1444263.19  1.14%  30.4 1650s
 291248 250627 1447228.87  158  277 1460966.51 1444263.28  1.14%  30.4 1656s
 292143 251230 1452943.61  134  280 1460966.51 1444263.43  1.14%  30.4 1660s
 292368 251622 1460178.96  149  271 1460966.51 1444263.61  1.14%  30.4 1665s
 293720 252834 1451846.64  234  261 1460966.51 1444264.34  1.14%  30.4 1670s
 294647 253645 1455090.22  441  261 1460966.51 1444264.34  1.14%  30.4 1675s
 295525 254438 1456792.34  107  280 1460966.51 1444264.39  1.14%  30.4 1680s
 296632 255379 1454642.87  542  258 1460966.51 1444264.77  1.14%  30.4 1685s
 297460 256229 1452918.56  221  271 1460966.51 1444265.51  1.14%  30.4 1690s
 298145 256968 1447477.95  196  273 1460966.51 1444265.75  1.14%  30.5 1696s
 299180 257863     cutoff  191      1460966.51 1444266.56  1.14%  30.4 1701s
 300467 258643     cutoff  215      1460966.51 1444267.35  1.14%  30.4 1705s
 301535 259636 1456678.27  559  255 1460966.51 1444267.71  1.14%  30.3 1710s
 302582 260714 1452345.96  401  263 1460966.51 1444268.28  1.14%  30.3 1715s
 303061 261039 1451145.31  134  274 1460966.51 1444268.33  1.14%  30.3 1720s
 303978 261985 1449373.90  251  259 1460966.51 1444268.56  1.14%  30.4 1726s
 304916 262804 1452121.03  492  260 1460966.51 1444268.56  1.14%  30.4 1730s
 305630 263480 1444729.15   96  292 1460966.51 1444269.02  1.14%  30.5 1735s
 306584 264463 1447653.66  200  276 1460966.51 1444269.26  1.14%  30.5 1740s
 307794 265524 1451915.72  238  268 1460966.51 1444270.02  1.14%  30.4 1745s
 308308 265694     cutoff  457      1460966.51 1444270.02  1.14%  30.4 1750s
 309030 266515 1455200.63  297  259 1460966.51 1444270.59  1.14%  30.4 1755s
 309863 267318 1446247.63  127  285 1460966.51 1444270.70  1.14%  30.5 1760s
 311110 268308 1452792.74  252  264 1460966.51 1444271.03  1.14%  30.4 1765s
 311645 268800 1446148.40  102  288 1460966.51 1444271.07  1.14%  30.5 1770s
 312718 269703 1444380.63  123  289 1460966.51 1444272.14  1.14%  30.5 1775s
 313271 270096 1459260.46  126  277 1460966.51 1444272.34  1.14%  30.5 1780s
 314484 271313 1446784.64  142  276 1460966.51 1444272.62  1.14%  30.5 1785s
 315806 272540 1458593.46  397  267 1460966.51 1444272.62  1.14%  30.5 1790s
 316693 272995 1446652.49   98  290 1460966.51 1444272.95  1.14%  30.5 1795s
 317724 274056 1455945.91  141  270 1460966.51 1444272.96  1.14%  30.4 1800s
 319147 275253 1459308.55  544  268 1460966.51 1444275.19  1.14%  30.4 1805s
 320654 276639 1448042.83  127  283 1460966.51 1444277.73  1.14%  30.4 1810s
 321879 278221 1447229.00  189  278 1460966.51 1444277.99  1.14%  30.4 1816s
 323296 279074 1450970.27  265  263 1460966.51 1444278.08  1.14%  30.4 1820s
 324156 279894 1456137.81  401  254 1460966.51 1444278.85  1.14%  30.4 1825s
 325091 280542 1460491.16  138  277 1460966.51 1444281.07  1.14%  30.4 1830s
 325883 281564 1450746.67  327  262 1460966.51 1444281.33  1.14%  30.4 1835s
 327053 282391 1450327.21  223  270 1460966.51 1444281.92  1.14%  30.4 1840s
 328156 283395 1446177.58   97  285 1460966.51 1444282.76  1.14%  30.4 1845s
 328860 283726 1449660.98  136  272 1460966.51 1444283.30  1.14%  30.4 1851s
 329557 284686 1455264.23  285  258 1460966.51 1444283.30  1.14%  30.4 1856s
 330310 285362 1457838.28  139  268 1460966.51 1444284.08  1.14%  30.5 1860s
 331442 286297 1460169.62  575  266 1460966.51 1444284.49  1.14%  30.4 1865s
 332634 287232 1447828.69  111  289 1460966.51 1444285.80  1.14%  30.4 1870s
 333180 288007 1446364.06  145  281 1460966.51 1444286.77  1.14%  30.4 1875s
 333951 288449 1456802.53  284  264 1460966.51 1444286.77  1.14%  30.4 1880s
 335039 289214 1444824.60   88  289 1460966.51 1444289.75  1.14%  30.4 1885s
 336094 290290 1454708.44  308  259 1460966.51 1444289.88  1.14%  30.4 1890s
 336858 291038 1451609.91  155  274 1460966.51 1444290.52  1.14%  30.4 1895s
 337982 291750 1452941.66  114  289 1460966.51 1444291.72  1.14%  30.5 1900s
 339126 292743 1456078.88  465  248 1460966.51 1444292.46  1.14%  30.4 1906s
 339601 293314     cutoff  153      1460966.51 1444293.15  1.14%  30.4 1910s
 340654 294209 1444909.82  130  288 1460966.51 1444293.57  1.14%  30.4 1915s
 341782 295190 1451926.36  396  259 1460966.51 1444293.57  1.14%  30.4 1920s
 342488 295741 1454641.60  135  278 1460966.51 1444294.99  1.14%  30.4 1925s
 343505 296880 1453977.88  271  257 1460966.51 1444295.26  1.14%  30.4 1931s
 344301 297330     cutoff  149      1460966.51 1444295.30  1.14%  30.5 1936s
 344952 298378 1452567.00  291  257 1460966.51 1444296.74  1.14%  30.5 1941s
 346067 299289 1446610.83  206  281 1460966.51 1444297.19  1.14%  30.4 1946s
 347086 299942     cutoff  163      1460966.51 1444297.81  1.14%  30.4 1950s
 347874 300905 1452454.79  285  269 1460966.51 1444297.84  1.14%  30.5 1955s
 348730 301693 1445986.71  153  286 1460966.51 1444298.05  1.14%  30.5 1960s
 349544 302349 1447482.37  107  289 1460966.51 1444298.50  1.14%  30.5 1965s
 350388 303299 1447838.71  266  273 1460966.51 1444298.73  1.14%  30.5 1970s
 351498 304102 1448670.08  138  279 1460966.51 1444299.22  1.14%  30.5 1975s
 352488 304929 1455662.07  353  264 1460966.51 1444299.22  1.14%  30.5 1980s
 353526 306038 1451926.42  295  266 1460966.51 1444299.59  1.14%  30.5 1985s
 354502 306728     cutoff  162      1460966.51 1444299.86  1.14%  30.5 1992s
 355303 307613 1451612.71  184  267 1460966.51 1444300.43  1.14%  30.5 1996s
 356392 308773 1452738.34  211  270 1460966.51 1444301.01  1.14%  30.5 2000s
 358036 310065 1453437.17  372  272 1460966.51 1444301.40  1.14%  30.5 2005s
 359095 311155 1448572.21  267  271 1460966.51 1444302.13  1.14%  30.5 2010s
 360063 311641 1450789.40  119  279 1460966.51 1444302.60  1.14%  30.5 2016s
 360977 312554 1452218.97  390  258 1460966.51 1444302.86  1.14%  30.4 2020s
 361940 313297 1446441.57  143  285 1460966.51 1444303.41  1.14%  30.5 2025s
 362809 314156 1454399.60  368  260 1460966.51 1444303.41  1.14%  30.5 2030s
 363902 315116 1446767.33  113  282 1460966.51 1444304.83  1.14%  30.5 2036s
 364843 315726 1460962.11  552  266 1460966.51 1444304.83  1.14%  30.5 2042s
 365352 316491 1451263.89  176  266 1460966.51 1444306.18  1.14%  30.5 2046s
 366324 317368 1449918.37  333  267 1460966.51 1444306.18  1.14%  30.5 2051s
 367063 318048 1455185.65  130  275 1460966.51 1444306.61  1.14%  30.5 2055s
 368227 319047 1452184.18  251  271 1460966.51 1444306.63  1.14%  30.5 2061s
 369042 319620     cutoff  454      1460966.51 1444306.63  1.14%  30.5 2065s
 369889 320181     cutoff  184      1460966.51 1444308.26  1.14%  30.5 2070s
 370466 321009 1450256.63  233  273 1460966.51 1444309.33  1.14%  30.5 2075s
 371547 321837 1459991.09  380  260 1460966.51 1444309.65  1.14%  30.5 2080s
 372538 322929 1452295.82  321  259 1460966.51 1444309.76  1.14%  30.6 2085s
 373222 323386 1460668.67  495  271 1460966.51 1444310.16  1.14%  30.6 2090s
 374067 324246 1448813.98  190  271 1460966.51 1444311.68  1.14%  30.6 2095s
 374959 324808 1460031.78  342  262 1460966.51 1444312.05  1.14%  30.7 2101s
 375209 325240 1446159.07   98  289 1460966.51 1444312.32  1.14%  30.7 2105s
 376269 326171 1449284.07  141  275 1460966.51 1444312.32  1.14%  30.6 2110s
 377285 326987 1456562.08  350  255 1460966.51 1444312.64  1.14%  30.7 2115s
 378205 327839 1454544.99  143  273 1460966.51 1444313.39  1.14%  30.7 2121s
 379077 328768 1447429.54  134  287 1460966.51 1444313.43  1.14%  30.7 2126s
 380053 329264 1457848.90  161  275 1460966.51 1444313.85  1.14%  30.7 2133s
 380124 329484 1460508.69  172  270 1460966.51 1444313.99  1.14%  30.7 2135s
 381300 330624 1454574.28  369  268 1460966.51 1444313.99  1.14%  30.7 2141s
 382370 331669 1452092.96  286  271 1460966.51 1444314.59  1.14%  30.7 2145s
 383690 333069 1446573.15  163  285 1460966.51 1444315.41  1.14%  30.7 2150s
 385005 333947 1452396.44  235  266 1460966.51 1444315.53  1.14%  30.6 2156s
 386008 334837 1450133.02  218  269 1460966.51 1444317.26  1.14%  30.6 2161s
 386768 335261     cutoff  145      1460966.51 1444318.53  1.14%  30.7 2165s
 387669 336248 1451864.78  191  271 1460966.51 1444319.34  1.14%  30.6 2170s
 388804 337132 1450875.62  136  273 1460966.51 1444320.07  1.14%  30.7 2176s
 389802 338017 1448658.08   97  287 1460966.51 1444320.56  1.14%  30.7 2180s
 390334 338471 1446355.84  188  285 1460966.51 1444320.89  1.14%  30.7 2185s
 391147 339280 1460760.88  207  261 1460966.51 1444321.62  1.14%  30.6 2190s
 392428 340457 1444511.69  134  288 1460966.51 1444322.03  1.14%  30.7 2196s
 393275 341554 1449111.06  340  251 1460966.51 1444322.83  1.14%  30.6 2201s
 394439 342309 1449579.34  220  266 1460966.51 1444323.69  1.14%  30.6 2205s
 395490 343108 1445211.15  121  287 1460966.51 1444324.08  1.14%  30.6 2212s
 396175 343993 1449516.30  261  272 1460966.51 1444324.29  1.14%  30.6 2216s
 397249 344883 1452252.92  546  263 1460966.51 1444324.29  1.14%  30.6 2221s
 397967 345564 1445336.15  134  288 1460966.51 1444324.57  1.14%  30.7 2225s
 398849 346347 1445864.36  135  291 1460966.51 1444325.57  1.14%  30.7 2230s
 399696 347072 1448094.40  155  278 1460966.51 1444326.06  1.14%  30.7 2235s
 400689 347864 1460171.70  362  261 1460966.51 1444326.06  1.14%  30.7 2240s
 401364 348823 1450291.85  327  258 1460966.51 1444326.27  1.14%  30.7 2245s
 402569 349713 1452993.58  216  272 1460966.51 1444326.62  1.14%  30.7 2251s
 403549 350396 1445106.08   89  290 1460966.51 1444328.40  1.14%  30.6 2255s
 404698 351582 1451183.08  375  265 1460966.51 1444328.58  1.14%  30.7 2261s
 405432 352117     cutoff  501      1460966.51 1444328.69  1.14%  30.7 2265s
 405861 352300 1446865.14  105  285 1460966.51 1444329.04  1.14%  30.7 2270s
 406805 353448 1454221.16  497  255 1460966.51 1444329.33  1.14%  30.7 2275s
 407965 354444 1460227.59  318  264 1460966.51 1444329.40  1.14%  30.7 2281s
 409040 355453 1458875.51  503  266 1460966.51 1444329.67  1.14%  30.7 2285s
 409766 356152 1450789.78  222  266 1460966.51 1444330.70  1.14%  30.7 2290s
 410870 357075 1452235.01  264  271 1460966.51 1444330.87  1.14%  30.7 2298s
 411407 357808 1455171.38  347  265 1460966.51 1444331.13  1.14%  30.7 2301s
 412261 358433 1446216.88  124  285 1460966.51 1444331.76  1.14%  30.8 2305s
 413631 359482 1451717.92  105  287 1460966.51 1444332.82  1.14%  30.7 2311s
 414325 360266 1451212.41  287  269 1460966.51 1444333.12  1.14%  30.7 2315s
 415389 361075 1458652.25  154  276 1460966.51 1444333.15  1.14%  30.8 2320s
 416103 361482 1456342.70  146  264 1460966.51 1444334.92  1.14%  30.8 2326s
 416750 362408 1452683.46  251  269 1460966.51 1444335.68  1.14%  30.7 2331s
 417636 362936     cutoff  192      1460966.51 1444336.32  1.14%  30.7 2335s
 418854 364118 1456605.99  258  257 1460966.51 1444336.96  1.14%  30.7 2340s
 419830 365023 1446945.68  144  282 1460966.51 1444337.95  1.14%  30.8 2346s
 420814 365783     cutoff  311      1460966.51 1444338.09  1.14%  30.8 2350s
 421302 366277 1452857.49  152  269 1460966.51 1444339.22  1.14%  30.8 2356s
 422514 367458 1445809.85  156  284 1460966.51 1444339.55  1.14%  30.7 2361s
 423427 368181 1460151.58  315  262 1460966.51 1444340.93  1.14%  30.8 2366s
 423982 368590 1446332.05  159  283 1460966.51 1444341.76  1.14%  30.8 2370s
 425034 369632 1449364.66  150  280 1460966.51 1444341.93  1.14%  30.8 2375s
 425976 370469 1453338.98  343  264 1460966.51 1444341.93  1.14%  30.8 2380s
 426855 371399 1449648.03  336  257 1460966.51 1444343.22  1.14%  30.8 2386s
 427843 372258 1446622.67  196  280 1460966.51 1444343.96  1.14%  30.8 2391s
 428807 373071 1449092.05  151  275 1460966.51 1444344.22  1.14%  30.8 2396s
 429657 373796 1447408.27  174  278 1460966.51 1444344.28  1.14%  30.8 2400s
 430705 374774 1445665.14  112  290 1460966.51 1444344.64  1.14%  30.8 2406s
 431488 375228 1451878.20  148  279 1460966.51 1444344.66  1.14%  30.8 2411s
 432156 376081 1447699.11  228  278 1460966.51 1444344.83  1.14%  30.8 2416s
 433123 376643     cutoff  166      1460966.51 1444345.01  1.14%  30.8 2420s
 433781 377387 1452703.38  198  263 1460966.51 1444345.13  1.14%  30.8 2425s
 435023 378618 1449328.03  315  256 1460966.51 1444345.43  1.14%  30.8 2431s
 436018 379296 1454349.59  218  270 1460966.51 1444345.74  1.14%  30.8 2436s
 436567 379916 1448754.30  236  270 1460966.51 1444345.80  1.14%  30.8 2442s
 437225 380406 1450071.71  115  284 1460966.51 1444345.88  1.14%  30.8 2445s
 438167 381333 1453267.51  183  270 1460966.51 1444346.37  1.14%  30.8 2450s
 439243 382592 1448076.40  206  285 1460966.51 1444346.78  1.14%  30.8 2455s
 440416 383220 1454110.06  144  276 1460966.51 1444347.06  1.14%  30.8 2460s
 441543 384173 1460210.79  163  272 1460966.51 1444347.47  1.14%  30.8 2466s
 442160 384834 1448132.34  260  270 1460966.51 1444347.82  1.14%  30.8 2471s
 443142 385722 1445692.14  116  285 1460966.51 1444348.09  1.14%  30.7 2476s
 444174 386768 1448619.45  253  271 1460966.51 1444348.58  1.14%  30.7 2480s
 445799 388228 1446964.62  169  284 1460966.51 1444349.46  1.14%  30.7 2485s
 447106 389114 1458704.65  160  278 1460966.51 1444349.65  1.14%  30.7 2491s
 448012 389889     cutoff  218      1460966.51 1444350.57  1.14%  30.7 2498s
 448646 390289 1451149.47  111  282 1460966.51 1444350.83  1.14%  30.7 2501s
 449654 391142 1444942.76  119  292 1460966.51 1444351.56  1.14%  30.7 2506s
 450433 391922 1454963.41  296  268 1460966.51 1444351.68  1.14%  30.7 2510s
 451513 392903 1459564.42  484  273 1460966.51 1444351.79  1.14%  30.7 2515s
 452558 393939 1452068.44  348  253 1460966.51 1444351.97  1.14%  30.7 2521s
 453482 394503 1452362.73  227  273 1460966.51 1444351.99  1.14%  30.7 2526s
 454213 395549 1450036.68  340  270 1460966.51 1444352.36  1.14%  30.6 2531s
 455462 396200 1460678.07  123  277 1460966.51 1444352.82  1.14%  30.6 2536s
 456252 397020 1460106.88  619  267 1460966.51 1444353.04  1.14%  30.6 2540s
 457488 398069 1458810.34  527  268 1460966.51 1444353.44  1.14%  30.6 2545s
 458088 398672 1449676.53  166  275 1460966.51 1444353.56  1.14%  30.6 2550s
 459186 399611 1456489.79  445  262 1460966.51 1444353.57  1.14%  30.6 2555s
 459983 400159 1459540.68  108  280 1460966.51 1444354.20  1.14%  30.7 2561s
 461217 401337 1455657.24  553  272 1460966.51 1444354.76  1.14%  30.6 2565s
 462020 402195 1446658.50  142  287 1460966.51 1444355.25  1.14%  30.6 2570s
 463293 403175 1459557.52  153  258 1460966.51 1444355.62  1.14%  30.6 2576s
 464034 403600 1454678.17  459  259 1460966.51 1444355.63  1.14%  30.6 2581s
 464505 404073 1455942.53  131  271 1460966.51 1444356.37  1.14%  30.6 2585s
 465282 404856     cutoff  473      1460966.51 1444356.63  1.14%  30.6 2590s
 466104 405581 1454393.55  206  260 1460966.51 1444357.00  1.14%  30.6 2595s
 467277 406566     cutoff  563      1460966.51 1444357.18  1.14%  30.6 2600s
 467927 407100 1457236.61  160  265 1460966.51 1444357.78  1.14%  30.6 2605s
 469082 408136 1449374.94  289  268 1460966.51 1444358.47  1.14%  30.6 2611s
 469870 408664     cutoff  143      1460966.51 1444358.52  1.14%  30.6 2615s
 470951 409781 1453293.05  420  259 1460966.51 1444359.27  1.14%  30.6 2620s
 472038 410716 1451702.67  216  275 1460966.51 1444359.52  1.14%  30.6 2625s
 473228 411727 1449843.40  118  273 1460966.51 1444360.11  1.14%  30.6 2630s
 474259 412673 1447468.86  238  280 1460966.51 1444361.09  1.14%  30.6 2639s
 474607 412959 1452492.29  400  267 1460966.51 1444361.09  1.14%  30.6 2640s
 475362 413668 1451273.54  175  272 1460966.51 1444361.17  1.14%  30.6 2645s
 476638 414837 1446524.95  175  285 1460966.51 1444361.52  1.14%  30.6 2651s
 477554 415520 1447006.94  113  285 1460966.51 1444362.48  1.14%  30.6 2655s
 478713 416571 1446353.56  147  283 1460966.51 1444362.79  1.14%  30.6 2661s
 479434 417299 1448606.32  138  287 1460966.51 1444363.24  1.14%  30.6 2667s
 480157 417853 1451844.60  247  264 1460966.51 1444363.24  1.14%  30.6 2670s
 481085 418692 1454952.83  144  274 1460966.51 1444363.76  1.14%  30.6 2675s
 482320 419639 1460569.28  147  284 1460966.51 1444364.10  1.14%  30.6 2680s
 483472 420676 1455623.77  507  253 1460966.51 1444364.37  1.14%  30.5 2685s
 484133 421169 1453016.38  122  280 1460966.51 1444364.80  1.14%  30.6 2690s
 485202 422161 1453775.69  413  263 1460966.51 1444365.25  1.14%  30.5 2695s
 486041 422917     cutoff  155      1460966.51 1444365.80  1.14%  30.5 2700s
 487412 424062 1444778.86  106  293 1460966.51 1444366.38  1.14%  30.5 2705s
 488177 424794 1460589.37  280  262 1460966.51 1444367.09  1.14%  30.5 2710s
 489348 425801 1451943.68  312  274 1460966.51 1444367.09  1.14%  30.5 2715s
 489891 426418 1455763.12  461  263 1460966.51 1444367.09  1.14%  30.5 2720s
 490803 427021 1459974.94  143  276 1460966.51 1444368.27  1.14%  30.5 2725s
 492143 428568 1447612.20  217  280 1460966.51 1444369.01  1.14%  30.5 2730s
 493634 429662 1445174.18  107  290 1460966.51 1444369.43  1.14%  30.5 2735s
 494982 431040 1448358.53  250  279 1460966.51 1444369.77  1.14%  30.4 2741s
 495561 431042 1456040.89  512  270 1460966.51 1444369.77  1.14%  30.4 2745s
 496344 431950 1444423.79  137  288 1460966.51 1444370.27  1.14%  30.4 2750s
 497590 432983 1455557.67  398  266 1460966.51 1444370.73  1.14%  30.4 2756s
 498273 433742 1452435.41  150  281 1460966.51 1444371.28  1.14%  30.4 2760s
 499406 434647 1449365.31  126  277 1460966.51 1444371.44  1.14%  30.4 2765s
 500693 435588     cutoff  182      1460966.51 1444371.75  1.14%  30.4 2772s
 501090 436019 1458252.29  155  274 1460966.51 1444372.46  1.14%  30.4 2775s
 501861 436619 1450539.12  130  273 1460966.51 1444373.07  1.14%  30.4 2780s
 503159 437844 1446531.77  123  284 1460966.51 1444373.34  1.14%  30.4 2785s
 504366 438815 1456399.91  129  283 1460966.51 1444373.75  1.14%  30.4 2790s
 505451 439845 1453852.00  279  264 1460966.51 1444373.98  1.14%  30.4 2796s
 505839 440190 1447501.46  154  277 1460966.51 1444374.30  1.14%  30.4 2801s
 506824 440913     cutoff  124      1460966.51 1444374.83  1.14%  30.4 2805s
 507639 441854     cutoff  250      1460966.51 1444375.05  1.14%  30.4 2810s
 508839 442861 1453537.46  177  264 1460966.51 1444375.35  1.14%  30.4 2815s
 509712 443561 1445640.34  109  290 1460966.51 1444375.72  1.14%  30.4 2820s
 510818 444356 1460916.02  220  258 1460966.51 1444376.27  1.14%  30.4 2826s
 511638 445222     cutoff  281      1460966.51 1444376.46  1.14%  30.4 2830s
 512711 446174 1445477.05  125  290 1460966.51 1444376.94  1.14%  30.4 2836s
 513647 447094 1446696.44  142  284 1460966.51 1444377.19  1.14%  30.4 2840s
 514773 448117 1457385.65  317  257 1460966.51 1444377.44  1.14%  30.4 2846s
 515676 448736     cutoff  182      1460966.51 1444378.13  1.14%  30.4 2850s
 516186 449198 1446947.12   75  293 1460966.51 1444378.68  1.14%  30.4 2856s
 517197 449947 1447361.75  118  283 1460966.51 1444379.02  1.14%  30.4 2861s
 518085 450814 1450567.70  100  287 1460966.51 1444379.05  1.14%  30.4 2866s
 518856 451613 1447355.71  202  279 1460966.51 1444379.43  1.14%  30.4 2871s
 519754 452328 1450631.00  190  270 1460966.51 1444379.55  1.14%  30.4 2875s
 521086 453408 1451225.50  351  267 1460966.51 1444379.69  1.14%  30.4 2883s
 521326 453534 1459704.73  481  267 1460966.51 1444379.69  1.14%  30.4 2885s
 522337 454595 1455290.32  278  251 1460966.51 1444380.03  1.14%  30.4 2890s
 523619 455661 1448439.24  173  272 1460966.51 1444380.61  1.14%  30.4 2896s
 524557 456301 1447858.15  117  289 1460966.51 1444380.88  1.14%  30.4 2900s
 525481 457183 1456127.09  222  265 1460966.51 1444381.28  1.14%  30.4 2905s
 526318 457524     cutoff  198      1460966.51 1444381.69  1.14%  30.5 2911s
 526788 458297 1453080.96  215  278 1460966.51 1444381.69  1.14%  30.5 2915s
 527645 459039 1455614.72  411  264 1460966.51 1444381.99  1.14%  30.5 2920s
 528910 459915 1455315.16  144  275 1460966.51 1444382.65  1.14%  30.5 2925s
 529649 460507 1447822.41   88  287 1460966.51 1444382.90  1.14%  30.5 2930s
 530847 461732 1446023.74   95  291 1460966.51 1444383.23  1.14%  30.5 2936s
 531979 462414 1458259.35  171  261 1460966.51 1444383.42  1.14%  30.5 2941s
 532979 463317 1452736.66  250  263 1460966.51 1444383.70  1.14%  30.4 2945s
 533955 464140 1450192.49  117  282 1460966.51 1444384.01  1.14%  30.4 2950s
 535170 465350 1451755.09  232  268 1460966.51 1444384.66  1.13%  30.4 2956s
 535940 465812     cutoff  166      1460966.51 1444385.07  1.13%  30.5 2960s
 536853 466908 1450980.54  224  278 1460966.51 1444385.49  1.13%  30.5 2965s
 538100 467936 1452409.26  207  283 1460966.51 1444386.04  1.13%  30.4 2970s
 539076 468678 1448501.21  179  275 1460966.51 1444386.11  1.13%  30.4 2975s
 540213 469398 1453298.34  108  285 1460966.51 1444386.41  1.13%  30.4 2980s
 540961 470212 1449037.41  165  276 1460966.51 1444386.77  1.13%  30.5 2985s
 541893 470802     cutoff  187      1460966.51 1444386.83  1.13%  30.5 2991s
 542493 471818 1447354.30  181  284 1460966.51 1444387.02  1.13%  30.5 2995s
 544056 472954 1452525.95  190  266 1460966.51 1444387.12  1.13%  30.4 3001s
 545149 474059 1450269.78  407  268 1460966.51 1444387.42  1.13%  30.4 3006s
 546203 474814 1447509.21  107  291 1460966.51 1444387.65  1.13%  30.4 3010s
 547064 475527 1448868.77  198  273 1460966.51 1444387.66  1.13%  30.4 3016s
 547888 476257 1459800.58  161  265 1460966.51 1444387.74  1.13%  30.5 3020s
Created node file directory '/home/ps12398/experiment_epec/goalProgrammingMarcos//grbnodes5'
 548895 477058 1456956.29  608  268 1460966.51 1444387.77  1.13%  30.4 3029s
 549102 477161     cutoff  660      1460966.51 1444387.77  1.13%  30.5 3030s
 549863 478142 1450392.42  299  269 1460966.51 1444388.06  1.13%  30.5 3035s
 551158 479055 1460623.64  133  268 1460966.51 1444388.14  1.13%  30.4 3040s
 552059 479673 1460027.88  145  264 1460966.51 1444388.51  1.13%  30.5 3046s
 552804 480344 1458839.82  530  258 1460966.51 1444388.51  1.13%  30.5 3051s
 553584 481073 1446950.53  160  279 1460966.51 1444388.65  1.13%  30.5 3055s
 554493 481946 1451132.81  230  259 1460966.51 1444388.65  1.13%  30.5 3061s
 555319 482481 1460218.10  293  253 1460966.51 1444388.65  1.13%  30.5 3065s
 555669 482546     cutoff   98      1460966.51 1444388.83  1.13%  30.5 3070s
 556019 482932 1446512.76  216  285 1460966.51 1444388.94  1.13%  30.5 3076s
 557084 483785     cutoff  803      1460966.51 1444388.99  1.13%  30.5 3081s
 557330 483887 1460046.44  120  272 1460966.51 1444389.16  1.13%  30.5 3085s
 558119 484520 1449754.41  127  281 1460966.51 1444389.26  1.13%  30.5 3090s
 559266 485394 1456632.91  272  261 1460966.51 1444389.26  1.13%  30.5 3096s
 559961 486032 1455364.45  168  279 1460966.51 1444389.45  1.13%  30.6 3100s
 560994 486724 1451910.33  132  284 1460966.51 1444389.53  1.13%  30.6 3106s
 561865 487742 1450968.35  311  258 1460966.51 1444389.53  1.13%  30.6 3111s
 562409 487861 1452028.01  386  264 1460966.51 1444389.53  1.13%  30.6 3115s
 563227 488643 1456258.82  471  257 1460966.51 1444389.53  1.13%  30.6 3120s
 564048 489105 1449920.05  142  282 1460966.51 1444389.66  1.13%  30.6 3126s
 564690 489498 1460140.18  161  281 1460966.51 1444389.66  1.13%  30.7 3130s
 565579 490207 1452465.43  124  279 1460966.51 1444390.29  1.13%  30.7 3135s
 566521 491033 1455499.64  242  257 1460966.51 1444390.29  1.13%  30.7 3143s
 566791 491184 1457796.33  278  259 1460966.51 1444390.34  1.13%  30.7 3145s
 567574 491636 1449114.58  273  273 1460966.51 1444390.73  1.13%  30.7 3151s
 568230 492402 1456233.31  568  261 1460966.51 1444390.73  1.13%  30.7 3155s
 569231 493218 1446513.36  130  284 1460966.51 1444390.77  1.13%  30.7 3160s
 570282 494314 1451581.41  217  266 1460966.51 1444390.77  1.13%  30.7 3165s
 571370 495190     cutoff  303      1460966.51 1444390.77  1.13%  30.8 3170s
 572298 495596 1459256.86  148  262 1460966.51 1444391.06  1.13%  30.8 3176s
 572758 496083 1446354.94  123  286 1460966.51 1444391.17  1.13%  30.8 3181s
 573773 497222 1449723.14  214  266 1460966.51 1444391.17  1.13%  30.8 3186s
 574846 498174 1456058.08  350  266 1460966.51 1444391.17  1.13%  30.8 3191s
 575622 498534     cutoff  167      1460966.51 1444391.36  1.13%  30.8 3196s
 576588 499392 1455413.21  300  271 1460966.51 1444391.47  1.13%  30.8 3201s
 577489 499732     cutoff  156      1460966.51 1444391.58  1.13%  30.9 3206s
 577851 499954 1460030.88  157  282 1460966.51 1444391.65  1.13%  30.9 3210s
 578514 500472 1458996.21  173  278 1460966.51 1444391.65  1.13%  30.9 3215s
 579310 500712     cutoff  188      1460966.51 1444391.65  1.13%  30.9 3221s
 580454 501577 1447046.09  126  286 1460966.51 1444392.01  1.13%  30.9 3225s
 581768 502835 1452008.54  233  267 1460966.51 1444392.01  1.13%  30.9 3233s
 582095 502875 1454727.09  262  265 1460966.51 1444392.01  1.13%  30.9 3235s
 582415 503397 1455812.06  283  260 1460966.51 1444392.01  1.13%  31.0 3241s
 583043 503808 1456491.40  304  259 1460966.51 1444392.01  1.13%  31.0 3246s
 583866 504074     cutoff  150      1460966.51 1444392.44  1.13%  31.0 3251s
 584840 505175 1449674.49  216  268 1460966.51 1444392.47  1.13%  31.0 3256s
 586090 506394 1454241.54  308  259 1460966.51 1444392.47  1.13%  31.0 3261s
 586763 506935     cutoff  335      1460966.51 1444392.47  1.13%  31.0 3265s
 587516 507188     cutoff  160      1460966.51 1444392.60  1.13%  31.1 3270s
 588221 507898 1460139.13  125  283 1460966.51 1444392.60  1.13%  31.1 3276s
 588917 508278     cutoff  145      1460966.51 1444392.60  1.13%  31.1 3280s
 589235 508424 1460284.41  145  278 1460966.51 1444392.71  1.13%  31.1 3285s
 590002 508987 1460791.89  164  260 1460966.51 1444392.86  1.13%  31.1 3290s
 590903 509837 1451197.68  417  257 1460966.51 1444393.08  1.13%  31.1 3295s
 591869 510474 1458811.45  112  279 1460966.51 1444393.11  1.13%  31.1 3300s
 592627 510945 1458605.48  164  258 1460966.51 1444393.18  1.13%  31.1 3305s
 593300 511688 1447834.74  150  275 1460966.51 1444393.19  1.13%  31.1 3311s
 594447 512839 1453729.49  266  261 1460966.51 1444393.19  1.13%  31.1 3321s
 595175 513281 1460266.08  310  261 1460966.51 1444393.19  1.13%  31.1 3325s
 596147 514120 1455456.79  238  277 1460966.51 1444393.24  1.13%  31.2 3331s
 596694 514671 1445493.53  118  290 1460966.51 1444393.25  1.13%  31.2 3336s
 597567 515042     cutoff  415      1460966.51 1444393.26  1.13%  31.2 3340s
 598314 515562 1460430.74  115  280 1460966.51 1444393.29  1.13%  31.2 3346s
 599046 516163 1446364.82  138  286 1460966.51 1444393.32  1.13%  31.2 3351s
 599621 516599 1448160.48  194  279 1460966.51 1444393.32  1.13%  31.2 3356s
 600274 517387 1453189.14  302  257 1460966.51 1444393.32  1.13%  31.2 3360s
 601365 517918 1456687.91  345  253 1460966.51 1444393.32  1.13%  31.3 3365s
 602476 518631 1450086.05  115  285 1460966.51 1444394.14  1.13%  31.3 3371s
 603513 519389 1454292.85  227  272 1460966.51 1444394.14  1.13%  31.3 3378s
 603947 520154 1456743.38  262  274 1460966.51 1444394.14  1.13%  31.3 3381s
 604701 520765 1453164.30  344  265 1460966.51 1444394.14  1.13%  31.3 3385s
 605535 521344 1455334.05  369  262 1460966.51 1444394.14  1.13%  31.3 3390s
 606404 522265 1450216.36  302  273 1460966.51 1444394.78  1.13%  31.4 3395s
 607338 522562 1447395.72   96  287 1460966.51 1444394.90  1.13%  31.4 3400s
 607816 523249 1447763.31  146  280 1460966.51 1444394.90  1.13%  31.4 3407s
 608701 523637 1448379.54  155  281 1460966.51 1444394.90  1.13%  31.4 3412s
 608951 524058 1449984.04  218  269 1460966.51 1444394.90  1.13%  31.4 3415s
 609945 524841 1453445.00  306  262 1460966.51 1444394.90  1.13%  31.4 3421s
 610761 525571     cutoff  376      1460966.51 1444395.30  1.13%  31.4 3425s
 611725 526297 1446544.60  103  290 1460966.51 1444395.41  1.13%  31.4 3431s
 612591 526829 1448715.99  122  280 1460966.51 1444395.41  1.13%  31.4 3435s
 613315 527613 1453424.90  219  265 1460966.51 1444395.41  1.13%  31.4 3441s
 613873 527917     cutoff  264      1460966.51 1444395.60  1.13%  31.4 3445s
 614756 528434     cutoff  612      1460966.51 1444395.60  1.13%  31.4 3450s
 615200 528508     cutoff  147      1460966.51 1444395.74  1.13%  31.5 3456s
 615564 528688 1446003.46   90  288 1460966.51 1444395.89  1.13%  31.5 3460s
 616525 529771 1450993.65  220  262 1460966.51 1444395.89  1.13%  31.5 3466s
 617610 530726 1460069.38  299  258 1460966.51 1444395.91  1.13%  31.5 3471s
 618505 531078 1448997.59  122  282 1460966.51 1444396.04  1.13%  31.5 3476s
 618991 531295 1448526.15  117  285 1460966.51 1444396.04  1.13%  31.5 3480s
 619421 531737 1459498.16  133  277 1460966.51 1444396.04  1.13%  31.5 3485s
 619956 531907 1447176.42  166  289 1460966.51 1444396.06  1.13%  31.6 3491s
 620331 532221 1450338.20  370  276 1460966.51 1444396.06  1.13%  31.6 3495s
 621275 533073 1456171.53  148  269 1460966.51 1444396.39  1.13%  31.6 3504s
 621637 533437     cutoff  123      1460966.51 1444396.40  1.13%  31.6 3506s
 622593 534337 1451127.24  344  274 1460966.51 1444396.44  1.13%  31.6 3510s
 623593 534712     cutoff  157      1460966.51 1444396.55  1.13%  31.6 3516s
 624150 535252 1446333.51  110  285 1460966.51 1444396.58  1.13%  31.6 3521s
 624966 535729 1459440.63  134  274 1460966.51 1444396.58  1.13%  31.6 3525s
 625577 535882     cutoff  148      1460966.51 1444396.58  1.13%  31.7 3531s
 626234 536681 1452233.86  160  268 1460966.51 1444396.77  1.13%  31.7 3536s
 627079 537437     cutoff  121      1460966.51 1444396.78  1.13%  31.7 3540s
 628525 538293     cutoff  495      1460966.51 1444396.92  1.13%  31.7 3545s
 629277 539075 1447464.83  132  282 1460966.51 1444397.13  1.13%  31.7 3550s
 630507 540219 1452086.88  334  261 1460966.51 1444397.13  1.13%  31.7 3556s
 631140 540646 1456276.05  413  268 1460966.51 1444397.13  1.13%  31.7 3560s
 632152 541334 1458856.21  152  269 1460966.51 1444397.17  1.13%  31.8 3565s
 632856 541786     cutoff  180      1460966.51 1444397.65  1.13%  31.8 3570s
 633569 542521 1448837.05  109  286 1460966.51 1444397.74  1.13%  31.8 3577s
 634239 543073 1452601.97  174  274 1460966.51 1444397.74  1.13%  31.8 3582s
 634802 543626 1455589.23  197  263 1460966.51 1444397.75  1.13%  31.8 3585s
 635761 543933 1458790.80  151  264 1460966.51 1444397.91  1.13%  31.8 3591s
 636802 544872 1448385.44  169  279 1460966.51 1444397.91  1.13%  31.8 3596s
 637563 545450 1453190.42  278  271 1460966.51 1444397.91  1.13%  31.8 3600s

Cutting planes:
  RLT: 174

Explored 637684 nodes (20309503 simplex iterations) in 3600.16 seconds (2707.02 work units)
Thread count was 2 (of 24 available processors)

Solution count 10: 1.46097e+06 1.46097e+06 1.46097e+06 ... 1.46118e+06

Time limit reached
Best objective 1.460966511529e+06, best bound 1.444397911476e+06, gap 1.1341%
