
Gurobi 11.0.3 (linux64, Java) logging started dom 29 dez 2024 05:41:15 -03

Set parameter Username
Academic license - for non-commercial use only - expires 2025-10-10
Set parameter NonConvex to value 2
Set parameter TimeLimit to value 3600
Set parameter LogToConsole to value 0
Set parameter MIPGap to value 7.7716481645149384e-08
Set parameter Threads to value 2
Set parameter NodefileDir to value "/home/ps12398/experiment_epec/goalProgrammingMarcos/"
Set parameter NodefileStart to value 1
Gurobi Optimizer version 11.0.3 build v11.0.3rc0 (linux64)

CPU model: Intel(R) Xeon(R) CPU           X5650  @ 2.67GHz, instruction set [SSE2]
Thread count: 12 physical cores, 24 logical processors, using up to 2 threads

Optimize a model with 150015 rows, 101033 columns and 647718 nonzeros
Model fingerprint: 0x700e698a
Model has 229 quadratic constraints
Variable types: 50406 continuous, 50627 integer (224 binary)
Coefficient statistics:
  Matrix range     [4e-03, 4e+06]
  QMatrix range    [4e-03, 7e+04]
  QLMatrix range   [1e+00, 7e+04]
  Objective range  [1e+00, 3e+07]
  Bounds range     [1e+00, 1e+08]
  RHS range        [1e+00, 4e+06]
  QRHS range       [1e-02, 1e-02]
Presolve removed 149662 rows and 100030 columns
Presolve time: 0.28s
Presolved: 1083 rows, 1241 columns, 24299 nonzeros
Presolved model has 2 SOS constraint(s)
Presolved model has 224 bilinear constraint(s)

Solving non-convex MIQCP

Variable types: 690 continuous, 551 integer (226 binary)
Found heuristic solution: objective 2566218.3449

Root relaxation: objective 9.916873e+05, 447 iterations, 0.04 seconds (0.04 work units)

    Nodes    |    Current Node    |     Objective Bounds      |     Work
 Expl Unexpl |  Obj  Depth IntInf | Incumbent    BestBd   Gap | It/Node Time

     0     0 991687.282    0  296 2566218.34 991687.282  61.4%     -    0s
     0     0 1261147.69    0  295 2566218.34 1261147.69  50.9%     -    0s
H    0     0                    2146727.7292 1261147.69  41.3%     -    0s
     0     0 1331891.36    0  296 2146727.73 1331891.36  38.0%     -    1s
H    0     0                    2050114.2054 1331891.36  35.0%     -    1s
H    0     0                    2049286.1540 1331891.36  35.0%     -    1s
     0     0 1332748.49    0  296 2049286.15 1332748.49  35.0%     -    1s
     0     0 1334908.07    0  296 2049286.15 1334908.07  34.9%     -    1s
H    0     0                    1995123.4914 1334908.07  33.1%     -    1s
     0     0 1335433.94    0  296 1995123.49 1335433.94  33.1%     -    1s
H    0     0                    1989963.0564 1335433.94  32.9%     -    1s
     0     0 1335756.23    0  296 1989963.06 1335756.23  32.9%     -    1s
     0     0 1335766.39    0  296 1989963.06 1335766.39  32.9%     -    3s
H    0     0                    1975671.8066 1335766.39  32.4%     -    3s
     0     2 1335766.39    0  296 1975671.81 1335766.39  32.4%     -    4s
H   25    29                    1972208.6007 1336049.33  32.3%   4.7    5s
H   28    31                    1970839.6475 1336049.33  32.2%   4.3    5s
H   30    35                    1966014.9776 1336049.33  32.0%   4.3    5s
H   31    35                    1965786.5578 1336049.33  32.0%   4.1    5s
H   34    39                    1964044.2308 1336049.33  32.0%   4.4    5s
H   35    39                    1963454.4107 1336049.33  32.0%   4.2    5s
H   38    43                    1963223.0032 1336049.33  31.9%   3.9    5s
H   39    43                    1963125.3634 1336049.33  31.9%   3.8    5s
H   59    63                    1960327.5724 1336049.33  31.8%   3.4    6s
H   61    63                    1955341.8202 1336049.33  31.7%   3.5    6s
H  521   533                    1896075.0178 1336049.33  29.5%   1.9    8s
H  661   677                    1887996.5139 1336049.33  29.2%   2.2    8s
   977  1001 1440513.94  401  276 1887996.51 1336049.33  29.2%   4.9   10s
H 1183  1185                    1878893.0520 1336049.33  28.9%   6.2   10s
H 1265  1283                    1872333.2749 1336049.33  28.6%   6.9   11s
H 1488  1494                    1871773.6927 1336049.33  28.6%   7.5   12s
H 1760  1816                    1862382.0505 1336049.33  28.3%   8.3   13s
  2061  2210 1681429.72  905  262 1862382.05 1336049.33  28.3%   8.7   15s
H 2327  2377                    1861620.2843 1336049.33  28.2%   9.8   16s
  3303  3161 1745785.73  955   37 1861620.28 1336164.11  28.2%  11.7   20s
  3322  3176 1565236.67  603   73 1861620.28 1426704.98  23.4%  12.0   27s
  3333  3186 1560687.61   14   73 1861620.28 1560687.61  16.2%  12.2   30s
  3334  3187 1585417.81  658   73 1861620.28 1560687.61  16.2%  12.2   35s
  3346  3197 1806643.68 1066   73 1861620.28 1577345.89  15.3%  12.4   42s
H 3347  3039                    1861605.7156 1577348.14  15.3%  12.5   43s
  3407  3086 1579133.12   99  291 1861605.72 1577643.56  15.3%  12.3   45s
H 3494  2987                    1860112.8322 1577643.56  15.2%  12.1   47s
H 3610  2918                    1855876.7015 1577643.56  15.0%  11.9   49s
  3611  2941 1585288.13  149  286 1855876.70 1577643.56  15.0%  11.9   50s
H 3711  2855                    1852473.3863 1577643.56  14.8%  11.7   51s
H 3785  2767                    1852026.0589 1577643.56  14.8%  11.6   53s
  3874  2860 1596227.57  213  286 1852026.06 1577643.56  14.8%  11.5   55s
H 4076  2871                    1851782.8852 1577643.56  14.8%  11.3   59s
H 4096  2747                    1851739.7893 1577643.56  14.8%  11.3   59s
  4111  2773 1603069.04  274  279 1851739.79 1577643.56  14.8%  11.3   60s
H 4220  2704                    1850842.2753 1577643.56  14.8%  11.2   61s
  4343  2825 1617961.65  342  274 1850842.28 1577643.56  14.8%  11.1   65s
  4515  2956 1618906.91  383  267 1850842.28 1577643.56  14.8%  11.1   71s
  4688  3066 1627136.06  430  264 1850842.28 1577643.56  14.8%  11.0   75s
  4833  3146 1634105.96  467  261 1850842.28 1577643.56  14.8%  11.2   80s
H 4848  3035                    1850830.6136 1577643.56  14.8%  11.2   80s
H 4987  3071                    1847834.9110 1577643.56  14.6%  11.2   86s
  5118  3161 1653004.82  537  257 1847834.91 1577643.56  14.6%  11.1   91s
H 5128  3062                    1847821.2565 1577643.56  14.6%  11.1   91s
H 5190  3022                    1846682.5047 1577643.56  14.6%  11.1   93s
  5256  3072 1651894.89  576  252 1846682.50 1577643.56  14.6%  11.0   96s
H 5296  2973                    1846180.4965 1577643.56  14.5%  11.0   96s
H 5328  2962                    1844728.4703 1577643.56  14.5%  11.0   99s
  5410  3023 1665387.93  619  250 1844728.47 1577643.56  14.5%  10.9  101s
  5575  3146 1665642.88  668  248 1844728.47 1577643.56  14.5%  10.8  106s
  5776  3282 1671599.96  723  245 1844728.47 1577643.56  14.5%  10.6  113s
  5879  3301 1676697.99  751  244 1844728.47 1577643.56  14.5%  10.5  116s
  5933  3399 1677683.19  755  243 1844728.47 1577643.56  14.5%  10.6  120s
  6174  3568 1687518.11  820  241 1844728.47 1577643.56  14.5%  10.4  128s
  6298  3670 1702099.37  854  239 1844728.47 1577643.56  14.5%  10.4  132s
  6441  3764 1700316.35  892  238 1844728.47 1577643.56  14.5%  10.2  137s
  6583  3871 1712984.34  929  238 1844728.47 1577643.56  14.5%  10.0  142s
  6737  3928 1709854.51  969  236 1844728.47 1577643.56  14.5%   9.9  146s
  7010  4159 1731814.89 1048  239 1844728.47 1577643.56  14.5%   9.8  153s
  7168  4252 1738368.37 1085  239 1844728.47 1577643.56  14.5%   9.9  157s
  7313  4398 1755413.35 1115  235 1844728.47 1577643.56  14.5%   9.8  163s
  7508  4489 1802383.04 1166   61 1844728.47 1577647.96  14.5%   9.6  167s
  7709  4641 1610336.65  136  294 1844728.47 1577647.96  14.5%   9.8  172s
  7928  4777 1678846.64  203  270 1844728.47 1577647.96  14.5%   9.7  176s
H 8162  4974                    1844685.0946 1577647.96  14.5%   9.7  180s
  8390  5195 1771313.22  295  258 1844685.09 1577647.96  14.5%   9.7  185s
  8803  5558 1601052.99  122  293 1844685.09 1577709.68  14.5%  10.0  192s
  8994  5789 1621244.17  189  291 1844685.09 1577709.68  14.5%  10.4  196s
  9249  6067 1636083.75  245  286 1844685.09 1577709.68  14.5%  10.2  201s
  9531  6307 1692086.85  315  267 1844685.09 1577709.68  14.5%  10.0  205s
  9996  6764 1833759.90  421  250 1844685.09 1577720.88  14.5%  10.2  213s
 10262  7020 1620723.44  136  291 1844685.09 1577720.88  14.5%  10.0  216s
 10532  7177 1690865.72  209  258 1844685.09 1577720.88  14.5%   9.9  220s
 11015  7691 1832056.29  314  252 1844685.09 1577720.88  14.5%  10.2  228s
H11296  7930                    1844685.0722 1577781.60  14.5%  10.0  233s
H11535  8087                    1844673.9443 1577781.60  14.5%   9.9  237s
H11692  8277                    1844385.2193 1577781.60  14.5%  10.1  243s
H11795  8277                    1844076.4991 1577781.60  14.4%  10.0  243s
 11910  8482 1711194.51  402  260 1844076.50 1577781.60  14.4%   9.9  247s
H12006  8482                    1843844.4389 1577781.60  14.4%   9.9  247s
 12115  8669 1737638.88  423  251 1843844.44 1577781.60  14.4%   9.8  252s
 12302  8846 1744062.45  438  261 1843844.44 1577781.60  14.4%   9.8  256s
H12368  8846                    1843843.6792 1577781.60  14.4%   9.9  256s
 12479  9003 1769117.70  453  261 1843843.68 1577781.60  14.4%   9.9  260s
 12783  9305 1812978.33  475  251 1843843.68 1577781.60  14.4%  10.2  268s
H12938  9437                    1843786.3860 1577781.60  14.4%  10.3  272s
 13071  9562 1833904.23  489  245 1843786.39 1577781.60  14.4%  10.3  278s
 13200  9678 1841486.33  490  248 1843786.39 1577781.60  14.4%  10.4  283s
 13432  9904 1598611.51  152  281 1843786.39 1577816.67  14.4%  10.4  287s
H13556  9904                    1843715.3221 1577816.67  14.4%  10.4  287s
 13658 10108 1611696.22  268  286 1843715.32 1577816.67  14.4%  10.3  293s
 13862 10306 1628341.01  360  287 1843715.32 1577816.67  14.4%  10.2  300s
 14062 10492 1655445.88  443  278 1843715.32 1577816.67  14.4%  10.1  306s
 14249 10655 1700083.82  499  260 1843715.32 1577816.67  14.4%  10.0  311s
 14488 10806 1719412.57  512  259 1843715.32 1577816.67  14.4%   9.9  316s
H14639 10941                    1843706.6756 1577816.67  14.4%   9.9  321s
 14774 11103 1763916.59  551  267 1843706.68 1577816.67  14.4%  10.0  325s
 15133 11399 1806003.86  577  252 1843706.68 1577816.67  14.4%  10.0  332s
 15232 11601 1808790.36  578  252 1843706.68 1577816.67  14.4%  10.0  338s
 15434 11719 1812416.54  580  252 1843706.68 1577816.67  14.4%   9.9  341s
 15552 11889 1814375.55  584  248 1843706.68 1577816.67  14.4%   9.9  347s
 15729 12066 1832140.09  611  242 1843706.68 1577816.67  14.4%  10.0  353s
 15940 12302 1611212.58  160  294 1843706.68 1577875.17  14.4%  10.0  357s
 16176 12525 1653160.82  279  280 1843706.68 1577875.17  14.4%   9.9  361s
 16399 12761 1705559.55  329  262 1843706.68 1577875.17  14.4%   9.8  366s
 16669 12954 1728078.52  344  260 1843706.68 1577875.17  14.4%   9.7  371s
 16862 13113 1757925.54  372  265 1843706.68 1577875.17  14.4%   9.8  375s
 17113 13356 1797638.38  392  256 1843706.68 1577875.17  14.4%  10.0  384s
 17264 13527 1813472.45  400  249 1843706.68 1577875.17  14.4%  10.2  388s
 17435 13698 1821442.46  407  248 1843706.68 1577875.17  14.4%  10.3  393s
 17606 13848 1825967.89  412  247 1843706.68 1577875.17  14.4%  10.4  397s
 17756 14056 1829082.49  414  247 1843706.68 1577875.17  14.4%  10.4  403s
 17964 14230 1832020.58  417  248 1843706.68 1577875.17  14.4%  10.3  409s
 18140 14386 1838129.04  421  245 1843706.68 1577926.14  14.4%  10.2  414s
 18388 14601 1595234.81  136  282 1843706.68 1577926.14  14.4%  10.1  419s
 18690 14849 1620332.93  268  287 1843706.68 1577926.14  14.4%  10.0  424s
 18938 15027 1646050.18  375  278 1843706.68 1577926.14  14.4%   9.9  428s
 19116 15238 1682989.89  437  259 1843706.68 1577926.14  14.4%   9.8  434s
 19327 15440 1713616.74  465  253 1843706.68 1577926.14  14.4%   9.7  440s
 19529 15583 1731223.58  473  254 1843706.68 1577926.14  14.4%   9.6  445s
 19672 15659 1744332.17  478  263 1843706.68 1577926.14  14.4%   9.8  450s
 19748 15797 1752442.59  485  263 1843706.68 1577926.14  14.4%   9.9  455s
 20032 16098 1809361.80  519  253 1843706.68 1577926.14  14.4%  10.3  466s
 20187 16258 1811883.51  520  252 1843706.68 1577926.14  14.4%  10.3  472s
 20350 16436 1818060.95  523  249 1843706.68 1577926.14  14.4%  10.5  477s
 20529 16605 1821050.85  526  249 1843706.68 1577973.68  14.4%  10.5  483s
 20766 16765 1737809.96  123  288 1843706.68 1577976.11  14.4%  10.4  486s
 20952 17003 1797998.68  183  273 1843706.68 1577987.71  14.4%  10.4  491s
 21208 17227 1764780.42  169  286 1843706.68 1577989.78  14.4%  10.3  497s
 21444 17499 1680141.46  129  289 1843706.68 1577989.78  14.4%  10.2  503s
 21716 17650 1754161.29  235  271 1843706.68 1577989.78  14.4%  10.1  508s
 21909 17937     cutoff  323      1843706.68 1578028.43  14.4%  10.1  514s
 22198 18175 1623432.55  214  285 1843706.68 1578028.43  14.4%  10.0  520s
 22473 18379 1687970.85  293  261 1843706.68 1578028.43  14.4%   9.9  525s
H22605 18377                    1843549.0886 1578028.43  14.4%   9.8  526s
 22705 18539 1733356.15  322  261 1843549.09 1578028.43  14.4%   9.8  530s
 23040 18873 1780083.67  347  258 1843549.09 1578028.43  14.4%  10.0  537s
 23239 19084 1796686.40  358  254 1843549.09 1578028.43  14.4%  10.0  543s
 23450 19232 1828705.47  395  253 1843549.09 1578029.19  14.4%  10.1  548s
H23646 19328                    1843230.1228 1578029.19  14.4%  10.2  552s
 23780 19478 1677136.73  112  289 1843230.12 1578040.07  14.4%  10.2  558s
 23976 19674 1751880.40  213  272 1843230.12 1578040.07  14.4%  10.2  564s
 24190 19869 1790893.90  319  266 1843230.12 1578150.06  14.4%  10.2  570s
H24202 19869                    1843207.9967 1578150.06  14.4%  10.1  570s
 24427 20032 1728228.17  120  285 1843208.00 1578150.06  14.4%  10.1  576s
 24636 20274     cutoff  221      1843208.00 1578169.64  14.4%  10.1  580s
H24788 20274                    1843207.5443 1578199.28  14.4%  10.0  580s
H24896 20253                    1841531.6856 1578199.28  14.3%  10.0  584s
 24945 20414 1628228.47  197  286 1841531.69 1578199.28  14.3%  10.0  587s
 25118 20638 1680696.69  285  264 1841531.69 1578199.28  14.3%   9.9  593s
 25354 20825 1719471.73  307  258 1841531.69 1578199.28  14.3%   9.9  597s
 25567 20957 1739650.90  328  266 1841531.69 1578199.28  14.3%   9.9  601s
 25724 21055 1770622.14  350  266 1841531.69 1578199.28  14.3%  10.0  605s
H25856 21209                    1841516.6375 1578199.28  14.3%  10.2  610s
 26010 21487 1810996.61  367  254 1841516.64 1578199.28  14.3%  10.2  616s
 26292 21674 1837567.57  412  252 1841516.64 1578252.97  14.3%  10.1  621s
 26505 21823 1715057.41  133  282 1841516.64 1578252.97  14.3%  10.1  627s
 26654 22007 1762348.50  170  262 1841516.64 1578252.97  14.3%  10.0  633s
 26850 22153 1834537.91  200  258 1841516.64 1578256.48  14.3%  10.0  638s
 27089 22320 1806488.92  187  279 1841516.64 1578259.84  14.3%  10.0  644s
H27139 22292                    1840808.9624 1578259.84  14.3%  10.0  644s
 27320 22537 1825673.17  171  258 1840808.96 1578279.04  14.3%  10.0  647s
 27594 22779 1628372.59  178  288 1840808.96 1578282.92  14.3%   9.9  650s
 27836 22958 1667140.92  294  269 1840808.96 1578282.92  14.3%   9.8  655s
 28017 23170 1701033.96  332  255 1840808.96 1578282.92  14.3%   9.8  660s
 28341 23413 1749090.70  388  266 1840808.96 1578282.92  14.3%   9.9  668s
 28473 23516 1774776.29  405  262 1840808.96 1578282.92  14.3%  10.1  672s
H28525 23514                    1840796.1807 1578282.92  14.3%  10.1  673s
 28576 23638 1783508.06  408  262 1840796.18 1578282.92  14.3%  10.3  675s
 28700 23835 1795975.20  413  259 1840796.18 1578282.92  14.3%  10.5  680s
 28928 24014 1802120.11  420  257 1840796.18 1578282.92  14.3%  10.4  686s
H29004 24014                    1840752.5239 1578282.92  14.3%  10.4  686s
 29121 24227 1811090.54  424  255 1840752.52 1578282.92  14.3%  10.4  692s
 29356 24374 1836122.64  454  233 1840752.52 1578294.49  14.3%  10.4  696s
 29595 24543 1814715.05  168  272 1840752.52 1578306.15  14.3%  10.3  701s
H29699 24543                    1840747.7169 1578306.15  14.3%  10.3  701s
H29808 24666                    1840737.1763 1578306.15  14.3%  10.3  705s
H29909 24666                    1840724.1973 1578321.96  14.3%  10.3  705s
 30041 24725     cutoff  153      1840724.20 1578321.96  14.3%  10.3  712s
H30079 24706                    1839815.3298 1578321.96  14.2%  10.4  712s
 30182 24954 1818912.10  152  261 1839815.33 1578348.93  14.2%  10.4  718s
 30446 25107 1798958.03  177  276 1839815.33 1578385.83  14.2%  10.3  724s
 30627 25353 1595837.45  107  292 1839815.33 1578385.83  14.2%  10.3  729s
 30873 25590 1669528.36  185  269 1839815.33 1578385.83  14.2%  10.2  734s
 31113 25801 1758618.95  262  261 1839815.33 1578385.83  14.2%  10.2  739s
H31326 25881                    1837858.2448 1578385.83  14.1%  10.3  743s
 31539 26055 1833431.62  393  230 1837858.24 1578388.16  14.1%  10.3  748s
 31737 26200     cutoff  178      1837858.24 1578390.52  14.1%  10.2  752s
 31910 26340     cutoff  147      1837858.24 1578392.91  14.1%  10.2  758s
 32131 26495 1805839.50  188  257 1837858.24 1578404.36  14.1%  10.2  762s
 32334 26629 1774632.93  180  259 1837858.24 1578429.97  14.1%  10.2  767s
H32414 26628                    1837842.7036 1578429.97  14.1%  10.2  767s
 32508 26796 1727638.11  103  288 1837842.70 1578560.31  14.1%  10.2  771s
H32632 26796                    1837842.6890 1578560.31  14.1%  10.2  771s
H32728 27080                    1837577.9623 1578573.26  14.1%  10.2  774s
 33036 27336 1676502.20  211  271 1837577.96 1578573.26  14.1%  10.1  778s
H33292 27437                    1836129.9148 1578573.26  14.0%  10.1  782s
H33358 27411                    1835694.1725 1578573.26  14.0%  10.2  782s
 33467 27587 1757305.41  277  255 1835694.17 1578573.26  14.0%  10.2  786s
 33643 27770 1783427.90  299  257 1835694.17 1578573.26  14.0%  10.3  791s
H33742 27761                    1835580.6920 1578573.26  14.0%  10.4  791s
 33826 27930 1814140.09  314  249 1835580.69 1578573.59  14.0%  10.4  797s
 34059 28076 1810006.33  152  284 1835580.69 1578617.75  14.0%  10.4  802s
 34249 28208 1781552.78  154  272 1835580.69 1578617.75  14.0%  10.5  806s
 34445 28371     cutoff  246      1835580.69 1578640.22  14.0%  10.5  812s
 34680 28692 1586125.59   96  293 1835580.69 1578694.33  14.0%  10.4  817s
 35001 28878 1660719.52  178  273 1835580.69 1578694.33  14.0%  10.4  823s
 35189 29079 1725670.64  224  252 1835580.69 1578694.33  14.0%  10.3  828s
 35412 29191 1831628.28  283  239 1835580.69 1578695.94  14.0%  10.4  833s
 35678 29364 1756122.95  121  278 1835580.69 1578697.56  14.0%  10.3  838s
 35889 29495     cutoff  171      1835580.69 1578699.19  14.0%  10.3  844s
 36102 29723 1665830.10  110  281 1835580.69 1578714.38  14.0%  10.3  849s
 36342 29952 1828016.59  211  265 1835580.69 1578737.36  14.0%  10.3  855s
 36589 30160     cutoff  200      1835580.69 1578745.39  14.0%  10.2  861s
 36807 30338 1788801.82  206  256 1835580.69 1578745.78  14.0%  10.2  866s
 37029 30522 1780801.25  136  282 1835580.69 1578755.14  14.0%  10.2  870s
 37233 30685     cutoff  106      1835580.69 1578758.56  14.0%  10.2  876s
 37414 30852 1823268.54  178  258 1835580.69 1578768.50  14.0%  10.3  882s
 37609 31098     cutoff  179      1835580.69 1578768.52  14.0%  10.3  887s
 37879 31379 1673524.16  176  264 1835580.69 1578771.94  14.0%  10.4  892s
 38160 31630 1752321.21  239  262 1835580.69 1578771.94  14.0%  10.3  897s
 38411 31815 1826787.65  303  244 1835580.69 1578779.65  14.0%  10.3  903s
 38622 32008 1801973.37  186  258 1835580.69 1578780.73  14.0%  10.3  908s
 38857 32261 1604354.29  122  293 1835580.69 1578780.73  14.0%  10.4  914s
 39144 32510 1634401.63  138  288 1835580.69 1578780.73  14.0%  10.4  919s
 39393 32723 1678937.34  203  271 1835580.69 1578780.73  14.0%  10.3  923s
 39628 32888 1714925.00  251  259 1835580.69 1578780.73  14.0%  10.3  928s
 39821 33058 1731566.35  269  268 1835580.69 1578780.73  14.0%  10.3  934s
 40011 33313 1759129.81  290  262 1835580.69 1578780.73  14.0%  10.3  938s
 40266 33315 1789631.33  321  256 1835580.69 1578780.73  14.0%  10.3  940s
 40268 33541 1789434.35  322  256 1835580.69 1578780.73  14.0%  10.3  946s
 40494 33706 1800532.20  329  254 1835580.69 1578780.73  14.0%  10.3  952s
 40709 33865 1816395.14  337  252 1835580.69 1578780.73  14.0%  10.3  958s
 40900 33992     cutoff  350      1835580.69 1578826.48  14.0%  10.3  962s
 41129 34280     cutoff  147      1835580.69 1578851.25  14.0%  10.3  966s
 41447 34515 1653732.83  172  283 1835580.69 1578853.85  14.0%  10.3  972s
 41682 34696 1702380.51  216  264 1835580.69 1578853.85  14.0%  10.2  976s
 41863 34843 1725712.00  242  267 1835580.69 1578853.85  14.0%  10.3  980s
 42011 34999 1746973.56  256  258 1835580.69 1578853.85  14.0%  10.4  985s
 42378 35427 1800490.10  312  252 1835580.69 1578853.85  14.0%  10.6  995s
 42800 35850 1732923.39  116  280 1835580.69 1578858.68  14.0%  10.6 1004s
 43036 35990 1812693.63  248  263 1835580.69 1578870.91  14.0%  10.5 1010s
 43467 36281 1742128.96  128  281 1835580.69 1578902.38  14.0%  10.5 1017s
 43687 36444 1699854.32  124  282 1835580.69 1578926.22  14.0%  10.5 1021s
 44037 36600 1829896.97  116  280 1835580.69 1578944.54  14.0%  10.6 1027s
 44220 36694 1776046.34  116  287 1835580.69 1578959.64  14.0%  10.6 1031s
 44370 36898 1819555.71  139  266 1835580.69 1578968.40  14.0%  10.6 1036s
 44606 37128 1630644.58  141  291 1835580.69 1578980.50  14.0%  10.6 1041s
 44852 37292 1695337.94  206  266 1835580.69 1578980.50  14.0%  10.6 1046s
 45056 37428 1726701.85  237  267 1835580.69 1578980.50  14.0%  10.6 1050s
 45216 37610 1748195.37  250  266 1835580.69 1578980.50  14.0%  10.7 1056s
 45398 37784 1759147.02  255  261 1835580.69 1578980.50  14.0%  10.7 1061s
 45572 37991 1767808.85  265  260 1835580.69 1578980.50  14.0%  10.8 1066s
 45779 38216 1790491.84  279  257 1835580.69 1578980.50  14.0%  10.8 1072s
 46026 38434 1809993.81  316  250 1835580.69 1578980.50  14.0%  10.7 1078s
 46276 38705 1819002.85  326  247 1835580.69 1578980.50  14.0%  10.7 1084s
 46567 38865 1827401.99  332  248 1835580.69 1578980.50  14.0%  10.7 1089s
 46727 38979 1829934.31  335  247 1835580.69 1579043.27  14.0%  10.7 1093s
 46883 39094 1656814.75  124  282 1835580.69 1579073.24  14.0%  10.6 1098s
H47012 39205                    1835572.3975 1579073.24  14.0%  10.6 1101s
 47159 39325     cutoff  132      1835572.40 1579132.60  14.0%  10.7 1105s
H47306 39438                    1835572.3385 1579134.70  14.0%  10.8 1108s
 47462 39572 1748243.98  101  287 1835572.34 1579161.50  14.0%  10.9 1112s
H47622 39531                    1833549.1639 1579161.50  13.9%  10.9 1116s
H47807 39674                    1833186.4411 1579174.86  13.9%  10.9 1120s
H48055 39915                    1832939.3520 1579174.86  13.8%  10.9 1125s
H48337 40007                    1832149.2938 1579174.86  13.8%  10.9 1129s
H48416 39949                    1831780.7001 1579174.86  13.8%  10.9 1129s
 48560 40096 1732792.53  297  264 1831780.70 1579174.86  13.8%  10.9 1133s
H48707 40255                    1831780.6692 1579174.86  13.8%  11.0 1138s
 48866 40371 1826951.11  374  248 1831780.67 1579203.97  13.8%  11.0 1141s
H48968 40371                    1831780.6690 1579233.24  13.8%  11.0 1141s
 49040 40518 1685724.46  111  287 1831780.67 1579233.24  13.8%  11.1 1146s
 49187 40715 1732546.87  155  270 1831780.67 1579233.24  13.8%  11.0 1152s
 49386 40920 1755465.18  172  262 1831780.67 1579233.24  13.8%  11.0 1157s
 49625 41070 1823930.12  201  256 1831780.67 1579262.69  13.8%  11.0 1162s
 49823 41182     cutoff  154      1831780.67 1579372.68  13.8%  11.0 1168s
 49964 41225 1804546.29  189  254 1831780.67 1579386.82  13.8%  11.0 1171s
 50065 41430 1681294.77  104  288 1831780.67 1579401.48  13.8%  11.0 1176s
 50304 41745 1602450.55  107  293 1831780.67 1579416.52  13.8%  11.0 1181s
 50628 42016 1665826.30  168  274 1831780.67 1579416.52  13.8%  10.9 1188s
 50890 42146 1718059.25  219  262 1831780.67 1579416.52  13.8%  10.9 1191s
 51020 42276 1732578.88  229  265 1831780.67 1579416.52  13.8%  11.0 1195s
 51275 42592 1768559.87  246  265 1831780.67 1579416.52  13.8%  11.2 1203s
 51466 42822 1785671.22  254  259 1831780.67 1579416.52  13.8%  11.2 1206s
 51696 43041 1800368.53  274  252 1831780.67 1579416.52  13.8%  11.1 1212s
 51971 43217 1816610.65  290  248 1831780.67 1579429.40  13.8%  11.1 1216s
 52219 43428 1757065.33  149  274 1831780.67 1579438.66  13.8%  11.1 1220s
 52705 43843 1649074.89  155  284 1831780.67 1579468.49  13.8%  11.0 1228s
 52895 44036 1679588.47  188  270 1831780.67 1579468.49  13.8%  11.0 1232s
 53089 44196 1727900.37  232  253 1831780.67 1579468.49  13.8%  11.0 1235s
 53519 44529 1818696.32  115  284 1831780.67 1579506.53  13.8%  11.1 1241s
 53743 44782 1637647.79  149  291 1831780.67 1579514.56  13.8%  11.1 1245s
 53996 45048 1681160.71  223  268 1831780.67 1579514.56  13.8%  11.0 1250s
 54389 45263 1743569.61  276  269 1831780.67 1579514.56  13.8%  11.1 1257s
 54477 45394 1749804.81  278  268 1831780.67 1579514.56  13.8%  11.1 1261s
 54608 45575 1765546.20  289  272 1831780.67 1579514.56  13.8%  11.2 1265s
H54789 45766                    1831770.1287 1579514.56  13.8%  11.3 1269s
 54982 45873 1782694.20  296  264 1831770.13 1579514.56  13.8%  11.3 1274s
 55169 46048 1794366.92  301  260 1831770.13 1579514.56  13.8%  11.4 1278s
 55364 46243 1811723.37  346  246 1831770.13 1579620.13  13.8%  11.3 1283s
 55599 46424 1596436.85  104  292 1831770.13 1579642.43  13.8%  11.3 1290s
 55865 46610 1711088.74  240  259 1831770.13 1579642.43  13.8%  11.3 1298s
H55928 46486                    1831100.8109 1579642.43  13.7%  11.3 1298s
H56026 46554                    1830905.2056 1579642.43  13.7%  11.3 1303s
 56195 46691 1797199.45  174  255 1830905.21 1579680.93  13.7%  11.3 1306s
H56358 46692                    1829733.3696 1579683.11  13.7%  11.2 1312s
H56650 46352                    1826984.0507 1579683.11  13.5%  11.2 1317s
 56886 46559 1709471.27  208  259 1826984.05 1579683.11  13.5%  11.2 1322s
 57093 46715 1749231.72  241  250 1826984.05 1579683.11  13.5%  11.2 1326s
 57249 46856 1764119.02  251  252 1826984.05 1579683.11  13.5%  11.3 1330s
H57331 46840                    1826932.5047 1579683.11  13.5%  11.3 1330s
 57390 47049 1784262.99  266  249 1826932.50 1579683.11  13.5%  11.3 1336s
H57482 47049                    1826932.4928 1579683.11  13.5%  11.3 1336s
 57602 47285 1796759.12  275  258 1826932.49 1579683.11  13.5%  11.3 1340s
H57685 46872                    1825179.2462 1579683.11  13.5%  11.3 1340s
H57894 46552                    1823366.7421 1579683.11  13.4%  11.3 1344s
H58049 46530                    1822802.9623 1579683.11  13.3%  11.2 1350s
 58378 46759 1662929.93  179  277 1822802.96 1579712.64  13.3%  11.2 1359s
H58558 46896                    1822802.8852 1579712.64  13.3%  11.3 1364s
 58727 47047 1789296.57  287  247 1822802.89 1579735.40  13.3%  11.3 1369s
 58925 47137 1768417.56  153  265 1822802.89 1579828.39  13.3%  11.3 1373s
 59101 47334 1760154.96  110  283 1822802.89 1579912.46  13.3%  11.3 1378s
 59346 47538 1801645.54  142  263 1822802.89 1579970.72  13.3%  11.3 1384s
 59580 47651 1737153.16  122  277 1822802.89 1580000.33  13.3%  11.2 1388s
 59743 47770 1699651.31  115  282 1822802.89 1580046.36  13.3%  11.3 1392s
 59894 47919 1774000.48  136  274 1822802.89 1580048.25  13.3%  11.3 1395s
 60242 48264 1802135.88  168  266 1822802.89 1580068.01  13.3%  11.4 1403s
 60430 48473 1599398.12  126  290 1822802.89 1580068.01  13.3%  11.4 1408s
 60679 48618 1657420.99  184  282 1822802.89 1580068.01  13.3%  11.4 1413s
 60866 48731 1692957.68  227  266 1822802.89 1580068.01  13.3%  11.4 1416s
 61055 48890 1726591.94  246  264 1822802.89 1580068.01  13.3%  11.4 1420s
 61415 49136 1771221.91  284  261 1822802.89 1580068.01  13.3%  11.5 1429s
 61588 49323 1783162.46  291  260 1822802.89 1580068.01  13.3%  11.5 1434s
 61775 49502 1809125.13  301  259 1822802.89 1580175.60  13.3%  11.5 1439s
 62001 49747 1654799.65  102  287 1822802.89 1580175.60  13.3%  11.5 1444s
 62246 49928 1726640.49  167  265 1822802.89 1580175.60  13.3%  11.5 1450s
 62584 50229 1794461.85  210  257 1822802.89 1580239.48  13.3%  11.6 1457s
 62768 50417     cutoff  110      1822802.89 1580260.54  13.3%  11.6 1462s
 62986 50568 1778409.37  138  269 1822802.89 1580261.67  13.3%  11.6 1467s
 63170 50740 1805892.79  128  268 1822802.89 1580272.93  13.3%  11.6 1471s
 63384 50955 1659064.05  145  278 1822802.89 1580278.07  13.3%  11.6 1476s
 63599 51190 1686438.09  204  264 1822802.89 1580278.07  13.3%  11.5 1481s
 63834 51398 1732865.98  274  264 1822802.89 1580278.07  13.3%  11.5 1485s
 64279 51678 1792710.04  154  257 1822802.89 1580382.01  13.3%  11.6 1495s
 64470 51854 1818029.38  152  260 1822802.89 1580390.63  13.3%  11.6 1501s
 64664 52043 1701083.30  140  276 1822802.89 1580412.92  13.3%  11.5 1506s
 64853 52214 1759860.28  173  261 1822802.89 1580412.92  13.3%  11.5 1512s
 65024 52331 1784061.25  199  251 1822802.89 1580500.71  13.3%  11.5 1515s
 65314 52524     cutoff  105      1822802.89 1580505.14  13.3%  11.7 1523s
 65478 52668     cutoff  137      1822802.89 1580510.29  13.3%  11.7 1529s
 65646 52883 1594253.79  122  286 1822802.89 1580598.13  13.3%  11.8 1534s
 65861 53055 1642020.41  156  291 1822802.89 1580598.13  13.3%  11.7 1538s
 66037 53170 1683490.88  244  269 1822802.89 1580598.13  13.3%  11.7 1542s
 66234 53363 1713334.30  265  268 1822802.89 1580598.13  13.3%  11.7 1546s
 66443 53591 1743548.89  297  257 1822802.89 1580598.13  13.3%  11.8 1553s
 66701 53809 1781435.41  313  255 1822802.89 1580598.13  13.3%  11.7 1558s
 66937 53896 1806062.30  335  250 1822802.89 1580617.87  13.3%  11.7 1561s
 67118 54042     cutoff  103      1822802.89 1580626.75  13.3%  11.8 1566s
 67304 54196 1674940.83  106  282 1822802.89 1580859.79  13.3%  11.8 1572s
 67480 54389 1664684.72  105  284 1822802.89 1580896.48  13.3%  11.8 1575s
 67880 54671 1804188.63  105  288 1822802.89 1580918.74  13.3%  11.8 1583s
 68057 54850 1601326.33  129  289 1822802.89 1580922.32  13.3%  11.9 1588s
 68236 55041 1656842.23  172  282 1822802.89 1580922.32  13.3%  11.9 1594s
 68427 55253 1694210.59  214  259 1822802.89 1580922.32  13.3%  11.9 1599s
 68639 55363 1724325.32  235  259 1822802.89 1580922.32  13.3%  11.9 1604s
 68817 55523 1745468.41  249  264 1822802.89 1580922.32  13.3%  12.0 1609s
 69007 55709 1762641.58  255  261 1822802.89 1580922.32  13.3%  12.0 1613s
 69193 55876 1775899.14  261  258 1822802.89 1580922.32  13.3%  12.0 1618s
 69360 56053 1783867.29  271  258 1822802.89 1580922.32  13.3%  12.0 1625s
 69581 56209 1801475.26  304  249 1822802.89 1580922.32  13.3%  12.0 1630s
 69763 56321 1813717.06  333  242 1822802.89 1580954.14  13.3%  12.0 1635s
 70088 56577 1593123.20  105  286 1822802.89 1581038.22  13.3%  12.1 1645s
 70301 56805 1639762.36  138  289 1822802.89 1581038.22  13.3%  12.0 1651s
 70529 57062 1683923.56  214  266 1822802.89 1581038.22  13.3%  12.0 1657s
 70786 57252 1724228.32  245  264 1822802.89 1581038.22  13.3%  12.0 1661s
 70976 57439 1744312.00  269  265 1822802.89 1581038.22  13.3%  12.1 1665s
H71163 57440                    1822786.7491 1581038.22  13.3%  12.1 1667s
 71168 57514 1775054.05  290  257 1822786.75 1581038.22  13.3%  12.1 1672s
H71171 57316                    1822014.3011 1581038.22  13.2%  12.1 1672s
 71242 57558 1782491.78  292  259 1822014.30 1581038.22  13.2%  12.2 1676s
 71484 57818 1800154.15  306  253 1822014.30 1581047.00  13.2%  12.2 1681s
 71784 58008 1810338.62  126  276 1822014.30 1581057.46  13.2%  12.2 1685s
H72199 58186                    1821964.7816 1581096.95  13.2%  12.2 1693s
 72361 58316 1698158.57  119  279 1821964.78 1581221.29  13.2%  12.2 1698s
 72535 58383 1802907.49  147  263 1821964.78 1581234.16  13.2%  12.2 1702s
 72700 58542 1808068.42  144  269 1821964.78 1581385.34  13.2%  12.3 1707s
 72875 58615 1778399.70  135  273 1821964.78 1581397.20  13.2%  12.3 1711s
 73030 58706 1726808.66  118  280 1821964.78 1581415.68  13.2%  12.3 1715s
H73349 59039                    1821908.9457 1581601.34  13.2%  12.3 1726s
 73578 59253 1691510.66  237  276 1821908.95 1581601.34  13.2%  12.3 1732s
 73792 59374 1766820.58  344  253 1821908.95 1581602.64  13.2%  12.3 1737s
 73975 59449 1784960.83  139  277 1821908.95 1581633.33  13.2%  12.3 1741s
 74112 59582 1614940.17  123  290 1821908.95 1581633.33  13.2%  12.3 1745s
 74303 59758 1649787.85  162  284 1821908.95 1581633.33  13.2%  12.4 1751s
 74503 59964 1687783.16  208  270 1821908.95 1581633.33  13.2%  12.3 1757s
 74709 60177 1724448.62  246  258 1821908.95 1581633.33  13.2%  12.3 1761s
 74924 60312 1756484.00  268  262 1821908.95 1581633.33  13.2%  12.3 1765s
 75263 60663 1782254.15  283  262 1821908.95 1581633.33  13.2%  12.5 1773s
 75446 60844 1800218.81  290  260 1821908.95 1581633.33  13.2%  12.5 1778s
 75663 60989 1815734.24  302  249 1821908.95 1581735.47  13.2%  12.5 1784s
 75881 61083 1801542.20  159  263 1821908.95 1581800.01  13.2%  12.5 1788s
 76111 61192 1711622.51  118  279 1821908.95 1581812.18  13.2%  12.5 1792s
 76310 61265 1770838.70  152  275 1821908.95 1581821.69  13.2%  12.5 1796s
 76383 61424 1816805.36  184  273 1821908.95 1581835.27  13.2%  12.5 1801s
 76602 61607 1598660.05  127  290 1821908.95 1581835.27  13.2%  12.5 1806s
 76815 61820 1647254.47  163  288 1821908.95 1581835.27  13.2%  12.4 1812s
 77028 62021 1687319.53  216  266 1821908.95 1581835.27  13.2%  12.4 1819s
 77229 62212 1717306.08  241  262 1821908.95 1581835.27  13.2%  12.4 1824s
 77430 62363 1732330.95  251  267 1821908.95 1581835.27  13.2%  12.4 1828s
 77645 62476 1756838.89  264  266 1821908.95 1581835.27  13.2%  12.5 1831s
 77806 62673 1777782.85  274  264 1821908.95 1581835.27  13.2%  12.5 1836s
 78031 62863 1797674.48  290  256 1821908.95 1581835.27  13.2%  12.5 1841s
 78269 63114     cutoff  330      1821908.95 1581845.97  13.2%  12.5 1847s
 78560 63421 1610854.02  113  293 1821908.95 1581906.89  13.2%  12.5 1852s
 78869 63708 1636324.03  135  290 1821908.95 1581906.89  13.2%  12.4 1858s
H79178 63924                    1821714.1119 1581906.89  13.2%  12.4 1864s
 79444 64124 1700926.29  193  266 1821714.11 1581906.89  13.2%  12.4 1868s
 79672 64259 1731715.95  219  260 1821714.11 1581906.89  13.2%  12.4 1872s
 79861 64350 1746700.09  238  262 1821714.11 1581906.89  13.2%  12.4 1876s
 79996 64476 1760289.05  243  264 1821714.11 1581906.89  13.2%  12.5 1880s
 80313 64792 1773992.41  253  266 1821714.11 1581906.89  13.2%  12.6 1890s
 80609 65069 1789373.70  261  262 1821714.11 1581906.89  13.2%  12.6 1898s
 80777 65245 1798640.59  262  261 1821714.11 1581906.89  13.2%  12.7 1903s
 80961 65408 1809275.38  269  259 1821714.11 1581916.10  13.2%  12.7 1908s
 81194 65540     cutoff  120      1821714.11 1581925.36  13.2%  12.7 1912s
 81364 65635 1761816.09  137  271 1821714.11 1582015.13  13.2%  12.7 1917s
 81485 65794 1701656.98  130  282 1821714.11 1582033.54  13.2%  12.7 1922s
 81684 65908 1742788.03  123  277 1821714.11 1582042.81  13.2%  12.7 1926s
 81850 66077 1802762.28  148  266 1821714.11 1582052.10  13.2%  12.8 1932s
 82073 66287 1644953.09  140  289 1821714.11 1582057.57  13.2%  12.7 1939s
 82283 66537 1671694.30  182  273 1821714.11 1582057.57  13.2%  12.7 1945s
 82740 66909 1732352.26  225  269 1821714.11 1582057.57  13.2%  12.7 1951s
 82905 67057 1740163.46  235  266 1821714.11 1582057.57  13.2%  12.8 1955s
 83053 67286 1751631.04  250  269 1821714.11 1582057.57  13.2%  12.9 1960s
 83543 67823 1803732.66  315  254 1821714.11 1582057.57  13.2%  12.9 1971s
 83819 67949 1814146.66  324  249 1821714.11 1582061.59  13.2%  12.9 1976s
 84085 68125 1707077.84  120  279 1821714.11 1582088.30  13.2%  12.9 1982s
 84277 68290 1816405.22  151  270 1821714.11 1582100.20  13.2%  12.8 1987s
 84460 68472 1659259.17  163  286 1821714.11 1582100.20  13.2%  12.8 1992s
 84686 68668 1697747.41  224  279 1821714.11 1582100.20  13.2%  12.8 1997s
 84908 68845 1745513.44  280  264 1821714.11 1582100.20  13.2%  12.8 2001s
 85085 69020 1790857.52  312  262 1821714.11 1582143.26  13.2%  12.9 2006s
H85300 69148                    1821482.5696 1582160.58  13.1%  12.9 2011s
 85521 69372 1800844.99  133  269 1821482.57 1582237.28  13.1%  12.8 2016s
 85769 69604 1762237.37  142  268 1821482.57 1582237.28  13.1%  12.9 2021s
 86001 69830     cutoff  179      1821482.57 1582237.28  13.1%  12.9 2027s
 86270 69991 1806827.21  144  271 1821482.57 1582247.91  13.1%  12.9 2030s
 86537 70065 1798228.66  142  272 1821482.57 1582285.58  13.1%  12.8 2035s
 86649 70306 1590254.77  117  285 1821482.57 1582307.32  13.1%  12.9 2042s
 86890 70537 1652761.19  159  289 1821482.57 1582307.32  13.1%  12.8 2048s
 87121 70722 1704265.60  210  268 1821482.57 1582307.32  13.1%  12.8 2054s
 87306 70888 1729075.63  230  269 1821482.57 1582307.32  13.1%  12.8 2058s
 87472 71042 1745206.78  239  270 1821482.57 1582307.32  13.1%  12.8 2061s
 87627 71272 1767870.40  265  264 1821482.57 1582307.32  13.1%  12.9 2065s
 87857 71606 1772087.01  275  260 1821482.57 1582307.32  13.1%  12.9 2070s
 88193 71963 1796258.63  298  251 1821482.57 1582307.32  13.1%  12.9 2076s
H88550 71820                    1819901.8445 1582307.32  13.1%  12.8 2080s
 88869 71901     cutoff  325      1819901.84 1582319.43  13.1%  12.8 2085s
 89098 72078     cutoff  159      1819901.84 1582333.89  13.1%  12.8 2091s
 89333 72219 1781116.28  134  275 1819901.84 1582334.87  13.1%  12.8 2096s
 89504 72391     cutoff  159      1819901.84 1582350.71  13.1%  12.8 2100s
H89724 71954                    1818072.5701 1582362.82  13.0%  12.8 2106s
 89931 72124 1754322.87  130  275 1818072.57 1582395.54  13.0%  12.7 2112s
 90139 72261 1777432.77  137  278 1818072.57 1582396.45  13.0%  12.7 2115s
 90517 72667 1652534.35  106  288 1818072.57 1582400.40  13.0%  12.8 2125s
 90758 72869 1732831.63  163  266 1818072.57 1582400.40  13.0%  12.8 2130s
H90857 72868                    1818066.2507 1582400.40  13.0%  12.8 2130s
 90960 73011 1791153.12  199  262 1818066.25 1582400.40  13.0%  12.8 2135s
 91129 73167 1815375.25  213  260 1818066.25 1582421.82  13.0%  12.8 2141s
 91341 73331 1670476.74  120  289 1818066.25 1582431.29  13.0%  12.8 2147s
 91539 73494 1704094.28  161  280 1818066.25 1582431.29  13.0%  12.8 2155s
 91734 73608 1745030.10  199  264 1818066.25 1582431.29  13.0%  12.8 2160s
H91890 73655                    1817922.5060 1582431.29  13.0%  12.8 2165s
 92043 73723 1790656.53  239  258 1817922.51 1582431.29  13.0%  12.8 2170s
 92375 73905 1741613.55  110  285 1817922.51 1582530.27  12.9%  12.9 2178s
 92565 74073     cutoff  136      1817922.51 1582546.59  12.9%  12.9 2183s
 92767 74217 1768618.08  140  267 1817922.51 1582547.69  12.9%  12.9 2188s
H92953 73917                    1816579.3864 1582548.91  12.9%  12.9 2193s
 93148 74082 1729493.91  106  284 1816579.39 1582567.49  12.9%  12.9 2198s
 93333 74268 1645400.78  107  289 1816579.39 1582567.49  12.9%  12.9 2204s
 93519 74421 1710535.76  165  275 1816579.39 1582567.49  12.9%  12.9 2209s
 93672 74597 1752825.44  215  259 1816579.39 1582567.49  12.9%  12.9 2214s
 93850 74838     cutoff  246      1816579.39 1582570.56  12.9%  13.0 2220s
 94133 75086 1674930.75  164  278 1816579.39 1582570.56  12.9%  13.0 2226s
 94413 75315 1735117.02  271  258 1816579.39 1582613.78  12.9%  12.9 2231s
 94692 75579 1612938.26  113  284 1816579.39 1582613.78  12.9%  12.9 2236s
 94956 75733 1711131.24  152  269 1816579.39 1582613.78  12.9%  12.9 2240s
H95037 75413                    1815865.2997 1582613.78  12.8%  12.9 2240s
 95256 75679 1784447.74  195  262 1815865.30 1582622.59  12.8%  13.0 2247s
 95410 75837 1800065.66  136  277 1815865.30 1582623.22  12.8%  13.0 2252s
 95658 75918 1584028.32  129  282 1815865.30 1582632.65  12.8%  13.0 2257s
 95833 76023 1640945.88  123  282 1815865.30 1582642.14  12.8%  13.0 2262s
 95998 76222 1777081.49  130  284 1815865.30 1582653.50  12.8%  13.1 2267s
H96133 75987                    1815370.4497 1582653.50  12.8%  13.1 2267s
 96235 76208 1795785.45  206  278 1815370.45 1582684.16  12.8%  13.1 2271s
 96512 76365 1749522.91  131  279 1815370.45 1582702.16  12.8%  13.0 2275s
H96606 76364                    1815367.1699 1582702.16  12.8%  13.0 2275s
 96755 76540 1663585.15  101  290 1815367.17 1582727.00  12.8%  13.1 2282s
 96903 76734 1603890.14  140  284 1815367.17 1582727.00  12.8%  13.1 2286s
 97183 76916 1672383.24  200  274 1815367.17 1582727.00  12.8%  13.0 2290s
 97585 77152 1742133.66  248  260 1815367.17 1582727.00  12.8%  13.1 2298s
H97761 77244                    1815316.1130 1582727.00  12.8%  13.1 2303s
 97905 77428 1763559.57  263  260 1815316.11 1582727.00  12.8%  13.2 2308s
 98091 77616 1776616.72  278  257 1815316.11 1582727.00  12.8%  13.2 2314s
 98279 77756 1795309.20  301  249 1815316.11 1582727.00  12.8%  13.2 2319s
 98473 77858 1808523.66  333  247 1815316.11 1582820.00  12.8%  13.2 2323s
H98600 77858                    1815313.0777 1582820.00  12.8%  13.2 2323s
 98721 78201 1619042.78  129  281 1815313.08 1582866.16  12.8%  13.2 2330s
 99064 78428 1665542.07  183  277 1815313.08 1582866.16  12.8%  13.1 2335s
 99291 78699 1707249.21  214  264 1815313.08 1582866.16  12.8%  13.1 2340s
 99746 79042 1756328.20  297  262 1815313.08 1582866.16  12.8%  13.1 2348s
 99907 79255 1778102.69  304  262 1815313.08 1582866.16  12.8%  13.2 2353s
 100120 79419 1794394.80  331  258 1815313.08 1582866.16  12.8%  13.2 2359s
H100204 79267                    1815061.4926 1582866.16  12.8%  13.1 2359s
 100284 79472 1800400.17  352  254 1815061.49 1582902.68  12.8%  13.1 2365s
 100547 79704 1800148.93  128  277 1815061.49 1582913.52  12.8%  13.1 2370s
 100833 79996 1665385.64  113  285 1815061.49 1582913.52  12.8%  13.1 2377s
 101125 80175 1720345.76  159  262 1815061.49 1582913.52  12.8%  13.1 2382s
H101344 80289                    1815018.6051 1582913.52  12.8%  13.1 2388s
 101523 80539     cutoff  157      1815018.61 1582953.81  12.8%  13.1 2392s
 101803 80585 1651090.76  186  285 1815018.61 1582961.51  12.8%  13.0 2396s
 102170 81107 1711361.59  242  263 1815018.61 1582961.51  12.8%  13.0 2403s
 102371 81254 1734277.44  256  264 1815018.61 1582961.51  12.8%  13.0 2406s
 102518 81432 1745713.20  268  262 1815018.61 1582961.51  12.8%  13.1 2410s
 102696 81613 1767876.26  298  245 1815018.61 1582961.51  12.8%  13.1 2417s
 102878 81785 1792336.87  341  239 1815018.61 1582965.53  12.8%  13.1 2422s
 103082 81911 1765035.98  129  276 1815018.61 1582969.19  12.8%  13.1 2426s
 103246 82039 1736226.01  120  276 1815018.61 1582979.74  12.8%  13.2 2430s
H103434 82128                    1815005.2096 1582985.62  12.8%  13.2 2433s
 103621 82221     cutoff  130      1815005.21 1582991.59  12.8%  13.2 2439s
 103796 82369 1700985.24  179  267 1815005.21 1582995.77  12.8%  13.2 2444s
 103978 82426 1780200.05  221  257 1815005.21 1582995.77  12.8%  13.2 2448s
 104087 82500 1798418.30  228  263 1815005.21 1583005.61  12.8%  13.2 2452s
H104243 82518                    1814991.8535 1583015.71  12.8%  13.3 2455s
 104529 82702 1807596.64  119  281 1814991.85 1583029.97  12.8%  13.4 2466s
H104713 82622                    1814446.0536 1583029.97  12.8%  13.4 2472s
 104922 82743 1740239.06  188  253 1814446.05 1583029.97  12.8%  13.4 2476s
 105081 82894 1805144.96  220  257 1814446.05 1583058.83  12.8%  13.4 2482s
 105304 83065 1778209.71  142  274 1814446.05 1583079.09  12.8%  13.4 2488s
 105517 83340 1611306.67  140  284 1814446.05 1583079.09  12.8%  13.4 2492s
 105792 83627 1679552.70  212  271 1814446.05 1583079.09  12.8%  13.4 2499s
 106105 83815 1724341.76  247  257 1814446.05 1583079.09  12.8%  13.3 2503s
 106339 83988 1743441.83  259  265 1814446.05 1583079.09  12.8%  13.4 2509s
 106512 84097 1761938.24  270  259 1814446.05 1583079.09  12.8%  13.4 2513s
 106651 84234 1772396.84  279  262 1814446.05 1583079.09  12.8%  13.4 2517s
 106832 84350 1786920.64  312  249 1814446.05 1583079.09  12.8%  13.4 2523s
 106976 84461 1812124.95  352  239 1814446.05 1583136.15  12.7%  13.4 2527s
 107203 84801 1613084.68  126  291 1814446.05 1583191.23  12.7%  13.4 2533s
 107543 85077 1679158.43  190  272 1814446.05 1583191.23  12.7%  13.4 2538s
 107819 85356 1730647.40  237  253 1814446.05 1583191.23  12.7%  13.4 2543s
 108098 85526 1774007.66  260  253 1814446.05 1583191.23  12.7%  13.4 2550s
 108268 85662 1788713.38  269  255 1814446.05 1583191.23  12.7%  13.4 2555s
 108411 85866 1807229.66  293  242 1814446.05 1583196.31  12.7%  13.4 2561s
 108667 86140 1769284.80  170  272 1814446.05 1583204.43  12.7%  13.4 2567s
 108957 86378 1721428.27  145  283 1814446.05 1583206.14  12.7%  13.3 2572s
 109245 86499 1743301.40  118  278 1814446.05 1583215.11  12.7%  13.3 2576s
 109508 86579 1735597.85  139  275 1814446.05 1583229.58  12.7%  13.3 2581s
 109684 86741 1668331.64  131  282 1814446.05 1583286.76  12.7%  13.3 2586s
H109752 86740                    1814442.8244 1583286.76  12.7%  13.3 2586s
H109868 86740                    1814441.9992 1583293.90  12.7%  13.3 2586s
 109898 86928 1787704.98  132  275 1814442.00 1583297.74  12.7%  13.3 2591s
 110136 87222 1614673.33  120  289 1814442.00 1583320.05  12.7%  13.3 2597s
H110311 87222                    1814441.9660 1583320.05  12.7%  13.3 2597s
H110430 87415                    1814366.2249 1583320.05  12.7%  13.3 2602s
 110664 87566 1717352.21  203  265 1814366.22 1583320.05  12.7%  13.2 2608s
 110815 87737 1736052.47  216  266 1814366.22 1583320.05  12.7%  13.3 2613s
 110986 87894 1754297.72  236  270 1814366.22 1583320.05  12.7%  13.3 2616s
H111143 88172                    1814348.1772 1583320.05  12.7%  13.3 2619s
 111433 88533 1786129.43  269  253 1814348.18 1583320.05  12.7%  13.3 2624s
 111794 88882 1799966.79  283  249 1814348.18 1583320.05  12.7%  13.3 2629s
 112143 88895 1812316.36  291  245 1814348.18 1583320.05  12.7%  13.3 2632s
 112176 89144     cutoff  292      1814348.18 1583320.05  12.7%  13.3 2638s
 112503 89214 1769698.00  143  275 1814348.18 1583332.40  12.7%  13.2 2642s
 112715 89375 1631128.34  124  282 1814348.18 1583357.15  12.7%  13.2 2646s
 112934 89655 1608527.27  154  283 1814348.18 1583362.65  12.7%  13.2 2651s
 113214 89894 1677358.42  198  272 1814348.18 1583362.65  12.7%  13.2 2656s
 113453 90056 1721240.60  232  262 1814348.18 1583362.65  12.7%  13.2 2661s
 113615 90183 1744208.75  245  264 1814348.18 1583362.65  12.7%  13.2 2666s
 113742 90296 1749870.53  256  262 1814348.18 1583362.65  12.7%  13.2 2670s
 113998 90650 1764499.57  273  265 1814348.18 1583362.65  12.7%  13.3 2678s
 114209 90925 1768454.61  279  259 1814348.18 1583362.65  12.7%  13.3 2684s
 114484 91232 1786088.24  298  251 1814348.18 1583362.65  12.7%  13.2 2689s
 114795 91455 1798378.66  310  246 1814348.18 1583378.02  12.7%  13.2 2693s
 115110 91545     cutoff  115      1814348.18 1583379.70  12.7%  13.2 2697s
 115280 91789     cutoff  137      1814348.18 1583445.09  12.7%  13.2 2703s
 115542 91990 1676689.29  187  278 1814348.18 1583448.40  12.7%  13.2 2707s
H115644 91978                    1814324.7651 1583448.40  12.7%  13.2 2707s
H115743 92017                    1814159.2297 1583448.40  12.7%  13.2 2711s
 115890 92229 1785162.18  270  264 1814159.23 1583453.31  12.7%  13.2 2716s
H116011 92204                    1814117.1091 1583453.31  12.7%  13.2 2716s
 116134 92366 1609843.28  115  291 1814117.11 1583453.31  12.7%  13.2 2720s
H116209 92362                    1814111.0314 1583453.31  12.7%  13.2 2720s
 116334 92533 1637731.91  139  289 1814111.03 1583453.31  12.7%  13.1 2725s
 116751 92761 1710223.64  213  269 1814111.03 1583453.31  12.7%  13.1 2731s
 116869 92853 1725165.76  225  272 1814111.03 1583453.31  12.7%  13.2 2735s
 117145 93060 1758161.07  251  273 1814111.03 1583453.31  12.7%  13.2 2744s
 117308 93269 1776069.13  277  263 1814111.03 1583453.31  12.7%  13.2 2748s
 117563 93481 1809239.28  332  247 1814111.03 1583462.81  12.7%  13.2 2753s
H117831 93673                    1814103.9736 1583597.11  12.7%  13.2 2757s
 118051 93753     cutoff  171      1814103.97 1583597.14  12.7%  13.2 2761s
H118052 93708                    1814019.3463 1583597.14  12.7%  13.2 2761s
H118132 93647                    1813904.1911 1583597.14  12.7%  13.2 2761s
 118195 93809 1673947.29  102  288 1813904.19 1583612.37  12.7%  13.2 2765s
H118320 93728                    1813753.3527 1583612.37  12.7%  13.2 2765s
 118512 94003 1682282.35  187  274 1813753.35 1583612.37  12.7%  13.2 2772s
H118600 93966                    1813706.1698 1583612.37  12.7%  13.2 2772s
H118654 94106                    1813706.0765 1583612.37  12.7%  13.3 2777s
H118795 94180                    1813684.7930 1583612.37  12.7%  13.3 2781s
 118947 94342     cutoff  141      1813684.79 1583629.57  12.7%  13.3 2787s
H119149 94578                    1813683.7859 1583629.57  12.7%  13.3 2792s
H119326 94276                    1813207.0730 1583629.57  12.7%  13.3 2792s
 119428 94471 1682620.97  207  280 1813207.07 1583629.57  12.7%  13.3 2796s
 119669 94662 1735345.20  241  261 1813207.07 1583629.57  12.7%  13.3 2800s
 119860 94824 1754847.26  255  264 1813207.07 1583629.57  12.7%  13.3 2805s
H119913 94822                    1813204.8416 1583629.57  12.7%  13.3 2805s
 120246 95073 1781992.80  273  261 1813204.84 1583629.57  12.7%  13.4 2813s
 120385 95134 1802722.50  291  252 1813204.84 1583832.94  12.7%  13.4 2817s
 120544 95270 1802889.15  139  274 1813204.84 1583871.80  12.6%  13.4 2821s
H120633 94492                    1811966.7616 1583927.92  12.6%  13.4 2821s
 120748 94758 1602641.86  147  285 1811966.76 1583927.92  12.6%  13.4 2827s
 121014 94928 1705453.94  230  267 1811966.76 1583927.92  12.6%  13.4 2830s
 121184 95029 1763355.66  270  273 1811966.76 1583927.92  12.6%  13.4 2835s
H121233 95029                    1811966.7514 1583927.92  12.6%  13.4 2835s
 121554 95247 1680941.34  115  282 1811966.75 1583983.33  12.6%  13.4 2843s
 121696 95491 1593489.46   99  292 1811966.75 1583983.33  12.6%  13.5 2850s
 122129 95728 1704967.28  193  263 1811966.75 1583983.33  12.6%  13.4 2856s
 122376 95909 1739409.41  215  265 1811966.75 1583983.33  12.6%  13.5 2863s
H122546 95708                    1811183.4575 1583983.33  12.5%  13.5 2869s
 122742 95885 1775465.48  251  268 1811183.46 1583983.33  12.5%  13.5 2874s
 122949 96104 1787127.63  266  258 1811183.46 1583983.33  12.5%  13.5 2879s
 123192 96345 1791149.01  283  253 1811183.46 1584056.08  12.5%  13.4 2885s
 123463 96448 1773492.43  134  270 1811183.46 1584056.08  12.5%  13.4 2890s
H123630 96497                    1811183.4571 1584057.05  12.5%  13.4 2892s
 123737 96607 1807812.69  126  278 1811183.46 1584058.74  12.5%  13.5 2895s
 124072 96928 1804641.17  129  274 1811183.46 1584156.87  12.5%  13.5 2904s
 124328 97237 1635066.94  119  287 1811183.46 1584156.87  12.5%  13.5 2910s
H124604 97236                    1811182.3774 1584156.87  12.5%  13.5 2910s
H124773 97523                    1811173.4752 1584156.87  12.5%  13.5 2914s
 124930 97710 1697815.49  215  268 1811173.48 1584156.87  12.5%  13.5 2919s
 125155 97823 1732840.46  237  270 1811173.48 1584156.87  12.5%  13.5 2923s
 125334 97927 1736698.38  256  265 1811173.48 1584156.87  12.5%  13.5 2927s
 125472 98031 1749462.85  265  265 1811173.48 1584156.87  12.5%  13.5 2931s
 125804 98425 1783035.68  284  254 1811173.48 1584156.87  12.5%  13.6 2938s
 126028 98544 1807475.00  344  241 1811173.48 1584262.11  12.5%  13.5 2942s
 126199 98746 1767936.28  128  268 1811173.48 1584310.21  12.5%  13.5 2949s
H126323 98556                    1810877.2520 1584310.21  12.5%  13.6 2949s
 126422 98794 1641804.26  145  288 1810877.25 1584310.21  12.5%  13.5 2954s
H126578 98652                    1810598.7887 1584310.21  12.5%  13.5 2954s
H126691 98647                    1810253.2899 1584310.21  12.5%  13.5 2958s
 126866 98785 1724787.26  227  274 1810253.29 1584310.21  12.5%  13.5 2962s
 127044 98935 1749670.26  254  263 1810253.29 1584310.21  12.5%  13.6 2967s
 127230 99107 1771163.14  271  264 1810253.29 1584310.21  12.5%  13.6 2970s
 127421 99306 1787841.16  282  258 1810253.29 1584310.21  12.5%  13.6 2979s
 127641 99490 1802488.85  303  247 1810253.29 1584340.31  12.5%  13.6 2983s
 127889 99618 1791197.65  128  275 1810253.29 1584370.59  12.5%  13.6 2987s
 128105 99782 1769809.33  128  276 1810253.29 1584445.49  12.5%  13.6 2994s
 128299 99953 1685449.01  114  280 1810253.29 1584474.66  12.5%  13.6 2999s
H128396 99949                    1810250.0348 1584474.66  12.5%  13.6 2999s
H128498 100008                    1810147.6575 1584474.66  12.5%  13.6 3003s
 128716 100339 1610362.80  125  287 1810147.66 1584498.93  12.5%  13.6 3007s
 129047 100565 1680416.26  180  272 1810147.66 1584498.93  12.5%  13.5 3010s
H129273 100778                    1810147.5478 1584498.93  12.5%  13.5 3013s
 129486 100951 1764877.10  239  264 1810147.55 1584498.93  12.5%  13.5 3017s
 129659 101094 1786249.06  257  259 1810147.55 1584498.93  12.5%  13.5 3022s
H129754 101035                    1810022.3344 1584498.93  12.5%  13.5 3022s
 129802 101168 1803544.63  290  254 1810022.33 1584505.10  12.5%  13.5 3026s
 129965 101262     cutoff  144      1810022.33 1584562.03  12.5%  13.6 3031s
H129966 101262                    1810022.2637 1584562.03  12.5%  13.6 3031s
 130099 101413 1771029.48  108  285 1810022.26 1584563.87  12.5%  13.6 3038s
 130296 101488     cutoff  134      1810022.26 1584603.23  12.5%  13.6 3042s
 130477 101734 1805369.65  118  278 1810022.26 1584616.80  12.5%  13.6 3048s
 130769 102066 1656400.18  180  283 1810022.26 1584624.95  12.5%  13.6 3053s
H131101 102172                    1809900.7939 1584624.95  12.4%  13.5 3057s
 131274 102323 1720215.38  235  264 1809900.79 1584624.95  12.4%  13.5 3062s
H131345 102319                    1809889.8413 1584624.95  12.4%  13.6 3062s
 131430 102461 1735114.31  243  266 1809889.84 1584624.95  12.4%  13.6 3067s
 131592 102670 1749210.42  249  272 1809889.84 1584624.95  12.4%  13.6 3072s
 131804 102932 1762369.73  275  261 1809889.84 1584624.95  12.4%  13.6 3077s
 132072 103219 1785656.67  318  248 1809889.84 1584624.95  12.4%  13.5 3083s
 132359 103399 1804555.15  348  239 1809889.84 1584634.50  12.4%  13.5 3090s
 132637 103725 1636364.75  163  287 1809889.84 1584658.27  12.4%  13.5 3096s
 133104 104050 1756749.34  260  262 1809889.84 1584658.27  12.4%  13.5 3103s
 133362 104153 1585865.57  130  287 1809889.84 1584673.48  12.4%  13.5 3108s
 133559 104386 1684759.01  141  285 1809889.84 1584707.99  12.4%  13.5 3114s
 133810 104609 1763190.94  184  261 1809889.84 1584708.25  12.4%  13.5 3120s
 134283 104938 1669919.47  165  279 1809889.84 1584713.34  12.4%  13.5 3128s
 134454 105048 1754883.15  269  258 1809889.84 1584736.63  12.4%  13.5 3133s
 134632 105181 1683995.33  124  283 1809889.84 1584756.64  12.4%  13.5 3138s
 134813 105368 1763072.36  121  274 1809889.84 1584757.90  12.4%  13.5 3143s
 135032 105494 1727710.79  143  266 1809889.84 1584757.90  12.4%  13.5 3148s
 135194 105742 1792850.83  173  260 1809889.84 1584765.97  12.4%  13.4 3154s
 135474 105985 1631609.28  161  291 1809889.84 1584765.97  12.4%  13.4 3159s
 135717 106217 1691056.92  208  269 1809889.84 1584765.97  12.4%  13.4 3164s
 135949 106404 1725449.90  236  270 1809889.84 1584765.97  12.4%  13.4 3168s
 136182 106508 1737463.25  244  270 1809889.84 1584765.97  12.4%  13.4 3172s
 136344 106611 1748846.26  262  268 1809889.84 1584765.97  12.4%  13.4 3175s
 136689 106896 1778736.92  314  249 1809889.84 1584765.97  12.4%  13.4 3184s
 136908 107128 1788857.10  344  247 1809889.84 1584765.97  12.4%  13.4 3190s
 137140 107262 1803536.98  362  240 1809889.84 1584854.62  12.4%  13.4 3195s
 137346 107383     cutoff  149      1809889.84 1584867.02  12.4%  13.4 3200s
 137716 107528 1632405.20  132  288 1809889.84 1584919.03  12.4%  13.4 3207s
 137736 107729 1641896.65  140  286 1809889.84 1584919.03  12.4%  13.4 3211s
H137758 107317                    1809208.5314 1584919.03  12.4%  13.4 3211s
 137937 107476 1731987.97  211  261 1809208.53 1584919.03  12.4%  13.4 3215s
 138098 107624 1783971.09  254  248 1809208.53 1584942.23  12.4%  13.4 3220s
 138283 107740     cutoff  137      1809208.53 1584950.42  12.4%  13.4 3225s
 138481 108021     cutoff  147      1809208.53 1584971.18  12.4%  13.4 3231s
H138772 108282                    1809207.4576 1584971.18  12.4%  13.4 3236s
 139271 108573 1727241.53  230  263 1809207.46 1584971.18  12.4%  13.3 3242s
 139443 108665 1752000.84  244  266 1809207.46 1584971.18  12.4%  13.4 3246s
 139595 108814 1761443.19  255  264 1809207.46 1584971.18  12.4%  13.4 3250s
H139637 108726                    1809057.3365 1584971.18  12.4%  13.4 3250s
 139780 109008 1773723.18  265  258 1809057.34 1584971.18  12.4%  13.4 3256s
H140062 109147                    1809057.1831 1584971.18  12.4%  13.4 3261s
H140404 109466                    1809045.8758 1585052.98  12.4%  13.4 3269s
 140609 109739 1764026.35  270  261 1809045.88 1585060.91  12.4%  13.4 3275s
H140698 109599                    1808845.3256 1585060.91  12.4%  13.4 3275s
 140900 109751 1713920.00  148  275 1808845.33 1585060.91  12.4%  13.4 3280s
 141269 109854     cutoff  145      1808845.33 1585094.11  12.4%  13.4 3287s
 141440 110052 1598110.45  125  284 1808845.33 1585094.11  12.4%  13.4 3292s
H141613 109554                    1808089.0043 1585094.11  12.3%  13.4 3292s
 141698 109724 1665534.70  180  280 1808089.00 1585094.11  12.3%  13.4 3297s
 141898 109824 1707798.16  217  268 1808089.00 1585094.11  12.3%  13.4 3300s
 142252 110218 1749814.36  249  268 1808089.00 1585094.11  12.3%  13.4 3309s
 142519 110489 1768377.30  268  261 1808089.00 1585094.11  12.3%  13.4 3313s
 142798 110578 1792746.34  307  249 1808089.00 1585094.11  12.3%  13.4 3316s
H142803 110560                    1808063.4554 1585094.11  12.3%  13.4 3316s
 142889 110744 1794925.49  312  249 1808063.46 1585178.81  12.3%  13.4 3321s
 143110 110997 1611720.08  127  289 1808063.46 1585178.81  12.3%  13.4 3326s
 143363 111182 1704775.95  213  262 1808063.46 1585178.81  12.3%  13.4 3330s
 143766 111510 1806881.50  142  265 1808063.46 1585205.82  12.3%  13.4 3339s
 143990 111551 1751170.79  123  276 1808063.46 1585234.47  12.3%  13.4 3343s
H144091 111540                    1808039.9483 1585244.32  12.3%  13.4 3343s
 144137 111651     cutoff  130      1808039.95 1585268.29  12.3%  13.4 3348s
 144336 111744 1777767.71  126  281 1808039.95 1585279.38  12.3%  13.4 3353s
 144521 111941 1697427.07  138  281 1808039.95 1585311.76  12.3%  13.5 3358s
 144736 112093 1772719.63  164  256 1808039.95 1585320.99  12.3%  13.5 3363s
 144938 112269     cutoff  150      1808039.95 1585335.35  12.3%  13.5 3367s
 145140 112425 1739176.58  258  261 1808039.95 1585345.14  12.3%  13.5 3373s
 145344 112510 1737379.23  116  280 1808039.95 1585352.01  12.3%  13.5 3377s
 145503 112597     cutoff  114      1808039.95 1585364.02  12.3%  13.5 3381s
 145708 112786 1792090.67  161  265 1808039.95 1585376.01  12.3%  13.5 3386s
 145975 112961 1790782.50  128  278 1808039.95 1585386.86  12.3%  13.5 3390s
 146212 113110     cutoff  137      1808039.95 1585407.41  12.3%  13.4 3396s
 146417 113337 1803778.90  142  272 1808039.95 1585424.63  12.3%  13.4 3402s
 146660 113599 1652632.21  166  286 1808039.95 1585424.63  12.3%  13.4 3407s
 146922 113836 1702064.66  217  269 1808039.95 1585424.63  12.3%  13.4 3413s
 147159 114005 1733330.11  242  265 1808039.95 1585424.63  12.3%  13.4 3418s
 147329 114179 1747785.77  253  267 1808039.95 1585424.63  12.3%  13.4 3424s
 147503 114323 1757680.18  265  263 1808039.95 1585424.63  12.3%  13.4 3428s
 147655 114459 1766242.02  284  258 1808039.95 1585424.63  12.3%  13.4 3433s
 147851 114515 1774451.03  295  262 1808039.95 1585424.63  12.3%  13.4 3437s
 147907 114691 1785501.98  308  245 1808039.95 1585424.63  12.3%  13.4 3443s
 148121 114782 1798689.13  326  243 1808039.95 1585471.68  12.3%  13.4 3447s
 148310 115073     cutoff  119      1808039.95 1585499.78  12.3%  13.4 3451s
 148655 115382 1662522.16  156  276 1808039.95 1585515.04  12.3%  13.4 3455s
 149174 115760 1721481.38  233  271 1808039.95 1585515.04  12.3%  13.4 3463s
 149342 115922 1732615.86  264  263 1808039.95 1585515.04  12.3%  13.4 3468s
H149435 115880                    1807970.7889 1585515.04  12.3%  13.4 3468s
 149504 116057 1742045.77  290  258 1807970.79 1585515.04  12.3%  13.4 3472s
 149681 116254 1747224.35  307  257 1807970.79 1585515.04  12.3%  13.4 3477s
H149878 116442                    1807968.8295 1585515.04  12.3%  13.4 3482s
H150073 116537                    1807861.2109 1585515.04  12.3%  13.4 3488s
 150271 116749 1789705.15  366  247 1807861.21 1585516.84  12.3%  13.4 3493s
H150374 116749                    1807861.1882 1585516.84  12.3%  13.4 3493s
 150535 117059 1589159.47  143  287 1807861.19 1585525.98  12.3%  13.4 3498s
H150845 117209                    1807733.4937 1585525.98  12.3%  13.3 3501s
 151084 117348 1764887.13  292  254 1807733.49 1585526.55  12.3%  13.3 3506s
 151337 117434     cutoff  161      1807733.49 1585527.33  12.3%  13.3 3510s
 151702 117607 1782364.00  136  271 1807733.49 1585612.18  12.3%  13.3 3517s
 151902 117653 1730550.29  153  275 1807733.49 1585637.39  12.3%  13.3 3520s
H151965 117644                    1807724.2832 1585637.39  12.3%  13.4 3520s
H152054 117705                    1807711.6410 1585643.77  12.3%  13.4 3522s
 152224 117877     cutoff  131      1807711.64 1585690.08  12.3%  13.4 3527s
H152355 117725                    1807511.8534 1585690.08  12.3%  13.4 3527s
H152452 118009                    1807510.8283 1585690.08  12.3%  13.4 3531s
 152748 118201 1799796.44  208  252 1807510.83 1585727.71  12.3%  13.4 3535s
 152980 118241 1777479.40  138  270 1807510.83 1585727.71  12.3%  13.4 3540s
 153028 118367 1801297.65  146  270 1807510.83 1585739.85  12.3%  13.4 3546s
 153222 118519 1734634.34  108  283 1807510.83 1585755.04  12.3%  13.4 3550s
 153426 118788 1598128.92  143  285 1807510.83 1585755.04  12.3%  13.4 3557s
 153695 119001 1699317.86  221  272 1807510.83 1585755.04  12.3%  13.3 3561s
 153908 119200 1774171.22  278  252 1807510.83 1585755.04  12.3%  13.3 3565s
 154112 119382 1801547.09  330  241 1807510.83 1585761.91  12.3%  13.3 3570s
 154353 119614 1606073.54  110  292 1807510.83 1585761.91  12.3%  13.3 3576s
 154649 119835 1635853.96  129  286 1807510.83 1585761.91  12.3%  13.3 3582s
 154938 119958 1667929.08  170  272 1807510.83 1585761.91  12.3%  13.3 3587s
 155148 120133 1685283.45  187  264 1807510.83 1585761.91  12.3%  13.3 3592s
H155248 119573                    1806705.2868 1585761.91  12.2%  13.3 3592s
 155347 119830 1690988.00  204  261 1806705.29 1585761.91  12.2%  13.3 3596s
 155604 120019 1695824.30  217  262 1806705.29 1585761.91  12.2%  13.3 3600s

Cutting planes:
  RLT: 70

Explored 155795 nodes (2064036 simplex iterations) in 3600.18 seconds (1542.66 work units)
Thread count was 2 (of 24 available processors)

Solution count 10: 1.80671e+06 1.80751e+06 1.80751e+06 ... 1.80804e+06

Time limit reached
Best objective 1.806705286840e+06, best bound 1.585761905783e+06, gap 12.2291%
