
Gurobi 11.0.3 (linux64, Java) logging started sáb 28 dez 2024 22:40:19 -03

Set parameter Username
Academic license - for non-commercial use only - expires 2025-10-10
Set parameter NonConvex to value 2
Set parameter TimeLimit to value 3600
Set parameter LogToConsole to value 0
Set parameter MIPGap to value 7.7716481645149384e-08
Set parameter Threads to value 2
Set parameter NodefileDir to value "/home/ps12398/experiment_epec/goalProgrammingMarcos/"
Set parameter NodefileStart to value 1
Gurobi Optimizer version 11.0.3 build v11.0.3rc0 (linux64)

CPU model: Intel(R) Xeon(R) CPU           X5650  @ 2.67GHz, instruction set [SSE2]
Thread count: 12 physical cores, 24 logical processors, using up to 2 threads

Optimize a model with 150015 rows, 101033 columns and 647718 nonzeros
Model fingerprint: 0xded7f4cc
Model has 229 quadratic constraints
Variable types: 50406 continuous, 50627 integer (224 binary)
Coefficient statistics:
  Matrix range     [4e-03, 4e+06]
  QMatrix range    [4e-03, 7e+04]
  QLMatrix range   [1e+00, 7e+04]
  Objective range  [1e+00, 3e+07]
  Bounds range     [1e+00, 1e+08]
  RHS range        [1e+00, 3e+06]
  QRHS range       [1e-01, 1e-01]
Presolve removed 149662 rows and 100030 columns
Presolve time: 0.34s
Presolved: 1083 rows, 1241 columns, 24299 nonzeros
Presolved model has 2 SOS constraint(s)
Presolved model has 224 bilinear constraint(s)

Solving non-convex MIQCP

Variable types: 690 continuous, 551 integer (226 binary)
Found heuristic solution: objective 2064119.4588

Root relaxation: objective 0.000000e+00, 341 iterations, 0.04 seconds (0.03 work units)

    Nodes    |    Current Node    |     Objective Bounds      |     Work
 Expl Unexpl |  Obj  Depth IntInf | Incumbent    BestBd   Gap | It/Node Time

     0     0    0.00000    0  283 2064119.46    0.00000   100%     -    0s
H    0     0                    1517976.8242    0.00000   100%     -    0s
     0     0    0.00000    0  278 1517976.82    0.00000   100%     -    0s
     0     0    0.00000    0  278 1517976.82    0.00000   100%     -    0s
     0     0    0.00000    0  278 1517976.82    0.00000   100%     -    1s
     0     0    0.00000    0  279 1517976.82    0.00000   100%     -    1s
     0     0    0.00000    0  280 1517976.82    0.00000   100%     -    1s
H    0     0                    687307.07177    0.00000   100%     -    3s
     0     2    0.00000    0  280 687307.072    0.00000   100%     -    3s
H   35    38                    676411.19130    0.00000   100%   3.7    4s
   190   193 37196.6970   67  280 676411.191    0.00000   100%   2.6    5s
H  194   197                    632169.63011    0.00000   100%   2.6    5s
H  195   197                    619093.72850    0.00000   100%   2.6    5s
H  576   589                    554476.21692    0.00000   100%   4.6    6s
H  719   724                    552695.44177    0.00000   100%   8.1    7s
H  774   787                    541789.69308    0.00000   100%   9.9    8s
H  784   787                    537276.84930    0.00000   100%  10.4    8s
H  873   892                    506177.41289    0.00000   100%  10.6    8s
H  950   977                    489960.55973    0.00000   100%  11.5    8s
  1178  1245 416866.767  485  226 489960.560    0.00000   100%  10.3   10s
H 1265  1323                    470315.32028    0.00000   100%   9.7   10s
* 1640  1644             650    470094.16255    0.00000   100%   9.1   11s
  1844  1747 455087.598  497   67 470094.163 101102.209  78.5%   9.0   15s
  2007  1867 103259.756   72  275 470094.163 101756.641  78.4%   9.6   20s
H 2138  1867                    468477.52072 101756.641  78.3%  10.2   20s
H 2143  1783                    462800.22314 101756.641  78.0%  10.2   20s
H 2245  1767                    453319.09465 101756.641  77.6%  11.1   21s
H 2643  1974                    446452.89282 101756.641  77.2%  12.2   23s
  3037  2297 146873.928  328  269 446452.893 101756.641  77.2%  12.1   25s
H 3114  2199                    436547.96308 101756.641  76.7%  12.0   25s
H 3213  2226                    436324.43120 101756.641  76.7%  11.8   25s
H 3642  2420                    435766.47931 101756.641  76.6%  11.5   27s
H 3944  2560                    434747.08606 101756.641  76.6%  11.5   28s
  4370  2964 223251.578  635  263 434747.086 101756.641  76.6%  11.2   30s
  6615  5121 412029.550 1188  231 434747.086 101756.641  76.6%   9.5   35s
H 7526  5673                    429606.23068 101801.632  76.3%   9.1   37s
H 7716  5890                    428350.36479 101801.632  76.2%   9.0   38s
H 7933  6119                    428350.35187 101801.632  76.2%   8.8   39s
H 8162  6237                    428240.86720 101801.632  76.2%   8.7   39s
  8280  6351 124578.354  241  281 428240.867 101801.632  76.2%   8.7   40s
H 8314  6351                    427435.06297 101801.632  76.2%   8.7   40s
H 8443  6514                    418379.39781 101801.632  75.7%   8.8   41s
H 8547  6028                    402011.89826 101801.632  74.7%   8.8   41s
H 8745  5829                    383203.44883 101801.632  73.4%   8.7   42s
H 8864  5925                    379823.12034 101801.632  73.2%   8.7   42s
H 8973  5977                    377078.78240 101801.632  73.0%   8.8   43s
H 9004  5908                    373810.49988 101801.632  72.8%   8.9   43s
  9149  6165 187832.119  523  266 373810.500 101801.632  72.8%   9.0   45s
H 9173  6032                    368223.26376 101801.632  72.4%   9.0   45s
H 9219  6020                    366337.25296 101801.632  72.2%   9.0   45s
H 9316  6085                    362025.11592 101801.632  71.9%   9.1   45s
H 9413  6173                    357243.75155 101801.632  71.5%   9.2   46s
H 9492  5828                    324586.39787 101801.632  68.6%   9.3   46s
H 9516  5945                    323116.77105 101801.632  68.5%   9.3   46s
H 9642  6066                    323116.73689 101801.632  68.5%   9.4   47s
H 9743  6066                    323116.73681 101801.632  68.5%   9.4   47s
H 9769  6187                    321745.13856 101801.632  68.4%   9.6   47s
H 9916  6065                    307811.58232 101801.632  66.9%   9.6   47s
H 9917  6222                    304114.89940 101801.632  66.5%   9.6   48s
H10189  6406                    298913.46559 101801.632  65.9%   9.7   49s
 10394  6605 248724.985  926  220 298913.466 101801.632  65.9%  10.0   50s
H10480  6542                    290296.73823 101801.632  64.9%   9.9   50s
H10613  6352                    275377.14044 101801.632  63.0%   9.9   51s
 11564  7258 159985.986  218  281 275377.140 101849.571  63.0%   9.4   55s
H11775  7472                    275377.00634 101849.571  63.0%   9.4   56s
H12884  8338                    274049.57495 101873.967  62.8%   9.0   58s
 12988  8568 138098.489  208  280 274049.575 101873.967  62.8%   9.1   60s
H13648  9041                    271687.06382 101873.967  62.5%   9.4   62s
 14017  9621     cutoff  475      271687.064 101875.999  62.5%   9.6   65s
H14656 10058                    271633.86487 101875.999  62.5%   9.5   71s
H15165 10637                    271474.26800 101875.999  62.5%  10.0   74s
 15360 10696 189987.808  371  257 271474.268 101875.999  62.5%  10.0   75s
H15590 10826                    269931.49830 101875.999  62.3%  10.6   77s
 15818 11063 221982.122  427  239 269931.498 101875.999  62.3%  11.5   80s
 16672 11834 258086.101  506  230 269931.498 101875.999  62.3%  12.6   85s
H17050 12084                    269878.29935 101938.930  62.2%  12.7   88s
 17061 12267 109429.707   61  290 269878.299 101938.930  62.2%  12.7   90s
 17844 12893 173863.376  290  265 269878.299 101938.930  62.2%  12.7   95s
 18798 13809 143776.779  217  276 269878.299 101956.818  62.2%  13.4  100s
 19838 14745 204686.482  398  248 269878.299 101956.818  62.2%  13.9  108s
 20092 15005 214704.538  415  244 269878.299 101956.818  62.2%  14.1  110s
 21091 16111 259507.999  447  237 269878.299 101956.818  62.2%  14.8  115s
 22252 17183 219597.696  194  269 269878.299 102043.976  62.2%  14.9  120s
 23130 17963 132460.280  116  280 269878.299 102101.038  62.2%  15.3  126s
 23976 18664 267969.605  129  268 269878.299 102324.989  62.1%  15.1  130s
 24915 19280     cutoff  100      269878.299 102352.742  62.1%  14.9  136s
 25436 19749 201161.310   75  279 269878.299 102361.435  62.1%  15.1  141s
 26323 20415 158383.948  209  275 269878.299 102472.385  62.0%  15.3  145s
 27146 21197 255715.305  315  253 269878.299 102472.385  62.0%  15.4  150s
 27993 21902 232336.420  363  242 269878.299 102472.385  62.0%  15.7  155s
 28564 22461 256033.196  378  240 269878.299 102472.385  62.0%  15.7  160s
 29585 23222 207525.117   49  284 269878.299 102673.983  62.0%  15.7  166s
 29979 23466 127413.084   49  289 269878.299 102674.691  62.0%  15.8  171s
 30622 24023 129939.410   90  288 269878.299 102690.897  61.9%  16.1  175s
 31470 24794 218646.801  225  268 269878.299 102690.897  61.9%  16.1  180s
 32447 25520 263952.376  126  271 269878.299 102732.202  61.9%  15.9  185s
 33517 26400 124483.233   50  288 269878.299 102787.048  61.9%  15.5  191s
 34110 26850 169114.068  193  265 269878.299 102789.076  61.9%  15.4  195s
 34657 27270 268064.708  305  234 269878.299 102789.076  61.9%  15.5  200s
 35421 27933 265407.041  107  269 269878.299 102830.095  61.9%  15.4  205s
 36240 28695 109247.155   58  282 269878.299 102930.815  61.9%  15.3  211s
H36521 29007                    269718.70248 102930.815  61.8%  15.2  213s
 36961 29234 153913.039  217  271 269718.702 102930.815  61.8%  15.1  215s
 37496 29706 240794.706  286  265 269718.702 102930.815  61.8%  15.6  220s
 38046 30271 221467.736  320  247 269718.702 102930.815  61.8%  15.8  225s
 38737 30950 245944.502  347  245 269718.702 102930.815  61.8%  16.0  231s
H39148 31001                    267058.75472 102930.815  61.5%  15.9  234s
 39389 31261 infeasible  424      267058.755 102930.815  61.5%  15.9  235s
H39578 30479                    263976.25155 102930.815  61.0%  15.8  235s
 40217 31054 113786.869   74  288 263976.252 102954.008  61.0%  15.7  243s
H40698 31411                    263976.24667 102954.008  61.0%  15.6  245s
 41810 32375 172030.962  278  267 263976.247 102954.008  61.0%  15.4  250s
H41841 32375                    263973.21533 102954.008  61.0%  15.4  250s
 42351 32961 198780.173  293  259 263973.215 102954.008  61.0%  15.8  255s
 42926 33539 208542.090  301  257 263973.215 102954.008  61.0%  16.1  260s
H42965 33529                    263920.01637 102954.008  61.0%  16.2  260s
H43475 33797                    263652.47815 102954.008  61.0%  16.2  263s
 43649 34136 232477.074  324  246 263652.478 102954.008  61.0%  16.2  265s
 44738 34912 262101.970  158  267 263652.478 102954.008  61.0%  16.0  270s
 45556 35410 262168.019  120  272 263652.478 103053.813  60.9%  15.9  276s
 46222 36139 257885.347  124  266 263652.478 103053.813  60.9%  15.9  281s
H46771 36534                    263494.42473 103062.433  60.9%  16.0  284s
 46807 36627 148219.163  239  278 263494.425 103062.433  60.9%  16.0  285s
 47498 37227 190921.750  343  254 263494.425 103062.433  60.9%  16.0  290s
H48081 37655                    263334.82787 103062.433  60.9%  16.1  293s
 48285 37924 227656.452  372  244 263334.828 103062.433  60.9%  16.2  295s
 49133 38628 infeasible  410      263334.828 103062.433  60.9%  16.2  300s
H49152 38614                    263281.62891 103062.433  60.9%  16.2  300s
H49441 38852                    263228.42996 103062.433  60.8%  16.2  303s
H49728 38982                    263175.23100 103131.115  60.8%  16.2  304s
 49769 39014 200746.267  106  277 263175.231 103131.115  60.8%  16.3  305s
H49770 39003                    263122.03205 103131.115  60.8%  16.3  305s
H49807 39032                    263068.83309 103131.115  60.8%  16.3  306s
H49997 39156                    263015.63414 103131.115  60.8%  16.3  308s
 50148 39504 194312.126   91  278 263015.634 103131.115  60.8%  16.4  311s
H50284 39494                    262962.43518 103131.115  60.8%  16.3  311s
 50442 39728 209175.761  112  273 262962.435 103139.503  60.8%  16.3  316s
H50629 39709                    262909.23622 103139.503  60.8%  16.3  316s
H51291 40347                    262856.03727 103139.503  60.8%  16.2  320s
H51634 40635                    262802.83831 103139.503  60.8%  16.2  323s
 51799 40754 169942.295  268  261 262802.838 103139.503  60.8%  16.2  325s
H51980 40847                    262643.24145 103139.503  60.7%  16.2  326s
H52082 40670                    262058.05294 103139.503  60.6%  16.2  326s
H52309 40922                    262004.85399 103139.503  60.6%  16.3  328s
 52469 41074 191214.263  303  250 262004.854 103139.503  60.6%  16.2  330s
H52774 41262                    261951.65503 103139.503  60.6%  16.3  331s
 53080 41632 214448.278  326  241 261951.655 103139.503  60.6%  16.4  335s
 53854 42273 208051.217   63  282 261951.655 103139.503  60.6%  16.7  341s
 54606 42990 174719.821  185  268 261951.655 103280.179  60.6%  16.6  345s
 55792 44011 134675.600  152  285 261951.655 103338.145  60.6%  16.5  350s
 56654 44695 191607.483  273  258 261951.655 103338.145  60.6%  16.5  355s
 57065 45189 221561.619  316  242 261951.655 103338.145  60.6%  16.9  360s
 58262 46247 153747.866   53  288 261951.655 103345.358  60.5%  16.8  366s
 59025 46932 142290.683  141  280 261951.655 103354.857  60.5%  16.7  370s
 59844 47521 204491.150  249  252 261951.655 103354.857  60.5%  16.9  375s
 60690 48410 235022.903  312  242 261951.655 103354.857  60.5%  17.1  380s
 61656 49256 231173.543   97  275 261951.655 103372.140  60.5%  17.1  386s
 62613 50024 155463.725  167  274 261951.655 103402.922  60.5%  16.9  391s
 63711 50788 199917.842  248  254 261951.655 103402.922  60.5%  16.8  395s
 64781 51710 234301.037  313  243 261951.655 103402.922  60.5%  17.1  400s
 65660 52288 infeasible  181      261951.655 103463.127  60.5%  17.1  406s
 66327 53186 137176.429  142  277 261951.655 103492.060  60.5%  16.9  410s
 67345 53943 175419.102  247  261 261951.655 103492.060  60.5%  16.9  415s
 67888 54539 223072.421  289  248 261951.655 103492.060  60.5%  17.3  420s
 68762 55133 172562.349  100  281 261951.655 103493.966  60.5%  17.3  425s
 69772 56143 221435.557  149  272 261951.655 103528.133  60.5%  17.3  430s
 70787 56739 169335.770   64  280 261951.655 103652.070  60.4%  17.2  435s
 71873 57802 192474.235  144  284 261951.655 103658.462  60.4%  17.1  440s
 72913 58624 136946.605  112  282 261951.655 103663.907  60.4%  17.1  445s
 73732 59275 253563.100  148  278 261951.655 103689.995  60.4%  17.1  450s
 74793 60247 176113.182  261  261 261951.655 103705.958  60.4%  17.1  455s
 75686 60992 216178.110  304  249 261951.655 103705.958  60.4%  17.1  460s
 76659 61657 253555.670  100  273 261951.655 103770.110  60.4%  17.1  465s
 77450 62416 168879.510  188  276 261951.655 103770.845  60.4%  17.1  470s
 78178 63001 235914.339  276  248 261951.655 103770.845  60.4%  17.3  475s
 78982 63661 251124.625   96  277 261951.655 103780.033  60.4%  17.3  480s
 80115 64687 176590.639  230  266 261951.655 103826.739  60.4%  17.2  485s
 80975 65419 214743.442  300  245 261951.655 103826.739  60.4%  17.2  490s
 81583 65921 235366.479  323  240 261951.655 103826.739  60.4%  17.3  495s
 82748 66925 140724.142  161  282 261951.655 103866.060  60.3%  17.2  500s
 83698 67739 185118.572  247  258 261951.655 103866.060  60.3%  17.1  505s
 84587 68510 206754.329  267  255 261951.655 103866.060  60.3%  17.2  510s
 85177 69024 234213.813  318  245 261951.655 103866.060  60.3%  17.5  515s
 86012 69747 136191.475  118  281 261951.655 103894.946  60.3%  17.6  521s
 86971 70543 infeasible  127      261951.655 103904.352  60.3%  17.5  526s
 88289 71479 138058.564  146  280 261951.655 103913.464  60.3%  17.4  530s
 89024 72169 197712.117  228  265 261951.655 103913.464  60.3%  17.5  535s
 89393 72604 223380.779  267  244 261951.655 103913.464  60.3%  17.8  540s
 90742 73704 infeasible  240      261951.655 103934.385  60.3%  17.7  546s
 91652 74313 154813.381  170  281 261951.655 103941.628  60.3%  17.6  550s
 92719 75153 197727.748  238  261 261951.655 103941.628  60.3%  17.5  555s
 93384 75729 219951.628  281  239 261951.655 103941.628  60.3%  17.7  560s
 94262 76602 infeasible  394      261951.655 103948.305  60.3%  17.7  565s
 95408 77270 259409.178  143  273 261951.655 104022.438  60.3%  17.6  570s
 95788 77429 203769.201  118  279 261951.655 104027.926  60.3%  17.6  576s
 96135 78092 143953.831  103  287 261951.655 104029.499  60.3%  17.6  580s
 97284 78997 220173.618  270  252 261951.655 104029.499  60.3%  17.5  585s
 98117 79735 170507.588   90  279 261951.655 104030.658  60.3%  17.5  590s
 98960 80518 130309.384   64  288 261951.655 104031.769  60.3%  17.5  596s
 99922 81441 190855.242  126  275 261951.655 104037.297  60.3%  17.4  601s
 100959 82205 146804.661  169  275 261951.655 104039.511  60.3%  17.4  605s
 101518 82712 184996.862  237  256 261951.655 104039.511  60.3%  17.5  610s
 101905 83181 208831.776  263  253 261951.655 104039.511  60.3%  17.8  615s
 102952 83953 123331.107   60  288 261951.655 104051.988  60.3%  17.7  620s
 103737 84701 156117.300  169  278 261951.655 104055.304  60.3%  17.7  625s
 104307 85058 179187.968  210  268 261951.655 104055.304  60.3%  17.7  631s
 104602 85437 192801.024  245  259 261951.655 104055.304  60.3%  17.9  635s
 105285 86148 223999.888  280  247 261951.655 104055.304  60.3%  18.0  640s
 106130 86651 200417.614  101  280 261951.655 104062.566  60.3%  17.9  645s
 107347 87749 224683.834  124  265 261951.655 104078.809  60.3%  17.8  651s
 108283 88390 170780.063  182  269 261951.655 104078.809  60.3%  17.7  655s
 108869 88728 180212.643  208  261 261951.655 104078.809  60.3%  17.7  660s
 109679 89552 210985.419  252  252 261951.655 104078.809  60.3%  17.7  665s
 110163 89791 231253.703  284  239 261951.655 104078.809  60.3%  17.8  670s
 110301 89924 249592.274  302  233 261951.655 104078.809  60.3%  17.9  675s
 111053 90728 219133.493   73  282 261951.655 104130.338  60.2%  18.0  680s
 111969 91446 228316.075  286  251 261951.655 104137.987  60.2%  18.0  685s
 112835 92080 161500.244  140  284 261951.655 104137.987  60.2%  18.0  690s
 113522 92712 174954.109  170  271 261951.655 104137.987  60.2%  17.9  696s
 114546 93538 219892.025  243  259 261951.655 104137.987  60.2%  17.9  701s
 115561 94309 214112.830  102  276 261951.655 104173.368  60.2%  17.9  705s
 116739 95492 infeasible  107      261951.655 104185.808  60.2%  17.8  710s
 117950 96289 146235.705  146  282 261951.655 104192.528  60.2%  17.7  715s
 118905 97100 186926.995  210  262 261951.655 104192.528  60.2%  17.7  720s
 119465 97711 226519.167  252  251 261951.655 104192.528  60.2%  17.9  725s
 120157 98060     cutoff  152      261951.655 104199.490  60.2%  17.9  731s
 120805 98515 113495.527   90  288 261951.655 104223.006  60.2%  17.8  735s
 121519 99081 256264.535  290  254 261951.655 104223.006  60.2%  17.8  740s
 122222 99633     cutoff   72      261951.655 104285.499  60.2%  17.8  745s
 123190 100439 237249.839   56  282 261951.655 104296.668  60.2%  17.7  750s
 124154 101193 186290.586  210  265 261951.655 104296.668  60.2%  17.8  755s
 124295 101331 187214.151  214  264 261951.655 104296.668  60.2%  17.8  762s
 124570 101410 195984.961  222  265 261951.655 104296.668  60.2%  17.9  765s
 125347 102137 219276.984  272  254 261951.655 104296.668  60.2%  17.8  770s
 126171 102911 240211.553  301  245 261951.655 104296.668  60.2%  17.8  775s
 127107 103721 125742.355   77  287 261951.655 104338.545  60.2%  17.8  780s
 127894 104321 194422.341  231  268 261951.655 104341.648  60.2%  17.8  785s
 128690 105054 105738.667   75  290 261951.655 104347.422  60.2%  17.9  791s
 129333 105643 160672.826  185  274 261951.655 104347.422  60.2%  17.8  797s
 130019 106024 191578.259  248  254 261951.655 104347.422  60.2%  17.8  800s
 130875 106711 219652.008  296  247 261951.655 104347.422  60.2%  17.8  805s
 131552 107345 259152.669  136  264 261951.655 104371.012  60.2%  17.9  811s
 132107 107753 245355.599  160  263 261951.655 104377.218  60.2%  17.9  815s
 132982 108627 170653.995  181  278 261951.655 104385.153  60.2%  17.9  821s
 133744 109083 209637.734  250  261 261951.655 104385.153  60.2%  17.9  825s
 134700 109581 141771.638  100  284 261951.655 104409.240  60.1%  17.9  832s
 135011 110078 219481.749  203  255 261951.655 104409.240  60.1%  17.9  836s
 135827 110976 246648.124  147  269 261951.655 104421.714  60.1%  17.9  841s
 136834 111655 106609.725   53  288 261951.655 104423.897  60.1%  17.8  845s
 137561 112295 148584.351  154  280 261951.655 104423.897  60.1%  17.8  850s
 138617 113177 199549.434  224  259 261951.655 104423.897  60.1%  17.7  855s
 139627 114025 219743.010  238  253 261951.655 104423.897  60.1%  17.8  862s
 140127 114506 233877.732  263  247 261951.655 104423.897  60.1%  17.8  866s
 140636 114829 225263.877   97  277 261951.655 104473.877  60.1%  17.8  870s
 141412 115354 172367.488  101  281 261951.655 104477.435  60.1%  17.8  875s
 142223 116186 147635.417  163  277 261951.655 104477.435  60.1%  17.8  881s
 143191 117021 194816.461  255  260 261951.655 104477.435  60.1%  17.8  885s
 144194 117697 179008.200   79  280 261951.655 104489.448  60.1%  17.8  890s
 144912 118149 193297.325  144  263 261951.655 104491.714  60.1%  17.8  896s
 145470 118823 257448.844  225  267 261951.655 104501.355  60.1%  17.7  900s
 146322 119737 118419.656   92  285 261951.655 104523.745  60.1%  17.7  905s
 147939 121048 159961.248  208  272 261951.655 104523.745  60.1%  17.5  910s
 148914 122111 200746.999  258  260 261951.655 104523.745  60.1%  17.7  915s
 150031 122908 136496.639  129  275 261951.655 104532.000  60.1%  17.8  920s
 150312 123047 161727.605  181  269 261951.655 104532.000  60.1%  17.9  925s
 150937 123697 261519.046  311  238 261951.655 104545.516  60.1%  17.9  930s
 151902 124261 229208.855   82  277 261951.655 104566.643  60.1%  17.9  935s
 152858 124848 202959.965   99  277 261951.655 104596.747  60.1%  17.9  941s
 153718 125618 204631.082  150  273 261951.655 104613.644  60.1%  17.9  945s
 154437 126088 178498.150   50  286 261951.655 104620.117  60.1%  17.9  950s
 155335 126781 144861.987  166  278 261951.655 104628.219  60.1%  17.9  955s
 156080 127494 181203.890  237  258 261951.655 104628.219  60.1%  18.0  960s
 156519 127827 213780.075  262  253 261951.655 104628.219  60.1%  18.1  966s
 156938 128371 224158.747  273  250 261951.655 104628.219  60.1%  18.1  971s
 157839 129171 223351.001  115  279 261951.655 104643.256  60.1%  18.1  975s
 158862 130291 156296.916  198  270 261951.655 104663.218  60.0%  18.0  980s
 159786 130891 200729.439  252  267 261951.655 104663.218  60.0%  18.1  985s
 160520 131594 242058.404  324  239 261951.655 104663.218  60.0%  18.2  990s
H161604 132265                    261738.85921 104690.000  60.0%  18.2  994s
 162067 132647 220206.792  106  277 261738.859 104704.075  60.0%  18.2  995s
H162117 132624                    261685.66026 104704.075  60.0%  18.2  995s
 163167 133642 114410.518  120  287 261685.660 104711.335  60.0%  18.2 1001s
 163911 134303 157771.423  205  272 261685.660 104711.335  60.0%  18.2 1006s
 164289 134603 164171.104  225  266 261685.660 104711.335  60.0%  18.3 1013s
 164497 134812 177971.498  241  260 261685.660 104711.335  60.0%  18.3 1015s
 165319 135738 235101.483   92  280 261685.660 104712.279  60.0%  18.4 1020s
 166659 136791 136191.186  143  276 261685.660 104714.102  60.0%  18.3 1026s
 167326 137339 181450.296  209  266 261685.660 104714.102  60.0%  18.4 1030s
 167790 137686 204565.027  239  253 261685.660 104714.102  60.0%  18.5 1035s
 168452 138233 221906.681  269  245 261685.660 104714.102  60.0%  18.5 1040s
 169281 139010 256076.125  303  239 261685.660 104722.966  60.0%  18.5 1048s
 169798 139370 227589.856  137  274 261685.660 104723.473  60.0%  18.5 1050s
 170618 139991 224616.269  270  254 261685.660 104725.456  60.0%  18.5 1055s
H171115 140250                    261655.69222 104730.996  60.0%  18.5 1057s
 171689 141009 142915.548  160  279 261655.692 104730.996  60.0%  18.5 1060s
H172407 141548                    261632.46130 104730.996  60.0%  18.6 1064s
 172579 141702 211813.148  245  256 261632.461 104730.996  60.0%  18.6 1065s
 172991 142124 226082.485  266  245 261632.461 104730.996  60.0%  18.7 1070s
H173568 142362                    261260.06862 104731.030  59.9%  18.8 1073s
 173902 142700 198250.901  103  279 261260.069 104733.089  59.9%  18.8 1076s
 174440 142975 223891.286  107  279 261260.069 104737.294  59.9%  18.8 1080s
H174689 143124                    261206.86966 104739.562  59.9%  18.8 1081s
 175493 143764 144609.563  158  282 261206.870 104743.574  59.9%  18.8 1085s
H175791 143852                    261153.67071 104743.574  59.9%  18.8 1087s
 176088 144261 164630.470  208  270 261153.671 104743.574  59.9%  18.8 1090s
 176910 145029 192884.247  243  260 261153.671 104743.574  59.9%  18.8 1095s
 177668 145575 216081.835  281  248 261153.671 104743.574  59.9%  18.9 1100s
H177764 145649                    261130.61909 104743.574  59.9%  18.9 1101s
 178166 146192 252550.245  336  232 261130.619 104749.160  59.9%  18.9 1105s
H178863 146632                    261100.47175 104750.556  59.9%  18.9 1108s
 179453 146883 257480.325  104  270 261100.472 104750.919  59.9%  18.9 1110s
 179703 146952 210950.981   98  276 261100.472 104750.919  59.9%  18.9 1116s
 180516 147621 191932.030  123  268 261100.472 104754.555  59.9%  18.9 1121s
 181384 148328 109154.059   62  288 261100.472 104757.131  59.9%  18.9 1125s
 182382 149316 144830.948   71  282 261100.472 104761.806  59.9%  18.8 1130s
 183434 150009 114354.606  102  288 261100.472 104764.509  59.9%  18.8 1135s
 183957 150631 163112.521  204  270 261100.472 104764.509  59.9%  18.8 1140s
 184750 151216 202856.286  263  253 261100.472 104764.509  59.9%  18.9 1145s
 184919 151335 213026.833  271  251 261100.472 104764.509  59.9%  18.9 1150s
 185786 152042 238744.745  322  236 261100.472 104764.509  59.9%  18.9 1155s
 186711 152731 146619.714  191  280 261100.472 104770.126  59.9%  18.9 1160s
 187581 153558 184078.868  285  255 261100.472 104770.126  59.9%  18.9 1165s
 188294 154250 208770.595  308  257 261100.472 104770.126  59.9%  18.9 1170s
 189145 155016 252797.372  369  235 261100.472 104770.126  59.9%  19.0 1175s
 189972 155472 197548.417  123  280 261100.472 104781.303  59.9%  18.9 1181s
 190578 156225 249860.202  190  262 261100.472 104788.139  59.9%  18.9 1185s
 191714 157038 174662.258  208  263 261100.472 104788.192  59.9%  18.8 1192s
 192047 157418 189184.294  239  258 261100.472 104788.192  59.9%  18.9 1195s
 192910 158106 258614.439  142  263 261100.472 104791.798  59.9%  19.0 1200s
 193666 158863 115629.800   96  287 261100.472 104793.809  59.9%  19.0 1205s
 194759 159590 178470.788  228  266 261100.472 104793.809  59.9%  19.0 1210s
 195416 160115 207598.811  262  253 261100.472 104793.809  59.9%  19.0 1218s
 195698 160516 225012.868  296  243 261100.472 104793.809  59.9%  19.0 1220s
 196316 161222 114317.872   86  287 261100.472 104801.657  59.9%  19.0 1225s
 197521 162274 137036.476  144  281 261100.472 104801.657  59.9%  19.0 1231s
 198331 162907 168654.509  206  271 261100.472 104801.657  59.9%  19.0 1235s
 198869 163473 189974.406  219  259 261100.472 104801.657  59.9%  19.1 1240s
 199644 164123 210383.691  250  250 261100.472 104801.657  59.9%  19.2 1246s
 200160 164545 230488.990  273  248 261100.472 104801.657  59.9%  19.2 1250s
 200956 165340 253128.163  345  234 261100.472 104801.657  59.9%  19.2 1255s
 201972 166302 156536.653  154  272 261100.472 104814.957  59.9%  19.1 1261s
 202584 166495 150872.593   81  284 261100.472 104815.601  59.9%  19.2 1267s
 203077 167039     cutoff   76      261100.472 104818.381  59.9%  19.2 1270s
 204332 168002     cutoff  137      261100.472 104830.252  59.9%  19.2 1276s
 205327 168838 183660.577  235  266 261100.472 104837.560  59.8%  19.2 1280s
 206279 169681 257112.397  154  263 261100.472 104859.955  59.8%  19.2 1285s
 207256 170256 244555.705  111  278 261100.472 104875.493  59.8%  19.1 1291s
 207969 171012 infeasible  280      261100.472 104879.110  59.8%  19.1 1295s
 208820 171680 180319.639  213  266 261100.472 104879.208  59.8%  19.2 1300s
 209384 172166 218726.111  273  249 261100.472 104879.208  59.8%  19.3 1307s
 209650 172491 248167.635  292  237 261100.472 104889.485  59.8%  19.3 1310s
 210331 172988 254374.066  125  268 261100.472 104897.113  59.8%  19.3 1315s
 211297 173674 258152.808  130  266 261100.472 104910.396  59.8%  19.3 1321s
 212036 174325 154689.382  166  280 261100.472 104928.680  59.8%  19.2 1325s
 212813 174952 198738.665  246  254 261100.472 104928.680  59.8%  19.2 1330s
 213646 175687 191107.507   75  281 261100.472 104943.959  59.8%  19.3 1336s
 214327 176263 226308.133  117  273 261100.472 104958.020  59.8%  19.3 1340s
 215571 177229 157080.859  162  273 261100.472 104985.643  59.8%  19.2 1345s
 215902 177513 182573.299  210  258 261100.472 104985.643  59.8%  19.3 1352s
 216119 177776 186382.348  212  262 261100.472 104985.643  59.8%  19.3 1355s
 216453 178127 208978.501  231  248 261100.472 104985.643  59.8%  19.4 1360s
 217088 178801 250322.917  260  243 261100.472 104996.864  59.8%  19.4 1365s
 218053 179474 182775.071  135  261 261100.472 104999.523  59.8%  19.4 1370s
 219259 180445 248519.093  185  244 261100.472 105004.805  59.8%  19.3 1375s
 220012 180876 177094.362   85  281 261100.472 105041.466  59.8%  19.3 1380s
 221036 181655     cutoff   81      261100.472 105047.696  59.8%  19.3 1385s
 221951 182438 105064.886   51  288 261100.472 105064.584  59.8%  19.3 1391s
H222782 183064                    261096.95649 105064.584  59.8%  19.2 1395s
 223400 183750 244960.568  303  238 261096.956 105064.584  59.8%  19.3 1400s
 224342 184503 224069.607  122  281 261096.956 105076.314  59.8%  19.3 1405s
 224670 184505 154953.312  196  272 261096.956 105083.968  59.8%  19.3 1410s
 225143 185116 136268.168  143  278 261096.956 105084.801  59.8%  19.3 1415s
 226023 185730 193707.674  208  265 261096.956 105084.801  59.8%  19.3 1420s
 226507 186221 224949.638  255  245 261096.956 105084.801  59.8%  19.3 1425s
 227438 186921 245971.804  104  272 261096.956 105102.369  59.7%  19.3 1430s
 228591 187877 114222.281  111  288 261096.956 105105.998  59.7%  19.3 1435s
 229434 188537 187348.298  241  255 261096.956 105105.998  59.7%  19.4 1440s
H229542 188591                    261096.95338 105105.998  59.7%  19.4 1441s
H229746 188790                    261096.95133 105105.998  59.7%  19.4 1443s
 229924 189032 219336.618  285  245 261096.951 105105.998  59.7%  19.4 1445s
 231038 189928 215316.314  110  281 261096.951 105112.332  59.7%  19.4 1450s
 231792 190477 infeasible  115      261096.951 105122.455  59.7%  19.4 1455s
 232738 191348 125720.457  149  284 261096.951 105125.507  59.7%  19.4 1460s
 233909 192178 173197.924  246  263 261096.951 105125.507  59.7%  19.3 1465s
 234147 192355 188015.563  262  257 261096.951 105125.507  59.7%  19.4 1471s
 234470 192762 215961.184  281  250 261096.951 105125.507  59.7%  19.4 1475s
 235292 193458 156210.988   89  285 261096.951 105129.506  59.7%  19.5 1481s
 236233 194309 156602.569  190  274 261096.951 105134.984  59.7%  19.4 1486s
 236892 194956 182645.551  241  262 261096.951 105134.984  59.7%  19.4 1490s
 237797 195693 219461.833  289  247 261096.951 105134.984  59.7%  19.5 1495s
H238016 195833                    261096.94971 105134.984  59.7%  19.5 1496s
H238447 196259                    261096.78974 105134.984  59.7%  19.6 1499s
 238581 196330 infeasible  337      261096.790 105135.155  59.7%  19.6 1500s
 239415 196968 134166.846  153  284 261096.790 105148.075  59.7%  19.5 1505s
 240186 197651 172201.596  225  271 261096.790 105148.075  59.7%  19.6 1510s
 240548 197914 204590.507  258  264 261096.790 105148.075  59.7%  19.6 1516s
 240926 198468 232619.528  307  247 261096.790 105148.075  59.7%  19.6 1520s
 241859 199123 252296.605  138  271 261096.790 105158.525  59.7%  19.6 1525s
 243186 200194 176393.410  255  264 261096.790 105162.646  59.7%  19.6 1530s
 243838 200683 196660.335  274  253 261096.790 105162.646  59.7%  19.6 1535s
 244605 201343 221739.528  304  248 261096.790 105162.646  59.7%  19.6 1540s
 245271 201882 159589.997   74  283 261096.790 105169.671  59.7%  19.6 1545s
 246075 202560 134249.994  161  281 261096.790 105178.055  59.7%  19.6 1551s
 246700 203139 164545.503  199  270 261096.790 105178.055  59.7%  19.6 1556s
 247324 203648 183937.432  232  254 261096.790 105178.055  59.7%  19.6 1560s
 247536 203802 189237.432  238  259 261096.790 105178.055  59.7%  19.6 1565s
 248376 204451 212175.025  277  248 261096.790 105178.055  59.7%  19.6 1571s
 248974 205095 246697.995  325  235 261096.790 105178.055  59.7%  19.7 1576s
 249924 205846 202715.670  103  277 261096.790 105192.277  59.7%  19.6 1580s
 250720 206417 259639.950  104  268 261096.790 105196.087  59.7%  19.7 1585s
 251841 207451 225729.102  332  246 261096.790 105196.939  59.7%  19.7 1590s
 252936 208378     cutoff   95      261096.790 105203.859  59.7%  19.7 1595s
 253739 208947 129197.813  132  282 261096.790 105206.393  59.7%  19.6 1603s
 254124 209196 157616.440  175  279 261096.790 105206.393  59.7%  19.6 1605s
 255194 210087 207105.281  256  251 261096.790 105206.393  59.7%  19.6 1610s
 256184 211036 248602.129  320  234 261096.790 105206.393  59.7%  19.6 1615s
 257306 211796 255205.305  152  272 261096.790 105255.018  59.7%  19.6 1620s
 258503 212640 252627.625   92  281 261096.790 105262.918  59.7%  19.5 1625s
 259499 213453     cutoff  153      261096.790 105268.988  59.7%  19.6 1630s
 259972 213792 110956.294   71  286 261096.790 105281.077  59.7%  19.6 1637s
 260415 214148 177198.984   93  279 261096.790 105284.967  59.7%  19.6 1640s
 261417 215125 165070.605  231  271 261096.790 105284.967  59.7%  19.6 1645s
 262007 215537 183752.653  245  267 261096.790 105284.967  59.7%  19.6 1650s
 262797 216176 199052.828  262  265 261096.790 105284.967  59.7%  19.6 1655s
 263764 216923 215795.828  299  244 261096.790 105284.967  59.7%  19.6 1660s
 264464 217521 250117.628  126  275 261096.790 105292.755  59.7%  19.7 1665s
 265029 217970 207674.938  105  278 261096.790 105311.334  59.7%  19.7 1671s
 265536 218538 151937.389  172  278 261096.790 105311.624  59.7%  19.7 1676s
 266211 218976 186683.402  237  258 261096.790 105311.624  59.7%  19.7 1680s
 266875 219339 205237.961  258  246 261096.790 105311.624  59.7%  19.7 1686s
 267392 219741 220018.212  286  246 261096.790 105311.624  59.7%  19.7 1690s
 268272 220667 215954.828  125  282 261096.790 105334.161  59.7%  19.7 1696s
 268827 221124 141598.918  140  285 261096.790 105334.161  59.7%  19.7 1700s
 269836 221890 115885.454   95  286 261096.790 105338.627  59.7%  19.7 1705s
 270221 222184 148981.632  173  274 261096.790 105338.627  59.7%  19.7 1711s
 270592 222588 186495.620  218  261 261096.790 105338.627  59.7%  19.7 1715s
 271279 223242 205562.650  252  259 261096.790 105338.627  59.7%  19.8 1720s
 272174 223947 233572.754  297  244 261096.790 105338.627  59.7%  19.8 1726s
 273179 224949 132409.431  173  278 261096.790 105354.499  59.6%  19.7 1731s
 273900 225397 163946.358  255  264 261096.790 105354.499  59.6%  19.8 1735s
 274321 225807 184482.195  290  259 261096.790 105354.499  59.6%  19.8 1740s
H274456 225832                    261052.83834 105354.499  59.6%  19.9 1741s
 274771 226261 230288.957  325  247 261052.838 105354.499  59.6%  19.9 1745s
 275385 226579 177885.686  164  276 261052.838 105358.233  59.6%  19.9 1752s
 275772 227085 156019.431   82  281 261052.838 105364.989  59.6%  19.9 1756s
 276418 227497     cutoff  203      261052.838 105373.334  59.6%  19.8 1760s
 277366 228419 256094.643  128  267 261052.838 105377.553  59.6%  19.8 1765s
 278282 229094 162958.809  211  272 261052.838 105378.993  59.6%  19.8 1770s
 278884 229557 210831.871  286  258 261052.838 105378.993  59.6%  19.8 1775s
 279469 230183 249909.666  380  232 261052.838 105379.017  59.6%  19.9 1780s
H279839 230259                    261040.68246 105379.812  59.6%  19.9 1782s
H279913 230308                    261040.43184 105383.511  59.6%  19.9 1783s
 279948 230542 220359.852  138  280 261040.432 105388.535  59.6%  19.9 1785s
 280612 230856 256982.210  169  260 261040.432 105388.535  59.6%  19.9 1790s
 281551 231729 185100.896  120  277 261040.432 105410.202  59.6%  19.8 1795s
H282240 232236                    260940.87489 105415.189  59.6%  19.8 1798s
 282647 232585 157268.310  220  273 260940.875 105415.189  59.6%  19.8 1800s
 283204 233008 190947.907  264  255 260940.875 105415.189  59.6%  19.8 1805s
 283858 233632 218238.245  290  251 260940.875 105415.189  59.6%  19.9 1810s
 284393 234242 242616.817  315  243 260940.875 105415.189  59.6%  19.9 1815s
 285344 234886     cutoff  121      260940.875 105424.137  59.6%  19.8 1820s
 285573 234967 155973.110  166  278 260940.875 105429.612  59.6%  19.8 1826s
 285951 235443 159577.327  174  276 260940.875 105429.612  59.6%  19.8 1830s
 287015 236326 192750.047   80  281 260940.875 105434.045  59.6%  19.8 1836s
 287586 236782 150684.858  165  279 260940.875 105434.045  59.6%  19.8 1840s
 288321 237584 184558.324  236  268 260940.875 105434.045  59.6%  19.9 1845s
 289192 238316 207236.440  263  256 260940.875 105434.045  59.6%  19.9 1850s
 289960 238906 221516.599  282  248 260940.875 105434.045  59.6%  19.9 1855s
 290713 239498 240971.773  305  241 260940.875 105434.045  59.6%  19.9 1863s
 290799 239811 246372.030  309  241 260940.875 105453.305  59.6%  19.9 1865s
 291723 240446 206140.556  230  257 260940.875 105459.356  59.6%  19.9 1870s
 292521 241054 106841.202   73  289 260940.875 105474.231  59.6%  19.8 1876s
 293375 241569 166679.912   91  283 260940.875 105483.613  59.6%  19.8 1880s
 294295 242469 192196.783  200  265 260940.875 105495.397  59.6%  19.8 1886s
 294807 242812 215833.675  253  256 260940.875 105495.397  59.6%  19.8 1890s
H294926 242877                    260940.57662 105495.397  59.6%  19.8 1891s
 295218 243144 247856.422  271  245 260940.577 105497.536  59.6%  19.9 1895s
 295718 243498 109874.478   61  285 260940.577 105509.801  59.6%  19.9 1902s
 296103 243812 220050.010  180  265 260940.577 105513.710  59.6%  19.9 1905s
 296731 244333 139779.072  186  277 260940.577 105515.794  59.6%  19.9 1910s
 297390 244785 152455.936  211  277 260940.577 105515.794  59.6%  19.9 1915s
 298011 245382 167531.199  235  266 260940.577 105515.794  59.6%  19.9 1920s
 298566 245848 194156.219  280  253 260940.577 105515.794  59.6%  19.9 1925s
 299525 246702 248936.700  318  240 260940.577 105531.720  59.6%  19.9 1931s
 300559 247524     cutoff  120      260940.577 105538.792  59.6%  19.8 1936s
 300780 247687 259525.571  140  273 260940.577 105540.345  59.6%  19.8 1940s
H301157 247817                    260920.72164 105541.819  59.6%  19.8 1942s
 301577 248411 137201.456  137  287 260920.722 105541.819  59.6%  19.8 1946s
 302219 248890 184817.147  207  267 260920.722 105541.819  59.6%  19.8 1950s
 302827 249600 204255.749  239  252 260920.722 105541.819  59.6%  19.9 1956s
 303562 250147 217308.771  259  248 260920.722 105541.819  59.6%  19.9 1960s
 304781 251158 171147.431  136  283 260920.722 105559.630  59.5%  19.8 1965s
 305728 251948 176577.059  105  280 260920.722 105574.356  59.5%  19.8 1970s
 305942 252030 165767.381  168  267 260920.722 105583.757  59.5%  19.8 1977s
 306281 252535 132409.503  140  284 260920.722 105583.757  59.5%  19.8 1980s
H306752 252777                    260920.46524 105583.757  59.5%  19.9 1982s
 307095 253232 201136.403  237  256 260920.465 105583.757  59.5%  19.9 1985s
 307897 253881 244578.776  315  234 260920.465 105583.757  59.5%  19.9 1991s
 308949 254654 256695.506  124  272 260920.465 105594.339  59.5%  19.9 1995s
 309922 255464 243280.379  144  263 260920.465 105602.264  59.5%  19.9 2000s
 310825 256081     cutoff   97      260920.465 105608.143  59.5%  19.8 2005s
 311125 256395     cutoff  103      260920.465 105611.479  59.5%  19.8 2010s
 312075 257185 140494.993  158  284 260920.465 105611.585  59.5%  19.9 2015s
 313167 258077 181568.374  229  267 260920.465 105611.585  59.5%  19.9 2020s
 314021 258867 204687.145  257  253 260920.465 105611.585  59.5%  19.9 2026s
 314777 259630     cutoff  295      260920.465 105611.585  59.5%  19.9 2030s
 315869 260391 infeasible  105      260920.465 105623.682  59.5%  19.9 2035s
 316405 260867 250807.440  111  266 260920.465 105629.544  59.5%  19.9 2041s
 317505 261771 186760.803  236  257 260920.465 105629.544  59.5%  19.9 2045s
 318189 262326 217720.475  267  250 260920.465 105629.544  59.5%  19.9 2050s
 319409 263372 infeasible  131      260920.465 105647.951  59.5%  19.9 2055s
 320087 263734 256483.479  169  267 260920.465 105667.175  59.5%  19.9 2061s
 321058 264384 168485.591   84  282 260920.465 105680.806  59.5%  19.8 2066s
 321324 264386 237892.713   89  280 260920.465 105682.125  59.5%  19.8 2070s
 322139 265205 161979.997   85  283 260920.465 105694.494  59.5%  19.8 2075s
 323276 266001 213072.433   81  280 260920.465 105707.620  59.5%  19.7 2081s
 323958 266559 142546.416  154  279 260920.465 105708.333  59.5%  19.8 2085s
 324442 267102 171249.415  214  265 260920.465 105708.333  59.5%  19.8 2090s
 325354 267852 189168.208  244  261 260920.465 105708.333  59.5%  19.8 2095s
 326349 268616 221481.792  293  248 260920.465 105708.333  59.5%  19.9 2104s
 326420 268711 223462.529  294  249 260920.465 105708.333  59.5%  19.9 2105s
 327181 269423 infeasible  105      260920.465 105736.278  59.5%  19.9 2111s
 327859 270014     cutoff   63      260920.465 105747.448  59.5%  19.9 2116s
 328853 270689 131430.656  106  288 260920.465 105749.944  59.5%  19.8 2120s
 329338 271141 118148.828   99  285 260920.465 105759.900  59.5%  19.8 2125s
 329983 271573 178616.862  203  263 260920.465 105759.900  59.5%  19.9 2130s
 330550 272297 221051.758  274  257 260920.465 105759.900  59.5%  20.0 2135s
 331506 272699 173436.624  109  273 260920.465 105761.079  59.5%  19.9 2143s
H331507 272699                    260920.40349 105761.079  59.5%  19.9 2143s
 331796 273138 221180.728  154  258 260920.403 105767.341  59.5%  19.9 2145s
 332924 273955 infeasible  107      260920.403 105786.864  59.5%  19.9 2150s
 334038 274803 157031.865  176  272 260920.403 105797.211  59.5%  19.9 2155s
 334582 275435 193744.058  217  255 260920.403 105797.211  59.5%  19.9 2160s
 335292 276101 243480.215  302  242 260920.403 105797.211  59.5%  20.0 2165s
 336437 277012 173976.061  190  266 260920.403 105801.375  59.5%  20.0 2170s
 336687 277235 228782.548  256  242 260920.403 105810.318  59.4%  20.0 2176s
 337887 278299 158185.673  198  275 260920.403 105815.121  59.4%  19.9 2181s
 339010 279207 229002.864   86  275 260920.403 105825.666  59.4%  19.9 2185s
 339995 279986 178466.536  137  277 260920.403 105833.264  59.4%  19.9 2190s
 340637 280687 151393.764  160  279 260920.403 105845.515  59.4%  19.9 2196s
 341364 281204 259659.472  113  272 260920.403 105856.292  59.4%  19.9 2201s
 341585 281525 114319.485   69  287 260920.403 105856.292  59.4%  19.9 2206s
H342194 281861                    260916.83104 105856.292  59.4%  19.9 2208s
 342509 282192 184021.334  220  263 260916.831 105856.292  59.4%  19.9 2210s
 343444 282951 207942.318  253  252 260916.831 105856.292  59.4%  19.9 2215s
 344156 283477 221410.490  267  252 260916.831 105856.292  59.4%  19.9 2220s
 344828 284204 257733.287  161  263 260916.831 105872.389  59.4%  19.9 2225s
 346169 285238     cutoff  107      260916.831 105876.838  59.4%  19.9 2230s
 346807 285657 169652.770  146  282 260916.831 105878.276  59.4%  19.9 2236s
Created node file directory '/home/ps12398/experiment_epec/goalProgrammingMarcos//grbnodes5'
 347542 286359 201696.896  203  268 260916.831 105878.276  59.4%  19.8 2247s
 348168 286861 202304.280  205  262 260916.831 105878.276  59.4%  19.8 2251s
 348870 287471 205918.703  212  263 260916.831 105878.276  59.4%  19.8 2256s
 349614 288212 206819.670  217  261 260916.831 105878.276  59.4%  19.8 2261s
 350292 288526 206959.768  217  260 260916.831 105878.276  59.4%  19.8 2265s
 350981 289084 213299.577  226  261 260916.831 105878.276  59.4%  19.8 2271s
 351669 289472 218736.487  229  258 260916.831 105878.276  59.4%  19.8 2275s
 351860 289571 222048.931  238  254 260916.831 105878.276  59.4%  19.8 2280s
 352938 290759 242019.604  256  250 260916.831 105878.276  59.4%  19.8 2286s
 353553 291347 244030.986  262  247 260916.831 105878.276  59.4%  19.8 2290s
 354564 292309 245950.337  279  248 260916.831 105878.276  59.4%  19.8 2296s
 355132 292769 253116.081  279  247 260916.831 105878.276  59.4%  19.8 2301s
 356054 293338 infeasible  122      260916.831 105892.386  59.4%  19.7 2306s
 356926 293637 255495.329  107  276 260916.831 105893.302  59.4%  19.7 2310s
 357033 293659 256624.402  109  274 260916.831 105893.302  59.4%  19.7 2315s
H357035 293659                    260900.23639 105893.302  59.4%  19.7 2315s
 357521 293931 253046.804  116  270 260900.236 105895.332  59.4%  19.7 2320s
 358121 294440 162544.235   62  285 260900.236 105897.818  59.4%  19.7 2325s
 359049 295384 183714.445  112  276 260900.236 105897.818  59.4%  19.7 2331s
 359683 295884 238989.596  138  262 260900.236 105897.818  59.4%  19.7 2335s
 360294 296284 243189.423  159  257 260900.236 105897.818  59.4%  19.8 2340s
 360793 296578 252418.286  160  267 260900.236 105897.818  59.4%  19.8 2345s
 361429 296858 148943.128   81  287 260900.236 105903.279  59.4%  19.9 2351s
 362321 297730 124467.791  121  285 260900.236 105903.279  59.4%  19.8 2357s
 362715 298128 128085.207  129  284 260900.236 105903.279  59.4%  19.8 2360s
 363218 298544 133104.622  136  283 260900.236 105903.279  59.4%  19.8 2368s
 363516 298831 134989.904  141  282 260900.236 105903.279  59.4%  19.9 2370s
 364117 299374 141939.419  159  279 260900.236 105903.279  59.4%  19.9 2375s
 364756 300011 150242.382  173  277 260900.236 105903.279  59.4%  20.0 2380s
 365555 300715 153008.214  182  274 260900.236 105903.279  59.4%  20.0 2385s
 366630 301522 169192.360  213  270 260900.236 105903.279  59.4%  19.9 2390s
 367582 301990 173354.764  225  262 260900.236 105903.279  59.4%  19.9 2398s
 367864 302172 183396.796  234  256 260900.236 105903.279  59.4%  19.9 2401s
 368391 302376 180435.401  235  260 260900.236 105903.279  59.4%  19.9 2405s
 368965 302633 184349.993  238  257 260900.236 105903.279  59.4%  19.9 2410s
 369926 303289 189663.136  244  260 260900.236 105903.279  59.4%  19.9 2415s
 370728 304325 193393.870  247  261 260900.236 105903.279  59.4%  19.9 2421s
 371606 305188 192080.939  244  262 260900.236 105903.279  59.4%  19.9 2426s
 372734 306039 196994.531  248  252 260900.236 105903.279  59.4%  19.9 2432s
 373101 306659 197674.522  249  261 260900.236 105903.279  59.4%  19.9 2435s
 373877 307399 197103.148  250  260 260900.236 105903.279  59.4%  19.9 2440s
 374825 308199 202174.883  258  257 260900.236 105903.279  59.4%  20.0 2445s
 375680 308988 215047.227  268  257 260900.236 105903.279  59.4%  20.0 2450s
 376350 309466 220362.308  274  253 260900.236 105903.279  59.4%  20.1 2461s
 377031 309741 224940.347  276  251 260900.236 105903.279  59.4%  20.1 2466s
 377841 310077 232322.481  286  246 260900.236 105903.279  59.4%  20.0 2473s
 378076 310308 235963.019  288  245 260900.236 105903.279  59.4%  20.0 2476s
 379011 310741 250519.834  296  244 260900.236 105903.279  59.4%  20.0 2480s
 379790 310820     cutoff  118      260900.236 105920.101  59.4%  20.0 2486s
 380741 311756 155398.698  107  285 260900.236 105924.611  59.4%  20.0 2492s
 381466 312353 175560.271  133  275 260900.236 105924.611  59.4%  19.9 2496s
 382182 312854 246003.838  156  267 260900.236 105924.611  59.4%  19.9 2500s
 382889 313374 185823.448  218  261 260900.236 105925.434  59.4%  19.9 2508s
 383082 313675 215333.360  277  247 260900.236 105925.434  59.4%  19.9 2510s
 383819 314106 infeasible  144      260900.236 105929.783  59.4%  19.9 2515s
 384550 314382 255224.015  137  268 260900.236 105930.633  59.4%  19.9 2520s
 385244 314677 257042.736  154  271 260900.236 105930.912  59.4%  19.9 2525s
 386027 315021 infeasible  127      260900.236 105932.709  59.4%  19.9 2530s
 386937 316134 120771.453  112  285 260900.236 105932.709  59.4%  19.9 2536s
 388061 317194 134899.475  144  282 260900.236 105932.709  59.4%  19.8 2541s
 388898 317928 143966.781  162  282 260900.236 105932.709  59.4%  19.8 2545s
 389403 318439 152140.730  172  276 260900.236 105932.709  59.4%  19.8 2550s
 390296 319224 167370.337  206  270 260900.236 105932.709  59.4%  19.9 2555s
 390689 319641 177695.465  221  267 260900.236 105932.709  59.4%  19.9 2563s
 390887 319827 181418.941  223  267 260900.236 105932.709  59.4%  19.9 2565s
 391497 320376 190133.640  234  253 260900.236 105932.709  59.4%  20.0 2570s
 391945 320823 192618.217  236  256 260900.236 105932.709  59.4%  20.1 2575s
 392390 321318 198607.190  241  253 260900.236 105932.709  59.4%  20.1 2586s
H392460 321318                    260899.59392 105932.709  59.4%  20.1 2586s
 392822 321736 204253.849  246  253 260899.594 105932.709  59.4%  20.2 2590s
 393548 322541 207735.982  248  247 260899.594 105932.709  59.4%  20.2 2596s
 394146 322907 218618.812  262  252 260899.594 105932.709  59.4%  20.2 2600s
 394773 323356 222175.932  266  249 260899.594 105932.709  59.4%  20.3 2605s
 395486 323809 229440.311  273  250 260899.594 105932.709  59.4%  20.3 2611s
 395827 323883 227426.076  274  251 260899.594 105932.709  59.4%  20.3 2615s
 396670 324968 231665.796  278  250 260899.594 105932.709  59.4%  20.3 2620s
 397433 325528 235940.078  288  248 260899.594 105932.709  59.4%  20.3 2625s
 398341 326118 236885.870  291  246 260899.594 105932.709  59.4%  20.3 2631s
 398988 326423 237046.734  293  246 260899.594 105932.709  59.4%  20.3 2636s
 399605 326627 246128.793  295  241 260899.594 105932.709  59.4%  20.3 2641s
 400242 326807 infeasible  296      260899.594 105932.709  59.4%  20.3 2645s
 400776 327218 251274.597  298  237 260899.594 105932.709  59.4%  20.2 2651s
H401260 327551                    260899.57712 105932.709  59.4%  20.2 2653s
 401577 327771     cutoff  301      260899.577 105939.492  59.4%  20.2 2656s
 402784 328661 255668.307  163  262 260899.577 105942.694  59.4%  20.2 2661s
 403711 329317 253847.397  169  263 260899.577 105942.694  59.4%  20.2 2665s
 404651 330305 150560.261   72  285 260899.577 105944.152  59.4%  20.1 2670s
 406100 331535 215415.666  118  263 260899.577 105944.152  59.4%  20.1 2681s
H406442 331687                    260899.54979 105944.152  59.4%  20.1 2682s
 406721 331853 246190.000  143  258 260899.550 105944.152  59.4%  20.2 2688s
H406926 332175                    260889.75256 105944.152  59.4%  20.2 2690s
 407811 332713     cutoff  110      260889.753 105949.133  59.4%  20.2 2695s
 408552 332922 infeasible  156      260889.753 105950.076  59.4%  20.2 2700s
 409371 333828 125721.632  101  286 260889.753 105950.076  59.4%  20.2 2705s
 410758 335298 140250.678  137  280 260889.753 105950.076  59.4%  20.2 2711s
 411758 336229 144962.499  157  275 260889.753 105950.076  59.4%  20.2 2716s
 412598 336731 150384.734  175  273 260889.753 105950.076  59.4%  20.2 2720s
 413609 337486 155988.587  179  271 260889.753 105950.076  59.4%  20.2 2725s
 414466 338016 157674.599  193  271 260889.753 105950.076  59.4%  20.2 2730s
 415592 338760 167306.405  222  261 260889.753 105950.076  59.4%  20.1 2735s
 416255 339346 172075.230  230  263 260889.753 105950.076  59.4%  20.1 2740s
 416992 339992 178526.401  238  259 260889.753 105950.076  59.4%  20.1 2748s
 417227 340119 179419.643  240  258 260889.753 105950.076  59.4%  20.1 2750s
 418046 340764 188667.280  250  256 260889.753 105950.076  59.4%  20.2 2755s
 418837 341405 197352.825  263  253 260889.753 105950.076  59.4%  20.2 2761s
 419718 342003 196525.154  266  253 260889.753 105950.076  59.4%  20.1 2766s
 420437 342868 209757.337  273  249 260889.753 105950.076  59.4%  20.1 2770s
 421362 343765 219098.917  305  238 260889.753 105950.076  59.4%  20.1 2781s
 422151 344522 226105.394  314  239 260889.753 105950.076  59.4%  20.1 2785s
 423112 345275 231476.533  320  242 260889.753 105950.076  59.4%  20.2 2790s
 423705 345702 infeasible  333      260889.753 105950.076  59.4%  20.2 2795s
 424308 345898 153242.164   97  286 260889.753 105964.507  59.4%  20.2 2801s
 424846 346241 258918.334  115  260 260889.753 105968.655  59.4%  20.2 2805s
 425862 346921 233281.973  118  271 260889.753 105975.230  59.4%  20.2 2810s
 426207 347302 231841.392  121  272 260889.753 105975.230  59.4%  20.2 2816s
 427018 347971 254066.982  147  265 260889.753 105975.230  59.4%  20.2 2820s
 427779 348210 infeasible  134      260889.753 105977.511  59.4%  20.2 2825s
 428954 349473 139325.932  151  280 260889.753 105979.273  59.4%  20.2 2831s
 429761 350212 155705.074  190  274 260889.753 105979.273  59.4%  20.2 2835s
 430615 350973 166289.397  216  266 260889.753 105979.273  59.4%  20.2 2840s
 431145 351349 173498.581  229  263 260889.753 105979.273  59.4%  20.2 2845s
 431303 351438 169865.950  233  263 260889.753 105979.273  59.4%  20.2 2850s
 431966 352104 229039.577  246  264 260889.753 105979.273  59.4%  20.3 2855s
 432035 352176 180339.345  245  258 260889.753 105979.273  59.4%  20.3 2861s
 432411 352500 191456.010  255  258 260889.753 105979.273  59.4%  20.3 2865s
 433221 353329 199112.102  264  251 260889.753 105979.273  59.4%  20.4 2870s
 433800 353940 211422.118  281  246 260889.753 105979.273  59.4%  20.4 2875s
 434691 354498 223780.338  300  249 260889.753 105979.273  59.4%  20.4 2880s
 435335 354822 235793.303  304  245 260889.753 105979.273  59.4%  20.4 2885s
 436235 355252 250493.811  341  237 260889.753 105979.273  59.4%  20.4 2890s
 436389 355355 253403.659  341  238 260889.753 105979.273  59.4%  20.4 2895s
 437188 355443 179946.228  110  283 260889.753 105991.560  59.4%  20.4 2900s
 438452 356702 131816.909  148  282 260889.753 105992.336  59.4%  20.4 2905s
 439674 357903 145315.499  182  276 260889.753 105992.336  59.4%  20.3 2910s
 440674 358917 150173.841  206  273 260889.753 105992.336  59.4%  20.3 2916s
 441916 360161 166642.578  253  265 260889.753 105992.336  59.4%  20.3 2920s
 442771 360919 171880.251  259  263 260889.753 105992.336  59.4%  20.3 2925s
 443194 361322 171041.333  265  264 260889.753 105992.336  59.4%  20.3 2933s
 443567 361712 172754.768  269  260 260889.753 105992.336  59.4%  20.2 2935s
 444676 362782 182798.379  277  261 260889.753 105992.336  59.4%  20.3 2940s
 445308 363266 183400.599  278  261 260889.753 105992.336  59.4%  20.3 2946s
 445751 363802 185864.535  285  256 260889.753 105992.336  59.4%  20.3 2950s
 446280 364313 193698.786  288  259 260889.753 105992.336  59.4%  20.3 2955s
 446697 364687 194439.771  290  250 260889.753 105992.336  59.4%  20.4 2960s
 447037 365058 203314.305  294  252 260889.753 105992.336  59.4%  20.5 2965s
 447593 365389 209268.009  311  245 260889.753 105992.336  59.4%  20.6 2971s
 448180 365526 213323.224  308  247 260889.753 105992.336  59.4%  20.6 2975s
 449133 365913 217199.507  321  242 260889.753 105992.336  59.4%  20.6 2980s
 449814 366112 223680.706  322  241 260889.753 105992.336  59.4%  20.6 2985s
 450350 366229 230784.258  329  244 260889.753 105992.336  59.4%  20.6 2991s
 450720 366809 237768.858  336  239 260889.753 105992.336  59.4%  20.6 2995s
 451845 367666 254366.584  351  237 260889.753 105992.336  59.4%  20.5 3001s
 452459 368085 infeasible  354      260889.753 106012.773  59.4%  20.5 3005s
 453427 368659     cutoff   76      260889.753 106018.034  59.4%  20.5 3011s
 454096 369211     cutoff  143      260889.753 106024.790  59.4%  20.5 3015s
 455087 370017     cutoff   70      260889.753 106028.477  59.4%  20.4 3020s
 456531 370890 119785.483   71  277 260889.753 106033.722  59.4%  20.4 3025s
 456709 371072 123564.830   76  289 260889.753 106033.722  59.4%  20.4 3033s
 457209 371549 136833.221   90  288 260889.753 106033.722  59.4%  20.4 3035s
 457680 371863 161099.965  114  285 260889.753 106033.722  59.4%  20.4 3041s
 458095 372440 174901.618  118  285 260889.753 106033.722  59.4%  20.4 3045s
 458912 373261 183991.858  134  284 260889.753 106033.722  59.4%  20.4 3050s
 459857 374154 197005.311  154  281 260889.753 106033.722  59.4%  20.4 3055s
 460577 374876 216383.380  173  281 260889.753 106033.722  59.4%  20.4 3060s
 461244 375492 229324.781  189  276 260889.753 106033.722  59.4%  20.4 3065s
 461653 375922 227411.484  196  275 260889.753 106033.722  59.4%  20.5 3070s
 462118 376368 238714.204  204  274 260889.753 106033.722  59.4%  20.5 3075s
 462479 376746 250796.541  209  276 260889.753 106033.722  59.4%  20.6 3080s
 462738 376946 248359.138  211  279 260889.753 106033.722  59.4%  20.6 3086s
 462990 377215     cutoff  211      260889.753 106033.722  59.4%  20.7 3090s
 463448 377385     cutoff  212      260889.753 106033.722  59.4%  20.7 3095s
 464164 377784 259468.551  124  264 260889.753 106041.621  59.4%  20.8 3100s
 465102 378509 197302.982  131  269 260889.753 106041.621  59.4%  20.8 3105s
 465981 379611 224956.512  168  260 260889.753 106041.621  59.4%  20.7 3111s
 467055 380120 infeasible  203      260889.753 106046.255  59.4%  20.7 3115s
 467907 380113     cutoff   78      260889.753 106049.865  59.4%  20.7 3124s
 467910 380306     cutoff   77      260889.753 106049.865  59.4%  20.7 3125s
 468642 380913 131689.973   81  288 260889.753 106057.805  59.3%  20.7 3134s
 468866 381017 136596.577   87  288 260889.753 106057.805  59.3%  20.7 3135s
 469892 381530 152396.012  114  285 260889.753 106057.805  59.3%  20.6 3140s
 470693 381788 175035.792  130  283 260889.753 106057.805  59.3%  20.6 3145s
 471583 382538 205496.534  129  281 260889.753 106057.805  59.3%  20.6 3150s
 472269 383335 193336.665  136  282 260889.753 106057.805  59.3%  20.6 3155s
 472935 383535 197498.446  137  284 260889.753 106057.805  59.3%  20.6 3160s
 473578 383735 197128.447  137  283 260889.753 106057.805  59.3%  20.6 3165s
 474439 384523 203591.302  145  281 260889.753 106057.805  59.3%  20.6 3170s
 474791 384745 206792.644  147  280 260889.753 106057.805  59.3%  20.6 3175s
 475357 385411 217593.876  155  279 260889.753 106057.805  59.3%  20.6 3180s
 476177 386161 225615.899  166  271 260889.753 106057.805  59.3%  20.6 3185s
 476652 386647 249095.714  175  271 260889.753 106057.805  59.3%  20.7 3190s
 477176 387108 245987.951  184  276 260889.753 106057.805  59.3%  20.7 3195s
 477767 387425     cutoff  123      260889.753 106070.275  59.3%  20.7 3201s
 478281 387674 259007.607  116  266 260889.753 106070.536  59.3%  20.7 3206s
 479088 388063 infeasible  136      260889.753 106075.284  59.3%  20.7 3211s
 479857 388630 176185.608  216  263 260889.753 106076.099  59.3%  20.7 3217s
 480165 389038 230263.433  312  239 260889.753 106076.099  59.3%  20.7 3220s
 480933 389620 212670.008  105  277 260889.753 106077.043  59.3%  20.7 3225s
 481666 390066 259013.594  133  268 260889.753 106078.830  59.3%  20.7 3231s
 482100 390539 116547.559   95  288 260889.753 106081.785  59.3%  20.7 3235s
 483339 391443 136175.404  172  281 260889.753 106081.785  59.3%  20.7 3241s
 483901 391714 147391.033  190  279 260889.753 106081.785  59.3%  20.7 3245s
 484556 392030 152803.575  193  275 260889.753 106081.785  59.3%  20.7 3250s
 485046 392147 155014.476  194  275 260889.753 106081.785  59.3%  20.7 3255s
 485507 392673 155131.714  196  277 260889.753 106081.785  59.3%  20.6 3260s
 486512 393505 164892.559  214  270 260889.753 106081.785  59.3%  20.6 3265s
 487150 393799 165878.607  220  267 260889.753 106081.785  59.3%  20.6 3274s
 487381 394114 166911.155  222  267 260889.753 106081.785  59.3%  20.6 3276s
 488060 394906 169960.538  231  267 260889.753 106081.785  59.3%  20.6 3281s
 489191 395886 180126.245  268  260 260889.753 106081.785  59.3%  20.6 3285s
 490382 396903 180955.727  277  261 260889.753 106081.785  59.3%  20.6 3290s
 490881 397565 184463.110  278  256 260889.753 106081.785  59.3%  20.6 3295s
 491730 398150 189700.829  286  258 260889.753 106081.785  59.3%  20.6 3300s
 492323 398960 195682.709  291  253 260889.753 106081.785  59.3%  20.6 3305s
 493301 399847 201331.791  308  250 260889.753 106081.785  59.3%  20.6 3310s
 493869 400392 211490.747  319  247 260889.753 106081.785  59.3%  20.6 3315s
 494398 400877 220304.332  351  244 260889.753 106081.785  59.3%  20.7 3320s
 495073 401617 230962.079  371  237 260889.753 106081.785  59.3%  20.7 3325s
 495572 402020 241725.107  376  237 260889.753 106081.785  59.3%  20.8 3330s
 495873 402343 240272.458  378  236 260889.753 106081.785  59.3%  20.8 3338s
 496196 402636 252793.093  401  230 260889.753 106081.785  59.3%  20.8 3340s
 496655 402905     cutoff  406      260889.753 106094.642  59.3%  20.8 3347s
 497236 403486 infeasible  116      260889.753 106100.028  59.3%  20.8 3350s
 498467 404313 167701.171   66  283 260889.753 106100.604  59.3%  20.8 3355s
 499411 404735 259125.267  122  266 260889.753 106106.316  59.3%  20.8 3360s
 500468 405599 124846.711  124  286 260889.753 106107.884  59.3%  20.8 3365s
 501340 406243 138529.506  164  279 260889.753 106107.884  59.3%  20.7 3370s
 501920 406563 154788.558  187  275 260889.753 106107.884  59.3%  20.7 3376s
 502401 407257 156626.574  192  273 260889.753 106107.884  59.3%  20.7 3380s
 503323 407908 166405.811  208  274 260889.753 106107.884  59.3%  20.7 3385s
 504086 408262 166568.541  206  274 260889.753 106107.884  59.3%  20.7 3391s
 504764 408522 169057.956  217  270 260889.753 106107.884  59.3%  20.7 3395s
 505433 408756 171074.914  226  271 260889.753 106107.884  59.3%  20.7 3400s
 506256 409103 176360.968  260  257 260889.753 106107.884  59.3%  20.7 3405s
 506950 409378 182395.892  262  264 260889.753 106107.884  59.3%  20.7 3412s
 507517 410147 180008.290  262  254 260889.753 106107.884  59.3%  20.7 3415s
 508476 410976 186876.662  273  257 260889.753 106107.884  59.3%  20.7 3420s
 508738 411183 193958.247  279  258 260889.753 106107.884  59.3%  20.7 3428s
 508927 411359 195317.613  284  260 260889.753 106107.884  59.3%  20.7 3430s
 509668 412144 202583.800  304  250 260889.753 106107.884  59.3%  20.7 3435s
 510908 413318 210803.663  325  244 260889.753 106107.884  59.3%  20.7 3440s
 511760 414069 220812.501  346  237 260889.753 106107.884  59.3%  20.7 3445s
 512068 414277 227300.546  351  240 260889.753 106107.884  59.3%  20.7 3450s
 512636 414885 230673.827  361  238 260889.753 106107.884  59.3%  20.8 3455s
 513256 415512 238319.235  370  237 260889.753 106107.884  59.3%  20.8 3460s
 513850 416280 247891.137  378  233 260889.753 106107.884  59.3%  20.8 3465s
 514733 416862     cutoff  437      260889.753 106128.375  59.3%  20.8 3471s
 515629 417415 259369.418  121  276 260889.753 106131.155  59.3%  20.8 3476s
 516193 417983 176018.370  115  274 260889.753 106131.155  59.3%  20.8 3481s
 516925 418266 256562.847  134  272 260889.753 106138.466  59.3%  20.8 3486s
 517151 418292 infeasible  132      260889.753 106138.466  59.3%  20.8 3490s
 517913 418975 infeasible  134      260889.753 106142.331  59.3%  20.8 3496s
 518961 419993 131425.212  136  285 260889.753 106142.331  59.3%  20.8 3508s
 519298 420306 132830.844  137  283 260889.753 106142.331  59.3%  20.8 3510s
 520405 421132 140999.599  154  280 260889.753 106142.331  59.3%  20.8 3515s
 520835 421940 144325.235  165  276 260889.753 106142.331  59.3%  20.8 3520s
 522046 422955 152084.767  191  275 260889.753 106142.331  59.3%  20.8 3528s
 522345 423203 157247.635  206  270 260889.753 106142.331  59.3%  20.8 3530s
 523539 424118 168680.563  241  262 260889.753 106142.331  59.3%  20.8 3535s
 524506 424926 182110.261  251  261 260889.753 106142.331  59.3%  20.8 3540s
 525524 425336 186263.575  257  258 260889.753 106142.331  59.3%  20.8 3546s
 526037 425668 194056.463  263  257 260889.753 106142.331  59.3%  20.8 3550s
 527026 426448 199685.118  271  252 260889.753 106142.331  59.3%  20.8 3555s
 527401 426879 196005.267  279  255 260889.753 106142.331  59.3%  20.8 3560s
 528228 427743 204612.240  282  253 260889.753 106142.331  59.3%  20.8 3565s
 529086 428692 204607.676  286  252 260889.753 106142.331  59.3%  20.8 3570s
 529864 429421 209540.482  294  249 260889.753 106142.331  59.3%  20.8 3579s
 530221 429682 214075.885  300  247 260889.753 106142.331  59.3%  20.8 3580s
 531111 430431 219214.463  306  245 260889.753 106142.331  59.3%  20.8 3585s
 531628 430877 218834.907  307  246 260889.753 106142.331  59.3%  20.8 3590s
 531961 431188 218595.842  311  245 260889.753 106142.331  59.3%  20.8 3595s
 532410 431640 236094.338  324  237 260889.753 106142.331  59.3%  20.9 3600s

Cutting planes:
  RLT: 193

Explored 532496 nodes (11108058 simplex iterations) in 3600.13 seconds (2699.41 work units)
Thread count was 2 (of 24 available processors)

Solution count 10: 260890 260900 260917 ... 261131

Time limit reached
Best objective 2.608897525624e+05, best bound 1.061423310992e+05, gap 59.3153%
