
Gurobi 11.0.3 (linux64, Java) logging started qui 28 nov 2024 09:29:45 -03

Set parameter Username
Academic license - for non-commercial use only - expires 2025-10-10
Set parameter NonConvex to value 2
Set parameter TimeLimit to value 3600
Set parameter LogToConsole to value 0
Set parameter MIPGap to value 2.3060879868461677e-07
Set parameter Threads to value 2
Set parameter NodefileDir to value "/home/ps12398/experiment_hosp/goalProgrammingMarcos/"
Set parameter NodefileStart to value 1
Gurobi Optimizer version 11.0.3 build v11.0.3rc0 (linux64)

CPU model: Intel(R) Xeon(R) CPU           X5650  @ 2.67GHz, instruction set [SSE2]
Thread count: 12 physical cores, 24 logical processors, using up to 2 threads

Optimize a model with 8098 rows, 5573 columns and 26595 nonzeros
Model fingerprint: 0x809c0fcd
Model has 57 quadratic constraints
Variable types: 2762 continuous, 2811 integer (52 binary)
Coefficient statistics:
  Matrix range     [2e-02, 8e+05]
  QMatrix range    [2e-02, 3e+04]
  QLMatrix range   [1e+00, 3e+04]
  Objective range  [1e+00, 9e+06]
  Bounds range     [1e+00, 1e+08]
  RHS range        [1e+00, 1e+06]
  QRHS range       [2e-01, 2e-01]
Presolve removed 7755 rows and 5222 columns
Presolve time: 0.07s
Presolved: 801 rows, 489 columns, 6911 nonzeros
Presolved model has 52 bilinear constraint(s)

Solving non-convex MIQCP

Variable types: 196 continuous, 293 integer (43 binary)
Found heuristic solution: objective 3118089.9279

Root relaxation: objective 0.000000e+00, 94 iterations, 0.00 seconds (0.00 work units)

    Nodes    |    Current Node    |     Objective Bounds      |     Work
 Expl Unexpl |  Obj  Depth IntInf | Incumbent    BestBd   Gap | It/Node Time

     0     0    0.00000    0   74 3118089.93    0.00000   100%     -    0s
H    0     0                    798653.77650    0.00000   100%     -    0s
     0     0    0.00000    0   77 798653.776    0.00000   100%     -    0s
     0     0    0.00000    0   69 798653.776    0.00000   100%     -    0s
     0     0    0.00000    0   82 798653.776    0.00000   100%     -    0s
H    0     0                    725315.76141    0.00000   100%     -    0s
     0     0    0.00000    0  102 725315.761    0.00000   100%     -    0s
     0     0    0.00000    0   88 725315.761    0.00000   100%     -    0s
     0     0    0.00000    0   70 725315.761    0.00000   100%     -    0s
H    0     0                    717772.12090    0.00000   100%     -    0s
     0     0    0.00000    0   88 717772.121    0.00000   100%     -    0s
     0     0    0.00000    0   79 717772.121    0.00000   100%     -    0s
     0     0    0.00000    0   73 717772.121    0.00000   100%     -    0s
H    0     0                    575500.23696    0.00000   100%     -    0s
     0     0    0.00000    0   68 575500.237    0.00000   100%     -    0s
     0     0    0.00000    0   63 575500.237    0.00000   100%     -    0s
H    0     0                    561668.21943    0.00000   100%     -    0s
     0     0    0.00000    0   63 561668.219    0.00000   100%     -    0s
     0     0    0.00000    0   73 561668.219    0.00000   100%     -    0s
H    0     0                    414730.58340    0.00000   100%     -    0s
     0     0    0.00000    0   67 414730.583    0.00000   100%     -    1s
     0     0    0.00000    0   67 414730.583    0.00000   100%     -    1s
     0     0    0.00000    0   67 414730.583    0.00000   100%     -    1s
     0     2    0.00000    0   67 414730.583    0.00000   100%     -    1s
H  334   603                    214733.52194    0.00000   100%  22.6    2s
H  376   603                    177596.83052    0.00000   100%  20.4    2s
H  533   593                    24526.103905    0.00000   100%  15.4    2s
H  993   206                       0.0000000    0.00000  0.00%  11.4    2s

Cutting planes:
  Implied bound: 7
  MIR: 42
  Flow cover: 2
  RLT: 6
  Relax-and-lift: 1

Explored 1051 nodes (13382 simplex iterations) in 2.89 seconds (1.30 work units)
Thread count was 2 (of 24 available processors)

Solution count 10: 0 24526.1 177597 ... 798654

Optimal solution found (tolerance 2.31e-07)
Best objective 0.000000000000e+00, best bound 0.000000000000e+00, gap 0.0000%
