
Gurobi 11.0.3 (linux64, Java) logging started ter 03 dez 2024 02:40:23 -03

Set parameter Username
Academic license - for non-commercial use only - expires 2025-10-10
Set parameter NonConvex to value 2
Set parameter TimeLimit to value 3600
Set parameter LogToConsole to value 0
Set parameter MIPGap to value 2.3060879868461677e-07
Set parameter Threads to value 2
Set parameter NodefileDir to value "/home/ps12398/experiment_hosp/goalProgrammingMarcos/"
Set parameter NodefileStart to value 1
Gurobi Optimizer version 11.0.3 build v11.0.3rc0 (linux64)

CPU model: Intel(R) Xeon(R) CPU           X5650  @ 2.67GHz, instruction set [SSE2]
Thread count: 12 physical cores, 24 logical processors, using up to 2 threads

Optimize a model with 8098 rows, 5573 columns and 26595 nonzeros
Model fingerprint: 0x22517f4c
Model has 57 quadratic constraints
Variable types: 2762 continuous, 2811 integer (52 binary)
Coefficient statistics:
  Matrix range     [2e-02, 8e+05]
  QMatrix range    [2e-02, 3e+04]
  QLMatrix range   [1e+00, 3e+04]
  Objective range  [1e+00, 9e+06]
  Bounds range     [1e+00, 1e+08]
  RHS range        [1e+00, 3e+06]
Presolve removed 7756 rows and 5224 columns
Presolve time: 0.07s
Presolved: 800 rows, 487 columns, 6908 nonzeros
Presolved model has 52 bilinear constraint(s)

Solving non-convex MIQCP

Variable types: 194 continuous, 293 integer (43 binary)
Found heuristic solution: objective 2938274.0399

Root relaxation: objective 0.000000e+00, 174 iterations, 0.01 seconds (0.00 work units)

    Nodes    |    Current Node    |     Objective Bounds      |     Work
 Expl Unexpl |  Obj  Depth IntInf | Incumbent    BestBd   Gap | It/Node Time

     0     0    0.00000    0  114 2938274.04    0.00000   100%     -    0s
H    0     0                    1670614.0663    0.00000   100%     -    0s
     0     0 31202.8206    0  183 1670614.07 31202.8206  98.1%     -    0s
     0     0 31206.6241    0  183 1670614.07 31206.6241  98.1%     -    0s
     0     0 36744.6491    0  183 1670614.07 36744.6491  97.8%     -    0s
     0     0 36744.6491    0  250 1670614.07 36744.6491  97.8%     -    0s
     0     0 36744.6491    0  250 1670614.07 36744.6491  97.8%     -    0s
H    0     0                    1432911.6204 37175.7759  97.4%     -    0s
     0     0 37175.7759    0  250 1432911.62 37175.7759  97.4%     -    0s
     0     0 37175.7759    0  242 1432911.62 37175.7759  97.4%     -    0s
     0     0 37175.7759    0  125 1432911.62 37175.7759  97.4%     -    0s
     0     0 44635.9118    0  177 1432911.62 44635.9118  96.9%     -    0s
     0     0 45608.5436    0  183 1432911.62 45608.5436  96.8%     -    0s
     0     0 45660.1724    0  177 1432911.62 45660.1724  96.8%     -    0s
     0     0 46124.0868    0  177 1432911.62 46124.0868  96.8%     -    1s
     0     0 46124.0868    0  175 1432911.62 46124.0868  96.8%     -    1s
     0     0 46124.0868    0  175 1432911.62 46124.0868  96.8%     -    1s
     0     2 46124.0868    0  175 1432911.62 46124.0868  96.8%     -    2s
    59    64 248177.844   26  134 1432911.62 74089.8803  94.8%  28.5    5s
H  114   121                    1417774.5140 74089.8803  94.8%  35.4    7s
H  161   183                    1358956.3826 74089.8803  94.5%  32.1    8s
H  224   265                    1268570.3544 74089.8803  94.2%  26.0    8s
   908  1010 917875.527  364   78 1268570.35 74089.8803  94.2%   9.4   10s
H 1653  1619                    1225112.4037 74089.8803  94.0%   7.0   10s
H 2053  2000                    1136940.1688 74089.8803  93.5%   7.3   11s
  2604  2431 1029179.40  681   96 1136940.17 84583.4919  92.6%   8.3   16s
  2643  2461 165771.875   50  139 1136940.17 84783.2428  92.5%  10.0   20s
H 2720  2398                    1103692.8365 84783.2428  92.3%  11.4   23s
H 3016  2465                    865208.16339 84783.2428  90.2%  11.6   23s
H 3162  2455                    864960.37604 84783.2428  90.2%  11.3   24s
H 3267  2399                    821086.26253 84783.2428  89.7%  11.8   24s
  3268  2444 93939.8024   55  108 821086.263 84783.2428  89.7%  11.8   25s
H 4341  3006                    815750.18682 84783.2428  89.6%  13.0   26s
H 4432  2851                    798664.30660 84783.2428  89.4%  13.4   27s
  5362  3422 618232.440   92   89 798664.307 85157.7462  89.3%  21.0   30s
H 5572  3436                    796159.84673 85157.7462  89.3%  20.7   30s
H 6888  4006                    796053.54482 85157.7462  89.3%  21.4   32s
  8142  4733 455068.787   78   89 796053.545 85157.7462  89.3%  23.0   35s
  9733  5976 90158.4480   61  106 796053.545 86774.4694  89.1%  27.3   40s
H11016  7000                    795947.51979 86774.4694  89.1%  26.9   42s
H11467  7286                    795809.95366 86774.4694  89.1%  26.6   43s
 12325  8102 757787.039   82   89 795809.954 86774.4694  89.1%  26.3   45s
H13778  8620                    759177.80414 86774.4694  88.6%  26.0   49s
 14472  8842 759114.416  295   29 759177.804 86774.4694  88.6%  25.0   50s
H14554  8842                    759174.40566 86774.4694  88.6%  24.9   50s
H16445 10399                    759174.40341 86774.4694  88.6%  25.4   54s
 17087 10771 348744.276   70   83 759174.403 86774.4694  88.6%  26.1   55s
H17510 11016                    759174.24574 86774.4694  88.6%  26.4   56s
 19349 12396 infeasible   70      759174.246 86774.4694  88.6%  26.6   61s
 20679 13585 262994.974   76   91 759174.246 86774.4694  88.6%  27.4   65s
 22994 15195 533591.864   76   86 759174.246 86774.4694  88.6%  27.9   70s
 24477 16247 180885.511   68   97 759174.246 86774.4694  88.6%  29.1   75s
 26643 17946 infeasible   75      759174.246 86774.4694  88.6%  29.6   80s
 29347 19905 174747.025   61  113 759174.246 86774.4694  88.6%  29.8   85s
 31457 21325 498045.549   72   94 759174.246 86774.4694  88.6%  30.2   90s
H32693 21248                    750206.15067 86774.4694  88.4%  30.1   93s
H33081 14965                    676733.27926 86774.4694  87.2%  30.0   94s
 33347 15507 629053.596  581   64 676733.279 86774.4694  87.2%  29.9   95s
H34102 15874                    675465.72245 86774.4694  87.2%  29.3   95s
H35792 16037                    659989.00256 86774.4694  86.9%  28.3   97s
 37555 16859 infeasible   78      659989.003 86774.4694  86.9%  28.2  100s
 39468 18001 644571.861   83   87 659989.003 86774.4694  86.9%  29.4  105s
 41485 19166 180507.475   64  105 659989.003 86774.4694  86.9%  30.5  110s
*44027 18641             691    631850.84507 86791.7656  86.3%  30.3  114s
*44030 18639             692    631829.97131 86791.7656  86.3%  30.3  114s
 44594 19368 604780.131  743   55 631829.971 86791.7656  86.3%  30.0  115s
*44979 15925            1023    607316.53486 86791.7656  85.7%  29.8  115s
H46182 15800                    600551.19628 86825.4401  85.5%  30.1  118s
H46283 10327                    491911.31915 86825.4401  82.3%  30.1  118s
 46956 10813 466197.370  106   82 491911.319 88329.2449  82.0%  30.4  120s
 50053 13058 88329.2449   60  103 491911.319 88329.2449  82.0%  29.9  125s
 51641 14369 378985.917  144   63 491911.319 88329.2449  82.0%  30.3  130s
 54120 15904 88329.2449   63   95 491911.319 88329.2449  82.0%  30.7  135s
 56106 16960 92406.8478   64   99 491911.319 88329.2449  82.0%  31.5  140s
 57799 17907 376669.065   79   89 491911.319 88329.2449  82.0%  32.4  145s
H59000 18447                    491865.43317 88329.2449  82.0%  32.8  148s
H59016 18447                    491859.25336 88329.2449  82.0%  32.8  148s
H59478 18757                    491807.33773 88329.2449  82.0%  33.0  149s
 59689 18884 400038.462   73   89 491807.338 88329.2449  82.0%  33.1  150s
H60808 19409                    490748.18967 88329.2449  82.0%  33.6  152s
 61713 20036 186386.797   69  108 490748.190 88329.2449  82.0%  33.9  155s
H61990 20162                    490684.51586 88329.2449  82.0%  34.0  156s
 63586 21056 356904.452   62  104 490684.516 88329.2449  82.0%  34.4  160s
 65339 21876 infeasible   74      490684.516 88329.2449  82.0%  35.1  165s
 67493 23261 infeasible   80      490684.516 88329.2449  82.0%  35.5  170s
H67714 23207                    489856.57667 88329.2449  82.0%  35.6  170s
 69524 24370 infeasible   74      489856.577 88329.2449  82.0%  36.0  175s
 71924 25982 471872.382   87   92 489856.577 88329.2449  82.0%  36.1  180s
H73128 26115                    483126.01041 88329.2449  81.7%  36.4  183s
 73742 26485 infeasible   80      483126.010 88329.2449  81.7%  36.6  185s
 75890 27700 360998.346   71   88 483126.010 88329.2449  81.7%  36.9  190s
H76920 26615                    452507.96201 88329.2449  80.5%  37.1  193s
 77308 26899 234397.683   77   87 452507.962 88329.2449  80.5%  37.1  195s
 79291 28239 infeasible   83      452507.962 88329.2449  80.5%  37.5  200s
H80706 28381                    447751.37095 88329.2449  80.3%  37.6  203s
 81471 28769 175842.169   63   92 447751.371 88329.2449  80.3%  37.9  205s
H81811 28914                    447627.78765 88329.2449  80.3%  37.9  205s
 83612 29739 194072.460   68   98 447627.788 88363.9222  80.3%  38.3  210s
H83885 29763                    447266.82819 88365.1049  80.2%  38.4  210s
H84903 30148                    446176.02872 88385.3627  80.2%  38.5  214s
H84974 30133                    446105.99508 88386.6148  80.2%  38.5  214s
 85177 30269 288422.025   75   86 446105.995 88389.9879  80.2%  38.6  215s
 86784 31035 183281.710   68  113 446105.995 88440.4424  80.2%  39.0  220s
 89087 31718 271134.744   72   85 446105.995 88551.0042  80.2%  39.4  225s
H89507 31544                    443292.21047 88582.1790  80.0%  39.5  226s
 90770 32195 177722.924   60  116 443292.210 88637.1527  80.0%  39.9  230s
 92278 32718 90220.9572   67  110 443292.210 89740.0441  79.8%  40.5  235s
 94048 33488 179921.798   64   93 443292.210 89921.2635  79.7%  40.9  240s
 95606 34120 178388.556   65  106 443292.210 90158.4480  79.7%  41.3  245s
 96794 34751 90226.8168   55  114 443292.210 90226.8168  79.6%  41.5  250s
 98517 35566 179502.286   69   93 443292.210 90250.4185  79.6%  41.9  255s
 99948 36141 359193.844   73   78 443292.210 90250.4185  79.6%  42.3  260s
 101640 36941 176297.646   62  100 443292.210 90252.8415  79.6%  42.7  265s
 103095 37372 infeasible   69      443292.210 90277.2693  79.6%  43.1  270s
 104566 37850 infeasible   73      443292.210 90384.2855  79.6%  43.4  275s
 105828 38462 184516.375   72   86 443292.210 90479.2415  79.6%  43.6  280s
 108032 39673 infeasible   80      443292.210 90479.2415  79.6%  43.7  285s
 109740 40483 258777.471   56  121 443292.210 90479.2415  79.6%  43.9  290s
 112022 41769 358478.509   78   84 443292.210 90479.2415  79.6%  43.9  295s
 113769 42978     cutoff   79      443292.210 90479.2415  79.6%  44.0  300s
 115809 43722 infeasible   79      443292.210 90641.9816  79.6%  44.0  305s
 116855 44306 418283.610  211   86 443292.210 90641.9816  79.6%  44.1  310s
 118685 44813 infeasible   83      443292.210 90641.9816  79.6%  44.4  315s
 120436 45549 362326.033   64  115 443292.210 90705.0878  79.5%  44.7  320s
 122021 46234 281855.987   64   91 443292.210 90705.0878  79.5%  44.9  325s
 123678 46775 91665.5492   67  100 443292.210 90967.4619  79.5%  45.2  330s
 125467 47479 100684.345   69   97 443292.210 91665.5492  79.3%  45.4  335s
 127245 48340 183305.049   61   98 443292.210 91665.5492  79.3%  45.6  341s
 128299 49135 257843.336  126   79 443292.210 91665.5492  79.3%  45.6  345s
 130337 50136 91692.1589   65   96 443292.210 91665.5492  79.3%  45.7  350s
 132545 51320 infeasible   76      443292.210 91665.5492  79.3%  45.7  355s
 134279 52153 237778.737   78   83 443292.210 91665.5492  79.3%  45.9  360s
 136024 53007 infeasible   76      443292.210 91673.2245  79.3%  46.1  365s
 137466 53681 213474.411   75   93 443292.210 91772.6328  79.3%  46.2  370s
 139383 54723 124100.086   69   98 443292.210 91772.6328  79.3%  46.2  375s
 141487 55998 180365.993   66   96 443292.210 91773.6936  79.3%  46.2  380s
 143415 57138 infeasible   80      443292.210 91773.6936  79.3%  46.3  385s
 145089 58087 infeasible   74      443292.210 91773.6936  79.3%  46.2  390s
 146921 59053 268051.586   78   90 443292.210 91773.6936  79.3%  46.3  395s
 148966 60152 179969.806   68   90 443292.210 91773.6936  79.3%  46.3  400s
 151325 61499 91808.9243   64   98 443292.210 91773.6936  79.3%  46.3  405s
 154196 62999 356929.893   70   98 443292.210 91773.6936  79.3%  46.4  410s
H154498 59315                    409231.63617 91773.6936  77.6%  46.4  411s
H155600 59995                    409156.04723 91773.6936  77.6%  46.5  414s
 155800 60126 389440.761   75   93 409156.047 91773.6936  77.6%  46.5  415s
 159021 61576 356399.591   70   90 409156.047 91804.4840  77.6%  46.7  420s
 161941 63080 infeasible   71      409156.047 91804.4840  77.6%  46.9  425s
 164233 64204 180283.976   67   92 409156.047 91804.4840  77.6%  46.9  430s
 166160 65192 270815.345   79   89 409156.047 91804.4840  77.6%  47.0  435s
 168253 66240 98546.4206   73   89 409156.047 91804.4840  77.6%  47.1  440s
 170242 67208 91804.4840   66   98 409156.047 91804.4840  77.6%  47.2  445s
 172118 68214 270705.280   76   84 409156.047 91804.4840  77.6%  47.3  450s
 174607 69632 180000.596   72   91 409156.047 91804.4840  77.6%  47.3  455s
 177179 70552 infeasible   80      409156.047 91804.4840  77.6%  47.5  460s
 179268 71619 92019.6125   79   93 409156.047 91804.4840  77.6%  47.6  465s
 181489 72897 213810.289   78   93 409156.047 91804.4840  77.6%  47.5  470s
 183925 73984 355366.037   75   92 409156.047 91804.4840  77.6%  47.5  475s
 185960 74957 334213.036   91   92 409156.047 91804.4840  77.6%  47.6  480s
 188160 75968 infeasible   96      409156.047 91804.4840  77.6%  47.6  485s
 190407 77136 infeasible   80      409156.047 91804.4840  77.6%  47.6  490s
 193046 79070 136624.190   70   91 409156.047 91804.4840  77.6%  47.6  495s
 195042 79926 269008.043   71   82 409156.047 91806.6221  77.6%  47.6  500s
 196875 80692 180322.643   69   98 409156.047 91813.3977  77.6%  47.7  505s
 198776 81464 infeasible   70      409156.047 91826.5871  77.6%  47.8  510s
 200964 82559     cutoff   78      409156.047 91833.4072  77.6%  47.9  515s
 202822 83360 179502.286   61  100 409156.047 91842.8994  77.6%  47.9  520s
 204777 84363 355164.908   74   89 409156.047 91853.0124  77.6%  48.0  525s
 206877 85204 201492.308   72   88 409156.047 91867.0944  77.5%  48.0  530s
 208596 85746 364113.111   73   98 409156.047 91880.5438  77.5%  48.2  535s
 210418 86675     cutoff   72      409156.047 91903.0172  77.5%  48.2  540s
 212257 87203 358913.482   75   89 409156.047 91929.0596  77.5%  48.3  545s
 214235 88080 234115.903   77   88 409156.047 91946.7910  77.5%  48.4  550s
 216040 88833 307840.986   79   91 409156.047 91967.0990  77.5%  48.5  555s
 218448 90034 infeasible   81      409156.047 91967.0990  77.5%  48.5  560s
 220271 90766 225329.934   75   81 409156.047 91971.6919  77.5%  48.6  565s
 222439 91819 408448.745   80   91 409156.047 91994.7318  77.5%  48.6  570s
 224386 92379 infeasible   75      409156.047 92013.7754  77.5%  48.7  575s
 226351 93054 295646.133   74   87 409156.047 92035.3722  77.5%  48.7  580s
 228166 93602 infeasible   71      409156.047 92056.8560  77.5%  48.8  585s
 229950 94207 196324.195   76   91 409156.047 92084.2370  77.5%  48.9  590s
 231744 94942 322951.713   86   83 409156.047 92116.7207  77.5%  49.0  595s
*233510 92105             372    386920.57640 92161.6575  76.2%  49.0  599s
*233514 92102             370    386897.27517 92161.6575  76.2%  49.0  599s
 233791 92311 131725.558   69   96 386897.275 92172.0020  76.2%  49.0  600s
 235983 93368 145955.760   71   89 386897.275 92217.0386  76.2%  49.0  605s
 237831 94349 179992.988   72   94 386897.275 92259.8633  76.2%  49.0  610s
 239891 95231 275914.758   69   85 386897.275 92259.8633  76.2%  49.1  615s
 241830 96025 281594.184   70   88 386897.275 92259.8633  76.2%  49.2  620s
 243588 96814 92268.8117   65   91 386897.275 92259.8633  76.2%  49.3  625s
 245501 97769 infeasible   74      386897.275 92310.1195  76.1%  49.4  630s
H246282 97966                    386778.17650 92318.8243  76.1%  49.3  631s
 247483 98257 158419.973   76   89 386778.176 92379.6188  76.1%  49.4  635s
 249113 98848     cutoff   81      386778.176 92451.1982  76.1%  49.5  640s
 250993 99518 infeasible   81      386778.176 92757.4417  76.0%  49.6  645s
 252706 100021 179475.310   68   94 386778.176 93192.3915  75.9%  49.7  650s
 254070 100451 183445.045   61   99 386778.176 93232.5250  75.9%  49.9  655s
 255626 101020 infeasible   74      386778.176 93350.8214  75.9%  50.0  660s
 257305 101687 181027.480   61   97 386778.176 93514.5552  75.8%  50.1  665s
 259046 102374 235297.281   69   88 386778.176 93564.3320  75.8%  50.3  670s
 260603 102841 infeasible   70      386778.176 93658.8459  75.8%  50.4  675s
 262227 103306 infeasible   71      386778.176 93686.6002  75.8%  50.5  680s
 263724 103653 infeasible   63      386778.176 93720.7963  75.8%  50.6  685s
 265445 104169 175445.170   71   86 386778.176 93891.7712  75.7%  50.8  690s
 267252 104938 198283.438   68  101 386778.176 93912.7939  75.7%  50.9  695s
 268753 105565 infeasible   70      386778.176 93931.8679  75.7%  51.0  700s
 270434 106402 111968.704   70   97 386778.176 93931.8679  75.7%  51.1  705s
 272149 107144 269571.452   69  104 386778.176 93931.8679  75.7%  51.2  710s
 273986 107967 infeasible   63      386778.176 93931.8679  75.7%  51.3  715s
 275627 108590 288462.759   72   93 386778.176 93955.9289  75.7%  51.4  720s
 277217 109156 374903.803   78   94 386778.176 93955.9289  75.7%  51.5  725s
 279187 109920 infeasible   77      386778.176 93955.9289  75.7%  51.6  730s
 280839 110612 infeasible  111      386778.176 93955.9289  75.7%  51.7  735s
 283012 111510 97442.6177   63   94 386778.176 93958.6480  75.7%  51.7  740s
 284826 112040 307927.014   81   98 386778.176 93958.6480  75.7%  51.8  745s
 286263 112306 272084.904   69   93 386778.176 93977.5096  75.7%  51.9  750s
 287893 112765 infeasible   81      386778.176 94097.4162  75.7%  52.0  755s
 289743 113242 infeasible   73      386778.176 94118.6690  75.7%  52.1  760s
 292154 113785 infeasible   81      386778.176 94119.3347  75.7%  52.3  765s
 294730 114466 infeasible   68      386778.176 94196.0955  75.6%  52.5  770s
H296633 114815                    386778.04320 94281.4091  75.6%  52.6  773s
H296791 114861                    386777.92826 94281.4091  75.6%  52.6  774s
 297367 115029 97923.5558   75  108 386777.928 94284.7940  75.6%  52.6  775s
 300041 115799 200194.296   76   90 386777.928 94446.8684  75.6%  52.7  780s
 302620 116318 94803.3380   74   98 386777.928 94607.5552  75.5%  52.9  785s
 304234 116563 infeasible   75      386777.928 94769.6296  75.5%  53.0  790s
 307094 117324 95132.9804   63   92 386777.928 95108.9370  75.4%  53.2  795s
 309083 118230 infeasible   67      386777.928 95109.9978  75.4%  53.3  800s
 310650 118920 infeasible   75      386777.928 95109.9978  75.4%  53.3  805s
 312676 119815 186231.403   63   93 386777.928 95109.9978  75.4%  53.4  810s
 314616 120730 308489.750   75   89 386777.928 95109.9978  75.4%  53.4  815s
 316427 121648 270955.090   71   88 386777.928 95140.7882  75.4%  53.4  820s
 318936 122820 313450.993   87   79 386777.928 95140.7882  75.4%  53.4  825s
 322066 124285 289197.790   72   87 386777.928 95140.7882  75.4%  53.4  830s
 324184 125070 179875.093   70   96 386777.928 95164.3962  75.4%  53.4  835s
 325958 125702 113607.242   72   91 386777.928 95197.1414  75.4%  53.4  840s
 327593 126267 190806.626   76   93 386777.928 95219.5086  75.4%  53.5  845s
 329410 126961 257959.614   72   85 386777.928 95248.9326  75.4%  53.5  850s
 331356 127842 infeasible   77      386777.928 95248.9326  75.4%  53.6  855s
 333193 128670 145959.733   74   90 386777.928 95248.9326  75.4%  53.6  860s
 335376 129541 182138.993   66   96 386777.928 95251.0708  75.4%  53.6  865s
 337051 130219 infeasible   77      386777.928 95254.9456  75.4%  53.7  870s
 339198 131454 311411.680  182   77 386777.928 95272.7137  75.4%  53.7  875s
 341195 132260 274176.781   75   86 386777.928 95281.8612  75.4%  53.7  880s
 342954 133005 115052.689   70   90 386777.928 95281.8612  75.4%  53.7  885s
 345158 134044 184073.146   76   95 386777.928 95281.8612  75.4%  53.7  890s
 346905 134618 201076.763   67   93 386777.928 95281.8612  75.4%  53.8  895s
 348777 135557 153164.828   73   96 386777.928 95281.8612  75.4%  53.8  900s
 350886 136579 infeasible   76      386777.928 95281.8612  75.4%  53.7  905s
 352914 137333 251903.665   95   89 386777.928 95303.1615  75.4%  53.8  910s
 354541 137902 306280.305   80   87 386777.928 95303.5040  75.4%  53.8  915s
 356290 138719 infeasible   78      386777.928 95303.5040  75.4%  53.8  920s
 358431 139961 infeasible   83      386777.928 95303.5040  75.4%  53.7  925s
 360712 140917 99840.5255   72   95 386777.928 95313.7844  75.4%  53.7  930s
 362466 141637 257814.383   78   91 386777.928 95329.0829  75.4%  53.7  935s
 364559 142316 142031.393   73   85 386777.928 95345.4169  75.3%  53.7  940s
 366270 143304 280852.045   77   89 386777.928 95357.8465  75.3%  53.7  945s
 368352 143867 360598.108   78   93 386777.928 95377.0251  75.3%  53.7  950s
 370163 144483 318296.324   77   85 386777.928 95398.9717  75.3%  53.8  955s
 372417 145671 292251.314   78   84 386777.928 95410.5877  75.3%  53.7  960s
 374536 146586 364046.733   68  102 386777.928 95411.6485  75.3%  53.7  966s
 375830 147299 294156.134   79   82 386777.928 95411.6485  75.3%  53.7  970s
 377787 148213 infeasible   76      386777.928 95411.6485  75.3%  53.7  975s
 379655 148925 187392.772   68   87 386777.928 95413.7866  75.3%  53.7  980s
 381508 149707 289130.826   78   83 386777.928 95414.0936  75.3%  53.7  985s
 383238 150498 infeasible   73      386777.928 95432.2429  75.3%  53.8  990s
H384512 137859                    352260.02674 95436.2950  72.9%  53.7  992s
 385307 137984 infeasible   78      352260.027 95441.1230  72.9%  53.6  995s
H386086 138193                    352213.59823 95444.5770  72.9%  53.6  997s
H386641 138495                    352213.59434 95444.5770  72.9%  53.6  999s
 387266 138732 infeasible   76      352213.594 95444.5770  72.9%  53.6 1000s
H388733 139258                    352213.55666 95444.5770  72.9%  53.7 1004s
 388904 139338 infeasible   71      352213.557 95444.5770  72.9%  53.7 1005s
 390978 140078 236618.895   82   89 352213.557 95444.5770  72.9%  53.7 1010s
 392430 140637 95446.1193   70   98 352213.557 95444.5770  72.9%  53.7 1015s
H393402 141133                    352056.86989 95444.5770  72.9%  53.7 1018s
 394216 141587 327494.638   78   99 352056.870 95444.5770  72.9%  53.6 1020s
 396222 142410 95677.0594   71   96 352056.870 95444.5770  72.9%  53.6 1025s
 398011 143020 116989.895   73   92 352056.870 95450.3825  72.9%  53.6 1030s
 399706 143564 316326.879   82   95 352056.870 95464.7188  72.9%  53.7 1035s
H400352 143761                    351996.85684 95467.8290  72.9%  53.7 1036s
*401549 144435             439    351848.95467 95472.4293  72.9%  53.6 1039s
 401708 144433 infeasible   79      351848.955 95472.5115  72.9%  53.6 1040s
 403721 144964 192920.185   73   96 351848.955 95486.8006  72.9%  53.6 1045s
 405561 145442 192893.177   73   90 351848.955 95499.3805  72.9%  53.6 1050s
*407028 113318             758    284954.10702 95501.4319  66.5%  53.5 1052s
 407809 113467 infeasible   74      284954.107 95508.1780  66.5%  53.5 1055s
 409730 113723 203577.390   73   93 284954.107 95527.7862  66.5%  53.6 1060s
H410747 113760                    284822.76520 95542.7011  66.5%  53.6 1063s
 411372 113840 168368.229   72   92 284822.765 95550.6414  66.5%  53.6 1065s
H412900 114145                    284822.57467 95565.7409  66.4%  53.6 1069s
 413011 114187 127835.994   69   91 284822.575 95569.9781  66.4%  53.6 1070s
 415434 114700 107616.748   70   97 284822.575 95594.8834  66.4%  53.7 1075s
 417456 115173 202099.637   73   84 284822.575 95611.0214  66.4%  53.7 1080s
 419931 115430     cutoff   73      284822.575 95660.9245  66.4%  53.8 1085s
 422448 115966 201460.875   74   92 284822.575 95693.2164  66.4%  53.9 1090s
 425323 117114 infeasible   74      284822.575 95704.3120  66.4%  53.9 1095s
 428050 117796 184239.827   61   92 284822.575 95735.1023  66.4%  53.9 1100s
 430627 118499 187722.862   64   85 284822.575 95758.8834  66.4%  54.0 1105s
 433234 118886 infeasible   72      284822.575 95823.0769  66.4%  54.0 1110s
 435838 119569 216669.458   76   93 284822.575 95866.9270  66.3%  54.1 1115s
 437789 120089 234386.414   73   97 284822.575 95874.3312  66.3%  54.1 1120s
 439491 120595 infeasible   70      284822.575 95897.8182  66.3%  54.2 1125s
 441307 120923 177234.675   65  100 284822.575 95939.6685  66.3%  54.2 1130s
 442769 121127     cutoff   77      284822.575 96002.4812  66.3%  54.2 1135s
 444768 121533 204924.765   70   90 284822.575 96078.4022  66.3%  54.3 1140s
 446359 121915 infeasible   73      284822.575 96102.7147  66.3%  54.3 1145s
 448461 122314 229191.814   75   93 284822.575 96250.2138  66.2%  54.4 1150s
 449832 122538 98915.9505   70   94 284822.575 96360.8798  66.2%  54.5 1155s
 451300 122791 96739.0999   68  104 284822.575 96570.5104  66.1%  54.5 1160s
 452372 122940 185383.770   63  112 284822.575 96697.9606  66.0%  54.6 1165s
 453593 123569 181668.676   73   94 284822.575 96809.8840  66.0%  54.6 1170s
 455434 123996 97121.7197   58  107 284822.575 96959.0039  66.0%  54.6 1175s
 457083 124412 infeasible   75      284822.575 97025.8910  65.9%  54.7 1180s
 458603 124725 186067.619   66   97 284822.575 97121.7197  65.9%  54.8 1185s
 460027 125010 97390.7154   66  103 284822.575 97163.2876  65.9%  54.8 1190s
 461663 125343 infeasible   69      284822.575 97263.9152  65.9%  54.9 1195s
 463222 125788 213541.075   74   89 284822.575 97298.9433  65.8%  54.9 1200s
 464639 126016 infeasible   71      284822.575 97328.7468  65.8%  55.0 1205s
 466027 126517 97539.0324   57  103 284822.575 97376.3165  65.8%  55.0 1210s
 467806 127007 98018.3968   71  101 284822.575 97389.4813  65.8%  55.1 1215s
 469422 127394 infeasible   77      284822.575 97407.1069  65.8%  55.1 1220s
 471038 127951 98059.3196   72   98 284822.575 97407.1069  65.8%  55.2 1225s
 472633 128503 97862.0611   70   95 284822.575 97408.3591  65.8%  55.2 1230s
 474285 129038 192870.106   65  103 284822.575 97430.8879  65.8%  55.3 1235s
 475773 129354 133587.159   73   92 284822.575 97435.3353  65.8%  55.3 1240s
 477229 129632 infeasible   69      284822.575 97472.6414  65.8%  55.3 1245s
 478632 129854 infeasible   76      284822.575 97536.0950  65.8%  55.4 1250s
 480166 130346 infeasible   71      284822.575 97539.0324  65.8%  55.4 1256s
 480872 130531 97714.9616   71   97 284822.575 97552.2215  65.7%  55.5 1260s
 482663 130940 infeasible   71      284822.575 97552.8872  65.7%  55.5 1265s
 484291 131429 195038.052   69   94 284822.575 97569.8227  65.7%  55.6 1270s
 485967 132066 274217.998   75   89 284822.575 97569.8227  65.7%  55.6 1275s
 487648 132715 infeasible   73      284822.575 97569.8227  65.7%  55.6 1280s
 489336 133141 100507.831   59  112 284822.575 97579.2299  65.7%  55.7 1285s
 490955 133561 208945.399   75   88 284822.575 97598.0755  65.7%  55.7 1290s
 492597 133797 119612.952   74  102 284822.575 97630.2693  65.7%  55.7 1295s
H493874 133976                    284822.56945 97663.7564  65.7%  55.8 1299s
 494101 133982 infeasible   71      284822.569 97680.7347  65.7%  55.8 1300s
H495018 134190                    284814.11236 97701.7725  65.7%  55.8 1304s
H495119 134220                    284814.06005 97708.8673  65.7%  55.8 1305s
H496481 134453                    284814.04853 97714.9616  65.7%  55.9 1309s
 496750 134512 infeasible   73      284814.049 97714.9616  65.7%  55.9 1310s
H496751 134512                    284814.04501 97714.9616  65.7%  55.9 1310s
H497329 134638                    284814.01393 97715.6273  65.7%  55.9 1311s
 498329 134825 infeasible   65      284814.014 97732.2350  65.7%  55.9 1315s
 500118 135188 infeasible   71      284814.014 97757.8660  65.7%  56.0 1320s
H500605 135243                    284813.84923 97761.4814  65.7%  56.0 1322s
 501404 135342 infeasible   71      284813.849 97775.0562  65.7%  56.1 1325s
 502980 135571 245965.839   78   95 284813.849 97832.7018  65.7%  56.1 1330s
 504506 135783 97877.7017   64  101 284813.849 97877.7017  65.6%  56.2 1335s
 506082 135948 227277.766   80   94 284813.849 97877.7017  65.6%  56.2 1340s
 507708 136207 105291.371   75   85 284813.849 97923.5440  65.6%  56.3 1345s
 509169 136343 98276.2585   69   88 284813.849 97950.7783  65.6%  56.3 1350s
 510775 136475 184896.714   78   91 284813.849 98030.5771  65.6%  56.4 1355s
 512523 136697 infeasible   77      284813.849 98041.1076  65.6%  56.4 1360s
 514035 136835 infeasible   73      284813.849 98075.4091  65.6%  56.5 1365s
 515385 136980 infeasible   76      284813.849 98136.4503  65.5%  56.5 1370s
 517196 137444 infeasible   79      284813.849 98200.6000  65.5%  56.5 1375s
 518780 137643 98360.1517   66   94 284813.849 98217.1014  65.5%  56.6 1380s
 520570 138112 98394.3003   62   96 284813.849 98247.3448  65.5%  56.6 1385s
 522293 138456 101861.282   71   90 284813.849 98295.3686  65.5%  56.7 1390s
 523898 138878 194010.699   68   94 284813.849 98322.8323  65.5%  56.7 1395s
 525746 139239 infeasible   72      284813.849 98342.5291  65.5%  56.7 1400s
 527349 139482 98379.8634   60  100 284813.849 98365.9222  65.5%  56.7 1405s
 529062 140043 infeasible   70      284813.849 98375.4131  65.5%  56.8 1410s
 530775 140548 242052.818   80   91 284813.849 98392.0842  65.5%  56.8 1415s
 531956 140882 infeasible   74      284813.849 98396.0544  65.5%  56.8 1420s
 533522 141191 154916.180   72   87 284813.849 98429.9392  65.4%  56.8 1425s
 535514 141799 infeasible   69      284813.849 98467.4166  65.4%  56.8 1430s
 537102 142206 212344.874   72   88 284813.849 98518.8853  65.4%  56.8 1435s
 538787 142502 184438.778   69   90 284813.849 98536.8283  65.4%  56.9 1440s
 540428 142831 infeasible   69      284813.849 98570.2759  65.4%  56.9 1445s
 542122 143374 98752.4525   67   93 284813.849 98587.3750  65.4%  56.9 1450s
 544038 144077 infeasible   68      284813.849 98617.8511  65.4%  56.9 1455s
 545645 144424 infeasible   75      284813.849 98639.0816  65.4%  56.9 1460s
 547443 145069     cutoff   73      284813.849 98692.3205  65.3%  56.9 1465s
 548857 145310 190908.611   70   86 284813.849 98726.3098  65.3%  56.9 1470s
 550200 145669 infeasible   70      284813.849 98749.0301  65.3%  57.0 1475s
 551864 146198 infeasible   75      284813.849 98773.5520  65.3%  57.0 1480s
 553561 146640 200410.479   71   89 284813.849 98780.9056  65.3%  57.0 1485s
 555112 146901 infeasible   69      284813.849 98820.5755  65.3%  57.0 1490s
 556820 147150 infeasible   68      284813.849 98865.2222  65.3%  57.1 1495s
 558564 147686 infeasible   74      284813.849 98889.0257  65.3%  57.1 1500s
 560317 148239 infeasible   75      284813.849 98889.0257  65.3%  57.1 1505s
 562037 148541 117259.750   69   93 284813.849 98913.8618  65.3%  57.2 1510s
 563630 149038 infeasible  251      284813.849 98943.0734  65.3%  57.2 1515s
 565242 149306 infeasible   73      284813.849 98976.5410  65.2%  57.2 1520s
 566499 149453 274343.994   72   91 284813.849 99016.3042  65.2%  57.2 1525s
 568000 149673 238674.136   76   87 284813.849 99059.4173  65.2%  57.2 1530s
 569685 150015 infeasible   74      284813.849 99087.5576  65.2%  57.3 1535s
H570543 149589                    284061.64131 99112.5648  65.1%  57.3 1537s
H571091 149647                    284061.61570 99127.0195  65.1%  57.3 1539s
 571304 149677 107688.540   71  101 284061.616 99134.0483  65.1%  57.3 1542s
H571592 149683                    284061.59211 99149.4393  65.1%  57.3 1542s
 572275 149768 99224.8496   69   90 284061.592 99192.2030  65.1%  57.3 1545s
 573834 150102 188197.033   76   95 284061.592 99224.8496  65.1%  57.4 1550s
 575309 150325 208982.687   68   98 284061.592 99242.7323  65.1%  57.4 1555s
 576615 150549 118919.338   72   97 284061.592 99290.1239  65.0%  57.4 1560s
 577748 150782 infeasible   79      284061.592 99338.3811  65.0%  57.5 1565s
 579350 151175     cutoff   78      284061.592 99363.2532  65.0%  57.5 1570s
 580880 151350 infeasible   66      284061.592 99408.1148  65.0%  57.6 1575s
 582219 151593 279590.471   59  136 284061.592 99453.4360  65.0%  57.6 1580s
 584164 152112 193780.461   71   99 284061.592 99503.2156  65.0%  57.6 1585s
 585321 152247 156949.929   75   93 284061.592 99558.4239  65.0%  57.6 1590s
 587052 152569 infeasible   81      284061.592 99600.2003  64.9%  57.7 1595s
 588577 152811 243627.126   76   97 284061.592 99681.6215  64.9%  57.7 1600s
 590193 153059 99776.6677   67   92 284061.592 99716.2092  64.9%  57.8 1605s
 591659 153394     cutoff   71      284061.592 99767.2612  64.9%  57.8 1610s
 593240 153669     cutoff   71      284061.592 99819.0655  64.9%  57.8 1615s
 594691 153843 infeasible   75      284061.592 99853.2159  64.8%  57.9 1620s
 596286 154039 100293.374   73   89 284061.592 99878.8292  64.8%  57.9 1625s
 597925 154326 infeasible   76      284061.592 99990.8884  64.8%  57.9 1630s
 599379 154568 191110.677   76   90 284061.592 100016.928  64.8%  58.0 1635s
 601198 155050 205856.197   69   89 284061.592 100070.958  64.8%  58.0 1640s
 602771 155534 189415.588   68  104 284061.592 100086.844  64.8%  58.0 1645s
 604442 155919 infeasible   71      284061.592 100119.469  64.8%  58.0 1650s
 606236 156267 infeasible   76      284061.592 100154.971  64.7%  58.0 1656s
 607673 156830 infeasible   71      284061.592 100167.038  64.7%  58.0 1660s
 610426 157912 190872.621   68   88 284061.592 100214.992  64.7%  58.0 1665s
 612836 158604 infeasible   70      284061.592 100229.730  64.7%  58.1 1670s
 615393 159172 150064.154   68   95 284061.592 100257.992  64.7%  58.1 1675s
 617915 159841 infeasible   73      284061.592 100292.625  64.7%  58.1 1680s
 620744 161077 226176.926   77   94 284061.592 100301.738  64.7%  58.1 1685s
 623240 161781 215202.031   69   93 284061.592 100318.057  64.7%  58.1 1690s
 625324 162151 195921.569   66   99 284061.592 100350.401  64.7%  58.2 1695s
 626818 162535 111434.518   69   97 284061.592 100370.780  64.7%  58.2 1700s
 628325 162760 infeasible   71      284061.592 100394.940  64.7%  58.2 1705s
 630083 163142 209863.591   72   94 284061.592 100433.503  64.6%  58.2 1710s
 631644 163499 infeasible   75      284061.592 100453.496  64.6%  58.2 1715s
 633213 163713 infeasible   76      284061.592 100493.925  64.6%  58.3 1720s
 634738 163964 224143.825   68   97 284061.592 100525.297  64.6%  58.3 1725s
 636387 164208 221136.787   77   98 284061.592 100574.632  64.6%  58.4 1730s
 638053 164434 244439.292   72  103 284061.592 100631.598  64.6%  58.4 1735s
 640485 164869 infeasible   75      284061.592 100712.305  64.5%  58.4 1740s
 642709 165141 infeasible   70      284061.592 100826.426  64.5%  58.5 1745s
 645300 165569     cutoff   73      284061.592 100920.637  64.5%  58.5 1750s
 647744 165915 infeasible   76      284061.592 101000.390  64.4%  58.6 1755s
 649583 166268 241302.489   75   93 284061.592 101062.050  64.4%  58.6 1760s
 651132 166458 infeasible   74      284061.592 101128.004  64.4%  58.6 1765s
 652622 166758 infeasible   71      284061.592 101180.374  64.4%  58.6 1770s
 654310 167029 infeasible   69      284061.592 101189.963  64.4%  58.7 1775s
 655898 167413 infeasible   74      284061.592 101189.963  64.4%  58.7 1780s
 657393 167792 infeasible   75      284061.592 101190.117  64.4%  58.8 1785s
 658724 168053 226457.283   76   93 284061.592 101190.782  64.4%  58.8 1790s
 660114 168290 225962.802   77   93 284061.592 101204.757  64.4%  58.8 1795s
 661531 168613 infeasible   75      284061.592 101209.792  64.4%  58.9 1800s
 662985 168839 265896.717   85   92 284061.592 101265.981  64.4%  58.9 1805s
 664532 169189 192855.152   62  105 284061.592 101273.274  64.3%  58.9 1810s
 666200 169452 203589.391   69   92 284061.592 101311.264  64.3%  59.0 1815s
 667664 169703 200000.349   71   89 284061.592 101325.391  64.3%  59.0 1820s
 669266 170010 infeasible   72      284061.592 101340.032  64.3%  59.0 1825s
 670894 170280 187717.498   66  113 284061.592 101346.964  64.3%  59.1 1830s
 672445 170524 infeasible   70      284061.592 101399.514  64.3%  59.1 1835s
 673903 170806 215275.412   72   96 284061.592 101408.549  64.3%  59.1 1840s
 675591 170987 173557.268   72   89 284061.592 101460.666  64.3%  59.2 1845s
 676628 171121 infeasible   74      284061.592 101475.306  64.3%  59.2 1850s
 677973 171368 190243.829   72   94 284061.592 101539.593  64.3%  59.2 1855s
 679626 171563 187730.834   71   87 284061.592 101596.606  64.2%  59.3 1860s
 681033 171742 216697.293   76   99 284061.592 101651.428  64.2%  59.3 1865s
 682618 172068 101731.881   68   96 284061.592 101688.753  64.2%  59.3 1870s
 683955 172234 infeasible   73      284061.592 101733.823  64.2%  59.4 1875s
 685717 172626 infeasible   75      284061.592 101771.645  64.2%  59.4 1880s
 687145 172898     cutoff   69      284061.592 101825.789  64.2%  59.4 1885s
 688460 173088 infeasible   71      284061.592 101874.794  64.1%  59.5 1890s
 690081 173490 infeasible   80      284061.592 101927.962  64.1%  59.5 1895s
 691557 173832 240238.336   71  102 284061.592 101948.512  64.1%  59.5 1900s
 693077 174147 infeasible   74      284061.592 101993.081  64.1%  59.6 1905s
 693793 174267 infeasible   70      284061.592 102014.198  64.1%  59.6 1910s
 695387 174677 240765.353   72   90 284061.592 102043.572  64.1%  59.6 1915s
 696821 174984 201026.506   70  101 284061.592 102075.364  64.1%  59.6 1920s
 698693 175276 infeasible   75      284061.592 102101.232  64.1%  59.7 1925s
 700190 175590 191712.254   72   92 284061.592 102134.899  64.0%  59.7 1930s
 701762 175813 188168.452   72   92 284061.592 102185.323  64.0%  59.7 1935s
 703191 176027 189442.628   66  100 284061.592 102234.350  64.0%  59.8 1940s
 704795 176372 193338.459   69   95 284061.592 102264.762  64.0%  59.8 1945s
 706292 176719 infeasible   75      284061.592 102301.685  64.0%  59.8 1950s
 707875 177078 191343.518   62  106 284061.592 102348.053  64.0%  59.9 1955s
 709538 177401 infeasible   66      284061.592 102401.513  64.0%  59.9 1960s
 710940 177690 244318.965   71  111 284061.592 102433.066  63.9%  59.9 1965s
 712066 177898 188823.178   63   93 284061.592 102483.513  63.9%  60.0 1970s
 713591 178146 228025.628   77   91 284061.592 102535.690  63.9%  60.0 1975s
 715111 178370 187211.524   61  114 284061.592 102624.885  63.9%  60.0 1980s
 716435 178660 infeasible   64      284061.592 102678.575  63.9%  60.1 1985s
 718090 178982 infeasible   69      284061.592 102718.386  63.8%  60.1 1990s
 719623 179265 221107.004   68   96 284061.592 102771.584  63.8%  60.1 1995s
 721118 179472 224803.534   72   92 284061.592 102821.959  63.8%  60.2 2000s
 722596 179684 192927.428   71   99 284061.592 102900.677  63.8%  60.2 2005s
 724152 179990 infeasible   69      284061.592 103021.212  63.7%  60.3 2010s
 725617 180169 220187.551   69   93 284061.592 103124.614  63.7%  60.3 2015s
 726975 180313 192590.020   71   98 284061.592 103210.875  63.7%  60.3 2020s
 728256 180518 infeasible   75      284061.592 103273.344  63.6%  60.4 2025s
 729718 180667 259469.888   72   98 284061.592 103400.392  63.6%  60.4 2030s
 731307 180905     cutoff   74      284061.592 103481.551  63.6%  60.4 2035s
 732373 181029 infeasible   83      284061.592 103583.373  63.5%  60.4 2040s
 734061 181231 infeasible   73      284061.592 103749.057  63.5%  60.5 2045s
 735416 181346 277840.880   61  137 284061.592 103942.491  63.4%  60.5 2050s
 736977 181665 infeasible   75      284061.592 104142.325  63.3%  60.5 2055s
 738247 181826 infeasible   74      284061.592 104248.377  63.3%  60.6 2060s
 739868 182003 201393.730   71   89 284061.592 104492.815  63.2%  60.6 2065s
 741237 182202 infeasible   74      284061.592 104637.779  63.2%  60.6 2070s
 742809 182402 193247.189   72   91 284061.592 104800.540  63.1%  60.6 2075s
 744241 182566 197759.319   71   93 284061.592 105058.851  63.0%  60.7 2080s
 745758 182765 194699.452   72   98 284061.592 105190.620  63.0%  60.7 2085s
 747142 182901 254260.682   75   94 284061.592 105390.890  62.9%  60.7 2090s
 748433 183223 infeasible   77      284061.592 105550.437  62.8%  60.7 2095s
 750256 183482 258840.882   74   95 284061.592 105690.117  62.8%  60.8 2100s
 752094 184443 270544.178  177   85 284061.592 105831.870  62.7%  60.7 2105s
*752376 184333             776    283876.06011 105846.407  62.7%  60.7 2105s
*752471 177919             849    276739.79173 105846.407  61.8%  60.7 2105s
 753338 177986 195926.259   69   96 276739.792 105955.724  61.7%  60.7 2110s
 754809 178036 infeasible   68      276739.792 106133.609  61.6%  60.7 2115s
 756187 178108     cutoff   75      276739.792 106354.283  61.6%  60.8 2120s
 757646 178130 infeasible   74      276739.792 106615.973  61.5%  60.8 2125s
 758787 178115 197727.598   73   92 276739.792 106814.669  61.4%  60.8 2130s
 760271 178210 193287.239   73   98 276739.792 107103.467  61.3%  60.9 2135s
 761495 178188 infeasible   67      276739.792 107381.395  61.2%  60.9 2140s
 763077 178396 191937.328   67   93 276739.792 107605.481  61.1%  60.9 2145s
 764359 178513 211487.394   64  104 276739.792 107745.028  61.1%  61.0 2150s
 765619 178685 114830.270   68   94 276739.792 107869.515  61.0%  61.0 2155s
 766959 178734 204019.766   67   95 276739.792 108143.275  60.9%  61.0 2160s
 768376 178836 194131.942   71   83 276739.792 108378.808  60.8%  61.1 2165s
 769880 178970 infeasible   68      276739.792 108613.690  60.8%  61.1 2170s
 771302 179187 205640.391   75   94 276739.792 108783.996  60.7%  61.1 2175s
 772886 179316 198230.324   66  101 276739.792 109003.367  60.6%  61.1 2180s
 774362 179566 infeasible   77      276739.792 109149.257  60.6%  61.1 2185s
 776188 179942 infeasible   74      276739.792 109295.775  60.5%  61.1 2190s
 777921 180144 188293.618   66   88 276739.792 109409.721  60.5%  61.1 2195s
 779195 180225 236167.802   86   83 276739.792 109537.381  60.4%  61.2 2200s
 781022 180769 194877.312   69   87 276739.792 109618.164  60.4%  61.2 2205s
 782554 181179 201013.757   71   92 276739.792 109682.789  60.4%  61.2 2210s
 784576 181629 191929.657   63   88 276739.792 109744.017  60.3%  61.2 2215s
 786439 182154 infeasible   71      276739.792 109798.674  60.3%  61.2 2220s
 787447 182381 182325.129   70  100 276739.792 109839.626  60.3%  61.2 2225s
 789392 182788 202025.155   71   92 276739.792 109949.522  60.3%  61.2 2230s
 791968 183188 188568.628   68   93 276739.792 110024.424  60.2%  61.2 2235s
 794781 184043 191013.849   74   88 276739.792 110085.276  60.2%  61.2 2240s
 797320 184415 241812.502   79  100 276739.792 110185.262  60.2%  61.3 2245s
 799800 184745 151818.285   73   83 276739.792 110359.444  60.1%  61.3 2250s
 802001 184927     cutoff   72      276739.792 110605.978  60.0%  61.4 2255s
 804116 185175 infeasible   75      276739.792 110865.059  59.9%  61.4 2260s
 806317 185207 191267.399   71  102 276739.792 111327.641  59.8%  61.5 2265s
 808603 185700 224332.804   71   99 276739.792 111466.702  59.7%  61.5 2270s
 809607 185803 infeasible  100      276739.792 111611.737  59.7%  61.5 2275s
 810870 185876 infeasible   71      276739.792 111827.362  59.6%  61.6 2280s
 812272 185936 218299.398   71  104 276739.792 112050.647  59.5%  61.6 2285s
 813639 186070 infeasible   78      276739.792 112336.490  59.4%  61.6 2290s
 815002 186249 206659.653   69   96 276739.792 112627.358  59.3%  61.7 2295s
 816714 186215 209232.280   71   94 276739.792 112958.470  59.2%  61.7 2300s
 818143 186452 infeasible   71      276739.792 113190.567  59.1%  61.7 2305s
 819698 186521 228676.382   72   93 276739.792 113416.487  59.0%  61.7 2310s
 821021 186525 230932.156   73   98 276739.792 113606.890  58.9%  61.8 2315s
 822393 186558 228566.014   63  105 276739.792 113774.006  58.9%  61.8 2320s
 823462 186576 185693.379   71   99 276739.792 113929.982  58.8%  61.8 2325s
 824912 186537 242327.330   68  100 276739.792 114139.221  58.8%  61.9 2330s
 826251 186498 197328.039   69   87 276739.792 114387.727  58.7%  61.9 2335s
 827798 186472 182718.785   77   88 276739.792 114729.038  58.5%  61.9 2340s
 829723 186441 217396.100   69   87 276739.792 115121.540  58.4%  62.0 2345s
 831549 186467 223868.588   78  100 276739.792 115459.733  58.3%  62.0 2350s
 832776 186438 infeasible   77      276739.792 115670.575  58.2%  62.1 2355s
 834053 186383 206166.728   73   89 276739.792 115910.349  58.1%  62.1 2360s
 835323 186299 196681.636   67  110 276739.792 116133.364  58.0%  62.1 2365s
 836478 186279 224774.660   70   97 276739.792 116359.040  58.0%  62.2 2370s
 837993 186304 infeasible   72      276739.792 116631.562  57.9%  62.2 2375s
 839340 186254     cutoff   75      276739.792 116874.706  57.8%  62.2 2380s
 840579 186187 232053.263   75   94 276739.792 117072.624  57.7%  62.3 2385s
 841743 186206 infeasible   81      276739.792 117184.366  57.7%  62.3 2390s
 842868 186214 206049.842   71   95 276739.792 117273.369  57.6%  62.3 2395s
 844070 186156 239936.980   77   98 276739.792 117419.703  57.6%  62.3 2400s
 845398 186125 infeasible   75      276739.792 117631.109  57.5%  62.4 2405s
 846541 186090 149243.176   72   82 276739.792 117817.550  57.4%  62.4 2410s
 848069 186070 213223.079   70  104 276739.792 118092.081  57.3%  62.5 2415s
 849366 186045 infeasible   70      276739.792 118329.212  57.2%  62.5 2420s
 850621 186002 195845.230   70   93 276739.792 118531.913  57.2%  62.5 2425s
 852007 185914 infeasible   73      276739.792 118785.477  57.1%  62.6 2430s
 853294 185909 133996.843   73  100 276739.792 119018.343  57.0%  62.6 2435s
H854060 185873                    276739.78453 119149.748  56.9%  62.6 2439s
 854061 185875 258787.728   60  142 276739.785 119149.813  56.9%  62.6 2440s
 855260 185858 258713.325   72   94 276739.785 119300.875  56.9%  62.7 2445s
 856561 185848 infeasible   71      276739.785 119519.293  56.8%  62.7 2450s
 857828 185856 infeasible   75      276739.785 119709.265  56.7%  62.7 2455s
 859022 185804 132392.993   74   91 276739.785 119896.231  56.7%  62.8 2460s
 860402 185772 infeasible   70      276739.785 120096.259  56.6%  62.8 2465s
 862475 185697 infeasible   78      276739.785 120456.163  56.5%  62.8 2470s
 864653 185896 infeasible   71      276739.785 120650.375  56.4%  62.9 2475s
 866490 186037 220082.527   77   95 276739.785 120813.115  56.3%  62.9 2480s
 867785 186132 237044.825   74   93 276739.785 120912.517  56.3%  62.9 2485s
 869073 186113 infeasible   72      276739.785 121073.442  56.3%  63.0 2490s
 870470 186110 infeasible   78      276739.785 121285.974  56.2%  63.0 2495s
 872025 186188 243768.135   66   98 276739.785 121468.537  56.1%  63.0 2500s
 873588 186413 217169.487  112   81 276739.785 121639.570  56.0%  63.0 2505s
H873751 186413                    276739.72611 121674.105  56.0%  63.0 2505s
H874874 186653                    276739.72336 121781.767  56.0%  63.0 2510s
 876318 186944 infeasible   74      276739.723 121995.043  55.9%  63.0 2515s
 878059 187128 273601.167   75   90 276739.723 122207.687  55.8%  63.0 2520s
 879072 187200 122912.325   70   88 276739.723 122369.102  55.8%  63.1 2525s
 880466 187579 213197.230   76   99 276739.723 122523.006  55.7%  63.1 2530s
 882149 187971 187285.152   69   89 276739.723 122630.800  55.7%  63.1 2535s
 883577 188536 248015.475  201   91 276739.723 122692.850  55.7%  63.1 2540s
 884690 188733 infeasible   78      276739.723 122758.373  55.6%  63.1 2545s
 885928 188991 infeasible   74      276739.723 122870.286  55.6%  63.1 2550s
 887493 189322 162051.300   71   79 276739.723 123030.918  55.5%  63.1 2555s
 888673 189480 185697.364   59   93 276739.723 123134.564  55.5%  63.1 2560s
 890280 189825 183057.815   61   98 276739.723 123243.286  55.5%  63.1 2565s
 892115 190217 infeasible   73      276739.723 123371.391  55.4%  63.2 2570s
 893762 190728     cutoff   75      276739.723 123469.310  55.4%  63.2 2575s
 895206 190988 infeasible   69      276739.723 123563.689  55.4%  63.2 2580s
 896711 191162 189546.299   67   97 276739.723 123740.404  55.3%  63.2 2585s
 898316 191248 infeasible   72      276739.723 123849.063  55.2%  63.3 2590s
 899750 191337 infeasible   70      276739.723 123985.323  55.2%  63.3 2595s
 901169 191620 189704.607   71  105 276739.723 124083.927  55.2%  63.3 2600s
 902820 191961 127723.387   69  104 276739.723 124110.936  55.2%  63.3 2605s
 904861 192597 218988.097   77   93 276739.723 124127.062  55.1%  63.3 2610s
 906488 192831 infeasible   77      276739.723 124204.947  55.1%  63.3 2615s
 908010 193077 infeasible   82      276739.723 124262.826  55.1%  63.3 2620s
 909618 193370 212261.174   73  105 276739.723 124289.802  55.1%  63.3 2625s
 911281 193818 127739.513   71  106 276739.723 124289.802  55.1%  63.3 2630s
 912858 194118 infeasible   78      276739.723 124310.641  55.1%  63.3 2635s
 914822 194823 infeasible   71      276739.723 124326.767  55.1%  63.3 2640s
 916539 194924 124530.427   74   95 276739.723 124368.353  55.1%  63.3 2645s
 918161 195194 219602.633   77   95 276739.723 124436.416  55.0%  63.3 2650s
 919901 195445 infeasible   72      276739.723 124473.381  55.0%  63.3 2655s
 921588 195704 216635.988   69  116 276739.723 124517.220  55.0%  63.3 2660s
 923182 195924 231734.961   67  105 276739.723 124599.156  55.0%  63.3 2665s
 924644 196247 226250.558   76   83 276739.723 124679.148  54.9%  63.3 2670s
 926421 196384 185572.546   68   94 276739.723 124797.872  54.9%  63.3 2675s
 927883 196588     cutoff   83      276739.723 124904.981  54.9%  63.3 2680s
 929743 196907 218613.823   72   89 276739.723 125014.217  54.8%  63.3 2685s
 931190 196999 231455.253   75   93 276739.723 125131.234  54.8%  63.3 2690s
 933009 197317 infeasible   72      276739.723 125250.342  54.7%  63.3 2695s
 934410 197362 241494.955   76   95 276739.723 125344.794  54.7%  63.3 2700s
 935459 197490 211787.831   71   92 276739.723 125444.427  54.7%  63.3 2705s
 937101 197827 infeasible   74      276739.723 125570.281  54.6%  63.3 2710s
 938505 197998 178533.302   86   87 276739.723 125686.703  54.6%  63.4 2715s
 940278 198078 235968.857   86   78 276739.723 125865.356  54.5%  63.4 2720s
 941753 198195     cutoff   77      276739.723 125990.498  54.5%  63.4 2725s
 943152 198224 186198.087   72   98 276739.723 126186.851  54.4%  63.4 2730s
 944554 198264 infeasible   74      276739.723 126348.791  54.3%  63.4 2735s
 946024 198326 205532.280   70   88 276739.723 126545.984  54.3%  63.5 2740s
 947385 198275 206030.996   76   92 276739.723 126725.500  54.2%  63.5 2745s
 948685 198404 148049.039   72   90 276739.723 126886.325  54.1%  63.5 2750s
 950124 198517 196978.967   68  108 276739.723 127092.351  54.1%  63.6 2755s
 951149 198459 infeasible   82      276739.723 127230.598  54.0%  63.6 2760s
 952518 198483     cutoff   90      276739.723 127399.328  54.0%  63.6 2765s
 954121 198733 infeasible   66      276739.723 127514.260  53.9%  63.6 2770s
 955798 199229 infeasible   70      276739.723 127560.615  53.9%  63.7 2775s
 957587 199671 infeasible   75      276739.723 127587.623  53.9%  63.6 2780s
 959322 200059 infeasible   78      276739.723 127623.611  53.9%  63.6 2785s
 960523 200202 infeasible   73      276739.723 127707.228  53.9%  63.7 2790s
 962124 200536 infeasible   77      276739.723 127723.355  53.8%  63.7 2795s
 963940 200966 220146.257   69   95 276739.723 127750.363  53.8%  63.7 2800s
 965887 201406 136270.217   74   94 276739.723 127769.209  53.8%  63.7 2805s
 967437 201747 184305.762   71   94 276739.723 127774.993  53.8%  63.7 2810s
 969138 202030 infeasible   73      276739.723 127834.036  53.8%  63.7 2815s
*970426 202774             719    276739.43230 127846.154  53.8%  63.6 2818s
*970427 202772             719    276737.70620 127846.154  53.8%  63.6 2818s
*970439 202761             723    276729.70205 127846.154  53.8%  63.6 2819s
*970466 202759             733    276726.44314 127846.154  53.8%  63.6 2819s
*970469 202757             731    276724.53633 127846.154  53.8%  63.6 2819s
*970472 202755             729    276722.59987 127846.154  53.8%  63.6 2819s
 970738 202839 infeasible   73      276722.600 127869.968  53.8%  63.6 2820s
 972582 203302 infeasible   71      276722.600 127906.933  53.8%  63.6 2825s
 974063 203595 infeasible   73      276722.600 127923.060  53.8%  63.6 2830s
 975395 203853 infeasible   76      276722.600 127931.949  53.8%  63.6 2835s
 977169 204089 141182.398   72   89 276722.600 127963.980  53.8%  63.6 2840s
 978612 204276     cutoff   69      276722.600 127990.988  53.7%  63.6 2845s
 980335 204593 131874.560   72   97 276722.600 128044.295  53.7%  63.6 2850s
 982160 204893 226675.295   73   87 276722.600 128078.562  53.7%  63.6 2855s
 983709 205151 230404.784   71   95 276722.600 128097.536  53.7%  63.6 2860s
 985405 205448 infeasible   77      276722.600 128131.492  53.7%  63.6 2865s
 986967 205721 223267.056   68   94 276722.600 128195.505  53.7%  63.6 2870s
 988771 206121 128630.888   72   94 276722.600 128239.915  53.7%  63.6 2875s
 990481 206411 129070.532   80   94 276722.600 128258.828  53.7%  63.6 2880s
 992083 206797 189673.832   70   91 276722.600 128278.414  53.6%  63.6 2885s
 993891 207042 infeasible   74      276722.600 128305.619  53.6%  63.6 2890s
 995669 207330 240077.404   70   92 276722.600 128373.886  53.6%  63.6 2895s
 997063 207581 infeasible   80      276722.600 128411.280  53.6%  63.6 2900s
 999009 207764 infeasible   71      276722.600 128436.739  53.6%  63.6 2905s
 1000467 208137 235514.187   77   88 276722.600 128457.800  53.6%  63.6 2910s
 1002125 208318     cutoff   75      276722.600 128498.054  53.6%  63.6 2915s
 1003703 208598 infeasible   80      276722.600 128560.761  53.5%  63.7 2920s
 1005361 208816 128920.748   71   95 276722.600 128594.602  53.5%  63.6 2925s
 1006702 209078 267989.423   75   90 276722.600 128608.991  53.5%  63.6 2930s
 1008455 209198 218391.964   79   96 276722.600 128644.668  53.5%  63.6 2935s
 1009897 209281 223330.390   79   94 276722.600 128719.407  53.5%  63.6 2940s
 1011705 209465 132718.378   73   89 276722.600 128758.008  53.5%  63.6 2945s
 1013434 209548 infeasible   75      276722.600 128805.355  53.5%  63.6 2950s
 1015058 209675 167996.520   71   91 276722.600 128885.209  53.4%  63.7 2955s
 1016658 210113 infeasible   90      276722.600 128930.365  53.4%  63.6 2960s
 1018312 210165 129282.060   77   97 276722.600 128991.043  53.4%  63.6 2965s
 1019820 210477 173163.518   71  104 276722.600 129082.836  53.4%  63.6 2970s
 1021633 210677 infeasible   76      276722.600 129167.428  53.3%  63.6 2975s
 1023168 210878     cutoff   76      276722.600 129281.183  53.3%  63.6 2980s
 1024264 210878 infeasible   79      276722.600 129391.230  53.2%  63.6 2985s
 1025863 211069 218184.281   74   95 276722.600 129542.626  53.2%  63.6 2990s
 1027265 211093 135560.615   78   93 276722.600 129719.168  53.1%  63.7 2995s
 1028503 211137 130612.085   64  111 276722.600 129881.908  53.1%  63.7 3000s
 1030284 211303 infeasible   73      276722.600 130025.643  53.0%  63.7 3005s
 1031704 211462 infeasible   71      276722.600 130126.380  53.0%  63.7 3010s
 1033161 211590 infeasible   73      276722.600 130221.760  52.9%  63.7 3015s
 1034511 211633     cutoff   72      276722.600 130314.401  52.9%  63.7 3020s
 1035693 211805 194972.616   73   91 276722.600 130381.866  52.9%  63.7 3025s
 1037201 211853 257417.648   71  105 276722.600 130481.206  52.8%  63.8 3030s
 1038638 211941 infeasible   73      276722.600 130575.912  52.8%  63.8 3035s
 1039851 212028 224168.968   73   88 276722.600 130640.514  52.8%  63.8 3040s
 1041432 212272 200934.273  103   85 276722.600 130739.339  52.8%  63.8 3045s
 1043153 212409     cutoff   89      276722.600 130831.347  52.7%  63.8 3050s
 1044955 212810 188125.797   66  103 276722.600 130899.382  52.7%  63.8 3055s
 1046409 213078 228063.723   70   97 276722.600 130967.963  52.7%  63.8 3060s
 1048274 213500 226438.732   75   91 276722.600 131039.099  52.6%  63.8 3065s
 1049255 213569 180309.209   64   97 276722.600 131064.653  52.6%  63.8 3070s
 1050530 213727 227163.093   72   91 276722.600 131106.652  52.6%  63.8 3075s
 1052189 214040 184593.299   65   94 276722.600 131173.808  52.6%  63.9 3080s
 1053578 214238     cutoff   82      276722.600 131202.761  52.6%  63.9 3085s
 1055377 214478 234413.169   71   94 276722.600 131233.884  52.6%  63.9 3090s
 1056813 214751     cutoff   71      276722.600 131287.793  52.6%  63.9 3095s
 1058461 215044 219661.755   74   99 276722.600 131346.656  52.5%  63.9 3100s
 1060144 215322 173908.718   73   87 276722.600 131368.364  52.5%  63.9 3105s
 1061780 215642 131906.845   77   99 276722.600 131392.510  52.5%  63.9 3110s
 1063699 216107 198770.643   68   94 276722.600 131424.541  52.5%  63.9 3115s
 1065341 216403 infeasible   74      276722.600 131475.766  52.5%  63.9 3120s
 1066785 216710 135316.402   74   95 276722.600 131512.171  52.5%  63.9 3125s
 1068569 216898 132108.814   65   92 276722.600 131543.802  52.5%  63.9 3130s
 1070266 217193 220208.104   70   97 276722.600 131564.882  52.5%  63.9 3135s
 1072155 217388 infeasible   69      276722.600 131592.215  52.4%  63.9 3140s
 1073562 217611 132121.355   68   98 276722.600 131633.135  52.4%  63.9 3145s
 1075463 218045 235968.046   82   81 276722.600 131662.396  52.4%  63.9 3150s
 1076988 218358 132177.181   69   96 276722.600 131689.659  52.4%  63.9 3155s
 1078971 218664 154667.370   77   97 276722.600 131707.770  52.4%  63.9 3160s
 1080482 218928 infeasible   75      276722.600 131726.114  52.4%  63.9 3165s
 1082290 219142 infeasible   78      276722.600 131755.621  52.4%  63.9 3170s
 1083633 219354     cutoff   78      276722.600 131773.364  52.4%  63.9 3175s
 1085410 219679 infeasible   71      276722.600 131818.101  52.4%  63.9 3180s
 1087485 220078 infeasible   73      276722.600 131851.109  52.4%  63.9 3185s
 1090265 220567 132062.444   72   97 276722.600 131887.453  52.3%  63.8 3190s
 1093140 220979 223577.961   78   83 276722.600 131928.680  52.3%  63.8 3195s
 1095606 221263 149994.913   69   92 276722.600 131980.839  52.3%  63.8 3200s
 1097388 221588 219425.762   69  114 276722.600 132016.462  52.3%  63.8 3205s
 1099060 221735 234034.265   71  101 276722.600 132055.832  52.3%  63.8 3210s
 1100309 221762 infeasible   76      276722.600 132094.023  52.3%  63.8 3215s
 1102365 222416     cutoff   79      276722.600 132126.067  52.3%  63.8 3220s
 1104003 222645 infeasible   76      276722.600 132184.477  52.2%  63.8 3225s
 1105262 222839 165006.265  107   84 276722.600 132214.334  52.2%  63.8 3230s
 1106916 223249 190388.711   68   96 276722.600 132246.476  52.2%  63.8 3235s
 1108573 223713 189535.610   68   95 276722.600 132253.976  52.2%  63.8 3240s
 1110248 223836 132651.362   74   99 276722.600 132325.256  52.2%  63.8 3246s
 1111164 223919 180132.404   93   81 276722.600 132350.788  52.2%  63.8 3250s
 1112868 224240 infeasible   73      276722.600 132386.090  52.2%  63.8 3255s
 1114373 224522 201193.980   63  101 276722.600 132409.846  52.2%  63.8 3260s
 1115653 224716 infeasible   74      276722.600 132457.993  52.1%  63.8 3265s
 1117349 225034 186941.417   62  104 276722.600 132516.550  52.1%  63.8 3270s
 1118899 225343 261024.282   71  107 276722.600 132573.002  52.1%  63.8 3275s
 1120602 225866 219567.776   73   88 276722.600 132596.532  52.1%  63.9 3280s
 1122278 226156 212690.374   75   94 276722.600 132669.107  52.1%  63.9 3285s
 1123939 226539 infeasible   69      276722.600 132739.320  52.0%  63.9 3290s
 1125651 227027 infeasible   73      276722.600 132773.443  52.0%  63.9 3295s
 1127188 227364 204308.521  134   90 276722.600 132825.213  52.0%  63.9 3300s
 1128595 227812 225610.549   74   95 276722.600 132872.058  52.0%  63.9 3305s
 1130263 228444 213074.895   75   87 276722.600 132872.058  52.0%  63.9 3310s
 1131723 228928 179753.904  124   84 276722.600 132901.645  52.0%  63.9 3315s
 1134634 229731     cutoff   76      276722.600 132957.274  52.0%  63.8 3320s
 1137360 230303 197490.383   64   94 276722.600 133023.781  51.9%  63.8 3325s
 1139264 230743 infeasible   73      276722.600 133067.040  51.9%  63.8 3330s
 1140751 231166 infeasible  141      276722.600 133108.451  51.9%  63.8 3335s
H1142501 231639                    276722.50310 133135.914  51.9%  63.8 3339s
 1142700 231673 infeasible   78      276722.503 133139.386  51.9%  63.8 3340s
 1144077 231957 191521.762   67   94 276722.503 133157.292  51.9%  63.8 3345s
 1145149 232048 168154.390  106   87 276722.503 133179.845  51.9%  63.8 3350s
 1146580 232288 181639.099  111   82 276722.503 133230.468  51.9%  63.8 3355s
 1148303 232636 infeasible   90      276722.503 133266.971  51.8%  63.8 3360s
 1149917 233291 infeasible   91      276722.503 133292.516  51.8%  63.8 3365s
 1151923 233842 infeasible  117      276722.503 133324.479  51.8%  63.8 3370s
 1153420 234054 infeasible   74      276722.503 133375.094  51.8%  63.8 3375s
 1155210 234363 232997.573   76   90 276722.503 133397.175  51.8%  63.8 3380s
 1157783 234803 138187.810   68   98 276722.503 133472.460  51.8%  63.8 3385s
 1160374 235328 147113.982   94   89 276722.503 133540.237  51.7%  63.8 3390s
 1162967 236340 176633.503  119   80 276722.503 133596.701  51.7%  63.7 3395s
 1165849 237051 200737.435   66   90 276722.503 133653.789  51.7%  63.7 3400s
 1168441 237496 245007.954   74  101 276722.503 133740.762  51.7%  63.7 3405s
 1170986 237838 infeasible   76      276722.503 133850.590  51.6%  63.7 3410s
 1173578 238301 infeasible  101      276722.503 133925.757  51.6%  63.7 3415s
 1176435 238861     cutoff   77      276722.503 133992.774  51.6%  63.7 3420s
 1178834 239174 infeasible   75      276722.503 134066.696  51.6%  63.7 3425s
 1181566 239849 infeasible   71      276722.503 134155.516  51.5%  63.7 3430s
 1183713 240284     cutoff   72      276722.503 134225.993  51.5%  63.6 3435s
 1186516 240937 196295.075  101   81 276722.503 134325.486  51.5%  63.6 3440s
 1188784 241542 139524.184  106   84 276722.503 134405.863  51.4%  63.6 3445s
 1192045 242313 227550.819   68   97 276722.503 134499.683  51.4%  63.5 3450s
 1195174 243212 195765.781  111   83 276722.503 134569.219  51.4%  63.5 3455s
 1198050 244003 185658.523  110   82 276722.503 134689.476  51.3%  63.5 3460s
 1200624 244807 228409.360  128   78 276722.503 134730.900  51.3%  63.4 3465s
H1203470 245854                    276722.49513 134795.296  51.3%  63.4 3469s
 1203632 245904 173656.520  128   89 276722.495 134795.296  51.3%  63.4 3470s
 1205974 246565 172891.563   82   82 276722.495 134839.673  51.3%  63.3 3475s
 1209072 247459 193388.403  100   84 276722.495 134878.020  51.3%  63.3 3480s
 1210188 247575 infeasible   95      276722.495 134937.948  51.2%  63.3 3485s
 1211685 247863 infeasible   95      276722.495 134977.355  51.2%  63.3 3490s
 1213372 248207 197187.457   94   83 276722.495 135007.949  51.2%  63.2 3495s
 1215129 248509 159221.261  102   80 276722.495 135056.178  51.2%  63.2 3500s
 1216637 248755 142708.252   98   83 276722.495 135084.101  51.2%  63.2 3505s
 1218185 249014 infeasible  105      276722.495 135125.232  51.2%  63.2 3510s
 1220248 249560 141679.461   76   85 276722.495 135157.051  51.2%  63.2 3515s
 1222208 249986 infeasible   78      276722.495 135193.950  51.1%  63.2 3520s
 1223752 250258 140353.251   85   80 276722.495 135236.550  51.1%  63.2 3525s
 1225627 250922 223756.761   65  102 276722.495 135276.784  51.1%  63.1 3530s
 1227927 251622 225613.255   68  106 276722.495 135308.922  51.1%  63.1 3535s
 1229834 251960 infeasible   67      276722.495 135343.178  51.1%  63.1 3540s
 1231380 252237 infeasible  110      276722.495 135379.102  51.1%  63.1 3545s
 1233313 252901     cutoff  107      276722.495 135425.150  51.1%  63.1 3550s
 1235667 253518     cutoff   75      276722.495 135466.907  51.0%  63.0 3555s
 1238414 254111 135699.485   73   99 276722.495 135536.745  51.0%  63.0 3560s
 1240639 254495 infeasible   94      276722.495 135617.924  51.0%  63.0 3565s
 1242966 254734 141526.446   76   85 276722.495 135683.358  51.0%  63.0 3570s
 1245841 255338 infeasible   71      276722.495 135764.007  50.9%  63.0 3575s
 1247993 255688 infeasible   66      276722.495 135843.610  50.9%  63.0 3580s
 1250000 256052 197085.479   70   91 276722.495 135915.274  50.9%  63.0 3585s
 1251775 256488 infeasible   72      276722.495 135983.484  50.9%  62.9 3590s
 1253419 256797 136783.808   77   93 276722.495 136037.546  50.8%  62.9 3595s
 1254848 257196 224720.453   74   99 276722.495 136078.232  50.8%  62.9 3600s

Cutting planes:
  Gomory: 13
  Implied bound: 4
  MIR: 19
  Flow cover: 14
  RLT: 7
  Relax-and-lift: 7

Explored 1255068 nodes (78949528 simplex iterations) in 3600.01 seconds (2654.20 work units)
Thread count was 2 (of 24 available processors)

Solution count 10: 276722 276723 276725 ... 283876

Time limit reached
Best objective 2.767224951259e+05, best bound 1.360807751573e+05, gap 50.8241%
