
Gurobi 11.0.3 (linux64, Java) logging started ter 03 dez 2024 07:16:09 -03

Set parameter Username
Academic license - for non-commercial use only - expires 2025-10-10
Set parameter NonConvex to value 2
Set parameter TimeLimit to value 3600
Set parameter LogToConsole to value 0
Set parameter MIPGap to value 2.3060879868461677e-07
Set parameter Threads to value 2
Set parameter NodefileDir to value "/home/ps12398/experiment_hosp/goalProgrammingMarcos/"
Set parameter NodefileStart to value 1
Gurobi Optimizer version 11.0.3 build v11.0.3rc0 (linux64)

CPU model: Intel(R) Xeon(R) CPU           X5650  @ 2.67GHz, instruction set [SSE2]
Thread count: 12 physical cores, 24 logical processors, using up to 2 threads

Optimize a model with 8098 rows, 5573 columns and 26595 nonzeros
Model fingerprint: 0x0d33b7fa
Model has 57 quadratic constraints
Variable types: 2762 continuous, 2811 integer (52 binary)
Coefficient statistics:
  Matrix range     [2e-02, 8e+05]
  QMatrix range    [2e-02, 3e+04]
  QLMatrix range   [1e+00, 3e+04]
  Objective range  [1e+00, 9e+06]
  Bounds range     [1e+00, 1e+08]
  RHS range        [1e+00, 2e+06]
  QRHS range       [1e-02, 1e-02]
Presolve removed 7755 rows and 5222 columns
Presolve time: 0.06s
Presolved: 801 rows, 489 columns, 6911 nonzeros
Presolved model has 52 bilinear constraint(s)

Solving non-convex MIQCP

Variable types: 196 continuous, 293 integer (43 binary)
Found heuristic solution: objective 2659527.5456

Root relaxation: objective 0.000000e+00, 132 iterations, 0.01 seconds (0.00 work units)

    Nodes    |    Current Node    |     Objective Bounds      |     Work
 Expl Unexpl |  Obj  Depth IntInf | Incumbent    BestBd   Gap | It/Node Time

     0     0    0.00000    0  102 2659527.55    0.00000   100%     -    0s
H    0     0                    1353494.0821    0.00000   100%     -    0s
     0     0    0.00000    0  140 1353494.08    0.00000   100%     -    0s
     0     0    0.00000    0  140 1353494.08    0.00000   100%     -    0s
     0     0    0.00000    0  148 1353494.08    0.00000   100%     -    0s
     0     0    0.00000    0  172 1353494.08    0.00000   100%     -    0s
H    0     0                    1233962.3762    0.00000   100%     -    0s
     0     0    0.00000    0  168 1233962.38    0.00000   100%     -    0s
     0     0    0.00000    0  218 1233962.38    0.00000   100%     -    0s
     0     0    0.00000    0  110 1233962.38    0.00000   100%     -    0s
     0     0    0.00000    0  120 1233962.38    0.00000   100%     -    0s
     0     0    0.00000    0  121 1233962.38    0.00000   100%     -    0s
     0     0    0.00000    0  122 1233962.38    0.00000   100%     -    0s
     0     0    0.00000    0  135 1233962.38    0.00000   100%     -    1s
     0     0    0.00000    0  116 1233962.38    0.00000   100%     -    1s
     0     0    0.00000    0  132 1233962.38    0.00000   100%     -    1s
     0     0    0.00000    0  130 1233962.38    0.00000   100%     -    1s
     0     0    0.00000    0  130 1233962.38    0.00000   100%     -    1s
H    0     0                    1140576.3976    0.00000   100%     -    1s
     0     2    0.00000    0  130 1140576.40    0.00000   100%     -    1s
    94   114 363243.151   32  107 1140576.40    0.00000   100%  41.4    5s
   356   380 1063817.36  165   68 1140576.40    0.00000   100%  17.8   10s
H  410   441                    1140522.4787    0.00000   100%  15.8   11s
   673   718 1105674.74  340   70 1140522.48    0.00000   100%  10.9   15s
  1006  1184 582887.895   74   87 1140522.48    0.00000   100%  11.0   20s
H 1024   963                    1065550.8596    0.00000   100%  11.0   20s
H 1265  1039                    1044199.8190    0.00000   100%  10.1   21s
H 1511   527                    559246.99580    0.00000   100%   9.7   21s
H 1529   274                    324567.12087    0.00000   100%   9.6   21s
H 1554   270                    324567.03171    0.00000   100%  12.0   25s
  1576   286 221444.162   15   87 324567.032    0.00000   100%  14.7   31s
  1616   316 105409.472   50  138 324567.032    0.00000   100%  19.5   35s
  1728   393 215368.404   74  107 324567.032    0.00000   100%  21.3   40s
H 1744   385                    321205.65576    0.00000   100%  21.3   40s
  1903   461 35796.4064   67  108 321205.656    0.00000   100%  22.8   45s
H 2048   544                    314396.81941    0.00000   100%  22.2   50s
  2178   618 211617.603   58  138 314396.819    0.00000   100%  22.5   55s
H 2251   620                    309861.58610    0.00000   100%  23.0   57s
  2313   678  101.58548   57  105 309861.586    0.00000   100%  23.4   60s
  2451   803 150336.202   60  130 309861.586    0.00000   100%  23.8   66s
H 2538   874                    303476.32846    0.00000   100%  23.8   68s
  2583   905 155728.836   52  131 303476.328    0.00000   100%  24.0   70s
  2704  1007  101.58548   53  110 303476.328    0.00000   100%  25.0   75s
  2837  1135 3141.63135   65  113 303476.328    0.00000   100%  25.7   80s
  2927  1215 105710.837   57  135 303476.328  101.58548   100%  26.0   85s
  3061  1393 131262.799   71  104 303476.328  101.58548   100%  27.3   90s
  3281  1634 190985.346  178   72 303476.328  101.58548   100%  27.8   95s
  3681  1988 31408.6557   67  100 303476.328  101.58548   100%  26.3  102s
  3929  2200 278596.564  151   76 303476.328  101.58548   100%  26.3  106s
  4055  2327 61367.3467   68  101 303476.328  101.58548   100%  27.0  110s
  4351  2549 254342.376  155   80 303476.328  101.58548   100%  27.3  119s
  4493  2608     cutoff  199      303476.328  101.58548   100%  27.5  124s
  4630  2691 27466.0444   63  108 303476.328  101.58548   100%  28.3  129s
  4779  2776 121556.001   66  105 303476.328  101.58548   100%  28.8  134s
  4908  2846 209675.399   71   93 303476.328  101.58548   100%  29.3  139s
  5034  2908 193059.037   91   79 303476.328  101.58548   100%  29.8  144s
  5160  3016 202719.040   71   87 303476.328  101.58548   100%  30.7  149s
  5347  3104 107726.288   63  117 303476.328  101.58548   100%  31.0  154s
  5544  3243 36724.5995   57  138 303476.328  101.58548   100%  32.2  160s
  5703  3376 270180.861   99   80 303476.328  101.58548   100%  31.8  166s
H 5804  3361                    299288.21240  101.58548   100%  31.9  166s
  5876  3484 infeasible   75      299288.212  101.58548   100%  32.0  172s
  6053  3615 105639.379   53  112 299288.212  101.58548   100%  32.0  178s
  6244  3695 220902.346   68  109 299288.212  101.58548   100%  32.3  184s
  6462  3785  101.58548   50  126 299288.212  101.58548   100%  33.1  189s
  6650  3888 23116.4967   62  111 299288.212  101.58548   100%  33.8  196s
  6847  3992  101.58548   56  109 299288.212  101.58548   100%  34.4  204s
  7062  4079 infeasible   77      299288.212  101.58548   100%  35.1  211s
  7247  4180 31527.2653   62  105 299288.212  101.58548   100%  35.7  218s
  7463  4277 159974.142   72   97 299288.212  101.58548   100%  36.1  225s
  7664  4382 241178.531   73   87 299288.212  101.58548   100%  36.3  230s
  7864  4498 9244.27991   59  104 299288.212 1224.54477   100%  36.9  240s
  8155  4654 242858.284   71   87 299288.212 1224.54477   100%  37.4  250s
  8435  4848 239801.318  102   82 299288.212 1224.54477   100%  37.6  260s
  8649  5076 208395.199   60  127 299288.212 1224.54477   100%  37.0  269s
  8915  5311 273513.281   70   97 299288.212 1224.54477   100%  36.6  279s
  9201  5553 7640.70308   62  115 299288.212 1224.54477   100%  36.2  289s
  9523  5768 221482.405   71   81 299288.212 1224.54477   100%  35.9  298s
  9870  6101 114188.068   84   83 299288.212 1224.54477   100%  36.0  308s
 10203  6442 129236.034  173   79 299288.212 1224.54477   100%  35.5  314s
 10544  6777 143562.736  263   79 299288.212 1224.54477   100%  35.1  322s
 10879  7061 161024.392  345   78 299288.212 1224.54477   100%  34.2  332s
 11163  7298 165088.420  401   84 299288.212 1224.54477   100%  33.9  340s
 11400  7485 171199.880  433   78 299288.212 1224.54477   100%  33.5  345s
H11640  8605                    299268.81810 1224.54477   100%  33.2  349s
H11644  8605                    299203.72567 1224.54477   100%  33.1  349s
H11741  8539                    294366.19891 1224.54477   100%  32.9  349s
H11964  8025                    281164.88177 1224.54477   100%  32.6  349s
H12226  7764                    278350.80651 1224.54477   100%  32.3  349s
H12323  7311                    271026.62128 1224.54477   100%  32.2  349s
H12517  7089                    266005.31396 1224.54477   100%  31.9  350s
H12808  8843                    264543.46757 1224.54477   100%  31.4  353s
H12961  8420                    254545.99230 1224.54477   100%  31.2  353s
H13681  8293                    252631.92611 1224.54477   100%  30.3  353s
 14709  9421 234897.829 1463   72 252631.926 1224.54477   100%  30.0  356s
H14748  8934                    245951.63281 1224.54477   100%  29.9  356s
H14845  8784                    242905.22928 1224.54477  99.5%  29.8  356s
 18140 10115 214715.226   80   81 242905.229 1224.54477  99.5%  31.0  361s
 20508 11332 228279.018  124   83 242905.229 1224.54477  99.5%  31.2  365s
 23008 13800 183632.283  397   81 242905.229 1224.54477  99.5%  30.5  370s
 25770 15934 236879.879 1158   67 242905.229 1224.54477  99.5%  30.1  375s
H25961 15917                    242812.41936 1224.54477  99.5%  30.0  375s
H26388 16002                    242184.73203 1224.54477  99.5%  29.9  377s
*26412 16002            1389    242183.69122 1224.54477  99.5%  29.8  377s
H26762 16085                    242183.09499 1224.54477  99.5%  29.9  377s
 27787 16572 207308.541   69   98 242183.095 1463.37242  99.4%  30.5  380s
 30817 17942 114577.461   59  134 242183.095 2586.33170  98.9%  32.3  385s
 33219 19768 206576.731   64  115 242183.095 3300.49492  98.6%  32.7  390s
 35272 20600 infeasible   57      242183.095 3951.48541  98.4%  33.6  395s
H36573 19733                    233479.74193 4870.98742  97.9%  33.3  397s
H36670 17060                    221519.83383 4870.98742  97.8%  33.2  397s
H36673 17048                    221464.52750 4870.98742  97.8%  33.2  397s
H36767 15623                    214422.92349 4870.98742  97.7%  33.1  397s
*36829 15259            1001    211467.22678 4870.98742  97.7%  33.1  397s
*36830 15257            1000    211441.65730 4870.98742  97.7%  33.1  397s
 37888 15673 8218.70539   62  118 211441.657 5445.00407  97.4%  33.5  400s
H38373 15786                    211441.64147 5609.26674  97.3%  33.8  401s
 39562 16230 37152.3980   63  114 211441.641 6054.01701  97.1%  34.6  405s
 41336 17300 infeasible   65      211441.641 7254.73785  96.6%  34.8  410s
 43030 17967 181576.153   69   89 211441.641 7758.22381  96.3%  35.5  415s
H43836 18214                    211389.96411 7758.22381  96.3%  36.0  417s
H43951 18257                    211389.95893 7758.22381  96.3%  36.1  417s
 44750 18631 12026.4645   65   99 211389.959 8044.83283  96.2%  36.4  420s
 46635 19525 9547.15409   55  102 211389.959 8185.36715  96.1%  36.8  425s
 48156 20194 infeasible   70      211389.959 8185.36715  96.1%  37.4  430s
 49956 20702 infeasible   62      211389.959 9547.15409  95.5%  38.0  435s
H51721 20211                    199613.99953 9749.03964  95.1%  38.0  439s
 51799 20148 141641.651   80   83 199614.000 9749.03964  95.1%  37.9  440s
 53577 21585 131856.044  231   80 199614.000 9749.03964  95.1%  37.8  445s
 55363 22716 113342.667   68   91 199614.000 9749.03964  95.1%  37.8  450s
 57097 23595 139451.130   64  105 199614.000 9853.77905  95.1%  38.2  455s
 59093 24372 76354.6330   67   89 199614.000 9962.61130  95.0%  38.6  460s
 61071 25572 164838.616   72   91 199614.000 10055.6646  95.0%  38.7  465s
 62831 26442 infeasible   72      199614.000 10055.6646  95.0%  38.7  470s
 64497 26909 172488.277   68   95 199614.000 10301.9972  94.8%  39.1  475s
 65741 27262 infeasible   69      199614.000 10930.4945  94.5%  39.4  480s
 67585 28107 infeasible   69      199614.000 11110.8266  94.4%  39.2  485s
 69627 28674 134394.721   74   94 199614.000 11417.4515  94.3%  39.2  490s
 71726 30231 103627.030   69   88 199614.000 11417.4515  94.3%  39.0  495s
H72251 30269                    199605.46077 11417.4515  94.3%  39.0  497s
 73132 30691 146888.543   68  102 199605.461 11417.4515  94.3%  39.2  500s
 75450 31938 152514.166  176   89 199605.461 11631.0232  94.2%  39.3  505s
 77514 32812 21081.6040   67  102 199605.461 11953.4271  94.0%  39.7  510s
 80483 34320 infeasible   72      199605.461 12046.4804  94.0%  39.9  515s
 84615 37340 12460.8387   54  111 199605.461 12046.4804  94.0%  39.3  520s
 87336 38400     cutoff   72      199605.461 12340.3203  93.8%  39.4  525s
 90486 40138 118081.778  237   75 199605.461 13101.6424  93.4%  39.5  530s
 92608 40999 160920.939   66   87 199605.461 13408.2674  93.3%  39.7  535s
 94805 42822 142782.045  308   68 199605.461 13408.2674  93.3%  39.6  540s
 96785 43477 infeasible   70      199605.461 13702.1073  93.1%  39.8  545s
H96859 43475                    199599.82961 13702.1073  93.1%  39.9  545s
 98960 45366 151681.181 1022   86 199599.830 13702.1073  93.1%  39.3  550s
H100550 42259                    183828.94309 13702.1073  92.5%  39.1  553s
*100649 42259             803    183827.33233 13702.1073  92.5%  39.1  553s
H100707 42247                    183826.54802 13702.1073  92.5%  39.1  553s
H100861 42167                    183617.12317 13716.7714  92.5%  39.1  554s
 101207 42309 116555.926   58  123 183617.123 13730.6713  92.5%  39.2  555s
 104205 43608 infeasible   71      183617.123 14024.5112  92.4%  39.5  560s
 106610 44255 infeasible   66      183617.123 14238.0828  92.2%  39.9  565s
 109720 45872 29297.6524   66  103 183617.123 14616.6153  92.0%  39.9  570s
 112206 47148 infeasible   66      183617.123 15293.3485  91.7%  39.9  575s
H113260 46787                    180585.59854 15386.2981  91.5%  39.9  577s
H113596 46678                    180016.65507 15399.0832  91.4%  40.0  578s
 114196 46835 infeasible   67      180016.655 15682.7173  91.3%  40.1  580s
 116414 48772 152264.447  600   76 180016.655 15692.9231  91.3%  39.9  585s
H116793 48613                    179027.83920 15692.9231  91.2%  39.9  585s
H116866 48886                    179027.83426 15692.9231  91.2%  39.9  586s
H117405 49054                    179026.79876 15692.9231  91.2%  39.8  587s
 119389 50033 120691.587  157   83 179026.799 16015.3270  91.1%  39.7  590s
H121476 51027                    178780.17009 16321.9520  90.9%  39.7  593s
 122024 51857 116560.284  192   86 178780.170 16346.6318  90.9%  39.6  595s
 124346 53041 59144.9345   67  100 178780.170 16840.7360  90.6%  39.6  600s
 126526 53988 94753.0008   69   85 178780.170 17683.7389  90.1%  39.8  605s
 128831 54925 infeasible   73      178780.170 18748.0850  89.5%  39.8  610s
 130874 55455 infeasible   70      178780.170 20233.8283  88.7%  40.0  615s
 132915 55867 78084.5116   70   94 178780.170 21802.8034  87.8%  40.2  620s
 134706 56483 infeasible   68      178780.170 22451.3244  87.4%  40.4  625s
 136784 56981 108241.202   61  136 178780.170 23173.1437  87.0%  40.7  630s
 138734 57880 165599.533   70   94 178780.170 23520.1061  86.8%  40.9  635s
 141258 59294 147527.501   66   89 178780.170 24269.9198  86.4%  40.8  640s
 143751 59918 infeasible   91      178780.170 25545.2301  85.7%  41.1  645s
 146558 60744 44376.6667   65  108 178780.170 26777.2838  85.0%  41.4  650s
 149898 61642 infeasible   59      178780.170 28133.9161  84.3%  41.6  655s
 152925 62353 113026.316   57  138 178780.170 29689.4815  83.4%  41.8  660s
 155914 63193 89471.7151   72  100 178780.170 30874.9507  82.7%  42.1  665s
 158815 63722 138151.814   68  103 178780.170 32042.6942  82.1%  42.4  670s
 161989 64361 81309.8104   70   94 178780.170 33360.2843  81.3%  42.7  675s
 165253 65135 153245.485  170   86 178780.170 34656.1144  80.6%  42.9  680s
 168284 65768 90630.5840   76   88 178780.170 35796.4064  80.0%  43.1  685s
 170660 66059 infeasible   69      178780.170 36981.6922  79.3%  43.3  690s
 174164 67432 66276.7209   64  108 178780.170 38121.6475  78.7%  43.4  695s
 176170 67911 148312.430   67  104 178780.170 38771.2290  78.3%  43.5  700s
 178596 68630 59520.4068   68   95 178780.170 39494.5722  77.9%  43.5  705s
 180522 69190 163934.972   67   98 178780.170 40145.1193  77.5%  43.6  710s
 182739 69783 143131.150   70  107 178780.170 40878.1767  77.1%  43.6  715s
 185122 70522 128879.093   66  106 178780.170 41472.6833  76.8%  43.8  720s
 188005 71042 58208.4176   71   88 178780.170 42534.8289  76.2%  44.0  725s
 191216 71698 167255.826   64  137 178780.170 43430.5029  75.7%  44.1  730s
 194181 72094 infeasible  122      178780.170 44242.1889  75.3%  44.3  735s
 197016 72397 64662.3573   69   98 178780.170 45113.1066  74.8%  44.5  740s
 200119 73071 77092.6715   68  100 178780.170 46000.8858  74.3%  44.7  745s
 203008 73405     cutoff   66      178780.170 46892.7709  73.8%  44.9  750s
 205856 73724 165486.036   68   98 178780.170 47907.4050  73.2%  45.1  755s
 208795 74123 131049.472   72   91 178780.170 48909.4316  72.6%  45.2  760s
 211779 74744 124990.557   61   99 178780.170 49672.9986  72.2%  45.3  765s
 214700 75607 66905.0939   67  105 178780.170 50370.3699  71.8%  45.4  770s
H216268 75344                    176333.01902 50445.9157  71.4%  45.3  772s
 218117 75725 94372.1553   68   90 176333.019 51103.4796  71.0%  45.4  775s
 220828 76031 infeasible   65      176333.019 51983.7490  70.5%  45.5  780s
 223799 76840 78811.4770   70   98 176333.019 52649.3137  70.1%  45.6  785s
 226708 77904 135229.343   87   86 176333.019 53419.3826  69.7%  45.7  790s
H228848 77264                    174219.87309 53768.6834  69.1%  45.6  793s
H229289 77339                    174216.78132 53918.6424  69.1%  45.7  794s
 229728 77565 infeasible   70      174216.781 53998.0889  69.0%  45.6  795s
 232894 78430 infeasible   71      174216.781 54769.2040  68.6%  45.7  800s
 235708 78832 72392.5346   67   95 174216.781 55460.2908  68.2%  45.8  805s
H237480 79135                    174216.76870 55958.5886  67.9%  45.9  808s
 238472 79286 infeasible   65      174216.769 56190.1781  67.7%  45.9  810s
H238742 79257                    174100.64978 56224.8194  67.7%  45.9  810s
 241245 79561 109142.085   67   98 174100.650 56873.3751  67.3%  46.0  815s
H242250 79759                    174097.71705 57107.5984  67.2%  46.1  816s
 244237 80029 infeasible   68      174097.717 57623.7517  66.9%  46.1  820s
 246796 80475 58423.0682   67  103 174097.717 58241.8132  66.5%  46.3  825s
 249503 80815 164152.669  100   86 174097.717 58855.2791  66.2%  46.4  830s
H250124 80793                    174092.12774 59113.8151  66.0%  46.4  831s
H251072 80836                    174078.56671 59271.9787  66.0%  46.5  833s
 251523 80855 infeasible   66      174078.567 59428.3280  65.9%  46.5  835s
 253153 81042 83019.8300   65  101 174078.567 59793.1689  65.7%  46.5  840s
 254900 81164 infeasible   65      174078.567 60358.0078  65.3%  46.6  845s
 256608 81250 76597.3062   69  105 174078.567 60971.2944  65.0%  46.7  850s
 258242 81301 134355.165   63  119 174078.567 61535.7747  64.7%  46.8  855s
 260149 81994 78126.8474   67  101 174078.567 62124.6267  64.3%  46.8  860s
 261748 82064 84752.2183   70   91 174078.567 62663.5599  64.0%  46.9  865s
 263553 82267 82110.4541   71  103 174078.567 63250.3997  63.7%  47.0  870s
 265039 82730 125842.211   69   89 174078.567 63598.7247  63.5%  46.9  875s
 267148 83216 infeasible  129      174078.567 64223.3645  63.1%  47.0  880s
 269065 83653 infeasible   67      174078.567 64893.0827  62.7%  47.0  885s
 271140 84201 87954.6655   66  114 174078.567 65509.8509  62.4%  47.0  890s
 273037 84884 93869.8680   83   84 174078.567 66095.6569  62.0%  47.0  895s
 275040 85202 69572.5536   68  106 174078.567 66535.5455  61.8%  47.0  900s
 277117 85991 infeasible   73      174078.567 67017.8770  61.5%  47.0  905s
 278871 86262 infeasible  124      174078.567 67683.1762  61.1%  47.0  910s
 281041 87225 154356.559  113   85 174078.567 68116.5505  60.9%  47.0  915s
 283203 87815 infeasible   87      174078.567 68562.7128  60.6%  46.9  920s
 285267 88505 infeasible   70      174078.567 69116.7185  60.3%  46.9  925s
 287082 88828 infeasible   74      174078.567 69858.0944  59.9%  46.9  930s
 289097 89299 infeasible   67      174078.567 70381.8872  59.6%  46.9  935s
 290728 89652     cutoff   83      174078.567 70889.1380  59.3%  47.0  940s
 292045 89907 infeasible   69      174078.567 71068.7844  59.2%  47.1  945s
 293872 90294 84478.7646   66   99 174078.567 71711.0696  58.8%  47.1  950s
 295862 90862 159403.116  104   73 174078.567 72236.6500  58.5%  47.1  955s
 297811 91358 105790.645   66   92 174078.567 72835.8969  58.2%  47.1  960s
 299851 91984 75684.3993   74   94 174078.567 73332.8409  57.9%  47.1  965s
 301632 92016 116879.124   59  123 174078.567 73961.1713  57.5%  47.1  970s
 303184 92638 96814.5700   66   92 174078.567 74162.2506  57.4%  47.1  975s
 304868 93111 81551.5264   67  100 174078.567 74661.3346  57.1%  47.1  980s
 306509 93301 84600.5768   64  114 174078.567 75406.8488  56.7%  47.2  985s
 308232 93710 infeasible   72      174078.567 76172.4179  56.2%  47.2  990s
 310269 93921 86440.5858   68  105 174078.567 77007.2252  55.8%  47.2  995s
 311699 93941 infeasible   71      174078.567 77709.6067  55.4%  47.3 1000s
 313550 94371 113603.078   66  103 174078.567 78410.0148  55.0%  47.3 1005s
 315431 95253 166725.833   88   88 174078.567 79147.3469  54.5%  47.3 1010s
 317839 97012 124182.128  124   78 174078.567 79381.2862  54.4%  47.1 1015s
 320105 97603 infeasible  109      174078.567 79664.2054  54.2%  47.1 1020s
 322348 98626 149660.177  123   80 174078.567 79926.9916  54.1%  47.0 1025s
 325013 100103 158385.795  142   76 174078.567 80004.0238  54.0%  46.9 1030s
 327840 101643 140440.192  112   85 174078.567 80211.9409  53.9%  46.8 1035s
 329932 102474 146846.321   96   78 174078.567 80512.3181  53.7%  46.8 1040s
 332123 102822 infeasible   67      174078.567 81199.9300  53.4%  46.8 1045s
 334340 103653 infeasible   67      174078.567 81654.8623  53.1%  46.7 1050s
 336199 104405 126327.396  142   79 174078.567 82209.3433  52.8%  46.7 1055s
 339196 106099     cutoff   69      174078.567 82452.1188  52.6%  46.6 1060s
 340859 106549 96953.2230   68  102 174078.567 82965.6269  52.3%  46.6 1065s
 342689 107071 159964.928   93   86 174078.567 83492.2152  52.0%  46.6 1070s
 344972 107998 infeasible  159      174078.567 83905.1949  51.8%  46.6 1075s
 347385 108836 infeasible   72      174078.567 84394.8820  51.5%  46.5 1080s
 349246 109687 136168.380   89   82 174078.567 84596.7882  51.4%  46.4 1085s
 352104 111124 144798.795   65  119 174078.567 84917.3406  51.2%  46.3 1090s
 354282 112047 122628.381   99   83 174078.567 85238.4044  51.0%  46.2 1095s
 356947 113450 infeasible  132      174078.567 85659.9120  50.8%  46.1 1100s
 359540 115044 165832.900  115   76 174078.567 85864.4195  50.7%  46.0 1105s
 362362 116627 infeasible  135      174078.567 86044.2900  50.6%  45.9 1110s
 364481 117834 152250.767   91   85 174078.567 86222.8800  50.5%  45.8 1115s
 367176 119305 111591.277  104   80 174078.567 86527.0696  50.3%  45.7 1120s
 369761 120486 94581.9389   80   84 174078.567 86745.8460  50.2%  45.6 1125s
 372375 121864     cutoff  138      174078.567 86999.5809  50.0%  45.5 1130s
 375201 123303 149873.980  110   88 174078.567 87108.4049  50.0%  45.4 1135s
 377521 124388 133739.982  109   82 174078.567 87165.0730  49.9%  45.3 1140s
 380024 125435 infeasible   70      174078.567 87423.1967  49.8%  45.3 1145s
 382488 126887 152890.699  113   72 174078.567 87560.0374  49.7%  45.2 1150s
 385649 128648 infeasible  147      174078.567 87576.5275  49.7%  45.0 1155s
 388615 130530 92586.4876   92   80 174078.567 87631.2025  49.7%  44.9 1160s
 391956 132684 95977.1043  110   79 174078.567 87706.4210  49.6%  44.7 1165s
 395184 134641 104263.890  143   84 174078.567 87827.3830  49.5%  44.6 1170s
 398263 136550 155028.123  116   80 174078.567 87876.5210  49.5%  44.5 1175s
 400796 138172 90903.4586  111   82 174078.567 88003.4426  49.4%  44.4 1180s
 403465 139695 infeasible  130      174078.567 88126.0286  49.4%  44.3 1185s
 406367 141529 infeasible  119      174078.567 88223.3277  49.3%  44.1 1190s
 409478 143309 166353.220  116   78 174078.567 88359.1203  49.2%  44.0 1195s
 412488 145070 108173.169  102   79 174078.567 88433.0275  49.2%  43.8 1200s
 415086 146623 136112.869   99   81 174078.567 88539.3160  49.1%  43.8 1205s
 417375 147826 106318.042  102   82 174078.567 88655.6352  49.1%  43.7 1210s
 419852 149171 152111.431  159   74 174078.567 88814.2968  49.0%  43.6 1215s
 422646 150683 133796.249  114   80 174078.567 88919.2533  48.9%  43.5 1220s
 425524 152518 166732.882  165   62 174078.567 89014.3507  48.9%  43.4 1225s
 428615 154553 infeasible  133      174078.567 89095.2693  48.8%  43.3 1230s
 430670 155648 infeasible  112      174078.567 89118.7672  48.8%  43.2 1235s
 433763 157539 98329.7876  108   78 174078.567 89146.3360  48.8%  43.1 1240s
 436808 159432 129192.055  146   79 174078.567 89164.1993  48.8%  43.0 1245s
 439676 160974 168729.575  132   88 174078.567 89181.5922  48.8%  42.8 1250s
 442543 162410 149331.777   88   78 174078.567 89220.0984  48.7%  42.7 1255s
 445223 164076 infeasible  105      174078.567 89254.5613  48.7%  42.6 1260s
 447946 165464 98257.6385  127   80 174078.567 89282.6565  48.7%  42.6 1265s
 451232 167217 118313.571  120   81 174078.567 89316.2832  48.7%  42.5 1270s
 455835 169750 97858.3014  125   79 174078.567 89369.4950  48.7%  42.3 1275s
 460013 171901 infeasible  134      174078.567 89392.4608  48.6%  42.2 1280s
 464261 174199 162301.881  156   84 174078.567 89420.0363  48.6%  42.1 1285s
 469075 176984 infeasible   70      174078.567 89443.2142  48.6%  41.9 1290s
 473773 179822 99176.0925  131   76 174078.567 89471.0010  48.6%  41.7 1295s
 478087 182283 98012.5315  106   79 174078.567 89488.8700  48.6%  41.6 1300s
 482745 184814 infeasible  118      174078.567 89516.7601  48.6%  41.4 1305s
 487214 187093 149208.149  126   80 174078.567 89545.9657  48.6%  41.3 1310s
 491686 189958 147436.539  122   75 174078.567 89583.2485  48.5%  41.2 1315s
 495685 192684 136090.775  165   84 174078.567 89604.4601  48.5%  41.0 1320s
 499571 194842 infeasible  135      174078.567 89633.2723  48.5%  40.9 1325s
 504022 197223 157507.434  146   71 174078.567 89665.9535  48.5%  40.8 1330s
 508425 199798 149897.711   86   81 174078.567 89697.9854  48.5%  40.7 1335s
 511709 201863 infeasible  133      174078.567 89736.0999  48.5%  40.6 1340s
 514474 203185 158883.229  120   75 174078.567 89753.9063  48.4%  40.5 1345s
 517307 204761 168752.790  120   78 174078.567 89785.7652  48.4%  40.4 1350s
 520224 206298 95798.4755  137   86 174078.567 89817.4893  48.4%  40.4 1355s
 523240 207958 171268.030  167   84 174078.567 89844.7075  48.4%  40.3 1360s
 525697 209312 infeasible  170      174078.567 89877.8597  48.4%  40.3 1365s
 528361 210825 172655.756   84   81 174078.567 89918.4819  48.3%  40.2 1370s
 531759 212808 123760.856  100   82 174078.567 89935.9699  48.3%  40.1 1375s
 536217 215153 170539.218   89   82 174078.567 89983.5613  48.3%  40.0 1380s
 540382 217637 170766.312  118   70 174078.567 90036.3560  48.3%  39.9 1385s
 545031 220108 90213.2489  100   82 174078.567 90108.7914  48.2%  39.8 1390s
 548112 222086 infeasible   94      174078.567 90154.3197  48.2%  39.7 1395s
 551035 223744 169933.593  125   83 174078.567 90247.6668  48.2%  39.7 1400s
 553703 225157 infeasible  102      174078.567 90280.4571  48.1%  39.7 1405s
H555073 225377                    173413.34655 90285.7158  47.9%  39.6 1407s
 556478 226248 154620.687  106   77 173413.347 90318.8935  47.9%  39.6 1410s
 559203 227598 126053.974  143   82 173413.347 90372.8611  47.9%  39.5 1415s
 561422 228809 infeasible  111      173413.347 90415.2248  47.9%  39.5 1420s
 564358 230161 infeasible   64      173413.347 90471.5869  47.8%  39.5 1425s
 567111 231658 infeasible  109      173413.347 90528.8914  47.8%  39.4 1430s
 570160 233295 infeasible  160      173413.347 90577.5963  47.8%  39.4 1435s
 573530 234877 infeasible  181      173413.347 90657.7016  47.7%  39.3 1440s
 577501 237047 infeasible  137      173413.347 90742.6413  47.7%  39.3 1445s
 581757 239135 171336.064   95   84 173413.347 90829.9021  47.6%  39.2 1450s
 586076 241519 158279.323  153   65 173413.347 90930.3426  47.6%  39.2 1455s
 590262 243613 159776.029  109   74 173413.347 90985.6119  47.5%  39.1 1460s
H592310 244131                    172901.81116 91027.5490  47.4%  39.1 1463s
 593299 244770 153209.640   85   79 172901.811 91051.7269  47.3%  39.1 1465s
H595138 245667                    172876.95311 91076.5222  47.3%  39.0 1468s
 596111 246413 96335.7048  175   77 172876.953 91099.3619  47.3%  39.0 1470s
H596599 246491                    172876.89718 91102.9457  47.3%  39.0 1470s
 598324 247283 infeasible  132      172876.897 91136.3080  47.3%  39.0 1475s
 601181 248707 infeasible  158      172876.897 91196.6002  47.2%  39.0 1480s
 603414 249809 infeasible  118      172876.897 91218.1654  47.2%  39.0 1485s
 606193 251114 137561.870  127   83 172876.897 91267.8409  47.2%  38.9 1490s
 609174 252967 96154.9424   99   77 172876.897 91293.7908  47.2%  38.9 1495s
 611882 254502 154978.632  171   69 172876.897 91342.7552  47.2%  38.8 1500s
 614520 255792     cutoff  139      172876.897 91375.6535  47.1%  38.8 1505s
 617706 257485 infeasible  138      172876.897 91411.4768  47.1%  38.8 1510s
 620376 259041 170877.641  118   88 172876.897 91447.7559  47.1%  38.7 1515s
 623437 260700 110951.299  183   80 172876.897 91474.2861  47.1%  38.7 1520s
 626574 262318 158071.127  158   66 172876.897 91495.8671  47.1%  38.6 1525s
 629518 263800 infeasible  111      172876.897 91524.4010  47.1%  38.6 1530s
H630005 264053                    172871.28366 91527.4326  47.1%  38.6 1530s
 631993 265226 infeasible  121      172871.284 91541.8599  47.0%  38.6 1535s
 634688 266449 167671.936  124   83 172871.284 91573.4599  47.0%  38.5 1540s
 637160 267899 158494.385  149   82 172871.284 91597.8523  47.0%  38.5 1545s
H639201 268736                    172870.57362 91626.6359  47.0%  38.5 1548s
 639926 269030 infeasible  130      172870.574 91636.3102  47.0%  38.5 1550s
 642387 270004 168725.447  113   88 172870.574 91677.1650  47.0%  38.5 1555s
 645116 271558 154681.153  166   76 172870.574 91690.6333  47.0%  38.4 1560s
 648000 272898 100094.375  146   87 172870.574 91719.4089  46.9%  38.4 1565s
 650428 273865 159749.857  133   77 172870.574 91743.6826  46.9%  38.4 1570s
 653256 275363 163719.445   94   76 172870.574 91781.3343  46.9%  38.4 1575s
 655742 276396 128108.516  280   80 172870.574 91785.8918  46.9%  38.4 1580s
 658106 277249     cutoff  548      172870.574 91785.8918  46.9%  38.4 1585s
 660923 278761 infeasible  131      172870.574 91837.1565  46.9%  38.4 1590s
 663567 280153 161104.228  116   82 172870.574 91867.1281  46.9%  38.3 1595s
 666808 281735 infeasible  141      172870.574 91900.9104  46.8%  38.3 1600s
 669508 282892 167728.137  108   87 172870.574 91918.6743  46.8%  38.3 1605s
 672205 284174 infeasible   95      172870.574 91947.1306  46.8%  38.3 1610s
 675247 285706 infeasible  112      172870.574 91967.7901  46.8%  38.3 1615s
 678164 287113     cutoff  108      172870.574 91982.1230  46.8%  38.3 1620s
 680999 288550 153804.535  117   74 172870.574 92001.7849  46.8%  38.2 1625s
 683779 289955 94671.2441   87   86 172870.574 92018.9758  46.8%  38.2 1630s
 686421 291723 136029.722   67  100 172870.574 92031.5328  46.8%  38.2 1635s
 689043 292673 infeasible  136      172870.574 92053.7534  46.7%  38.2 1640s
 691645 294087 125287.227   63  110 172870.574 92067.1832  46.7%  38.2 1645s
 694678 295438 158212.312  219   75 172870.574 92082.8621  46.7%  38.1 1650s
 696965 296313 infeasible  102      172870.574 92093.9967  46.7%  38.1 1655s
 699908 297938 155222.760  244   65 172870.574 92114.8037  46.7%  38.1 1660s
 702640 298862 infeasible   49      172870.574 92133.1599  46.7%  38.1 1665s
 705586 300136 infeasible  182      172870.574 92153.7347  46.7%  38.1 1670s
 708316 301324 161388.225   80   82 172870.574 92171.6800  46.7%  38.1 1675s
 711092 302518     cutoff  181      172870.574 92193.6682  46.7%  38.1 1680s
 713865 303792 96548.5414  149   73 172870.574 92208.4898  46.7%  38.1 1685s
 716471 304724 162262.390  110   83 172870.574 92245.6121  46.6%  38.1 1690s
 719258 305851 105666.851   74   85 172870.574 92264.0021  46.6%  38.0 1695s
 721241 306650 infeasible  128      172870.574 92276.4180  46.6%  38.0 1700s
 723657 307746 94658.5590  108   76 172870.574 92289.4120  46.6%  38.0 1705s
 726579 309051 97486.4667  129   81 172870.574 92303.9630  46.6%  38.0 1710s
 729272 310018 infeasible   59      172870.574 92322.8036  46.6%  38.0 1715s
 731898 311044 167667.528   89   87 172870.574 92344.1946  46.6%  38.0 1720s
 734616 312086 165781.742  149   78 172870.574 92368.0958  46.6%  38.0 1725s
 737177 313094 162687.689  195   79 172870.574 92389.6525  46.6%  38.0 1730s
 739575 314225     cutoff  142      172870.574 92409.1947  46.5%  38.0 1735s
 742401 315220 infeasible  168      172870.574 92435.9458  46.5%  38.0 1740s
 745083 316240 infeasible  192      172870.574 92451.9149  46.5%  38.0 1745s
 747652 317245 149889.354  160   77 172870.574 92466.0485  46.5%  38.0 1750s
 750494 318280     cutoff  130      172870.574 92483.0505  46.5%  38.0 1755s
 752972 319100 infeasible  119      172870.574 92496.3236  46.5%  38.0 1760s
 755099 319808 156153.397  114   80 172870.574 92507.3847  46.5%  38.0 1765s
 757999 321116 166644.668  120   91 172870.574 92522.9758  46.5%  38.0 1770s
 760554 322015     cutoff  141      172870.574 92536.2679  46.5%  38.0 1775s
 763098 322867 infeasible  128      172870.574 92559.1307  46.5%  38.0 1780s
 765439 323710     cutoff  125      172870.574 92572.8959  46.4%  38.0 1785s
*766289 323339             277    172138.16676 92575.0623  46.2%  38.0 1786s
 768540 324117 infeasible  105      172138.167 92590.1449  46.2%  38.0 1790s
 771059 325201 155474.552  118   74 172138.167 92606.0096  46.2%  38.0 1795s
 773917 326420 infeasible  141      172138.167 92621.0317  46.2%  38.0 1800s
 776648 327437 104969.272   76   83 172138.167 92638.8788  46.2%  38.0 1805s
H779043 328370                    172058.87466 92653.5706  46.2%  38.0 1809s
H779119 328409                    172058.87465 92653.5706  46.2%  38.0 1810s
H779208 328409                    172058.86963 92655.4554  46.1%  38.0 1810s
 781532 329396 99007.6700  114   79 172058.870 92668.3519  46.1%  38.0 1815s
 784126 330410 infeasible  131      172058.870 92680.5473  46.1%  38.0 1820s
 786415 331242 138624.849  178   83 172058.870 92693.9146  46.1%  38.0 1825s
 789201 332437 infeasible  149      172058.870 92703.5657  46.1%  38.0 1830s
 792053 333732 146962.302  103   84 172058.870 92717.4732  46.1%  38.0 1835s
 794976 334876 infeasible  134      172058.870 92726.2370  46.1%  38.0 1840s
 797671 336038 121264.271  133   80 172058.870 92735.9051  46.1%  38.0 1845s
*798937 336583             359    171921.17271 92738.8546  46.1%  37.9 1846s
*798938 336568             359    171911.05929 92738.8546  46.1%  37.9 1847s
*798939 336562             358    171902.91495 92738.8546  46.1%  37.9 1847s
*798946 336559             359    171899.90939 92738.8546  46.1%  37.9 1847s
 800128 336978 infeasible  128      171899.909 92750.2908  46.0%  37.9 1850s
 803254 338465 infeasible  181      171899.909 92766.8795  46.0%  37.9 1855s
 805494 339210 159100.177   98   81 171899.909 92782.7484  46.0%  37.9 1860s
H806062 339259                    171831.12233 92784.8159  46.0%  37.9 1860s
H806560 339533                    171831.10518 92787.5860  46.0%  37.9 1862s
 807956 340068 156838.471  136   78 171831.105 92795.1128  46.0%  37.9 1865s
 810543 341302 107415.623  112   85 171831.105 92802.5068  46.0%  37.9 1870s
 813513 342686     cutoff  115      171831.105 92812.3537  46.0%  37.9 1875s
 816669 344032 infeasible   97      171831.105 92826.3201  46.0%  37.9 1880s
 819283 344845 162633.133  134   85 171831.105 92839.9286  46.0%  37.9 1885s
H819326 344763                    171768.01268 92839.9286  46.0%  37.9 1885s
 821233 345537 138454.249   74   79 171768.013 92845.5529  45.9%  37.9 1890s
 823882 346697 143052.976  127   79 171768.013 92853.3034  45.9%  37.9 1895s
 826470 347540 156487.460  134   79 171768.013 92863.8881  45.9%  37.9 1900s
 829190 348335     cutoff  128      171768.013 92873.5170  45.9%  37.9 1905s
 831891 349221 infeasible  148      171768.013 92885.2769  45.9%  38.0 1910s
 834834 350646 147946.603  132   82 171768.013 92894.4979  45.9%  37.9 1915s
 837564 351761 infeasible   97      171768.013 92904.0840  45.9%  38.0 1920s
 840613 352972 167031.504  145   89 171768.013 92916.0326  45.9%  38.0 1925s
 843289 353793 infeasible  138      171768.013 92927.1808  45.9%  38.0 1930s
 845564 354320 99720.4319  152   85 171768.013 92941.2827  45.9%  38.0 1935s
 848765 356060 165070.400  130   81 171768.013 92952.3308  45.9%  38.0 1940s
 851371 356782 infeasible  145      171768.013 92966.1747  45.9%  38.0 1945s
 854118 357760 infeasible  131      171768.013 92979.0657  45.9%  38.0 1950s
 856509 358944 169905.833  162   76 171768.013 92991.4974  45.9%  38.0 1955s
 859190 359673 infeasible  171      171768.013 93007.4787  45.9%  38.0 1960s
 861756 360482 infeasible  157      171768.013 93027.8201  45.8%  38.0 1965s
 865210 361658 150357.251  146   83 171768.013 93052.7521  45.8%  38.0 1970s
 869112 363399 165747.723   88   76 171768.013 93081.4945  45.8%  38.0 1975s
 872915 364643 162408.370   98   80 171768.013 93100.7147  45.8%  38.0 1980s
 877330 367122 infeasible   98      171768.013 93118.7159  45.8%  38.0 1985s
 880872 368270 153715.717  121   82 171768.013 93135.6775  45.8%  38.0 1990s
 884971 369888 infeasible  129      171768.013 93157.1076  45.8%  38.0 1995s
 889499 371831 152114.531  112   78 171768.013 93174.2672  45.8%  38.0 2000s
 893013 372990     cutoff  174      171768.013 93196.2795  45.7%  38.0 2005s
 896913 374666 infeasible  117      171768.013 93216.4340  45.7%  38.0 2010s
 900891 376124 infeasible  201      171768.013 93243.2773  45.7%  38.0 2015s
 905130 378062 infeasible  135      171768.013 93265.5514  45.7%  37.9 2020s
 909109 379632 130669.069  115   86 171768.013 93285.8328  45.7%  37.9 2025s
 913178 381155 157282.171   82   80 171768.013 93308.1469  45.7%  37.9 2030s
 917049 382654 150360.817  159   71 171768.013 93329.3575  45.7%  37.9 2035s
 921442 384488 98590.0444  110   80 171768.013 93357.9708  45.6%  37.9 2040s
 925754 386377 infeasible  134      171768.013 93378.7011  45.6%  37.9 2045s
 929593 387820 166159.115  120   87 171768.013 93396.6951  45.6%  37.9 2050s
 933746 389254 infeasible   71      171768.013 93432.3164  45.6%  37.9 2055s
 937923 391777 163332.891  155   72 171768.013 93447.9181  45.6%  37.9 2060s
 941851 393494 infeasible  116      171768.013 93470.4371  45.6%  37.9 2065s
 945993 395027 infeasible  110      171768.013 93494.0273  45.6%  37.9 2070s
 950068 396447 infeasible  138      171768.013 93523.7923  45.6%  37.9 2075s
 954001 398103 167348.868  101   85 171768.013 93547.8250  45.5%  37.9 2080s
 958369 400221 144384.559  152   85 171768.013 93567.2619  45.5%  37.9 2085s
 962737 401898 infeasible  115      171768.013 93591.7029  45.5%  37.8 2090s
 966442 403350 170282.545  136   86 171768.013 93627.8130  45.5%  37.8 2095s
 970760 404963 136642.330   93   75 171768.013 93666.9325  45.5%  37.8 2100s
 974833 406873 infeasible   97      171768.013 93694.9845  45.5%  37.8 2105s
 978911 408519 infeasible  121      171768.013 93721.7411  45.4%  37.8 2110s
 983180 410149 infeasible  129      171768.013 93744.5057  45.4%  37.8 2115s
 987188 412071     cutoff  134      171768.013 93771.3937  45.4%  37.8 2120s
 991453 414045     cutoff   90      171768.013 93794.5257  45.4%  37.8 2125s
 995107 415662 170585.480  144   82 171768.013 93820.3887  45.4%  37.8 2130s
 999121 417157 155718.009  138   78 171768.013 93847.9737  45.4%  37.8 2135s
 1003475 419141 infeasible   92      171768.013 93877.6596  45.3%  37.8 2140s
 1007468 420876 infeasible   95      171768.013 93899.2344  45.3%  37.8 2145s
 1011507 422463 159318.320  143   70 171768.013 93926.0099  45.3%  37.7 2150s
 1015945 424259 158051.146  179   76 171768.013 93944.3476  45.3%  37.7 2155s
 1018905 425648 132750.941  244   77 171768.013 93951.6177  45.3%  37.7 2160s
 1021615 426740 infeasible  166      171768.013 93963.0710  45.3%  37.7 2165s
 1024523 427944 infeasible  135      171768.013 93978.8684  45.3%  37.7 2170s
 1027417 429111 103066.313   99   79 171768.013 93993.9221  45.3%  37.7 2175s
 1030394 430036 167243.166  131   89 171768.013 94013.1805  45.3%  37.7 2180s
 1033204 430843 153416.872  147   71 171768.013 94029.0697  45.3%  37.7 2185s
 1035521 431827 163266.863  129   73 171768.013 94038.1854  45.3%  37.7 2190s
 1039155 432715 140865.519  152   79 171768.013 94054.8724  45.2%  37.7 2195s
 1043500 434601 infeasible  164      171768.013 94074.5352  45.2%  37.7 2200s
 1047295 435777 infeasible  124      171768.013 94103.8682  45.2%  37.7 2205s
 1051614 437816 infeasible  149      171768.013 94129.7397  45.2%  37.7 2210s
 1055322 439153 149214.718   83   80 171768.013 94152.1281  45.2%  37.7 2215s
 1059455 440500 infeasible  131      171768.013 94180.2293  45.2%  37.7 2220s
 1063741 442238 163096.280   95   80 171768.013 94200.0485  45.2%  37.7 2225s
 1067354 443292 infeasible   98      171768.013 94220.3049  45.1%  37.7 2230s
 1071326 444988 infeasible  251      171768.013 94242.3412  45.1%  37.8 2235s
 1075288 446452 165696.152  104   77 171768.013 94265.8691  45.1%  37.7 2240s
 1079226 447961 154195.210  112   75 171768.013 94291.1395  45.1%  37.7 2245s
 1082180 449082 infeasible  131      171768.013 94302.6250  45.1%  37.7 2250s
 1084675 450056 158404.987  106   79 171768.013 94323.3324  45.1%  37.7 2255s
 1087650 451384 101105.257  106   82 171768.013 94338.3661  45.1%  37.7 2260s
 1089895 452219 160934.387  134   80 171768.013 94352.2775  45.1%  37.7 2265s
 1092495 453387 97959.2985  142   86 171768.013 94367.7274  45.1%  37.7 2270s
 1095202 454173 164957.887  161   81 171768.013 94381.7136  45.1%  37.7 2275s
 1098109 455294 infeasible  106      171768.013 94397.3898  45.0%  37.7 2280s
 1100981 456458 138020.030   79   83 171768.013 94412.8553  45.0%  37.7 2285s
 1104681 457917 159126.323  179   76 171768.013 94436.4814  45.0%  37.7 2290s
 1109328 459840     cutoff  237      171768.013 94451.4214  45.0%  37.7 2295s
 1112803 461380 160717.504   99   70 171768.013 94471.1769  45.0%  37.7 2300s
 1115386 462269 infeasible  139      171768.013 94486.1883  45.0%  37.7 2305s
 1118388 463205 infeasible  160      171768.013 94508.0677  45.0%  37.7 2310s
 1122342 464532 156473.501  154   77 171768.013 94535.1819  45.0%  37.7 2315s
 1126461 465968 134100.412  224   81 171768.013 94558.3361  44.9%  37.7 2320s
 1130770 467774 152342.920  161   78 171768.013 94574.4089  44.9%  37.7 2325s
 1134803 469486 153399.181  133   71 171768.013 94591.1918  44.9%  37.7 2330s
 1139276 471554 150701.654  895   84 171768.013 94601.4855  44.9%  37.7 2335s
 1143340 473193     cutoff  123      171768.013 94628.6915  44.9%  37.7 2340s
 1147462 474914 infeasible  118      171768.013 94642.6513  44.9%  37.7 2345s
 1151471 476511 163290.431  148   80 171768.013 94660.3435  44.9%  37.7 2350s
 1153999 477305 infeasible  111      171768.013 94670.5411  44.9%  37.7 2355s
 1156398 478017 155911.233  137   83 171768.013 94681.4623  44.9%  37.7 2360s
 1159218 479184 154397.836  137   73 171768.013 94694.5859  44.9%  37.7 2365s
 1162294 480426 154996.650  172   68 171768.013 94703.8184  44.9%  37.7 2370s
 1165429 481664 134112.870  130   86 171768.013 94714.9647  44.9%  37.7 2375s
 1169318 483003 infeasible  111      171768.013 94734.3182  44.8%  37.7 2380s
 1173656 484651 104731.049  153   86 171768.013 94754.7276  44.8%  37.7 2385s
 1177334 485947 150616.833  112   77 171768.013 94774.8551  44.8%  37.7 2390s
 1181659 487881 infeasible  217      171768.013 94786.0911  44.8%  37.6 2395s
 1185765 489416 infeasible  217      171768.013 94802.5696  44.8%  37.6 2400s
 1189923 491092 infeasible  107      171768.013 94819.0236  44.8%  37.6 2405s
 1193158 492255 109087.829   85   85 171768.013 94833.0432  44.8%  37.6 2410s
 1196103 493330 170689.029  195   84 171768.013 94845.0421  44.8%  37.6 2415s
 1198576 494116 infeasible  102      171768.013 94854.5087  44.8%  37.6 2420s
 1201345 495258 160794.324   86   80 171768.013 94866.6114  44.8%  37.6 2425s
 1204092 496328 160332.293  121   80 171768.013 94882.8061  44.8%  37.6 2430s
 1206734 497296 132897.903  148   84 171768.013 94894.2820  44.8%  37.6 2435s
 1209289 498342 158311.737  124   82 171768.013 94906.5080  44.7%  37.6 2440s
 1211789 499425 149132.704  150   81 171768.013 94922.1511  44.7%  37.6 2445s
 1214744 500565 150752.097  137   80 171768.013 94933.2871  44.7%  37.6 2450s
 1217555 502169 139113.945  191   75 171768.013 94940.2869  44.7%  37.6 2455s
 1220185 503229 infeasible  187      171768.013 94951.6033  44.7%  37.6 2460s
 1223043 504526 136497.171  245   77 171768.013 94965.8066  44.7%  37.6 2465s
 1225569 505463 159636.481  136   80 171768.013 94978.2786  44.7%  37.6 2470s
 1228171 506327 100661.396  139   87 171768.013 94989.1968  44.7%  37.6 2475s
 1230535 507281 infeasible   93      171768.013 94996.6242  44.7%  37.6 2480s
 1233571 508697 148799.948  116   79 171768.013 95007.9172  44.7%  37.6 2485s
 1236350 509826 166373.232  160   87 171768.013 95016.8568  44.7%  37.6 2490s
 1239000 510834 infeasible  103      171768.013 95026.1566  44.7%  37.5 2495s
 1241471 511749 161196.001  186   74 171768.013 95032.0713  44.7%  37.6 2500s
 1244227 512795 infeasible  145      171768.013 95043.3045  44.7%  37.6 2505s
 1246231 513533 infeasible  171      171768.013 95049.2020  44.7%  37.6 2510s
 1249039 514558 infeasible  160      171768.013 95060.5086  44.7%  37.6 2515s
 1251926 515873 140897.455   99   78 171768.013 95073.7966  44.6%  37.6 2520s
 1254735 516852 infeasible  125      171768.013 95085.8353  44.6%  37.6 2525s
 1257174 517635 162197.344  152   80 171768.013 95098.7795  44.6%  37.6 2530s
 1259677 518394 infeasible  100      171768.013 95112.7705  44.6%  37.6 2535s
 1262155 519519 171512.316  109   86 171768.013 95122.0468  44.6%  37.6 2540s
 1264153 520276 118981.307  110   87 171768.013 95134.7265  44.6%  37.6 2545s
 1266665 520986 145056.459   89   81 171768.013 95144.4466  44.6%  37.6 2550s
 1269250 521932 infeasible   94      171768.013 95155.3343  44.6%  37.6 2555s
 1271768 522786 infeasible  184      171768.013 95165.9444  44.6%  37.6 2560s
 1274741 523923 112699.152  162   83 171768.013 95177.8699  44.6%  37.6 2565s
 1277841 524932 infeasible  137      171768.013 95192.0165  44.6%  37.6 2570s
 1280365 526032 154567.557  146   80 171768.013 95198.4925  44.6%  37.6 2575s
 1282979 527097 171354.904  121   86 171768.013 95207.7390  44.6%  37.6 2580s
 1285817 528069 infeasible  135      171768.013 95219.0306  44.6%  37.6 2585s
 1288461 529044 152679.703  141   82 171768.013 95232.3543  44.6%  37.6 2590s
 1290966 529879 154351.148  121   77 171768.013 95244.6322  44.6%  37.6 2595s
 1293201 530858 infeasible  177      171768.013 95254.1921  44.5%  37.6 2600s
 1295899 531998 133386.123  180   81 171768.013 95266.0778  44.5%  37.6 2605s
 1298691 532794 160033.633  189   71 171768.013 95280.3224  44.5%  37.6 2610s
 1302734 534371     cutoff  130      171768.013 95293.1927  44.5%  37.6 2615s
 1306738 536063 126944.668  178   87 171768.013 95312.1359  44.5%  37.6 2620s
 1310246 537021     cutoff  137      171768.013 95327.2939  44.5%  37.6 2625s
 1314512 538732 158170.566  146   78 171768.013 95341.1319  44.5%  37.6 2630s
 1318885 540188 153046.425  155   79 171768.013 95357.6784  44.5%  37.6 2635s
 1322558 541833 148148.128  185   76 171768.013 95372.6021  44.5%  37.6 2640s
 1325215 542643 136495.194   94   84 171768.013 95384.8013  44.5%  37.6 2645s
 1328025 543604 153164.373  154   78 171768.013 95393.4458  44.5%  37.6 2650s
 1330227 544434 162036.990  108   80 171768.013 95400.9451  44.5%  37.6 2655s
 1333051 545546 159350.305   88   79 171768.013 95411.7704  44.5%  37.6 2660s
 1335499 546456 103571.531  143   80 171768.013 95420.8544  44.4%  37.6 2665s
 1337979 547095 100898.255  123   77 171768.013 95427.7499  44.4%  37.6 2670s
 1340289 548050 infeasible  132      171768.013 95441.7432  44.4%  37.6 2675s
 1342994 549047 infeasible  105      171768.013 95454.0847  44.4%  37.6 2680s
 1345566 549955 148728.928  126   72 171768.013 95462.7879  44.4%  37.6 2685s
 1348035 550925 infeasible  109      171768.013 95474.2278  44.4%  37.6 2690s
 1350540 552012 infeasible  105      171768.013 95484.5559  44.4%  37.6 2695s
 1353751 553116 151648.503  160   79 171768.013 95497.4293  44.4%  37.6 2700s
 1356504 553952 150979.354  146   79 171768.013 95510.2737  44.4%  37.6 2705s
 1359232 555101 infeasible   88      171768.013 95520.1130  44.4%  37.6 2710s
 1362204 556117 159114.250  136   79 171768.013 95534.1997  44.4%  37.6 2715s
 1364646 556880 143554.943   98   79 171768.013 95545.0403  44.4%  37.6 2720s
 1367227 557757 149324.611  148   80 171768.013 95556.9200  44.4%  37.6 2725s
 1370004 558797 161893.928  145   88 171768.013 95568.6552  44.4%  37.6 2730s
 1372813 559771 140199.980  129   75 171768.013 95577.6216  44.4%  37.6 2735s
 1374987 560563 123902.140  140   81 171768.013 95586.5024  44.4%  37.6 2740s
 1377717 561403 infeasible  162      171768.013 95598.4731  44.3%  37.6 2745s
 1380865 562897 101059.829  108   83 171768.013 95607.7701  44.3%  37.6 2750s
 1383903 564185 150586.914  104   79 171768.013 95618.4701  44.3%  37.6 2755s
 1386391 565110 infeasible   96      171768.013 95627.8100  44.3%  37.6 2760s
 1389273 566242 162921.884  118   74 171768.013 95635.8276  44.3%  37.6 2765s
 1392080 567195 169799.503   98   87 171768.013 95647.3287  44.3%  37.6 2770s
 1394866 568569 infeasible  162      171768.013 95657.4605  44.3%  37.6 2775s
 1397106 569514 infeasible  127      171768.013 95664.5739  44.3%  37.6 2780s
 1399830 570386     cutoff  180      171768.013 95675.1491  44.3%  37.6 2785s
 1403138 571554 infeasible  156      171768.013 95691.2606  44.3%  37.6 2790s
 1407218 572922 infeasible  157      171768.013 95703.2173  44.3%  37.6 2795s
 1411426 574610 167061.086  123   86 171768.013 95715.9884  44.3%  37.6 2800s
 1415681 576170 168326.582  167   82 171768.013 95727.9138  44.3%  37.6 2805s
 1419713 577736     cutoff  142      171768.013 95739.4933  44.3%  37.6 2810s
H1419718 577736                    171767.97780 95739.4933  44.3%  37.6 2810s
 1423472 579443 infeasible  156      171767.978 95755.4192  44.3%  37.6 2815s
 1427249 580613     cutoff  123      171767.978 95769.5525  44.2%  37.6 2820s
 1431041 581698 98622.4956  155   77 171767.978 95786.3120  44.2%  37.6 2825s
 1434799 583113 144640.359   95   73 171767.978 95803.6878  44.2%  37.6 2830s
 1438856 584338 165451.423  108   75 171767.978 95824.6017  44.2%  37.6 2835s
 1443406 586306 160115.312  100   83 171767.978 95838.8228  44.2%  37.6 2840s
 1447399 587805 124519.395  116   85 171767.978 95851.7860  44.2%  37.6 2845s
 1450117 588748 156891.241  164   83 171767.978 95862.5139  44.2%  37.6 2850s
 1453808 590156     cutoff   89      171767.978 95874.9147  44.2%  37.6 2855s
H1454177 590180                    171767.30091 95875.8626  44.2%  37.6 2856s
 1456031 590986 infeasible  128      171767.301 95879.4328  44.2%  37.6 2860s
 1458901 592214 infeasible  292      171767.301 95892.3761  44.2%  37.6 2865s
 1461060 592796 infeasible  149      171767.301 95902.7092  44.2%  37.6 2870s
 1463770 593614 infeasible  187      171767.301 95916.6827  44.2%  37.6 2875s
 1466290 594551 137349.361  109   75 171767.301 95926.3141  44.2%  37.6 2880s
 1468906 595395 157202.142  144   80 171767.301 95938.3781  44.1%  37.6 2885s
 1471419 596346 163260.106  109   76 171767.301 95947.5716  44.1%  37.6 2890s
 1474119 597530 infeasible  129      171767.301 95958.5049  44.1%  37.6 2895s
 1476431 598360 infeasible  102      171767.301 95969.2299  44.1%  37.6 2900s
 1479085 599720 152755.374  149   85 171767.301 95978.8198  44.1%  37.6 2905s
 1481764 600716 102508.672  167   87 171767.301 95985.0249  44.1%  37.6 2910s
 1484346 601910 infeasible  152      171767.301 95997.4365  44.1%  37.6 2915s
 1487006 602899 158508.010  129   76 171767.301 96009.1806  44.1%  37.6 2920s
 1491061 604491 infeasible  141      171767.301 96020.1174  44.1%  37.6 2925s
 1495642 606319 infeasible  103      171767.301 96029.5388  44.1%  37.6 2930s
 1499470 608274 97483.9226  145   80 171767.301 96038.2692  44.1%  37.5 2935s
 1503907 610287 161995.721   96   84 171767.301 96048.4473  44.1%  37.5 2940s
 1508490 612678 infeasible  110      171767.301 96059.2731  44.1%  37.5 2945s
 1511553 614026 infeasible  152      171767.301 96066.8022  44.1%  37.5 2950s
 1514362 615231 142060.439  132   72 171767.301 96075.8451  44.1%  37.5 2955s
 1516967 616152 135255.102  131   83 171767.301 96083.2020  44.1%  37.5 2960s
 1519657 617080 144631.669   79   81 171767.301 96094.4325  44.1%  37.5 2965s
 1522034 618149 153789.286  149   76 171767.301 96100.6857  44.1%  37.5 2970s
 1524803 619130 158030.057  125   84 171767.301 96108.7974  44.0%  37.5 2975s
 1527236 620214 infeasible  129      171767.301 96116.9181  44.0%  37.5 2980s
 1530489 621505     cutoff  130      171767.301 96126.1130  44.0%  37.5 2985s
 1532809 622475 infeasible  109      171767.301 96135.4319  44.0%  37.5 2990s
 1535453 623443     cutoff  155      171767.301 96144.2956  44.0%  37.5 2995s
 1538005 624423     cutoff  159      171767.301 96152.1622  44.0%  37.5 3000s
 1540968 625593 156130.929  163   78 171767.301 96160.8209  44.0%  37.5 3005s
 1543647 626272 infeasible  102      171767.301 96167.5440  44.0%  37.5 3010s
 1546207 627170 171464.814  134   69 171767.301 96178.1949  44.0%  37.5 3015s
 1549477 628368 139415.056  160   83 171767.301 96192.1323  44.0%  37.5 3020s
 1551754 629108 infeasible  106      171767.301 96200.1328  44.0%  37.5 3025s
 1554592 630522 infeasible  108      171767.301 96206.4894  44.0%  37.5 3030s
 1557480 631733 infeasible  115      171767.301 96217.2335  44.0%  37.5 3035s
 1560136 632855 infeasible  110      171767.301 96225.8770  44.0%  37.5 3040s
 1562592 633759 infeasible  136      171767.301 96234.2141  44.0%  37.5 3045s
 1565388 635011 168587.304  128   79 171767.301 96246.6892  44.0%  37.5 3050s
 1568140 636141 infeasible  207      171767.301 96255.0191  44.0%  37.5 3055s
 1570510 636981 155646.926  117   75 171767.301 96265.4327  44.0%  37.5 3060s
 1573054 637980     cutoff  144      171767.301 96276.6960  43.9%  37.5 3065s
 1575908 638979 170487.327  131   91 171767.301 96288.3790  43.9%  37.5 3070s
 1578505 639952 infeasible  138      171767.301 96295.8051  43.9%  37.5 3075s
 1580783 640818 168086.387  112   79 171767.301 96305.1401  43.9%  37.5 3080s
H1581042 640877                    171766.09021 96305.7472  43.9%  37.5 3081s
H1582421 641313                    171766.06923 96311.0901  43.9%  37.5 3084s
 1583010 641593 infeasible  201      171766.069 96313.1666  43.9%  37.5 3085s
 1585533 642717 infeasible  113      171766.069 96321.6579  43.9%  37.5 3090s
 1588176 643618 155519.636  156   76 171766.069 96333.6754  43.9%  37.5 3095s
 1590312 644561 infeasible  119      171766.069 96341.1341  43.9%  37.5 3100s
 1592989 645663 156861.096  125   83 171766.069 96349.0359  43.9%  37.5 3105s
H1595240 646315                    171764.33370 96358.3009  43.9%  37.5 3109s
H1595280 646377                    171764.11898 96358.3009  43.9%  37.5 3110s
H1595334 646377                    171764.08594 96358.3009  43.9%  37.5 3110s
 1597520 647231 155319.844  131   79 171764.086 96368.5306  43.9%  37.5 3115s
 1600280 648434 171534.001  184   73 171764.086 96378.9543  43.9%  37.5 3120s
 1603189 649725 168239.361  108   85 171764.086 96389.4137  43.9%  37.5 3125s
 1605731 650774 154335.061  159   77 171764.086 96396.6987  43.9%  37.5 3130s
 1608153 651476 151226.484  140   83 171764.086 96406.0542  43.9%  37.5 3135s
 1610813 652367 137204.082  140   90 171764.086 96414.7803  43.9%  37.5 3140s
 1613555 653564 162558.919  173   79 171764.086 96422.7234  43.9%  37.5 3145s
 1616196 654697 136969.435  137   83 171764.086 96428.4729  43.9%  37.5 3150s
 1619141 656058 160343.823  119   78 171764.086 96434.5312  43.9%  37.5 3155s
 1621918 657253 163945.376  155   80 171764.086 96443.5408  43.9%  37.5 3160s
H1622501 657357                    171702.16699 96445.8552  43.8%  37.5 3161s
 1623743 657759 157647.998  132   75 171702.167 96453.3360  43.8%  37.5 3165s
 1626643 659246     cutoff  198      171702.167 96460.1841  43.8%  37.5 3170s
 1628891 660117 157305.415  186   80 171702.167 96466.7697  43.8%  37.5 3175s
 1631822 661225 101950.182  143   87 171702.167 96476.4669  43.8%  37.5 3180s
 1635374 662484 113174.763  190   79 171702.167 96491.0084  43.8%  37.5 3185s
 1639781 664110 infeasible   87      171702.167 96505.2415  43.8%  37.5 3190s
 1643145 665451     cutoff  128      171702.167 96518.9791  43.8%  37.5 3195s
 1645573 666298 infeasible  148      171702.167 96527.0737  43.8%  37.5 3200s
 1648541 667468 136960.232  109   84 171702.167 96536.0067  43.8%  37.5 3205s
 1652192 668973 infeasible  163      171702.167 96546.3969  43.8%  37.5 3210s
 1654650 669954 164427.186  122   69 171702.167 96554.6909  43.8%  37.5 3215s
 1657397 671211 101045.621  187   86 171702.167 96563.4124  43.8%  37.5 3220s
 1660358 672301 infeasible  156      171702.167 96573.3920  43.8%  37.5 3225s
 1663174 673596 170054.299  114   74 171702.167 96582.6399  43.7%  37.4 3230s
 1666122 675205 153203.679  140   86 171702.167 96588.5543  43.7%  37.4 3235s
 1668599 676168 infeasible  231      171702.167 96595.4672  43.7%  37.4 3240s
 1671383 677357 99847.7155  107   83 171702.167 96607.3552  43.7%  37.4 3245s
 1674025 678334 infeasible  154      171702.167 96618.1831  43.7%  37.4 3250s
 1676469 679700 157329.936  161   83 171702.167 96624.9265  43.7%  37.4 3255s
 1679143 680648 149276.067  111   83 171702.167 96629.8676  43.7%  37.4 3260s
 1681806 681726 158137.003  129   71 171702.167 96636.3801  43.7%  37.4 3265s
 1684193 682540 164362.114  135   81 171702.167 96641.9145  43.7%  37.4 3270s
 1686532 683447 155592.832  145   83 171702.167 96651.2347  43.7%  37.4 3275s
 1689209 684634 100426.964  155   88 171702.167 96662.5733  43.7%  37.4 3280s
 1691644 685387 149976.868  130   79 171702.167 96674.6382  43.7%  37.4 3285s
 1694111 686308 100608.469  126   82 171702.167 96684.2553  43.7%  37.4 3290s
 1696723 687227 infeasible  103      171702.167 96690.4113  43.7%  37.4 3295s
 1699238 688187 147977.270  161   82 171702.167 96697.8233  43.7%  37.4 3300s
 1701891 689603 infeasible  125      171702.167 96706.0294  43.7%  37.4 3305s
 1704631 690520 infeasible  142      171702.167 96714.5105  43.7%  37.4 3310s
 1706697 691286 170791.110   69   97 171702.167 96724.5990  43.7%  37.4 3315s
 1709414 692100 infeasible  163      171702.167 96732.9318  43.7%  37.4 3320s
 1712095 693197 107352.492  155   87 171702.167 96740.6648  43.7%  37.4 3325s
 1714642 694064 infeasible  172      171702.167 96753.9460  43.7%  37.4 3330s
 1717205 694765 infeasible  194      171702.167 96765.1793  43.6%  37.4 3335s
 1719391 695756 155602.593  145   78 171702.167 96771.9655  43.6%  37.4 3340s
 1722214 696934 136118.551  190   77 171702.167 96783.3399  43.6%  37.4 3345s
 1725379 698178 infeasible  213      171702.167 96793.4310  43.6%  37.4 3350s
 1727986 699325 155664.426  127   83 171702.167 96801.3267  43.6%  37.4 3355s
 1730320 700086 infeasible   86      171702.167 96809.9407  43.6%  37.4 3360s
 1732327 700759 155568.395   94   85 171702.167 96820.0702  43.6%  37.4 3365s
 1735542 701959 169985.738  205   84 171702.167 96831.2631  43.6%  37.4 3370s
 1738430 703127     cutoff  133      171702.167 96839.5031  43.6%  37.4 3375s
 1741075 704074 160747.512  161   78 171702.167 96846.7840  43.6%  37.4 3380s
 1743711 705244 159315.859  206   83 171702.167 96854.0120  43.6%  37.4 3385s
 1746147 706118 151489.682  156   78 171702.167 96861.8939  43.6%  37.4 3390s
 1748618 707174 160744.623  132   78 171702.167 96869.3008  43.6%  37.4 3395s
 1751810 708870 infeasible  144      171702.167 96874.5719  43.6%  37.4 3400s
 1755308 710256 157322.781  150   84 171702.167 96883.8545  43.6%  37.4 3405s
 1759493 711923 infeasible  158      171702.167 96895.0615  43.6%  37.4 3410s
 1763453 713408 155313.404  222   82 171702.167 96904.7896  43.6%  37.4 3415s
 1766042 714601 145025.784  122   82 171702.167 96909.5478  43.6%  37.4 3420s
 1768898 715718 139233.515  109   83 171702.167 96917.8479  43.6%  37.4 3425s
 1771674 717004 156479.145  178   72 171702.167 96925.7159  43.6%  37.4 3430s
 1774151 717739 infeasible  109      171702.167 96933.8137  43.5%  37.4 3435s
 1776510 718441 107689.059   92   83 171702.167 96942.2305  43.5%  37.4 3440s
 1779094 719582 167853.908  112   90 171702.167 96949.2714  43.5%  37.4 3445s
 1781630 720660 infeasible  172      171702.167 96954.0213  43.5%  37.4 3450s
 1784210 721912 158712.905  141   77 171702.167 96959.8740  43.5%  37.4 3455s
 1786624 722748 infeasible  103      171702.167 96966.6559  43.5%  37.4 3460s
 1789009 723650 153583.364  203   78 171702.167 96973.0069  43.5%  37.4 3465s
 1791300 724643 infeasible  153      171702.167 96977.0423  43.5%  37.4 3470s
 1793937 725593 101263.182  105   83 171702.167 96984.9692  43.5%  37.4 3475s
 1796736 726691 140013.074  118   82 171702.167 96994.7497  43.5%  37.4 3480s
 1799233 727785 171610.424  492   60 171702.167 97001.1515  43.5%  37.4 3485s
 1801734 728925 infeasible  124      171702.167 97006.2117  43.5%  37.4 3490s
 1804222 729688 167071.023  197   80 171702.167 97013.5486  43.5%  37.4 3495s
 1806936 730633     cutoff  126      171702.167 97019.9955  43.5%  37.4 3500s
 1808975 731167 infeasible  149      171702.167 97026.9650  43.5%  37.4 3505s
 1811669 732142 149342.167  111   78 171702.167 97036.5919  43.5%  37.4 3510s
 1814763 733818     cutoff  187      171702.167 97045.5543  43.5%  37.4 3515s
 1817360 734590 163014.222  109   82 171702.167 97052.1880  43.5%  37.4 3520s
 1819658 735457     cutoff  113      171702.167 97060.9903  43.5%  37.4 3525s
 1822426 736557 168859.539   94   82 171702.167 97068.3800  43.5%  37.4 3530s
 1824982 737312 162008.344  124   83 171702.167 97076.4606  43.5%  37.4 3535s
 1827995 738566 infeasible  114      171702.167 97083.1826  43.5%  37.4 3540s
 1830835 739780 144553.973  134   82 171702.167 97087.9744  43.5%  37.4 3545s
 1833193 740651 168468.037  119   81 171702.167 97096.3057  43.5%  37.4 3550s
 1835815 741628 infeasible  128      171702.167 97104.4885  43.4%  37.4 3555s
 1838523 742579 infeasible  133      171702.167 97110.8979  43.4%  37.4 3560s
 1841064 743474 infeasible  111      171702.167 97117.0740  43.4%  37.4 3565s
 1843658 744413 156119.704  149   76 171702.167 97124.2931  43.4%  37.4 3570s
 1845879 745354 infeasible  104      171702.167 97130.6950  43.4%  37.4 3575s
 1848811 746379 infeasible  179      171702.167 97137.0959  43.4%  37.4 3580s
 1851362 747478 127159.962  109   86 171702.167 97146.1526  43.4%  37.4 3585s
 1854112 748311 155838.563  101   81 171702.167 97153.3923  43.4%  37.4 3590s
 1857554 749797 156088.700  138   77 171702.167 97161.6654  43.4%  37.4 3595s

Cutting planes:
  Implied bound: 2
  MIR: 27
  Flow cover: 5
  RLT: 14
  Relax-and-lift: 8

Explored 1862157 nodes (69627548 simplex iterations) in 3600.01 seconds (2418.17 work units)
Thread count was 2 (of 24 available processors)

Solution count 10: 171702 171764 171764 ... 171831

Time limit reached
Best objective 1.717021669860e+05, best bound 9.717479224934e+04, gap 43.4050%
