
Gurobi 11.0.3 (linux64, Java) logging started qua 27 nov 2024 08:25:34 -03

Set parameter Username
Academic license - for non-commercial use only - expires 2025-10-10
Set parameter NonConvex to value 2
Set parameter TimeLimit to value 3600
Set parameter LogToConsole to value 0
Set parameter MIPGap to value 2.3060879868461677e-07
Set parameter Threads to value 2
Set parameter NodefileDir to value "/home/ps12398/experiment_hosp/goalProgrammingMarcos/"
Set parameter NodefileStart to value 1
Gurobi Optimizer version 11.0.3 build v11.0.3rc0 (linux64)

CPU model: Intel(R) Xeon(R) CPU           X5650  @ 2.67GHz, instruction set [SSE2]
Thread count: 12 physical cores, 24 logical processors, using up to 2 threads

Optimize a model with 8098 rows, 5573 columns and 26595 nonzeros
Model fingerprint: 0xde7e7546
Model has 57 quadratic constraints
Variable types: 2762 continuous, 2811 integer (52 binary)
Coefficient statistics:
  Matrix range     [2e-02, 8e+05]
  QMatrix range    [2e-02, 3e+04]
  QLMatrix range   [1e+00, 3e+04]
  Objective range  [1e+00, 9e+06]
  Bounds range     [1e+00, 1e+08]
  RHS range        [1e+00, 1e+06]
  QRHS range       [5e-02, 5e-02]
Presolve removed 7755 rows and 5222 columns
Presolve time: 0.05s
Presolved: 801 rows, 489 columns, 6911 nonzeros
Presolved model has 52 bilinear constraint(s)

Solving non-convex MIQCP

Variable types: 196 continuous, 293 integer (43 binary)
Found heuristic solution: objective 3804872.2932

Root relaxation: objective 0.000000e+00, 293 iterations, 0.01 seconds (0.01 work units)

    Nodes    |    Current Node    |     Objective Bounds      |     Work
 Expl Unexpl |  Obj  Depth IntInf | Incumbent    BestBd   Gap | It/Node Time

     0     0    0.00000    0  118 3804872.29    0.00000   100%     -    0s
H    0     0                    2255446.1008    0.00000   100%     -    0s
H    0     0                    1875159.3921    0.00000   100%     -    0s
     0     0    0.00000    0  149 1875159.39    0.00000   100%     -    0s
     0     0    0.00000    0  152 1875159.39    0.00000   100%     -    0s
     0     0    0.00000    0  132 1875159.39    0.00000   100%     -    0s
     0     0    0.00000    0  136 1875159.39    0.00000   100%     -    0s
H    0     0                    1732548.2947    0.00000   100%     -    0s
     0     0    0.00000    0  137 1732548.29    0.00000   100%     -    0s
     0     0    0.00000    0  130 1732548.29    0.00000   100%     -    0s
     0     0    0.00000    0  124 1732548.29    0.00000   100%     -    0s
     0     0    0.00000    0  107 1732548.29    0.00000   100%     -    0s
     0     0    0.00000    0  107 1732548.29    0.00000   100%     -    1s
H    0     0                    1668957.3248    0.00000   100%     -    1s
     0     0    0.00000    0   90 1668957.32    0.00000   100%     -    1s
     0     0    0.00000    0  105 1668957.32    0.00000   100%     -    1s
     0     0    0.00000    0   96 1668957.32    0.00000   100%     -    1s
     0     0    0.00000    0   88 1668957.32    0.00000   100%     -    1s
     0     0    0.00000    0  102 1668957.32    0.00000   100%     -    1s
     0     0    0.00000    0   94 1668957.32    0.00000   100%     -    1s
     0     0    0.00000    0   92 1668957.32    0.00000   100%     -    1s
     0     0    0.00000    0   96 1668957.32    0.00000   100%     -    1s
     0     0    0.00000    0   93 1668957.32    0.00000   100%     -    1s
     0     2    0.00000    0   91 1668957.32    0.00000   100%     -    1s
H   32    40                    1058752.0073    0.00000   100%  98.8    2s
H   38    40                    958134.85246    0.00000   100%  94.3    2s
H   97   116                    958134.85237    0.00000   100%  74.8    2s
H  260   390                    957631.22789    0.00000   100%  32.3    2s
H  524   613                    759960.69083    0.00000   100%  17.1    3s
H  852   883                    742355.43452    0.00000   100%  11.5    3s
H  950  1027                    692353.06185    0.00000   100%  10.6    3s
H 1168  1268                    687933.35836    0.00000   100%   9.1    4s
H 1653  1757                    675267.39378    0.00000   100%   7.2    4s
H 1996  1998                    674488.46745    0.00000   100%   6.4    4s
H 1997  2148                    671776.20310    0.00000   100%   6.4    5s
H 2000  2148                    670270.08136    0.00000   100%   6.4    5s
H 2623  2884                    668550.51635    0.00000   100%   5.4    5s
H 2720  2884                    667821.36181    0.00000   100%   5.3    5s
H 2760  2884                    627503.98485    0.00000   100%   5.3    5s
H 2763  2884                    627074.44704    0.00000   100%   5.3    5s
H 3176  3187                    627051.27749    0.00000   100%   5.5    6s
H 3188  3186                    619835.93881    0.00000   100%   5.5    6s
H 3687  3308                    617541.73886    0.00000   100%   5.7    8s
  3693  3312 580306.378  950   53 617541.739    0.00000   100%   5.6   10s
  3724  3336 170400.745   46   67 617541.739    0.00000   100%   7.7   15s
  3804  3475    0.00000   64  112 617541.739    0.00000   100%  10.0   20s
  4075  3717 445604.189  135   71 617541.739    0.00000   100%  11.4   26s
  4596  4029 44979.0419   82  101 617541.739    0.00000   100%  11.7   32s
  5077  4284 600303.750  214   68 617541.739    0.00000   100%  12.3   35s
  5839  4847 524793.806  257   65 617541.739    0.00000   100%  11.8   41s
H 6698  5078                    615164.14218    0.00000   100%  10.7   44s
  6870  5321 562129.355  658   61 615164.142    0.00000   100%  10.5   46s
  7493  5697 560490.215  158   64 615164.142    0.00000   100%  10.2   50s
  8119  6177 522674.952  179   66 615164.142    0.00000   100%   9.9   55s
  9131  6590 449529.836  174   67 615164.142    0.00000   100%   9.8   62s
H 9271  6382                    614687.37891    0.00000   100%   9.7   62s
H 9499  6378                    606173.35383    0.00000   100%  10.0   64s
  9662  6543 30613.3949   73  117 606173.354    0.00000   100%   9.9   66s
 10164  6819 533816.312  278   67 606173.354    0.00000   100%   9.9   72s
 10641  7070 165631.768   63  117 606173.354    0.00000   100%  10.6   76s
 11169  7137    0.00000   65  118 606173.354    0.00000   100%  11.3   80s
 11386  7211 507723.191  106   80 606173.354    0.00000   100%  12.0   86s
 11601  7355 558442.167  199   68 606173.354    0.00000   100%  12.0   90s
 12040  7550 498099.732   79   85 606173.354    0.00000   100%  12.5   97s
 12219  7582 131885.763   73   94 606173.354    0.00000   100%  12.5  100s
H12540  7828                    603977.07595    0.00000   100%  12.9  105s
 13307  8388 514030.912   72   99 603977.076    0.00000   100%  14.1  111s
H13560  8589                    603538.68904    0.00000   100%  14.7  114s
 13880  8740 100366.795   74  115 603538.689    0.00000   100%  15.2  116s
 14345  8970 515949.973   95   81 603538.689    0.00000   100%  15.8  121s
 14666  9181 430462.511   81   88 603538.689    0.00000   100%  16.2  126s
 15002  9442 556396.640   84   96 603538.689    0.00000   100%  16.8  132s
 15140  9593 448858.182  113   71 603538.689    0.00000   100%  16.8  135s
 15482  9829 496182.273  181   69 603538.689    0.00000   100%  16.9  141s
 15824 10146 504893.468  246   59 603538.689    0.00000   100%  17.1  147s
 16259 10437 513375.194  326   63 603538.689    0.00000   100%  17.6  152s
 16415 10593 515806.143  367   69 603538.689    0.00000   100%  17.6  155s
 16723 10886 510761.265  448   58 603538.689    0.00000   100%  17.3  162s
 17000 11186 512008.888  531   58 603538.689    0.00000   100%  17.1  167s
 17317 11498 518871.721  618   63 603538.689    0.00000   100%  16.9  172s
 17476 11658 518243.648  674   63 603538.689    0.00000   100%  16.8  175s
 17986 12198 517131.014  864   59 603538.689    0.00000   100%  16.4  182s
 18176 12427 518194.640  935   58 603538.689    0.00000   100%  16.3  185s
 18705 12997 524526.155 1089   63 603538.689    0.00000   100%  16.0  191s
 19150 13377 529945.689 1236   68 603538.689    0.00000   100%  15.8  197s
 19355 13587 533864.897 1319   67 603538.689    0.00000   100%  15.7  200s
 19777 14018 528884.792 1491   60 603538.689    0.00000   100%  15.4  207s
 19996 14242 534865.738 1581   63 603538.689    0.00000   100%  15.3  211s
 20462 14739 543757.647 1768   67 603538.689    0.00000   100%  15.1  217s
 20717 14991 535757.329 1870   60 603538.689    0.00000   100%  15.0  221s
 21238 15525 539926.169 2078   60 603538.689    0.00000   100%  14.7  228s
 21503 15800 545825.701 2183   63 603538.689    0.00000   100%  14.6  232s
 21778 16037 561656.806 2290   62 603538.689    0.00000   100%  14.5  235s
 22531 16633 491757.016   83   79 603538.689    0.00000   100%  14.5  241s
 23004 16901 238135.234   80   88 603538.689    0.00000   100%  14.4  245s
 23611 18028 490767.993  282   64 603538.689    0.00000   100%  14.6  251s
H23625 17976                    600422.32001    0.00000   100%  14.6  251s
H23672 17832                    595985.28436    0.00000   100%  14.6  251s
H23769 15863                    555766.41503    0.00000   100%  14.6  251s
H24739 15576                    548358.46713    0.00000   100%  14.4  253s
H24836 13019                    538662.62946    0.00000   100%  14.4  253s
 25731 13226    0.00000   56  111 538662.629    0.00000   100%  14.5  255s
H25941 10867                    528085.97884    0.00000   100%  14.9  255s
 27733 12093    0.00000   66  121 528085.979    0.00000   100%  17.0  260s
 29861 13578 491972.132  127   76 528085.979    0.00000   100%  18.9  265s
H32025 12886                    519561.00555    0.00000   100%  18.9  269s
 32226 13627 424155.762  180   67 519561.006    0.00000   100%  19.1  271s
H32305 13121                    517373.96367    0.00000   100%  19.1  271s
H32402 11712                    510946.78729    0.00000   100%  19.0  271s
H32499 11688                    510866.67474    0.00000   100%  19.0  271s
H33250 11860                    510866.66075    0.00000   100%  19.0  272s
H34250 12493                    510866.31217    0.00000   100%  19.2  274s
 34699 13328 466282.168   84   83 510866.312    0.00000   100%  19.4  275s
H35210 12361                    501166.49338    0.00000   100%  19.3  275s
H35307 11730                    494316.29403    0.00000   100%  19.3  275s
 37025 12437    0.00000   69   98 494316.294    0.00000   100%  19.2  280s
 39480 14205 454105.501  103   77 494316.294    0.00000   100%  19.5  285s
 41482 15638 487592.379   82   81 494316.294    0.00000   100%  20.0  290s
 43832 16967 219960.236   77   99 494316.294    0.00000   100%  20.3  295s
 46003 18126    0.00000   63  107 494316.294    0.00000   100%  21.2  300s
 48126 19158    0.00000   67  101 494316.294    0.00000   100%  22.3  305s
 49544 19950 6446.73359   71  105 494316.294    0.00000   100%  22.6  310s
 51469 20929    0.00000   64   96 494316.294    0.00000   100%  23.0  315s
 53598 22072 6159.89009   71  108 494316.294    0.00000   100%  23.7  320s
 55731 23051 76744.6067   69   90 494316.294    0.00000   100%  24.3  325s
 57634 24078 83263.4371   68  109 494316.294    0.00000   100%  24.7  330s
 59897 25505 275155.799   75   96 494316.294    0.00000   100%  24.7  335s
 61551 26373 infeasible   79      494316.294    0.00000   100%  25.2  340s
H61563 26370                    494277.18964    0.00000   100%  25.2  340s
H61776 26509                    494276.62536    0.00000   100%  25.3  340s
 63704 27650 90475.2222   70  119 494276.625    0.00000   100%  25.5  345s
H65510 28622                    494273.41282    0.00000   100%  25.9  349s
 65746 28791 440451.177   81   92 494273.413    0.00000   100%  26.0  350s
 66963 29513 475770.699  120   87 494273.413    0.00000   100%  26.2  355s
H67350 29399                    492177.41327    0.00000   100%  26.2  355s
 69411 30494     cutoff   88      492177.413    0.00000   100%  26.4  360s
 71657 31786     cutoff   84      492177.413    0.00000   100%  26.4  365s
 74126 33752 148540.101   61  142 492177.413    0.00000   100%  26.2  370s
 76160 34737 325975.509   74   94 492177.413    0.00000   100%  26.6  375s
 77477 35489 27716.4255   65  120 492177.413    0.00000   100%  26.7  380s
 79902 36589 9404.69848   60  129 492177.413    0.00000   100%  27.1  385s
 81381 37616 6050.04904   68  121 492177.413    0.00000   100%  27.6  390s
 83138 38548    0.00000   66   95 492177.413    0.00000   100%  27.8  395s
 84969 39464 335722.664   75  104 492177.413    0.00000   100%  28.1  400s
 86916 40596 80456.0735   71  109 492177.413    0.00000   100%  28.5  405s
 88500 41407 457051.930   86   90 492177.413    0.00000   100%  28.7  410s
 90391 42426 133872.547   65  115 492177.413    0.00000   100%  29.2  415s
 92413 43939     cutoff   76      492177.413    0.00000   100%  29.4  420s
 95063 45337    0.00000   65   97 492177.413    0.00000   100%  29.5  425s
 97452 46326 466151.003   86   87 492177.413    0.00000   100%  29.8  431s
 98608 47069    0.00000   65  102 492177.413    0.00000   100%  29.9  435s
 101000 48282 259596.349   72  103 492177.413    0.00000   100%  30.2  440s
 102701 49103 172439.022   64  102 492177.413    0.00000   100%  30.3  446s
 104083 50126     cutoff   88      492177.413    0.00000   100%  30.3  450s
 106055 51101 372755.138   77   98 492177.413    0.00000   100%  30.5  455s
 108091 52355 391372.328   70  107 492177.413    0.00000   100%  30.5  460s
 110093 53345 360533.015   79   92 492177.413    0.00000   100%  30.7  465s
 112207 54614    0.00000   56  109 492177.413    0.00000   100%  30.8  470s
 113797 55371     cutoff   75      492177.413    0.00000   100%  31.0  475s
 116735 56771 22440.3232   60  136 492177.413    0.00000   100%  31.4  480s
 118671 57728     cutoff   84      492177.413    0.00000   100%  31.7  485s
 120681 58617 319179.992   71   91 492177.413    0.00000   100%  31.9  490s
 122784 59527     cutoff   75      492177.413    0.00000   100%  32.1  495s
 125005 61347 480551.516  690   65 492177.413    0.00000   100%  31.9  500s
 126798 62387 396573.330   84   74 492177.413    0.00000   100%  32.0  505s
 128748 63637    0.00000   61  103 492177.413    0.00000   100%  32.0  510s
 130807 64542     cutoff   77      492177.413    0.00000   100%  32.2  515s
 132771 65528     cutoff   75      492177.413    0.00000   100%  32.4  520s
 134768 66901    0.00000   65  116 492177.413    0.00000   100%  32.2  525s
 137144 68536 463912.248  133   74 492177.413    0.00000   100%  32.1  530s
 138876 69216    0.00000   54  116 492177.413    0.00000   100%  32.2  535s
 140716 70096 485491.567   69  108 492177.413    0.00000   100%  32.3  540s
 142897 70978    0.00000   57  102 492177.413    0.00000   100%  32.5  545s
 144619 71963 infeasible   99      492177.413    0.00000   100%  32.5  550s
 146578 72877 42000.8316   66  132 492177.413    0.00000   100%  32.8  555s
 148309 73771 218643.920   71  115 492177.413    0.00000   100%  33.0  560s
 149968 74489 334837.919   72  106 492177.413    0.00000   100%  33.1  565s
 152120 75607 121769.421   63  104 492177.413    0.00000   100%  33.2  570s
 153820 76753 436379.901  124   75 492177.413    0.00000   100%  33.4  575s
 155766 78387 159804.317   79   96 492177.413    0.00000   100%  33.4  580s
 158650 79762     cutoff   92      492177.413    0.00000   100%  33.3  585s
 160598 81178    0.00000   61  111 492177.413    0.00000   100%  33.2  590s
 162824 82469 100126.464   72  112 492177.413    0.00000   100%  33.2  595s
 164308 83359 381035.725   95   87 492177.413    0.00000   100%  33.3  600s
H165447 82727                    483570.46037    0.00000   100%  33.2  601s
H165544 81703                    480109.95297    0.00000   100%  33.2  601s
H166044 82371                    479763.58381    0.00000   100%  33.1  602s
H166141 82032                    478485.77036    0.00000   100%  33.1  602s
H166690 82590                    478454.44798    0.00000   100%  33.0  603s
H166884 81227                    473451.59138    0.00000   100%  33.0  603s
H166981 80820                    472533.71913    0.00000   100%  33.0  603s
H167148 80997                    471604.44572    0.00000   100%  33.0  604s
H167245 78645                    465578.56704    0.00000   100%  32.9  604s
 167685 78734 399919.494   79   91 465578.567    0.00000   100%  32.9  605s
 169701 80048 392699.185   75   96 465578.567    0.00000   100%  32.8  610s
 171740 81711 314382.398   87   88 465578.567    0.00000   100%  32.9  615s
H172953 81985                    465578.44420    0.00000   100%  32.8  616s
H173247 82187                    465577.92940    0.00000   100%  32.8  617s
 174295 82714    0.00000   67   93 465577.929    0.00000   100%  32.9  620s
H175375 80908                    460469.64611    0.00000   100%  32.9  623s
*175579 80942             329    460346.94246    0.00000   100%  32.9  624s
 175924 81111 230061.446   69   97 460346.942    0.00000   100%  32.9  625s
H176964 81782                    460232.31198    0.00000   100%  32.8  627s
 177985 82456 156076.951   75   99 460232.312    0.00000   100%  32.9  630s
H178152 75036                    441695.32393    0.00000   100%  32.9  630s
H178253 75149                    441695.28328    0.00000   100%  32.9  630s
H178374 75149                    441695.12839    0.00000   100%  32.9  630s
 179516 75738 175312.815   69  103 441695.128    0.00000   100%  33.0  635s
H180664 76313                    441693.38945    0.00000   100%  33.2  638s
 181248 76547 67046.1420   73   98 441693.389    0.00000   100%  33.2  640s
 183349 77547     cutoff   74      441693.389    0.00000   100%  33.3  645s
 184820 78075 65043.4122   66  110 441693.389    0.00000   100%  33.4  650s
 187147 79254     cutoff   89      441693.389    0.00000   100%  33.4  655s
H188114 79677                    441673.31852    0.00000   100%  33.5  658s
 189005 80153 320949.090   87   91 441673.319    0.00000   100%  33.5  660s
 190918 81164 403512.465   81   89 441673.319    0.00000   100%  33.5  665s
 193006 82172     cutoff   72      441673.319    0.00000   100%  33.6  670s
 194947 83104 353145.955   76  100 441673.319    0.00000   100%  33.6  675s
 196673 84257 315530.396   82   78 441673.319    0.00000   100%  33.7  680s
 198937 85134 13060.1260   67   96 441673.319    0.00000   100%  33.8  685s
H200564 78110                    424654.92362    0.00000   100%  33.9  689s
 200630 78185 infeasible   77      424654.924    0.00000   100%  33.9  690s
H200689 78185                    424654.91730    0.00000   100%  33.9  690s
 202531 79016 164749.485   71   93 424654.917    0.00000   100%  34.0  695s
H202992 79095                    424353.14036    0.00000   100%  34.1  696s
 204226 79598 33635.7724   65  120 424353.140    0.00000   100%  34.2  700s
 205479 80167 215405.297   68  110 424353.140    0.00000   100%  34.3  705s
H206776 80590                    424141.57987    0.00000   100%  34.3  708s
 207697 80989 100392.184   63  103 424141.580    0.00000   100%  34.4  710s
H208605 81348                    424120.47715    0.00000   100%  34.4  712s
 209443 81832 391431.265   77  102 424120.477    0.00000   100%  34.5  715s
 210724 82410 182367.562   73   91 424120.477    0.00000   100%  34.6  720s
H211248 82531                    424120.45260    0.00000   100%  34.6  720s
H211423 82656                    424118.46761    0.00000   100%  34.6  721s
 213089 83469 infeasible   73      424118.468    0.00000   100%  34.7  725s
 215574 84714    0.00000   65  100 424118.468    0.00000   100%  34.9  730s
 218516 85892 24319.0413   64  112 424118.468    0.00000   100%  35.1  735s
 220967 86923 84204.6789   63  115 424118.468    0.00000   100%  35.2  740s
 222982 87682 167514.152   65  101 424118.468    0.00000   100%  35.4  745s
 224278 88327 346755.022  116   89 424118.468    0.00000   100%  35.5  750s
H224358 87123                    422477.49450    0.00000   100%  35.4  750s
 226175 87962 infeasible   76      422477.494    0.00000   100%  35.5  755s
 227842 88774 58820.7820   71   92 422477.494    0.00000   100%  35.6  760s
 229812 89692 137197.013   64  114 422477.494    0.00000   100%  35.8  765s
 231305 90342 322518.021   78   86 422477.494    0.00000   100%  35.9  770s
 233334 91149 344024.267   77   84 422477.494    0.00000   100%  35.9  775s
 235003 91900    0.00000   55  132 422477.494    0.00000   100%  36.0  780s
 236339 92428 288605.888   64  103 422477.494    0.00000   100%  36.1  785s
 239085 93750 86434.7176   64  109 422477.494    0.00000   100%  36.2  790s
 241370 94658 230847.304   75   96 422477.494    0.00000   100%  36.2  795s
 244453 95931 125700.981   64  118 422477.494    0.00000   100%  36.3  800s
 246697 97011 372520.854   71  110 422477.494    0.00000   100%  36.5  805s
 248875 98055    0.00000   62  110 422477.494    0.00000   100%  36.4  810s
 251110 99266 240587.462   79   98 422477.494    0.00000   100%  36.4  815s
 252436 99842 infeasible   73      422477.494    0.00000   100%  36.5  820s
 254568 100806 326658.215   71   93 422477.494    0.00000   100%  36.5  825s
 256460 101548     cutoff   74      422477.494    0.00000   100%  36.6  830s
 257788 102091 163379.045   69  116 422477.494    0.00000   100%  36.6  835s
 259794 103000     cutoff   78      422477.494    0.00000   100%  36.7  840s
 261544 103805     cutoff   77      422477.494    0.00000   100%  36.8  845s
 264088 104991    0.00000   67  103 422477.494    0.00000   100%  36.8  850s
 266933 106087     cutoff   76      422477.494    0.00000   100%  37.0  856s
 268495 107139 340272.430   97   84 422477.494    0.00000   100%  37.1  860s
 271087 108134 157747.815   65  114 422477.494    0.00000   100%  37.1  865s
 272895 108880 93442.3833   66   99 422477.494    0.00000   100%  37.2  870s
 274706 109759 411986.578   75   98 422477.494    0.00000   100%  37.2  875s
 276659 110450 20340.0611   69  123 422477.494    0.00000   100%  37.3  880s
 277872 110942 226536.752   68  115 422477.494    0.00000   100%  37.3  885s
 279965 111873 418638.126   74  101 422477.494    0.00000   100%  37.3  890s
 281702 112579     cutoff   77      422477.494    0.00000   100%  37.4  895s
 283212 113227 381985.779   74  107 422477.494    0.00000   100%  37.4  900s
 284999 114086    0.00000   68  105 422477.494    0.00000   100%  37.5  905s
 286856 114861 357849.059   72   90 422477.494    0.00000   100%  37.5  910s
 288062 115315     cutoff   76      422477.494    0.00000   100%  37.6  915s
 291064 116500 352088.378   75   96 422477.494    0.00000   100%  37.7  920s
 292984 117220     cutoff   69      422477.494    0.00000   100%  37.7  925s
 296089 118537    0.00000   64  100 422477.494    0.00000   100%  37.7  930s
 297862 119340 16326.5040   72  103 422477.494    0.00000   100%  37.7  935s
 299792 120014 37638.4394   60  115 422477.494    0.00000   100%  37.7  940s
 301833 120899 186910.246   76  105 422477.494    0.00000   100%  37.8  945s
 303059 121332 2161.10874   72  104 422477.494    0.00000   100%  37.8  950s
 304958 121947 115047.878   71  110 422477.494    0.00000   100%  37.8  955s
 306854 122669 11466.6007   69  109 422477.494    0.00000   100%  37.9  960s
 308351 123193     cutoff   79      422477.494    0.00000   100%  37.9  965s
 310200 123844    0.00000   54   94 422477.494    0.00000   100%  37.9  970s
 312018 124718    0.00000   64  119 422477.494    0.00000   100%  38.0  975s
 313468 125236 10782.1141   71  117 422477.494    0.00000   100%  38.0  980s
 315086 125816 infeasible   72      422477.494    0.00000   100%  38.1  985s
 316874 126605     cutoff   75      422477.494    0.00000   100%  38.2  990s
 318141 127165 380765.151   76   96 422477.494    0.00000   100%  38.3  995s
 320000 127881    0.00000   72  120 422477.494    0.00000   100%  38.3 1000s
 321698 128477     cutoff   77      422477.494    0.00000   100%  38.4 1005s
 323437 129104 358211.186   77   95 422477.494    0.00000   100%  38.4 1011s
 324497 129559 25345.1480   72  112 422477.494    0.00000   100%  38.5 1015s
 326271 130198    0.00000   65  124 422477.494    0.00000   100%  38.5 1020s
 328096 130968    0.00000   69  111 422477.494    0.00000   100%  38.6 1025s
 329734 131726    0.00000   61  106 422477.494    0.00000   100%  38.7 1030s
 331286 132315     cutoff   92      422477.494    0.00000   100%  38.7 1035s
 333074 133006 199820.543   72   98 422477.494    0.00000   100%  38.8 1040s
 334187 133477 157782.624   73  122 422477.494    0.00000   100%  38.8 1045s
 336118 134169 9732.09406   68  120 422477.494    0.00000   100%  38.8 1050s
 338134 134922 23464.3014   71  114 422477.494    0.00000   100%  38.9 1055s
 339429 135416     cutoff   82      422477.494    0.00000   100%  38.9 1060s
 341483 136155 20670.9382   65  114 422477.494    0.00000   100%  38.9 1065s
 343364 136845    0.00000   64  104 422477.494    0.00000   100%  39.0 1070s
 344458 137250 403636.891   70  102 422477.494    0.00000   100%  39.0 1075s
 346168 137940 359816.387   77   99 422477.494    0.00000   100%  39.1 1080s
 348198 138828 99124.5739   67  108 422477.494    0.00000   100%  39.1 1085s
 350082 139658     cutoff   77      422477.494    0.00000   100%  39.1 1090s
 352025 140464     cutoff   75      422477.494    0.00000   100%  39.1 1095s
 353863 141341 199383.026   72   92 422477.494    0.00000   100%  39.2 1100s
 355792 142053    0.00000   67  106 422477.494    0.00000   100%  39.2 1105s
 357567 142829 253353.861   76   85 422477.494    0.00000   100%  39.2 1110s
 359235 143449 61481.8174   61  116 422477.494    0.00000   100%  39.3 1115s
 360480 144033 294739.252   69   97 422477.494    0.00000   100%  39.4 1120s
 362211 144751 56788.9021   66  117 422477.494    0.00000   100%  39.4 1125s
 364117 145545    0.00000   61  126 422477.494    0.00000   100%  39.5 1130s
 365692 146333 353054.326   70   90 422477.494    0.00000   100%  39.5 1135s
 367499 147085 110384.246   71  123 422477.494    0.00000   100%  39.6 1140s
 369360 147743 87787.1672   67  128 422477.494    0.00000   100%  39.6 1145s
 371148 148432 55283.8452   61  104 422477.494    0.00000   100%  39.6 1150s
 372937 149185    0.00000   65  125 422477.494    0.00000   100%  39.7 1155s
 374794 149941 64842.9966   67  113 422477.494    0.00000   100%  39.7 1160s
 376132 150511 166266.617   72  109 422477.494    0.00000   100%  39.8 1165s
 377897 151242     cutoff   73      422477.494    0.00000   100%  39.8 1170s
 379670 152008 74638.6065   70  109 422477.494    0.00000   100%  39.9 1175s
 380954 152522 302659.331   79  104 422477.494    0.00000   100%  39.9 1180s
 382667 153308 45224.5496   65  113 422477.494    0.00000   100%  39.9 1185s
 384492 154068     cutoff   77      422477.494    0.00000   100%  40.0 1190s
 385681 154594 14286.8783   67  106 422477.494    0.00000   100%  40.0 1195s
 387619 155409 53670.7613   71  107 422477.494    0.00000   100%  40.1 1200s
 389495 156250    0.00000   59  111 422477.494    0.00000   100%  40.1 1205s
 391041 157004 38210.9483   64  114 422477.494    0.00000   100%  40.1 1210s
 392929 157670 357310.818   74  102 422477.494    0.00000   100%  40.2 1215s
 394830 158376 96751.9313   73  107 422477.494    0.00000   100%  40.2 1220s
 396241 158914 398732.258  110   80 422477.494    0.00000   100%  40.2 1225s
 398063 159684 347114.386   79   78 422477.494    0.00000   100%  40.2 1230s
 400237 160450     cutoff   80      422477.494    0.00000   100%  40.3 1235s
 401387 160881 384560.261   73  103 422477.494    0.00000   100%  40.3 1240s
 403128 161616 345546.947   76   87 422477.494    0.00000   100%  40.4 1245s
 404992 162344 404156.400   82   99 422477.494    0.00000   100%  40.4 1250s
 406660 163029 309072.544   69  109 422477.494    0.00000   100%  40.4 1255s
 408482 163849 298430.360   73   91 422477.494    0.00000   100%  40.4 1260s
 410204 164639 116318.249   70  106 422477.494    0.00000   100%  40.5 1265s
 411430 165018 170836.649   65  117 422477.494    0.00000   100%  40.5 1270s
 412963 165816    0.00000   67  105 422477.494    0.00000   100%  40.5 1275s
 416001 167073 34047.2112   67  106 422477.494    0.00000   100%  40.6 1280s
 417821 168012 61274.5653   65  122 422477.494    0.00000   100%  40.5 1285s
 419683 168749 373947.841   72  108 422477.494    0.00000   100%  40.6 1290s
 421578 169553 84311.7287   65  111 422477.494    0.00000   100%  40.6 1295s
 423388 170337 49129.2064   66  110 422477.494    0.00000   100%  40.6 1300s
 425516 171287 120223.708   63  115 422477.494    0.00000   100%  40.6 1305s
 426903 171846 176433.397   71  109 422477.494    0.00000   100%  40.6 1310s
 428596 172572 50222.8959   68  128 422477.494    0.00000   100%  40.6 1315s
 431646 173899 2458.92439   59  129 422477.494    0.00000   100%  40.6 1320s
 433776 174891     cutoff   78      422477.494    0.00000   100%  40.7 1325s
 436892 176287 82415.4159   70   97 422477.494    0.00000   100%  40.7 1330s
 438622 176945    0.00000   70   91 422477.494    0.00000   100%  40.7 1335s
 440276 177530 359546.102   78   90 422477.494    0.00000   100%  40.8 1340s
 441885 178185 103865.900   71  120 422477.494    0.00000   100%  40.9 1345s
 442945 178588 47427.9890   69  116 422477.494    0.00000   100%  40.9 1350s
 444776 179332 142529.763   69  106 422477.494    0.00000   100%  40.9 1355s
 446684 180167 365694.525   85   93 422477.494    0.00000   100%  40.9 1360s
 447451 180445 36673.2194   60  114 422477.494    0.00000   100%  41.0 1365s
 449215 181213 13362.7253   61  126 422477.494    0.00000   100%  41.0 1370s
 451053 182007 21501.7515   68  111 422477.494    0.00000   100%  41.0 1375s
 452666 182498 136788.935   61  127 422477.494    0.00000   100%  41.1 1382s
 453463 183033 16044.7823   71  111 422477.494    0.00000   100%  41.1 1385s
 455329 183701 319221.800   75  106 422477.494    0.00000   100%  41.1 1390s
 457089 184497 15127.8964   70  112 422477.494    0.00000   100%  41.1 1395s
 458332 185062    0.00000   62  101 422477.494    0.00000   100%  41.1 1400s
 460115 185737    0.00000   64  115 422477.494    0.00000   100%  41.2 1405s
 461572 186381    0.00000   62  117 422477.494    0.00000   100%  41.2 1410s
 462917 186935 379990.326   80  102 422477.494    0.00000   100%  41.3 1415s
 464615 187692 infeasible   73      422477.494    0.00000   100%  41.3 1420s
 466349 188391     cutoff   76      422477.494    0.00000   100%  41.4 1425s
 467817 189022 18767.7763   67  110 422477.494    0.00000   100%  41.4 1430s
 469097 189585 58386.5081   67  118 422477.494    0.00000   100%  41.4 1435s
 470732 190388 62034.3504   67  109 422477.494    0.00000   100%  41.5 1440s
 472676 191113 105425.207   64  119 422477.494    0.00000   100%  41.5 1445s
 473744 191523    0.00000   65  103 422477.494    0.00000   100%  41.5 1450s
 475585 192323 102975.963   71  101 422477.494    0.00000   100%  41.6 1455s
 477470 193137 80593.6661   67  117 422477.494    0.00000   100%  41.6 1460s
 478840 193774 41331.1505   66  127 422477.494    0.00000   100%  41.6 1465s
 480591 194453 322989.580   76  100 422477.494    0.00000   100%  41.6 1470s
 482451 195249 76750.5630   65  117 422477.494    0.00000   100%  41.7 1475s
 483595 195696 335454.510   68  110 422477.494    0.00000   100%  41.7 1480s
 485475 196439 335481.665   78   88 422477.494    0.00000   100%  41.7 1485s
 487010 197239 186288.434   69  118 422477.494    0.00000   100%  41.7 1490s
 488552 197790     cutoff   75      422477.494    0.00000   100%  41.7 1495s
 490180 198566 269760.464   74  101 422477.494    0.00000   100%  41.7 1500s
 492129 199305 308281.470   77  106 422477.494    0.00000   100%  41.7 1505s
 493718 199900 62169.1666   68  122 422477.494    0.00000   100%  41.8 1511s
 495141 200525     cutoff   76      422477.494    0.00000   100%  41.8 1515s
 497107 201384 18239.0854   68  106 422477.494    0.00000   100%  41.8 1520s
 498600 202021     cutoff   75      422477.494    0.00000   100%  41.8 1525s
 499936 202556 infeasible   90      422477.494    0.00000   100%  41.8 1530s
 501631 203285    0.00000   55  115 422477.494    0.00000   100%  41.9 1535s
 503391 204063     cutoff   70      422477.494    0.00000   100%  41.9 1540s
 504857 204792 327553.220   96   84 422477.494    0.00000   100%  41.9 1545s
 506634 205594 347711.029   80   79 422477.494    0.00000   100%  42.0 1550s
 508501 206562 36137.3051   60  133 422477.494    0.00000   100%  42.0 1555s
 510038 207181    0.00000   65  109 422477.494    0.00000   100%  42.0 1560s
 511575 207873    0.00000   64  112 422477.494    0.00000   100%  42.0 1565s
 513555 208793    0.00000   65   90 422477.494    0.00000   100%  42.1 1570s
 514854 209311     cutoff   65      422477.494    0.00000   100%  42.1 1575s
 516689 210116 147147.805   72  116 422477.494    0.00000   100%  42.1 1580s
 518563 210828 98812.5223   67  106 422477.494    0.00000   100%  42.1 1585s
 519934 211546 368389.519   72  100 422477.494    0.00000   100%  42.1 1590s
 521528 212164 259612.125   71  102 422477.494    0.00000   100%  42.2 1595s
 523382 213006 355384.413   72  111 422477.494    0.00000   100%  42.2 1600s
 524859 213500 357241.046   70  106 422477.494    0.00000   100%  42.2 1605s
 526768 214248 129705.096   70  109 422477.494    0.00000   100%  42.2 1610s
 528528 215018 101789.328   74  107 422477.494    0.00000   100%  42.2 1615s
 530141 215613     cutoff   73      422477.494    0.00000   100%  42.3 1620s
 532220 216399    0.00000   70  105 422477.494    0.00000   100%  42.3 1625s
 533996 217044 infeasible   78      422477.494    0.00000   100%  42.3 1630s
 535273 217611 219706.193   72   95 422477.494    0.00000   100%  42.3 1635s
 537207 218348 infeasible   70      422477.494    0.00000   100%  42.4 1640s
 539054 219028    0.00000   65  103 422477.494    0.00000   100%  42.4 1645s
 540366 219435 80230.3211   68  104 422477.494    0.00000   100%  42.4 1650s
 542149 220222 infeasible   71      422477.494    0.00000   100%  42.4 1655s
 544048 220976 32228.6430   71  104 422477.494    0.00000   100%  42.4 1660s
 545589 221570 3537.75861   64  125 422477.494    0.00000   100%  42.4 1665s
 547403 222359    0.00000   62  116 422477.494    0.00000   100%  42.5 1670s
 549348 223122 infeasible   79      422477.494    0.00000   100%  42.5 1675s
 551249 223957 infeasible   75      422477.494    0.00000   100%  42.5 1680s
 552754 224760 29837.5904   59  129 422477.494    0.00000   100%  42.5 1685s
 554813 225731 7229.16069   61  113 422477.494    0.00000   100%  42.5 1690s
 556147 226423 79234.0322   65  108 422477.494    0.00000   100%  42.5 1695s
 558003 227297 132904.325   70  107 422477.494    0.00000   100%  42.5 1700s
 559876 228115 37750.8763   60  118 422477.494    0.00000   100%  42.5 1705s
 561132 228615 409878.934   70  115 422477.494    0.00000   100%  42.5 1710s
 562714 229427 2476.60938   62  118 422477.494    0.00000   100%  42.6 1715s
 564537 230213 144561.861   68  108 422477.494    0.00000   100%  42.6 1720s
 566352 231085 166038.248   71  116 422477.494    0.00000   100%  42.6 1726s
 567558 231719     cutoff   78      422477.494    0.00000   100%  42.6 1730s
 569404 232751 16921.9829   63  117 422477.494    0.00000   100%  42.6 1735s
 571280 233603 53665.5840   61  117 422477.494    0.00000   100%  42.7 1740s
 572605 234200 5832.11200   65  103 422477.494    0.00000   100%  42.7 1745s
 574220 234851 334828.461   78  102 422477.494    0.00000   100%  42.7 1750s
 576254 235755 10642.5972   59  131 422477.494    0.00000   100%  42.7 1755s
 577666 236390 311052.040   72  120 422477.494    0.00000   100%  42.7 1760s
 579310 237213 147406.100   62  121 422477.494    0.00000   100%  42.7 1765s
 581163 238158 190541.331   66  111 422477.494    0.00000   100%  42.7 1770s
 582576 238878 144487.435   64  106 422477.494    0.00000   100%  42.7 1775s
 584163 239647 infeasible   71      422477.494    0.00000   100%  42.7 1780s
 586123 240494 infeasible   73      422477.494    0.00000   100%  42.7 1785s
 587356 241088 112965.808   64  116 422477.494    0.00000   100%  42.8 1790s
 589239 241930 337325.371   71   92 422477.494    0.00000   100%  42.8 1795s
 591098 242842 73439.4822   65  118 422477.494    0.00000   100%  42.8 1800s
 592434 243498 180904.653   69  106 422477.494    0.00000   100%  42.8 1805s
 594400 244355 37084.1729   59  124 422477.494    0.00000   100%  42.8 1810s
 596371 245380 216939.270   69  122 422477.494    0.00000   100%  42.8 1815s
 597403 245898 166283.381   63  123 422477.494    0.00000   100%  42.8 1820s
 599332 246716 35134.5412   59  122 422477.494    0.00000   100%  42.8 1825s
 601119 247452 261700.269   71  104 422477.494    0.00000   100%  42.8 1830s
 602858 248176 366437.756   78   95 422477.494    0.00000   100%  42.8 1835s
 604699 248974 44471.8440   61  119 422477.494    0.00000   100%  42.8 1840s
 606552 249730 10730.3550   62  123 422477.494    0.00000   100%  42.9 1845s
 607759 250273 84433.9489   70  114 422477.494    0.00000   100%  42.9 1850s
 610039 251160 126500.743   68  119 422477.494    0.00000   100%  42.8 1855s
 611836 251928     cutoff   67      422477.494    0.00000   100%  42.9 1860s
 612972 252462 313828.913   75   93 422477.494    0.00000   100%  42.9 1865s
 614870 253312     cutoff   70      422477.494    0.00000   100%  42.9 1870s
 616840 254213 355006.207   98   91 422477.494    0.00000   100%  42.9 1875s
 617598 254492  190.76143   63  116 422477.494    0.00000   100%  42.9 1880s
 619710 255455 187264.340   69  108 422477.494    0.00000   100%  42.9 1885s
 621354 256245 271943.660   81   81 422477.494    0.00000   100%  42.9 1890s
 623150 257075 410051.518   74  101 422477.494    0.00000   100%  42.9 1896s
 624549 257861 101690.523   66  105 422477.494    0.00000   100%  42.9 1900s
 626496 258622 88737.5352   68  116 422477.494    0.00000   100%  42.9 1905s
 628325 259367 197987.504   64  100 422477.494    0.00000   100%  42.9 1911s
 629622 259985 76741.3461   62  120 422477.494    0.00000   100%  42.9 1915s
 631529 260671 infeasible   72      422477.494    0.00000   100%  43.0 1920s
 633748 261612     cutoff   72      422477.494    0.00000   100%  43.0 1925s
 635673 262345 53368.9068   61  129 422477.494    0.00000   100%  43.0 1930s
 637589 263230 297848.802   69   94 422477.494    0.00000   100%  43.0 1935s
 638788 263727 410592.993   75  113 422477.494    0.00000   100%  43.0 1940s
 640646 264501 373414.110   71  110 422477.494    0.00000   100%  43.0 1945s
 642301 265253 24772.1031   67  125 422477.494    0.00000   100%  43.0 1950s
 643810 265897    0.00000   63  108 422477.494    0.00000   100%  43.0 1955s
 645698 266972 344508.625  142   80 422477.494    0.00000   100%  43.0 1960s
 647527 267777 380884.271   70  104 422477.494    0.00000   100%  43.0 1965s
 648858 268408    0.00000   56  114 422477.494    0.00000   100%  43.1 1970s
 650796 269219    0.00000   64  112 422477.494    0.00000   100%  43.1 1975s
 652256 269979     cutoff   82      422477.494    0.00000   100%  43.1 1980s
 653944 270634 181539.470   70   98 422477.494    0.00000   100%  43.1 1985s
 655067 271235 419549.556   72  106 422477.494    0.00000   100%  43.1 1990s
 656683 271891 323093.775   72  109 422477.494    0.00000   100%  43.2 1995s
 658593 272645     cutoff   85      422477.494    0.00000   100%  43.2 2000s
 660117 273203 245879.805   72  108 422477.494    0.00000   100%  43.2 2005s
 662002 273971 42948.5659   65  112 422477.494    0.00000   100%  43.2 2010s
 663993 274781 368630.953   86   87 422477.494    0.00000   100%  43.2 2015s
 664932 275117 153012.370   66  115 422477.494    0.00000   100%  43.2 2020s
 666921 275866     cutoff   77      422477.494    0.00000   100%  43.2 2025s
 668654 276542    0.00000   63  121 422477.494    0.00000   100%  43.2 2030s
 670343 277222 101912.358   68  114 422477.494    0.00000   100%  43.2 2035s
 672091 277907 infeasible   70      422477.494    0.00000   100%  43.2 2040s
 673778 278667 110573.595   71  102 422477.494    0.00000   100%  43.3 2045s
 675601 279350    0.00000   69  111 422477.494    0.00000   100%  43.3 2050s
 677486 280068 90589.7923   72  104 422477.494    0.00000   100%  43.3 2055s
 679381 280857 272499.701   63  114 422477.494    0.00000   100%  43.3 2060s
 680711 281467 17796.9048   64  125 422477.494    0.00000   100%  43.3 2065s
 682649 282312 88489.8407   61  109 422477.494    0.00000   100%  43.3 2070s
 684401 283108 21350.8892   69  108 422477.494    0.00000   100%  43.3 2075s
 686197 283900 9289.52188   64  114 422477.494    0.00000   100%  43.2 2080s
 688054 284664 256403.075   75   91 422477.494    0.00000   100%  43.3 2085s
 690102 285559     cutoff   65      422477.494    0.00000   100%  43.3 2091s
 691576 286242 76375.5764   67  123 422477.494    0.00000   100%  43.3 2095s
 693645 287163 48119.4785   66  106 422477.494    0.00000   100%  43.3 2100s
 695295 287845    0.00000   61  109 422477.494    0.00000   100%  43.3 2105s
 696738 288558 81434.1986   66  111 422477.494    0.00000   100%  43.3 2110s
 699022 289608 394150.468   81  100 422477.494    0.00000   100%  43.3 2115s
 700597 290160 105851.972   66  123 422477.494    0.00000   100%  43.3 2120s
 702163 290948 397334.694   90   89 422477.494    0.00000   100%  43.3 2125s
 704230 291880 100122.871   68  118 422477.494    0.00000   100%  43.3 2130s
 705677 292397 5327.78742   64  130 422477.494    0.00000   100%  43.3 2135s
 707273 293213 32395.9665   69  104 422477.494    0.00000   100%  43.3 2140s
 709264 294006 379753.985   78   99 422477.494    0.00000   100%  43.3 2145s
 710936 294530 380830.278   76  105 422477.494    0.00000   100%  43.3 2150s
 712374 295342    0.00000   65   90 422477.494    0.00000   100%  43.3 2155s
 714347 296120     cutoff   72      422477.494    0.00000   100%  43.3 2160s
 716101 296936    0.00000   66  121 422477.494    0.00000   100%  43.3 2165s
 717900 297801 17290.1992   65   99 422477.494    0.00000   100%  43.3 2170s
 719816 298710 151012.675   66  112 422477.494    0.00000   100%  43.3 2175s
 721272 299404 92238.8666   66  109 422477.494    0.00000   100%  43.3 2180s
 723223 300211 104784.642   68   94 422477.494    0.00000   100%  43.3 2185s
 724840 300890 99343.9474   67  110 422477.494    0.00000   100%  43.3 2190s
 726401 301439 25222.6890   61  132 422477.494    0.00000   100%  43.4 2195s
 727842 302126 390466.180   88   85 422477.494    0.00000   100%  43.4 2200s
 729704 302968 41260.9519   53  123 422477.494    0.00000   100%  43.4 2205s
 731426 303542 85480.1095   66  114 422477.494    0.00000   100%  43.4 2213s
 731739 303733 263370.709   68  106 422477.494    0.00000   100%  43.4 2215s
 733473 304563 66038.3065   61  113 422477.494    0.00000   100%  43.4 2220s
 735206 305329 118253.627   69  116 422477.494    0.00000   100%  43.4 2225s
 736709 306041 76184.3811   63   99 422477.494    0.00000   100%  43.4 2230s
 738745 306962 274120.741   69   99 422477.494    0.00000   100%  43.4 2235s
 740666 307880 141922.601   72  116 422477.494    0.00000   100%  43.4 2240s
 742097 308490 327937.077   72   93 422477.494    0.00000   100%  43.4 2245s
 743974 309351 9319.37653   66  118 422477.494    0.00000   100%  43.4 2250s
 745713 310178    0.00000   63  112 422477.494    0.00000   100%  43.5 2255s
 747342 310908    0.00000   65  122 422477.494    0.00000   100%  43.5 2260s
 749275 311706 10086.6658   67  112 422477.494    0.00000   100%  43.5 2265s
 751351 312598 84425.8750   71  111 422477.494    0.00000   100%  43.5 2270s
 752426 312996    0.00000   65  112 422477.494    0.00000   100%  43.5 2275s
 754418 313754 391223.347   73   83 422477.494    0.00000   100%  43.5 2280s
 756218 314555     cutoff   77      422477.494    0.00000   100%  43.5 2285s
 757707 315188 44595.0150   73  116 422477.494    0.00000   100%  43.5 2290s
 759735 316121 49654.4305   70  121 422477.494    0.00000   100%  43.5 2295s
 761570 316925 108734.726   76   99 422477.494    0.00000   100%  43.5 2300s
 762794 317517    0.00000   65  104 422477.494    0.00000   100%  43.5 2305s
 764678 318307 82217.2265   61  126 422477.494    0.00000   100%  43.5 2310s
 766466 319089 358376.332   79  103 422477.494    0.00000   100%  43.5 2315s
 767807 319782 340231.252   75   92 422477.494    0.00000   100%  43.5 2320s
 769705 320566     cutoff   79      422477.494    0.00000   100%  43.5 2325s
 771700 321341 296358.250   78   97 422477.494    0.00000   100%  43.5 2330s
 773068 321906 infeasible   80      422477.494    0.00000   100%  43.5 2335s
 774932 322799     cutoff   75      422477.494    0.00000   100%  43.5 2340s
 776518 323826    0.00000   61  117 422477.494    0.00000   100%  43.5 2345s
 778018 324327 82897.8915   59  122 422477.494    0.00000   100%  43.5 2351s
 778710 324769    0.00000   64   95 422477.494    0.00000   100%  43.5 2355s
 780475 325561    0.00000   53  109 422477.494    0.00000   100%  43.6 2360s
 782373 326623 79063.6746   58  122 422477.494    0.00000   100%  43.6 2365s
 783816 327216     cutoff   75      422477.494    0.00000   100%  43.6 2370s
 785571 327953    0.00000   62  108 422477.494    0.00000   100%  43.6 2375s
 787355 328735 295134.856   64  112 422477.494    0.00000   100%  43.6 2380s
 788495 329241 386626.458   82   86 422477.494    0.00000   100%  43.6 2385s
 790258 330047    0.00000   64  101 422477.494    0.00000   100%  43.6 2390s
 792244 330959 108043.182   64  101 422477.494    0.00000   100%  43.6 2395s
 793460 331597     cutoff   75      422477.494    0.00000   100%  43.6 2400s
 795384 332354 164421.323   67  119 422477.494    0.00000   100%  43.6 2405s
 797089 333195 94373.0836   68  107 422477.494    0.00000   100%  43.6 2410s
 798599 333778    0.00000   56  117 422477.494    0.00000   100%  43.6 2417s
 799119 334174 82248.6852   66  112 422477.494    0.00000   100%  43.6 2420s
 801092 335086     cutoff   77      422477.494    0.00000   100%  43.6 2425s
 803059 336043 326133.896   68  110 422477.494    0.00000   100%  43.6 2430s
 804370 336597 64696.8128   57  144 422477.494    0.00000   100%  43.5 2435s
 806363 337534 397787.101  152   78 422477.494    0.00000   100%  43.5 2440s
 808417 338330 69655.8330   69  111 422477.494    0.00000   100%  43.5 2445s
 808963 338472 202703.792   63  103 422477.494    0.00000   100%  43.5 2450s
 810884 339216 150596.637   73  110 422477.494    0.00000   100%  43.5 2455s
 812800 339923 400269.750   73  110 422477.494    0.00000   100%  43.5 2460s
 814452 340538 81366.3591   68  113 422477.494    0.00000   100%  43.5 2465s
 816353 341226 infeasible   77      422477.494    0.00000   100%  43.5 2470s
 818417 342054 313957.801   74   88 422477.494    0.00000   100%  43.5 2475s
 819468 342437 137023.414   67  121 422477.494    0.00000   100%  43.5 2480s
 821566 343340 96273.2242   68   98 422477.494    0.00000   100%  43.5 2485s
 823299 344019    0.00000   62  118 422477.494    0.00000   100%  43.6 2490s
 824323 344442 10575.1904   70  110 422477.494    0.00000   100%  43.6 2495s
H824512 340026                    414453.91408    0.00000   100%  43.6 2495s
 825981 340735 64406.9905   64  134 414453.914    0.00000   100%  43.6 2500s
 827864 341493 307264.554   64  105 414453.914    0.00000   100%  43.6 2505s
 829690 342187 192931.460   69  118 414453.914    0.00000   100%  43.6 2510s
 831528 342845 80748.8402   61  119 414453.914    0.00000   100%  43.6 2515s
 833128 343526 46889.4833   71  100 414453.914    0.00000   100%  43.6 2520s
 834824 344283 365526.849   71   94 414453.914    0.00000   100%  43.6 2525s
 836741 345053 383854.247   78   81 414453.914    0.00000   100%  43.6 2530s
 838443 345785 33987.0840   62  116 414453.914    0.00000   100%  43.6 2535s
 839861 346306 325254.554   68  104 414453.914    0.00000   100%  43.6 2540s
 841557 347008 229070.275   71   92 414453.914    0.00000   100%  43.6 2545s
 843319 347690     cutoff   79      414453.914    0.00000   100%  43.6 2550s
 845132 348605 239681.097   72  103 414453.914    0.00000   100%  43.6 2558s
 845631 348942     cutoff   77      414453.914    0.00000   100%  43.6 2560s
 847114 349655 125341.306   68  110 414453.914    0.00000   100%  43.6 2565s
H848778 350334                    414389.32255    0.00000   100%  43.7 2570s
 850648 351113 20527.8737   60  119 414389.323    0.00000   100%  43.7 2575s
 853579 352278 infeasible   76      414389.323    0.00000   100%  43.7 2580s
H855369 352993                    414389.28984    0.00000   100%  43.7 2584s
 855880 353227     cutoff   77      414389.290    0.00000   100%  43.7 2585s
H858411 354198                    414387.95982    0.00000   100%  43.8 2589s
 858702 354298 316792.466   74   91 414387.960    0.00000   100%  43.8 2590s
H859417 354216                    413723.78729    0.00000   100%  43.8 2591s
H859559 354367                    413723.77289    0.00000   100%  43.8 2592s
H859700 354367                    413723.71545    0.00000   100%  43.8 2592s
H860049 354495                    413723.66920    0.00000   100%  43.8 2592s
 860653 354798 356019.355   72   98 413723.669    0.00000   100%  43.8 2595s
H861252 355057                    413723.39956    0.00000   100%  43.8 2597s
H861814 355274                    413722.61381    0.00000   100%  43.8 2598s
 862465 355541 3060.88448   63  115 413722.614    0.00000   100%  43.8 2600s
 864006 356155     cutoff   77      413722.614    0.00000   100%  43.8 2605s
 865802 356761 379492.891   72  107 413722.614    0.00000   100%  43.8 2610s
 867242 357397 267562.673   72  100 413722.614    0.00000   100%  43.8 2615s
 869267 358184 279478.877   72   94 413722.614    0.00000   100%  43.8 2620s
 870831 358851 50350.9539   61  114 413722.614    0.00000   100%  43.8 2625s
 872518 359651    0.00000   54  111 413722.614    0.00000   100%  43.8 2630s
 874356 360407 18231.3352   65  117 413722.614    0.00000   100%  43.8 2635s
H874718 360460                    413720.22244    0.00000   100%  43.8 2636s
H874719 359947                    412682.12964    0.00000   100%  43.8 2636s
H874828 359883                    412544.19238    0.00000   100%  43.8 2637s
 875810 360298 14842.6862   61  124 412544.192    0.00000   100%  43.8 2640s
 876757 360672    0.00000   70  116 412544.192    0.00000   100%  43.8 2645s
 878533 361413 23301.1696   67  117 412544.192    0.00000   100%  43.8 2650s
 880429 362179 50051.8268   66  100 412544.192    0.00000   100%  43.8 2655s
 881904 362772    0.00000   60  110 412544.192    0.00000   100%  43.8 2660s
 883619 363719 144955.724   62  108 412544.192    0.00000   100%  43.9 2665s
 885549 364693 363516.161   73   82 412544.192    0.00000   100%  43.9 2670s
 886801 365386 307729.747   71   94 412544.192    0.00000   100%  43.9 2675s
 888501 366250 140519.181   63  121 412544.192    0.00000   100%  43.9 2680s
 890895 367230 290103.275   70   94 412544.192    0.00000   100%  43.9 2685s
 892398 367946    0.00000   64  106 412544.192    0.00000   100%  43.9 2690s
 894212 368741     cutoff   73      412544.192    0.00000   100%  43.9 2695s
 895723 369479    0.00000   61  124 412544.192    0.00000   100%  44.0 2700s
 897278 370262 1391.48931   65  116 412544.192    0.00000   100%  44.0 2705s
 899097 370983    0.00000   64  106 412544.192    0.00000   100%  44.0 2710s
 900948 371792 352810.868  118   84 412544.192    0.00000   100%  44.0 2715s
 902375 372257 117127.890   67  113 412544.192    0.00000   100%  44.0 2720s
 904237 372929 311257.964   73  109 412544.192    0.00000   100%  44.0 2725s
 906048 373537 195610.103   65  108 412544.192    0.00000   100%  44.0 2730s
 907125 373936 115814.796   70  111 412544.192    0.00000   100%  44.0 2735s
 908616 374476 31474.1651   70  116 412544.192    0.00000   100%  44.0 2740s
 910475 375158 280581.413   76   99 412544.192    0.00000   100%  44.0 2745s
 912332 375838 84526.2996   68   99 412544.192    0.00000   100%  44.0 2751s
 913747 376473 291919.821   80   86 412544.192    0.00000   100%  44.0 2755s
 915450 377107 23375.6990   61  110 412544.192    0.00000   100%  44.1 2760s
 917326 377807     cutoff   76      412544.192    0.00000   100%  44.1 2765s
 918794 378380 infeasible   80      412544.192    0.00000   100%  44.1 2770s
 920646 379012 8312.56903   66  103 412544.192    0.00000   100%  44.1 2775s
 922414 379614     cutoff   76      412544.192    0.00000   100%  44.1 2780s
 923725 380005    0.00000   64  118 412544.192    0.00000   100%  44.1 2785s
 925509 380568 364152.338   70  114 412544.192    0.00000   100%  44.1 2790s
 927241 381231 79887.9268   63  121 412544.192    0.00000   100%  44.1 2795s
 928548 381775 81618.9888   63  119 412544.192    0.00000   100%  44.2 2800s
 930211 382423    0.00000   63  112 412544.192    0.00000   100%  44.2 2805s
 931937 383104  607.35159   70  108 412544.192    0.00000   100%  44.2 2810s
 932890 383373 33116.8786   64  109 412544.192    0.00000   100%  44.2 2815s
 934448 384024 111915.564   65   98 412544.192    0.00000   100%  44.2 2820s
 935920 384521 152296.213   63  120 412544.192    0.00000   100%  44.2 2825s
 937781 385188 340675.227   72  102 412544.192    0.00000   100%  44.2 2830s
 938686 385532 infeasible   74      412544.192    0.00000   100%  44.2 2835s
 940617 386201 212490.551   69  111 412544.192    0.00000   100%  44.2 2840s
 942555 386894 219771.381   68  108 412544.192    0.00000   100%  44.2 2845s
H943352 386190                    410805.66703    0.00000   100%  44.3 2848s
 943777 386481 137961.174   71   90 410805.667    0.00000   100%  44.3 2850s
 945396 387003     cutoff   74      410805.667    0.00000   100%  44.3 2855s
 947120 387841 293481.305   68  108 410805.667    0.00000   100%  44.3 2860s
 948532 388248 397639.292   77  109 410805.667    0.00000   100%  44.3 2865s
H948639 388241                    410797.79102    0.00000   100%  44.3 2865s
 950203 388934 12503.3627   71  110 410797.791    0.00000   100%  44.3 2870s
 951936 389631 226568.808   75  103 410797.791    0.00000   100%  44.3 2875s
 953681 390348 9881.01502   64  106 410797.791    0.00000   100%  44.3 2880s
 955123 391014 223960.266   71   89 410797.791    0.00000   100%  44.3 2885s
 956725 391741 infeasible   72      410797.791    0.00000   100%  44.3 2890s
 958253 392423     cutoff   66      410797.791    0.00000   100%  44.4 2895s
 959649 392885 150108.349   67  112 410797.791    0.00000   100%  44.4 2900s
 961510 393475 380989.578   76   90 410797.791    0.00000   100%  44.4 2906s
H961537 392922                    409805.74449    0.00000   100%  44.4 2906s
 963320 393567 313846.188   73  109 409805.744    0.00000   100%  44.4 2910s
 964818 394129    0.00000   63   97 409805.744    0.00000   100%  44.4 2915s
 966695 394759 68386.8385   67  107 409805.744    0.00000   100%  44.4 2920s
 968224 395305 infeasible   74      409805.744    0.00000   100%  44.4 2925s
 969541 395760 374231.088   67   97 409805.744    0.00000   100%  44.4 2930s
 971146 396375 30244.5037   60  140 409805.744    0.00000   100%  44.4 2935s
 972807 396934 142639.131   67  116 409805.744    0.00000   100%  44.5 2940s
 974435 397453 104375.464   71  118 409805.744    0.00000   100%  44.5 2946s
 975261 397856 infeasible   73      409805.744    0.00000   100%  44.5 2950s
 976744 398422 219806.054   72  104 409805.744    0.00000   100%  44.5 2955s
 978562 399079    0.00000   63  111 409805.744    0.00000   100%  44.5 2960s
H979507 399152                    409511.39508    0.00000   100%  44.5 2964s
 979619 399341     cutoff   70      409511.395    0.00000   100%  44.5 2965s
 981695 400259 356516.689   77   88 409511.395    0.00000   100%  44.5 2970s
 983106 400788     cutoff   71      409511.395    0.00000   100%  44.5 2975s
 984681 401315    0.00000   60  124 409511.395    0.00000   100%  44.5 2980s
 985993 401811 307780.108   75   91 409511.395    0.00000   100%  44.5 2985s
 987528 402493 406969.097  155   74 409511.395    0.00000   100%  44.6 2990s
 989442 403184    0.00000   65  110 409511.395    0.00000   100%  44.6 2995s
 990410 403671 373154.032   73  108 409511.395    0.00000   100%  44.6 3000s
 992262 404170 368936.738   68  100 409511.395    0.00000   100%  44.6 3005s
 993438 404717 116741.450   68  102 409511.395    0.00000   100%  44.6 3010s
 995260 405444    0.00000   66  114 409511.395    0.00000   100%  44.6 3015s
 996811 405952 144655.144   66  125 409511.395    0.00000   100%  44.6 3020s
 998371 406534 303439.389   70   96 409511.395    0.00000   100%  44.6 3025s
 1000128 407053     cutoff   73      409511.395    0.00000   100%  44.7 3030s
 1002087 408118 193882.821   65  111 409511.395    0.00000   100%  44.6 3035s
 1003882 408811 infeasible   70      409511.395    0.00000   100%  44.7 3040s
 1005326 409227    0.00000   60  119 409511.395    0.00000   100%  44.7 3046s
 1006109 409624     cutoff   73      409511.395    0.00000   100%  44.7 3050s
 1007743 410259 340686.761   74   99 409511.395    0.00000   100%  44.7 3055s
 1009489 410908 226658.042   68  106 409511.395    0.00000   100%  44.7 3060s
 1011197 411551 136469.595   62  133 409511.395    0.00000   100%  44.7 3065s
 1012706 412134 116025.266   62  107 409511.395    0.00000   100%  44.7 3070s
 1014518 412825 160818.264   68  106 409511.395    0.00000   100%  44.7 3075s
 1016144 413577 318365.793   71  104 409511.395    0.00000   100%  44.7 3080s
 1017749 414197 324546.175   67   86 409511.395    0.00000   100%  44.7 3085s
 1019603 414939 299415.385   66  100 409511.395    0.00000   100%  44.8 3090s
 1021344 415594     cutoff   68      409511.395    0.00000   100%  44.8 3095s
 1023707 416644 6477.49516   59  117 409511.395    0.00000   100%  44.8 3100s
 1025721 417569 208650.295   63  109 409511.395    0.00000   100%  44.8 3105s
 1027464 418297 183827.881   69  106 409511.395    0.00000   100%  44.8 3110s
 1029114 418972 210535.975   65  110 409511.395    0.00000   100%  44.8 3115s
 1031015 419743 350732.713   70  107 409511.395    0.00000   100%  44.8 3120s
 1032411 420350     cutoff   68      409511.395    0.00000   100%  44.8 3125s
 1034271 421145 64338.1402   61  117 409511.395    0.00000   100%  44.8 3130s
 1035763 421779 61890.4330   63  127 409511.395    0.00000   100%  44.8 3135s
 1037556 422616 83590.1818   59  111 409511.395    0.00000   100%  44.8 3140s
 1039012 423277 231165.357   67  116 409511.395    0.00000   100%  44.8 3145s
 1040987 424129 2691.50008   62  131 409511.395    0.00000   100%  44.8 3150s
 1042117 424727     cutoff   66      409511.395    0.00000   100%  44.8 3155s
 1043838 425503 122421.135   62  128 409511.395    0.00000   100%  44.8 3160s
H1045265 426050                    409511.25781    0.00000   100%  44.8 3163s
H1045589 426161                    409504.71500    0.00000   100%  44.8 3164s
 1045700 426278     cutoff   72      409504.715    0.00000   100%  44.8 3165s
 1047135 426946    0.00000   60   95 409504.715    0.00000   100%  44.8 3170s
 1049025 427821 29610.0590   64  115 409504.715    0.00000   100%  44.8 3175s
 1050756 428702 391754.614  109   83 409504.715    0.00000   100%  44.8 3180s
 1052489 429481 31796.2645   60  139 409504.715    0.00000   100%  44.8 3185s
 1054154 430199     cutoff   70      409504.715    0.00000   100%  44.8 3190s
 1055901 430996 37060.0732   55  137 409504.715    0.00000   100%  44.9 3195s
 1057266 431534 379273.730   73  108 409504.715    0.00000   100%  44.9 3200s
H1057284 431282                    409154.88156    0.00000   100%  44.9 3200s
 1058551 431864 99579.2923   66  119 409154.882    0.00000   100%  44.9 3205s
 1060505 432732 313282.281   70   98 409154.882    0.00000   100%  44.9 3210s
 1062455 433445 326448.914   67  110 409154.882    0.00000   100%  44.9 3216s
 1063844 434039     cutoff   64      409154.882    0.00000   100%  44.9 3220s
 1065737 434809     cutoff   72      409154.882    0.00000   100%  44.9 3225s
 1067732 435457 93112.5878   65  114 409154.882    0.00000   100%  44.9 3232s
 1068825 435914 389838.256   75  106 409154.882    0.00000   100%  44.9 3235s
H1069992 436334                    409149.07341    0.00000   100%  44.9 3239s
H1070083 436334                    409147.19833    0.00000   100%  44.9 3239s
 1070155 436457 190327.474   67  114 409147.198    0.00000   100%  44.9 3240s
H1070182 435631                    408074.97293    0.00000   100%  44.9 3240s
 1071950 436421 45716.4224   62  122 408074.973    0.00000   100%  44.9 3245s
 1073630 437084 56635.0138   65  125 408074.973    0.00000   100%  44.9 3250s
 1075533 437741 49310.1881   61  129 408074.973    0.00000   100%  44.9 3255s
 1077564 438598 174823.671   68  114 408074.973    0.00000   100%  44.9 3260s
 1078414 438997 344046.661   74   96 408074.973    0.00000   100%  44.9 3265s
 1080137 439714 13060.4065   65  103 408074.973    0.00000   100%  44.9 3270s
 1081806 440509 251142.318   70  100 408074.973    0.00000   100%  44.9 3275s
 1083366 441130 118441.734   64  107 408074.973    0.00000   100%  44.9 3280s
 1085132 441889     cutoff   70      408074.973    0.00000   100%  44.9 3285s
 1087117 442771    0.00000   56  115 408074.973    0.00000   100%  44.9 3290s
 1088557 443349 61511.4504   63  119 408074.973    0.00000   100%  44.9 3295s
 1090355 444043 137482.085   64  110 408074.973    0.00000   100%  44.9 3300s
 1092270 444961  607.35214   64  104 408074.973    0.00000   100%  44.9 3305s
 1093681 445528 348133.355   72   91 408074.973    0.00000   100%  44.9 3310s
 1095449 446250 163994.824   61  114 408074.973    0.00000   100%  44.9 3315s
 1097333 447144 78012.2143   66  120 408074.973    0.00000   100%  44.9 3320s
 1098848 447729 295960.832   66  114 408074.973    0.00000   100%  44.9 3325s
 1100802 448541 127028.427   60  122 408074.973    0.00000   100%  44.9 3330s
 1102629 449161 69397.8070   61  117 408074.973    0.00000   100%  44.9 3335s
 1103968 449738 21694.3047   69  104 408074.973    0.00000   100%  44.9 3340s
 1105915 450489 390529.760   70  102 408074.973    0.00000   100%  44.9 3345s
 1107892 451364 41434.9483   57  129 408074.973    0.00000   100%  44.9 3350s
 1109672 452115     cutoff   72      408074.973    0.00000   100%  44.9 3355s
 1111431 452878 25092.9561   65  114 408074.973    0.00000   100%  44.9 3360s
 1112992 453600 244126.298   73  106 408074.973    0.00000   100%  44.9 3365s
 1114719 454315    0.00000   58  118 408074.973    0.00000   100%  44.9 3370s
 1117317 455375     cutoff   74      408074.973    0.00000   100%  45.0 3375s
 1119047 456078     cutoff   77      408074.973    0.00000   100%  45.0 3380s
 1120250 456503 172575.054   61  109 408074.973    0.00000   100%  45.0 3385s
 1122082 457343     cutoff   78      408074.973    0.00000   100%  45.0 3390s
 1123752 458055 335582.519   78   92 408074.973    0.00000   100%  45.0 3395s
 1125479 458772     cutoff   76      408074.973    0.00000   100%  45.0 3400s
 1127375 459661 28013.0713   72  106 408074.973    0.00000   100%  45.0 3405s
 1129238 460491 268693.766   76  100 408074.973    0.00000   100%  45.0 3410s
 1130714 461169 135793.872   66  110 408074.973    0.00000   100%  45.0 3415s
 1132622 461975 162434.628   71  119 408074.973    0.00000   100%  45.0 3420s
 1134358 462768 372374.457   72  102 408074.973    0.00000   100%  45.0 3425s
 1135732 463365     cutoff   79      408074.973    0.00000   100%  45.0 3430s
 1137723 464260 71884.5138   63  122 408074.973    0.00000   100%  45.0 3435s
 1139521 465012 282488.164   71   99 408074.973    0.00000   100%  45.0 3440s
 1141126 465623 55490.5843   60  120 408074.973    0.00000   100%  45.0 3445s
 1143250 466462 359038.622   70  114 408074.973    0.00000   100%  45.0 3450s
 1144993 467127    0.00000   60  109 408074.973    0.00000   100%  45.0 3455s
 1146334 467693 147524.359   62  129 408074.973    0.00000   100%  45.0 3460s
 1148046 468367 11656.3894   66  114 408074.973    0.00000   100%  45.0 3465s
H1149138 468532                    407838.96386    0.00000   100%  45.0 3467s
 1149885 468921    0.00000   65  119 407838.964    0.00000   100%  45.0 3470s
 1151298 469424 infeasible   69      407838.964    0.00000   100%  45.0 3475s
H1152107 469645                    407838.96220    0.00000   100%  45.0 3477s
 1153001 470054    0.00000   65  126 407838.962    0.00000   100%  45.0 3480s
 1154766 470888    0.00000   58  127 407838.962    0.00000   100%  45.0 3485s
 1156183 471464 117789.288   73  108 407838.962    0.00000   100%  45.0 3490s
H1156319 471462                    407833.63492    0.00000   100%  45.0 3490s
H1157027 471784                    407814.56833    0.00000   100%  45.0 3492s
 1158002 472090 108625.010   72   99 407814.568    0.00000   100%  45.0 3495s
 1159842 472802 24047.3780   65  117 407814.568    0.00000   100%  45.0 3500s
 1160964 473231    0.00000   61  105 407814.568    0.00000   100%  45.0 3505s
 1162690 473999 18823.7397   62  116 407814.568    0.00000   100%  45.0 3510s
 1164634 474773 60302.9675   57  135 407814.568    0.00000   100%  45.0 3515s
 1166180 475347     cutoff   70      407814.568    0.00000   100%  45.0 3522s
 1167080 475875     cutoff   73      407814.568    0.00000   100%  45.0 3525s
 1168967 476652 287881.795   76  101 407814.568    0.00000   100%  45.0 3530s
 1170233 477209 64858.0292   63  118 407814.568    0.00000   100%  45.1 3535s
 1171772 477881 15206.5159   63  126 407814.568    0.00000   100%  45.1 3540s
 1173786 478738 180901.534   67  119 407814.568    0.00000   100%  45.1 3545s
 1175656 479534 155721.732   64  112 407814.568    0.00000   100%  45.1 3550s
 1177147 480169    0.00000   59  110 407814.568    0.00000   100%  45.1 3555s
 1179019 481060 210709.214   66   97 407814.568    0.00000   100%  45.1 3560s
 1181008 481773 23978.1372   61  117 407814.568    0.00000   100%  45.1 3565s
 1182141 482182 184470.114   70  104 407814.568    0.00000   100%  45.1 3570s
 1184433 483029     cutoff   71      407814.568    0.00000   100%  45.1 3575s
 1186278 483746 87329.6294   62  119 407814.568    0.00000   100%  45.1 3580s
 1187885 484501    0.00000   61  118 407814.568    0.00000   100%  45.1 3585s
 1189650 485278    0.00000   62  122 407814.568    0.00000   100%  45.1 3590s
 1191326 485972     cutoff   71      407814.568    0.00000   100%  45.1 3595s
 1192919 486532 79267.9726   61  126 407814.568    0.00000   100%  45.1 3600s

Cutting planes:
  Gomory: 5
  Implied bound: 1
  MIR: 23
  Flow cover: 1
  RLT: 12
  Relax-and-lift: 3

Explored 1193137 nodes (53795922 simplex iterations) in 3600.01 seconds (2520.98 work units)
Thread count was 2 (of 24 available processors)

Solution count 10: 407815 407834 407839 ... 410798

Time limit reached
Best objective 4.078145683303e+05, best bound 0.000000000000e+00, gap 100.0000%
