
Gurobi 11.0.3 (linux64, Java) logging started qua 27 nov 2024 23:24:21 -03

Set parameter Username
Academic license - for non-commercial use only - expires 2025-10-10
Set parameter NonConvex to value 2
Set parameter TimeLimit to value 3600
Set parameter LogToConsole to value 0
Set parameter MIPGap to value 2.3060879868461677e-07
Set parameter Threads to value 2
Set parameter NodefileDir to value "/home/ps12398/experiment_hosp/goalProgrammingMarcos/"
Set parameter NodefileStart to value 1
Gurobi Optimizer version 11.0.3 build v11.0.3rc0 (linux64)

CPU model: Intel(R) Xeon(R) CPU           X5650  @ 2.67GHz, instruction set [SSE2]
Thread count: 12 physical cores, 24 logical processors, using up to 2 threads

Optimize a model with 8098 rows, 5573 columns and 26595 nonzeros
Model fingerprint: 0x5f7f0710
Model has 57 quadratic constraints
Variable types: 2762 continuous, 2811 integer (52 binary)
Coefficient statistics:
  Matrix range     [2e-02, 8e+05]
  QMatrix range    [2e-02, 3e+04]
  QLMatrix range   [1e+00, 3e+04]
  Objective range  [1e+00, 9e+06]
  Bounds range     [1e+00, 1e+08]
  RHS range        [1e+00, 2e+06]
  QRHS range       [1e-02, 1e-02]
Presolve removed 7755 rows and 5222 columns
Presolve time: 0.04s
Presolved: 801 rows, 489 columns, 6911 nonzeros
Presolved model has 52 bilinear constraint(s)

Solving non-convex MIQCP

Variable types: 196 continuous, 293 integer (43 binary)
Found heuristic solution: objective 3517986.0598

Root relaxation: objective 0.000000e+00, 188 iterations, 0.00 seconds (0.00 work units)

    Nodes    |    Current Node    |     Objective Bounds      |     Work
 Expl Unexpl |  Obj  Depth IntInf | Incumbent    BestBd   Gap | It/Node Time

     0     0    0.00000    0   97 3517986.06    0.00000   100%     -    0s
H    0     0                    2103172.6049    0.00000   100%     -    0s
H    0     0                    2074123.4626    0.00000   100%     -    0s
     0     0    0.00000    0  201 2074123.46    0.00000   100%     -    0s
     0     0    0.00000    0  160 2074123.46    0.00000   100%     -    0s
     0     0    0.00000    0  159 2074123.46    0.00000   100%     -    0s
     0     0    0.00000    0  188 2074123.46    0.00000   100%     -    0s
     0     0    0.00000    0  121 2074123.46    0.00000   100%     -    0s
     0     0    0.00000    0  143 2074123.46    0.00000   100%     -    0s
H    0     0                    1619623.2199    0.00000   100%     -    0s
     0     0    0.00000    0  137 1619623.22    0.00000   100%     -    0s
     0     0    0.00000    0  115 1619623.22    0.00000   100%     -    0s
H    0     0                    1619389.8485    0.00000   100%     -    0s
     0     0    0.00000    0  127 1619389.85    0.00000   100%     -    0s
     0     0    0.00000    0  130 1619389.85    0.00000   100%     -    0s
H    0     0                    1508667.0493    0.00000   100%     -    0s
     0     0    0.00000    0  127 1508667.05    0.00000   100%     -    0s
     0     0    0.00000    0  130 1508667.05    0.00000   100%     -    0s
     0     0    0.00000    0  127 1508667.05    0.00000   100%     -    0s
H    0     2                    1461548.5036    0.00000   100%     -    0s
     0     2    0.00000    0  119 1461548.50    0.00000   100%     -    0s
H   35    40                    1443362.4732    0.00000   100%   126    1s
H  245   303                    1273956.4578    0.00000   100%  41.8    2s
H  256   303                    1107738.1709    0.00000   100%  40.4    2s
H  444   520                    941891.78861    0.00000   100%  25.8    2s
H  939   985                    915693.37603    0.00000   100%  14.5    2s
H  992   985                    911833.09438    0.00000   100%  13.9    2s
H 1074  1114                    906911.44747    0.00000   100%  13.3    3s
H 1190  1174                    892124.70350    0.00000   100%  12.7    3s
H 1242  1253                    834751.88233    0.00000   100%  12.9    3s
  1567  1480 369487.292   36   88 834751.882    0.00000   100%  12.6    5s
  1592  1498 104066.996   27   99 834751.882    0.00000   100%  15.5   10s
  1609  1510 779971.216  319   78 834751.882    0.00000   100%  19.6   15s
H 1801  1640                    769687.22406    0.00000   100%  27.5   18s
  2368  1928 101590.680   52  117 769687.224    0.00000   100%  25.7   20s
H 4951  3493                    765261.13470    0.00000   100%  20.6   24s
H 4985  3382                    753289.87078    0.00000   100%  20.5   24s
  5110  3430 585835.789  117   60 753289.871    0.00000   100%  20.2   25s
H 5727  3556                    733111.36622    0.00000   100%  20.8   26s
H 5921  2352                    668817.37500    0.00000   100%  20.7   27s
H 5988  2070                    627739.94385    0.00000   100%  20.5   27s
H 6212  2103                    624122.41315    0.00000   100%  20.0   27s
H 6309  2101                    622794.87430    0.00000   100%  19.8   27s
H 6697  2369                    622427.73338    0.00000   100%  19.2   28s
H 6883  2549                    622427.61123    0.00000   100%  20.2   29s
H 7073  2641                    622427.28638    0.00000   100%  20.2   29s
  7338  2832 441579.665   79   87 622427.286    0.00000   100%  21.8   30s
H 8973  4419                    618555.69804    0.00000   100%  21.6   32s
H 9987  4677                    600354.08865    0.00000   100%  19.8   33s
H10716  4626                    583441.51781    0.00000   100%  19.5   34s
H10928  4748                    583440.22158    0.00000   100%  20.2   34s
H11159  4651                    570622.45824    0.00000   100%  20.8   35s
H12311  5402                    570381.36764    0.00000   100%  22.6   37s
H12695  5489                    551833.34430    0.00000   100%  23.7   37s
H13048  4327                    506477.51635    0.00000   100%  24.3   38s
H13491  4048                    478360.36385    0.00000   100%  23.8   38s
H13588  3980                    469418.67926    0.00000   100%  23.7   38s
H13743  4294                    468986.94777    0.00000   100%  23.7   39s
H14013  4486                    459843.76113    0.00000   100%  23.5   39s
 14238  4751 4409.41745   53  124 459843.761    0.00000   100%  23.2   40s
 17563  7417 381213.786   82   66 459843.761    0.00000   100%  23.4   45s
H19031  8183                    459746.22449    0.00000   100%  26.1   48s
H19232  8274                    459746.11919    0.00000   100%  26.4   48s
H19429  8367                    459650.18599    0.00000   100%  26.6   48s
H19968  8896                    459650.17988    0.00000   100%  28.0   50s
*20318  8936             249    453728.56259    0.00000   100%  28.1   51s
*20329  8936             252    453728.32306    0.00000   100%  28.1   51s
*20330  8936             250    453719.38582    0.00000   100%  28.1   51s
 22171 10098     cutoff   74      453719.386    0.00000   100%  30.8   55s
H23453 10851                    453719.06032    0.00000   100%  32.3   58s
 24015 11235  305.26132   40  141 453719.060    0.00000   100%  33.3   60s
H24110 11235                    453718.96374    0.00000   100%  33.4   60s
 25337 12105 273473.685   59  109 453718.964    0.00000   100%  33.7   65s
 26857 13181 infeasible   52      453718.964    0.00000   100%  35.4   70s
 28485 14185    0.00000   57  119 453718.964    0.00000   100%  36.7   75s
 30365 15279 193340.916   56  100 453718.964    0.00000   100%  37.4   80s
H30540 15370                    453717.30409    0.00000   100%  37.6   81s
 31641 16098     cutoff   59      453717.304    0.00000   100%  39.0   85s
H31728 15595                    438324.53669    0.00000   100%  39.1   85s
 33270 16603 102126.783   53  125 438324.537    0.00000   100%  40.2   90s
 34938 17618 328043.139   61  103 438324.537    0.00000   100%  41.9   95s
 35859 18214 407990.214   85   80 438324.537    0.00000   100%  42.6  100s
 37437 19094  305.26132   47  106 438324.537    0.00000   100%  43.9  105s
 39082 19998 80322.6914   46  119 438324.537    0.00000   100%  45.2  110s
 40553 20899     cutoff   84      438324.537    0.00000   100%  46.3  117s
 41391 21365 389369.650   73   88 438324.537    0.00000   100%  46.9  120s
 43055 22335 97077.7824   50  117 438324.537    0.00000   100%  48.0  125s
 44330 23033 197224.936   60  100 438324.537    0.00000   100%  48.8  130s
H44721 23257                    438323.03843    0.00000   100%  49.1  132s
 45553 23732 279754.368   62   95 438323.038    0.00000   100%  49.5  135s
 47006 24498 218707.329   57  102 438323.038    8.24418   100%  50.4  140s
 48631 25533     cutoff   67      438323.038  214.94811   100%  50.9  145s
 50421 26626     cutoff   60      438323.038  305.26132   100%  51.3  150s
 51423 27110 152123.764   52  104 438323.038  305.26132   100%  51.4  155s
 53240 28060 18026.6405   49  140 438323.038  305.26132   100%  52.1  160s
 54897 28870 97366.0872   56  104 438323.038  305.26132   100%  52.5  165s
 57180 30228     cutoff   69      438323.038  305.26132   100%  52.4  170s
 58733 30954  305.26132   60  114 438323.038  305.26132   100%  52.5  175s
 60537 31844 345881.037   63  103 438323.038  305.26132   100%  52.9  180s
H61501 29541                    404456.19129  305.26132   100%  53.0  183s
H61640 29669                    404454.54739  305.26132   100%  53.0  184s
 61889 29817     cutoff   57      404454.547  305.26132   100%  52.9  185s
H62843 30141                    404454.44899  305.26132   100%  53.2  188s
 63527 30481 269170.773   60   97 404454.449  305.26132   100%  53.4  190s
 65288 31433 250236.273   60  105 404454.449  305.26132   100%  53.4  195s
 66783 32089 infeasible   56      404454.449  305.26132   100%  53.4  200s
H68257 32673                    404357.43173  305.26132   100%  53.8  204s
 68430 32855 182686.158   54   97 404357.432  305.26132   100%  53.8  205s
H69690 33384                    404355.83531  305.26132   100%  54.0  208s
 70319 33704 353876.785   61   95 404355.835  305.26132   100%  54.0  210s
H71356 34092                    404277.77181  305.26132   100%  54.1  213s
 71790 34259 8968.36295   51  116 404277.772  305.26132   100%  54.2  215s
H71919 34450                    404276.14408  305.26132   100%  54.2  216s
 73368 35095 201088.173   59  112 404276.144  305.26132   100%  54.2  220s
 74964 35848 49858.5493   53  101 404276.144  305.26132   100%  54.3  225s
H76705 36553                    404198.91814  305.26132   100%  54.8  230s
H76990 36592                    404197.25880  305.26132   100%  54.8  232s
 77899 36990 384229.685   66  108 404197.259  305.26132   100%  55.1  235s
 79543 37834 29634.4878   54  110 404197.259  319.90964   100%  55.3  240s
H80375 37811                    399061.14342  403.47032   100%  55.3  242s
H80700 38056                    399060.88475  403.47032   100%  55.4  243s
 81155 38328 186912.310   60  115 399060.885  403.47032   100%  55.5  245s
 82420 39005  837.12014   49  132 399060.885  526.03413   100%  55.6  250s
H82536 39003                    398981.83014  526.03413   100%  55.6  250s
H83187 39379                    398981.58385  526.03413   100%  55.6  252s
 84054 39831 19059.6850   50  144 398981.584  526.03413   100%  55.7  255s
H84947 40020                    395375.83346  714.55633   100%  55.8  257s
H85753 40294                    395375.58717  714.55633   100%  55.8  259s
 85864 40407 193042.969   61   92 395375.587  714.55633   100%  55.8  260s
H86437 40122                    391149.62507  723.12134   100%  55.9  261s
H86549 40228                    391149.37878  723.12134   100%  55.9  262s
 87344 40600 264848.074   61  106 391149.379  837.12014   100%  55.9  265s
 89279 41463 12790.7660   55  119 391149.379  837.12014   100%  56.0  270s
 91012 42272 234199.955   65   94 391149.379  892.89107   100%  56.0  275s
 92460 43023 1073.43766   55  131 391149.379  892.89107   100%  56.0  280s
 94208 43890 106080.452   52  118 391149.379 1025.64235   100%  56.0  285s
 95643 44580 126617.072   57  115 391149.379 1073.43766   100%  56.1  290s
 97527 45263 109027.790   54  128 391149.379 1073.43766   100%  55.9  295s
 99074 46029 179486.115   63  129 391149.379 1134.30805   100%  55.9  300s
H99466 46169                    391149.22533 1366.26736   100%  55.8  302s
 100248 46617 89260.8061   46  143 391149.225 1404.72065   100%  56.0  305s
 102005 47364 112620.742   54  135 391149.225 1419.36897   100%  56.2  310s
H102870 47733                    391144.92296 1481.58788   100%  56.2  314s
 103240 47939 114457.643   61  125 391144.923 1609.15850   100%  56.3  315s
 104873 48863 2368.80375   52  138 391144.923 1723.43604   100%  56.4  320s
 106725 49959 9293.06992   57  117 391144.923 1723.43604   100%  56.6  325s
 107958 50557     cutoff   60      391144.923 1723.43604   100%  56.7  330s
 110028 51497 263031.792   54  144 391144.923 1834.05764   100%  57.0  335s
 112670 52739 143164.120   60  114 391144.923 1955.65701   100%  57.2  340s
 114946 53645 250783.627   62  101 391144.923 1955.65701   100%  57.5  345s
 117264 54664 3682.52631   50  126 391144.923 1972.23152  99.5%  57.7  350s
 119307 55472     cutoff   63      391144.923 2015.97130  99.5%  58.0  355s
 122066 56763 infeasible   57      391144.923 2233.76738  99.4%  58.0  360s
 123771 57493 101721.172   53  130 391144.923 2368.80375  99.4%  58.1  365s
 125516 58274 13110.8355   59  110 391144.923 2368.80375  99.4%  58.1  370s
 127469 59196 infeasible   72      391144.923 2368.80375  99.4%  58.2  375s
H128381 59398                    390620.44184 2368.80375  99.4%  58.3  379s
 128433 59530 110655.438   55  122 390620.442 2368.80375  99.4%  58.3  380s
 130382 60480 33349.1299   55  100 390620.442 2368.80375  99.4%  58.3  385s
 131915 61233 89905.5989   62   96 390620.442 2368.80375  99.4%  58.4  390s
 133308 61801 110214.705   68  110 390620.442 2368.80375  99.4%  58.5  395s
 134798 62446 354539.452   64  106 390620.442 2368.80375  99.4%  58.7  400s
 136663 63308 6629.06578   59  109 390620.442 2368.80375  99.4%  58.7  405s
 138285 64026 293199.459   66   98 390620.442 2368.80375  99.4%  58.8  410s
 139691 64766 6082.74188   52  114 390620.442 2368.80375  99.4%  58.8  415s
H141151 65361                    390618.71033 2368.80375  99.4%  58.8  419s
 141240 65495 299023.570   63  100 390618.710 2368.80375  99.4%  58.8  420s
H141915 60120                    342628.74552 2368.80375  99.3%  58.7  422s
H142359 60216                    342626.64965 2368.80375  99.3%  58.6  422s
 143123 60515 4432.34618   57  108 342626.650 2368.80375  99.3%  58.7  425s
H143568 60456                    341714.11954 2368.80375  99.3%  58.7  426s
H143571 60307                    340667.77936 2368.80375  99.3%  58.7  426s
H143706 60372                    340666.86611 2368.80375  99.3%  58.7  427s
 144472 60676 infeasible   59      340666.866 2368.80375  99.3%  58.7  430s
 146166 61338 111275.572   67  106 340666.866 2368.80375  99.3%  58.8  435s
 147828 61947 165477.351   58  105 340666.866 2368.80375  99.3%  58.9  440s
 148947 62305 109357.620   54  115 340666.866 2368.80375  99.3%  59.0  445s
 150460 63006     cutoff   66      340666.866 2368.80375  99.3%  59.1  450s
 152095 63562 298051.553   73   94 340666.866 2368.80375  99.3%  59.1  455s
 153776 64263 207506.439   66  106 340666.866 2368.80375  99.3%  59.2  460s
H154833 64170                    337416.23157 2368.80375  99.3%  59.3  464s
 154933 64275 265081.955   68   97 337416.232 2368.80375  99.3%  59.3  465s
H155277 64384                    337416.20330 2368.80375  99.3%  59.4  465s
H155641 64569                    337415.28973 2368.80375  99.3%  59.4  466s
 157331 65242 169137.855   67   90 337415.290 2368.80375  99.3%  59.5  470s
 159181 66167 180114.213   58  114 337415.290 2383.45208  99.3%  59.5  475s
H159277 64128                    322386.99170 2383.45208  99.3%  59.5  475s
H160099 64604                    322386.92600 2383.45208  99.3%  59.6  478s
 160641 64919 207397.193   60  105 322386.926 2383.45208  99.3%  59.6  480s
 162323 65476 2932.96699   59  115 322386.926 2383.45208  99.3%  59.7  485s
 163933 66146 50721.0374   61   93 322386.926 2383.45208  99.3%  59.8  490s
 165269 66652 238121.929   59  106 322386.926 2383.45208  99.3%  59.9  495s
 166907 67295 241108.021   64  105 322386.926 2500.27888  99.2%  60.0  500s
 168565 68071 249997.729   65   93 322386.926 2602.63736  99.2%  60.1  505s
 169758 68560 229676.644   67   98 322386.926 2696.37555  99.2%  60.2  510s
 171522 69472     cutoff   65      322386.926 2728.38425  99.2%  60.2  515s
H172848 69998                    322385.53684 2745.66941  99.1%  60.3  519s
H172849 69998                    322385.36154 2745.66941  99.1%  60.3  519s
H172893 69998                    322381.45906 2745.66941  99.1%  60.3  519s
 172923 70054     cutoff   62      322381.459 2745.66941  99.1%  60.3  520s
H173103 70141                    322380.95633 2745.66941  99.1%  60.3  520s
 174668 70766 234333.091   68   78 322380.956 2784.70375  99.1%  60.3  525s
 177145 71741 133199.928   56  110 322380.956 3055.11634  99.1%  60.4  530s
 179799 72660 161753.511   62   97 322380.956 3118.81441  99.0%  60.5  536s
 181047 73090 24635.7334   57  104 322380.956 3125.54921  99.0%  60.6  540s
 182947 73677 23424.9594   58  106 322380.956 3197.85049  99.0%  60.6  545s
 184539 74250 infeasible   60      322380.956 3468.26308  98.9%  60.7  550s
 185554 74579 48099.8965   54  127 322380.956 3468.26308  98.9%  60.9  555s
 186785 74970 252229.148   66  108 322380.956 3482.01695  98.9%  61.1  560s
 188168 75610 37928.4309   55  121 322380.956 3686.19994  98.9%  61.2  565s
 189965 76299 14633.2516   56  111 322380.956 3876.40097  98.8%  61.2  570s
 191038 76710 infeasible   59      322380.956 4019.19945  98.8%  61.3  575s
 192642 77292 206691.058   60  106 322380.956 4019.19945  98.8%  61.4  580s
 194378 77857 infeasible   65      322380.956 4033.84777  98.7%  61.5  585s
 195291 78163 219847.470   59   96 322380.956 4033.84777  98.7%  61.6  590s
 196905 78799 105155.304   55  114 322380.956 4045.70236  98.7%  61.7  595s
 198426 79475 219574.539   62  111 322380.956 4297.30982  98.7%  61.8  600s
 200173 80231     cutoff   66      322380.956 4432.34618  98.6%  61.8  605s
 201510 80694 229520.159   62   89 322380.956 4432.34618  98.6%  61.8  610s
 203011 81192 111875.974   54  124 322380.956 4432.34618  98.6%  61.9  615s
 204858 81894 203888.226   59   96 322380.956 4432.34618  98.6%  62.0  620s
 206022 82277     cutoff   58      322380.956 4432.34618  98.6%  62.0  625s
 207616 82789 294622.715   90   76 322380.956 4432.34618  98.6%  62.1  630s
 209121 83333 109785.529   51  112 322380.956 4432.34618  98.6%  62.2  635s
 210845 83751 222704.910   60   96 322380.956 4446.94610  98.6%  62.2  640s
 212284 84331 77866.6510   55  105 322380.956 4529.94918  98.6%  62.2  645s
 213823 84818 213086.543   64  108 322380.956 4685.25603  98.5%  62.3  650s
 215470 85382 137815.426   56  110 322380.956 4851.49696  98.5%  62.4  655s
 216777 85833     cutoff   61      322380.956 4988.94781  98.5%  62.4  660s
 218303 86386     cutoff   62      322380.956 5118.65878  98.4%  62.5  665s
 220560 87153     cutoff   57      322380.956 5296.32342  98.4%  62.6  670s
 222656 87813     cutoff   58      322380.956 5686.16965  98.2%  62.6  675s
 224940 88612 54581.8123   60  106 322380.956 5886.72752  98.2%  62.7  680s
 226666 89232 38749.8969   54  112 322380.956 6082.74188  98.1%  62.7  685s
 228227 89773 25238.3614   60  116 322380.956 6143.26982  98.1%  62.8  690s
 229772 90557 119709.144   61  107 322380.956 6143.26982  98.1%  62.9  695s
 231287 91114 85327.3834   57  125 322380.956 6143.26982  98.1%  62.9  700s
 232567 91698 infeasible   60      322380.956 6156.44941  98.1%  63.0  705s
 234161 92159 124127.106   58  105 322380.956 6458.42352  98.0%  63.0  710s
 236384 92833 infeasible   65      322380.956 6556.27099  98.0%  63.0  715s
 237785 93421 116866.153   59  118 322380.956 6700.05465  97.9%  63.0  720s
 239415 94009 77299.6195   55  118 322380.956 6911.78861  97.9%  63.1  725s
 241124 94640 212130.249   57  114 322380.956 7033.27543  97.8%  63.1  730s
 242160 95034 218247.000   58  108 322380.956 7035.59118  97.8%  63.2  735s
 243621 95700 197085.137   65  111 322380.956 7114.72985  97.8%  63.3  740s
 245222 96451 100505.231   53  127 322380.956 7114.72985  97.8%  63.3  745s
 246493 97034 215522.266   64  122 322380.956 7115.39511  97.8%  63.3  750s
 248015 97725 205371.370   64  105 322380.956 7191.63981  97.8%  63.4  755s
 249402 98180 29034.9271   60  119 322380.956 7324.93535  97.7%  63.5  760s
H250377 98533                    322368.38197 7356.70830  97.7%  63.5  763s
 250821 98849 115522.563   61  104 322368.382 7356.70830  97.7%  63.6  765s
 252194 99450     cutoff   62      322368.382 7356.70830  97.7%  63.6  770s
 254093 100217 10788.5682   57  108 322368.382 7356.70830  97.7%  63.6  775s
 256954 101239 129578.355   59  114 322368.382 7422.27793  97.7%  63.6  780s
 259040 102082 207645.824   61  105 322368.382 7422.27793  97.7%  63.7  785s
 261878 103099 265939.473   64  109 322368.382 7422.27793  97.7%  63.7  790s
 263288 103548 215530.675   61  102 322368.382 7422.27793  97.7%  63.7  795s
 264908 104043 10905.7198   67   97 322368.382 7503.98891  97.7%  63.7  800s
 266595 104501 230760.204   65  103 322368.382 7611.97414  97.6%  63.7  805s
 268354 105023 255336.301   59  119 322368.382 7851.27873  97.6%  63.7  810s
 271110 105890 infeasible   69      322368.382 8254.24843  97.4%  63.7  815s
 272742 106573 113284.613   58  114 322368.382 8435.39856  97.4%  63.7  820s
 274879 107287 245662.890   65   86 322368.382 8684.33850  97.3%  63.8  825s
 276457 107807 280611.303   61  121 322368.382 8842.17734  97.3%  63.8  830s
 277652 108152     cutoff   70      322368.382 9054.43758  97.2%  63.8  835s
 279285 108663 114097.143   61  114 322368.382 9072.67363  97.2%  63.9  840s
 281064 109260 52478.8653   60  106 322368.382 9158.18282  97.2%  63.9  845s
 282452 109717 113506.509   57  111 322368.382 9379.01847  97.1%  64.0  851s
 283712 110215     cutoff   68      322368.382 9485.82037  97.1%  64.0  855s
 285324 110742 infeasible   75      322368.382 9485.82037  97.1%  64.0  860s
 287239 111342 128336.980   58  115 322368.382 9526.83057  97.0%  64.0  865s
 288565 111765 234106.217   62  103 322368.382 9642.06734  97.0%  64.0  870s
 290203 112535 312016.974   61  104 322368.382 9777.02109  97.0%  64.0  875s
 291846 113168 infeasible   60      322368.382 9839.60238  96.9%  64.1  880s
 292871 113494 infeasible   57      322368.382 9930.43109  96.9%  64.1  885s
 294494 114023 123295.698   60  127 322368.382 10172.1330  96.8%  64.2  890s
 296210 114657 202204.877   55  104 322368.382 10437.2089  96.8%  64.2  895s
 297946 115341 117908.674   56  107 322368.382 10442.4756  96.8%  64.3  900s
H297977 115427                    322367.88173 10442.4756  96.8%  64.3  901s
 299123 115923 178055.913   60  123 322367.882 10533.1833  96.7%  64.3  905s
H300462 116318                    322362.85190 10737.0897  96.7%  64.4  908s
 300783 116428 121522.738   66  103 322362.852 10788.5682  96.7%  64.4  910s
 302439 116941 24756.9624   61  118 322362.852 10997.1276  96.6%  64.4  915s
 303538 117247 208932.936   68  108 322362.852 11142.3442  96.5%  64.4  920s
 305228 117780 13284.5534   62  118 322362.852 11475.4787  96.4%  64.4  925s
 306850 118305     cutoff   57      322362.852 11750.1397  96.4%  64.4  930s
 308278 118630 infeasible   58      322362.852 11825.9152  96.3%  64.5  936s
 309305 118966 115324.476   56  101 322362.852 11825.9152  96.3%  64.6  940s
 310673 119368 211807.317   59  102 322362.852 11867.8951  96.3%  64.7  945s
 312284 119823 249482.652   71   91 322362.852 12248.2744  96.2%  64.7  950s
H313181 119988                    322342.07068 12443.8350  96.1%  64.7  953s
 313421 120119 206464.134   60   99 322342.071 12486.1030  96.1%  64.7  955s
 314719 120668 100128.349   46  148 322342.071 12491.3697  96.1%  64.8  960s
 316337 121287 268512.639   66  103 322342.071 12494.6788  96.1%  64.9  965s
 317950 121746     cutoff   72      322342.071 12880.8202  96.0%  64.9  970s
 319136 122163 211384.241   65   85 322342.071 13188.5724  95.9%  64.9  975s
 320813 122622 262886.199   69  101 322342.071 13536.7092  95.8%  64.9  980s
 322301 123033 infeasible   65      322342.071 13909.9745  95.7%  64.9  985s
 323747 123552 213421.643   57   97 322342.071 14193.0866  95.6%  64.9  990s
 325106 123939 210875.566   59  115 322342.071 14429.8671  95.5%  64.9  995s
 326512 124464 infeasible   57      322342.071 14616.4303  95.5%  65.0 1000s
 327891 124960 122887.847   60  108 322342.071 14769.1094  95.4%  65.1 1005s
 328788 125231 infeasible   55      322342.071 14902.8816  95.4%  65.2 1010s
 330442 125700 289578.699   52  134 322342.071 15234.3306  95.3%  65.2 1015s
 331731 126154 204363.474   53  122 322342.071 15416.4608  95.2%  65.3 1020s
 333083 126607 infeasible   67      322342.071 15515.9849  95.2%  65.4 1025s
 334090 126873 279028.572   64  110 322342.071 15774.1777  95.1%  65.4 1030s
 335561 127430 152628.190   62  109 322342.071 16034.2857  95.0%  65.4 1035s
 337245 128123 110152.062   46  132 322342.071 16220.2041  95.0%  65.5 1040s
 338582 128507 197727.962   58  108 322342.071 16439.3473  94.9%  65.6 1045s
 340205 129092 190633.629   58   91 322342.071 16793.2751  94.8%  65.6 1050s
 341642 129643 279897.426   66  102 322342.071 16934.8484  94.7%  65.6 1055s
 343102 130158 109743.822   58  124 322342.071 16951.7757  94.7%  65.7 1060s
 344350 130558 256742.400   71   93 322342.071 16951.7757  94.7%  65.8 1065s
 345736 131116 infeasible   56      322342.071 16951.7757  94.7%  65.9 1070s
 347093 131556 295957.980   52  117 322342.071 16951.7757  94.7%  66.0 1075s
 348544 132061 infeasible   60      322342.071 16951.7757  94.7%  66.1 1080s
 349859 132457 121487.735   60  110 322342.071 16951.7757  94.7%  66.2 1085s
 351255 132917 209538.555   56  102 322342.071 17016.4262  94.7%  66.3 1090s
 353030 133405 infeasible   55      322342.071 17281.8393  94.6%  66.3 1095s
H353210 133459                    322332.72984 17281.8393  94.6%  66.3 1095s
 355554 134127 263124.896   59  105 322332.730 17747.6338  94.5%  66.4 1100s
H356171 134308                    322332.22689 17790.8913  94.5%  66.4 1101s
 357410 134671 37518.8959   56  120 322332.227 18056.0386  94.4%  66.4 1105s
H359186 135318                    322330.57705 18253.9209  94.3%  66.5 1110s
 361676 136461 199622.591   59  112 322330.577 18253.9209  94.3%  66.5 1115s
 363958 137465 119936.281   63  112 322330.577 18264.3089  94.3%  66.6 1120s
 365586 138221 infeasible   67      322330.577 18264.3089  94.3%  66.7 1125s
 367568 139023 infeasible   61      322330.577 18264.3089  94.3%  66.8 1130s
 369821 139865 193706.942   49  111 322330.577 18264.5558  94.3%  66.9 1135s
 371944 140738 104040.327   52  143 322330.577 18264.5558  94.3%  67.0 1140s
H372030 140737                    322329.11362 18264.5558  94.3%  67.0 1140s
 374339 141605 infeasible   65      322329.114 18626.0764  94.2%  67.0 1145s
 375942 142019 infeasible   61      322329.114 19004.4065  94.1%  66.9 1150s
 377921 142610     cutoff   60      322329.114 19342.8653  94.0%  66.9 1155s
 379316 143100 infeasible   55      322329.114 19555.7276  93.9%  66.9 1160s
 380962 143641 infeasible   66      322329.114 19807.0993  93.9%  66.9 1165s
 382620 144028 228227.823   69  101 322329.114 20124.1834  93.8%  66.9 1170s
 384176 144489     cutoff   67      322329.114 20379.9860  93.7%  66.9 1175s
 385694 144959 120904.398   56  126 322329.114 20597.5844  93.6%  66.9 1180s
 387240 145534 116113.504   59  116 322329.114 20840.6062  93.5%  67.0 1185s
 388599 145862 infeasible   64      322329.114 21082.5517  93.5%  67.0 1190s
 390085 146406 215549.806   51  108 322329.114 21189.7073  93.4%  67.0 1195s
 391482 146807 infeasible   55      322329.114 21439.0063  93.3%  67.1 1200s
H391687 146847                    322328.53776 21451.4856  93.3%  67.1 1200s
 393169 147297 157833.094   55  126 322328.538 21751.5644  93.3%  67.1 1205s
 395249 147830 infeasible   67      322328.538 22052.3637  93.2%  67.1 1210s
 396774 148411     cutoff   58      322328.538 22077.6363  93.2%  67.2 1215s
H397363 148604                    322327.03406 22077.6363  93.2%  67.2 1217s
 398161 148914 infeasible   55      322327.034 22077.6363  93.2%  67.3 1220s
 399783 149545 infeasible   61      322327.034 22077.6363  93.2%  67.4 1225s
 401243 150033 infeasible   65      322327.034 22077.6363  93.2%  67.5 1230s
 403152 150515 292300.055   56  119 322327.034 22261.9239  93.1%  67.5 1235s
 404471 150809 310585.190   66  114 322327.034 22503.1742  93.0%  67.6 1240s
 406029 151261 245380.369   73   84 322327.034 22688.3941  93.0%  67.6 1245s
 407508 151701 281727.172   71   89 322327.034 22886.5620  92.9%  67.6 1250s
 408933 152065 120792.181   58  117 322327.034 23131.3702  92.8%  67.7 1255s
H410237 152264                    321939.94982 23339.7956  92.8%  67.7 1259s
 410269 152391 220002.207   64   99 321939.950 23340.9518  92.7%  67.7 1260s
 412001 153175     cutoff   73      321939.950 23432.4184  92.7%  67.7 1265s
 413546 153625 235797.714   65  105 321939.950 23630.8371  92.7%  67.7 1270s
 414932 154129 236059.351   66   98 321939.950 23834.6157  92.6%  67.7 1275s
 416483 154617 111654.321   58  101 321939.950 24021.7389  92.5%  67.8 1280s
 417938 155212 152283.258   60  103 321939.950 24021.7389  92.5%  67.8 1285s
 419489 155846 infeasible   62      321939.950 24021.7389  92.5%  67.9 1290s
 421355 156586 93847.4587   51  124 321939.950 24037.2481  92.5%  68.0 1295s
 423292 157353 215396.371   49  113 321939.950 24037.2481  92.5%  68.1 1300s
 425705 158331 254089.149   60   95 321939.950 24037.6167  92.5%  68.1 1305s
 428086 158987     cutoff   59      321939.950 24378.2870  92.4%  68.1 1310s
 430499 159690 infeasible   71      321939.950 24689.3767  92.3%  68.2 1315s
 432030 160151 infeasible   70      321939.950 24883.3609  92.3%  68.2 1320s
 433546 160676 infeasible   66      321939.950 25035.0514  92.2%  68.2 1325s
 435052 161044 231546.427   62  106 321939.950 25352.8692  92.1%  68.2 1330s
 436438 161373 171256.119   63  103 321939.950 25646.7496  92.0%  68.2 1335s
 437889 161717 118262.238   58  104 321939.950 25847.7822  92.0%  68.2 1340s
 439636 162222     cutoff   62      321939.950 26104.3232  91.9%  68.3 1345s
 440979 162620 infeasible   65      321939.950 26270.4014  91.8%  68.3 1350s
 442486 163090 127357.091   56  119 321939.950 26498.6419  91.8%  68.3 1355s
 444060 163484 186234.098   63   97 321939.950 26791.2521  91.7%  68.3 1360s
 445533 163859     cutoff   54      321939.950 26997.2065  91.6%  68.3 1365s
 446980 164226 221711.259   69   96 321939.950 27239.0405  91.5%  68.3 1370s
 448617 164655 116503.628   54  117 321939.950 27493.8460  91.5%  68.3 1375s
 450117 165070 infeasible   57      321939.950 27749.1882  91.4%  68.3 1380s
 451754 165595 175442.885   62  101 321939.950 27966.4786  91.3%  68.3 1385s
 453129 166165 175635.359   48  135 321939.950 28003.5010  91.3%  68.3 1390s
 454744 166612 230102.132   54  110 321939.950 28256.9487  91.2%  68.3 1395s
 456057 166947 infeasible   62      321939.950 28406.4864  91.2%  68.3 1400s
 457378 167398 223195.413   61  111 321939.950 28642.3691  91.1%  68.4 1405s
 458922 167835 137538.681   52  124 321939.950 28857.1716  91.0%  68.4 1410s
H460081 168135                    321939.26233 29020.9945  91.0%  68.4 1413s
 460436 168244 142287.036   58  121 321939.262 29086.8574  91.0%  68.4 1415s
 461803 168651 192758.678   60  113 321939.262 29263.1046  90.9%  68.4 1420s
 463207 169022 137888.079   59   89 321939.262 29405.8347  90.9%  68.4 1425s
 464753 169363 infeasible   60      321939.262 29627.2535  90.8%  68.4 1430s
 466104 169708 230705.825   54  110 321939.262 29838.3700  90.7%  68.5 1435s
 467603 170153 237985.255   69   99 321939.262 29993.8772  90.7%  68.5 1440s
 468968 170647 260003.734   62  114 321939.262 29993.8772  90.7%  68.5 1445s
 470424 171134 129551.860   56   98 321939.262 30095.0432  90.7%  68.6 1450s
 471963 171554 140815.246   56  111 321939.262 30284.9237  90.6%  68.6 1455s
 473080 172021 105214.551   50  124 321939.262 30400.2027  90.6%  68.6 1460s
 474505 172769 107665.912   54  115 321939.262 30419.8404  90.6%  68.6 1465s
 476061 173202 298048.631   70   93 321939.262 30596.7937  90.5%  68.6 1470s
H476788 173390                    321938.17241 30684.6237  90.5%  68.7 1472s
 477607 173567 235215.439   60  106 321938.172 30813.9356  90.4%  68.7 1475s
 479116 173932 126969.805   51  120 321938.172 31050.1001  90.4%  68.7 1480s
 481192 174478 287062.329   77   76 321938.172 31327.2472  90.3%  68.7 1485s
 483438 175066 145735.251   59  100 321938.172 31655.5411  90.2%  68.7 1490s
 485563 175600 234807.813   62   94 321938.172 31999.8306  90.1%  68.7 1495s
 487582 176442 123121.327   61  126 321938.172 32043.0768  90.0%  68.8 1500s
 489398 177073 116060.021   58  121 321938.172 32134.0924  90.0%  68.9 1505s
 490913 177590     cutoff   66      321938.172 32292.6761  90.0%  68.8 1510s
 492404 177947 133170.939   71   96 321938.172 32492.4641  89.9%  68.8 1515s
 493843 178320 132917.570   57   94 321938.172 32647.1237  89.9%  68.9 1520s
 495328 178745 221225.420   53  115 321938.172 32863.0382  89.8%  68.9 1525s
 497050 179196 116319.602   55  121 321938.172 33083.8229  89.7%  68.9 1530s
 498541 179626 230136.570   59  108 321938.172 33236.1958  89.7%  68.9 1535s
 500124 179977 infeasible   55      321938.172 33445.1597  89.6%  68.9 1540s
 501601 180361 217288.123   62  107 321938.172 33643.8564  89.5%  68.9 1545s
 503186 180762 119367.740   61  113 321938.172 33919.3750  89.5%  68.9 1550s
 504625 181100 130409.326   59  121 321938.172 34114.4686  89.4%  69.0 1555s
 506117 181482 113083.796   53  123 321938.172 34336.1176  89.3%  69.0 1560s
 508345 182099 260493.378   66  111 321938.172 34679.1617  89.2%  69.0 1565s
 510578 182724     cutoff   65      321938.172 34957.0775  89.1%  69.0 1570s
 513192 183436 131932.035   57  110 321938.172 35271.3743  89.0%  69.0 1575s
 515501 184024 infeasible   62      321938.172 35636.0582  88.9%  69.0 1580s
 517897 184688 308655.989   67  107 321938.172 35931.1085  88.8%  69.0 1585s
 520174 185283 199213.100   57  113 321938.172 36186.4863  88.8%  69.1 1590s
 522457 185965 227752.617   61  105 321938.172 36411.6324  88.7%  69.1 1595s
 524903 186596 infeasible   63      321938.172 36688.7407  88.6%  69.1 1600s
 526905 187049 218408.181   59  110 321938.172 36945.5221  88.5%  69.1 1605s
 528340 187430 infeasible   61      321938.172 37127.0747  88.5%  69.2 1610s
 529747 187811 301314.026   59   99 321938.172 37325.5920  88.4%  69.2 1615s
 531369 188276 252732.836   68   95 321938.172 37461.4867  88.4%  69.2 1620s
 532730 188611 154569.555   64  107 321938.172 37661.2102  88.3%  69.2 1625s
 534319 189050 infeasible   62      321938.172 37862.8660  88.2%  69.2 1630s
 536112 189572 119504.306   63  117 321938.172 38080.6284  88.2%  69.2 1635s
 537740 189961 232860.197   56  113 321938.172 38297.6363  88.1%  69.2 1640s
 539388 190437 123240.063   50  118 321938.172 38502.8486  88.0%  69.3 1645s
 540803 190786 infeasible   57      321938.172 38629.5248  88.0%  69.3 1650s
 542457 191258     cutoff   63      321938.172 38779.2981  88.0%  69.3 1655s
 544660 191778 123401.142   54  119 321938.172 39037.1679  87.9%  69.3 1660s
 546854 192317 infeasible   62      321938.172 39333.8243  87.8%  69.3 1665s
 549051 192899     cutoff   55      321938.172 39567.4392  87.7%  69.3 1670s
 551079 193424 123143.072   66  123 321938.172 39837.6411  87.6%  69.3 1675s
 552482 193715 infeasible   55      321938.172 40018.2397  87.6%  69.4 1680s
 553966 194093 248567.571   59   97 321938.172 40222.7294  87.5%  69.4 1685s
 555574 194553 240673.586   65   95 321938.172 40391.7255  87.5%  69.4 1690s
 556941 194962 239338.783   62  111 321938.172 40496.8651  87.4%  69.4 1695s
 558434 195440 273604.197   70   96 321938.172 40704.2839  87.4%  69.4 1700s
 559858 195743 infeasible   65      321938.172 40885.6301  87.3%  69.5 1705s
 561552 196210 204871.883   63  106 321938.172 41134.0132  87.2%  69.5 1710s
 562982 196529 123772.821   70  103 321938.172 41308.0862  87.2%  69.5 1715s
 564621 196920 225122.012   57  106 321938.172 41513.3775  87.1%  69.5 1720s
 566201 197396 118888.561   55  123 321938.172 41694.4733  87.0%  69.4 1725s
 567595 197691 257518.105   66   90 321938.172 41869.0788  87.0%  69.5 1730s
 569070 198133 117002.599   56  116 321938.172 42042.1212  86.9%  69.5 1735s
 570450 198473 infeasible   65      321938.172 42188.3476  86.9%  69.5 1740s
 571975 198846     cutoff   56      321938.172 42436.0669  86.8%  69.5 1745s
 573473 199295 250425.374   58  109 321938.172 42551.1145  86.8%  69.5 1750s
 575002 199721 126839.400   60  104 321938.172 42841.4220  86.7%  69.5 1755s
 577414 200351 218878.437   58  116 321938.172 43186.8327  86.6%  69.5 1760s
H577953 200455                    321929.21688 43264.6039  86.6%  69.5 1760s
 579875 200905 252893.977   70  105 321929.217 43531.2607  86.5%  69.5 1765s
 582266 201602 250280.235   55  100 321929.217 43854.5601  86.4%  69.5 1770s
 583884 201952 infeasible   59      321929.217 44059.1887  86.3%  69.5 1775s
 585436 202379 213833.893   60  105 321929.217 44275.7877  86.2%  69.5 1780s
 587808 202922 162268.602   62  105 321929.217 44552.1926  86.2%  69.6 1785s
 589697 203467 117203.480   53  110 321929.217 44611.8843  86.1%  69.6 1790s
 590811 203770 133044.078   66  105 321929.217 44747.9779  86.1%  69.7 1795s
 592500 204162 123639.644   58  101 321929.217 44955.5789  86.0%  69.7 1800s
 594072 204495 120526.273   49  146 321929.217 45162.1933  86.0%  69.7 1805s
 595480 204817 147096.235   55  112 321929.217 45344.8520  85.9%  69.7 1810s
 597142 205206 232430.004   60  110 321929.217 45479.7696  85.9%  69.7 1815s
 598645 205567 283381.063   64  101 321929.217 45664.8633  85.8%  69.7 1820s
 599979 205909 119093.053   53  107 321929.217 45879.7651  85.7%  69.7 1825s
 601569 206228 228812.985   59  113 321929.217 46102.1884  85.7%  69.7 1830s
 603027 206570     cutoff   67      321929.217 46332.3034  85.6%  69.7 1835s
 604663 206926 83551.3572   68  125 321929.217 46645.5176  85.5%  69.7 1840s
 606091 207295 269102.540   64  104 321929.217 46794.2045  85.5%  69.7 1845s
 607536 207684 233775.655   58  100 321929.217 47028.5935  85.4%  69.7 1850s
 609265 208033 infeasible   60      321929.217 47197.2432  85.3%  69.7 1855s
 611090 208707 197604.253   61  109 321929.217 47366.6965  85.3%  69.7 1860s
 612700 209258     cutoff   70      321929.217 47489.5850  85.2%  69.8 1865s
 615136 210104 217240.312   60  120 321929.217 47624.8115  85.2%  69.8 1870s
 617303 210796 239500.690   59  102 321929.217 47783.2121  85.2%  69.8 1875s
 619738 211451 200808.792   54   97 321929.217 48011.9451  85.1%  69.8 1880s
 622100 212124 153919.048   61  108 321929.217 48245.8291  85.0%  69.8 1885s
 624132 212617 infeasible   59      321929.217 48451.1999  84.9%  69.9 1890s
 626359 213193 infeasible   63      321929.217 48798.1502  84.8%  69.9 1895s
 628637 213888 195444.807   62  111 321929.217 49012.0091  84.8%  70.0 1900s
 630769 214519 306283.209   87   83 321929.217 49276.2916  84.7%  70.0 1905s
 633125 215134 infeasible   60      321929.217 49595.4808  84.6%  70.0 1910s
 634358 215548 276539.571   78   89 321929.217 49709.2203  84.6%  70.0 1915s
 635698 216026 119567.112   52  112 321929.217 49719.1518  84.6%  70.1 1920s
 637067 216424 228862.331   61  106 321929.217 49850.8565  84.5%  70.1 1925s
 638772 216897 251384.008   61   97 321929.217 50043.6680  84.5%  70.1 1930s
 640274 217254 infeasible   55      321929.217 50268.6700  84.4%  70.1 1935s
 641857 217586 164934.320   54   94 321929.217 50494.5731  84.3%  70.1 1940s
 643308 217878     cutoff   78      321929.217 50699.6904  84.3%  70.1 1945s
 644683 218186 187096.661   57  101 321929.217 50875.0324  84.2%  70.1 1950s
 646213 218494 240106.361   63   91 321929.217 51165.1593  84.1%  70.1 1955s
 647668 218819 121343.876   67  104 321929.217 51409.2086  84.0%  70.2 1960s
 649204 219157     cutoff   62      321929.217 51674.3883  83.9%  70.2 1965s
 650816 219506 infeasible   66      321929.217 51935.7849  83.9%  70.2 1970s
 652255 219811     cutoff   68      321929.217 52227.6037  83.8%  70.2 1975s
 653758 220105 193579.840   61  109 321929.217 52512.9874  83.7%  70.2 1980s
 655478 220499 294462.666   61  107 321929.217 52765.8790  83.6%  70.1 1985s
 657049 220895     cutoff   66      321929.217 53015.3571  83.5%  70.1 1990s
 658688 221297     cutoff   63      321929.217 53373.8508  83.4%  70.1 1995s
 660067 221610 121398.124   63  101 321929.217 53598.1981  83.4%  70.1 2000s
 661553 221987 148353.578   66   98 321929.217 53971.4011  83.2%  70.1 2005s
 663114 222361 infeasible   65      321929.217 54244.4126  83.2%  70.1 2010s
 664841 222920 310740.132   60  118 321929.217 54410.8296  83.1%  70.1 2015s
 666235 223266     cutoff   66      321929.217 54578.7145  83.0%  70.1 2020s
 667746 223595     cutoff   69      321929.217 54757.9725  83.0%  70.1 2025s
 669311 223904 240893.117   64  112 321929.217 55159.9510  82.9%  70.1 2030s
 670976 224287     cutoff   82      321929.217 55478.6467  82.8%  70.1 2035s
 673182 224852 103248.196   45  142 321929.217 55867.2993  82.6%  70.1 2040s
 675551 225358 infeasible   64      321929.217 56352.0042  82.5%  70.2 2045s
 677907 225946 114271.268   50  133 321929.217 56730.6451  82.4%  70.2 2050s
 680044 226344 170138.238   51  121 321929.217 57145.3289  82.2%  70.2 2055s
 682470 226768 infeasible   62      321929.217 57678.7289  82.1%  70.2 2060s
 684631 227234 133063.423   60  116 321929.217 58181.2098  81.9%  70.2 2065s
 687174 227748 120499.154   68   93 321929.217 58748.0131  81.8%  70.1 2070s
 689217 228156 145853.582   57   92 321929.217 59252.4187  81.6%  70.1 2075s
 691454 228626     cutoff   69      321929.217 59714.6808  81.5%  70.2 2080s
 693662 229068 269987.204   70   85 321929.217 59962.3311  81.4%  70.2 2085s
 696022 229492 226335.962   60  103 321929.217 60431.8831  81.2%  70.2 2090s
 698240 229899 132892.078   55  116 321929.217 60896.7627  81.1%  70.2 2095s
H698811 229987                    321927.94829 61013.4660  81.0%  70.2 2096s
 700421 230362 275795.423   58  103 321927.948 61357.6839  80.9%  70.2 2100s
 702422 230696 276712.874   63  103 321927.948 61748.1692  80.8%  70.2 2105s
 703795 230940 258645.825   61  101 321927.948 62067.0488  80.7%  70.2 2110s
 705197 231186 240658.335   69  105 321927.948 62396.7609  80.6%  70.2 2115s
 706593 231515 140803.397   67   95 321927.948 62667.9324  80.5%  70.2 2120s
 708032 231774 221506.385   63   91 321927.948 63004.0380  80.4%  70.2 2125s
 709512 232050 175103.733   63   97 321927.948 63281.0154  80.3%  70.2 2130s
 710961 232387 225461.762   56  111 321927.948 63580.5495  80.3%  70.2 2135s
 712391 232673 infeasible   60      321927.948 63938.3272  80.1%  70.2 2140s
 714002 233054 263339.637   75   76 321927.948 64294.5196  80.0%  70.2 2145s
 716493 233466 273217.106   58   99 321927.948 64821.5697  79.9%  70.2 2150s
 717903 233873 216442.144   60  119 321927.948 64955.3174  79.8%  70.2 2155s
 719309 234264 224457.439   67  115 321927.948 65042.7735  79.8%  70.2 2160s
 720914 234527 238701.049   60  105 321927.948 65372.7225  79.7%  70.2 2165s
H721412 234621                    321926.52999 65474.6906  79.7%  70.2 2166s
H721740 234684                    321925.26683 65554.0677  79.6%  70.2 2168s
 722289 234798 79138.1601   48  138 321925.267 65697.0441  79.6%  70.2 2170s
 724020 235121     cutoff   71      321925.267 66098.2834  79.5%  70.2 2175s
 725487 235426 213363.696   60  116 321925.267 66378.2055  79.4%  70.2 2180s
 726887 235694 infeasible   62      321925.267 66680.4529  79.3%  70.2 2185s
 728542 236036 infeasible   63      321925.267 67104.0079  79.2%  70.2 2190s
 730019 236291     cutoff   63      321925.267 67443.5570  79.0%  70.2 2195s
 731871 236605 218083.919   55  110 321925.267 67890.8024  78.9%  70.2 2200s
 733320 236878     cutoff   64      321925.267 68106.7699  78.8%  70.2 2205s
 734861 237124 162760.408   64  117 321925.267 68420.4841  78.7%  70.2 2210s
 736313 237397     cutoff   65      321925.267 68636.4089  78.7%  70.2 2215s
 738061 237771 218616.915   63   96 321925.267 69075.4098  78.5%  70.2 2220s
 739711 238112 130129.983   62   97 321925.267 69467.6588  78.4%  70.2 2225s
 741211 238355 232769.002   59   99 321925.267 69804.7977  78.3%  70.2 2230s
 743420 238783 167858.949   56   97 321925.267 70302.9140  78.2%  70.1 2235s
 745404 239236     cutoff   65      321925.267 70695.4835  78.0%  70.1 2240s
 746844 239563 204523.680   55  116 321925.267 70989.8556  77.9%  70.1 2245s
 748182 239859 226034.941   57  111 321925.267 71203.0813  77.9%  70.2 2250s
 749959 240286 318641.834   60  101 321925.267 71600.4674  77.8%  70.1 2255s
 752333 240774 284213.097   91   81 321925.267 71997.3172  77.6%  70.1 2260s
 754691 241228 203372.926   43  132 321925.267 72469.5818  77.5%  70.1 2265s
 757022 241542 275600.357   66  106 321925.267 73015.2991  77.3%  70.1 2270s
 759091 242088 163616.137   46  135 321925.267 73434.9189  77.2%  70.1 2275s
 761367 242535     cutoff   55      321925.267 73932.2575  77.0%  70.1 2280s
 763563 242924 238536.879   64  105 321925.267 74411.1435  76.9%  70.1 2285s
 765856 243370 145985.417   56  101 321925.267 74892.2145  76.7%  70.1 2290s
 767978 243841 212157.012   53  107 321925.267 75301.1442  76.6%  70.1 2295s
 770054 244209 140493.126   50  128 321925.267 75785.3626  76.5%  70.1 2300s
 772445 244591     cutoff   68      321925.267 76237.9086  76.3%  70.1 2305s
 774888 245127 138055.822   53  116 321925.267 76758.0276  76.2%  70.1 2310s
 777062 245694 221464.779   60  109 321925.267 77201.0628  76.0%  70.1 2315s
 779258 246192 90946.7347   47  134 321925.267 77585.8072  75.9%  70.1 2320s
 781491 246658 infeasible   54      321925.267 78025.8985  75.8%  70.1 2325s
 783224 247021     cutoff   67      321925.267 78334.2566  75.7%  70.1 2330s
 784589 247295 240199.599   57   94 321925.267 78654.4376  75.6%  70.1 2335s
 786043 247600 269047.930   61  119 321925.267 78958.5527  75.5%  70.1 2340s
 787340 247866 282872.205   64   88 321925.267 79145.4575  75.4%  70.1 2345s
 788618 248214 175182.282   54  113 321925.267 79368.5094  75.3%  70.1 2350s
 789962 248533 158259.134   48  128 321925.267 79597.5128  75.3%  70.1 2355s
 791215 248879 148459.396   58   99 321925.267 79793.8491  75.2%  70.1 2360s
 792735 249265     cutoff   53      321925.267 80035.9048  75.1%  70.1 2365s
H792837 249265                    321922.78225 80035.9048  75.1%  70.1 2365s
H793673 249514                    321921.48433 80164.2745  75.1%  70.1 2367s
 794246 249735 84177.1270   51  136 321921.484 80248.5607  75.1%  70.1 2370s
 795723 250047 157693.402   66  102 321921.484 80543.1129  75.0%  70.1 2375s
 797028 250220 228839.012   71  106 321921.484 80795.4548  74.9%  70.1 2380s
 798407 250622 infeasible   62      321921.484 80997.2602  74.8%  70.1 2385s
 799722 250991 108176.217   51  116 321921.484 81181.4263  74.8%  70.2 2390s
 801224 251337 infeasible   58      321921.484 81432.8934  74.7%  70.1 2395s
 802633 251755     cutoff  102      321921.484 81595.5327  74.7%  70.1 2400s
 804211 252237 infeasible   64      321921.484 81818.2123  74.6%  70.1 2405s
 805751 252540 139590.156   57  109 321921.484 82091.7288  74.5%  70.1 2410s
 806929 252772 infeasible   67      321921.484 82332.7930  74.4%  70.2 2415s
H807812 252895                    321880.36663 82490.7744  74.4%  70.2 2417s
 808505 253038 infeasible   62      321880.367 82659.2695  74.3%  70.2 2420s
 809940 253455 229399.161   56  117 321880.367 82958.3709  74.2%  70.2 2425s
 811458 253935 83303.6842   50  138 321880.367 83099.7791  74.2%  70.2 2430s
 812837 254326     cutoff   65      321880.367 83280.1050  74.1%  70.2 2435s
 814341 254727     cutoff   63      321880.367 83444.7549  74.1%  70.1 2440s
 815936 255135 250838.137   66  100 321880.367 83698.1363  74.0%  70.1 2445s
 817314 255536 269331.404   62   92 321880.367 83896.8651  73.9%  70.2 2450s
 818812 255947 113523.536   52  114 321880.367 84127.5710  73.9%  70.2 2455s
 820446 256320     cutoff   60      321880.367 84412.3458  73.8%  70.2 2460s
 821875 256804 infeasible   62      321880.367 84590.5565  73.7%  70.2 2465s
 823476 257269 236967.140   68   86 321880.367 84836.9634  73.6%  70.2 2470s
 824827 257585 270323.530   59   92 321880.367 85043.1734  73.6%  70.2 2475s
 826269 257949 infeasible   61      321880.367 85223.0913  73.5%  70.2 2480s
 827785 258340 109270.980   46  135 321880.367 85442.7572  73.5%  70.2 2485s
 829220 258732 251538.839   68   89 321880.367 85626.1322  73.4%  70.2 2490s
 831315 259413 131864.793   55  118 321880.367 85885.3798  73.3%  70.2 2495s
 833337 260049 220850.822   54   95 321880.367 86063.3631  73.3%  70.2 2500s
 835545 260735 255931.864   65  119 321880.367 86339.1316  73.2%  70.2 2505s
 837595 261325 177781.852   49  142 321880.367 86532.9154  73.1%  70.2 2510s
 839404 261820 infeasible   66      321880.367 86713.6296  73.1%  70.2 2515s
 841573 262413 317625.553   58  123 321880.367 86936.9195  73.0%  70.2 2520s
 843366 262965 234915.638   61   94 321880.367 87176.1381  72.9%  70.3 2525s
 845735 263610 infeasible   63      321880.367 87452.1682  72.8%  70.3 2530s
 847658 264152 239813.487   69   94 321880.367 87727.1989  72.7%  70.3 2535s
 849098 264528 290393.963   61  104 321880.367 87895.9830  72.7%  70.3 2540s
 850309 264898 infeasible   73      321880.367 87969.4070  72.7%  70.3 2545s
 851669 265377 121497.774   48  122 321880.367 88124.8271  72.6%  70.3 2550s
 853109 265759 219627.730   66  106 321880.367 88288.1696  72.6%  70.3 2555s
 854582 266201 291100.976   55  120 321880.367 88413.8898  72.5%  70.3 2560s
 855872 266563 230044.188   56  106 321880.367 88543.0040  72.5%  70.3 2565s
 857430 266919 298379.246   63   88 321880.367 88761.7081  72.4%  70.3 2570s
 858942 267377 101244.955   60  104 321880.367 88939.3549  72.4%  70.3 2575s
 860316 267746 225079.303   61  107 321880.367 89160.3653  72.3%  70.3 2580s
 861815 268184     cutoff   67      321880.367 89304.1874  72.3%  70.3 2585s
 863251 268582 210328.226   50  134 321880.367 89492.3809  72.2%  70.3 2590s
 864468 269047 123159.823   56  122 321880.367 89562.5929  72.2%  70.4 2595s
 865618 269263 infeasible   61      321880.367 89712.0716  72.1%  70.4 2600s
 866981 269661 130570.420   56  116 321880.367 89815.1768  72.1%  70.4 2605s
 868274 270161 214582.609   53  111 321880.367 89920.6713  72.1%  70.4 2610s
 869600 270546 190500.104   54  120 321880.367 89990.8637  72.0%  70.4 2615s
 871399 271231 305240.212   61  107 321880.367 90139.9729  72.0%  70.4 2620s
 873565 271944     cutoff   58      321880.367 90375.3415  71.9%  70.5 2625s
 875718 272576 230970.264   56  107 321880.367 90601.0575  71.9%  70.5 2630s
 878011 273105 94377.1751   46  141 321880.367 90864.4727  71.8%  70.5 2635s
 879847 273600 infeasible   57      321880.367 91033.4425  71.7%  70.5 2640s
 881729 274123 infeasible   60      321880.367 91186.9696  71.7%  70.5 2645s
 883733 274728 196233.800   50  139 321880.367 91431.8080  71.6%  70.6 2650s
 885893 275341 infeasible   62      321880.367 91610.8606  71.5%  70.6 2655s
 887363 275837 infeasible   61      321880.367 91739.0060  71.5%  70.6 2660s
 888652 276240 118655.039   51  135 321880.367 91863.0634  71.5%  70.6 2665s
 889845 276489     cutoff   63      321880.367 91989.7934  71.4%  70.6 2670s
 891231 276977 118159.743   55  126 321880.367 92120.3215  71.4%  70.6 2675s
 892717 277360 246635.872   58  100 321880.367 92229.5510  71.3%  70.6 2680s
 894108 277815 215906.645   57  110 321880.367 92342.5517  71.3%  70.6 2685s
 896334 278464 128499.514   60  112 321880.367 92534.5078  71.3%  70.6 2690s
 898369 279051 208710.529   56  103 321880.367 92681.4843  71.2%  70.7 2695s
 899973 279554 infeasible   55      321880.367 92802.3217  71.2%  70.7 2700s
 901394 279988     cutoff   62      321880.367 92899.2452  71.1%  70.7 2705s
 902497 280420 235450.994   58  115 321880.367 92973.1463  71.1%  70.7 2710s
 903953 280944 93182.6545   51  135 321880.367 93039.1756  71.1%  70.7 2715s
 905411 281346 227166.511   58  105 321880.367 93189.0610  71.0%  70.7 2720s
 906598 281774 104471.979   50  130 321880.367 93265.6049  71.0%  70.7 2725s
 908095 282211 301243.229   61  118 321880.367 93404.3714  71.0%  70.7 2730s
 909375 282581 298742.597   63  110 321880.367 93502.7336  71.0%  70.7 2735s
 910821 282948     cutoff   56      321880.367 93598.2036  70.9%  70.7 2740s
 912186 283356 infeasible   63      321880.367 93671.9113  70.9%  70.8 2745s
 914147 284005     cutoff   57      321880.367 93788.3218  70.9%  70.8 2750s
 916151 284596 108688.624   51  122 321880.367 93863.3851  70.8%  70.8 2755s
 918487 285367 infeasible   65      321880.367 94021.5943  70.8%  70.8 2760s
 920461 285993 201661.364   53  119 321880.367 94114.7695  70.8%  70.9 2765s
 922411 286542     cutoff   62      321880.367 94236.6193  70.7%  70.9 2770s
 924476 287239 114883.844   52  114 321880.367 94345.6643  70.7%  70.9 2775s
 926470 288022 152043.178   56  118 321880.367 94424.8659  70.7%  70.9 2780s
 928817 288743 infeasible   56      321880.367 94603.5325  70.6%  70.9 2785s
 930957 289356 221245.357   64  115 321880.367 94720.1693  70.6%  70.9 2790s
 932909 289875 140042.162   55  123 321880.367 94903.1422  70.5%  70.9 2795s
 934787 290557 132945.563   57  115 321880.367 95022.0404  70.5%  70.9 2800s
 936288 291009 infeasible   59      321880.367 95102.1362  70.5%  70.9 2805s
 937498 291464 166182.030   59   92 321880.367 95141.9033  70.4%  71.0 2810s
 939165 291975 infeasible   78      321880.367 95241.7402  70.4%  71.0 2815s
 941235 292615 303450.189   61  110 321880.367 95346.3546  70.4%  71.0 2820s
 943246 293298 112512.625   60  115 321880.367 95470.0615  70.3%  71.0 2825s
 945316 293903     cutoff   54      321880.367 95649.2419  70.3%  71.0 2830s
 947259 294611 204626.805   55  121 321880.367 95781.8261  70.2%  71.0 2835s
 949549 295287 223438.811   61   96 321880.367 95892.5370  70.2%  71.0 2840s
 951775 295845 219183.293   65  115 321880.367 96027.6989  70.2%  71.0 2845s
 953813 296395 287869.329   54  103 321880.367 96156.1617  70.1%  71.0 2850s
 955198 296961 infeasible   57      321880.367 96245.3457  70.1%  71.0 2855s
 956690 297440 infeasible   59      321880.367 96334.4048  70.1%  71.0 2860s
 959021 298197 285669.610   66  104 321880.367 96499.3864  70.0%  71.0 2865s
 961180 298936 197679.097   52  116 321880.367 96647.3186  70.0%  71.0 2870s
H961432 298957                    321879.07068 96655.5618  70.0%  71.0 2870s
 963345 299588 299947.086   55  125 321879.071 96769.4460  69.9%  71.0 2875s
 965606 300262 121637.197   56  131 321879.071 96911.5739  69.9%  71.1 2880s
 967648 300921 270636.809   60  114 321879.071 97030.8072  69.9%  71.1 2885s
 969807 301616 234439.845   62  112 321879.071 97120.8891  69.8%  71.1 2890s
 972027 302261 255811.531   55  113 321879.071 97300.0902  69.8%  71.1 2895s
 973964 302906 109629.924   61   99 321879.071 97385.8757  69.7%  71.1 2900s
 975712 303381 160610.803   60  119 321879.071 97464.5821  69.7%  71.1 2905s
 977239 303853 223429.118   59  124 321879.071 97572.2543  69.7%  71.1 2910s
 978779 304339 233647.504   63  101 321879.071 97704.7515  69.6%  71.1 2915s
 980074 304731 98449.4118   53  134 321879.071 97721.8460  69.6%  71.1 2920s
 981487 305172 infeasible   62      321879.071 97795.8653  69.6%  71.1 2925s
 982899 305639     cutoff   49      321879.071 97887.7747  69.6%  71.1 2930s
 984117 305963 infeasible   56      321879.071 97973.2900  69.6%  71.1 2935s
 985535 306369 135165.166   55  111 321879.071 98044.5930  69.5%  71.1 2940s
 987041 306926 210452.579   49  114 321879.071 98097.6186  69.5%  71.2 2945s
 988239 307235 234910.742   69   95 321879.071 98168.7207  69.5%  71.2 2950s
 989568 307634 303922.124   63  109 321879.071 98267.3704  69.5%  71.2 2955s
 991121 308081 280067.502   61  117 321879.071 98349.3671  69.4%  71.2 2960s
 992331 308488 267170.689   65  101 321879.071 98404.5885  69.4%  71.2 2965s
H992703 308578                    321878.03362 98425.5252  69.4%  71.2 2966s
 993763 308960 123845.830   62  109 321878.034 98470.3548  69.4%  71.2 2970s
 995224 309407 146880.836   59  111 321878.034 98559.7078  69.4%  71.2 2975s
 996734 309867 139027.487   57  104 321878.034 98650.9364  69.4%  71.2 2980s
 998040 310318 188131.676   62  117 321878.034 98725.9223  69.3%  71.2 2985s
 999554 310702 311556.035   60  121 321878.034 98811.0754  69.3%  71.2 2990s
 1000953 311147 118897.618   50  106 321878.034 98893.0769  69.3%  71.2 2995s
 1002032 311456 infeasible   63      321878.034 98933.0608  69.3%  71.3 3000s
 1003436 311960 infeasible   59      321878.034 98997.2920  69.2%  71.3 3005s
 1004805 312383 278926.563   60   95 321878.034 99074.5200  69.2%  71.3 3010s
H1005221 312485                    321875.52213 99112.6061  69.2%  71.3 3012s
 1005968 312723 220733.395   56  106 321875.522 99160.1042  69.2%  71.3 3015s
 1007368 313277 104746.263   52  104 321875.522 99207.4765  69.2%  71.3 3020s
 1008748 313747 294593.903   61  124 321875.522 99285.0047  69.2%  71.3 3025s
 1010304 314259     cutoff   61      321875.522 99323.8011  69.1%  71.3 3030s
H1011282 314554                    321872.73305 99368.1241  69.1%  71.3 3033s
 1011816 314739     cutoff   67      321872.733 99404.7578  69.1%  71.3 3035s
 1013187 315150     cutoff   56      321872.733 99494.4887  69.1%  71.3 3040s
 1014699 315602 110644.851   50  138 321872.733 99558.3715  69.1%  71.3 3045s
 1016126 316119 215430.018   61  115 321872.733 99633.3581  69.0%  71.3 3050s
 1017490 316482 infeasible   62      321872.733 99698.5769  69.0%  71.3 3055s
 1018913 316864 infeasible   55      321872.733 99749.1181  69.0%  71.3 3060s
 1020350 317324 189501.408   54  109 321872.733 99838.8068  69.0%  71.3 3065s
 1022197 317915 198296.534   58  102 321872.733 99922.8427  69.0%  71.3 3070s
 1024227 318486 178016.074   60  106 321872.733 100050.192  68.9%  71.4 3075s
 1026487 319183 216389.800   55  125 321872.733 100182.030  68.9%  71.3 3080s
 1028680 319853     cutoff   67      321872.733 100318.630  68.8%  71.3 3085s
 1031100 320548 138969.320   58  116 321872.733 100473.338  68.8%  71.3 3090s
 1032587 321167 infeasible   64      321872.733 100505.231  68.8%  71.3 3095s
 1033960 321557 113561.996   59  128 321872.733 100557.790  68.8%  71.4 3100s
 1035303 321917 200506.188   61  113 321872.733 100591.306  68.7%  71.4 3105s
 1036639 322331 235823.346   52  104 321872.733 100636.073  68.7%  71.4 3110s
 1038041 322774 infeasible   57      321872.733 100702.945  68.7%  71.4 3115s
 1039178 323108 141345.951   55  118 321872.733 100745.517  68.7%  71.4 3120s
 1040701 323547 infeasible   64      321872.733 100796.005  68.7%  71.4 3125s
 1042106 324035 117091.315   56  113 321872.733 100861.323  68.7%  71.4 3130s
H1042909 324238                    321870.02884 100887.620  68.7%  71.4 3132s
 1043424 324458 202532.036   58  106 321870.029 100913.693  68.6%  71.4 3135s
 1044977 324963     cutoff   75      321870.029 100962.213  68.6%  71.4 3140s
 1046480 325448     cutoff   63      321870.029 101031.113  68.6%  71.4 3145s
 1047661 325845 174421.906   63  108 321870.029 101082.619  68.6%  71.4 3150s
 1049224 326343     cutoff   66      321870.029 101149.294  68.6%  71.4 3155s
 1050759 326957 266016.462   70   89 321870.029 101152.124  68.6%  71.4 3160s
 1052189 327467     cutoff   54      321870.029 101212.736  68.6%  71.4 3165s
 1053686 327924 137989.318   57  120 321870.029 101269.538  68.5%  71.4 3170s
 1055127 328401     cutoff   58      321870.029 101329.850  68.5%  71.4 3175s
 1056731 328916 112070.884   54  112 321870.029 101395.470  68.5%  71.4 3180s
 1058867 329586 114105.298   49  138 321870.029 101480.225  68.5%  71.5 3185s
 1060825 330253 191919.712   50  133 321870.029 101546.886  68.5%  71.5 3190s
 1063014 330983 211250.763   59  117 321870.029 101602.427  68.4%  71.5 3195s
 1065169 331610 227814.001   67  104 321870.029 101689.658  68.4%  71.5 3200s
 1067128 332159 infeasible   63      321870.029 101776.449  68.4%  71.5 3205s
 1068332 332577 220706.412   64   98 321870.029 101822.960  68.4%  71.5 3210s
 1069911 333130 infeasible   60      321870.029 101868.864  68.4%  71.5 3215s
 1071570 333626 237747.997   55   88 321870.029 101930.582  68.3%  71.5 3220s
 1073722 334371 217442.181   59  111 321870.029 102008.544  68.3%  71.5 3225s
 1075614 334923 203299.511   57  108 321870.029 102051.868  68.3%  71.5 3230s
 1077811 335594 190871.888   62  117 321870.029 102129.278  68.3%  71.5 3235s
 1079798 336161 230193.511   64  116 321870.029 102225.743  68.2%  71.5 3240s
 1081811 336813 171350.473   48  142 321870.029 102300.933  68.2%  71.5 3245s
 1083817 337293 121235.515   54  114 321870.029 102393.058  68.2%  71.6 3250s
 1085395 337772 211200.002   53  110 321870.029 102427.611  68.2%  71.6 3255s
 1086542 338132     cutoff   65      321870.029 102471.909  68.2%  71.6 3260s
 1087940 338602 110898.364   52  119 321870.029 102519.046  68.1%  71.6 3265s
 1089293 339089 123207.481   60  115 321870.029 102554.125  68.1%  71.6 3270s
 1090615 339525     cutoff   69      321870.029 102581.077  68.1%  71.6 3275s
 1092035 340001 232945.592   52  116 321870.029 102626.972  68.1%  71.6 3280s
 1093368 340359 152422.034   46  144 321870.029 102680.961  68.1%  71.6 3285s
 1094606 340763 279786.876   61  117 321870.029 102721.788  68.1%  71.6 3290s
 1096087 341234 271094.856   63   98 321870.029 102766.823  68.1%  71.6 3295s
 1097480 341747 125088.579   56  123 321870.029 102796.195  68.1%  71.6 3300s
 1099029 342205 infeasible   64      321870.029 102846.779  68.0%  71.6 3305s
 1099905 342430 292859.074   55  112 321870.029 102878.963  68.0%  71.6 3310s
 1101308 342901 137513.888   56  111 321870.029 102934.139  68.0%  71.6 3315s
 1102864 343376 286009.372   59  100 321870.029 103000.552  68.0%  71.6 3320s
 1104678 343841 208849.148   52  130 321870.029 103068.811  68.0%  71.7 3325s
 1106045 344313 107919.405   56  116 321870.029 103123.595  68.0%  71.7 3330s
 1107333 344723 259328.950   61  109 321870.029 103153.461  68.0%  71.7 3335s
 1108664 345136 261133.681   66  106 321870.029 103183.843  67.9%  71.7 3340s
 1109962 345669 311730.932   65  100 321870.029 103198.188  67.9%  71.7 3345s
 1111354 346062     cutoff   68      321870.029 103230.291  67.9%  71.7 3350s
 1112954 346561 178496.235   54  119 321870.029 103280.814  67.9%  71.7 3355s
 1114239 346975 217291.309   62   99 321870.029 103352.205  67.9%  71.7 3360s
 1115821 347469 285169.004   66   91 321870.029 103413.887  67.9%  71.7 3365s
 1116688 347723 113048.369   57  127 321870.029 103449.574  67.9%  71.7 3370s
 1118055 348149 200247.613   55  135 321870.029 103490.681  67.8%  71.7 3375s
 1119377 348559     cutoff   51      321870.029 103546.881  67.8%  71.7 3380s
 1120483 348999     cutoff   70      321870.029 103573.162  67.8%  71.7 3385s
 1121882 349432 159247.653   62  127 321870.029 103605.137  67.8%  71.7 3390s
 1123310 349859 239602.628   57  102 321870.029 103643.489  67.8%  71.7 3395s
 1124530 350268 103750.958   49  132 321870.029 103691.622  67.8%  71.7 3400s
 1126101 350885 295777.119   61  120 321870.029 103743.842  67.8%  71.7 3405s
 1127450 351344 225022.877   53  123 321870.029 103786.240  67.8%  71.7 3410s
 1128870 351778 140996.392   57  113 321870.029 103829.253  67.7%  71.7 3415s
 1130440 352320 242851.975   74   89 321870.029 103872.654  67.7%  71.7 3420s
 1131726 352739 126833.138   57  115 321870.029 103935.652  67.7%  71.7 3425s
 1133154 353143 231515.842   63  118 321870.029 103982.152  67.7%  71.8 3430s
 1134243 353464 259963.181   58  120 321870.029 104020.501  67.7%  71.8 3436s
 1135298 353865 123906.275   56  124 321870.029 104058.370  67.7%  71.8 3440s
 1136533 354212 123879.641   58  137 321870.029 104108.077  67.7%  71.8 3445s
 1137888 354661 133981.944   49  102 321870.029 104162.010  67.6%  71.8 3450s
 1139131 355082 313508.361   53  116 321870.029 104192.519  67.6%  71.8 3455s
 1140444 355452 126049.737   49  125 321870.029 104230.169  67.6%  71.8 3460s
 1141996 355906 121761.752   59  120 321870.029 104278.178  67.6%  71.8 3465s
 1143458 356350 189284.601   55  116 321870.029 104338.150  67.6%  71.8 3470s
 1144846 356808 160189.116   60  118 321870.029 104364.676  67.6%  71.8 3475s
 1146163 357239     cutoff   61      321870.029 104394.552  67.6%  71.8 3480s
 1147461 357663 118177.151   59  114 321870.029 104439.269  67.6%  71.8 3485s
 1149153 358138 infeasible   53      321870.029 104502.917  67.5%  71.8 3490s
 1150548 358549 258342.578   62   94 321870.029 104545.204  67.5%  71.8 3495s
 1152032 359029 116029.702   48  136 321870.029 104578.202  67.5%  71.8 3500s
 1153329 359364 268693.338   65  117 321870.029 104612.238  67.5%  71.8 3505s
 1154620 359734 160059.934   57  107 321870.029 104641.178  67.5%  71.8 3510s
 1156017 360139 infeasible   56      321870.029 104713.407  67.5%  71.8 3515s
 1157549 360593 infeasible   52      321870.029 104756.469  67.5%  71.8 3520s
 1158609 360969 221451.539   68   92 321870.029 104795.725  67.4%  71.9 3525s
 1159928 361349     cutoff   63      321870.029 104823.779  67.4%  71.9 3530s
 1161294 361731 219681.013   64  110 321870.029 104850.652  67.4%  71.9 3535s
 1162666 362097 213085.050   56  106 321870.029 104892.799  67.4%  71.9 3540s
 1163952 362553 204581.441   54  117 321870.029 104933.501  67.4%  71.9 3545s
 1165416 362948 201645.565   62  102 321870.029 104992.399  67.4%  71.9 3550s
 1166700 363218 197109.058   63  116 321870.029 105026.499  67.4%  71.9 3555s
 1168137 363677 infeasible   63      321870.029 105073.742  67.4%  71.9 3560s
 1169536 364104 infeasible   62      321870.029 105108.192  67.3%  71.9 3565s
 1170528 364380 infeasible   59      321870.029 105148.944  67.3%  71.9 3570s
 1172047 364893 229024.945   67   99 321870.029 105191.799  67.3%  71.9 3575s
 1173379 365217 209175.941   54  111 321870.029 105231.596  67.3%  71.9 3580s
 1174848 365729 217739.118   63  112 321870.029 105257.074  67.3%  71.9 3585s
 1176268 366132 115825.401   59  125 321870.029 105307.590  67.3%  71.9 3590s
 1177770 366621 130377.580   56  106 321870.029 105351.975  67.3%  71.9 3595s
 1179064 366972 212797.899   65  102 321870.029 105392.092  67.3%  71.9 3600s

Cutting planes:
  Gomory: 12
  Implied bound: 5
  MIR: 20
  Flow cover: 3
  RLT: 16
  Relax-and-lift: 2

Explored 1179130 nodes (84837505 simplex iterations) in 3600.01 seconds (2909.99 work units)
Thread count was 2 (of 24 available processors)

Solution count 10: 321870 321873 321878 ... 321929

Time limit reached
Best objective 3.218700288444e+05, best bound 1.053989410226e+05, gap 67.2542%
