
Gurobi 11.0.3 (linux64, Java) logging started seg 02 dez 2024 21:58:26 -03

Set parameter Username
Academic license - for non-commercial use only - expires 2025-10-10
Set parameter NonConvex to value 2
Set parameter TimeLimit to value 3600
Set parameter LogToConsole to value 0
Set parameter MIPGap to value 2.3060879868461677e-07
Set parameter Threads to value 2
Set parameter NodefileDir to value "/home/ps12398/experiment_hosp/goalProgrammingMarcos/"
Set parameter NodefileStart to value 1
Gurobi Optimizer version 11.0.3 build v11.0.3rc0 (linux64)

CPU model: Intel(R) Xeon(R) CPU           X5650  @ 2.67GHz, instruction set [SSE2]
Thread count: 12 physical cores, 24 logical processors, using up to 2 threads

Optimize a model with 8098 rows, 5573 columns and 26595 nonzeros
Model fingerprint: 0x6aadae09
Model has 57 quadratic constraints
Variable types: 2762 continuous, 2811 integer (52 binary)
Coefficient statistics:
  Matrix range     [2e-02, 8e+05]
  QMatrix range    [2e-02, 3e+04]
  QLMatrix range   [1e+00, 3e+04]
  Objective range  [1e+00, 9e+06]
  Bounds range     [1e+00, 1e+08]
  RHS range        [1e+00, 7e+04]
  QRHS range       [3e-02, 3e-02]
Presolve removed 7755 rows and 5223 columns
Presolve time: 0.05s
Presolved: 801 rows, 488 columns, 6910 nonzeros
Presolved model has 52 bilinear constraint(s)

Solving non-convex MIQCP

Variable types: 195 continuous, 293 integer (43 binary)
Found heuristic solution: objective 2774698.7453

Root relaxation: objective 0.000000e+00, 131 iterations, 0.01 seconds (0.00 work units)

    Nodes    |    Current Node    |     Objective Bounds      |     Work
 Expl Unexpl |  Obj  Depth IntInf | Incumbent    BestBd   Gap | It/Node Time

     0     0    0.00000    0  102 2774698.75    0.00000   100%     -    0s
H    0     0                    1176340.4359    0.00000   100%     -    0s
     0     0    0.00000    0  130 1176340.44    0.00000   100%     -    0s
     0     0    0.00000    0  127 1176340.44    0.00000   100%     -    0s
     0     0  679.52397    0  172 1176340.44  679.52397   100%     -    0s
     0     0 2864.39880    0  178 1176340.44 2864.39880   100%     -    0s
     0     0 17179.4914    0  210 1176340.44 17179.4914  98.5%     -    0s
     0     0 17179.4914    0  118 1176340.44 17179.4914  98.5%     -    0s
     0     0 27472.6508    0  142 1176340.44 27472.6508  97.7%     -    0s
     0     0 34318.2578    0  134 1176340.44 34318.2578  97.1%     -    0s
     0     0 43502.0749    0  144 1176340.44 43502.0749  96.3%     -    0s
H    0     0                    1144905.1939 56007.9006  95.1%     -    0s
     0     0 56007.9006    0  151 1144905.19 56007.9006  95.1%     -    0s
     0     0 56007.9006    0  159 1144905.19 56007.9006  95.1%     -    0s
     0     0 56007.9006    0  160 1144905.19 56007.9006  95.1%     -    0s
     0     0 56007.9006    0  160 1144905.19 56007.9006  95.1%     -    1s
     0     0 56007.9006    0  163 1144905.19 56007.9006  95.1%     -    1s
     0     0 56007.9006    0  161 1144905.19 56007.9006  95.1%     -    1s
     0     0 56007.9006    0  161 1144905.19 56007.9006  95.1%     -    1s
     0     0 56007.9006    0  159 1144905.19 56007.9006  95.1%     -    1s
     0     0 56007.9006    0  160 1144905.19 56007.9006  95.1%     -    1s
     0     0 56007.9006    0  158 1144905.19 56007.9006  95.1%     -    1s
     0     0 56434.7303    0  158 1144905.19 56434.7303  95.1%     -    1s
     0     2 56434.7303    0  158 1144905.19 56434.7303  95.1%     -    1s
   177   182 893218.640   53   84 1144905.19 71681.6399  93.7%  17.8    5s
H  290   297                    1144651.6296 71681.6399  93.7%  12.1    7s
H  333   336                    1113543.8342 71681.6399  93.6%  10.8    8s
H  359   366                    1105961.3089 71681.6399  93.5%  10.2    9s
   399   414 971157.043  148   76 1105961.31 71681.6399  93.5%   9.7   10s
   701   725 976051.035  289   67 1105961.31 71681.6399  93.5%   7.3   15s
  1093  1112 1013408.36  477   76 1105961.31 71681.6399  93.5%   6.0   20s
H 1247  1147                    1099094.2601 71681.6399  93.5%   6.6   21s
H 1261  1100                    1099047.6218 83838.2646  92.4%   6.9   22s
  1270  1106 1043205.56  381  109 1099047.62 84548.2716  92.3%   6.8   26s
  1296  1127 114375.329   50  140 1099047.62 106185.548  90.3%   7.7   30s
  1545  1272 415222.524   68  113 1099047.62 111496.763  89.9%  10.2   35s
H 1583  1236                    1099042.8750 111496.763  89.9%  10.2   35s
  1746  1340 1003448.99  116   84 1099042.88 111496.763  89.9%  10.6   40s
H 1957  1404                    1096448.5034 111496.763  89.8%  10.6   44s
  1970  1426 1037945.30  168   80 1096448.50 111496.763  89.8%  10.7   45s
  2194  1555 1064553.50  220   74 1096448.50 111496.763  89.8%  11.1   50s
H 2414  1632                    1096315.9284 131637.424  88.0%  11.6   55s
  2663  1775 631991.903   72  119 1096315.93 133255.388  87.8%  11.9   61s
H 2769  1338                    980734.30344 133255.388  86.4%  11.9   63s
  2828  1350 461192.754   61  129 980734.303 133319.602  86.4%  11.9   65s
  3121  1490 312182.496   56  141 980734.303 140263.440  85.7%  12.6   70s
  3373  1628 793283.165   75   94 980734.303 146119.398  85.1%  12.9   75s
  3694  1745 662790.861   73   97 980734.303 150875.375  84.6%  13.2   80s
  4048  1858 803974.995   82  107 980734.303 156227.074  84.1%  13.5   86s
  4263  2042 554525.290   63  119 980734.303 157691.415  83.9%  13.7   90s
  4684  2437 855142.176  147   77 980734.303 159099.288  83.8%  13.8   97s
H 4885  2795                    966122.49008 159099.288  83.5%  13.6   99s
H 4951  2759                    952541.36825 159099.288  83.3%  13.5   99s
H 4985  2753                    948750.86085 159099.288  83.2%  13.4   99s
H 4988  2752                    947434.67374 159099.288  83.2%  13.4   99s
H 5048  2741                    940526.08968 159099.288  83.1%  13.4   99s
H 5145  2734                    938761.21370 159099.288  83.1%  13.3   99s
  5315  3282 934706.525  390   55 938761.214 160943.521  82.9%  13.2  101s
H 5719  2861                    870752.99731 160943.521  81.5%  13.4  101s
H 6123  3152                    870336.85147 173381.387  80.1%  13.7  103s
H 6488  3152                    870335.64894 190103.865  78.2%  13.9  103s
  6858  3875 665491.886   68  105 870335.649 190187.413  78.1%  14.0  105s
  9516  5559 497349.930   64  117 870335.649 217676.502  75.0%  14.4  110s
 12180  7189 542855.135   64  121 870335.649 238111.854  72.6%  14.9  115s
 14427  8547     cutoff   70      870335.649 252154.457  71.0%  15.2  120s
 16102  9595 781570.691   71   99 870335.649 262293.358  69.9%  15.3  125s
H16636  9815                    869924.77365 264217.000  69.6%  15.3  126s
 18354 10936 319259.320   53  136 869924.774 272208.391  68.7%  15.4  130s
H19920 11810                    869923.57113 278656.291  68.0%  15.5  133s
 20225 11943 790387.890   80   91 869923.571 280258.714  67.8%  15.5  135s
 22187 13331 389942.795   58  128 869923.571 287325.587  67.0%  15.5  140s
 24645 14741 412270.472   59  133 869923.571 295291.584  66.1%  15.6  145s
 26917 16193 558053.263   64  121 869923.571 301689.977  65.3%  15.7  150s
 29377 17705 723256.908   73  105 869923.571 307859.866  64.6%  15.8  155s
 32200 19396 759107.356   70  109 869923.571 314500.549  63.8%  15.8  160s
H32666 19557                    869923.57103 315107.214  63.8%  15.8  160s
 34383 20681 417607.886   59  133 869923.571 318235.796  63.4%  15.8  165s
 36885 22084 387476.649   59  134 869923.571 323411.624  62.8%  15.9  170s
 39144 23475     cutoff   71      869923.571 328138.267  62.3%  15.9  175s
 41518 24958     cutoff   76      869923.571 332464.702  61.8%  15.9  180s
 43831 26316 infeasible   73      869923.571 335996.226  61.4%  15.9  185s
 46121 27691 519530.201   66  122 869923.571 340551.138  60.9%  16.0  190s
 48443 29094 401348.452   57  131 869923.571 343619.506  60.5%  16.0  195s
 51610 30986 669443.331   65  114 869923.571 347454.800  60.1%  16.0  200s
 54854 32849 427665.814   59  135 869923.571 352032.087  59.5%  16.1  205s
 57685 34491 456783.976   58  129 869923.571 355591.832  59.1%  16.1  210s
H59647 35589                    869898.63547 357765.850  58.9%  16.1  214s
H59757 35591                    869829.53886 358213.791  58.8%  16.1  216s
H59836 35660                    869829.53422 358362.188  58.8%  16.1  216s
 61322 36622 442422.457   58  130 869829.534 360372.742  58.6%  16.1  220s
 63465 37860     cutoff   73      869829.534 362506.041  58.3%  16.2  225s
 65865 39199 584773.615   63  119 869829.534 364408.989  58.1%  16.2  230s
 68093 40591 860031.330   82   98 869829.534 366109.623  57.9%  16.2  235s
 70217 41890 500089.557   60  124 869829.534 368088.816  57.7%  16.2  240s
 72549 43125 466419.994   57  128 869829.534 370237.574  57.4%  16.2  245s
 74849 44565 455399.700   60  135 869829.534 372027.849  57.2%  16.3  250s
 77009 45819 805525.995   75  100 869829.534 374188.719  57.0%  16.3  255s
 79349 47174     cutoff   80      869829.534 376078.635  56.8%  16.3  260s
 81630 48524 850003.312   73  115 869829.534 378448.501  56.5%  16.3  265s
 83917 49770 562766.754   62  122 869829.534 380532.442  56.3%  16.3  270s
 87348 51752     cutoff   74      869829.534 383148.436  56.0%  16.3  275s
 90883 53791 461854.925   61  123 869829.534 386125.782  55.6%  16.3  280s
 94434 55898 778376.571   73  111 869829.534 388896.081  55.3%  16.3  285s
 97830 57828 547629.904   62  125 869829.534 390990.054  55.0%  16.4  290s
 101337 59770 545968.369   63  121 869829.534 393422.388  54.8%  16.4  295s
 104715 61572 671824.165   71  107 869829.534 395453.418  54.5%  16.4  300s
 108202 63545 759791.680   66  107 869829.534 397191.159  54.3%  16.4  305s
 111607 65395 582299.405   64  119 869829.534 399469.107  54.1%  16.4  310s
 115091 67447 523957.540   60  117 869829.534 401198.736  53.9%  16.4  315s
 118641 69324 826361.221   71  115 869829.534 403389.954  53.6%  16.4  320s
 122127 71279     cutoff   74      869829.534 405482.199  53.4%  16.4  325s
 125597 73229 674256.571   66  113 869829.534 407633.189  53.1%  16.4  330s
 129042 75314 782969.953   73  116 869829.534 409140.601  53.0%  16.4  335s
 132372 77148 788456.771   73  111 869829.534 410880.847  52.8%  16.4  340s
 135779 79057 668601.788   64  116 869829.534 412413.070  52.6%  16.4  345s
 139185 81061 849273.556  131   81 869829.534 413751.570  52.4%  16.4  350s
 142673 83077 498181.308   59  127 869829.534 415066.025  52.3%  16.4  355s
 146135 84958 551685.447   63  120 869829.534 416483.314  52.1%  16.4  360s
H148762 86234                    869564.35949 417612.272  52.0%  16.4  364s
H148809 86315                    869564.26881 417663.962  52.0%  16.4  364s
H148995 86432                    869563.07092 417762.895  52.0%  16.4  364s
 149200 86581 866054.607   78  100 869563.071 417865.038  51.9%  16.4  365s
H151285 87455                    864987.00877 418748.015  51.6%  16.4  368s
 152580 88215 560763.141   61  121 864987.009 419347.384  51.5%  16.4  370s
H153886 88870                    864763.85409 419827.619  51.5%  16.4  372s
 155334 89669 751086.079   68   93 864763.854 420497.510  51.4%  16.4  375s
H156359 90239                    864763.85400 420864.540  51.3%  16.4  376s
H156441 90239                    864762.65576 420985.298  51.3%  16.4  376s
 158787 91594 infeasible   74      864762.656 421813.008  51.2%  16.4  380s
H160417 92384                    864761.10619 422420.745  51.2%  16.4  383s
 161792 93176 668555.565   63  116 864761.106 423093.791  51.1%  16.4  385s
 164912 94868 549899.435   65  122 864761.106 424406.354  50.9%  16.4  390s
 168294 96725 790315.665   72  120 864761.106 425970.815  50.7%  16.4  395s
 170420 97850 540086.662   62  121 864761.106 426835.653  50.6%  16.4  400s
 172737 99026 818304.062   73  107 864761.106 427949.000  50.5%  16.4  405s
H173182 98752                    859795.81221 428104.206  50.2%  16.4  406s
 174597 99506 650076.327   65  114 859795.812 428616.565  50.1%  16.4  410s
 176879 100724     cutoff   81      859795.812 429485.376  50.0%  16.4  415s
 179213 101927 637466.873   65  109 859795.812 430311.806  50.0%  16.4  420s
 181255 102919     cutoff   71      859795.812 431127.518  49.9%  16.4  425s
 183721 104201 743382.864   66  117 859795.812 431867.480  49.8%  16.4  430s
 185959 105305 786930.312   71  117 859795.812 432646.365  49.7%  16.4  435s
 188237 106494 646499.172   66  122 859795.812 433420.180  49.6%  16.4  440s
 190567 107573     cutoff   76      859795.812 434210.378  49.5%  16.4  445s
 192888 108755 541717.039   63  116 859795.812 435015.352  49.4%  16.4  450s
 195388 109996 563271.385   60  117 859795.812 435930.174  49.3%  16.4  455s
 197702 111238     cutoff   75      859795.812 436706.938  49.2%  16.4  460s
 200140 112431 731799.911   71  113 859795.812 437669.974  49.1%  16.4  465s
 202377 113488 650718.882   66  112 859795.812 438421.208  49.0%  16.4  470s
 204570 114593 843809.804   71  114 859795.812 439034.613  48.9%  16.4  475s
 206852 115761 821433.541   71  101 859795.812 439754.875  48.9%  16.4  480s
 208988 116838 525225.853   62  131 859795.812 440523.341  48.8%  16.4  485s
 211217 118003 infeasible   75      859795.812 441190.591  48.7%  16.4  490s
 213318 118929 579888.410   58  125 859795.812 441769.494  48.6%  16.4  495s
 215331 120099     cutoff   69      859795.812 442362.440  48.6%  16.4  500s
 217625 121250 580745.950   62  127 859795.812 443102.682  48.5%  16.5  505s
 219735 122344 824474.013   68  118 859795.812 443783.676  48.4%  16.5  510s
 222213 123541     cutoff   74      859795.812 444435.814  48.3%  16.5  515s
 225807 125483 485196.017   59  123 859795.812 445374.449  48.2%  16.5  520s
 228510 126783 826463.576   74  106 859795.812 446056.428  48.1%  16.5  525s
 230817 127975 551983.526   60  126 859795.812 446668.554  48.0%  16.5  530s
 233048 129064 522267.040   61  119 859795.812 447289.344  48.0%  16.5  535s
 235368 130231     cutoff   70      859795.812 447813.392  47.9%  16.5  540s
 237664 131382 515281.213   56  131 859795.812 448475.812  47.8%  16.5  545s
 239984 132535 542217.098   62  130 859795.812 449107.159  47.8%  16.5  550s
 242226 133593     cutoff   73      859795.812 449791.384  47.7%  16.5  555s
 244583 134691 544889.928   59  122 859795.812 450266.352  47.6%  16.5  560s
 246378 135655 721809.535   65  118 859795.812 450719.673  47.6%  16.5  565s
 248680 136820 794830.002   71  112 859795.812 451371.761  47.5%  16.5  570s
 250969 137995 493583.681   59  120 859795.812 452004.190  47.4%  16.5  575s
 253038 139078 592897.911   64  126 859795.812 452448.116  47.4%  16.5  580s
 255282 140190 769382.244   68  113 859795.812 452997.885  47.3%  16.5  585s
H257427 141263                    859795.50636 453593.991  47.2%  16.5  589s
 257553 141264 803961.797   75  102 859795.506 453650.040  47.2%  16.5  590s
 259341 142205     cutoff   79      859795.506 454080.006  47.2%  16.5  595s
 261683 143419     cutoff   74      859795.506 454586.821  47.1%  16.5  600s
 262986 144052     cutoff   73      859795.506 454934.253  47.1%  16.5  605s
 265096 145026 764048.521   72   97 859795.506 455473.598  47.0%  16.5  610s
 267332 146102     cutoff   74      859795.506 455992.678  47.0%  16.5  615s
 269701 147206 852258.673   72  113 859795.506 456481.217  46.9%  16.5  620s
 271664 148117 844114.891   70  119 859795.506 456865.009  46.9%  16.5  625s
 274016 149247 841620.250   74  108 859795.506 457509.564  46.8%  16.5  630s
 276116 150265 842082.495   67  110 859795.506 458023.825  46.7%  16.5  635s
 278426 151373     cutoff   67      859795.506 458545.544  46.7%  16.5  640s
 280497 152414 750395.936   73  101 859795.506 459086.435  46.6%  16.6  645s
 282854 153504 740650.641   73   99 859795.506 459553.673  46.6%  16.6  650s
 284959 154524 684421.198   66  114 859795.506 460029.060  46.5%  16.5  655s
 287237 155635 659667.313   64  124 859795.506 460495.985  46.4%  16.5  660s
 289374 156690 809329.009   67  109 859795.506 460951.881  46.4%  16.5  665s
H290013 157057                    859792.29295 461098.054  46.4%  16.5  666s
 291581 157776     cutoff   71      859792.293 461500.529  46.3%  16.6  670s
 293845 158786 576093.584   64  126 859792.293 462101.508  46.3%  16.6  675s
 296007 159850 849133.409   73  108 859792.293 462652.474  46.2%  16.6  680s
 298193 160851 613513.204   67  122 859792.293 463013.146  46.1%  16.6  685s
 300514 161918 539981.951   59  126 859792.293 463609.852  46.1%  16.6  690s
 302488 162869 562131.206   60  119 859792.293 464035.239  46.0%  16.6  695s
H302745 162906                    859564.55505 464076.917  46.0%  16.6  695s
H302771 162891                    859254.73009 464076.917  46.0%  16.6  695s
 304509 163825 664656.604   65  115 859254.730 464440.846  45.9%  16.6  700s
 306873 164933 631058.079   63  111 859254.730 464944.018  45.9%  16.6  705s
 309005 165965 857119.768   77  104 859254.730 465408.615  45.8%  16.6  710s
 311171 167068 607038.958   62  127 859254.730 465815.289  45.8%  16.6  715s
 314449 168659 665874.887   64  117 859254.730 466464.600  45.7%  16.6  720s
 317965 170416 779150.459   69  105 859254.730 467055.925  45.6%  16.6  725s
 321149 171918 747028.513   73   97 859254.730 467639.492  45.6%  16.6  730s
 324674 173544     cutoff   78      859254.730 468357.987  45.5%  16.6  735s
 327930 175028 817569.085   70  114 859254.730 468982.155  45.4%  16.6  740s
 331083 176556 646351.434   65  120 859254.730 469639.094  45.3%  16.6  745s
 334311 178036 600225.198   63  119 859254.730 470200.039  45.3%  16.6  750s
 336600 179166     cutoff   70      859254.730 470659.075  45.2%  16.6  755s
 337362 179475     cutoff   71      859254.730 470777.778  45.2%  16.6  760s
 339725 180496     cutoff   73      859254.730 471154.719  45.2%  16.6  765s
 341798 181557 644955.890   67  113 859254.730 471599.745  45.1%  16.6  770s
 343973 182508     cutoff   71      859254.730 471988.824  45.1%  16.6  775s
 346263 183492 551077.538   57  119 859254.730 472388.647  45.0%  16.6  780s
 348393 184489 565498.708   62  121 859254.730 472872.331  45.0%  16.6  785s
 350488 185495 754154.989   69   95 859254.730 473263.689  44.9%  16.6  790s
 352776 186572 842397.480   70  114 859254.730 473665.571  44.9%  16.6  795s
 354776 187525 539287.073   61  125 859254.730 473993.363  44.8%  16.6  800s
 356930 188587 682232.068   67  115 859254.730 474409.375  44.8%  16.6  805s
 359019 189543 687080.663   65  110 859254.730 474734.429  44.8%  16.6  810s
 361339 190679 667774.319   69  102 859254.730 475170.080  44.7%  16.6  815s
 363513 191630 593606.450   63  122 859254.730 475567.304  44.7%  16.6  820s
 365469 192581 679197.060   63  116 859254.730 475907.923  44.6%  16.6  825s
 367906 193753 599471.320   61  123 859254.730 476425.572  44.6%  16.6  830s
 370081 194716     cutoff   73      859254.730 476816.115  44.5%  16.6  835s
 372227 195774     cutoff   74      859254.730 477164.257  44.5%  16.6  840s
 374974 197001 618109.794   62  115 859254.730 477673.757  44.4%  16.6  845s
 378195 198579 834516.920   72  101 859254.730 478224.129  44.3%  16.6  850s
 381619 200178 799961.811   73  109 859254.730 478739.997  44.3%  16.6  855s
 384610 201527 582768.168   60  122 859254.730 479186.754  44.2%  16.6  860s
 387821 203085 722754.352   68  112 859254.730 479714.978  44.2%  16.6  865s
 391000 204547     cutoff   75      859254.730 480277.480  44.1%  16.6  870s
 394199 205958 609505.423   58  125 859254.730 480846.957  44.0%  16.6  875s
 397665 207639 646115.310   65  113 859254.730 481380.550  44.0%  16.6  880s
 400936 209161 688662.885   65  127 859254.730 481801.123  43.9%  16.6  885s
 404206 210685 545946.121   65  118 859254.730 482308.094  43.9%  16.6  890s
 407466 212233     cutoff   73      859254.730 482898.313  43.8%  16.6  895s
 410918 213973     cutoff   72      859254.730 483561.837  43.7%  16.6  900s
 413797 215288     cutoff   75      859254.730 483985.231  43.7%  16.6  905s
 417025 216750     cutoff   71      859254.730 484475.186  43.6%  16.6  910s
 420287 218217 785242.068   68  108 859254.730 485001.720  43.6%  16.6  915s
 423703 219855     cutoff   73      859254.730 485466.399  43.5%  16.6  920s
 426946 221334 527899.687   60  117 859254.730 485941.221  43.4%  16.6  925s
 430484 222967 838701.002   73  101 859254.730 486478.781  43.4%  16.6  930s
 433083 224239 704896.792   69  122 859254.730 486864.650  43.3%  16.6  935s
 436262 225752 696651.552   68  120 859254.730 487321.747  43.3%  16.6  940s
 439672 227296 585666.047   62  117 859254.730 487859.462  43.2%  16.6  945s
 442838 228676 576982.330   59  127 859254.730 488271.207  43.2%  16.6  950s
 446285 230157 605973.015   63  121 859254.730 488663.308  43.1%  16.6  955s
 449554 231715 808883.228   72  111 859254.730 489104.034  43.1%  16.6  960s
 451942 232913     cutoff   78      859254.730 489477.171  43.0%  16.6  965s
 454298 233926 691380.692   67  112 859254.730 489835.889  43.0%  16.6  970s
 456447 234885 621539.184   63  112 859254.730 490190.687  43.0%  16.6  975s
 458533 235734 654767.624   70  112 859254.730 490448.424  42.9%  16.6  980s
 460724 236787 659734.661   64  122 859254.730 490748.598  42.9%  16.6  985s
 463406 237929 784576.079   70  110 859254.730 491193.095  42.8%  16.7  990s
 466476 239200 816945.982   77  110 859254.730 491606.779  42.8%  16.7  995s
 469502 240625 648528.237   64  121 859254.730 491978.476  42.7%  16.7 1000s
H470754 241132                    859254.06870 492108.120  42.7%  16.7 1001s
 471730 241567 829320.755   75  108 859254.069 492237.060  42.7%  16.7 1005s
H473927 242507                    859247.76137 492508.702  42.7%  16.7 1008s
 475022 243017 531550.364   60  127 859247.761 492639.866  42.7%  16.7 1010s
 478304 244476 649889.109   64  117 859247.761 493015.014  42.6%  16.7 1015s
 481620 245965 675710.079   71  112 859247.761 493452.148  42.6%  16.7 1020s
 484923 247428 659634.726   68  119 859247.761 493897.528  42.5%  16.7 1025s
 488193 248927     cutoff   71      859247.761 494304.252  42.5%  16.7 1030s
 491551 250462 792393.352   73  102 859247.761 494726.143  42.4%  16.7 1035s
 494798 251911     cutoff   75      859247.761 495167.623  42.4%  16.7 1040s
 498314 253433 575260.501   65  119 859247.761 495630.189  42.3%  16.7 1045s
 501530 254979 567476.755   63  114 859247.761 496094.458  42.3%  16.7 1050s
 504343 256164 606150.523   63  119 859247.761 496408.352  42.2%  16.7 1055s
 506496 257127 695379.153   65  122 859247.761 496790.830  42.2%  16.7 1060s
 508687 258129 641010.340   64  122 859247.761 497034.483  42.2%  16.7 1065s
 511880 259652     cutoff   76      859247.761 497421.459  42.1%  16.7 1070s
 515134 261095 830826.570   69  115 859247.761 497778.491  42.1%  16.7 1075s
 517963 262402     cutoff   75      859247.761 498154.159  42.0%  16.7 1080s
 520158 263377 752462.524   71  110 859247.761 498389.932  42.0%  16.7 1085s
 522337 264358 815840.614   65  121 859247.761 498655.424  42.0%  16.7 1090s
 524558 265272     cutoff   75      859247.761 498908.285  41.9%  16.7 1095s
 526789 266322 infeasible   72      859247.761 499163.443  41.9%  16.7 1100s
 528776 267229     cutoff   76      859247.761 499416.261  41.9%  16.7 1105s
 530879 268153 734141.375   64  113 859247.761 499661.953  41.8%  16.7 1110s
 533051 269017 infeasible   72      859247.761 499887.570  41.8%  16.7 1115s
 535212 270017     cutoff   76      859247.761 500137.348  41.8%  16.7 1120s
 537374 270962     cutoff   76      859247.761 500464.393  41.8%  16.7 1125s
 539298 271810     cutoff   75      859247.761 500661.745  41.7%  16.7 1130s
 541463 272790 810842.575   71  102 859247.761 500941.395  41.7%  16.7 1135s
H541695 272876                    859150.18104 500966.446  41.7%  16.7 1135s
 543217 273607 545203.197   61  116 859150.181 501127.532  41.7%  16.7 1140s
 545396 274590 551213.987   59  130 859150.181 501389.453  41.6%  16.7 1145s
 547341 275450 662177.409   65  117 859150.181 501644.242  41.6%  16.7 1150s
 549555 276404 785641.803   72  111 859150.181 501909.409  41.6%  16.7 1155s
 551128 277099 555021.806   62  123 859150.181 502108.372  41.6%  16.7 1160s
 553418 278092 717645.140   68  123 859150.181 502348.290  41.5%  16.7 1165s
 555330 278878     cutoff   73      859150.181 502519.846  41.5%  16.7 1170s
 557508 279919 746032.695   64  113 859150.181 502799.781  41.5%  16.7 1175s
 559422 280821 548171.387   64  124 859150.181 503019.561  41.5%  16.7 1180s
 561718 281836 703086.157   65  112 859150.181 503261.925  41.4%  16.7 1185s
 563967 282885 819144.917   72  110 859150.181 503584.041  41.4%  16.7 1190s
 566208 283876     cutoff   73      859150.181 503839.287  41.4%  16.7 1195s
 568199 284761 628238.198   63  116 859150.181 504064.428  41.3%  16.7 1200s
 570427 285768 775250.453   72  110 859150.181 504311.374  41.3%  16.7 1205s
 572690 286750 586269.283   63  119 859150.181 504546.284  41.3%  16.7 1210s
 574739 287635     cutoff   68      859150.181 504789.099  41.2%  16.7 1215s
 576964 288594     cutoff   72      859150.181 505035.110  41.2%  16.7 1220s
 579116 289560 787622.298   69  109 859150.181 505259.393  41.2%  16.7 1225s
 581315 290549 606076.050   61  119 859150.181 505498.756  41.2%  16.7 1230s
 583503 291576 614326.547   62  114 859150.181 505736.689  41.1%  16.7 1235s
 585732 292577 727404.430   72  106 859150.181 505971.119  41.1%  16.7 1240s
 587963 293543 611563.739   66  120 859150.181 506168.780  41.1%  16.7 1245s
 590038 294487 672958.739   67  112 859150.181 506407.274  41.1%  16.7 1250s
 592257 295447 554012.902   63  122 859150.181 506619.183  41.0%  16.7 1255s
 594462 296459 699600.241   68  120 859150.181 506846.216  41.0%  16.7 1260s
 596496 297266 649978.362   64  111 859150.181 507021.966  41.0%  16.7 1265s
 598585 298271 570705.205   59  121 859150.181 507235.689  41.0%  16.7 1270s
 600841 299197 671865.206   63  109 859150.181 507522.383  40.9%  16.7 1275s
 603037 300194 640812.295   65  110 859150.181 507744.352  40.9%  16.7 1280s
 605339 301142 641255.206   66  118 859150.181 507939.778  40.9%  16.7 1285s
 607394 302008 830099.329   70  112 859150.181 508152.850  40.9%  16.7 1290s
 608932 302653 604861.454   63  124 859150.181 508302.242  40.8%  16.7 1295s
 610887 303514     cutoff   78      859150.181 508541.519  40.8%  16.7 1300s
 613204 304459 636626.326   63  123 859150.181 508819.945  40.8%  16.7 1305s
 615288 305365 555209.553   60  129 859150.181 509045.352  40.8%  16.7 1310s
 617367 306358 759297.881   72  113 859150.181 509220.435  40.7%  16.7 1315s
 619693 307408 549774.632   58  133 859150.181 509483.697  40.7%  16.7 1320s
 621689 308358     cutoff   72      859150.181 509673.629  40.7%  16.7 1325s
 623877 309280 629396.302   64  121 859150.181 509887.470  40.7%  16.7 1330s
 626064 310323 706347.556   68  108 859150.181 510110.298  40.6%  16.7 1335s
 628092 311149     cutoff   75      859150.181 510309.026  40.6%  16.7 1340s
 630250 312095 640073.106   66  126 859150.181 510531.859  40.6%  16.7 1345s
 632059 312942 759118.082   70  111 859150.181 510705.720  40.6%  16.7 1350s
 634113 313779 694069.684   67  117 859150.181 510929.207  40.5%  16.7 1355s
 636343 314742     cutoff   72      859150.181 511167.109  40.5%  16.7 1360s
 638558 315670     cutoff   71      859150.181 511400.569  40.5%  16.7 1365s
 640833 316677     cutoff   68      859150.181 511625.180  40.4%  16.7 1370s
 643087 317742 842481.081   71  114 859150.181 511904.145  40.4%  16.7 1375s
 645139 318735 567615.265   61  122 859150.181 512091.128  40.4%  16.7 1380s
 647480 319786 742906.989   69  110 859150.181 512327.038  40.4%  16.7 1385s
 649676 320816 816545.625   73  108 859150.181 512536.012  40.3%  16.7 1390s
 651677 321663 653373.242   65  116 859150.181 512724.077  40.3%  16.7 1395s
 653469 322504 757266.586   69  110 859150.181 512879.462  40.3%  16.7 1400s
 655493 323298     cutoff   72      859150.181 513087.251  40.3%  16.7 1405s
 657525 324175 633837.709   68  113 859150.181 513289.468  40.3%  16.7 1410s
 659829 325144 763232.239   72  108 859150.181 513493.275  40.2%  16.7 1415s
 661828 325948 793749.344   71  111 859150.181 513714.820  40.2%  16.7 1420s
 664106 326891 733337.980   69  110 859150.181 513936.436  40.2%  16.7 1425s
 666162 327779     cutoff   77      859150.181 514159.565  40.2%  16.7 1430s
 668355 328823 833907.748   77  108 859150.181 514362.271  40.1%  16.7 1435s
 670387 329709 699613.264   67  120 859150.181 514537.104  40.1%  16.8 1440s
 672291 330488 591714.930   62  114 859150.181 514726.392  40.1%  16.8 1445s
 674502 331548 635798.546   65  118 859150.181 514959.205  40.1%  16.8 1450s
 676582 332489 576705.529   60  124 859150.181 515187.868  40.0%  16.8 1455s
 678653 333407 726387.846   71  105 859150.181 515386.432  40.0%  16.8 1460s
 681016 334319 600916.304   62  125 859150.181 515578.130  40.0%  16.8 1465s
 683094 335218 552975.083   64  118 859150.181 515763.362  40.0%  16.8 1470s
 685399 336264 691461.239   66  117 859150.181 515985.610  39.9%  16.8 1475s
 687521 337264 637940.373   64  118 859150.181 516178.739  39.9%  16.7 1480s
 689769 338246     cutoff   74      859150.181 516368.759  39.9%  16.8 1485s
 691745 339156 816837.258   73  106 859150.181 516552.408  39.9%  16.8 1490s
 693992 340067 584516.549   63  120 859150.181 516739.749  39.9%  16.8 1495s
 696736 341242 673768.042   62  118 859150.181 516989.440  39.8%  16.8 1500s
 699672 342441     cutoff   71      859150.181 517249.812  39.8%  16.8 1505s
 703008 343928 815677.549   76  106 859150.181 517570.798  39.8%  16.8 1510s
 706233 345233 798024.039   71  107 859150.181 517850.799  39.7%  16.8 1515s
 709608 346734 635094.932   60  121 859150.181 518156.118  39.7%  16.8 1520s
 712638 348032 606957.910   60  124 859150.181 518373.540  39.7%  16.8 1525s
 715732 349450 626422.340   65  110 859150.181 518639.138  39.6%  16.8 1530s
 718753 350723 622018.830   63  125 859150.181 518908.934  39.6%  16.8 1535s
 721227 351820 661488.450   69  118 859150.181 519114.144  39.6%  16.8 1540s
 724530 353271     cutoff   73      859150.181 519408.929  39.5%  16.8 1545s
 727002 354274 608988.173   64  120 859150.181 519634.912  39.5%  16.8 1550s
 729132 355156 622371.331   62  125 859150.181 519819.144  39.5%  16.8 1555s
 731631 356171 845536.565   70  113 859150.181 520044.824  39.5%  16.8 1560s
 734888 357555 582383.324   63  123 859150.181 520312.762  39.4%  16.8 1565s
 738216 359022 584299.211   60  124 859150.181 520569.012  39.4%  16.8 1570s
 741360 360429 689780.017   67  106 859150.181 520845.508  39.4%  16.8 1575s
 744255 361512     cutoff   67      859150.181 521117.558  39.3%  16.8 1580s
 746642 362583 636222.736   64  121 859150.181 521274.300  39.3%  16.8 1585s
 748655 363501 596548.710   64  119 859150.181 521414.346  39.3%  16.8 1590s
 751014 364432 780252.617   70  109 859150.181 521597.324  39.3%  16.8 1595s
 753090 365399     cutoff   75      859150.181 521797.259  39.3%  16.8 1600s
 755273 366319     cutoff   72      859150.181 521989.944  39.2%  16.8 1605s
 757336 367186 810693.786   76   95 859150.181 522196.008  39.2%  16.8 1610s
 759554 368095 648753.702   65  120 859150.181 522445.327  39.2%  16.8 1615s
 761589 368919 693453.580   69  118 859150.181 522587.398  39.2%  16.8 1620s
 763843 369829 750165.949   66  110 859150.181 522772.446  39.2%  16.8 1625s
 765468 370607     cutoff   71      859150.181 522904.701  39.1%  16.8 1630s
 767587 371544 753335.082   71  102 859150.181 523076.792  39.1%  16.8 1635s
 769762 372565 586447.216   63  116 859150.181 523229.177  39.1%  16.8 1640s
 771838 373444 831321.940   71  111 859150.181 523415.401  39.1%  16.8 1645s
 773885 374334     cutoff   74      859150.181 523573.145  39.1%  16.8 1650s
 776755 375700 625394.470   66  112 859150.181 523787.882  39.0%  16.8 1655s
 779974 377090     cutoff   75      859150.181 524023.694  39.0%  16.8 1660s
 783223 378596     cutoff   71      859150.181 524257.089  39.0%  16.8 1665s
 786237 379862 563848.903   64  122 859150.181 524490.196  39.0%  16.8 1670s
 789458 381278 763307.106   72  105 859150.181 524723.860  38.9%  16.8 1675s
 791912 382158 683018.814   63  112 859150.181 524924.733  38.9%  16.8 1680s
 794081 383011     cutoff   68      859150.181 525105.207  38.9%  16.8 1685s
 796445 384021 633267.833   64  111 859150.181 525306.226  38.9%  16.8 1690s
 798416 384971 855100.424   70  108 859150.181 525489.201  38.8%  16.8 1695s
 800547 385878 825621.544   75  104 859150.181 525673.181  38.8%  16.8 1700s
 802794 386730 729476.282   68  111 859150.181 525875.375  38.8%  16.8 1705s
 804774 387640 766027.155   68  106 859150.181 526020.967  38.8%  16.8 1710s
 806994 388603     cutoff   77      859150.181 526163.018  38.8%  16.8 1715s
 809070 389378 855724.000   70  114 859150.181 526323.624  38.7%  16.8 1720s
 811262 390369 712374.877   72   99 859150.181 526472.211  38.7%  16.8 1725s
 813196 391235 827758.527   67  118 859150.181 526615.109  38.7%  16.8 1730s
 815347 392197 762109.089   73  106 859150.181 526762.235  38.7%  16.8 1735s
 817482 393157 709752.814   69  108 859150.181 526909.267  38.7%  16.8 1740s
 819595 393959 858230.180   65  113 859150.181 527067.287  38.7%  16.8 1745s
 821841 394940 816779.328   72  108 859150.181 527239.964  38.6%  16.8 1750s
 823757 395837     cutoff   72      859150.181 527405.280  38.6%  16.8 1755s
 825985 396854 741419.931   66  113 859150.181 527557.874  38.6%  16.8 1760s
 828118 397761 infeasible   69      859150.181 527747.081  38.6%  16.8 1765s
 830198 398669 788039.843   71  107 859150.181 527885.513  38.6%  16.8 1770s
 832341 399437 608051.251   63  116 859150.181 528041.342  38.5%  16.8 1775s
 834255 400394 791219.897   69  116 859150.181 528198.922  38.5%  16.8 1780s
 836375 401329 632369.305   64  118 859150.181 528360.611  38.5%  16.8 1785s
 838464 402291 617656.350   64  120 859150.181 528514.921  38.5%  16.8 1790s
 840818 403346 694635.452   67  117 859150.181 528716.656  38.5%  16.8 1795s
 842865 404225 624027.583   66  116 859150.181 528863.441  38.4%  16.8 1800s
 844801 404997 708218.701   69  123 859150.181 529011.294  38.4%  16.8 1805s
 847922 406157 794502.359   74  105 859150.181 529230.982  38.4%  16.8 1810s
 851297 407667 773657.384   70  106 859150.181 529464.191  38.4%  16.8 1815s
 854649 409201 752341.692   68  113 859150.181 529718.563  38.3%  16.8 1820s
 857868 410507     cutoff   70      859150.181 529972.379  38.3%  16.8 1825s
 860605 411707     cutoff   74      859150.181 530197.765  38.3%  16.8 1830s
 864024 413133 843692.285   70  111 859150.181 530459.895  38.3%  16.8 1835s
 866747 414307 602209.090   63  123 859150.181 530648.423  38.2%  16.8 1840s
 868965 415199 584030.961   63  125 859150.181 530793.407  38.2%  16.8 1845s
 871098 416061     cutoff   72      859150.181 530941.135  38.2%  16.8 1850s
 873215 416978     cutoff   73      859150.181 531098.215  38.2%  16.8 1855s
 875451 417920 647040.667   62  120 859150.181 531241.165  38.2%  16.8 1860s
 877628 418865 834824.118   72  109 859150.181 531417.412  38.1%  16.8 1865s
 880030 419901 690890.837   63  116 859150.181 531586.706  38.1%  16.8 1870s
 882168 420821 828909.830   69  111 859150.181 531744.254  38.1%  16.8 1875s
 884253 421682     cutoff   73      859150.181 531903.157  38.1%  16.8 1880s
 886407 422580 824499.305   66  117 859150.181 532051.581  38.1%  16.8 1885s
 888565 423570 830096.588   74  114 859150.181 532218.821  38.1%  16.8 1890s
 890631 424373 677124.810   65  112 859150.181 532334.458  38.0%  16.8 1895s
 892590 425206 627065.077   65  120 859150.181 532493.225  38.0%  16.8 1900s
 894714 426133 792884.805   71  109 859150.181 532678.876  38.0%  16.8 1905s
 896828 426943 656347.086   65  115 859150.181 532836.843  38.0%  16.8 1910s
 898636 427750     cutoff   72      859150.181 532965.974  38.0%  16.8 1915s
 900777 428666 700639.169   62  122 859150.181 533113.672  37.9%  16.8 1920s
 902799 429505     cutoff   69      859150.181 533255.840  37.9%  16.8 1925s
 904817 430338 798445.373   70  115 859150.181 533361.494  37.9%  16.8 1930s
 907210 431287 759994.734   69  107 859150.181 533543.546  37.9%  16.8 1935s
 909403 432265 703763.859   66  118 859150.181 533698.988  37.9%  16.8 1940s
 911579 433095 683382.023   64  128 859150.181 533861.151  37.9%  16.8 1945s
 913695 433889     cutoff   73      859150.181 534021.498  37.8%  16.8 1950s
 915917 434819 723075.437   70  103 859150.181 534168.258  37.8%  16.8 1955s
 918060 435652     cutoff   77      859150.181 534316.426  37.8%  16.8 1960s
 919762 436384 800576.530   71  115 859150.181 534454.363  37.8%  16.8 1965s
 921969 437325 806055.469   74  103 859150.181 534603.172  37.8%  16.8 1970s
 925307 438597 604863.911   65  115 859150.181 534822.120  37.7%  16.8 1975s
 928446 439997 645934.642   65  116 859150.181 535045.729  37.7%  16.8 1980s
 931457 441315     cutoff   71      859150.181 535237.179  37.7%  16.8 1985s
 934891 442790     cutoff   73      859150.181 535461.474  37.7%  16.8 1990s
 938216 444216     cutoff   71      859150.181 535714.517  37.6%  16.8 1995s
 941134 445409     cutoff   70      859150.181 535918.316  37.6%  16.8 2000s
 944483 446855 621676.689   64  115 859150.181 536124.551  37.6%  16.8 2005s
 947459 448159 610724.919   62  129 859150.181 536306.964  37.6%  16.8 2010s
 950762 449502 733440.527   69  107 859150.181 536536.198  37.6%  16.8 2015s
 954085 450875 637072.392   64  118 859150.181 536753.021  37.5%  16.8 2020s
 957220 452245 774749.429   76  102 859150.181 536961.833  37.5%  16.8 2025s
 960560 453614 684293.348   67  112 859150.181 537195.243  37.5%  16.8 2030s
 963631 454896 733406.626   66  118 859150.181 537376.294  37.5%  16.8 2035s
 966665 456130 604434.159   65  113 859150.181 537560.401  37.4%  16.8 2040s
 969808 457509 841145.996   71  108 859150.181 537785.201  37.4%  16.8 2045s
 973208 459017 606562.121   66  118 859150.181 538012.579  37.4%  16.8 2050s
 976111 460123 604846.362   64  115 859150.181 538189.750  37.4%  16.8 2055s
 979116 461334 731139.244   73  114 859150.181 538356.254  37.3%  16.8 2060s
 982259 462509 842546.004   69  108 859150.181 538555.845  37.3%  16.8 2065s
 985496 463847     cutoff   75      859150.181 538770.882  37.3%  16.8 2070s
 988906 465244     cutoff   74      859150.181 538983.026  37.3%  16.8 2075s
 992145 466498 758350.289   69  106 859150.181 539148.101  37.2%  16.8 2080s
 994636 467613 707640.200   69  100 859150.181 539285.287  37.2%  16.8 2085s
 996692 468512 655323.992   66  121 859150.181 539391.400  37.2%  16.8 2090s
 998742 469304 846766.882   71  107 859150.181 539505.430  37.2%  16.8 2095s
 1000700 470111 784340.561   66  114 859150.181 539629.634  37.2%  16.8 2100s
 1002943 471073 678247.061   67  110 859150.181 539756.747  37.2%  16.8 2105s
 1004937 471850     cutoff   73      859150.181 539857.485  37.2%  16.8 2110s
 1006934 472667     cutoff   72      859150.181 539978.453  37.1%  16.8 2115s
 1009120 473595 778019.385   71  119 859150.181 540112.048  37.1%  16.8 2120s
 1011271 474487     cutoff   73      859150.181 540266.704  37.1%  16.8 2125s
 1013209 475280 605230.768   62  119 859150.181 540403.721  37.1%  16.8 2130s
 1015072 475954 706305.915   65  110 859150.181 540490.950  37.1%  16.8 2135s
 1017267 476938 609528.903   64  120 859150.181 540613.105  37.1%  16.8 2140s
 1019516 477867 660225.973   65  121 859150.181 540754.915  37.1%  16.8 2145s
 1021766 478765 607291.124   61  130 859150.181 540888.709  37.0%  16.8 2150s
 1023527 479474 827371.661   70  101 859150.181 540976.320  37.0%  16.8 2155s
 1025779 480311 832858.498   69  107 859150.181 541107.710  37.0%  16.8 2160s
 1027906 481230 725249.960   63  115 859150.181 541234.243  37.0%  16.8 2165s
 1029773 482037 653546.392   65  119 859150.181 541358.416  37.0%  16.8 2170s
 1031769 482769 597510.709   66  121 859150.181 541486.847  37.0%  16.8 2175s
 1033872 483737 700162.212   65  112 859150.181 541638.827  37.0%  16.8 2180s
 1035955 484565 821677.340   71  114 859150.181 541772.727  36.9%  16.8 2185s
 1038310 485534 763786.267   70  118 859150.181 541880.259  36.9%  16.8 2190s
 1040411 486361     cutoff   80      859150.181 542025.973  36.9%  16.8 2195s
 1043324 487629 721545.165   68  108 859150.181 542191.851  36.9%  16.8 2200s
 1046077 488793 706848.607   66  107 859150.181 542358.962  36.9%  16.8 2205s
 1049278 490031 820622.233   66  113 859150.181 542565.770  36.8%  16.8 2210s
 1052617 491378 760604.735   68  113 859150.181 542749.477  36.8%  16.8 2215s
 1055853 492736 593479.888   62  121 859150.181 542931.603  36.8%  16.8 2220s
 1059066 494054 579552.619   59  129 859150.181 543111.473  36.8%  16.8 2225s
 1062257 495409 729635.368   64  109 859150.181 543284.233  36.8%  16.8 2230s
 1064501 496314 618308.821   63  116 859150.181 543431.265  36.7%  16.8 2235s
 1066496 497111 620151.614   62  122 859150.181 543541.430  36.7%  16.8 2240s
 1068883 498079 633103.471   63  123 859150.181 543673.815  36.7%  16.8 2245s
 1072126 499436 716465.733   70  108 859150.181 543879.895  36.7%  16.8 2250s
 1073900 500150 603868.814   65  119 859150.181 543972.465  36.7%  16.8 2255s
 1076030 500988 601207.815   66  114 859150.181 544106.656  36.7%  16.8 2260s
 1077981 501803     cutoff   71      859150.181 544207.896  36.7%  16.8 2265s
 1079910 502497     cutoff   72      859150.181 544313.118  36.6%  16.8 2270s
 1082198 503445 778573.820   71  104 859150.181 544465.315  36.6%  16.8 2275s
 1084091 504188 803308.236   66  109 859150.181 544566.281  36.6%  16.8 2280s
 1086183 505048 608175.385   63  122 859150.181 544642.770  36.6%  16.8 2285s
 1088188 505843 782843.331   67  107 859150.181 544743.546  36.6%  16.8 2290s
 1090427 506629 763421.729   68  111 859150.181 544862.976  36.6%  16.8 2295s
 1092359 507370 804145.383   69  110 859150.181 544947.103  36.6%  16.8 2300s
 1094573 508246 850448.239   71  110 859150.181 545058.038  36.6%  16.8 2305s
 1096607 509112 853276.513   71  113 859150.181 545174.186  36.5%  16.8 2310s
 1098382 509788     cutoff   74      859150.181 545276.869  36.5%  16.8 2315s
 1100634 510574 739126.275   65  111 859150.181 545393.702  36.5%  16.8 2320s
 1102603 511380 844674.258   72  112 859150.181 545504.961  36.5%  16.8 2325s
H1103768 511795                    859147.22863 545579.592  36.5%  16.8 2327s
 1104368 512124 823558.310   69  115 859147.229 545613.984  36.5%  16.8 2330s
 1106703 513050 749143.594   67  117 859147.229 545739.999  36.5%  16.8 2335s
 1108754 513865 848659.997   76  107 859147.229 545828.294  36.5%  16.8 2340s
 1110708 514610     cutoff   82      859147.229 545966.139  36.5%  16.8 2345s
 1112811 515439 630198.295   62  120 859147.229 546079.604  36.4%  16.8 2350s
 1114901 516223     cutoff   79      859147.229 546206.745  36.4%  16.8 2355s
 1117077 517071 702846.042   66  106 859147.229 546349.094  36.4%  16.8 2360s
 1119089 517837 849603.786   72  112 859147.229 546439.607  36.4%  16.8 2365s
 1121410 518744 729226.596   71  101 859147.229 546576.513  36.4%  16.8 2370s
 1123446 519599     cutoff   75      859147.229 546705.198  36.4%  16.8 2375s
 1125787 520530 682546.367   68  117 859147.229 546830.939  36.4%  16.8 2380s
 1127923 521420 617982.679   66  112 859147.229 546952.148  36.3%  16.8 2385s
 1129923 522257 646526.252   64  124 859147.229 547057.415  36.3%  16.8 2390s
 1132079 523202 812215.798   71  116 859147.229 547161.228  36.3%  16.8 2395s
 1134240 524066 683136.946   65  121 859147.229 547271.607  36.3%  16.8 2400s
 1136186 524895     cutoff   73      859147.229 547383.489  36.3%  16.8 2405s
 1137992 525615 622610.568   61  118 859147.229 547462.022  36.3%  16.8 2410s
 1139973 526400 857587.902   70  120 859147.229 547574.340  36.3%  16.8 2415s
 1142077 527264 680473.065   67  120 859147.229 547676.311  36.3%  16.8 2420s
 1144129 528075 631661.387   64  123 859147.229 547793.251  36.2%  16.8 2425s
 1146181 528903 655890.173   66  115 859147.229 547903.986  36.2%  16.8 2430s
 1148034 529650 827665.411   73  109 859147.229 548021.208  36.2%  16.8 2435s
 1150288 530595 663195.145   63  117 859147.229 548138.809  36.2%  16.8 2440s
 1152356 531431 766158.615   66  108 859147.229 548238.581  36.2%  16.8 2445s
 1154466 532314     cutoff   75      859147.229 548346.406  36.2%  16.8 2450s
 1156538 533110     cutoff   71      859147.229 548440.823  36.2%  16.8 2455s
 1158654 533903 761884.535   65  109 859147.229 548577.813  36.1%  16.8 2460s
 1160258 534473 632812.565   64  114 859147.229 548661.883  36.1%  16.8 2465s
 1162359 535356 663641.209   65  110 859147.229 548782.796  36.1%  16.8 2470s
 1164522 536215 594132.954   63  133 859147.229 548882.689  36.1%  16.8 2475s
 1166574 537004     cutoff   73      859147.229 548992.469  36.1%  16.8 2480s
 1168565 537666 699005.261   77  105 859147.229 549107.914  36.1%  16.8 2485s
 1170870 538544 642219.277   64  120 859147.229 549221.117  36.1%  16.8 2490s
H1171263 537141                    855115.12934 549244.169  35.8%  16.8 2491s
H1171298 537227                    855114.41367 549244.169  35.8%  16.8 2492s
 1172512 537735 812320.805   69  113 855114.414 549309.726  35.8%  16.8 2495s
 1174336 538346 626783.381   60  128 855114.414 549390.511  35.8%  16.8 2500s
 1176396 539058 844142.415   70  112 855114.414 549491.962  35.7%  16.8 2505s
 1178253 539794 694333.354   64  118 855114.414 549563.750  35.7%  16.8 2510s
 1180358 540606 756208.775   70  116 855114.414 549669.950  35.7%  16.8 2515s
 1182344 541315 713622.169   63  126 855114.414 549781.524  35.7%  16.8 2520s
 1184586 542166 631263.883   62  123 855114.414 549910.415  35.7%  16.8 2525s
 1186739 542961 752767.256   66  120 855114.414 550007.887  35.7%  16.8 2530s
 1188425 543626     cutoff   76      855114.414 550089.700  35.7%  16.8 2535s
 1190525 544426     cutoff   72      855114.414 550217.339  35.7%  16.8 2540s
 1192638 545282     cutoff   73      855114.414 550304.404  35.6%  16.8 2545s
 1194685 546079 638669.681   64  108 855114.414 550415.451  35.6%  16.8 2550s
 1196657 546802 597055.354   58  129 855114.414 550527.178  35.6%  16.8 2555s
 1198783 547562 816425.073   71  110 855114.414 550623.865  35.6%  16.8 2560s
 1200595 548223 775730.232   68  107 855114.414 550709.967  35.6%  16.8 2565s
 1202639 548990 621661.900   62  119 855114.414 550814.520  35.6%  16.8 2570s
 1204313 549609 726787.611   64  116 855114.414 550900.969  35.6%  16.8 2575s
 1206501 550522 695723.569   66  117 855114.414 551008.760  35.6%  16.8 2580s
 1208761 551387 842025.231   71  116 855114.414 551100.106  35.6%  16.8 2585s
 1210766 552067 635205.847   65  120 855114.414 551212.018  35.5%  16.8 2590s
 1212630 552670     cutoff   69      855114.414 551291.372  35.5%  16.8 2595s
 1214872 553570 606516.239   66  116 855114.414 551443.150  35.5%  16.8 2600s
 1216985 554379 736795.214   70  109 855114.414 551542.870  35.5%  16.8 2605s
 1219005 555177 646492.147   67  115 855114.414 551646.458  35.5%  16.8 2610s
 1221360 556037 801798.583   68  113 855114.414 551756.994  35.5%  16.8 2615s
 1223311 556771     cutoff   71      855114.414 551864.975  35.5%  16.8 2620s
 1225338 557618 632991.658   66  118 855114.414 551962.658  35.5%  16.8 2625s
 1227702 558554     cutoff   71      855114.414 552086.190  35.4%  16.8 2630s
 1229766 559310     cutoff   70      855114.414 552162.897  35.4%  16.8 2635s
 1231822 560111     cutoff   83      855114.414 552274.584  35.4%  16.8 2640s
 1233398 560704 825513.082   73  103 855114.414 552348.860  35.4%  16.8 2645s
 1235254 561464 826906.878   72  103 855114.414 552438.804  35.4%  16.8 2650s
 1237562 562330 678316.129   67  109 855114.414 552541.181  35.4%  16.8 2655s
 1240388 563307 712098.309   69   96 855114.414 552680.324  35.4%  16.8 2660s
 1242615 564029     cutoff   73      855114.414 552807.467  35.4%  16.8 2665s
 1244635 564751     cutoff   79      855114.414 552918.536  35.3%  16.8 2670s
 1246775 565539 670311.290   66  115 855114.414 553037.450  35.3%  16.8 2675s
 1249121 566416     cutoff   70      855114.414 553160.894  35.3%  16.8 2680s
 1251131 567218 835530.214   72  109 855114.414 553239.087  35.3%  16.8 2685s
 1253427 567970 746339.709   68  112 855114.414 553342.872  35.3%  16.8 2690s
 1255439 568690 648300.859   62  125 855114.414 553421.808  35.3%  16.8 2695s
 1257493 569490 691757.273   63  119 855114.414 553539.867  35.3%  16.8 2700s
 1259727 570227 713003.416   66  115 855114.414 553650.544  35.3%  16.8 2705s
 1261908 571054 613117.216   62  121 855114.414 553726.098  35.2%  16.8 2710s
 1264037 571938 660045.392   63  118 855114.414 553820.446  35.2%  16.8 2715s
 1267001 573073 670537.307   67  109 855114.414 553943.253  35.2%  16.8 2720s
 1269920 574221     cutoff   75      855114.414 554094.344  35.2%  16.8 2725s
 1272997 575346     cutoff   72      855114.414 554239.121  35.2%  16.8 2730s
 1275356 576170 815385.836   73  109 855114.414 554358.077  35.2%  16.8 2735s
 1277396 576940 733484.698   70  111 855114.414 554435.430  35.2%  16.8 2740s
 1279730 577767     cutoff   73      855114.414 554541.278  35.2%  16.8 2745s
 1281729 578478     cutoff   70      855114.414 554637.200  35.1%  16.8 2750s
 1283923 579321     cutoff   74      855114.414 554720.532  35.1%  16.8 2755s
 1286023 580039     cutoff   68      855114.414 554808.187  35.1%  16.8 2760s
 1287728 580825 infeasible   70      855114.414 554888.025  35.1%  16.8 2765s
 1289851 581524 716303.230   62  109 855114.414 554985.068  35.1%  16.8 2770s
 1291852 582231 829880.802   66  111 855114.414 555074.224  35.1%  16.8 2775s
 1293995 583064 785347.679   70  106 855114.414 555160.446  35.1%  16.8 2780s
 1296077 583907 656920.915   63  124 855114.414 555256.148  35.1%  16.8 2785s
 1298242 584677     cutoff   73      855114.414 555333.870  35.1%  16.8 2791s
 1299608 585268 764957.769   69  107 855114.414 555392.039  35.1%  16.8 2795s
 1301667 586043 675911.298   66  110 855114.414 555476.903  35.0%  16.9 2800s
 1303908 586866     cutoff   76      855114.414 555559.929  35.0%  16.9 2805s
 1306430 587797 838591.217   73  110 855114.414 555698.421  35.0%  16.9 2810s
 1309672 589066 796053.453   69  116 855114.414 555849.123  35.0%  16.9 2815s
 1312735 590225 578320.185   64  119 855114.414 556016.016  35.0%  16.9 2820s
 1315115 591135     cutoff   74      855114.414 556135.813  35.0%  16.9 2825s
 1317037 591901 705446.490   70  109 855114.414 556224.538  35.0%  16.9 2830s
 1319042 592663     cutoff   68      855114.414 556321.943  34.9%  16.9 2835s
 1321238 593462 798747.547   65  127 855114.414 556421.046  34.9%  16.9 2840s
 1323167 594180 736469.820   73  107 855114.414 556497.392  34.9%  16.9 2845s
H1324156 594446                    855042.00620 556543.219  34.9%  16.9 2847s
H1324321 594481                    855041.52351 556544.415  34.9%  16.9 2848s
 1324852 594781 758265.059   69  112 855041.524 556577.022  34.9%  16.9 2850s
 1326873 595528 784799.003   70  101 855041.524 556662.557  34.9%  16.9 2855s
 1328925 596298     cutoff   78      855041.524 556754.080  34.9%  16.9 2860s
 1330450 596823 677012.326   60  122 855041.524 556831.001  34.9%  16.9 2865s
 1332716 597599     cutoff   73      855041.524 556917.640  34.9%  16.9 2870s
 1334809 598306 715402.008   61  112 855041.524 557004.780  34.9%  16.9 2875s
 1336773 599035 780345.647   70  108 855041.524 557093.646  34.8%  16.9 2880s
H1337043 599067                    855033.45043 557104.310  34.8%  16.9 2880s
 1338152 599531 605857.267   62  123 855033.450 557150.759  34.8%  16.9 2885s
 1340187 600290 775423.524   68  102 855033.450 557229.957  34.8%  16.9 2890s
H1342082 600974                    855033.08880 557295.021  34.8%  16.9 2894s
 1342263 601036     cutoff   70      855033.089 557305.427  34.8%  16.9 2895s
 1344353 601838     cutoff   68      855033.089 557396.246  34.8%  16.9 2900s
 1346487 602639 822144.279   70  106 855033.089 557500.261  34.8%  16.9 2905s
 1348561 603488 697732.298   65  112 855033.089 557603.375  34.8%  16.9 2910s
 1351002 604393 610441.555   63  116 855033.089 557704.496  34.8%  16.9 2915s
 1354193 605447 730824.972   68  109 855033.089 557835.676  34.8%  16.9 2920s
 1357523 606691     cutoff   73      855033.089 557996.208  34.7%  16.9 2925s
 1360759 607828 768791.998   72  110 855033.089 558133.909  34.7%  16.9 2930s
 1363822 608909     cutoff   79      855033.089 558261.840  34.7%  16.9 2935s
 1367068 610009 725002.122   63  127 855033.089 558414.926  34.7%  16.9 2940s
 1369496 610877 782651.140   71  111 855033.089 558524.078  34.7%  16.9 2945s
 1371462 611585 847031.466   70  112 855033.089 558612.518  34.7%  16.9 2950s
 1373652 612458 847047.790   69  111 855033.089 558713.853  34.7%  16.9 2955s
 1375815 613269 773193.729   73  102 855033.089 558812.907  34.6%  16.9 2960s
 1377646 613941 590779.868   67  115 855033.089 558910.861  34.6%  16.9 2965s
 1379936 614776 702805.707   71  108 855033.089 558995.768  34.6%  16.9 2970s
 1381753 615416     cutoff   73      855033.089 559084.286  34.6%  16.9 2975s
 1383925 616245 656645.155   67  116 855033.089 559184.591  34.6%  16.9 2980s
 1386025 616995 769716.183   69  119 855033.089 559281.226  34.6%  16.9 2985s
 1388105 617781     cutoff   70      855033.089 559386.276  34.6%  16.9 2990s
 1390065 618503     cutoff   74      855033.089 559474.929  34.6%  16.9 2995s
 1392173 619289 752198.521   70  107 855033.089 559567.807  34.6%  16.9 3000s
 1394267 620094 635696.777   66  120 855033.089 559653.953  34.5%  16.9 3005s
 1396283 620844 843748.216   63  125 855033.089 559737.674  34.5%  16.9 3010s
 1397569 621304 642923.356   65  117 855033.089 559801.250  34.5%  16.9 3015s
 1399751 622080 764447.206   68  113 855033.089 559901.634  34.5%  16.9 3020s
 1401911 622874 805399.318   67  106 855033.089 560002.814  34.5%  16.9 3025s
 1403807 623561 769204.597   73  101 855033.089 560075.563  34.5%  16.9 3030s
 1406014 624345 658499.631   64  115 855033.089 560164.072  34.5%  16.9 3035s
 1408125 625081 612716.560   63  118 855033.089 560249.153  34.5%  16.9 3040s
 1410136 625886 796146.191   74  108 855033.089 560324.284  34.5%  16.9 3045s
 1412284 626723 671558.912   63  114 855033.089 560427.663  34.5%  16.9 3050s
 1414189 627491     cutoff   72      855033.089 560492.256  34.4%  16.9 3055s
 1416357 628309 692771.493   67  109 855033.089 560572.817  34.4%  16.9 3060s
 1418428 629118     cutoff   70      855033.089 560658.115  34.4%  16.9 3065s
 1420573 629818     cutoff   75      855033.089 560756.727  34.4%  16.9 3070s
 1422532 630559     cutoff   67      855033.089 560831.206  34.4%  16.9 3075s
 1424365 631258     cutoff   74      855033.089 560914.172  34.4%  16.9 3080s
 1426505 632083     cutoff   74      855033.089 560999.875  34.4%  16.9 3085s
 1428669 632949     cutoff   74      855033.089 561082.626  34.4%  16.9 3090s
 1430772 633628 711912.658   68  117 855033.089 561177.684  34.4%  16.9 3095s
 1432817 634295 769149.436   69  122 855033.089 561267.854  34.4%  16.9 3100s
 1434861 635122     cutoff   69      855033.089 561357.134  34.3%  16.9 3105s
 1436595 635696 651813.604   66  113 855033.089 561452.335  34.3%  16.9 3110s
 1438658 636441 598165.087   62  118 855033.089 561567.180  34.3%  16.9 3115s
 1440910 637224 782435.830   74  105 855033.089 561656.855  34.3%  16.9 3120s
 1443036 638047     cutoff   73      855033.089 561743.341  34.3%  16.9 3125s
 1445084 638812 785570.521   71  104 855033.089 561828.839  34.3%  16.9 3130s
 1446798 639424 796696.748   72  114 855033.089 561900.835  34.3%  16.9 3135s
 1448743 640126 801879.577   72  104 855033.089 561971.395  34.3%  16.9 3140s
 1450935 640890 741575.028   68  122 855033.089 562061.997  34.3%  16.9 3145s
 1453102 641711 723466.316   64  128 855033.089 562155.880  34.3%  16.9 3150s
 1455026 642500 639655.941   63  123 855033.089 562227.522  34.2%  16.9 3155s
 1457164 643291     cutoff   74      855033.089 562316.520  34.2%  16.9 3160s
 1459080 643927 844924.669   72  116 855033.089 562407.285  34.2%  16.9 3165s
 1461156 644677 685063.800   66  115 855033.089 562478.409  34.2%  16.9 3170s
 1463159 645399 829999.304   71  111 855033.089 562554.163  34.2%  16.9 3175s
 1465339 646187 676274.191   62  114 855033.089 562634.247  34.2%  16.9 3180s
 1467438 646958     cutoff   71      855033.089 562722.790  34.2%  16.9 3185s
 1469618 647705 631964.856   63  120 855033.089 562802.275  34.2%  16.9 3190s
 1471783 648499     cutoff   68      855033.089 562900.333  34.2%  16.9 3195s
 1473717 649163 840886.827   71  113 855033.089 562977.025  34.2%  16.9 3200s
 1475901 649993 588780.399   67  116 855033.089 563048.936  34.1%  16.9 3205s
 1477777 650645     cutoff   73      855033.089 563120.654  34.1%  16.9 3210s
 1479505 651202 724181.870   66  123 855033.089 563206.534  34.1%  16.9 3215s
 1481532 651916 660237.694   67  109 855033.089 563296.956  34.1%  16.9 3220s
 1483646 652708 671871.116   68  111 855033.089 563398.001  34.1%  16.9 3225s
 1485614 653373 786107.815   67  107 855033.089 563467.145  34.1%  16.9 3230s
 1487736 654119 758995.845   72  106 855033.089 563564.499  34.1%  16.9 3235s
 1489979 654991 822644.928   69  120 855033.089 563655.339  34.1%  16.9 3240s
H1491480 654803                    853723.71179 563701.637  34.0%  16.9 3244s
H1491610 654891                    853723.14016 563712.853  34.0%  16.9 3245s
 1493867 655723     cutoff   75      853723.140 563797.156  34.0%  16.9 3250s
 1495897 656468 646012.632   64  119 853723.140 563879.217  34.0%  16.9 3255s
 1497604 657047 787580.951   69  112 853723.140 563935.217  33.9%  16.9 3260s
 1499582 657785 831357.662   77  101 853723.140 564008.207  33.9%  16.9 3265s
 1501611 658491 772020.355   66  109 853723.140 564082.139  33.9%  16.9 3270s
 1503768 659299     cutoff   82      853723.140 564165.255  33.9%  16.9 3275s
H1504332 659480                    853720.34374 564191.543  33.9%  16.9 3276s
H1504333 659469                    853697.39082 564191.543  33.9%  16.9 3276s
H1504397 659452                    853663.69900 564194.652  33.9%  16.9 3276s
H1504469 659452                    853663.01575 564195.405  33.9%  16.9 3278s
 1504671 659634 817635.719   72  111 853663.016 564203.440  33.9%  16.9 3280s
 1506850 660400 809893.342   67  117 853663.016 564295.487  33.9%  16.9 3285s
 1508971 661132     cutoff   74      853663.016 564378.973  33.9%  16.9 3290s
 1511067 661884 804827.792   73  107 853663.016 564458.730  33.9%  16.9 3295s
 1513059 662639 822740.504   73  107 853663.016 564525.951  33.9%  16.9 3300s
 1515115 663350 infeasible   69      853663.016 564592.376  33.9%  16.9 3305s
 1517310 664020     cutoff   68      853663.016 564666.395  33.9%  16.9 3310s
H1517313 664004                    853637.27265 564666.395  33.9%  16.9 3310s
 1519198 664708     cutoff   71      853637.273 564742.936  33.8%  16.9 3315s
 1521332 665479     cutoff   70      853637.273 564836.784  33.8%  16.9 3320s
 1523528 666268     cutoff   80      853637.273 564927.447  33.8%  16.9 3325s
 1525534 667018 646941.743   61  115 853637.273 564998.904  33.8%  16.9 3330s
 1527684 667778 712663.807   67  109 853637.273 565068.741  33.8%  17.0 3335s
 1529922 668584 705704.846   67  107 853637.273 565167.879  33.8%  17.0 3340s
 1532010 669357 695787.482   66  110 853637.273 565246.056  33.8%  17.0 3345s
 1533805 669941 620352.042   62  122 853637.273 565315.290  33.8%  17.0 3350s
 1536025 670645 635945.131   69  116 853637.273 565397.664  33.8%  17.0 3355s
 1537939 671335 779635.083   69  113 853637.273 565481.744  33.8%  17.0 3360s
 1540225 672165 603575.132   63  119 853637.273 565559.208  33.7%  17.0 3365s
 1542208 672842 715673.061   64  120 853637.273 565637.738  33.7%  17.0 3370s
 1544405 673538 799274.192   67  116 853637.273 565714.671  33.7%  17.0 3375s
 1546300 674212 707402.708   62  112 853637.273 565798.637  33.7%  17.0 3380s
 1548324 674955 700804.393   67  112 853637.273 565860.570  33.7%  17.0 3385s
 1550728 675784 614719.422   64  124 853637.273 565951.781  33.7%  17.0 3390s
 1553590 676927 722317.301   65  112 853637.273 566082.572  33.7%  17.0 3395s
 1556711 678014 843885.970   72  104 853637.273 566219.074  33.7%  17.0 3400s
 1559876 679196 808961.951   73   97 853637.273 566345.094  33.7%  17.0 3405s
 1562995 680252 758867.870   69  110 853637.273 566453.425  33.6%  17.0 3410s
 1564934 681057 673450.466   66  118 853637.273 566528.725  33.6%  17.0 3415s
 1566898 681809 819613.642   70  111 853637.273 566620.249  33.6%  17.0 3420s
 1569037 682639     cutoff   74      853637.273 566713.803  33.6%  17.0 3425s
 1570960 683337 724995.940   65  114 853637.273 566789.241  33.6%  17.0 3430s
 1573222 684115 671035.524   70  114 853637.273 566866.223  33.6%  17.0 3435s
 1575410 684824     cutoff   78      853637.273 566949.258  33.6%  17.0 3440s
 1577538 685582 779046.428   72  111 853637.273 567041.088  33.6%  17.0 3445s
 1579149 686148     cutoff   68      853637.273 567087.232  33.6%  17.0 3450s
 1580829 686719 807540.330   71   99 853637.273 567147.351  33.6%  17.0 3455s
 1582877 687450     cutoff   71      853637.273 567226.928  33.6%  17.0 3460s
 1585077 688305     cutoff   72      853637.273 567314.166  33.5%  17.0 3465s
 1586971 688938 574026.082   58  129 853637.273 567394.576  33.5%  17.0 3470s
 1589085 689708     cutoff   72      853637.273 567474.672  33.5%  17.0 3475s
 1591355 690587 761191.001   68  119 853637.273 567552.216  33.5%  17.0 3480s
 1593509 691378     cutoff   74      853637.273 567641.124  33.5%  17.0 3485s
 1595699 692148 infeasible   70      853637.273 567732.593  33.5%  17.0 3490s
 1597976 692938 722622.555   66  111 853637.273 567815.728  33.5%  17.0 3495s
 1599892 693622 782132.390   66  120 853637.273 567888.819  33.5%  17.0 3500s
 1601785 694268 750951.741   71  114 853637.273 567963.712  33.5%  17.0 3505s
 1604645 695235 590295.403   65  120 853637.273 568066.635  33.5%  17.0 3510s
H1604666 695235                    853637.11674 568066.635  33.5%  17.0 3510s
H1604678 695234                    853636.24667 568067.527  33.5%  17.0 3510s
 1606360 695884 797190.249   69  107 853636.247 568127.708  33.4%  17.0 3515s
 1608561 696668 668937.292   66  116 853636.247 568209.029  33.4%  17.0 3520s
 1610406 697309 739131.770   67  109 853636.247 568285.324  33.4%  17.0 3525s
 1612397 698009 635968.208   61  109 853636.247 568361.410  33.4%  17.0 3530s
H1614363 698736                    853635.73009 568426.027  33.4%  17.0 3535s
 1615844 699300     cutoff   76      853635.730 568482.541  33.4%  17.0 3540s
 1617856 699976 809145.194   67  101 853635.730 568564.756  33.4%  17.0 3545s
 1620057 700714 778204.203   70  115 853635.730 568642.749  33.4%  17.0 3550s
 1622002 701416 667552.991   63  122 853635.730 568728.359  33.4%  17.0 3555s
 1624049 702118 587843.492   64  111 853635.730 568797.534  33.4%  17.0 3560s
 1626233 702920     cutoff   70      853635.730 568894.694  33.4%  17.0 3565s
H1627118 703188                    853635.04734 568919.930  33.4%  17.0 3567s
H1627153 703187                    853633.24185 568922.923  33.4%  17.0 3567s
 1627853 703513 734545.349   66  111 853633.242 568952.820  33.3%  17.0 3570s
 1629896 704264     cutoff   74      853633.242 569025.411  33.3%  17.0 3575s
 1631968 704938 820977.211   71  109 853633.242 569082.227  33.3%  17.0 3580s
 1633849 705572     cutoff   68      853633.242 569171.323  33.3%  17.0 3585s
 1635846 706265 837305.335   70  106 853633.242 569253.833  33.3%  17.0 3590s
 1637836 706986 626683.718   64  118 853633.242 569335.839  33.3%  17.0 3595s
 1640057 707691 640640.293   67  109 853633.242 569425.791  33.3%  17.0 3600s

Cutting planes:
  Gomory: 27
  Implied bound: 3
  MIR: 106
  Flow cover: 45
  Inf proof: 11
  RLT: 34
  Relax-and-lift: 8

Explored 1640116 nodes (27879058 simplex iterations) in 3600.01 seconds (2312.18 work units)
Thread count was 2 (of 24 available processors)

Solution count 10: 853633 853637 853663 ... 855115

Time limit reached
Best objective 8.536332418464e+05, best bound 5.694266904246e+05, gap 33.2938%
