
Gurobi 11.0.3 (linux64, Java) logging started sáb 14 dez 2024 18:41:07 -03

Set parameter Username
Academic license - for non-commercial use only - expires 2025-10-10
Set parameter NonConvex to value 2
Set parameter TimeLimit to value 3600
Set parameter LogToConsole to value 0
Set parameter MIPGap to value 1.2763768008089677e-08
Set parameter Threads to value 2
Set parameter NodefileDir to value "/home/ps12398/experiment_epec/goalProgrammingMarcos/"
Set parameter NodefileStart to value 1
Gurobi Optimizer version 11.0.3 build v11.0.3rc0 (linux64)

CPU model: Intel(R) Xeon(R) CPU           X5650  @ 2.67GHz, instruction set [SSE2]
Thread count: 12 physical cores, 24 logical processors, using up to 2 threads

Optimize a model with 24936 rows, 17213 columns and 131237 nonzeros
Model fingerprint: 0x613d67df
Model has 97 quadratic constraints
Variable types: 8562 continuous, 8651 integer (92 binary)
Coefficient statistics:
  Matrix range     [1e-02, 3e+07]
  QMatrix range    [1e-02, 6e+05]
  QLMatrix range   [1e+00, 6e+05]
  Objective range  [1e+00, 2e+08]
  Bounds range     [1e+00, 1e+08]
  RHS range        [1e+00, 4e+07]
Presolve removed 24823 rows and 17022 columns
Presolve time: 0.24s
Presolved: 390 rows, 283 columns, 3135 nonzeros
Presolved model has 92 bilinear constraint(s)

Solving non-convex MIQCP

Variable types: 185 continuous, 98 integer (0 binary)
Found heuristic solution: objective 3.678816e+07

Root relaxation: objective 2.002710e+04, 304 iterations, 0.01 seconds (0.01 work units)

    Nodes    |    Current Node    |     Objective Bounds      |     Work
 Expl Unexpl |  Obj  Depth IntInf | Incumbent    BestBd   Gap | It/Node Time

     0     0 20027.1022    0  106 3.6788e+07 20027.1022   100%     -    0s
H    0     0                    1701977.5638 20027.1022  98.8%     -    0s
     0     0 121783.586    0  133 1701977.56 121783.586  92.8%     -    0s
     0     0 121783.586    0  133 1701977.56 121783.586  92.8%     -    0s
     0     0 151279.766    0  123 1701977.56 151279.766  91.1%     -    0s
     0     0 151279.766    0  125 1701977.56 151279.766  91.1%     -    1s
     0     0 151279.766    0  132 1701977.56 151279.766  91.1%     -    1s
     0     0 151279.766    0  132 1701977.56 151279.766  91.1%     -    1s
     0     0 151279.766    0  133 1701977.56 151279.766  91.1%     -    1s
     0     0 170280.447    0  117 1701977.56 170280.447  90.0%     -    1s
     0     2 170280.447    0  117 1701977.56 170280.447  90.0%     -    1s
H 1665  1709                    985278.94075 170280.447  82.7%  13.1    3s
  2840  2968 485443.505  709  134 985278.941 170280.447  82.7%  13.3    5s
  3688  3687 226409.669   16  130 985278.941 187475.971  81.0%  15.4   10s
  3779  3750 206597.724   40  124 985278.941 187475.971  81.0%  16.2   15s
H 3882  3635                    985278.82859 187475.971  81.0%  17.3   20s
  3985  3712 225201.682   93  129 985278.829 187475.971  81.0%  18.4   25s
H 4081  3629                    792785.75574 187475.971  76.4%  19.4   29s
  4317  3869 261478.125  184  128 792785.756 187475.971  76.4%  21.3   30s
H 4800  4014                    792783.50214 187475.971  76.4%  22.3   31s
H 4909  3819                    774825.99581 187475.971  75.8%  22.6   31s
H 4990  3805                    764062.14142 187475.971  75.5%  22.6   31s
H 5027  3651                    679129.80495 187475.971  72.4%  22.4   31s
H 5030  3514                    644172.87669 187475.971  70.9%  22.4   31s
H 5076  3471                    638234.21057 187475.971  70.6%  22.3   31s
H 5177  3382                    636273.48429 187475.971  70.5%  22.3   33s
H 5642  3603                    634932.46150 187475.971  70.5%  24.4   34s
H 5698  3474                    618442.15598 187475.971  69.7%  24.6   34s
  5912  3763 321098.063  487  121 618442.156 187475.971  69.7%  25.9   35s
H 6028  3619                    515834.14004 187475.971  63.7%  25.9   35s
H 6095  3498                    476249.15223 187475.971  60.6%  26.2   35s
H 6915  3957                    438185.74583 187475.971  57.2%  28.5   36s
H 7350  4337                    438185.31565 187475.971  57.2%  29.2   37s
H 7402  4228                    384935.83685 187475.971  51.3%  29.2   37s
H 7499  4111                    382577.13162 187475.971  51.0%  29.3   37s
H 7660  4234                    382575.63761 187475.971  51.0%  29.5   38s
H 8661  3323                    268038.24315 187475.971  30.1%  30.0   39s
  8793  3462     cutoff 1172      268038.243 187475.971  30.1%  30.1   40s
* 9206  3464            1562    242184.99580 187475.971  22.6%  29.8   40s
 10977  5379 208244.153  504  119 242184.996 187475.971  22.6%  32.0   45s
*12718  6626            1082    230632.86748 187475.971  18.7%  31.9   47s
 13710  6655 198286.941  178  124 230632.867 187475.971  18.7%  31.9   50s
 15562  8848 196910.632   86  125 230632.867 187494.126  18.7%  33.5   55s
*16123  8238             330    226066.69453 187504.000  17.1%  32.8   55s
*17323  9229             439    224514.63557 187583.009  16.4%  31.4   56s
 19963 10372 201757.277  265  120 224514.636 187708.383  16.4%  30.6   60s
*21443 11447             314    224438.22969 187856.375  16.3%  30.2   64s
*21445 11442             314    224430.68624 187856.375  16.3%  30.2   64s
 21967 11959 198961.953   50  136 224430.686 187920.592  16.3%  30.1   65s
 24508 14001 211999.209   73  135 224430.686 188093.298  16.2%  31.8   70s
 27758 16507 infeasible   61      224430.686 188355.085  16.1%  31.7   75s
 30902 18828 191672.992   51  133 224430.686 188586.217  16.0%  31.7   80s
 33959 20928 203229.702  267  122 224430.686 188938.610  15.8%  31.9   85s
 36439 22877 infeasible  124      224430.686 189333.744  15.6%  32.3   90s
 39580 25223 198170.779   49  142 224430.686 189542.329  15.5%  32.1   95s
 43016 27787 219832.741  115  134 224430.686 189745.818  15.5%  31.4  100s
 46622 30397 212553.030  189  126 224430.686 189877.015  15.4%  30.7  105s
 49865 32965 infeasible   69      224430.686 189941.265  15.4%  30.7  110s
*51534 34085             275    224411.44258 189954.677  15.4%  30.6  112s
*51541 34070             277    224399.17188 189954.677  15.3%  30.6  112s
*52594 35047             299    224304.29521 189964.547  15.3%  30.5  114s
 53552 34984 200684.861   72  136 224304.295 190007.806  15.3%  30.2  115s
 56908 37625 223313.484  105  129 224304.295 190106.207  15.2%  30.4  120s
 59748 39998 215542.448   96  129 224304.295 190181.128  15.2%  30.7  125s
 62965 42229 213377.884   46  130 224304.295 190255.458  15.2%  30.4  130s
 66140 44490 223428.951  128  128 224304.295 190370.272  15.1%  30.3  135s
 69064 46474 193957.795   62  129 224304.295 190441.069  15.1%  30.6  140s
 72440 48929 infeasible  126      224304.295 190534.687  15.1%  30.3  145s
*73358 49495             314    224129.88037 190546.835  15.0%  30.2  146s
 75851 50747 212528.523   72  134 224129.880 190599.594  15.0%  30.0  150s
 78909 53060 infeasible   60      224129.880 190651.588  14.9%  30.0  155s
 82083 55234 205030.530   88  125 224129.880 190699.545  14.9%  30.1  160s
 84842 57424 infeasible  190      224129.880 190731.276  14.9%  30.4  165s
 87726 59539 212572.456  113  130 224129.880 190779.099  14.9%  30.4  170s
 90577 61326     cutoff   70      224129.880 190819.749  14.9%  30.6  175s
 93664 63582 218610.086  124  127 224129.880 190857.822  14.8%  30.6  180s
 97310 66096 213722.197   96  130 224129.880 190890.037  14.8%  30.6  185s
 100501 68590 219107.156  170  124 224129.880 190940.192  14.8%  30.7  190s
 103302 70493 infeasible  138      224129.880 190985.691  14.8%  30.8  195s
 106824 72944 infeasible  138      224129.880 191056.033  14.8%  30.6  200s
 109971 75218 infeasible  179      224129.880 191090.100  14.7%  30.5  205s
 113175 77577 211648.365  128  122 224129.880 191116.179  14.7%  30.5  210s
 116679 80141 222173.804  161  129 224129.880 191153.833  14.7%  30.5  215s
 120141 82438 205698.914  100  132 224129.880 191200.859  14.7%  30.6  220s
 124967 85907 infeasible  140      224129.880 191235.216  14.7%  30.6  225s
 128523 88550 218063.884  113  129 224129.880 191275.169  14.7%  30.6  230s
 131863 90862 217911.918  116  126 224129.880 191310.564  14.6%  30.7  235s
 135515 93260 212981.127   78  127 224129.880 191349.779  14.6%  30.9  240s
 139222 95709 infeasible  123      224129.880 191381.228  14.6%  31.0  245s
 143373 98765     cutoff  134      224129.880 191415.422  14.6%  31.2  250s
 148327 102236 infeasible  106      224129.880 191457.533  14.6%  31.2  255s
 153138 105332 210987.930  106  132 224129.880 191491.492  14.6%  31.3  260s
 156562 107597 infeasible  148      224129.880 191522.083  14.5%  31.5  265s
 159483 109638 223922.960  199   55 224129.880 191545.190  14.5%  31.6  270s
 162994 112121 215049.195   45  129 224129.880 191578.340  14.5%  31.6  275s
 165994 114033 205085.122  137  132 224129.880 191598.164  14.5%  31.8  280s
 170424 117402 212776.505   85  131 224129.880 191631.519  14.5%  31.7  285s
 173241 119488 infeasible   62      224129.880 191654.654  14.5%  31.9  290s
 177250 122152 219191.820  168  123 224129.880 191682.733  14.5%  32.1  295s
 180791 124750 222045.091  417  133 224129.880 191707.929  14.5%  32.2  300s
 185064 127670     cutoff  248      224129.880 191739.663  14.5%  32.3  305s
 188070 129832 202248.274  118  122 224129.880 191766.978  14.4%  32.4  310s
 190760 131527 214486.969  115  130 224129.880 191787.159  14.4%  32.5  315s
 194525 134127 215587.341   95  135 224129.880 191808.938  14.4%  32.6  320s
 199390 137601 infeasible  126      224129.880 191838.351  14.4%  32.6  325s
 204373 141171 209930.355  185  125 224129.880 191858.602  14.4%  32.6  330s
 209425 144712 209890.802  115  123 224129.880 191888.559  14.4%  32.6  335s
 213127 147015 221906.286   77  136 224129.880 191909.228  14.4%  32.6  340s
 216507 149402 198125.119   84  135 224129.880 191927.574  14.4%  32.7  345s
 220781 152256 218740.758   65  127 224129.880 191954.676  14.4%  32.8  350s
 223734 154244 202008.331   71  137 224129.880 191967.669  14.3%  32.9  355s
 226270 156037 219719.624   78  131 224129.880 191982.793  14.3%  33.1  360s
 229266 157854 219177.190  112  128 224129.880 191999.407  14.3%  33.1  365s
 231816 159640 infeasible   58      224129.880 192013.720  14.3%  33.1  370s
H233689 160713                    224074.82681 192024.067  14.3%  33.2  372s
 235015 161643 216230.908   86  134 224074.827 192031.335  14.3%  33.2  375s
 238188 163785 infeasible  121      224074.827 192062.052  14.3%  33.2  380s
 240553 165559 infeasible  159      224074.827 192080.736  14.3%  33.3  385s
 244024 167835 220018.457   81  133 224074.827 192099.069  14.3%  33.2  390s
 246532 169359 202573.845   76  133 224074.827 192125.864  14.3%  33.3  395s
 249693 171778     cutoff   76      224074.827 192139.908  14.3%  33.3  400s
 253042 174165     cutoff  105      224074.827 192158.884  14.2%  33.2  405s
 256050 175880 212461.782   95  125 224074.827 192177.913  14.2%  33.3  410s
 258910 178011 infeasible  166      224074.827 192198.594  14.2%  33.4  415s
 263650 181183 219067.844  145  125 224074.827 192224.617  14.2%  33.3  420s
 266834 183348 infeasible   57      224074.827 192246.639  14.2%  33.3  425s
 270625 185799     cutoff   87      224074.827 192264.029  14.2%  33.3  430s
 274194 188458 infeasible  128      224074.827 192282.311  14.2%  33.3  435s
 277529 190754 221504.738   94  129 224074.827 192293.512  14.2%  33.3  440s
 279716 192339 205068.425   74  127 224074.827 192302.430  14.2%  33.3  445s
 282820 194514 220026.212   83  133 224074.827 192315.688  14.2%  33.4  450s
 285570 196513 194239.542   87  132 224074.827 192326.071  14.2%  33.4  455s
 289123 198930 infeasible   66      224074.827 192342.517  14.2%  33.4  460s
 291844 200812 infeasible  130      224074.827 192353.209  14.2%  33.5  465s
 294793 202872 infeasible  153      224074.827 192368.428  14.1%  33.5  470s
H296132 203569                    224031.37322 192377.833  14.1%  33.5  472s
 297134 204152 205603.178  114  128 224031.373 192385.648  14.1%  33.6  475s
 299956 206389 209009.017  238  130 224031.373 192403.434  14.1%  33.6  480s
 302081 207966 204636.065  113  129 224031.373 192413.866  14.1%  33.7  485s
 305060 210139 200516.769  136  122 224031.373 192432.768  14.1%  33.7  490s
 308261 212352 211214.249  112  132 224031.373 192446.930  14.1%  33.6  495s
 311128 214339 220268.467   80  133 224031.373 192463.567  14.1%  33.6  500s
 314226 216337 213736.050  189  121 224031.373 192476.901  14.1%  33.6  505s
 317311 218637 204139.009   50  132 224031.373 192493.096  14.1%  33.6  510s
 319927 220388 211070.410  102  132 224031.373 192506.026  14.1%  33.7  515s
 322917 222393 218769.405  127  128 224031.373 192519.365  14.1%  33.7  520s
 326092 224505 222836.930  122  127 224031.373 192530.789  14.1%  33.7  525s
 328617 226165 204908.361   98  126 224031.373 192546.546  14.1%  33.8  530s
 331061 227794 201532.189   77  132 224031.373 192561.196  14.0%  33.8  535s
 333571 229879 214425.510   65  131 224031.373 192570.490  14.0%  33.9  540s
 336913 232061     cutoff  141      224031.373 192589.616  14.0%  33.9  545s
 339797 233956 213351.426  125  126 224031.373 192602.729  14.0%  33.9  550s
 342466 235919 infeasible  190      224031.373 192610.686  14.0%  34.0  555s
 345704 237964 infeasible  121      224031.373 192626.567  14.0%  34.0  560s
 348009 239673 infeasible  106      224031.373 192636.789  14.0%  34.0  565s
 351142 241815 215829.099   91  134 224031.373 192650.699  14.0%  34.0  570s
 353815 243679 193358.861   68  134 224031.373 192659.723  14.0%  34.1  575s
 356535 245582 223114.424  217  127 224031.373 192669.355  14.0%  34.1  580s
 359488 247787 195963.704   62  131 224031.373 192679.887  14.0%  34.1  585s
 362567 249850 204681.397  132  135 224031.373 192691.089  14.0%  34.2  590s
 365892 252100     cutoff   93      224031.373 192703.758  14.0%  34.2  595s
 368081 253689 193475.449   88  131 224031.373 192712.089  14.0%  34.2  600s
 370773 255403 200767.027   59  138 224031.373 192720.891  14.0%  34.3  605s
 374841 257936 222878.688  139  124 224031.373 192736.421  14.0%  34.4  610s
 378679 260755 204602.494   64  127 224031.373 192750.520  14.0%  34.4  615s
 381977 262753 215755.045  126  128 224031.373 192762.774  14.0%  34.4  620s
 384816 264580 216060.382   57  133 224031.373 192774.656  14.0%  34.4  625s
 389570 268079 212638.809  148  128 224031.373 192790.602  13.9%  34.4  630s
 392800 270294 infeasible  122      224031.373 192803.345  13.9%  34.4  635s
 395324 272023 195458.409   75  129 224031.373 192812.870  13.9%  34.4  640s
 398663 274309 infeasible  133      224031.373 192826.760  13.9%  34.5  645s
 401809 276340 infeasible  140      224031.373 192838.957  13.9%  34.5  650s
 404854 278482 223996.353  271  111 224031.373 192853.896  13.9%  34.5  655s
H405680 278864                    224001.33071 192854.295  13.9%  34.5  657s
*405688 278731             258    223983.24595 192854.295  13.9%  34.5  657s
H405689 278723                    223981.40703 192854.295  13.9%  34.5  657s
 406862 279766 200177.203  146  124 223981.407 192857.470  13.9%  34.5  660s
 409763 281772 223245.712  234  114 223981.407 192868.164  13.9%  34.5  665s
 412702 283714 218824.918  168  127 223981.407 192879.288  13.9%  34.5  670s
 415157 285336     cutoff  100      223981.407 192891.389  13.9%  34.5  675s
 418416 287692 221446.575  238  120 223981.407 192903.440  13.9%  34.5  680s
 420840 289237 infeasible  130      223981.407 192913.407  13.9%  34.6  685s
 423964 291268 202198.333  113  129 223981.407 192925.729  13.9%  34.6  690s
 427586 293828 199994.740  187  129 223981.407 192935.242  13.9%  34.6  695s
 430488 295595 216281.470   55  132 223981.407 192944.666  13.9%  34.6  700s
 433260 297474 infeasible  106      223981.407 192952.932  13.9%  34.6  705s
 436277 299354 infeasible  136      223981.407 192960.963  13.8%  34.6  710s
 438018 300663 203621.562  107  133 223981.407 192966.493  13.8%  34.7  715s
 440851 302524 209062.883  132  121 223981.407 192980.116  13.8%  34.7  720s
 443627 304654 214747.391  138  126 223981.407 192987.686  13.8%  34.8  725s
 446184 306276 202636.086   88  128 223981.407 192998.218  13.8%  34.8  730s
 449133 308196 infeasible   68      223981.407 193010.948  13.8%  34.8  735s
 451894 310199 222936.319  272  106 223981.407 193016.904  13.8%  34.8  740s
 454568 311785 infeasible   81      223981.407 193022.484  13.8%  34.9  745s
 457424 313505 219398.328  109  134 223981.407 193036.379  13.8%  34.9  750s
 460260 315633 223927.489  218  112 223981.407 193044.906  13.8%  34.9  755s
 462663 317208 202410.715  183  121 223981.407 193057.570  13.8%  35.0  760s
 465082 319243 202801.284  145  127 223981.407 193063.755  13.8%  35.0  765s
 467992 321128 212821.309  260  129 223981.407 193072.609  13.8%  35.0  770s
 470832 323068 infeasible   81      223981.407 193084.103  13.8%  35.1  775s
 474439 325524 197056.241   84  137 223981.407 193094.177  13.8%  35.0  780s
 477520 327649 infeasible  121      223981.407 193105.865  13.8%  35.1  785s
 480184 329295 200121.847   92  130 223981.407 193116.619  13.8%  35.1  790s
 483189 331127 214984.843  142  132 223981.407 193125.791  13.8%  35.1  795s
 486002 333281     cutoff   78      223981.407 193133.427  13.8%  35.1  800s
 488811 335012 infeasible  129      223981.407 193142.558  13.8%  35.1  805s
 491272 336751 213391.120  125  127 223981.407 193148.693  13.8%  35.1  810s
 493758 338424 199850.141   86  123 223981.407 193157.315  13.8%  35.1  815s
 496695 340375     cutoff  207      223981.407 193166.821  13.8%  35.2  820s
 499494 342267 214246.110  160  135 223981.407 193173.107  13.8%  35.2  825s
 502569 344415     cutoff   82      223981.407 193184.123  13.7%  35.2  830s
 505346 346217 199146.944   78  130 223981.407 193195.706  13.7%  35.2  835s
 507917 348052 infeasible  226      223981.407 193204.122  13.7%  35.2  840s
 510833 349879 221819.574  184  117 223981.407 193208.684  13.7%  35.3  845s
 513277 351281 infeasible  134      223981.407 193216.429  13.7%  35.3  850s
 516908 353796 220155.136   92  131 223981.407 193225.128  13.7%  35.3  855s
 520409 356187 199672.581   54  136 223981.407 193234.431  13.7%  35.3  860s
 523431 358231 infeasible  166      223981.407 193243.575  13.7%  35.3  865s
 526039 359793 204419.894   98  128 223981.407 193249.269  13.7%  35.3  870s
 528713 361354     cutoff  120      223981.407 193258.267  13.7%  35.3  875s
 531598 363164 infeasible   95      223981.407 193270.598  13.7%  35.3  880s
 534000 364639     cutoff   98      223981.407 193276.719  13.7%  35.3  885s
 536815 366632     cutoff  192      223981.407 193285.268  13.7%  35.3  890s
 539458 368396 202127.127  115  130 223981.407 193293.841  13.7%  35.4  895s
 542004 370036 202397.604  115  122 223981.407 193300.169  13.7%  35.4  900s
 544895 371995 196026.540   80  132 223981.407 193309.156  13.7%  35.4  905s
 547622 373817     cutoff   93      223981.407 193315.473  13.7%  35.4  910s
 549758 375316 201807.191  108  126 223981.407 193323.103  13.7%  35.4  915s
 552751 377392 220122.567  110  127 223981.407 193329.893  13.7%  35.4  920s
 555524 379215 200549.286   92  131 223981.407 193337.265  13.7%  35.4  925s
 558546 381371 193523.330   92  135 223981.407 193345.281  13.7%  35.4  930s
 561167 383375 202805.461   80  130 223981.407 193353.888  13.7%  35.5  935s
 564506 385523 infeasible   69      223981.407 193361.789  13.7%  35.5  940s
 567173 387371 214739.543  103  129 223981.407 193365.571  13.7%  35.5  945s
 570075 389494 204519.808  135  123 223981.407 193373.247  13.7%  35.5  950s
 573255 391617 217594.313   97  132 223981.407 193379.384  13.7%  35.5  955s
 576222 393592 infeasible  113      223981.407 193387.153  13.7%  35.5  960s
 580563 396648 221620.816  168  118 223981.407 193400.881  13.7%  35.5  965s
 583046 398271 infeasible   62      223981.407 193410.424  13.6%  35.6  970s
 586242 400478 199399.702   89  130 223981.407 193417.509  13.6%  35.6  975s
 588886 402325 219578.403  134  135 223981.407 193424.389  13.6%  35.6  980s
 591697 404216 203999.407  127  124 223981.407 193433.180  13.6%  35.6  985s
 595001 406480 infeasible   70      223981.407 193442.205  13.6%  35.6  990s
 597690 408129 209285.318   95  132 223981.407 193447.381  13.6%  35.7  995s
 600282 410039 214964.940  110  129 223981.407 193454.448  13.6%  35.7 1000s
 603265 411935 infeasible  114      223981.407 193461.148  13.6%  35.7 1005s
 605828 413530 infeasible   94      223981.407 193468.363  13.6%  35.7 1010s
 608642 415291 212112.306  120  131 223981.407 193473.322  13.6%  35.7 1015s
 610729 416536 217259.722   80  132 223981.407 193477.153  13.6%  35.7 1020s
 613285 418263 221844.931  113  132 223981.407 193482.414  13.6%  35.8 1025s
 615949 420055 221726.937  105  136 223981.407 193490.800  13.6%  35.8 1030s
 618647 421771 201943.736   68  131 223981.407 193498.499  13.6%  35.8 1035s
 621496 423830 infeasible  108      223981.407 193505.613  13.6%  35.8 1040s
 624391 425614 216284.131   67  135 223981.407 193513.566  13.6%  35.8 1045s
 626944 427230 220156.559   53  133 223981.407 193520.535  13.6%  35.8 1050s
 629500 428936 infeasible  105      223981.407 193528.639  13.6%  35.8 1055s
 631690 430497 214942.983  171  127 223981.407 193534.347  13.6%  35.9 1060s
 634344 432180 infeasible   70      223981.407 193540.558  13.6%  35.9 1065s
 637209 434249     cutoff  219      223981.407 193547.786  13.6%  35.9 1070s
 640087 436247 208006.148  173  131 223981.407 193556.692  13.6%  35.9 1075s
 642650 437950     cutoff  116      223981.407 193560.673  13.6%  35.9 1080s
 645534 439954 infeasible   84      223981.407 193566.161  13.6%  35.9 1085s
 648280 441956 223597.466  144  128 223981.407 193572.777  13.6%  35.9 1090s
 651179 443851 213309.513   83  132 223981.407 193579.615  13.6%  35.9 1095s
 654160 445982 212037.865  171  118 223981.407 193587.255  13.6%  35.9 1100s
H654293 445828                    223964.47496 193587.255  13.6%  35.9 1100s
 656061 447001     cutoff  100      223964.475 193592.022  13.6%  36.0 1105s
 658794 449024 213112.873  191  126 223964.475 193597.694  13.6%  36.0 1110s
 661307 450834 216133.557   90  133 223964.475 193602.542  13.6%  36.0 1115s
 664887 453295 201684.168  110  136 223964.475 193610.876  13.6%  36.0 1120s
 667345 454936     cutoff  125      223964.475 193616.518  13.6%  36.0 1125s
 670035 456710 infeasible  139      223964.475 193623.018  13.5%  36.1 1130s
 672697 458712 infeasible  181      223964.475 193627.317  13.5%  36.1 1135s
 675558 460824 205324.314   98  135 223964.475 193632.225  13.5%  36.1 1140s
 678332 462656 223640.286  172  123 223964.475 193637.372  13.5%  36.1 1145s
 682535 465338     cutoff   92      223964.475 193648.425  13.5%  36.1 1150s
 685412 467323 201962.234   73  130 223964.475 193654.345  13.5%  36.2 1155s
 688338 468977     cutoff  209      223964.475 193661.106  13.5%  36.2 1160s
 690918 470842 219192.951   72  133 223964.475 193667.165  13.5%  36.2 1165s
 693523 472644 infeasible  128      223964.475 193670.719  13.5%  36.2 1170s
 696273 474497 223132.955   85  136 223964.475 193677.862  13.5%  36.2 1175s
 699251 476342 210023.504  109  132 223964.475 193682.853  13.5%  36.2 1180s
 701895 478229 196539.245   95  130 223964.475 193689.285  13.5%  36.2 1185s
 704175 479471 infeasible  186      223964.475 193696.750  13.5%  36.2 1190s
 706904 481199 203498.992   80  128 223964.475 193702.221  13.5%  36.2 1195s
 709476 482843 223338.358  175  117 223964.475 193707.087  13.5%  36.2 1200s
 712175 484471 219326.797  125  130 223964.475 193714.115  13.5%  36.2 1205s
 715883 486904 216280.940   88  127 223964.475 193722.247  13.5%  36.3 1210s
 719645 489625 196041.591  124  131 223964.475 193729.270  13.5%  36.3 1215s
 722784 491739 212147.013   81  130 223964.475 193736.693  13.5%  36.3 1220s
 725612 493889 204503.199   59  131 223964.475 193741.784  13.5%  36.3 1225s
 728280 495879 infeasible  210      223964.475 193746.285  13.5%  36.3 1230s
 731360 498015 204334.166  139  130 223964.475 193751.225  13.5%  36.3 1235s
 733379 499547 223663.139  201  110 223964.475 193756.533  13.5%  36.3 1240s
 736466 501365 209881.414  143  131 223964.475 193763.670  13.5%  36.3 1245s
 739052 503317 210435.413  104  132 223964.475 193768.306  13.5%  36.4 1250s
 741942 505366     cutoff  198      223964.475 193776.503  13.5%  36.3 1255s
 745025 507477 194989.569   83  130 223964.475 193782.584  13.5%  36.3 1260s
 747293 508995 217483.079  186  133 223964.475 193785.803  13.5%  36.3 1265s
 750301 511176 infeasible   90      223964.475 193792.298  13.5%  36.3 1270s
 753418 513426 218910.941  105  134 223964.475 193799.086  13.5%  36.4 1275s
 756070 515238     cutoff  169      223964.475 193805.863  13.5%  36.4 1280s
 758726 517197 214044.695   93  139 223964.475 193810.744  13.5%  36.4 1285s
H760443 517500                    223889.94342 193815.030  13.4%  36.4 1288s
 760711 517721 214582.062   71  132 223889.943 193815.999  13.4%  36.4 1290s
 763347 519493 223267.341  162  132 223889.943 193822.374  13.4%  36.4 1295s
 765827 520864     cutoff  124      223889.943 193828.566  13.4%  36.4 1300s
 768549 523092 213505.481  106  134 223889.943 193833.964  13.4%  36.5 1305s
 771473 524897 218177.126  113  128 223889.943 193841.285  13.4%  36.5 1310s
Created node file directory '/home/ps12398/experiment_epec/goalProgrammingMarcos//grbnodes4'
 772936 525814 infeasible  230      223889.943 193843.413  13.4%  36.5 1315s
 774780 526777 210709.386   82  128 223889.943 193845.572  13.4%  36.5 1320s
 776885 527732 220539.412   92  133 223889.943 193848.044  13.4%  36.5 1325s
 778887 528533 212296.627  112  127 223889.943 193849.895  13.4%  36.6 1330s
 781819 530320     cutoff  118      223889.943 193852.477  13.4%  36.6 1335s
 783137 530601 210443.582   92  134 223889.943 193853.896  13.4%  36.7 1340s
 785046 531343 213949.298  141  129 223889.943 193855.307  13.4%  36.7 1345s
 786974 532151 216032.061  116  133 223889.943 193856.480  13.4%  36.8 1350s
 789292 533207 217830.305   79  136 223889.943 193858.492  13.4%  36.8 1355s
 791383 533877 infeasible  117      223889.943 193860.606  13.4%  36.9 1360s
 793159 534421 infeasible  115      223889.943 193862.349  13.4%  36.9 1365s
 794498 535219 218399.177   85  134 223889.943 193863.821  13.4%  37.0 1370s
 796555 535827 221786.875   96  134 223889.943 193867.405  13.4%  37.0 1375s
 798568 536449 193952.822  109  130 223889.943 193869.320  13.4%  37.1 1380s
 800129 537432     cutoff  159      223889.943 193870.458  13.4%  37.1 1386s
 802021 538157     cutoff   82      223889.943 193872.610  13.4%  37.1 1390s
 804078 538895 221267.282  154  127 223889.943 193875.352  13.4%  37.2 1395s
 806335 539810 219835.680  184  128 223889.943 193877.090  13.4%  37.2 1400s
 808409 540772 infeasible   88      223889.943 193878.010  13.4%  37.3 1405s
 810280 541606 222909.999  295  117 223889.943 193878.591  13.4%  37.3 1410s
 811701 541815 219804.558   93  130 223889.943 193879.800  13.4%  37.4 1415s
 813157 542256 223201.135   96  134 223889.943 193881.571  13.4%  37.4 1420s
 814827 542675 infeasible   89      223889.943 193883.423  13.4%  37.5 1425s
 816985 543482 214930.768  118  132 223889.943 193886.350  13.4%  37.5 1430s
 819106 544075 infeasible   73      223889.943 193887.986  13.4%  37.6 1435s
 821001 544880 infeasible  115      223889.943 193889.371  13.4%  37.6 1440s
 823257 545787     cutoff  215      223889.943 193890.895  13.4%  37.7 1445s
 825154 546563 204075.828  130  126 223889.943 193892.613  13.4%  37.7 1450s
 827590 547954 221880.810  256  124 223889.943 193894.465  13.4%  37.7 1455s
 829148 548679 209667.810  117  130 223889.943 193895.508  13.4%  37.8 1460s
 830052 548929 208637.389  101  133 223889.943 193895.814  13.4%  37.8 1465s
 832573 550118 222278.103  181  128 223889.943 193897.816  13.4%  37.8 1470s
 835635 551258 223329.417  137  128 223889.943 193901.006  13.4%  37.9 1475s
 838557 552269 215730.112   77  131 223889.943 193904.261  13.4%  38.0 1480s
 840622 553232     cutoff  183      223889.943 193905.436  13.4%  38.1 1485s
 842577 553756 infeasible  167      223889.943 193907.947  13.4%  38.1 1490s
 844256 554502 infeasible   80      223889.943 193908.761  13.4%  38.1 1495s
 846660 555532 infeasible  200      223889.943 193910.788  13.4%  38.2 1500s
 848556 556535 216420.447  150  135 223889.943 193911.512  13.4%  38.2 1505s
 850611 557139 210290.096  104  125 223889.943 193912.883  13.4%  38.3 1510s
 852443 557728 infeasible  116      223889.943 193914.246  13.4%  38.3 1515s
 854479 558233 222243.050  159  128 223889.943 193916.447  13.4%  38.4 1520s
 856227 558841 218589.364  127  132 223889.943 193917.614  13.4%  38.4 1525s
 858449 559586 infeasible   99      223889.943 193919.613  13.4%  38.5 1530s
 859783 560021 221727.744  108  124 223889.943 193921.308  13.4%  38.5 1536s
 861207 560660 213364.313  151  134 223889.943 193922.510  13.4%  38.5 1540s
 862800 561090 infeasible   92      223889.943 193924.604  13.4%  38.6 1545s
 864980 561814 infeasible  216      223889.943 193926.954  13.4%  38.6 1550s
 866459 562339 210765.593   79  131 223889.943 193927.924  13.4%  38.6 1555s
 868899 563096 infeasible  100      223889.943 193932.234  13.4%  38.7 1560s
 871016 563906 221884.840   94  136 223889.943 193934.520  13.4%  38.7 1565s
 872834 564728 219007.154  269  116 223889.943 193935.416  13.4%  38.8 1570s
 875367 565749 infeasible   71      223889.943 193937.066  13.4%  38.8 1575s
 877181 566125 infeasible   69      223889.943 193938.855  13.4%  38.9 1580s
 878800 566739 204552.180  109  136 223889.943 193940.293  13.4%  38.9 1585s
 880718 567356 infeasible  109      223889.943 193941.742  13.4%  38.9 1590s
 882394 568081 202867.756  140  123 223889.943 193942.421  13.4%  39.0 1595s
 884462 568868 infeasible  108      223889.943 193943.591  13.4%  39.0 1600s
 886283 569757 218051.699  111  131 223889.943 193944.852  13.4%  39.1 1605s
 888276 570724     cutoff  102      223889.943 193947.348  13.4%  39.1 1610s
 889027 571100     cutoff  104      223889.943 193947.842  13.4%  39.1 1615s
 891118 571604 216553.506  110  132 223889.943 193949.127  13.4%  39.2 1620s
 893140 572382 infeasible  118      223889.943 193952.785  13.4%  39.2 1625s
 895359 573368 219450.275   94  133 223889.943 193954.737  13.4%  39.2 1630s
 897421 574028 218711.287  157  128 223889.943 193958.711  13.4%  39.3 1635s
 899705 574938 infeasible  178      223889.943 193960.283  13.4%  39.3 1640s
 901706 575510     cutoff   83      223889.943 193962.750  13.4%  39.4 1645s
 903591 575887 222259.303  117  132 223889.943 193964.202  13.4%  39.4 1650s
 905576 576687     cutoff  142      223889.943 193966.799  13.4%  39.5 1655s
 907274 577270 213120.397   71  130 223889.943 193968.610  13.4%  39.5 1660s
 909206 577871 infeasible   77      223889.943 193969.959  13.4%  39.5 1665s
 911156 578465 217305.016  111  124 223889.943 193971.694  13.4%  39.6 1670s
 912994 579254     cutoff  211      223889.943 193972.736  13.4%  39.6 1675s
 915149 579899 219842.276  139  127 223889.943 193973.753  13.4%  39.6 1680s
 917235 580750 200565.066   83  129 223889.943 193974.861  13.4%  39.7 1685s
 919008 581579 222679.033  208  119 223889.943 193976.511  13.4%  39.7 1690s
 921027 582387     cutoff   68      223889.943 193979.142  13.4%  39.7 1695s
 921996 583227 220155.548   87  134 223889.943 193979.608  13.4%  39.8 1700s
 924190 583982 196783.063   87  129 223889.943 193981.641  13.4%  39.8 1705s
 926585 584939 223762.174  284  122 223889.943 193983.289  13.4%  39.8 1710s
 928355 585510 203067.520   81  135 223889.943 193985.152  13.4%  39.9 1715s
 930382 586236 218343.597  117  127 223889.943 193987.206  13.4%  39.9 1720s
 932252 586921 infeasible  122      223889.943 193989.018  13.4%  40.0 1725s
 934445 587602 223782.403  223  115 223889.943 193991.542  13.4%  40.0 1730s
 936595 588415 infeasible   79      223889.943 193994.945  13.4%  40.0 1735s
 938529 589074 infeasible  125      223889.943 193996.525  13.4%  40.1 1740s
 940332 589888 201054.095  130  127 223889.943 193998.240  13.4%  40.1 1745s
 942011 590345 infeasible  162      223889.943 193999.143  13.4%  40.1 1750s
 943941 591411 223725.121  394  122 223889.943 194000.723  13.3%  40.2 1755s
 946076 592157     cutoff  175      223889.943 194003.168  13.3%  40.2 1760s
 947924 592907     cutoff  251      223889.943 194004.117  13.3%  40.2 1765s
 950314 593806 infeasible  174      223889.943 194006.201  13.3%  40.2 1770s
 951295 594196 infeasible   92      223889.943 194007.324  13.3%  40.2 1775s
 953509 594968 infeasible  272      223889.943 194007.867  13.3%  40.3 1780s
 955672 596146     cutoff  128      223889.943 194009.383  13.3%  40.3 1785s
 958070 597275 221791.362  216  122 223889.943 194010.545  13.3%  40.3 1791s
 959547 597840 205388.107   89  127 223889.943 194011.986  13.3%  40.4 1795s
 961923 598603 infeasible   76      223889.943 194016.035  13.3%  40.4 1800s
 963831 599331 204524.605   97  134 223889.943 194018.042  13.3%  40.4 1805s
 965769 599932 210420.316   99  125 223889.943 194019.217  13.3%  40.5 1810s
 967522 600916 infeasible  101      223889.943 194020.895  13.3%  40.5 1815s
 969898 601947 infeasible   90      223889.943 194022.802  13.3%  40.5 1820s
 971743 602520 infeasible  137      223889.943 194024.558  13.3%  40.5 1825s
 973444 603239 200994.724  116  138 223889.943 194026.661  13.3%  40.6 1830s
 975460 604165 222478.233  165  133 223889.943 194027.603  13.3%  40.6 1835s
 977446 604954     cutoff  133      223889.943 194028.900  13.3%  40.7 1840s
 978209 605435 218885.306  170  130 223889.943 194029.321  13.3%  40.7 1845s
 980228 605957 218286.492  104  135 223889.943 194031.022  13.3%  40.7 1850s
 982475 606994 223114.444  145  126 223889.943 194033.322  13.3%  40.7 1855s
 984484 607871 infeasible  123      223889.943 194035.944  13.3%  40.8 1860s
 986037 608491 214340.034   63  130 223889.943 194038.363  13.3%  40.8 1865s
 988068 609177 infeasible  215      223889.943 194041.842  13.3%  40.8 1870s
 990072 610102 217028.898   98  134 223889.943 194042.268  13.3%  40.9 1875s
 992046 610649 223305.684  218  109 223889.943 194044.303  13.3%  40.9 1880s
 994120 611469 infeasible  101      223889.943 194046.094  13.3%  40.9 1885s
 995976 611986 infeasible   63      223889.943 194048.691  13.3%  41.0 1890s
 998298 613298     cutoff  264      223889.943 194050.509  13.3%  41.0 1895s
 999809 613765 222856.009  130  123 223889.943 194050.836  13.3%  41.0 1900s
 1001767 614453 214025.230   80  134 223889.943 194052.568  13.3%  41.1 1905s
 1003436 615077     cutoff  172      223889.943 194053.184  13.3%  41.1 1911s
 1005025 616070     cutoff  217      223889.943 194053.685  13.3%  41.1 1915s
 1007328 617290 219152.057  153  137 223889.943 194055.450  13.3%  41.1 1920s
 1010090 618576 infeasible  142      223889.943 194058.090  13.3%  41.2 1925s
 1011905 619306     cutoff  126      223889.943 194058.801  13.3%  41.2 1930s
 1014351 620232 infeasible  167      223889.943 194060.101  13.3%  41.2 1935s
 1016553 621312 215284.350   83  132 223889.943 194062.613  13.3%  41.3 1940s
 1018589 622304 219772.553  108  128 223889.943 194063.957  13.3%  41.3 1945s
 1021221 623281 219282.920  157  130 223889.943 194065.843  13.3%  41.3 1950s
 1023519 624539 219626.082  204  127 223889.943 194067.421  13.3%  41.3 1955s
 1025711 625075 infeasible  104      223889.943 194068.610  13.3%  41.4 1960s
 1027868 625724     cutoff  163      223889.943 194070.843  13.3%  41.4 1965s
 1028623 626168 214799.113  127  132 223889.943 194071.560  13.3%  41.4 1970s
 1030897 627301 222341.446  274  115 223889.943 194072.606  13.3%  41.4 1975s
 1032692 628191 infeasible  153      223889.943 194075.425  13.3%  41.5 1980s
 1034677 628767 221444.770   93  128 223889.943 194076.810  13.3%  41.5 1985s
 1037187 629666 infeasible   78      223889.943 194079.896  13.3%  41.6 1990s
 1039096 630289 209563.606   88  133 223889.943 194082.363  13.3%  41.6 1995s
 1041104 631514 222788.359   81  134 223889.943 194083.354  13.3%  41.6 2000s
 1043616 632469 194361.791   72  133 223889.943 194085.518  13.3%  41.6 2005s
 1045316 633163     cutoff  131      223889.943 194087.653  13.3%  41.7 2010s
 1047489 634013 223450.721   85  134 223889.943 194089.504  13.3%  41.7 2015s
 1049541 634608 infeasible  120      223889.943 194091.267  13.3%  41.7 2020s
 1051329 635459 223682.673  108  130 223889.943 194092.944  13.3%  41.7 2025s
 1053261 636210 223229.461  161  122 223889.943 194094.980  13.3%  41.8 2030s
 1054604 637032     cutoff  336      223889.943 194095.983  13.3%  41.8 2036s
 1055993 637455 208708.575  108  131 223889.943 194097.300  13.3%  41.8 2040s
 1057947 638066 216243.783   92  134 223889.943 194099.513  13.3%  41.8 2045s
 1060025 638996 infeasible  106      223889.943 194102.197  13.3%  41.9 2050s
 1062155 640187     cutoff  335      223889.943 194103.644  13.3%  41.9 2055s
 1063671 640838 216256.383  121  136 223889.943 194106.015  13.3%  41.9 2060s
 1065684 641751 209485.211   93  135 223889.943 194107.152  13.3%  41.9 2065s
 1067710 642408 210973.573   77  127 223889.943 194108.850  13.3%  42.0 2070s
 1070165 643426 infeasible   97      223889.943 194111.309  13.3%  42.0 2075s
 1071765 644036 infeasible   94      223889.943 194112.867  13.3%  42.0 2080s
 1073841 644826     cutoff  137      223889.943 194113.997  13.3%  42.0 2085s
 1075869 645733     cutoff  127      223889.943 194115.528  13.3%  42.1 2090s
 1077694 646514 221686.046  229  111 223889.943 194116.268  13.3%  42.1 2095s
 1079604 647070 218706.197  133  138 223889.943 194117.351  13.3%  42.1 2100s
 1081540 647781 216752.295  110  133 223889.943 194119.143  13.3%  42.2 2105s
 1082634 648428 217277.793  306  123 223889.943 194120.043  13.3%  42.2 2110s
 1084539 649141 222100.237  160  131 223889.943 194122.045  13.3%  42.2 2115s
 1086364 649602 infeasible   67      223889.943 194123.107  13.3%  42.2 2120s
 1087968 649983 infeasible  133      223889.943 194125.258  13.3%  42.3 2125s
 1089654 650341 infeasible  112      223889.943 194126.323  13.3%  42.3 2130s
 1091757 651107 223822.596  190  122 223889.943 194127.168  13.3%  42.4 2135s
 1093690 651813 221623.374  178  123 223889.943 194129.007  13.3%  42.4 2140s
 1097361 653656 infeasible  100      223889.943 194132.191  13.3%  42.4 2145s
 1100945 655271 215398.503  120  134 223889.943 194134.688  13.3%  42.4 2150s
 1103115 656256 220233.628  151  135 223889.943 194135.914  13.3%  42.5 2155s
 1105102 656970 222015.008  107  126 223889.943 194137.371  13.3%  42.5 2160s
 1107360 658123 219219.259  187  130 223889.943 194139.324  13.3%  42.5 2165s
H1108309 658334                    223878.20862 194140.201  13.3%  42.5 2168s
H1108496 658336                    223877.04481 194140.201  13.3%  42.5 2169s
 1108612 658416 infeasible   58      223877.045 194140.201  13.3%  42.5 2170s
 1110368 659162 213559.792  114  132 223877.045 194141.865  13.3%  42.6 2175s
 1110902 659593 208236.716  116  129 223877.045 194142.266  13.3%  42.6 2180s
 1113059 660373 218866.428  149  129 223877.045 194143.751  13.3%  42.6 2185s
 1114232 660790 195165.363   83  131 223877.045 194144.846  13.3%  42.6 2190s
 1116021 661484     cutoff  118      223877.045 194146.313  13.3%  42.6 2195s
 1117908 662001 194436.254   62  132 223877.045 194147.081  13.3%  42.7 2200s
 1119829 662641 219029.959  118  135 223877.045 194147.462  13.3%  42.7 2205s
 1121932 663701 infeasible   69      223877.045 194149.309  13.3%  42.7 2210s
 1123843 664412 223452.988  137  128 223877.045 194151.033  13.3%  42.7 2215s
 1126015 665375     cutoff   91      223877.045 194153.751  13.3%  42.7 2220s
 1128120 666356     cutoff   99      223877.045 194156.044  13.3%  42.8 2225s
 1130339 667261 223839.788  130  124 223877.045 194157.222  13.3%  42.8 2230s
 1132291 668148 214111.171  127  130 223877.045 194158.414  13.3%  42.8 2235s
 1133931 668694 infeasible  113      223877.045 194159.638  13.3%  42.8 2240s
H1134675 668839                    223872.77816 194159.988  13.3%  42.9 2242s
 1135874 669596     cutoff  104      223872.778 194160.654  13.3%  42.9 2245s
H1137175 669955                    223868.17702 194160.964  13.3%  42.9 2248s
H1137368 670084                    223865.82632 194161.249  13.3%  42.9 2249s
 1137624 670148 215311.785  101  134 223865.826 194161.653  13.3%  42.9 2250s
H1137854 670343                    223865.07937 194161.781  13.3%  42.9 2251s
 1139034 670634 223434.805   77  132 223865.079 194162.139  13.3%  42.9 2255s
H1139350 670755                    223861.33483 194162.457  13.3%  42.9 2258s
 1139961 670872 infeasible  123      223861.335 194162.769  13.3%  42.9 2260s
H1139962 670872                    223861.12001 194162.769  13.3%  42.9 2260s
H1140132 670872                    223858.93582 194162.805  13.3%  42.9 2260s
 1141812 671679 214550.365  114  131 223858.936 194164.523  13.3%  43.0 2265s
 1144735 672807 207655.733  210  125 223858.936 194166.808  13.3%  43.0 2270s
 1148306 674508     cutoff  114      223858.936 194169.300  13.3%  43.0 2275s
 1151471 675866 infeasible  168      223858.936 194171.324  13.3%  43.0 2280s
 1153970 676984 222022.090  105  136 223858.936 194172.659  13.3%  43.1 2285s
 1155870 677398 221769.398  109  133 223858.936 194174.232  13.3%  43.1 2290s
 1158269 678110 infeasible  105      223858.936 194176.291  13.3%  43.1 2295s
 1160369 678770 220502.988   90  132 223858.936 194178.190  13.3%  43.2 2300s
 1162323 679263 214713.227  125  121 223858.936 194179.164  13.3%  43.2 2305s
 1163932 680021 223265.437  273  106 223858.936 194180.639  13.3%  43.2 2310s
 1166131 680789 infeasible   72      223858.936 194181.929  13.3%  43.3 2315s
 1168136 681258 infeasible  119      223858.936 194184.127  13.3%  43.3 2320s
 1170260 682209 211285.912  100  132 223858.936 194187.739  13.3%  43.3 2325s
 1171148 682537 infeasible  111      223858.936 194188.466  13.3%  43.3 2330s
 1172818 683224 203652.873   94  128 223858.936 194189.869  13.3%  43.3 2335s
 1174733 683957 205349.760   97  129 223858.936 194191.322  13.3%  43.4 2340s
 1176820 684780 223643.308  117  131 223858.936 194193.629  13.3%  43.4 2345s
 1178399 685259 infeasible  102      223858.936 194195.370  13.3%  43.4 2350s
 1180484 685792     cutoff   90      223858.936 194196.709  13.3%  43.4 2355s
 1182583 686348 infeasible   99      223858.936 194198.299  13.2%  43.5 2360s
 1184560 687406 infeasible   85      223858.936 194199.895  13.2%  43.5 2365s
H1186066 687808                    223858.91942 194200.993  13.2%  43.5 2369s
 1186271 687816 215513.391  123  132 223858.919 194200.993  13.2%  43.5 2370s
H1186709 688152                    223858.91045 194201.055  13.2%  43.5 2372s
 1187989 688742 219126.769  140  131 223858.910 194202.042  13.2%  43.5 2375s
 1190109 689636 222841.357  112  129 223858.910 194203.294  13.2%  43.6 2380s
 1191999 690052 212860.315  112  131 223858.910 194205.627  13.2%  43.6 2385s
 1194020 690977 194633.616   88  130 223858.910 194206.219  13.2%  43.6 2390s
 1195549 691417     cutoff   84      223858.910 194206.697  13.2%  43.6 2395s
 1197548 692304     cutoff  116      223858.910 194208.545  13.2%  43.6 2401s
 1198863 692781     cutoff   97      223858.910 194209.407  13.2%  43.7 2405s
 1201036 693447 218721.420   87  135 223858.910 194211.934  13.2%  43.7 2410s
 1202867 694282 220849.142  201  129 223858.910 194213.991  13.2%  43.7 2415s
 1204900 694995 infeasible   81      223858.910 194215.871  13.2%  43.8 2420s
 1206638 695518 204261.654   92  136 223858.910 194217.399  13.2%  43.8 2425s
 1208550 696097 218280.089  101  128 223858.910 194218.596  13.2%  43.8 2430s
 1210464 696889     cutoff  166      223858.910 194219.943  13.2%  43.8 2435s
 1212491 697553 214978.026   97  130 223858.910 194221.596  13.2%  43.8 2440s
 1214386 698187 infeasible  105      223858.910 194222.687  13.2%  43.9 2445s
 1216378 699377 infeasible  247      223858.910 194224.598  13.2%  43.9 2450s
 1218655 700351 215687.229   95  138 223858.910 194227.001  13.2%  43.9 2455s
 1220780 701161 infeasible   81      223858.910 194229.051  13.2%  43.9 2460s
 1222227 701492 221224.523  104  130 223858.910 194229.425  13.2%  44.0 2465s
 1224211 702651 212237.552  147  124 223858.910 194230.766  13.2%  44.0 2470s
H1225505 703197                    223852.92224 194230.830  13.2%  44.0 2473s
H1225659 703228                    223852.72100 194231.087  13.2%  44.0 2474s
 1225748 703282 219935.234   87  128 223852.721 194231.193  13.2%  44.0 2475s
 1227515 703991 infeasible  107      223852.721 194232.871  13.2%  44.0 2480s
H1228594 704315                    223852.71463 194232.871  13.2%  44.0 2484s
H1228599 704315                    223852.67495 194232.871  13.2%  44.0 2484s
 1228600 704542 infeasible  141      223852.675 194232.871  13.2%  44.0 2485s
 1230391 705369 infeasible  170      223852.675 194233.644  13.2%  44.0 2490s
 1232630 706316 infeasible  126      223852.675 194235.562  13.2%  44.1 2495s
 1234673 706852     cutoff  229      223852.675 194237.455  13.2%  44.1 2500s
 1237017 707603 infeasible  179      223852.675 194239.683  13.2%  44.1 2505s
 1239676 708407 220027.333  106  133 223852.675 194241.127  13.2%  44.2 2510s
 1241329 708662 infeasible  108      223852.675 194242.184  13.2%  44.2 2515s
 1243503 709655 219067.041  181  123 223852.675 194244.485  13.2%  44.2 2520s
 1244891 710133 223238.971   97  128 223852.675 194245.858  13.2%  44.2 2525s
 1246931 710782 219666.686  104  132 223852.675 194247.601  13.2%  44.2 2530s
 1249025 711538 212040.289  179  127 223852.675 194250.037  13.2%  44.3 2535s
 1251598 712411     cutoff  275      223852.675 194252.270  13.2%  44.3 2540s
 1253851 713227 213808.556  119  129 223852.675 194254.566  13.2%  44.3 2545s
 1254665 713480 200955.672   86  130 223852.675 194255.444  13.2%  44.3 2550s
 1257101 714460 212824.114  177  125 223852.675 194256.634  13.2%  44.4 2555s
 1258953 715701 222595.577  210  103 223852.675 194257.218  13.2%  44.4 2560s
 1261014 716126 213118.148   70  132 223852.675 194258.887  13.2%  44.4 2565s
 1262826 716660 infeasible   98      223852.675 194260.765  13.2%  44.4 2570s
 1264812 717197 215944.749   99  134 223852.675 194261.816  13.2%  44.4 2575s
 1266942 718372 220075.518  198  132 223852.675 194264.070  13.2%  44.4 2580s
H1267236 718493                    223828.23269 194264.082  13.2%  44.4 2581s
 1268436 719049     cutoff   84      223828.233 194265.014  13.2%  44.4 2585s
 1270057 719653 infeasible  115      223828.233 194266.644  13.2%  44.5 2590s
 1272187 720354 223667.517  112  128 223828.233 194268.917  13.2%  44.5 2595s
 1274068 721150 213153.462  154  127 223828.233 194271.740  13.2%  44.5 2600s
 1275706 722031 201634.445   61  129 223828.233 194272.687  13.2%  44.5 2605s
 1278014 723145 222905.977  167  128 223828.233 194274.660  13.2%  44.5 2612s
 1278937 723289     cutoff   85      223828.233 194275.462  13.2%  44.5 2615s
 1280855 724060 infeasible   75      223828.233 194277.360  13.2%  44.6 2620s
 1283168 724767 220144.061   92  135 223828.233 194278.444  13.2%  44.6 2625s
 1285334 725331 219978.162   94  137 223828.233 194279.732  13.2%  44.6 2630s
 1287339 726066     cutoff   83      223828.233 194281.213  13.2%  44.6 2635s
 1289138 726837 infeasible  129      223828.233 194283.057  13.2%  44.7 2640s
 1291525 728232 197741.365   89  132 223828.233 194284.429  13.2%  44.7 2645s
 1293736 729421     cutoff  109      223828.233 194286.282  13.2%  44.7 2650s
 1296161 730525     cutoff  105      223828.233 194287.316  13.2%  44.7 2655s
 1297990 731100 infeasible  150      223828.233 194288.533  13.2%  44.7 2660s
 1299830 731892     cutoff  146      223828.233 194289.680  13.2%  44.7 2665s
 1301997 732757 199469.973  104  130 223828.233 194291.395  13.2%  44.7 2670s
 1303152 733429 213207.491  205  121 223828.233 194292.070  13.2%  44.7 2675s
 1305113 734331 221097.021  286  120 223828.233 194293.442  13.2%  44.7 2680s
H1305775 734431                    223821.89150 194293.934  13.2%  44.8 2682s
 1306769 735496 213421.633  116  127 223821.892 194294.814  13.2%  44.8 2685s
 1308756 736086     cutoff  112      223821.892 194295.464  13.2%  44.8 2690s
 1310441 736449     cutoff  205      223821.892 194297.744  13.2%  44.8 2695s
 1312321 737154 infeasible  134      223821.892 194298.831  13.2%  44.8 2700s
 1314488 738091 infeasible   83      223821.892 194300.591  13.2%  44.8 2705s
 1315753 738401 infeasible  101      223821.892 194301.575  13.2%  44.8 2710s
 1318274 739791 infeasible  100      223821.892 194302.840  13.2%  44.8 2715s
 1320326 740678 222797.590  149  137 223821.892 194304.271  13.2%  44.9 2720s
 1322334 741326 infeasible  146      223821.892 194305.686  13.2%  44.9 2725s
 1324299 741962 infeasible  100      223821.892 194306.747  13.2%  44.9 2730s
 1326077 742661 219745.089  161  125 223821.892 194307.792  13.2%  44.9 2735s
 1327971 743142     cutoff  210      223821.892 194309.212  13.2%  44.9 2740s
 1330369 744167 infeasible  111      223821.892 194310.885  13.2%  44.9 2745s
 1332293 744960 204172.948  110  124 223821.892 194311.377  13.2%  44.9 2750s
 1334385 745792 infeasible   75      223821.892 194313.136  13.2%  45.0 2755s
 1336547 746413 221565.974  109  138 223821.892 194314.782  13.2%  45.0 2760s
 1338504 747157 infeasible  217      223821.892 194317.183  13.2%  45.0 2765s
 1340263 747702 222642.999  140  129 223821.892 194319.268  13.2%  45.0 2770s
 1342259 748418 223551.599   89  131 223821.892 194320.900  13.2%  45.0 2775s
 1344192 749412 205052.235  109  117 223821.892 194321.746  13.2%  45.1 2780s
 1346594 750315 222972.604   96  133 223821.892 194323.450  13.2%  45.1 2785s
 1349119 751227 215955.572   84  132 223821.892 194324.827  13.2%  45.1 2791s
 1350617 751826 221303.703  154  127 223821.892 194325.952  13.2%  45.1 2795s
 1352126 752438 222899.923  152  126 223821.892 194326.827  13.2%  45.1 2801s
 1353887 753317 213497.530  225  123 223821.892 194328.103  13.2%  45.1 2805s
 1355906 754044 infeasible  108      223821.892 194329.229  13.2%  45.1 2810s
 1357944 754897 205035.358   87  123 223821.892 194330.703  13.2%  45.1 2815s
 1360120 755919     cutoff  218      223821.892 194332.304  13.2%  45.2 2820s
 1362454 756815 infeasible  156      223821.892 194334.424  13.2%  45.2 2825s
 1364630 757607 216938.818   88  130 223821.892 194336.121  13.2%  45.2 2830s
 1366252 758267 212217.107  105  131 223821.892 194337.179  13.2%  45.2 2835s
 1367967 759035     cutoff  243      223821.892 194338.080  13.2%  45.2 2840s
 1370678 760255     cutoff  157      223821.892 194339.719  13.2%  45.2 2845s
 1372865 761000     cutoff  116      223821.892 194341.509  13.2%  45.2 2850s
 1375104 762174 223718.911  215  111 223821.892 194343.520  13.2%  45.2 2855s
 1376050 762711 infeasible   76      223821.892 194343.622  13.2%  45.3 2860s
 1378272 763531 infeasible  105      223821.892 194345.235  13.2%  45.3 2865s
 1380136 764544 infeasible  198      223821.892 194345.841  13.2%  45.3 2870s
 1382290 765526     cutoff  212      223821.892 194347.581  13.2%  45.3 2875s
 1384279 766587 212425.107  223  122 223821.892 194349.363  13.2%  45.3 2880s
 1386134 767299 205481.390   93  130 223821.892 194350.238  13.2%  45.3 2885s
 1388089 768201 204509.258   74  135 223821.892 194351.683  13.2%  45.3 2890s
 1389908 768418 213877.916   84  129 223821.892 194352.632  13.2%  45.3 2895s
 1391460 769189 204327.220   97  129 223821.892 194353.548  13.2%  45.4 2900s
 1393647 769836 221738.152  219  114 223821.892 194354.339  13.2%  45.4 2905s
 1396023 771105 209144.560  202  126 223821.892 194356.422  13.2%  45.4 2910s
 1397482 771337 infeasible  134      223821.892 194356.678  13.2%  45.4 2915s
 1398308 771711 212071.146  198  123 223821.892 194356.879  13.2%  45.4 2920s
 1400487 772668 222860.819   77  134 223821.892 194357.988  13.2%  45.4 2925s
 1402725 773437 201371.637  105  132 223821.892 194359.411  13.2%  45.5 2930s
 1404400 774194 217060.555   87  131 223821.892 194360.401  13.2%  45.5 2935s
 1406081 774735 infeasible  161      223821.892 194361.458  13.2%  45.5 2940s
 1408175 775603 infeasible   84      223821.892 194363.621  13.2%  45.5 2945s
 1410050 776106 infeasible  102      223821.892 194365.637  13.2%  45.5 2950s
 1412016 776846 223732.020   90  127 223821.892 194366.403  13.2%  45.5 2955s
 1414073 777358 215155.420  136  134 223821.892 194368.298  13.2%  45.6 2960s
 1415669 777852 infeasible   78      223821.892 194369.436  13.2%  45.6 2965s
H1416817 778323                    223806.82068 194369.444  13.2%  45.6 2968s
 1417252 778414 220012.807  137  128 223806.821 194369.444  13.2%  45.6 2970s
 1418973 779450 208931.607  245  132 223806.821 194371.758  13.2%  45.6 2975s
 1420844 780014 infeasible  121      223806.821 194372.843  13.2%  45.6 2980s
 1422545 780759 infeasible  125      223806.821 194375.328  13.2%  45.6 2985s
 1423306 781077 215786.683  127  131 223806.821 194375.730  13.2%  45.6 2990s
 1425352 781614     cutoff  196      223806.821 194376.625  13.1%  45.7 2995s
 1427568 783071 202408.630  141  126 223806.821 194378.267  13.1%  45.7 3000s
 1429424 783757 223200.679   83  138 223806.821 194379.313  13.1%  45.7 3005s
 1431539 784984 211653.766  164  130 223806.821 194379.915  13.1%  45.7 3010s
 1433781 785619 infeasible  134      223806.821 194381.888  13.1%  45.7 3015s
 1435573 786370 223228.612  116  131 223806.821 194382.998  13.1%  45.7 3020s
 1438026 787105 infeasible   80      223806.821 194384.613  13.1%  45.7 3025s
 1439953 787759 222008.347   84  134 223806.821 194385.724  13.1%  45.8 3030s
 1441959 788414 218612.589  101  136 223806.821 194387.343  13.1%  45.8 3035s
 1443959 789240 infeasible  150      223806.821 194388.487  13.1%  45.8 3040s
 1446086 790246 198121.600   87  129 223806.821 194390.408  13.1%  45.8 3045s
 1447929 790963 198899.460  108  126 223806.821 194391.910  13.1%  45.8 3052s
 1449172 791543 219157.139  181  137 223806.821 194393.300  13.1%  45.9 3055s
 1451113 792103 infeasible  156      223806.821 194394.546  13.1%  45.9 3060s
 1452637 792578     cutoff  110      223806.821 194395.933  13.1%  45.9 3065s
 1454791 793423 223706.495  206  112 223806.821 194397.326  13.1%  45.9 3070s
 1456525 794057 infeasible  208      223806.821 194398.238  13.1%  45.9 3075s
 1458655 794933 219412.437  129  134 223806.821 194399.832  13.1%  45.9 3080s
 1460497 795836 223656.980  161  127 223806.821 194401.170  13.1%  46.0 3085s
 1462518 796760 222663.858  277  116 223806.821 194402.065  13.1%  46.0 3090s
 1464590 797495 infeasible   95      223806.821 194403.696  13.1%  46.0 3095s
 1466644 798677 218496.982  120  133 223806.821 194404.345  13.1%  46.0 3100s
 1469074 799779 220592.124  251  110 223806.821 194405.973  13.1%  46.0 3105s
 1470166 800105     cutoff  304      223806.821 194406.547  13.1%  46.0 3110s
 1472419 800900 223164.086  122  126 223806.821 194408.281  13.1%  46.0 3115s
 1473767 801458 195250.508   80  130 223806.821 194409.464  13.1%  46.0 3120s
 1476064 802120 infeasible   81      223806.821 194411.816  13.1%  46.0 3125s
 1478093 802775     cutoff  196      223806.821 194413.830  13.1%  46.1 3130s
 1480106 803625     cutoff  122      223806.821 194415.167  13.1%  46.1 3135s
 1482253 804950 215820.575   93  137 223806.821 194416.213  13.1%  46.1 3140s
 1484324 805790 infeasible  122      223806.821 194417.766  13.1%  46.1 3145s
 1486667 806867 infeasible  177      223806.821 194418.338  13.1%  46.1 3150s
 1488579 808007 infeasible  180      223806.821 194420.645  13.1%  46.1 3155s
 1490452 808630 infeasible  105      223806.821 194422.862  13.1%  46.2 3160s
 1492423 809155 infeasible   75      223806.821 194424.206  13.1%  46.2 3165s
 1493144 809716 infeasible   91      223806.821 194424.677  13.1%  46.2 3170s
 1494998 810073 213515.831   86  133 223806.821 194426.046  13.1%  46.2 3175s
 1496812 810926 infeasible  101      223806.821 194426.897  13.1%  46.2 3180s
 1499391 811655 infeasible  124      223806.821 194428.615  13.1%  46.2 3185s
 1502896 813230 220316.583  302  121 223806.821 194430.941  13.1%  46.3 3190s
 1505888 814351 204897.525  101  129 223806.821 194432.453  13.1%  46.3 3195s
 1508123 815192 infeasible  120      223806.821 194434.156  13.1%  46.3 3200s
 1510410 816106     cutoff  225      223806.821 194435.352  13.1%  46.3 3205s
 1512309 816695     cutoff  142      223806.821 194436.901  13.1%  46.3 3210s
 1514279 817681 213453.843  211  131 223806.821 194439.139  13.1%  46.3 3215s
 1516288 818691 infeasible  118      223806.821 194440.409  13.1%  46.4 3220s
 1517842 819466     cutoff  112      223806.821 194441.124  13.1%  46.4 3225s
H1518733 819792                    223806.61087 194441.788  13.1%  46.4 3227s
H1519323 820091                    223806.59579 194442.431  13.1%  46.4 3229s
 1519608 820129 218442.084  136  122 223806.596 194442.506  13.1%  46.4 3230s
 1521483 821286 208822.515  172  120 223806.596 194444.181  13.1%  46.4 3235s
H1522081 821495                    223806.38839 194444.181  13.1%  46.4 3236s
 1523570 822042 infeasible  180      223806.388 194444.960  13.1%  46.4 3240s
 1525184 822467     cutoff  108      223806.388 194445.972  13.1%  46.4 3245s
 1527346 823464 infeasible  123      223806.388 194448.877  13.1%  46.4 3250s
 1529331 824508 infeasible   71      223806.388 194450.153  13.1%  46.4 3255s
 1531973 825511 infeasible  124      223806.388 194451.881  13.1%  46.4 3260s
H1532178 825511                    223804.95420 194451.881  13.1%  46.4 3260s
 1533997 826107 infeasible   93      223804.954 194453.996  13.1%  46.4 3265s
 1535841 826714 223661.056  158  129 223804.954 194454.915  13.1%  46.5 3270s
 1537783 827483 infeasible  161      223804.954 194456.935  13.1%  46.5 3275s
 1539247 827932 223780.409  219  118 223804.954 194458.337  13.1%  46.5 3280s
 1541203 828538 205116.969   92  131 223804.954 194459.680  13.1%  46.5 3285s
 1543148 829454 213270.835  156  128 223804.954 194461.322  13.1%  46.5 3292s
 1544770 829998     cutoff  161      223804.954 194462.667  13.1%  46.5 3295s
 1546717 830941 215550.476   89  133 223804.954 194464.036  13.1%  46.5 3300s
 1549098 832047 infeasible  145      223804.954 194466.205  13.1%  46.6 3305s
 1551052 832579     cutoff  106      223804.954 194467.757  13.1%  46.6 3310s
 1553301 833870 215805.943   77  134 223804.954 194469.341  13.1%  46.6 3315s
 1555525 834927 214406.782  134  131 223804.954 194470.411  13.1%  46.6 3320s
 1557158 835469 216917.976  105  132 223804.954 194471.560  13.1%  46.6 3325s
 1559433 836236 201744.977   81  128 223804.954 194472.422  13.1%  46.6 3330s
 1561161 836803 infeasible   97      223804.954 194474.064  13.1%  46.6 3335s
 1563296 837732 221310.320  157  128 223804.954 194475.504  13.1%  46.7 3340s
 1564869 838428 217409.259  142  127 223804.954 194475.597  13.1%  46.7 3347s
 1566195 839142 infeasible  161      223804.954 194476.104  13.1%  46.7 3350s
 1568104 840090 202305.964   88  127 223804.954 194477.483  13.1%  46.7 3355s
 1570067 840819 223519.238  250  108 223804.954 194478.840  13.1%  46.7 3360s
 1572122 841751 infeasible  107      223804.954 194480.746  13.1%  46.7 3365s
 1574028 842146 infeasible   77      223804.954 194481.703  13.1%  46.7 3370s
 1575854 842807 223287.509  167  125 223804.954 194484.127  13.1%  46.7 3375s
 1577864 843388 infeasible  125      223804.954 194485.311  13.1%  46.7 3380s
 1580070 844214 215224.012  109  131 223804.954 194487.592  13.1%  46.8 3385s
 1582121 845019 infeasible  165      223804.954 194488.792  13.1%  46.8 3390s
H1582222 845018                    223801.52236 194488.841  13.1%  46.8 3390s
 1583323 845254 223140.126  116  131 223801.522 194489.920  13.1%  46.8 3395s
 1586124 846305 222266.545  185  126 223801.522 194491.511  13.1%  46.8 3400s
 1588210 847038 218248.295   82  134 223801.522 194493.208  13.1%  46.8 3405s
 1590182 848139 219052.803  194  119 223801.522 194494.250  13.1%  46.8 3410s
 1591449 848508 infeasible  196      223801.522 194495.476  13.1%  46.8 3415s
 1592911 848877     cutoff  118      223801.522 194495.921  13.1%  46.8 3420s
 1595060 849807 221126.850  129  131 223801.522 194496.610  13.1%  46.8 3425s
 1596992 850854 219200.580  205  126 223801.522 194498.057  13.1%  46.9 3430s
 1598926 851481 223421.197  218  110 223801.522 194498.573  13.1%  46.9 3435s
 1601271 852453 infeasible  108      223801.522 194500.839  13.1%  46.9 3440s
 1603215 853118 222385.892  154  124 223801.522 194502.185  13.1%  46.9 3445s
 1605309 854204 222842.075  243  115 223801.522 194503.210  13.1%  46.9 3450s
 1607737 855171 200283.718   83  129 223801.522 194504.260  13.1%  46.9 3455s
 1609863 856240     cutoff  250      223801.522 194505.258  13.1%  46.9 3460s
 1612087 857281 221311.776  183  131 223801.522 194506.904  13.1%  46.9 3465s
 1614084 858026 223581.630  108  134 223801.522 194508.903  13.1%  46.9 3470s
 1615167 858547 222006.556  174  133 223801.522 194509.146  13.1%  46.9 3475s
 1617342 859547     cutoff  116      223801.522 194510.069  13.1%  46.9 3480s
 1619290 860103 213872.078  162  132 223801.522 194511.172  13.1%  47.0 3485s
 1620971 860779     cutoff   95      223801.522 194512.190  13.1%  47.0 3490s
 1622803 861308 212223.853   70  132 223801.522 194514.265  13.1%  47.0 3495s
 1624485 861780 infeasible  143      223801.522 194514.651  13.1%  47.0 3500s
 1626016 862322 infeasible   70      223801.522 194516.288  13.1%  47.0 3505s
 1628064 863136 222178.046  141  132 223801.522 194517.864  13.1%  47.0 3510s
 1630032 863980 223379.817  311  127 223801.522 194517.934  13.1%  47.1 3515s
H1631180 864418                    223789.90302 194518.571  13.1%  47.1 3519s
H1631536 864418                    223789.25815 194518.912  13.1%  47.1 3520s
H1632091 864724                    223789.24625 194519.154  13.1%  47.1 3522s
H1632428 865052                    223789.24276 194519.286  13.1%  47.1 3523s
 1633089 865295 infeasible  186      223789.243 194519.455  13.1%  47.1 3525s
 1635286 866523 214212.280   96  133 223789.243 194520.703  13.1%  47.1 3530s
 1637359 867307 214679.048  123  136 223789.243 194521.759  13.1%  47.1 3535s
 1638174 867600 213993.728  158  130 223789.243 194522.009  13.1%  47.1 3540s
 1640219 868184 infeasible  156      223789.243 194523.482  13.1%  47.1 3545s
 1642162 868892 infeasible  220      223789.243 194524.988  13.1%  47.2 3550s
 1643979 869546 infeasible  137      223789.243 194525.916  13.1%  47.2 3555s
 1645597 870189 infeasible  128      223789.243 194527.872  13.1%  47.2 3560s
 1647340 871179 219468.093   94  133 223789.243 194529.035  13.1%  47.2 3565s
 1649607 871828 infeasible  134      223789.243 194530.701  13.1%  47.2 3570s
 1651606 873291 201563.311   77  128 223789.243 194531.355  13.1%  47.2 3575s
 1654068 874014 infeasible  136      223789.243 194532.216  13.1%  47.2 3580s
 1657001 875581 infeasible   70      223789.243 194533.913  13.1%  47.2 3585s
 1659259 876276 214633.126  112  132 223789.243 194536.245  13.1%  47.2 3590s
 1660883 877204 223650.649  250  105 223789.243 194536.607  13.1%  47.2 3595s
 1663069 878342 218726.746  114  134 223789.243 194537.497  13.1%  47.2 3600s

Cutting planes:
  RLT: 12

Explored 1663093 nodes (78541601 simplex iterations) in 3600.03 seconds (2857.45 work units)
Thread count was 2 (of 24 available processors)

Solution count 10: 223789 223789 223789 ... 223822

Time limit reached
Best objective 2.237892427646e+05, best bound 1.945374970750e+05, gap 13.0711%
