
Gurobi 11.0.3 (linux64, Java) logging started sáb 14 dez 2024 12:22:34 -03

Set parameter Username
Academic license - for non-commercial use only - expires 2025-10-10
Set parameter NonConvex to value 2
Set parameter TimeLimit to value 3600
Set parameter LogToConsole to value 0
Set parameter MIPGap to value 1.1439385627166870e-07
Set parameter Threads to value 2
Set parameter NodefileDir to value "/home/ps12398/experiment_epec/goalProgrammingMarcos/"
Set parameter NodefileStart to value 1
Gurobi Optimizer version 11.0.3 build v11.0.3rc0 (linux64)

CPU model: Intel(R) Xeon(R) CPU           X5650  @ 2.67GHz, instruction set [SSE2]
Thread count: 12 physical cores, 24 logical processors, using up to 2 threads

Optimize a model with 59897 rows, 40194 columns and 172257 nonzeros
Model fingerprint: 0xed16516e
Model has 146 quadratic constraints
Variable types: 20028 continuous, 20166 integer (141 binary)
Coefficient statistics:
  Matrix range     [7e-03, 2e+06]
  QMatrix range    [7e-03, 5e+04]
  QLMatrix range   [1e+00, 5e+04]
  Objective range  [1e+00, 2e+07]
  Bounds range     [1e+00, 1e+08]
  RHS range        [1e+00, 2e+05]
  QRHS range       [2e-01, 2e-01]
Presolve removed 59633 rows and 39545 columns
Presolve time: 0.10s
Presolved: 810 rows, 820 columns, 12516 nonzeros
Presolved model has 2 SOS constraint(s)
Presolved model has 141 bilinear constraint(s)

Solving non-convex MIQCP

Variable types: 457 continuous, 363 integer (143 binary)
Found heuristic solution: objective 641825.53875

Root relaxation: objective 1.723609e+05, 136 iterations, 0.00 seconds (0.00 work units)

    Nodes    |    Current Node    |     Objective Bounds      |     Work
 Expl Unexpl |  Obj  Depth IntInf | Incumbent    BestBd   Gap | It/Node Time

     0     0 172360.947    0  100 641825.539 172360.947  73.1%     -    0s
H    0     0                    488665.34470 172360.947  64.7%     -    0s
     0     0 208593.236    0  100 488665.345 208593.236  57.3%     -    0s
H    0     0                    366095.54380 208599.543  43.0%     -    0s
     0     0 209241.036    0  100 366095.544 209241.036  42.8%     -    0s
H    0     0                    348637.30942 209256.253  40.0%     -    0s
     0     0 209256.253    0  100 348637.309 209256.253  40.0%     -    0s
     0     0 209256.253    0  100 348637.309 209256.253  40.0%     -    0s
H    0     0                    348224.88050 209256.542  39.9%     -    0s
     0     0 210684.467    0  100 348224.880 210684.467  39.5%     -    0s
H    0     0                    339021.93056 210693.574  37.9%     -    0s
     0     2 210693.574    0  100 339021.931 210693.574  37.9%     -    0s
H   67    80                    324862.35628 210785.777  35.1%   2.1    0s
H  470   522                    302082.74054 210785.777  30.2%   2.1    0s
H  895   927                    297854.74585 210785.777  29.2%   2.6    1s
H  928  1014                    297612.41720 210785.777  29.2%   2.6    1s
H 1168  1265                    296031.27701 210785.777  28.8%   2.5    1s
H 1556  1590                    295287.12861 210785.777  28.6%   2.3    1s
  2572  2463 255024.265  148   74 295287.129 246738.255  16.4%   3.1    5s
H 2636  2411                    293499.81759 246738.255  15.9%   3.0    5s
H 2666  2291                    293300.48582 246738.255  15.9%   3.0    5s
H 2817  2354                    292143.74849 246738.255  15.5%   3.0    5s
H 2941  2261                    291455.39932 246738.255  15.3%   3.0    5s
H 3016  2219                    291254.28276 246738.255  15.3%   3.1    5s
H 3741  2597                    290949.06114 246741.026  15.2%   3.2    5s
 10337  7696 288834.085  297   83 290949.061 247047.761  15.1%   4.0   10s
 17852 14138 280569.137  246   88 290949.061 247499.296  14.9%   3.5   15s
 27029 21934 287443.009  314   79 290949.061 247776.569  14.8%   3.3   20s
 36457 30149 274629.531  199   88 290949.061 247851.936  14.8%   3.2   25s
H44343 36540                    290824.83581 247892.158  14.8%   3.0   29s
 45015 37251     cutoff  183      290824.836 247894.115  14.8%   3.1   30s
 53885 44848 283743.152  203   80 290824.836 247935.316  14.7%   3.0   35s
 62879 52553 290082.303  227   82 290824.836 247982.995  14.7%   3.0   40s
*65907 55068             279    290769.81489 248002.521  14.7%   3.0   41s
H66271 55222                    290767.27812 248006.017  14.7%   3.0   42s
H68098 56927                    290664.60821 248025.582  14.7%   3.0   43s
H69948 58430                    290500.77771 248033.322  14.6%   3.0   44s
 71328 59651 255908.531  122   85 290500.778 248052.332  14.6%   3.0   45s
 80557 67593 286096.711  181   80 290500.778 248124.754  14.6%   3.0   50s
 88230 73959 268095.851  152   76 290500.778 248281.671  14.5%   3.0   55s
 97577 81806 273847.792  151   81 290500.778 248397.828  14.5%   3.1   60s
 105759 88857 270556.707  173   86 290500.778 248444.467  14.5%   3.1   65s
 115283 96856 276940.939  170   51 290500.778 248521.130  14.5%   3.1   70s
*116588 97797             326    290499.58003 248526.005  14.4%   3.1   70s
*116594 97790             329    290493.77790 248526.005  14.4%   3.1   70s
*116615 97877             327    290486.66896 248527.751  14.4%   3.1   71s
*116616 97870             327    290484.76810 248527.751  14.4%   3.1   71s
*116621 97870             330    290483.57290 248527.751  14.4%   3.1   71s
 124042 104011 276028.232  146   49 290483.573 248610.530  14.4%   3.1   75s
H129818 108408                    290045.45150 248644.932  14.3%   3.1   77s
 133591 111789 251565.073  123   90 290045.452 248672.580  14.3%   3.1   80s
 142249 119046 268790.685  155   85 290045.452 248721.989  14.2%   3.1   85s
H149882 125659                    289994.92499 248774.001  14.2%   3.2   89s
 151575 127065 268819.838  162   75 289994.925 248785.186  14.2%   3.2   90s
 160080 134192 281681.071  178   82 289994.925 248826.889  14.2%   3.2   95s
H162654 136155                    289973.69341 248840.496  14.2%   3.2   96s
H163188 136626                    289973.68634 248844.163  14.2%   3.2   96s
 168637 141279 262816.389  131   84 289973.686 248872.014  14.2%   3.2  100s
H176003 147392                    289955.19002 248898.184  14.2%   3.2  104s
H176604 147845                    289955.18297 248900.412  14.2%   3.2  104s
 177842 148781 272008.547  178   85 289955.183 248902.836  14.2%   3.2  105s
 186303 155839 288084.148  269   69 289955.183 248927.628  14.1%   3.2  110s
H186632 155932                    289861.39418 248929.055  14.1%   3.2  110s
 194733 163025 284462.036  307   82 289861.394 248947.708  14.1%   3.2  115s
*197914 165604             288    289836.44753 248953.633  14.1%   3.2  116s
H202831 169551                    289685.98441 248964.459  14.1%   3.2  119s
 203804 170516 268963.915  152   80 289685.984 248966.190  14.1%   3.2  120s
*204250 170483             282    289603.43905 248969.999  14.0%   3.2  120s
*204259 170460             285    289597.93385 248969.999  14.0%   3.2  120s
*211128 176092             275    289538.13480 248988.855  14.0%   3.2  124s
*211132 176089             277    289536.87572 248988.855  14.0%   3.2  124s
 211824 176821 258503.375  136   89 289536.876 248992.843  14.0%   3.2  125s
H220419 183826                    289492.49541 249017.172  14.0%   3.2  129s
 220803 184334 276278.440  188   80 289492.495 249019.308  14.0%   3.2  130s
 228869 190979 255169.824  114   91 289492.495 249053.504  14.0%   3.3  135s
 237401 198517 263948.453  171   82 289492.495 249084.819  14.0%   3.3  140s
H244655 204497                    289480.61674 249115.447  13.9%   3.3  144s
 245396 205237 264516.136  152   81 289480.617 249119.916  13.9%   3.3  145s
 254339 212891 257247.024  116   89 289480.617 249157.962  13.9%   3.3  150s
*255350 213593             292    289441.27647 249160.040  13.9%   3.3  150s
*255354 213378             294    289366.81743 249160.040  13.9%   3.3  150s
*255363 213347             301    289358.15886 249160.040  13.9%   3.3  150s
 262695 219747 284424.368  254   40 289358.159 249197.182  13.9%   3.3  155s
 271056 226764 251121.311  124   85 289358.159 249233.133  13.9%   3.3  160s
 279621 234298 255533.040  116   88 289358.159 249277.118  13.9%   3.3  165s
 288311 241632 283385.952  252   84 289358.159 249319.104  13.8%   3.3  170s
*294585 246752             276    289349.42106 249352.247  13.8%   3.3  173s
H294593 246749                    289348.12134 249352.247  13.8%   3.3  173s
H294734 246017                    289154.90070 249352.340  13.8%   3.3  173s
 296236 247282 289125.387  312   81 289154.901 249359.920  13.8%   3.3  175s
 304678 254798 276980.530  209   84 289154.901 249389.975  13.8%   3.3  180s
H306853 256461                    289137.14590 249401.620  13.7%   3.3  181s
 313886 262602 286524.638  207   77 289137.146 249422.790  13.7%   3.3  185s
 322087 269401 286724.811  212   78 289137.146 249459.207  13.7%   3.3  190s
 331682 277611 285341.431  248   78 289137.146 249492.244  13.7%   3.3  195s
 339916 284615 287042.172  198   79 289137.146 249514.217  13.7%   3.3  200s
 349150 292572 260557.623  129   84 289137.146 249542.830  13.7%   3.3  205s
 358591 300486 263006.560  132   86 289137.146 249572.570  13.7%   3.3  210s
*359387 301196             296    289132.09309 249572.879  13.7%   3.3  210s
 368675 309061 271319.243  144   83 289132.093 249602.213  13.7%   3.3  215s
*368908 308650             283    289046.42492 249603.417  13.6%   3.3  215s
*368912 308485             283    289016.63917 249603.417  13.6%   3.3  215s
 379248 317403 278758.961  172   75 289016.639 249643.764  13.6%   3.3  220s
H381604 319101                    289004.23982 249649.255  13.6%   3.3  221s
 389367 325952 272788.096  159   81 289004.240 249675.525  13.6%   3.3  225s
H394297 329202                    288874.98472 249692.624  13.6%   3.3  227s
 399613 333885 280112.378  225   84 288874.985 249710.169  13.6%   3.3  230s
 409402 342120 284305.501  193   79 288874.985 249744.526  13.5%   3.3  235s
 419519 350706 261423.780  128   87 288874.985 249778.543  13.5%   3.3  240s
 429994 359533 278389.523  233   83 288874.985 249822.470  13.5%   3.3  245s
 440482 368423 266992.262  127   88 288874.985 249862.717  13.5%   3.3  250s
 450589 377167 275886.555  192   81 288874.985 249888.929  13.5%   3.3  255s
 459907 384904 276136.622  174   78 288874.985 249922.783  13.5%   3.3  260s
 469945 393377 262964.840  139   85 288874.985 249960.305  13.5%   3.3  265s
 479720 401574 275201.822  144   53 288874.985 250000.093  13.5%   3.3  270s
 489147 409330 275891.309  166   84 288874.985 250042.102  13.4%   3.4  275s
 498786 417325 286765.060  183   74 288874.985 250074.687  13.4%   3.4  280s
 508716 425600 275678.181  172   86 288874.985 250103.799  13.4%   3.4  285s
 518347 433580 274844.294  154   82 288874.985 250144.118  13.4%   3.4  290s
 527909 441609 287120.487  155   44 288874.985 250172.902  13.4%   3.4  295s
 537379 449291 286646.672  170   50 288874.985 250198.367  13.4%   3.4  300s
 547002 457520 263733.053  135   79 288874.985 250226.793  13.4%   3.4  305s
 556484 465568     cutoff  257      288874.985 250244.707  13.4%   3.4  310s
 566061 473493 286986.795  179   76 288874.985 250276.335  13.4%   3.4  315s
 575520 481421 282710.735  209   82 288874.985 250303.893  13.4%   3.4  320s
 585156 489576 270909.751  149   71 288874.985 250326.419  13.3%   3.4  325s
 594660 497832 271655.739  158   82 288874.985 250356.470  13.3%   3.4  330s
 604398 506048 288443.775  279   73 288874.985 250385.924  13.3%   3.4  335s
 613580 513836 254330.917  119   91 288874.985 250411.173  13.3%   3.4  340s
 623461 521837 288829.862  229   75 288874.985 250445.609  13.3%   3.4  345s
 633165 530361 267929.385  156   88 288874.985 250473.114  13.3%   3.4  350s
 642983 538536 285991.849  198   81 288874.985 250497.462  13.3%   3.4  355s
 652564 546603     cutoff  166      288874.985 250520.919  13.3%   3.4  360s
 662636 554953     cutoff  214      288874.985 250546.883  13.3%   3.4  365s
 672928 563576 285874.568  204   48 288874.985 250576.496  13.3%   3.4  370s
 682858 572174 275811.982  173   86 288874.985 250607.891  13.2%   3.4  375s
 693078 580608 263315.136  138   83 288874.985 250632.797  13.2%   3.4  380s
H698102 584792                    288869.95756 250638.015  13.2%   3.5  382s
 703125 588960 267894.354  154   90 288869.958 250649.297  13.2%   3.5  385s
H710831 595208                    288869.52362 250664.299  13.2%   3.5  389s
 712838 597070 262982.473  138   87 288869.524 250670.489  13.2%   3.5  390s
 722858 605289 265611.450  125   57 288869.524 250694.257  13.2%   3.5  395s
 732550 613446 273485.691  173   84 288869.524 250716.065  13.2%   3.5  400s
 742608 621898 266196.530  161   84 288869.524 250743.189  13.2%   3.5  405s
 752406 630081 281364.860  194   82 288869.524 250767.322  13.2%   3.5  410s
 762314 638251 284889.082  238   76 288869.524 250787.897  13.2%   3.5  415s
 771022 645389     cutoff  154      288869.524 250815.293  13.2%   3.5  420s
 780927 653487     cutoff  166      288869.524 250846.221  13.2%   3.5  425s
 790457 661452 288349.819  218   75 288869.524 250864.741  13.2%   3.5  430s
 800444 669615     cutoff  198      288869.524 250888.546  13.1%   3.5  435s
 810539 677758 287401.206  203   77 288869.524 250913.309  13.1%   3.5  440s
 819954 685572 276132.973  137   49 288869.524 250936.105  13.1%   3.5  445s
*821937 686863             281    288820.91501 250940.185  13.1%   3.5  446s
 828632 692569 282041.005  266   85 288820.915 250955.931  13.1%   3.5  450s
H834859 697658                    288818.10590 250969.030  13.1%   3.5  453s
 838599 700842 281782.151  186   50 288818.106 250980.961  13.1%   3.5  455s
 848888 709392 267050.635  146   81 288818.106 251007.058  13.1%   3.5  460s
 858977 717640 286732.031  232   71 288818.106 251030.310  13.1%   3.5  465s
 868818 725728 269485.511  151   85 288818.106 251056.013  13.1%   3.5  470s
 878319 733536 284658.230  211   71 288818.106 251072.797  13.1%   3.5  475s
 888058 741621 279069.218  192   84 288818.106 251092.154  13.1%   3.5  480s
 897134 749183 275450.879  153   76 288818.106 251107.506  13.1%   3.5  485s
 905860 756396 269230.332  139   78 288818.106 251127.110  13.1%   3.5  490s
 915316 764384     cutoff  182      288818.106 251138.948  13.0%   3.5  495s
 923873 771458 272662.699  133   85 288818.106 251149.923  13.0%   3.5  500s
 933253 779493 262279.021  150   85 288818.106 251162.121  13.0%   3.5  505s
 941987 786820 266707.927  149   85 288818.106 251173.231  13.0%   3.5  510s
 950569 794114 257295.186  118   83 288818.106 251189.637  13.0%   3.5  515s
 960012 801963 270223.544  152   81 288818.106 251203.725  13.0%   3.5  520s
 969532 809982 268606.657  134   79 288818.106 251221.473  13.0%   3.5  525s
 977716 816599     cutoff  202      288818.106 251234.795  13.0%   3.5  530s
 986663 824055 278655.884  195   80 288818.106 251249.510  13.0%   3.5  535s
H992390 828477                    288772.69556 251259.276  13.0%   3.6  538s
 994463 830194 279638.426  180   83 288772.696 251262.687  13.0%   3.6  540s
*998915 832286             299    288631.96456 251267.216  12.9%   3.6  542s
 1003380 836222 278432.527  160   50 288631.965 251272.195  12.9%   3.6  545s
 1012484 843842 279275.385  171   44 288631.965 251285.375  12.9%   3.6  550s
 1022136 851931 285675.230  219   79 288631.965 251300.878  12.9%   3.6  555s
 1031229 859404 266232.643  143   82 288631.965 251314.712  12.9%   3.6  560s
H1031775 859876                    288629.63067 251315.350  12.9%   3.6  560s
 1039868 866266 282776.734  161   49 288629.631 251333.031  12.9%   3.6  565s
 1048696 873855     cutoff  172      288629.631 251345.633  12.9%   3.6  570s
 1057962 881580 270675.957  166   83 288629.631 251361.442  12.9%   3.6  575s
 1067262 889171 252575.323  112   91 288629.631 251373.655  12.9%   3.6  580s
 1075860 896475 261138.797  133   86 288629.631 251390.831  12.9%   3.6  585s
*1081490 900955             283    288622.70373 251398.602  12.9%   3.6  588s
*1081491 900946             283    288621.89042 251398.602  12.9%   3.6  588s
*1081496 900944             283    288621.73913 251398.602  12.9%   3.6  588s
*1081680 901031             287    288620.82547 251399.112  12.9%   3.6  588s
*1081686 901028             287    288620.28639 251399.112  12.9%   3.6  589s
*1081697 901028             287    288620.14219 251399.112  12.9%   3.6  589s
 1083280 902447 288097.666  241   75 288620.142 251401.451  12.9%   3.6  590s
 1092136 909912 287708.205  270   77 288620.142 251415.607  12.9%   3.6  595s
 1100896 917116 277743.933  192   79 288620.142 251430.504  12.9%   3.6  600s
 1110019 924776 288208.436  200   38 288620.142 251439.791  12.9%   3.6  605s
 1119454 932654 285374.951  194   85 288620.142 251452.428  12.9%   3.6  610s
 1128176 939843 282130.712  163   44 288620.142 251468.016  12.9%   3.6  615s
 1137028 947115 287095.486  201   73 288620.142 251484.487  12.9%   3.6  620s
 1145184 953946 277911.913  168   82 288620.142 251492.270  12.9%   3.6  625s
 1154177 961290 279776.271  178   75 288620.142 251508.494  12.9%   3.6  630s
 1163360 968771 288201.948  183   70 288620.142 251522.664  12.9%   3.6  635s
 1171416 975558     cutoff  176      288620.142 251535.366  12.8%   3.6  640s
 1180816 983397 282344.001  202   82 288620.142 251547.959  12.8%   3.6  645s
 1190553 991417 261853.558  137   88 288620.142 251565.073  12.8%   3.6  650s
 1200044 999105     cutoff  235      288620.142 251578.410  12.8%   3.6  655s
 1208903 1006696 281121.346  225   81 288620.142 251591.531  12.8%   3.6  660s
 1217829 1014191 277123.784  175   81 288620.142 251603.521  12.8%   3.6  665s
 1226533 1021214 262657.573  144   83 288620.142 251615.003  12.8%   3.6  670s
 1235572 1028494 284570.060  246   80 288620.142 251626.536  12.8%   3.6  675s
 1243598 1035181 279357.462  198   72 288620.142 251638.062  12.8%   3.6  680s
 1252403 1042672 275247.195  178   84 288620.142 251646.644  12.8%   3.6  685s
 1261272 1049770 266239.620  155   87 288620.142 251660.334  12.8%   3.6  690s
 1269496 1056625 271847.048  171   85 288620.142 251669.908  12.8%   3.6  695s
 1278835 1064300 273934.873  147   84 288620.142 251681.101  12.8%   3.6  700s
 1288103 1072026 280622.314  153   83 288620.142 251693.685  12.8%   3.6  705s
 1297586 1079752 281285.122  234   70 288620.142 251704.696  12.8%   3.6  710s
H1300326 1081936                    288618.17158 251708.237  12.8%   3.6  711s
H1302077 1083331                    288618.16603 251709.921  12.8%   3.6  713s
 1304785 1085797 277769.175  171   81 288618.166 251714.809  12.8%   3.6  715s
 1314295 1093612     cutoff  186      288618.166 251724.996  12.8%   3.6  720s
 1323445 1101168     cutoff  187      288618.166 251739.056  12.8%   3.6  725s
H1331730 1107811                    288613.93317 251749.811  12.8%   3.6  728s
 1334180 1110069 287203.064  160   47 288613.933 251751.237  12.8%   3.6  730s
 1348384 1121690 273270.212  145   87 288613.933 251771.564  12.8%   3.6  735s
 1362563 1133441 270694.820  170   93 288613.933 251789.477  12.8%   3.6  740s
 1376186 1144762 281039.816  212   80 288613.933 251808.190  12.8%   3.6  745s
 1386440 1153329 286266.554  172   39 288613.933 251823.986  12.7%   3.6  750s
 1395799 1161120 287563.761  176   73 288613.933 251836.923  12.7%   3.6  755s
 1405151 1168948 283405.133  208   86 288613.933 251848.449  12.7%   3.6  760s
 1414317 1176430 277253.489  206   82 288613.933 251859.691  12.7%   3.6  765s
 1422745 1183113 270190.299  124   51 288613.933 251869.064  12.7%   3.6  770s
 1431667 1190738 285829.022  261   76 288613.933 251877.642  12.7%   3.6  775s
 1441250 1198722 270118.618  139   51 288613.933 251891.249  12.7%   3.6  780s
 1450619 1206412 287671.447  198   81 288613.933 251903.280  12.7%   3.6  785s
 1459717 1214105 269904.875  139   54 288613.933 251912.387  12.7%   3.6  790s
 1468697 1221763 271619.236  129   50 288613.933 251920.950  12.7%   3.6  795s
 1477830 1229469 285200.284  235   75 288613.933 251930.178  12.7%   3.7  800s
Created node file directory '/home/ps12398/experiment_epec/goalProgrammingMarcos//grbnodes28'
 1483284 1233911 281046.041  142   89 288613.933 251935.350  12.7%   3.7  805s
 1489274 1236367 283681.407  212   49 288613.933 251938.954  12.7%   3.7  810s
 1497513 1242272 283558.640  160   82 288613.933 251940.920  12.7%   3.7  815s
H1502615 1244204                    288613.38716 251942.340  12.7%   3.7  819s
 1503488 1245087 284856.605  165   73 288613.387 251942.894  12.7%   3.7  820s
 1511250 1250247 287370.711  193   82 288613.387 251944.826  12.7%   3.7  825s
 1515685 1253612 265782.901  146   85 288613.387 251945.208  12.7%   3.7  830s
 1523032 1257966 260705.213  127   87 288613.387 251948.219  12.7%   3.7  835s
 1530378 1260983     cutoff  153      288613.387 251951.683  12.7%   3.7  840s
 1537583 1265782 282396.536  172   82 288613.387 251952.844  12.7%   3.7  845s
 1545255 1270648     cutoff  152      288613.387 251953.457  12.7%   3.7  850s
 1552195 1275073 281039.912  205   84 288613.387 251953.715  12.7%   3.7  857s
 1555422 1276654 262894.989  140   84 288613.387 251955.762  12.7%   3.7  860s
 1564166 1281986 285018.145  216   74 288613.387 251957.472  12.7%   3.7  865s
 1572064 1286004 287281.830  199   36 288613.387 251961.788  12.7%   3.7  870s
 1579821 1291354     cutoff  210      288613.387 251962.058  12.7%   3.7  875s
 1585713 1294897     cutoff  203      288613.387 251964.205  12.7%   3.7  880s
 1591227 1297641 287330.357  221   82 288613.387 251965.353  12.7%   3.7  885s
 1599439 1303466 257278.740  127   89 288613.387 251968.281  12.7%   3.7  890s
 1606572 1308137 280580.622  209   83 288613.387 251969.395  12.7%   3.7  895s
 1612533 1312727 282203.857  217   72 288613.387 251970.491  12.7%   3.7  901s
 1617644 1315941 287928.666  295   72 288613.387 251971.884  12.7%   3.7  905s
 1624571 1320325     cutoff  179      288613.387 251974.285  12.7%   3.7  910s
 1632030 1324857 285549.193  184   79 288613.387 251976.964  12.7%   3.8  915s
 1636244 1327220     cutoff  209      288613.387 251978.893  12.7%   3.8  920s
 1643684 1331389 265141.111  160   80 288613.387 251983.091  12.7%   3.8  925s
 1650901 1335232 278802.726  164   45 288613.387 251986.081  12.7%   3.8  930s
 1657705 1340121 268209.276  138   80 288613.387 251989.248  12.7%   3.8  935s
 1662275 1343280     cutoff  151      288613.387 251990.093  12.7%   3.8  940s
 1669666 1347339 285082.105  182   47 288613.387 251991.890  12.7%   3.8  945s
 1677079 1352762 263596.621  137   86 288613.387 251992.738  12.7%   3.8  950s
 1683512 1354987 288163.414  188   43 288613.387 251995.731  12.7%   3.8  955s
 1690572 1359531     cutoff  194      288613.387 251998.133  12.7%   3.8  961s
 1695658 1362867 265180.834  165   87 288613.387 251998.454  12.7%   3.8  965s
 1704879 1370259     cutoff  183      288613.387 251999.677  12.7%   3.8  970s
 1709728 1372919 275363.319  148   79 288613.387 252001.214  12.7%   3.8  975s
 1717898 1378346 279420.197  206   85 288613.387 252003.072  12.7%   3.8  980s
 1723814 1381646 259145.840  128   91 288613.387 252007.656  12.7%   3.8  985s
 1731934 1387816 271359.471  175   84 288613.387 252008.417  12.7%   3.8  990s
 1736066 1390158 264516.595  123   54 288613.387 252010.353  12.7%   3.8  995s
 1743512 1394826     cutoff  219      288613.387 252013.314  12.7%   3.8 1000s
 1751907 1401203 283468.073  238   71 288613.387 252014.647  12.7%   3.8 1005s
 1757441 1405048 287240.864  220   80 288613.387 252017.591  12.7%   3.8 1010s
 1768136 1410135 287265.433  160   82 288613.387 252022.806  12.7%   3.8 1015s
 1778542 1418242 276637.231  199   77 288613.387 252024.699  12.7%   3.8 1021s
 1784640 1421863 287508.553  203   78 288613.387 252025.669  12.7%   3.8 1025s
 1792058 1426344 257482.968  123   88 288613.387 252027.630  12.7%   3.8 1030s
 1796859 1429972 284956.404  254   73 288613.387 252027.630  12.7%   3.8 1035s
 1804016 1434932 267007.652  159   82 288613.387 252030.932  12.7%   3.8 1040s
 1811488 1440393 286260.235  257   75 288613.387 252032.718  12.7%   3.8 1045s
 1818826 1444132 286642.297  193   40 288613.387 252037.825  12.7%   3.8 1051s
 1823792 1446763 260277.217  141   86 288613.387 252039.478  12.7%   3.9 1055s
 1832053 1452892 267093.850  164   82 288613.387 252040.715  12.7%   3.9 1060s
 1838100 1457953 275848.456  168   84 288613.387 252041.070  12.7%   3.9 1066s
 1843602 1461871 269190.497  162   88 288613.387 252042.102  12.7%   3.9 1070s
 1850570 1466068     cutoff  172      288613.387 252044.903  12.7%   3.9 1075s
 1857368 1471343 281896.059  205   77 288613.387 252046.404  12.7%   3.9 1081s
 1863624 1476014 263010.324  164   90 288613.387 252047.190  12.7%   3.9 1085s
 1869911 1480981 286574.961  279   72 288613.387 252047.190  12.7%   3.9 1090s
 1873805 1483123     cutoff  173      288613.387 252048.593  12.7%   3.9 1095s
 1881742 1489436     cutoff  154      288613.387 252049.936  12.7%   3.9 1100s
 1888741 1494435 287454.183  260   75 288613.387 252051.762  12.7%   3.9 1105s
 1895974 1499501 259144.048  141   89 288613.387 252054.813  12.7%   3.9 1112s
 1900004 1502067 285259.066  230   74 288613.387 252054.813  12.7%   3.9 1115s
 1907206 1505238 288088.829  217   78 288613.387 252059.570  12.7%   3.9 1120s
H1908521 1505765                    288613.26738 252060.515  12.7%   3.9 1121s
H1908675 1505764                    288610.34194 252060.942  12.7%   3.9 1121s
 1913189 1509546 280985.497  235   73 288610.342 252060.942  12.7%   3.9 1125s
 1918124 1513168 275185.544  200   82 288610.342 252061.628  12.7%   3.9 1130s
 1925925 1518284 287798.574  186   77 288610.342 252063.870  12.7%   3.9 1135s
 1933936 1524418 261738.045  120   89 288610.342 252064.977  12.7%   3.9 1140s
 1938641 1526606 288087.477  151   81 288610.342 252065.861  12.7%   3.9 1145s
 1946093 1531401 259720.558  139   87 288610.342 252069.158  12.7%   3.9 1150s
 1953374 1536995 264016.798  136   90 288610.342 252071.051  12.7%   3.9 1155s
 1956688 1540006 274772.773  172   86 288610.342 252071.051  12.7%   3.9 1160s
 1963996 1544321 287309.626  152   47 288610.342 252074.373  12.7%   3.9 1165s
 1971321 1549072 258147.727  144   89 288610.342 252076.312  12.7%   3.9 1170s
 1976603 1552730 263700.868  137   84 288610.342 252077.289  12.7%   3.9 1175s
 1983587 1557706 268132.523  146   82 288610.342 252078.364  12.7%   3.9 1180s
 1990835 1562266 288440.248  216   39 288610.342 252082.574  12.7%   4.0 1185s
 1996230 1566287 269345.921  149   90 288610.342 252085.211  12.7%   4.0 1190s
 2003026 1570803 285543.757  167   46 288610.342 252087.730  12.7%   4.0 1195s
 2009293 1575190 288089.020  267   74 288610.342 252088.687  12.7%   4.0 1201s
 2014725 1577418 288264.072  175   38 288610.342 252093.242  12.7%   4.0 1205s
 2022342 1583794 287033.373  262   73 288610.342 252093.629  12.7%   4.0 1210s
 2029372 1587710 269424.297  179   84 288610.342 252096.414  12.7%   4.0 1215s
 2035609 1593020 280883.407  207   74 288610.342 252097.850  12.7%   4.0 1220s
 2043220 1596277 267762.718  144   83 288610.342 252100.301  12.7%   4.0 1225s
 2049532 1600185 279458.138  191   75 288610.342 252102.328  12.6%   4.0 1230s
 2053895 1602808 286408.472  194   80 288610.342 252104.659  12.6%   4.0 1235s
 2061023 1608037 286273.760  181   84 288610.342 252105.907  12.6%   4.0 1240s
 2065408 1610572 266145.769  168   85 288610.342 252106.393  12.6%   4.0 1245s
 2072185 1616358 283785.284  221   45 288610.342 252107.583  12.6%   4.0 1250s
 2082001 1620527 281136.613  181   43 288610.342 252110.427  12.6%   4.0 1255s
 2089073 1625926 287773.964  200   80 288610.342 252111.600  12.6%   4.0 1260s
 2096575 1631269 264515.427  165   90 288610.342 252113.644  12.6%   4.0 1265s
 2102249 1635673 286630.906  269   75 288610.342 252114.381  12.6%   4.1 1270s
 2110291 1641934 259415.043  121   90 288610.342 252115.567  12.6%   4.1 1275s
 2116020 1644784 271822.008  142   82 288610.342 252117.507  12.6%   4.1 1280s
 2120912 1647512 258350.223  131   88 288610.342 252120.282  12.6%   4.1 1285s
 2128885 1653233 278238.111  159   79 288610.342 252122.457  12.6%   4.1 1290s
 2136826 1658500 276526.830  138   52 288610.342 252124.277  12.6%   4.1 1295s
 2141397 1660820 273734.378  163   85 288610.342 252125.574  12.6%   4.1 1300s
 2149043 1666830 282516.528  189   81 288610.342 252127.530  12.6%   4.1 1305s
 2156250 1670852 264618.934  161   79 288610.342 252129.638  12.6%   4.1 1310s
 2160177 1673778 287908.539  264   76 288610.342 252129.638  12.6%   4.1 1315s
 2166979 1678022 256878.778  132   90 288610.342 252131.363  12.6%   4.1 1320s
 2172966 1683255 287473.991  266   69 288610.342 252131.541  12.6%   4.1 1325s
 2179747 1687637     cutoff  252      288610.342 252132.324  12.6%   4.1 1330s
 2186608 1691640 285905.504  156   79 288610.342 252135.606  12.6%   4.1 1335s
 2192410 1695962 270835.507  133   83 288610.342 252136.585  12.6%   4.1 1340s
 2200707 1701849 287064.662  180   38 288610.342 252139.834  12.6%   4.1 1345s
 2207578 1706442 286492.145  217   80 288610.342 252141.058  12.6%   4.1 1352s
 2210768 1708008     cutoff  243      288610.342 252143.326  12.6%   4.1 1355s
 2218616 1712145 261843.879  141   88 288610.342 252146.664  12.6%   4.1 1360s
 2226296 1717797     cutoff  223      288610.342 252148.723  12.6%   4.1 1365s
 2231134 1721192 279886.424  199   83 288610.342 252150.076  12.6%   4.1 1370s
 2238566 1725618     cutoff  282      288610.342 252152.179  12.6%   4.1 1375s
 2245017 1729932 268887.420  161   86 288610.342 252154.251  12.6%   4.1 1380s
 2250457 1735398 280913.881  219   85 288610.342 252154.295  12.6%   4.1 1385s
 2257443 1738998 285077.220  161   81 288610.342 252156.214  12.6%   4.1 1390s
 2263835 1740872 286702.346  193   75 288610.342 252159.181  12.6%   4.1 1395s
 2268517 1743717 263777.570  163   87 288610.342 252160.014  12.6%   4.1 1400s
 2274931 1748522 280191.068  191   84 288610.342 252161.299  12.6%   4.1 1405s
 2281910 1751298     cutoff  178      288610.342 252164.223  12.6%   4.1 1410s
 2289174 1755376 283409.459  235   77 288610.342 252165.753  12.6%   4.1 1415s
 2293408 1757528 288546.293  211   76 288610.342 252167.507  12.6%   4.1 1420s
 2301578 1762571 273324.560  181   81 288610.342 252170.897  12.6%   4.2 1425s
 2305941 1765668     cutoff  169      288610.342 252171.164  12.6%   4.2 1430s
 2313140 1770896 264726.773  143   86 288610.342 252172.663  12.6%   4.2 1435s
 2320443 1776000 285580.701  234   69 288610.342 252172.792  12.6%   4.2 1440s
 2325403 1779609 281393.434  235   83 288610.342 252174.242  12.6%   4.2 1445s
 2331899 1783804 287740.033  154   45 288610.342 252176.431  12.6%   4.2 1450s
 2340240 1790227 281072.526  149   81 288610.342 252178.136  12.6%   4.2 1455s
 2345822 1793593     cutoff  270      288610.342 252182.007  12.6%   4.2 1460s
 2353846 1800174 288586.716  176   42 288610.342 252182.878  12.6%   4.2 1465s
 2358778 1803547 274095.800  133   88 288610.342 252185.546  12.6%   4.2 1470s
 2366180 1808615 275339.488  205   80 288610.342 252186.389  12.6%   4.2 1475s
 2371528 1812196 273363.428  168   79 288610.342 252187.679  12.6%   4.2 1480s
 2377246 1815835 277326.565  204   84 288610.342 252188.966  12.6%   4.2 1485s
 2385425 1819326 279540.586  159   44 288610.342 252194.623  12.6%   4.2 1490s
 2393035 1824179 268965.449  136   87 288610.342 252196.326  12.6%   4.2 1495s
 2397851 1826886 253687.273  123   95 288610.342 252197.565  12.6%   4.2 1500s
 2404437 1831972     cutoff  223      288610.342 252199.965  12.6%   4.2 1505s
 2412699 1837414 283133.179  238   76 288610.342 252200.374  12.6%   4.2 1512s
 2416857 1839396 281886.207  172   75 288610.342 252202.923  12.6%   4.2 1515s
 2423332 1843591 265872.425  147   80 288610.342 252204.270  12.6%   4.2 1520s
 2429826 1848834 272978.663  165   81 288610.342 252205.759  12.6%   4.2 1526s
 2435159 1852449 262901.552  145   85 288610.342 252207.234  12.6%   4.2 1530s
 2443093 1857595 286571.994  164   36 288610.342 252208.820  12.6%   4.2 1535s
 2448609 1861002     cutoff  149      288610.342 252210.201  12.6%   4.2 1540s
 2456035 1866041 276845.326  125   82 288610.342 252211.927  12.6%   4.2 1545s
 2463616 1871473 286415.621  256   76 288610.342 252212.616  12.6%   4.2 1550s
 2468657 1873882 287377.639  235   81 288610.342 252214.438  12.6%   4.2 1555s
 2476879 1880364 285402.020  219   75 288610.342 252215.429  12.6%   4.2 1560s
 2482647 1884963 279144.212  215   82 288610.342 252216.591  12.6%   4.2 1565s
 2489652 1888402 283867.789  180   46 288610.342 252219.441  12.6%   4.2 1570s
 2497342 1894917 281286.874  229   79 288610.342 252220.723  12.6%   4.2 1575s
 2502780 1898673 270406.957  178   84 288610.342 252221.993  12.6%   4.2 1580s
 2509407 1901865 288559.017  184   47 288610.342 252224.698  12.6%   4.3 1585s
 2516426 1905944 257320.303  120   93 288610.342 252226.119  12.6%   4.3 1590s
 2520709 1908598 255695.601  122   91 288610.342 252226.965  12.6%   4.3 1595s
 2529076 1913880 263520.604  148   82 288610.342 252229.145  12.6%   4.3 1600s
 2536764 1919213 268968.944  124   84 288610.342 252230.324  12.6%   4.3 1607s
 2542647 1923010 274400.305  138   47 288610.342 252231.485  12.6%   4.3 1610s
 2550392 1927517 263095.428  134   56 288610.342 252233.309  12.6%   4.3 1615s
 2555541 1931870 285081.912  204   75 288610.342 252233.582  12.6%   4.3 1620s
 2561779 1934133 268631.132  134   79 288610.342 252236.297  12.6%   4.3 1625s
 2568639 1938283     cutoff  190      288610.342 252238.354  12.6%   4.3 1630s
 2572940 1941692 284683.174  246   69 288610.342 252238.354  12.6%   4.3 1635s
 2578969 1944872     cutoff  158      288610.342 252241.803  12.6%   4.3 1640s
 2586968 1950550 288258.591  222   76 288610.342 252243.942  12.6%   4.3 1645s
 2592640 1952659 281752.700  150   86 288610.342 252246.083  12.6%   4.3 1651s
 2597521 1954650 286024.177  187   83 288610.342 252248.505  12.6%   4.3 1655s
 2604902 1958731 279279.168  136   49 288610.342 252250.909  12.6%   4.3 1660s
 2611626 1963202 287027.262  213   73 288610.342 252252.937  12.6%   4.3 1665s
 2616393 1966433 265575.195  154   87 288610.342 252254.436  12.6%   4.3 1670s
 2623572 1971498     cutoff  226      288610.342 252256.740  12.6%   4.3 1675s
 2630790 1976240 279686.445  264   84 288610.342 252258.351  12.6%   4.3 1680s
 2635380 1978904 276561.325  191   84 288610.342 252259.618  12.6%   4.3 1685s
 2641973 1982209     cutoff  175      288610.342 252261.842  12.6%   4.3 1690s
 2649341 1986764 266292.232  153   85 288610.342 252262.923  12.6%   4.3 1695s
 2656059 1990931 255983.996  117   93 288610.342 252264.736  12.6%   4.3 1701s
 2660797 1994447 281898.033  191   82 288610.342 252266.453  12.6%   4.3 1705s
 2668092 1999423 287995.497  209   75 288610.342 252269.708  12.6%   4.3 1710s
 2673178 2003709 284512.574  185   43 288610.342 252270.481  12.6%   4.3 1715s
 2680378 2009267 280526.830  233   76 288610.342 252271.324  12.6%   4.3 1720s
 2685033 2011592 258734.040  121   91 288610.342 252272.188  12.6%   4.3 1725s
 2691510 2015513 277367.148  171   86 288610.342 252273.423  12.6%   4.3 1730s
 2699236 2020992 284685.119  239   72 288610.342 252274.589  12.6%   4.3 1735s
 2706075 2025253     cutoff  266      288610.342 252276.727  12.6%   4.3 1741s
 2709517 2027085 288059.245  201   43 288610.342 252277.438  12.6%   4.3 1745s
H2711924 2029069                    288605.31828 252277.968  12.6%   4.3 1747s
 2715573 2031666 288087.262  266   79 288605.318 252277.968  12.6%   4.3 1750s
 2720195 2035627 286265.603  202   75 288605.318 252279.538  12.6%   4.3 1755s
 2727419 2038921 281934.324  182   89 288605.318 252282.292  12.6%   4.4 1760s
 2736472 2044462     cutoff  212      288605.318 252285.590  12.6%   4.4 1765s
 2743298 2048423 282286.481  199   75 288605.318 252286.711  12.6%   4.4 1771s
 2748541 2051118 288404.600  172   42 288605.318 252289.333  12.6%   4.4 1775s
 2756542 2056395 287011.922  211   47 288605.318 252291.533  12.6%   4.4 1780s
 2761743 2059836 283839.174  159   83 288605.318 252292.537  12.6%   4.4 1785s
 2769469 2064407     cutoff  226      288605.318 252295.654  12.6%   4.4 1790s
 2777543 2070187 274168.057  185   84 288605.318 252296.721  12.6%   4.4 1795s
 2783168 2074164 273901.689  177   81 288605.318 252297.303  12.6%   4.4 1800s
 2789949 2078126 270619.996  157   83 288605.318 252299.916  12.6%   4.4 1805s
 2796682 2081632 264827.708  128   90 288605.318 252302.344  12.6%   4.4 1810s
 2801752 2084902 261236.227  134   85 288605.318 252304.264  12.6%   4.4 1815s
 2809490 2091300 272325.519  178   85 288605.318 252305.145  12.6%   4.4 1820s
 2815364 2095146     cutoff  218      288605.318 252305.901  12.6%   4.4 1825s
 2822302 2099400 279565.385  225   81 288605.318 252307.676  12.6%   4.4 1830s
 2829306 2104372     cutoff  193      288605.318 252309.745  12.6%   4.4 1835s
 2833991 2107146     cutoff  225      288605.318 252312.303  12.6%   4.4 1840s
 2841965 2112790     cutoff  156      288605.318 252314.404  12.6%   4.4 1845s
 2848829 2116740 286939.025  219   72 288605.318 252315.892  12.6%   4.4 1850s
 2854804 2120042     cutoff  178      288605.318 252318.828  12.6%   4.4 1855s
 2862761 2125905 263787.839  122   52 288605.318 252320.708  12.6%   4.4 1860s
 2868779 2129587     cutoff  178      288605.318 252323.626  12.6%   4.4 1865s
 2874799 2133097 269834.017  157   84 288605.318 252325.632  12.6%   4.4 1870s
 2882895 2139634 268539.007  155   86 288605.318 252328.128  12.6%   4.4 1875s
 2887529 2142313 286708.162  168   46 288605.318 252329.013  12.6%   4.4 1880s
 2893708 2145206 280668.524  140   86 288605.318 252330.013  12.6%   4.4 1885s
 2900557 2148577 261984.176  157   87 288605.318 252331.235  12.6%   4.4 1890s
 2905345 2151960 261159.061  145   87 288605.318 252332.363  12.6%   4.4 1895s
 2912217 2156657 273677.537  134   49 288605.318 252333.770  12.6%   4.4 1900s
 2920053 2161963 263333.632  149   86 288605.318 252335.672  12.6%   4.4 1905s
 2924161 2164710 285822.013  231   74 288605.318 252335.672  12.6%   4.4 1910s
 2930465 2168626 278313.036  208   83 288605.318 252336.569  12.6%   4.4 1915s
 2937768 2173664 258890.147  139   88 288605.318 252339.845  12.6%   4.4 1920s
 2941682 2176180     cutoff  215      288605.318 252340.570  12.6%   4.4 1925s
 2948261 2180741 283243.042  141   47 288605.318 252341.625  12.6%   4.4 1930s
 2954988 2184039     cutoff  201      288605.318 252343.758  12.6%   4.4 1935s
 2959956 2186877 279962.964  133   77 288605.318 252345.358  12.6%   4.4 1940s
 2965905 2190454 287226.321  188   42 288605.318 252346.768  12.6%   4.4 1945s
 2972690 2195840 282111.316  188   84 288605.318 252347.630  12.6%   4.4 1950s
 2980225 2199708 256918.880  126   90 288605.318 252350.439  12.6%   4.4 1955s
 2987173 2203058     cutoff  216      288605.318 252352.312  12.6%   4.4 1960s
 2994980 2208376     cutoff  257      288605.318 252352.561  12.6%   4.5 1965s
 3000472 2211685     cutoff  160      288605.318 252355.664  12.6%   4.5 1970s
 3007434 2217479 278441.232  211   80 288605.318 252357.181  12.6%   4.5 1975s
 3014717 2223017 276333.249  191   81 288605.318 252357.918  12.6%   4.5 1981s
 3021108 2227460 264625.067  161   81 288605.318 252359.734  12.6%   4.5 1985s
 3028547 2233152 262544.981  149   86 288605.318 252360.767  12.6%   4.5 1990s
 3033893 2235893 266837.528  132   85 288605.318 252362.038  12.6%   4.5 1995s
 3040900 2240789 278147.369  181   85 288605.318 252363.948  12.6%   4.5 2000s
 3048002 2246198 287925.885  289   74 288605.318 252365.312  12.6%   4.5 2005s
 3051738 2247858 260746.969  135   87 288605.318 252366.906  12.6%   4.5 2010s
 3057876 2251205 268824.496  139   82 288605.318 252368.506  12.6%   4.5 2015s
 3064090 2256638 281975.953  256   78 288605.318 252369.227  12.6%   4.5 2020s
 3070515 2260319 282497.034  206   82 288605.318 252370.358  12.6%   4.5 2025s
 3077819 2265758 287290.504  247   70 288605.318 252371.597  12.6%   4.5 2030s
 3082941 2268698     cutoff  192      288605.318 252373.637  12.6%   4.5 2035s
 3090604 2274029 266411.141  151   85 288605.318 252375.490  12.6%   4.5 2040s
 3097804 2278836 267786.585  151   82 288605.318 252376.691  12.6%   4.5 2045s
 3106530 2285672 285302.558  230   78 288605.318 252378.669  12.6%   4.5 2050s
 3113601 2289744 288356.366  251   72 288605.318 252379.630  12.6%   4.5 2055s
 3118389 2292033 287323.185  227   74 288605.318 252381.885  12.6%   4.5 2060s
 3126096 2298105     cutoff  154      288605.318 252382.639  12.6%   4.5 2065s
 3131328 2302920 283589.107  218   76 288605.318 252383.031  12.6%   4.5 2070s
 3138009 2307218 268747.438  146   90 288605.318 252384.289  12.6%   4.5 2075s
 3145116 2311953 268344.404  156   79 288605.318 252385.232  12.6%   4.5 2080s
 3149794 2314989 270965.013  174   82 288605.318 252386.520  12.5%   4.5 2085s
 3157157 2319178 286075.119  205   48 288605.318 252390.539  12.5%   4.5 2090s
 3164363 2324212     cutoff  183      288605.318 252391.961  12.5%   4.5 2095s
 3169032 2328166 280371.734  218   79 288605.318 252392.459  12.5%   4.5 2100s
 3176686 2334162 287434.343  217   75 288605.318 252393.554  12.5%   4.5 2105s
 3180152 2335769 286064.606  169   76 288605.318 252394.029  12.5%   4.5 2110s
 3187481 2340677 273639.588  196   89 288605.318 252395.747  12.5%   4.5 2115s
 3194338 2344718 257342.248  127   91 288605.318 252398.968  12.5%   4.5 2120s
 3198986 2348656 285347.245  242   72 288605.318 252398.968  12.5%   4.5 2125s
 3206385 2353490 286479.012  170   81 288605.318 252400.553  12.5%   4.5 2130s
 3213078 2357551 285922.432  224   70 288605.318 252403.014  12.5%   4.5 2136s
 3218850 2360805 286869.115  201   77 288605.318 252403.861  12.5%   4.5 2140s
 3226583 2366109 283391.077  195   77 288605.318 252404.888  12.5%   4.5 2145s
 3232838 2370720 266910.044  167   80 288605.318 252407.029  12.5%   4.5 2150s
 3240952 2376723 286787.867  256   80 288605.318 252408.284  12.5%   4.5 2155s
 3248565 2381747 286379.923  200   80 288605.318 252410.472  12.5%   4.5 2161s
 3254239 2385365     cutoff  174      288605.318 252411.949  12.5%   4.5 2165s
 3262963 2391051 275610.777  132   84 288605.318 252413.863  12.5%   4.5 2170s
 3268089 2394090 282916.790  183   39 288605.318 252415.508  12.5%   4.5 2176s
 3273549 2397518 281243.283  161   48 288605.318 252416.348  12.5%   4.5 2180s
 3282868 2404212 287742.230  225   41 288605.318 252419.515  12.5%   4.5 2185s
 3288147 2407381 288451.401  208   77 288605.318 252421.146  12.5%   4.5 2190s
 3295964 2412567 283714.652  277   82 288605.318 252422.022  12.5%   4.5 2195s
 3302338 2417803 277221.573  204   82 288605.318 252423.398  12.5%   4.5 2200s
 3309960 2423869 286383.617  236   79 288605.318 252425.119  12.5%   4.5 2205s
 3315905 2427328 283531.889  211   71 288605.318 252426.216  12.5%   4.5 2210s
 3321802 2430625 285592.264  177   84 288605.318 252428.294  12.5%   4.5 2215s
 3328590 2434717 infeasible  144      288605.318 252429.426  12.5%   4.5 2220s
 3334658 2437866 287222.234  251   83 288605.318 252430.815  12.5%   4.5 2225s
 3339547 2441276 278780.781  203   75 288605.318 252432.015  12.5%   4.5 2230s
 3347294 2447216 281825.426  167   82 288605.318 252435.058  12.5%   4.5 2235s
*3351792 2449821             298    288466.95150 252437.486  12.5%   4.5 2238s
*3351810 2449821             296    288465.72700 252437.486  12.5%   4.5 2238s
 3352433 2450382 264725.754  139   88 288465.727 252437.591  12.5%   4.5 2240s
 3358508 2453444     cutoff  184      288465.727 252441.011  12.5%   4.5 2245s
 3366131 2458039 276922.027  190   86 288465.727 252442.310  12.5%   4.5 2250s
 3373664 2463278 281900.896  182   74 288465.727 252444.411  12.5%   4.5 2255s
 3380055 2466803 268688.530  160   84 288465.727 252445.648  12.5%   4.5 2260s
 3387224 2471552     cutoff  178      288465.727 252447.964  12.5%   4.5 2265s
 3392007 2475253 273222.637  173   86 288465.727 252448.470  12.5%   4.5 2270s
 3398890 2478359 287015.691  190   36 288465.727 252451.336  12.5%   4.5 2275s
 3405809 2482044 286238.863  221   41 288465.727 252452.920  12.5%   4.5 2280s
 3410864 2486056 267691.064  163   86 288465.727 252454.150  12.5%   4.5 2285s
 3418584 2491494 273629.393  144   87 288465.727 252455.081  12.5%   4.5 2290s
 3424718 2495259 280788.378  148   50 288465.727 252457.015  12.5%   4.5 2295s
 3430307 2498857 264824.605  126   53 288465.727 252458.184  12.5%   4.5 2300s
 3437267 2503129 287422.752  154   83 288465.727 252460.658  12.5%   4.5 2305s
 3443849 2507030 270904.917  156   93 288465.727 252461.429  12.5%   4.5 2311s
 3448926 2509311     cutoff  164      288465.727 252463.266  12.5%   4.5 2315s
 3455776 2514504     cutoff  251      288465.727 252463.798  12.5%   4.5 2320s
 3461492 2517593 277592.010  147   51 288465.727 252466.514  12.5%   4.5 2325s
 3470534 2523372 286779.417  183   37 288465.727 252469.004  12.5%   4.6 2330s
 3477866 2526519 288087.815  191   37 288465.727 252471.877  12.5%   4.6 2335s
 3485001 2530722 267683.653  154   86 288465.727 252473.694  12.5%   4.6 2341s
 3490345 2533847 283279.619  136   81 288465.727 252474.934  12.5%   4.6 2345s
 3497291 2538732     cutoff  196      288465.727 252476.440  12.5%   4.6 2350s
 3502145 2541654 279668.308  209   83 288465.727 252476.947  12.5%   4.6 2355s
 3509627 2546410 282246.593  210   75 288465.727 252479.027  12.5%   4.6 2360s
 3515893 2551715     cutoff  253      288465.727 252480.485  12.5%   4.6 2365s
 3522204 2555821 284079.514  158   44 288465.727 252482.106  12.5%   4.6 2370s
 3529664 2561120 282967.953  242   80 288465.727 252484.479  12.5%   4.6 2375s
 3535418 2563742 278594.021  155   86 288465.727 252486.101  12.5%   4.6 2380s
 3543490 2568326 267018.197  154   82 288465.727 252488.865  12.5%   4.6 2385s
 3551891 2573437     cutoff  190      288465.727 252490.842  12.5%   4.6 2390s
 3557905 2577480 286988.890  248   79 288465.727 252491.315  12.5%   4.6 2395s
 3565280 2581983 287579.182  170   80 288465.727 252495.700  12.5%   4.6 2400s
 3571603 2585691 267970.180  147   85 288465.727 252496.879  12.5%   4.6 2405s
 3579436 2591864 278666.764  218   77 288465.727 252499.379  12.5%   4.6 2410s
 3586179 2595864     cutoff  217      288465.727 252500.434  12.5%   4.6 2415s
 3593837 2600582     cutoff  206      288465.727 252503.595  12.5%   4.6 2420s
 3601387 2604836 266313.995  140   84 288465.727 252506.490  12.5%   4.6 2425s
 3605962 2607583     cutoff  242      288465.727 252508.024  12.5%   4.6 2430s
 3613301 2612857 275160.021  125   51 288465.727 252508.924  12.5%   4.6 2435s
 3620047 2616551 286934.192  246   78 288465.727 252510.228  12.5%   4.6 2440s
 3626859 2620597 283033.598  227   74 288465.727 252511.865  12.5%   4.6 2445s
 3632025 2623836 272362.312  133   52 288465.727 252513.609  12.5%   4.6 2450s
 3638493 2627705 285685.157  148   87 288465.727 252514.597  12.5%   4.6 2455s
 3643876 2630682     cutoff  231      288465.727 252515.444  12.5%   4.6 2460s
 3650343 2633925 275134.727  184   82 288465.727 252517.228  12.5%   4.6 2465s
 3657721 2638744     cutoff  215      288465.727 252519.468  12.5%   4.6 2470s
 3663643 2642654 262910.343  145   83 288465.727 252520.643  12.5%   4.6 2475s
 3669645 2645766 287407.137  172   48 288465.727 252523.045  12.5%   4.6 2480s
 3676668 2649868 287218.146  170   53 288465.727 252524.599  12.5%   4.6 2485s
 3684480 2654237 288423.984  232   80 288465.727 252528.637  12.5%   4.6 2490s
 3689676 2657963     cutoff  204      288465.727 252529.102  12.5%   4.6 2495s
 3696583 2661822 284612.328  247   75 288465.727 252529.801  12.5%   4.6 2500s
 3702609 2666255 274616.667  124   86 288465.727 252530.842  12.5%   4.6 2505s
 3708294 2669209 278452.996  152   86 288465.727 252533.042  12.5%   4.6 2510s
 3715116 2674094 288337.443  210   79 288465.727 252533.651  12.5%   4.6 2515s
 3720985 2676556 270573.065  169   88 288465.727 252534.797  12.5%   4.6 2520s
 3727352 2680189 269140.086  146   89 288465.727 252536.552  12.5%   4.6 2525s
 3735067 2684970 277667.710  202   77 288465.727 252537.555  12.5%   4.6 2530s
 3741058 2688783 284552.972  204   82 288465.727 252539.155  12.5%   4.6 2535s
 3747299 2693295 infeasible  248      288465.727 252540.943  12.5%   4.6 2540s
 3755194 2698019 287454.033  212   77 288465.727 252542.502  12.5%   4.6 2545s
 3759909 2701231 261505.345  124   89 288465.727 252542.824  12.5%   4.6 2550s
 3767468 2706718 284121.619  254   82 288465.727 252543.786  12.5%   4.6 2555s
 3772897 2710956 284990.466  205   81 288465.727 252544.385  12.5%   4.6 2560s
 3779779 2714921 285730.389  265   80 288465.727 252545.930  12.5%   4.6 2565s
 3786897 2718948 271373.192  167   85 288465.727 252548.555  12.5%   4.6 2570s
 3793469 2722195 287442.875  157   43 288465.727 252552.097  12.4%   4.6 2575s
 3798942 2726009 286464.337  161   83 288465.727 252554.760  12.4%   4.6 2580s
 3805735 2729394     cutoff  232      288465.727 252557.413  12.4%   4.6 2585s
 3810711 2732804 285194.350  190   72 288465.727 252557.819  12.4%   4.6 2590s
 3817631 2736663     cutoff  174      288465.727 252560.238  12.4%   4.6 2595s
 3825311 2740756 271167.404  127   49 288465.727 252563.522  12.4%   4.6 2600s
 3832336 2744471 267684.607  156   86 288465.727 252567.029  12.4%   4.6 2605s
 3836912 2747310 283805.740  157   85 288465.727 252568.100  12.4%   4.6 2610s
 3843324 2750891 280000.386  204   82 288465.727 252569.172  12.4%   4.6 2615s
 3850477 2755582     cutoff  213      288465.727 252571.644  12.4%   4.6 2621s
 3855458 2759373 285505.387  209   75 288465.727 252572.760  12.4%   4.6 2625s
 3862649 2763703     cutoff  266      288465.727 252574.488  12.4%   4.6 2630s
 3869162 2768612 258789.663  128   88 288465.727 252576.176  12.4%   4.6 2635s
 3874642 2771616     cutoff  154      288465.727 252577.674  12.4%   4.6 2640s
 3881422 2775932 273226.508  129   53 288465.727 252579.197  12.4%   4.6 2645s
 3887817 2781671 283364.012  205   73 288465.727 252579.582  12.4%   4.6 2650s
 3895236 2787228 280074.222  215   83 288465.727 252580.146  12.4%   4.6 2655s
 3900348 2790125 267303.433  148   84 288465.727 252580.722  12.4%   4.6 2660s
 3907705 2796069 272962.570  202   80 288465.727 252581.925  12.4%   4.6 2665s
 3914078 2800178 281330.423  242   82 288465.727 252584.159  12.4%   4.6 2670s
 3918573 2803898 277251.807  197   85 288465.727 252585.829  12.4%   4.6 2675s
 3927258 2810418 268957.174  134   82 288465.727 252587.826  12.4%   4.6 2680s
 3931714 2812689 279516.370  127   85 288465.727 252590.005  12.4%   4.6 2685s
 3938071 2815786 284952.285  194   48 288465.727 252592.769  12.4%   4.6 2690s
 3946137 2820966 268685.112  151   82 288465.727 252595.332  12.4%   4.7 2695s
 3951107 2824341     cutoff  179      288465.727 252596.189  12.4%   4.7 2700s
 3958979 2830483 286677.655  196   82 288465.727 252597.441  12.4%   4.7 2705s
 3965302 2833527 286799.247  145   82 288465.727 252599.643  12.4%   4.7 2710s
 3969721 2836312 287379.616  202   40 288465.727 252600.330  12.4%   4.7 2715s
 3976779 2841941 288163.663  245   78 288465.727 252601.013  12.4%   4.7 2720s
 3981962 2845391 273795.136  188   80 288465.727 252603.300  12.4%   4.7 2725s
 3988021 2847899 288035.955  245   41 288465.727 252605.393  12.4%   4.7 2730s
 3994400 2851953 286812.980  151   46 288465.727 252606.852  12.4%   4.7 2735s
 4000025 2856032 284133.795  193   83 288465.727 252608.370  12.4%   4.7 2741s
 4006155 2861275 279828.490  216   73 288465.727 252609.991  12.4%   4.7 2745s
 4013127 2864867 268807.249  163   87 288465.727 252611.433  12.4%   4.7 2750s
 4019266 2869245 285942.542  274   71 288465.727 252612.091  12.4%   4.7 2755s
 4026626 2873791 287432.317  231   37 288465.727 252614.668  12.4%   4.7 2760s
 4034160 2879450 281123.017  141   79 288465.727 252616.313  12.4%   4.7 2765s
 4041129 2881423     cutoff  192      288465.727 252617.914  12.4%   4.7 2770s
 4045843 2884381     cutoff  215      288465.727 252619.327  12.4%   4.7 2775s
 4052141 2888234 272436.980  155   84 288465.727 252620.769  12.4%   4.7 2780s
 4058262 2891176 269029.276  135   48 288465.727 252622.802  12.4%   4.7 2785s
 4063459 2894244 288036.376  174   41 288465.727 252623.518  12.4%   4.7 2790s
 4071118 2899724 288160.094  171   43 288465.727 252625.079  12.4%   4.7 2795s
 4077590 2904318     cutoff  216      288465.727 252625.332  12.4%   4.7 2800s
 4084212 2908074 264457.365  135   92 288465.727 252626.876  12.4%   4.7 2805s
 4090554 2912551     cutoff  187      288465.727 252628.360  12.4%   4.7 2810s
 4096556 2916837 277127.376  196   84 288465.727 252630.644  12.4%   4.7 2815s
 4103975 2921326 285916.914  128   45 288465.727 252632.136  12.4%   4.7 2820s
 4111839 2926345 287677.900  286   83 288465.727 252633.707  12.4%   4.7 2825s
 4117193 2928923     cutoff  229      288465.727 252635.486  12.4%   4.7 2830s
 4125128 2934255 276047.485  132   86 288465.727 252638.349  12.4%   4.7 2835s
 4132167 2937868 274457.102  137   55 288465.727 252639.939  12.4%   4.7 2840s
 4136622 2940444     cutoff  133      288465.727 252642.107  12.4%   4.7 2845s
 4143484 2945080 268722.323  171   89 288465.727 252643.492  12.4%   4.7 2850s
 4149818 2949811 262808.439  167   85 288465.727 252643.912  12.4%   4.7 2855s
 4157087 2954768 265300.623  155   84 288465.727 252645.991  12.4%   4.7 2860s
 4163726 2959412 267527.505  160   86 288465.727 252647.285  12.4%   4.7 2866s
 4168292 2962816     cutoff  194      288465.727 252647.653  12.4%   4.7 2870s
 4176576 2968680 274441.108  173   86 288465.727 252648.762  12.4%   4.7 2875s
 4181782 2973292     cutoff  213      288465.727 252649.177  12.4%   4.7 2880s
 4188231 2977090     cutoff  203      288465.727 252652.602  12.4%   4.7 2885s
 4194674 2981615 261592.568  131   86 288465.727 252653.747  12.4%   4.7 2891s
 4199923 2985418 280389.399  153   84 288465.727 252653.838  12.4%   4.7 2895s
 4206315 2989918 284037.923  221   74 288465.727 252654.786  12.4%   4.7 2900s
 4212668 2993676 280953.788  156   82 288465.727 252657.279  12.4%   4.7 2905s
 4217931 2996729     cutoff  241      288465.727 252659.389  12.4%   4.7 2910s
 4224667 3001059 281845.886  157   84 288465.727 252660.513  12.4%   4.7 2915s
 4231241 3004543 286353.986  248   79 288465.727 252661.956  12.4%   4.7 2920s
 4237379 3007514 288145.999  138   86 288465.727 252665.048  12.4%   4.7 2925s
 4243815 3012615 274272.139  196   86 288465.727 252666.307  12.4%   4.7 2930s
 4250330 3017516 270246.078  182   83 288465.727 252668.146  12.4%   4.7 2936s
 4256206 3021063 287629.981  172   46 288465.727 252670.597  12.4%   4.7 2940s
 4264144 3026878 281233.529  238   80 288465.727 252671.694  12.4%   4.7 2945s
 4268156 3028891     cutoff  137      288465.727 252672.803  12.4%   4.7 2950s
 4275763 3033820     cutoff  171      288465.727 252674.256  12.4%   4.7 2955s
 4281510 3037293 277070.770  166   83 288465.727 252674.992  12.4%   4.7 2960s
 4286643 3040115 288275.446  185   79 288465.727 252676.400  12.4%   4.7 2965s
 4293863 3046252     cutoff  233      288465.727 252677.638  12.4%   4.7 2970s
 4300268 3049238 268785.686  154   79 288465.727 252679.776  12.4%   4.7 2975s
 4304649 3051469 287668.781  205   40 288465.727 252680.747  12.4%   4.7 2980s
 4311540 3055374 287159.957  160   79 288465.727 252681.965  12.4%   4.7 2985s
 4318916 3060401 277457.258  183   81 288465.727 252683.074  12.4%   4.7 2990s
 4323048 3062996 270281.610  155   89 288465.727 252685.230  12.4%   4.7 2995s
 4329250 3067249 286784.329  186   82 288465.727 252686.891  12.4%   4.7 3000s
 4336430 3071305 286825.083  193   42 288465.727 252688.156  12.4%   4.7 3005s
 4341793 3074202 281872.163  229   81 288465.727 252689.367  12.4%   4.7 3010s
 4348525 3078751 280099.248  202   79 288465.727 252690.654  12.4%   4.7 3015s
 4355973 3083523 287694.382  266   76 288465.727 252693.507  12.4%   4.7 3020s
 4361068 3086634 273715.264  121   56 288465.727 252694.412  12.4%   4.7 3025s
 4367364 3089658     cutoff  160      288465.727 252696.311  12.4%   4.7 3030s
 4374675 3094737 287111.184  224   78 288465.727 252697.909  12.4%   4.7 3035s
 4379774 3098466     cutoff  247      288465.727 252698.187  12.4%   4.7 3040s
 4387582 3103089     cutoff  172      288465.727 252701.432  12.4%   4.7 3045s
 4397548 3108610     cutoff  204      288465.727 252703.199  12.4%   4.8 3050s
 4404491 3111822     cutoff  174      288465.727 252705.284  12.4%   4.8 3055s
 4410966 3114607     cutoff  177      288465.727 252707.791  12.4%   4.8 3060s
 4418103 3118045 288223.521  212   81 288465.727 252709.768  12.4%   4.8 3065s
 4423171 3121333 275903.706  128   44 288465.727 252711.262  12.4%   4.8 3070s
 4430037 3125701 263171.293  149   82 288465.727 252713.076  12.4%   4.8 3075s
 4437164 3130066     cutoff  203      288465.727 252714.724  12.4%   4.8 3080s
 4442774 3133386     cutoff  219      288465.727 252715.748  12.4%   4.8 3085s
 4451020 3139264 256116.884  123   93 288465.727 252717.028  12.4%   4.8 3090s
 4458505 3142891 287868.414  223   36 288465.727 252718.745  12.4%   4.8 3095s
 4462450 3145122 286771.837  202   74 288465.727 252718.994  12.4%   4.8 3100s
 4469673 3150379     cutoff  246      288465.727 252719.861  12.4%   4.8 3105s
 4475193 3154842 287931.110  198   42 288465.727 252721.082  12.4%   4.8 3110s
 4481935 3158559 278501.016  163   83 288465.727 252723.042  12.4%   4.8 3115s
 4489074 3163857 280740.378  194   78 288465.727 252725.644  12.4%   4.8 3120s
 4493089 3165660     cutoff  144      288465.727 252727.553  12.4%   4.8 3125s
 4500218 3171115 278202.139  197   81 288465.727 252728.268  12.4%   4.8 3130s
 4506832 3174477     cutoff  252      288465.727 252729.855  12.4%   4.8 3135s
 4512375 3179151     cutoff  248      288465.727 252730.313  12.4%   4.8 3140s
 4518978 3183351 285541.244  242   73 288465.727 252731.235  12.4%   4.8 3145s
 4524464 3187682 286542.365  219   78 288465.727 252732.040  12.4%   4.8 3150s
 4530880 3191203     cutoff  196      288465.727 252734.627  12.4%   4.8 3155s
 4537717 3196950     cutoff  273      288465.727 252735.224  12.4%   4.8 3160s
 4543146 3200318 280030.028  178   46 288465.727 252737.028  12.4%   4.8 3165s
 4550095 3205532 275563.079  150   85 288465.727 252737.310  12.4%   4.8 3170s
 4556567 3210360 283186.263  222   80 288465.727 252738.735  12.4%   4.8 3175s
 4562478 3213627 287003.796  218   71 288465.727 252739.224  12.4%   4.8 3180s
 4569240 3217557 282925.579  227   73 288465.727 252741.727  12.4%   4.8 3185s
 4575851 3221479 262353.601  131   85 288465.727 252743.998  12.4%   4.8 3190s
 4582947 3226346     cutoff  307      288465.727 252745.407  12.4%   4.8 3195s
 4590615 3230329 276389.758  158   47 288465.727 252747.236  12.4%   4.8 3200s
 4596703 3234288     cutoff  221      288465.727 252748.156  12.4%   4.8 3205s
 4603340 3238149 262275.864  147   82 288465.727 252751.125  12.4%   4.8 3210s
 4611256 3243750 287546.588  148   77 288465.727 252752.015  12.4%   4.8 3215s
 4617228 3248114 279091.894  182   80 288465.727 252752.899  12.4%   4.8 3220s
 4624231 3251815     cutoff  167      288465.727 252754.390  12.4%   4.8 3225s
 4630831 3256518 280970.247  196   77 288465.727 252756.055  12.4%   4.8 3230s
 4635686 3259707 276604.222  182   80 288465.727 252756.485  12.4%   4.8 3235s
 4642641 3264615 285202.552  173   79 288465.727 252757.821  12.4%   4.8 3240s
 4648026 3268484 273251.265  171   84 288465.727 252758.399  12.4%   4.8 3245s
 4655736 3273830 285275.444  245   78 288465.727 252760.532  12.4%   4.8 3250s
 4662486 3276949 287437.098  205   42 288465.727 252762.543  12.4%   4.8 3255s
 4668082 3280824 287760.195  175   80 288465.727 252764.203  12.4%   4.8 3260s
 4675466 3285722 282117.756  169   80 288465.727 252765.627  12.4%   4.8 3265s
 4682997 3291069     cutoff  218      288465.727 252767.318  12.4%   4.8 3270s
 4687403 3294205 286655.282  188   77 288465.727 252768.797  12.4%   4.8 3275s
 4694394 3298640     cutoff  146      288465.727 252770.088  12.4%   4.8 3280s
 4700381 3301822     cutoff  202      288465.727 252770.758  12.4%   4.8 3285s
 4705585 3306037 274140.484  193   83 288465.727 252772.097  12.4%   4.8 3290s
 4713026 3310932     cutoff  205      288465.727 252773.616  12.4%   4.8 3295s
 4719078 3314438     cutoff  150      288465.727 252774.623  12.4%   4.8 3300s
 4725539 3317102 279710.189  188   37 288465.727 252776.902  12.4%   4.8 3305s
 4732549 3322786 281688.872  210   77 288465.727 252777.412  12.4%   4.8 3310s
 4739536 3325818 286082.413  145   52 288465.727 252779.910  12.4%   4.8 3315s
 4745178 3328979     cutoff  198      288465.727 252781.475  12.4%   4.8 3320s
 4752405 3333998 288404.885  255   74 288465.727 252782.851  12.4%   4.8 3325s
 4759549 3338281 274125.812  174   86 288465.727 252784.642  12.4%   4.8 3330s
 4765090 3343329 267518.633  170   78 288465.727 252786.033  12.4%   4.8 3335s
 4771442 3346059 282903.642  154   44 288465.727 252788.251  12.4%   4.8 3340s
 4777133 3348134 276810.888  132   84 288465.727 252791.289  12.4%   4.8 3345s
 4782933 3352607 283065.008  202   74 288465.727 252792.141  12.4%   4.8 3350s
 4789632 3357310     cutoff  226      288465.727 252792.978  12.4%   4.8 3355s
 4794702 3360164 277095.841  198   80 288465.727 252793.961  12.4%   4.8 3360s
 4801818 3364310 287365.997  218   78 288465.727 252795.834  12.4%   4.8 3365s
 4808110 3368067 274386.019  174   84 288465.727 252798.010  12.4%   4.8 3370s
 4812801 3371143 285444.657  160   45 288465.727 252798.099  12.4%   4.8 3375s
 4820725 3377105 283343.716  221   77 288465.727 252799.869  12.4%   4.8 3380s
 4827365 3379476 288135.466  210   79 288465.727 252802.779  12.4%   4.8 3385s
 4833348 3384627 285814.577  252   75 288465.727 252804.473  12.4%   4.8 3390s
 4840981 3389763 284211.527  141   85 288465.727 252805.270  12.4%   4.8 3395s
 4848366 3394616     cutoff  242      288465.727 252807.276  12.4%   4.8 3400s
 4855707 3398584 270039.253  154   81 288465.727 252809.546  12.4%   4.8 3405s
 4865006 3403961 288039.112  239   36 288465.727 252811.702  12.4%   4.8 3410s
 4871144 3408924 284714.114  243   67 288465.727 252812.536  12.4%   4.8 3415s
 4879372 3414406 283150.298  203   78 288465.727 252815.494  12.4%   4.8 3420s
 4883935 3417148     cutoff  179      288465.727 252816.684  12.4%   4.8 3425s
 4889946 3419861 287499.216  195   44 288465.727 252818.360  12.4%   4.8 3430s
 4896891 3423278     cutoff  126      288465.727 252821.067  12.4%   4.8 3435s
 4902280 3425795 274966.501  195   86 288465.727 252821.994  12.4%   4.8 3440s
 4908397 3429799 269898.285  164   83 288465.727 252822.974  12.4%   4.8 3445s
 4914435 3433811 262374.400  145   87 288465.727 252823.886  12.4%   4.8 3450s
 4921354 3438261 270208.008  158   86 288465.727 252825.217  12.4%   4.8 3455s
 4927157 3442175     cutoff  164      288465.727 252826.262  12.4%   4.8 3460s
 4935365 3447548 261487.082  139   83 288465.727 252827.676  12.4%   4.8 3465s
 4939814 3451170 274384.411  141   49 288465.727 252827.991  12.4%   4.8 3470s
 4946920 3455929 257370.460  138   89 288465.727 252830.207  12.4%   4.8 3475s
 4955757 3462123 261872.429  141   88 288465.727 252830.668  12.4%   4.8 3480s
 4963591 3466830 267230.062  164   84 288465.727 252833.792  12.4%   4.8 3485s
 4972162 3473272 282712.474  220   73 288465.727 252834.428  12.4%   4.8 3490s
 4977108 3476102 282235.995  130   48 288465.727 252836.668  12.4%   4.8 3495s
 4984329 3481186 286486.024  151   86 288465.727 252837.706  12.4%   4.8 3500s
 4994074 3486665 263666.978  153   88 288465.727 252839.904  12.4%   4.8 3505s
 4999623 3490463 287688.429  200   36 288465.727 252840.562  12.3%   4.8 3510s
 5007080 3495945 288213.782  215   82 288465.727 252841.167  12.3%   4.9 3515s
 5012410 3499571 261611.840  143   89 288465.727 252841.968  12.3%   4.9 3520s
 5020029 3504547 260685.621  126   86 288465.727 252844.092  12.3%   4.9 3525s
 5027131 3508120 265780.333  152   88 288465.727 252845.132  12.3%   4.9 3530s
 5032978 3512931 269644.972  161   88 288465.727 252846.080  12.3%   4.9 3535s
 5039372 3516450 286122.222  144   48 288465.727 252848.092  12.3%   4.9 3540s
 5044816 3520926 285686.117  162   51 288465.727 252848.991  12.3%   4.9 3545s
 5051778 3526027 257964.534  126   90 288465.727 252849.568  12.3%   4.9 3550s
 5057661 3529181 262153.359  149   88 288465.727 252850.735  12.3%   4.9 3555s
 5063106 3533031 266883.303  156   80 288465.727 252851.658  12.3%   4.9 3560s
 5070504 3537769 287500.052  237   76 288465.727 252852.977  12.3%   4.9 3565s
 5076856 3540170 286410.747  240   83 288465.727 252853.769  12.3%   4.9 3570s
 5082684 3544669 275851.079  156   73 288465.727 252856.419  12.3%   4.9 3575s
 5088952 3548952 265133.126  156   83 288465.727 252857.156  12.3%   4.9 3580s
 5096014 3553722 267351.618  168   92 288465.727 252858.104  12.3%   4.9 3585s
 5101050 3556830 286208.045  288   74 288465.727 252858.895  12.3%   4.9 3590s
 5107652 3560766     cutoff  158      288465.727 252860.779  12.3%   4.9 3595s
 5114557 3564646 272704.536  156   81 288465.727 252862.513  12.3%   4.9 3600s

Cutting planes:
  RLT: 31

Explored 5114612 nodes (24860429 simplex iterations) in 3600.06 seconds (1877.32 work units)
Thread count was 2 (of 24 available processors)

Solution count 10: 288466 288467 288605 ... 288622

Time limit reached
Best objective 2.884657269990e+05, best bound 2.528625130115e+05, gap 12.3423%
