
Gurobi 11.0.3 (linux64, Java) logging started sex 13 dez 2024 21:12:03 -03

Set parameter Username
Academic license - for non-commercial use only - expires 2025-10-10
Set parameter NonConvex to value 2
Set parameter TimeLimit to value 3600
Set parameter LogToConsole to value 0
Set parameter MIPGap to value 1.1439385627166870e-07
Set parameter Threads to value 2
Set parameter NodefileDir to value "/home/ps12398/experiment_epec/goalProgrammingMarcos/"
Set parameter NodefileStart to value 1
Gurobi Optimizer version 11.0.3 build v11.0.3rc0 (linux64)

CPU model: Intel(R) Xeon(R) CPU           X5650  @ 2.67GHz, instruction set [SSE2]
Thread count: 12 physical cores, 24 logical processors, using up to 2 threads

Optimize a model with 59897 rows, 40194 columns and 172257 nonzeros
Model fingerprint: 0x2c998ef5
Model has 146 quadratic constraints
Variable types: 20028 continuous, 20166 integer (141 binary)
Coefficient statistics:
  Matrix range     [7e-03, 2e+06]
  QMatrix range    [7e-03, 5e+04]
  QLMatrix range   [1e+00, 5e+04]
  Objective range  [1e+00, 2e+07]
  Bounds range     [1e+00, 1e+08]
  RHS range        [1e+00, 3e+05]
  QRHS range       [3e-02, 3e-02]
Presolve removed 59633 rows and 39545 columns
Presolve time: 0.12s
Presolved: 810 rows, 820 columns, 12516 nonzeros
Presolved model has 2 SOS constraint(s)
Presolved model has 141 bilinear constraint(s)

Solving non-convex MIQCP

Variable types: 457 continuous, 363 integer (143 binary)
Found heuristic solution: objective 3446695.8975

Root relaxation: objective 2.190882e+06, 156 iterations, 0.01 seconds (0.00 work units)

    Nodes    |    Current Node    |     Objective Bounds      |     Work
 Expl Unexpl |  Obj  Depth IntInf | Incumbent    BestBd   Gap | It/Node Time

     0     0 2190881.98    0  101 3446695.90 2190881.98  36.4%     -    0s
H    0     0                    2832198.9471 2190881.98  22.6%     -    0s
     0     0 2256013.16    0  101 2832198.95 2256013.16  20.3%     -    0s
H    0     0                    2596297.1275 2256013.16  13.1%     -    0s
     0     0 2275777.48    0  101 2596297.13 2275777.48  12.3%     -    0s
H    0     0                    2520529.2869 2275777.48  9.71%     -    0s
     0     0 2276375.39    0  101 2520529.29 2276375.39  9.69%     -    0s
     0     0 2276653.48    0  101 2520529.29 2276653.48  9.68%     -    0s
H    0     0                    2487634.1363 2276653.48  8.48%     -    0s
     0     0 2278629.48    0  101 2487634.14 2278629.48  8.40%     -    0s
H    0     0                    2483440.2278 2278647.45  8.25%     -    0s
     0     2 2278647.45    0  101 2483440.23 2278647.45  8.25%     -    0s
H  105   116                    2481856.8970 2278994.27  8.17%   1.4    0s
H  201   225                    2481856.7559 2278994.27  8.17%   1.3    0s
H  972  1023                    2451495.8196 2278994.27  7.04%   1.7    1s
H 1264  1309                    2450622.6497 2278994.27  7.00%   1.7    1s
H 1362  1419                    2436364.4594 2278994.27  6.46%   1.6    1s
H 1944  2028                    2432520.9843 2278994.27  6.31%   1.7    1s
H 2389  2460                    2431649.2325 2278994.27  6.28%   1.7    1s
H 2459  2595                    2430976.0057 2278994.27  6.25%   1.7    1s
  3900  3868 2363715.26  117   76 2430976.01 2354568.76  3.14%   1.9    5s
  5465  4970 2365502.31  504   73 2430976.01 2354568.76  3.14%   3.4   10s
  6947  6019 2371875.80  874   79 2430976.01 2354568.76  3.14%   4.5   15s
  8580  7190 2376377.29 1274   85 2430976.01 2354568.76  3.14%   4.8   20s
 10097  8199 2378504.15 1650   73 2430976.01 2354568.76  3.14%   4.9   25s
H10734  8314                    2430538.4095 2354568.76  3.13%   4.9   26s
 11820  9160 2358765.07   82   92 2430538.41 2354589.53  3.12%   4.7   30s
 13237 10098 2382599.84  440   75 2430538.41 2354589.53  3.12%   4.7   35s
 14625 11229 2388852.30  791   74 2430538.41 2354589.53  3.12%   4.7   40s
H14876 11473                    2430324.8039 2354589.53  3.12%   4.7   40s
H16135 12605                    2430298.4854 2354589.53  3.12%   4.9   44s
 16252 12821 2396358.63 1180   74 2430298.49 2354589.53  3.12%   4.9   45s
 17609 14198 2407231.28 1500   83 2430298.49 2354589.53  3.12%   5.1   50s
 19268 15728 2413698.93 1814   83 2430298.49 2354589.53  3.12%   5.2   55s
 20742 17156 2383455.64  293   79 2430298.49 2354596.13  3.11%   5.0   60s
 22343 18764 2389711.67  673   74 2430298.49 2354596.13  3.11%   4.9   65s
 23903 20277 2395368.65 1047   74 2430298.49 2354596.13  3.11%   4.8   70s
H24555 20869                    2427227.1642 2354596.13  2.99%   4.9   72s
 25127 21484 2401424.19 1353   72 2427227.16 2354596.13  2.99%   5.0   75s
 26859 23050 2411622.92 1773   82 2427227.16 2354596.13  2.99%   5.0   80s
 28369 24440 2382764.49  259   72 2427227.16 2354598.68  2.99%   5.0   85s
 29958 25853 2388884.97  685   72 2427227.16 2354598.68  2.99%   5.1   90s
 31675 27750 2396469.21 1112   74 2427227.16 2354598.68  2.99%   5.2   95s
 33369 29421 2407302.23 1556   74 2427227.16 2354598.68  2.99%   5.3  100s
 34858 30765 2426587.82 1814   85 2427227.16 2354598.68  2.99%   5.2  105s
 36766 32662 2404855.17  763   72 2427227.16 2354637.46  2.99%   5.1  110s
H37290 32976                    2426139.0575 2354637.46  2.95%   5.0  111s
H37397 33140                    2426109.5025 2354637.46  2.95%   5.0  112s
H37411 33086                    2425390.3647 2354637.46  2.92%   5.0  112s
 38124 33885 2390911.37  200   74 2425390.36 2354644.70  2.92%   5.0  115s
 39796 35549 2406477.82 1023   74 2425390.36 2354644.70  2.92%   4.8  120s
 41732 37464 2398737.40  662   74 2425390.36 2354647.35  2.92%   4.7  125s
 43353 39031 2408255.34 1460   73 2425390.36 2354647.35  2.92%   4.6  130s
 44936 40586 2396511.13  589   72 2425390.36 2354649.89  2.92%   4.5  135s
 46595 42190 2405981.63 1373   76 2425390.36 2354649.89  2.92%   4.4  140s
 48171 43724 2381722.38  266   73 2425390.36 2354672.31  2.92%   4.3  145s
 50024 45513 2386523.87  706   72 2425390.36 2354672.31  2.92%   4.3  150s
H50273 45708                    2425359.9147 2354672.31  2.91%   4.3  151s
H50281 45708                    2425348.5897 2354672.31  2.91%   4.3  151s
 51703 47141 2391369.62 1091   73 2425348.59 2354672.31  2.91%   4.3  155s
H52939 48342                    2425331.5522 2354672.31  2.91%   4.3  159s
 53199 48611 2398240.74 1437   72 2425331.55 2354672.31  2.91%   4.3  160s
 54772 50053 2407866.97 1814   81 2425331.55 2354672.31  2.91%   4.3  165s
 56239 51420 2406545.56  429   80 2425331.55 2354719.38  2.91%   4.2  170s
 57968 53063 2408918.15  533   75 2425331.55 2354724.55  2.91%   4.1  175s
 59688 54670 2408448.61  500   73 2425331.55 2354730.89  2.91%   4.0  180s
 61280 56199 2355423.54   83   93 2425331.55 2354753.61  2.91%   4.0  185s
 62665 57587 2407509.21  833   73 2425331.55 2354753.61  2.91%   4.0  190s
 64549 59368 2419859.46  203   72 2425331.55 2354761.09  2.91%   4.0  195s
H65622 60336                    2425247.5547 2354761.09  2.91%   4.0  198s
H65647 60335                    2425215.4650 2354761.09  2.91%   4.0  198s
H65733 60333                    2425198.3445 2354761.09  2.90%   4.0  198s
H65789 60596                    2425192.1109 2354761.09  2.90%   4.0  199s
H66052 60765                    2423492.1568 2354761.09  2.84%   4.0  200s
H66462 61039                    2423453.3673 2354761.09  2.83%   4.0  201s
 67704 62370 2394350.22  132   81 2423453.37 2354772.26  2.83%   4.0  205s
H67845 62367                    2423417.5445 2354772.26  2.83%   4.0  205s
H69265 63723                    2423359.9946 2354776.05  2.83%   4.0  210s
 70883 65441 2413081.22  530   72 2423359.99 2354779.17  2.83%   3.9  215s
 72556 66992 2404425.00  462   74 2423359.99 2354793.85  2.83%   3.9  220s
 74350 68871 2358930.27   94   82 2423359.99 2354806.48  2.83%   3.8  225s
*74648 68804             552    2422414.2048 2354806.48  2.79%   3.8  225s
H76390 71227                    2422379.3474 2354820.63  2.79%   3.7  226s
 84377 78291 2361192.86  118   76 2422379.35 2354859.77  2.79%   3.5  230s
H89172 82707                    2422377.8703 2354874.38  2.79%   3.5  232s
H90520 83068                    2418922.1324 2354879.77  2.65%   3.6  232s
H91776 84337                    2418489.4403 2354885.78  2.63%   3.6  233s
 96330 88747 2380404.44  231   76 2418489.44 2354925.38  2.63%   3.5  235s
H104418 96151                    2418482.7020 2354958.83  2.63%   3.4  238s
H104420 96150                    2418468.4349 2354958.83  2.63%   3.4  238s
 107163 98879 2391896.24  275   77 2418468.43 2354967.55  2.63%   3.4  240s
H117114 107803                    2418430.4579 2355005.28  2.62%   3.3  244s
H118166 109026                    2418414.1313 2355005.51  2.62%   3.4  245s
 127868 117684     cutoff  279      2418414.13 2355044.94  2.62%   3.3  250s
 137186 126318 2365453.86   90   89 2418414.13 2355069.90  2.62%   3.4  255s
 151851 139312     cutoff  179      2418414.13 2355110.79  2.62%   3.3  260s
H158086 144416                    2418033.5602 2355130.60  2.60%   3.3  262s
H158418 144415                    2418014.1654 2355130.60  2.60%   3.3  262s
H159603 145611                    2418006.8137 2355139.97  2.60%   3.3  263s
H159603 145598                    2417960.8721 2355139.97  2.60%   3.3  263s
 165934 151594     cutoff 1061      2417960.87 2355148.84  2.60%   3.2  265s
H172300 157065                    2417872.1768 2355160.10  2.59%   3.2  267s
 180932 164901 2397299.06  531   82 2417872.18 2355181.19  2.59%   3.2  270s
H185695 169281                    2417867.4337 2355186.22  2.59%   3.2  271s
H187091 170459                    2417830.1517 2355188.71  2.59%   3.2  272s
H190927 174376                    2417805.6418 2355190.89  2.59%   3.3  273s
 195283 178287 2398374.89  524   71 2417805.64 2355193.01  2.59%   3.3  275s
H203813 185893                    2417798.3559 2355211.39  2.59%   3.3  278s
H203819 185884                    2417768.2660 2355211.39  2.59%   3.3  278s
 205860 187890     cutoff  108      2417768.27 2355215.79  2.59%   3.3  280s
 214952 195800 2380732.62  130   81 2417768.27 2355236.81  2.59%   3.2  285s
H219543 199667                    2417766.2273 2355245.50  2.59%   3.2  287s
H220232 200262                    2417670.3978 2355246.53  2.58%   3.2  287s
H220844 201184                    2417670.3006 2355247.66  2.58%   3.2  287s
H221976 201808                    2417652.6090 2355247.66  2.58%   3.2  288s
 225898 205279 2397568.82  186   76 2417652.61 2355252.10  2.58%   3.2  290s
H227941 207115                    2417646.3754 2355254.71  2.58%   3.2  290s
H229085 207681                    2417642.9890 2355254.71  2.58%   3.2  291s
H230294 208631                    2417627.8531 2355260.75  2.58%   3.2  292s
 236271 214259 2403406.39  219   74 2417627.85 2355268.02  2.58%   3.2  295s
H243083 220110                    2417617.4054 2355278.15  2.58%   3.2  298s
H244294 221256                    2417607.4914 2355281.91  2.58%   3.2  299s
 245762 222798 2381877.53   89   87 2417607.49 2355285.34  2.58%   3.2  300s
 254821 230902 2384028.69   88   92 2417607.49 2355299.45  2.58%   3.3  305s
H261792 237020                    2417602.4502 2355313.02  2.58%   3.3  308s
H263047 238072                    2417564.5530 2355317.24  2.57%   3.2  309s
H264117 239156                    2417559.6756 2355321.77  2.57%   3.2  309s
 265434 240214 2407026.48  108   84 2417559.68 2355323.18  2.57%   3.3  310s
H265691 240404                    2417553.4420 2355323.57  2.57%   3.3  310s
H266788 241376                    2417552.9406 2355325.51  2.57%   3.3  311s
 273736 247535 2395815.24  282   83 2417552.94 2355336.18  2.57%   3.2  315s
H279633 251260                    2415343.5686 2355339.64  2.48%   3.3  318s
 282988 254184 2406020.50  184   78 2415343.57 2355350.48  2.48%   3.3  320s
 292704 263048 2368487.55   74   95 2415343.57 2355367.05  2.48%   3.3  325s
 303096 272253 2393199.48   99   89 2415343.57 2355379.81  2.48%   3.3  330s
 312181 280497 2393645.90  104   87 2415343.57 2355398.49  2.48%   3.3  335s
 321830 289382 2404411.40  691   86 2415343.57 2355412.74  2.48%   3.3  340s
 331513 297966 2411015.94  135   79 2415343.57 2355430.19  2.48%   3.3  345s
 340786 305815 2412965.73  206   71 2415343.57 2355449.41  2.48%   3.3  350s
 349067 313426 2394899.06  753   70 2415343.57 2355463.60  2.48%   3.3  355s
 358611 322526 2395713.02 1299   70 2415343.57 2355474.13  2.48%   3.3  360s
 368187 331240 2366122.03   93   89 2415343.57 2355486.90  2.48%   3.3  365s
 377526 339858 2407659.32  136   82 2415343.57 2355498.26  2.48%   3.3  370s
 386327 347365 2402135.12  132   81 2415343.57 2355517.42  2.48%   3.3  375s
 395405 355527 2401328.97  518   83 2415343.57 2355523.76  2.48%   3.3  380s
 403978 362830 2379041.55   97   88 2415343.57 2355538.12  2.48%   3.3  385s
 413467 371182 2386306.75  193   81 2415343.57 2355551.96  2.48%   3.3  390s
 423526 380267 2377095.85  129   79 2415343.57 2355563.97  2.47%   3.3  395s
 432737 388921     cutoff  115      2415343.57 2355574.19  2.47%   3.3  400s
 441598 396607 2376290.76   78   90 2415343.57 2355585.89  2.47%   3.3  405s
*448338 402695             522    2415303.6341 2355587.00  2.47%   3.3  408s
*448351 402677             524    2415293.7182 2355587.00  2.47%   3.3  408s
 451838 406038 2402159.93  180   80 2415293.72 2355595.88  2.47%   3.3  410s
 460819 414377 2398587.68  438   71 2415293.72 2355604.09  2.47%   3.3  415s
H461050 414476                    2415277.3740 2355604.09  2.47%   3.3  415s
H468148 420739                    2415162.1521 2355611.73  2.47%   3.3  419s
 469465 421928 2384175.27   94   87 2415162.15 2355615.84  2.47%   3.3  420s
H472114 423458                    2414844.2953 2355620.10  2.45%   3.3  421s
H473471 424545                    2414844.2035 2355620.52  2.45%   3.3  422s
 479432 430053 2358299.51   77   92 2414844.20 2355625.94  2.45%   3.3  425s
H486098 435181                    2414332.2888 2355633.32  2.43%   3.3  428s
H487386 436047                    2414232.1277 2355634.17  2.43%   3.3  428s
H488822 437434                    2414204.6316 2355634.40  2.43%   3.3  429s
 489437 438067 2405008.24  183   77 2414204.63 2355634.80  2.43%   3.3  430s
 497571 445403 2395023.27  270   79 2414204.63 2355645.39  2.43%   3.3  435s
H502126 449317                    2414203.1635 2355650.09  2.43%   3.3  437s
 507501 454134 2410635.67  169   82 2414203.16 2355657.02  2.43%   3.3  440s
H514732 460620                    2414160.5919 2355665.69  2.42%   3.3  444s
 516302 462107 2383975.50  168   82 2414160.59 2355669.43  2.42%   3.3  445s
 525287 470456 2411637.25  519   76 2414160.59 2355676.65  2.42%   3.3  450s
H527654 472402                    2414160.0444 2355681.95  2.42%   3.3  451s
H527753 472396                    2414155.8010 2355681.95  2.42%   3.3  451s
H527755 472268                    2414090.5106 2355681.95  2.42%   3.3  451s
 533608 477470     cutoff  180      2414090.51 2355692.26  2.42%   3.3  455s
H540865 483762                    2414084.4894 2355698.77  2.42%   3.3  458s
H542015 484907                    2414048.6481 2355702.02  2.42%   3.3  459s
 542278 485125 2398669.68  144   83 2414048.65 2355703.40  2.42%   3.3  460s
H546899 489836                    2414024.1383 2355704.68  2.42%   3.3  462s
 552208 494494 2387608.64  278   70 2414024.14 2355708.27  2.42%   3.3  465s
 560122 501966 2397243.56  275   75 2414024.14 2355714.97  2.42%   3.3  470s
 569167 509722 2397428.38  421   70 2414024.14 2355725.10  2.42%   3.3  475s
H577224 516761                    2414021.8516 2355734.59  2.41%   3.3  479s
 577770 517363 2394602.14  215   71 2414021.85 2355734.59  2.41%   3.3  480s
H579874 515459                    2412411.2567 2355737.73  2.35%   3.3  481s
H579988 515700                    2412411.2526 2355738.32  2.35%   3.3  481s
H580517 516046                    2412411.2341 2355740.45  2.35%   3.3  481s
H581705 516698                    2412263.6225 2355741.54  2.34%   3.3  482s
H583374 518053                    2412231.1339 2355746.01  2.34%   3.3  483s
H585134 519845                    2412158.8995 2355748.89  2.34%   3.3  484s
H586137 520444                    2412127.7316 2355751.28  2.34%   3.3  485s
H587216 521263                    2412083.8666 2355754.69  2.34%   3.3  485s
 593668 527068 2383081.88  149   82 2412083.87 2355765.72  2.33%   3.3  490s
 601935 534542 2392530.48  120   86 2412083.87 2355774.79  2.33%   3.3  495s
 611235 542679 2373631.60   94   81 2412083.87 2355791.47  2.33%   3.3  500s
 620397 550655 2386079.46  109   86 2412083.87 2355808.09  2.33%   3.3  505s
 629477 558738 2396427.29  896   83 2412083.87 2355818.65  2.33%   3.3  510s
 638126 566103 2376750.49  120   82 2412083.87 2355839.34  2.33%   3.3  515s
 647099 574038 2377652.91  111   87 2412083.87 2355853.37  2.33%   3.3  520s
 655780 581411 2362524.16   75   92 2412083.87 2355877.53  2.33%   3.3  525s
 664687 588489 2385981.59   76   61 2412083.87 2355884.54  2.33%   3.4  530s
 672096 594941     cutoff  158      2412083.87 2355910.89  2.33%   3.3  535s
 681258 602834 2391890.20  282   85 2412083.87 2355931.45  2.33%   3.3  540s
 690386 610828 2396104.60   88   56 2412083.87 2355953.45  2.33%   3.3  545s
 699488 618871 2402238.83  788   71 2412083.87 2355965.56  2.33%   3.3  550s
 708672 626888 2394410.99  145   79 2412083.87 2355987.30  2.33%   3.3  555s
 717134 634200 2395275.05  116   83 2412083.87 2356006.53  2.32%   3.3  560s
 725499 641156 2386646.91  152   85 2412083.87 2356031.74  2.32%   3.3  565s
 733352 648287 2389240.35   84   85 2412083.87 2356039.68  2.32%   3.3  570s
 742125 655710 2373282.31  133   83 2412083.87 2356060.74  2.32%   3.3  575s
 751134 663454 2394845.03  402   70 2412083.87 2356079.45  2.32%   3.3  580s
 760301 671417     cutoff   89      2412083.87 2356095.95  2.32%   3.3  585s
 769169 678890     cutoff  437      2412083.87 2356117.44  2.32%   3.3  590s
 778025 686757 2373129.33   71   92 2412083.87 2356136.52  2.32%   3.3  595s
 785698 693263 2368925.12   84   95 2412083.87 2356157.38  2.32%   3.3  600s
 794286 700727 2388241.77  101   84 2412083.87 2356174.01  2.32%   3.3  605s
 803281 708302 2408663.58  143   82 2412083.87 2356194.84  2.32%   3.3  610s
 812009 716105 2402948.75  351   74 2412083.87 2356209.32  2.32%   3.3  615s
 821211 724459 2401128.19  149   85 2412083.87 2356227.50  2.32%   3.3  620s
 829222 731514 2392376.62  666   71 2412083.87 2356242.81  2.32%   3.3  625s
 837786 738647 2400160.39  293   82 2412083.87 2356258.32  2.31%   3.3  630s
 846870 746343 2393947.13  197   73 2412083.87 2356282.00  2.31%   3.3  635s
 855391 754003 2399646.54   74   61 2412083.87 2356297.40  2.31%   3.3  640s
 864252 761607 2404497.40  170   82 2412083.87 2356314.87  2.31%   3.3  645s
 872946 769477 2396178.49  189   77 2412083.87 2356334.05  2.31%   3.2  650s
 881009 776636 2394516.88  330   77 2412083.87 2356352.53  2.31%   3.2  655s
 890061 784765 2408928.74  832   82 2412083.87 2356364.30  2.31%   3.2  660s
 898596 792388 2400960.92  215   79 2412083.87 2356382.07  2.31%   3.2  665s
 907242 799938 2403795.31  438   73 2412083.87 2356397.73  2.31%   3.2  670s
*916256 802335             577    2410507.8922 2356416.15  2.24%   3.2  674s
 916292 802317     cutoff  106      2410507.89 2356416.44  2.24%   3.2  675s
H917463 803268                    2410465.7222 2356420.29  2.24%   3.2  676s
H918615 804242                    2410434.7335 2356422.27  2.24%   3.2  677s
H920148 804071                    2410181.1664 2356422.98  2.23%   3.2  678s
 923405 807443 2369442.74  116   93 2410181.17 2356425.39  2.23%   3.2  680s
 932560 815237 2406533.52  452   71 2410181.17 2356442.62  2.23%   3.2  685s
 941678 823534 2402007.42  110   81 2410181.17 2356465.95  2.23%   3.2  690s
 951462 832272 2373338.56   77   93 2410181.17 2356482.63  2.23%   3.2  695s
 961126 840585 2406176.50  359   83 2410181.17 2356508.41  2.23%   3.2  700s
 970349 848599 2376099.43   83   92 2410181.17 2356533.57  2.23%   3.2  705s
 979833 857274 2392818.78  311   77 2410181.17 2356550.87  2.23%   3.2  710s
*980931 858024             554    2410164.8306 2356552.62  2.22%   3.2  710s
*980932 856354             553    2409899.2504 2356552.62  2.21%   3.2  710s
*980952 856021             558    2409849.0116 2356552.62  2.21%   3.2  710s
*980958 855410             556    2409748.8112 2356552.62  2.21%   3.2  710s
H981073 850701                    2409171.9050 2356552.62  2.18%   3.2  711s
H981074 827467                    2407110.7237 2356552.62  2.10%   3.2  711s
*983583 819660             639    2406512.8603 2356559.49  2.08%   3.2  713s
H985236 820456                    2406478.6704 2356566.26  2.07%   3.2  714s
 986300 821503 2398559.71  115   53 2406478.67 2356568.15  2.07%   3.2  715s
 993979 828272 2391494.48  278   81 2406478.67 2356591.75  2.07%   3.2  720s
 1002610 835497 2393918.28  114   86 2406478.67 2356616.48  2.07%   3.2  725s
 1011552 843098     cutoff  210      2406478.67 2356636.73  2.07%   3.2  730s
H1018427 846535                    2406345.3894 2356655.79  2.06%   3.2  734s
*1018457 846535             700    2406345.3588 2356655.79  2.06%   3.2  734s
 1019804 847895 2379164.12  110   82 2406345.36 2356661.57  2.06%   3.2  735s
 1028232 855502 2394033.89  359   74 2406345.36 2356677.48  2.06%   3.2  740s
*1028494 846497             621    2405883.5795 2356677.48  2.05%   3.2  740s
H1033850 850736                    2405855.6811 2356691.78  2.04%   3.2  743s
 1036594 853011 2403322.99  149   50 2405855.68 2356701.46  2.04%   3.2  745s
 1044283 859724 2365409.80   84   96 2405855.68 2356718.90  2.04%   3.2  750s
 1053031 867379 2385255.39  223   84 2405855.68 2356735.99  2.04%   3.2  755s
 1061949 874991 2371890.61   95   90 2405855.68 2356756.67  2.04%   3.1  760s
 1070809 882611 2368408.85   80   96 2405855.68 2356782.74  2.04%   3.1  765s
 1079505 890177 2362198.64   77   98 2405855.68 2356803.26  2.04%   3.1  770s
 1088364 897831 2383314.04  270   79 2405855.68 2356828.97  2.04%   3.1  775s
 1096129 904493 2370595.71  123   91 2405855.68 2356848.47  2.04%   3.1  780s
*1101750 909087             506    2405853.8281 2356862.08  2.04%   3.1  783s
*1101756 908960             510    2405847.0249 2356862.08  2.04%   3.1  783s
*1101759 908892             509    2405844.1865 2356862.08  2.04%   3.1  783s
 1104218 911184 2401266.84   74   60 2405844.19 2356869.50  2.04%   3.1  785s
 1111823 917597 2369260.06   75   94 2405844.19 2356897.86  2.03%   3.1  790s
 1120254 924897     cutoff   96      2405844.19 2356915.95  2.03%   3.1  795s
 1128516 932003 2381270.22  178   83 2405844.19 2356938.67  2.03%   3.1  800s
 1137467 939710 2381657.11  229   79 2405844.19 2356958.27  2.03%   3.1  805s
 1146770 947655 2367257.39   73   93 2405844.19 2356977.20  2.03%   3.1  810s
 1155538 955363 2373851.93  114   86 2405844.19 2356994.76  2.03%   3.1  815s
 1164310 963108 2388286.75  174   79 2405844.19 2357016.90  2.03%   3.1  820s
 1172735 970543 2386445.90  117   84 2405844.19 2357029.36  2.03%   3.1  825s
 1180549 977386 2380628.47  191   87 2405844.19 2357042.82  2.03%   3.1  830s
 1189259 984726 2374934.15  140   91 2405844.19 2357060.59  2.03%   3.1  835s
 1198148 992463 2366446.28   89   94 2405844.19 2357080.81  2.03%   3.1  840s
 1206805 999984 2400527.52  109   56 2405844.19 2357093.05  2.03%   3.1  845s
 1214841 1006780 2373057.53  113   86 2405844.19 2357113.38  2.03%   3.1  850s
 1223441 1014106 2374836.91  132   87 2405844.19 2357130.41  2.02%   3.1  855s
 1232393 1021906 2388256.93  162   77 2405844.19 2357147.81  2.02%   3.1  860s
 1240335 1028772 2375875.19  104   90 2405844.19 2357159.06  2.02%   3.1  865s
 1249457 1036779 2380156.26  146   87 2405844.19 2357173.21  2.02%   3.1  870s
 1258356 1044434 2393973.88  148   84 2405844.19 2357191.93  2.02%   3.1  875s
 1267662 1052725     cutoff  135      2405844.19 2357206.70  2.02%   3.1  880s
 1276527 1060533 2381720.72  147   84 2405844.19 2357225.60  2.02%   3.1  885s
 1285165 1067895 2370702.57   93   86 2405844.19 2357254.38  2.02%   3.0  890s
 1293236 1075054     cutoff  187      2405844.19 2357269.02  2.02%   3.0  895s
 1302002 1082619 2368582.19   87   93 2405844.19 2357283.02  2.02%   3.0  900s
 1310620 1090016 2382258.87  202   78 2405844.19 2357300.01  2.02%   3.0  905s
 1319646 1097931 2396976.52  447   73 2405844.19 2357314.46  2.02%   3.0  910s
 1329034 1106428 2381596.48  173   84 2405844.19 2357331.02  2.02%   3.0  915s
 1338115 1114335 2381493.79  166   86 2405844.19 2357343.63  2.02%   3.0  920s
 1346065 1121249 2385407.66  118   89 2405844.19 2357361.04  2.02%   3.0  925s
 1355108 1129274     cutoff  139      2405844.19 2357379.14  2.01%   3.0  930s
 1363758 1136423 2398260.38  287   85 2405844.19 2357396.33  2.01%   3.0  935s
 1371808 1143428 2397021.11  162   79 2405844.19 2357414.48  2.01%   3.0  940s
 1380885 1151353 2396915.93  121   81 2405844.19 2357432.52  2.01%   3.0  945s
 1390222 1159823 2387221.61  123   85 2405844.19 2357450.00  2.01%   3.0  950s
 1399886 1168650 2385469.42  233   82 2405844.19 2357462.12  2.01%   3.0  955s
 1409822 1177264 2392168.84   98   80 2405844.19 2357481.20  2.01%   3.0  960s
 1420055 1186596 2405149.56  253   85 2405844.19 2357499.33  2.01%   3.0  965s
 1428974 1194053 2383960.80  109   85 2405844.19 2357517.57  2.01%   3.0  970s
 1438043 1202252 2364283.22   71   94 2405844.19 2357530.52  2.01%   3.0  975s
 1447635 1211022 2396475.80  261   75 2405844.19 2357544.17  2.01%   3.0  980s
 1456874 1219164 2392289.64  250   79 2405844.19 2357560.67  2.01%   3.0  985s
 1465698 1226982 2372168.89  119   88 2405844.19 2357574.15  2.01%   3.0  990s
 1475114 1235351 2386872.06  115   89 2405844.19 2357583.75  2.01%   3.0  995s
 1483341 1242533 2400889.10  165   78 2405844.19 2357605.81  2.01%   3.0 1000s
 1492761 1250782 2380202.35   98   92 2405844.19 2357629.96  2.00%   3.0 1005s
 1501595 1258487 2365685.94   85   97 2405844.19 2357647.70  2.00%   3.0 1010s
 1511320 1267248     cutoff  659      2405844.19 2357656.40  2.00%   2.9 1015s
 1519900 1275008 2369173.90   79   96 2405844.19 2357671.04  2.00%   2.9 1020s
 1529196 1283367 2383732.28  773   68 2405844.19 2357685.13  2.00%   2.9 1025s
 1538227 1291503 2386614.12  327   71 2405844.19 2357697.83  2.00%   2.9 1030s
 1547475 1299652 2397446.08  197   83 2405844.19 2357708.24  2.00%   2.9 1035s
 1556751 1307847 2395094.88  304   75 2405844.19 2357719.89  2.00%   2.9 1040s
 1565204 1315231 2369039.44   83   92 2405844.19 2357740.70  2.00%   2.9 1045s
 1573344 1322244 2390848.80  168   79 2405844.19 2357754.09  2.00%   2.9 1050s
 1582248 1330108 2403029.60  124   82 2405844.19 2357768.01  2.00%   2.9 1055s
 1590988 1337649 2400242.07  241   84 2405844.19 2357783.52  2.00%   2.9 1060s
 1599421 1345322 2388337.93  219   85 2405844.19 2357794.10  2.00%   2.9 1065s
 1608605 1353500 2376602.73  132   86 2405844.19 2357804.64  2.00%   2.9 1070s
 1617081 1360994 2371417.18  127   91 2405844.19 2357830.21  2.00%   2.9 1075s
 1626241 1368949     cutoff  108      2405844.19 2357850.55  1.99%   2.9 1080s
 1634755 1376565 2404324.28  116   80 2405844.19 2357870.77  1.99%   2.9 1085s
 1642655 1383632 2399540.38  595   85 2405844.19 2357881.43  1.99%   2.9 1090s
 1651640 1391532 2395530.26  356   80 2405844.19 2357895.12  1.99%   2.9 1095s
 1660389 1399274 2374914.97   96   92 2405844.19 2357914.81  1.99%   2.9 1100s
Created node file directory '/home/ps12398/experiment_epec/goalProgrammingMarcos//grbnodes23'
 1668760 1406520 2376076.73   83   92 2405844.19 2357933.85  1.99%   2.9 1108s
 1670481 1407416 2401286.88  131   78 2405844.19 2357933.85  1.99%   2.9 1110s
 1677295 1411562     cutoff  105      2405844.19 2357945.90  1.99%   2.9 1115s
 1683942 1415918 2397090.78  122   76 2405844.19 2357952.87  1.99%   2.9 1120s
 1689812 1419552 2390858.04   96   86 2405844.19 2357957.52  1.99%   2.9 1127s
 1692803 1422059 2383850.55   85   92 2405844.19 2357960.75  1.99%   2.9 1130s
 1699773 1426681 2390055.21  127   84 2405844.19 2357969.75  1.99%   2.9 1135s
 1707167 1432304 2366603.11   66   95 2405844.19 2357978.50  1.99%   2.9 1140s
 1710767 1434641 2385313.41  264   84 2405844.19 2357980.67  1.99%   2.9 1146s
 1716127 1438435 2380115.28  101   91 2405844.19 2357987.91  1.99%   2.9 1150s
 1722977 1442674     cutoff  116      2405844.19 2357995.00  1.99%   2.9 1155s
 1729072 1446630 2366666.31   82   92 2405844.19 2358006.91  1.99%   2.9 1160s
 1731572 1448191 2394162.95   83   60 2405844.19 2358010.15  1.99%   2.9 1165s
 1738411 1452804     cutoff   82      2405844.19 2358019.26  1.99%   2.9 1170s
 1744528 1455384 2381065.19   83   93 2405844.19 2358026.90  1.99%   2.9 1175s
 1751173 1459412 2370497.21   84   95 2405844.19 2358040.33  1.99%   2.9 1180s
 1755875 1462345     cutoff  176      2405844.19 2358043.33  1.99%   2.9 1186s
 1759699 1465147 2381587.62  251   79 2405844.19 2358050.41  1.99%   2.9 1190s
 1766209 1468873 2369356.69   90   89 2405844.19 2358058.68  1.99%   2.9 1195s
 1773183 1473639 2382485.47  225   83 2405844.19 2358070.47  1.99%   2.9 1200s
 1775147 1474598 2405190.48  111   87 2405844.19 2358071.45  1.99%   2.9 1205s
 1782730 1479536 2396808.43  262   80 2405844.19 2358083.30  1.99%   2.9 1210s
 1789242 1483576 2381193.66  171   83 2405844.19 2358090.06  1.98%   2.9 1215s
 1795582 1487691 2402360.37  109   87 2405844.19 2358092.78  1.98%   3.0 1220s
 1797475 1488254     cutoff   86      2405844.19 2358094.91  1.98%   3.0 1225s
 1803987 1492281 2402132.69  118   49 2405844.19 2358102.72  1.98%   3.0 1230s
 1811089 1496338     cutoff  124      2405844.19 2358111.34  1.98%   3.0 1235s
 1818252 1501010 2388315.75  172   77 2405844.19 2358123.02  1.98%   3.0 1240s
 1820934 1503112 2388387.04  218   79 2405844.19 2358126.51  1.98%   3.0 1245s
H1822730 1492964                    2404851.5506 2358130.80  1.94%   3.0 1246s
H1822843 1492939                    2404841.0583 2358130.80  1.94%   3.0 1247s
 1826594 1495971 2404232.30   95   85 2404841.06 2358131.88  1.94%   3.0 1250s
 1832836 1499348 2397714.23  123   56 2404841.06 2358145.24  1.94%   3.0 1255s
 1839780 1504058 2374258.80   87   95 2404841.06 2358153.31  1.94%   3.0 1260s
 1842828 1505678 2402900.94   90   90 2404841.06 2358155.69  1.94%   3.0 1265s
 1850161 1510939 2381542.28  154   86 2404841.06 2358167.59  1.94%   3.0 1270s
 1856608 1514809 2393716.67  219   83 2404841.06 2358174.83  1.94%   3.0 1275s
 1861076 1517560 2384834.57   92   86 2404841.06 2358180.49  1.94%   3.0 1282s
 1864369 1519723 2400973.41  204   81 2404841.06 2358183.14  1.94%   3.0 1285s
 1870105 1522817     cutoff  173      2404841.06 2358195.34  1.94%   3.0 1290s
 1879001 1528831 2397743.13  375   82 2404841.06 2358208.21  1.94%   3.0 1295s
 1883474 1531774 2373638.98  116   90 2404841.06 2358211.98  1.94%   3.0 1300s
 1890183 1536301 2397084.77  128   79 2404841.06 2358215.22  1.94%   3.0 1305s
 1896887 1540367     cutoff  113      2404841.06 2358222.29  1.94%   3.0 1310s
 1903183 1544909 2394454.94  172   86 2404841.06 2358229.88  1.94%   3.0 1318s
 1905654 1546284     cutoff  131      2404841.06 2358236.54  1.94%   3.0 1320s
 1912180 1550518 2402077.42  139   53 2404841.06 2358244.29  1.94%   3.0 1325s
 1919037 1554896 2386354.17  115   89 2404841.06 2358252.52  1.94%   3.0 1330s
 1923964 1558403     cutoff   81      2404841.06 2358257.18  1.94%   3.0 1337s
 1927375 1560421 2402929.29   97   56 2404841.06 2358257.93  1.94%   3.0 1340s
 1933920 1564523 2374386.44  162   85 2404841.06 2358268.32  1.94%   3.0 1345s
 1941003 1569296     cutoff  135      2404841.06 2358274.20  1.94%   3.0 1350s
 1945862 1572676 2376101.76   98   89 2404841.06 2358279.34  1.94%   3.0 1356s
 1950852 1575940 2393398.02  143   86 2404841.06 2358285.70  1.94%   3.0 1360s
 1957671 1579936 2403070.35  164   89 2404841.06 2358293.06  1.94%   3.0 1365s
 1963664 1583483 2370399.33  118   88 2404841.06 2358303.06  1.94%   3.0 1370s
 1968542 1586332 2381470.20  149   84 2404841.06 2358310.65  1.93%   3.0 1376s
 1973604 1589711 2392769.95  230   84 2404841.06 2358315.32  1.93%   3.0 1380s
 1979776 1593516     cutoff  144      2404841.06 2358322.25  1.93%   3.0 1385s
 1986627 1598271 2369277.58   89   91 2404841.06 2358327.78  1.93%   3.0 1390s
 1989307 1599964     cutoff  159      2404841.06 2358328.89  1.93%   3.0 1395s
 1995259 1603431 2390580.89  120   79 2404841.06 2358333.93  1.93%   3.0 1400s
 2001226 1606772 2369904.99   81   94 2404841.06 2358341.95  1.93%   3.0 1405s
 2007140 1610467     cutoff   88      2404841.06 2358346.86  1.93%   3.1 1410s
 2011769 1613724 2399885.81  180   86 2404841.06 2358352.80  1.93%   3.1 1416s
 2015505 1615639     cutoff  169      2404841.06 2358360.59  1.93%   3.1 1420s
 2021640 1618613     cutoff  146      2404841.06 2358365.73  1.93%   3.1 1425s
 2027417 1622145 2364135.65   78   93 2404841.06 2358372.12  1.93%   3.1 1430s
 2033534 1626278 2398852.52  217   84 2404841.06 2358377.28  1.93%   3.1 1435s
 2036168 1627962     cutoff  296      2404841.06 2358380.14  1.93%   3.1 1440s
 2042678 1632232 2395764.28  137   77 2404841.06 2358388.11  1.93%   3.1 1445s
 2048405 1635187 2401451.81  659   80 2404841.06 2358393.50  1.93%   3.1 1450s
 2054591 1639107 2395697.04  266   81 2404841.06 2358400.22  1.93%   3.1 1455s
 2059458 1642176 2379536.26  140   84 2404841.06 2358406.73  1.93%   3.1 1461s
 2065131 1646012 2367469.43   95   93 2404841.06 2358412.47  1.93%   3.1 1465s
 2073896 1650871 2401417.22  318   83 2404841.06 2358427.32  1.93%   3.1 1470s
 2080923 1655434 2401258.76  156   89 2404841.06 2358433.61  1.93%   3.1 1475s
 2085089 1658028 2375139.65   71   97 2404841.06 2358435.63  1.93%   3.1 1480s
 2091714 1662049 2404822.82  119   86 2404841.06 2358444.18  1.93%   3.1 1485s
 2098940 1666951 2395529.13  110   82 2404841.06 2358450.44  1.93%   3.1 1490s
 2102950 1669495     cutoff  404      2404841.06 2358454.81  1.93%   3.1 1495s
 2110074 1673202 2397056.38   96   92 2404841.06 2358464.21  1.93%   3.1 1500s
 2117221 1678046 2381985.73   74   94 2404841.06 2358469.08  1.93%   3.1 1505s
 2122982 1681222 2392456.97  106   88 2404841.06 2358476.59  1.93%   3.1 1510s
 2128062 1683953 2361550.92   89   90 2404841.06 2358487.33  1.93%   3.1 1517s
 2132551 1687192 2372653.15   90   88 2404841.06 2358490.81  1.93%   3.1 1520s
 2138908 1690826 2388078.61  290   80 2404841.06 2358496.15  1.93%   3.1 1525s
 2144178 1694681 2397616.76  103   84 2404841.06 2358501.38  1.93%   3.1 1530s
 2147976 1697510 2380846.92  117   89 2404841.06 2358505.38  1.93%   3.1 1536s
 2153303 1700196 2397704.21  113   85 2404841.06 2358509.75  1.93%   3.1 1540s
 2159060 1703391 2401995.91  133   84 2404841.06 2358520.99  1.93%   3.1 1545s
 2165161 1706562     cutoff  244      2404841.06 2358525.41  1.93%   3.1 1550s
 2170855 1709731     cutoff  128      2404841.06 2358532.35  1.93%   3.1 1555s
 2173275 1711110 2394314.50  111   87 2404841.06 2358536.43  1.93%   3.1 1560s
 2179772 1715486 2396816.18  113   81 2404841.06 2358542.76  1.93%   3.1 1565s
 2185425 1718541     cutoff  117      2404841.06 2358552.21  1.92%   3.1 1570s
 2192325 1723287     cutoff  116      2404841.06 2358562.22  1.92%   3.1 1575s
 2195601 1725522     cutoff   94      2404841.06 2358563.54  1.92%   3.2 1580s
 2202635 1729915 2384594.21  149   83 2404841.06 2358570.80  1.92%   3.2 1585s
 2209432 1734575 2388558.41  156   81 2404841.06 2358576.68  1.92%   3.2 1590s
 2213616 1736965 2363690.87   78   94 2404841.06 2358581.26  1.92%   3.2 1596s
 2218623 1740598 2398685.61  168   88 2404841.06 2358584.87  1.92%   3.2 1600s
 2224251 1743003     cutoff  136      2404841.06 2358595.13  1.92%   3.2 1605s
 2230099 1745968     cutoff  508      2404841.06 2358602.63  1.92%   3.2 1610s
 2235921 1749619     cutoff   93      2404841.06 2358609.02  1.92%   3.2 1615s
 2239060 1751670     cutoff  119      2404841.06 2358614.16  1.92%   3.2 1620s
 2245766 1755711 2364002.51   73   95 2404841.06 2358624.60  1.92%   3.2 1625s
 2253138 1760140 2375265.00   87   80 2404841.06 2358633.66  1.92%   3.2 1630s
 2258014 1763719 2397188.19  243   82 2404841.06 2358636.32  1.92%   3.2 1635s
 2263395 1767015 2402310.68  161   82 2404841.06 2358642.74  1.92%   3.2 1640s
 2271381 1771935     cutoff  110      2404841.06 2358651.65  1.92%   3.2 1645s
 2276915 1776067 2389439.33  101   84 2404841.06 2358654.72  1.92%   3.2 1651s
 2281809 1778874 2389732.81  138   78 2404841.06 2358661.39  1.92%   3.2 1655s
 2287514 1781601 2401039.13   97   55 2404841.06 2358669.12  1.92%   3.2 1660s
 2295038 1786516     cutoff  184      2404841.06 2358678.17  1.92%   3.2 1665s
 2298334 1788407     cutoff  149      2404841.06 2358680.80  1.92%   3.2 1670s
 2305014 1792788 2402679.41  173   78 2404841.06 2358686.60  1.92%   3.2 1675s
 2312537 1798149 2396120.26  103   83 2404841.06 2358694.59  1.92%   3.2 1680s
 2316244 1800824     cutoff  132      2404841.06 2358697.18  1.92%   3.2 1685s
 2322802 1805368 2396134.64  111   85 2404841.06 2358704.64  1.92%   3.2 1690s
 2329974 1809572     cutoff  198      2404841.06 2358710.90  1.92%   3.2 1695s
 2334059 1812205     cutoff  104      2404841.06 2358717.97  1.92%   3.2 1701s
 2338986 1815432 2395560.86  379   80 2404841.06 2358723.10  1.92%   3.2 1705s
 2345660 1819965 2396153.97  245   74 2404841.06 2358729.40  1.92%   3.2 1710s
 2351669 1823878     cutoff  301      2404841.06 2358734.03  1.92%   3.2 1716s
 2356449 1827277     cutoff  119      2404841.06 2358737.42  1.92%   3.2 1720s
 2362709 1830848 2382413.23  177   85 2404841.06 2358742.97  1.92%   3.2 1725s
 2369712 1835289 2394726.74   81   58 2404841.06 2358752.46  1.92%   3.2 1730s
 2373072 1837525 2369776.49   82   94 2404841.06 2358756.31  1.92%   3.2 1735s
 2380924 1843569 2394055.42  117   80 2404841.06 2358761.17  1.92%   3.2 1740s
 2387544 1847965 2379213.75  161   85 2404841.06 2358767.72  1.92%   3.2 1745s
 2391183 1849602 2374399.74  107   92 2404841.06 2358775.04  1.92%   3.2 1750s
 2398021 1853588 2392550.32   85   61 2404841.06 2358780.18  1.92%   3.2 1755s
 2404843 1858265 2375504.11   97   84 2404841.06 2358786.51  1.92%   3.2 1760s
 2408493 1860651     cutoff   99      2404841.06 2358790.09  1.91%   3.2 1765s
 2414926 1865047 2384299.98  114   81 2404841.06 2358794.61  1.91%   3.2 1770s
 2421288 1868637 2396546.26  155   81 2404841.06 2358803.00  1.91%   3.2 1775s
 2426875 1872824 2373213.50   77   93 2404841.06 2358807.80  1.91%   3.2 1781s
 2431942 1875994     cutoff  123      2404841.06 2358810.52  1.91%   3.2 1785s
 2439107 1880940 2385705.06  127   85 2404841.06 2358818.40  1.91%   3.2 1790s
 2445069 1884561 2392198.52   98   79 2404841.06 2358823.11  1.91%   3.2 1796s
 2448611 1886117     cutoff   90      2404841.06 2358826.53  1.91%   3.2 1800s
 2455984 1891189     cutoff  151      2404841.06 2358832.88  1.91%   3.2 1805s
 2463396 1896730 2379947.08   79   95 2404841.06 2358839.21  1.91%   3.2 1811s
 2468746 1899801 2375755.68  125   87 2404841.06 2358844.12  1.91%   3.2 1815s
 2475381 1904446 2387923.68  104   79 2404841.06 2358847.40  1.91%   3.2 1820s
 2481283 1908071     cutoff  125      2404841.06 2358852.01  1.91%   3.2 1825s
 2487205 1911169 2403574.95   80   90 2404841.06 2358856.48  1.91%   3.2 1830s
 2493549 1915427     cutoff  187      2404841.06 2358861.58  1.91%   3.2 1835s
 2500135 1919198     cutoff  119      2404841.06 2358864.60  1.91%   3.2 1840s
 2503521 1920870 2374465.59  101   93 2404841.06 2358866.79  1.91%   3.2 1845s
 2510469 1925332 2372685.70   83   93 2404841.06 2358874.18  1.91%   3.2 1850s
 2516637 1929069 2399757.68  140   86 2404841.06 2358878.29  1.91%   3.2 1855s
 2522217 1932491 2395535.75  149   84 2404841.06 2358882.14  1.91%   3.2 1860s
 2529986 1937431 2393113.62  112   88 2404841.06 2358889.07  1.91%   3.2 1865s
 2536423 1941338 2396151.62  228   83 2404841.06 2358894.43  1.91%   3.2 1870s
 2541038 1944104     cutoff  145      2404841.06 2358898.87  1.91%   3.2 1875s
 2548134 1949009     cutoff  138      2404841.06 2358903.27  1.91%   3.3 1880s
 2555082 1952339     cutoff   84      2404841.06 2358911.36  1.91%   3.3 1885s
 2560649 1956344 2382606.12   85   90 2404841.06 2358915.42  1.91%   3.3 1890s
 2566704 1960211 2388167.20  173   84 2404841.06 2358923.00  1.91%   3.3 1895s
 2572921 1963585 2401702.92  191   80 2404841.06 2358928.16  1.91%   3.3 1900s
 2579836 1968484 2395475.78  238   79 2404841.06 2358931.41  1.91%   3.3 1907s
 2583082 1970122 infeasible  150      2404841.06 2358934.09  1.91%   3.3 1910s
 2588721 1974081 2385160.20  168   85 2404841.06 2358938.49  1.91%   3.3 1915s
 2595652 1978399 2393632.66  197   71 2404841.06 2358941.76  1.91%   3.3 1920s
 2599699 1981177 2381166.50  105   86 2404841.06 2358943.36  1.91%   3.3 1925s
 2606926 1985376 2402904.55  341   72 2404841.06 2358949.09  1.91%   3.3 1930s
 2613879 1989783 2394130.73  104   86 2404841.06 2358954.07  1.91%   3.3 1935s
 2617978 1992432 2384592.88  126   86 2404841.06 2358959.72  1.91%   3.3 1940s
 2623740 1995929 2391643.54   89   86 2404841.06 2358963.39  1.91%   3.3 1945s
 2630573 1999900     cutoff  291      2404841.06 2358970.58  1.91%   3.3 1950s
 2636796 2003782     cutoff  189      2404841.06 2358974.11  1.91%   3.3 1956s
 2641624 2007313 2365339.74   73   94 2404841.06 2358976.84  1.91%   3.3 1960s
 2648519 2011332 2400466.00  127   52 2404841.06 2358980.27  1.91%   3.3 1965s
 2655113 2015832 2393328.40  337   78 2404841.06 2358986.82  1.91%   3.3 1970s
 2661062 2019309     cutoff  174      2404841.06 2358989.92  1.91%   3.3 1975s
 2667496 2023268 2399879.41  114   47 2404841.06 2358993.44  1.91%   3.3 1980s
 2674635 2027776 2379970.45  108   90 2404841.06 2358998.44  1.91%   3.3 1986s
 2679330 2030489 2395616.45  435   76 2404841.06 2359002.02  1.91%   3.3 1990s
 2686615 2035241 2394887.91  109   86 2404841.06 2359007.33  1.91%   3.3 1995s
 2693637 2039201 2401533.45  159   83 2404841.06 2359014.31  1.91%   3.3 2000s
 2696832 2041031 2400230.96  107   57 2404841.06 2359016.64  1.91%   3.3 2005s
 2705197 2046646 2398204.47  134   83 2404841.06 2359020.96  1.91%   3.3 2010s
 2712891 2050935 2404501.44   83   57 2404841.06 2359024.59  1.91%   3.3 2015s
 2716100 2052558 2383925.48   89   88 2404841.06 2359029.15  1.90%   3.3 2020s
 2722080 2055746     cutoff  119      2404841.06 2359032.37  1.90%   3.3 2025s
 2728475 2060051 2377842.72  103   83 2404841.06 2359037.38  1.90%   3.3 2030s
 2733754 2063597 2370861.56   78   91 2404841.06 2359041.73  1.90%   3.3 2035s
 2738718 2066103 2362287.15   79   94 2404841.06 2359044.07  1.90%   3.3 2040s
 2744787 2069311 2379058.35  167   85 2404841.06 2359051.88  1.90%   3.3 2045s
 2752647 2074002 2402850.52  150   78 2404841.06 2359058.94  1.90%   3.3 2050s
 2757947 2078141 2379903.35  119   92 2404841.06 2359062.19  1.90%   3.3 2055s
 2765735 2083295 2404746.28  289   81 2404841.06 2359065.74  1.90%   3.3 2060s
 2772389 2087369 2385836.54  138   84 2404841.06 2359068.95  1.90%   3.3 2065s
 2776869 2090089     cutoff  105      2404841.06 2359071.64  1.90%   3.3 2070s
 2783665 2094036 2403106.38   91   91 2404841.06 2359078.72  1.90%   3.3 2075s
 2790140 2098358 2399775.14  149   82 2404841.06 2359082.62  1.90%   3.3 2080s
 2794379 2101303 2389459.71  251   80 2404841.06 2359084.54  1.90%   3.3 2085s
 2800496 2104732 2395864.60  130   78 2404841.06 2359087.15  1.90%   3.3 2090s
 2806737 2109041 2378803.78  201   85 2404841.06 2359092.55  1.90%   3.3 2095s
 2811035 2111156 2368543.93  100   88 2404841.06 2359096.12  1.90%   3.3 2100s
 2816635 2114589 2373773.10   84   88 2404841.06 2359100.28  1.90%   3.3 2105s
 2823061 2118223 2378160.23   81   86 2404841.06 2359104.95  1.90%   3.3 2110s
 2829970 2122089     cutoff  139      2404841.06 2359108.17  1.90%   3.3 2115s
 2833722 2124657 2373662.12  112   88 2404841.06 2359111.49  1.90%   3.3 2120s
 2839610 2128587 2394345.00  103   82 2404841.06 2359115.14  1.90%   3.3 2125s
 2847072 2133343 2398538.29  293   86 2404841.06 2359119.92  1.90%   3.3 2130s
 2851375 2136506 2400629.60  149   47 2404841.06 2359124.40  1.90%   3.3 2135s
 2858276 2140818 2375215.82  138   78 2404841.06 2359128.26  1.90%   3.3 2140s
 2864332 2144519 2403574.77  124   53 2404841.06 2359131.24  1.90%   3.3 2145s
 2868525 2148134 2371978.25  164   84 2404841.06 2359133.34  1.90%   3.3 2150s
 2874529 2151469 2385737.32  175   86 2404841.06 2359137.63  1.90%   3.3 2155s
 2881972 2156198 2369924.46   96   87 2404841.06 2359141.61  1.90%   3.3 2160s
 2886788 2160027 2388947.18  349   80 2404841.06 2359143.94  1.90%   3.3 2165s
 2893607 2164535     cutoff  117      2404841.06 2359148.54  1.90%   3.3 2170s
 2900271 2169438 2393399.58  410   77 2404841.06 2359154.00  1.90%   3.3 2175s
 2903899 2171450     cutoff  134      2404841.06 2359155.43  1.90%   3.3 2180s
 2909657 2174805 2388514.28   85   91 2404841.06 2359160.82  1.90%   3.3 2185s
 2916746 2179457 2394841.84  208   79 2404841.06 2359164.55  1.90%   3.3 2190s
 2922585 2182835 2398884.37  114   53 2404841.06 2359169.41  1.90%   3.3 2195s
 2928647 2187061 2381095.60   78   88 2404841.06 2359172.28  1.90%   3.3 2200s
 2936087 2192220 2382090.87  106   88 2404841.06 2359177.17  1.90%   3.3 2205s
 2939579 2194896 2363880.69   75   99 2404841.06 2359178.34  1.90%   3.3 2210s
 2945571 2198242 2385273.65  122   78 2404841.06 2359183.96  1.90%   3.3 2215s
 2951727 2202148 2387761.57  243   78 2404841.06 2359188.47  1.90%   3.3 2220s
 2958161 2205568 2388572.02  266   70 2404841.06 2359194.24  1.90%   3.3 2225s
 2962078 2207948     cutoff  172      2404841.06 2359196.85  1.90%   3.3 2230s
 2968461 2211682 2400545.43   93   88 2404841.06 2359201.52  1.90%   3.3 2235s
 2975163 2215790 2394945.83  226   86 2404841.06 2359205.50  1.90%   3.3 2240s
 2980629 2219063 2402252.31   95   58 2404841.06 2359210.01  1.90%   3.3 2246s
 2984772 2221870 2370671.10  100   92 2404841.06 2359212.82  1.90%   3.3 2250s
 2991402 2225466 2374587.23   93   88 2404841.06 2359216.54  1.90%   3.3 2255s
 2997254 2228783 2390388.02  101   77 2404841.06 2359220.45  1.90%   3.3 2260s
 3001270 2231650 2367163.13   84   87 2404841.06 2359222.79  1.90%   3.3 2265s
 3008647 2236378     cutoff  129      2404841.06 2359227.44  1.90%   3.3 2270s
 3015345 2240959 2368877.90   81   90 2404841.06 2359231.24  1.90%   3.3 2275s
 3020245 2244053     cutoff  117      2404841.06 2359235.39  1.90%   3.3 2280s
 3026009 2247501     cutoff  141      2404841.06 2359239.66  1.90%   3.3 2285s
 3033490 2252620 2382280.60   79   92 2404841.06 2359242.82  1.90%   3.3 2290s
 3037209 2254946 2369009.97   86   90 2404841.06 2359245.59  1.90%   3.3 2295s
 3043857 2258925 2396958.44  141   80 2404841.06 2359249.89  1.90%   3.3 2300s
 3050943 2263607     cutoff  242      2404841.06 2359254.58  1.90%   3.3 2305s
 3056704 2267143 2396125.72  137   87 2404841.06 2359258.78  1.90%   3.3 2312s
 3060039 2269171     cutoff  120      2404841.06 2359259.94  1.90%   3.3 2315s
 3066736 2273505     cutoff  100      2404841.06 2359264.56  1.90%   3.4 2320s
 3073389 2278436 2374384.49   88   91 2404841.06 2359268.48  1.90%   3.4 2326s
 3078996 2281943 2403988.19   96   89 2404841.06 2359270.37  1.89%   3.4 2330s
 3085722 2285973 2397587.27  129   79 2404841.06 2359275.02  1.89%   3.4 2335s
 3092065 2290177 2391385.82  181   82 2404841.06 2359277.77  1.89%   3.4 2341s
 3096071 2292399 2395116.01  263   79 2404841.06 2359280.80  1.89%   3.4 2345s
 3103353 2297326 2393563.30  443   81 2404841.06 2359285.49  1.89%   3.4 2350s
 3110454 2302571 2367296.89   80   96 2404841.06 2359289.94  1.89%   3.4 2356s
 3114927 2305785     cutoff  104      2404841.06 2359292.31  1.89%   3.4 2360s
 3121686 2310120     cutoff  131      2404841.06 2359296.15  1.89%   3.4 2365s
 3127317 2314337     cutoff   88      2404841.06 2359298.39  1.89%   3.4 2370s
 3132629 2317428 2396104.97  103   52 2404841.06 2359300.69  1.89%   3.4 2375s
 3139699 2322052 2390187.51  364   79 2404841.06 2359303.81  1.89%   3.4 2380s
 3147463 2327018     cutoff  770      2404841.06 2359307.93  1.89%   3.4 2385s
 3154311 2331511     cutoff  184      2404841.06 2359310.58  1.89%   3.4 2390s
 3162342 2337782     cutoff  313      2404841.06 2359313.71  1.89%   3.4 2395s
 3166270 2339763     cutoff   98      2404841.06 2359316.32  1.89%   3.4 2400s
 3173743 2344647     cutoff  282      2404841.06 2359320.42  1.89%   3.4 2405s
 3180571 2348818 2404647.54  145   46 2404841.06 2359325.89  1.89%   3.4 2410s
 3185995 2352791 infeasible  219      2404841.06 2359330.49  1.89%   3.4 2415s
 3193546 2358092 2401456.95  549   76 2404841.06 2359334.05  1.89%   3.4 2420s
 3200348 2362773 2374859.10  115   93 2404841.06 2359337.52  1.89%   3.4 2425s
 3206047 2366605 2373008.08  101   91 2404841.06 2359341.43  1.89%   3.4 2430s
 3212464 2370413 2396175.51  180   84 2404841.06 2359345.40  1.89%   3.4 2435s
 3218902 2374504 2370495.50   88   95 2404841.06 2359349.03  1.89%   3.4 2440s
 3222612 2376090     cutoff  206      2404841.06 2359352.30  1.89%   3.4 2445s
 3228866 2380207     cutoff  150      2404841.06 2359355.26  1.89%   3.4 2450s
 3236520 2385639 2395113.76  147   83 2404841.06 2359358.86  1.89%   3.4 2455s
 3241418 2388977     cutoff  155      2404841.06 2359361.21  1.89%   3.4 2460s
 3248317 2393813 2400028.46  224   86 2404841.06 2359364.63  1.89%   3.4 2465s
 3254716 2397971 2402375.46  290   85 2404841.06 2359367.84  1.89%   3.4 2470s
 3258879 2400228 2371854.45   92   91 2404841.06 2359369.19  1.89%   3.4 2475s
 3266336 2404693 2394575.16  435   72 2404841.06 2359373.68  1.89%   3.4 2480s
 3274351 2410271 2371761.02  134   92 2404841.06 2359377.29  1.89%   3.4 2485s
 3278537 2413283 2393371.35  230   74 2404841.06 2359378.46  1.89%   3.4 2490s
 3285313 2418122 2397127.98  338   74 2404841.06 2359380.08  1.89%   3.4 2495s
 3291715 2422004 2365501.85   71   95 2404841.06 2359382.74  1.89%   3.4 2500s
 3295196 2423888     cutoff   97      2404841.06 2359384.02  1.89%   3.4 2505s
 3302552 2428689     cutoff  166      2404841.06 2359390.00  1.89%   3.4 2510s
 3309861 2434048 2403313.91  136   48 2404841.06 2359393.38  1.89%   3.4 2515s
*3311523 2434929             582    2404825.5469 2359395.35  1.89%   3.4 2516s
*3311524 2423692             582    2404806.0207 2359395.35  1.89%   3.4 2517s
*3311525 2423692             581    2404786.6125 2359395.35  1.89%   3.4 2517s
*3311526 2423692             580    2404767.0553 2359395.35  1.89%   3.4 2517s
*3311527 2423692             579    2404747.5334 2359395.35  1.89%   3.4 2517s
*3311528 2423692             578    2404728.0916 2359395.35  1.89%   3.4 2517s
*3311529 2423691             577    2404708.4155 2359395.35  1.88%   3.4 2518s
H3311727 2423827                    2404690.0193 2359395.35  1.88%   3.4 2519s
 3313190 2425052 2398561.31  189   84 2404690.02 2359395.35  1.88%   3.4 2522s
 3317408 2427504 2376456.77  110   91 2404690.02 2359396.94  1.88%   3.4 2525s
 3324403 2432117 2378671.34   89   92 2404690.02 2359400.54  1.88%   3.4 2530s
 3331035 2436264 2402664.78  129   79 2404690.02 2359403.11  1.88%   3.4 2535s
 3334766 2438883 2380921.74  144   74 2404690.02 2359405.34  1.88%   3.4 2540s
 3341610 2443388 2399034.59  109   50 2404690.02 2359408.83  1.88%   3.4 2545s
 3349335 2448535 2393904.82  158   84 2404690.02 2359413.65  1.88%   3.4 2550s
 3355644 2452557 2398145.34  263   71 2404690.02 2359417.09  1.88%   3.4 2555s
 3362565 2456859 2360584.36   99   87 2404690.02 2359421.06  1.88%   3.4 2560s
 3368494 2461120     cutoff  146      2404690.02 2359422.61  1.88%   3.4 2565s
 3376026 2466387     cutoff  153      2404690.02 2359426.38  1.88%   3.4 2570s
 3382992 2471375 2404098.38  116   49 2404690.02 2359430.70  1.88%   3.4 2575s
 3388476 2474782     cutoff  200      2404690.02 2359432.59  1.88%   3.4 2580s
 3397556 2481477 2382244.43  111   89 2404690.02 2359436.52  1.88%   3.4 2585s
 3402240 2484751 2401260.90  137   82 2404690.02 2359437.86  1.88%   3.4 2590s
 3409075 2489461 2362573.08   83   91 2404690.02 2359439.90  1.88%   3.4 2595s
 3414805 2493060 2397626.64  130   50 2404690.02 2359442.34  1.88%   3.4 2600s
 3420860 2496702 2385825.25  170   84 2404690.02 2359446.29  1.88%   3.4 2606s
 3425766 2499600 2401588.53  114   82 2404690.02 2359448.74  1.88%   3.4 2610s
 3432748 2504642     cutoff  236      2404690.02 2359451.07  1.88%   3.4 2615s
 3438386 2507473 2385679.86   83   90 2404690.02 2359454.65  1.88%   3.4 2620s
 3442435 2510187 2371239.49  114   89 2404690.02 2359455.81  1.88%   3.4 2625s
 3448928 2513517     cutoff  134      2404690.02 2359458.96  1.88%   3.4 2630s
 3456684 2519028 2394577.87   98   82 2404690.02 2359462.83  1.88%   3.4 2635s
 3460603 2522292 2366306.20   83   94 2404690.02 2359463.83  1.88%   3.4 2640s
 3468581 2527776 2400960.92  131   75 2404690.02 2359466.20  1.88%   3.4 2645s
H3471485 2529145                    2404618.5164 2359468.51  1.88%   3.4 2647s
H3474142 2530959                    2404592.2480 2359469.73  1.88%   3.4 2650s
H3475241 2531604                    2404592.1836 2359471.01  1.88%   3.4 2650s
H3475976 2532265                    2404582.3279 2359471.01  1.88%   3.4 2651s
H3477185 2533246                    2404573.1635 2359471.59  1.88%   3.4 2654s
 3479082 2534516 2402710.01  369   75 2404573.16 2359473.94  1.88%   3.4 2655s
 3486927 2539966 2402128.76  126   81 2404573.16 2359476.68  1.88%   3.4 2660s
 3494322 2545286 2400440.98   90   89 2404573.16 2359480.35  1.88%   3.4 2665s
 3498967 2548110 2389113.85  219   81 2404573.16 2359481.99  1.88%   3.4 2670s
 3505547 2552207     cutoff  100      2404573.16 2359484.31  1.88%   3.4 2675s
 3512994 2557207 2394852.91  128   79 2404573.16 2359487.94  1.87%   3.4 2680s
 3518315 2561050     cutoff  106      2404573.16 2359491.54  1.87%   3.4 2685s
 3525653 2565810 2399820.66  117   84 2404573.16 2359494.81  1.87%   3.4 2690s
 3532984 2570645     cutoff  277      2404573.16 2359498.50  1.87%   3.4 2696s
 3539285 2575295 2384602.18  179   87 2404573.16 2359501.07  1.87%   3.4 2700s
 3546848 2580718 2376242.41   68   94 2404573.16 2359503.36  1.87%   3.4 2705s
 3551386 2583988 2379136.26  122   90 2404573.16 2359505.17  1.87%   3.4 2710s
 3558294 2587981 2396788.77  214   80 2404573.16 2359509.07  1.87%   3.4 2715s
 3564376 2592043 2374236.14  130   87 2404573.16 2359512.80  1.87%   3.4 2720s
 3569319 2595573 2396493.32  170   84 2404573.16 2359513.96  1.87%   3.4 2725s
 3576243 2599908 2361129.54   94   91 2404573.16 2359516.89  1.87%   3.4 2730s
 3583615 2604881 2382064.07   77   91 2404573.16 2359519.29  1.87%   3.4 2735s
*3588806 2596790             588    2404245.9942 2359520.77  1.86%   3.4 2739s
H3588968 2596774                    2404142.7701 2359520.77  1.86%   3.4 2740s
 3599005 2603984 2385008.23  109   79 2404142.77 2359524.75  1.86%   3.4 2745s
 3605781 2608181     cutoff  235      2404142.77 2359527.01  1.86%   3.4 2750s
 3612838 2612688 2378621.18  158   84 2404142.77 2359530.92  1.86%   3.4 2755s
 3620086 2617337 2372397.86   99   88 2404142.77 2359533.78  1.86%   3.4 2760s
 3624879 2620287 2387901.19  130   78 2404142.77 2359535.98  1.86%   3.4 2765s
 3631734 2624327 2401629.35   95   88 2404142.77 2359538.72  1.86%   3.4 2770s
 3638174 2628080     cutoff  113      2404142.77 2359541.96  1.86%   3.4 2775s
 3643609 2631649     cutoff  274      2404142.77 2359543.65  1.86%   3.4 2780s
H3645909 2632930                    2404129.0239 2359544.24  1.85%   3.4 2782s
 3649481 2635116 2387615.75  152   85 2404129.02 2359545.10  1.85%   3.4 2785s
 3654969 2638452     cutoff  133      2404129.02 2359547.68  1.85%   3.4 2790s
 3661530 2642452     cutoff  125      2404129.02 2359550.05  1.85%   3.4 2795s
 3666415 2646153 2370868.25  127   93 2404129.02 2359552.00  1.85%   3.4 2800s
 3673382 2650488 2396127.47  246   71 2404129.02 2359554.98  1.85%   3.4 2805s
 3680336 2655178 2367083.00   85   95 2404129.02 2359556.10  1.85%   3.4 2810s
 3685161 2658532 2395506.96  452   73 2404129.02 2359557.34  1.85%   3.4 2815s
 3691574 2662245     cutoff  173      2404129.02 2359559.93  1.85%   3.4 2820s
 3699065 2667761 2365620.96   71   95 2404129.02 2359563.16  1.85%   3.4 2825s
 3704055 2670963     cutoff  261      2404129.02 2359565.01  1.85%   3.4 2830s
 3709746 2674240 2369673.48   98   94 2404129.02 2359568.21  1.85%   3.4 2835s
 3716604 2678548 2385811.91  296   77 2404129.02 2359572.12  1.85%   3.4 2840s
 3722502 2682329 2403240.01   99   52 2404129.02 2359573.43  1.85%   3.4 2845s
 3729033 2686167 2390236.46  213   84 2404129.02 2359575.12  1.85%   3.4 2850s
 3736522 2690902 2402550.93  100   81 2404129.02 2359578.76  1.85%   3.4 2855s
 3740967 2693921 2397073.67  316   77 2404129.02 2359580.98  1.85%   3.4 2860s
 3747672 2698460 2389476.12  107   83 2404129.02 2359583.82  1.85%   3.4 2865s
 3753666 2701627     cutoff  284      2404129.02 2359586.68  1.85%   3.4 2870s
 3759433 2705781 2392458.45  130   82 2404129.02 2359588.46  1.85%   3.4 2876s
 3765057 2709799 2400317.64  144   80 2404129.02 2359589.50  1.85%   3.4 2880s
 3772080 2714537 2403858.01  165   49 2404129.02 2359591.40  1.85%   3.4 2885s
 3777741 2718728 2384295.65  153   86 2404129.02 2359594.43  1.85%   3.4 2890s
 3783987 2722416 2383571.53  113   84 2404129.02 2359595.78  1.85%   3.4 2895s
 3791542 2727818 2368953.47   99   90 2404129.02 2359598.32  1.85%   3.4 2900s
 3796661 2731909 2396931.64  208   78 2404129.02 2359599.21  1.85%   3.4 2905s
 3802512 2735789     cutoff   94      2404129.02 2359601.37  1.85%   3.4 2910s
 3808675 2739282     cutoff   98      2404129.02 2359603.23  1.85%   3.4 2915s
 3814004 2742941 2370411.07  123   90 2404129.02 2359604.49  1.85%   3.4 2920s
 3821739 2748630 2369636.30   73   94 2404129.02 2359607.12  1.85%   3.4 2925s
 3828846 2753203 2400482.16  453   77 2404129.02 2359608.90  1.85%   3.4 2930s
 3834394 2756855 2387378.43  109   85 2404129.02 2359610.32  1.85%   3.4 2935s
 3841431 2761753     cutoff   91      2404129.02 2359612.82  1.85%   3.4 2940s
 3847900 2765066     cutoff  104      2404129.02 2359616.20  1.85%   3.4 2945s
 3853661 2769111 2398726.30   98   86 2404129.02 2359618.02  1.85%   3.4 2950s
 3860542 2773353 2390906.61   95   85 2404129.02 2359619.96  1.85%   3.4 2955s
 3867071 2777728 2376876.47  129   88 2404129.02 2359622.26  1.85%   3.4 2960s
 3871173 2780104 2398611.87  112   86 2404129.02 2359623.69  1.85%   3.4 2965s
 3878248 2785183 2377837.11  139   86 2404129.02 2359625.51  1.85%   3.4 2970s
 3887363 2791212     cutoff  233      2404129.02 2359628.32  1.85%   3.4 2975s
 3893567 2795393     cutoff  148      2404129.02 2359630.88  1.85%   3.4 2980s
 3900506 2800117 2400953.05  143   76 2404129.02 2359633.14  1.85%   3.4 2985s
 3906641 2803935     cutoff  162      2404129.02 2359634.70  1.85%   3.4 2990s
 3912685 2808829 2386764.30  214   79 2404129.02 2359635.84  1.85%   3.4 2995s
 3920757 2813960 2372371.58   80   95 2404129.02 2359637.31  1.85%   3.4 3000s
 3925103 2816475 2365230.45   79   96 2404129.02 2359639.37  1.85%   3.4 3005s
 3932580 2822348 2380159.15  203   80 2404129.02 2359641.37  1.85%   3.4 3010s
 3939678 2827202 2381684.93  140   87 2404129.02 2359643.47  1.85%   3.4 3015s
 3946371 2831782 2396355.91  216   76 2404129.02 2359645.60  1.85%   3.4 3020s
 3954100 2837529 2374372.95  109   87 2404129.02 2359647.84  1.85%   3.4 3025s
 3960538 2841345     cutoff  165      2404129.02 2359648.91  1.85%   3.4 3030s
 3967425 2845664     cutoff  234      2404129.02 2359651.79  1.85%   3.4 3035s
 3974830 2850276 2365171.99   77   93 2404129.02 2359653.61  1.85%   3.4 3040s
 3979147 2853235 2397131.19  193   83 2404129.02 2359655.17  1.85%   3.4 3045s
 3986345 2857990 infeasible  130      2404129.02 2359657.46  1.85%   3.4 3050s
 3993069 2862459 2397323.34  104   54 2404129.02 2359658.28  1.85%   3.4 3055s
 3999158 2866438 2400191.50  122   48 2404129.02 2359659.71  1.85%   3.4 3060s
 4005960 2871683 2382630.11  151   82 2404129.02 2359661.73  1.85%   3.4 3065s
 4011222 2874650 2372169.37  167   86 2404129.02 2359662.72  1.85%   3.4 3070s
 4017955 2879124 2375930.61  151   87 2404129.02 2359664.40  1.85%   3.4 3075s
 4025084 2883762 2375663.02   89   92 2404129.02 2359667.92  1.85%   3.4 3080s
 4030389 2887338 2378595.44  156   85 2404129.02 2359669.25  1.85%   3.4 3085s
 4038154 2892714     cutoff  147      2404129.02 2359672.74  1.85%   3.4 3090s
 4046219 2898370 2379437.73  182   89 2404129.02 2359675.16  1.85%   3.4 3096s
 4052199 2902405     cutoff  243      2404129.02 2359676.99  1.85%   3.4 3100s
 4058463 2906351 2400271.51  150   79 2404129.02 2359679.23  1.85%   3.4 3105s
 4065036 2911037 2368552.23  110   80 2404129.02 2359680.85  1.85%   3.4 3110s
 4071310 2914770 2393215.38  108   55 2404129.02 2359682.61  1.85%   3.4 3115s
 4078608 2919741 2372999.98  114   90 2404129.02 2359684.45  1.85%   3.4 3120s
 4084237 2924452 2394589.06  293   75 2404129.02 2359685.64  1.85%   3.4 3125s
 4091862 2929741 2399778.22  145   79 2404129.02 2359687.15  1.85%   3.4 3130s
 4097664 2932770     cutoff  115      2404129.02 2359689.97  1.85%   3.4 3135s
 4103723 2936556 2391524.16  156   80 2404129.02 2359691.30  1.85%   3.4 3140s
 4111307 2941655 2395784.79  372   75 2404129.02 2359694.35  1.85%   3.4 3145s
 4117316 2945479 2399050.01  106   51 2404129.02 2359696.07  1.85%   3.4 3150s
 4123716 2950066 2380270.56  157   83 2404129.02 2359698.72  1.85%   3.4 3155s
 4130319 2954326 2382256.91  101   88 2404129.02 2359700.57  1.85%   3.4 3160s
 4134791 2957299 2370337.89  119   89 2404129.02 2359701.69  1.85%   3.4 3165s
 4141920 2962533 2380837.90  127   83 2404129.02 2359703.50  1.85%   3.4 3170s
 4148306 2965956 2401106.61  117   52 2404129.02 2359705.84  1.85%   3.4 3175s
 4153651 2969734 2392626.91  131   82 2404129.02 2359706.88  1.85%   3.4 3180s
 4160306 2973781 2379155.97  162   82 2404129.02 2359709.88  1.85%   3.4 3185s
 4167706 2978522 2392113.05   99   80 2404129.02 2359712.01  1.85%   3.4 3190s
 4173159 2982009 2398470.44  131   85 2404129.02 2359714.08  1.85%   3.4 3195s
 4180514 2986861     cutoff  141      2404129.02 2359715.63  1.85%   3.4 3200s
 4186439 2990504 2367148.46   84   92 2404129.02 2359717.66  1.85%   3.4 3205s
 4192218 2993966 2403608.27  171   80 2404129.02 2359719.76  1.85%   3.4 3210s
 4199196 2998295 2398637.15  185   83 2404129.02 2359722.35  1.85%   3.4 3215s
 4205940 3002392 2389623.44  192   76 2404129.02 2359724.46  1.85%   3.4 3220s
 4210366 3005177 2400709.53  141   81 2404129.02 2359725.52  1.85%   3.4 3225s
 4216980 3008837 2397094.71  121   86 2404129.02 2359727.45  1.85%   3.4 3230s
 4223630 3013240 2380980.05  109   88 2404129.02 2359729.25  1.85%   3.4 3235s
 4228400 3016135 2392872.07  161   78 2404129.02 2359730.42  1.85%   3.4 3240s
 4235193 3019642     cutoff  170      2404129.02 2359733.40  1.85%   3.4 3245s
 4242558 3024373 2389617.33  269   84 2404129.02 2359735.01  1.85%   3.5 3250s
 4247497 3027873 2373369.37  102   89 2404129.02 2359736.44  1.85%   3.5 3255s
 4255144 3033346     cutoff  169      2404129.02 2359737.26  1.85%   3.5 3260s
 4261925 3038424 2403265.99   97   57 2404129.02 2359738.35  1.85%   3.4 3265s
 4267500 3041775 2395629.28  102   82 2404129.02 2359739.64  1.85%   3.4 3270s
 4273731 3045757 2369686.76  143   92 2404129.02 2359740.90  1.85%   3.5 3275s
 4280017 3050073 2395205.84  227   77 2404129.02 2359743.24  1.85%   3.5 3281s
 4284783 3053365 2370706.65   87   91 2404129.02 2359744.86  1.85%   3.5 3285s
 4292055 3058511 2389576.95  153   84 2404129.02 2359745.98  1.85%   3.5 3290s
 4297898 3061879 2390747.37  442   80 2404129.02 2359747.27  1.85%   3.5 3296s
 4303119 3065081 2393552.72  233   80 2404129.02 2359749.63  1.85%   3.5 3300s
 4310139 3069791     cutoff  106      2404129.02 2359750.68  1.85%   3.4 3305s
 4315073 3073068     cutoff  124      2404129.02 2359751.44  1.85%   3.4 3310s
 4320519 3076231 2365579.21   94   92 2404129.02 2359752.91  1.85%   3.5 3315s
 4327356 3081043 2381688.65  139   83 2404129.02 2359754.62  1.85%   3.5 3320s
 4332700 3084170 2392617.01  224   82 2404129.02 2359756.16  1.85%   3.5 3325s
 4338481 3087563     cutoff  118      2404129.02 2359757.67  1.85%   3.5 3330s
 4345455 3091902     cutoff  134      2404129.02 2359759.33  1.85%   3.5 3335s
 4351496 3096708 2387642.86  272   79 2404129.02 2359760.39  1.85%   3.5 3340s
 4358585 3101389     cutoff   97      2404129.02 2359761.64  1.85%   3.5 3345s
 4364461 3105183 2374779.56  132   88 2404129.02 2359763.93  1.85%   3.5 3350s
 4369242 3108331     cutoff  219      2404129.02 2359764.54  1.85%   3.5 3355s
 4375835 3112410 2365884.74  111   88 2404129.02 2359766.53  1.85%   3.5 3360s
 4383543 3118151 2398494.91  112   81 2404129.02 2359769.09  1.85%   3.5 3365s
 4388266 3120977     cutoff  158      2404129.02 2359770.52  1.85%   3.5 3370s
 4394772 3125166     cutoff  122      2404129.02 2359772.16  1.85%   3.5 3375s
 4401534 3129503     cutoff  167      2404129.02 2359773.83  1.84%   3.5 3380s
 4405814 3131738 2397182.79  135   57 2404129.02 2359775.03  1.84%   3.5 3385s
 4412663 3137165 2386394.83  254   77 2404129.02 2359776.86  1.84%   3.5 3390s
 4419727 3141979 2383426.51  167   86 2404129.02 2359778.16  1.84%   3.5 3396s
 4425452 3146011 2400214.05  106   52 2404129.02 2359779.86  1.84%   3.5 3400s
 4432453 3150703 2385304.00  171   82 2404129.02 2359781.61  1.84%   3.5 3405s
 4437453 3153588     cutoff  239      2404129.02 2359783.32  1.84%   3.5 3410s
 4444643 3158395     cutoff  116      2404129.02 2359784.94  1.84%   3.5 3415s
 4450731 3161679 2402878.66  290   86 2404129.02 2359786.34  1.84%   3.5 3420s
 4456554 3165575 2383056.40   95   87 2404129.02 2359787.61  1.84%   3.5 3426s
 4461087 3168605 2399971.84  106   49 2404129.02 2359788.29  1.84%   3.5 3430s
 4467819 3172719 2387496.22  271   78 2404129.02 2359791.25  1.84%   3.5 3435s
 4473543 3176763 2398423.47  295   77 2404129.02 2359793.45  1.84%   3.5 3440s
 4479144 3179842 2385908.80  220   78 2404129.02 2359795.26  1.84%   3.5 3445s
 4486460 3185643 2390131.90  121   81 2404129.02 2359796.65  1.84%   3.5 3450s
 4490138 3187755 2395584.82  112   83 2404129.02 2359797.28  1.84%   3.5 3455s
 4497461 3192742 2372447.48  117   91 2404129.02 2359798.24  1.84%   3.5 3460s
 4505107 3198448 2392929.65  125   86 2404129.02 2359799.61  1.84%   3.5 3465s
 4509709 3201299 2366051.41   75   96 2404129.02 2359801.33  1.84%   3.5 3470s
 4516178 3205051     cutoff  339      2404129.02 2359802.61  1.84%   3.5 3475s
 4524095 3211051 2393072.13  170   77 2404129.02 2359803.95  1.84%   3.5 3480s
 4528543 3214203 2403147.44  142   84 2404129.02 2359805.32  1.84%   3.5 3485s
 4534369 3217854 2393689.77  131   79 2404129.02 2359806.56  1.84%   3.5 3490s
 4540539 3221664 2398971.76  129   80 2404129.02 2359807.75  1.84%   3.5 3495s
 4545088 3224247 2397724.34  116   82 2404129.02 2359808.96  1.84%   3.5 3500s
 4552401 3229416     cutoff  234      2404129.02 2359810.30  1.84%   3.5 3505s
 4558289 3233574 2396469.26  338   79 2404129.02 2359811.69  1.84%   3.5 3510s
 4563926 3237001     cutoff  454      2404129.02 2359813.21  1.84%   3.5 3515s
 4570262 3240544 2398316.57  303   72 2404129.02 2359814.38  1.84%   3.5 3520s
 4576766 3244991     cutoff  101      2404129.02 2359816.42  1.84%   3.5 3525s
 4581884 3247878 2399069.75  310   82 2404129.02 2359817.42  1.84%   3.5 3530s
 4588559 3252509 2372373.10  107   90 2404129.02 2359818.65  1.84%   3.5 3535s
 4593973 3255066     cutoff  124      2404129.02 2359819.93  1.84%   3.5 3540s
 4598930 3258320     cutoff  144      2404129.02 2359821.57  1.84%   3.5 3545s
 4606058 3262624     cutoff  172      2404129.02 2359823.52  1.84%   3.5 3550s
 4613652 3268133 2370490.25   80   93 2404129.02 2359824.91  1.84%   3.5 3555s
 4618709 3271746     cutoff  163      2404129.02 2359827.04  1.84%   3.5 3560s
 4625437 3275937     cutoff  187      2404129.02 2359828.96  1.84%   3.5 3565s
 4631818 3280623 2384860.15  148   85 2404129.02 2359830.51  1.84%   3.5 3571s
 4636421 3283193     cutoff  108      2404129.02 2359831.31  1.84%   3.5 3575s
 4643367 3287991     cutoff   90      2404129.02 2359833.20  1.84%   3.5 3580s
 4649381 3291812 2380705.11  149   82 2404129.02 2359834.51  1.84%   3.5 3586s
 4654595 3295415 2390638.15   91   58 2404129.02 2359836.24  1.84%   3.5 3590s
 4661860 3300068     cutoff  124      2404129.02 2359838.23  1.84%   3.5 3595s
 4666870 3303431 2368226.20   93   92 2404129.02 2359839.40  1.84%   3.5 3600s

Cutting planes:
  RLT: 42

Explored 4666918 nodes (16164692 simplex iterations) in 3600.05 seconds (1670.02 work units)
Thread count was 2 (of 24 available processors)

Solution count 10: 2.40413e+06 2.40414e+06 2.40425e+06 ... 2.40473e+06

Time limit reached
Best objective 2.404129023867e+06, best bound 2.359839398487e+06, gap 1.8422%
